172.16.36.181 - - [05/Mar/2024:13:35:35 +0800] "GET /manager-page/api/snapshot.php?id=12&t=0.06945328512624127 HTTP/1.1" 500 - "http://192.168.60.79/manager-page/home-1.php" "Mozilla/5.0 (Windows NT 10.0; Win64; x64) AppleWebKit/537.36 (KHTML, like Gecko) Chrome/122.0.0.0 Safari/537.36 Edg/122.0.0.0"
172.16.36.181 - - [05/Mar/2024:13:36:36 +0800] "GET /manager-page/api/snapshot.php?id=11&t=0.2572479921182129 HTTP/1.1" 500 - "http://192.168.60.79/manager-page/home-1.php" "Mozilla/5.0 (Windows NT 10.0; Win64; x64) AppleWebKit/537.36 (KHTML, like Gecko) Chrome/122.0.0.0 Safari/537.36 Edg/122.0.0.0"
172.16.36.181 - - [05/Mar/2024:13:36:36 +0800] "GET /manager-page/api/snapshot.php?id=12&t=0.2899514558500569 HTTP/1.1" 500 - "http://192.168.60.79/manager-page/home-1.php" "Mozilla/5.0 (Windows NT 10.0; Win64; x64) AppleWebKit/537.36 (KHTML, like Gecko) Chrome/122.0.0.0 Safari/537.36 Edg/122.0.0.0"
172.16.36.181 - - [05/Mar/2024:13:37:05 +0800] "GET /manager-page/live/1-1.jpg HTTP/1.1" 200 43110 "http://192.168.60.79/manager-page/home-1.php" "Mozilla/5.0 (Windows NT 10.0; Win64; x64) AppleWebKit/537.36 (KHTML, like Gecko) Chrome/122.0.0.0 Safari/537.36 Edg/122.0.0.0"
172.16.36.181 - - [05/Mar/2024:13:37:05 +0800] "GET /manager-page/live/1-2.jpg HTTP/1.1" 200 39074 "http://192.168.60.79/manager-page/home-1.php" "Mozilla/5.0 (Windows NT 10.0; Win64; x64) AppleWebKit/537.36 (KHTML, like Gecko) Chrome/122.0.0.0 Safari/537.36 Edg/122.0.0.0"
111.70.30.250 - - [05/Mar/2024:13:37:32 +0800] "POST /robot/lora-in.php HTTP/1.1" 200 - "-" "python-requests/2.21.0"
127.0.0.1 - - [05/Mar/2024:13:37:26 +0800] "POST /robot/et-7026-in.php HTTP/1.1" 200 - "-" "python-requests/2.31.0"
172.16.36.181 - - [05/Mar/2024:13:37:36 +0800] "GET /manager-page/api/snapshot.php?id=11&t=0.10806513591420819 HTTP/1.1" 200 43247 "http://192.168.60.79/manager-page/home-1.php" "Mozilla/5.0 (Windows NT 10.0; Win64; x64) AppleWebKit/537.36 (KHTML, like Gecko) Chrome/122.0.0.0 Safari/537.36 Edg/122.0.0.0"
127.0.0.1 - - [05/Mar/2024:13:37:38 +0800] "POST /robot/et-7026-in.php HTTP/1.1" 200 - "-" "python-requests/2.31.0"
172.16.36.181 - - [05/Mar/2024:13:37:36 +0800] "GET /manager-page/api/snapshot.php?id=12&t=0.44084955812245563 HTTP/1.1" 200 38366 "http://192.168.60.79/manager-page/home-1.php" "Mozilla/5.0 (Windows NT 10.0; Win64; x64) AppleWebKit/537.36 (KHTML, like Gecko) Chrome/122.0.0.0 Safari/537.36 Edg/122.0.0.0"
111.70.30.251 - - [05/Mar/2024:13:37:49 +0800] "POST /robot/lora-in.php HTTP/1.1" 200 - "-" "python-requests/2.21.0"
172.16.36.181 - - [05/Mar/2024:13:38:35 +0800] "GET /manager-page/api/snapshot.php?id=11&t=0.20693878807726285 HTTP/1.1" 200 43101 "http://192.168.60.79/manager-page/home-1.php" "Mozilla/5.0 (Windows NT 10.0; Win64; x64) AppleWebKit/537.36 (KHTML, like Gecko) Chrome/122.0.0.0 Safari/537.36 Edg/122.0.0.0"
172.16.36.181 - - [05/Mar/2024:13:38:35 +0800] "GET /manager-page/api/snapshot.php?id=12&t=0.9917983681737721 HTTP/1.1" 200 38175 "http://192.168.60.79/manager-page/home-1.php" "Mozilla/5.0 (Windows NT 10.0; Win64; x64) AppleWebKit/537.36 (KHTML, like Gecko) Chrome/122.0.0.0 Safari/537.36 Edg/122.0.0.0"
111.70.30.252 - - [05/Mar/2024:13:38:43 +0800] "POST /robot/lora-in.php HTTP/1.1" 200 - "-" "python-requests/2.21.0"
111.70.30.250 - - [05/Mar/2024:13:38:57 +0800] "POST /robot/lora-in.php HTTP/1.1" 200 - "-" "python-requests/2.21.0"
172.16.36.181 - - [05/Mar/2024:13:39:36 +0800] "GET /manager-page/api/snapshot.php?id=12&t=0.45365285804535005 HTTP/1.1" 200 37684 "http://192.168.60.79/manager-page/home-1.php" "Mozilla/5.0 (Windows NT 10.0; Win64; x64) AppleWebKit/537.36 (KHTML, like Gecko) Chrome/122.0.0.0 Safari/537.36 Edg/122.0.0.0"
172.16.36.181 - - [05/Mar/2024:13:39:36 +0800] "GET /manager-page/api/snapshot.php?id=11&t=0.4658505610969996 HTTP/1.1" 200 43005 "http://192.168.60.79/manager-page/home-1.php" "Mozilla/5.0 (Windows NT 10.0; Win64; x64) AppleWebKit/537.36 (KHTML, like Gecko) Chrome/122.0.0.0 Safari/537.36 Edg/122.0.0.0"
111.70.30.250 - - [05/Mar/2024:13:39:54 +0800] "POST /robot/lora-in.php HTTP/1.1" 200 - "-" "python-requests/2.21.0"
127.0.0.1 - - [05/Mar/2024:13:40:08 +0800] "POST /robot/et-7026-in.php HTTP/1.1" 200 - "-" "python-requests/2.31.0"
111.70.30.250 - - [05/Mar/2024:13:40:10 +0800] "POST /robot/lora-in.php HTTP/1.1" 200 - "-" "python-requests/2.21.0"
127.0.0.1 - - [05/Mar/2024:13:40:18 +0800] "POST /robot/lora-in.php HTTP/1.1" 200 - "-" "python-requests/2.31.0"
111.70.30.251 - - [05/Mar/2024:13:40:28 +0800] "POST /robot/lora-in.php HTTP/1.1" 200 - "-" "python-requests/2.21.0"
127.0.0.1 - - [05/Mar/2024:13:40:31 +0800] "POST /robot/lora-in.php HTTP/1.1" 200 - "-" "python-requests/2.31.0"
172.16.36.181 - - [05/Mar/2024:13:40:35 +0800] "GET /manager-page/api/snapshot.php?id=11&t=0.08378900124875344 HTTP/1.1" 200 42643 "http://192.168.60.79/manager-page/home-1.php" "Mozilla/5.0 (Windows NT 10.0; Win64; x64) AppleWebKit/537.36 (KHTML, like Gecko) Chrome/122.0.0.0 Safari/537.36 Edg/122.0.0.0"
172.16.36.181 - - [05/Mar/2024:13:40:35 +0800] "GET /manager-page/api/snapshot.php?id=12&t=0.7063392202893568 HTTP/1.1" 200 37451 "http://192.168.60.79/manager-page/home-1.php" "Mozilla/5.0 (Windows NT 10.0; Win64; x64) AppleWebKit/537.36 (KHTML, like Gecko) Chrome/122.0.0.0 Safari/537.36 Edg/122.0.0.0"
127.0.0.1 - - [05/Mar/2024:13:40:39 +0800] "POST /robot/et-7026-in.php HTTP/1.1" 200 - "-" "python-requests/2.31.0"
127.0.0.1 - - [05/Mar/2024:13:40:44 +0800] "POST /robot/lora-in.php HTTP/1.1" 200 - "-" "python-requests/2.31.0"
127.0.0.1 - - [05/Mar/2024:13:40:53 +0800] "POST /robot/lora-in.php HTTP/1.1" 200 - "-" "python-requests/2.31.0"
111.70.30.252 - - [05/Mar/2024:13:41:35 +0800] "POST /robot/lora-in.php HTTP/1.1" 200 - "-" "python-requests/2.21.0"
127.0.0.1 - - [05/Mar/2024:13:41:17 +0800] "POST /robot/lora-in.php HTTP/1.1" 200 - "-" "python-requests/2.31.0"
111.70.30.251 - - [05/Mar/2024:13:41:31 +0800] "POST /robot/lora-in.php HTTP/1.1" 200 - "-" "python-requests/2.21.0"
127.0.0.1 - - [05/Mar/2024:13:41:36 +0800] "POST /robot/lora-in.php HTTP/1.1" 200 - "-" "python-requests/2.31.0"
172.16.36.181 - - [05/Mar/2024:13:41:36 +0800] "GET /manager-page/api/snapshot.php?id=12&t=0.43068506267949047 HTTP/1.1" 200 37002 "http://192.168.60.79/manager-page/home-1.php" "Mozilla/5.0 (Windows NT 10.0; Win64; x64) AppleWebKit/537.36 (KHTML, like Gecko) Chrome/122.0.0.0 Safari/537.36 Edg/122.0.0.0"
172.16.36.181 - - [05/Mar/2024:13:41:36 +0800] "GET /manager-page/api/snapshot.php?id=11&t=0.9496022848050376 HTTP/1.1" 200 43008 "http://192.168.60.79/manager-page/home-1.php" "Mozilla/5.0 (Windows NT 10.0; Win64; x64) AppleWebKit/537.36 (KHTML, like Gecko) Chrome/122.0.0.0 Safari/537.36 Edg/122.0.0.0"
111.70.30.251 - - [05/Mar/2024:13:41:48 +0800] "POST /robot/lora-in.php HTTP/1.1" 200 - "-" "python-requests/2.21.0"
172.16.36.181 - - [05/Mar/2024:13:42:36 +0800] "GET /manager-page/api/snapshot.php?id=11&t=0.16864117535463063 HTTP/1.1" 200 42743 "http://192.168.60.79/manager-page/home-1.php" "Mozilla/5.0 (Windows NT 10.0; Win64; x64) AppleWebKit/537.36 (KHTML, like Gecko) Chrome/122.0.0.0 Safari/537.36 Edg/122.0.0.0"
172.16.36.181 - - [05/Mar/2024:13:42:36 +0800] "GET /manager-page/api/snapshot.php?id=12&t=0.20783477292931263 HTTP/1.1" 200 37579 "http://192.168.60.79/manager-page/home-1.php" "Mozilla/5.0 (Windows NT 10.0; Win64; x64) AppleWebKit/537.36 (KHTML, like Gecko) Chrome/122.0.0.0 Safari/537.36 Edg/122.0.0.0"
111.70.30.250 - - [05/Mar/2024:13:42:48 +0800] "POST /robot/lora-in.php HTTP/1.1" 200 - "-" "python-requests/2.21.0"
111.70.30.250 - - [05/Mar/2024:13:42:56 +0800] "POST /robot/lora-in.php HTTP/1.1" 200 - "-" "python-requests/2.21.0"
172.16.36.181 - - [05/Mar/2024:13:43:36 +0800] "GET /manager-page/api/snapshot.php?id=11&t=0.34414902609307774 HTTP/1.1" 200 42937 "http://192.168.60.79/manager-page/home-1.php" "Mozilla/5.0 (Windows NT 10.0; Win64; x64) AppleWebKit/537.36 (KHTML, like Gecko) Chrome/122.0.0.0 Safari/537.36 Edg/122.0.0.0"
172.16.36.181 - - [05/Mar/2024:13:43:36 +0800] "GET /manager-page/api/snapshot.php?id=12&t=0.4987781133992597 HTTP/1.1" 200 37571 "http://192.168.60.79/manager-page/home-1.php" "Mozilla/5.0 (Windows NT 10.0; Win64; x64) AppleWebKit/537.36 (KHTML, like Gecko) Chrome/122.0.0.0 Safari/537.36 Edg/122.0.0.0"
111.70.30.252 - - [05/Mar/2024:13:44:26 +0800] "POST /robot/lora-in.php HTTP/1.1" 200 - "-" "python-requests/2.21.0"
172.16.36.181 - - [05/Mar/2024:13:44:36 +0800] "GET /manager-page/api/snapshot.php?id=12&t=0.6563621016810803 HTTP/1.1" 500 - "http://192.168.60.79/manager-page/home-1.php" "Mozilla/5.0 (Windows NT 10.0; Win64; x64) AppleWebKit/537.36 (KHTML, like Gecko) Chrome/122.0.0.0 Safari/537.36 Edg/122.0.0.0"
172.16.36.181 - - [05/Mar/2024:13:44:36 +0800] "GET /manager-page/api/snapshot.php?id=11&t=0.7155491787050485 HTTP/1.1" 500 - "http://192.168.60.79/manager-page/home-1.php" "Mozilla/5.0 (Windows NT 10.0; Win64; x64) AppleWebKit/537.36 (KHTML, like Gecko) Chrome/122.0.0.0 Safari/537.36 Edg/122.0.0.0"
111.70.30.251 - - [05/Mar/2024:13:44:31 +0800] "POST /robot/lora-in.php HTTP/1.1" 200 - "-" "python-requests/2.21.0"
111.70.30.252 - - [05/Mar/2024:13:45:18 +0800] "POST /robot/lora-in.php HTTP/1.1" 200 - "-" "python-requests/2.21.0"
111.70.30.250 - - [05/Mar/2024:13:45:25 +0800] "POST /robot/lora-in.php HTTP/1.1" 200 - "-" "python-requests/2.21.0"
111.70.30.253 - - [05/Mar/2024:13:45:27 +0800] "POST /robot/lora-in.php HTTP/1.1" 200 - "-" "python-requests/2.21.0"
172.16.36.181 - - [05/Mar/2024:13:45:35 +0800] "GET /manager-page/api/snapshot.php?id=11&t=0.6222663523616727 HTTP/1.1" 200 42917 "http://192.168.60.79/manager-page/home-1.php" "Mozilla/5.0 (Windows NT 10.0; Win64; x64) AppleWebKit/537.36 (KHTML, like Gecko) Chrome/122.0.0.0 Safari/537.36 Edg/122.0.0.0"
172.16.36.181 - - [05/Mar/2024:13:45:35 +0800] "GET /manager-page/api/snapshot.php?id=12&t=0.5255136125553372 HTTP/1.1" 200 37957 "http://192.168.60.79/manager-page/home-1.php" "Mozilla/5.0 (Windows NT 10.0; Win64; x64) AppleWebKit/537.36 (KHTML, like Gecko) Chrome/122.0.0.0 Safari/537.36 Edg/122.0.0.0"
111.70.30.251 - - [05/Mar/2024:13:45:48 +0800] "POST /robot/lora-in.php HTTP/1.1" 200 - "-" "python-requests/2.21.0"
111.70.30.250 - - [05/Mar/2024:13:45:59 +0800] "POST /robot/lora-in.php HTTP/1.1" 200 - "-" "python-requests/2.21.0"
172.16.36.181 - - [05/Mar/2024:13:46:36 +0800] "GET /manager-page/api/snapshot.php?id=12&t=0.8631200542126358 HTTP/1.1" 200 37052 "http://192.168.60.79/manager-page/home-1.php" "Mozilla/5.0 (Windows NT 10.0; Win64; x64) AppleWebKit/537.36 (KHTML, like Gecko) Chrome/122.0.0.0 Safari/537.36 Edg/122.0.0.0"
172.16.36.181 - - [05/Mar/2024:13:46:36 +0800] "GET /manager-page/api/snapshot.php?id=11&t=0.5657321853050923 HTTP/1.1" 200 42836 "http://192.168.60.79/manager-page/home-1.php" "Mozilla/5.0 (Windows NT 10.0; Win64; x64) AppleWebKit/537.36 (KHTML, like Gecko) Chrome/122.0.0.0 Safari/537.36 Edg/122.0.0.0"
111.70.30.252 - - [05/Mar/2024:13:47:17 +0800] "POST /robot/lora-in.php HTTP/1.1" 200 - "-" "python-requests/2.21.0"
127.0.0.1 - - [05/Mar/2024:13:47:27 +0800] "POST /robot/et-7026-in.php HTTP/1.1" 200 - "-" "python-requests/2.31.0"
172.16.36.181 - - [05/Mar/2024:13:47:35 +0800] "GET /manager-page/api/snapshot.php?id=11&t=0.16938679268506296 HTTP/1.1" 200 42935 "http://192.168.60.79/manager-page/home-1.php" "Mozilla/5.0 (Windows NT 10.0; Win64; x64) AppleWebKit/537.36 (KHTML, like Gecko) Chrome/122.0.0.0 Safari/537.36 Edg/122.0.0.0"
172.16.36.181 - - [05/Mar/2024:13:47:35 +0800] "GET /manager-page/api/snapshot.php?id=12&t=0.6624304494997675 HTTP/1.1" 200 36975 "http://192.168.60.79/manager-page/home-1.php" "Mozilla/5.0 (Windows NT 10.0; Win64; x64) AppleWebKit/537.36 (KHTML, like Gecko) Chrome/122.0.0.0 Safari/537.36 Edg/122.0.0.0"
111.70.30.250 - - [05/Mar/2024:13:47:33 +0800] "POST /robot/lora-in.php HTTP/1.1" 200 - "-" "python-requests/2.21.0"
127.0.0.1 - - [05/Mar/2024:13:47:41 +0800] "POST /robot/et-7026-in.php HTTP/1.1" 200 - "-" "python-requests/2.31.0"
111.70.30.250 - - [05/Mar/2024:13:48:03 +0800] "POST /robot/lora-in.php HTTP/1.1" 200 - "-" "python-requests/2.21.0"
111.70.30.251 - - [05/Mar/2024:13:48:35 +0800] "POST /robot/lora-in.php HTTP/1.1" 200 - "-" "python-requests/2.21.0"
172.16.36.181 - - [05/Mar/2024:13:48:35 +0800] "GET /manager-page/api/snapshot.php?id=11&t=0.10276884982643275 HTTP/1.1" 200 42998 "http://192.168.60.79/manager-page/home-1.php" "Mozilla/5.0 (Windows NT 10.0; Win64; x64) AppleWebKit/537.36 (KHTML, like Gecko) Chrome/122.0.0.0 Safari/537.36 Edg/122.0.0.0"
172.16.36.181 - - [05/Mar/2024:13:48:35 +0800] "GET /manager-page/api/snapshot.php?id=12&t=0.6909254804379712 HTTP/1.1" 200 37079 "http://192.168.60.79/manager-page/home-1.php" "Mozilla/5.0 (Windows NT 10.0; Win64; x64) AppleWebKit/537.36 (KHTML, like Gecko) Chrome/122.0.0.0 Safari/537.36 Edg/122.0.0.0"
111.70.30.250 - - [05/Mar/2024:13:49:01 +0800] "POST /robot/lora-in.php HTTP/1.1" 200 - "-" "python-requests/2.21.0"
172.16.36.181 - - [05/Mar/2024:13:49:35 +0800] "GET /manager-page/api/snapshot.php?id=12&t=0.1974727224667565 HTTP/1.1" 200 37243 "http://192.168.60.79/manager-page/home-1.php" "Mozilla/5.0 (Windows NT 10.0; Win64; x64) AppleWebKit/537.36 (KHTML, like Gecko) Chrome/122.0.0.0 Safari/537.36 Edg/122.0.0.0"
172.16.36.181 - - [05/Mar/2024:13:49:35 +0800] "GET /manager-page/api/snapshot.php?id=11&t=0.7500257988841994 HTTP/1.1" 200 42996 "http://192.168.60.79/manager-page/home-1.php" "Mozilla/5.0 (Windows NT 10.0; Win64; x64) AppleWebKit/537.36 (KHTML, like Gecko) Chrome/122.0.0.0 Safari/537.36 Edg/122.0.0.0"
111.70.30.251 - - [05/Mar/2024:13:49:47 +0800] "POST /robot/lora-in.php HTTP/1.1" 200 - "-" "python-requests/2.21.0"
111.70.30.252 - - [05/Mar/2024:13:50:08 +0800] "POST /robot/lora-in.php HTTP/1.1" 200 - "-" "python-requests/2.21.0"
127.0.0.1 - - [05/Mar/2024:13:50:10 +0800] "POST /robot/et-7026-in.php HTTP/1.1" 200 - "-" "python-requests/2.31.0"
127.0.0.1 - - [05/Mar/2024:13:50:17 +0800] "POST /robot/lora-in.php HTTP/1.1" 200 - "-" "python-requests/2.31.0"
127.0.0.1 - - [05/Mar/2024:13:50:26 +0800] "POST /robot/lora-in.php HTTP/1.1" 200 - "-" "python-requests/2.31.0"
172.16.36.181 - - [05/Mar/2024:13:50:35 +0800] "GET /manager-page/api/snapshot.php?id=11&t=0.44297975484235574 HTTP/1.1" 200 42697 "http://192.168.60.79/manager-page/home-1.php" "Mozilla/5.0 (Windows NT 10.0; Win64; x64) AppleWebKit/537.36 (KHTML, like Gecko) Chrome/122.0.0.0 Safari/537.36 Edg/122.0.0.0"
111.70.30.251 - - [05/Mar/2024:13:50:35 +0800] "POST /robot/lora-in.php HTTP/1.1" 200 - "-" "python-requests/2.21.0"
172.16.36.181 - - [05/Mar/2024:13:50:35 +0800] "GET /manager-page/api/snapshot.php?id=12&t=0.7628625038202685 HTTP/1.1" 200 36209 "http://192.168.60.79/manager-page/home-1.php" "Mozilla/5.0 (Windows NT 10.0; Win64; x64) AppleWebKit/537.36 (KHTML, like Gecko) Chrome/122.0.0.0 Safari/537.36 Edg/122.0.0.0"
127.0.0.1 - - [05/Mar/2024:13:50:39 +0800] "POST /robot/et-7026-in.php HTTP/1.1" 200 - "-" "python-requests/2.31.0"
111.70.30.250 - - [05/Mar/2024:13:50:41 +0800] "POST /robot/lora-in.php HTTP/1.1" 200 - "-" "python-requests/2.21.0"
127.0.0.1 - - [05/Mar/2024:13:50:47 +0800] "POST /robot/lora-in.php HTTP/1.1" 200 - "-" "python-requests/2.31.0"
127.0.0.1 - - [05/Mar/2024:13:50:56 +0800] "POST /robot/lora-in.php HTTP/1.1" 200 - "-" "python-requests/2.31.0"
127.0.0.1 - - [05/Mar/2024:13:51:02 +0800] "POST /robot/lora-in.php HTTP/1.1" 200 - "-" "python-requests/2.31.0"
127.0.0.1 - - [05/Mar/2024:13:51:11 +0800] "POST /robot/lora-in.php HTTP/1.1" 200 - "-" "python-requests/2.31.0"
172.16.36.181 - - [05/Mar/2024:13:51:36 +0800] "GET /manager-page/api/snapshot.php?id=11&t=0.8519855030864103 HTTP/1.1" 200 42627 "http://192.168.60.79/manager-page/home-1.php" "Mozilla/5.0 (Windows NT 10.0; Win64; x64) AppleWebKit/537.36 (KHTML, like Gecko) Chrome/122.0.0.0 Safari/537.36 Edg/122.0.0.0"
172.16.36.181 - - [05/Mar/2024:13:51:36 +0800] "GET /manager-page/api/snapshot.php?id=12&t=0.6224283604064329 HTTP/1.1" 200 36710 "http://192.168.60.79/manager-page/home-1.php" "Mozilla/5.0 (Windows NT 10.0; Win64; x64) AppleWebKit/537.36 (KHTML, like Gecko) Chrome/122.0.0.0 Safari/537.36 Edg/122.0.0.0"
111.70.30.250 - - [05/Mar/2024:13:52:04 +0800] "POST /robot/lora-in.php HTTP/1.1" 200 - "-" "python-requests/2.21.0"
111.70.30.251 - - [05/Mar/2024:13:52:38 +0800] "POST /robot/lora-in.php HTTP/1.1" 200 - "-" "python-requests/2.21.0"
172.16.36.181 - - [05/Mar/2024:13:52:36 +0800] "GET /manager-page/api/snapshot.php?id=11&t=0.9803377090638898 HTTP/1.1" 200 42953 "http://192.168.60.79/manager-page/home-1.php" "Mozilla/5.0 (Windows NT 10.0; Win64; x64) AppleWebKit/537.36 (KHTML, like Gecko) Chrome/122.0.0.0 Safari/537.36 Edg/122.0.0.0"
172.16.36.181 - - [05/Mar/2024:13:52:36 +0800] "GET /manager-page/api/snapshot.php?id=12&t=0.2127736005213039 HTTP/1.1" 200 36822 "http://192.168.60.79/manager-page/home-1.php" "Mozilla/5.0 (Windows NT 10.0; Win64; x64) AppleWebKit/537.36 (KHTML, like Gecko) Chrome/122.0.0.0 Safari/537.36 Edg/122.0.0.0"
111.70.30.252 - - [05/Mar/2024:13:52:59 +0800] "POST /robot/lora-in.php HTTP/1.1" 200 - "-" "python-requests/2.21.0"
111.70.30.250 - - [05/Mar/2024:13:53:20 +0800] "POST /robot/lora-in.php HTTP/1.1" 200 - "-" "python-requests/2.21.0"
172.16.36.181 - - [05/Mar/2024:13:53:35 +0800] "GET /manager-page/api/snapshot.php?id=12&t=0.11445763257064012 HTTP/1.1" 200 36432 "http://192.168.60.79/manager-page/home-1.php" "Mozilla/5.0 (Windows NT 10.0; Win64; x64) AppleWebKit/537.36 (KHTML, like Gecko) Chrome/122.0.0.0 Safari/537.36 Edg/122.0.0.0"
172.16.36.181 - - [05/Mar/2024:13:53:35 +0800] "GET /manager-page/api/snapshot.php?id=11&t=0.11475811243794132 HTTP/1.1" 200 42766 "http://192.168.60.79/manager-page/home-1.php" "Mozilla/5.0 (Windows NT 10.0; Win64; x64) AppleWebKit/537.36 (KHTML, like Gecko) Chrome/122.0.0.0 Safari/537.36 Edg/122.0.0.0"
111.70.30.251 - - [05/Mar/2024:13:53:50 +0800] "POST /robot/lora-in.php HTTP/1.1" 200 - "-" "python-requests/2.21.0"
111.70.30.253 - - [05/Mar/2024:13:54:12 +0800] "POST /robot/lora-in.php HTTP/1.1" 200 - "-" "python-requests/2.21.0"
172.16.36.181 - - [05/Mar/2024:13:54:35 +0800] "GET /manager-page/api/snapshot.php?id=12&t=0.07199583490714456 HTTP/1.1" 200 37685 "http://192.168.60.79/manager-page/home-1.php" "Mozilla/5.0 (Windows NT 10.0; Win64; x64) AppleWebKit/537.36 (KHTML, like Gecko) Chrome/122.0.0.0 Safari/537.36 Edg/122.0.0.0"
111.70.30.252 - - [05/Mar/2024:13:54:31 +0800] "POST /robot/lora-in.php HTTP/1.1" 200 - "-" "python-requests/2.21.0"
172.16.36.181 - - [05/Mar/2024:13:54:35 +0800] "GET /manager-page/api/snapshot.php?id=11&t=0.8478512582971007 HTTP/1.1" 200 43577 "http://192.168.60.79/manager-page/home-1.php" "Mozilla/5.0 (Windows NT 10.0; Win64; x64) AppleWebKit/537.36 (KHTML, like Gecko) Chrome/122.0.0.0 Safari/537.36 Edg/122.0.0.0"
111.70.30.250 - - [05/Mar/2024:13:55:06 +0800] "POST /robot/lora-in.php HTTP/1.1" 200 - "-" "python-requests/2.21.0"
172.16.36.181 - - [05/Mar/2024:13:55:35 +0800] "GET /manager-page/api/snapshot.php?id=11&t=0.49995669192840886 HTTP/1.1" 200 42875 "http://192.168.60.79/manager-page/home-1.php" "Mozilla/5.0 (Windows NT 10.0; Win64; x64) AppleWebKit/537.36 (KHTML, like Gecko) Chrome/122.0.0.0 Safari/537.36 Edg/122.0.0.0"
172.16.36.181 - - [05/Mar/2024:13:55:35 +0800] "GET /manager-page/api/snapshot.php?id=12&t=0.777051528682188 HTTP/1.1" 200 36215 "http://192.168.60.79/manager-page/home-1.php" "Mozilla/5.0 (Windows NT 10.0; Win64; x64) AppleWebKit/537.36 (KHTML, like Gecko) Chrome/122.0.0.0 Safari/537.36 Edg/122.0.0.0"
111.70.30.252 - - [05/Mar/2024:13:55:50 +0800] "POST /robot/lora-in.php HTTP/1.1" 200 - "-" "python-requests/2.21.0"
111.70.30.250 - - [05/Mar/2024:13:55:56 +0800] "POST /robot/lora-in.php HTTP/1.1" 200 - "-" "python-requests/2.21.0"
111.70.30.250 - - [05/Mar/2024:13:56:08 +0800] "POST /robot/lora-in.php HTTP/1.1" 200 - "-" "python-requests/2.21.0"
111.70.30.251 - - [05/Mar/2024:13:56:41 +0800] "POST /robot/lora-in.php HTTP/1.1" 200 - "-" "python-requests/2.21.0"
172.16.36.181 - - [05/Mar/2024:13:56:35 +0800] "GET /manager-page/api/snapshot.php?id=12&t=0.06189604854846431 HTTP/1.1" 200 36677 "http://192.168.60.79/manager-page/home-1.php" "Mozilla/5.0 (Windows NT 10.0; Win64; x64) AppleWebKit/537.36 (KHTML, like Gecko) Chrome/122.0.0.0 Safari/537.36 Edg/122.0.0.0"
172.16.36.181 - - [05/Mar/2024:13:56:35 +0800] "GET /manager-page/api/snapshot.php?id=11&t=0.47300502659248167 HTTP/1.1" 200 42522 "http://192.168.60.79/manager-page/home-1.php" "Mozilla/5.0 (Windows NT 10.0; Win64; x64) AppleWebKit/537.36 (KHTML, like Gecko) Chrome/122.0.0.0 Safari/537.36 Edg/122.0.0.0"
127.0.0.1 - - [05/Mar/2024:13:57:29 +0800] "POST /robot/et-7026-in.php HTTP/1.1" 200 - "-" "python-requests/2.31.0"
172.16.36.181 - - [05/Mar/2024:13:57:35 +0800] "GET /manager-page/api/snapshot.php?id=12&t=0.12591273733667308 HTTP/1.1" 200 37961 "http://192.168.60.79/manager-page/home-1.php" "Mozilla/5.0 (Windows NT 10.0; Win64; x64) AppleWebKit/537.36 (KHTML, like Gecko) Chrome/122.0.0.0 Safari/537.36 Edg/122.0.0.0"
172.16.36.181 - - [05/Mar/2024:13:57:35 +0800] "GET /manager-page/api/snapshot.php?id=11&t=0.20367279785100578 HTTP/1.1" 200 42619 "http://192.168.60.79/manager-page/home-1.php" "Mozilla/5.0 (Windows NT 10.0; Win64; x64) AppleWebKit/537.36 (KHTML, like Gecko) Chrome/122.0.0.0 Safari/537.36 Edg/122.0.0.0"
127.0.0.1 - - [05/Mar/2024:13:57:41 +0800] "POST /robot/et-7026-in.php HTTP/1.1" 200 - "-" "python-requests/2.31.0"
111.70.30.251 - - [05/Mar/2024:13:57:45 +0800] "POST /robot/lora-in.php HTTP/1.1" 200 - "-" "python-requests/2.21.0"
111.70.30.250 - - [05/Mar/2024:13:58:10 +0800] "POST /robot/lora-in.php HTTP/1.1" 200 - "-" "python-requests/2.21.0"
111.70.30.250 - - [05/Mar/2024:13:58:34 +0800] "POST /robot/lora-in.php HTTP/1.1" 200 - "-" "python-requests/2.21.0"
172.16.36.181 - - [05/Mar/2024:13:58:35 +0800] "GET /manager-page/api/snapshot.php?id=12&t=0.9166991610543491 HTTP/1.1" 200 36231 "http://192.168.60.79/manager-page/home-1.php" "Mozilla/5.0 (Windows NT 10.0; Win64; x64) AppleWebKit/537.36 (KHTML, like Gecko) Chrome/122.0.0.0 Safari/537.36 Edg/122.0.0.0"
172.16.36.181 - - [05/Mar/2024:13:58:35 +0800] "GET /manager-page/api/snapshot.php?id=11&t=0.12855505492588692 HTTP/1.1" 200 42837 "http://192.168.60.79/manager-page/home-1.php" "Mozilla/5.0 (Windows NT 10.0; Win64; x64) AppleWebKit/537.36 (KHTML, like Gecko) Chrome/122.0.0.0 Safari/537.36 Edg/122.0.0.0"
111.70.30.252 - - [05/Mar/2024:13:58:41 +0800] "POST /robot/lora-in.php HTTP/1.1" 200 - "-" "python-requests/2.21.0"
172.16.36.181 - - [05/Mar/2024:13:59:35 +0800] "GET /manager-page/api/snapshot.php?id=12&t=0.5312632772674337 HTTP/1.1" 200 36579 "http://192.168.60.79/manager-page/home-1.php" "Mozilla/5.0 (Windows NT 10.0; Win64; x64) AppleWebKit/537.36 (KHTML, like Gecko) Chrome/122.0.0.0 Safari/537.36 Edg/122.0.0.0"
172.16.36.181 - - [05/Mar/2024:13:59:35 +0800] "GET /manager-page/api/snapshot.php?id=11&t=0.008218262516967112 HTTP/1.1" 200 42652 "http://192.168.60.79/manager-page/home-1.php" "Mozilla/5.0 (Windows NT 10.0; Win64; x64) AppleWebKit/537.36 (KHTML, like Gecko) Chrome/122.0.0.0 Safari/537.36 Edg/122.0.0.0"
111.70.30.251 - - [05/Mar/2024:13:59:41 +0800] "POST /robot/lora-in.php HTTP/1.1" 200 - "-" "python-requests/2.21.0"
127.0.0.1 - - [05/Mar/2024:14:00:11 +0800] "POST /robot/et-7026-in.php HTTP/1.1" 200 - "-" "python-requests/2.31.0"
127.0.0.1 - - [05/Mar/2024:14:00:19 +0800] "POST /robot/lora-in.php HTTP/1.1" 200 - "-" "python-requests/2.31.0"
127.0.0.1 - - [05/Mar/2024:14:00:23 +0800] "POST /robot/lora-in.php HTTP/1.1" 200 - "-" "python-requests/2.31.0"
127.0.0.1 - - [05/Mar/2024:14:00:39 +0800] "POST /robot/et-7026-in.php HTTP/1.1" 200 - "-" "python-requests/2.31.0"
172.16.36.181 - - [05/Mar/2024:14:00:35 +0800] "GET /manager-page/api/snapshot.php?id=11&t=0.7061574751800208 HTTP/1.1" 200 42961 "http://192.168.60.79/manager-page/home-1.php" "Mozilla/5.0 (Windows NT 10.0; Win64; x64) AppleWebKit/537.36 (KHTML, like Gecko) Chrome/122.0.0.0 Safari/537.36 Edg/122.0.0.0"
172.16.36.181 - - [05/Mar/2024:14:00:35 +0800] "GET /manager-page/api/snapshot.php?id=12&t=0.7185373954497285 HTTP/1.1" 200 36895 "http://192.168.60.79/manager-page/home-1.php" "Mozilla/5.0 (Windows NT 10.0; Win64; x64) AppleWebKit/537.36 (KHTML, like Gecko) Chrome/122.0.0.0 Safari/537.36 Edg/122.0.0.0"
111.70.30.251 - - [05/Mar/2024:14:00:45 +0800] "POST /robot/lora-in.php HTTP/1.1" 200 - "-" "python-requests/2.21.0"
127.0.0.1 - - [05/Mar/2024:14:00:50 +0800] "GET /manager-page/login.php HTTP/1.1" 200 2365 "-" "Mozilla/5.0 (Windows NT 10.0; Win64; x64) AppleWebKit/537.36 (KHTML, like Gecko) Chrome/119.0.0.0 Safari/537.36"
127.0.0.1 - - [05/Mar/2024:14:00:51 +0800] "POST /manager-page/login.php HTTP/1.1" 302 - "http://127.0.0.1/manager-page/login.php" "Mozilla/5.0 (Windows NT 10.0; Win64; x64) AppleWebKit/537.36 (KHTML, like Gecko) Chrome/119.0.0.0 Safari/537.36"
127.0.0.1 - - [05/Mar/2024:14:00:52 +0800] "GET /manager-page/home.php HTTP/1.1" 302 - "http://127.0.0.1/manager-page/login.php" "Mozilla/5.0 (Windows NT 10.0; Win64; x64) AppleWebKit/537.36 (KHTML, like Gecko) Chrome/119.0.0.0 Safari/537.36"
127.0.0.1 - - [05/Mar/2024:14:00:52 +0800] "GET /manager-page/alarm/1-2.jpg?t=838451157 HTTP/1.1" 200 439517 "http://127.0.0.1/manager-page/home-1.php" "Mozilla/5.0 (Windows NT 10.0; Win64; x64) AppleWebKit/537.36 (KHTML, like Gecko) Chrome/119.0.0.0 Safari/537.36"
127.0.0.1 - - [05/Mar/2024:14:00:52 +0800] "GET /manager-page/alarm/1-1.jpg?t=2138116945 HTTP/1.1" 200 414255 "http://127.0.0.1/manager-page/home-1.php" "Mozilla/5.0 (Windows NT 10.0; Win64; x64) AppleWebKit/537.36 (KHTML, like Gecko) Chrome/119.0.0.0 Safari/537.36"
127.0.0.1 - - [05/Mar/2024:14:00:52 +0800] "GET /manager-page/home-1.php HTTP/1.1" 200 29840 "http://127.0.0.1/manager-page/login.php" "Mozilla/5.0 (Windows NT 10.0; Win64; x64) AppleWebKit/537.36 (KHTML, like Gecko) Chrome/119.0.0.0 Safari/537.36"
127.0.0.1 - - [05/Mar/2024:14:00:53 +0800] "GET /favicon.ico HTTP/1.1" 404 196 "http://127.0.0.1/manager-page/home-1.php" "Mozilla/5.0 (Windows NT 10.0; Win64; x64) AppleWebKit/537.36 (KHTML, like Gecko) Chrome/119.0.0.0 Safari/537.36"
127.0.0.1 - - [05/Mar/2024:14:00:52 +0800] "GET /manager-page/api/snapshot.php?id=11 HTTP/1.1" 200 42754 "http://127.0.0.1/manager-page/home-1.php" "Mozilla/5.0 (Windows NT 10.0; Win64; x64) AppleWebKit/537.36 (KHTML, like Gecko) Chrome/119.0.0.0 Safari/537.36"
127.0.0.1 - - [05/Mar/2024:14:00:52 +0800] "GET /manager-page/api/snapshot.php?id=12 HTTP/1.1" 200 36986 "http://127.0.0.1/manager-page/home-1.php" "Mozilla/5.0 (Windows NT 10.0; Win64; x64) AppleWebKit/537.36 (KHTML, like Gecko) Chrome/119.0.0.0 Safari/537.36"
127.0.0.1 - - [05/Mar/2024:14:00:53 +0800] "POST /robot/lora-in.php HTTP/1.1" 200 - "-" "python-requests/2.31.0"
127.0.0.1 - - [05/Mar/2024:14:00:53 +0800] "GET /manager-page/api/cms-status1.php HTTP/1.1" 200 12 "http://127.0.0.1/manager-page/home-1.php" "Mozilla/5.0 (Windows NT 10.0; Win64; x64) AppleWebKit/537.36 (KHTML, like Gecko) Chrome/119.0.0.0 Safari/537.36"
127.0.0.1 - - [05/Mar/2024:14:00:53 +0800] "GET /manager-page/api/lp-status1.php HTTP/1.1" 200 1 "http://127.0.0.1/manager-page/home-1.php" "Mozilla/5.0 (Windows NT 10.0; Win64; x64) AppleWebKit/537.36 (KHTML, like Gecko) Chrome/119.0.0.0 Safari/537.36"
127.0.0.1 - - [05/Mar/2024:14:01:04 +0800] "GET /manager-page/alarm/1-1.jpg?t=217481316 HTTP/1.1" 200 414255 "http://127.0.0.1/manager-page/home-1.php" "Mozilla/5.0 (Windows NT 10.0; Win64; x64) AppleWebKit/537.36 (KHTML, like Gecko) Chrome/119.0.0.0 Safari/537.36"
127.0.0.1 - - [05/Mar/2024:14:01:04 +0800] "GET /manager-page/alarm/1-2.jpg?t=684066953 HTTP/1.1" 200 439517 "http://127.0.0.1/manager-page/home-1.php" "Mozilla/5.0 (Windows NT 10.0; Win64; x64) AppleWebKit/537.36 (KHTML, like Gecko) Chrome/119.0.0.0 Safari/537.36"
127.0.0.1 - - [05/Mar/2024:14:00:56 +0800] "GET /manager-page/home-1.php HTTP/1.1" 200 29839 "http://127.0.0.1/manager-page/home-1.php" "Mozilla/5.0 (Windows NT 10.0; Win64; x64) AppleWebKit/537.36 (KHTML, like Gecko) Chrome/119.0.0.0 Safari/537.36"
127.0.0.1 - - [05/Mar/2024:14:00:58 +0800] "GET /manager-page/api/snapshot.php?id=12&t=0.26725580220555023 HTTP/1.1" 500 - "http://127.0.0.1/manager-page/home-1.php" "Mozilla/5.0 (Windows NT 10.0; Win64; x64) AppleWebKit/537.36 (KHTML, like Gecko) Chrome/119.0.0.0 Safari/537.36"
127.0.0.1 - - [05/Mar/2024:14:00:58 +0800] "GET /manager-page/api/snapshot.php?id=11&t=0.24169891221577955 HTTP/1.1" 500 - "http://127.0.0.1/manager-page/home-1.php" "Mozilla/5.0 (Windows NT 10.0; Win64; x64) AppleWebKit/537.36 (KHTML, like Gecko) Chrome/119.0.0.0 Safari/537.36"
127.0.0.1 - - [05/Mar/2024:14:01:03 +0800] "GET /manager-page/api/snapshot.php?id=12&t=0.6620115688315784 HTTP/1.1" 500 - "http://127.0.0.1/manager-page/home-1.php" "Mozilla/5.0 (Windows NT 10.0; Win64; x64) AppleWebKit/537.36 (KHTML, like Gecko) Chrome/119.0.0.0 Safari/537.36"
127.0.0.1 - - [05/Mar/2024:14:01:03 +0800] "GET /manager-page/api/snapshot.php?id=11&t=0.4054126881456346 HTTP/1.1" 500 - "http://127.0.0.1/manager-page/home-1.php" "Mozilla/5.0 (Windows NT 10.0; Win64; x64) AppleWebKit/537.36 (KHTML, like Gecko) Chrome/119.0.0.0 Safari/537.36"
127.0.0.1 - - [05/Mar/2024:14:01:04 +0800] "GET /manager-page/api/snapshot.php?id=12 HTTP/1.1" 500 - "http://127.0.0.1/manager-page/home-1.php" "Mozilla/5.0 (Windows NT 10.0; Win64; x64) AppleWebKit/537.36 (KHTML, like Gecko) Chrome/119.0.0.0 Safari/537.36"
127.0.0.1 - - [05/Mar/2024:14:01:03 +0800] "POST /robot/lora-in.php HTTP/1.1" 200 - "-" "python-requests/2.31.0"
127.0.0.1 - - [05/Mar/2024:14:01:04 +0800] "GET /manager-page/api/snapshot.php?id=11 HTTP/1.1" 500 - "http://127.0.0.1/manager-page/home-1.php" "Mozilla/5.0 (Windows NT 10.0; Win64; x64) AppleWebKit/537.36 (KHTML, like Gecko) Chrome/119.0.0.0 Safari/537.36"
111.70.30.250 - - [05/Mar/2024:14:01:11 +0800] "POST /robot/lora-in.php HTTP/1.1" 200 - "-" "python-requests/2.21.0"
127.0.0.1 - - [05/Mar/2024:14:01:08 +0800] "GET /manager-page/api/lp-status1.php HTTP/1.1" 200 1 "http://127.0.0.1/manager-page/home-1.php" "Mozilla/5.0 (Windows NT 10.0; Win64; x64) AppleWebKit/537.36 (KHTML, like Gecko) Chrome/119.0.0.0 Safari/537.36"
127.0.0.1 - - [05/Mar/2024:14:01:08 +0800] "GET /manager-page/api/cms-status1.php HTTP/1.1" 200 12 "http://127.0.0.1/manager-page/home-1.php" "Mozilla/5.0 (Windows NT 10.0; Win64; x64) AppleWebKit/537.36 (KHTML, like Gecko) Chrome/119.0.0.0 Safari/537.36"
127.0.0.1 - - [05/Mar/2024:14:01:14 +0800] "GET /manager-page/api/snapshot.php?id=12&t=0.032339157566578125 HTTP/1.1" 200 37347 "http://127.0.0.1/manager-page/home-1.php" "Mozilla/5.0 (Windows NT 10.0; Win64; x64) AppleWebKit/537.36 (KHTML, like Gecko) Chrome/119.0.0.0 Safari/537.36"
127.0.0.1 - - [05/Mar/2024:14:01:12 +0800] "GET /manager-page/api/snapshot.php?id=11&t=0.7991840581136198 HTTP/1.1" 200 42678 "http://127.0.0.1/manager-page/home-1.php" "Mozilla/5.0 (Windows NT 10.0; Win64; x64) AppleWebKit/537.36 (KHTML, like Gecko) Chrome/119.0.0.0 Safari/537.36"
127.0.0.1 - - [05/Mar/2024:14:01:12 +0800] "GET /manager-page/api/cms-on1.php?token1=1eababeb309aae4949d6fcdcb5b95941a664e9d2c6d5ce8c41624937748cca79d818da26d8c9e2e21f6672688c8adf24c213feeb425908e91e5ee4810700a9d1 HTTP/1.1" 200 2 "http://127.0.0.1/manager-page/home-1.php" "Mozilla/5.0 (Windows NT 10.0; Win64; x64) AppleWebKit/537.36 (KHTML, like Gecko) Chrome/119.0.0.0 Safari/537.36"
127.0.0.1 - - [05/Mar/2024:14:01:16 +0800] "GET /manager-page/img/on1.png HTTP/1.1" 304 - "http://127.0.0.1/manager-page/home-1.php" "Mozilla/5.0 (Windows NT 10.0; Win64; x64) AppleWebKit/537.36 (KHTML, like Gecko) Chrome/119.0.0.0 Safari/537.36"
127.0.0.1 - - [05/Mar/2024:14:01:17 +0800] "GET /manager-page/api/snapshot.php?id=12&t=0.44469519673864255 HTTP/1.1" 200 37378 "http://127.0.0.1/manager-page/home-1.php" "Mozilla/5.0 (Windows NT 10.0; Win64; x64) AppleWebKit/537.36 (KHTML, like Gecko) Chrome/119.0.0.0 Safari/537.36"
127.0.0.1 - - [05/Mar/2024:14:01:17 +0800] "GET /manager-page/api/snapshot.php?id=11&t=0.8389839018199639 HTTP/1.1" 200 42696 "http://127.0.0.1/manager-page/home-1.php" "Mozilla/5.0 (Windows NT 10.0; Win64; x64) AppleWebKit/537.36 (KHTML, like Gecko) Chrome/119.0.0.0 Safari/537.36"
127.0.0.1 - - [05/Mar/2024:14:01:22 +0800] "GET /manager-page/api/snapshot.php?id=11&t=0.3312283697798579 HTTP/1.1" 200 42597 "http://127.0.0.1/manager-page/home-1.php" "Mozilla/5.0 (Windows NT 10.0; Win64; x64) AppleWebKit/537.36 (KHTML, like Gecko) Chrome/119.0.0.0 Safari/537.36"
127.0.0.1 - - [05/Mar/2024:14:01:22 +0800] "GET /manager-page/api/snapshot.php?id=12&t=0.40439036609831636 HTTP/1.1" 200 37408 "http://127.0.0.1/manager-page/home-1.php" "Mozilla/5.0 (Windows NT 10.0; Win64; x64) AppleWebKit/537.36 (KHTML, like Gecko) Chrome/119.0.0.0 Safari/537.36"
127.0.0.1 - - [05/Mar/2024:14:01:25 +0800] "POST /robot/lora-in.php HTTP/1.1" 200 - "-" "python-requests/2.31.0"
127.0.0.1 - - [05/Mar/2024:14:01:27 +0800] "GET /manager-page/api/snapshot.php?id=12&t=0.4787346302536586 HTTP/1.1" 200 37456 "http://127.0.0.1/manager-page/home-1.php" "Mozilla/5.0 (Windows NT 10.0; Win64; x64) AppleWebKit/537.36 (KHTML, like Gecko) Chrome/119.0.0.0 Safari/537.36"
127.0.0.1 - - [05/Mar/2024:14:01:27 +0800] "GET /manager-page/api/snapshot.php?id=11&t=0.23137164509981845 HTTP/1.1" 200 42548 "http://127.0.0.1/manager-page/home-1.php" "Mozilla/5.0 (Windows NT 10.0; Win64; x64) AppleWebKit/537.36 (KHTML, like Gecko) Chrome/119.0.0.0 Safari/537.36"
127.0.0.1 - - [05/Mar/2024:14:01:30 +0800] "POST /robot/lora-in.php HTTP/1.1" 200 - "-" "python-requests/2.31.0"
127.0.0.1 - - [05/Mar/2024:14:01:31 +0800] "GET /manager-page/api/cms-on1.php?token1=1eababeb309aae4949d6fcdcb5b95941a664e9d2c6d5ce8c41624937748cca79d818da26d8c9e2e21f6672688c8adf24c213feeb425908e91e5ee4810700a9d1 HTTP/1.1" 200 2 "http://127.0.0.1/manager-page/home-1.php" "Mozilla/5.0 (Windows NT 10.0; Win64; x64) AppleWebKit/537.36 (KHTML, like Gecko) Chrome/119.0.0.0 Safari/537.36"
127.0.0.1 - - [05/Mar/2024:14:01:32 +0800] "GET /manager-page/api/snapshot.php?id=11&t=0.6056437318877752 HTTP/1.1" 200 42730 "http://127.0.0.1/manager-page/home-1.php" "Mozilla/5.0 (Windows NT 10.0; Win64; x64) AppleWebKit/537.36 (KHTML, like Gecko) Chrome/119.0.0.0 Safari/537.36"
111.70.30.252 - - [05/Mar/2024:14:01:32 +0800] "POST /robot/lora-in.php HTTP/1.1" 200 - "-" "python-requests/2.21.0"
127.0.0.1 - - [05/Mar/2024:14:01:32 +0800] "GET /manager-page/api/snapshot.php?id=12&t=0.4090984506764246 HTTP/1.1" 200 37534 "http://127.0.0.1/manager-page/home-1.php" "Mozilla/5.0 (Windows NT 10.0; Win64; x64) AppleWebKit/537.36 (KHTML, like Gecko) Chrome/119.0.0.0 Safari/537.36"
172.16.36.181 - - [05/Mar/2024:14:01:35 +0800] "GET /manager-page/api/snapshot.php?id=12&t=0.512604976137673 HTTP/1.1" 200 37620 "http://192.168.60.79/manager-page/home-1.php" "Mozilla/5.0 (Windows NT 10.0; Win64; x64) AppleWebKit/537.36 (KHTML, like Gecko) Chrome/122.0.0.0 Safari/537.36 Edg/122.0.0.0"
172.16.36.181 - - [05/Mar/2024:14:01:35 +0800] "GET /manager-page/api/snapshot.php?id=11&t=0.003597499743426935 HTTP/1.1" 200 42603 "http://192.168.60.79/manager-page/home-1.php" "Mozilla/5.0 (Windows NT 10.0; Win64; x64) AppleWebKit/537.36 (KHTML, like Gecko) Chrome/122.0.0.0 Safari/537.36 Edg/122.0.0.0"
127.0.0.1 - - [05/Mar/2024:14:01:37 +0800] "GET /manager-page/api/snapshot.php?id=12&t=0.5411136582116853 HTTP/1.1" 200 37725 "http://127.0.0.1/manager-page/home-1.php" "Mozilla/5.0 (Windows NT 10.0; Win64; x64) AppleWebKit/537.36 (KHTML, like Gecko) Chrome/119.0.0.0 Safari/537.36"
127.0.0.1 - - [05/Mar/2024:14:01:37 +0800] "GET /manager-page/api/snapshot.php?id=11&t=0.7442130209912958 HTTP/1.1" 200 42618 "http://127.0.0.1/manager-page/home-1.php" "Mozilla/5.0 (Windows NT 10.0; Win64; x64) AppleWebKit/537.36 (KHTML, like Gecko) Chrome/119.0.0.0 Safari/537.36"
127.0.0.1 - - [05/Mar/2024:14:01:42 +0800] "GET /manager-page/api/snapshot.php?id=11&t=0.10638501459974026 HTTP/1.1" 200 42467 "http://127.0.0.1/manager-page/home-1.php" "Mozilla/5.0 (Windows NT 10.0; Win64; x64) AppleWebKit/537.36 (KHTML, like Gecko) Chrome/119.0.0.0 Safari/537.36"
127.0.0.1 - - [05/Mar/2024:14:01:42 +0800] "GET /manager-page/api/snapshot.php?id=12&t=0.9972605029877206 HTTP/1.1" 200 37711 "http://127.0.0.1/manager-page/home-1.php" "Mozilla/5.0 (Windows NT 10.0; Win64; x64) AppleWebKit/537.36 (KHTML, like Gecko) Chrome/119.0.0.0 Safari/537.36"
111.70.30.251 - - [05/Mar/2024:14:01:43 +0800] "POST /robot/lora-in.php HTTP/1.1" 200 - "-" "python-requests/2.21.0"
127.0.0.1 - - [05/Mar/2024:14:01:47 +0800] "GET /manager-page/api/snapshot.php?id=11&t=0.11152255208564155 HTTP/1.1" 200 42633 "http://127.0.0.1/manager-page/home-1.php" "Mozilla/5.0 (Windows NT 10.0; Win64; x64) AppleWebKit/537.36 (KHTML, like Gecko) Chrome/119.0.0.0 Safari/537.36"
127.0.0.1 - - [05/Mar/2024:14:01:47 +0800] "GET /manager-page/api/snapshot.php?id=12&t=0.9935906071246943 HTTP/1.1" 200 37854 "http://127.0.0.1/manager-page/home-1.php" "Mozilla/5.0 (Windows NT 10.0; Win64; x64) AppleWebKit/537.36 (KHTML, like Gecko) Chrome/119.0.0.0 Safari/537.36"
127.0.0.1 - - [05/Mar/2024:14:01:52 +0800] "GET /manager-page/api/snapshot.php?id=11&t=0.9545799598715994 HTTP/1.1" 200 42686 "http://127.0.0.1/manager-page/home-1.php" "Mozilla/5.0 (Windows NT 10.0; Win64; x64) AppleWebKit/537.36 (KHTML, like Gecko) Chrome/119.0.0.0 Safari/537.36"
127.0.0.1 - - [05/Mar/2024:14:01:52 +0800] "GET /manager-page/api/snapshot.php?id=12&t=0.1919044531606271 HTTP/1.1" 200 36857 "http://127.0.0.1/manager-page/home-1.php" "Mozilla/5.0 (Windows NT 10.0; Win64; x64) AppleWebKit/537.36 (KHTML, like Gecko) Chrome/119.0.0.0 Safari/537.36"
127.0.0.1 - - [05/Mar/2024:14:01:57 +0800] "GET /manager-page/api/snapshot.php?id=12&t=0.611000131209023 HTTP/1.1" 200 38542 "http://127.0.0.1/manager-page/home-1.php" "Mozilla/5.0 (Windows NT 10.0; Win64; x64) AppleWebKit/537.36 (KHTML, like Gecko) Chrome/119.0.0.0 Safari/537.36"
127.0.0.1 - - [05/Mar/2024:14:01:57 +0800] "GET /manager-page/api/snapshot.php?id=11&t=0.23425865104901122 HTTP/1.1" 200 42803 "http://127.0.0.1/manager-page/home-1.php" "Mozilla/5.0 (Windows NT 10.0; Win64; x64) AppleWebKit/537.36 (KHTML, like Gecko) Chrome/119.0.0.0 Safari/537.36"
127.0.0.1 - - [05/Mar/2024:14:02:02 +0800] "GET /manager-page/api/snapshot.php?id=11&t=0.5158413814436036 HTTP/1.1" 200 42960 "http://127.0.0.1/manager-page/home-1.php" "Mozilla/5.0 (Windows NT 10.0; Win64; x64) AppleWebKit/537.36 (KHTML, like Gecko) Chrome/119.0.0.0 Safari/537.36"
127.0.0.1 - - [05/Mar/2024:14:02:02 +0800] "GET /manager-page/api/snapshot.php?id=12&t=0.2488883919204823 HTTP/1.1" 200 37839 "http://127.0.0.1/manager-page/home-1.php" "Mozilla/5.0 (Windows NT 10.0; Win64; x64) AppleWebKit/537.36 (KHTML, like Gecko) Chrome/119.0.0.0 Safari/537.36"
127.0.0.1 - - [05/Mar/2024:14:02:07 +0800] "GET /manager-page/api/snapshot.php?id=11&t=0.430936912963634 HTTP/1.1" 200 43208 "http://127.0.0.1/manager-page/home-1.php" "Mozilla/5.0 (Windows NT 10.0; Win64; x64) AppleWebKit/537.36 (KHTML, like Gecko) Chrome/119.0.0.0 Safari/537.36"
127.0.0.1 - - [05/Mar/2024:14:02:07 +0800] "GET /manager-page/api/snapshot.php?id=12&t=0.9880810589894389 HTTP/1.1" 200 37598 "http://127.0.0.1/manager-page/home-1.php" "Mozilla/5.0 (Windows NT 10.0; Win64; x64) AppleWebKit/537.36 (KHTML, like Gecko) Chrome/119.0.0.0 Safari/537.36"
127.0.0.1 - - [05/Mar/2024:14:02:12 +0800] "GET /manager-page/api/snapshot.php?id=11&t=0.7179532225282075 HTTP/1.1" 200 43442 "http://127.0.0.1/manager-page/home-1.php" "Mozilla/5.0 (Windows NT 10.0; Win64; x64) AppleWebKit/537.36 (KHTML, like Gecko) Chrome/119.0.0.0 Safari/537.36"
127.0.0.1 - - [05/Mar/2024:14:02:12 +0800] "GET /manager-page/api/snapshot.php?id=12&t=0.4351130893239692 HTTP/1.1" 200 37848 "http://127.0.0.1/manager-page/home-1.php" "Mozilla/5.0 (Windows NT 10.0; Win64; x64) AppleWebKit/537.36 (KHTML, like Gecko) Chrome/119.0.0.0 Safari/537.36"
127.0.0.1 - - [05/Mar/2024:14:02:17 +0800] "GET /manager-page/api/snapshot.php?id=11&t=0.9386487197543694 HTTP/1.1" 200 42774 "http://127.0.0.1/manager-page/home-1.php" "Mozilla/5.0 (Windows NT 10.0; Win64; x64) AppleWebKit/537.36 (KHTML, like Gecko) Chrome/119.0.0.0 Safari/537.36"
127.0.0.1 - - [05/Mar/2024:14:02:17 +0800] "GET /manager-page/api/snapshot.php?id=12&t=0.6150617610476679 HTTP/1.1" 200 37925 "http://127.0.0.1/manager-page/home-1.php" "Mozilla/5.0 (Windows NT 10.0; Win64; x64) AppleWebKit/537.36 (KHTML, like Gecko) Chrome/119.0.0.0 Safari/537.36"
127.0.0.1 - - [05/Mar/2024:14:02:22 +0800] "GET /manager-page/api/snapshot.php?id=11&t=0.4685511713855053 HTTP/1.1" 200 42858 "http://127.0.0.1/manager-page/home-1.php" "Mozilla/5.0 (Windows NT 10.0; Win64; x64) AppleWebKit/537.36 (KHTML, like Gecko) Chrome/119.0.0.0 Safari/537.36"
127.0.0.1 - - [05/Mar/2024:14:02:22 +0800] "GET /manager-page/api/snapshot.php?id=12&t=0.5658709380565454 HTTP/1.1" 200 37911 "http://127.0.0.1/manager-page/home-1.php" "Mozilla/5.0 (Windows NT 10.0; Win64; x64) AppleWebKit/537.36 (KHTML, like Gecko) Chrome/119.0.0.0 Safari/537.36"
127.0.0.1 - - [05/Mar/2024:14:02:27 +0800] "GET /manager-page/api/snapshot.php?id=12&t=0.3158367676269629 HTTP/1.1" 200 37906 "http://127.0.0.1/manager-page/home-1.php" "Mozilla/5.0 (Windows NT 10.0; Win64; x64) AppleWebKit/537.36 (KHTML, like Gecko) Chrome/119.0.0.0 Safari/537.36"
127.0.0.1 - - [05/Mar/2024:14:02:27 +0800] "GET /manager-page/api/snapshot.php?id=11&t=0.08564006665779234 HTTP/1.1" 200 42666 "http://127.0.0.1/manager-page/home-1.php" "Mozilla/5.0 (Windows NT 10.0; Win64; x64) AppleWebKit/537.36 (KHTML, like Gecko) Chrome/119.0.0.0 Safari/537.36"
127.0.0.1 - - [05/Mar/2024:14:02:32 +0800] "GET /manager-page/api/snapshot.php?id=12&t=0.8780281818848972 HTTP/1.1" 200 37839 "http://127.0.0.1/manager-page/home-1.php" "Mozilla/5.0 (Windows NT 10.0; Win64; x64) AppleWebKit/537.36 (KHTML, like Gecko) Chrome/119.0.0.0 Safari/537.36"
127.0.0.1 - - [05/Mar/2024:14:02:32 +0800] "GET /manager-page/api/snapshot.php?id=11&t=0.5430917508165389 HTTP/1.1" 200 42759 "http://127.0.0.1/manager-page/home-1.php" "Mozilla/5.0 (Windows NT 10.0; Win64; x64) AppleWebKit/537.36 (KHTML, like Gecko) Chrome/119.0.0.0 Safari/537.36"
172.16.36.181 - - [05/Mar/2024:14:02:35 +0800] "GET /manager-page/api/snapshot.php?id=12&t=0.6105912781737852 HTTP/1.1" 200 38241 "http://192.168.60.79/manager-page/home-1.php" "Mozilla/5.0 (Windows NT 10.0; Win64; x64) AppleWebKit/537.36 (KHTML, like Gecko) Chrome/122.0.0.0 Safari/537.36 Edg/122.0.0.0"
172.16.36.181 - - [05/Mar/2024:14:02:35 +0800] "GET /manager-page/api/snapshot.php?id=11&t=0.9923215498444715 HTTP/1.1" 200 42652 "http://192.168.60.79/manager-page/home-1.php" "Mozilla/5.0 (Windows NT 10.0; Win64; x64) AppleWebKit/537.36 (KHTML, like Gecko) Chrome/122.0.0.0 Safari/537.36 Edg/122.0.0.0"
127.0.0.1 - - [05/Mar/2024:14:02:37 +0800] "GET /manager-page/api/snapshot.php?id=11&t=0.9606813928721254 HTTP/1.1" 200 42652 "http://127.0.0.1/manager-page/home-1.php" "Mozilla/5.0 (Windows NT 10.0; Win64; x64) AppleWebKit/537.36 (KHTML, like Gecko) Chrome/119.0.0.0 Safari/537.36"
127.0.0.1 - - [05/Mar/2024:14:02:37 +0800] "GET /manager-page/api/snapshot.php?id=12&t=0.6257680305772946 HTTP/1.1" 200 38092 "http://127.0.0.1/manager-page/home-1.php" "Mozilla/5.0 (Windows NT 10.0; Win64; x64) AppleWebKit/537.36 (KHTML, like Gecko) Chrome/119.0.0.0 Safari/537.36"
127.0.0.1 - - [05/Mar/2024:14:02:42 +0800] "GET /manager-page/api/snapshot.php?id=12&t=0.04924896195526274 HTTP/1.1" 200 38481 "http://127.0.0.1/manager-page/home-1.php" "Mozilla/5.0 (Windows NT 10.0; Win64; x64) AppleWebKit/537.36 (KHTML, like Gecko) Chrome/119.0.0.0 Safari/537.36"
127.0.0.1 - - [05/Mar/2024:14:02:42 +0800] "GET /manager-page/api/snapshot.php?id=11&t=0.5657198154627501 HTTP/1.1" 200 42507 "http://127.0.0.1/manager-page/home-1.php" "Mozilla/5.0 (Windows NT 10.0; Win64; x64) AppleWebKit/537.36 (KHTML, like Gecko) Chrome/119.0.0.0 Safari/537.36"
127.0.0.1 - - [05/Mar/2024:14:02:47 +0800] "GET /manager-page/api/snapshot.php?id=11&t=0.4305047925978882 HTTP/1.1" 200 42593 "http://127.0.0.1/manager-page/home-1.php" "Mozilla/5.0 (Windows NT 10.0; Win64; x64) AppleWebKit/537.36 (KHTML, like Gecko) Chrome/119.0.0.0 Safari/537.36"
127.0.0.1 - - [05/Mar/2024:14:02:47 +0800] "GET /manager-page/api/snapshot.php?id=12&t=0.596723792341046 HTTP/1.1" 200 37675 "http://127.0.0.1/manager-page/home-1.php" "Mozilla/5.0 (Windows NT 10.0; Win64; x64) AppleWebKit/537.36 (KHTML, like Gecko) Chrome/119.0.0.0 Safari/537.36"
127.0.0.1 - - [05/Mar/2024:14:02:52 +0800] "GET /manager-page/api/snapshot.php?id=11&t=0.3397373706358169 HTTP/1.1" 200 42662 "http://127.0.0.1/manager-page/home-1.php" "Mozilla/5.0 (Windows NT 10.0; Win64; x64) AppleWebKit/537.36 (KHTML, like Gecko) Chrome/119.0.0.0 Safari/537.36"
127.0.0.1 - - [05/Mar/2024:14:02:52 +0800] "GET /manager-page/api/snapshot.php?id=12&t=0.4053891496661699 HTTP/1.1" 200 38090 "http://127.0.0.1/manager-page/home-1.php" "Mozilla/5.0 (Windows NT 10.0; Win64; x64) AppleWebKit/537.36 (KHTML, like Gecko) Chrome/119.0.0.0 Safari/537.36"
111.70.30.253 - - [05/Mar/2024:14:02:56 +0800] "POST /robot/lora-in.php HTTP/1.1" 200 - "-" "python-requests/2.21.0"
127.0.0.1 - - [05/Mar/2024:14:02:57 +0800] "GET /manager-page/api/snapshot.php?id=12&t=0.3245426123266839 HTTP/1.1" 200 38009 "http://127.0.0.1/manager-page/home-1.php" "Mozilla/5.0 (Windows NT 10.0; Win64; x64) AppleWebKit/537.36 (KHTML, like Gecko) Chrome/119.0.0.0 Safari/537.36"
127.0.0.1 - - [05/Mar/2024:14:02:57 +0800] "GET /manager-page/api/snapshot.php?id=11&t=0.960420342570736 HTTP/1.1" 200 42773 "http://127.0.0.1/manager-page/home-1.php" "Mozilla/5.0 (Windows NT 10.0; Win64; x64) AppleWebKit/537.36 (KHTML, like Gecko) Chrome/119.0.0.0 Safari/537.36"
127.0.0.1 - - [05/Mar/2024:14:03:02 +0800] "GET /manager-page/api/snapshot.php?id=11&t=0.42796943116279995 HTTP/1.1" 200 42907 "http://127.0.0.1/manager-page/home-1.php" "Mozilla/5.0 (Windows NT 10.0; Win64; x64) AppleWebKit/537.36 (KHTML, like Gecko) Chrome/119.0.0.0 Safari/537.36"
127.0.0.1 - - [05/Mar/2024:14:03:02 +0800] "GET /manager-page/api/snapshot.php?id=12&t=0.9922231140518871 HTTP/1.1" 200 38223 "http://127.0.0.1/manager-page/home-1.php" "Mozilla/5.0 (Windows NT 10.0; Win64; x64) AppleWebKit/537.36 (KHTML, like Gecko) Chrome/119.0.0.0 Safari/537.36"
127.0.0.1 - - [05/Mar/2024:14:03:07 +0800] "GET /manager-page/api/snapshot.php?id=11&t=0.9827847965547336 HTTP/1.1" 200 42627 "http://127.0.0.1/manager-page/home-1.php" "Mozilla/5.0 (Windows NT 10.0; Win64; x64) AppleWebKit/537.36 (KHTML, like Gecko) Chrome/119.0.0.0 Safari/537.36"
127.0.0.1 - - [05/Mar/2024:14:03:07 +0800] "GET /manager-page/api/snapshot.php?id=12&t=0.004972936964745545 HTTP/1.1" 200 38172 "http://127.0.0.1/manager-page/home-1.php" "Mozilla/5.0 (Windows NT 10.0; Win64; x64) AppleWebKit/537.36 (KHTML, like Gecko) Chrome/119.0.0.0 Safari/537.36"
127.0.0.1 - - [05/Mar/2024:14:03:12 +0800] "GET /manager-page/api/snapshot.php?id=12&t=0.14821527284803504 HTTP/1.1" 200 38298 "http://127.0.0.1/manager-page/home-1.php" "Mozilla/5.0 (Windows NT 10.0; Win64; x64) AppleWebKit/537.36 (KHTML, like Gecko) Chrome/119.0.0.0 Safari/537.36"
127.0.0.1 - - [05/Mar/2024:14:03:12 +0800] "GET /manager-page/api/snapshot.php?id=11&t=0.9625210821206285 HTTP/1.1" 200 43109 "http://127.0.0.1/manager-page/home-1.php" "Mozilla/5.0 (Windows NT 10.0; Win64; x64) AppleWebKit/537.36 (KHTML, like Gecko) Chrome/119.0.0.0 Safari/537.36"
127.0.0.1 - - [05/Mar/2024:14:03:17 +0800] "GET /manager-page/api/snapshot.php?id=11&t=0.07933220632881399 HTTP/1.1" 200 42841 "http://127.0.0.1/manager-page/home-1.php" "Mozilla/5.0 (Windows NT 10.0; Win64; x64) AppleWebKit/537.36 (KHTML, like Gecko) Chrome/119.0.0.0 Safari/537.36"
127.0.0.1 - - [05/Mar/2024:14:03:17 +0800] "GET /manager-page/api/snapshot.php?id=12&t=0.3883792547616758 HTTP/1.1" 200 38583 "http://127.0.0.1/manager-page/home-1.php" "Mozilla/5.0 (Windows NT 10.0; Win64; x64) AppleWebKit/537.36 (KHTML, like Gecko) Chrome/119.0.0.0 Safari/537.36"
127.0.0.1 - - [05/Mar/2024:14:03:22 +0800] "GET /manager-page/api/snapshot.php?id=11&t=0.7204273712379263 HTTP/1.1" 200 42926 "http://127.0.0.1/manager-page/home-1.php" "Mozilla/5.0 (Windows NT 10.0; Win64; x64) AppleWebKit/537.36 (KHTML, like Gecko) Chrome/119.0.0.0 Safari/537.36"
127.0.0.1 - - [05/Mar/2024:14:03:22 +0800] "GET /manager-page/api/snapshot.php?id=12&t=0.3022105201907388 HTTP/1.1" 200 37785 "http://127.0.0.1/manager-page/home-1.php" "Mozilla/5.0 (Windows NT 10.0; Win64; x64) AppleWebKit/537.36 (KHTML, like Gecko) Chrome/119.0.0.0 Safari/537.36"
127.0.0.1 - - [05/Mar/2024:14:03:27 +0800] "GET /manager-page/api/snapshot.php?id=11&t=0.20543906169697634 HTTP/1.1" 200 42790 "http://127.0.0.1/manager-page/home-1.php" "Mozilla/5.0 (Windows NT 10.0; Win64; x64) AppleWebKit/537.36 (KHTML, like Gecko) Chrome/119.0.0.0 Safari/537.36"
127.0.0.1 - - [05/Mar/2024:14:03:27 +0800] "GET /manager-page/api/snapshot.php?id=12&t=0.8552584216086458 HTTP/1.1" 200 37652 "http://127.0.0.1/manager-page/home-1.php" "Mozilla/5.0 (Windows NT 10.0; Win64; x64) AppleWebKit/537.36 (KHTML, like Gecko) Chrome/119.0.0.0 Safari/537.36"
127.0.0.1 - - [05/Mar/2024:14:03:32 +0800] "GET /manager-page/api/snapshot.php?id=12&t=0.5318057963927456 HTTP/1.1" 200 38256 "http://127.0.0.1/manager-page/home-1.php" "Mozilla/5.0 (Windows NT 10.0; Win64; x64) AppleWebKit/537.36 (KHTML, like Gecko) Chrome/119.0.0.0 Safari/537.36"
127.0.0.1 - - [05/Mar/2024:14:03:32 +0800] "GET /manager-page/api/snapshot.php?id=11&t=0.0370491627143823 HTTP/1.1" 200 43192 "http://127.0.0.1/manager-page/home-1.php" "Mozilla/5.0 (Windows NT 10.0; Win64; x64) AppleWebKit/537.36 (KHTML, like Gecko) Chrome/119.0.0.0 Safari/537.36"
