127.0.0.1 - - [16/Aug/2024:13:17:00 +0800] "GET /robot/alarm-history-in.php HTTP/1.1" 200 - "-" "python-requests/2.28.1"
127.0.0.1 - - [16/Aug/2024:13:18:00 +0800] "GET /robot/alarm-history-in.php HTTP/1.1" 200 - "-" "python-requests/2.28.1"
111.70.30.252 - - [16/Aug/2024:13:18:40 +0800] "POST /robot/lora-in.php HTTP/1.1" 200 - "-" "python-requests/2.21.0"
111.70.30.251 - - [16/Aug/2024:13:18:58 +0800] "POST /robot/lora-in.php HTTP/1.1" 200 - "-" "python-requests/2.21.0"
127.0.0.1 - - [16/Aug/2024:13:19:00 +0800] "GET /robot/alarm-history-in.php HTTP/1.1" 200 - "-" "python-requests/2.28.1"
111.70.30.251 - - [16/Aug/2024:13:19:38 +0800] "POST /robot/lora-in.php HTTP/1.1" 200 - "-" "python-requests/2.21.0"
127.0.0.1 - - [16/Aug/2024:13:20:00 +0800] "GET /robot/alarm-history-in.php HTTP/1.1" 200 - "-" "python-requests/2.28.1"
127.0.0.1 - - [16/Aug/2024:13:21:00 +0800] "GET /robot/alarm-history-in.php HTTP/1.1" 200 - "-" "python-requests/2.28.1"
127.0.0.1 - - [16/Aug/2024:13:22:00 +0800] "GET /robot/alarm-history-in.php HTTP/1.1" 200 - "-" "python-requests/2.28.1"
127.0.0.1 - - [16/Aug/2024:13:22:04 +0800] "GET /manager-page/api/cms-on1-rdws.php?token=7654354354675426652656 HTTP/1.1" 500 - "-" "-"
111.70.30.250 - - [16/Aug/2024:13:22:01 +0800] "POST /robot/lora-in.php HTTP/1.1" 200 29 "-" "python-requests/2.21.0"
111.70.30.253 - - [16/Aug/2024:13:22:11 +0800] "POST /robot/lora-in.php HTTP/1.1" 200 - "-" "python-requests/2.21.0"
111.70.30.253 - - [16/Aug/2024:13:22:27 +0800] "POST /robot/lora-in.php HTTP/1.1" 200 - "-" "python-requests/2.21.0"
127.0.0.1 - - [16/Aug/2024:13:22:42 +0800] "POST /robot/lora-in.php HTTP/1.1" 200 - "-" "python-requests/2.31.0"
127.0.0.1 - - [16/Aug/2024:13:22:49 +0800] "POST /robot/lora-in.php HTTP/1.1" 200 - "-" "python-requests/2.31.0"
127.0.0.1 - - [16/Aug/2024:13:22:55 +0800] "POST /robot/lora-in.php HTTP/1.1" 200 - "-" "python-requests/2.31.0"
127.0.0.1 - - [16/Aug/2024:13:23:00 +0800] "GET /robot/alarm-history-in.php HTTP/1.1" 200 - "-" "python-requests/2.28.1"
111.70.30.251 - - [16/Aug/2024:13:23:00 +0800] "POST /robot/lora-in.php HTTP/1.1" 200 - "-" "python-requests/2.21.0"
127.0.0.1 - - [16/Aug/2024:13:23:01 +0800] "POST /robot/lora-in.php HTTP/1.1" 200 - "-" "python-requests/2.31.0"
127.0.0.1 - - [16/Aug/2024:13:23:20 +0800] "POST /robot/lora-in.php HTTP/1.1" 200 - "-" "python-requests/2.31.0"
111.70.30.251 - - [16/Aug/2024:13:23:37 +0800] "POST /robot/lora-in.php HTTP/1.1" 200 - "-" "python-requests/2.21.0"
127.0.0.1 - - [16/Aug/2024:13:24:00 +0800] "GET /robot/alarm-history-in.php HTTP/1.1" 200 - "-" "python-requests/2.28.1"
127.0.0.1 - - [16/Aug/2024:13:24:36 +0800] "POST /robot/et-7026-in.php HTTP/1.1" 200 - "-" "python-requests/2.31.0"
127.0.0.1 - - [16/Aug/2024:13:25:00 +0800] "GET /robot/alarm-history-in.php HTTP/1.1" 200 - "-" "python-requests/2.28.1"
127.0.0.1 - - [16/Aug/2024:13:25:31 +0800] "POST /robot/et-7026-in.php HTTP/1.1" 200 - "-" "python-requests/2.31.0"
127.0.0.1 - - [16/Aug/2024:13:26:00 +0800] "GET /robot/alarm-history-in.php HTTP/1.1" 200 - "-" "python-requests/2.28.1"
172.16.36.28 - - [16/Aug/2024:13:26:33 +0800] "GET /manager-page/home-1.php HTTP/1.1" 302 - "-" "Mozilla/5.0 (Windows NT 10.0; Win64; x64) AppleWebKit/537.36 (KHTML, like Gecko) Chrome/127.0.0.0 Safari/537.36 Edg/127.0.0.0"
172.16.36.28 - - [16/Aug/2024:13:26:37 +0800] "GET /manager-page/login.php HTTP/1.1" 200 2365 "-" "Mozilla/5.0 (Windows NT 10.0; Win64; x64) AppleWebKit/537.36 (KHTML, like Gecko) Chrome/127.0.0.0 Safari/537.36 Edg/127.0.0.0"
172.16.36.28 - - [16/Aug/2024:13:26:38 +0800] "GET /manager-page/css/w3-4.10.css HTTP/1.1" 304 - "http://192.168.60.79/manager-page/login.php" "Mozilla/5.0 (Windows NT 10.0; Win64; x64) AppleWebKit/537.36 (KHTML, like Gecko) Chrome/127.0.0.0 Safari/537.36 Edg/127.0.0.0"
172.16.36.28 - - [16/Aug/2024:13:26:38 +0800] "GET /manager-page/js/chart-2.9.4.js HTTP/1.1" 304 - "http://192.168.60.79/manager-page/login.php" "Mozilla/5.0 (Windows NT 10.0; Win64; x64) AppleWebKit/537.36 (KHTML, like Gecko) Chrome/127.0.0.0 Safari/537.36 Edg/127.0.0.0"
172.16.36.28 - - [16/Aug/2024:13:26:38 +0800] "GET /manager-page/js/jquery-3.6.0.js HTTP/1.1" 304 - "http://192.168.60.79/manager-page/login.php" "Mozilla/5.0 (Windows NT 10.0; Win64; x64) AppleWebKit/537.36 (KHTML, like Gecko) Chrome/127.0.0.0 Safari/537.36 Edg/127.0.0.0"
172.16.36.28 - - [16/Aug/2024:13:26:38 +0800] "GET /favicon.ico HTTP/1.1" 404 196 "http://192.168.60.79/manager-page/login.php" "Mozilla/5.0 (Windows NT 10.0; Win64; x64) AppleWebKit/537.36 (KHTML, like Gecko) Chrome/127.0.0.0 Safari/537.36 Edg/127.0.0.0"
172.16.36.28 - - [16/Aug/2024:13:26:45 +0800] "POST /manager-page/login.php HTTP/1.1" 302 - "http://192.168.60.79/manager-page/login.php" "Mozilla/5.0 (Windows NT 10.0; Win64; x64) AppleWebKit/537.36 (KHTML, like Gecko) Chrome/127.0.0.0 Safari/537.36 Edg/127.0.0.0"
172.16.36.28 - - [16/Aug/2024:13:26:45 +0800] "GET /manager-page/home.php HTTP/1.1" 302 - "http://192.168.60.79/manager-page/login.php" "Mozilla/5.0 (Windows NT 10.0; Win64; x64) AppleWebKit/537.36 (KHTML, like Gecko) Chrome/127.0.0.0 Safari/537.36 Edg/127.0.0.0"
172.16.36.28 - - [16/Aug/2024:13:26:45 +0800] "GET /manager-page/alarm/1-1.jpg?t=143680721 HTTP/1.1" 200 362747 "http://192.168.60.79/manager-page/home-1.php" "Mozilla/5.0 (Windows NT 10.0; Win64; x64) AppleWebKit/537.36 (KHTML, like Gecko) Chrome/127.0.0.0 Safari/537.36 Edg/127.0.0.0"
172.16.36.28 - - [16/Aug/2024:13:26:45 +0800] "GET /manager-page/alarm/1-2.jpg?t=1366525014 HTTP/1.1" 200 439517 "http://192.168.60.79/manager-page/home-1.php" "Mozilla/5.0 (Windows NT 10.0; Win64; x64) AppleWebKit/537.36 (KHTML, like Gecko) Chrome/127.0.0.0 Safari/537.36 Edg/127.0.0.0"
172.16.36.28 - - [16/Aug/2024:13:26:45 +0800] "GET /manager-page/home-1.php HTTP/1.1" 200 27317 "http://192.168.60.79/manager-page/login.php" "Mozilla/5.0 (Windows NT 10.0; Win64; x64) AppleWebKit/537.36 (KHTML, like Gecko) Chrome/127.0.0.0 Safari/537.36 Edg/127.0.0.0"
172.16.36.28 - - [16/Aug/2024:13:26:45 +0800] "GET /manager-page/api/snapshot.php?id=12 HTTP/1.1" 200 31429 "http://192.168.60.79/manager-page/home-1.php" "Mozilla/5.0 (Windows NT 10.0; Win64; x64) AppleWebKit/537.36 (KHTML, like Gecko) Chrome/127.0.0.0 Safari/537.36 Edg/127.0.0.0"
172.16.36.28 - - [16/Aug/2024:13:26:45 +0800] "GET /manager-page/api/snapshot.php?id=11 HTTP/1.1" 200 29739 "http://192.168.60.79/manager-page/home-1.php" "Mozilla/5.0 (Windows NT 10.0; Win64; x64) AppleWebKit/537.36 (KHTML, like Gecko) Chrome/127.0.0.0 Safari/537.36 Edg/127.0.0.0"
172.16.36.28 - - [16/Aug/2024:13:26:48 +0800] "GET /manager-page/api/cms-status1.php HTTP/1.1" 500 - "http://192.168.60.79/manager-page/home-1.php" "Mozilla/5.0 (Windows NT 10.0; Win64; x64) AppleWebKit/537.36 (KHTML, like Gecko) Chrome/127.0.0.0 Safari/537.36 Edg/127.0.0.0"
172.16.36.28 - - [16/Aug/2024:13:26:48 +0800] "GET /manager-page/api/lp-status1.php HTTP/1.1" 500 - "http://192.168.60.79/manager-page/home-1.php" "Mozilla/5.0 (Windows NT 10.0; Win64; x64) AppleWebKit/537.36 (KHTML, like Gecko) Chrome/127.0.0.0 Safari/537.36 Edg/127.0.0.0"
172.16.36.28 - - [16/Aug/2024:13:26:53 +0800] "GET /manager-page/api/snapshot.php?id=11&t=0.5943847562734097 HTTP/1.1" 200 29712 "http://192.168.60.79/manager-page/home-1.php" "Mozilla/5.0 (Windows NT 10.0; Win64; x64) AppleWebKit/537.36 (KHTML, like Gecko) Chrome/127.0.0.0 Safari/537.36 Edg/127.0.0.0"
172.16.36.28 - - [16/Aug/2024:13:26:53 +0800] "GET /manager-page/api/snapshot.php?id=12&t=0.2423081265491549 HTTP/1.1" 200 31778 "http://192.168.60.79/manager-page/home-1.php" "Mozilla/5.0 (Windows NT 10.0; Win64; x64) AppleWebKit/537.36 (KHTML, like Gecko) Chrome/127.0.0.0 Safari/537.36 Edg/127.0.0.0"
127.0.0.1 - - [16/Aug/2024:13:27:00 +0800] "GET /robot/alarm-history-in.php HTTP/1.1" 200 - "-" "python-requests/2.28.1"
172.16.36.28 - - [16/Aug/2024:13:26:58 +0800] "GET /manager-page/api/snapshot.php?id=11&t=0.9093319545060523 HTTP/1.1" 500 - "http://192.168.60.79/manager-page/home-1.php" "Mozilla/5.0 (Windows NT 10.0; Win64; x64) AppleWebKit/537.36 (KHTML, like Gecko) Chrome/127.0.0.0 Safari/537.36 Edg/127.0.0.0"
172.16.36.28 - - [16/Aug/2024:13:26:58 +0800] "GET /manager-page/api/snapshot.php?id=12&t=0.595167792668893 HTTP/1.1" 500 - "http://192.168.60.79/manager-page/home-1.php" "Mozilla/5.0 (Windows NT 10.0; Win64; x64) AppleWebKit/537.36 (KHTML, like Gecko) Chrome/127.0.0.0 Safari/537.36 Edg/127.0.0.0"
111.70.30.251 - - [16/Aug/2024:13:27:03 +0800] "POST /robot/lora-in.php HTTP/1.1" 200 - "-" "python-requests/2.21.0"
172.16.36.28 - - [16/Aug/2024:13:27:08 +0800] "GET /manager-page/api/snapshot.php?id=11&t=0.9513128186136837 HTTP/1.1" 500 - "http://192.168.60.79/manager-page/home-1.php" "Mozilla/5.0 (Windows NT 10.0; Win64; x64) AppleWebKit/537.36 (KHTML, like Gecko) Chrome/127.0.0.0 Safari/537.36 Edg/127.0.0.0"
172.16.36.28 - - [16/Aug/2024:13:27:03 +0800] "GET /manager-page/api/snapshot.php?id=11&t=0.7135451763166278 HTTP/1.1" 500 - "http://192.168.60.79/manager-page/home-1.php" "Mozilla/5.0 (Windows NT 10.0; Win64; x64) AppleWebKit/537.36 (KHTML, like Gecko) Chrome/127.0.0.0 Safari/537.36 Edg/127.0.0.0"
172.16.36.28 - - [16/Aug/2024:13:27:13 +0800] "GET /manager-page/api/snapshot.php?id=12&t=0.7539137108218648 HTTP/1.1" 500 - "http://192.168.60.79/manager-page/home-1.php" "Mozilla/5.0 (Windows NT 10.0; Win64; x64) AppleWebKit/537.36 (KHTML, like Gecko) Chrome/127.0.0.0 Safari/537.36 Edg/127.0.0.0"
172.16.36.28 - - [16/Aug/2024:13:27:03 +0800] "GET /manager-page/api/snapshot.php?id=12&t=0.09070613691912532 HTTP/1.1" 500 - "http://192.168.60.79/manager-page/home-1.php" "Mozilla/5.0 (Windows NT 10.0; Win64; x64) AppleWebKit/537.36 (KHTML, like Gecko) Chrome/127.0.0.0 Safari/537.36 Edg/127.0.0.0"
172.16.36.28 - - [16/Aug/2024:13:27:13 +0800] "GET /manager-page/api/snapshot.php?id=11&t=0.530974704523558 HTTP/1.1" 500 - "http://192.168.60.79/manager-page/home-1.php" "Mozilla/5.0 (Windows NT 10.0; Win64; x64) AppleWebKit/537.36 (KHTML, like Gecko) Chrome/127.0.0.0 Safari/537.36 Edg/127.0.0.0"
172.16.36.28 - - [16/Aug/2024:13:27:08 +0800] "GET /manager-page/api/snapshot.php?id=12&t=0.8245172759677277 HTTP/1.1" 500 - "http://192.168.60.79/manager-page/home-1.php" "Mozilla/5.0 (Windows NT 10.0; Win64; x64) AppleWebKit/537.36 (KHTML, like Gecko) Chrome/127.0.0.0 Safari/537.36 Edg/127.0.0.0"
172.16.36.28 - - [16/Aug/2024:13:27:19 +0800] "GET /manager-page/alarm/2-1.jpg?t=874710281 HTTP/1.1" 200 339428 "http://192.168.60.79/manager-page/home-2.php" "Mozilla/5.0 (Windows NT 10.0; Win64; x64) AppleWebKit/537.36 (KHTML, like Gecko) Chrome/127.0.0.0 Safari/537.36 Edg/127.0.0.0"
172.16.36.28 - - [16/Aug/2024:13:27:19 +0800] "GET /manager-page/alarm/2-2.jpg?t=1427448365 HTTP/1.1" 200 434240 "http://192.168.60.79/manager-page/home-2.php" "Mozilla/5.0 (Windows NT 10.0; Win64; x64) AppleWebKit/537.36 (KHTML, like Gecko) Chrome/127.0.0.0 Safari/537.36 Edg/127.0.0.0"
172.16.36.28 - - [16/Aug/2024:13:27:15 +0800] "GET /manager-page/home-2.php HTTP/1.1" 200 27314 "http://192.168.60.79/manager-page/home-1.php" "Mozilla/5.0 (Windows NT 10.0; Win64; x64) AppleWebKit/537.36 (KHTML, like Gecko) Chrome/127.0.0.0 Safari/537.36 Edg/127.0.0.0"
172.16.36.28 - - [16/Aug/2024:13:27:18 +0800] "GET /manager-page/api/snapshot.php?id=11&t=0.6297736055375716 HTTP/1.1" 500 - "http://192.168.60.79/manager-page/home-1.php" "Mozilla/5.0 (Windows NT 10.0; Win64; x64) AppleWebKit/537.36 (KHTML, like Gecko) Chrome/127.0.0.0 Safari/537.36 Edg/127.0.0.0"
172.16.36.28 - - [16/Aug/2024:13:27:18 +0800] "GET /manager-page/api/snapshot.php?id=12&t=0.13286557897640927 HTTP/1.1" 500 - "http://192.168.60.79/manager-page/home-1.php" "Mozilla/5.0 (Windows NT 10.0; Win64; x64) AppleWebKit/537.36 (KHTML, like Gecko) Chrome/127.0.0.0 Safari/537.36 Edg/127.0.0.0"
172.16.36.28 - - [16/Aug/2024:13:27:19 +0800] "GET /manager-page/api/snapshot.php?id=22 HTTP/1.1" 500 - "http://192.168.60.79/manager-page/home-2.php" "Mozilla/5.0 (Windows NT 10.0; Win64; x64) AppleWebKit/537.36 (KHTML, like Gecko) Chrome/127.0.0.0 Safari/537.36 Edg/127.0.0.0"
172.16.36.28 - - [16/Aug/2024:13:27:19 +0800] "GET /manager-page/api/snapshot.php?id=21 HTTP/1.1" 500 - "http://192.168.60.79/manager-page/home-2.php" "Mozilla/5.0 (Windows NT 10.0; Win64; x64) AppleWebKit/537.36 (KHTML, like Gecko) Chrome/127.0.0.0 Safari/537.36 Edg/127.0.0.0"
172.16.36.28 - - [16/Aug/2024:13:27:21 +0800] "GET /manager-page/api/cms-status2.php HTTP/1.1" 500 - "http://192.168.60.79/manager-page/home-2.php" "Mozilla/5.0 (Windows NT 10.0; Win64; x64) AppleWebKit/537.36 (KHTML, like Gecko) Chrome/127.0.0.0 Safari/537.36 Edg/127.0.0.0"
172.16.36.28 - - [16/Aug/2024:13:27:21 +0800] "GET /manager-page/api/lp-status2.php HTTP/1.1" 500 - "http://192.168.60.79/manager-page/home-2.php" "Mozilla/5.0 (Windows NT 10.0; Win64; x64) AppleWebKit/537.36 (KHTML, like Gecko) Chrome/127.0.0.0 Safari/537.36 Edg/127.0.0.0"
172.16.36.28 - - [16/Aug/2024:13:27:26 +0800] "GET /manager-page/api/snapshot.php?id=22&t=0.3293917552691794 HTTP/1.1" 200 43331 "http://192.168.60.79/manager-page/home-2.php" "Mozilla/5.0 (Windows NT 10.0; Win64; x64) AppleWebKit/537.36 (KHTML, like Gecko) Chrome/127.0.0.0 Safari/537.36 Edg/127.0.0.0"
172.16.36.28 - - [16/Aug/2024:13:27:26 +0800] "GET /manager-page/api/snapshot.php?id=21&t=0.28060052646095435 HTTP/1.1" 200 52294 "http://192.168.60.79/manager-page/home-2.php" "Mozilla/5.0 (Windows NT 10.0; Win64; x64) AppleWebKit/537.36 (KHTML, like Gecko) Chrome/127.0.0.0 Safari/537.36 Edg/127.0.0.0"
172.16.36.28 - - [16/Aug/2024:13:27:31 +0800] "GET /manager-page/api/snapshot.php?id=22&t=0.9756969204804891 HTTP/1.1" 200 43340 "http://192.168.60.79/manager-page/home-2.php" "Mozilla/5.0 (Windows NT 10.0; Win64; x64) AppleWebKit/537.36 (KHTML, like Gecko) Chrome/127.0.0.0 Safari/537.36 Edg/127.0.0.0"
172.16.36.28 - - [16/Aug/2024:13:27:31 +0800] "GET /manager-page/api/snapshot.php?id=21&t=0.32700386652303104 HTTP/1.1" 200 52333 "http://192.168.60.79/manager-page/home-2.php" "Mozilla/5.0 (Windows NT 10.0; Win64; x64) AppleWebKit/537.36 (KHTML, like Gecko) Chrome/127.0.0.0 Safari/537.36 Edg/127.0.0.0"
111.70.30.251 - - [16/Aug/2024:13:27:36 +0800] "POST /robot/lora-in.php HTTP/1.1" 200 - "-" "python-requests/2.21.0"
172.16.36.28 - - [16/Aug/2024:13:27:41 +0800] "GET /manager-page/api/snapshot.php?id=22&t=0.8663462077248525 HTTP/1.1" 500 - "http://192.168.60.79/manager-page/home-2.php" "Mozilla/5.0 (Windows NT 10.0; Win64; x64) AppleWebKit/537.36 (KHTML, like Gecko) Chrome/127.0.0.0 Safari/537.36 Edg/127.0.0.0"
172.16.36.28 - - [16/Aug/2024:13:27:41 +0800] "GET /manager-page/api/snapshot.php?id=21&t=0.08040604386826322 HTTP/1.1" 500 - "http://192.168.60.79/manager-page/home-2.php" "Mozilla/5.0 (Windows NT 10.0; Win64; x64) AppleWebKit/537.36 (KHTML, like Gecko) Chrome/127.0.0.0 Safari/537.36 Edg/127.0.0.0"
172.16.36.28 - - [16/Aug/2024:13:27:36 +0800] "GET /manager-page/api/snapshot.php?id=21&t=0.684452059347382 HTTP/1.1" 500 - "http://192.168.60.79/manager-page/home-2.php" "Mozilla/5.0 (Windows NT 10.0; Win64; x64) AppleWebKit/537.36 (KHTML, like Gecko) Chrome/127.0.0.0 Safari/537.36 Edg/127.0.0.0"
172.16.36.28 - - [16/Aug/2024:13:27:36 +0800] "GET /manager-page/api/snapshot.php?id=22&t=0.45222641771069694 HTTP/1.1" 500 - "http://192.168.60.79/manager-page/home-2.php" "Mozilla/5.0 (Windows NT 10.0; Win64; x64) AppleWebKit/537.36 (KHTML, like Gecko) Chrome/127.0.0.0 Safari/537.36 Edg/127.0.0.0"
172.16.36.28 - - [16/Aug/2024:13:27:46 +0800] "GET /manager-page/api/snapshot.php?id=21&t=0.962467223044797 HTTP/1.1" 200 52390 "http://192.168.60.79/manager-page/home-2.php" "Mozilla/5.0 (Windows NT 10.0; Win64; x64) AppleWebKit/537.36 (KHTML, like Gecko) Chrome/127.0.0.0 Safari/537.36 Edg/127.0.0.0"
172.16.36.28 - - [16/Aug/2024:13:27:46 +0800] "GET /manager-page/api/snapshot.php?id=22&t=0.8111488688955089 HTTP/1.1" 200 43385 "http://192.168.60.79/manager-page/home-2.php" "Mozilla/5.0 (Windows NT 10.0; Win64; x64) AppleWebKit/537.36 (KHTML, like Gecko) Chrome/127.0.0.0 Safari/537.36 Edg/127.0.0.0"
172.16.36.28 - - [16/Aug/2024:13:27:51 +0800] "GET /manager-page/api/snapshot.php?id=21&t=0.6302513594765196 HTTP/1.1" 200 52429 "http://192.168.60.79/manager-page/home-2.php" "Mozilla/5.0 (Windows NT 10.0; Win64; x64) AppleWebKit/537.36 (KHTML, like Gecko) Chrome/127.0.0.0 Safari/537.36 Edg/127.0.0.0"
172.16.36.28 - - [16/Aug/2024:13:27:51 +0800] "GET /manager-page/api/snapshot.php?id=22&t=0.6742286395262636 HTTP/1.1" 200 43404 "http://192.168.60.79/manager-page/home-2.php" "Mozilla/5.0 (Windows NT 10.0; Win64; x64) AppleWebKit/537.36 (KHTML, like Gecko) Chrome/127.0.0.0 Safari/537.36 Edg/127.0.0.0"
172.16.36.28 - - [16/Aug/2024:13:27:52 +0800] "GET /manager-page/alarm/3-2.jpg?t=1028798457 HTTP/1.1" 200 187208 "http://192.168.60.79/manager-page/home-3.php" "Mozilla/5.0 (Windows NT 10.0; Win64; x64) AppleWebKit/537.36 (KHTML, like Gecko) Chrome/127.0.0.0 Safari/537.36 Edg/127.0.0.0"
172.16.36.28 - - [16/Aug/2024:13:27:52 +0800] "GET /manager-page/alarm/3-1.jpg?t=1811629408 HTTP/1.1" 200 520364 "http://192.168.60.79/manager-page/home-3.php" "Mozilla/5.0 (Windows NT 10.0; Win64; x64) AppleWebKit/537.36 (KHTML, like Gecko) Chrome/127.0.0.0 Safari/537.36 Edg/127.0.0.0"
172.16.36.28 - - [16/Aug/2024:13:27:51 +0800] "GET /manager-page/home-3.php HTTP/1.1" 200 27325 "http://192.168.60.79/manager-page/home-2.php" "Mozilla/5.0 (Windows NT 10.0; Win64; x64) AppleWebKit/537.36 (KHTML, like Gecko) Chrome/127.0.0.0 Safari/537.36 Edg/127.0.0.0"
172.16.36.28 - - [16/Aug/2024:13:27:55 +0800] "GET /manager-page/img/locpic_03.jpg HTTP/1.1" 200 218984 "http://192.168.60.79/manager-page/home-3.php" "Mozilla/5.0 (Windows NT 10.0; Win64; x64) AppleWebKit/537.36 (KHTML, like Gecko) Chrome/127.0.0.0 Safari/537.36 Edg/127.0.0.0"
172.16.36.28 - - [16/Aug/2024:13:27:52 +0800] "GET /manager-page/api/snapshot.php?id=31 HTTP/1.1" 200 50485 "http://192.168.60.79/manager-page/home-3.php" "Mozilla/5.0 (Windows NT 10.0; Win64; x64) AppleWebKit/537.36 (KHTML, like Gecko) Chrome/127.0.0.0 Safari/537.36 Edg/127.0.0.0"
172.16.36.28 - - [16/Aug/2024:13:27:52 +0800] "GET /manager-page/api/snapshot.php?id=32 HTTP/1.1" 200 52134 "http://192.168.60.79/manager-page/home-3.php" "Mozilla/5.0 (Windows NT 10.0; Win64; x64) AppleWebKit/537.36 (KHTML, like Gecko) Chrome/127.0.0.0 Safari/537.36 Edg/127.0.0.0"
172.16.36.28 - - [16/Aug/2024:13:27:55 +0800] "GET /manager-page/api/lp-status3.php HTTP/1.1" 200 1 "http://192.168.60.79/manager-page/home-3.php" "Mozilla/5.0 (Windows NT 10.0; Win64; x64) AppleWebKit/537.36 (KHTML, like Gecko) Chrome/127.0.0.0 Safari/537.36 Edg/127.0.0.0"
172.16.36.28 - - [16/Aug/2024:13:27:55 +0800] "GET /manager-page/api/cms-status3.php HTTP/1.1" 200 12 "http://192.168.60.79/manager-page/home-3.php" "Mozilla/5.0 (Windows NT 10.0; Win64; x64) AppleWebKit/537.36 (KHTML, like Gecko) Chrome/127.0.0.0 Safari/537.36 Edg/127.0.0.0"
172.16.36.28 - - [16/Aug/2024:13:28:00 +0800] "GET /manager-page/api/snapshot.php?id=31&t=0.7555705439942526 HTTP/1.1" 200 50529 "http://192.168.60.79/manager-page/home-3.php" "Mozilla/5.0 (Windows NT 10.0; Win64; x64) AppleWebKit/537.36 (KHTML, like Gecko) Chrome/127.0.0.0 Safari/537.36 Edg/127.0.0.0"
127.0.0.1 - - [16/Aug/2024:13:28:00 +0800] "GET /robot/alarm-history-in.php HTTP/1.1" 200 - "-" "python-requests/2.28.1"
172.16.36.28 - - [16/Aug/2024:13:28:00 +0800] "GET /manager-page/api/snapshot.php?id=32&t=0.7281013836105763 HTTP/1.1" 200 52114 "http://192.168.60.79/manager-page/home-3.php" "Mozilla/5.0 (Windows NT 10.0; Win64; x64) AppleWebKit/537.36 (KHTML, like Gecko) Chrome/127.0.0.0 Safari/537.36 Edg/127.0.0.0"
172.16.36.28 - - [16/Aug/2024:13:28:05 +0800] "GET /manager-page/api/snapshot.php?id=31&t=0.7476857622998536 HTTP/1.1" 200 50550 "http://192.168.60.79/manager-page/home-3.php" "Mozilla/5.0 (Windows NT 10.0; Win64; x64) AppleWebKit/537.36 (KHTML, like Gecko) Chrome/127.0.0.0 Safari/537.36 Edg/127.0.0.0"
172.16.36.28 - - [16/Aug/2024:13:28:05 +0800] "GET /manager-page/api/snapshot.php?id=32&t=0.909868947175076 HTTP/1.1" 500 - "http://192.168.60.79/manager-page/home-3.php" "Mozilla/5.0 (Windows NT 10.0; Win64; x64) AppleWebKit/537.36 (KHTML, like Gecko) Chrome/127.0.0.0 Safari/537.36 Edg/127.0.0.0"
127.0.0.1 - - [16/Aug/2024:13:28:15 +0800] "POST /robot/et-7026-in.php HTTP/1.1" 200 - "-" "python-requests/2.31.0"
172.16.36.28 - - [16/Aug/2024:13:28:10 +0800] "GET /manager-page/api/snapshot.php?id=31&t=0.24216633033172363 HTTP/1.1" 200 50644 "http://192.168.60.79/manager-page/home-3.php" "Mozilla/5.0 (Windows NT 10.0; Win64; x64) AppleWebKit/537.36 (KHTML, like Gecko) Chrome/127.0.0.0 Safari/537.36 Edg/127.0.0.0"
172.16.36.28 - - [16/Aug/2024:13:28:10 +0800] "GET /manager-page/api/snapshot.php?id=32&t=0.24083351004195452 HTTP/1.1" 200 52212 "http://192.168.60.79/manager-page/home-3.php" "Mozilla/5.0 (Windows NT 10.0; Win64; x64) AppleWebKit/537.36 (KHTML, like Gecko) Chrome/127.0.0.0 Safari/537.36 Edg/127.0.0.0"
172.16.36.28 - - [16/Aug/2024:13:28:15 +0800] "GET /manager-page/api/snapshot.php?id=32&t=0.49424359093692494 HTTP/1.1" 200 52210 "http://192.168.60.79/manager-page/home-3.php" "Mozilla/5.0 (Windows NT 10.0; Win64; x64) AppleWebKit/537.36 (KHTML, like Gecko) Chrome/127.0.0.0 Safari/537.36 Edg/127.0.0.0"
172.16.36.28 - - [16/Aug/2024:13:28:15 +0800] "GET /manager-page/api/snapshot.php?id=31&t=0.9943224186176198 HTTP/1.1" 200 50689 "http://192.168.60.79/manager-page/home-3.php" "Mozilla/5.0 (Windows NT 10.0; Win64; x64) AppleWebKit/537.36 (KHTML, like Gecko) Chrome/127.0.0.0 Safari/537.36 Edg/127.0.0.0"
172.16.36.28 - - [16/Aug/2024:13:28:20 +0800] "GET /manager-page/api/snapshot.php?id=32&t=0.8355637167288468 HTTP/1.1" 200 52269 "http://192.168.60.79/manager-page/home-3.php" "Mozilla/5.0 (Windows NT 10.0; Win64; x64) AppleWebKit/537.36 (KHTML, like Gecko) Chrome/127.0.0.0 Safari/537.36 Edg/127.0.0.0"
172.16.36.28 - - [16/Aug/2024:13:28:20 +0800] "GET /manager-page/api/snapshot.php?id=31&t=0.8199599170583427 HTTP/1.1" 200 50667 "http://192.168.60.79/manager-page/home-3.php" "Mozilla/5.0 (Windows NT 10.0; Win64; x64) AppleWebKit/537.36 (KHTML, like Gecko) Chrome/127.0.0.0 Safari/537.36 Edg/127.0.0.0"
172.16.36.28 - - [16/Aug/2024:13:28:25 +0800] "GET /manager-page/api/snapshot.php?id=32&t=0.1782082366315545 HTTP/1.1" 200 52211 "http://192.168.60.79/manager-page/home-3.php" "Mozilla/5.0 (Windows NT 10.0; Win64; x64) AppleWebKit/537.36 (KHTML, like Gecko) Chrome/127.0.0.0 Safari/537.36 Edg/127.0.0.0"
172.16.36.28 - - [16/Aug/2024:13:28:25 +0800] "GET /manager-page/api/snapshot.php?id=31&t=0.9468146517994536 HTTP/1.1" 500 - "http://192.168.60.79/manager-page/home-3.php" "Mozilla/5.0 (Windows NT 10.0; Win64; x64) AppleWebKit/537.36 (KHTML, like Gecko) Chrome/127.0.0.0 Safari/537.36 Edg/127.0.0.0"
172.16.36.28 - - [16/Aug/2024:13:28:26 +0800] "GET /manager-page/home-4.php HTTP/1.1" 200 27325 "http://192.168.60.79/manager-page/home-3.php" "Mozilla/5.0 (Windows NT 10.0; Win64; x64) AppleWebKit/537.36 (KHTML, like Gecko) Chrome/127.0.0.0 Safari/537.36 Edg/127.0.0.0"
172.16.36.28 - - [16/Aug/2024:13:28:30 +0800] "GET /manager-page/api/snapshot.php?id=31&t=0.14682829120211216 HTTP/1.1" 500 - "http://192.168.60.79/manager-page/home-3.php" "Mozilla/5.0 (Windows NT 10.0; Win64; x64) AppleWebKit/537.36 (KHTML, like Gecko) Chrome/127.0.0.0 Safari/537.36 Edg/127.0.0.0"
172.16.36.28 - - [16/Aug/2024:13:28:30 +0800] "GET /manager-page/api/snapshot.php?id=32&t=0.2971399147515923 HTTP/1.1" 500 - "http://192.168.60.79/manager-page/home-3.php" "Mozilla/5.0 (Windows NT 10.0; Win64; x64) AppleWebKit/537.36 (KHTML, like Gecko) Chrome/127.0.0.0 Safari/537.36 Edg/127.0.0.0"
172.16.36.28 - - [16/Aug/2024:13:28:30 +0800] "GET /manager-page/home-4.php HTTP/1.1" 200 18322 "http://192.168.60.79/manager-page/home-3.php" "Mozilla/5.0 (Windows NT 10.0; Win64; x64) AppleWebKit/537.36 (KHTML, like Gecko) Chrome/127.0.0.0 Safari/537.36 Edg/127.0.0.0"
172.16.36.28 - - [16/Aug/2024:13:28:35 +0800] "GET /manager-page/api/snapshot.php?id=31&t=0.7309021738392831 HTTP/1.1" 200 50739 "http://192.168.60.79/manager-page/home-3.php" "Mozilla/5.0 (Windows NT 10.0; Win64; x64) AppleWebKit/537.36 (KHTML, like Gecko) Chrome/127.0.0.0 Safari/537.36 Edg/127.0.0.0"
172.16.36.28 - - [16/Aug/2024:13:28:35 +0800] "GET /manager-page/api/snapshot.php?id=32&t=0.8358605070820087 HTTP/1.1" 500 - "http://192.168.60.79/manager-page/home-3.php" "Mozilla/5.0 (Windows NT 10.0; Win64; x64) AppleWebKit/537.36 (KHTML, like Gecko) Chrome/127.0.0.0 Safari/537.36 Edg/127.0.0.0"
172.16.36.28 - - [16/Aug/2024:13:28:37 +0800] "GET /manager-page/home-4.php HTTP/1.1" 200 18322 "http://192.168.60.79/manager-page/home-3.php" "Mozilla/5.0 (Windows NT 10.0; Win64; x64) AppleWebKit/537.36 (KHTML, like Gecko) Chrome/127.0.0.0 Safari/537.36 Edg/127.0.0.0"
172.16.36.28 - - [16/Aug/2024:13:28:40 +0800] "GET /manager-page/api/snapshot.php?id=32&t=0.6612243350712206 HTTP/1.1" 500 - "http://192.168.60.79/manager-page/home-3.php" "Mozilla/5.0 (Windows NT 10.0; Win64; x64) AppleWebKit/537.36 (KHTML, like Gecko) Chrome/127.0.0.0 Safari/537.36 Edg/127.0.0.0"
172.16.36.28 - - [16/Aug/2024:13:28:40 +0800] "GET /manager-page/api/snapshot.php?id=31&t=0.7637730452116072 HTTP/1.1" 500 - "http://192.168.60.79/manager-page/home-3.php" "Mozilla/5.0 (Windows NT 10.0; Win64; x64) AppleWebKit/537.36 (KHTML, like Gecko) Chrome/127.0.0.0 Safari/537.36 Edg/127.0.0.0"
172.16.36.28 - - [16/Aug/2024:13:28:49 +0800] "GET /manager-page/alarm/4-1.jpg?t=136084374 HTTP/1.1" 200 396936 "http://192.168.60.79/manager-page/home-4.php" "Mozilla/5.0 (Windows NT 10.0; Win64; x64) AppleWebKit/537.36 (KHTML, like Gecko) Chrome/127.0.0.0 Safari/537.36 Edg/127.0.0.0"
172.16.36.28 - - [16/Aug/2024:13:28:49 +0800] "GET /manager-page/alarm/4-2.jpg?t=1664585536 HTTP/1.1" 200 600459 "http://192.168.60.79/manager-page/home-4.php" "Mozilla/5.0 (Windows NT 10.0; Win64; x64) AppleWebKit/537.36 (KHTML, like Gecko) Chrome/127.0.0.0 Safari/537.36 Edg/127.0.0.0"
172.16.36.28 - - [16/Aug/2024:13:28:41 +0800] "GET /manager-page/home-4.php HTTP/1.1" 200 27325 "http://192.168.60.79/manager-page/home-3.php" "Mozilla/5.0 (Windows NT 10.0; Win64; x64) AppleWebKit/537.36 (KHTML, like Gecko) Chrome/127.0.0.0 Safari/537.36 Edg/127.0.0.0"
172.16.36.28 - - [16/Aug/2024:13:28:50 +0800] "GET /manager-page/img/locpic_04.jpg HTTP/1.1" 200 95941 "http://192.168.60.79/manager-page/home-4.php" "Mozilla/5.0 (Windows NT 10.0; Win64; x64) AppleWebKit/537.36 (KHTML, like Gecko) Chrome/127.0.0.0 Safari/537.36 Edg/127.0.0.0"
172.16.36.28 - - [16/Aug/2024:13:28:45 +0800] "GET /manager-page/api/snapshot.php?id=32&t=0.7657592170318077 HTTP/1.1" 200 52328 "http://192.168.60.79/manager-page/home-3.php" "Mozilla/5.0 (Windows NT 10.0; Win64; x64) AppleWebKit/537.36 (KHTML, like Gecko) Chrome/127.0.0.0 Safari/537.36 Edg/127.0.0.0"
172.16.36.28 - - [16/Aug/2024:13:28:45 +0800] "GET /manager-page/api/snapshot.php?id=31&t=0.5377910004167508 HTTP/1.1" 500 - "http://192.168.60.79/manager-page/home-3.php" "Mozilla/5.0 (Windows NT 10.0; Win64; x64) AppleWebKit/537.36 (KHTML, like Gecko) Chrome/127.0.0.0 Safari/537.36 Edg/127.0.0.0"
172.16.36.28 - - [16/Aug/2024:13:28:49 +0800] "GET /manager-page/api/snapshot.php?id=42 HTTP/1.1" 500 - "http://192.168.60.79/manager-page/home-4.php" "Mozilla/5.0 (Windows NT 10.0; Win64; x64) AppleWebKit/537.36 (KHTML, like Gecko) Chrome/127.0.0.0 Safari/537.36 Edg/127.0.0.0"
172.16.36.28 - - [16/Aug/2024:13:28:49 +0800] "GET /manager-page/api/snapshot.php?id=41 HTTP/1.1" 500 - "http://192.168.60.79/manager-page/home-4.php" "Mozilla/5.0 (Windows NT 10.0; Win64; x64) AppleWebKit/537.36 (KHTML, like Gecko) Chrome/127.0.0.0 Safari/537.36 Edg/127.0.0.0"
172.16.36.28 - - [16/Aug/2024:13:28:50 +0800] "GET /manager-page/api/lp-status4.php HTTP/1.1" 500 - "http://192.168.60.79/manager-page/home-4.php" "Mozilla/5.0 (Windows NT 10.0; Win64; x64) AppleWebKit/537.36 (KHTML, like Gecko) Chrome/127.0.0.0 Safari/537.36 Edg/127.0.0.0"
172.16.36.28 - - [16/Aug/2024:13:28:50 +0800] "GET /manager-page/api/cms-status4.php HTTP/1.1" 500 - "http://192.168.60.79/manager-page/home-4.php" "Mozilla/5.0 (Windows NT 10.0; Win64; x64) AppleWebKit/537.36 (KHTML, like Gecko) Chrome/127.0.0.0 Safari/537.36 Edg/127.0.0.0"
172.16.36.28 - - [16/Aug/2024:13:28:55 +0800] "GET /manager-page/api/snapshot.php?id=42&t=0.8989999417563503 HTTP/1.1" 200 49677 "http://192.168.60.79/manager-page/home-4.php" "Mozilla/5.0 (Windows NT 10.0; Win64; x64) AppleWebKit/537.36 (KHTML, like Gecko) Chrome/127.0.0.0 Safari/537.36 Edg/127.0.0.0"
172.16.36.28 - - [16/Aug/2024:13:28:55 +0800] "GET /manager-page/api/snapshot.php?id=41&t=0.04437763558864938 HTTP/1.1" 200 50479 "http://192.168.60.79/manager-page/home-4.php" "Mozilla/5.0 (Windows NT 10.0; Win64; x64) AppleWebKit/537.36 (KHTML, like Gecko) Chrome/127.0.0.0 Safari/537.36 Edg/127.0.0.0"
127.0.0.1 - - [16/Aug/2024:13:29:00 +0800] "GET /robot/alarm-history-in.php HTTP/1.1" 200 - "-" "python-requests/2.28.1"
172.16.36.28 - - [16/Aug/2024:13:29:00 +0800] "GET /manager-page/api/snapshot.php?id=42&t=0.12428614256767312 HTTP/1.1" 200 49663 "http://192.168.60.79/manager-page/home-4.php" "Mozilla/5.0 (Windows NT 10.0; Win64; x64) AppleWebKit/537.36 (KHTML, like Gecko) Chrome/127.0.0.0 Safari/537.36 Edg/127.0.0.0"
172.16.36.28 - - [16/Aug/2024:13:29:00 +0800] "GET /manager-page/api/snapshot.php?id=41&t=0.26226731313190577 HTTP/1.1" 200 50511 "http://192.168.60.79/manager-page/home-4.php" "Mozilla/5.0 (Windows NT 10.0; Win64; x64) AppleWebKit/537.36 (KHTML, like Gecko) Chrome/127.0.0.0 Safari/537.36 Edg/127.0.0.0"
172.16.36.28 - - [16/Aug/2024:13:29:05 +0800] "GET /manager-page/api/snapshot.php?id=41&t=0.829313222666693 HTTP/1.1" 200 50536 "http://192.168.60.79/manager-page/home-4.php" "Mozilla/5.0 (Windows NT 10.0; Win64; x64) AppleWebKit/537.36 (KHTML, like Gecko) Chrome/127.0.0.0 Safari/537.36 Edg/127.0.0.0"
172.16.36.28 - - [16/Aug/2024:13:29:05 +0800] "GET /manager-page/api/snapshot.php?id=42&t=0.881304641257229 HTTP/1.1" 200 49439 "http://192.168.60.79/manager-page/home-4.php" "Mozilla/5.0 (Windows NT 10.0; Win64; x64) AppleWebKit/537.36 (KHTML, like Gecko) Chrome/127.0.0.0 Safari/537.36 Edg/127.0.0.0"
172.16.36.28 - - [16/Aug/2024:13:29:10 +0800] "GET /manager-page/api/snapshot.php?id=41&t=0.942909093898536 HTTP/1.1" 200 50535 "http://192.168.60.79/manager-page/home-4.php" "Mozilla/5.0 (Windows NT 10.0; Win64; x64) AppleWebKit/537.36 (KHTML, like Gecko) Chrome/127.0.0.0 Safari/537.36 Edg/127.0.0.0"
172.16.36.28 - - [16/Aug/2024:13:29:10 +0800] "GET /manager-page/api/snapshot.php?id=42&t=0.2441486336754064 HTTP/1.1" 200 49683 "http://192.168.60.79/manager-page/home-4.php" "Mozilla/5.0 (Windows NT 10.0; Win64; x64) AppleWebKit/537.36 (KHTML, like Gecko) Chrome/127.0.0.0 Safari/537.36 Edg/127.0.0.0"
172.16.36.28 - - [16/Aug/2024:13:29:15 +0800] "GET /manager-page/api/snapshot.php?id=42&t=0.22635581775602698 HTTP/1.1" 200 49728 "http://192.168.60.79/manager-page/home-4.php" "Mozilla/5.0 (Windows NT 10.0; Win64; x64) AppleWebKit/537.36 (KHTML, like Gecko) Chrome/127.0.0.0 Safari/537.36 Edg/127.0.0.0"
172.16.36.28 - - [16/Aug/2024:13:29:15 +0800] "GET /manager-page/api/snapshot.php?id=41&t=0.24292456443585153 HTTP/1.1" 200 50589 "http://192.168.60.79/manager-page/home-4.php" "Mozilla/5.0 (Windows NT 10.0; Win64; x64) AppleWebKit/537.36 (KHTML, like Gecko) Chrome/127.0.0.0 Safari/537.36 Edg/127.0.0.0"
172.16.36.28 - - [16/Aug/2024:13:29:20 +0800] "GET /manager-page/api/snapshot.php?id=41&t=0.6194880722705369 HTTP/1.1" 200 50558 "http://192.168.60.79/manager-page/home-4.php" "Mozilla/5.0 (Windows NT 10.0; Win64; x64) AppleWebKit/537.36 (KHTML, like Gecko) Chrome/127.0.0.0 Safari/537.36 Edg/127.0.0.0"
172.16.36.28 - - [16/Aug/2024:13:29:20 +0800] "GET /manager-page/api/snapshot.php?id=42&t=0.29232882601159127 HTTP/1.1" 200 49814 "http://192.168.60.79/manager-page/home-4.php" "Mozilla/5.0 (Windows NT 10.0; Win64; x64) AppleWebKit/537.36 (KHTML, like Gecko) Chrome/127.0.0.0 Safari/537.36 Edg/127.0.0.0"
172.16.36.28 - - [16/Aug/2024:13:29:25 +0800] "GET /manager-page/api/snapshot.php?id=42&t=0.6394399297527895 HTTP/1.1" 200 49794 "http://192.168.60.79/manager-page/home-4.php" "Mozilla/5.0 (Windows NT 10.0; Win64; x64) AppleWebKit/537.36 (KHTML, like Gecko) Chrome/127.0.0.0 Safari/537.36 Edg/127.0.0.0"
172.16.36.28 - - [16/Aug/2024:13:29:25 +0800] "GET /manager-page/api/snapshot.php?id=41&t=0.001491883830378793 HTTP/1.1" 200 50600 "http://192.168.60.79/manager-page/home-4.php" "Mozilla/5.0 (Windows NT 10.0; Win64; x64) AppleWebKit/537.36 (KHTML, like Gecko) Chrome/127.0.0.0 Safari/537.36 Edg/127.0.0.0"
172.16.36.28 - - [16/Aug/2024:13:29:30 +0800] "GET /manager-page/api/snapshot.php?id=42&t=0.40033939991165446 HTTP/1.1" 200 49819 "http://192.168.60.79/manager-page/home-4.php" "Mozilla/5.0 (Windows NT 10.0; Win64; x64) AppleWebKit/537.36 (KHTML, like Gecko) Chrome/127.0.0.0 Safari/537.36 Edg/127.0.0.0"
172.16.36.28 - - [16/Aug/2024:13:29:30 +0800] "GET /manager-page/api/snapshot.php?id=41&t=0.5594974965369763 HTTP/1.1" 200 50555 "http://192.168.60.79/manager-page/home-4.php" "Mozilla/5.0 (Windows NT 10.0; Win64; x64) AppleWebKit/537.36 (KHTML, like Gecko) Chrome/127.0.0.0 Safari/537.36 Edg/127.0.0.0"
172.16.36.28 - - [16/Aug/2024:13:29:35 +0800] "GET /manager-page/api/snapshot.php?id=41&t=0.11256443969420782 HTTP/1.1" 200 50603 "http://192.168.60.79/manager-page/home-4.php" "Mozilla/5.0 (Windows NT 10.0; Win64; x64) AppleWebKit/537.36 (KHTML, like Gecko) Chrome/127.0.0.0 Safari/537.36 Edg/127.0.0.0"
172.16.36.28 - - [16/Aug/2024:13:29:35 +0800] "GET /manager-page/api/snapshot.php?id=42&t=0.6488078668296109 HTTP/1.1" 200 49815 "http://192.168.60.79/manager-page/home-4.php" "Mozilla/5.0 (Windows NT 10.0; Win64; x64) AppleWebKit/537.36 (KHTML, like Gecko) Chrome/127.0.0.0 Safari/537.36 Edg/127.0.0.0"
172.16.36.28 - - [16/Aug/2024:13:29:40 +0800] "GET /manager-page/api/snapshot.php?id=42&t=0.34487205598721893 HTTP/1.1" 200 49790 "http://192.168.60.79/manager-page/home-4.php" "Mozilla/5.0 (Windows NT 10.0; Win64; x64) AppleWebKit/537.36 (KHTML, like Gecko) Chrome/127.0.0.0 Safari/537.36 Edg/127.0.0.0"
172.16.36.28 - - [16/Aug/2024:13:29:40 +0800] "GET /manager-page/api/snapshot.php?id=41&t=0.5105536247041969 HTTP/1.1" 200 50595 "http://192.168.60.79/manager-page/home-4.php" "Mozilla/5.0 (Windows NT 10.0; Win64; x64) AppleWebKit/537.36 (KHTML, like Gecko) Chrome/127.0.0.0 Safari/537.36 Edg/127.0.0.0"
172.16.36.28 - - [16/Aug/2024:13:29:45 +0800] "GET /manager-page/api/snapshot.php?id=42&t=0.30782328911908374 HTTP/1.1" 200 49876 "http://192.168.60.79/manager-page/home-4.php" "Mozilla/5.0 (Windows NT 10.0; Win64; x64) AppleWebKit/537.36 (KHTML, like Gecko) Chrome/127.0.0.0 Safari/537.36 Edg/127.0.0.0"
172.16.36.28 - - [16/Aug/2024:13:29:45 +0800] "GET /manager-page/api/snapshot.php?id=41&t=0.9428564513314917 HTTP/1.1" 200 50618 "http://192.168.60.79/manager-page/home-4.php" "Mozilla/5.0 (Windows NT 10.0; Win64; x64) AppleWebKit/537.36 (KHTML, like Gecko) Chrome/127.0.0.0 Safari/537.36 Edg/127.0.0.0"
172.16.36.28 - - [16/Aug/2024:13:29:50 +0800] "GET /manager-page/api/snapshot.php?id=42&t=0.9154918584437801 HTTP/1.1" 200 49852 "http://192.168.60.79/manager-page/home-4.php" "Mozilla/5.0 (Windows NT 10.0; Win64; x64) AppleWebKit/537.36 (KHTML, like Gecko) Chrome/127.0.0.0 Safari/537.36 Edg/127.0.0.0"
172.16.36.28 - - [16/Aug/2024:13:29:50 +0800] "GET /manager-page/api/snapshot.php?id=41&t=0.9665971141662113 HTTP/1.1" 200 50758 "http://192.168.60.79/manager-page/home-4.php" "Mozilla/5.0 (Windows NT 10.0; Win64; x64) AppleWebKit/537.36 (KHTML, like Gecko) Chrome/127.0.0.0 Safari/537.36 Edg/127.0.0.0"
172.16.36.28 - - [16/Aug/2024:13:29:55 +0800] "GET /manager-page/api/snapshot.php?id=41&t=0.09444403881609675 HTTP/1.1" 200 50736 "http://192.168.60.79/manager-page/home-4.php" "Mozilla/5.0 (Windows NT 10.0; Win64; x64) AppleWebKit/537.36 (KHTML, like Gecko) Chrome/127.0.0.0 Safari/537.36 Edg/127.0.0.0"
172.16.36.28 - - [16/Aug/2024:13:29:55 +0800] "GET /manager-page/api/snapshot.php?id=42&t=0.3033111988723143 HTTP/1.1" 200 49862 "http://192.168.60.79/manager-page/home-4.php" "Mozilla/5.0 (Windows NT 10.0; Win64; x64) AppleWebKit/537.36 (KHTML, like Gecko) Chrome/127.0.0.0 Safari/537.36 Edg/127.0.0.0"
172.16.36.28 - - [16/Aug/2024:13:29:58 +0800] "GET /manager-page/alarm/1-2.jpg?t=1047724619 HTTP/1.1" 200 439517 "http://192.168.60.79/manager-page/home-1.php" "Mozilla/5.0 (Windows NT 10.0; Win64; x64) AppleWebKit/537.36 (KHTML, like Gecko) Chrome/127.0.0.0 Safari/537.36 Edg/127.0.0.0"
172.16.36.28 - - [16/Aug/2024:13:29:58 +0800] "GET /manager-page/alarm/1-1.jpg?t=611383328 HTTP/1.1" 200 362747 "http://192.168.60.79/manager-page/home-1.php" "Mozilla/5.0 (Windows NT 10.0; Win64; x64) AppleWebKit/537.36 (KHTML, like Gecko) Chrome/127.0.0.0 Safari/537.36 Edg/127.0.0.0"
172.16.36.28 - - [16/Aug/2024:13:29:56 +0800] "GET /manager-page/home-1.php HTTP/1.1" 200 27318 "http://192.168.60.79/manager-page/home-4.php" "Mozilla/5.0 (Windows NT 10.0; Win64; x64) AppleWebKit/537.36 (KHTML, like Gecko) Chrome/127.0.0.0 Safari/537.36 Edg/127.0.0.0"
172.16.36.28 - - [16/Aug/2024:13:29:58 +0800] "GET /manager-page/api/snapshot.php?id=12 HTTP/1.1" 200 31125 "http://192.168.60.79/manager-page/home-1.php" "Mozilla/5.0 (Windows NT 10.0; Win64; x64) AppleWebKit/537.36 (KHTML, like Gecko) Chrome/127.0.0.0 Safari/537.36 Edg/127.0.0.0"
172.16.36.28 - - [16/Aug/2024:13:29:58 +0800] "GET /manager-page/api/snapshot.php?id=11 HTTP/1.1" 200 31313 "http://192.168.60.79/manager-page/home-1.php" "Mozilla/5.0 (Windows NT 10.0; Win64; x64) AppleWebKit/537.36 (KHTML, like Gecko) Chrome/127.0.0.0 Safari/537.36 Edg/127.0.0.0"
172.16.36.28 - - [16/Aug/2024:13:30:00 +0800] "GET /manager-page/api/lp-status1.php HTTP/1.1" 500 - "http://192.168.60.79/manager-page/home-1.php" "Mozilla/5.0 (Windows NT 10.0; Win64; x64) AppleWebKit/537.36 (KHTML, like Gecko) Chrome/127.0.0.0 Safari/537.36 Edg/127.0.0.0"
172.16.36.28 - - [16/Aug/2024:13:30:00 +0800] "GET /manager-page/api/cms-status1.php HTTP/1.1" 500 - "http://192.168.60.79/manager-page/home-1.php" "Mozilla/5.0 (Windows NT 10.0; Win64; x64) AppleWebKit/537.36 (KHTML, like Gecko) Chrome/127.0.0.0 Safari/537.36 Edg/127.0.0.0"
172.16.36.28 - - [16/Aug/2024:13:30:05 +0800] "GET /manager-page/api/snapshot.php?id=11&t=0.8860874170223716 HTTP/1.1" 200 31309 "http://192.168.60.79/manager-page/home-1.php" "Mozilla/5.0 (Windows NT 10.0; Win64; x64) AppleWebKit/537.36 (KHTML, like Gecko) Chrome/127.0.0.0 Safari/537.36 Edg/127.0.0.0"
172.16.36.28 - - [16/Aug/2024:13:30:05 +0800] "GET /manager-page/api/snapshot.php?id=12&t=0.5114583607908143 HTTP/1.1" 500 - "http://192.168.60.79/manager-page/home-1.php" "Mozilla/5.0 (Windows NT 10.0; Win64; x64) AppleWebKit/537.36 (KHTML, like Gecko) Chrome/127.0.0.0 Safari/537.36 Edg/127.0.0.0"
172.16.36.28 - - [16/Aug/2024:13:30:10 +0800] "GET /manager-page/logout.php HTTP/1.1" 302 - "http://192.168.60.79/manager-page/home-1.php" "Mozilla/5.0 (Windows NT 10.0; Win64; x64) AppleWebKit/537.36 (KHTML, like Gecko) Chrome/127.0.0.0 Safari/537.36 Edg/127.0.0.0"
172.16.36.28 - - [16/Aug/2024:13:30:12 +0800] "GET /manager-page/login.php HTTP/1.1" 200 2365 "http://192.168.60.79/manager-page/home-1.php" "Mozilla/5.0 (Windows NT 10.0; Win64; x64) AppleWebKit/537.36 (KHTML, like Gecko) Chrome/127.0.0.0 Safari/537.36 Edg/127.0.0.0"
172.16.36.28 - - [16/Aug/2024:13:30:10 +0800] "GET /manager-page/api/snapshot.php?id=11&t=0.09253459774498851 HTTP/1.1" 200 31570 "http://192.168.60.79/manager-page/home-1.php" "Mozilla/5.0 (Windows NT 10.0; Win64; x64) AppleWebKit/537.36 (KHTML, like Gecko) Chrome/127.0.0.0 Safari/537.36 Edg/127.0.0.0"
172.16.36.28 - - [16/Aug/2024:13:30:10 +0800] "GET /manager-page/api/snapshot.php?id=12&t=0.7135738301771779 HTTP/1.1" 200 31048 "http://192.168.60.79/manager-page/home-1.php" "Mozilla/5.0 (Windows NT 10.0; Win64; x64) AppleWebKit/537.36 (KHTML, like Gecko) Chrome/127.0.0.0 Safari/537.36 Edg/127.0.0.0"
127.0.0.1 - - [16/Aug/2024:13:30:00 +0800] "GET /robot/alarm-history-in.php HTTP/1.1" 200 - "-" "python-requests/2.28.1"
127.0.0.1 - - [16/Aug/2024:13:30:41 +0800] "GET /manager-page/api/cms-on1-rdws.php?token=7654354354675426652656 HTTP/1.1" 500 - "-" "-"
111.70.30.250 - - [16/Aug/2024:13:30:36 +0800] "POST /robot/lora-in.php HTTP/1.1" 200 29 "-" "python-requests/2.21.0"
111.70.30.253 - - [16/Aug/2024:13:30:55 +0800] "POST /robot/lora-in.php HTTP/1.1" 200 - "-" "python-requests/2.21.0"
111.70.30.253 - - [16/Aug/2024:13:31:03 +0800] "POST /robot/lora-in.php HTTP/1.1" 200 - "-" "python-requests/2.21.0"
127.0.0.1 - - [16/Aug/2024:13:31:00 +0800] "GET /robot/alarm-history-in.php HTTP/1.1" 200 - "-" "python-requests/2.28.1"
111.70.30.251 - - [16/Aug/2024:13:31:17 +0800] "POST /robot/lora-in.php HTTP/1.1" 200 - "-" "python-requests/2.21.0"
111.70.30.251 - - [16/Aug/2024:13:31:35 +0800] "POST /robot/lora-in.php HTTP/1.1" 200 - "-" "python-requests/2.21.0"
127.0.0.1 - - [16/Aug/2024:13:32:00 +0800] "GET /robot/alarm-history-in.php HTTP/1.1" 200 - "-" "python-requests/2.28.1"
111.70.30.251 - - [16/Aug/2024:13:32:47 +0800] "POST /robot/lora-in.php HTTP/1.1" 200 - "-" "python-requests/2.21.0"
127.0.0.1 - - [16/Aug/2024:13:32:45 +0800] "POST /robot/lora-in.php HTTP/1.1" 200 - "-" "python-requests/2.31.0"
127.0.0.1 - - [16/Aug/2024:13:32:54 +0800] "POST /robot/lora-in.php HTTP/1.1" 200 - "-" "python-requests/2.31.0"
127.0.0.1 - - [16/Aug/2024:13:33:00 +0800] "GET /robot/alarm-history-in.php HTTP/1.1" 200 - "-" "python-requests/2.28.1"
127.0.0.1 - - [16/Aug/2024:13:33:16 +0800] "POST /robot/lora-in.php HTTP/1.1" 200 - "-" "python-requests/2.31.0"
127.0.0.1 - - [16/Aug/2024:13:33:30 +0800] "POST /robot/lora-in.php HTTP/1.1" 200 - "-" "python-requests/2.31.0"
127.0.0.1 - - [16/Aug/2024:13:33:40 +0800] "POST /robot/lora-in.php HTTP/1.1" 200 - "-" "python-requests/2.31.0"
127.0.0.1 - - [16/Aug/2024:13:34:00 +0800] "GET /robot/alarm-history-in.php HTTP/1.1" 200 - "-" "python-requests/2.28.1"
127.0.0.1 - - [16/Aug/2024:13:34:45 +0800] "POST /robot/et-7026-in.php HTTP/1.1" 200 - "-" "python-requests/2.31.0"
127.0.0.1 - - [16/Aug/2024:13:35:00 +0800] "GET /robot/alarm-history-in.php HTTP/1.1" 200 - "-" "python-requests/2.28.1"
111.70.30.251 - - [16/Aug/2024:13:35:08 +0800] "POST /robot/lora-in.php HTTP/1.1" 200 - "-" "python-requests/2.21.0"
111.70.30.251 - - [16/Aug/2024:13:35:34 +0800] "POST /robot/lora-in.php HTTP/1.1" 200 - "-" "python-requests/2.21.0"
127.0.0.1 - - [16/Aug/2024:13:36:00 +0800] "GET /robot/alarm-history-in.php HTTP/1.1" 200 - "-" "python-requests/2.28.1"
127.0.0.1 - - [16/Aug/2024:13:37:00 +0800] "GET /robot/alarm-history-in.php HTTP/1.1" 200 - "-" "python-requests/2.28.1"
111.70.30.252 - - [16/Aug/2024:13:37:03 +0800] "POST /robot/lora-in.php HTTP/1.1" 200 - "-" "python-requests/2.21.0"
127.0.0.1 - - [16/Aug/2024:13:38:00 +0800] "GET /robot/alarm-history-in.php HTTP/1.1" 200 - "-" "python-requests/2.28.1"
127.0.0.1 - - [16/Aug/2024:13:38:18 +0800] "POST /robot/et-7026-in.php HTTP/1.1" 200 - "-" "python-requests/2.31.0"
127.0.0.1 - - [16/Aug/2024:13:39:00 +0800] "GET /robot/alarm-history-in.php HTTP/1.1" 200 - "-" "python-requests/2.28.1"
111.70.30.251 - - [16/Aug/2024:13:39:11 +0800] "POST /robot/lora-in.php HTTP/1.1" 200 - "-" "python-requests/2.21.0"
127.0.0.1 - - [16/Aug/2024:13:39:14 +0800] "GET /manager-page/api/cms-on1-rdws.php?token=7654354354675426652656 HTTP/1.1" 500 - "-" "-"
111.70.30.250 - - [16/Aug/2024:13:39:12 +0800] "POST /robot/lora-in.php HTTP/1.1" 200 29 "-" "python-requests/2.21.0"
111.70.30.251 - - [16/Aug/2024:13:39:33 +0800] "POST /robot/lora-in.php HTTP/1.1" 200 - "-" "python-requests/2.21.0"
111.70.30.253 - - [16/Aug/2024:13:39:42 +0800] "POST /robot/lora-in.php HTTP/1.1" 200 - "-" "python-requests/2.21.0"
127.0.0.1 - - [16/Aug/2024:13:40:00 +0800] "GET /robot/alarm-history-in.php HTTP/1.1" 200 - "-" "python-requests/2.28.1"
127.0.0.1 - - [16/Aug/2024:13:41:00 +0800] "GET /robot/alarm-history-in.php HTTP/1.1" 200 - "-" "python-requests/2.28.1"
111.70.30.251 - - [16/Aug/2024:13:41:49 +0800] "POST /robot/lora-in.php HTTP/1.1" 200 - "-" "python-requests/2.21.0"
127.0.0.1 - - [16/Aug/2024:13:42:00 +0800] "GET /robot/alarm-history-in.php HTTP/1.1" 200 - "-" "python-requests/2.28.1"
127.0.0.1 - - [16/Aug/2024:13:42:43 +0800] "POST /robot/lora-in.php HTTP/1.1" 200 - "-" "python-requests/2.31.0"
127.0.0.1 - - [16/Aug/2024:13:42:49 +0800] "POST /robot/lora-in.php HTTP/1.1" 200 - "-" "python-requests/2.31.0"
127.0.0.1 - - [16/Aug/2024:13:43:00 +0800] "GET /robot/alarm-history-in.php HTTP/1.1" 200 - "-" "python-requests/2.28.1"
127.0.0.1 - - [16/Aug/2024:13:43:03 +0800] "POST /robot/lora-in.php HTTP/1.1" 200 - "-" "python-requests/2.31.0"
127.0.0.1 - - [16/Aug/2024:13:43:13 +0800] "POST /robot/lora-in.php HTTP/1.1" 200 - "-" "python-requests/2.31.0"
111.70.30.251 - - [16/Aug/2024:13:43:14 +0800] "POST /robot/lora-in.php HTTP/1.1" 200 - "-" "python-requests/2.21.0"
172.16.36.181 - - [16/Aug/2024:13:43:19 +0800] "GET /manager-page/home-3.php HTTP/1.1" 302 - "-" "Mozilla/5.0 (Windows NT 10.0; Win64; x64) AppleWebKit/537.36 (KHTML, like Gecko) Chrome/127.0.0.0 Safari/537.36 Edg/127.0.0.0"
172.16.36.181 - - [16/Aug/2024:13:43:19 +0800] "GET /manager-page/login.php HTTP/1.1" 200 2365 "-" "Mozilla/5.0 (Windows NT 10.0; Win64; x64) AppleWebKit/537.36 (KHTML, like Gecko) Chrome/127.0.0.0 Safari/537.36 Edg/127.0.0.0"
172.16.36.181 - - [16/Aug/2024:13:43:20 +0800] "GET /manager-page/css/w3-4.10.css HTTP/1.1" 200 23290 "http://192.168.60.79/manager-page/login.php" "Mozilla/5.0 (Windows NT 10.0; Win64; x64) AppleWebKit/537.36 (KHTML, like Gecko) Chrome/127.0.0.0 Safari/537.36 Edg/127.0.0.0"
172.16.36.181 - - [16/Aug/2024:13:43:20 +0800] "GET /manager-page/css/leaflet-1.9.3.css HTTP/1.1" 200 14655 "http://192.168.60.79/manager-page/login.php" "Mozilla/5.0 (Windows NT 10.0; Win64; x64) AppleWebKit/537.36 (KHTML, like Gecko) Chrome/127.0.0.0 Safari/537.36 Edg/127.0.0.0"
172.16.36.181 - - [16/Aug/2024:13:43:20 +0800] "GET /manager-page/js/leaflet-1.9.3.js HTTP/1.1" 200 146720 "http://192.168.60.79/manager-page/login.php" "Mozilla/5.0 (Windows NT 10.0; Win64; x64) AppleWebKit/537.36 (KHTML, like Gecko) Chrome/127.0.0.0 Safari/537.36 Edg/127.0.0.0"
172.16.36.181 - - [16/Aug/2024:13:43:20 +0800] "GET /manager-page/js/jquery-3.6.0.js HTTP/1.1" 200 89502 "http://192.168.60.79/manager-page/login.php" "Mozilla/5.0 (Windows NT 10.0; Win64; x64) AppleWebKit/537.36 (KHTML, like Gecko) Chrome/127.0.0.0 Safari/537.36 Edg/127.0.0.0"
172.16.36.181 - - [16/Aug/2024:13:43:20 +0800] "GET /manager-page/js/chart-2.9.4.js HTTP/1.1" 200 226501 "http://192.168.60.79/manager-page/login.php" "Mozilla/5.0 (Windows NT 10.0; Win64; x64) AppleWebKit/537.36 (KHTML, like Gecko) Chrome/127.0.0.0 Safari/537.36 Edg/127.0.0.0"
172.16.36.181 - - [16/Aug/2024:13:43:21 +0800] "GET /favicon.ico HTTP/1.1" 404 196 "http://192.168.60.79/manager-page/login.php" "Mozilla/5.0 (Windows NT 10.0; Win64; x64) AppleWebKit/537.36 (KHTML, like Gecko) Chrome/127.0.0.0 Safari/537.36 Edg/127.0.0.0"
172.16.36.181 - - [16/Aug/2024:13:43:24 +0800] "POST /manager-page/login.php HTTP/1.1" 302 - "http://192.168.60.79/manager-page/login.php" "Mozilla/5.0 (Windows NT 10.0; Win64; x64) AppleWebKit/537.36 (KHTML, like Gecko) Chrome/127.0.0.0 Safari/537.36 Edg/127.0.0.0"
172.16.36.181 - - [16/Aug/2024:13:43:24 +0800] "GET /manager-page/home.php HTTP/1.1" 302 - "http://192.168.60.79/manager-page/login.php" "Mozilla/5.0 (Windows NT 10.0; Win64; x64) AppleWebKit/537.36 (KHTML, like Gecko) Chrome/127.0.0.0 Safari/537.36 Edg/127.0.0.0"
172.16.36.181 - - [16/Aug/2024:13:43:25 +0800] "GET /manager-page/img/map-marker.png HTTP/1.1" 200 1752 "http://192.168.60.79/manager-page/home-1.php" "Mozilla/5.0 (Windows NT 10.0; Win64; x64) AppleWebKit/537.36 (KHTML, like Gecko) Chrome/127.0.0.0 Safari/537.36 Edg/127.0.0.0"
172.16.36.181 - - [16/Aug/2024:13:43:25 +0800] "GET /manager-page/alarm/1-1.jpg?t=1578804345 HTTP/1.1" 200 362747 "http://192.168.60.79/manager-page/home-1.php" "Mozilla/5.0 (Windows NT 10.0; Win64; x64) AppleWebKit/537.36 (KHTML, like Gecko) Chrome/127.0.0.0 Safari/537.36 Edg/127.0.0.0"
172.16.36.181 - - [16/Aug/2024:13:43:25 +0800] "GET /manager-page/alarm/1-2.jpg?t=498116422 HTTP/1.1" 200 439517 "http://192.168.60.79/manager-page/home-1.php" "Mozilla/5.0 (Windows NT 10.0; Win64; x64) AppleWebKit/537.36 (KHTML, like Gecko) Chrome/127.0.0.0 Safari/537.36 Edg/127.0.0.0"
172.16.36.181 - - [16/Aug/2024:13:43:24 +0800] "GET /manager-page/home-1.php HTTP/1.1" 200 27317 "http://192.168.60.79/manager-page/login.php" "Mozilla/5.0 (Windows NT 10.0; Win64; x64) AppleWebKit/537.36 (KHTML, like Gecko) Chrome/127.0.0.0 Safari/537.36 Edg/127.0.0.0"
172.16.36.181 - - [16/Aug/2024:13:43:26 +0800] "GET /manager-page/img/off1.png HTTP/1.1" 200 13532 "http://192.168.60.79/manager-page/home-1.php" "Mozilla/5.0 (Windows NT 10.0; Win64; x64) AppleWebKit/537.36 (KHTML, like Gecko) Chrome/127.0.0.0 Safari/537.36 Edg/127.0.0.0"
127.0.0.1 - - [16/Aug/2024:13:43:26 +0800] "POST /robot/lora-in.php HTTP/1.1" 200 - "-" "python-requests/2.31.0"
172.16.36.181 - - [16/Aug/2024:13:43:25 +0800] "GET /manager-page/api/snapshot.php?id=11 HTTP/1.1" 200 - "http://192.168.60.79/manager-page/home-1.php" "Mozilla/5.0 (Windows NT 10.0; Win64; x64) AppleWebKit/537.36 (KHTML, like Gecko) Chrome/127.0.0.0 Safari/537.36 Edg/127.0.0.0"
172.16.36.181 - - [16/Aug/2024:13:43:26 +0800] "GET /manager-page/api/lp-status1.php HTTP/1.1" 500 - "http://192.168.60.79/manager-page/home-1.php" "Mozilla/5.0 (Windows NT 10.0; Win64; x64) AppleWebKit/537.36 (KHTML, like Gecko) Chrome/127.0.0.0 Safari/537.36 Edg/127.0.0.0"
172.16.36.181 - - [16/Aug/2024:13:43:25 +0800] "GET /manager-page/api/snapshot.php?id=12 HTTP/1.1" 500 - "http://192.168.60.79/manager-page/home-1.php" "Mozilla/5.0 (Windows NT 10.0; Win64; x64) AppleWebKit/537.36 (KHTML, like Gecko) Chrome/127.0.0.0 Safari/537.36 Edg/127.0.0.0"
