127.0.0.1 - - [29/May/2024:08:00:00 +0800] "GET /manager-page/daily/send.php HTTP/1.1" 200 29 "-" "python-requests/2.28.1"
127.0.0.1 - - [29/May/2024:08:00:00 +0800] "GET /manager-page/daily/send2.php HTTP/1.1" 200 29 "-" "python-requests/2.28.1"
111.70.30.251 - - [29/May/2024:08:00:33 +0800] "POST /robot/lora-in.php HTTP/1.1" 200 - "-" "python-requests/2.21.0"
111.70.30.251 - - [29/May/2024:08:01:20 +0800] "POST /robot/lora-in.php HTTP/1.1" 200 - "-" "python-requests/2.21.0"
111.70.30.250 - - [29/May/2024:08:01:46 +0800] "POST /robot/lora-in.php HTTP/1.1" 200 - "-" "python-requests/2.21.0"
111.70.30.251 - - [29/May/2024:08:01:48 +0800] "POST /robot/lora-in.php HTTP/1.1" 200 - "-" "python-requests/2.21.0"
127.0.0.1 - - [29/May/2024:08:02:08 +0800] "POST /robot/et-7026-in.php HTTP/1.1" 200 - "-" "python-requests/2.31.0"
111.70.30.251 - - [29/May/2024:08:04:32 +0800] "POST /robot/lora-in.php HTTP/1.1" 200 - "-" "python-requests/2.21.0"
127.0.0.1 - - [29/May/2024:08:04:37 +0800] "POST /robot/lora-in.php HTTP/1.1" 200 - "-" "python-requests/2.31.0"
127.0.0.1 - - [29/May/2024:08:04:46 +0800] "POST /robot/lora-in.php HTTP/1.1" 200 - "-" "python-requests/2.31.0"
127.0.0.1 - - [29/May/2024:08:04:54 +0800] "POST /robot/lora-in.php HTTP/1.1" 200 - "-" "python-requests/2.31.0"
127.0.0.1 - - [29/May/2024:08:05:05 +0800] "POST /robot/lora-in.php HTTP/1.1" 200 - "-" "python-requests/2.31.0"
127.0.0.1 - - [29/May/2024:08:05:07 +0800] "POST /robot/lora-in.php HTTP/1.1" 200 - "-" "python-requests/2.31.0"
111.70.30.252 - - [29/May/2024:08:05:07 +0800] "POST /robot/lora-in.php HTTP/1.1" 200 - "-" "python-requests/2.21.0"
127.0.0.1 - - [29/May/2024:08:05:10 +0800] "POST /robot/lora-in.php HTTP/1.1" 200 - "-" "python-requests/2.31.0"
111.70.30.251 - - [29/May/2024:08:05:50 +0800] "POST /robot/lora-in.php HTTP/1.1" 200 - "-" "python-requests/2.21.0"
111.70.30.251 - - [29/May/2024:08:08:32 +0800] "POST /robot/lora-in.php HTTP/1.1" 200 - "-" "python-requests/2.21.0"
127.0.0.1 - - [29/May/2024:08:09:21 +0800] "POST /robot/et-7026-in.php HTTP/1.1" 200 - "-" "python-requests/2.31.0"
111.70.30.251 - - [29/May/2024:08:10:00 +0800] "POST /robot/lora-in.php HTTP/1.1" 200 - "-" "python-requests/2.21.0"
111.70.30.251 - - [29/May/2024:08:10:26 +0800] "POST /robot/lora-in.php HTTP/1.1" 200 - "-" "python-requests/2.21.0"
111.70.30.250 - - [29/May/2024:08:10:37 +0800] "POST /robot/lora-in.php HTTP/1.1" 200 - "-" "python-requests/2.21.0"
127.0.0.1 - - [29/May/2024:08:12:08 +0800] "POST /robot/et-7026-in.php HTTP/1.1" 200 - "-" "python-requests/2.31.0"
111.70.30.251 - - [29/May/2024:08:12:30 +0800] "POST /robot/lora-in.php HTTP/1.1" 200 - "-" "python-requests/2.21.0"
111.70.30.251 - - [29/May/2024:08:13:55 +0800] "POST /robot/lora-in.php HTTP/1.1" 200 - "-" "python-requests/2.21.0"
111.70.30.252 - - [29/May/2024:08:14:20 +0800] "POST /robot/lora-in.php HTTP/1.1" 200 - "-" "python-requests/2.21.0"
127.0.0.1 - - [29/May/2024:08:14:37 +0800] "POST /robot/lora-in.php HTTP/1.1" 200 - "-" "python-requests/2.31.0"
127.0.0.1 - - [29/May/2024:08:14:45 +0800] "POST /robot/lora-in.php HTTP/1.1" 200 - "-" "python-requests/2.31.0"
127.0.0.1 - - [29/May/2024:08:15:10 +0800] "POST /robot/lora-in.php HTTP/1.1" 200 - "-" "python-requests/2.31.0"
127.0.0.1 - - [29/May/2024:08:15:19 +0800] "POST /robot/lora-in.php HTTP/1.1" 200 - "-" "python-requests/2.31.0"
127.0.0.1 - - [29/May/2024:08:15:25 +0800] "POST /robot/lora-in.php HTTP/1.1" 200 - "-" "python-requests/2.31.0"
127.0.0.1 - - [29/May/2024:08:15:28 +0800] "POST /robot/lora-in.php HTTP/1.1" 200 - "-" "python-requests/2.31.0"
111.70.30.251 - - [29/May/2024:08:16:29 +0800] "POST /robot/lora-in.php HTTP/1.1" 200 - "-" "python-requests/2.21.0"
111.70.30.251 - - [29/May/2024:08:17:57 +0800] "POST /robot/lora-in.php HTTP/1.1" 200 - "-" "python-requests/2.21.0"
111.70.30.250 - - [29/May/2024:08:18:58 +0800] "POST /robot/lora-in.php HTTP/1.1" 200 - "-" "python-requests/2.21.0"
127.0.0.1 - - [29/May/2024:08:19:21 +0800] "POST /robot/et-7026-in.php HTTP/1.1" 200 - "-" "python-requests/2.31.0"
111.70.30.251 - - [29/May/2024:08:19:33 +0800] "POST /robot/lora-in.php HTTP/1.1" 200 - "-" "python-requests/2.21.0"
111.70.30.251 - - [29/May/2024:08:20:28 +0800] "POST /robot/lora-in.php HTTP/1.1" 200 - "-" "python-requests/2.21.0"
111.70.30.251 - - [29/May/2024:08:22:01 +0800] "POST /robot/lora-in.php HTTP/1.1" 200 - "-" "python-requests/2.21.0"
127.0.0.1 - - [29/May/2024:08:22:09 +0800] "POST /robot/et-7026-in.php HTTP/1.1" 200 - "-" "python-requests/2.31.0"
111.70.30.252 - - [29/May/2024:08:23:32 +0800] "POST /robot/lora-in.php HTTP/1.1" 200 - "-" "python-requests/2.21.0"
111.70.30.251 - - [29/May/2024:08:24:26 +0800] "POST /robot/lora-in.php HTTP/1.1" 200 - "-" "python-requests/2.21.0"
127.0.0.1 - - [29/May/2024:08:24:37 +0800] "POST /robot/lora-in.php HTTP/1.1" 200 - "-" "python-requests/2.31.0"
127.0.0.1 - - [29/May/2024:08:24:47 +0800] "POST /robot/lora-in.php HTTP/1.1" 200 - "-" "python-requests/2.31.0"
127.0.0.1 - - [29/May/2024:08:25:02 +0800] "POST /robot/lora-in.php HTTP/1.1" 200 - "-" "python-requests/2.31.0"
127.0.0.1 - - [29/May/2024:08:25:09 +0800] "POST /robot/lora-in.php HTTP/1.1" 200 - "-" "python-requests/2.31.0"
127.0.0.1 - - [29/May/2024:08:25:16 +0800] "POST /robot/lora-in.php HTTP/1.1" 200 - "-" "python-requests/2.31.0"
127.0.0.1 - - [29/May/2024:08:25:20 +0800] "POST /robot/lora-in.php HTTP/1.1" 200 - "-" "python-requests/2.31.0"
111.70.30.251 - - [29/May/2024:08:26:09 +0800] "POST /robot/lora-in.php HTTP/1.1" 200 - "-" "python-requests/2.21.0"
111.70.30.250 - - [29/May/2024:08:27:33 +0800] "POST /robot/lora-in.php HTTP/1.1" 200 - "-" "python-requests/2.21.0"
111.70.30.251 - - [29/May/2024:08:28:26 +0800] "POST /robot/lora-in.php HTTP/1.1" 200 - "-" "python-requests/2.21.0"
111.70.30.251 - - [29/May/2024:08:28:40 +0800] "POST /robot/lora-in.php HTTP/1.1" 200 - "-" "python-requests/2.21.0"
127.0.0.1 - - [29/May/2024:08:29:23 +0800] "POST /robot/et-7026-in.php HTTP/1.1" 200 - "-" "python-requests/2.31.0"
111.70.30.251 - - [29/May/2024:08:30:05 +0800] "POST /robot/lora-in.php HTTP/1.1" 200 - "-" "python-requests/2.21.0"
127.0.0.1 - - [29/May/2024:08:32:11 +0800] "POST /robot/et-7026-in.php HTTP/1.1" 200 - "-" "python-requests/2.31.0"
111.70.30.251 - - [29/May/2024:08:32:24 +0800] "POST /robot/lora-in.php HTTP/1.1" 200 - "-" "python-requests/2.21.0"
111.70.30.252 - - [29/May/2024:08:32:44 +0800] "POST /robot/lora-in.php HTTP/1.1" 200 - "-" "python-requests/2.21.0"
111.70.30.251 - - [29/May/2024:08:34:07 +0800] "POST /robot/lora-in.php HTTP/1.1" 200 - "-" "python-requests/2.21.0"
127.0.0.1 - - [29/May/2024:08:34:37 +0800] "POST /robot/lora-in.php HTTP/1.1" 200 - "-" "python-requests/2.31.0"
127.0.0.1 - - [29/May/2024:08:34:41 +0800] "POST /robot/lora-in.php HTTP/1.1" 200 - "-" "python-requests/2.31.0"
127.0.0.1 - - [29/May/2024:08:34:57 +0800] "POST /robot/lora-in.php HTTP/1.1" 200 - "-" "python-requests/2.31.0"
127.0.0.1 - - [29/May/2024:08:35:07 +0800] "POST /robot/lora-in.php HTTP/1.1" 200 - "-" "python-requests/2.31.0"
127.0.0.1 - - [29/May/2024:08:35:16 +0800] "POST /robot/lora-in.php HTTP/1.1" 200 - "-" "python-requests/2.31.0"
127.0.0.1 - - [29/May/2024:08:35:18 +0800] "POST /robot/lora-in.php HTTP/1.1" 200 - "-" "python-requests/2.31.0"
111.70.30.250 - - [29/May/2024:08:36:08 +0800] "POST /robot/lora-in.php HTTP/1.1" 200 - "-" "python-requests/2.21.0"
111.70.30.251 - - [29/May/2024:08:36:23 +0800] "POST /robot/lora-in.php HTTP/1.1" 200 - "-" "python-requests/2.21.0"
111.70.30.251 - - [29/May/2024:08:37:55 +0800] "POST /robot/lora-in.php HTTP/1.1" 200 - "-" "python-requests/2.21.0"
111.70.30.251 - - [29/May/2024:08:38:10 +0800] "POST /robot/lora-in.php HTTP/1.1" 200 - "-" "python-requests/2.21.0"
127.0.0.1 - - [29/May/2024:08:39:25 +0800] "POST /robot/et-7026-in.php HTTP/1.1" 200 - "-" "python-requests/2.31.0"
111.70.30.251 - - [29/May/2024:08:40:22 +0800] "POST /robot/lora-in.php HTTP/1.1" 200 - "-" "python-requests/2.21.0"
111.70.30.252 - - [29/May/2024:08:41:56 +0800] "POST /robot/lora-in.php HTTP/1.1" 200 - "-" "python-requests/2.21.0"
111.70.30.251 - - [29/May/2024:08:42:12 +0800] "POST /robot/lora-in.php HTTP/1.1" 200 - "-" "python-requests/2.21.0"
127.0.0.1 - - [29/May/2024:08:42:12 +0800] "POST /robot/et-7026-in.php HTTP/1.1" 200 - "-" "python-requests/2.31.0"
127.0.0.1 - - [29/May/2024:08:44:37 +0800] "POST /robot/lora-in.php HTTP/1.1" 200 - "-" "python-requests/2.31.0"
111.70.30.250 - - [29/May/2024:08:44:43 +0800] "POST /robot/lora-in.php HTTP/1.1" 200 - "-" "python-requests/2.21.0"
127.0.0.1 - - [29/May/2024:08:44:45 +0800] "POST /robot/lora-in.php HTTP/1.1" 200 - "-" "python-requests/2.31.0"
127.0.0.1 - - [29/May/2024:08:45:09 +0800] "POST /robot/lora-in.php HTTP/1.1" 200 - "-" "python-requests/2.31.0"
127.0.0.1 - - [29/May/2024:08:45:13 +0800] "POST /robot/lora-in.php HTTP/1.1" 200 - "-" "python-requests/2.31.0"
127.0.0.1 - - [29/May/2024:08:45:20 +0800] "POST /robot/lora-in.php HTTP/1.1" 200 - "-" "python-requests/2.31.0"
127.0.0.1 - - [29/May/2024:08:45:25 +0800] "POST /robot/lora-in.php HTTP/1.1" 200 - "-" "python-requests/2.31.0"
111.70.30.251 - - [29/May/2024:08:46:16 +0800] "POST /robot/lora-in.php HTTP/1.1" 200 - "-" "python-requests/2.21.0"
111.70.30.251 - - [29/May/2024:08:48:21 +0800] "POST /robot/lora-in.php HTTP/1.1" 200 - "-" "python-requests/2.21.0"
127.0.0.1 - - [29/May/2024:08:49:28 +0800] "POST /robot/et-7026-in.php HTTP/1.1" 200 - "-" "python-requests/2.31.0"
111.70.30.251 - - [29/May/2024:08:50:25 +0800] "POST /robot/lora-in.php HTTP/1.1" 200 - "-" "python-requests/2.21.0"
111.70.30.252 - - [29/May/2024:08:51:10 +0800] "POST /robot/lora-in.php HTTP/1.1" 200 - "-" "python-requests/2.21.0"
127.0.0.1 - - [29/May/2024:08:52:13 +0800] "POST /robot/et-7026-in.php HTTP/1.1" 200 - "-" "python-requests/2.31.0"
111.70.30.251 - - [29/May/2024:08:52:19 +0800] "POST /robot/lora-in.php HTTP/1.1" 200 - "-" "python-requests/2.21.0"
111.70.30.250 - - [29/May/2024:08:53:21 +0800] "POST /robot/lora-in.php HTTP/1.1" 200 - "-" "python-requests/2.21.0"
111.70.30.251 - - [29/May/2024:08:54:20 +0800] "POST /robot/lora-in.php HTTP/1.1" 200 - "-" "python-requests/2.21.0"
127.0.0.1 - - [29/May/2024:08:54:37 +0800] "POST /robot/lora-in.php HTTP/1.1" 200 - "-" "python-requests/2.31.0"
127.0.0.1 - - [29/May/2024:08:54:40 +0800] "POST /robot/lora-in.php HTTP/1.1" 200 - "-" "python-requests/2.31.0"
127.0.0.1 - - [29/May/2024:08:54:54 +0800] "POST /robot/lora-in.php HTTP/1.1" 200 - "-" "python-requests/2.31.0"
127.0.0.1 - - [29/May/2024:08:55:00 +0800] "POST /robot/lora-in.php HTTP/1.1" 200 - "-" "python-requests/2.31.0"
127.0.0.1 - - [29/May/2024:08:55:03 +0800] "POST /robot/lora-in.php HTTP/1.1" 200 - "-" "python-requests/2.31.0"
127.0.0.1 - - [29/May/2024:08:55:09 +0800] "POST /robot/lora-in.php HTTP/1.1" 200 - "-" "python-requests/2.31.0"
111.70.30.251 - - [29/May/2024:08:56:00 +0800] "POST /robot/lora-in.php HTTP/1.1" 200 - "-" "python-requests/2.21.0"
111.70.30.251 - - [29/May/2024:08:56:18 +0800] "POST /robot/lora-in.php HTTP/1.1" 200 - "-" "python-requests/2.21.0"
111.70.30.251 - - [29/May/2024:08:58:23 +0800] "POST /robot/lora-in.php HTTP/1.1" 200 - "-" "python-requests/2.21.0"
127.0.0.1 - - [29/May/2024:08:59:29 +0800] "POST /robot/et-7026-in.php HTTP/1.1" 200 - "-" "python-requests/2.31.0"
111.70.30.251 - - [29/May/2024:09:00:17 +0800] "POST /robot/lora-in.php HTTP/1.1" 200 - "-" "python-requests/2.21.0"
111.70.30.252 - - [29/May/2024:09:00:21 +0800] "POST /robot/lora-in.php HTTP/1.1" 200 - "-" "python-requests/2.21.0"
111.70.30.250 - - [29/May/2024:09:01:56 +0800] "POST /robot/lora-in.php HTTP/1.1" 200 - "-" "python-requests/2.21.0"
127.0.0.1 - - [29/May/2024:09:02:15 +0800] "POST /robot/et-7026-in.php HTTP/1.1" 200 - "-" "python-requests/2.31.0"
111.70.30.251 - - [29/May/2024:09:04:16 +0800] "POST /robot/lora-in.php HTTP/1.1" 200 - "-" "python-requests/2.21.0"
127.0.0.1 - - [29/May/2024:09:04:37 +0800] "POST /robot/lora-in.php HTTP/1.1" 200 - "-" "python-requests/2.31.0"
127.0.0.1 - - [29/May/2024:09:04:43 +0800] "POST /robot/lora-in.php HTTP/1.1" 200 - "-" "python-requests/2.31.0"
127.0.0.1 - - [29/May/2024:09:04:54 +0800] "POST /robot/lora-in.php HTTP/1.1" 200 - "-" "python-requests/2.31.0"
127.0.0.1 - - [29/May/2024:09:05:02 +0800] "POST /robot/lora-in.php HTTP/1.1" 200 - "-" "python-requests/2.31.0"
111.70.30.251 - - [29/May/2024:09:05:07 +0800] "POST /robot/lora-in.php HTTP/1.1" 200 - "-" "python-requests/2.21.0"
127.0.0.1 - - [29/May/2024:09:05:10 +0800] "POST /robot/lora-in.php HTTP/1.1" 200 - "-" "python-requests/2.31.0"
127.0.0.1 - - [29/May/2024:09:05:16 +0800] "POST /robot/lora-in.php HTTP/1.1" 200 - "-" "python-requests/2.31.0"
111.70.30.251 - - [29/May/2024:09:06:28 +0800] "POST /robot/lora-in.php HTTP/1.1" 200 - "-" "python-requests/2.21.0"
111.70.30.251 - - [29/May/2024:09:08:15 +0800] "POST /robot/lora-in.php HTTP/1.1" 200 - "-" "python-requests/2.21.0"
127.0.0.1 - - [29/May/2024:09:09:31 +0800] "POST /robot/et-7026-in.php HTTP/1.1" 200 - "-" "python-requests/2.31.0"
111.70.30.252 - - [29/May/2024:09:09:35 +0800] "POST /robot/lora-in.php HTTP/1.1" 200 - "-" "python-requests/2.21.0"
111.70.30.250 - - [29/May/2024:09:10:30 +0800] "POST /robot/lora-in.php HTTP/1.1" 200 - "-" "python-requests/2.21.0"
111.70.30.251 - - [29/May/2024:09:10:30 +0800] "POST /robot/lora-in.php HTTP/1.1" 200 - "-" "python-requests/2.21.0"
111.70.30.251 - - [29/May/2024:09:12:14 +0800] "POST /robot/lora-in.php HTTP/1.1" 200 - "-" "python-requests/2.21.0"
127.0.0.1 - - [29/May/2024:09:12:16 +0800] "POST /robot/et-7026-in.php HTTP/1.1" 200 - "-" "python-requests/2.31.0"
111.70.30.251 - - [29/May/2024:09:14:13 +0800] "POST /robot/lora-in.php HTTP/1.1" 200 - "-" "python-requests/2.21.0"
111.70.30.251 - - [29/May/2024:09:14:34 +0800] "POST /robot/lora-in.php HTTP/1.1" 200 - "-" "python-requests/2.21.0"
127.0.0.1 - - [29/May/2024:09:14:37 +0800] "POST /robot/lora-in.php HTTP/1.1" 200 - "-" "python-requests/2.31.0"
127.0.0.1 - - [29/May/2024:09:14:41 +0800] "POST /robot/lora-in.php HTTP/1.1" 200 - "-" "python-requests/2.31.0"
127.0.0.1 - - [29/May/2024:09:15:05 +0800] "POST /robot/lora-in.php HTTP/1.1" 200 - "-" "python-requests/2.31.0"
127.0.0.1 - - [29/May/2024:09:15:11 +0800] "POST /robot/lora-in.php HTTP/1.1" 200 - "-" "python-requests/2.31.0"
127.0.0.1 - - [29/May/2024:09:15:17 +0800] "POST /robot/lora-in.php HTTP/1.1" 200 - "-" "python-requests/2.31.0"
127.0.0.1 - - [29/May/2024:09:15:27 +0800] "POST /robot/lora-in.php HTTP/1.1" 200 - "-" "python-requests/2.31.0"
111.70.30.251 - - [29/May/2024:09:16:13 +0800] "POST /robot/lora-in.php HTTP/1.1" 200 - "-" "python-requests/2.21.0"
111.70.30.251 - - [29/May/2024:09:18:36 +0800] "POST /robot/lora-in.php HTTP/1.1" 200 - "-" "python-requests/2.21.0"
111.70.30.252 - - [29/May/2024:09:18:46 +0800] "POST /robot/lora-in.php HTTP/1.1" 200 - "-" "python-requests/2.21.0"
111.70.30.250 - - [29/May/2024:09:19:06 +0800] "POST /robot/lora-in.php HTTP/1.1" 200 - "-" "python-requests/2.21.0"
127.0.0.1 - - [29/May/2024:09:19:32 +0800] "POST /robot/et-7026-in.php HTTP/1.1" 200 - "-" "python-requests/2.31.0"
111.70.30.251 - - [29/May/2024:09:20:12 +0800] "POST /robot/lora-in.php HTTP/1.1" 200 - "-" "python-requests/2.21.0"
111.70.30.251 - - [29/May/2024:09:22:38 +0800] "POST /robot/lora-in.php HTTP/1.1" 200 - "-" "python-requests/2.21.0"
111.70.30.251 - - [29/May/2024:09:23:19 +0800] "POST /robot/lora-in.php HTTP/1.1" 200 - "-" "python-requests/2.21.0"
111.70.30.251 - - [29/May/2024:09:24:11 +0800] "POST /robot/lora-in.php HTTP/1.1" 200 - "-" "python-requests/2.21.0"
111.70.30.251 - - [29/May/2024:09:26:40 +0800] "POST /robot/lora-in.php HTTP/1.1" 200 - "-" "python-requests/2.21.0"
111.70.30.250 - - [29/May/2024:09:27:41 +0800] "POST /robot/lora-in.php HTTP/1.1" 200 - "-" "python-requests/2.21.0"
111.70.30.252 - - [29/May/2024:09:27:58 +0800] "POST /robot/lora-in.php HTTP/1.1" 200 - "-" "python-requests/2.21.0"
111.70.30.251 - - [29/May/2024:09:28:10 +0800] "POST /robot/lora-in.php HTTP/1.1" 200 - "-" "python-requests/2.21.0"
111.70.30.251 - - [29/May/2024:09:30:43 +0800] "POST /robot/lora-in.php HTTP/1.1" 200 - "-" "python-requests/2.21.0"
111.70.30.251 - - [29/May/2024:09:32:09 +0800] "POST /robot/lora-in.php HTTP/1.1" 200 - "-" "python-requests/2.21.0"
111.70.30.251 - - [29/May/2024:09:32:25 +0800] "POST /robot/lora-in.php HTTP/1.1" 200 - "-" "python-requests/2.21.0"
111.70.30.251 - - [29/May/2024:09:34:46 +0800] "POST /robot/lora-in.php HTTP/1.1" 200 - "-" "python-requests/2.21.0"
111.70.30.251 - - [29/May/2024:09:36:08 +0800] "POST /robot/lora-in.php HTTP/1.1" 200 - "-" "python-requests/2.21.0"
111.70.30.250 - - [29/May/2024:09:36:18 +0800] "POST /robot/lora-in.php HTTP/1.1" 200 - "-" "python-requests/2.21.0"
111.70.30.252 - - [29/May/2024:09:37:11 +0800] "POST /robot/lora-in.php HTTP/1.1" 200 - "-" "python-requests/2.21.0"
111.70.30.251 - - [29/May/2024:09:38:50 +0800] "POST /robot/lora-in.php HTTP/1.1" 200 - "-" "python-requests/2.21.0"
111.70.30.251 - - [29/May/2024:09:40:07 +0800] "POST /robot/lora-in.php HTTP/1.1" 200 - "-" "python-requests/2.21.0"
111.70.30.251 - - [29/May/2024:09:41:32 +0800] "POST /robot/lora-in.php HTTP/1.1" 200 - "-" "python-requests/2.21.0"
111.70.30.251 - - [29/May/2024:09:42:51 +0800] "POST /robot/lora-in.php HTTP/1.1" 200 - "-" "python-requests/2.21.0"
111.70.30.251 - - [29/May/2024:09:44:07 +0800] "POST /robot/lora-in.php HTTP/1.1" 200 - "-" "python-requests/2.21.0"
111.70.30.250 - - [29/May/2024:09:44:52 +0800] "POST /robot/lora-in.php HTTP/1.1" 200 - "-" "python-requests/2.21.0"
111.70.30.252 - - [29/May/2024:09:46:23 +0800] "POST /robot/lora-in.php HTTP/1.1" 200 - "-" "python-requests/2.21.0"
111.70.30.251 - - [29/May/2024:09:46:54 +0800] "POST /robot/lora-in.php HTTP/1.1" 200 - "-" "python-requests/2.21.0"
111.70.30.251 - - [29/May/2024:09:48:06 +0800] "POST /robot/lora-in.php HTTP/1.1" 200 - "-" "python-requests/2.21.0"
111.70.30.251 - - [29/May/2024:09:50:39 +0800] "POST /robot/lora-in.php HTTP/1.1" 200 - "-" "python-requests/2.21.0"
111.70.30.251 - - [29/May/2024:09:50:57 +0800] "POST /robot/lora-in.php HTTP/1.1" 200 - "-" "python-requests/2.21.0"
111.70.30.251 - - [29/May/2024:09:52:09 +0800] "POST /robot/lora-in.php HTTP/1.1" 200 - "-" "python-requests/2.21.0"
111.70.30.250 - - [29/May/2024:09:53:28 +0800] "POST /robot/lora-in.php HTTP/1.1" 200 - "-" "python-requests/2.21.0"
111.70.30.251 - - [29/May/2024:09:54:59 +0800] "POST /robot/lora-in.php HTTP/1.1" 200 - "-" "python-requests/2.21.0"
111.70.30.252 - - [29/May/2024:09:55:36 +0800] "POST /robot/lora-in.php HTTP/1.1" 200 - "-" "python-requests/2.21.0"
111.70.30.251 - - [29/May/2024:09:56:04 +0800] "POST /robot/lora-in.php HTTP/1.1" 200 - "-" "python-requests/2.21.0"
111.70.30.251 - - [29/May/2024:09:59:02 +0800] "POST /robot/lora-in.php HTTP/1.1" 200 - "-" "python-requests/2.21.0"
111.70.30.251 - - [29/May/2024:09:59:44 +0800] "POST /robot/lora-in.php HTTP/1.1" 200 - "-" "python-requests/2.21.0"
127.0.0.1 - - [29/May/2024:09:59:46 +0800] "POST /robot/et-7026-in.php HTTP/1.1" 200 - "-" "python-requests/2.31.0"
127.0.0.1 - - [29/May/2024:09:59:46 +0800] "POST /robot/et-7026-in.php HTTP/1.1" 200 - "-" "python-requests/2.31.0"
127.0.0.1 - - [29/May/2024:09:59:51 +0800] "POST /robot/lora-in.php HTTP/1.1" 200 - "-" "python-requests/2.31.0"
127.0.0.1 - - [29/May/2024:09:59:55 +0800] "POST /robot/lora-in.php HTTP/1.1" 200 - "-" "python-requests/2.31.0"
111.70.30.251 - - [29/May/2024:10:00:02 +0800] "POST /robot/lora-in.php HTTP/1.1" 200 - "-" "python-requests/2.21.0"
127.0.0.1 - - [29/May/2024:10:00:08 +0800] "POST /robot/lora-in.php HTTP/1.1" 200 - "-" "python-requests/2.31.0"
127.0.0.1 - - [29/May/2024:10:00:10 +0800] "POST /robot/lora-in.php HTTP/1.1" 200 - "-" "python-requests/2.31.0"
127.0.0.1 - - [29/May/2024:10:00:11 +0800] "POST /robot/lora-in.php HTTP/1.1" 200 - "-" "python-requests/2.31.0"
127.0.0.1 - - [29/May/2024:10:00:12 +0800] "POST /robot/lora-in.php HTTP/1.1" 200 - "-" "python-requests/2.31.0"
111.70.30.250 - - [29/May/2024:10:02:03 +0800] "POST /robot/lora-in.php HTTP/1.1" 200 - "-" "python-requests/2.21.0"
111.70.30.251 - - [29/May/2024:10:03:05 +0800] "POST /robot/lora-in.php HTTP/1.1" 200 - "-" "python-requests/2.21.0"
127.0.0.1 - - [29/May/2024:10:03:36 +0800] "GET /manager-page/login.php HTTP/1.1" 200 2365 "-" "Mozilla/5.0 (Windows NT 10.0; Win64; x64) AppleWebKit/537.36 (KHTML, like Gecko) Chrome/119.0.0.0 Safari/537.36"
127.0.0.1 - - [29/May/2024:10:03:36 +0800] "GET /manager-page/css/w3-4.10.css HTTP/1.1" 304 - "http://127.0.0.1/manager-page/login.php" "Mozilla/5.0 (Windows NT 10.0; Win64; x64) AppleWebKit/537.36 (KHTML, like Gecko) Chrome/119.0.0.0 Safari/537.36"
127.0.0.1 - - [29/May/2024:10:03:36 +0800] "GET /manager-page/css/leaflet-1.9.3.css HTTP/1.1" 304 - "http://127.0.0.1/manager-page/login.php" "Mozilla/5.0 (Windows NT 10.0; Win64; x64) AppleWebKit/537.36 (KHTML, like Gecko) Chrome/119.0.0.0 Safari/537.36"
127.0.0.1 - - [29/May/2024:10:03:36 +0800] "GET /manager-page/js/jquery-3.6.0.js HTTP/1.1" 304 - "http://127.0.0.1/manager-page/login.php" "Mozilla/5.0 (Windows NT 10.0; Win64; x64) AppleWebKit/537.36 (KHTML, like Gecko) Chrome/119.0.0.0 Safari/537.36"
127.0.0.1 - - [29/May/2024:10:03:36 +0800] "GET /manager-page/js/leaflet-1.9.3.js HTTP/1.1" 304 - "http://127.0.0.1/manager-page/login.php" "Mozilla/5.0 (Windows NT 10.0; Win64; x64) AppleWebKit/537.36 (KHTML, like Gecko) Chrome/119.0.0.0 Safari/537.36"
127.0.0.1 - - [29/May/2024:10:03:36 +0800] "GET /manager-page/js/chart-2.9.4.js HTTP/1.1" 304 - "http://127.0.0.1/manager-page/login.php" "Mozilla/5.0 (Windows NT 10.0; Win64; x64) AppleWebKit/537.36 (KHTML, like Gecko) Chrome/119.0.0.0 Safari/537.36"
127.0.0.1 - - [29/May/2024:10:03:38 +0800] "POST /manager-page/login.php HTTP/1.1" 302 - "http://127.0.0.1/manager-page/login.php" "Mozilla/5.0 (Windows NT 10.0; Win64; x64) AppleWebKit/537.36 (KHTML, like Gecko) Chrome/119.0.0.0 Safari/537.36"
127.0.0.1 - - [29/May/2024:10:03:38 +0800] "GET /manager-page/home.php HTTP/1.1" 302 - "http://127.0.0.1/manager-page/login.php" "Mozilla/5.0 (Windows NT 10.0; Win64; x64) AppleWebKit/537.36 (KHTML, like Gecko) Chrome/119.0.0.0 Safari/537.36"
127.0.0.1 - - [29/May/2024:10:03:38 +0800] "GET /manager-page/img/map-marker.png HTTP/1.1" 304 - "http://127.0.0.1/manager-page/home-1.php" "Mozilla/5.0 (Windows NT 10.0; Win64; x64) AppleWebKit/537.36 (KHTML, like Gecko) Chrome/119.0.0.0 Safari/537.36"
127.0.0.1 - - [29/May/2024:10:03:38 +0800] "GET /manager-page/alarm/1-2.jpg?t=893595254 HTTP/1.1" 200 439517 "http://127.0.0.1/manager-page/home-1.php" "Mozilla/5.0 (Windows NT 10.0; Win64; x64) AppleWebKit/537.36 (KHTML, like Gecko) Chrome/119.0.0.0 Safari/537.36"
127.0.0.1 - - [29/May/2024:10:03:38 +0800] "GET /manager-page/alarm/1-1.jpg?t=521665530 HTTP/1.1" 200 375343 "http://127.0.0.1/manager-page/home-1.php" "Mozilla/5.0 (Windows NT 10.0; Win64; x64) AppleWebKit/537.36 (KHTML, like Gecko) Chrome/119.0.0.0 Safari/537.36"
127.0.0.1 - - [29/May/2024:10:03:38 +0800] "GET /manager-page/home-1.php HTTP/1.1" 200 29834 "http://127.0.0.1/manager-page/login.php" "Mozilla/5.0 (Windows NT 10.0; Win64; x64) AppleWebKit/537.36 (KHTML, like Gecko) Chrome/119.0.0.0 Safari/537.36"
127.0.0.1 - - [29/May/2024:10:03:39 +0800] "GET /manager-page/img/off1.png HTTP/1.1" 304 - "http://127.0.0.1/manager-page/home-1.php" "Mozilla/5.0 (Windows NT 10.0; Win64; x64) AppleWebKit/537.36 (KHTML, like Gecko) Chrome/119.0.0.0 Safari/537.36"
127.0.0.1 - - [29/May/2024:10:03:39 +0800] "GET /manager-page/img/locpic_01.jpg HTTP/1.1" 304 - "http://127.0.0.1/manager-page/home-1.php" "Mozilla/5.0 (Windows NT 10.0; Win64; x64) AppleWebKit/537.36 (KHTML, like Gecko) Chrome/119.0.0.0 Safari/537.36"
127.0.0.1 - - [29/May/2024:10:03:39 +0800] "GET /favicon.ico HTTP/1.1" 404 196 "http://127.0.0.1/manager-page/home-1.php" "Mozilla/5.0 (Windows NT 10.0; Win64; x64) AppleWebKit/537.36 (KHTML, like Gecko) Chrome/119.0.0.0 Safari/537.36"
127.0.0.1 - - [29/May/2024:10:03:38 +0800] "GET /manager-page/api/snapshot.php?id=12 HTTP/1.1" 200 47220 "http://127.0.0.1/manager-page/home-1.php" "Mozilla/5.0 (Windows NT 10.0; Win64; x64) AppleWebKit/537.36 (KHTML, like Gecko) Chrome/119.0.0.0 Safari/537.36"
127.0.0.1 - - [29/May/2024:10:03:38 +0800] "GET /manager-page/api/snapshot.php?id=11 HTTP/1.1" 200 35668 "http://127.0.0.1/manager-page/home-1.php" "Mozilla/5.0 (Windows NT 10.0; Win64; x64) AppleWebKit/537.36 (KHTML, like Gecko) Chrome/119.0.0.0 Safari/537.36"
127.0.0.1 - - [29/May/2024:10:03:39 +0800] "GET /manager-page/api/lp-status1.php HTTP/1.1" 200 2 "http://127.0.0.1/manager-page/home-1.php" "Mozilla/5.0 (Windows NT 10.0; Win64; x64) AppleWebKit/537.36 (KHTML, like Gecko) Chrome/119.0.0.0 Safari/537.36"
127.0.0.1 - - [29/May/2024:10:03:39 +0800] "GET /manager-page/api/cms-status1.php HTTP/1.1" 200 12 "http://127.0.0.1/manager-page/home-1.php" "Mozilla/5.0 (Windows NT 10.0; Win64; x64) AppleWebKit/537.36 (KHTML, like Gecko) Chrome/119.0.0.0 Safari/537.36"
127.0.0.1 - - [29/May/2024:10:03:44 +0800] "GET /manager-page/alarm/4-1.jpg?t=1516896703 HTTP/1.1" 200 506850 "http://127.0.0.1/manager-page/home-4.php" "Mozilla/5.0 (Windows NT 10.0; Win64; x64) AppleWebKit/537.36 (KHTML, like Gecko) Chrome/119.0.0.0 Safari/537.36"
127.0.0.1 - - [29/May/2024:10:03:44 +0800] "GET /manager-page/alarm/4-2.jpg?t=1094201859 HTTP/1.1" 200 556136 "http://127.0.0.1/manager-page/home-4.php" "Mozilla/5.0 (Windows NT 10.0; Win64; x64) AppleWebKit/537.36 (KHTML, like Gecko) Chrome/119.0.0.0 Safari/537.36"
127.0.0.1 - - [29/May/2024:10:03:41 +0800] "GET /manager-page/home-4.php HTTP/1.1" 200 29843 "http://127.0.0.1/manager-page/home-1.php" "Mozilla/5.0 (Windows NT 10.0; Win64; x64) AppleWebKit/537.36 (KHTML, like Gecko) Chrome/119.0.0.0 Safari/537.36"
127.0.0.1 - - [29/May/2024:10:03:46 +0800] "GET /manager-page/img/locpic_04.jpg HTTP/1.1" 304 - "http://127.0.0.1/manager-page/home-4.php" "Mozilla/5.0 (Windows NT 10.0; Win64; x64) AppleWebKit/537.36 (KHTML, like Gecko) Chrome/119.0.0.0 Safari/537.36"
127.0.0.1 - - [29/May/2024:10:03:44 +0800] "GET /manager-page/api/snapshot.php?id=12&t=0.7863561179062615 HTTP/1.1" 200 44323 "http://127.0.0.1/manager-page/home-1.php" "Mozilla/5.0 (Windows NT 10.0; Win64; x64) AppleWebKit/537.36 (KHTML, like Gecko) Chrome/119.0.0.0 Safari/537.36"
127.0.0.1 - - [29/May/2024:10:03:44 +0800] "GET /manager-page/api/snapshot.php?id=11&t=0.8470513371577069 HTTP/1.1" 200 35680 "http://127.0.0.1/manager-page/home-1.php" "Mozilla/5.0 (Windows NT 10.0; Win64; x64) AppleWebKit/537.36 (KHTML, like Gecko) Chrome/119.0.0.0 Safari/537.36"
127.0.0.1 - - [29/May/2024:10:03:44 +0800] "GET /manager-page/api/snapshot.php?id=41 HTTP/1.1" 500 - "http://127.0.0.1/manager-page/home-4.php" "Mozilla/5.0 (Windows NT 10.0; Win64; x64) AppleWebKit/537.36 (KHTML, like Gecko) Chrome/119.0.0.0 Safari/537.36"
127.0.0.1 - - [29/May/2024:10:03:44 +0800] "GET /manager-page/api/snapshot.php?id=42 HTTP/1.1" 500 - "http://127.0.0.1/manager-page/home-4.php" "Mozilla/5.0 (Windows NT 10.0; Win64; x64) AppleWebKit/537.36 (KHTML, like Gecko) Chrome/119.0.0.0 Safari/537.36"
127.0.0.1 - - [29/May/2024:10:03:46 +0800] "GET /manager-page/api/cms-status4.php HTTP/1.1" 500 - "http://127.0.0.1/manager-page/home-4.php" "Mozilla/5.0 (Windows NT 10.0; Win64; x64) AppleWebKit/537.36 (KHTML, like Gecko) Chrome/119.0.0.0 Safari/537.36"
127.0.0.1 - - [29/May/2024:10:03:46 +0800] "GET /manager-page/api/lp-status4.php HTTP/1.1" 500 - "http://127.0.0.1/manager-page/home-4.php" "Mozilla/5.0 (Windows NT 10.0; Win64; x64) AppleWebKit/537.36 (KHTML, like Gecko) Chrome/119.0.0.0 Safari/537.36"
127.0.0.1 - - [29/May/2024:10:03:51 +0800] "GET /manager-page/api/snapshot.php?id=42&t=0.07485857924786288 HTTP/1.1" 500 - "http://127.0.0.1/manager-page/home-4.php" "Mozilla/5.0 (Windows NT 10.0; Win64; x64) AppleWebKit/537.36 (KHTML, like Gecko) Chrome/119.0.0.0 Safari/537.36"
127.0.0.1 - - [29/May/2024:10:03:51 +0800] "GET /manager-page/api/snapshot.php?id=41&t=0.6491882731876644 HTTP/1.1" 500 - "http://127.0.0.1/manager-page/home-4.php" "Mozilla/5.0 (Windows NT 10.0; Win64; x64) AppleWebKit/537.36 (KHTML, like Gecko) Chrome/119.0.0.0 Safari/537.36"
127.0.0.1 - - [29/May/2024:10:03:56 +0800] "GET /manager-page/api/snapshot.php?id=41&t=0.2136611359509919 HTTP/1.1" 500 - "http://127.0.0.1/manager-page/home-4.php" "Mozilla/5.0 (Windows NT 10.0; Win64; x64) AppleWebKit/537.36 (KHTML, like Gecko) Chrome/119.0.0.0 Safari/537.36"
127.0.0.1 - - [29/May/2024:10:03:56 +0800] "GET /manager-page/api/snapshot.php?id=42&t=0.06910409972497522 HTTP/1.1" 500 - "http://127.0.0.1/manager-page/home-4.php" "Mozilla/5.0 (Windows NT 10.0; Win64; x64) AppleWebKit/537.36 (KHTML, like Gecko) Chrome/119.0.0.0 Safari/537.36"
111.70.30.251 - - [29/May/2024:10:04:02 +0800] "POST /robot/lora-in.php HTTP/1.1" 200 - "-" "python-requests/2.21.0"
127.0.0.1 - - [29/May/2024:10:04:01 +0800] "GET /manager-page/api/snapshot.php?id=41&t=0.07081153482811331 HTTP/1.1" 500 - "http://127.0.0.1/manager-page/home-4.php" "Mozilla/5.0 (Windows NT 10.0; Win64; x64) AppleWebKit/537.36 (KHTML, like Gecko) Chrome/119.0.0.0 Safari/537.36"
127.0.0.1 - - [29/May/2024:10:04:01 +0800] "GET /manager-page/api/snapshot.php?id=42&t=0.6556819250304109 HTTP/1.1" 500 - "http://127.0.0.1/manager-page/home-4.php" "Mozilla/5.0 (Windows NT 10.0; Win64; x64) AppleWebKit/537.36 (KHTML, like Gecko) Chrome/119.0.0.0 Safari/537.36"
127.0.0.1 - - [29/May/2024:10:04:07 +0800] "GET /manager-page/alarm/4-1.jpg?t=819548149 HTTP/1.1" 200 506850 "http://127.0.0.1/manager-page/home-4.php" "Mozilla/5.0 (Windows NT 10.0; Win64; x64) AppleWebKit/537.36 (KHTML, like Gecko) Chrome/119.0.0.0 Safari/537.36"
127.0.0.1 - - [29/May/2024:10:04:07 +0800] "GET /manager-page/alarm/4-2.jpg?t=1445711254 HTTP/1.1" 200 556136 "http://127.0.0.1/manager-page/home-4.php" "Mozilla/5.0 (Windows NT 10.0; Win64; x64) AppleWebKit/537.36 (KHTML, like Gecko) Chrome/119.0.0.0 Safari/537.36"
127.0.0.1 - - [29/May/2024:10:04:03 +0800] "GET /manager-page/home-4.php HTTP/1.1" 200 29841 "http://127.0.0.1/manager-page/home-1.php" "Mozilla/5.0 (Windows NT 10.0; Win64; x64) AppleWebKit/537.36 (KHTML, like Gecko) Chrome/119.0.0.0 Safari/537.36"
127.0.0.1 - - [29/May/2024:10:04:06 +0800] "GET /manager-page/api/snapshot.php?id=42&t=0.05145602951943684 HTTP/1.1" 500 - "http://127.0.0.1/manager-page/home-4.php" "Mozilla/5.0 (Windows NT 10.0; Win64; x64) AppleWebKit/537.36 (KHTML, like Gecko) Chrome/119.0.0.0 Safari/537.36"
127.0.0.1 - - [29/May/2024:10:04:06 +0800] "GET /manager-page/api/snapshot.php?id=41&t=0.8712944290437941 HTTP/1.1" 500 - "http://127.0.0.1/manager-page/home-4.php" "Mozilla/5.0 (Windows NT 10.0; Win64; x64) AppleWebKit/537.36 (KHTML, like Gecko) Chrome/119.0.0.0 Safari/537.36"
127.0.0.1 - - [29/May/2024:10:04:07 +0800] "GET /manager-page/api/snapshot.php?id=41 HTTP/1.1" 500 - "http://127.0.0.1/manager-page/home-4.php" "Mozilla/5.0 (Windows NT 10.0; Win64; x64) AppleWebKit/537.36 (KHTML, like Gecko) Chrome/119.0.0.0 Safari/537.36"
127.0.0.1 - - [29/May/2024:10:04:07 +0800] "GET /manager-page/api/snapshot.php?id=42 HTTP/1.1" 500 - "http://127.0.0.1/manager-page/home-4.php" "Mozilla/5.0 (Windows NT 10.0; Win64; x64) AppleWebKit/537.36 (KHTML, like Gecko) Chrome/119.0.0.0 Safari/537.36"
127.0.0.1 - - [29/May/2024:10:04:07 +0800] "GET /manager-page/api/cms-status4.php HTTP/1.1" 500 - "http://127.0.0.1/manager-page/home-4.php" "Mozilla/5.0 (Windows NT 10.0; Win64; x64) AppleWebKit/537.36 (KHTML, like Gecko) Chrome/119.0.0.0 Safari/537.36"
127.0.0.1 - - [29/May/2024:10:04:07 +0800] "GET /manager-page/api/lp-status4.php HTTP/1.1" 500 - "http://127.0.0.1/manager-page/home-4.php" "Mozilla/5.0 (Windows NT 10.0; Win64; x64) AppleWebKit/537.36 (KHTML, like Gecko) Chrome/119.0.0.0 Safari/537.36"
127.0.0.1 - - [29/May/2024:10:04:12 +0800] "GET /manager-page/api/snapshot.php?id=41&t=0.23105636927269635 HTTP/1.1" 500 - "http://127.0.0.1/manager-page/home-4.php" "Mozilla/5.0 (Windows NT 10.0; Win64; x64) AppleWebKit/537.36 (KHTML, like Gecko) Chrome/119.0.0.0 Safari/537.36"
127.0.0.1 - - [29/May/2024:10:04:12 +0800] "GET /manager-page/api/snapshot.php?id=42&t=0.5231912436469419 HTTP/1.1" 500 - "http://127.0.0.1/manager-page/home-4.php" "Mozilla/5.0 (Windows NT 10.0; Win64; x64) AppleWebKit/537.36 (KHTML, like Gecko) Chrome/119.0.0.0 Safari/537.36"
127.0.0.1 - - [29/May/2024:10:04:17 +0800] "GET /manager-page/api/snapshot.php?id=41&t=0.26339888463390526 HTTP/1.1" 500 - "http://127.0.0.1/manager-page/home-4.php" "Mozilla/5.0 (Windows NT 10.0; Win64; x64) AppleWebKit/537.36 (KHTML, like Gecko) Chrome/119.0.0.0 Safari/537.36"
127.0.0.1 - - [29/May/2024:10:04:17 +0800] "GET /manager-page/api/snapshot.php?id=42&t=0.9987948207137858 HTTP/1.1" 500 - "http://127.0.0.1/manager-page/home-4.php" "Mozilla/5.0 (Windows NT 10.0; Win64; x64) AppleWebKit/537.36 (KHTML, like Gecko) Chrome/119.0.0.0 Safari/537.36"
127.0.0.1 - - [29/May/2024:10:04:22 +0800] "GET /manager-page/api/snapshot.php?id=41&t=0.27438246965661617 HTTP/1.1" 500 - "http://127.0.0.1/manager-page/home-4.php" "Mozilla/5.0 (Windows NT 10.0; Win64; x64) AppleWebKit/537.36 (KHTML, like Gecko) Chrome/119.0.0.0 Safari/537.36"
127.0.0.1 - - [29/May/2024:10:04:22 +0800] "GET /manager-page/api/snapshot.php?id=42&t=0.9788103416210974 HTTP/1.1" 500 - "http://127.0.0.1/manager-page/home-4.php" "Mozilla/5.0 (Windows NT 10.0; Win64; x64) AppleWebKit/537.36 (KHTML, like Gecko) Chrome/119.0.0.0 Safari/537.36"
127.0.0.1 - - [29/May/2024:10:04:27 +0800] "GET /manager-page/api/snapshot.php?id=42&t=0.13246707347201103 HTTP/1.1" 500 - "http://127.0.0.1/manager-page/home-4.php" "Mozilla/5.0 (Windows NT 10.0; Win64; x64) AppleWebKit/537.36 (KHTML, like Gecko) Chrome/119.0.0.0 Safari/537.36"
127.0.0.1 - - [29/May/2024:10:04:27 +0800] "GET /manager-page/api/snapshot.php?id=41&t=0.5052455952266355 HTTP/1.1" 500 - "http://127.0.0.1/manager-page/home-4.php" "Mozilla/5.0 (Windows NT 10.0; Win64; x64) AppleWebKit/537.36 (KHTML, like Gecko) Chrome/119.0.0.0 Safari/537.36"
127.0.0.1 - - [29/May/2024:10:04:32 +0800] "GET /manager-page/api/snapshot.php?id=41&t=0.26687751939766224 HTTP/1.1" 500 - "http://127.0.0.1/manager-page/home-4.php" "Mozilla/5.0 (Windows NT 10.0; Win64; x64) AppleWebKit/537.36 (KHTML, like Gecko) Chrome/119.0.0.0 Safari/537.36"
127.0.0.1 - - [29/May/2024:10:04:32 +0800] "GET /manager-page/api/snapshot.php?id=42&t=0.6628187653059723 HTTP/1.1" 500 - "http://127.0.0.1/manager-page/home-4.php" "Mozilla/5.0 (Windows NT 10.0; Win64; x64) AppleWebKit/537.36 (KHTML, like Gecko) Chrome/119.0.0.0 Safari/537.36"
127.0.0.1 - - [29/May/2024:10:04:38 +0800] "GET /manager-page/alarm/4-1.jpg?t=197740565 HTTP/1.1" 200 506850 "http://127.0.0.1/manager-page/home-4.php" "Mozilla/5.0 (Windows NT 10.0; Win64; x64) AppleWebKit/537.36 (KHTML, like Gecko) Chrome/119.0.0.0 Safari/537.36"
127.0.0.1 - - [29/May/2024:10:04:38 +0800] "GET /manager-page/alarm/4-2.jpg?t=1875201703 HTTP/1.1" 200 556136 "http://127.0.0.1/manager-page/home-4.php" "Mozilla/5.0 (Windows NT 10.0; Win64; x64) AppleWebKit/537.36 (KHTML, like Gecko) Chrome/119.0.0.0 Safari/537.36"
127.0.0.1 - - [29/May/2024:10:04:35 +0800] "GET /manager-page/home-4.php HTTP/1.1" 200 29841 "http://127.0.0.1/manager-page/home-4.php" "Mozilla/5.0 (Windows NT 10.0; Win64; x64) AppleWebKit/537.36 (KHTML, like Gecko) Chrome/119.0.0.0 Safari/537.36"
127.0.0.1 - - [29/May/2024:10:04:37 +0800] "GET /manager-page/api/snapshot.php?id=41&t=0.47045762351620835 HTTP/1.1" 500 - "http://127.0.0.1/manager-page/home-4.php" "Mozilla/5.0 (Windows NT 10.0; Win64; x64) AppleWebKit/537.36 (KHTML, like Gecko) Chrome/119.0.0.0 Safari/537.36"
127.0.0.1 - - [29/May/2024:10:04:37 +0800] "GET /manager-page/api/snapshot.php?id=42&t=0.10682127373252004 HTTP/1.1" 500 - "http://127.0.0.1/manager-page/home-4.php" "Mozilla/5.0 (Windows NT 10.0; Win64; x64) AppleWebKit/537.36 (KHTML, like Gecko) Chrome/119.0.0.0 Safari/537.36"
127.0.0.1 - - [29/May/2024:10:04:38 +0800] "GET /manager-page/api/snapshot.php?id=41 HTTP/1.1" 500 - "http://127.0.0.1/manager-page/home-4.php" "Mozilla/5.0 (Windows NT 10.0; Win64; x64) AppleWebKit/537.36 (KHTML, like Gecko) Chrome/119.0.0.0 Safari/537.36"
127.0.0.1 - - [29/May/2024:10:04:38 +0800] "GET /manager-page/api/snapshot.php?id=42 HTTP/1.1" 500 - "http://127.0.0.1/manager-page/home-4.php" "Mozilla/5.0 (Windows NT 10.0; Win64; x64) AppleWebKit/537.36 (KHTML, like Gecko) Chrome/119.0.0.0 Safari/537.36"
127.0.0.1 - - [29/May/2024:10:04:38 +0800] "GET /manager-page/api/lp-status4.php HTTP/1.1" 500 - "http://127.0.0.1/manager-page/home-4.php" "Mozilla/5.0 (Windows NT 10.0; Win64; x64) AppleWebKit/537.36 (KHTML, like Gecko) Chrome/119.0.0.0 Safari/537.36"
127.0.0.1 - - [29/May/2024:10:04:38 +0800] "GET /manager-page/api/cms-status4.php HTTP/1.1" 500 - "http://127.0.0.1/manager-page/home-4.php" "Mozilla/5.0 (Windows NT 10.0; Win64; x64) AppleWebKit/537.36 (KHTML, like Gecko) Chrome/119.0.0.0 Safari/537.36"
111.70.30.252 - - [29/May/2024:10:04:47 +0800] "POST /robot/lora-in.php HTTP/1.1" 200 - "-" "python-requests/2.21.0"
127.0.0.1 - - [29/May/2024:10:04:43 +0800] "GET /manager-page/api/snapshot.php?id=41&t=0.7071432821831682 HTTP/1.1" 200 - "http://127.0.0.1/manager-page/home-4.php" "Mozilla/5.0 (Windows NT 10.0; Win64; x64) AppleWebKit/537.36 (KHTML, like Gecko) Chrome/119.0.0.0 Safari/537.36"
127.0.0.1 - - [29/May/2024:10:04:43 +0800] "GET /manager-page/api/snapshot.php?id=42&t=0.7149935877991265 HTTP/1.1" 500 - "http://127.0.0.1/manager-page/home-4.php" "Mozilla/5.0 (Windows NT 10.0; Win64; x64) AppleWebKit/537.36 (KHTML, like Gecko) Chrome/119.0.0.0 Safari/537.36"
127.0.0.1 - - [29/May/2024:10:04:48 +0800] "GET /manager-page/api/snapshot.php?id=42&t=0.0785294671622252 HTTP/1.1" 500 - "http://127.0.0.1/manager-page/home-4.php" "Mozilla/5.0 (Windows NT 10.0; Win64; x64) AppleWebKit/537.36 (KHTML, like Gecko) Chrome/119.0.0.0 Safari/537.36"
127.0.0.1 - - [29/May/2024:10:04:48 +0800] "GET /manager-page/api/snapshot.php?id=41&t=0.2873360270175307 HTTP/1.1" 500 - "http://127.0.0.1/manager-page/home-4.php" "Mozilla/5.0 (Windows NT 10.0; Win64; x64) AppleWebKit/537.36 (KHTML, like Gecko) Chrome/119.0.0.0 Safari/537.36"
127.0.0.1 - - [29/May/2024:10:04:53 +0800] "GET /manager-page/api/snapshot.php?id=42&t=0.01264800782722486 HTTP/1.1" 500 - "http://127.0.0.1/manager-page/home-4.php" "Mozilla/5.0 (Windows NT 10.0; Win64; x64) AppleWebKit/537.36 (KHTML, like Gecko) Chrome/119.0.0.0 Safari/537.36"
127.0.0.1 - - [29/May/2024:10:04:53 +0800] "GET /manager-page/api/snapshot.php?id=41&t=0.22991077942261917 HTTP/1.1" 500 - "http://127.0.0.1/manager-page/home-4.php" "Mozilla/5.0 (Windows NT 10.0; Win64; x64) AppleWebKit/537.36 (KHTML, like Gecko) Chrome/119.0.0.0 Safari/537.36"
127.0.0.1 - - [29/May/2024:10:04:58 +0800] "GET /manager-page/api/snapshot.php?id=42&t=0.1023122130488563 HTTP/1.1" 500 - "http://127.0.0.1/manager-page/home-4.php" "Mozilla/5.0 (Windows NT 10.0; Win64; x64) AppleWebKit/537.36 (KHTML, like Gecko) Chrome/119.0.0.0 Safari/537.36"
127.0.0.1 - - [29/May/2024:10:04:58 +0800] "GET /manager-page/api/snapshot.php?id=41&t=0.08420684021439384 HTTP/1.1" 500 - "http://127.0.0.1/manager-page/home-4.php" "Mozilla/5.0 (Windows NT 10.0; Win64; x64) AppleWebKit/537.36 (KHTML, like Gecko) Chrome/119.0.0.0 Safari/537.36"
127.0.0.1 - - [29/May/2024:10:05:03 +0800] "GET /manager-page/api/snapshot.php?id=41&t=0.3048234291915797 HTTP/1.1" 500 - "http://127.0.0.1/manager-page/home-4.php" "Mozilla/5.0 (Windows NT 10.0; Win64; x64) AppleWebKit/537.36 (KHTML, like Gecko) Chrome/119.0.0.0 Safari/537.36"
127.0.0.1 - - [29/May/2024:10:05:03 +0800] "GET /manager-page/api/snapshot.php?id=42&t=0.10551611298247132 HTTP/1.1" 500 - "http://127.0.0.1/manager-page/home-4.php" "Mozilla/5.0 (Windows NT 10.0; Win64; x64) AppleWebKit/537.36 (KHTML, like Gecko) Chrome/119.0.0.0 Safari/537.36"
127.0.0.1 - - [29/May/2024:10:05:08 +0800] "GET /manager-page/api/snapshot.php?id=42&t=0.48029668476726717 HTTP/1.1" 500 - "http://127.0.0.1/manager-page/home-4.php" "Mozilla/5.0 (Windows NT 10.0; Win64; x64) AppleWebKit/537.36 (KHTML, like Gecko) Chrome/119.0.0.0 Safari/537.36"
127.0.0.1 - - [29/May/2024:10:05:08 +0800] "GET /manager-page/api/snapshot.php?id=41&t=0.9894752093931045 HTTP/1.1" 500 - "http://127.0.0.1/manager-page/home-4.php" "Mozilla/5.0 (Windows NT 10.0; Win64; x64) AppleWebKit/537.36 (KHTML, like Gecko) Chrome/119.0.0.0 Safari/537.36"
127.0.0.1 - - [29/May/2024:10:05:13 +0800] "GET /manager-page/logout.php HTTP/1.1" 302 - "http://127.0.0.1/manager-page/home-4.php" "Mozilla/5.0 (Windows NT 10.0; Win64; x64) AppleWebKit/537.36 (KHTML, like Gecko) Chrome/119.0.0.0 Safari/537.36"
127.0.0.1 - - [29/May/2024:10:05:14 +0800] "GET /manager-page/login.php HTTP/1.1" 200 2365 "http://127.0.0.1/manager-page/home-4.php" "Mozilla/5.0 (Windows NT 10.0; Win64; x64) AppleWebKit/537.36 (KHTML, like Gecko) Chrome/119.0.0.0 Safari/537.36"
127.0.0.1 - - [29/May/2024:10:05:13 +0800] "GET /manager-page/api/snapshot.php?id=41&t=0.5845937813232178 HTTP/1.1" 500 - "http://127.0.0.1/manager-page/home-4.php" "Mozilla/5.0 (Windows NT 10.0; Win64; x64) AppleWebKit/537.36 (KHTML, like Gecko) Chrome/119.0.0.0 Safari/537.36"
127.0.0.1 - - [29/May/2024:10:05:13 +0800] "GET /manager-page/api/snapshot.php?id=42&t=0.6332320334772705 HTTP/1.1" 500 - "http://127.0.0.1/manager-page/home-4.php" "Mozilla/5.0 (Windows NT 10.0; Win64; x64) AppleWebKit/537.36 (KHTML, like Gecko) Chrome/119.0.0.0 Safari/537.36"
111.70.30.251 - - [29/May/2024:10:07:08 +0800] "POST /robot/lora-in.php HTTP/1.1" 200 - "-" "python-requests/2.21.0"
111.70.30.251 - - [29/May/2024:10:08:00 +0800] "POST /robot/lora-in.php HTTP/1.1" 200 - "-" "python-requests/2.21.0"
111.70.30.251 - - [29/May/2024:10:08:49 +0800] "POST /robot/lora-in.php HTTP/1.1" 200 - "-" "python-requests/2.21.0"
127.0.0.1 - - [29/May/2024:10:09:47 +0800] "POST /robot/et-7026-in.php HTTP/1.1" 200 - "-" "python-requests/2.31.0"
127.0.0.1 - - [29/May/2024:10:09:48 +0800] "POST /robot/et-7026-in.php HTTP/1.1" 200 - "-" "python-requests/2.31.0"
127.0.0.1 - - [29/May/2024:10:09:51 +0800] "POST /robot/lora-in.php HTTP/1.1" 200 - "-" "python-requests/2.31.0"
127.0.0.1 - - [29/May/2024:10:09:54 +0800] "POST /robot/lora-in.php HTTP/1.1" 200 - "-" "python-requests/2.31.0"
127.0.0.1 - - [29/May/2024:10:10:11 +0800] "POST /robot/lora-in.php HTTP/1.1" 200 - "-" "python-requests/2.31.0"
127.0.0.1 - - [29/May/2024:10:10:13 +0800] "POST /robot/lora-in.php HTTP/1.1" 200 - "-" "python-requests/2.31.0"
127.0.0.1 - - [29/May/2024:10:10:15 +0800] "POST /robot/lora-in.php HTTP/1.1" 200 - "-" "python-requests/2.31.0"
127.0.0.1 - - [29/May/2024:10:10:21 +0800] "POST /robot/lora-in.php HTTP/1.1" 200 - "-" "python-requests/2.31.0"
111.70.30.250 - - [29/May/2024:10:10:39 +0800] "POST /robot/lora-in.php HTTP/1.1" 200 - "-" "python-requests/2.21.0"
111.70.30.251 - - [29/May/2024:10:11:10 +0800] "POST /robot/lora-in.php HTTP/1.1" 200 - "-" "python-requests/2.21.0"
111.70.30.251 - - [29/May/2024:10:12:00 +0800] "POST /robot/lora-in.php HTTP/1.1" 200 - "-" "python-requests/2.21.0"
111.70.30.252 - - [29/May/2024:10:13:59 +0800] "POST /robot/lora-in.php HTTP/1.1" 200 - "-" "python-requests/2.21.0"
111.70.30.251 - - [29/May/2024:10:15:15 +0800] "POST /robot/lora-in.php HTTP/1.1" 200 - "-" "python-requests/2.21.0"
111.70.30.251 - - [29/May/2024:10:15:59 +0800] "POST /robot/lora-in.php HTTP/1.1" 200 - "-" "python-requests/2.21.0"
111.70.30.251 - - [29/May/2024:10:17:55 +0800] "POST /robot/lora-in.php HTTP/1.1" 200 - "-" "python-requests/2.21.0"
111.70.30.250 - - [29/May/2024:10:19:14 +0800] "POST /robot/lora-in.php HTTP/1.1" 200 - "-" "python-requests/2.21.0"
111.70.30.251 - - [29/May/2024:10:19:15 +0800] "POST /robot/lora-in.php HTTP/1.1" 200 - "-" "python-requests/2.21.0"
127.0.0.1 - - [29/May/2024:10:19:48 +0800] "POST /robot/et-7026-in.php HTTP/1.1" 200 - "-" "python-requests/2.31.0"
127.0.0.1 - - [29/May/2024:10:19:50 +0800] "POST /robot/et-7026-in.php HTTP/1.1" 200 - "-" "python-requests/2.31.0"
127.0.0.1 - - [29/May/2024:10:19:51 +0800] "POST /robot/lora-in.php HTTP/1.1" 200 - "-" "python-requests/2.31.0"
111.70.30.251 - - [29/May/2024:10:19:58 +0800] "POST /robot/lora-in.php HTTP/1.1" 200 - "-" "python-requests/2.21.0"
127.0.0.1 - - [29/May/2024:10:20:01 +0800] "POST /robot/lora-in.php HTTP/1.1" 200 - "-" "python-requests/2.31.0"
127.0.0.1 - - [29/May/2024:10:20:11 +0800] "POST /robot/lora-in.php HTTP/1.1" 200 - "-" "python-requests/2.31.0"
127.0.0.1 - - [29/May/2024:10:20:19 +0800] "POST /robot/lora-in.php HTTP/1.1" 200 - "-" "python-requests/2.31.0"
127.0.0.1 - - [29/May/2024:10:20:23 +0800] "POST /robot/lora-in.php HTTP/1.1" 200 - "-" "python-requests/2.31.0"
127.0.0.1 - - [29/May/2024:10:20:32 +0800] "POST /robot/lora-in.php HTTP/1.1" 200 - "-" "python-requests/2.31.0"
111.70.30.252 - - [29/May/2024:10:23:12 +0800] "POST /robot/lora-in.php HTTP/1.1" 200 - "-" "python-requests/2.21.0"
111.70.30.251 - - [29/May/2024:10:23:18 +0800] "POST /robot/lora-in.php HTTP/1.1" 200 - "-" "python-requests/2.21.0"
111.70.30.251 - - [29/May/2024:10:23:57 +0800] "POST /robot/lora-in.php HTTP/1.1" 200 - "-" "python-requests/2.21.0"
111.70.30.250 - - [29/May/2024:10:27:50 +0800] "POST /robot/lora-in.php HTTP/1.1" 200 - "-" "python-requests/2.21.0"
111.70.30.251 - - [29/May/2024:10:27:56 +0800] "POST /robot/lora-in.php HTTP/1.1" 200 - "-" "python-requests/2.21.0"
111.70.30.251 - - [29/May/2024:10:27:02 +0800] "POST /robot/lora-in.php HTTP/1.1" 200 - "-" "python-requests/2.21.0"
111.70.30.251 - - [29/May/2024:10:27:21 +0800] "POST /robot/lora-in.php HTTP/1.1" 200 - "-" "python-requests/2.21.0"
127.0.0.1 - - [29/May/2024:10:29:49 +0800] "POST /robot/et-7026-in.php HTTP/1.1" 200 - "-" "python-requests/2.31.0"
127.0.0.1 - - [29/May/2024:10:29:51 +0800] "POST /robot/et-7026-in.php HTTP/1.1" 200 - "-" "python-requests/2.31.0"
127.0.0.1 - - [29/May/2024:10:29:51 +0800] "POST /robot/lora-in.php HTTP/1.1" 200 - "-" "python-requests/2.31.0"
127.0.0.1 - - [29/May/2024:10:29:54 +0800] "POST /robot/lora-in.php HTTP/1.1" 200 - "-" "python-requests/2.31.0"
127.0.0.1 - - [29/May/2024:10:30:24 +0800] "POST /robot/lora-in.php HTTP/1.1" 200 - "-" "python-requests/2.31.0"
127.0.0.1 - - [29/May/2024:10:30:32 +0800] "POST /robot/lora-in.php HTTP/1.1" 200 - "-" "python-requests/2.31.0"
127.0.0.1 - - [29/May/2024:10:30:36 +0800] "POST /robot/lora-in.php HTTP/1.1" 200 - "-" "python-requests/2.31.0"
127.0.0.1 - - [29/May/2024:10:30:45 +0800] "POST /robot/lora-in.php HTTP/1.1" 200 - "-" "python-requests/2.31.0"
111.70.30.251 - - [29/May/2024:10:31:24 +0800] "POST /robot/lora-in.php HTTP/1.1" 200 - "-" "python-requests/2.21.0"
111.70.30.251 - - [29/May/2024:10:31:55 +0800] "POST /robot/lora-in.php HTTP/1.1" 200 - "-" "python-requests/2.21.0"
111.70.30.252 - - [29/May/2024:10:32:23 +0800] "POST /robot/lora-in.php HTTP/1.1" 200 - "-" "python-requests/2.21.0"
111.70.30.251 - - [29/May/2024:10:35:26 +0800] "POST /robot/lora-in.php HTTP/1.1" 200 - "-" "python-requests/2.21.0"
111.70.30.251 - - [29/May/2024:10:35:54 +0800] "POST /robot/lora-in.php HTTP/1.1" 200 - "-" "python-requests/2.21.0"
111.70.30.251 - - [29/May/2024:10:36:06 +0800] "POST /robot/lora-in.php HTTP/1.1" 200 - "-" "python-requests/2.21.0"
111.70.30.250 - - [29/May/2024:10:36:25 +0800] "POST /robot/lora-in.php HTTP/1.1" 200 - "-" "python-requests/2.21.0"
111.70.30.251 - - [29/May/2024:10:39:29 +0800] "POST /robot/lora-in.php HTTP/1.1" 200 - "-" "python-requests/2.21.0"
127.0.0.1 - - [29/May/2024:10:39:50 +0800] "POST /robot/et-7026-in.php HTTP/1.1" 200 - "-" "python-requests/2.31.0"
127.0.0.1 - - [29/May/2024:10:39:51 +0800] "POST /robot/lora-in.php HTTP/1.1" 200 - "-" "python-requests/2.31.0"
127.0.0.1 - - [29/May/2024:10:39:52 +0800] "POST /robot/et-7026-in.php HTTP/1.1" 200 - "-" "python-requests/2.31.0"
111.70.30.251 - - [29/May/2024:10:39:53 +0800] "POST /robot/lora-in.php HTTP/1.1" 200 - "-" "python-requests/2.21.0"
127.0.0.1 - - [29/May/2024:10:40:01 +0800] "POST /robot/lora-in.php HTTP/1.1" 200 - "-" "python-requests/2.31.0"
127.0.0.1 - - [29/May/2024:10:40:19 +0800] "POST /robot/lora-in.php HTTP/1.1" 200 - "-" "python-requests/2.31.0"
127.0.0.1 - - [29/May/2024:10:40:27 +0800] "POST /robot/lora-in.php HTTP/1.1" 200 - "-" "python-requests/2.31.0"
127.0.0.1 - - [29/May/2024:10:40:33 +0800] "POST /robot/lora-in.php HTTP/1.1" 200 - "-" "python-requests/2.31.0"
127.0.0.1 - - [29/May/2024:10:40:40 +0800] "POST /robot/lora-in.php HTTP/1.1" 200 - "-" "python-requests/2.31.0"
111.70.30.252 - - [29/May/2024:10:41:34 +0800] "POST /robot/lora-in.php HTTP/1.1" 200 - "-" "python-requests/2.21.0"
111.70.30.251 - - [29/May/2024:10:43:32 +0800] "POST /robot/lora-in.php HTTP/1.1" 200 - "-" "python-requests/2.21.0"
111.70.30.251 - - [29/May/2024:10:43:53 +0800] "POST /robot/lora-in.php HTTP/1.1" 200 - "-" "python-requests/2.21.0"
111.70.30.250 - - [29/May/2024:10:45:01 +0800] "POST /robot/lora-in.php HTTP/1.1" 200 - "-" "python-requests/2.21.0"
111.70.30.251 - - [29/May/2024:10:45:12 +0800] "POST /robot/lora-in.php HTTP/1.1" 200 - "-" "python-requests/2.21.0"
111.70.30.251 - - [29/May/2024:10:47:35 +0800] "POST /robot/lora-in.php HTTP/1.1" 200 - "-" "python-requests/2.21.0"
111.70.30.251 - - [29/May/2024:10:47:51 +0800] "POST /robot/lora-in.php HTTP/1.1" 200 - "-" "python-requests/2.21.0"
127.0.0.1 - - [29/May/2024:10:49:51 +0800] "POST /robot/et-7026-in.php HTTP/1.1" 200 - "-" "python-requests/2.31.0"
127.0.0.1 - - [29/May/2024:10:49:51 +0800] "POST /robot/lora-in.php HTTP/1.1" 200 - "-" "python-requests/2.31.0"
127.0.0.1 - - [29/May/2024:10:49:53 +0800] "POST /robot/et-7026-in.php HTTP/1.1" 200 - "-" "python-requests/2.31.0"
127.0.0.1 - - [29/May/2024:10:49:54 +0800] "POST /robot/lora-in.php HTTP/1.1" 200 - "-" "python-requests/2.31.0"
127.0.0.1 - - [29/May/2024:10:50:11 +0800] "POST /robot/lora-in.php HTTP/1.1" 200 - "-" "python-requests/2.31.0"
