127.0.0.1 - - [14/Aug/2024:08:51:46 +0800] "GET /manager-page/img/off1.png HTTP/1.1" 304 - "http://127.0.0.1/manager-page/home-1.php" "Mozilla/5.0 (Windows NT 10.0; Win64; x64) AppleWebKit/537.36 (KHTML, like Gecko) Chrome/119.0.0.0 Safari/537.36"
172.16.36.181 - - [14/Aug/2024:08:51:41 +0800] "GET /manager-page/api/snapshot.php?id=42&t=0.5837456813678101 HTTP/1.1" 500 - "http://192.168.60.79/manager-page/home-4.php" "Mozilla/5.0 (Windows NT 10.0; Win64; x64) AppleWebKit/537.36 (KHTML, like Gecko) Chrome/127.0.0.0 Safari/537.36 Edg/127.0.0.0"
172.16.36.181 - - [14/Aug/2024:08:51:41 +0800] "GET /manager-page/api/snapshot.php?id=41&t=0.24977419901192954 HTTP/1.1" 500 - "http://192.168.60.79/manager-page/home-4.php" "Mozilla/5.0 (Windows NT 10.0; Win64; x64) AppleWebKit/537.36 (KHTML, like Gecko) Chrome/127.0.0.0 Safari/537.36 Edg/127.0.0.0"
127.0.0.1 - - [14/Aug/2024:08:51:44 +0800] "GET /manager-page/api/snapshot.php?id=11 HTTP/1.1" 200 46331 "http://127.0.0.1/manager-page/home-1.php" "Mozilla/5.0 (Windows NT 10.0; Win64; x64) AppleWebKit/537.36 (KHTML, like Gecko) Chrome/119.0.0.0 Safari/537.36"
127.0.0.1 - - [14/Aug/2024:08:51:44 +0800] "GET /manager-page/api/snapshot.php?id=12 HTTP/1.1" 200 49030 "http://127.0.0.1/manager-page/home-1.php" "Mozilla/5.0 (Windows NT 10.0; Win64; x64) AppleWebKit/537.36 (KHTML, like Gecko) Chrome/119.0.0.0 Safari/537.36"
127.0.0.1 - - [14/Aug/2024:08:51:46 +0800] "GET /manager-page/api/cms-status1.php HTTP/1.1" 200 12 "http://127.0.0.1/manager-page/home-1.php" "Mozilla/5.0 (Windows NT 10.0; Win64; x64) AppleWebKit/537.36 (KHTML, like Gecko) Chrome/119.0.0.0 Safari/537.36"
127.0.0.1 - - [14/Aug/2024:08:51:46 +0800] "GET /manager-page/api/lp-status1.php HTTP/1.1" 200 1 "http://127.0.0.1/manager-page/home-1.php" "Mozilla/5.0 (Windows NT 10.0; Win64; x64) AppleWebKit/537.36 (KHTML, like Gecko) Chrome/119.0.0.0 Safari/537.36"
172.16.36.181 - - [14/Aug/2024:08:51:46 +0800] "GET /manager-page/api/snapshot.php?id=41&t=0.8716570686771614 HTTP/1.1" 500 - "http://192.168.60.79/manager-page/home-4.php" "Mozilla/5.0 (Windows NT 10.0; Win64; x64) AppleWebKit/537.36 (KHTML, like Gecko) Chrome/127.0.0.0 Safari/537.36 Edg/127.0.0.0"
172.16.36.181 - - [14/Aug/2024:08:51:46 +0800] "GET /manager-page/api/snapshot.php?id=42&t=0.08845977342906619 HTTP/1.1" 500 - "http://192.168.60.79/manager-page/home-4.php" "Mozilla/5.0 (Windows NT 10.0; Win64; x64) AppleWebKit/537.36 (KHTML, like Gecko) Chrome/127.0.0.0 Safari/537.36 Edg/127.0.0.0"
127.0.0.1 - - [14/Aug/2024:08:51:51 +0800] "GET /manager-page/api/snapshot.php?id=11&t=0.05722866638933266 HTTP/1.1" 200 45782 "http://127.0.0.1/manager-page/home-1.php" "Mozilla/5.0 (Windows NT 10.0; Win64; x64) AppleWebKit/537.36 (KHTML, like Gecko) Chrome/119.0.0.0 Safari/537.36"
127.0.0.1 - - [14/Aug/2024:08:51:51 +0800] "GET /manager-page/api/snapshot.php?id=12&t=0.12480713281859201 HTTP/1.1" 200 48433 "http://127.0.0.1/manager-page/home-1.php" "Mozilla/5.0 (Windows NT 10.0; Win64; x64) AppleWebKit/537.36 (KHTML, like Gecko) Chrome/119.0.0.0 Safari/537.36"
127.0.0.1 - - [14/Aug/2024:08:51:53 +0800] "GET /manager-page/history.php HTTP/1.1" 200 22438 "http://127.0.0.1/manager-page/home-1.php" "Mozilla/5.0 (Windows NT 10.0; Win64; x64) AppleWebKit/537.36 (KHTML, like Gecko) Chrome/119.0.0.0 Safari/537.36"
127.0.0.1 - - [14/Aug/2024:08:51:54 +0800] "GET /favicon.ico HTTP/1.1" 404 196 "http://127.0.0.1/manager-page/history.php" "Mozilla/5.0 (Windows NT 10.0; Win64; x64) AppleWebKit/537.36 (KHTML, like Gecko) Chrome/119.0.0.0 Safari/537.36"
172.16.36.181 - - [14/Aug/2024:08:51:51 +0800] "GET /manager-page/api/snapshot.php?id=42&t=0.04405821152277278 HTTP/1.1" 500 - "http://192.168.60.79/manager-page/home-4.php" "Mozilla/5.0 (Windows NT 10.0; Win64; x64) AppleWebKit/537.36 (KHTML, like Gecko) Chrome/127.0.0.0 Safari/537.36 Edg/127.0.0.0"
172.16.36.181 - - [14/Aug/2024:08:51:51 +0800] "GET /manager-page/api/snapshot.php?id=41&t=0.051452728304433704 HTTP/1.1" 500 - "http://192.168.60.79/manager-page/home-4.php" "Mozilla/5.0 (Windows NT 10.0; Win64; x64) AppleWebKit/537.36 (KHTML, like Gecko) Chrome/127.0.0.0 Safari/537.36 Edg/127.0.0.0"
172.16.36.181 - - [14/Aug/2024:08:51:56 +0800] "GET /manager-page/api/snapshot.php?id=42&t=0.023190218056036604 HTTP/1.1" 200 54536 "http://192.168.60.79/manager-page/home-4.php" "Mozilla/5.0 (Windows NT 10.0; Win64; x64) AppleWebKit/537.36 (KHTML, like Gecko) Chrome/127.0.0.0 Safari/537.36 Edg/127.0.0.0"
172.16.36.181 - - [14/Aug/2024:08:51:56 +0800] "GET /manager-page/api/snapshot.php?id=41&t=0.23073258878536418 HTTP/1.1" 200 52690 "http://192.168.60.79/manager-page/home-4.php" "Mozilla/5.0 (Windows NT 10.0; Win64; x64) AppleWebKit/537.36 (KHTML, like Gecko) Chrome/127.0.0.0 Safari/537.36 Edg/127.0.0.0"
172.16.36.181 - - [14/Aug/2024:08:52:01 +0800] "GET /manager-page/api/snapshot.php?id=42&t=0.8771234420355811 HTTP/1.1" 200 54430 "http://192.168.60.79/manager-page/home-4.php" "Mozilla/5.0 (Windows NT 10.0; Win64; x64) AppleWebKit/537.36 (KHTML, like Gecko) Chrome/127.0.0.0 Safari/537.36 Edg/127.0.0.0"
172.16.36.181 - - [14/Aug/2024:08:52:01 +0800] "GET /manager-page/api/snapshot.php?id=41&t=0.3609665167809948 HTTP/1.1" 200 52496 "http://192.168.60.79/manager-page/home-4.php" "Mozilla/5.0 (Windows NT 10.0; Win64; x64) AppleWebKit/537.36 (KHTML, like Gecko) Chrome/127.0.0.0 Safari/537.36 Edg/127.0.0.0"
127.0.0.1 - - [14/Aug/2024:08:52:00 +0800] "GET /robot/alarm-history-in.php HTTP/1.1" 200 - "-" "python-requests/2.28.1"
111.70.30.253 - - [14/Aug/2024:08:52:02 +0800] "POST /robot/lora-in.php HTTP/1.1" 200 - "-" "python-requests/2.21.0"
172.16.36.181 - - [14/Aug/2024:08:52:06 +0800] "GET /manager-page/api/snapshot.php?id=42&t=0.9178029176570399 HTTP/1.1" 200 53802 "http://192.168.60.79/manager-page/home-4.php" "Mozilla/5.0 (Windows NT 10.0; Win64; x64) AppleWebKit/537.36 (KHTML, like Gecko) Chrome/127.0.0.0 Safari/537.36 Edg/127.0.0.0"
172.16.36.181 - - [14/Aug/2024:08:52:06 +0800] "GET /manager-page/api/snapshot.php?id=41&t=0.9365137011562199 HTTP/1.1" 200 52429 "http://192.168.60.79/manager-page/home-4.php" "Mozilla/5.0 (Windows NT 10.0; Win64; x64) AppleWebKit/537.36 (KHTML, like Gecko) Chrome/127.0.0.0 Safari/537.36 Edg/127.0.0.0"
127.0.0.1 - - [14/Aug/2024:08:52:06 +0800] "POST /manager-page/history.php HTTP/1.1" 200 98756 "http://127.0.0.1/manager-page/history.php" "Mozilla/5.0 (Windows NT 10.0; Win64; x64) AppleWebKit/537.36 (KHTML, like Gecko) Chrome/119.0.0.0 Safari/537.36"
172.16.36.181 - - [14/Aug/2024:08:52:11 +0800] "GET /manager-page/api/snapshot.php?id=41&t=0.22662082281327067 HTTP/1.1" 200 52473 "http://192.168.60.79/manager-page/home-4.php" "Mozilla/5.0 (Windows NT 10.0; Win64; x64) AppleWebKit/537.36 (KHTML, like Gecko) Chrome/127.0.0.0 Safari/537.36 Edg/127.0.0.0"
172.16.36.181 - - [14/Aug/2024:08:52:11 +0800] "GET /manager-page/api/snapshot.php?id=42&t=0.08404442922156563 HTTP/1.1" 200 53956 "http://192.168.60.79/manager-page/home-4.php" "Mozilla/5.0 (Windows NT 10.0; Win64; x64) AppleWebKit/537.36 (KHTML, like Gecko) Chrome/127.0.0.0 Safari/537.36 Edg/127.0.0.0"
111.70.30.251 - - [14/Aug/2024:08:52:13 +0800] "POST /robot/lora-in.php HTTP/1.1" 200 - "-" "python-requests/2.21.0"
172.16.36.181 - - [14/Aug/2024:08:52:16 +0800] "GET /manager-page/api/snapshot.php?id=42&t=0.5444805118253464 HTTP/1.1" 500 - "http://192.168.60.79/manager-page/home-4.php" "Mozilla/5.0 (Windows NT 10.0; Win64; x64) AppleWebKit/537.36 (KHTML, like Gecko) Chrome/127.0.0.0 Safari/537.36 Edg/127.0.0.0"
172.16.36.181 - - [14/Aug/2024:08:52:16 +0800] "GET /manager-page/api/snapshot.php?id=41&t=0.051456586771397195 HTTP/1.1" 500 - "http://192.168.60.79/manager-page/home-4.php" "Mozilla/5.0 (Windows NT 10.0; Win64; x64) AppleWebKit/537.36 (KHTML, like Gecko) Chrome/127.0.0.0 Safari/537.36 Edg/127.0.0.0"
172.16.36.181 - - [14/Aug/2024:08:52:21 +0800] "GET /manager-page/api/snapshot.php?id=42&t=0.10445398108790349 HTTP/1.1" 200 54392 "http://192.168.60.79/manager-page/home-4.php" "Mozilla/5.0 (Windows NT 10.0; Win64; x64) AppleWebKit/537.36 (KHTML, like Gecko) Chrome/127.0.0.0 Safari/537.36 Edg/127.0.0.0"
127.0.0.1 - - [14/Aug/2024:08:52:21 +0800] "POST /manager-page/history.php HTTP/1.1" 200 98998 "http://127.0.0.1/manager-page/history.php" "Mozilla/5.0 (Windows NT 10.0; Win64; x64) AppleWebKit/537.36 (KHTML, like Gecko) Chrome/119.0.0.0 Safari/537.36"
172.16.36.181 - - [14/Aug/2024:08:52:21 +0800] "GET /manager-page/api/snapshot.php?id=41&t=0.0684349051659956 HTTP/1.1" 500 - "http://192.168.60.79/manager-page/home-4.php" "Mozilla/5.0 (Windows NT 10.0; Win64; x64) AppleWebKit/537.36 (KHTML, like Gecko) Chrome/127.0.0.0 Safari/537.36 Edg/127.0.0.0"
172.16.36.181 - - [14/Aug/2024:08:52:26 +0800] "GET /manager-page/api/snapshot.php?id=41&t=0.07495070625453693 HTTP/1.1" 200 53368 "http://192.168.60.79/manager-page/home-4.php" "Mozilla/5.0 (Windows NT 10.0; Win64; x64) AppleWebKit/537.36 (KHTML, like Gecko) Chrome/127.0.0.0 Safari/537.36 Edg/127.0.0.0"
172.16.36.181 - - [14/Aug/2024:08:52:26 +0800] "GET /manager-page/api/snapshot.php?id=42&t=0.16903497411001722 HTTP/1.1" 500 - "http://192.168.60.79/manager-page/home-4.php" "Mozilla/5.0 (Windows NT 10.0; Win64; x64) AppleWebKit/537.36 (KHTML, like Gecko) Chrome/127.0.0.0 Safari/537.36 Edg/127.0.0.0"
127.0.0.1 - - [14/Aug/2024:08:52:33 +0800] "POST /manager-page/history.php HTTP/1.1" 200 99901 "http://127.0.0.1/manager-page/history.php" "Mozilla/5.0 (Windows NT 10.0; Win64; x64) AppleWebKit/537.36 (KHTML, like Gecko) Chrome/119.0.0.0 Safari/537.36"
172.16.36.181 - - [14/Aug/2024:08:52:31 +0800] "GET /manager-page/api/snapshot.php?id=41&t=0.30412631746955743 HTTP/1.1" 500 - "http://192.168.60.79/manager-page/home-4.php" "Mozilla/5.0 (Windows NT 10.0; Win64; x64) AppleWebKit/537.36 (KHTML, like Gecko) Chrome/127.0.0.0 Safari/537.36 Edg/127.0.0.0"
172.16.36.181 - - [14/Aug/2024:08:52:31 +0800] "GET /manager-page/api/snapshot.php?id=42&t=0.7674779458457457 HTTP/1.1" 500 - "http://192.168.60.79/manager-page/home-4.php" "Mozilla/5.0 (Windows NT 10.0; Win64; x64) AppleWebKit/537.36 (KHTML, like Gecko) Chrome/127.0.0.0 Safari/537.36 Edg/127.0.0.0"
172.16.36.181 - - [14/Aug/2024:08:52:36 +0800] "GET /manager-page/api/snapshot.php?id=41&t=0.02703601833813929 HTTP/1.1" 200 53536 "http://192.168.60.79/manager-page/home-4.php" "Mozilla/5.0 (Windows NT 10.0; Win64; x64) AppleWebKit/537.36 (KHTML, like Gecko) Chrome/127.0.0.0 Safari/537.36 Edg/127.0.0.0"
172.16.36.181 - - [14/Aug/2024:08:52:41 +0800] "GET /manager-page/api/snapshot.php?id=41&t=0.6453404107800971 HTTP/1.1" 200 53557 "http://192.168.60.79/manager-page/home-4.php" "Mozilla/5.0 (Windows NT 10.0; Win64; x64) AppleWebKit/537.36 (KHTML, like Gecko) Chrome/127.0.0.0 Safari/537.36 Edg/127.0.0.0"
172.16.36.181 - - [14/Aug/2024:08:52:36 +0800] "GET /manager-page/api/snapshot.php?id=42&t=0.09506080801518113 HTTP/1.1" 200 55173 "http://192.168.60.79/manager-page/home-4.php" "Mozilla/5.0 (Windows NT 10.0; Win64; x64) AppleWebKit/537.36 (KHTML, like Gecko) Chrome/127.0.0.0 Safari/537.36 Edg/127.0.0.0"
127.0.0.1 - - [14/Aug/2024:08:52:43 +0800] "POST /manager-page/history.php HTTP/1.1" 200 71619 "http://127.0.0.1/manager-page/history.php" "Mozilla/5.0 (Windows NT 10.0; Win64; x64) AppleWebKit/537.36 (KHTML, like Gecko) Chrome/119.0.0.0 Safari/537.36"
172.16.36.181 - - [14/Aug/2024:08:52:41 +0800] "GET /manager-page/api/snapshot.php?id=42&t=0.5277413402121749 HTTP/1.1" 500 - "http://192.168.60.79/manager-page/home-4.php" "Mozilla/5.0 (Windows NT 10.0; Win64; x64) AppleWebKit/537.36 (KHTML, like Gecko) Chrome/127.0.0.0 Safari/537.36 Edg/127.0.0.0"
172.16.36.181 - - [14/Aug/2024:08:52:46 +0800] "GET /manager-page/api/snapshot.php?id=42&t=0.28563963703233197 HTTP/1.1" 200 55116 "http://192.168.60.79/manager-page/home-4.php" "Mozilla/5.0 (Windows NT 10.0; Win64; x64) AppleWebKit/537.36 (KHTML, like Gecko) Chrome/127.0.0.0 Safari/537.36 Edg/127.0.0.0"
172.16.36.181 - - [14/Aug/2024:08:52:46 +0800] "GET /manager-page/api/snapshot.php?id=41&t=0.24894131607565861 HTTP/1.1" 200 53594 "http://192.168.60.79/manager-page/home-4.php" "Mozilla/5.0 (Windows NT 10.0; Win64; x64) AppleWebKit/537.36 (KHTML, like Gecko) Chrome/127.0.0.0 Safari/537.36 Edg/127.0.0.0"
172.16.36.181 - - [14/Aug/2024:08:52:51 +0800] "GET /manager-page/api/snapshot.php?id=41&t=0.034206210818783056 HTTP/1.1" 200 53550 "http://192.168.60.79/manager-page/home-4.php" "Mozilla/5.0 (Windows NT 10.0; Win64; x64) AppleWebKit/537.36 (KHTML, like Gecko) Chrome/127.0.0.0 Safari/537.36 Edg/127.0.0.0"
172.16.36.181 - - [14/Aug/2024:08:52:51 +0800] "GET /manager-page/api/snapshot.php?id=42&t=0.9336118320336386 HTTP/1.1" 200 55165 "http://192.168.60.79/manager-page/home-4.php" "Mozilla/5.0 (Windows NT 10.0; Win64; x64) AppleWebKit/537.36 (KHTML, like Gecko) Chrome/127.0.0.0 Safari/537.36 Edg/127.0.0.0"
172.16.36.181 - - [14/Aug/2024:08:52:56 +0800] "GET /manager-page/api/snapshot.php?id=41&t=0.07086097723198437 HTTP/1.1" 500 - "http://192.168.60.79/manager-page/home-4.php" "Mozilla/5.0 (Windows NT 10.0; Win64; x64) AppleWebKit/537.36 (KHTML, like Gecko) Chrome/127.0.0.0 Safari/537.36 Edg/127.0.0.0"
172.16.36.181 - - [14/Aug/2024:08:52:56 +0800] "GET /manager-page/api/snapshot.php?id=42&t=0.09864579345317215 HTTP/1.1" 500 - "http://192.168.60.79/manager-page/home-4.php" "Mozilla/5.0 (Windows NT 10.0; Win64; x64) AppleWebKit/537.36 (KHTML, like Gecko) Chrome/127.0.0.0 Safari/537.36 Edg/127.0.0.0"
172.16.36.181 - - [14/Aug/2024:08:53:01 +0800] "GET /manager-page/api/snapshot.php?id=42&t=0.4028716712933518 HTTP/1.1" 200 55469 "http://192.168.60.79/manager-page/home-4.php" "Mozilla/5.0 (Windows NT 10.0; Win64; x64) AppleWebKit/537.36 (KHTML, like Gecko) Chrome/127.0.0.0 Safari/537.36 Edg/127.0.0.0"
127.0.0.1 - - [14/Aug/2024:08:53:00 +0800] "GET /robot/alarm-history-in.php HTTP/1.1" 200 - "-" "python-requests/2.28.1"
172.16.36.181 - - [14/Aug/2024:08:53:01 +0800] "GET /manager-page/api/snapshot.php?id=41&t=0.9696423948504846 HTTP/1.1" 200 54022 "http://192.168.60.79/manager-page/home-4.php" "Mozilla/5.0 (Windows NT 10.0; Win64; x64) AppleWebKit/537.36 (KHTML, like Gecko) Chrome/127.0.0.0 Safari/537.36 Edg/127.0.0.0"
172.16.36.181 - - [14/Aug/2024:08:53:06 +0800] "GET /manager-page/api/snapshot.php?id=42&t=0.190870760729269 HTTP/1.1" 500 - "http://192.168.60.79/manager-page/home-4.php" "Mozilla/5.0 (Windows NT 10.0; Win64; x64) AppleWebKit/537.36 (KHTML, like Gecko) Chrome/127.0.0.0 Safari/537.36 Edg/127.0.0.0"
172.16.36.181 - - [14/Aug/2024:08:53:06 +0800] "GET /manager-page/api/snapshot.php?id=41&t=0.6658056031057034 HTTP/1.1" 500 - "http://192.168.60.79/manager-page/home-4.php" "Mozilla/5.0 (Windows NT 10.0; Win64; x64) AppleWebKit/537.36 (KHTML, like Gecko) Chrome/127.0.0.0 Safari/537.36 Edg/127.0.0.0"
172.16.36.181 - - [14/Aug/2024:08:53:11 +0800] "GET /manager-page/api/snapshot.php?id=41&t=0.3243034825047413 HTTP/1.1" 200 53679 "http://192.168.60.79/manager-page/home-4.php" "Mozilla/5.0 (Windows NT 10.0; Win64; x64) AppleWebKit/537.36 (KHTML, like Gecko) Chrome/127.0.0.0 Safari/537.36 Edg/127.0.0.0"
111.70.30.251 - - [14/Aug/2024:08:53:12 +0800] "POST /robot/lora-in.php HTTP/1.1" 200 - "-" "python-requests/2.21.0"
172.16.36.181 - - [14/Aug/2024:08:53:16 +0800] "GET /manager-page/api/snapshot.php?id=42&t=0.308577456722511 HTTP/1.1" 200 55418 "http://192.168.60.79/manager-page/home-4.php" "Mozilla/5.0 (Windows NT 10.0; Win64; x64) AppleWebKit/537.36 (KHTML, like Gecko) Chrome/127.0.0.0 Safari/537.36 Edg/127.0.0.0"
172.16.36.181 - - [14/Aug/2024:08:53:11 +0800] "GET /manager-page/api/snapshot.php?id=42&t=0.8342924966953758 HTTP/1.1" 200 55221 "http://192.168.60.79/manager-page/home-4.php" "Mozilla/5.0 (Windows NT 10.0; Win64; x64) AppleWebKit/537.36 (KHTML, like Gecko) Chrome/127.0.0.0 Safari/537.36 Edg/127.0.0.0"
172.16.36.181 - - [14/Aug/2024:08:53:16 +0800] "GET /manager-page/api/snapshot.php?id=41&t=0.7855401409485061 HTTP/1.1" 500 - "http://192.168.60.79/manager-page/home-4.php" "Mozilla/5.0 (Windows NT 10.0; Win64; x64) AppleWebKit/537.36 (KHTML, like Gecko) Chrome/127.0.0.0 Safari/537.36 Edg/127.0.0.0"
172.16.36.181 - - [14/Aug/2024:08:53:26 +0800] "GET /manager-page/api/snapshot.php?id=42&t=0.39570456875297455 HTTP/1.1" 500 - "http://192.168.60.79/manager-page/home-4.php" "Mozilla/5.0 (Windows NT 10.0; Win64; x64) AppleWebKit/537.36 (KHTML, like Gecko) Chrome/127.0.0.0 Safari/537.36 Edg/127.0.0.0"
172.16.36.181 - - [14/Aug/2024:08:53:21 +0800] "GET /manager-page/api/snapshot.php?id=41&t=0.9316139712932812 HTTP/1.1" 500 - "http://192.168.60.79/manager-page/home-4.php" "Mozilla/5.0 (Windows NT 10.0; Win64; x64) AppleWebKit/537.36 (KHTML, like Gecko) Chrome/127.0.0.0 Safari/537.36 Edg/127.0.0.0"
172.16.36.181 - - [14/Aug/2024:08:53:26 +0800] "GET /manager-page/api/snapshot.php?id=41&t=0.8716107653003788 HTTP/1.1" 500 - "http://192.168.60.79/manager-page/home-4.php" "Mozilla/5.0 (Windows NT 10.0; Win64; x64) AppleWebKit/537.36 (KHTML, like Gecko) Chrome/127.0.0.0 Safari/537.36 Edg/127.0.0.0"
172.16.36.181 - - [14/Aug/2024:08:53:21 +0800] "GET /manager-page/api/snapshot.php?id=42&t=0.22156579430241563 HTTP/1.1" 500 - "http://192.168.60.79/manager-page/home-4.php" "Mozilla/5.0 (Windows NT 10.0; Win64; x64) AppleWebKit/537.36 (KHTML, like Gecko) Chrome/127.0.0.0 Safari/537.36 Edg/127.0.0.0"
172.16.36.181 - - [14/Aug/2024:08:53:31 +0800] "GET /manager-page/api/snapshot.php?id=41&t=0.3974641410994728 HTTP/1.1" 200 53648 "http://192.168.60.79/manager-page/home-4.php" "Mozilla/5.0 (Windows NT 10.0; Win64; x64) AppleWebKit/537.36 (KHTML, like Gecko) Chrome/127.0.0.0 Safari/537.36 Edg/127.0.0.0"
172.16.36.181 - - [14/Aug/2024:08:53:31 +0800] "GET /manager-page/api/snapshot.php?id=42&t=0.724346009029301 HTTP/1.1" 200 55201 "http://192.168.60.79/manager-page/home-4.php" "Mozilla/5.0 (Windows NT 10.0; Win64; x64) AppleWebKit/537.36 (KHTML, like Gecko) Chrome/127.0.0.0 Safari/537.36 Edg/127.0.0.0"
127.0.0.1 - - [14/Aug/2024:08:53:36 +0800] "POST /robot/et-7026-in.php HTTP/1.1" 200 - "-" "python-requests/2.31.0"
172.16.36.181 - - [14/Aug/2024:08:53:36 +0800] "GET /manager-page/api/snapshot.php?id=42&t=0.02432993832409225 HTTP/1.1" 200 55152 "http://192.168.60.79/manager-page/home-4.php" "Mozilla/5.0 (Windows NT 10.0; Win64; x64) AppleWebKit/537.36 (KHTML, like Gecko) Chrome/127.0.0.0 Safari/537.36 Edg/127.0.0.0"
172.16.36.181 - - [14/Aug/2024:08:53:36 +0800] "GET /manager-page/api/snapshot.php?id=41&t=0.9370402336630321 HTTP/1.1" 200 53696 "http://192.168.60.79/manager-page/home-4.php" "Mozilla/5.0 (Windows NT 10.0; Win64; x64) AppleWebKit/537.36 (KHTML, like Gecko) Chrome/127.0.0.0 Safari/537.36 Edg/127.0.0.0"
172.16.36.181 - - [14/Aug/2024:08:53:41 +0800] "GET /manager-page/api/snapshot.php?id=41&t=0.2874431164492066 HTTP/1.1" 200 53843 "http://192.168.60.79/manager-page/home-4.php" "Mozilla/5.0 (Windows NT 10.0; Win64; x64) AppleWebKit/537.36 (KHTML, like Gecko) Chrome/127.0.0.0 Safari/537.36 Edg/127.0.0.0"
172.16.36.181 - - [14/Aug/2024:08:53:41 +0800] "GET /manager-page/api/snapshot.php?id=42&t=0.9457633186576639 HTTP/1.1" 200 55659 "http://192.168.60.79/manager-page/home-4.php" "Mozilla/5.0 (Windows NT 10.0; Win64; x64) AppleWebKit/537.36 (KHTML, like Gecko) Chrome/127.0.0.0 Safari/537.36 Edg/127.0.0.0"
172.16.36.181 - - [14/Aug/2024:08:53:46 +0800] "GET /manager-page/api/snapshot.php?id=41&t=0.5973824427456371 HTTP/1.1" 500 - "http://192.168.60.79/manager-page/home-4.php" "Mozilla/5.0 (Windows NT 10.0; Win64; x64) AppleWebKit/537.36 (KHTML, like Gecko) Chrome/127.0.0.0 Safari/537.36 Edg/127.0.0.0"
172.16.36.181 - - [14/Aug/2024:08:53:46 +0800] "GET /manager-page/api/snapshot.php?id=42&t=0.6076604060291508 HTTP/1.1" 500 - "http://192.168.60.79/manager-page/home-4.php" "Mozilla/5.0 (Windows NT 10.0; Win64; x64) AppleWebKit/537.36 (KHTML, like Gecko) Chrome/127.0.0.0 Safari/537.36 Edg/127.0.0.0"
172.16.36.181 - - [14/Aug/2024:08:53:51 +0800] "GET /manager-page/api/snapshot.php?id=42&t=0.15550219760724904 HTTP/1.1" 500 - "http://192.168.60.79/manager-page/home-4.php" "Mozilla/5.0 (Windows NT 10.0; Win64; x64) AppleWebKit/537.36 (KHTML, like Gecko) Chrome/127.0.0.0 Safari/537.36 Edg/127.0.0.0"
172.16.36.181 - - [14/Aug/2024:08:53:51 +0800] "GET /manager-page/api/snapshot.php?id=41&t=0.276729616202706 HTTP/1.1" 500 - "http://192.168.60.79/manager-page/home-4.php" "Mozilla/5.0 (Windows NT 10.0; Win64; x64) AppleWebKit/537.36 (KHTML, like Gecko) Chrome/127.0.0.0 Safari/537.36 Edg/127.0.0.0"
172.16.36.181 - - [14/Aug/2024:08:53:56 +0800] "GET /manager-page/api/snapshot.php?id=42&t=0.1895089736795108 HTTP/1.1" 200 55972 "http://192.168.60.79/manager-page/home-4.php" "Mozilla/5.0 (Windows NT 10.0; Win64; x64) AppleWebKit/537.36 (KHTML, like Gecko) Chrome/127.0.0.0 Safari/537.36 Edg/127.0.0.0"
172.16.36.181 - - [14/Aug/2024:08:53:56 +0800] "GET /manager-page/api/snapshot.php?id=41&t=0.41182232296749466 HTTP/1.1" 200 54159 "http://192.168.60.79/manager-page/home-4.php" "Mozilla/5.0 (Windows NT 10.0; Win64; x64) AppleWebKit/537.36 (KHTML, like Gecko) Chrome/127.0.0.0 Safari/537.36 Edg/127.0.0.0"
127.0.0.1 - - [14/Aug/2024:08:54:00 +0800] "GET /robot/alarm-history-in.php HTTP/1.1" 200 - "-" "python-requests/2.28.1"
172.16.36.181 - - [14/Aug/2024:08:54:01 +0800] "GET /manager-page/api/snapshot.php?id=41&t=0.9823605579246029 HTTP/1.1" 200 53711 "http://192.168.60.79/manager-page/home-4.php" "Mozilla/5.0 (Windows NT 10.0; Win64; x64) AppleWebKit/537.36 (KHTML, like Gecko) Chrome/127.0.0.0 Safari/537.36 Edg/127.0.0.0"
172.16.36.181 - - [14/Aug/2024:08:54:01 +0800] "GET /manager-page/api/snapshot.php?id=42&t=0.718499837486295 HTTP/1.1" 200 55632 "http://192.168.60.79/manager-page/home-4.php" "Mozilla/5.0 (Windows NT 10.0; Win64; x64) AppleWebKit/537.36 (KHTML, like Gecko) Chrome/127.0.0.0 Safari/537.36 Edg/127.0.0.0"
111.70.30.251 - - [14/Aug/2024:08:54:04 +0800] "POST /robot/lora-in.php HTTP/1.1" 200 - "-" "python-requests/2.21.0"
172.16.36.181 - - [14/Aug/2024:08:54:06 +0800] "GET /manager-page/api/snapshot.php?id=41&t=0.740202062722618 HTTP/1.1" 200 53047 "http://192.168.60.79/manager-page/home-4.php" "Mozilla/5.0 (Windows NT 10.0; Win64; x64) AppleWebKit/537.36 (KHTML, like Gecko) Chrome/127.0.0.0 Safari/537.36 Edg/127.0.0.0"
172.16.36.181 - - [14/Aug/2024:08:54:06 +0800] "GET /manager-page/api/snapshot.php?id=42&t=0.7682509190606899 HTTP/1.1" 200 54838 "http://192.168.60.79/manager-page/home-4.php" "Mozilla/5.0 (Windows NT 10.0; Win64; x64) AppleWebKit/537.36 (KHTML, like Gecko) Chrome/127.0.0.0 Safari/537.36 Edg/127.0.0.0"
111.70.30.252 - - [14/Aug/2024:08:54:10 +0800] "POST /robot/lora-in.php HTTP/1.1" 200 - "-" "python-requests/2.21.0"
172.16.36.181 - - [14/Aug/2024:08:54:11 +0800] "GET /manager-page/api/snapshot.php?id=42&t=0.20550054468740653 HTTP/1.1" 200 54240 "http://192.168.60.79/manager-page/home-4.php" "Mozilla/5.0 (Windows NT 10.0; Win64; x64) AppleWebKit/537.36 (KHTML, like Gecko) Chrome/127.0.0.0 Safari/537.36 Edg/127.0.0.0"
172.16.36.181 - - [14/Aug/2024:08:54:11 +0800] "GET /manager-page/api/snapshot.php?id=41&t=0.45081985496134314 HTTP/1.1" 200 52503 "http://192.168.60.79/manager-page/home-4.php" "Mozilla/5.0 (Windows NT 10.0; Win64; x64) AppleWebKit/537.36 (KHTML, like Gecko) Chrome/127.0.0.0 Safari/537.36 Edg/127.0.0.0"
172.16.36.181 - - [14/Aug/2024:08:54:16 +0800] "GET /manager-page/api/snapshot.php?id=41&t=0.8060306951727365 HTTP/1.1" 200 52042 "http://192.168.60.79/manager-page/home-4.php" "Mozilla/5.0 (Windows NT 10.0; Win64; x64) AppleWebKit/537.36 (KHTML, like Gecko) Chrome/127.0.0.0 Safari/537.36 Edg/127.0.0.0"
172.16.36.181 - - [14/Aug/2024:08:54:16 +0800] "GET /manager-page/api/snapshot.php?id=42&t=0.5943859084117769 HTTP/1.1" 200 53729 "http://192.168.60.79/manager-page/home-4.php" "Mozilla/5.0 (Windows NT 10.0; Win64; x64) AppleWebKit/537.36 (KHTML, like Gecko) Chrome/127.0.0.0 Safari/537.36 Edg/127.0.0.0"
172.16.36.181 - - [14/Aug/2024:08:54:21 +0800] "GET /manager-page/api/snapshot.php?id=41&t=0.7974984172494428 HTTP/1.1" 500 - "http://192.168.60.79/manager-page/home-4.php" "Mozilla/5.0 (Windows NT 10.0; Win64; x64) AppleWebKit/537.36 (KHTML, like Gecko) Chrome/127.0.0.0 Safari/537.36 Edg/127.0.0.0"
172.16.36.181 - - [14/Aug/2024:08:54:21 +0800] "GET /manager-page/api/snapshot.php?id=42&t=0.3794605979438306 HTTP/1.1" 500 - "http://192.168.60.79/manager-page/home-4.php" "Mozilla/5.0 (Windows NT 10.0; Win64; x64) AppleWebKit/537.36 (KHTML, like Gecko) Chrome/127.0.0.0 Safari/537.36 Edg/127.0.0.0"
172.16.36.181 - - [14/Aug/2024:08:54:26 +0800] "GET /manager-page/api/snapshot.php?id=42&t=0.7757136364901085 HTTP/1.1" 200 53390 "http://192.168.60.79/manager-page/home-4.php" "Mozilla/5.0 (Windows NT 10.0; Win64; x64) AppleWebKit/537.36 (KHTML, like Gecko) Chrome/127.0.0.0 Safari/537.36 Edg/127.0.0.0"
172.16.36.181 - - [14/Aug/2024:08:54:26 +0800] "GET /manager-page/api/snapshot.php?id=41&t=0.2278738726620937 HTTP/1.1" 200 51978 "http://192.168.60.79/manager-page/home-4.php" "Mozilla/5.0 (Windows NT 10.0; Win64; x64) AppleWebKit/537.36 (KHTML, like Gecko) Chrome/127.0.0.0 Safari/537.36 Edg/127.0.0.0"
172.16.36.181 - - [14/Aug/2024:08:54:31 +0800] "GET /manager-page/api/snapshot.php?id=42&t=0.6666873707638588 HTTP/1.1" 200 53264 "http://192.168.60.79/manager-page/home-4.php" "Mozilla/5.0 (Windows NT 10.0; Win64; x64) AppleWebKit/537.36 (KHTML, like Gecko) Chrome/127.0.0.0 Safari/537.36 Edg/127.0.0.0"
172.16.36.181 - - [14/Aug/2024:08:54:31 +0800] "GET /manager-page/api/snapshot.php?id=41&t=0.434362122765374 HTTP/1.1" 200 51653 "http://192.168.60.79/manager-page/home-4.php" "Mozilla/5.0 (Windows NT 10.0; Win64; x64) AppleWebKit/537.36 (KHTML, like Gecko) Chrome/127.0.0.0 Safari/537.36 Edg/127.0.0.0"
172.16.36.181 - - [14/Aug/2024:08:54:36 +0800] "GET /manager-page/api/snapshot.php?id=42&t=0.13633359251449018 HTTP/1.1" 500 - "http://192.168.60.79/manager-page/home-4.php" "Mozilla/5.0 (Windows NT 10.0; Win64; x64) AppleWebKit/537.36 (KHTML, like Gecko) Chrome/127.0.0.0 Safari/537.36 Edg/127.0.0.0"
172.16.36.181 - - [14/Aug/2024:08:54:36 +0800] "GET /manager-page/api/snapshot.php?id=41&t=0.0925457264223466 HTTP/1.1" 500 - "http://192.168.60.79/manager-page/home-4.php" "Mozilla/5.0 (Windows NT 10.0; Win64; x64) AppleWebKit/537.36 (KHTML, like Gecko) Chrome/127.0.0.0 Safari/537.36 Edg/127.0.0.0"
172.16.36.181 - - [14/Aug/2024:08:54:41 +0800] "GET /manager-page/api/snapshot.php?id=42&t=0.2187502323513273 HTTP/1.1" 200 53238 "http://192.168.60.79/manager-page/home-4.php" "Mozilla/5.0 (Windows NT 10.0; Win64; x64) AppleWebKit/537.36 (KHTML, like Gecko) Chrome/127.0.0.0 Safari/537.36 Edg/127.0.0.0"
172.16.36.181 - - [14/Aug/2024:08:54:41 +0800] "GET /manager-page/api/snapshot.php?id=41&t=0.9067208011738781 HTTP/1.1" 200 52321 "http://192.168.60.79/manager-page/home-4.php" "Mozilla/5.0 (Windows NT 10.0; Win64; x64) AppleWebKit/537.36 (KHTML, like Gecko) Chrome/127.0.0.0 Safari/537.36 Edg/127.0.0.0"
172.16.36.181 - - [14/Aug/2024:08:54:46 +0800] "GET /manager-page/api/snapshot.php?id=41&t=0.5708293031192386 HTTP/1.1" 500 - "http://192.168.60.79/manager-page/home-4.php" "Mozilla/5.0 (Windows NT 10.0; Win64; x64) AppleWebKit/537.36 (KHTML, like Gecko) Chrome/127.0.0.0 Safari/537.36 Edg/127.0.0.0"
172.16.36.181 - - [14/Aug/2024:08:54:46 +0800] "GET /manager-page/api/snapshot.php?id=42&t=0.13229698501481302 HTTP/1.1" 500 - "http://192.168.60.79/manager-page/home-4.php" "Mozilla/5.0 (Windows NT 10.0; Win64; x64) AppleWebKit/537.36 (KHTML, like Gecko) Chrome/127.0.0.0 Safari/537.36 Edg/127.0.0.0"
172.16.36.181 - - [14/Aug/2024:08:54:51 +0800] "GET /manager-page/api/snapshot.php?id=41&t=0.2263793396056104 HTTP/1.1" 500 - "http://192.168.60.79/manager-page/home-4.php" "Mozilla/5.0 (Windows NT 10.0; Win64; x64) AppleWebKit/537.36 (KHTML, like Gecko) Chrome/127.0.0.0 Safari/537.36 Edg/127.0.0.0"
172.16.36.181 - - [14/Aug/2024:08:54:51 +0800] "GET /manager-page/api/snapshot.php?id=42&t=0.5740860155102114 HTTP/1.1" 500 - "http://192.168.60.79/manager-page/home-4.php" "Mozilla/5.0 (Windows NT 10.0; Win64; x64) AppleWebKit/537.36 (KHTML, like Gecko) Chrome/127.0.0.0 Safari/537.36 Edg/127.0.0.0"
127.0.0.1 - - [14/Aug/2024:08:54:56 +0800] "POST /robot/et-7026-in.php HTTP/1.1" 200 - "-" "python-requests/2.31.0"
172.16.36.181 - - [14/Aug/2024:08:54:56 +0800] "GET /manager-page/api/snapshot.php?id=42&t=0.4050700141364396 HTTP/1.1" 200 55560 "http://192.168.60.79/manager-page/home-4.php" "Mozilla/5.0 (Windows NT 10.0; Win64; x64) AppleWebKit/537.36 (KHTML, like Gecko) Chrome/127.0.0.0 Safari/537.36 Edg/127.0.0.0"
127.0.0.1 - - [14/Aug/2024:08:55:00 +0800] "GET /robot/alarm-history-in.php HTTP/1.1" 200 - "-" "python-requests/2.28.1"
172.16.36.181 - - [14/Aug/2024:08:54:56 +0800] "GET /manager-page/api/snapshot.php?id=41&t=0.48002062081336305 HTTP/1.1" 200 53786 "http://192.168.60.79/manager-page/home-4.php" "Mozilla/5.0 (Windows NT 10.0; Win64; x64) AppleWebKit/537.36 (KHTML, like Gecko) Chrome/127.0.0.0 Safari/537.36 Edg/127.0.0.0"
172.16.36.181 - - [14/Aug/2024:08:55:01 +0800] "GET /manager-page/api/snapshot.php?id=41&t=0.857119056505578 HTTP/1.1" 200 53649 "http://192.168.60.79/manager-page/home-4.php" "Mozilla/5.0 (Windows NT 10.0; Win64; x64) AppleWebKit/537.36 (KHTML, like Gecko) Chrome/127.0.0.0 Safari/537.36 Edg/127.0.0.0"
172.16.36.181 - - [14/Aug/2024:08:55:01 +0800] "GET /manager-page/api/snapshot.php?id=42&t=0.9374001413373663 HTTP/1.1" 200 55434 "http://192.168.60.79/manager-page/home-4.php" "Mozilla/5.0 (Windows NT 10.0; Win64; x64) AppleWebKit/537.36 (KHTML, like Gecko) Chrome/127.0.0.0 Safari/537.36 Edg/127.0.0.0"
172.16.36.181 - - [14/Aug/2024:08:55:06 +0800] "GET /manager-page/api/snapshot.php?id=41&t=0.28161173896476743 HTTP/1.1" 500 - "http://192.168.60.79/manager-page/home-4.php" "Mozilla/5.0 (Windows NT 10.0; Win64; x64) AppleWebKit/537.36 (KHTML, like Gecko) Chrome/127.0.0.0 Safari/537.36 Edg/127.0.0.0"
172.16.36.181 - - [14/Aug/2024:08:55:06 +0800] "GET /manager-page/api/snapshot.php?id=42&t=0.5741701373231352 HTTP/1.1" 500 - "http://192.168.60.79/manager-page/home-4.php" "Mozilla/5.0 (Windows NT 10.0; Win64; x64) AppleWebKit/537.36 (KHTML, like Gecko) Chrome/127.0.0.0 Safari/537.36 Edg/127.0.0.0"
172.16.36.181 - - [14/Aug/2024:08:55:11 +0800] "GET /manager-page/api/snapshot.php?id=41&t=0.27813894947590945 HTTP/1.1" 200 51968 "http://192.168.60.79/manager-page/home-4.php" "Mozilla/5.0 (Windows NT 10.0; Win64; x64) AppleWebKit/537.36 (KHTML, like Gecko) Chrome/127.0.0.0 Safari/537.36 Edg/127.0.0.0"
172.16.36.181 - - [14/Aug/2024:08:55:11 +0800] "GET /manager-page/api/snapshot.php?id=42&t=0.7509361607771832 HTTP/1.1" 500 - "http://192.168.60.79/manager-page/home-4.php" "Mozilla/5.0 (Windows NT 10.0; Win64; x64) AppleWebKit/537.36 (KHTML, like Gecko) Chrome/127.0.0.0 Safari/537.36 Edg/127.0.0.0"
111.70.30.253 - - [14/Aug/2024:08:55:16 +0800] "POST /robot/lora-in.php HTTP/1.1" 200 - "-" "python-requests/2.21.0"
172.16.36.181 - - [14/Aug/2024:08:55:16 +0800] "GET /manager-page/api/snapshot.php?id=41&t=0.3433332224043042 HTTP/1.1" 200 51568 "http://192.168.60.79/manager-page/home-4.php" "Mozilla/5.0 (Windows NT 10.0; Win64; x64) AppleWebKit/537.36 (KHTML, like Gecko) Chrome/127.0.0.0 Safari/537.36 Edg/127.0.0.0"
172.16.36.181 - - [14/Aug/2024:08:55:16 +0800] "GET /manager-page/api/snapshot.php?id=42&t=0.45285998481108236 HTTP/1.1" 200 53005 "http://192.168.60.79/manager-page/home-4.php" "Mozilla/5.0 (Windows NT 10.0; Win64; x64) AppleWebKit/537.36 (KHTML, like Gecko) Chrome/127.0.0.0 Safari/537.36 Edg/127.0.0.0"
172.16.36.181 - - [14/Aug/2024:08:55:21 +0800] "GET /manager-page/api/snapshot.php?id=42&t=0.3785318455336828 HTTP/1.1" 200 - "http://192.168.60.79/manager-page/home-4.php" "Mozilla/5.0 (Windows NT 10.0; Win64; x64) AppleWebKit/537.36 (KHTML, like Gecko) Chrome/127.0.0.0 Safari/537.36 Edg/127.0.0.0"
172.16.36.181 - - [14/Aug/2024:08:55:21 +0800] "GET /manager-page/api/snapshot.php?id=41&t=0.3420124591870928 HTTP/1.1" 500 - "http://192.168.60.79/manager-page/home-4.php" "Mozilla/5.0 (Windows NT 10.0; Win64; x64) AppleWebKit/537.36 (KHTML, like Gecko) Chrome/127.0.0.0 Safari/537.36 Edg/127.0.0.0"
172.16.36.181 - - [14/Aug/2024:08:55:26 +0800] "GET /manager-page/api/snapshot.php?id=42&t=0.3408432380665478 HTTP/1.1" 200 52585 "http://192.168.60.79/manager-page/home-4.php" "Mozilla/5.0 (Windows NT 10.0; Win64; x64) AppleWebKit/537.36 (KHTML, like Gecko) Chrome/127.0.0.0 Safari/537.36 Edg/127.0.0.0"
172.16.36.181 - - [14/Aug/2024:08:55:26 +0800] "GET /manager-page/api/snapshot.php?id=41&t=0.4057852404817437 HTTP/1.1" 200 52254 "http://192.168.60.79/manager-page/home-4.php" "Mozilla/5.0 (Windows NT 10.0; Win64; x64) AppleWebKit/537.36 (KHTML, like Gecko) Chrome/127.0.0.0 Safari/537.36 Edg/127.0.0.0"
172.16.36.181 - - [14/Aug/2024:08:55:31 +0800] "GET /manager-page/api/snapshot.php?id=41&t=0.6582419388625556 HTTP/1.1" 200 50835 "http://192.168.60.79/manager-page/home-4.php" "Mozilla/5.0 (Windows NT 10.0; Win64; x64) AppleWebKit/537.36 (KHTML, like Gecko) Chrome/127.0.0.0 Safari/537.36 Edg/127.0.0.0"
172.16.36.181 - - [14/Aug/2024:08:55:31 +0800] "GET /manager-page/api/snapshot.php?id=42&t=0.2199376558685473 HTTP/1.1" 200 52390 "http://192.168.60.79/manager-page/home-4.php" "Mozilla/5.0 (Windows NT 10.0; Win64; x64) AppleWebKit/537.36 (KHTML, like Gecko) Chrome/127.0.0.0 Safari/537.36 Edg/127.0.0.0"
172.16.36.181 - - [14/Aug/2024:08:55:36 +0800] "GET /manager-page/api/snapshot.php?id=41&t=0.16974839369453054 HTTP/1.1" 200 - "http://192.168.60.79/manager-page/home-4.php" "Mozilla/5.0 (Windows NT 10.0; Win64; x64) AppleWebKit/537.36 (KHTML, like Gecko) Chrome/127.0.0.0 Safari/537.36 Edg/127.0.0.0"
172.16.36.181 - - [14/Aug/2024:08:55:36 +0800] "GET /manager-page/api/snapshot.php?id=42&t=0.283220572266784 HTTP/1.1" 500 - "http://192.168.60.79/manager-page/home-4.php" "Mozilla/5.0 (Windows NT 10.0; Win64; x64) AppleWebKit/537.36 (KHTML, like Gecko) Chrome/127.0.0.0 Safari/537.36 Edg/127.0.0.0"
172.16.36.181 - - [14/Aug/2024:08:55:41 +0800] "GET /manager-page/api/snapshot.php?id=41&t=0.12175685021566673 HTTP/1.1" 200 - "http://192.168.60.79/manager-page/home-4.php" "Mozilla/5.0 (Windows NT 10.0; Win64; x64) AppleWebKit/537.36 (KHTML, like Gecko) Chrome/127.0.0.0 Safari/537.36 Edg/127.0.0.0"
172.16.36.181 - - [14/Aug/2024:08:55:41 +0800] "GET /manager-page/api/snapshot.php?id=42&t=0.8338038338666862 HTTP/1.1" 500 - "http://192.168.60.79/manager-page/home-4.php" "Mozilla/5.0 (Windows NT 10.0; Win64; x64) AppleWebKit/537.36 (KHTML, like Gecko) Chrome/127.0.0.0 Safari/537.36 Edg/127.0.0.0"
172.16.36.181 - - [14/Aug/2024:08:55:46 +0800] "GET /manager-page/api/snapshot.php?id=41&t=0.9577039775670968 HTTP/1.1" 200 50996 "http://192.168.60.79/manager-page/home-4.php" "Mozilla/5.0 (Windows NT 10.0; Win64; x64) AppleWebKit/537.36 (KHTML, like Gecko) Chrome/127.0.0.0 Safari/537.36 Edg/127.0.0.0"
172.16.36.181 - - [14/Aug/2024:08:55:46 +0800] "GET /manager-page/api/snapshot.php?id=42&t=0.6974492756783397 HTTP/1.1" 500 - "http://192.168.60.79/manager-page/home-4.php" "Mozilla/5.0 (Windows NT 10.0; Win64; x64) AppleWebKit/537.36 (KHTML, like Gecko) Chrome/127.0.0.0 Safari/537.36 Edg/127.0.0.0"
172.16.36.181 - - [14/Aug/2024:08:55:51 +0800] "GET /manager-page/api/snapshot.php?id=42&t=0.8440611926910286 HTTP/1.1" 200 52661 "http://192.168.60.79/manager-page/home-4.php" "Mozilla/5.0 (Windows NT 10.0; Win64; x64) AppleWebKit/537.36 (KHTML, like Gecko) Chrome/127.0.0.0 Safari/537.36 Edg/127.0.0.0"
172.16.36.181 - - [14/Aug/2024:08:55:51 +0800] "GET /manager-page/api/snapshot.php?id=41&t=0.07689074615905178 HTTP/1.1" 500 - "http://192.168.60.79/manager-page/home-4.php" "Mozilla/5.0 (Windows NT 10.0; Win64; x64) AppleWebKit/537.36 (KHTML, like Gecko) Chrome/127.0.0.0 Safari/537.36 Edg/127.0.0.0"
172.16.36.181 - - [14/Aug/2024:08:55:56 +0800] "GET /manager-page/api/snapshot.php?id=41&t=0.5689466419232829 HTTP/1.1" 500 - "http://192.168.60.79/manager-page/home-4.php" "Mozilla/5.0 (Windows NT 10.0; Win64; x64) AppleWebKit/537.36 (KHTML, like Gecko) Chrome/127.0.0.0 Safari/537.36 Edg/127.0.0.0"
172.16.36.181 - - [14/Aug/2024:08:55:56 +0800] "GET /manager-page/api/snapshot.php?id=42&t=0.7993219518437065 HTTP/1.1" 500 - "http://192.168.60.79/manager-page/home-4.php" "Mozilla/5.0 (Windows NT 10.0; Win64; x64) AppleWebKit/537.36 (KHTML, like Gecko) Chrome/127.0.0.0 Safari/537.36 Edg/127.0.0.0"
127.0.0.1 - - [14/Aug/2024:08:56:00 +0800] "GET /robot/alarm-history-in.php HTTP/1.1" 200 - "-" "python-requests/2.28.1"
172.16.36.181 - - [14/Aug/2024:08:56:01 +0800] "GET /manager-page/api/snapshot.php?id=42&t=0.6658364460926582 HTTP/1.1" 500 - "http://192.168.60.79/manager-page/home-4.php" "Mozilla/5.0 (Windows NT 10.0; Win64; x64) AppleWebKit/537.36 (KHTML, like Gecko) Chrome/127.0.0.0 Safari/537.36 Edg/127.0.0.0"
172.16.36.181 - - [14/Aug/2024:08:56:01 +0800] "GET /manager-page/api/snapshot.php?id=41&t=0.5895657296856072 HTTP/1.1" 500 - "http://192.168.60.79/manager-page/home-4.php" "Mozilla/5.0 (Windows NT 10.0; Win64; x64) AppleWebKit/537.36 (KHTML, like Gecko) Chrome/127.0.0.0 Safari/537.36 Edg/127.0.0.0"
172.16.36.181 - - [14/Aug/2024:08:56:06 +0800] "GET /manager-page/api/snapshot.php?id=42&t=0.8537259212212545 HTTP/1.1" 500 - "http://192.168.60.79/manager-page/home-4.php" "Mozilla/5.0 (Windows NT 10.0; Win64; x64) AppleWebKit/537.36 (KHTML, like Gecko) Chrome/127.0.0.0 Safari/537.36 Edg/127.0.0.0"
172.16.36.181 - - [14/Aug/2024:08:56:06 +0800] "GET /manager-page/api/snapshot.php?id=41&t=0.40349833472682395 HTTP/1.1" 500 - "http://192.168.60.79/manager-page/home-4.php" "Mozilla/5.0 (Windows NT 10.0; Win64; x64) AppleWebKit/537.36 (KHTML, like Gecko) Chrome/127.0.0.0 Safari/537.36 Edg/127.0.0.0"
172.16.36.181 - - [14/Aug/2024:08:56:11 +0800] "GET /manager-page/api/snapshot.php?id=41&t=0.10258300952566657 HTTP/1.1" 200 52358 "http://192.168.60.79/manager-page/home-4.php" "Mozilla/5.0 (Windows NT 10.0; Win64; x64) AppleWebKit/537.36 (KHTML, like Gecko) Chrome/127.0.0.0 Safari/537.36 Edg/127.0.0.0"
172.16.36.181 - - [14/Aug/2024:08:56:11 +0800] "GET /manager-page/api/snapshot.php?id=42&t=0.007260174062171387 HTTP/1.1" 200 54071 "http://192.168.60.79/manager-page/home-4.php" "Mozilla/5.0 (Windows NT 10.0; Win64; x64) AppleWebKit/537.36 (KHTML, like Gecko) Chrome/127.0.0.0 Safari/537.36 Edg/127.0.0.0"
111.70.30.251 - - [14/Aug/2024:08:56:16 +0800] "POST /robot/lora-in.php HTTP/1.1" 200 - "-" "python-requests/2.21.0"
172.16.36.181 - - [14/Aug/2024:08:56:16 +0800] "GET /manager-page/api/snapshot.php?id=41&t=0.7305107864592646 HTTP/1.1" 200 52194 "http://192.168.60.79/manager-page/home-4.php" "Mozilla/5.0 (Windows NT 10.0; Win64; x64) AppleWebKit/537.36 (KHTML, like Gecko) Chrome/127.0.0.0 Safari/537.36 Edg/127.0.0.0"
172.16.36.181 - - [14/Aug/2024:08:56:16 +0800] "GET /manager-page/api/snapshot.php?id=42&t=0.13047487835794902 HTTP/1.1" 200 53998 "http://192.168.60.79/manager-page/home-4.php" "Mozilla/5.0 (Windows NT 10.0; Win64; x64) AppleWebKit/537.36 (KHTML, like Gecko) Chrome/127.0.0.0 Safari/537.36 Edg/127.0.0.0"
172.16.36.181 - - [14/Aug/2024:08:56:21 +0800] "GET /manager-page/api/snapshot.php?id=41&t=0.07145256185133309 HTTP/1.1" 200 51790 "http://192.168.60.79/manager-page/home-4.php" "Mozilla/5.0 (Windows NT 10.0; Win64; x64) AppleWebKit/537.36 (KHTML, like Gecko) Chrome/127.0.0.0 Safari/537.36 Edg/127.0.0.0"
172.16.36.181 - - [14/Aug/2024:08:56:21 +0800] "GET /manager-page/api/snapshot.php?id=42&t=0.36694257648845086 HTTP/1.1" 200 53505 "http://192.168.60.79/manager-page/home-4.php" "Mozilla/5.0 (Windows NT 10.0; Win64; x64) AppleWebKit/537.36 (KHTML, like Gecko) Chrome/127.0.0.0 Safari/537.36 Edg/127.0.0.0"
172.16.36.181 - - [14/Aug/2024:08:56:26 +0800] "GET /manager-page/api/snapshot.php?id=42&t=0.7082797395865474 HTTP/1.1" 500 - "http://192.168.60.79/manager-page/home-4.php" "Mozilla/5.0 (Windows NT 10.0; Win64; x64) AppleWebKit/537.36 (KHTML, like Gecko) Chrome/127.0.0.0 Safari/537.36 Edg/127.0.0.0"
172.16.36.181 - - [14/Aug/2024:08:56:26 +0800] "GET /manager-page/api/snapshot.php?id=41&t=0.9932666653255311 HTTP/1.1" 500 - "http://192.168.60.79/manager-page/home-4.php" "Mozilla/5.0 (Windows NT 10.0; Win64; x64) AppleWebKit/537.36 (KHTML, like Gecko) Chrome/127.0.0.0 Safari/537.36 Edg/127.0.0.0"
172.16.36.181 - - [14/Aug/2024:08:56:31 +0800] "GET /manager-page/api/snapshot.php?id=42&t=0.7868876385394157 HTTP/1.1" 200 53643 "http://192.168.60.79/manager-page/home-4.php" "Mozilla/5.0 (Windows NT 10.0; Win64; x64) AppleWebKit/537.36 (KHTML, like Gecko) Chrome/127.0.0.0 Safari/537.36 Edg/127.0.0.0"
172.16.36.181 - - [14/Aug/2024:08:56:31 +0800] "GET /manager-page/api/snapshot.php?id=41&t=0.5496080851377441 HTTP/1.1" 200 51818 "http://192.168.60.79/manager-page/home-4.php" "Mozilla/5.0 (Windows NT 10.0; Win64; x64) AppleWebKit/537.36 (KHTML, like Gecko) Chrome/127.0.0.0 Safari/537.36 Edg/127.0.0.0"
172.16.36.181 - - [14/Aug/2024:08:56:36 +0800] "GET /manager-page/api/snapshot.php?id=42&t=0.831516162088616 HTTP/1.1" 200 - "http://192.168.60.79/manager-page/home-4.php" "Mozilla/5.0 (Windows NT 10.0; Win64; x64) AppleWebKit/537.36 (KHTML, like Gecko) Chrome/127.0.0.0 Safari/537.36 Edg/127.0.0.0"
172.16.36.181 - - [14/Aug/2024:08:56:41 +0800] "GET /manager-page/api/snapshot.php?id=42&t=0.2221641294301806 HTTP/1.1" 500 - "http://192.168.60.79/manager-page/home-4.php" "Mozilla/5.0 (Windows NT 10.0; Win64; x64) AppleWebKit/537.36 (KHTML, like Gecko) Chrome/127.0.0.0 Safari/537.36 Edg/127.0.0.0"
172.16.36.181 - - [14/Aug/2024:08:56:36 +0800] "GET /manager-page/api/snapshot.php?id=41&t=0.23653024123534494 HTTP/1.1" 500 - "http://192.168.60.79/manager-page/home-4.php" "Mozilla/5.0 (Windows NT 10.0; Win64; x64) AppleWebKit/537.36 (KHTML, like Gecko) Chrome/127.0.0.0 Safari/537.36 Edg/127.0.0.0"
172.16.36.181 - - [14/Aug/2024:08:56:41 +0800] "GET /manager-page/api/snapshot.php?id=41&t=0.1528074514591764 HTTP/1.1" 500 - "http://192.168.60.79/manager-page/home-4.php" "Mozilla/5.0 (Windows NT 10.0; Win64; x64) AppleWebKit/537.36 (KHTML, like Gecko) Chrome/127.0.0.0 Safari/537.36 Edg/127.0.0.0"
172.16.36.181 - - [14/Aug/2024:08:56:46 +0800] "GET /manager-page/api/snapshot.php?id=42&t=0.07553347644365749 HTTP/1.1" 200 54203 "http://192.168.60.79/manager-page/home-4.php" "Mozilla/5.0 (Windows NT 10.0; Win64; x64) AppleWebKit/537.36 (KHTML, like Gecko) Chrome/127.0.0.0 Safari/537.36 Edg/127.0.0.0"
172.16.36.181 - - [14/Aug/2024:08:56:46 +0800] "GET /manager-page/api/snapshot.php?id=41&t=0.5703707401444473 HTTP/1.1" 500 - "http://192.168.60.79/manager-page/home-4.php" "Mozilla/5.0 (Windows NT 10.0; Win64; x64) AppleWebKit/537.36 (KHTML, like Gecko) Chrome/127.0.0.0 Safari/537.36 Edg/127.0.0.0"
172.16.36.181 - - [14/Aug/2024:08:56:51 +0800] "GET /manager-page/api/snapshot.php?id=41&t=0.5115907209149437 HTTP/1.1" 200 52695 "http://192.168.60.79/manager-page/home-4.php" "Mozilla/5.0 (Windows NT 10.0; Win64; x64) AppleWebKit/537.36 (KHTML, like Gecko) Chrome/127.0.0.0 Safari/537.36 Edg/127.0.0.0"
172.16.36.181 - - [14/Aug/2024:08:56:51 +0800] "GET /manager-page/api/snapshot.php?id=42&t=0.16898879170756897 HTTP/1.1" 200 54608 "http://192.168.60.79/manager-page/home-4.php" "Mozilla/5.0 (Windows NT 10.0; Win64; x64) AppleWebKit/537.36 (KHTML, like Gecko) Chrome/127.0.0.0 Safari/537.36 Edg/127.0.0.0"
172.16.36.181 - - [14/Aug/2024:08:56:56 +0800] "GET /manager-page/api/snapshot.php?id=41&t=0.6750012661686047 HTTP/1.1" 200 52854 "http://192.168.60.79/manager-page/home-4.php" "Mozilla/5.0 (Windows NT 10.0; Win64; x64) AppleWebKit/537.36 (KHTML, like Gecko) Chrome/127.0.0.0 Safari/537.36 Edg/127.0.0.0"
127.0.0.1 - - [14/Aug/2024:08:56:56 +0800] "POST /robot/et-7026-in.php HTTP/1.1" 200 - "-" "python-requests/2.31.0"
172.16.36.181 - - [14/Aug/2024:08:56:56 +0800] "GET /manager-page/api/snapshot.php?id=42&t=0.14492173613677872 HTTP/1.1" 200 54720 "http://192.168.60.79/manager-page/home-4.php" "Mozilla/5.0 (Windows NT 10.0; Win64; x64) AppleWebKit/537.36 (KHTML, like Gecko) Chrome/127.0.0.0 Safari/537.36 Edg/127.0.0.0"
172.16.36.181 - - [14/Aug/2024:08:57:01 +0800] "GET /manager-page/api/snapshot.php?id=41&t=0.5812027589936801 HTTP/1.1" 200 52601 "http://192.168.60.79/manager-page/home-4.php" "Mozilla/5.0 (Windows NT 10.0; Win64; x64) AppleWebKit/537.36 (KHTML, like Gecko) Chrome/127.0.0.0 Safari/537.36 Edg/127.0.0.0"
127.0.0.1 - - [14/Aug/2024:08:57:00 +0800] "GET /robot/alarm-history-in.php HTTP/1.1" 200 - "-" "python-requests/2.28.1"
172.16.36.181 - - [14/Aug/2024:08:57:01 +0800] "GET /manager-page/api/snapshot.php?id=42&t=0.2822883099223663 HTTP/1.1" 200 54664 "http://192.168.60.79/manager-page/home-4.php" "Mozilla/5.0 (Windows NT 10.0; Win64; x64) AppleWebKit/537.36 (KHTML, like Gecko) Chrome/127.0.0.0 Safari/537.36 Edg/127.0.0.0"
172.16.36.181 - - [14/Aug/2024:08:57:06 +0800] "GET /manager-page/api/snapshot.php?id=41&t=0.9835587922849798 HTTP/1.1" 500 - "http://192.168.60.79/manager-page/home-4.php" "Mozilla/5.0 (Windows NT 10.0; Win64; x64) AppleWebKit/537.36 (KHTML, like Gecko) Chrome/127.0.0.0 Safari/537.36 Edg/127.0.0.0"
172.16.36.181 - - [14/Aug/2024:08:57:06 +0800] "GET /manager-page/api/snapshot.php?id=42&t=0.9835731127634717 HTTP/1.1" 500 - "http://192.168.60.79/manager-page/home-4.php" "Mozilla/5.0 (Windows NT 10.0; Win64; x64) AppleWebKit/537.36 (KHTML, like Gecko) Chrome/127.0.0.0 Safari/537.36 Edg/127.0.0.0"
172.16.36.181 - - [14/Aug/2024:08:57:11 +0800] "GET /manager-page/api/snapshot.php?id=41&t=0.8557066745386757 HTTP/1.1" 200 51902 "http://192.168.60.79/manager-page/home-4.php" "Mozilla/5.0 (Windows NT 10.0; Win64; x64) AppleWebKit/537.36 (KHTML, like Gecko) Chrome/127.0.0.0 Safari/537.36 Edg/127.0.0.0"
172.16.36.181 - - [14/Aug/2024:08:57:11 +0800] "GET /manager-page/api/snapshot.php?id=42&t=0.3993319603585801 HTTP/1.1" 200 53823 "http://192.168.60.79/manager-page/home-4.php" "Mozilla/5.0 (Windows NT 10.0; Win64; x64) AppleWebKit/537.36 (KHTML, like Gecko) Chrome/127.0.0.0 Safari/537.36 Edg/127.0.0.0"
172.16.36.181 - - [14/Aug/2024:08:57:16 +0800] "GET /manager-page/api/snapshot.php?id=42&t=0.4298907210225409 HTTP/1.1" 200 53579 "http://192.168.60.79/manager-page/home-4.php" "Mozilla/5.0 (Windows NT 10.0; Win64; x64) AppleWebKit/537.36 (KHTML, like Gecko) Chrome/127.0.0.0 Safari/537.36 Edg/127.0.0.0"
111.70.30.251 - - [14/Aug/2024:08:57:12 +0800] "POST /robot/lora-in.php HTTP/1.1" 200 - "-" "python-requests/2.21.0"
172.16.36.181 - - [14/Aug/2024:08:57:16 +0800] "GET /manager-page/api/snapshot.php?id=41&t=0.772531923346728 HTTP/1.1" 200 51696 "http://192.168.60.79/manager-page/home-4.php" "Mozilla/5.0 (Windows NT 10.0; Win64; x64) AppleWebKit/537.36 (KHTML, like Gecko) Chrome/127.0.0.0 Safari/537.36 Edg/127.0.0.0"
172.16.36.181 - - [14/Aug/2024:08:57:21 +0800] "GET /manager-page/api/snapshot.php?id=41&t=0.7042382591051661 HTTP/1.1" 200 51599 "http://192.168.60.79/manager-page/home-4.php" "Mozilla/5.0 (Windows NT 10.0; Win64; x64) AppleWebKit/537.36 (KHTML, like Gecko) Chrome/127.0.0.0 Safari/537.36 Edg/127.0.0.0"
172.16.36.181 - - [14/Aug/2024:08:57:21 +0800] "GET /manager-page/api/snapshot.php?id=42&t=0.6980606806206691 HTTP/1.1" 200 53498 "http://192.168.60.79/manager-page/home-4.php" "Mozilla/5.0 (Windows NT 10.0; Win64; x64) AppleWebKit/537.36 (KHTML, like Gecko) Chrome/127.0.0.0 Safari/537.36 Edg/127.0.0.0"
172.16.36.181 - - [14/Aug/2024:08:57:26 +0800] "GET /manager-page/api/snapshot.php?id=42&t=0.30827631470801053 HTTP/1.1" 200 53120 "http://192.168.60.79/manager-page/home-4.php" "Mozilla/5.0 (Windows NT 10.0; Win64; x64) AppleWebKit/537.36 (KHTML, like Gecko) Chrome/127.0.0.0 Safari/537.36 Edg/127.0.0.0"
172.16.36.181 - - [14/Aug/2024:08:57:26 +0800] "GET /manager-page/api/snapshot.php?id=41&t=0.8309579874717574 HTTP/1.1" 500 - "http://192.168.60.79/manager-page/home-4.php" "Mozilla/5.0 (Windows NT 10.0; Win64; x64) AppleWebKit/537.36 (KHTML, like Gecko) Chrome/127.0.0.0 Safari/537.36 Edg/127.0.0.0"
172.16.36.181 - - [14/Aug/2024:08:57:31 +0800] "GET /manager-page/api/snapshot.php?id=42&t=0.9185458599939886 HTTP/1.1" 200 52630 "http://192.168.60.79/manager-page/home-4.php" "Mozilla/5.0 (Windows NT 10.0; Win64; x64) AppleWebKit/537.36 (KHTML, like Gecko) Chrome/127.0.0.0 Safari/537.36 Edg/127.0.0.0"
172.16.36.181 - - [14/Aug/2024:08:57:31 +0800] "GET /manager-page/api/snapshot.php?id=41&t=0.5138085008841455 HTTP/1.1" 500 - "http://192.168.60.79/manager-page/home-4.php" "Mozilla/5.0 (Windows NT 10.0; Win64; x64) AppleWebKit/537.36 (KHTML, like Gecko) Chrome/127.0.0.0 Safari/537.36 Edg/127.0.0.0"
172.16.36.181 - - [14/Aug/2024:08:57:36 +0800] "GET /manager-page/api/snapshot.php?id=42&t=0.13584122193267234 HTTP/1.1" 200 52336 "http://192.168.60.79/manager-page/home-4.php" "Mozilla/5.0 (Windows NT 10.0; Win64; x64) AppleWebKit/537.36 (KHTML, like Gecko) Chrome/127.0.0.0 Safari/537.36 Edg/127.0.0.0"
172.16.36.181 - - [14/Aug/2024:08:57:36 +0800] "GET /manager-page/api/snapshot.php?id=41&t=0.04371623863322904 HTTP/1.1" 200 50586 "http://192.168.60.79/manager-page/home-4.php" "Mozilla/5.0 (Windows NT 10.0; Win64; x64) AppleWebKit/537.36 (KHTML, like Gecko) Chrome/127.0.0.0 Safari/537.36 Edg/127.0.0.0"
172.16.36.181 - - [14/Aug/2024:08:57:41 +0800] "GET /manager-page/api/snapshot.php?id=42&t=0.2749093214421532 HTTP/1.1" 500 - "http://192.168.60.79/manager-page/home-4.php" "Mozilla/5.0 (Windows NT 10.0; Win64; x64) AppleWebKit/537.36 (KHTML, like Gecko) Chrome/127.0.0.0 Safari/537.36 Edg/127.0.0.0"
172.16.36.181 - - [14/Aug/2024:08:57:41 +0800] "GET /manager-page/api/snapshot.php?id=41&t=0.9252431118696778 HTTP/1.1" 500 - "http://192.168.60.79/manager-page/home-4.php" "Mozilla/5.0 (Windows NT 10.0; Win64; x64) AppleWebKit/537.36 (KHTML, like Gecko) Chrome/127.0.0.0 Safari/537.36 Edg/127.0.0.0"
172.16.36.181 - - [14/Aug/2024:08:57:46 +0800] "GET /manager-page/api/snapshot.php?id=41&t=0.7133919131524771 HTTP/1.1" 200 50450 "http://192.168.60.79/manager-page/home-4.php" "Mozilla/5.0 (Windows NT 10.0; Win64; x64) AppleWebKit/537.36 (KHTML, like Gecko) Chrome/127.0.0.0 Safari/537.36 Edg/127.0.0.0"
