172.16.36.28 - - [21/Nov/2024:09:11:02 +0800] "GET /manager-page/api/snapshot.php?id=22&t=0.13766433217971108 HTTP/1.1" 200 46346 "http://192.168.60.79/manager-page/home-2.php" "Mozilla/5.0 (Windows NT 10.0; Win64; x64) AppleWebKit/537.36 (KHTML, like Gecko) Chrome/131.0.0.0 Safari/537.36 Edg/131.0.0.0"
172.16.36.28 - - [21/Nov/2024:09:11:07 +0800] "GET /manager-page/api/snapshot.php?id=22&t=0.7021357094752763 HTTP/1.1" 200 46284 "http://192.168.60.79/manager-page/home-2.php" "Mozilla/5.0 (Windows NT 10.0; Win64; x64) AppleWebKit/537.36 (KHTML, like Gecko) Chrome/131.0.0.0 Safari/537.36 Edg/131.0.0.0"
172.16.36.28 - - [21/Nov/2024:09:11:07 +0800] "GET /manager-page/api/snapshot.php?id=21&t=0.6651152633650088 HTTP/1.1" 200 53334 "http://192.168.60.79/manager-page/home-2.php" "Mozilla/5.0 (Windows NT 10.0; Win64; x64) AppleWebKit/537.36 (KHTML, like Gecko) Chrome/131.0.0.0 Safari/537.36 Edg/131.0.0.0"
172.16.36.28 - - [21/Nov/2024:09:11:12 +0800] "GET /manager-page/api/snapshot.php?id=22&t=0.5457610797818586 HTTP/1.1" 200 46369 "http://192.168.60.79/manager-page/home-2.php" "Mozilla/5.0 (Windows NT 10.0; Win64; x64) AppleWebKit/537.36 (KHTML, like Gecko) Chrome/131.0.0.0 Safari/537.36 Edg/131.0.0.0"
172.16.36.28 - - [21/Nov/2024:09:11:12 +0800] "GET /manager-page/api/snapshot.php?id=21&t=0.9785489903187501 HTTP/1.1" 200 53409 "http://192.168.60.79/manager-page/home-2.php" "Mozilla/5.0 (Windows NT 10.0; Win64; x64) AppleWebKit/537.36 (KHTML, like Gecko) Chrome/131.0.0.0 Safari/537.36 Edg/131.0.0.0"
172.16.36.28 - - [21/Nov/2024:09:11:17 +0800] "GET /manager-page/api/snapshot.php?id=21&t=0.3492412754913563 HTTP/1.1" 200 53372 "http://192.168.60.79/manager-page/home-2.php" "Mozilla/5.0 (Windows NT 10.0; Win64; x64) AppleWebKit/537.36 (KHTML, like Gecko) Chrome/131.0.0.0 Safari/537.36 Edg/131.0.0.0"
172.16.36.28 - - [21/Nov/2024:09:11:17 +0800] "GET /manager-page/api/snapshot.php?id=22&t=0.9641603399109107 HTTP/1.1" 200 46365 "http://192.168.60.79/manager-page/home-2.php" "Mozilla/5.0 (Windows NT 10.0; Win64; x64) AppleWebKit/537.36 (KHTML, like Gecko) Chrome/131.0.0.0 Safari/537.36 Edg/131.0.0.0"
172.16.36.28 - - [21/Nov/2024:09:11:22 +0800] "GET /manager-page/api/snapshot.php?id=21&t=0.976773301942226 HTTP/1.1" 200 53411 "http://192.168.60.79/manager-page/home-2.php" "Mozilla/5.0 (Windows NT 10.0; Win64; x64) AppleWebKit/537.36 (KHTML, like Gecko) Chrome/131.0.0.0 Safari/537.36 Edg/131.0.0.0"
172.16.36.28 - - [21/Nov/2024:09:11:22 +0800] "GET /manager-page/api/snapshot.php?id=22&t=0.8289093789308524 HTTP/1.1" 200 46328 "http://192.168.60.79/manager-page/home-2.php" "Mozilla/5.0 (Windows NT 10.0; Win64; x64) AppleWebKit/537.36 (KHTML, like Gecko) Chrome/131.0.0.0 Safari/537.36 Edg/131.0.0.0"
172.16.36.28 - - [21/Nov/2024:09:11:27 +0800] "GET /manager-page/api/snapshot.php?id=21&t=0.4698652431683754 HTTP/1.1" 200 53426 "http://192.168.60.79/manager-page/home-2.php" "Mozilla/5.0 (Windows NT 10.0; Win64; x64) AppleWebKit/537.36 (KHTML, like Gecko) Chrome/131.0.0.0 Safari/537.36 Edg/131.0.0.0"
172.16.36.28 - - [21/Nov/2024:09:11:27 +0800] "GET /manager-page/api/snapshot.php?id=22&t=0.3153569683219981 HTTP/1.1" 200 46457 "http://192.168.60.79/manager-page/home-2.php" "Mozilla/5.0 (Windows NT 10.0; Win64; x64) AppleWebKit/537.36 (KHTML, like Gecko) Chrome/131.0.0.0 Safari/537.36 Edg/131.0.0.0"
172.16.36.28 - - [21/Nov/2024:09:11:32 +0800] "GET /manager-page/api/snapshot.php?id=22&t=0.09972481630245378 HTTP/1.1" 200 46382 "http://192.168.60.79/manager-page/home-2.php" "Mozilla/5.0 (Windows NT 10.0; Win64; x64) AppleWebKit/537.36 (KHTML, like Gecko) Chrome/131.0.0.0 Safari/537.36 Edg/131.0.0.0"
172.16.36.28 - - [21/Nov/2024:09:11:32 +0800] "GET /manager-page/api/snapshot.php?id=21&t=0.17754709977000394 HTTP/1.1" 200 53029 "http://192.168.60.79/manager-page/home-2.php" "Mozilla/5.0 (Windows NT 10.0; Win64; x64) AppleWebKit/537.36 (KHTML, like Gecko) Chrome/131.0.0.0 Safari/537.36 Edg/131.0.0.0"
172.16.36.28 - - [21/Nov/2024:09:11:37 +0800] "GET /manager-page/api/snapshot.php?id=22&t=0.41459913346445365 HTTP/1.1" 200 46083 "http://192.168.60.79/manager-page/home-2.php" "Mozilla/5.0 (Windows NT 10.0; Win64; x64) AppleWebKit/537.36 (KHTML, like Gecko) Chrome/131.0.0.0 Safari/537.36 Edg/131.0.0.0"
127.0.0.1 - - [21/Nov/2024:09:11:37 +0800] "POST /robot/et-7026-in.php HTTP/1.1" 200 - "-" "python-requests/2.31.0"
172.16.36.28 - - [21/Nov/2024:09:11:37 +0800] "GET /manager-page/api/snapshot.php?id=21&t=0.9070397451431589 HTTP/1.1" 200 53533 "http://192.168.60.79/manager-page/home-2.php" "Mozilla/5.0 (Windows NT 10.0; Win64; x64) AppleWebKit/537.36 (KHTML, like Gecko) Chrome/131.0.0.0 Safari/537.36 Edg/131.0.0.0"
172.16.36.28 - - [21/Nov/2024:09:11:39 +0800] "GET /manager-page/alarm/3-1.jpg?t=751562694 HTTP/1.1" 200 520364 "http://192.168.60.79/manager-page/home-3.php" "Mozilla/5.0 (Windows NT 10.0; Win64; x64) AppleWebKit/537.36 (KHTML, like Gecko) Chrome/131.0.0.0 Safari/537.36 Edg/131.0.0.0"
172.16.36.28 - - [21/Nov/2024:09:11:39 +0800] "GET /manager-page/alarm/3-2.jpg?t=520337802 HTTP/1.1" 200 187208 "http://192.168.60.79/manager-page/home-3.php" "Mozilla/5.0 (Windows NT 10.0; Win64; x64) AppleWebKit/537.36 (KHTML, like Gecko) Chrome/131.0.0.0 Safari/537.36 Edg/131.0.0.0"
111.70.30.253 - - [21/Nov/2024:09:11:42 +0800] "POST /robot/lora-in.php HTTP/1.1" 200 - "-" "python-requests/2.21.0"
172.16.36.28 - - [21/Nov/2024:09:11:39 +0800] "GET /manager-page/home-3.php HTTP/1.1" 200 27483 "http://192.168.60.79/manager-page/home-2.php" "Mozilla/5.0 (Windows NT 10.0; Win64; x64) AppleWebKit/537.36 (KHTML, like Gecko) Chrome/131.0.0.0 Safari/537.36 Edg/131.0.0.0"
172.16.36.28 - - [21/Nov/2024:09:11:39 +0800] "GET /manager-page/api/snapshot.php?id=32 HTTP/1.1" 500 - "http://192.168.60.79/manager-page/home-3.php" "Mozilla/5.0 (Windows NT 10.0; Win64; x64) AppleWebKit/537.36 (KHTML, like Gecko) Chrome/131.0.0.0 Safari/537.36 Edg/131.0.0.0"
172.16.36.28 - - [21/Nov/2024:09:11:39 +0800] "GET /manager-page/api/snapshot.php?id=31 HTTP/1.1" 500 - "http://192.168.60.79/manager-page/home-3.php" "Mozilla/5.0 (Windows NT 10.0; Win64; x64) AppleWebKit/537.36 (KHTML, like Gecko) Chrome/131.0.0.0 Safari/537.36 Edg/131.0.0.0"
172.16.36.28 - - [21/Nov/2024:09:11:46 +0800] "GET /manager-page/live/3-2.jpg HTTP/1.1" 200 44509 "http://192.168.60.79/manager-page/home-3.php" "Mozilla/5.0 (Windows NT 10.0; Win64; x64) AppleWebKit/537.36 (KHTML, like Gecko) Chrome/131.0.0.0 Safari/537.36 Edg/131.0.0.0"
172.16.36.28 - - [21/Nov/2024:09:11:46 +0800] "GET /manager-page/live/3-1.jpg HTTP/1.1" 200 45564 "http://192.168.60.79/manager-page/home-3.php" "Mozilla/5.0 (Windows NT 10.0; Win64; x64) AppleWebKit/537.36 (KHTML, like Gecko) Chrome/131.0.0.0 Safari/537.36 Edg/131.0.0.0"
172.16.36.28 - - [21/Nov/2024:09:11:46 +0800] "GET /manager-page/img/locpic_03.jpg HTTP/1.1" 200 218984 "http://192.168.60.79/manager-page/home-3.php" "Mozilla/5.0 (Windows NT 10.0; Win64; x64) AppleWebKit/537.36 (KHTML, like Gecko) Chrome/131.0.0.0 Safari/537.36 Edg/131.0.0.0"
172.16.36.28 - - [21/Nov/2024:09:11:46 +0800] "GET /manager-page/api/lp-status3.php HTTP/1.1" 200 1 "http://192.168.60.79/manager-page/home-3.php" "Mozilla/5.0 (Windows NT 10.0; Win64; x64) AppleWebKit/537.36 (KHTML, like Gecko) Chrome/131.0.0.0 Safari/537.36 Edg/131.0.0.0"
172.16.36.28 - - [21/Nov/2024:09:11:46 +0800] "GET /manager-page/api/cms-status3.php HTTP/1.1" 200 12 "http://192.168.60.79/manager-page/home-3.php" "Mozilla/5.0 (Windows NT 10.0; Win64; x64) AppleWebKit/537.36 (KHTML, like Gecko) Chrome/131.0.0.0 Safari/537.36 Edg/131.0.0.0"
172.16.36.28 - - [21/Nov/2024:09:11:51 +0800] "GET /manager-page/api/snapshot.php?id=32&t=0.9577404894398978 HTTP/1.1" 200 44062 "http://192.168.60.79/manager-page/home-3.php" "Mozilla/5.0 (Windows NT 10.0; Win64; x64) AppleWebKit/537.36 (KHTML, like Gecko) Chrome/131.0.0.0 Safari/537.36 Edg/131.0.0.0"
172.16.36.28 - - [21/Nov/2024:09:11:51 +0800] "GET /manager-page/api/snapshot.php?id=31&t=0.1458474669401677 HTTP/1.1" 200 45618 "http://192.168.60.79/manager-page/home-3.php" "Mozilla/5.0 (Windows NT 10.0; Win64; x64) AppleWebKit/537.36 (KHTML, like Gecko) Chrome/131.0.0.0 Safari/537.36 Edg/131.0.0.0"
172.16.36.28 - - [21/Nov/2024:09:11:55 +0800] "GET /manager-page/alarm/4-1.jpg?t=1071673470 HTTP/1.1" 200 396936 "http://192.168.60.79/manager-page/home-4.php" "Mozilla/5.0 (Windows NT 10.0; Win64; x64) AppleWebKit/537.36 (KHTML, like Gecko) Chrome/131.0.0.0 Safari/537.36 Edg/131.0.0.0"
172.16.36.28 - - [21/Nov/2024:09:11:55 +0800] "GET /manager-page/alarm/4-2.jpg?t=1648486323 HTTP/1.1" 200 543160 "http://192.168.60.79/manager-page/home-4.php" "Mozilla/5.0 (Windows NT 10.0; Win64; x64) AppleWebKit/537.36 (KHTML, like Gecko) Chrome/131.0.0.0 Safari/537.36 Edg/131.0.0.0"
172.16.36.28 - - [21/Nov/2024:09:11:54 +0800] "GET /manager-page/home-4.php HTTP/1.1" 200 27481 "http://192.168.60.79/manager-page/home-3.php" "Mozilla/5.0 (Windows NT 10.0; Win64; x64) AppleWebKit/537.36 (KHTML, like Gecko) Chrome/131.0.0.0 Safari/537.36 Edg/131.0.0.0"
172.16.36.28 - - [21/Nov/2024:09:11:58 +0800] "GET /manager-page/img/locpic_04.jpg HTTP/1.1" 200 95941 "http://192.168.60.79/manager-page/home-4.php" "Mozilla/5.0 (Windows NT 10.0; Win64; x64) AppleWebKit/537.36 (KHTML, like Gecko) Chrome/131.0.0.0 Safari/537.36 Edg/131.0.0.0"
172.16.36.28 - - [21/Nov/2024:09:11:55 +0800] "GET /manager-page/api/snapshot.php?id=41 HTTP/1.1" 200 49225 "http://192.168.60.79/manager-page/home-4.php" "Mozilla/5.0 (Windows NT 10.0; Win64; x64) AppleWebKit/537.36 (KHTML, like Gecko) Chrome/131.0.0.0 Safari/537.36 Edg/131.0.0.0"
172.16.36.28 - - [21/Nov/2024:09:11:55 +0800] "GET /manager-page/api/snapshot.php?id=42 HTTP/1.1" 200 51172 "http://192.168.60.79/manager-page/home-4.php" "Mozilla/5.0 (Windows NT 10.0; Win64; x64) AppleWebKit/537.36 (KHTML, like Gecko) Chrome/131.0.0.0 Safari/537.36 Edg/131.0.0.0"
172.16.36.28 - - [21/Nov/2024:09:11:58 +0800] "GET /manager-page/api/cms-status4.php HTTP/1.1" 200 12 "http://192.168.60.79/manager-page/home-4.php" "Mozilla/5.0 (Windows NT 10.0; Win64; x64) AppleWebKit/537.36 (KHTML, like Gecko) Chrome/131.0.0.0 Safari/537.36 Edg/131.0.0.0"
172.16.36.28 - - [21/Nov/2024:09:11:58 +0800] "GET /manager-page/api/lp-status4.php HTTP/1.1" 200 1 "http://192.168.60.79/manager-page/home-4.php" "Mozilla/5.0 (Windows NT 10.0; Win64; x64) AppleWebKit/537.36 (KHTML, like Gecko) Chrome/131.0.0.0 Safari/537.36 Edg/131.0.0.0"
127.0.0.1 - - [21/Nov/2024:09:12:00 +0800] "GET /robot/alarm-history-in.php HTTP/1.1" 200 - "-" "python-requests/2.28.1"
172.16.36.28 - - [21/Nov/2024:09:12:03 +0800] "GET /manager-page/api/snapshot.php?id=41&t=0.5836007127155305 HTTP/1.1" 200 49258 "http://192.168.60.79/manager-page/home-4.php" "Mozilla/5.0 (Windows NT 10.0; Win64; x64) AppleWebKit/537.36 (KHTML, like Gecko) Chrome/131.0.0.0 Safari/537.36 Edg/131.0.0.0"
172.16.36.28 - - [21/Nov/2024:09:12:03 +0800] "GET /manager-page/api/snapshot.php?id=42&t=0.12584237693717015 HTTP/1.1" 200 51115 "http://192.168.60.79/manager-page/home-4.php" "Mozilla/5.0 (Windows NT 10.0; Win64; x64) AppleWebKit/537.36 (KHTML, like Gecko) Chrome/131.0.0.0 Safari/537.36 Edg/131.0.0.0"
172.16.36.28 - - [21/Nov/2024:09:12:08 +0800] "GET /manager-page/api/snapshot.php?id=42&t=0.42290653088860086 HTTP/1.1" 200 51070 "http://192.168.60.79/manager-page/home-4.php" "Mozilla/5.0 (Windows NT 10.0; Win64; x64) AppleWebKit/537.36 (KHTML, like Gecko) Chrome/131.0.0.0 Safari/537.36 Edg/131.0.0.0"
172.16.36.28 - - [21/Nov/2024:09:12:08 +0800] "GET /manager-page/api/snapshot.php?id=41&t=0.34282897532482726 HTTP/1.1" 200 49111 "http://192.168.60.79/manager-page/home-4.php" "Mozilla/5.0 (Windows NT 10.0; Win64; x64) AppleWebKit/537.36 (KHTML, like Gecko) Chrome/131.0.0.0 Safari/537.36 Edg/131.0.0.0"
172.16.36.28 - - [21/Nov/2024:09:12:13 +0800] "GET /manager-page/api/snapshot.php?id=41&t=0.5109823613012832 HTTP/1.1" 200 49080 "http://192.168.60.79/manager-page/home-4.php" "Mozilla/5.0 (Windows NT 10.0; Win64; x64) AppleWebKit/537.36 (KHTML, like Gecko) Chrome/131.0.0.0 Safari/537.36 Edg/131.0.0.0"
172.16.36.28 - - [21/Nov/2024:09:12:13 +0800] "GET /manager-page/api/snapshot.php?id=42&t=0.722347299756738 HTTP/1.1" 200 50853 "http://192.168.60.79/manager-page/home-4.php" "Mozilla/5.0 (Windows NT 10.0; Win64; x64) AppleWebKit/537.36 (KHTML, like Gecko) Chrome/131.0.0.0 Safari/537.36 Edg/131.0.0.0"
172.16.36.28 - - [21/Nov/2024:09:12:18 +0800] "GET /manager-page/api/snapshot.php?id=41&t=0.8776651446438088 HTTP/1.1" 200 49058 "http://192.168.60.79/manager-page/home-4.php" "Mozilla/5.0 (Windows NT 10.0; Win64; x64) AppleWebKit/537.36 (KHTML, like Gecko) Chrome/131.0.0.0 Safari/537.36 Edg/131.0.0.0"
172.16.36.28 - - [21/Nov/2024:09:12:18 +0800] "GET /manager-page/api/snapshot.php?id=42&t=0.7684865728930121 HTTP/1.1" 200 50923 "http://192.168.60.79/manager-page/home-4.php" "Mozilla/5.0 (Windows NT 10.0; Win64; x64) AppleWebKit/537.36 (KHTML, like Gecko) Chrome/131.0.0.0 Safari/537.36 Edg/131.0.0.0"
127.0.0.1 - - [21/Nov/2024:09:12:23 +0800] "POST /robot/et-7026-in.php HTTP/1.1" 200 - "-" "python-requests/2.31.0"
172.16.36.28 - - [21/Nov/2024:09:12:23 +0800] "GET /manager-page/api/snapshot.php?id=42&t=0.07665710431970907 HTTP/1.1" 200 50762 "http://192.168.60.79/manager-page/home-4.php" "Mozilla/5.0 (Windows NT 10.0; Win64; x64) AppleWebKit/537.36 (KHTML, like Gecko) Chrome/131.0.0.0 Safari/537.36 Edg/131.0.0.0"
172.16.36.28 - - [21/Nov/2024:09:12:23 +0800] "GET /manager-page/api/snapshot.php?id=41&t=0.6919543245873683 HTTP/1.1" 200 49035 "http://192.168.60.79/manager-page/home-4.php" "Mozilla/5.0 (Windows NT 10.0; Win64; x64) AppleWebKit/537.36 (KHTML, like Gecko) Chrome/131.0.0.0 Safari/537.36 Edg/131.0.0.0"
172.16.36.28 - - [21/Nov/2024:09:12:28 +0800] "GET /manager-page/api/snapshot.php?id=42&t=0.05800752890314076 HTTP/1.1" 200 50851 "http://192.168.60.79/manager-page/home-4.php" "Mozilla/5.0 (Windows NT 10.0; Win64; x64) AppleWebKit/537.36 (KHTML, like Gecko) Chrome/131.0.0.0 Safari/537.36 Edg/131.0.0.0"
172.16.36.28 - - [21/Nov/2024:09:12:28 +0800] "GET /manager-page/api/snapshot.php?id=41&t=0.46291623462067166 HTTP/1.1" 200 49026 "http://192.168.60.79/manager-page/home-4.php" "Mozilla/5.0 (Windows NT 10.0; Win64; x64) AppleWebKit/537.36 (KHTML, like Gecko) Chrome/131.0.0.0 Safari/537.36 Edg/131.0.0.0"
172.16.36.28 - - [21/Nov/2024:09:12:33 +0800] "GET /manager-page/api/snapshot.php?id=41&t=0.5616111716330658 HTTP/1.1" 200 49004 "http://192.168.60.79/manager-page/home-4.php" "Mozilla/5.0 (Windows NT 10.0; Win64; x64) AppleWebKit/537.36 (KHTML, like Gecko) Chrome/131.0.0.0 Safari/537.36 Edg/131.0.0.0"
172.16.36.28 - - [21/Nov/2024:09:12:33 +0800] "GET /manager-page/api/snapshot.php?id=42&t=0.8294756809572108 HTTP/1.1" 200 51008 "http://192.168.60.79/manager-page/home-4.php" "Mozilla/5.0 (Windows NT 10.0; Win64; x64) AppleWebKit/537.36 (KHTML, like Gecko) Chrome/131.0.0.0 Safari/537.36 Edg/131.0.0.0"
172.16.36.28 - - [21/Nov/2024:09:12:38 +0800] "GET /manager-page/api/snapshot.php?id=42&t=0.1832515826256731 HTTP/1.1" 200 51091 "http://192.168.60.79/manager-page/home-4.php" "Mozilla/5.0 (Windows NT 10.0; Win64; x64) AppleWebKit/537.36 (KHTML, like Gecko) Chrome/131.0.0.0 Safari/537.36 Edg/131.0.0.0"
172.16.36.28 - - [21/Nov/2024:09:12:38 +0800] "GET /manager-page/api/snapshot.php?id=41&t=0.29531837255656934 HTTP/1.1" 200 49019 "http://192.168.60.79/manager-page/home-4.php" "Mozilla/5.0 (Windows NT 10.0; Win64; x64) AppleWebKit/537.36 (KHTML, like Gecko) Chrome/131.0.0.0 Safari/537.36 Edg/131.0.0.0"
172.16.36.28 - - [21/Nov/2024:09:12:43 +0800] "GET /manager-page/api/snapshot.php?id=41&t=0.8143022903354946 HTTP/1.1" 200 49195 "http://192.168.60.79/manager-page/home-4.php" "Mozilla/5.0 (Windows NT 10.0; Win64; x64) AppleWebKit/537.36 (KHTML, like Gecko) Chrome/131.0.0.0 Safari/537.36 Edg/131.0.0.0"
172.16.36.28 - - [21/Nov/2024:09:12:43 +0800] "GET /manager-page/api/snapshot.php?id=42&t=0.6495901759853648 HTTP/1.1" 200 51116 "http://192.168.60.79/manager-page/home-4.php" "Mozilla/5.0 (Windows NT 10.0; Win64; x64) AppleWebKit/537.36 (KHTML, like Gecko) Chrome/131.0.0.0 Safari/537.36 Edg/131.0.0.0"
172.16.36.28 - - [21/Nov/2024:09:12:48 +0800] "GET /manager-page/api/snapshot.php?id=41&t=0.607961526895346 HTTP/1.1" 200 49028 "http://192.168.60.79/manager-page/home-4.php" "Mozilla/5.0 (Windows NT 10.0; Win64; x64) AppleWebKit/537.36 (KHTML, like Gecko) Chrome/131.0.0.0 Safari/537.36 Edg/131.0.0.0"
172.16.36.28 - - [21/Nov/2024:09:12:48 +0800] "GET /manager-page/api/snapshot.php?id=42&t=0.2717708910241703 HTTP/1.1" 200 51258 "http://192.168.60.79/manager-page/home-4.php" "Mozilla/5.0 (Windows NT 10.0; Win64; x64) AppleWebKit/537.36 (KHTML, like Gecko) Chrome/131.0.0.0 Safari/537.36 Edg/131.0.0.0"
172.16.36.28 - - [21/Nov/2024:09:12:53 +0800] "GET /manager-page/api/snapshot.php?id=42&t=0.9773872395782666 HTTP/1.1" 200 51173 "http://192.168.60.79/manager-page/home-4.php" "Mozilla/5.0 (Windows NT 10.0; Win64; x64) AppleWebKit/537.36 (KHTML, like Gecko) Chrome/131.0.0.0 Safari/537.36 Edg/131.0.0.0"
172.16.36.28 - - [21/Nov/2024:09:12:53 +0800] "GET /manager-page/api/snapshot.php?id=41&t=0.8335968308809796 HTTP/1.1" 200 49062 "http://192.168.60.79/manager-page/home-4.php" "Mozilla/5.0 (Windows NT 10.0; Win64; x64) AppleWebKit/537.36 (KHTML, like Gecko) Chrome/131.0.0.0 Safari/537.36 Edg/131.0.0.0"
111.70.30.251 - - [21/Nov/2024:09:12:55 +0800] "POST /robot/lora-in.php HTTP/1.1" 200 - "-" "python-requests/2.21.0"
172.16.36.28 - - [21/Nov/2024:09:12:58 +0800] "GET /manager-page/api/snapshot.php?id=41&t=0.8133833405616049 HTTP/1.1" 200 49059 "http://192.168.60.79/manager-page/home-4.php" "Mozilla/5.0 (Windows NT 10.0; Win64; x64) AppleWebKit/537.36 (KHTML, like Gecko) Chrome/131.0.0.0 Safari/537.36 Edg/131.0.0.0"
172.16.36.28 - - [21/Nov/2024:09:12:58 +0800] "GET /manager-page/api/snapshot.php?id=42&t=0.40179792643857937 HTTP/1.1" 200 51229 "http://192.168.60.79/manager-page/home-4.php" "Mozilla/5.0 (Windows NT 10.0; Win64; x64) AppleWebKit/537.36 (KHTML, like Gecko) Chrome/131.0.0.0 Safari/537.36 Edg/131.0.0.0"
127.0.0.1 - - [21/Nov/2024:09:13:00 +0800] "GET /robot/alarm-history-in.php HTTP/1.1" 200 - "-" "python-requests/2.28.1"
172.16.36.28 - - [21/Nov/2024:09:13:03 +0800] "GET /manager-page/api/snapshot.php?id=41&t=0.5470640933670443 HTTP/1.1" 200 49140 "http://192.168.60.79/manager-page/home-4.php" "Mozilla/5.0 (Windows NT 10.0; Win64; x64) AppleWebKit/537.36 (KHTML, like Gecko) Chrome/131.0.0.0 Safari/537.36 Edg/131.0.0.0"
172.16.36.28 - - [21/Nov/2024:09:13:03 +0800] "GET /manager-page/api/snapshot.php?id=42&t=0.9297776244743805 HTTP/1.1" 200 51185 "http://192.168.60.79/manager-page/home-4.php" "Mozilla/5.0 (Windows NT 10.0; Win64; x64) AppleWebKit/537.36 (KHTML, like Gecko) Chrome/131.0.0.0 Safari/537.36 Edg/131.0.0.0"
172.16.36.28 - - [21/Nov/2024:09:13:08 +0800] "GET /manager-page/api/snapshot.php?id=42&t=0.9582152176705843 HTTP/1.1" 200 51315 "http://192.168.60.79/manager-page/home-4.php" "Mozilla/5.0 (Windows NT 10.0; Win64; x64) AppleWebKit/537.36 (KHTML, like Gecko) Chrome/131.0.0.0 Safari/537.36 Edg/131.0.0.0"
172.16.36.28 - - [21/Nov/2024:09:13:08 +0800] "GET /manager-page/api/snapshot.php?id=41&t=0.798800788105894 HTTP/1.1" 200 49107 "http://192.168.60.79/manager-page/home-4.php" "Mozilla/5.0 (Windows NT 10.0; Win64; x64) AppleWebKit/537.36 (KHTML, like Gecko) Chrome/131.0.0.0 Safari/537.36 Edg/131.0.0.0"
172.16.36.28 - - [21/Nov/2024:09:13:13 +0800] "GET /manager-page/api/snapshot.php?id=41&t=0.3599097007258123 HTTP/1.1" 200 49111 "http://192.168.60.79/manager-page/home-4.php" "Mozilla/5.0 (Windows NT 10.0; Win64; x64) AppleWebKit/537.36 (KHTML, like Gecko) Chrome/131.0.0.0 Safari/537.36 Edg/131.0.0.0"
172.16.36.28 - - [21/Nov/2024:09:13:13 +0800] "GET /manager-page/api/snapshot.php?id=42&t=0.8402780883238792 HTTP/1.1" 200 51347 "http://192.168.60.79/manager-page/home-4.php" "Mozilla/5.0 (Windows NT 10.0; Win64; x64) AppleWebKit/537.36 (KHTML, like Gecko) Chrome/131.0.0.0 Safari/537.36 Edg/131.0.0.0"
172.16.36.28 - - [21/Nov/2024:09:13:18 +0800] "GET /manager-page/api/snapshot.php?id=42&t=0.12438209539813583 HTTP/1.1" 200 51265 "http://192.168.60.79/manager-page/home-4.php" "Mozilla/5.0 (Windows NT 10.0; Win64; x64) AppleWebKit/537.36 (KHTML, like Gecko) Chrome/131.0.0.0 Safari/537.36 Edg/131.0.0.0"
172.16.36.28 - - [21/Nov/2024:09:13:18 +0800] "GET /manager-page/api/snapshot.php?id=41&t=0.4187486022931519 HTTP/1.1" 200 49148 "http://192.168.60.79/manager-page/home-4.php" "Mozilla/5.0 (Windows NT 10.0; Win64; x64) AppleWebKit/537.36 (KHTML, like Gecko) Chrome/131.0.0.0 Safari/537.36 Edg/131.0.0.0"
172.16.36.28 - - [21/Nov/2024:09:13:23 +0800] "GET /manager-page/api/snapshot.php?id=41&t=0.2705953352289936 HTTP/1.1" 200 49076 "http://192.168.60.79/manager-page/home-4.php" "Mozilla/5.0 (Windows NT 10.0; Win64; x64) AppleWebKit/537.36 (KHTML, like Gecko) Chrome/131.0.0.0 Safari/537.36 Edg/131.0.0.0"
172.16.36.28 - - [21/Nov/2024:09:13:23 +0800] "GET /manager-page/api/snapshot.php?id=42&t=0.2977498875321083 HTTP/1.1" 200 51299 "http://192.168.60.79/manager-page/home-4.php" "Mozilla/5.0 (Windows NT 10.0; Win64; x64) AppleWebKit/537.36 (KHTML, like Gecko) Chrome/131.0.0.0 Safari/537.36 Edg/131.0.0.0"
172.16.36.28 - - [21/Nov/2024:09:13:28 +0800] "GET /manager-page/api/snapshot.php?id=42&t=0.878565040949514 HTTP/1.1" 200 51262 "http://192.168.60.79/manager-page/home-4.php" "Mozilla/5.0 (Windows NT 10.0; Win64; x64) AppleWebKit/537.36 (KHTML, like Gecko) Chrome/131.0.0.0 Safari/537.36 Edg/131.0.0.0"
172.16.36.28 - - [21/Nov/2024:09:13:28 +0800] "GET /manager-page/api/snapshot.php?id=41&t=0.0935729884232106 HTTP/1.1" 200 48972 "http://192.168.60.79/manager-page/home-4.php" "Mozilla/5.0 (Windows NT 10.0; Win64; x64) AppleWebKit/537.36 (KHTML, like Gecko) Chrome/131.0.0.0 Safari/537.36 Edg/131.0.0.0"
172.16.36.28 - - [21/Nov/2024:09:13:33 +0800] "GET /manager-page/api/snapshot.php?id=42&t=0.44372912774629114 HTTP/1.1" 200 51158 "http://192.168.60.79/manager-page/home-4.php" "Mozilla/5.0 (Windows NT 10.0; Win64; x64) AppleWebKit/537.36 (KHTML, like Gecko) Chrome/131.0.0.0 Safari/537.36 Edg/131.0.0.0"
172.16.36.28 - - [21/Nov/2024:09:13:33 +0800] "GET /manager-page/api/snapshot.php?id=41&t=0.14270041304869596 HTTP/1.1" 200 48702 "http://192.168.60.79/manager-page/home-4.php" "Mozilla/5.0 (Windows NT 10.0; Win64; x64) AppleWebKit/537.36 (KHTML, like Gecko) Chrome/131.0.0.0 Safari/537.36 Edg/131.0.0.0"
172.16.36.28 - - [21/Nov/2024:09:13:38 +0800] "GET /manager-page/api/snapshot.php?id=42&t=0.7355330550062311 HTTP/1.1" 200 50837 "http://192.168.60.79/manager-page/home-4.php" "Mozilla/5.0 (Windows NT 10.0; Win64; x64) AppleWebKit/537.36 (KHTML, like Gecko) Chrome/131.0.0.0 Safari/537.36 Edg/131.0.0.0"
172.16.36.28 - - [21/Nov/2024:09:13:38 +0800] "GET /manager-page/api/snapshot.php?id=41&t=0.7105069015885135 HTTP/1.1" 200 48766 "http://192.168.60.79/manager-page/home-4.php" "Mozilla/5.0 (Windows NT 10.0; Win64; x64) AppleWebKit/537.36 (KHTML, like Gecko) Chrome/131.0.0.0 Safari/537.36 Edg/131.0.0.0"
172.16.36.28 - - [21/Nov/2024:09:13:43 +0800] "GET /manager-page/api/snapshot.php?id=41&t=0.10517538491127643 HTTP/1.1" 200 48726 "http://192.168.60.79/manager-page/home-4.php" "Mozilla/5.0 (Windows NT 10.0; Win64; x64) AppleWebKit/537.36 (KHTML, like Gecko) Chrome/131.0.0.0 Safari/537.36 Edg/131.0.0.0"
172.16.36.28 - - [21/Nov/2024:09:13:43 +0800] "GET /manager-page/api/snapshot.php?id=42&t=0.6680308643906556 HTTP/1.1" 200 50880 "http://192.168.60.79/manager-page/home-4.php" "Mozilla/5.0 (Windows NT 10.0; Win64; x64) AppleWebKit/537.36 (KHTML, like Gecko) Chrome/131.0.0.0 Safari/537.36 Edg/131.0.0.0"
172.16.36.28 - - [21/Nov/2024:09:13:48 +0800] "GET /manager-page/api/snapshot.php?id=42&t=0.5454816306146721 HTTP/1.1" 200 50808 "http://192.168.60.79/manager-page/home-4.php" "Mozilla/5.0 (Windows NT 10.0; Win64; x64) AppleWebKit/537.36 (KHTML, like Gecko) Chrome/131.0.0.0 Safari/537.36 Edg/131.0.0.0"
172.16.36.28 - - [21/Nov/2024:09:13:48 +0800] "GET /manager-page/api/snapshot.php?id=41&t=0.6978638187569635 HTTP/1.1" 200 48900 "http://192.168.60.79/manager-page/home-4.php" "Mozilla/5.0 (Windows NT 10.0; Win64; x64) AppleWebKit/537.36 (KHTML, like Gecko) Chrome/131.0.0.0 Safari/537.36 Edg/131.0.0.0"
172.16.36.28 - - [21/Nov/2024:09:13:53 +0800] "GET /manager-page/api/snapshot.php?id=41&t=0.6731347540936146 HTTP/1.1" 200 48931 "http://192.168.60.79/manager-page/home-4.php" "Mozilla/5.0 (Windows NT 10.0; Win64; x64) AppleWebKit/537.36 (KHTML, like Gecko) Chrome/131.0.0.0 Safari/537.36 Edg/131.0.0.0"
172.16.36.28 - - [21/Nov/2024:09:13:53 +0800] "GET /manager-page/api/snapshot.php?id=42&t=0.3515563598078524 HTTP/1.1" 200 50835 "http://192.168.60.79/manager-page/home-4.php" "Mozilla/5.0 (Windows NT 10.0; Win64; x64) AppleWebKit/537.36 (KHTML, like Gecko) Chrome/131.0.0.0 Safari/537.36 Edg/131.0.0.0"
172.16.36.28 - - [21/Nov/2024:09:13:58 +0800] "GET /manager-page/api/snapshot.php?id=42&t=0.908028160708866 HTTP/1.1" 200 50724 "http://192.168.60.79/manager-page/home-4.php" "Mozilla/5.0 (Windows NT 10.0; Win64; x64) AppleWebKit/537.36 (KHTML, like Gecko) Chrome/131.0.0.0 Safari/537.36 Edg/131.0.0.0"
172.16.36.28 - - [21/Nov/2024:09:13:58 +0800] "GET /manager-page/api/snapshot.php?id=41&t=0.9785304140197371 HTTP/1.1" 200 48717 "http://192.168.60.79/manager-page/home-4.php" "Mozilla/5.0 (Windows NT 10.0; Win64; x64) AppleWebKit/537.36 (KHTML, like Gecko) Chrome/131.0.0.0 Safari/537.36 Edg/131.0.0.0"
127.0.0.1 - - [21/Nov/2024:09:14:00 +0800] "GET /robot/alarm-history-in.php HTTP/1.1" 200 - "-" "python-requests/2.28.1"
172.16.36.28 - - [21/Nov/2024:09:14:03 +0800] "GET /manager-page/api/snapshot.php?id=42&t=0.7364353352487176 HTTP/1.1" 200 50712 "http://192.168.60.79/manager-page/home-4.php" "Mozilla/5.0 (Windows NT 10.0; Win64; x64) AppleWebKit/537.36 (KHTML, like Gecko) Chrome/131.0.0.0 Safari/537.36 Edg/131.0.0.0"
172.16.36.28 - - [21/Nov/2024:09:14:03 +0800] "GET /manager-page/api/snapshot.php?id=41&t=0.049598111898489616 HTTP/1.1" 200 48840 "http://192.168.60.79/manager-page/home-4.php" "Mozilla/5.0 (Windows NT 10.0; Win64; x64) AppleWebKit/537.36 (KHTML, like Gecko) Chrome/131.0.0.0 Safari/537.36 Edg/131.0.0.0"
172.16.36.28 - - [21/Nov/2024:09:14:08 +0800] "GET /manager-page/api/snapshot.php?id=42&t=0.5156213382788482 HTTP/1.1" 200 50635 "http://192.168.60.79/manager-page/home-4.php" "Mozilla/5.0 (Windows NT 10.0; Win64; x64) AppleWebKit/537.36 (KHTML, like Gecko) Chrome/131.0.0.0 Safari/537.36 Edg/131.0.0.0"
172.16.36.28 - - [21/Nov/2024:09:14:08 +0800] "GET /manager-page/api/snapshot.php?id=41&t=0.46867582565399735 HTTP/1.1" 200 48646 "http://192.168.60.79/manager-page/home-4.php" "Mozilla/5.0 (Windows NT 10.0; Win64; x64) AppleWebKit/537.36 (KHTML, like Gecko) Chrome/131.0.0.0 Safari/537.36 Edg/131.0.0.0"
172.16.36.28 - - [21/Nov/2024:09:14:13 +0800] "GET /manager-page/api/snapshot.php?id=41&t=0.3588851317099282 HTTP/1.1" 200 48642 "http://192.168.60.79/manager-page/home-4.php" "Mozilla/5.0 (Windows NT 10.0; Win64; x64) AppleWebKit/537.36 (KHTML, like Gecko) Chrome/131.0.0.0 Safari/537.36 Edg/131.0.0.0"
172.16.36.28 - - [21/Nov/2024:09:14:13 +0800] "GET /manager-page/api/snapshot.php?id=42&t=0.3231654812601821 HTTP/1.1" 200 50725 "http://192.168.60.79/manager-page/home-4.php" "Mozilla/5.0 (Windows NT 10.0; Win64; x64) AppleWebKit/537.36 (KHTML, like Gecko) Chrome/131.0.0.0 Safari/537.36 Edg/131.0.0.0"
172.16.36.28 - - [21/Nov/2024:09:14:18 +0800] "GET /manager-page/api/snapshot.php?id=42&t=0.7184756698492765 HTTP/1.1" 200 50759 "http://192.168.60.79/manager-page/home-4.php" "Mozilla/5.0 (Windows NT 10.0; Win64; x64) AppleWebKit/537.36 (KHTML, like Gecko) Chrome/131.0.0.0 Safari/537.36 Edg/131.0.0.0"
172.16.36.28 - - [21/Nov/2024:09:14:18 +0800] "GET /manager-page/api/snapshot.php?id=41&t=0.14514829791261752 HTTP/1.1" 200 48729 "http://192.168.60.79/manager-page/home-4.php" "Mozilla/5.0 (Windows NT 10.0; Win64; x64) AppleWebKit/537.36 (KHTML, like Gecko) Chrome/131.0.0.0 Safari/537.36 Edg/131.0.0.0"
172.16.36.28 - - [21/Nov/2024:09:14:23 +0800] "GET /manager-page/api/snapshot.php?id=41&t=0.5546115782294312 HTTP/1.1" 200 48802 "http://192.168.60.79/manager-page/home-4.php" "Mozilla/5.0 (Windows NT 10.0; Win64; x64) AppleWebKit/537.36 (KHTML, like Gecko) Chrome/131.0.0.0 Safari/537.36 Edg/131.0.0.0"
172.16.36.28 - - [21/Nov/2024:09:14:23 +0800] "GET /manager-page/api/snapshot.php?id=42&t=0.18269480243913505 HTTP/1.1" 200 51360 "http://192.168.60.79/manager-page/home-4.php" "Mozilla/5.0 (Windows NT 10.0; Win64; x64) AppleWebKit/537.36 (KHTML, like Gecko) Chrome/131.0.0.0 Safari/537.36 Edg/131.0.0.0"
172.16.36.28 - - [21/Nov/2024:09:14:28 +0800] "GET /manager-page/api/snapshot.php?id=41&t=0.3844443267820452 HTTP/1.1" 200 48674 "http://192.168.60.79/manager-page/home-4.php" "Mozilla/5.0 (Windows NT 10.0; Win64; x64) AppleWebKit/537.36 (KHTML, like Gecko) Chrome/131.0.0.0 Safari/537.36 Edg/131.0.0.0"
172.16.36.28 - - [21/Nov/2024:09:14:28 +0800] "GET /manager-page/api/snapshot.php?id=42&t=0.4658679049114167 HTTP/1.1" 200 50623 "http://192.168.60.79/manager-page/home-4.php" "Mozilla/5.0 (Windows NT 10.0; Win64; x64) AppleWebKit/537.36 (KHTML, like Gecko) Chrome/131.0.0.0 Safari/537.36 Edg/131.0.0.0"
172.16.36.28 - - [21/Nov/2024:09:14:33 +0800] "GET /manager-page/api/snapshot.php?id=41&t=0.058806789173241336 HTTP/1.1" 200 48637 "http://192.168.60.79/manager-page/home-4.php" "Mozilla/5.0 (Windows NT 10.0; Win64; x64) AppleWebKit/537.36 (KHTML, like Gecko) Chrome/131.0.0.0 Safari/537.36 Edg/131.0.0.0"
172.16.36.28 - - [21/Nov/2024:09:14:33 +0800] "GET /manager-page/api/snapshot.php?id=42&t=0.6341094794227886 HTTP/1.1" 200 50614 "http://192.168.60.79/manager-page/home-4.php" "Mozilla/5.0 (Windows NT 10.0; Win64; x64) AppleWebKit/537.36 (KHTML, like Gecko) Chrome/131.0.0.0 Safari/537.36 Edg/131.0.0.0"
172.16.36.28 - - [21/Nov/2024:09:14:38 +0800] "GET /manager-page/api/snapshot.php?id=41&t=0.06805381001804611 HTTP/1.1" 200 48643 "http://192.168.60.79/manager-page/home-4.php" "Mozilla/5.0 (Windows NT 10.0; Win64; x64) AppleWebKit/537.36 (KHTML, like Gecko) Chrome/131.0.0.0 Safari/537.36 Edg/131.0.0.0"
172.16.36.28 - - [21/Nov/2024:09:14:38 +0800] "GET /manager-page/api/snapshot.php?id=42&t=0.996005169282075 HTTP/1.1" 200 50550 "http://192.168.60.79/manager-page/home-4.php" "Mozilla/5.0 (Windows NT 10.0; Win64; x64) AppleWebKit/537.36 (KHTML, like Gecko) Chrome/131.0.0.0 Safari/537.36 Edg/131.0.0.0"
111.70.30.251 - - [21/Nov/2024:09:14:42 +0800] "POST /robot/lora-in.php HTTP/1.1" 200 - "-" "python-requests/2.21.0"
172.16.36.28 - - [21/Nov/2024:09:14:43 +0800] "GET /manager-page/api/snapshot.php?id=41&t=0.12726517519424752 HTTP/1.1" 200 48550 "http://192.168.60.79/manager-page/home-4.php" "Mozilla/5.0 (Windows NT 10.0; Win64; x64) AppleWebKit/537.36 (KHTML, like Gecko) Chrome/131.0.0.0 Safari/537.36 Edg/131.0.0.0"
172.16.36.28 - - [21/Nov/2024:09:14:43 +0800] "GET /manager-page/api/snapshot.php?id=42&t=0.19689749741873475 HTTP/1.1" 200 50511 "http://192.168.60.79/manager-page/home-4.php" "Mozilla/5.0 (Windows NT 10.0; Win64; x64) AppleWebKit/537.36 (KHTML, like Gecko) Chrome/131.0.0.0 Safari/537.36 Edg/131.0.0.0"
172.16.36.28 - - [21/Nov/2024:09:14:48 +0800] "GET /manager-page/api/snapshot.php?id=41&t=0.7244845235335664 HTTP/1.1" 200 48164 "http://192.168.60.79/manager-page/home-4.php" "Mozilla/5.0 (Windows NT 10.0; Win64; x64) AppleWebKit/537.36 (KHTML, like Gecko) Chrome/131.0.0.0 Safari/537.36 Edg/131.0.0.0"
172.16.36.28 - - [21/Nov/2024:09:14:48 +0800] "GET /manager-page/api/snapshot.php?id=42&t=0.27489838624017215 HTTP/1.1" 200 50354 "http://192.168.60.79/manager-page/home-4.php" "Mozilla/5.0 (Windows NT 10.0; Win64; x64) AppleWebKit/537.36 (KHTML, like Gecko) Chrome/131.0.0.0 Safari/537.36 Edg/131.0.0.0"
172.16.36.28 - - [21/Nov/2024:09:14:53 +0800] "GET /manager-page/api/snapshot.php?id=41&t=0.5538704930266338 HTTP/1.1" 200 48477 "http://192.168.60.79/manager-page/home-4.php" "Mozilla/5.0 (Windows NT 10.0; Win64; x64) AppleWebKit/537.36 (KHTML, like Gecko) Chrome/131.0.0.0 Safari/537.36 Edg/131.0.0.0"
172.16.36.28 - - [21/Nov/2024:09:14:53 +0800] "GET /manager-page/api/snapshot.php?id=42&t=0.6184095543680586 HTTP/1.1" 200 50438 "http://192.168.60.79/manager-page/home-4.php" "Mozilla/5.0 (Windows NT 10.0; Win64; x64) AppleWebKit/537.36 (KHTML, like Gecko) Chrome/131.0.0.0 Safari/537.36 Edg/131.0.0.0"
172.16.36.28 - - [21/Nov/2024:09:14:58 +0800] "GET /manager-page/api/snapshot.php?id=41&t=0.9951914462121072 HTTP/1.1" 200 48459 "http://192.168.60.79/manager-page/home-4.php" "Mozilla/5.0 (Windows NT 10.0; Win64; x64) AppleWebKit/537.36 (KHTML, like Gecko) Chrome/131.0.0.0 Safari/537.36 Edg/131.0.0.0"
172.16.36.28 - - [21/Nov/2024:09:14:58 +0800] "GET /manager-page/api/snapshot.php?id=42&t=0.5059231375650395 HTTP/1.1" 200 50576 "http://192.168.60.79/manager-page/home-4.php" "Mozilla/5.0 (Windows NT 10.0; Win64; x64) AppleWebKit/537.36 (KHTML, like Gecko) Chrome/131.0.0.0 Safari/537.36 Edg/131.0.0.0"
127.0.0.1 - - [21/Nov/2024:09:15:00 +0800] "GET /robot/alarm-history-in.php HTTP/1.1" 200 - "-" "python-requests/2.28.1"
172.16.36.28 - - [21/Nov/2024:09:15:03 +0800] "GET /manager-page/api/snapshot.php?id=42&t=0.1373966347948441 HTTP/1.1" 200 50707 "http://192.168.60.79/manager-page/home-4.php" "Mozilla/5.0 (Windows NT 10.0; Win64; x64) AppleWebKit/537.36 (KHTML, like Gecko) Chrome/131.0.0.0 Safari/537.36 Edg/131.0.0.0"
172.16.36.28 - - [21/Nov/2024:09:15:03 +0800] "GET /manager-page/api/snapshot.php?id=41&t=0.1256568876192654 HTTP/1.1" 200 48593 "http://192.168.60.79/manager-page/home-4.php" "Mozilla/5.0 (Windows NT 10.0; Win64; x64) AppleWebKit/537.36 (KHTML, like Gecko) Chrome/131.0.0.0 Safari/537.36 Edg/131.0.0.0"
172.16.36.28 - - [21/Nov/2024:09:15:08 +0800] "GET /manager-page/api/snapshot.php?id=41&t=0.11844242985056064 HTTP/1.1" 200 48750 "http://192.168.60.79/manager-page/home-4.php" "Mozilla/5.0 (Windows NT 10.0; Win64; x64) AppleWebKit/537.36 (KHTML, like Gecko) Chrome/131.0.0.0 Safari/537.36 Edg/131.0.0.0"
172.16.36.28 - - [21/Nov/2024:09:15:08 +0800] "GET /manager-page/api/snapshot.php?id=42&t=0.6587472659846629 HTTP/1.1" 200 50687 "http://192.168.60.79/manager-page/home-4.php" "Mozilla/5.0 (Windows NT 10.0; Win64; x64) AppleWebKit/537.36 (KHTML, like Gecko) Chrome/131.0.0.0 Safari/537.36 Edg/131.0.0.0"
172.16.36.28 - - [21/Nov/2024:09:15:13 +0800] "GET /manager-page/api/snapshot.php?id=42&t=0.9117379695027246 HTTP/1.1" 200 50856 "http://192.168.60.79/manager-page/home-4.php" "Mozilla/5.0 (Windows NT 10.0; Win64; x64) AppleWebKit/537.36 (KHTML, like Gecko) Chrome/131.0.0.0 Safari/537.36 Edg/131.0.0.0"
172.16.36.28 - - [21/Nov/2024:09:15:13 +0800] "GET /manager-page/api/snapshot.php?id=41&t=0.1757938395915022 HTTP/1.1" 200 48736 "http://192.168.60.79/manager-page/home-4.php" "Mozilla/5.0 (Windows NT 10.0; Win64; x64) AppleWebKit/537.36 (KHTML, like Gecko) Chrome/131.0.0.0 Safari/537.36 Edg/131.0.0.0"
172.16.36.28 - - [21/Nov/2024:09:15:18 +0800] "GET /manager-page/api/snapshot.php?id=41&t=0.9705940764975167 HTTP/1.1" 200 48876 "http://192.168.60.79/manager-page/home-4.php" "Mozilla/5.0 (Windows NT 10.0; Win64; x64) AppleWebKit/537.36 (KHTML, like Gecko) Chrome/131.0.0.0 Safari/537.36 Edg/131.0.0.0"
172.16.36.28 - - [21/Nov/2024:09:15:18 +0800] "GET /manager-page/api/snapshot.php?id=42&t=0.48590033384343756 HTTP/1.1" 200 50954 "http://192.168.60.79/manager-page/home-4.php" "Mozilla/5.0 (Windows NT 10.0; Win64; x64) AppleWebKit/537.36 (KHTML, like Gecko) Chrome/131.0.0.0 Safari/537.36 Edg/131.0.0.0"
111.70.30.250 - - [21/Nov/2024:09:15:22 +0800] "POST /robot/lora-in.php HTTP/1.1" 200 - "-" "python-requests/2.21.0"
172.16.36.28 - - [21/Nov/2024:09:15:23 +0800] "GET /manager-page/api/snapshot.php?id=42&t=0.8604530944518818 HTTP/1.1" 200 50969 "http://192.168.60.79/manager-page/home-4.php" "Mozilla/5.0 (Windows NT 10.0; Win64; x64) AppleWebKit/537.36 (KHTML, like Gecko) Chrome/131.0.0.0 Safari/537.36 Edg/131.0.0.0"
172.16.36.28 - - [21/Nov/2024:09:15:23 +0800] "GET /manager-page/api/snapshot.php?id=41&t=0.08620757704714466 HTTP/1.1" 200 48940 "http://192.168.60.79/manager-page/home-4.php" "Mozilla/5.0 (Windows NT 10.0; Win64; x64) AppleWebKit/537.36 (KHTML, like Gecko) Chrome/131.0.0.0 Safari/537.36 Edg/131.0.0.0"
172.16.36.28 - - [21/Nov/2024:09:15:28 +0800] "GET /manager-page/api/snapshot.php?id=41&t=0.5682903952766472 HTTP/1.1" 200 49026 "http://192.168.60.79/manager-page/home-4.php" "Mozilla/5.0 (Windows NT 10.0; Win64; x64) AppleWebKit/537.36 (KHTML, like Gecko) Chrome/131.0.0.0 Safari/537.36 Edg/131.0.0.0"
172.16.36.28 - - [21/Nov/2024:09:15:28 +0800] "GET /manager-page/api/snapshot.php?id=42&t=0.3830843191465989 HTTP/1.1" 200 51031 "http://192.168.60.79/manager-page/home-4.php" "Mozilla/5.0 (Windows NT 10.0; Win64; x64) AppleWebKit/537.36 (KHTML, like Gecko) Chrome/131.0.0.0 Safari/537.36 Edg/131.0.0.0"
172.16.36.28 - - [21/Nov/2024:09:15:33 +0800] "GET /manager-page/api/snapshot.php?id=42&t=0.31297418004789535 HTTP/1.1" 200 50981 "http://192.168.60.79/manager-page/home-4.php" "Mozilla/5.0 (Windows NT 10.0; Win64; x64) AppleWebKit/537.36 (KHTML, like Gecko) Chrome/131.0.0.0 Safari/537.36 Edg/131.0.0.0"
172.16.36.28 - - [21/Nov/2024:09:15:33 +0800] "GET /manager-page/api/snapshot.php?id=41&t=0.5308929032222214 HTTP/1.1" 200 48936 "http://192.168.60.79/manager-page/home-4.php" "Mozilla/5.0 (Windows NT 10.0; Win64; x64) AppleWebKit/537.36 (KHTML, like Gecko) Chrome/131.0.0.0 Safari/537.36 Edg/131.0.0.0"
172.16.36.28 - - [21/Nov/2024:09:15:38 +0800] "GET /manager-page/api/snapshot.php?id=41&t=0.1513249805627448 HTTP/1.1" 200 48934 "http://192.168.60.79/manager-page/home-4.php" "Mozilla/5.0 (Windows NT 10.0; Win64; x64) AppleWebKit/537.36 (KHTML, like Gecko) Chrome/131.0.0.0 Safari/537.36 Edg/131.0.0.0"
172.16.36.28 - - [21/Nov/2024:09:15:38 +0800] "GET /manager-page/api/snapshot.php?id=42&t=0.34646906613512507 HTTP/1.1" 200 51001 "http://192.168.60.79/manager-page/home-4.php" "Mozilla/5.0 (Windows NT 10.0; Win64; x64) AppleWebKit/537.36 (KHTML, like Gecko) Chrome/131.0.0.0 Safari/537.36 Edg/131.0.0.0"
172.16.36.28 - - [21/Nov/2024:09:15:43 +0800] "GET /manager-page/api/snapshot.php?id=42&t=0.3256986024238293 HTTP/1.1" 200 50950 "http://192.168.60.79/manager-page/home-4.php" "Mozilla/5.0 (Windows NT 10.0; Win64; x64) AppleWebKit/537.36 (KHTML, like Gecko) Chrome/131.0.0.0 Safari/537.36 Edg/131.0.0.0"
172.16.36.28 - - [21/Nov/2024:09:15:43 +0800] "GET /manager-page/api/snapshot.php?id=41&t=0.9265614241523361 HTTP/1.1" 200 48956 "http://192.168.60.79/manager-page/home-4.php" "Mozilla/5.0 (Windows NT 10.0; Win64; x64) AppleWebKit/537.36 (KHTML, like Gecko) Chrome/131.0.0.0 Safari/537.36 Edg/131.0.0.0"
172.16.36.28 - - [21/Nov/2024:09:15:48 +0800] "GET /manager-page/api/snapshot.php?id=41&t=0.8726813053864295 HTTP/1.1" 200 49026 "http://192.168.60.79/manager-page/home-4.php" "Mozilla/5.0 (Windows NT 10.0; Win64; x64) AppleWebKit/537.36 (KHTML, like Gecko) Chrome/131.0.0.0 Safari/537.36 Edg/131.0.0.0"
172.16.36.28 - - [21/Nov/2024:09:15:48 +0800] "GET /manager-page/api/snapshot.php?id=42&t=0.5814669247842164 HTTP/1.1" 200 51003 "http://192.168.60.79/manager-page/home-4.php" "Mozilla/5.0 (Windows NT 10.0; Win64; x64) AppleWebKit/537.36 (KHTML, like Gecko) Chrome/131.0.0.0 Safari/537.36 Edg/131.0.0.0"
172.16.36.28 - - [21/Nov/2024:09:15:53 +0800] "GET /manager-page/api/snapshot.php?id=41&t=0.4290344893927287 HTTP/1.1" 200 49057 "http://192.168.60.79/manager-page/home-4.php" "Mozilla/5.0 (Windows NT 10.0; Win64; x64) AppleWebKit/537.36 (KHTML, like Gecko) Chrome/131.0.0.0 Safari/537.36 Edg/131.0.0.0"
172.16.36.28 - - [21/Nov/2024:09:15:53 +0800] "GET /manager-page/api/snapshot.php?id=42&t=0.8018340115862836 HTTP/1.1" 200 50943 "http://192.168.60.79/manager-page/home-4.php" "Mozilla/5.0 (Windows NT 10.0; Win64; x64) AppleWebKit/537.36 (KHTML, like Gecko) Chrome/131.0.0.0 Safari/537.36 Edg/131.0.0.0"
172.16.36.28 - - [21/Nov/2024:09:15:58 +0800] "GET /manager-page/api/snapshot.php?id=42&t=0.24445110910667966 HTTP/1.1" 200 50927 "http://192.168.60.79/manager-page/home-4.php" "Mozilla/5.0 (Windows NT 10.0; Win64; x64) AppleWebKit/537.36 (KHTML, like Gecko) Chrome/131.0.0.0 Safari/537.36 Edg/131.0.0.0"
172.16.36.28 - - [21/Nov/2024:09:15:58 +0800] "GET /manager-page/api/snapshot.php?id=41&t=0.4545020855942279 HTTP/1.1" 200 49016 "http://192.168.60.79/manager-page/home-4.php" "Mozilla/5.0 (Windows NT 10.0; Win64; x64) AppleWebKit/537.36 (KHTML, like Gecko) Chrome/131.0.0.0 Safari/537.36 Edg/131.0.0.0"
127.0.0.1 - - [21/Nov/2024:09:16:00 +0800] "GET /robot/alarm-history-in.php HTTP/1.1" 200 - "-" "python-requests/2.28.1"
172.16.36.28 - - [21/Nov/2024:09:16:03 +0800] "GET /manager-page/api/snapshot.php?id=42&t=0.30678908196832033 HTTP/1.1" 200 50876 "http://192.168.60.79/manager-page/home-4.php" "Mozilla/5.0 (Windows NT 10.0; Win64; x64) AppleWebKit/537.36 (KHTML, like Gecko) Chrome/131.0.0.0 Safari/537.36 Edg/131.0.0.0"
172.16.36.28 - - [21/Nov/2024:09:16:03 +0800] "GET /manager-page/api/snapshot.php?id=41&t=0.15998236938839505 HTTP/1.1" 200 48879 "http://192.168.60.79/manager-page/home-4.php" "Mozilla/5.0 (Windows NT 10.0; Win64; x64) AppleWebKit/537.36 (KHTML, like Gecko) Chrome/131.0.0.0 Safari/537.36 Edg/131.0.0.0"
172.16.36.28 - - [21/Nov/2024:09:16:08 +0800] "GET /manager-page/api/snapshot.php?id=42&t=0.47318433333513776 HTTP/1.1" 200 51107 "http://192.168.60.79/manager-page/home-4.php" "Mozilla/5.0 (Windows NT 10.0; Win64; x64) AppleWebKit/537.36 (KHTML, like Gecko) Chrome/131.0.0.0 Safari/537.36 Edg/131.0.0.0"
172.16.36.28 - - [21/Nov/2024:09:16:08 +0800] "GET /manager-page/api/snapshot.php?id=41&t=0.8358283878875044 HTTP/1.1" 200 48894 "http://192.168.60.79/manager-page/home-4.php" "Mozilla/5.0 (Windows NT 10.0; Win64; x64) AppleWebKit/537.36 (KHTML, like Gecko) Chrome/131.0.0.0 Safari/537.36 Edg/131.0.0.0"
172.16.36.28 - - [21/Nov/2024:09:16:13 +0800] "GET /manager-page/api/snapshot.php?id=42&t=0.6445199739918268 HTTP/1.1" 200 50760 "http://192.168.60.79/manager-page/home-4.php" "Mozilla/5.0 (Windows NT 10.0; Win64; x64) AppleWebKit/537.36 (KHTML, like Gecko) Chrome/131.0.0.0 Safari/537.36 Edg/131.0.0.0"
172.16.36.28 - - [21/Nov/2024:09:16:13 +0800] "GET /manager-page/api/snapshot.php?id=41&t=0.7076614023887435 HTTP/1.1" 200 48800 "http://192.168.60.79/manager-page/home-4.php" "Mozilla/5.0 (Windows NT 10.0; Win64; x64) AppleWebKit/537.36 (KHTML, like Gecko) Chrome/131.0.0.0 Safari/537.36 Edg/131.0.0.0"
172.16.36.28 - - [21/Nov/2024:09:16:18 +0800] "GET /manager-page/api/snapshot.php?id=41&t=0.8602684503067317 HTTP/1.1" 200 48573 "http://192.168.60.79/manager-page/home-4.php" "Mozilla/5.0 (Windows NT 10.0; Win64; x64) AppleWebKit/537.36 (KHTML, like Gecko) Chrome/131.0.0.0 Safari/537.36 Edg/131.0.0.0"
172.16.36.28 - - [21/Nov/2024:09:16:18 +0800] "GET /manager-page/api/snapshot.php?id=42&t=0.5489519780056678 HTTP/1.1" 200 50861 "http://192.168.60.79/manager-page/home-4.php" "Mozilla/5.0 (Windows NT 10.0; Win64; x64) AppleWebKit/537.36 (KHTML, like Gecko) Chrome/131.0.0.0 Safari/537.36 Edg/131.0.0.0"
172.16.36.28 - - [21/Nov/2024:09:16:23 +0800] "GET /manager-page/api/snapshot.php?id=42&t=0.4544182958698235 HTTP/1.1" 200 50914 "http://192.168.60.79/manager-page/home-4.php" "Mozilla/5.0 (Windows NT 10.0; Win64; x64) AppleWebKit/537.36 (KHTML, like Gecko) Chrome/131.0.0.0 Safari/537.36 Edg/131.0.0.0"
172.16.36.28 - - [21/Nov/2024:09:16:23 +0800] "GET /manager-page/api/snapshot.php?id=41&t=0.044542116967283496 HTTP/1.1" 200 48611 "http://192.168.60.79/manager-page/home-4.php" "Mozilla/5.0 (Windows NT 10.0; Win64; x64) AppleWebKit/537.36 (KHTML, like Gecko) Chrome/131.0.0.0 Safari/537.36 Edg/131.0.0.0"
111.70.30.251 - - [21/Nov/2024:09:16:54 +0800] "POST /robot/lora-in.php HTTP/1.1" 200 - "-" "python-requests/2.21.0"
127.0.0.1 - - [21/Nov/2024:09:17:00 +0800] "GET /robot/alarm-history-in.php HTTP/1.1" 200 - "-" "python-requests/2.28.1"
127.0.0.1 - - [21/Nov/2024:09:17:54 +0800] "POST /robot/et-7026-in.php HTTP/1.1" 200 - "-" "python-requests/2.31.0"
127.0.0.1 - - [21/Nov/2024:09:18:00 +0800] "GET /robot/alarm-history-in.php HTTP/1.1" 200 - "-" "python-requests/2.28.1"
127.0.0.1 - - [21/Nov/2024:09:18:14 +0800] "POST /robot/lora-in.php HTTP/1.1" 200 - "-" "python-requests/2.31.0"
127.0.0.1 - - [21/Nov/2024:09:18:23 +0800] "POST /robot/lora-in.php HTTP/1.1" 200 - "-" "python-requests/2.31.0"
127.0.0.1 - - [21/Nov/2024:09:18:33 +0800] "POST /robot/lora-in.php HTTP/1.1" 200 - "-" "python-requests/2.31.0"
127.0.0.1 - - [21/Nov/2024:09:18:39 +0800] "POST /robot/lora-in.php HTTP/1.1" 200 - "-" "python-requests/2.31.0"
111.70.30.251 - - [21/Nov/2024:09:18:46 +0800] "POST /robot/lora-in.php HTTP/1.1" 200 - "-" "python-requests/2.21.0"
127.0.0.1 - - [21/Nov/2024:09:18:46 +0800] "POST /robot/lora-in.php HTTP/1.1" 200 - "-" "python-requests/2.31.0"
127.0.0.1 - - [21/Nov/2024:09:18:50 +0800] "POST /robot/lora-in.php HTTP/1.1" 200 - "-" "python-requests/2.31.0"
127.0.0.1 - - [21/Nov/2024:09:19:00 +0800] "GET /robot/alarm-history-in.php HTTP/1.1" 200 - "-" "python-requests/2.28.1"
111.70.30.251 - - [21/Nov/2024:09:19:13 +0800] "POST /robot/lora-in.php HTTP/1.1" 200 - "-" "python-requests/2.21.0"
127.0.0.1 - - [21/Nov/2024:09:20:00 +0800] "GET /robot/alarm-history-in.php HTTP/1.1" 200 - "-" "python-requests/2.28.1"
111.70.30.252 - - [21/Nov/2024:09:20:09 +0800] "POST /robot/lora-in.php HTTP/1.1" 200 - "-" "python-requests/2.21.0"
111.70.30.253 - - [21/Nov/2024:09:20:28 +0800] "POST /robot/lora-in.php HTTP/1.1" 200 - "-" "python-requests/2.21.0"
111.70.30.251 - - [21/Nov/2024:09:20:52 +0800] "POST /robot/lora-in.php HTTP/1.1" 200 - "-" "python-requests/2.21.0"
127.0.0.1 - - [21/Nov/2024:09:21:00 +0800] "GET /robot/alarm-history-in.php HTTP/1.1" 200 - "-" "python-requests/2.28.1"
127.0.0.1 - - [21/Nov/2024:09:21:40 +0800] "POST /robot/et-7026-in.php HTTP/1.1" 200 - "-" "python-requests/2.31.0"
127.0.0.1 - - [21/Nov/2024:09:22:00 +0800] "GET /robot/alarm-history-in.php HTTP/1.1" 200 - "-" "python-requests/2.28.1"
127.0.0.1 - - [21/Nov/2024:09:22:25 +0800] "POST /robot/et-7026-in.php HTTP/1.1" 200 - "-" "python-requests/2.31.0"
111.70.30.251 - - [21/Nov/2024:09:22:47 +0800] "POST /robot/lora-in.php HTTP/1.1" 200 - "-" "python-requests/2.21.0"
127.0.0.1 - - [21/Nov/2024:09:23:00 +0800] "GET /robot/alarm-history-in.php HTTP/1.1" 200 - "-" "python-requests/2.28.1"
111.70.30.250 - - [21/Nov/2024:09:23:57 +0800] "POST /robot/lora-in.php HTTP/1.1" 200 - "-" "python-requests/2.21.0"
127.0.0.1 - - [21/Nov/2024:09:24:00 +0800] "GET /robot/alarm-history-in.php HTTP/1.1" 200 - "-" "python-requests/2.28.1"
111.70.30.251 - - [21/Nov/2024:09:24:51 +0800] "POST /robot/lora-in.php HTTP/1.1" 200 - "-" "python-requests/2.21.0"
127.0.0.1 - - [21/Nov/2024:09:25:00 +0800] "GET /robot/alarm-history-in.php HTTP/1.1" 200 - "-" "python-requests/2.28.1"
127.0.0.1 - - [21/Nov/2024:09:26:00 +0800] "GET /robot/alarm-history-in.php HTTP/1.1" 200 - "-" "python-requests/2.28.1"
111.70.30.251 - - [21/Nov/2024:09:26:49 +0800] "POST /robot/lora-in.php HTTP/1.1" 200 - "-" "python-requests/2.21.0"
127.0.0.1 - - [21/Nov/2024:09:27:00 +0800] "GET /robot/alarm-history-in.php HTTP/1.1" 200 - "-" "python-requests/2.28.1"
127.0.0.1 - - [21/Nov/2024:09:27:57 +0800] "POST /robot/et-7026-in.php HTTP/1.1" 200 - "-" "python-requests/2.31.0"
127.0.0.1 - - [21/Nov/2024:09:28:00 +0800] "GET /robot/alarm-history-in.php HTTP/1.1" 200 - "-" "python-requests/2.28.1"
127.0.0.1 - - [21/Nov/2024:09:28:14 +0800] "POST /robot/lora-in.php HTTP/1.1" 200 - "-" "python-requests/2.31.0"
111.70.30.251 - - [21/Nov/2024:09:28:21 +0800] "POST /robot/lora-in.php HTTP/1.1" 200 - "-" "python-requests/2.21.0"
127.0.0.1 - - [21/Nov/2024:09:28:22 +0800] "POST /robot/lora-in.php HTTP/1.1" 200 - "-" "python-requests/2.31.0"
127.0.0.1 - - [21/Nov/2024:09:28:31 +0800] "POST /robot/lora-in.php HTTP/1.1" 200 - "-" "python-requests/2.31.0"
127.0.0.1 - - [21/Nov/2024:09:28:37 +0800] "POST /robot/lora-in.php HTTP/1.1" 200 - "-" "python-requests/2.31.0"
127.0.0.1 - - [21/Nov/2024:09:28:41 +0800] "POST /robot/lora-in.php HTTP/1.1" 200 - "-" "python-requests/2.31.0"
127.0.0.1 - - [21/Nov/2024:09:28:49 +0800] "POST /robot/lora-in.php HTTP/1.1" 200 - "-" "python-requests/2.31.0"
111.70.30.251 - - [21/Nov/2024:09:28:49 +0800] "POST /robot/lora-in.php HTTP/1.1" 200 - "-" "python-requests/2.21.0"
127.0.0.1 - - [21/Nov/2024:09:29:00 +0800] "GET /robot/alarm-history-in.php HTTP/1.1" 200 - "-" "python-requests/2.28.1"
111.70.30.253 - - [21/Nov/2024:09:29:14 +0800] "POST /robot/lora-in.php HTTP/1.1" 200 - "-" "python-requests/2.21.0"
111.70.30.252 - - [21/Nov/2024:09:29:22 +0800] "POST /robot/lora-in.php HTTP/1.1" 200 - "-" "python-requests/2.21.0"
127.0.0.1 - - [21/Nov/2024:09:30:00 +0800] "GET /robot/alarm-history-in.php HTTP/1.1" 200 - "-" "python-requests/2.28.1"
111.70.30.251 - - [21/Nov/2024:09:30:51 +0800] "POST /robot/lora-in.php HTTP/1.1" 200 - "-" "python-requests/2.21.0"
127.0.0.1 - - [21/Nov/2024:09:31:00 +0800] "GET /robot/alarm-history-in.php HTTP/1.1" 200 - "-" "python-requests/2.28.1"
127.0.0.1 - - [21/Nov/2024:09:31:42 +0800] "POST /robot/et-7026-in.php HTTP/1.1" 200 - "-" "python-requests/2.31.0"
127.0.0.1 - - [21/Nov/2024:09:32:00 +0800] "GET /robot/alarm-history-in.php HTTP/1.1" 200 - "-" "python-requests/2.28.1"
127.0.0.1 - - [21/Nov/2024:09:32:26 +0800] "POST /robot/et-7026-in.php HTTP/1.1" 200 - "-" "python-requests/2.31.0"
111.70.30.250 - - [21/Nov/2024:09:32:35 +0800] "POST /robot/lora-in.php HTTP/1.1" 200 - "-" "python-requests/2.21.0"
111.70.30.251 - - [21/Nov/2024:09:32:48 +0800] "POST /robot/lora-in.php HTTP/1.1" 200 - "-" "python-requests/2.21.0"
127.0.0.1 - - [21/Nov/2024:09:33:00 +0800] "GET /robot/alarm-history-in.php HTTP/1.1" 200 - "-" "python-requests/2.28.1"
127.0.0.1 - - [21/Nov/2024:09:34:00 +0800] "GET /robot/alarm-history-in.php HTTP/1.1" 200 - "-" "python-requests/2.28.1"
