127.0.0.1 - - [05/Feb/2024:16:44:03 +0800] "GET /manager-page/api/snapshot.php?id=12&t=0.0454907471540793 HTTP/1.1" 200 38050 "http://127.0.0.1/manager-page/home-1.php" "Mozilla/5.0 (Windows NT 10.0; Win64; x64) AppleWebKit/537.36 (KHTML, like Gecko) Chrome/119.0.0.0 Safari/537.36"
127.0.0.1 - - [05/Feb/2024:16:44:03 +0800] "GET /manager-page/api/snapshot.php?id=11&t=0.1753148124579429 HTTP/1.1" 200 39356 "http://127.0.0.1/manager-page/home-1.php" "Mozilla/5.0 (Windows NT 10.0; Win64; x64) AppleWebKit/537.36 (KHTML, like Gecko) Chrome/119.0.0.0 Safari/537.36"
127.0.0.1 - - [05/Feb/2024:16:44:07 +0800] "GET /manager-page/info.php HTTP/1.1" 200 19514 "http://127.0.0.1/manager-page/home-1.php" "Mozilla/5.0 (Windows NT 10.0; Win64; x64) AppleWebKit/537.36 (KHTML, like Gecko) Chrome/119.0.0.0 Safari/537.36"
111.70.30.252 - - [05/Feb/2024:16:44:10 +0800] "POST /robot/lora-in.php HTTP/1.1" 200 - "-" "python-requests/2.21.0"
127.0.0.1 - - [05/Feb/2024:16:44:23 +0800] "GET /manager-page/alarm/1-1.jpg?t=962827848 HTTP/1.1" 200 414255 "http://127.0.0.1/manager-page/home-1.php" "Mozilla/5.0 (Windows NT 10.0; Win64; x64) AppleWebKit/537.36 (KHTML, like Gecko) Chrome/119.0.0.0 Safari/537.36"
127.0.0.1 - - [05/Feb/2024:16:44:23 +0800] "GET /manager-page/alarm/1-2.jpg?t=250807811 HTTP/1.1" 200 439517 "http://127.0.0.1/manager-page/home-1.php" "Mozilla/5.0 (Windows NT 10.0; Win64; x64) AppleWebKit/537.36 (KHTML, like Gecko) Chrome/119.0.0.0 Safari/537.36"
127.0.0.1 - - [05/Feb/2024:16:44:23 +0800] "GET /manager-page/home-1.php HTTP/1.1" 200 29835 "http://127.0.0.1/manager-page/login.php" "Mozilla/5.0 (Windows NT 10.0; Win64; x64) AppleWebKit/537.36 (KHTML, like Gecko) Chrome/119.0.0.0 Safari/537.36"
127.0.0.1 - - [05/Feb/2024:16:44:23 +0800] "GET /manager-page/api/snapshot.php?id=11 HTTP/1.1" 200 39463 "http://127.0.0.1/manager-page/home-1.php" "Mozilla/5.0 (Windows NT 10.0; Win64; x64) AppleWebKit/537.36 (KHTML, like Gecko) Chrome/119.0.0.0 Safari/537.36"
127.0.0.1 - - [05/Feb/2024:16:44:23 +0800] "GET /manager-page/api/snapshot.php?id=12 HTTP/1.1" 200 38000 "http://127.0.0.1/manager-page/home-1.php" "Mozilla/5.0 (Windows NT 10.0; Win64; x64) AppleWebKit/537.36 (KHTML, like Gecko) Chrome/119.0.0.0 Safari/537.36"
127.0.0.1 - - [05/Feb/2024:16:44:24 +0800] "GET /manager-page/api/cms-status1.php HTTP/1.1" 500 - "http://127.0.0.1/manager-page/home-1.php" "Mozilla/5.0 (Windows NT 10.0; Win64; x64) AppleWebKit/537.36 (KHTML, like Gecko) Chrome/119.0.0.0 Safari/537.36"
127.0.0.1 - - [05/Feb/2024:16:44:24 +0800] "GET /manager-page/api/lp-status1.php HTTP/1.1" 500 - "http://127.0.0.1/manager-page/home-1.php" "Mozilla/5.0 (Windows NT 10.0; Win64; x64) AppleWebKit/537.36 (KHTML, like Gecko) Chrome/119.0.0.0 Safari/537.36"
127.0.0.1 - - [05/Feb/2024:16:44:29 +0800] "GET /manager-page/api/snapshot.php?id=11&t=0.2784921602404311 HTTP/1.1" 200 39584 "http://127.0.0.1/manager-page/home-1.php" "Mozilla/5.0 (Windows NT 10.0; Win64; x64) AppleWebKit/537.36 (KHTML, like Gecko) Chrome/119.0.0.0 Safari/537.36"
127.0.0.1 - - [05/Feb/2024:16:44:29 +0800] "GET /manager-page/api/snapshot.php?id=12&t=0.006954514489558639 HTTP/1.1" 200 37987 "http://127.0.0.1/manager-page/home-1.php" "Mozilla/5.0 (Windows NT 10.0; Win64; x64) AppleWebKit/537.36 (KHTML, like Gecko) Chrome/119.0.0.0 Safari/537.36"
127.0.0.1 - - [05/Feb/2024:16:44:34 +0800] "GET /manager-page/api/snapshot.php?id=12&t=0.02016075095760672 HTTP/1.1" 200 37978 "http://127.0.0.1/manager-page/home-1.php" "Mozilla/5.0 (Windows NT 10.0; Win64; x64) AppleWebKit/537.36 (KHTML, like Gecko) Chrome/119.0.0.0 Safari/537.36"
127.0.0.1 - - [05/Feb/2024:16:44:34 +0800] "GET /manager-page/api/snapshot.php?id=11&t=0.6559694862830323 HTTP/1.1" 200 39665 "http://127.0.0.1/manager-page/home-1.php" "Mozilla/5.0 (Windows NT 10.0; Win64; x64) AppleWebKit/537.36 (KHTML, like Gecko) Chrome/119.0.0.0 Safari/537.36"
127.0.0.1 - - [05/Feb/2024:16:44:39 +0800] "GET /manager-page/api/snapshot.php?id=11&t=0.6956166107400161 HTTP/1.1" 200 39004 "http://127.0.0.1/manager-page/home-1.php" "Mozilla/5.0 (Windows NT 10.0; Win64; x64) AppleWebKit/537.36 (KHTML, like Gecko) Chrome/119.0.0.0 Safari/537.36"
127.0.0.1 - - [05/Feb/2024:16:44:39 +0800] "GET /manager-page/api/snapshot.php?id=12&t=0.475953436869313 HTTP/1.1" 200 37920 "http://127.0.0.1/manager-page/home-1.php" "Mozilla/5.0 (Windows NT 10.0; Win64; x64) AppleWebKit/537.36 (KHTML, like Gecko) Chrome/119.0.0.0 Safari/537.36"
111.70.30.252 - - [05/Feb/2024:16:44:42 +0800] "POST /robot/lora-in.php HTTP/1.1" 200 - "-" "python-requests/2.21.0"
127.0.0.1 - - [05/Feb/2024:16:44:44 +0800] "GET /manager-page/api/snapshot.php?id=11&t=0.05176255411755748 HTTP/1.1" 200 39407 "http://127.0.0.1/manager-page/home-1.php" "Mozilla/5.0 (Windows NT 10.0; Win64; x64) AppleWebKit/537.36 (KHTML, like Gecko) Chrome/119.0.0.0 Safari/537.36"
127.0.0.1 - - [05/Feb/2024:16:44:44 +0800] "GET /manager-page/api/snapshot.php?id=12&t=0.0837525585242147 HTTP/1.1" 200 37914 "http://127.0.0.1/manager-page/home-1.php" "Mozilla/5.0 (Windows NT 10.0; Win64; x64) AppleWebKit/537.36 (KHTML, like Gecko) Chrome/119.0.0.0 Safari/537.36"
127.0.0.1 - - [05/Feb/2024:16:44:46 +0800] "GET /manager-page/alarm/4-2.jpg?t=1668131621 HTTP/1.1" 200 556136 "http://127.0.0.1/manager-page/home-4.php" "Mozilla/5.0 (Windows NT 10.0; Win64; x64) AppleWebKit/537.36 (KHTML, like Gecko) Chrome/119.0.0.0 Safari/537.36"
127.0.0.1 - - [05/Feb/2024:16:44:46 +0800] "GET /manager-page/alarm/4-1.jpg?t=1494176338 HTTP/1.1" 200 629853 "http://127.0.0.1/manager-page/home-4.php" "Mozilla/5.0 (Windows NT 10.0; Win64; x64) AppleWebKit/537.36 (KHTML, like Gecko) Chrome/119.0.0.0 Safari/537.36"
127.0.0.1 - - [05/Feb/2024:16:44:46 +0800] "GET /manager-page/home-4.php HTTP/1.1" 200 29844 "http://127.0.0.1/manager-page/home-1.php" "Mozilla/5.0 (Windows NT 10.0; Win64; x64) AppleWebKit/537.36 (KHTML, like Gecko) Chrome/119.0.0.0 Safari/537.36"
127.0.0.1 - - [05/Feb/2024:16:44:46 +0800] "GET /manager-page/api/snapshot.php?id=41 HTTP/1.1" 200 48451 "http://127.0.0.1/manager-page/home-4.php" "Mozilla/5.0 (Windows NT 10.0; Win64; x64) AppleWebKit/537.36 (KHTML, like Gecko) Chrome/119.0.0.0 Safari/537.36"
127.0.0.1 - - [05/Feb/2024:16:44:46 +0800] "GET /manager-page/api/snapshot.php?id=42 HTTP/1.1" 200 45274 "http://127.0.0.1/manager-page/home-4.php" "Mozilla/5.0 (Windows NT 10.0; Win64; x64) AppleWebKit/537.36 (KHTML, like Gecko) Chrome/119.0.0.0 Safari/537.36"
127.0.0.1 - - [05/Feb/2024:16:44:47 +0800] "GET /manager-page/api/lp-status4.php HTTP/1.1" 500 - "http://127.0.0.1/manager-page/home-4.php" "Mozilla/5.0 (Windows NT 10.0; Win64; x64) AppleWebKit/537.36 (KHTML, like Gecko) Chrome/119.0.0.0 Safari/537.36"
127.0.0.1 - - [05/Feb/2024:16:44:47 +0800] "GET /manager-page/api/cms-status4.php HTTP/1.1" 500 - "http://127.0.0.1/manager-page/home-4.php" "Mozilla/5.0 (Windows NT 10.0; Win64; x64) AppleWebKit/537.36 (KHTML, like Gecko) Chrome/119.0.0.0 Safari/537.36"
127.0.0.1 - - [05/Feb/2024:16:44:53 +0800] "GET /manager-page/alarm/4-1.jpg?t=675787603 HTTP/1.1" 200 629853 "http://127.0.0.1/manager-page/home-4.php" "Mozilla/5.0 (Windows NT 10.0; Win64; x64) AppleWebKit/537.36 (KHTML, like Gecko) Chrome/119.0.0.0 Safari/537.36"
127.0.0.1 - - [05/Feb/2024:16:44:53 +0800] "GET /manager-page/alarm/4-2.jpg?t=1996925268 HTTP/1.1" 200 556136 "http://127.0.0.1/manager-page/home-4.php" "Mozilla/5.0 (Windows NT 10.0; Win64; x64) AppleWebKit/537.36 (KHTML, like Gecko) Chrome/119.0.0.0 Safari/537.36"
127.0.0.1 - - [05/Feb/2024:16:44:47 +0800] "GET /manager-page/home-4.php HTTP/1.1" 200 29843 "http://127.0.0.1/manager-page/home-4.php" "Mozilla/5.0 (Windows NT 10.0; Win64; x64) AppleWebKit/537.36 (KHTML, like Gecko) Chrome/119.0.0.0 Safari/537.36"
127.0.0.1 - - [05/Feb/2024:16:44:52 +0800] "GET /manager-page/api/snapshot.php?id=42&t=0.9925079752650361 HTTP/1.1" 200 45178 "http://127.0.0.1/manager-page/home-4.php" "Mozilla/5.0 (Windows NT 10.0; Win64; x64) AppleWebKit/537.36 (KHTML, like Gecko) Chrome/119.0.0.0 Safari/537.36"
127.0.0.1 - - [05/Feb/2024:16:44:52 +0800] "GET /manager-page/api/snapshot.php?id=41&t=0.24206866353164247 HTTP/1.1" 200 48403 "http://127.0.0.1/manager-page/home-4.php" "Mozilla/5.0 (Windows NT 10.0; Win64; x64) AppleWebKit/537.36 (KHTML, like Gecko) Chrome/119.0.0.0 Safari/537.36"
127.0.0.1 - - [05/Feb/2024:16:44:53 +0800] "GET /manager-page/api/snapshot.php?id=41 HTTP/1.1" 200 48379 "http://127.0.0.1/manager-page/home-4.php" "Mozilla/5.0 (Windows NT 10.0; Win64; x64) AppleWebKit/537.36 (KHTML, like Gecko) Chrome/119.0.0.0 Safari/537.36"
127.0.0.1 - - [05/Feb/2024:16:44:53 +0800] "GET /manager-page/api/snapshot.php?id=42 HTTP/1.1" 200 45176 "http://127.0.0.1/manager-page/home-4.php" "Mozilla/5.0 (Windows NT 10.0; Win64; x64) AppleWebKit/537.36 (KHTML, like Gecko) Chrome/119.0.0.0 Safari/537.36"
127.0.0.1 - - [05/Feb/2024:16:44:53 +0800] "GET /manager-page/api/lp-status4.php HTTP/1.1" 500 - "http://127.0.0.1/manager-page/home-4.php" "Mozilla/5.0 (Windows NT 10.0; Win64; x64) AppleWebKit/537.36 (KHTML, like Gecko) Chrome/119.0.0.0 Safari/537.36"
127.0.0.1 - - [05/Feb/2024:16:44:53 +0800] "GET /manager-page/api/cms-status4.php HTTP/1.1" 500 - "http://127.0.0.1/manager-page/home-4.php" "Mozilla/5.0 (Windows NT 10.0; Win64; x64) AppleWebKit/537.36 (KHTML, like Gecko) Chrome/119.0.0.0 Safari/537.36"
127.0.0.1 - - [05/Feb/2024:16:44:58 +0800] "GET /manager-page/api/snapshot.php?id=41&t=0.3257482633247457 HTTP/1.1" 200 48327 "http://127.0.0.1/manager-page/home-4.php" "Mozilla/5.0 (Windows NT 10.0; Win64; x64) AppleWebKit/537.36 (KHTML, like Gecko) Chrome/119.0.0.0 Safari/537.36"
127.0.0.1 - - [05/Feb/2024:16:44:58 +0800] "GET /manager-page/api/snapshot.php?id=42&t=0.8560795435094017 HTTP/1.1" 200 45161 "http://127.0.0.1/manager-page/home-4.php" "Mozilla/5.0 (Windows NT 10.0; Win64; x64) AppleWebKit/537.36 (KHTML, like Gecko) Chrome/119.0.0.0 Safari/537.36"
127.0.0.1 - - [05/Feb/2024:16:45:03 +0800] "GET /manager-page/api/snapshot.php?id=41&t=0.46386802128917615 HTTP/1.1" 200 48377 "http://127.0.0.1/manager-page/home-4.php" "Mozilla/5.0 (Windows NT 10.0; Win64; x64) AppleWebKit/537.36 (KHTML, like Gecko) Chrome/119.0.0.0 Safari/537.36"
127.0.0.1 - - [05/Feb/2024:16:45:03 +0800] "GET /manager-page/api/snapshot.php?id=42&t=0.8716402588389414 HTTP/1.1" 200 45162 "http://127.0.0.1/manager-page/home-4.php" "Mozilla/5.0 (Windows NT 10.0; Win64; x64) AppleWebKit/537.36 (KHTML, like Gecko) Chrome/119.0.0.0 Safari/537.36"
127.0.0.1 - - [05/Feb/2024:16:45:08 +0800] "GET /manager-page/api/snapshot.php?id=42&t=0.04997816392948562 HTTP/1.1" 200 44929 "http://127.0.0.1/manager-page/home-4.php" "Mozilla/5.0 (Windows NT 10.0; Win64; x64) AppleWebKit/537.36 (KHTML, like Gecko) Chrome/119.0.0.0 Safari/537.36"
127.0.0.1 - - [05/Feb/2024:16:45:08 +0800] "GET /manager-page/api/snapshot.php?id=41&t=0.914600046236411 HTTP/1.1" 200 48376 "http://127.0.0.1/manager-page/home-4.php" "Mozilla/5.0 (Windows NT 10.0; Win64; x64) AppleWebKit/537.36 (KHTML, like Gecko) Chrome/119.0.0.0 Safari/537.36"
127.0.0.1 - - [05/Feb/2024:16:45:13 +0800] "GET /manager-page/api/snapshot.php?id=42&t=0.894502247071943 HTTP/1.1" 200 44900 "http://127.0.0.1/manager-page/home-4.php" "Mozilla/5.0 (Windows NT 10.0; Win64; x64) AppleWebKit/537.36 (KHTML, like Gecko) Chrome/119.0.0.0 Safari/537.36"
127.0.0.1 - - [05/Feb/2024:16:45:13 +0800] "GET /manager-page/api/snapshot.php?id=41&t=0.36173638442931333 HTTP/1.1" 200 48402 "http://127.0.0.1/manager-page/home-4.php" "Mozilla/5.0 (Windows NT 10.0; Win64; x64) AppleWebKit/537.36 (KHTML, like Gecko) Chrome/119.0.0.0 Safari/537.36"
127.0.0.1 - - [05/Feb/2024:16:45:18 +0800] "GET /manager-page/api/snapshot.php?id=41&t=0.681403766424397 HTTP/1.1" 200 48453 "http://127.0.0.1/manager-page/home-4.php" "Mozilla/5.0 (Windows NT 10.0; Win64; x64) AppleWebKit/537.36 (KHTML, like Gecko) Chrome/119.0.0.0 Safari/537.36"
127.0.0.1 - - [05/Feb/2024:16:45:18 +0800] "GET /manager-page/api/snapshot.php?id=42&t=0.9375354920268062 HTTP/1.1" 200 44929 "http://127.0.0.1/manager-page/home-4.php" "Mozilla/5.0 (Windows NT 10.0; Win64; x64) AppleWebKit/537.36 (KHTML, like Gecko) Chrome/119.0.0.0 Safari/537.36"
127.0.0.1 - - [05/Feb/2024:16:45:23 +0800] "GET /manager-page/api/snapshot.php?id=41&t=0.446909925017664 HTTP/1.1" 200 48220 "http://127.0.0.1/manager-page/home-4.php" "Mozilla/5.0 (Windows NT 10.0; Win64; x64) AppleWebKit/537.36 (KHTML, like Gecko) Chrome/119.0.0.0 Safari/537.36"
127.0.0.1 - - [05/Feb/2024:16:45:23 +0800] "GET /manager-page/api/snapshot.php?id=42&t=0.7079557438086426 HTTP/1.1" 200 44965 "http://127.0.0.1/manager-page/home-4.php" "Mozilla/5.0 (Windows NT 10.0; Win64; x64) AppleWebKit/537.36 (KHTML, like Gecko) Chrome/119.0.0.0 Safari/537.36"
127.0.0.1 - - [05/Feb/2024:16:45:27 +0800] "POST /robot/et-7026-in.php HTTP/1.1" 200 - "-" "python-requests/2.31.0"
127.0.0.1 - - [05/Feb/2024:16:45:28 +0800] "GET /manager-page/api/snapshot.php?id=41&t=0.44136771171404265 HTTP/1.1" 200 48192 "http://127.0.0.1/manager-page/home-4.php" "Mozilla/5.0 (Windows NT 10.0; Win64; x64) AppleWebKit/537.36 (KHTML, like Gecko) Chrome/119.0.0.0 Safari/537.36"
127.0.0.1 - - [05/Feb/2024:16:45:28 +0800] "GET /manager-page/api/snapshot.php?id=42&t=0.34068424392643837 HTTP/1.1" 200 44980 "http://127.0.0.1/manager-page/home-4.php" "Mozilla/5.0 (Windows NT 10.0; Win64; x64) AppleWebKit/537.36 (KHTML, like Gecko) Chrome/119.0.0.0 Safari/537.36"
127.0.0.1 - - [05/Feb/2024:16:45:33 +0800] "GET /manager-page/api/snapshot.php?id=41&t=0.8837599484039074 HTTP/1.1" 200 48222 "http://127.0.0.1/manager-page/home-4.php" "Mozilla/5.0 (Windows NT 10.0; Win64; x64) AppleWebKit/537.36 (KHTML, like Gecko) Chrome/119.0.0.0 Safari/537.36"
127.0.0.1 - - [05/Feb/2024:16:45:33 +0800] "GET /manager-page/api/snapshot.php?id=42&t=0.9562825270835913 HTTP/1.1" 200 44950 "http://127.0.0.1/manager-page/home-4.php" "Mozilla/5.0 (Windows NT 10.0; Win64; x64) AppleWebKit/537.36 (KHTML, like Gecko) Chrome/119.0.0.0 Safari/537.36"
127.0.0.1 - - [05/Feb/2024:16:45:38 +0800] "GET /manager-page/api/snapshot.php?id=41&t=0.1796399629894283 HTTP/1.1" 200 48240 "http://127.0.0.1/manager-page/home-4.php" "Mozilla/5.0 (Windows NT 10.0; Win64; x64) AppleWebKit/537.36 (KHTML, like Gecko) Chrome/119.0.0.0 Safari/537.36"
127.0.0.1 - - [05/Feb/2024:16:45:38 +0800] "GET /manager-page/api/snapshot.php?id=42&t=0.3905183946688102 HTTP/1.1" 200 44931 "http://127.0.0.1/manager-page/home-4.php" "Mozilla/5.0 (Windows NT 10.0; Win64; x64) AppleWebKit/537.36 (KHTML, like Gecko) Chrome/119.0.0.0 Safari/537.36"
127.0.0.1 - - [05/Feb/2024:16:45:43 +0800] "GET /manager-page/api/snapshot.php?id=41&t=0.8256504076272586 HTTP/1.1" 200 48284 "http://127.0.0.1/manager-page/home-4.php" "Mozilla/5.0 (Windows NT 10.0; Win64; x64) AppleWebKit/537.36 (KHTML, like Gecko) Chrome/119.0.0.0 Safari/537.36"
127.0.0.1 - - [05/Feb/2024:16:45:43 +0800] "GET /manager-page/api/snapshot.php?id=42&t=0.7258652492724182 HTTP/1.1" 200 44906 "http://127.0.0.1/manager-page/home-4.php" "Mozilla/5.0 (Windows NT 10.0; Win64; x64) AppleWebKit/537.36 (KHTML, like Gecko) Chrome/119.0.0.0 Safari/537.36"
127.0.0.1 - - [05/Feb/2024:16:45:48 +0800] "GET /manager-page/api/snapshot.php?id=42&t=0.872951208808491 HTTP/1.1" 200 44893 "http://127.0.0.1/manager-page/home-4.php" "Mozilla/5.0 (Windows NT 10.0; Win64; x64) AppleWebKit/537.36 (KHTML, like Gecko) Chrome/119.0.0.0 Safari/537.36"
111.70.30.250 - - [05/Feb/2024:16:45:49 +0800] "POST /robot/lora-in.php HTTP/1.1" 200 - "-" "python-requests/2.21.0"
127.0.0.1 - - [05/Feb/2024:16:45:48 +0800] "GET /manager-page/api/snapshot.php?id=41&t=0.09668939668161602 HTTP/1.1" 200 48256 "http://127.0.0.1/manager-page/home-4.php" "Mozilla/5.0 (Windows NT 10.0; Win64; x64) AppleWebKit/537.36 (KHTML, like Gecko) Chrome/119.0.0.0 Safari/537.36"
127.0.0.1 - - [05/Feb/2024:16:45:53 +0800] "GET /manager-page/api/snapshot.php?id=42&t=0.4655954002166265 HTTP/1.1" 200 44902 "http://127.0.0.1/manager-page/home-4.php" "Mozilla/5.0 (Windows NT 10.0; Win64; x64) AppleWebKit/537.36 (KHTML, like Gecko) Chrome/119.0.0.0 Safari/537.36"
127.0.0.1 - - [05/Feb/2024:16:45:53 +0800] "GET /manager-page/api/snapshot.php?id=41&t=0.8936231301577755 HTTP/1.1" 500 - "http://127.0.0.1/manager-page/home-4.php" "Mozilla/5.0 (Windows NT 10.0; Win64; x64) AppleWebKit/537.36 (KHTML, like Gecko) Chrome/119.0.0.0 Safari/537.36"
127.0.0.1 - - [05/Feb/2024:16:45:58 +0800] "GET /manager-page/api/snapshot.php?id=41&t=0.047554925014935634 HTTP/1.1" 200 48279 "http://127.0.0.1/manager-page/home-4.php" "Mozilla/5.0 (Windows NT 10.0; Win64; x64) AppleWebKit/537.36 (KHTML, like Gecko) Chrome/119.0.0.0 Safari/537.36"
127.0.0.1 - - [05/Feb/2024:16:45:58 +0800] "GET /manager-page/api/snapshot.php?id=42&t=0.09209888268056643 HTTP/1.1" 500 - "http://127.0.0.1/manager-page/home-4.php" "Mozilla/5.0 (Windows NT 10.0; Win64; x64) AppleWebKit/537.36 (KHTML, like Gecko) Chrome/119.0.0.0 Safari/537.36"
127.0.0.1 - - [05/Feb/2024:16:46:03 +0800] "GET /manager-page/api/snapshot.php?id=41&t=0.3086774743755183 HTTP/1.1" 200 48324 "http://127.0.0.1/manager-page/home-4.php" "Mozilla/5.0 (Windows NT 10.0; Win64; x64) AppleWebKit/537.36 (KHTML, like Gecko) Chrome/119.0.0.0 Safari/537.36"
127.0.0.1 - - [05/Feb/2024:16:46:03 +0800] "GET /manager-page/api/snapshot.php?id=42&t=0.660498731538466 HTTP/1.1" 500 - "http://127.0.0.1/manager-page/home-4.php" "Mozilla/5.0 (Windows NT 10.0; Win64; x64) AppleWebKit/537.36 (KHTML, like Gecko) Chrome/119.0.0.0 Safari/537.36"
127.0.0.1 - - [05/Feb/2024:16:46:10 +0800] "GET /manager-page/live/4-2.jpg HTTP/1.1" 200 44923 "http://127.0.0.1/manager-page/home-4.php" "Mozilla/5.0 (Windows NT 10.0; Win64; x64) AppleWebKit/537.36 (KHTML, like Gecko) Chrome/119.0.0.0 Safari/537.36"
127.0.0.1 - - [05/Feb/2024:16:46:24 +0800] "GET /manager-page/api/snapshot.php?id=42&t=0.25155576844290173 HTTP/1.1" 200 44987 "http://127.0.0.1/manager-page/home-4.php" "Mozilla/5.0 (Windows NT 10.0; Win64; x64) AppleWebKit/537.36 (KHTML, like Gecko) Chrome/119.0.0.0 Safari/537.36"
127.0.0.1 - - [05/Feb/2024:16:46:24 +0800] "GET /manager-page/api/snapshot.php?id=41&t=0.3211892490108639 HTTP/1.1" 200 48477 "http://127.0.0.1/manager-page/home-4.php" "Mozilla/5.0 (Windows NT 10.0; Win64; x64) AppleWebKit/537.36 (KHTML, like Gecko) Chrome/119.0.0.0 Safari/537.36"
111.70.30.252 - - [05/Feb/2024:16:46:53 +0800] "POST /robot/lora-in.php HTTP/1.1" 200 - "-" "python-requests/2.21.0"
111.70.30.251 - - [05/Feb/2024:16:47:10 +0800] "POST /robot/lora-in.php HTTP/1.1" 200 - "-" "python-requests/2.21.0"
127.0.0.1 - - [05/Feb/2024:16:47:24 +0800] "GET /manager-page/api/snapshot.php?id=41&t=0.47441821321252986 HTTP/1.1" 200 48959 "http://127.0.0.1/manager-page/home-4.php" "Mozilla/5.0 (Windows NT 10.0; Win64; x64) AppleWebKit/537.36 (KHTML, like Gecko) Chrome/119.0.0.0 Safari/537.36"
127.0.0.1 - - [05/Feb/2024:16:47:24 +0800] "GET /manager-page/api/snapshot.php?id=42&t=0.31767742721035486 HTTP/1.1" 200 45340 "http://127.0.0.1/manager-page/home-4.php" "Mozilla/5.0 (Windows NT 10.0; Win64; x64) AppleWebKit/537.36 (KHTML, like Gecko) Chrome/119.0.0.0 Safari/537.36"
127.0.0.1 - - [05/Feb/2024:16:47:28 +0800] "GET /manager-page/history.php HTTP/1.1" 200 22270 "http://127.0.0.1/manager-page/home-4.php" "Mozilla/5.0 (Windows NT 10.0; Win64; x64) AppleWebKit/537.36 (KHTML, like Gecko) Chrome/119.0.0.0 Safari/537.36"
127.0.0.1 - - [05/Feb/2024:16:47:29 +0800] "POST /manager-page/history.php HTTP/1.1" 200 94339 "http://127.0.0.1/manager-page/history.php" "Mozilla/5.0 (Windows NT 10.0; Win64; x64) AppleWebKit/537.36 (KHTML, like Gecko) Chrome/119.0.0.0 Safari/537.36"
127.0.0.1 - - [05/Feb/2024:16:47:32 +0800] "GET /manager-page/history2.php HTTP/1.1" 200 21323 "http://127.0.0.1/manager-page/history.php" "Mozilla/5.0 (Windows NT 10.0; Win64; x64) AppleWebKit/537.36 (KHTML, like Gecko) Chrome/119.0.0.0 Safari/537.36"
111.70.30.252 - - [05/Feb/2024:16:47:34 +0800] "POST /robot/lora-in.php HTTP/1.1" 200 - "-" "python-requests/2.21.0"
127.0.0.1 - - [05/Feb/2024:16:47:34 +0800] "POST /manager-page/history2.php HTTP/1.1" 200 21428 "http://127.0.0.1/manager-page/history2.php" "Mozilla/5.0 (Windows NT 10.0; Win64; x64) AppleWebKit/537.36 (KHTML, like Gecko) Chrome/119.0.0.0 Safari/537.36"
127.0.0.1 - - [05/Feb/2024:16:47:39 +0800] "GET /manager-page/account.php HTTP/1.1" 200 17665 "http://127.0.0.1/manager-page/history2.php" "Mozilla/5.0 (Windows NT 10.0; Win64; x64) AppleWebKit/537.36 (KHTML, like Gecko) Chrome/119.0.0.0 Safari/537.36"
127.0.0.1 - - [05/Feb/2024:16:47:40 +0800] "GET /manager-page/info.php HTTP/1.1" 200 19514 "http://127.0.0.1/manager-page/account.php" "Mozilla/5.0 (Windows NT 10.0; Win64; x64) AppleWebKit/537.36 (KHTML, like Gecko) Chrome/119.0.0.0 Safari/537.36"
127.0.0.1 - - [05/Feb/2024:16:47:42 +0800] "GET /manager-page/account.php HTTP/1.1" 200 17665 "http://127.0.0.1/manager-page/history2.php" "Mozilla/5.0 (Windows NT 10.0; Win64; x64) AppleWebKit/537.36 (KHTML, like Gecko) Chrome/119.0.0.0 Safari/537.36"
127.0.0.1 - - [05/Feb/2024:16:47:43 +0800] "GET /manager-page/file/user-manual.pdf HTTP/1.1" 200 813856 "http://127.0.0.1/manager-page/account.php" "Mozilla/5.0 (Windows NT 10.0; Win64; x64) AppleWebKit/537.36 (KHTML, like Gecko) Chrome/119.0.0.0 Safari/537.36"
127.0.0.1 - - [05/Feb/2024:16:47:47 +0800] "GET /manager-page/abnormal.php HTTP/1.1" 200 13552 "http://127.0.0.1/manager-page/account.php" "Mozilla/5.0 (Windows NT 10.0; Win64; x64) AppleWebKit/537.36 (KHTML, like Gecko) Chrome/119.0.0.0 Safari/537.36"
127.0.0.1 - - [05/Feb/2024:16:47:47 +0800] "GET /img/locpic_01.jpg HTTP/1.1" 404 196 "http://127.0.0.1/manager-page/abnormal.php" "Mozilla/5.0 (Windows NT 10.0; Win64; x64) AppleWebKit/537.36 (KHTML, like Gecko) Chrome/119.0.0.0 Safari/537.36"
127.0.0.1 - - [05/Feb/2024:16:47:47 +0800] "GET /manager-page/img/error_2.jpg HTTP/1.1" 200 170163 "http://127.0.0.1/manager-page/abnormal.php" "Mozilla/5.0 (Windows NT 10.0; Win64; x64) AppleWebKit/537.36 (KHTML, like Gecko) Chrome/119.0.0.0 Safari/537.36"
127.0.0.1 - - [05/Feb/2024:16:47:47 +0800] "GET /manager-page/img/error_3.jpg HTTP/1.1" 200 204720 "http://127.0.0.1/manager-page/abnormal.php" "Mozilla/5.0 (Windows NT 10.0; Win64; x64) AppleWebKit/537.36 (KHTML, like Gecko) Chrome/119.0.0.0 Safari/537.36"
127.0.0.1 - - [05/Feb/2024:16:47:47 +0800] "GET /manager-page/img/error_1.jpg HTTP/1.1" 200 193615 "http://127.0.0.1/manager-page/abnormal.php" "Mozilla/5.0 (Windows NT 10.0; Win64; x64) AppleWebKit/537.36 (KHTML, like Gecko) Chrome/119.0.0.0 Safari/537.36"
127.0.0.1 - - [05/Feb/2024:16:47:49 +0800] "GET /manager-page/account.php HTTP/1.1" 200 17665 "http://127.0.0.1/manager-page/abnormal.php" "Mozilla/5.0 (Windows NT 10.0; Win64; x64) AppleWebKit/537.36 (KHTML, like Gecko) Chrome/119.0.0.0 Safari/537.36"
127.0.0.1 - - [05/Feb/2024:16:47:51 +0800] "GET /manager-page/info.php HTTP/1.1" 200 19514 "http://127.0.0.1/manager-page/account.php" "Mozilla/5.0 (Windows NT 10.0; Win64; x64) AppleWebKit/537.36 (KHTML, like Gecko) Chrome/119.0.0.0 Safari/537.36"
127.0.0.1 - - [05/Feb/2024:16:47:55 +0800] "GET /manager-page/info.php HTTP/1.1" 200 19514 "-" "Mozilla/5.0 (Windows NT 10.0; Win64; x64) AppleWebKit/537.36 (KHTML, like Gecko) Chrome/119.0.0.0 Safari/537.36"
127.0.0.1 - - [05/Feb/2024:16:48:04 +0800] "GET /manager-page/account.php HTTP/1.1" 200 17665 "http://127.0.0.1/manager-page/abnormal.php" "Mozilla/5.0 (Windows NT 10.0; Win64; x64) AppleWebKit/537.36 (KHTML, like Gecko) Chrome/119.0.0.0 Safari/537.36"
127.0.0.1 - - [05/Feb/2024:16:48:05 +0800] "GET /manager-page/alarm/1-1.jpg?t=40776114 HTTP/1.1" 200 414255 "http://127.0.0.1/manager-page/home-1.php" "Mozilla/5.0 (Windows NT 10.0; Win64; x64) AppleWebKit/537.36 (KHTML, like Gecko) Chrome/119.0.0.0 Safari/537.36"
127.0.0.1 - - [05/Feb/2024:16:48:05 +0800] "GET /manager-page/alarm/1-2.jpg?t=1285782287 HTTP/1.1" 200 439517 "http://127.0.0.1/manager-page/home-1.php" "Mozilla/5.0 (Windows NT 10.0; Win64; x64) AppleWebKit/537.36 (KHTML, like Gecko) Chrome/119.0.0.0 Safari/537.36"
127.0.0.1 - - [05/Feb/2024:16:48:05 +0800] "GET /manager-page/home-1.php HTTP/1.1" 200 29835 "http://127.0.0.1/manager-page/account.php" "Mozilla/5.0 (Windows NT 10.0; Win64; x64) AppleWebKit/537.36 (KHTML, like Gecko) Chrome/119.0.0.0 Safari/537.36"
127.0.0.1 - - [05/Feb/2024:16:48:05 +0800] "GET /manager-page/api/snapshot.php?id=11 HTTP/1.1" 200 40307 "http://127.0.0.1/manager-page/home-1.php" "Mozilla/5.0 (Windows NT 10.0; Win64; x64) AppleWebKit/537.36 (KHTML, like Gecko) Chrome/119.0.0.0 Safari/537.36"
127.0.0.1 - - [05/Feb/2024:16:48:05 +0800] "GET /manager-page/api/snapshot.php?id=12 HTTP/1.1" 200 37237 "http://127.0.0.1/manager-page/home-1.php" "Mozilla/5.0 (Windows NT 10.0; Win64; x64) AppleWebKit/537.36 (KHTML, like Gecko) Chrome/119.0.0.0 Safari/537.36"
127.0.0.1 - - [05/Feb/2024:16:48:05 +0800] "GET /manager-page/api/lp-status1.php HTTP/1.1" 500 - "http://127.0.0.1/manager-page/home-1.php" "Mozilla/5.0 (Windows NT 10.0; Win64; x64) AppleWebKit/537.36 (KHTML, like Gecko) Chrome/119.0.0.0 Safari/537.36"
127.0.0.1 - - [05/Feb/2024:16:48:05 +0800] "GET /manager-page/api/cms-status1.php HTTP/1.1" 500 - "http://127.0.0.1/manager-page/home-1.php" "Mozilla/5.0 (Windows NT 10.0; Win64; x64) AppleWebKit/537.36 (KHTML, like Gecko) Chrome/119.0.0.0 Safari/537.36"
127.0.0.1 - - [05/Feb/2024:16:48:06 +0800] "GET /manager-page/home-1.php HTTP/1.1" 200 29839 "-" "Mozilla/5.0 (Windows NT 10.0; Win64; x64) AppleWebKit/537.36 (KHTML, like Gecko) Chrome/119.0.0.0 Safari/537.36"
127.0.0.1 - - [05/Feb/2024:16:48:11 +0800] "GET /manager-page/api/snapshot.php?id=11&t=0.9475409982675382 HTTP/1.1" 200 40367 "http://127.0.0.1/manager-page/home-1.php" "Mozilla/5.0 (Windows NT 10.0; Win64; x64) AppleWebKit/537.36 (KHTML, like Gecko) Chrome/119.0.0.0 Safari/537.36"
127.0.0.1 - - [05/Feb/2024:16:48:11 +0800] "GET /manager-page/api/snapshot.php?id=12&t=0.2757602645808632 HTTP/1.1" 200 37197 "http://127.0.0.1/manager-page/home-1.php" "Mozilla/5.0 (Windows NT 10.0; Win64; x64) AppleWebKit/537.36 (KHTML, like Gecko) Chrome/119.0.0.0 Safari/537.36"
127.0.0.1 - - [05/Feb/2024:16:48:16 +0800] "GET /manager-page/api/snapshot.php?id=12&t=0.1085265868906955 HTTP/1.1" 200 37411 "http://127.0.0.1/manager-page/home-1.php" "Mozilla/5.0 (Windows NT 10.0; Win64; x64) AppleWebKit/537.36 (KHTML, like Gecko) Chrome/119.0.0.0 Safari/537.36"
127.0.0.1 - - [05/Feb/2024:16:48:16 +0800] "GET /manager-page/api/snapshot.php?id=11&t=0.6402698866492234 HTTP/1.1" 200 40929 "http://127.0.0.1/manager-page/home-1.php" "Mozilla/5.0 (Windows NT 10.0; Win64; x64) AppleWebKit/537.36 (KHTML, like Gecko) Chrome/119.0.0.0 Safari/537.36"
127.0.0.1 - - [05/Feb/2024:16:48:21 +0800] "GET /manager-page/api/snapshot.php?id=11&t=0.7743678680207837 HTTP/1.1" 200 40447 "http://127.0.0.1/manager-page/home-1.php" "Mozilla/5.0 (Windows NT 10.0; Win64; x64) AppleWebKit/537.36 (KHTML, like Gecko) Chrome/119.0.0.0 Safari/537.36"
127.0.0.1 - - [05/Feb/2024:16:48:21 +0800] "GET /manager-page/api/snapshot.php?id=12&t=0.12292775630477792 HTTP/1.1" 200 37153 "http://127.0.0.1/manager-page/home-1.php" "Mozilla/5.0 (Windows NT 10.0; Win64; x64) AppleWebKit/537.36 (KHTML, like Gecko) Chrome/119.0.0.0 Safari/537.36"
111.70.30.250 - - [05/Feb/2024:16:48:26 +0800] "POST /robot/lora-in.php HTTP/1.1" 200 - "-" "python-requests/2.21.0"
127.0.0.1 - - [05/Feb/2024:16:48:26 +0800] "GET /manager-page/api/snapshot.php?id=12&t=0.7447653566153059 HTTP/1.1" 200 37120 "http://127.0.0.1/manager-page/home-1.php" "Mozilla/5.0 (Windows NT 10.0; Win64; x64) AppleWebKit/537.36 (KHTML, like Gecko) Chrome/119.0.0.0 Safari/537.36"
127.0.0.1 - - [05/Feb/2024:16:48:26 +0800] "GET /manager-page/api/snapshot.php?id=11&t=0.0048435742388079905 HTTP/1.1" 200 40350 "http://127.0.0.1/manager-page/home-1.php" "Mozilla/5.0 (Windows NT 10.0; Win64; x64) AppleWebKit/537.36 (KHTML, like Gecko) Chrome/119.0.0.0 Safari/537.36"
127.0.0.1 - - [05/Feb/2024:16:48:31 +0800] "GET /manager-page/api/snapshot.php?id=11&t=0.68971932633702 HTTP/1.1" 200 40354 "http://127.0.0.1/manager-page/home-1.php" "Mozilla/5.0 (Windows NT 10.0; Win64; x64) AppleWebKit/537.36 (KHTML, like Gecko) Chrome/119.0.0.0 Safari/537.36"
127.0.0.1 - - [05/Feb/2024:16:48:31 +0800] "GET /manager-page/api/snapshot.php?id=12&t=0.3147641861249242 HTTP/1.1" 200 37174 "http://127.0.0.1/manager-page/home-1.php" "Mozilla/5.0 (Windows NT 10.0; Win64; x64) AppleWebKit/537.36 (KHTML, like Gecko) Chrome/119.0.0.0 Safari/537.36"
127.0.0.1 - - [05/Feb/2024:16:48:36 +0800] "GET /manager-page/api/snapshot.php?id=12&t=0.6349905989313811 HTTP/1.1" 200 37183 "http://127.0.0.1/manager-page/home-1.php" "Mozilla/5.0 (Windows NT 10.0; Win64; x64) AppleWebKit/537.36 (KHTML, like Gecko) Chrome/119.0.0.0 Safari/537.36"
127.0.0.1 - - [05/Feb/2024:16:48:36 +0800] "GET /manager-page/api/snapshot.php?id=11&t=0.7726491865636758 HTTP/1.1" 200 40309 "http://127.0.0.1/manager-page/home-1.php" "Mozilla/5.0 (Windows NT 10.0; Win64; x64) AppleWebKit/537.36 (KHTML, like Gecko) Chrome/119.0.0.0 Safari/537.36"
111.70.30.251 - - [05/Feb/2024:16:48:39 +0800] "POST /robot/lora-in.php HTTP/1.1" 200 - "-" "python-requests/2.21.0"
127.0.0.1 - - [05/Feb/2024:16:48:41 +0800] "GET /manager-page/api/snapshot.php?id=11&t=0.5792933642192841 HTTP/1.1" 200 41792 "http://127.0.0.1/manager-page/home-1.php" "Mozilla/5.0 (Windows NT 10.0; Win64; x64) AppleWebKit/537.36 (KHTML, like Gecko) Chrome/119.0.0.0 Safari/537.36"
127.0.0.1 - - [05/Feb/2024:16:48:41 +0800] "GET /manager-page/api/snapshot.php?id=12&t=0.8695011028715605 HTTP/1.1" 200 36960 "http://127.0.0.1/manager-page/home-1.php" "Mozilla/5.0 (Windows NT 10.0; Win64; x64) AppleWebKit/537.36 (KHTML, like Gecko) Chrome/119.0.0.0 Safari/537.36"
127.0.0.1 - - [05/Feb/2024:16:48:46 +0800] "GET /manager-page/api/snapshot.php?id=11&t=0.2270376015295137 HTTP/1.1" 200 40611 "http://127.0.0.1/manager-page/home-1.php" "Mozilla/5.0 (Windows NT 10.0; Win64; x64) AppleWebKit/537.36 (KHTML, like Gecko) Chrome/119.0.0.0 Safari/537.36"
127.0.0.1 - - [05/Feb/2024:16:48:46 +0800] "GET /manager-page/api/snapshot.php?id=12&t=0.27773423659044894 HTTP/1.1" 200 36972 "http://127.0.0.1/manager-page/home-1.php" "Mozilla/5.0 (Windows NT 10.0; Win64; x64) AppleWebKit/537.36 (KHTML, like Gecko) Chrome/119.0.0.0 Safari/537.36"
127.0.0.1 - - [05/Feb/2024:16:48:51 +0800] "GET /manager-page/api/snapshot.php?id=11&t=0.8075660111975247 HTTP/1.1" 200 40215 "http://127.0.0.1/manager-page/home-1.php" "Mozilla/5.0 (Windows NT 10.0; Win64; x64) AppleWebKit/537.36 (KHTML, like Gecko) Chrome/119.0.0.0 Safari/537.36"
127.0.0.1 - - [05/Feb/2024:16:48:51 +0800] "GET /manager-page/api/snapshot.php?id=12&t=0.6288092328992616 HTTP/1.1" 200 36828 "http://127.0.0.1/manager-page/home-1.php" "Mozilla/5.0 (Windows NT 10.0; Win64; x64) AppleWebKit/537.36 (KHTML, like Gecko) Chrome/119.0.0.0 Safari/537.36"
127.0.0.1 - - [05/Feb/2024:16:48:56 +0800] "GET /manager-page/api/snapshot.php?id=12&t=0.27723042648184903 HTTP/1.1" 200 36792 "http://127.0.0.1/manager-page/home-1.php" "Mozilla/5.0 (Windows NT 10.0; Win64; x64) AppleWebKit/537.36 (KHTML, like Gecko) Chrome/119.0.0.0 Safari/537.36"
127.0.0.1 - - [05/Feb/2024:16:48:56 +0800] "GET /manager-page/api/snapshot.php?id=11&t=0.7249785474796764 HTTP/1.1" 200 40070 "http://127.0.0.1/manager-page/home-1.php" "Mozilla/5.0 (Windows NT 10.0; Win64; x64) AppleWebKit/537.36 (KHTML, like Gecko) Chrome/119.0.0.0 Safari/537.36"
127.0.0.1 - - [05/Feb/2024:16:49:01 +0800] "GET /manager-page/api/snapshot.php?id=11&t=0.5042676322472224 HTTP/1.1" 200 40160 "http://127.0.0.1/manager-page/home-1.php" "Mozilla/5.0 (Windows NT 10.0; Win64; x64) AppleWebKit/537.36 (KHTML, like Gecko) Chrome/119.0.0.0 Safari/537.36"
127.0.0.1 - - [05/Feb/2024:16:49:01 +0800] "GET /manager-page/api/snapshot.php?id=12&t=0.6736826205618147 HTTP/1.1" 200 37412 "http://127.0.0.1/manager-page/home-1.php" "Mozilla/5.0 (Windows NT 10.0; Win64; x64) AppleWebKit/537.36 (KHTML, like Gecko) Chrome/119.0.0.0 Safari/537.36"
127.0.0.1 - - [05/Feb/2024:16:49:06 +0800] "GET /manager-page/api/snapshot.php?id=11&t=0.6077685016052345 HTTP/1.1" 200 40166 "http://127.0.0.1/manager-page/home-1.php" "Mozilla/5.0 (Windows NT 10.0; Win64; x64) AppleWebKit/537.36 (KHTML, like Gecko) Chrome/119.0.0.0 Safari/537.36"
127.0.0.1 - - [05/Feb/2024:16:49:06 +0800] "GET /manager-page/api/snapshot.php?id=12&t=0.699055137617715 HTTP/1.1" 200 36767 "http://127.0.0.1/manager-page/home-1.php" "Mozilla/5.0 (Windows NT 10.0; Win64; x64) AppleWebKit/537.36 (KHTML, like Gecko) Chrome/119.0.0.0 Safari/537.36"
127.0.0.1 - - [05/Feb/2024:16:49:08 +0800] "GET /manager-page/info.php HTTP/1.1" 200 19514 "http://127.0.0.1/manager-page/home-1.php" "Mozilla/5.0 (Windows NT 10.0; Win64; x64) AppleWebKit/537.36 (KHTML, like Gecko) Chrome/119.0.0.0 Safari/537.36"
127.0.0.1 - - [05/Feb/2024:16:49:08 +0800] "GET /css/w3-4.10.css HTTP/1.1" 404 196 "http://127.0.0.1/manager-page/info.php" "Mozilla/5.0 (Windows NT 10.0; Win64; x64) AppleWebKit/537.36 (KHTML, like Gecko) Chrome/119.0.0.0 Safari/537.36"
127.0.0.1 - - [05/Feb/2024:16:49:08 +0800] "GET /js/chart-2.9.4.js HTTP/1.1" 404 196 "http://127.0.0.1/manager-page/info.php" "Mozilla/5.0 (Windows NT 10.0; Win64; x64) AppleWebKit/537.36 (KHTML, like Gecko) Chrome/119.0.0.0 Safari/537.36"
127.0.0.1 - - [05/Feb/2024:16:49:08 +0800] "GET /css/font-awesome-4.7.0.css HTTP/1.1" 404 196 "http://127.0.0.1/manager-page/info.php" "Mozilla/5.0 (Windows NT 10.0; Win64; x64) AppleWebKit/537.36 (KHTML, like Gecko) Chrome/119.0.0.0 Safari/537.36"
127.0.0.1 - - [05/Feb/2024:16:49:08 +0800] "GET /js/jquery-3.6.0.js HTTP/1.1" 404 196 "http://127.0.0.1/manager-page/info.php" "Mozilla/5.0 (Windows NT 10.0; Win64; x64) AppleWebKit/537.36 (KHTML, like Gecko) Chrome/119.0.0.0 Safari/537.36"
127.0.0.1 - - [05/Feb/2024:16:49:10 +0800] "GET /manager-page/info.php HTTP/1.1" 200 19514 "http://127.0.0.1/manager-page/home-1.php" "Mozilla/5.0 (Windows NT 10.0; Win64; x64) AppleWebKit/537.36 (KHTML, like Gecko) Chrome/119.0.0.0 Safari/537.36"
127.0.0.1 - - [05/Feb/2024:16:49:10 +0800] "GET /css/w3-4.10.css HTTP/1.1" 404 196 "http://127.0.0.1/manager-page/info.php" "Mozilla/5.0 (Windows NT 10.0; Win64; x64) AppleWebKit/537.36 (KHTML, like Gecko) Chrome/119.0.0.0 Safari/537.36"
127.0.0.1 - - [05/Feb/2024:16:49:10 +0800] "GET /css/font-awesome-4.7.0.css HTTP/1.1" 404 196 "http://127.0.0.1/manager-page/info.php" "Mozilla/5.0 (Windows NT 10.0; Win64; x64) AppleWebKit/537.36 (KHTML, like Gecko) Chrome/119.0.0.0 Safari/537.36"
127.0.0.1 - - [05/Feb/2024:16:49:10 +0800] "GET /js/jquery-3.6.0.js HTTP/1.1" 404 196 "http://127.0.0.1/manager-page/info.php" "Mozilla/5.0 (Windows NT 10.0; Win64; x64) AppleWebKit/537.36 (KHTML, like Gecko) Chrome/119.0.0.0 Safari/537.36"
127.0.0.1 - - [05/Feb/2024:16:49:10 +0800] "GET /js/chart-2.9.4.js HTTP/1.1" 404 196 "http://127.0.0.1/manager-page/info.php" "Mozilla/5.0 (Windows NT 10.0; Win64; x64) AppleWebKit/537.36 (KHTML, like Gecko) Chrome/119.0.0.0 Safari/537.36"
127.0.0.1 - - [05/Feb/2024:16:49:11 +0800] "GET /manager-page/info.php HTTP/1.1" 200 19514 "http://127.0.0.1/manager-page/home-1.php" "Mozilla/5.0 (Windows NT 10.0; Win64; x64) AppleWebKit/537.36 (KHTML, like Gecko) Chrome/119.0.0.0 Safari/537.36"
127.0.0.1 - - [05/Feb/2024:16:49:11 +0800] "GET /css/w3-4.10.css HTTP/1.1" 404 196 "http://127.0.0.1/manager-page/info.php" "Mozilla/5.0 (Windows NT 10.0; Win64; x64) AppleWebKit/537.36 (KHTML, like Gecko) Chrome/119.0.0.0 Safari/537.36"
127.0.0.1 - - [05/Feb/2024:16:49:11 +0800] "GET /js/chart-2.9.4.js HTTP/1.1" 404 196 "http://127.0.0.1/manager-page/info.php" "Mozilla/5.0 (Windows NT 10.0; Win64; x64) AppleWebKit/537.36 (KHTML, like Gecko) Chrome/119.0.0.0 Safari/537.36"
127.0.0.1 - - [05/Feb/2024:16:49:11 +0800] "GET /css/font-awesome-4.7.0.css HTTP/1.1" 404 196 "http://127.0.0.1/manager-page/info.php" "Mozilla/5.0 (Windows NT 10.0; Win64; x64) AppleWebKit/537.36 (KHTML, like Gecko) Chrome/119.0.0.0 Safari/537.36"
127.0.0.1 - - [05/Feb/2024:16:49:11 +0800] "GET /js/jquery-3.6.0.js HTTP/1.1" 404 196 "http://127.0.0.1/manager-page/info.php" "Mozilla/5.0 (Windows NT 10.0; Win64; x64) AppleWebKit/537.36 (KHTML, like Gecko) Chrome/119.0.0.0 Safari/537.36"
127.0.0.1 - - [05/Feb/2024:16:49:11 +0800] "GET /favicon.ico HTTP/1.1" 404 196 "http://127.0.0.1/manager-page/info.php" "Mozilla/5.0 (Windows NT 10.0; Win64; x64) AppleWebKit/537.36 (KHTML, like Gecko) Chrome/119.0.0.0 Safari/537.36"
111.70.30.250 - - [05/Feb/2024:16:49:29 +0800] "POST /robot/lora-in.php HTTP/1.1" 200 - "-" "python-requests/2.21.0"
111.70.30.252 - - [05/Feb/2024:16:49:32 +0800] "POST /robot/lora-in.php HTTP/1.1" 200 - "-" "python-requests/2.21.0"
127.0.0.1 - - [05/Feb/2024:16:49:32 +0800] "GET /manager-page/info.php HTTP/1.1" 200 19510 "http://127.0.0.1/manager-page/home-1.php" "Mozilla/5.0 (Windows NT 10.0; Win64; x64) AppleWebKit/537.36 (KHTML, like Gecko) Chrome/119.0.0.0 Safari/537.36"
127.0.0.1 - - [05/Feb/2024:16:49:32 +0800] "GET /manager-page/css/font-awesome-4.7.0.css HTTP/1.1" 200 31002 "http://127.0.0.1/manager-page/info.php" "Mozilla/5.0 (Windows NT 10.0; Win64; x64) AppleWebKit/537.36 (KHTML, like Gecko) Chrome/119.0.0.0 Safari/537.36"
127.0.0.1 - - [05/Feb/2024:16:49:35 +0800] "GET /manager-page/info.php HTTP/1.1" 200 19510 "-" "Mozilla/5.0 (Windows NT 10.0; Win64; x64) AppleWebKit/537.36 (KHTML, like Gecko) Chrome/119.0.0.0 Safari/537.36"
127.0.0.1 - - [05/Feb/2024:16:49:39 +0800] "GET /manager-page/info.php HTTP/1.1" 200 19510 "http://127.0.0.1/manager-page/home-1.php" "Mozilla/5.0 (Windows NT 10.0; Win64; x64) AppleWebKit/537.36 (KHTML, like Gecko) Chrome/119.0.0.0 Safari/537.36"
127.0.0.1 - - [05/Feb/2024:16:49:41 +0800] "GET /manager-page/alarm/1-1.jpg?t=209369869 HTTP/1.1" 200 414255 "http://127.0.0.1/manager-page/home-1.php" "Mozilla/5.0 (Windows NT 10.0; Win64; x64) AppleWebKit/537.36 (KHTML, like Gecko) Chrome/119.0.0.0 Safari/537.36"
127.0.0.1 - - [05/Feb/2024:16:49:41 +0800] "GET /manager-page/alarm/1-2.jpg?t=474766835 HTTP/1.1" 200 439517 "http://127.0.0.1/manager-page/home-1.php" "Mozilla/5.0 (Windows NT 10.0; Win64; x64) AppleWebKit/537.36 (KHTML, like Gecko) Chrome/119.0.0.0 Safari/537.36"
127.0.0.1 - - [05/Feb/2024:16:49:41 +0800] "GET /manager-page/home-1.php HTTP/1.1" 200 29837 "http://127.0.0.1/manager-page/info.php" "Mozilla/5.0 (Windows NT 10.0; Win64; x64) AppleWebKit/537.36 (KHTML, like Gecko) Chrome/119.0.0.0 Safari/537.36"
127.0.0.1 - - [05/Feb/2024:16:49:41 +0800] "GET /manager-page/api/snapshot.php?id=11 HTTP/1.1" 200 42397 "http://127.0.0.1/manager-page/home-1.php" "Mozilla/5.0 (Windows NT 10.0; Win64; x64) AppleWebKit/537.36 (KHTML, like Gecko) Chrome/119.0.0.0 Safari/537.36"
127.0.0.1 - - [05/Feb/2024:16:49:41 +0800] "GET /manager-page/api/snapshot.php?id=12 HTTP/1.1" 200 36770 "http://127.0.0.1/manager-page/home-1.php" "Mozilla/5.0 (Windows NT 10.0; Win64; x64) AppleWebKit/537.36 (KHTML, like Gecko) Chrome/119.0.0.0 Safari/537.36"
127.0.0.1 - - [05/Feb/2024:16:49:42 +0800] "GET /manager-page/api/cms-status1.php HTTP/1.1" 500 - "http://127.0.0.1/manager-page/home-1.php" "Mozilla/5.0 (Windows NT 10.0; Win64; x64) AppleWebKit/537.36 (KHTML, like Gecko) Chrome/119.0.0.0 Safari/537.36"
127.0.0.1 - - [05/Feb/2024:16:49:42 +0800] "GET /manager-page/api/lp-status1.php HTTP/1.1" 500 - "http://127.0.0.1/manager-page/home-1.php" "Mozilla/5.0 (Windows NT 10.0; Win64; x64) AppleWebKit/537.36 (KHTML, like Gecko) Chrome/119.0.0.0 Safari/537.36"
127.0.0.1 - - [05/Feb/2024:16:49:50 +0800] "GET /manager-page/alarm/2-1.jpg?t=2033479806 HTTP/1.1" 200 523013 "http://127.0.0.1/manager-page/home-2.php" "Mozilla/5.0 (Windows NT 10.0; Win64; x64) AppleWebKit/537.36 (KHTML, like Gecko) Chrome/119.0.0.0 Safari/537.36"
127.0.0.1 - - [05/Feb/2024:16:49:50 +0800] "GET /manager-page/alarm/2-2.jpg?t=289469635 HTTP/1.1" 200 440624 "http://127.0.0.1/manager-page/home-2.php" "Mozilla/5.0 (Windows NT 10.0; Win64; x64) AppleWebKit/537.36 (KHTML, like Gecko) Chrome/119.0.0.0 Safari/537.36"
127.0.0.1 - - [05/Feb/2024:16:49:42 +0800] "GET /manager-page/home-2.php HTTP/1.1" 200 29837 "http://127.0.0.1/manager-page/home-1.php" "Mozilla/5.0 (Windows NT 10.0; Win64; x64) AppleWebKit/537.36 (KHTML, like Gecko) Chrome/119.0.0.0 Safari/537.36"
127.0.0.1 - - [05/Feb/2024:16:49:47 +0800] "GET /manager-page/api/snapshot.php?id=11&t=0.2240292218087827 HTTP/1.1" 200 40664 "http://127.0.0.1/manager-page/home-1.php" "Mozilla/5.0 (Windows NT 10.0; Win64; x64) AppleWebKit/537.36 (KHTML, like Gecko) Chrome/119.0.0.0 Safari/537.36"
127.0.0.1 - - [05/Feb/2024:16:49:47 +0800] "GET /manager-page/api/snapshot.php?id=12&t=0.05483600140417422 HTTP/1.1" 200 36668 "http://127.0.0.1/manager-page/home-1.php" "Mozilla/5.0 (Windows NT 10.0; Win64; x64) AppleWebKit/537.36 (KHTML, like Gecko) Chrome/119.0.0.0 Safari/537.36"
127.0.0.1 - - [05/Feb/2024:16:49:50 +0800] "GET /manager-page/home-1.php HTTP/1.1" 200 29838 "-" "Mozilla/5.0 (Windows NT 10.0; Win64; x64) AppleWebKit/537.36 (KHTML, like Gecko) Chrome/119.0.0.0 Safari/537.36"
127.0.0.1 - - [05/Feb/2024:16:49:50 +0800] "GET /manager-page/api/snapshot.php?id=21 HTTP/1.1" 200 48640 "http://127.0.0.1/manager-page/home-2.php" "Mozilla/5.0 (Windows NT 10.0; Win64; x64) AppleWebKit/537.36 (KHTML, like Gecko) Chrome/119.0.0.0 Safari/537.36"
127.0.0.1 - - [05/Feb/2024:16:49:50 +0800] "GET /manager-page/api/snapshot.php?id=22 HTTP/1.1" 200 43644 "http://127.0.0.1/manager-page/home-2.php" "Mozilla/5.0 (Windows NT 10.0; Win64; x64) AppleWebKit/537.36 (KHTML, like Gecko) Chrome/119.0.0.0 Safari/537.36"
127.0.0.1 - - [05/Feb/2024:16:49:51 +0800] "GET /manager-page/api/cms-status2.php HTTP/1.1" 200 12 "http://127.0.0.1/manager-page/home-2.php" "Mozilla/5.0 (Windows NT 10.0; Win64; x64) AppleWebKit/537.36 (KHTML, like Gecko) Chrome/119.0.0.0 Safari/537.36"
127.0.0.1 - - [05/Feb/2024:16:49:51 +0800] "GET /manager-page/api/lp-status2.php HTTP/1.1" 200 1 "http://127.0.0.1/manager-page/home-2.php" "Mozilla/5.0 (Windows NT 10.0; Win64; x64) AppleWebKit/537.36 (KHTML, like Gecko) Chrome/119.0.0.0 Safari/537.36"
127.0.0.1 - - [05/Feb/2024:16:49:53 +0800] "GET /manager-page/info.php HTTP/1.1" 200 19510 "-" "Mozilla/5.0 (Windows NT 10.0; Win64; x64) AppleWebKit/537.36 (KHTML, like Gecko) Chrome/119.0.0.0 Safari/537.36"
127.0.0.1 - - [05/Feb/2024:16:49:56 +0800] "GET /manager-page/api/snapshot.php?id=21&t=0.41167946722773996 HTTP/1.1" 200 48730 "http://127.0.0.1/manager-page/home-2.php" "Mozilla/5.0 (Windows NT 10.0; Win64; x64) AppleWebKit/537.36 (KHTML, like Gecko) Chrome/119.0.0.0 Safari/537.36"
127.0.0.1 - - [05/Feb/2024:16:49:56 +0800] "GET /manager-page/api/snapshot.php?id=22&t=0.7011086441369778 HTTP/1.1" 200 43621 "http://127.0.0.1/manager-page/home-2.php" "Mozilla/5.0 (Windows NT 10.0; Win64; x64) AppleWebKit/537.36 (KHTML, like Gecko) Chrome/119.0.0.0 Safari/537.36"
127.0.0.1 - - [05/Feb/2024:16:49:57 +0800] "GET /manager-page/account.php HTTP/1.1" 200 17665 "http://127.0.0.1/manager-page/home-2.php" "Mozilla/5.0 (Windows NT 10.0; Win64; x64) AppleWebKit/537.36 (KHTML, like Gecko) Chrome/119.0.0.0 Safari/537.36"
127.0.0.1 - - [05/Feb/2024:16:49:58 +0800] "GET /manager-page/info.php HTTP/1.1" 200 19510 "http://127.0.0.1/manager-page/account.php" "Mozilla/5.0 (Windows NT 10.0; Win64; x64) AppleWebKit/537.36 (KHTML, like Gecko) Chrome/119.0.0.0 Safari/537.36"
127.0.0.1 - - [05/Feb/2024:16:50:06 +0800] "GET /manager-page/account.php HTTP/1.1" 200 17665 "http://127.0.0.1/manager-page/info.php" "Mozilla/5.0 (Windows NT 10.0; Win64; x64) AppleWebKit/537.36 (KHTML, like Gecko) Chrome/119.0.0.0 Safari/537.36"
127.0.0.1 - - [05/Feb/2024:16:50:07 +0800] "GET /manager-page/info.php HTTP/1.1" 200 19510 "http://127.0.0.1/manager-page/account.php" "Mozilla/5.0 (Windows NT 10.0; Win64; x64) AppleWebKit/537.36 (KHTML, like Gecko) Chrome/119.0.0.0 Safari/537.36"
127.0.0.1 - - [05/Feb/2024:16:50:09 +0800] "GET /manager-page/logout.php HTTP/1.1" 302 - "http://127.0.0.1/manager-page/info.php" "Mozilla/5.0 (Windows NT 10.0; Win64; x64) AppleWebKit/537.36 (KHTML, like Gecko) Chrome/119.0.0.0 Safari/537.36"
127.0.0.1 - - [05/Feb/2024:16:50:09 +0800] "GET /manager-page/login.php HTTP/1.1" 200 2365 "http://127.0.0.1/manager-page/info.php" "Mozilla/5.0 (Windows NT 10.0; Win64; x64) AppleWebKit/537.36 (KHTML, like Gecko) Chrome/119.0.0.0 Safari/537.36"
111.70.30.252 - - [05/Feb/2024:16:50:10 +0800] "POST /robot/lora-in.php HTTP/1.1" 200 - "-" "python-requests/2.21.0"
127.0.0.1 - - [05/Feb/2024:16:50:13 +0800] "GET /manager-page/login.php HTTP/1.1" 200 2365 "-" "Mozilla/5.0 (Windows NT 10.0; Win64; x64) AppleWebKit/537.36 (KHTML, like Gecko) Chrome/119.0.0.0 Safari/537.36"
127.0.0.1 - - [05/Feb/2024:16:50:17 +0800] "GET /manager-page/login.php HTTP/1.1" 200 2365 "-" "Mozilla/5.0 (Windows NT 10.0; Win64; x64) AppleWebKit/537.36 (KHTML, like Gecko) Chrome/119.0.0.0 Safari/537.36"
111.70.30.253 - - [05/Feb/2024:16:50:25 +0800] "POST /robot/lora-in.php HTTP/1.1" 200 - "-" "python-requests/2.21.0"
111.70.30.252 - - [05/Feb/2024:16:50:26 +0800] "POST /robot/lora-in.php HTTP/1.1" 200 - "-" "python-requests/2.21.0"
111.70.30.250 - - [05/Feb/2024:16:50:53 +0800] "POST /robot/lora-in.php HTTP/1.1" 200 - "-" "python-requests/2.21.0"
111.70.30.250 - - [05/Feb/2024:16:51:05 +0800] "POST /robot/lora-in.php HTTP/1.1" 200 - "-" "python-requests/2.21.0"
111.70.30.251 - - [05/Feb/2024:16:51:13 +0800] "POST /robot/lora-in.php HTTP/1.1" 200 - "-" "python-requests/2.21.0"
127.0.0.1 - - [05/Feb/2024:16:51:57 +0800] "POST /manager-page/login.php HTTP/1.1" 302 - "http://127.0.0.1/manager-page/login.php" "Mozilla/5.0 (Windows NT 10.0; Win64; x64) AppleWebKit/537.36 (KHTML, like Gecko) Chrome/119.0.0.0 Safari/537.36"
127.0.0.1 - - [05/Feb/2024:16:51:57 +0800] "GET /manager-page/home.php HTTP/1.1" 302 - "http://127.0.0.1/manager-page/login.php" "Mozilla/5.0 (Windows NT 10.0; Win64; x64) AppleWebKit/537.36 (KHTML, like Gecko) Chrome/119.0.0.0 Safari/537.36"
127.0.0.1 - - [05/Feb/2024:16:51:58 +0800] "GET /manager-page/alarm/1-1.jpg?t=280391925 HTTP/1.1" 200 414255 "http://127.0.0.1/manager-page/home-1.php" "Mozilla/5.0 (Windows NT 10.0; Win64; x64) AppleWebKit/537.36 (KHTML, like Gecko) Chrome/119.0.0.0 Safari/537.36"
127.0.0.1 - - [05/Feb/2024:16:51:58 +0800] "GET /manager-page/alarm/1-2.jpg?t=755990074 HTTP/1.1" 200 439517 "http://127.0.0.1/manager-page/home-1.php" "Mozilla/5.0 (Windows NT 10.0; Win64; x64) AppleWebKit/537.36 (KHTML, like Gecko) Chrome/119.0.0.0 Safari/537.36"
127.0.0.1 - - [05/Feb/2024:16:51:57 +0800] "GET /manager-page/home-1.php HTTP/1.1" 200 29836 "http://127.0.0.1/manager-page/login.php" "Mozilla/5.0 (Windows NT 10.0; Win64; x64) AppleWebKit/537.36 (KHTML, like Gecko) Chrome/119.0.0.0 Safari/537.36"
127.0.0.1 - - [05/Feb/2024:16:51:58 +0800] "GET /manager-page/api/snapshot.php?id=12 HTTP/1.1" 200 36472 "http://127.0.0.1/manager-page/home-1.php" "Mozilla/5.0 (Windows NT 10.0; Win64; x64) AppleWebKit/537.36 (KHTML, like Gecko) Chrome/119.0.0.0 Safari/537.36"
127.0.0.1 - - [05/Feb/2024:16:51:58 +0800] "GET /manager-page/api/snapshot.php?id=11 HTTP/1.1" 200 41905 "http://127.0.0.1/manager-page/home-1.php" "Mozilla/5.0 (Windows NT 10.0; Win64; x64) AppleWebKit/537.36 (KHTML, like Gecko) Chrome/119.0.0.0 Safari/537.36"
127.0.0.1 - - [05/Feb/2024:16:51:58 +0800] "GET /manager-page/api/cms-status1.php HTTP/1.1" 500 - "http://127.0.0.1/manager-page/home-1.php" "Mozilla/5.0 (Windows NT 10.0; Win64; x64) AppleWebKit/537.36 (KHTML, like Gecko) Chrome/119.0.0.0 Safari/537.36"
127.0.0.1 - - [05/Feb/2024:16:51:58 +0800] "GET /manager-page/api/lp-status1.php HTTP/1.1" 500 - "http://127.0.0.1/manager-page/home-1.php" "Mozilla/5.0 (Windows NT 10.0; Win64; x64) AppleWebKit/537.36 (KHTML, like Gecko) Chrome/119.0.0.0 Safari/537.36"
127.0.0.1 - - [05/Feb/2024:16:52:00 +0800] "GET /manager-page/info.php HTTP/1.1" 200 19510 "http://127.0.0.1/manager-page/home-1.php" "Mozilla/5.0 (Windows NT 10.0; Win64; x64) AppleWebKit/537.36 (KHTML, like Gecko) Chrome/119.0.0.0 Safari/537.36"
127.0.0.1 - - [05/Feb/2024:16:52:03 +0800] "GET /manager-page/api/snapshot.php?id=11&t=0.2392767283506121 HTTP/1.1" 200 42184 "http://127.0.0.1/manager-page/home-1.php" "Mozilla/5.0 (Windows NT 10.0; Win64; x64) AppleWebKit/537.36 (KHTML, like Gecko) Chrome/119.0.0.0 Safari/537.36"
127.0.0.1 - - [05/Feb/2024:16:52:03 +0800] "GET /manager-page/api/snapshot.php?id=12&t=0.8256370070308914 HTTP/1.1" 200 37122 "http://127.0.0.1/manager-page/home-1.php" "Mozilla/5.0 (Windows NT 10.0; Win64; x64) AppleWebKit/537.36 (KHTML, like Gecko) Chrome/119.0.0.0 Safari/537.36"
111.70.30.252 - - [05/Feb/2024:16:52:12 +0800] "POST /robot/lora-in.php HTTP/1.1" 200 - "-" "python-requests/2.21.0"
111.70.30.250 - - [05/Feb/2024:16:52:32 +0800] "POST /robot/lora-in.php HTTP/1.1" 200 - "-" "python-requests/2.21.0"
127.0.0.1 - - [05/Feb/2024:16:53:23 +0800] "POST /robot/lora-in.php HTTP/1.1" 200 - "-" "python-requests/2.31.0"
127.0.0.1 - - [05/Feb/2024:16:53:28 +0800] "POST /robot/lora-in.php HTTP/1.1" 200 - "-" "python-requests/2.31.0"
111.70.30.250 - - [05/Feb/2024:16:53:43 +0800] "POST /robot/lora-in.php HTTP/1.1" 200 - "-" "python-requests/2.21.0"
127.0.0.1 - - [05/Feb/2024:16:53:46 +0800] "POST /robot/lora-in.php HTTP/1.1" 200 - "-" "python-requests/2.31.0"
127.0.0.1 - - [05/Feb/2024:16:53:49 +0800] "POST /robot/et-7026-in.php HTTP/1.1" 200 - "-" "python-requests/2.31.0"
127.0.0.1 - - [05/Feb/2024:16:53:56 +0800] "POST /robot/lora-in.php HTTP/1.1" 200 - "-" "python-requests/2.31.0"
127.0.0.1 - - [05/Feb/2024:16:53:59 +0800] "POST /robot/lora-in.php HTTP/1.1" 200 - "-" "python-requests/2.31.0"
127.0.0.1 - - [05/Feb/2024:16:54:01 +0800] "POST /robot/lora-in.php HTTP/1.1" 200 - "-" "python-requests/2.31.0"
111.70.30.252 - - [05/Feb/2024:16:54:54 +0800] "POST /robot/lora-in.php HTTP/1.1" 200 - "-" "python-requests/2.21.0"
111.70.30.251 - - [05/Feb/2024:16:55:14 +0800] "POST /robot/lora-in.php HTTP/1.1" 200 - "-" "python-requests/2.21.0"
