127.0.0.1 - - [19/Apr/2024:07:59:59 +0800] "POST /robot/lora-in.php HTTP/1.1" 200 - "-" "python-requests/2.31.0"
127.0.0.1 - - [19/Apr/2024:08:00:02 +0800] "GET /manager-page/daily/send.php HTTP/1.1" 200 29 "-" "python-requests/2.28.1"
127.0.0.1 - - [19/Apr/2024:08:00:02 +0800] "GET /manager-page/daily/send2.php HTTP/1.1" 200 29 "-" "python-requests/2.28.1"
127.0.0.1 - - [19/Apr/2024:08:00:20 +0800] "POST /robot/lora-in.php HTTP/1.1" 200 - "-" "python-requests/2.31.0"
127.0.0.1 - - [19/Apr/2024:08:00:22 +0800] "POST /robot/lora-in.php HTTP/1.1" 200 - "-" "python-requests/2.31.0"
127.0.0.1 - - [19/Apr/2024:08:00:31 +0800] "POST /robot/lora-in.php HTTP/1.1" 200 - "-" "python-requests/2.31.0"
127.0.0.1 - - [19/Apr/2024:08:00:37 +0800] "POST /robot/lora-in.php HTTP/1.1" 200 - "-" "python-requests/2.31.0"
111.70.30.253 - - [19/Apr/2024:08:01:43 +0800] "POST /robot/lora-in.php HTTP/1.1" 200 - "-" "python-requests/2.21.0"
111.70.30.251 - - [19/Apr/2024:08:01:43 +0800] "POST /robot/lora-in.php HTTP/1.1" 200 - "-" "python-requests/2.21.0"
111.70.30.250 - - [19/Apr/2024:08:03:01 +0800] "POST /robot/lora-in.php HTTP/1.1" 200 - "-" "python-requests/2.21.0"
111.70.30.251 - - [19/Apr/2024:08:03:10 +0800] "POST /robot/lora-in.php HTTP/1.1" 200 - "-" "python-requests/2.21.0"
127.0.0.1 - - [19/Apr/2024:08:03:34 +0800] "POST /robot/et-7026-in.php HTTP/1.1" 200 - "-" "python-requests/2.31.0"
127.0.0.1 - - [19/Apr/2024:08:04:22 +0800] "POST /robot/et-7026-in.php HTTP/1.1" 200 - "-" "python-requests/2.31.0"
127.0.0.1 - - [19/Apr/2024:08:04:23 +0800] "POST /robot/et-7026-in.php HTTP/1.1" 200 - "-" "python-requests/2.31.0"
111.70.30.251 - - [19/Apr/2024:08:05:29 +0800] "POST /robot/lora-in.php HTTP/1.1" 200 - "-" "python-requests/2.21.0"
127.0.0.1 - - [19/Apr/2024:08:05:29 +0800] "POST /robot/et-7026-in.php HTTP/1.1" 200 - "-" "python-requests/2.31.0"
111.70.30.251 - - [19/Apr/2024:08:05:42 +0800] "POST /robot/lora-in.php HTTP/1.1" 200 - "-" "python-requests/2.21.0"
111.70.30.251 - - [19/Apr/2024:08:07:19 +0800] "POST /robot/lora-in.php HTTP/1.1" 200 - "-" "python-requests/2.21.0"
172.16.36.181 - - [19/Apr/2024:08:07:54 +0800] "GET /manager-page/home-3.php HTTP/1.1" 302 - "-" "Mozilla/5.0 (Windows NT 10.0; Win64; x64) AppleWebKit/537.36 (KHTML, like Gecko) Chrome/123.0.0.0 Safari/537.36 Edg/123.0.0.0"
172.16.36.181 - - [19/Apr/2024:08:07:54 +0800] "GET /manager-page/login.php HTTP/1.1" 200 2365 "-" "Mozilla/5.0 (Windows NT 10.0; Win64; x64) AppleWebKit/537.36 (KHTML, like Gecko) Chrome/123.0.0.0 Safari/537.36 Edg/123.0.0.0"
172.16.36.181 - - [19/Apr/2024:08:07:54 +0800] "GET /manager-page/js/jquery-3.6.0.js HTTP/1.1" 200 89502 "http://192.168.60.79/manager-page/login.php" "Mozilla/5.0 (Windows NT 10.0; Win64; x64) AppleWebKit/537.36 (KHTML, like Gecko) Chrome/123.0.0.0 Safari/537.36 Edg/123.0.0.0"
172.16.36.181 - - [19/Apr/2024:08:07:54 +0800] "GET /manager-page/js/leaflet-1.9.3.js HTTP/1.1" 200 146720 "http://192.168.60.79/manager-page/login.php" "Mozilla/5.0 (Windows NT 10.0; Win64; x64) AppleWebKit/537.36 (KHTML, like Gecko) Chrome/123.0.0.0 Safari/537.36 Edg/123.0.0.0"
172.16.36.181 - - [19/Apr/2024:08:07:54 +0800] "GET /manager-page/css/w3-4.10.css HTTP/1.1" 200 23290 "http://192.168.60.79/manager-page/login.php" "Mozilla/5.0 (Windows NT 10.0; Win64; x64) AppleWebKit/537.36 (KHTML, like Gecko) Chrome/123.0.0.0 Safari/537.36 Edg/123.0.0.0"
172.16.36.181 - - [19/Apr/2024:08:07:54 +0800] "GET /manager-page/css/leaflet-1.9.3.css HTTP/1.1" 200 14655 "http://192.168.60.79/manager-page/login.php" "Mozilla/5.0 (Windows NT 10.0; Win64; x64) AppleWebKit/537.36 (KHTML, like Gecko) Chrome/123.0.0.0 Safari/537.36 Edg/123.0.0.0"
172.16.36.181 - - [19/Apr/2024:08:07:54 +0800] "GET /manager-page/js/chart-2.9.4.js HTTP/1.1" 200 226501 "http://192.168.60.79/manager-page/login.php" "Mozilla/5.0 (Windows NT 10.0; Win64; x64) AppleWebKit/537.36 (KHTML, like Gecko) Chrome/123.0.0.0 Safari/537.36 Edg/123.0.0.0"
172.16.36.181 - - [19/Apr/2024:08:07:54 +0800] "GET /favicon.ico HTTP/1.1" 404 196 "http://192.168.60.79/manager-page/login.php" "Mozilla/5.0 (Windows NT 10.0; Win64; x64) AppleWebKit/537.36 (KHTML, like Gecko) Chrome/123.0.0.0 Safari/537.36 Edg/123.0.0.0"
111.70.30.252 - - [19/Apr/2024:08:08:02 +0800] "POST /robot/lora-in.php HTTP/1.1" 200 - "-" "python-requests/2.21.0"
172.16.36.181 - - [19/Apr/2024:08:08:08 +0800] "GET /manager-page/home-3.php HTTP/1.1" 302 - "-" "Mozilla/5.0 (Windows NT 10.0; Win64; x64) AppleWebKit/537.36 (KHTML, like Gecko) Chrome/123.0.0.0 Safari/537.36 Edg/123.0.0.0"
172.16.36.181 - - [19/Apr/2024:08:08:08 +0800] "GET /manager-page/login.php HTTP/1.1" 200 2365 "-" "Mozilla/5.0 (Windows NT 10.0; Win64; x64) AppleWebKit/537.36 (KHTML, like Gecko) Chrome/123.0.0.0 Safari/537.36 Edg/123.0.0.0"
172.16.36.181 - - [19/Apr/2024:08:08:14 +0800] "POST /manager-page/login.php HTTP/1.1" 302 - "http://192.168.60.79/manager-page/login.php" "Mozilla/5.0 (Windows NT 10.0; Win64; x64) AppleWebKit/537.36 (KHTML, like Gecko) Chrome/123.0.0.0 Safari/537.36 Edg/123.0.0.0"
172.16.36.181 - - [19/Apr/2024:08:08:15 +0800] "GET /manager-page/home.php HTTP/1.1" 302 - "http://192.168.60.79/manager-page/login.php" "Mozilla/5.0 (Windows NT 10.0; Win64; x64) AppleWebKit/537.36 (KHTML, like Gecko) Chrome/123.0.0.0 Safari/537.36 Edg/123.0.0.0"
172.16.36.181 - - [19/Apr/2024:08:08:15 +0800] "GET /manager-page/img/map-marker.png HTTP/1.1" 200 1752 "http://192.168.60.79/manager-page/home-1.php" "Mozilla/5.0 (Windows NT 10.0; Win64; x64) AppleWebKit/537.36 (KHTML, like Gecko) Chrome/123.0.0.0 Safari/537.36 Edg/123.0.0.0"
172.16.36.181 - - [19/Apr/2024:08:08:15 +0800] "GET /manager-page/home-1.php HTTP/1.1" 200 27163 "http://192.168.60.79/manager-page/login.php" "Mozilla/5.0 (Windows NT 10.0; Win64; x64) AppleWebKit/537.36 (KHTML, like Gecko) Chrome/123.0.0.0 Safari/537.36 Edg/123.0.0.0"
172.16.36.181 - - [19/Apr/2024:08:08:16 +0800] "GET /manager-page/img/off1.png HTTP/1.1" 200 13532 "http://192.168.60.79/manager-page/home-1.php" "Mozilla/5.0 (Windows NT 10.0; Win64; x64) AppleWebKit/537.36 (KHTML, like Gecko) Chrome/123.0.0.0 Safari/537.36 Edg/123.0.0.0"
172.16.36.181 - - [19/Apr/2024:08:08:16 +0800] "GET /manager-page/img/locpic_01.jpg HTTP/1.1" 200 131024 "http://192.168.60.79/manager-page/home-1.php" "Mozilla/5.0 (Windows NT 10.0; Win64; x64) AppleWebKit/537.36 (KHTML, like Gecko) Chrome/123.0.0.0 Safari/537.36 Edg/123.0.0.0"
172.16.36.181 - - [19/Apr/2024:08:08:16 +0800] "GET /manager-page/alarm/1-1.jpg?t=375180180 HTTP/1.1" 200 414255 "http://192.168.60.79/manager-page/home-1.php" "Mozilla/5.0 (Windows NT 10.0; Win64; x64) AppleWebKit/537.36 (KHTML, like Gecko) Chrome/123.0.0.0 Safari/537.36 Edg/123.0.0.0"
172.16.36.181 - - [19/Apr/2024:08:08:16 +0800] "GET /manager-page/alarm/1-2.jpg?t=246891992 HTTP/1.1" 200 439517 "http://192.168.60.79/manager-page/home-1.php" "Mozilla/5.0 (Windows NT 10.0; Win64; x64) AppleWebKit/537.36 (KHTML, like Gecko) Chrome/123.0.0.0 Safari/537.36 Edg/123.0.0.0"
172.16.36.181 - - [19/Apr/2024:08:08:16 +0800] "GET /manager-page/api/snapshot.php?id=11 HTTP/1.1" 200 39799 "http://192.168.60.79/manager-page/home-1.php" "Mozilla/5.0 (Windows NT 10.0; Win64; x64) AppleWebKit/537.36 (KHTML, like Gecko) Chrome/123.0.0.0 Safari/537.36 Edg/123.0.0.0"
172.16.36.181 - - [19/Apr/2024:08:08:16 +0800] "GET /manager-page/api/snapshot.php?id=12 HTTP/1.1" 200 42018 "http://192.168.60.79/manager-page/home-1.php" "Mozilla/5.0 (Windows NT 10.0; Win64; x64) AppleWebKit/537.36 (KHTML, like Gecko) Chrome/123.0.0.0 Safari/537.36 Edg/123.0.0.0"
172.16.36.181 - - [19/Apr/2024:08:08:17 +0800] "GET /manager-page/api/cms-status1.php HTTP/1.1" 200 12 "http://192.168.60.79/manager-page/home-1.php" "Mozilla/5.0 (Windows NT 10.0; Win64; x64) AppleWebKit/537.36 (KHTML, like Gecko) Chrome/123.0.0.0 Safari/537.36 Edg/123.0.0.0"
172.16.36.181 - - [19/Apr/2024:08:08:17 +0800] "GET /manager-page/api/lp-status1.php HTTP/1.1" 200 1 "http://192.168.60.79/manager-page/home-1.php" "Mozilla/5.0 (Windows NT 10.0; Win64; x64) AppleWebKit/537.36 (KHTML, like Gecko) Chrome/123.0.0.0 Safari/537.36 Edg/123.0.0.0"
172.16.36.181 - - [19/Apr/2024:08:08:21 +0800] "GET /manager-page/api/snapshot.php?id=12&t=0.34835081011826685 HTTP/1.1" 200 42072 "http://192.168.60.79/manager-page/home-1.php" "Mozilla/5.0 (Windows NT 10.0; Win64; x64) AppleWebKit/537.36 (KHTML, like Gecko) Chrome/123.0.0.0 Safari/537.36 Edg/123.0.0.0"
172.16.36.181 - - [19/Apr/2024:08:08:21 +0800] "GET /manager-page/api/snapshot.php?id=11&t=0.15944727270444292 HTTP/1.1" 200 39786 "http://192.168.60.79/manager-page/home-1.php" "Mozilla/5.0 (Windows NT 10.0; Win64; x64) AppleWebKit/537.36 (KHTML, like Gecko) Chrome/123.0.0.0 Safari/537.36 Edg/123.0.0.0"
111.70.30.251 - - [19/Apr/2024:08:09:41 +0800] "POST /robot/lora-in.php HTTP/1.1" 200 - "-" "python-requests/2.21.0"
127.0.0.1 - - [19/Apr/2024:08:09:55 +0800] "POST /robot/lora-in.php HTTP/1.1" 200 - "-" "python-requests/2.31.0"
127.0.0.1 - - [19/Apr/2024:08:10:03 +0800] "POST /robot/lora-in.php HTTP/1.1" 200 - "-" "python-requests/2.31.0"
127.0.0.1 - - [19/Apr/2024:08:10:17 +0800] "POST /robot/lora-in.php HTTP/1.1" 200 - "-" "python-requests/2.31.0"
127.0.0.1 - - [19/Apr/2024:08:10:27 +0800] "POST /robot/lora-in.php HTTP/1.1" 200 - "-" "python-requests/2.31.0"
111.70.30.253 - - [19/Apr/2024:08:10:28 +0800] "POST /robot/lora-in.php HTTP/1.1" 200 - "-" "python-requests/2.21.0"
127.0.0.1 - - [19/Apr/2024:08:10:32 +0800] "POST /robot/lora-in.php HTTP/1.1" 200 - "-" "python-requests/2.31.0"
127.0.0.1 - - [19/Apr/2024:08:10:37 +0800] "POST /robot/lora-in.php HTTP/1.1" 200 - "-" "python-requests/2.31.0"
111.70.30.251 - - [19/Apr/2024:08:11:15 +0800] "POST /robot/lora-in.php HTTP/1.1" 200 - "-" "python-requests/2.21.0"
111.70.30.250 - - [19/Apr/2024:08:11:36 +0800] "POST /robot/lora-in.php HTTP/1.1" 200 - "-" "python-requests/2.21.0"
127.0.0.1 - - [19/Apr/2024:08:13:36 +0800] "POST /robot/et-7026-in.php HTTP/1.1" 200 - "-" "python-requests/2.31.0"
111.70.30.251 - - [19/Apr/2024:08:13:39 +0800] "POST /robot/lora-in.php HTTP/1.1" 200 - "-" "python-requests/2.21.0"
127.0.0.1 - - [19/Apr/2024:08:14:25 +0800] "POST /robot/et-7026-in.php HTTP/1.1" 200 - "-" "python-requests/2.31.0"
127.0.0.1 - - [19/Apr/2024:08:14:25 +0800] "POST /robot/et-7026-in.php HTTP/1.1" 200 - "-" "python-requests/2.31.0"
111.70.30.251 - - [19/Apr/2024:08:14:37 +0800] "POST /robot/lora-in.php HTTP/1.1" 200 - "-" "python-requests/2.21.0"
111.70.30.251 - - [19/Apr/2024:08:15:18 +0800] "POST /robot/lora-in.php HTTP/1.1" 200 - "-" "python-requests/2.21.0"
127.0.0.1 - - [19/Apr/2024:08:15:30 +0800] "POST /robot/et-7026-in.php HTTP/1.1" 200 - "-" "python-requests/2.31.0"
111.70.30.252 - - [19/Apr/2024:08:17:19 +0800] "POST /robot/lora-in.php HTTP/1.1" 200 - "-" "python-requests/2.21.0"
111.70.30.251 - - [19/Apr/2024:08:17:38 +0800] "POST /robot/lora-in.php HTTP/1.1" 200 - "-" "python-requests/2.21.0"
111.70.30.253 - - [19/Apr/2024:08:19:14 +0800] "POST /robot/lora-in.php HTTP/1.1" 200 - "-" "python-requests/2.21.0"
111.70.30.251 - - [19/Apr/2024:08:19:21 +0800] "POST /robot/lora-in.php HTTP/1.1" 200 - "-" "python-requests/2.21.0"
127.0.0.1 - - [19/Apr/2024:08:19:55 +0800] "POST /robot/lora-in.php HTTP/1.1" 200 - "-" "python-requests/2.31.0"
127.0.0.1 - - [19/Apr/2024:08:20:03 +0800] "POST /robot/lora-in.php HTTP/1.1" 200 - "-" "python-requests/2.31.0"
111.70.30.250 - - [19/Apr/2024:08:20:13 +0800] "POST /robot/lora-in.php HTTP/1.1" 200 - "-" "python-requests/2.21.0"
127.0.0.1 - - [19/Apr/2024:08:20:23 +0800] "POST /robot/lora-in.php HTTP/1.1" 200 - "-" "python-requests/2.31.0"
127.0.0.1 - - [19/Apr/2024:08:20:31 +0800] "POST /robot/lora-in.php HTTP/1.1" 200 - "-" "python-requests/2.31.0"
127.0.0.1 - - [19/Apr/2024:08:20:41 +0800] "POST /robot/lora-in.php HTTP/1.1" 200 - "-" "python-requests/2.31.0"
127.0.0.1 - - [19/Apr/2024:08:20:46 +0800] "POST /robot/lora-in.php HTTP/1.1" 200 - "-" "python-requests/2.31.0"
111.70.30.251 - - [19/Apr/2024:08:21:37 +0800] "POST /robot/lora-in.php HTTP/1.1" 200 - "-" "python-requests/2.21.0"
111.70.30.251 - - [19/Apr/2024:08:23:23 +0800] "POST /robot/lora-in.php HTTP/1.1" 200 - "-" "python-requests/2.21.0"
127.0.0.1 - - [19/Apr/2024:08:23:36 +0800] "POST /robot/et-7026-in.php HTTP/1.1" 200 - "-" "python-requests/2.31.0"
111.70.30.251 - - [19/Apr/2024:08:23:44 +0800] "POST /robot/lora-in.php HTTP/1.1" 200 - "-" "python-requests/2.21.0"
127.0.0.1 - - [19/Apr/2024:08:24:25 +0800] "POST /robot/et-7026-in.php HTTP/1.1" 200 - "-" "python-requests/2.31.0"
127.0.0.1 - - [19/Apr/2024:08:24:25 +0800] "POST /robot/et-7026-in.php HTTP/1.1" 200 - "-" "python-requests/2.31.0"
127.0.0.1 - - [19/Apr/2024:08:25:30 +0800] "POST /robot/et-7026-in.php HTTP/1.1" 200 - "-" "python-requests/2.31.0"
111.70.30.251 - - [19/Apr/2024:08:25:39 +0800] "POST /robot/lora-in.php HTTP/1.1" 200 - "-" "python-requests/2.21.0"
111.70.30.252 - - [19/Apr/2024:08:26:27 +0800] "POST /robot/lora-in.php HTTP/1.1" 200 - "-" "python-requests/2.21.0"
111.70.30.251 - - [19/Apr/2024:08:27:26 +0800] "POST /robot/lora-in.php HTTP/1.1" 200 - "-" "python-requests/2.21.0"
111.70.30.253 - - [19/Apr/2024:08:27:59 +0800] "POST /robot/lora-in.php HTTP/1.1" 200 - "-" "python-requests/2.21.0"
111.70.30.250 - - [19/Apr/2024:08:28:48 +0800] "POST /robot/lora-in.php HTTP/1.1" 200 - "-" "python-requests/2.21.0"
111.70.30.251 - - [19/Apr/2024:08:29:37 +0800] "POST /robot/lora-in.php HTTP/1.1" 200 - "-" "python-requests/2.21.0"
127.0.0.1 - - [19/Apr/2024:08:29:55 +0800] "POST /robot/lora-in.php HTTP/1.1" 200 - "-" "python-requests/2.31.0"
127.0.0.1 - - [19/Apr/2024:08:30:02 +0800] "POST /robot/lora-in.php HTTP/1.1" 200 - "-" "python-requests/2.31.0"
127.0.0.1 - - [19/Apr/2024:08:30:22 +0800] "POST /robot/lora-in.php HTTP/1.1" 200 - "-" "python-requests/2.31.0"
127.0.0.1 - - [19/Apr/2024:08:30:23 +0800] "POST /robot/lora-in.php HTTP/1.1" 200 - "-" "python-requests/2.31.0"
127.0.0.1 - - [19/Apr/2024:08:30:26 +0800] "POST /robot/lora-in.php HTTP/1.1" 200 - "-" "python-requests/2.31.0"
127.0.0.1 - - [19/Apr/2024:08:30:28 +0800] "POST /robot/lora-in.php HTTP/1.1" 200 - "-" "python-requests/2.31.0"
111.70.30.251 - - [19/Apr/2024:08:31:29 +0800] "POST /robot/lora-in.php HTTP/1.1" 200 - "-" "python-requests/2.21.0"
111.70.30.251 - - [19/Apr/2024:08:32:49 +0800] "POST /robot/lora-in.php HTTP/1.1" 200 - "-" "python-requests/2.21.0"
111.70.30.251 - - [19/Apr/2024:08:33:34 +0800] "POST /robot/lora-in.php HTTP/1.1" 200 - "-" "python-requests/2.21.0"
127.0.0.1 - - [19/Apr/2024:08:33:38 +0800] "POST /robot/et-7026-in.php HTTP/1.1" 200 - "-" "python-requests/2.31.0"
127.0.0.1 - - [19/Apr/2024:08:34:26 +0800] "POST /robot/et-7026-in.php HTTP/1.1" 200 - "-" "python-requests/2.31.0"
127.0.0.1 - - [19/Apr/2024:08:34:28 +0800] "POST /robot/et-7026-in.php HTTP/1.1" 200 - "-" "python-requests/2.31.0"
127.0.0.1 - - [19/Apr/2024:08:35:30 +0800] "POST /robot/et-7026-in.php HTTP/1.1" 200 - "-" "python-requests/2.31.0"
111.70.30.251 - - [19/Apr/2024:08:35:31 +0800] "POST /robot/lora-in.php HTTP/1.1" 200 - "-" "python-requests/2.21.0"
111.70.30.252 - - [19/Apr/2024:08:35:39 +0800] "POST /robot/lora-in.php HTTP/1.1" 200 - "-" "python-requests/2.21.0"
111.70.30.253 - - [19/Apr/2024:08:36:43 +0800] "POST /robot/lora-in.php HTTP/1.1" 200 - "-" "python-requests/2.21.0"
111.70.30.250 - - [19/Apr/2024:08:37:23 +0800] "POST /robot/lora-in.php HTTP/1.1" 200 - "-" "python-requests/2.21.0"
111.70.30.251 - - [19/Apr/2024:08:37:33 +0800] "POST /robot/lora-in.php HTTP/1.1" 200 - "-" "python-requests/2.21.0"
111.70.30.251 - - [19/Apr/2024:08:39:34 +0800] "POST /robot/lora-in.php HTTP/1.1" 200 - "-" "python-requests/2.21.0"
127.0.0.1 - - [19/Apr/2024:08:39:55 +0800] "POST /robot/lora-in.php HTTP/1.1" 200 - "-" "python-requests/2.31.0"
127.0.0.1 - - [19/Apr/2024:08:39:57 +0800] "POST /robot/lora-in.php HTTP/1.1" 200 - "-" "python-requests/2.31.0"
127.0.0.1 - - [19/Apr/2024:08:40:09 +0800] "POST /robot/lora-in.php HTTP/1.1" 200 - "-" "python-requests/2.31.0"
127.0.0.1 - - [19/Apr/2024:08:40:17 +0800] "POST /robot/lora-in.php HTTP/1.1" 200 - "-" "python-requests/2.31.0"
127.0.0.1 - - [19/Apr/2024:08:40:26 +0800] "POST /robot/lora-in.php HTTP/1.1" 200 - "-" "python-requests/2.31.0"
127.0.0.1 - - [19/Apr/2024:08:40:36 +0800] "POST /robot/lora-in.php HTTP/1.1" 200 - "-" "python-requests/2.31.0"
111.70.30.251 - - [19/Apr/2024:08:41:32 +0800] "POST /robot/lora-in.php HTTP/1.1" 200 - "-" "python-requests/2.21.0"
111.70.30.251 - - [19/Apr/2024:08:41:56 +0800] "POST /robot/lora-in.php HTTP/1.1" 200 - "-" "python-requests/2.21.0"
111.70.30.251 - - [19/Apr/2024:08:43:37 +0800] "POST /robot/lora-in.php HTTP/1.1" 200 - "-" "python-requests/2.21.0"
127.0.0.1 - - [19/Apr/2024:08:43:39 +0800] "POST /robot/et-7026-in.php HTTP/1.1" 200 - "-" "python-requests/2.31.0"
127.0.0.1 - - [19/Apr/2024:08:44:27 +0800] "POST /robot/et-7026-in.php HTTP/1.1" 200 - "-" "python-requests/2.31.0"
127.0.0.1 - - [19/Apr/2024:08:44:28 +0800] "POST /robot/et-7026-in.php HTTP/1.1" 200 - "-" "python-requests/2.31.0"
111.70.30.252 - - [19/Apr/2024:08:44:49 +0800] "POST /robot/lora-in.php HTTP/1.1" 200 - "-" "python-requests/2.21.0"
111.70.30.253 - - [19/Apr/2024:08:45:28 +0800] "POST /robot/lora-in.php HTTP/1.1" 200 - "-" "python-requests/2.21.0"
111.70.30.251 - - [19/Apr/2024:08:45:30 +0800] "POST /robot/lora-in.php HTTP/1.1" 200 - "-" "python-requests/2.21.0"
127.0.0.1 - - [19/Apr/2024:08:45:31 +0800] "POST /robot/et-7026-in.php HTTP/1.1" 200 - "-" "python-requests/2.31.0"
111.70.30.250 - - [19/Apr/2024:08:45:58 +0800] "POST /robot/lora-in.php HTTP/1.1" 200 - "-" "python-requests/2.21.0"
111.70.30.251 - - [19/Apr/2024:08:47:41 +0800] "POST /robot/lora-in.php HTTP/1.1" 200 - "-" "python-requests/2.21.0"
111.70.30.251 - - [19/Apr/2024:08:49:29 +0800] "POST /robot/lora-in.php HTTP/1.1" 200 - "-" "python-requests/2.21.0"
127.0.0.1 - - [19/Apr/2024:08:49:55 +0800] "POST /robot/lora-in.php HTTP/1.1" 200 - "-" "python-requests/2.31.0"
127.0.0.1 - - [19/Apr/2024:08:49:57 +0800] "POST /robot/lora-in.php HTTP/1.1" 200 - "-" "python-requests/2.31.0"
127.0.0.1 - - [19/Apr/2024:08:50:14 +0800] "POST /robot/lora-in.php HTTP/1.1" 200 - "-" "python-requests/2.31.0"
127.0.0.1 - - [19/Apr/2024:08:50:21 +0800] "POST /robot/lora-in.php HTTP/1.1" 200 - "-" "python-requests/2.31.0"
127.0.0.1 - - [19/Apr/2024:08:50:29 +0800] "POST /robot/lora-in.php HTTP/1.1" 200 - "-" "python-requests/2.31.0"
127.0.0.1 - - [19/Apr/2024:08:50:35 +0800] "POST /robot/lora-in.php HTTP/1.1" 200 - "-" "python-requests/2.31.0"
111.70.30.251 - - [19/Apr/2024:08:51:03 +0800] "POST /robot/lora-in.php HTTP/1.1" 200 - "-" "python-requests/2.21.0"
111.70.30.251 - - [19/Apr/2024:08:51:43 +0800] "POST /robot/lora-in.php HTTP/1.1" 200 - "-" "python-requests/2.21.0"
111.70.30.251 - - [19/Apr/2024:08:53:35 +0800] "POST /robot/lora-in.php HTTP/1.1" 200 - "-" "python-requests/2.21.0"
127.0.0.1 - - [19/Apr/2024:08:53:39 +0800] "POST /robot/et-7026-in.php HTTP/1.1" 200 - "-" "python-requests/2.31.0"
111.70.30.252 - - [19/Apr/2024:08:53:59 +0800] "POST /robot/lora-in.php HTTP/1.1" 200 - "-" "python-requests/2.21.0"
111.70.30.253 - - [19/Apr/2024:08:54:13 +0800] "POST /robot/lora-in.php HTTP/1.1" 200 - "-" "python-requests/2.21.0"
127.0.0.1 - - [19/Apr/2024:08:54:27 +0800] "POST /robot/et-7026-in.php HTTP/1.1" 200 - "-" "python-requests/2.31.0"
127.0.0.1 - - [19/Apr/2024:08:54:31 +0800] "POST /robot/et-7026-in.php HTTP/1.1" 200 - "-" "python-requests/2.31.0"
111.70.30.250 - - [19/Apr/2024:08:54:33 +0800] "POST /robot/lora-in.php HTTP/1.1" 200 - "-" "python-requests/2.21.0"
127.0.0.1 - - [19/Apr/2024:08:55:31 +0800] "POST /robot/et-7026-in.php HTTP/1.1" 200 - "-" "python-requests/2.31.0"
111.70.30.251 - - [19/Apr/2024:08:55:45 +0800] "POST /robot/lora-in.php HTTP/1.1" 200 - "-" "python-requests/2.21.0"
111.70.30.251 - - [19/Apr/2024:08:57:28 +0800] "POST /robot/lora-in.php HTTP/1.1" 200 - "-" "python-requests/2.21.0"
111.70.30.251 - - [19/Apr/2024:08:59:47 +0800] "POST /robot/lora-in.php HTTP/1.1" 200 - "-" "python-requests/2.21.0"
127.0.0.1 - - [19/Apr/2024:08:59:55 +0800] "POST /robot/lora-in.php HTTP/1.1" 200 - "-" "python-requests/2.31.0"
127.0.0.1 - - [19/Apr/2024:08:59:56 +0800] "POST /robot/lora-in.php HTTP/1.1" 200 - "-" "python-requests/2.31.0"
111.70.30.251 - - [19/Apr/2024:09:00:10 +0800] "POST /robot/lora-in.php HTTP/1.1" 200 - "-" "python-requests/2.21.0"
127.0.0.1 - - [19/Apr/2024:09:00:14 +0800] "POST /robot/lora-in.php HTTP/1.1" 200 - "-" "python-requests/2.31.0"
127.0.0.1 - - [19/Apr/2024:09:00:22 +0800] "POST /robot/lora-in.php HTTP/1.1" 200 - "-" "python-requests/2.31.0"
127.0.0.1 - - [19/Apr/2024:09:00:28 +0800] "POST /robot/lora-in.php HTTP/1.1" 200 - "-" "python-requests/2.31.0"
127.0.0.1 - - [19/Apr/2024:09:00:38 +0800] "POST /robot/lora-in.php HTTP/1.1" 200 - "-" "python-requests/2.31.0"
111.70.30.251 - - [19/Apr/2024:09:01:26 +0800] "POST /robot/lora-in.php HTTP/1.1" 200 - "-" "python-requests/2.21.0"
111.70.30.253 - - [19/Apr/2024:09:02:58 +0800] "POST /robot/lora-in.php HTTP/1.1" 200 - "-" "python-requests/2.21.0"
111.70.30.250 - - [19/Apr/2024:09:03:09 +0800] "POST /robot/lora-in.php HTTP/1.1" 200 - "-" "python-requests/2.21.0"
111.70.30.252 - - [19/Apr/2024:09:03:10 +0800] "POST /robot/lora-in.php HTTP/1.1" 200 - "-" "python-requests/2.21.0"
127.0.0.1 - - [19/Apr/2024:09:03:39 +0800] "POST /robot/et-7026-in.php HTTP/1.1" 200 - "-" "python-requests/2.31.0"
111.70.30.251 - - [19/Apr/2024:09:03:51 +0800] "POST /robot/lora-in.php HTTP/1.1" 200 - "-" "python-requests/2.21.0"
127.0.0.1 - - [19/Apr/2024:09:04:27 +0800] "POST /robot/et-7026-in.php HTTP/1.1" 200 - "-" "python-requests/2.31.0"
127.0.0.1 - - [19/Apr/2024:09:04:34 +0800] "POST /robot/et-7026-in.php HTTP/1.1" 200 - "-" "python-requests/2.31.0"
111.70.30.251 - - [19/Apr/2024:09:05:25 +0800] "POST /robot/lora-in.php HTTP/1.1" 200 - "-" "python-requests/2.21.0"
127.0.0.1 - - [19/Apr/2024:09:05:31 +0800] "POST /robot/et-7026-in.php HTTP/1.1" 200 - "-" "python-requests/2.31.0"
111.70.30.251 - - [19/Apr/2024:09:07:53 +0800] "POST /robot/lora-in.php HTTP/1.1" 200 - "-" "python-requests/2.21.0"
111.70.30.251 - - [19/Apr/2024:09:09:17 +0800] "POST /robot/lora-in.php HTTP/1.1" 200 - "-" "python-requests/2.21.0"
111.70.30.251 - - [19/Apr/2024:09:09:25 +0800] "POST /robot/lora-in.php HTTP/1.1" 200 - "-" "python-requests/2.21.0"
127.0.0.1 - - [19/Apr/2024:09:09:55 +0800] "POST /robot/lora-in.php HTTP/1.1" 200 - "-" "python-requests/2.31.0"
127.0.0.1 - - [19/Apr/2024:09:09:56 +0800] "POST /robot/lora-in.php HTTP/1.1" 200 - "-" "python-requests/2.31.0"
127.0.0.1 - - [19/Apr/2024:09:10:16 +0800] "POST /robot/lora-in.php HTTP/1.1" 200 - "-" "python-requests/2.31.0"
127.0.0.1 - - [19/Apr/2024:09:10:18 +0800] "POST /robot/lora-in.php HTTP/1.1" 200 - "-" "python-requests/2.31.0"
127.0.0.1 - - [19/Apr/2024:09:10:25 +0800] "POST /robot/lora-in.php HTTP/1.1" 200 - "-" "python-requests/2.31.0"
127.0.0.1 - - [19/Apr/2024:09:10:30 +0800] "POST /robot/lora-in.php HTTP/1.1" 200 - "-" "python-requests/2.31.0"
111.70.30.253 - - [19/Apr/2024:09:11:43 +0800] "POST /robot/lora-in.php HTTP/1.1" 200 - "-" "python-requests/2.21.0"
111.70.30.250 - - [19/Apr/2024:09:11:44 +0800] "POST /robot/lora-in.php HTTP/1.1" 200 - "-" "python-requests/2.21.0"
111.70.30.251 - - [19/Apr/2024:09:12:00 +0800] "POST /robot/lora-in.php HTTP/1.1" 200 - "-" "python-requests/2.21.0"
111.70.30.252 - - [19/Apr/2024:09:12:21 +0800] "POST /robot/lora-in.php HTTP/1.1" 200 - "-" "python-requests/2.21.0"
111.70.30.251 - - [19/Apr/2024:09:13:23 +0800] "POST /robot/lora-in.php HTTP/1.1" 200 - "-" "python-requests/2.21.0"
127.0.0.1 - - [19/Apr/2024:09:13:42 +0800] "POST /robot/et-7026-in.php HTTP/1.1" 200 - "-" "python-requests/2.31.0"
127.0.0.1 - - [19/Apr/2024:09:14:28 +0800] "POST /robot/et-7026-in.php HTTP/1.1" 200 - "-" "python-requests/2.31.0"
127.0.0.1 - - [19/Apr/2024:09:14:37 +0800] "POST /robot/et-7026-in.php HTTP/1.1" 200 - "-" "python-requests/2.31.0"
127.0.0.1 - - [19/Apr/2024:09:15:31 +0800] "POST /robot/et-7026-in.php HTTP/1.1" 200 - "-" "python-requests/2.31.0"
111.70.30.251 - - [19/Apr/2024:09:15:58 +0800] "POST /robot/lora-in.php HTTP/1.1" 200 - "-" "python-requests/2.21.0"
111.70.30.251 - - [19/Apr/2024:09:17:23 +0800] "POST /robot/lora-in.php HTTP/1.1" 200 - "-" "python-requests/2.21.0"
111.70.30.251 - - [19/Apr/2024:09:18:24 +0800] "POST /robot/lora-in.php HTTP/1.1" 200 - "-" "python-requests/2.21.0"
127.0.0.1 - - [19/Apr/2024:09:19:55 +0800] "POST /robot/lora-in.php HTTP/1.1" 200 - "-" "python-requests/2.31.0"
127.0.0.1 - - [19/Apr/2024:09:19:58 +0800] "POST /robot/lora-in.php HTTP/1.1" 200 - "-" "python-requests/2.31.0"
111.70.30.251 - - [19/Apr/2024:09:20:01 +0800] "POST /robot/lora-in.php HTTP/1.1" 200 - "-" "python-requests/2.21.0"
127.0.0.1 - - [19/Apr/2024:09:20:18 +0800] "POST /robot/lora-in.php HTTP/1.1" 200 - "-" "python-requests/2.31.0"
111.70.30.250 - - [19/Apr/2024:09:20:19 +0800] "POST /robot/lora-in.php HTTP/1.1" 200 - "-" "python-requests/2.21.0"
127.0.0.1 - - [19/Apr/2024:09:20:20 +0800] "POST /robot/lora-in.php HTTP/1.1" 200 - "-" "python-requests/2.31.0"
127.0.0.1 - - [19/Apr/2024:09:20:22 +0800] "POST /robot/lora-in.php HTTP/1.1" 200 - "-" "python-requests/2.31.0"
127.0.0.1 - - [19/Apr/2024:09:20:26 +0800] "POST /robot/lora-in.php HTTP/1.1" 200 - "-" "python-requests/2.31.0"
111.70.30.253 - - [19/Apr/2024:09:20:29 +0800] "POST /robot/lora-in.php HTTP/1.1" 200 - "-" "python-requests/2.21.0"
111.70.30.251 - - [19/Apr/2024:09:21:21 +0800] "POST /robot/lora-in.php HTTP/1.1" 200 - "-" "python-requests/2.21.0"
111.70.30.252 - - [19/Apr/2024:09:21:32 +0800] "POST /robot/lora-in.php HTTP/1.1" 200 - "-" "python-requests/2.21.0"
127.0.0.1 - - [19/Apr/2024:09:23:43 +0800] "POST /robot/et-7026-in.php HTTP/1.1" 200 - "-" "python-requests/2.31.0"
111.70.30.251 - - [19/Apr/2024:09:24:04 +0800] "POST /robot/lora-in.php HTTP/1.1" 200 - "-" "python-requests/2.21.0"
127.0.0.1 - - [19/Apr/2024:09:24:28 +0800] "POST /robot/et-7026-in.php HTTP/1.1" 200 - "-" "python-requests/2.31.0"
127.0.0.1 - - [19/Apr/2024:09:24:40 +0800] "POST /robot/et-7026-in.php HTTP/1.1" 200 - "-" "python-requests/2.31.0"
111.70.30.251 - - [19/Apr/2024:09:25:20 +0800] "POST /robot/lora-in.php HTTP/1.1" 200 - "-" "python-requests/2.21.0"
127.0.0.1 - - [19/Apr/2024:09:25:31 +0800] "POST /robot/et-7026-in.php HTTP/1.1" 200 - "-" "python-requests/2.31.0"
111.70.30.251 - - [19/Apr/2024:09:27:31 +0800] "POST /robot/lora-in.php HTTP/1.1" 200 - "-" "python-requests/2.21.0"
111.70.30.251 - - [19/Apr/2024:09:28:06 +0800] "POST /robot/lora-in.php HTTP/1.1" 200 - "-" "python-requests/2.21.0"
111.70.30.250 - - [19/Apr/2024:09:28:55 +0800] "POST /robot/lora-in.php HTTP/1.1" 200 - "-" "python-requests/2.21.0"
111.70.30.253 - - [19/Apr/2024:09:29:13 +0800] "POST /robot/lora-in.php HTTP/1.1" 200 - "-" "python-requests/2.21.0"
111.70.30.251 - - [19/Apr/2024:09:29:19 +0800] "POST /robot/lora-in.php HTTP/1.1" 200 - "-" "python-requests/2.21.0"
127.0.0.1 - - [19/Apr/2024:09:29:55 +0800] "POST /robot/lora-in.php HTTP/1.1" 200 - "-" "python-requests/2.31.0"
127.0.0.1 - - [19/Apr/2024:09:30:02 +0800] "POST /robot/lora-in.php HTTP/1.1" 200 - "-" "python-requests/2.31.0"
127.0.0.1 - - [19/Apr/2024:09:30:23 +0800] "POST /robot/lora-in.php HTTP/1.1" 200 - "-" "python-requests/2.31.0"
127.0.0.1 - - [19/Apr/2024:09:30:31 +0800] "POST /robot/lora-in.php HTTP/1.1" 200 - "-" "python-requests/2.31.0"
127.0.0.1 - - [19/Apr/2024:09:30:32 +0800] "POST /robot/lora-in.php HTTP/1.1" 200 - "-" "python-requests/2.31.0"
127.0.0.1 - - [19/Apr/2024:09:30:42 +0800] "POST /robot/lora-in.php HTTP/1.1" 200 - "-" "python-requests/2.31.0"
111.70.30.252 - - [19/Apr/2024:09:30:43 +0800] "POST /robot/lora-in.php HTTP/1.1" 200 - "-" "python-requests/2.21.0"
111.70.30.251 - - [19/Apr/2024:09:32:10 +0800] "POST /robot/lora-in.php HTTP/1.1" 200 - "-" "python-requests/2.21.0"
111.70.30.251 - - [19/Apr/2024:09:33:22 +0800] "POST /robot/lora-in.php HTTP/1.1" 200 - "-" "python-requests/2.21.0"
127.0.0.1 - - [19/Apr/2024:09:33:43 +0800] "POST /robot/et-7026-in.php HTTP/1.1" 200 - "-" "python-requests/2.31.0"
127.0.0.1 - - [19/Apr/2024:09:34:28 +0800] "POST /robot/et-7026-in.php HTTP/1.1" 200 - "-" "python-requests/2.31.0"
127.0.0.1 - - [19/Apr/2024:09:34:42 +0800] "POST /robot/et-7026-in.php HTTP/1.1" 200 - "-" "python-requests/2.31.0"
127.0.0.1 - - [19/Apr/2024:09:35:32 +0800] "POST /robot/et-7026-in.php HTTP/1.1" 200 - "-" "python-requests/2.31.0"
111.70.30.251 - - [19/Apr/2024:09:36:12 +0800] "POST /robot/lora-in.php HTTP/1.1" 200 - "-" "python-requests/2.21.0"
111.70.30.251 - - [19/Apr/2024:09:36:37 +0800] "POST /robot/lora-in.php HTTP/1.1" 200 - "-" "python-requests/2.21.0"
111.70.30.251 - - [19/Apr/2024:09:37:17 +0800] "POST /robot/lora-in.php HTTP/1.1" 200 - "-" "python-requests/2.21.0"
111.70.30.253 - - [19/Apr/2024:09:37:59 +0800] "POST /robot/lora-in.php HTTP/1.1" 200 - "-" "python-requests/2.21.0"
111.70.30.252 - - [19/Apr/2024:09:39:54 +0800] "POST /robot/lora-in.php HTTP/1.1" 200 - "-" "python-requests/2.21.0"
127.0.0.1 - - [19/Apr/2024:09:39:55 +0800] "POST /robot/lora-in.php HTTP/1.1" 200 - "-" "python-requests/2.31.0"
127.0.0.1 - - [19/Apr/2024:09:40:01 +0800] "POST /robot/lora-in.php HTTP/1.1" 200 - "-" "python-requests/2.31.0"
111.70.30.251 - - [19/Apr/2024:09:40:15 +0800] "POST /robot/lora-in.php HTTP/1.1" 200 - "-" "python-requests/2.21.0"
127.0.0.1 - - [19/Apr/2024:09:40:21 +0800] "POST /robot/lora-in.php HTTP/1.1" 200 - "-" "python-requests/2.31.0"
127.0.0.1 - - [19/Apr/2024:09:40:30 +0800] "POST /robot/lora-in.php HTTP/1.1" 200 - "-" "python-requests/2.31.0"
127.0.0.1 - - [19/Apr/2024:09:40:38 +0800] "POST /robot/lora-in.php HTTP/1.1" 200 - "-" "python-requests/2.31.0"
127.0.0.1 - - [19/Apr/2024:09:40:46 +0800] "POST /robot/lora-in.php HTTP/1.1" 200 - "-" "python-requests/2.31.0"
111.70.30.251 - - [19/Apr/2024:09:41:16 +0800] "POST /robot/lora-in.php HTTP/1.1" 200 - "-" "python-requests/2.21.0"
127.0.0.1 - - [19/Apr/2024:09:43:46 +0800] "POST /robot/et-7026-in.php HTTP/1.1" 200 - "-" "python-requests/2.31.0"
111.70.30.251 - - [19/Apr/2024:09:44:17 +0800] "POST /robot/lora-in.php HTTP/1.1" 200 - "-" "python-requests/2.21.0"
127.0.0.1 - - [19/Apr/2024:09:44:29 +0800] "POST /robot/et-7026-in.php HTTP/1.1" 200 - "-" "python-requests/2.31.0"
127.0.0.1 - - [19/Apr/2024:09:44:45 +0800] "POST /robot/et-7026-in.php HTTP/1.1" 200 - "-" "python-requests/2.31.0"
111.70.30.251 - - [19/Apr/2024:09:45:14 +0800] "POST /robot/lora-in.php HTTP/1.1" 200 - "-" "python-requests/2.21.0"
127.0.0.1 - - [19/Apr/2024:09:45:35 +0800] "POST /robot/et-7026-in.php HTTP/1.1" 200 - "-" "python-requests/2.31.0"
111.70.30.251 - - [19/Apr/2024:09:45:44 +0800] "POST /robot/lora-in.php HTTP/1.1" 200 - "-" "python-requests/2.21.0"
111.70.30.250 - - [19/Apr/2024:09:46:05 +0800] "POST /robot/lora-in.php HTTP/1.1" 200 - "-" "python-requests/2.21.0"
111.70.30.253 - - [19/Apr/2024:09:46:43 +0800] "POST /robot/lora-in.php HTTP/1.1" 200 - "-" "python-requests/2.21.0"
111.70.30.251 - - [19/Apr/2024:09:48:20 +0800] "POST /robot/lora-in.php HTTP/1.1" 200 - "-" "python-requests/2.21.0"
111.70.30.252 - - [19/Apr/2024:09:49:05 +0800] "POST /robot/lora-in.php HTTP/1.1" 200 - "-" "python-requests/2.21.0"
111.70.30.251 - - [19/Apr/2024:09:49:13 +0800] "POST /robot/lora-in.php HTTP/1.1" 200 - "-" "python-requests/2.21.0"
127.0.0.1 - - [19/Apr/2024:09:49:55 +0800] "POST /robot/lora-in.php HTTP/1.1" 200 - "-" "python-requests/2.31.0"
127.0.0.1 - - [19/Apr/2024:09:50:03 +0800] "POST /robot/lora-in.php HTTP/1.1" 200 - "-" "python-requests/2.31.0"
127.0.0.1 - - [19/Apr/2024:09:50:20 +0800] "POST /robot/lora-in.php HTTP/1.1" 200 - "-" "python-requests/2.31.0"
127.0.0.1 - - [19/Apr/2024:09:50:26 +0800] "POST /robot/lora-in.php HTTP/1.1" 200 - "-" "python-requests/2.31.0"
127.0.0.1 - - [19/Apr/2024:09:50:29 +0800] "POST /robot/lora-in.php HTTP/1.1" 200 - "-" "python-requests/2.31.0"
127.0.0.1 - - [19/Apr/2024:09:50:32 +0800] "POST /robot/lora-in.php HTTP/1.1" 200 - "-" "python-requests/2.31.0"
111.70.30.251 - - [19/Apr/2024:09:52:29 +0800] "POST /robot/lora-in.php HTTP/1.1" 200 - "-" "python-requests/2.21.0"
111.70.30.251 - - [19/Apr/2024:09:53:12 +0800] "POST /robot/lora-in.php HTTP/1.1" 200 - "-" "python-requests/2.21.0"
127.0.0.1 - - [19/Apr/2024:09:53:49 +0800] "POST /robot/et-7026-in.php HTTP/1.1" 200 - "-" "python-requests/2.31.0"
127.0.0.1 - - [19/Apr/2024:09:54:29 +0800] "POST /robot/et-7026-in.php HTTP/1.1" 200 - "-" "python-requests/2.31.0"
111.70.30.250 - - [19/Apr/2024:09:54:40 +0800] "POST /robot/lora-in.php HTTP/1.1" 200 - "-" "python-requests/2.21.0"
127.0.0.1 - - [19/Apr/2024:09:54:47 +0800] "POST /robot/et-7026-in.php HTTP/1.1" 200 - "-" "python-requests/2.31.0"
111.70.30.251 - - [19/Apr/2024:09:54:49 +0800] "POST /robot/lora-in.php HTTP/1.1" 200 - "-" "python-requests/2.21.0"
111.70.30.253 - - [19/Apr/2024:09:55:28 +0800] "POST /robot/lora-in.php HTTP/1.1" 200 - "-" "python-requests/2.21.0"
127.0.0.1 - - [19/Apr/2024:09:55:38 +0800] "POST /robot/et-7026-in.php HTTP/1.1" 200 - "-" "python-requests/2.31.0"
111.70.30.251 - - [19/Apr/2024:09:56:26 +0800] "POST /robot/lora-in.php HTTP/1.1" 200 - "-" "python-requests/2.21.0"
111.70.30.251 - - [19/Apr/2024:09:57:11 +0800] "POST /robot/lora-in.php HTTP/1.1" 200 - "-" "python-requests/2.21.0"
111.70.30.252 - - [19/Apr/2024:09:58:16 +0800] "POST /robot/lora-in.php HTTP/1.1" 200 - "-" "python-requests/2.21.0"
127.0.0.1 - - [19/Apr/2024:09:59:55 +0800] "POST /robot/lora-in.php HTTP/1.1" 200 - "-" "python-requests/2.31.0"
127.0.0.1 - - [19/Apr/2024:10:00:06 +0800] "POST /robot/lora-in.php HTTP/1.1" 200 - "-" "python-requests/2.31.0"
127.0.0.1 - - [19/Apr/2024:10:00:23 +0800] "POST /robot/lora-in.php HTTP/1.1" 200 - "-" "python-requests/2.31.0"
127.0.0.1 - - [19/Apr/2024:10:00:25 +0800] "POST /robot/lora-in.php HTTP/1.1" 200 - "-" "python-requests/2.31.0"
111.70.30.251 - - [19/Apr/2024:10:00:28 +0800] "POST /robot/lora-in.php HTTP/1.1" 200 - "-" "python-requests/2.21.0"
127.0.0.1 - - [19/Apr/2024:10:00:33 +0800] "POST /robot/lora-in.php HTTP/1.1" 200 - "-" "python-requests/2.31.0"
127.0.0.1 - - [19/Apr/2024:10:00:35 +0800] "POST /robot/lora-in.php HTTP/1.1" 200 - "-" "python-requests/2.31.0"
111.70.30.251 - - [19/Apr/2024:10:01:10 +0800] "POST /robot/lora-in.php HTTP/1.1" 200 - "-" "python-requests/2.21.0"
111.70.30.250 - - [19/Apr/2024:10:03:15 +0800] "POST /robot/lora-in.php HTTP/1.1" 200 - "-" "python-requests/2.21.0"
127.0.0.1 - - [19/Apr/2024:10:03:49 +0800] "POST /robot/et-7026-in.php HTTP/1.1" 200 - "-" "python-requests/2.31.0"
111.70.30.251 - - [19/Apr/2024:10:03:59 +0800] "POST /robot/lora-in.php HTTP/1.1" 200 - "-" "python-requests/2.21.0"
111.70.30.253 - - [19/Apr/2024:10:04:13 +0800] "POST /robot/lora-in.php HTTP/1.1" 200 - "-" "python-requests/2.21.0"
127.0.0.1 - - [19/Apr/2024:10:04:29 +0800] "POST /robot/et-7026-in.php HTTP/1.1" 200 - "-" "python-requests/2.31.0"
111.70.30.251 - - [19/Apr/2024:10:04:31 +0800] "POST /robot/lora-in.php HTTP/1.1" 200 - "-" "python-requests/2.21.0"
127.0.0.1 - - [19/Apr/2024:10:04:50 +0800] "POST /robot/et-7026-in.php HTTP/1.1" 200 - "-" "python-requests/2.31.0"
111.70.30.251 - - [19/Apr/2024:10:05:10 +0800] "POST /robot/lora-in.php HTTP/1.1" 200 - "-" "python-requests/2.21.0"
127.0.0.1 - - [19/Apr/2024:10:05:38 +0800] "POST /robot/et-7026-in.php HTTP/1.1" 200 - "-" "python-requests/2.31.0"
111.70.30.252 - - [19/Apr/2024:10:07:27 +0800] "POST /robot/lora-in.php HTTP/1.1" 200 - "-" "python-requests/2.21.0"
111.70.30.251 - - [19/Apr/2024:10:08:34 +0800] "POST /robot/lora-in.php HTTP/1.1" 200 - "-" "python-requests/2.21.0"
111.70.30.251 - - [19/Apr/2024:10:09:08 +0800] "POST /robot/lora-in.php HTTP/1.1" 200 - "-" "python-requests/2.21.0"
127.0.0.1 - - [19/Apr/2024:10:09:55 +0800] "POST /robot/lora-in.php HTTP/1.1" 200 - "-" "python-requests/2.31.0"
127.0.0.1 - - [19/Apr/2024:10:09:57 +0800] "POST /robot/lora-in.php HTTP/1.1" 200 - "-" "python-requests/2.31.0"
127.0.0.1 - - [19/Apr/2024:10:10:16 +0800] "POST /robot/lora-in.php HTTP/1.1" 200 - "-" "python-requests/2.31.0"
127.0.0.1 - - [19/Apr/2024:10:10:21 +0800] "POST /robot/lora-in.php HTTP/1.1" 200 - "-" "python-requests/2.31.0"
127.0.0.1 - - [19/Apr/2024:10:10:30 +0800] "POST /robot/lora-in.php HTTP/1.1" 200 - "-" "python-requests/2.31.0"
127.0.0.1 - - [19/Apr/2024:10:10:31 +0800] "POST /robot/lora-in.php HTTP/1.1" 200 - "-" "python-requests/2.31.0"
111.70.30.250 - - [19/Apr/2024:10:11:51 +0800] "POST /robot/lora-in.php HTTP/1.1" 200 - "-" "python-requests/2.21.0"
111.70.30.251 - - [19/Apr/2024:10:12:37 +0800] "POST /robot/lora-in.php HTTP/1.1" 200 - "-" "python-requests/2.21.0"
111.70.30.253 - - [19/Apr/2024:10:12:58 +0800] "POST /robot/lora-in.php HTTP/1.1" 200 - "-" "python-requests/2.21.0"
111.70.30.251 - - [19/Apr/2024:10:13:02 +0800] "POST /robot/lora-in.php HTTP/1.1" 200 - "-" "python-requests/2.21.0"
127.0.0.1 - - [19/Apr/2024:10:13:50 +0800] "POST /robot/et-7026-in.php HTTP/1.1" 200 - "-" "python-requests/2.31.0"
127.0.0.1 - - [19/Apr/2024:10:14:29 +0800] "POST /robot/et-7026-in.php HTTP/1.1" 200 - "-" "python-requests/2.31.0"
127.0.0.1 - - [19/Apr/2024:10:14:53 +0800] "POST /robot/et-7026-in.php HTTP/1.1" 200 - "-" "python-requests/2.31.0"
127.0.0.1 - - [19/Apr/2024:10:15:39 +0800] "POST /robot/et-7026-in.php HTTP/1.1" 200 - "-" "python-requests/2.31.0"
111.70.30.252 - - [19/Apr/2024:10:16:38 +0800] "POST /robot/lora-in.php HTTP/1.1" 200 - "-" "python-requests/2.21.0"
111.70.30.251 - - [19/Apr/2024:10:16:39 +0800] "POST /robot/lora-in.php HTTP/1.1" 200 - "-" "python-requests/2.21.0"
111.70.30.251 - - [19/Apr/2024:10:17:06 +0800] "POST /robot/lora-in.php HTTP/1.1" 200 - "-" "python-requests/2.21.0"
127.0.0.1 - - [19/Apr/2024:10:19:55 +0800] "POST /robot/lora-in.php HTTP/1.1" 200 - "-" "python-requests/2.31.0"
127.0.0.1 - - [19/Apr/2024:10:20:04 +0800] "POST /robot/lora-in.php HTTP/1.1" 200 - "-" "python-requests/2.31.0"
127.0.0.1 - - [19/Apr/2024:10:20:23 +0800] "POST /robot/lora-in.php HTTP/1.1" 200 - "-" "python-requests/2.31.0"
111.70.30.250 - - [19/Apr/2024:10:20:26 +0800] "POST /robot/lora-in.php HTTP/1.1" 200 - "-" "python-requests/2.21.0"
127.0.0.1 - - [19/Apr/2024:10:20:31 +0800] "POST /robot/lora-in.php HTTP/1.1" 200 - "-" "python-requests/2.31.0"
127.0.0.1 - - [19/Apr/2024:10:20:34 +0800] "POST /robot/lora-in.php HTTP/1.1" 200 - "-" "python-requests/2.31.0"
127.0.0.1 - - [19/Apr/2024:10:20:38 +0800] "POST /robot/lora-in.php HTTP/1.1" 200 - "-" "python-requests/2.31.0"
111.70.30.251 - - [19/Apr/2024:10:20:42 +0800] "POST /robot/lora-in.php HTTP/1.1" 200 - "-" "python-requests/2.21.0"
111.70.30.251 - - [19/Apr/2024:10:21:05 +0800] "POST /robot/lora-in.php HTTP/1.1" 200 - "-" "python-requests/2.21.0"
111.70.30.253 - - [19/Apr/2024:10:21:42 +0800] "POST /robot/lora-in.php HTTP/1.1" 200 - "-" "python-requests/2.21.0"
111.70.30.251 - - [19/Apr/2024:10:22:10 +0800] "POST /robot/lora-in.php HTTP/1.1" 200 - "-" "python-requests/2.21.0"
127.0.0.1 - - [19/Apr/2024:10:23:52 +0800] "POST /robot/et-7026-in.php HTTP/1.1" 200 - "-" "python-requests/2.31.0"
127.0.0.1 - - [19/Apr/2024:10:24:30 +0800] "POST /robot/et-7026-in.php HTTP/1.1" 200 - "-" "python-requests/2.31.0"
111.70.30.251 - - [19/Apr/2024:10:24:45 +0800] "POST /robot/lora-in.php HTTP/1.1" 200 - "-" "python-requests/2.21.0"
127.0.0.1 - - [19/Apr/2024:10:24:56 +0800] "POST /robot/et-7026-in.php HTTP/1.1" 200 - "-" "python-requests/2.31.0"
111.70.30.251 - - [19/Apr/2024:10:25:05 +0800] "POST /robot/lora-in.php HTTP/1.1" 200 - "-" "python-requests/2.21.0"
127.0.0.1 - - [19/Apr/2024:10:25:40 +0800] "POST /robot/et-7026-in.php HTTP/1.1" 200 - "-" "python-requests/2.31.0"
111.70.30.252 - - [19/Apr/2024:10:25:49 +0800] "POST /robot/lora-in.php HTTP/1.1" 200 - "-" "python-requests/2.21.0"
111.70.30.251 - - [19/Apr/2024:10:28:48 +0800] "POST /robot/lora-in.php HTTP/1.1" 200 - "-" "python-requests/2.21.0"
111.70.30.250 - - [19/Apr/2024:10:29:01 +0800] "POST /robot/lora-in.php HTTP/1.1" 200 - "-" "python-requests/2.21.0"
111.70.30.251 - - [19/Apr/2024:10:29:03 +0800] "POST /robot/lora-in.php HTTP/1.1" 200 - "-" "python-requests/2.21.0"
127.0.0.1 - - [19/Apr/2024:10:29:55 +0800] "POST /robot/lora-in.php HTTP/1.1" 200 - "-" "python-requests/2.31.0"
127.0.0.1 - - [19/Apr/2024:10:30:00 +0800] "POST /robot/lora-in.php HTTP/1.1" 200 - "-" "python-requests/2.31.0"
127.0.0.1 - - [19/Apr/2024:10:30:23 +0800] "POST /robot/lora-in.php HTTP/1.1" 200 - "-" "python-requests/2.31.0"
127.0.0.1 - - [19/Apr/2024:10:30:24 +0800] "POST /robot/lora-in.php HTTP/1.1" 200 - "-" "python-requests/2.31.0"
111.70.30.253 - - [19/Apr/2024:10:30:28 +0800] "POST /robot/lora-in.php HTTP/1.1" 200 - "-" "python-requests/2.21.0"
127.0.0.1 - - [19/Apr/2024:10:30:33 +0800] "POST /robot/lora-in.php HTTP/1.1" 200 - "-" "python-requests/2.31.0"
127.0.0.1 - - [19/Apr/2024:10:30:34 +0800] "POST /robot/lora-in.php HTTP/1.1" 200 - "-" "python-requests/2.31.0"
111.70.30.251 - - [19/Apr/2024:10:31:14 +0800] "POST /robot/lora-in.php HTTP/1.1" 200 - "-" "python-requests/2.21.0"
111.70.30.251 - - [19/Apr/2024:10:32:51 +0800] "POST /robot/lora-in.php HTTP/1.1" 200 - "-" "python-requests/2.21.0"
111.70.30.251 - - [19/Apr/2024:10:33:03 +0800] "POST /robot/lora-in.php HTTP/1.1" 200 - "-" "python-requests/2.21.0"
127.0.0.1 - - [19/Apr/2024:10:33:53 +0800] "POST /robot/et-7026-in.php HTTP/1.1" 200 - "-" "python-requests/2.31.0"
127.0.0.1 - - [19/Apr/2024:10:34:33 +0800] "POST /robot/et-7026-in.php HTTP/1.1" 200 - "-" "python-requests/2.31.0"
127.0.0.1 - - [19/Apr/2024:10:34:56 +0800] "POST /robot/et-7026-in.php HTTP/1.1" 200 - "-" "python-requests/2.31.0"
111.70.30.252 - - [19/Apr/2024:10:35:00 +0800] "POST /robot/lora-in.php HTTP/1.1" 200 - "-" "python-requests/2.21.0"
127.0.0.1 - - [19/Apr/2024:10:35:41 +0800] "POST /robot/et-7026-in.php HTTP/1.1" 200 - "-" "python-requests/2.31.0"
111.70.30.251 - - [19/Apr/2024:10:37:01 +0800] "POST /robot/lora-in.php HTTP/1.1" 200 - "-" "python-requests/2.21.0"
111.70.30.250 - - [19/Apr/2024:10:37:36 +0800] "POST /robot/lora-in.php HTTP/1.1" 200 - "-" "python-requests/2.21.0"
111.70.30.253 - - [19/Apr/2024:10:39:12 +0800] "POST /robot/lora-in.php HTTP/1.1" 200 - "-" "python-requests/2.21.0"
127.0.0.1 - - [19/Apr/2024:10:39:55 +0800] "POST /robot/lora-in.php HTTP/1.1" 200 - "-" "python-requests/2.31.0"
127.0.0.1 - - [19/Apr/2024:10:39:57 +0800] "POST /robot/lora-in.php HTTP/1.1" 200 - "-" "python-requests/2.31.0"
127.0.0.1 - - [19/Apr/2024:10:40:18 +0800] "POST /robot/lora-in.php HTTP/1.1" 200 - "-" "python-requests/2.31.0"
111.70.30.251 - - [19/Apr/2024:10:40:20 +0800] "POST /robot/lora-in.php HTTP/1.1" 200 - "-" "python-requests/2.21.0"
127.0.0.1 - - [19/Apr/2024:10:40:28 +0800] "POST /robot/lora-in.php HTTP/1.1" 200 - "-" "python-requests/2.31.0"
127.0.0.1 - - [19/Apr/2024:10:40:35 +0800] "POST /robot/lora-in.php HTTP/1.1" 200 - "-" "python-requests/2.31.0"
127.0.0.1 - - [19/Apr/2024:10:40:43 +0800] "POST /robot/lora-in.php HTTP/1.1" 200 - "-" "python-requests/2.31.0"
111.70.30.251 - - [19/Apr/2024:10:40:56 +0800] "POST /robot/lora-in.php HTTP/1.1" 200 - "-" "python-requests/2.21.0"
127.0.0.1 - - [19/Apr/2024:10:43:53 +0800] "POST /robot/et-7026-in.php HTTP/1.1" 200 - "-" "python-requests/2.31.0"
111.70.30.252 - - [19/Apr/2024:10:44:11 +0800] "POST /robot/lora-in.php HTTP/1.1" 200 - "-" "python-requests/2.21.0"
127.0.0.1 - - [19/Apr/2024:10:44:33 +0800] "POST /robot/et-7026-in.php HTTP/1.1" 200 - "-" "python-requests/2.31.0"
127.0.0.1 - - [19/Apr/2024:10:44:56 +0800] "POST /robot/et-7026-in.php HTTP/1.1" 200 - "-" "python-requests/2.31.0"
111.70.30.251 - - [19/Apr/2024:10:45:00 +0800] "POST /robot/lora-in.php HTTP/1.1" 200 - "-" "python-requests/2.21.0"
127.0.0.1 - - [19/Apr/2024:10:45:41 +0800] "POST /robot/et-7026-in.php HTTP/1.1" 200 - "-" "python-requests/2.31.0"
111.70.30.250 - - [19/Apr/2024:10:46:11 +0800] "POST /robot/lora-in.php HTTP/1.1" 200 - "-" "python-requests/2.21.0"
111.70.30.253 - - [19/Apr/2024:10:47:57 +0800] "POST /robot/lora-in.php HTTP/1.1" 200 - "-" "python-requests/2.21.0"
111.70.30.251 - - [19/Apr/2024:10:48:58 +0800] "POST /robot/lora-in.php HTTP/1.1" 200 - "-" "python-requests/2.21.0"
111.70.30.251 - - [19/Apr/2024:10:49:26 +0800] "POST /robot/lora-in.php HTTP/1.1" 200 - "-" "python-requests/2.21.0"
127.0.0.1 - - [19/Apr/2024:10:49:55 +0800] "POST /robot/lora-in.php HTTP/1.1" 200 - "-" "python-requests/2.31.0"
127.0.0.1 - - [19/Apr/2024:10:50:03 +0800] "POST /robot/lora-in.php HTTP/1.1" 200 - "-" "python-requests/2.31.0"
127.0.0.1 - - [19/Apr/2024:10:50:21 +0800] "POST /robot/lora-in.php HTTP/1.1" 200 - "-" "python-requests/2.31.0"
127.0.0.1 - - [19/Apr/2024:10:50:30 +0800] "POST /robot/lora-in.php HTTP/1.1" 200 - "-" "python-requests/2.31.0"
127.0.0.1 - - [19/Apr/2024:10:50:37 +0800] "POST /robot/lora-in.php HTTP/1.1" 200 - "-" "python-requests/2.31.0"
127.0.0.1 - - [19/Apr/2024:10:50:45 +0800] "POST /robot/lora-in.php HTTP/1.1" 200 - "-" "python-requests/2.31.0"
111.70.30.251 - - [19/Apr/2024:10:52:57 +0800] "POST /robot/lora-in.php HTTP/1.1" 200 - "-" "python-requests/2.21.0"
111.70.30.251 - - [19/Apr/2024:10:53:05 +0800] "POST /robot/lora-in.php HTTP/1.1" 200 - "-" "python-requests/2.21.0"
111.70.30.252 - - [19/Apr/2024:10:53:23 +0800] "POST /robot/lora-in.php HTTP/1.1" 200 - "-" "python-requests/2.21.0"
127.0.0.1 - - [19/Apr/2024:10:53:54 +0800] "POST /robot/et-7026-in.php HTTP/1.1" 200 - "-" "python-requests/2.31.0"
127.0.0.1 - - [19/Apr/2024:10:54:34 +0800] "POST /robot/et-7026-in.php HTTP/1.1" 200 - "-" "python-requests/2.31.0"
111.70.30.250 - - [19/Apr/2024:10:54:46 +0800] "POST /robot/lora-in.php HTTP/1.1" 200 - "-" "python-requests/2.21.0"
127.0.0.1 - - [19/Apr/2024:10:54:56 +0800] "POST /robot/et-7026-in.php HTTP/1.1" 200 - "-" "python-requests/2.31.0"
127.0.0.1 - - [19/Apr/2024:10:55:42 +0800] "POST /robot/et-7026-in.php HTTP/1.1" 200 - "-" "python-requests/2.31.0"
111.70.30.253 - - [19/Apr/2024:10:56:42 +0800] "POST /robot/lora-in.php HTTP/1.1" 200 - "-" "python-requests/2.21.0"
111.70.30.251 - - [19/Apr/2024:10:56:56 +0800] "POST /robot/lora-in.php HTTP/1.1" 200 - "-" "python-requests/2.21.0"
111.70.30.251 - - [19/Apr/2024:10:57:08 +0800] "POST /robot/lora-in.php HTTP/1.1" 200 - "-" "python-requests/2.21.0"
111.70.30.251 - - [19/Apr/2024:10:58:31 +0800] "POST /robot/lora-in.php HTTP/1.1" 200 - "-" "python-requests/2.21.0"
127.0.0.1 - - [19/Apr/2024:10:59:55 +0800] "POST /robot/lora-in.php HTTP/1.1" 200 - "-" "python-requests/2.31.0"
127.0.0.1 - - [19/Apr/2024:10:59:59 +0800] "POST /robot/lora-in.php HTTP/1.1" 200 - "-" "python-requests/2.31.0"
127.0.0.1 - - [19/Apr/2024:11:00:14 +0800] "POST /robot/lora-in.php HTTP/1.1" 200 - "-" "python-requests/2.31.0"
127.0.0.1 - - [19/Apr/2024:11:00:24 +0800] "POST /robot/lora-in.php HTTP/1.1" 200 - "-" "python-requests/2.31.0"
127.0.0.1 - - [19/Apr/2024:11:00:27 +0800] "POST /robot/lora-in.php HTTP/1.1" 200 - "-" "python-requests/2.31.0"
127.0.0.1 - - [19/Apr/2024:11:00:28 +0800] "POST /robot/lora-in.php HTTP/1.1" 200 - "-" "python-requests/2.31.0"
111.70.30.251 - - [19/Apr/2024:11:00:55 +0800] "POST /robot/lora-in.php HTTP/1.1" 200 - "-" "python-requests/2.21.0"
111.70.30.251 - - [19/Apr/2024:11:01:11 +0800] "POST /robot/lora-in.php HTTP/1.1" 200 - "-" "python-requests/2.21.0"
111.70.30.252 - - [19/Apr/2024:11:02:34 +0800] "POST /robot/lora-in.php HTTP/1.1" 200 - "-" "python-requests/2.21.0"
111.70.30.250 - - [19/Apr/2024:11:03:21 +0800] "POST /robot/lora-in.php HTTP/1.1" 200 - "-" "python-requests/2.21.0"
127.0.0.1 - - [19/Apr/2024:11:03:55 +0800] "POST /robot/et-7026-in.php HTTP/1.1" 200 - "-" "python-requests/2.31.0"
127.0.0.1 - - [19/Apr/2024:11:04:35 +0800] "POST /robot/et-7026-in.php HTTP/1.1" 200 - "-" "python-requests/2.31.0"
111.70.30.251 - - [19/Apr/2024:11:04:54 +0800] "POST /robot/lora-in.php HTTP/1.1" 200 - "-" "python-requests/2.21.0"
127.0.0.1 - - [19/Apr/2024:11:04:59 +0800] "POST /robot/et-7026-in.php HTTP/1.1" 200 - "-" "python-requests/2.31.0"
111.70.30.251 - - [19/Apr/2024:11:05:15 +0800] "POST /robot/lora-in.php HTTP/1.1" 200 - "-" "python-requests/2.21.0"
111.70.30.253 - - [19/Apr/2024:11:05:26 +0800] "POST /robot/lora-in.php HTTP/1.1" 200 - "-" "python-requests/2.21.0"
127.0.0.1 - - [19/Apr/2024:11:05:45 +0800] "POST /robot/et-7026-in.php HTTP/1.1" 200 - "-" "python-requests/2.31.0"
111.70.30.251 - - [19/Apr/2024:11:07:37 +0800] "POST /robot/lora-in.php HTTP/1.1" 200 - "-" "python-requests/2.21.0"
111.70.30.251 - - [19/Apr/2024:11:08:53 +0800] "POST /robot/lora-in.php HTTP/1.1" 200 - "-" "python-requests/2.21.0"
111.70.30.251 - - [19/Apr/2024:11:09:16 +0800] "POST /robot/lora-in.php HTTP/1.1" 200 - "-" "python-requests/2.21.0"
127.0.0.1 - - [19/Apr/2024:11:09:55 +0800] "POST /robot/lora-in.php HTTP/1.1" 200 - "-" "python-requests/2.31.0"
127.0.0.1 - - [19/Apr/2024:11:10:01 +0800] "POST /robot/lora-in.php HTTP/1.1" 200 - "-" "python-requests/2.31.0"
127.0.0.1 - - [19/Apr/2024:11:10:23 +0800] "POST /robot/lora-in.php HTTP/1.1" 200 - "-" "python-requests/2.31.0"
127.0.0.1 - - [19/Apr/2024:11:10:32 +0800] "POST /robot/lora-in.php HTTP/1.1" 200 - "-" "python-requests/2.31.0"
127.0.0.1 - - [19/Apr/2024:11:10:36 +0800] "POST /robot/lora-in.php HTTP/1.1" 200 - "-" "python-requests/2.31.0"
127.0.0.1 - - [19/Apr/2024:11:10:41 +0800] "POST /robot/lora-in.php HTTP/1.1" 200 - "-" "python-requests/2.31.0"
111.70.30.252 - - [19/Apr/2024:11:11:46 +0800] "POST /robot/lora-in.php HTTP/1.1" 200 - "-" "python-requests/2.21.0"
111.70.30.250 - - [19/Apr/2024:11:11:57 +0800] "POST /robot/lora-in.php HTTP/1.1" 200 - "-" "python-requests/2.21.0"
111.70.30.251 - - [19/Apr/2024:11:12:53 +0800] "POST /robot/lora-in.php HTTP/1.1" 200 - "-" "python-requests/2.21.0"
111.70.30.251 - - [19/Apr/2024:11:13:19 +0800] "POST /robot/lora-in.php HTTP/1.1" 200 - "-" "python-requests/2.21.0"
127.0.0.1 - - [19/Apr/2024:11:13:56 +0800] "POST /robot/et-7026-in.php HTTP/1.1" 200 - "-" "python-requests/2.31.0"
