111.70.30.250 - - [04/Oct/2024:10:25:31 +0800] "POST /robot/lora-in.php HTTP/1.1" 200 - "-" "python-requests/2.21.0"
127.0.0.1 - - [04/Oct/2024:10:25:34 +0800] "POST /robot/lora-in.php HTTP/1.1" 200 - "-" "python-requests/2.31.0"
127.0.0.1 - - [04/Oct/2024:10:25:38 +0800] "POST /robot/lora-in.php HTTP/1.1" 200 - "-" "python-requests/2.31.0"
127.0.0.1 - - [04/Oct/2024:10:25:47 +0800] "POST /robot/lora-in.php HTTP/1.1" 200 - "-" "python-requests/2.31.0"
127.0.0.1 - - [04/Oct/2024:10:25:56 +0800] "POST /robot/lora-in.php HTTP/1.1" 200 - "-" "python-requests/2.31.0"
127.0.0.1 - - [04/Oct/2024:10:26:00 +0800] "GET /robot/alarm-history-in.php HTTP/1.1" 200 - "-" "python-requests/2.28.1"
127.0.0.1 - - [04/Oct/2024:10:27:00 +0800] "GET /robot/alarm-history-in.php HTTP/1.1" 200 - "-" "python-requests/2.28.1"
111.70.30.251 - - [04/Oct/2024:10:27:20 +0800] "POST /robot/lora-in.php HTTP/1.1" 200 - "-" "python-requests/2.21.0"
111.70.30.253 - - [04/Oct/2024:10:28:00 +0800] "POST /robot/lora-in.php HTTP/1.1" 200 - "-" "python-requests/2.21.0"
127.0.0.1 - - [04/Oct/2024:10:28:00 +0800] "GET /robot/alarm-history-in.php HTTP/1.1" 200 - "-" "python-requests/2.28.1"
111.70.30.251 - - [04/Oct/2024:10:28:47 +0800] "POST /robot/lora-in.php HTTP/1.1" 200 - "-" "python-requests/2.21.0"
127.0.0.1 - - [04/Oct/2024:10:29:00 +0800] "GET /robot/alarm-history-in.php HTTP/1.1" 200 - "-" "python-requests/2.28.1"
127.0.0.1 - - [04/Oct/2024:10:30:00 +0800] "GET /robot/alarm-history-in.php HTTP/1.1" 200 - "-" "python-requests/2.28.1"
111.70.30.252 - - [04/Oct/2024:10:30:58 +0800] "POST /robot/lora-in.php HTTP/1.1" 200 - "-" "python-requests/2.21.0"
127.0.0.1 - - [04/Oct/2024:10:31:00 +0800] "GET /robot/alarm-history-in.php HTTP/1.1" 200 - "-" "python-requests/2.28.1"
111.70.30.251 - - [04/Oct/2024:10:31:20 +0800] "POST /robot/lora-in.php HTTP/1.1" 200 - "-" "python-requests/2.21.0"
127.0.0.1 - - [04/Oct/2024:10:32:00 +0800] "GET /robot/alarm-history-in.php HTTP/1.1" 200 - "-" "python-requests/2.28.1"
111.70.30.251 - - [04/Oct/2024:10:32:32 +0800] "POST /robot/lora-in.php HTTP/1.1" 200 - "-" "python-requests/2.21.0"
111.70.30.251 - - [04/Oct/2024:10:32:49 +0800] "POST /robot/lora-in.php HTTP/1.1" 200 - "-" "python-requests/2.21.0"
127.0.0.1 - - [04/Oct/2024:10:33:00 +0800] "GET /robot/alarm-history-in.php HTTP/1.1" 200 - "-" "python-requests/2.28.1"
127.0.0.1 - - [04/Oct/2024:10:34:00 +0800] "GET /robot/alarm-history-in.php HTTP/1.1" 200 - "-" "python-requests/2.28.1"
111.70.30.250 - - [04/Oct/2024:10:34:06 +0800] "POST /robot/lora-in.php HTTP/1.1" 200 - "-" "python-requests/2.21.0"
127.0.0.1 - - [04/Oct/2024:10:35:00 +0800] "GET /robot/alarm-history-in.php HTTP/1.1" 200 - "-" "python-requests/2.28.1"
127.0.0.1 - - [04/Oct/2024:10:35:05 +0800] "POST /robot/et-7026-in.php HTTP/1.1" 200 - "-" "python-requests/2.31.0"
127.0.0.1 - - [04/Oct/2024:10:35:05 +0800] "POST /robot/et-7026-in.php HTTP/1.1" 200 - "-" "python-requests/2.31.0"
127.0.0.1 - - [04/Oct/2024:10:35:06 +0800] "POST /robot/et-7026-in.php HTTP/1.1" 200 - "-" "python-requests/2.31.0"
127.0.0.1 - - [04/Oct/2024:10:35:10 +0800] "POST /robot/lora-in.php HTTP/1.1" 200 - "-" "python-requests/2.31.0"
127.0.0.1 - - [04/Oct/2024:10:35:11 +0800] "POST /robot/et-7026-in.php HTTP/1.1" 200 - "-" "python-requests/2.31.0"
127.0.0.1 - - [04/Oct/2024:10:35:13 +0800] "POST /robot/lora-in.php HTTP/1.1" 200 - "-" "python-requests/2.31.0"
111.70.30.251 - - [04/Oct/2024:10:35:18 +0800] "POST /robot/lora-in.php HTTP/1.1" 200 - "-" "python-requests/2.21.0"
127.0.0.1 - - [04/Oct/2024:10:35:29 +0800] "POST /robot/lora-in.php HTTP/1.1" 200 - "-" "python-requests/2.31.0"
127.0.0.1 - - [04/Oct/2024:10:35:36 +0800] "POST /robot/lora-in.php HTTP/1.1" 200 - "-" "python-requests/2.31.0"
127.0.0.1 - - [04/Oct/2024:10:35:38 +0800] "POST /robot/lora-in.php HTTP/1.1" 200 - "-" "python-requests/2.31.0"
127.0.0.1 - - [04/Oct/2024:10:35:45 +0800] "POST /robot/lora-in.php HTTP/1.1" 200 - "-" "python-requests/2.31.0"
127.0.0.1 - - [04/Oct/2024:10:36:00 +0800] "GET /robot/alarm-history-in.php HTTP/1.1" 200 - "-" "python-requests/2.28.1"
111.70.30.253 - - [04/Oct/2024:10:36:45 +0800] "POST /robot/lora-in.php HTTP/1.1" 200 - "-" "python-requests/2.21.0"
111.70.30.251 - - [04/Oct/2024:10:36:52 +0800] "POST /robot/lora-in.php HTTP/1.1" 200 - "-" "python-requests/2.21.0"
127.0.0.1 - - [04/Oct/2024:10:37:00 +0800] "GET /robot/alarm-history-in.php HTTP/1.1" 200 - "-" "python-requests/2.28.1"
127.0.0.1 - - [04/Oct/2024:10:38:00 +0800] "GET /robot/alarm-history-in.php HTTP/1.1" 200 - "-" "python-requests/2.28.1"
127.0.0.1 - - [04/Oct/2024:10:39:00 +0800] "GET /robot/alarm-history-in.php HTTP/1.1" 200 - "-" "python-requests/2.28.1"
111.70.30.251 - - [04/Oct/2024:10:39:17 +0800] "POST /robot/lora-in.php HTTP/1.1" 200 - "-" "python-requests/2.21.0"
127.0.0.1 - - [04/Oct/2024:10:40:00 +0800] "GET /robot/alarm-history-in.php HTTP/1.1" 200 - "-" "python-requests/2.28.1"
111.70.30.252 - - [04/Oct/2024:10:40:10 +0800] "POST /robot/lora-in.php HTTP/1.1" 200 - "-" "python-requests/2.21.0"
111.70.30.251 - - [04/Oct/2024:10:40:54 +0800] "POST /robot/lora-in.php HTTP/1.1" 200 - "-" "python-requests/2.21.0"
127.0.0.1 - - [04/Oct/2024:10:41:00 +0800] "GET /robot/alarm-history-in.php HTTP/1.1" 200 - "-" "python-requests/2.28.1"
111.70.30.251 - - [04/Oct/2024:10:41:35 +0800] "POST /robot/lora-in.php HTTP/1.1" 200 - "-" "python-requests/2.21.0"
127.0.0.1 - - [04/Oct/2024:10:42:00 +0800] "GET /robot/alarm-history-in.php HTTP/1.1" 200 - "-" "python-requests/2.28.1"
111.70.30.250 - - [04/Oct/2024:10:42:42 +0800] "POST /robot/lora-in.php HTTP/1.1" 200 - "-" "python-requests/2.21.0"
127.0.0.1 - - [04/Oct/2024:10:43:00 +0800] "GET /robot/alarm-history-in.php HTTP/1.1" 200 - "-" "python-requests/2.28.1"
111.70.30.251 - - [04/Oct/2024:10:43:16 +0800] "POST /robot/lora-in.php HTTP/1.1" 200 - "-" "python-requests/2.21.0"
127.0.0.1 - - [04/Oct/2024:10:44:00 +0800] "GET /robot/alarm-history-in.php HTTP/1.1" 200 - "-" "python-requests/2.28.1"
111.70.30.251 - - [04/Oct/2024:10:44:57 +0800] "POST /robot/lora-in.php HTTP/1.1" 200 - "-" "python-requests/2.21.0"
127.0.0.1 - - [04/Oct/2024:10:45:00 +0800] "GET /robot/alarm-history-in.php HTTP/1.1" 200 - "-" "python-requests/2.28.1"
127.0.0.1 - - [04/Oct/2024:10:45:05 +0800] "POST /robot/et-7026-in.php HTTP/1.1" 200 - "-" "python-requests/2.31.0"
127.0.0.1 - - [04/Oct/2024:10:45:06 +0800] "POST /robot/et-7026-in.php HTTP/1.1" 200 - "-" "python-requests/2.31.0"
127.0.0.1 - - [04/Oct/2024:10:45:06 +0800] "POST /robot/et-7026-in.php HTTP/1.1" 200 - "-" "python-requests/2.31.0"
127.0.0.1 - - [04/Oct/2024:10:45:10 +0800] "POST /robot/lora-in.php HTTP/1.1" 200 - "-" "python-requests/2.31.0"
127.0.0.1 - - [04/Oct/2024:10:45:13 +0800] "POST /robot/et-7026-in.php HTTP/1.1" 200 - "-" "python-requests/2.31.0"
127.0.0.1 - - [04/Oct/2024:10:45:20 +0800] "POST /robot/lora-in.php HTTP/1.1" 200 - "-" "python-requests/2.31.0"
111.70.30.253 - - [04/Oct/2024:10:45:30 +0800] "POST /robot/lora-in.php HTTP/1.1" 200 - "-" "python-requests/2.21.0"
127.0.0.1 - - [04/Oct/2024:10:45:35 +0800] "POST /robot/lora-in.php HTTP/1.1" 200 - "-" "python-requests/2.31.0"
127.0.0.1 - - [04/Oct/2024:10:45:45 +0800] "POST /robot/lora-in.php HTTP/1.1" 200 - "-" "python-requests/2.31.0"
127.0.0.1 - - [04/Oct/2024:10:45:52 +0800] "POST /robot/lora-in.php HTTP/1.1" 200 - "-" "python-requests/2.31.0"
127.0.0.1 - - [04/Oct/2024:10:46:00 +0800] "GET /robot/alarm-history-in.php HTTP/1.1" 200 - "-" "python-requests/2.28.1"
127.0.0.1 - - [04/Oct/2024:10:46:02 +0800] "POST /robot/lora-in.php HTTP/1.1" 200 - "-" "python-requests/2.31.0"
127.0.0.1 - - [04/Oct/2024:10:47:00 +0800] "GET /robot/alarm-history-in.php HTTP/1.1" 200 - "-" "python-requests/2.28.1"
111.70.30.251 - - [04/Oct/2024:10:47:15 +0800] "POST /robot/lora-in.php HTTP/1.1" 200 - "-" "python-requests/2.21.0"
127.0.0.1 - - [04/Oct/2024:10:48:00 +0800] "GET /robot/alarm-history-in.php HTTP/1.1" 200 - "-" "python-requests/2.28.1"
111.70.30.251 - - [04/Oct/2024:10:48:59 +0800] "POST /robot/lora-in.php HTTP/1.1" 200 - "-" "python-requests/2.21.0"
127.0.0.1 - - [04/Oct/2024:10:49:00 +0800] "GET /robot/alarm-history-in.php HTTP/1.1" 200 - "-" "python-requests/2.28.1"
111.70.30.252 - - [04/Oct/2024:10:49:24 +0800] "POST /robot/lora-in.php HTTP/1.1" 200 - "-" "python-requests/2.21.0"
127.0.0.1 - - [04/Oct/2024:10:50:00 +0800] "GET /robot/alarm-history-in.php HTTP/1.1" 200 - "-" "python-requests/2.28.1"
111.70.30.251 - - [04/Oct/2024:10:50:42 +0800] "POST /robot/lora-in.php HTTP/1.1" 200 - "-" "python-requests/2.21.0"
127.0.0.1 - - [04/Oct/2024:10:51:00 +0800] "GET /robot/alarm-history-in.php HTTP/1.1" 200 - "-" "python-requests/2.28.1"
111.70.30.251 - - [04/Oct/2024:10:51:13 +0800] "POST /robot/lora-in.php HTTP/1.1" 200 - "-" "python-requests/2.21.0"
111.70.30.250 - - [04/Oct/2024:10:51:17 +0800] "POST /robot/lora-in.php HTTP/1.1" 200 - "-" "python-requests/2.21.0"
127.0.0.1 - - [04/Oct/2024:10:52:00 +0800] "GET /robot/alarm-history-in.php HTTP/1.1" 200 - "-" "python-requests/2.28.1"
127.0.0.1 - - [04/Oct/2024:10:53:00 +0800] "GET /robot/alarm-history-in.php HTTP/1.1" 200 - "-" "python-requests/2.28.1"
111.70.30.251 - - [04/Oct/2024:10:53:02 +0800] "POST /robot/lora-in.php HTTP/1.1" 200 - "-" "python-requests/2.21.0"
127.0.0.1 - - [04/Oct/2024:10:54:00 +0800] "GET /robot/alarm-history-in.php HTTP/1.1" 200 - "-" "python-requests/2.28.1"
111.70.30.253 - - [04/Oct/2024:10:54:16 +0800] "POST /robot/lora-in.php HTTP/1.1" 200 - "-" "python-requests/2.21.0"
127.0.0.1 - - [04/Oct/2024:10:55:00 +0800] "GET /robot/alarm-history-in.php HTTP/1.1" 200 - "-" "python-requests/2.28.1"
127.0.0.1 - - [04/Oct/2024:10:55:05 +0800] "POST /robot/et-7026-in.php HTTP/1.1" 200 - "-" "python-requests/2.31.0"
127.0.0.1 - - [04/Oct/2024:10:55:06 +0800] "POST /robot/et-7026-in.php HTTP/1.1" 200 - "-" "python-requests/2.31.0"
127.0.0.1 - - [04/Oct/2024:10:55:07 +0800] "POST /robot/et-7026-in.php HTTP/1.1" 200 - "-" "python-requests/2.31.0"
127.0.0.1 - - [04/Oct/2024:10:55:10 +0800] "POST /robot/lora-in.php HTTP/1.1" 200 - "-" "python-requests/2.31.0"
127.0.0.1 - - [04/Oct/2024:10:55:16 +0800] "POST /robot/et-7026-in.php HTTP/1.1" 200 - "-" "python-requests/2.31.0"
127.0.0.1 - - [04/Oct/2024:10:55:19 +0800] "POST /robot/lora-in.php HTTP/1.1" 200 - "-" "python-requests/2.31.0"
127.0.0.1 - - [04/Oct/2024:10:55:38 +0800] "POST /robot/lora-in.php HTTP/1.1" 200 - "-" "python-requests/2.31.0"
127.0.0.1 - - [04/Oct/2024:10:55:46 +0800] "POST /robot/lora-in.php HTTP/1.1" 200 - "-" "python-requests/2.31.0"
127.0.0.1 - - [04/Oct/2024:10:55:55 +0800] "POST /robot/lora-in.php HTTP/1.1" 200 - "-" "python-requests/2.31.0"
127.0.0.1 - - [04/Oct/2024:10:56:00 +0800] "GET /robot/alarm-history-in.php HTTP/1.1" 200 - "-" "python-requests/2.28.1"
127.0.0.1 - - [04/Oct/2024:10:56:02 +0800] "POST /robot/lora-in.php HTTP/1.1" 200 - "-" "python-requests/2.31.0"
127.0.0.1 - - [04/Oct/2024:10:57:00 +0800] "GET /robot/alarm-history-in.php HTTP/1.1" 200 - "-" "python-requests/2.28.1"
111.70.30.251 - - [04/Oct/2024:10:57:04 +0800] "POST /robot/lora-in.php HTTP/1.1" 200 - "-" "python-requests/2.21.0"
127.0.0.1 - - [04/Oct/2024:10:58:00 +0800] "GET /robot/alarm-history-in.php HTTP/1.1" 200 - "-" "python-requests/2.28.1"
111.70.30.252 - - [04/Oct/2024:10:58:36 +0800] "POST /robot/lora-in.php HTTP/1.1" 200 - "-" "python-requests/2.21.0"
127.0.0.1 - - [04/Oct/2024:10:59:00 +0800] "GET /robot/alarm-history-in.php HTTP/1.1" 200 - "-" "python-requests/2.28.1"
111.70.30.251 - - [04/Oct/2024:10:59:48 +0800] "POST /robot/lora-in.php HTTP/1.1" 200 - "-" "python-requests/2.21.0"
111.70.30.250 - - [04/Oct/2024:10:59:53 +0800] "POST /robot/lora-in.php HTTP/1.1" 200 - "-" "python-requests/2.21.0"
127.0.0.1 - - [04/Oct/2024:11:00:00 +0800] "GET /robot/alarm-history-in.php HTTP/1.1" 200 - "-" "python-requests/2.28.1"
127.0.0.1 - - [04/Oct/2024:11:01:00 +0800] "GET /robot/alarm-history-in.php HTTP/1.1" 200 - "-" "python-requests/2.28.1"
111.70.30.251 - - [04/Oct/2024:11:01:06 +0800] "POST /robot/lora-in.php HTTP/1.1" 200 - "-" "python-requests/2.21.0"
127.0.0.1 - - [04/Oct/2024:11:02:00 +0800] "GET /robot/alarm-history-in.php HTTP/1.1" 200 - "-" "python-requests/2.28.1"
127.0.0.1 - - [04/Oct/2024:11:03:00 +0800] "GET /robot/alarm-history-in.php HTTP/1.1" 200 - "-" "python-requests/2.28.1"
111.70.30.253 - - [04/Oct/2024:11:03:01 +0800] "POST /robot/lora-in.php HTTP/1.1" 200 - "-" "python-requests/2.21.0"
111.70.30.251 - - [04/Oct/2024:11:03:10 +0800] "POST /robot/lora-in.php HTTP/1.1" 200 - "-" "python-requests/2.21.0"
127.0.0.1 - - [04/Oct/2024:11:04:00 +0800] "GET /robot/alarm-history-in.php HTTP/1.1" 200 - "-" "python-requests/2.28.1"
127.0.0.1 - - [04/Oct/2024:11:05:00 +0800] "GET /robot/alarm-history-in.php HTTP/1.1" 200 - "-" "python-requests/2.28.1"
127.0.0.1 - - [04/Oct/2024:11:05:06 +0800] "POST /robot/et-7026-in.php HTTP/1.1" 200 - "-" "python-requests/2.31.0"
127.0.0.1 - - [04/Oct/2024:11:05:07 +0800] "POST /robot/et-7026-in.php HTTP/1.1" 200 - "-" "python-requests/2.31.0"
127.0.0.1 - - [04/Oct/2024:11:05:07 +0800] "POST /robot/et-7026-in.php HTTP/1.1" 200 - "-" "python-requests/2.31.0"
111.70.30.251 - - [04/Oct/2024:11:05:09 +0800] "POST /robot/lora-in.php HTTP/1.1" 200 - "-" "python-requests/2.21.0"
127.0.0.1 - - [04/Oct/2024:11:05:10 +0800] "POST /robot/lora-in.php HTTP/1.1" 200 - "-" "python-requests/2.31.0"
127.0.0.1 - - [04/Oct/2024:11:05:15 +0800] "POST /robot/lora-in.php HTTP/1.1" 200 - "-" "python-requests/2.31.0"
127.0.0.1 - - [04/Oct/2024:11:05:19 +0800] "POST /robot/et-7026-in.php HTTP/1.1" 200 - "-" "python-requests/2.31.0"
127.0.0.1 - - [04/Oct/2024:11:05:31 +0800] "POST /robot/lora-in.php HTTP/1.1" 200 - "-" "python-requests/2.31.0"
127.0.0.1 - - [04/Oct/2024:11:05:33 +0800] "POST /robot/lora-in.php HTTP/1.1" 200 - "-" "python-requests/2.31.0"
127.0.0.1 - - [04/Oct/2024:11:05:38 +0800] "POST /robot/lora-in.php HTTP/1.1" 200 - "-" "python-requests/2.31.0"
127.0.0.1 - - [04/Oct/2024:11:05:45 +0800] "POST /robot/lora-in.php HTTP/1.1" 200 - "-" "python-requests/2.31.0"
127.0.0.1 - - [04/Oct/2024:11:06:00 +0800] "GET /robot/alarm-history-in.php HTTP/1.1" 200 - "-" "python-requests/2.28.1"
127.0.0.1 - - [04/Oct/2024:11:07:00 +0800] "GET /robot/alarm-history-in.php HTTP/1.1" 200 - "-" "python-requests/2.28.1"
111.70.30.251 - - [04/Oct/2024:11:07:10 +0800] "POST /robot/lora-in.php HTTP/1.1" 200 - "-" "python-requests/2.21.0"
111.70.30.252 - - [04/Oct/2024:11:07:49 +0800] "POST /robot/lora-in.php HTTP/1.1" 200 - "-" "python-requests/2.21.0"
127.0.0.1 - - [04/Oct/2024:11:08:00 +0800] "GET /robot/alarm-history-in.php HTTP/1.1" 200 - "-" "python-requests/2.28.1"
111.70.30.250 - - [04/Oct/2024:11:08:29 +0800] "POST /robot/lora-in.php HTTP/1.1" 200 - "-" "python-requests/2.21.0"
111.70.30.251 - - [04/Oct/2024:11:08:55 +0800] "POST /robot/lora-in.php HTTP/1.1" 200 - "-" "python-requests/2.21.0"
127.0.0.1 - - [04/Oct/2024:11:09:00 +0800] "GET /robot/alarm-history-in.php HTTP/1.1" 200 - "-" "python-requests/2.28.1"
111.70.30.251 - - [04/Oct/2024:11:09:11 +0800] "POST /robot/lora-in.php HTTP/1.1" 200 - "-" "python-requests/2.21.0"
127.0.0.1 - - [04/Oct/2024:11:10:00 +0800] "GET /robot/alarm-history-in.php HTTP/1.1" 200 - "-" "python-requests/2.28.1"
127.0.0.1 - - [04/Oct/2024:11:11:00 +0800] "GET /robot/alarm-history-in.php HTTP/1.1" 200 - "-" "python-requests/2.28.1"
111.70.30.251 - - [04/Oct/2024:11:11:07 +0800] "POST /robot/lora-in.php HTTP/1.1" 200 - "-" "python-requests/2.21.0"
111.70.30.253 - - [04/Oct/2024:11:11:46 +0800] "POST /robot/lora-in.php HTTP/1.1" 200 - "-" "python-requests/2.21.0"
127.0.0.1 - - [04/Oct/2024:11:12:00 +0800] "GET /robot/alarm-history-in.php HTTP/1.1" 200 - "-" "python-requests/2.28.1"
127.0.0.1 - - [04/Oct/2024:11:13:00 +0800] "GET /robot/alarm-history-in.php HTTP/1.1" 200 - "-" "python-requests/2.28.1"
127.0.0.1 - - [04/Oct/2024:11:14:00 +0800] "GET /robot/alarm-history-in.php HTTP/1.1" 200 - "-" "python-requests/2.28.1"
127.0.0.1 - - [04/Oct/2024:11:15:00 +0800] "GET /robot/alarm-history-in.php HTTP/1.1" 200 - "-" "python-requests/2.28.1"
111.70.30.251 - - [04/Oct/2024:11:15:06 +0800] "POST /robot/lora-in.php HTTP/1.1" 200 - "-" "python-requests/2.21.0"
127.0.0.1 - - [04/Oct/2024:11:15:07 +0800] "POST /robot/et-7026-in.php HTTP/1.1" 200 - "-" "python-requests/2.31.0"
127.0.0.1 - - [04/Oct/2024:11:15:07 +0800] "POST /robot/et-7026-in.php HTTP/1.1" 200 - "-" "python-requests/2.31.0"
127.0.0.1 - - [04/Oct/2024:11:15:08 +0800] "POST /robot/et-7026-in.php HTTP/1.1" 200 - "-" "python-requests/2.31.0"
127.0.0.1 - - [04/Oct/2024:11:15:10 +0800] "POST /robot/lora-in.php HTTP/1.1" 200 - "-" "python-requests/2.31.0"
127.0.0.1 - - [04/Oct/2024:11:15:12 +0800] "POST /robot/lora-in.php HTTP/1.1" 200 - "-" "python-requests/2.31.0"
127.0.0.1 - - [04/Oct/2024:11:15:22 +0800] "POST /robot/et-7026-in.php HTTP/1.1" 200 - "-" "python-requests/2.31.0"
127.0.0.1 - - [04/Oct/2024:11:15:32 +0800] "POST /robot/lora-in.php HTTP/1.1" 200 - "-" "python-requests/2.31.0"
127.0.0.1 - - [04/Oct/2024:11:15:37 +0800] "POST /robot/lora-in.php HTTP/1.1" 200 - "-" "python-requests/2.31.0"
127.0.0.1 - - [04/Oct/2024:11:15:40 +0800] "POST /robot/lora-in.php HTTP/1.1" 200 - "-" "python-requests/2.31.0"
127.0.0.1 - - [04/Oct/2024:11:15:45 +0800] "POST /robot/lora-in.php HTTP/1.1" 200 - "-" "python-requests/2.31.0"
127.0.0.1 - - [04/Oct/2024:11:16:00 +0800] "GET /robot/alarm-history-in.php HTTP/1.1" 200 - "-" "python-requests/2.28.1"
127.0.0.1 - - [04/Oct/2024:11:17:00 +0800] "GET /robot/alarm-history-in.php HTTP/1.1" 200 - "-" "python-requests/2.28.1"
111.70.30.252 - - [04/Oct/2024:11:17:01 +0800] "POST /robot/lora-in.php HTTP/1.1" 200 - "-" "python-requests/2.21.0"
111.70.30.250 - - [04/Oct/2024:11:17:04 +0800] "POST /robot/lora-in.php HTTP/1.1" 200 - "-" "python-requests/2.21.0"
111.70.30.251 - - [04/Oct/2024:11:17:19 +0800] "POST /robot/lora-in.php HTTP/1.1" 200 - "-" "python-requests/2.21.0"
127.0.0.1 - - [04/Oct/2024:11:18:00 +0800] "GET /robot/alarm-history-in.php HTTP/1.1" 200 - "-" "python-requests/2.28.1"
111.70.30.251 - - [04/Oct/2024:11:18:01 +0800] "POST /robot/lora-in.php HTTP/1.1" 200 - "-" "python-requests/2.21.0"
127.0.0.1 - - [04/Oct/2024:11:19:00 +0800] "GET /robot/alarm-history-in.php HTTP/1.1" 200 - "-" "python-requests/2.28.1"
111.70.30.251 - - [04/Oct/2024:11:19:06 +0800] "POST /robot/lora-in.php HTTP/1.1" 200 - "-" "python-requests/2.21.0"
127.0.0.1 - - [04/Oct/2024:11:20:00 +0800] "GET /robot/alarm-history-in.php HTTP/1.1" 200 - "-" "python-requests/2.28.1"
111.70.30.253 - - [04/Oct/2024:11:20:32 +0800] "POST /robot/lora-in.php HTTP/1.1" 200 - "-" "python-requests/2.21.0"
127.0.0.1 - - [04/Oct/2024:11:21:00 +0800] "GET /robot/alarm-history-in.php HTTP/1.1" 200 - "-" "python-requests/2.28.1"
111.70.30.251 - - [04/Oct/2024:11:21:19 +0800] "POST /robot/lora-in.php HTTP/1.1" 200 - "-" "python-requests/2.21.0"
127.0.0.1 - - [04/Oct/2024:11:22:00 +0800] "GET /robot/alarm-history-in.php HTTP/1.1" 200 - "-" "python-requests/2.28.1"
127.0.0.1 - - [04/Oct/2024:11:23:00 +0800] "GET /robot/alarm-history-in.php HTTP/1.1" 200 - "-" "python-requests/2.28.1"
111.70.30.251 - - [04/Oct/2024:11:23:04 +0800] "POST /robot/lora-in.php HTTP/1.1" 200 - "-" "python-requests/2.21.0"
127.0.0.1 - - [04/Oct/2024:11:24:00 +0800] "GET /robot/alarm-history-in.php HTTP/1.1" 200 - "-" "python-requests/2.28.1"
127.0.0.1 - - [04/Oct/2024:11:25:00 +0800] "GET /robot/alarm-history-in.php HTTP/1.1" 200 - "-" "python-requests/2.28.1"
127.0.0.1 - - [04/Oct/2024:11:25:07 +0800] "POST /robot/et-7026-in.php HTTP/1.1" 200 - "-" "python-requests/2.31.0"
127.0.0.1 - - [04/Oct/2024:11:25:08 +0800] "POST /robot/et-7026-in.php HTTP/1.1" 200 - "-" "python-requests/2.31.0"
127.0.0.1 - - [04/Oct/2024:11:25:09 +0800] "POST /robot/et-7026-in.php HTTP/1.1" 200 - "-" "python-requests/2.31.0"
127.0.0.1 - - [04/Oct/2024:11:25:10 +0800] "POST /robot/lora-in.php HTTP/1.1" 200 - "-" "python-requests/2.31.0"
127.0.0.1 - - [04/Oct/2024:11:25:13 +0800] "POST /robot/lora-in.php HTTP/1.1" 200 - "-" "python-requests/2.31.0"
111.70.30.251 - - [04/Oct/2024:11:25:21 +0800] "POST /robot/lora-in.php HTTP/1.1" 200 - "-" "python-requests/2.21.0"
127.0.0.1 - - [04/Oct/2024:11:25:22 +0800] "POST /robot/et-7026-in.php HTTP/1.1" 200 - "-" "python-requests/2.31.0"
127.0.0.1 - - [04/Oct/2024:11:25:33 +0800] "POST /robot/lora-in.php HTTP/1.1" 200 - "-" "python-requests/2.31.0"
127.0.0.1 - - [04/Oct/2024:11:25:39 +0800] "POST /robot/lora-in.php HTTP/1.1" 200 - "-" "python-requests/2.31.0"
111.70.30.250 - - [04/Oct/2024:11:25:39 +0800] "POST /robot/lora-in.php HTTP/1.1" 200 - "-" "python-requests/2.21.0"
127.0.0.1 - - [04/Oct/2024:11:25:48 +0800] "POST /robot/lora-in.php HTTP/1.1" 200 - "-" "python-requests/2.31.0"
127.0.0.1 - - [04/Oct/2024:11:25:58 +0800] "POST /robot/lora-in.php HTTP/1.1" 200 - "-" "python-requests/2.31.0"
127.0.0.1 - - [04/Oct/2024:11:26:00 +0800] "GET /robot/alarm-history-in.php HTTP/1.1" 200 - "-" "python-requests/2.28.1"
111.70.30.252 - - [04/Oct/2024:11:26:15 +0800] "POST /robot/lora-in.php HTTP/1.1" 200 - "-" "python-requests/2.21.0"
127.0.0.1 - - [04/Oct/2024:11:27:00 +0800] "GET /robot/alarm-history-in.php HTTP/1.1" 200 - "-" "python-requests/2.28.1"
111.70.30.251 - - [04/Oct/2024:11:27:04 +0800] "POST /robot/lora-in.php HTTP/1.1" 200 - "-" "python-requests/2.21.0"
127.0.0.1 - - [04/Oct/2024:11:28:00 +0800] "GET /robot/alarm-history-in.php HTTP/1.1" 200 - "-" "python-requests/2.28.1"
127.0.0.1 - - [04/Oct/2024:11:29:00 +0800] "GET /robot/alarm-history-in.php HTTP/1.1" 200 - "-" "python-requests/2.28.1"
111.70.30.253 - - [04/Oct/2024:11:29:17 +0800] "POST /robot/lora-in.php HTTP/1.1" 200 - "-" "python-requests/2.21.0"
111.70.30.251 - - [04/Oct/2024:11:29:24 +0800] "POST /robot/lora-in.php HTTP/1.1" 200 - "-" "python-requests/2.21.0"
127.0.0.1 - - [04/Oct/2024:11:30:00 +0800] "GET /robot/alarm-history-in.php HTTP/1.1" 200 - "-" "python-requests/2.28.1"
127.0.0.1 - - [04/Oct/2024:11:31:00 +0800] "GET /robot/alarm-history-in.php HTTP/1.1" 200 - "-" "python-requests/2.28.1"
111.70.30.251 - - [04/Oct/2024:11:31:02 +0800] "POST /robot/lora-in.php HTTP/1.1" 200 - "-" "python-requests/2.21.0"
127.0.0.1 - - [04/Oct/2024:11:31:26 +0800] "GET /manager-page/login.php HTTP/1.1" 200 2365 "-" "Mozilla/5.0 (Windows NT 10.0; Win64; x64) AppleWebKit/537.36 (KHTML, like Gecko) Chrome/119.0.0.0 Safari/537.36"
127.0.0.1 - - [04/Oct/2024:11:31:32 +0800] "POST /manager-page/login.php HTTP/1.1" 302 - "http://127.0.0.1/manager-page/login.php" "Mozilla/5.0 (Windows NT 10.0; Win64; x64) AppleWebKit/537.36 (KHTML, like Gecko) Chrome/119.0.0.0 Safari/537.36"
127.0.0.1 - - [04/Oct/2024:11:31:32 +0800] "GET /manager-page/home.php HTTP/1.1" 302 - "http://127.0.0.1/manager-page/login.php" "Mozilla/5.0 (Windows NT 10.0; Win64; x64) AppleWebKit/537.36 (KHTML, like Gecko) Chrome/119.0.0.0 Safari/537.36"
127.0.0.1 - - [04/Oct/2024:11:31:32 +0800] "GET /manager-page/alarm/1-2.jpg?t=380301229 HTTP/1.1" 200 439517 "http://127.0.0.1/manager-page/home-1.php" "Mozilla/5.0 (Windows NT 10.0; Win64; x64) AppleWebKit/537.36 (KHTML, like Gecko) Chrome/119.0.0.0 Safari/537.36"
127.0.0.1 - - [04/Oct/2024:11:31:32 +0800] "GET /manager-page/alarm/1-1.jpg?t=1061653091 HTTP/1.1" 200 362747 "http://127.0.0.1/manager-page/home-1.php" "Mozilla/5.0 (Windows NT 10.0; Win64; x64) AppleWebKit/537.36 (KHTML, like Gecko) Chrome/119.0.0.0 Safari/537.36"
127.0.0.1 - - [04/Oct/2024:11:31:32 +0800] "GET /manager-page/home-1.php HTTP/1.1" 200 29992 "http://127.0.0.1/manager-page/login.php" "Mozilla/5.0 (Windows NT 10.0; Win64; x64) AppleWebKit/537.36 (KHTML, like Gecko) Chrome/119.0.0.0 Safari/537.36"
127.0.0.1 - - [04/Oct/2024:11:31:35 +0800] "GET /favicon.ico HTTP/1.1" 404 196 "http://127.0.0.1/manager-page/home-1.php" "Mozilla/5.0 (Windows NT 10.0; Win64; x64) AppleWebKit/537.36 (KHTML, like Gecko) Chrome/119.0.0.0 Safari/537.36"
127.0.0.1 - - [04/Oct/2024:11:31:32 +0800] "GET /manager-page/api/snapshot.php?id=11 HTTP/1.1" 200 41601 "http://127.0.0.1/manager-page/home-1.php" "Mozilla/5.0 (Windows NT 10.0; Win64; x64) AppleWebKit/537.36 (KHTML, like Gecko) Chrome/119.0.0.0 Safari/537.36"
127.0.0.1 - - [04/Oct/2024:11:31:32 +0800] "GET /manager-page/api/snapshot.php?id=12 HTTP/1.1" 200 33652 "http://127.0.0.1/manager-page/home-1.php" "Mozilla/5.0 (Windows NT 10.0; Win64; x64) AppleWebKit/537.36 (KHTML, like Gecko) Chrome/119.0.0.0 Safari/537.36"
127.0.0.1 - - [04/Oct/2024:11:31:35 +0800] "GET /manager-page/api/lp-status1.php HTTP/1.1" 200 1 "http://127.0.0.1/manager-page/home-1.php" "Mozilla/5.0 (Windows NT 10.0; Win64; x64) AppleWebKit/537.36 (KHTML, like Gecko) Chrome/119.0.0.0 Safari/537.36"
127.0.0.1 - - [04/Oct/2024:11:31:35 +0800] "GET /manager-page/api/cms-status1.php HTTP/1.1" 200 12 "http://127.0.0.1/manager-page/home-1.php" "Mozilla/5.0 (Windows NT 10.0; Win64; x64) AppleWebKit/537.36 (KHTML, like Gecko) Chrome/119.0.0.0 Safari/537.36"
127.0.0.1 - - [04/Oct/2024:11:31:40 +0800] "GET /manager-page/api/snapshot.php?id=11&t=0.06192200257274516 HTTP/1.1" 200 41520 "http://127.0.0.1/manager-page/home-1.php" "Mozilla/5.0 (Windows NT 10.0; Win64; x64) AppleWebKit/537.36 (KHTML, like Gecko) Chrome/119.0.0.0 Safari/537.36"
127.0.0.1 - - [04/Oct/2024:11:31:40 +0800] "GET /manager-page/api/snapshot.php?id=12&t=0.8619142111444107 HTTP/1.1" 200 33652 "http://127.0.0.1/manager-page/home-1.php" "Mozilla/5.0 (Windows NT 10.0; Win64; x64) AppleWebKit/537.36 (KHTML, like Gecko) Chrome/119.0.0.0 Safari/537.36"
127.0.0.1 - - [04/Oct/2024:11:31:42 +0800] "GET /manager-page/history.php HTTP/1.1" 200 22438 "http://127.0.0.1/manager-page/home-1.php" "Mozilla/5.0 (Windows NT 10.0; Win64; x64) AppleWebKit/537.36 (KHTML, like Gecko) Chrome/119.0.0.0 Safari/537.36"
127.0.0.1 - - [04/Oct/2024:11:31:43 +0800] "GET /manager-page/history3.php HTTP/1.1" 200 13785 "http://127.0.0.1/manager-page/history.php" "Mozilla/5.0 (Windows NT 10.0; Win64; x64) AppleWebKit/537.36 (KHTML, like Gecko) Chrome/119.0.0.0 Safari/537.36"
127.0.0.1 - - [04/Oct/2024:11:31:49 +0800] "POST /manager-page/history3.php HTTP/1.1" 200 14250 "http://127.0.0.1/manager-page/history3.php" "Mozilla/5.0 (Windows NT 10.0; Win64; x64) AppleWebKit/537.36 (KHTML, like Gecko) Chrome/119.0.0.0 Safari/537.36"
127.0.0.1 - - [04/Oct/2024:11:31:57 +0800] "POST /manager-page/history3.php HTTP/1.1" 200 15049 "http://127.0.0.1/manager-page/history3.php" "Mozilla/5.0 (Windows NT 10.0; Win64; x64) AppleWebKit/537.36 (KHTML, like Gecko) Chrome/119.0.0.0 Safari/537.36"
127.0.0.1 - - [04/Oct/2024:11:32:01 +0800] "GET /manager-page/alarm/2024-07-25/de2307ee85dcedb55282230c.jpg HTTP/1.1" 200 362747 "http://127.0.0.1/manager-page/history3.php" "Mozilla/5.0 (Windows NT 10.0; Win64; x64) AppleWebKit/537.36 (KHTML, like Gecko) Chrome/119.0.0.0 Safari/537.36"
127.0.0.1 - - [04/Oct/2024:11:32:00 +0800] "GET /robot/alarm-history-in.php HTTP/1.1" 200 - "-" "python-requests/2.28.1"
127.0.0.1 - - [04/Oct/2024:11:32:07 +0800] "POST /manager-page/history3.php HTTP/1.1" 200 46739 "http://127.0.0.1/manager-page/history3.php" "Mozilla/5.0 (Windows NT 10.0; Win64; x64) AppleWebKit/537.36 (KHTML, like Gecko) Chrome/119.0.0.0 Safari/537.36"
127.0.0.1 - - [04/Oct/2024:11:32:19 +0800] "POST /manager-page/history3.php HTTP/1.1" 200 45679 "http://127.0.0.1/manager-page/history3.php" "Mozilla/5.0 (Windows NT 10.0; Win64; x64) AppleWebKit/537.36 (KHTML, like Gecko) Chrome/119.0.0.0 Safari/537.36"
127.0.0.1 - - [04/Oct/2024:11:32:25 +0800] "GET /manager-page/alarm/2024-07-10/447cfdb0c1fd.jpg HTTP/1.1" 200 455791 "http://127.0.0.1/manager-page/history3.php" "Mozilla/5.0 (Windows NT 10.0; Win64; x64) AppleWebKit/537.36 (KHTML, like Gecko) Chrome/119.0.0.0 Safari/537.36"
127.0.0.1 - - [04/Oct/2024:11:32:31 +0800] "GET /manager-page/alarm/2024-07-27/ff121cdb45d7ade343639964.jpg HTTP/1.1" 404 196 "http://127.0.0.1/manager-page/history3.php" "Mozilla/5.0 (Windows NT 10.0; Win64; x64) AppleWebKit/537.36 (KHTML, like Gecko) Chrome/119.0.0.0 Safari/537.36"
127.0.0.1 - - [04/Oct/2024:11:32:34 +0800] "GET /manager-page/alarm/2024-07-28/339dd157dee42d071d3580dd.jpg HTTP/1.1" 200 359514 "http://127.0.0.1/manager-page/history3.php" "Mozilla/5.0 (Windows NT 10.0; Win64; x64) AppleWebKit/537.36 (KHTML, like Gecko) Chrome/119.0.0.0 Safari/537.36"
127.0.0.1 - - [04/Oct/2024:11:32:38 +0800] "GET /manager-page/alarm/2024-06-06/2b1d598ab914.jpg HTTP/1.1" 200 307681 "http://127.0.0.1/manager-page/history3.php" "Mozilla/5.0 (Windows NT 10.0; Win64; x64) AppleWebKit/537.36 (KHTML, like Gecko) Chrome/119.0.0.0 Safari/537.36"
127.0.0.1 - - [04/Oct/2024:11:33:00 +0800] "GET /robot/alarm-history-in.php HTTP/1.1" 200 - "-" "python-requests/2.28.1"
111.70.30.251 - - [04/Oct/2024:11:33:26 +0800] "POST /robot/lora-in.php HTTP/1.1" 200 - "-" "python-requests/2.21.0"
127.0.0.1 - - [04/Oct/2024:11:34:00 +0800] "GET /robot/alarm-history-in.php HTTP/1.1" 200 - "-" "python-requests/2.28.1"
111.70.30.250 - - [04/Oct/2024:11:34:15 +0800] "POST /robot/lora-in.php HTTP/1.1" 200 - "-" "python-requests/2.21.0"
127.0.0.1 - - [04/Oct/2024:11:35:00 +0800] "GET /robot/alarm-history-in.php HTTP/1.1" 200 - "-" "python-requests/2.28.1"
111.70.30.251 - - [04/Oct/2024:11:35:01 +0800] "POST /robot/lora-in.php HTTP/1.1" 200 - "-" "python-requests/2.21.0"
127.0.0.1 - - [04/Oct/2024:11:35:08 +0800] "POST /robot/et-7026-in.php HTTP/1.1" 200 - "-" "python-requests/2.31.0"
127.0.0.1 - - [04/Oct/2024:11:35:08 +0800] "POST /robot/et-7026-in.php HTTP/1.1" 200 - "-" "python-requests/2.31.0"
127.0.0.1 - - [04/Oct/2024:11:35:09 +0800] "POST /robot/et-7026-in.php HTTP/1.1" 200 - "-" "python-requests/2.31.0"
127.0.0.1 - - [04/Oct/2024:11:35:10 +0800] "POST /robot/lora-in.php HTTP/1.1" 200 - "-" "python-requests/2.31.0"
127.0.0.1 - - [04/Oct/2024:11:35:12 +0800] "POST /robot/lora-in.php HTTP/1.1" 200 - "-" "python-requests/2.31.0"
127.0.0.1 - - [04/Oct/2024:11:35:23 +0800] "POST /robot/lora-in.php HTTP/1.1" 200 - "-" "python-requests/2.31.0"
127.0.0.1 - - [04/Oct/2024:11:35:25 +0800] "POST /robot/et-7026-in.php HTTP/1.1" 200 - "-" "python-requests/2.31.0"
127.0.0.1 - - [04/Oct/2024:11:35:28 +0800] "POST /robot/lora-in.php HTTP/1.1" 200 - "-" "python-requests/2.31.0"
127.0.0.1 - - [04/Oct/2024:11:35:30 +0800] "POST /robot/lora-in.php HTTP/1.1" 200 - "-" "python-requests/2.31.0"
111.70.30.252 - - [04/Oct/2024:11:35:32 +0800] "POST /robot/lora-in.php HTTP/1.1" 200 - "-" "python-requests/2.21.0"
127.0.0.1 - - [04/Oct/2024:11:35:35 +0800] "POST /robot/lora-in.php HTTP/1.1" 200 - "-" "python-requests/2.31.0"
127.0.0.1 - - [04/Oct/2024:11:36:00 +0800] "GET /robot/alarm-history-in.php HTTP/1.1" 200 - "-" "python-requests/2.28.1"
111.70.30.251 - - [04/Oct/2024:11:36:15 +0800] "POST /robot/lora-in.php HTTP/1.1" 200 - "-" "python-requests/2.21.0"
127.0.0.1 - - [04/Oct/2024:11:37:00 +0800] "GET /robot/alarm-history-in.php HTTP/1.1" 200 - "-" "python-requests/2.28.1"
111.70.30.251 - - [04/Oct/2024:11:37:28 +0800] "POST /robot/lora-in.php HTTP/1.1" 200 - "-" "python-requests/2.21.0"
127.0.0.1 - - [04/Oct/2024:11:38:00 +0800] "GET /robot/alarm-history-in.php HTTP/1.1" 200 - "-" "python-requests/2.28.1"
111.70.30.253 - - [04/Oct/2024:11:38:03 +0800] "POST /robot/lora-in.php HTTP/1.1" 200 - "-" "python-requests/2.21.0"
111.70.30.251 - - [04/Oct/2024:11:39:00 +0800] "POST /robot/lora-in.php HTTP/1.1" 200 - "-" "python-requests/2.21.0"
127.0.0.1 - - [04/Oct/2024:11:39:00 +0800] "GET /robot/alarm-history-in.php HTTP/1.1" 200 - "-" "python-requests/2.28.1"
127.0.0.1 - - [04/Oct/2024:11:40:00 +0800] "GET /robot/alarm-history-in.php HTTP/1.1" 200 - "-" "python-requests/2.28.1"
127.0.0.1 - - [04/Oct/2024:11:41:00 +0800] "GET /robot/alarm-history-in.php HTTP/1.1" 200 - "-" "python-requests/2.28.1"
111.70.30.251 - - [04/Oct/2024:11:41:32 +0800] "POST /robot/lora-in.php HTTP/1.1" 200 - "-" "python-requests/2.21.0"
127.0.0.1 - - [04/Oct/2024:11:42:00 +0800] "GET /robot/alarm-history-in.php HTTP/1.1" 200 - "-" "python-requests/2.28.1"
111.70.30.250 - - [04/Oct/2024:11:42:50 +0800] "POST /robot/lora-in.php HTTP/1.1" 200 - "-" "python-requests/2.21.0"
111.70.30.251 - - [04/Oct/2024:11:42:58 +0800] "POST /robot/lora-in.php HTTP/1.1" 200 - "-" "python-requests/2.21.0"
127.0.0.1 - - [04/Oct/2024:11:43:00 +0800] "GET /robot/alarm-history-in.php HTTP/1.1" 200 - "-" "python-requests/2.28.1"
127.0.0.1 - - [04/Oct/2024:11:44:00 +0800] "GET /robot/alarm-history-in.php HTTP/1.1" 200 - "-" "python-requests/2.28.1"
111.70.30.252 - - [04/Oct/2024:11:44:40 +0800] "POST /robot/lora-in.php HTTP/1.1" 200 - "-" "python-requests/2.21.0"
127.0.0.1 - - [04/Oct/2024:11:45:00 +0800] "GET /robot/alarm-history-in.php HTTP/1.1" 200 - "-" "python-requests/2.28.1"
127.0.0.1 - - [04/Oct/2024:11:45:08 +0800] "POST /robot/et-7026-in.php HTTP/1.1" 200 - "-" "python-requests/2.31.0"
127.0.0.1 - - [04/Oct/2024:11:45:09 +0800] "POST /robot/et-7026-in.php HTTP/1.1" 200 - "-" "python-requests/2.31.0"
127.0.0.1 - - [04/Oct/2024:11:45:10 +0800] "POST /robot/et-7026-in.php HTTP/1.1" 200 - "-" "python-requests/2.31.0"
127.0.0.1 - - [04/Oct/2024:11:45:10 +0800] "POST /robot/lora-in.php HTTP/1.1" 200 - "-" "python-requests/2.31.0"
127.0.0.1 - - [04/Oct/2024:11:45:18 +0800] "POST /robot/lora-in.php HTTP/1.1" 200 - "-" "python-requests/2.31.0"
111.70.30.251 - - [04/Oct/2024:11:45:22 +0800] "POST /robot/lora-in.php HTTP/1.1" 200 - "-" "python-requests/2.21.0"
127.0.0.1 - - [04/Oct/2024:11:45:25 +0800] "POST /robot/et-7026-in.php HTTP/1.1" 200 - "-" "python-requests/2.31.0"
111.70.30.251 - - [04/Oct/2024:11:45:34 +0800] "POST /robot/lora-in.php HTTP/1.1" 200 - "-" "python-requests/2.21.0"
127.0.0.1 - - [04/Oct/2024:11:45:46 +0800] "POST /robot/lora-in.php HTTP/1.1" 200 - "-" "python-requests/2.31.0"
127.0.0.1 - - [04/Oct/2024:11:45:55 +0800] "POST /robot/lora-in.php HTTP/1.1" 200 - "-" "python-requests/2.31.0"
127.0.0.1 - - [04/Oct/2024:11:45:57 +0800] "POST /robot/lora-in.php HTTP/1.1" 200 - "-" "python-requests/2.31.0"
127.0.0.1 - - [04/Oct/2024:11:46:00 +0800] "GET /robot/alarm-history-in.php HTTP/1.1" 200 - "-" "python-requests/2.28.1"
127.0.0.1 - - [04/Oct/2024:11:46:01 +0800] "POST /robot/lora-in.php HTTP/1.1" 200 - "-" "python-requests/2.31.0"
127.0.0.1 - - [04/Oct/2024:11:46:04 +0800] "GET /manager-page/test01.html HTTP/1.1" 200 7501 "-" "Mozilla/5.0 (Windows NT 10.0; Win64; x64) AppleWebKit/537.36 (KHTML, like Gecko) Chrome/119.0.0.0 Safari/537.36"
127.0.0.1 - - [04/Oct/2024:11:46:04 +0800] "GET /manager-page/js/chartjs-plugin-datalabels.js HTTP/1.1" 200 12944 "http://127.0.0.1/manager-page/test01.html" "Mozilla/5.0 (Windows NT 10.0; Win64; x64) AppleWebKit/537.36 (KHTML, like Gecko) Chrome/119.0.0.0 Safari/537.36"
127.0.0.1 - - [04/Oct/2024:11:46:04 +0800] "GET /manager-page/js/chart.js HTTP/1.1" 404 196 "http://127.0.0.1/manager-page/test01.html" "Mozilla/5.0 (Windows NT 10.0; Win64; x64) AppleWebKit/537.36 (KHTML, like Gecko) Chrome/119.0.0.0 Safari/537.36"
127.0.0.1 - - [04/Oct/2024:11:46:05 +0800] "GET /manager-page/alarm/1-1.jpg?t=597869700 HTTP/1.1" 200 362747 "http://127.0.0.1/manager-page/home-1.php" "Mozilla/5.0 (Windows NT 10.0; Win64; x64) AppleWebKit/537.36 (KHTML, like Gecko) Chrome/119.0.0.0 Safari/537.36"
127.0.0.1 - - [04/Oct/2024:11:46:05 +0800] "GET /manager-page/alarm/1-2.jpg?t=691487293 HTTP/1.1" 200 439517 "http://127.0.0.1/manager-page/home-1.php" "Mozilla/5.0 (Windows NT 10.0; Win64; x64) AppleWebKit/537.36 (KHTML, like Gecko) Chrome/119.0.0.0 Safari/537.36"
127.0.0.1 - - [04/Oct/2024:11:46:05 +0800] "GET /manager-page/home-1.php HTTP/1.1" 200 29993 "http://127.0.0.1/manager-page/history3.php" "Mozilla/5.0 (Windows NT 10.0; Win64; x64) AppleWebKit/537.36 (KHTML, like Gecko) Chrome/119.0.0.0 Safari/537.36"
127.0.0.1 - - [04/Oct/2024:11:46:05 +0800] "GET /manager-page/api/snapshot.php?id=12 HTTP/1.1" 200 30481 "http://127.0.0.1/manager-page/home-1.php" "Mozilla/5.0 (Windows NT 10.0; Win64; x64) AppleWebKit/537.36 (KHTML, like Gecko) Chrome/119.0.0.0 Safari/537.36"
127.0.0.1 - - [04/Oct/2024:11:46:05 +0800] "GET /manager-page/api/snapshot.php?id=11 HTTP/1.1" 200 41848 "http://127.0.0.1/manager-page/home-1.php" "Mozilla/5.0 (Windows NT 10.0; Win64; x64) AppleWebKit/537.36 (KHTML, like Gecko) Chrome/119.0.0.0 Safari/537.36"
127.0.0.1 - - [04/Oct/2024:11:46:07 +0800] "GET /manager-page/api/lp-status1.php HTTP/1.1" 200 1 "http://127.0.0.1/manager-page/home-1.php" "Mozilla/5.0 (Windows NT 10.0; Win64; x64) AppleWebKit/537.36 (KHTML, like Gecko) Chrome/119.0.0.0 Safari/537.36"
127.0.0.1 - - [04/Oct/2024:11:46:07 +0800] "GET /manager-page/api/cms-status1.php HTTP/1.1" 200 12 "http://127.0.0.1/manager-page/home-1.php" "Mozilla/5.0 (Windows NT 10.0; Win64; x64) AppleWebKit/537.36 (KHTML, like Gecko) Chrome/119.0.0.0 Safari/537.36"
127.0.0.1 - - [04/Oct/2024:11:46:08 +0800] "GET /manager-page/abnormal.php HTTP/1.1" 200 13706 "http://127.0.0.1/manager-page/home-1.php" "Mozilla/5.0 (Windows NT 10.0; Win64; x64) AppleWebKit/537.36 (KHTML, like Gecko) Chrome/119.0.0.0 Safari/537.36"
127.0.0.1 - - [04/Oct/2024:11:46:08 +0800] "GET /img/locpic_01.jpg HTTP/1.1" 404 196 "http://127.0.0.1/manager-page/abnormal.php" "Mozilla/5.0 (Windows NT 10.0; Win64; x64) AppleWebKit/537.36 (KHTML, like Gecko) Chrome/119.0.0.0 Safari/537.36"
127.0.0.1 - - [04/Oct/2024:11:46:13 +0800] "GET /manager-page/test01.html HTTP/1.1" 304 - "-" "Mozilla/5.0 (Windows NT 10.0; Win64; x64) AppleWebKit/537.36 (KHTML, like Gecko) Chrome/119.0.0.0 Safari/537.36"
127.0.0.1 - - [04/Oct/2024:11:46:13 +0800] "GET /manager-page/js/chart.js HTTP/1.1" 404 196 "http://127.0.0.1/manager-page/test01.html" "Mozilla/5.0 (Windows NT 10.0; Win64; x64) AppleWebKit/537.36 (KHTML, like Gecko) Chrome/119.0.0.0 Safari/537.36"
127.0.0.1 - - [04/Oct/2024:11:46:18 +0800] "GET /manager-page/js/chart.js HTTP/1.1" 404 196 "-" "Mozilla/5.0 (Windows NT 10.0; Win64; x64) AppleWebKit/537.36 (KHTML, like Gecko) Chrome/119.0.0.0 Safari/537.36"
111.70.30.253 - - [04/Oct/2024:11:46:48 +0800] "POST /robot/lora-in.php HTTP/1.1" 200 - "-" "python-requests/2.21.0"
111.70.30.251 - - [04/Oct/2024:11:46:57 +0800] "POST /robot/lora-in.php HTTP/1.1" 200 - "-" "python-requests/2.21.0"
127.0.0.1 - - [04/Oct/2024:11:47:00 +0800] "GET /robot/alarm-history-in.php HTTP/1.1" 200 - "-" "python-requests/2.28.1"
127.0.0.1 - - [04/Oct/2024:11:47:01 +0800] "GET /manager-page/js/chart.js HTTP/1.1" 404 196 "-" "Mozilla/5.0 (Windows NT 10.0; Win64; x64) AppleWebKit/537.36 (KHTML, like Gecko) Chrome/119.0.0.0 Safari/537.36"
127.0.0.1 - - [04/Oct/2024:11:47:03 +0800] "GET /manager-page/test01.html HTTP/1.1" 200 7507 "-" "Mozilla/5.0 (Windows NT 10.0; Win64; x64) AppleWebKit/537.36 (KHTML, like Gecko) Chrome/119.0.0.0 Safari/537.36"
127.0.0.1 - - [04/Oct/2024:11:47:06 +0800] "GET /manager-page/test01.html HTTP/1.1" 304 - "-" "Mozilla/5.0 (Windows NT 10.0; Win64; x64) AppleWebKit/537.36 (KHTML, like Gecko) Chrome/119.0.0.0 Safari/537.36"
127.0.0.1 - - [04/Oct/2024:11:47:06 +0800] "GET /manager-page/js/chartjs-plugin-datalabels.js HTTP/1.1" 304 - "http://127.0.0.1/manager-page/test01.html" "Mozilla/5.0 (Windows NT 10.0; Win64; x64) AppleWebKit/537.36 (KHTML, like Gecko) Chrome/119.0.0.0 Safari/537.36"
127.0.0.1 - - [04/Oct/2024:11:47:13 +0800] "GET /manager-page/test01.html HTTP/1.1" 200 7507 "-" "Mozilla/5.0 (Windows NT 10.0; Win64; x64) AppleWebKit/537.36 (KHTML, like Gecko) Chrome/119.0.0.0 Safari/537.36"
127.0.0.1 - - [04/Oct/2024:11:47:13 +0800] "GET /manager-page/js/chart-2.9.4.js HTTP/1.1" 200 226501 "http://127.0.0.1/manager-page/test01.html" "Mozilla/5.0 (Windows NT 10.0; Win64; x64) AppleWebKit/537.36 (KHTML, like Gecko) Chrome/119.0.0.0 Safari/537.36"
127.0.0.1 - - [04/Oct/2024:11:47:13 +0800] "GET /manager-page/js/chartjs-plugin-datalabels.js HTTP/1.1" 200 12944 "http://127.0.0.1/manager-page/test01.html" "Mozilla/5.0 (Windows NT 10.0; Win64; x64) AppleWebKit/537.36 (KHTML, like Gecko) Chrome/119.0.0.0 Safari/537.36"
127.0.0.1 - - [04/Oct/2024:11:48:00 +0800] "GET /robot/alarm-history-in.php HTTP/1.1" 200 - "-" "python-requests/2.28.1"
127.0.0.1 - - [04/Oct/2024:11:48:45 +0800] "GET /manager-page/test01.html HTTP/1.1" 200 7507 "-" "Mozilla/5.0 (Windows NT 10.0; Win64; x64) AppleWebKit/537.36 (KHTML, like Gecko) Chrome/119.0.0.0 Safari/537.36"
127.0.0.1 - - [04/Oct/2024:11:48:45 +0800] "GET /manager-page/js/chartjs-plugin-datalabels.js HTTP/1.1" 200 12944 "http://127.0.0.1/manager-page/test01.html" "Mozilla/5.0 (Windows NT 10.0; Win64; x64) AppleWebKit/537.36 (KHTML, like Gecko) Chrome/119.0.0.0 Safari/537.36"
127.0.0.1 - - [04/Oct/2024:11:48:45 +0800] "GET /manager-page/js/chart-4.4.4.js HTTP/1.1" 200 205767 "http://127.0.0.1/manager-page/test01.html" "Mozilla/5.0 (Windows NT 10.0; Win64; x64) AppleWebKit/537.36 (KHTML, like Gecko) Chrome/119.0.0.0 Safari/537.36"
127.0.0.1 - - [04/Oct/2024:11:48:45 +0800] "GET /manager-page/js/chart.umd.js.map HTTP/1.1" 404 196 "-" "Mozilla/5.0 (Windows NT 10.0; Win64; x64) AppleWebKit/537.36 (KHTML, like Gecko) Chrome/119.0.0.0 Safari/537.36"
127.0.0.1 - - [04/Oct/2024:11:48:51 +0800] "GET /manager-page/test01.html HTTP/1.1" 304 - "-" "Mozilla/5.0 (Windows NT 10.0; Win64; x64) AppleWebKit/537.36 (KHTML, like Gecko) Chrome/119.0.0.0 Safari/537.36"
127.0.0.1 - - [04/Oct/2024:11:48:51 +0800] "GET /manager-page/js/chart-4.4.4.js HTTP/1.1" 304 - "http://127.0.0.1/manager-page/test01.html" "Mozilla/5.0 (Windows NT 10.0; Win64; x64) AppleWebKit/537.36 (KHTML, like Gecko) Chrome/119.0.0.0 Safari/537.36"
127.0.0.1 - - [04/Oct/2024:11:49:00 +0800] "GET /robot/alarm-history-in.php HTTP/1.1" 200 - "-" "python-requests/2.28.1"
111.70.30.251 - - [04/Oct/2024:11:49:36 +0800] "POST /robot/lora-in.php HTTP/1.1" 200 - "-" "python-requests/2.21.0"
127.0.0.1 - - [04/Oct/2024:11:50:00 +0800] "GET /robot/alarm-history-in.php HTTP/1.1" 200 - "-" "python-requests/2.28.1"
127.0.0.1 - - [04/Oct/2024:11:50:11 +0800] "GET /manager-page/test01.html HTTP/1.1" 200 7023 "-" "Mozilla/5.0 (Windows NT 10.0; Win64; x64) AppleWebKit/537.36 (KHTML, like Gecko) Chrome/119.0.0.0 Safari/537.36"
127.0.0.1 - - [04/Oct/2024:11:50:11 +0800] "GET /manager-page/js/chartjs-plugin-datalabels.js HTTP/1.1" 304 - "http://127.0.0.1/manager-page/test01.html" "Mozilla/5.0 (Windows NT 10.0; Win64; x64) AppleWebKit/537.36 (KHTML, like Gecko) Chrome/119.0.0.0 Safari/537.36"
127.0.0.1 - - [04/Oct/2024:11:50:11 +0800] "GET /manager-page/js/chart-4.4.4.js HTTP/1.1" 304 - "http://127.0.0.1/manager-page/test01.html" "Mozilla/5.0 (Windows NT 10.0; Win64; x64) AppleWebKit/537.36 (KHTML, like Gecko) Chrome/119.0.0.0 Safari/537.36"
127.0.0.1 - - [04/Oct/2024:11:50:36 +0800] "GET /manager-page/test01.html HTTP/1.1" 200 6641 "-" "Mozilla/5.0 (Windows NT 10.0; Win64; x64) AppleWebKit/537.36 (KHTML, like Gecko) Chrome/119.0.0.0 Safari/537.36"
127.0.0.1 - - [04/Oct/2024:11:50:36 +0800] "GET /manager-page/js/chart-4.4.4.js HTTP/1.1" 304 - "http://127.0.0.1/manager-page/test01.html" "Mozilla/5.0 (Windows NT 10.0; Win64; x64) AppleWebKit/537.36 (KHTML, like Gecko) Chrome/119.0.0.0 Safari/537.36"
127.0.0.1 - - [04/Oct/2024:11:50:46 +0800] "GET /manager-page/test01.html HTTP/1.1" 200 7023 "-" "Mozilla/5.0 (Windows NT 10.0; Win64; x64) AppleWebKit/537.36 (KHTML, like Gecko) Chrome/119.0.0.0 Safari/537.36"
127.0.0.1 - - [04/Oct/2024:11:50:46 +0800] "GET /manager-page/js/chartjs-plugin-datalabels.js HTTP/1.1" 304 - "http://127.0.0.1/manager-page/test01.html" "Mozilla/5.0 (Windows NT 10.0; Win64; x64) AppleWebKit/537.36 (KHTML, like Gecko) Chrome/119.0.0.0 Safari/537.36"
111.70.30.251 - - [04/Oct/2024:11:50:56 +0800] "POST /robot/lora-in.php HTTP/1.1" 200 - "-" "python-requests/2.21.0"
127.0.0.1 - - [04/Oct/2024:11:51:00 +0800] "GET /robot/alarm-history-in.php HTTP/1.1" 200 - "-" "python-requests/2.28.1"
111.70.30.250 - - [04/Oct/2024:11:51:26 +0800] "POST /robot/lora-in.php HTTP/1.1" 200 - "-" "python-requests/2.21.0"
127.0.0.1 - - [04/Oct/2024:11:52:00 +0800] "GET /robot/alarm-history-in.php HTTP/1.1" 200 - "-" "python-requests/2.28.1"
127.0.0.1 - - [04/Oct/2024:11:52:07 +0800] "GET /manager-page/history.php HTTP/1.1" 200 22438 "http://127.0.0.1/manager-page/abnormal.php" "Mozilla/5.0 (Windows NT 10.0; Win64; x64) AppleWebKit/537.36 (KHTML, like Gecko) Chrome/119.0.0.0 Safari/537.36"
127.0.0.1 - - [04/Oct/2024:11:52:10 +0800] "POST /manager-page/history.php HTTP/1.1" 200 77917 "http://127.0.0.1/manager-page/history.php" "Mozilla/5.0 (Windows NT 10.0; Win64; x64) AppleWebKit/537.36 (KHTML, like Gecko) Chrome/119.0.0.0 Safari/537.36"
127.0.0.1 - - [04/Oct/2024:11:53:00 +0800] "GET /robot/alarm-history-in.php HTTP/1.1" 200 - "-" "python-requests/2.28.1"
127.0.0.1 - - [04/Oct/2024:11:53:03 +0800] "GET /manager-page/test01.html HTTP/1.1" 200 7053 "-" "Mozilla/5.0 (Windows NT 10.0; Win64; x64) AppleWebKit/537.36 (KHTML, like Gecko) Chrome/119.0.0.0 Safari/537.36"
127.0.0.1 - - [04/Oct/2024:11:53:03 +0800] "GET /manager-page/js/chartjs-plugin-datalabels.js HTTP/1.1" 304 - "http://127.0.0.1/manager-page/test01.html" "Mozilla/5.0 (Windows NT 10.0; Win64; x64) AppleWebKit/537.36 (KHTML, like Gecko) Chrome/119.0.0.0 Safari/537.36"
127.0.0.1 - - [04/Oct/2024:11:53:03 +0800] "GET /manager-page/js/chart-4.4.4.js HTTP/1.1" 304 - "http://127.0.0.1/manager-page/test01.html" "Mozilla/5.0 (Windows NT 10.0; Win64; x64) AppleWebKit/537.36 (KHTML, like Gecko) Chrome/119.0.0.0 Safari/537.36"
127.0.0.1 - - [04/Oct/2024:11:53:24 +0800] "GET /manager-page/test01.html HTTP/1.1" 200 7051 "-" "Mozilla/5.0 (Windows NT 10.0; Win64; x64) AppleWebKit/537.36 (KHTML, like Gecko) Chrome/119.0.0.0 Safari/537.36"
111.70.30.251 - - [04/Oct/2024:11:53:38 +0800] "POST /robot/lora-in.php HTTP/1.1" 200 - "-" "python-requests/2.21.0"
111.70.30.252 - - [04/Oct/2024:11:53:54 +0800] "POST /robot/lora-in.php HTTP/1.1" 200 - "-" "python-requests/2.21.0"
127.0.0.1 - - [04/Oct/2024:11:54:00 +0800] "GET /robot/alarm-history-in.php HTTP/1.1" 200 - "-" "python-requests/2.28.1"
127.0.0.1 - - [04/Oct/2024:11:54:20 +0800] "GET /manager-page/test01.html HTTP/1.1" 200 7078 "-" "Mozilla/5.0 (Windows NT 10.0; Win64; x64) AppleWebKit/537.36 (KHTML, like Gecko) Chrome/119.0.0.0 Safari/537.36"
127.0.0.1 - - [04/Oct/2024:11:54:20 +0800] "GET /manager-page/js/chartjs-plugin-datalabels.js HTTP/1.1" 304 - "http://127.0.0.1/manager-page/test01.html" "Mozilla/5.0 (Windows NT 10.0; Win64; x64) AppleWebKit/537.36 (KHTML, like Gecko) Chrome/119.0.0.0 Safari/537.36"
127.0.0.1 - - [04/Oct/2024:11:54:20 +0800] "GET /manager-page/js/chart-4.4.4.js HTTP/1.1" 304 - "http://127.0.0.1/manager-page/test01.html" "Mozilla/5.0 (Windows NT 10.0; Win64; x64) AppleWebKit/537.36 (KHTML, like Gecko) Chrome/119.0.0.0 Safari/537.36"
111.70.30.251 - - [04/Oct/2024:11:54:28 +0800] "POST /robot/lora-in.php HTTP/1.1" 200 - "-" "python-requests/2.21.0"
111.70.30.251 - - [04/Oct/2024:11:54:55 +0800] "POST /robot/lora-in.php HTTP/1.1" 200 - "-" "python-requests/2.21.0"
127.0.0.1 - - [04/Oct/2024:11:54:58 +0800] "GET /manager-page/history3.php HTTP/1.1" 200 13785 "http://127.0.0.1/manager-page/history.php" "Mozilla/5.0 (Windows NT 10.0; Win64; x64) AppleWebKit/537.36 (KHTML, like Gecko) Chrome/119.0.0.0 Safari/537.36"
127.0.0.1 - - [04/Oct/2024:11:55:00 +0800] "GET /robot/alarm-history-in.php HTTP/1.1" 200 - "-" "python-requests/2.28.1"
127.0.0.1 - - [04/Oct/2024:11:55:09 +0800] "POST /robot/et-7026-in.php HTTP/1.1" 200 - "-" "python-requests/2.31.0"
127.0.0.1 - - [04/Oct/2024:11:55:10 +0800] "POST /robot/et-7026-in.php HTTP/1.1" 200 - "-" "python-requests/2.31.0"
127.0.0.1 - - [04/Oct/2024:11:55:10 +0800] "POST /robot/lora-in.php HTTP/1.1" 200 - "-" "python-requests/2.31.0"
127.0.0.1 - - [04/Oct/2024:11:55:11 +0800] "POST /robot/et-7026-in.php HTTP/1.1" 200 - "-" "python-requests/2.31.0"
127.0.0.1 - - [04/Oct/2024:11:55:16 +0800] "POST /robot/lora-in.php HTTP/1.1" 200 - "-" "python-requests/2.31.0"
127.0.0.1 - - [04/Oct/2024:11:55:24 +0800] "POST /robot/lora-in.php HTTP/1.1" 200 - "-" "python-requests/2.31.0"
127.0.0.1 - - [04/Oct/2024:11:55:25 +0800] "POST /robot/et-7026-in.php HTTP/1.1" 200 - "-" "python-requests/2.31.0"
127.0.0.1 - - [04/Oct/2024:11:55:34 +0800] "POST /robot/lora-in.php HTTP/1.1" 200 - "-" "python-requests/2.31.0"
127.0.0.1 - - [04/Oct/2024:11:55:37 +0800] "POST /robot/lora-in.php HTTP/1.1" 200 - "-" "python-requests/2.31.0"
127.0.0.1 - - [04/Oct/2024:11:55:45 +0800] "POST /robot/lora-in.php HTTP/1.1" 200 - "-" "python-requests/2.31.0"
127.0.0.1 - - [04/Oct/2024:11:55:46 +0800] "GET /manager-page/test01.html HTTP/1.1" 304 - "-" "Mozilla/5.0 (Windows NT 10.0; Win64; x64) AppleWebKit/537.36 (KHTML, like Gecko) Chrome/119.0.0.0 Safari/537.36"
127.0.0.1 - - [04/Oct/2024:11:55:46 +0800] "GET /manager-page/js/chartjs-plugin-datalabels.js HTTP/1.1" 304 - "http://127.0.0.1/manager-page/test01.html" "Mozilla/5.0 (Windows NT 10.0; Win64; x64) AppleWebKit/537.36 (KHTML, like Gecko) Chrome/119.0.0.0 Safari/537.36"
127.0.0.1 - - [04/Oct/2024:11:55:46 +0800] "GET /manager-page/js/chart-4.4.4.js HTTP/1.1" 304 - "http://127.0.0.1/manager-page/test01.html" "Mozilla/5.0 (Windows NT 10.0; Win64; x64) AppleWebKit/537.36 (KHTML, like Gecko) Chrome/119.0.0.0 Safari/537.36"
111.70.30.253 - - [04/Oct/2024:11:55:53 +0800] "POST /robot/lora-in.php HTTP/1.1" 200 - "-" "python-requests/2.21.0"
127.0.0.1 - - [04/Oct/2024:11:56:00 +0800] "GET /robot/alarm-history-in.php HTTP/1.1" 200 - "-" "python-requests/2.28.1"
127.0.0.1 - - [04/Oct/2024:11:57:00 +0800] "GET /robot/alarm-history-in.php HTTP/1.1" 200 - "-" "python-requests/2.28.1"
111.70.30.251 - - [04/Oct/2024:11:57:40 +0800] "POST /robot/lora-in.php HTTP/1.1" 200 - "-" "python-requests/2.21.0"
127.0.0.1 - - [04/Oct/2024:11:58:00 +0800] "GET /robot/alarm-history-in.php HTTP/1.1" 200 - "-" "python-requests/2.28.1"
111.70.30.251 - - [04/Oct/2024:11:58:54 +0800] "POST /robot/lora-in.php HTTP/1.1" 200 - "-" "python-requests/2.21.0"
127.0.0.1 - - [04/Oct/2024:11:59:00 +0800] "GET /robot/alarm-history-in.php HTTP/1.1" 200 - "-" "python-requests/2.28.1"
