127.0.0.1 - - [12/Dec/2024:08:00:01 +0800] "GET /robot/alarm-history-in.php HTTP/1.1" 200 - "-" "python-requests/2.28.1"
127.0.0.1 - - [12/Dec/2024:08:00:00 +0800] "GET /manager-page/daily/send.php HTTP/1.1" 200 29 "-" "python-requests/2.28.1"
127.0.0.1 - - [12/Dec/2024:08:00:00 +0800] "GET /manager-page/daily/send2.php HTTP/1.1" 200 29 "-" "python-requests/2.28.1"
127.0.0.1 - - [12/Dec/2024:08:01:00 +0800] "GET /robot/alarm-history-in.php HTTP/1.1" 200 - "-" "python-requests/2.28.1"
127.0.0.1 - - [12/Dec/2024:08:01:33 +0800] "POST /robot/et-7026-in.php HTTP/1.1" 200 - "-" "python-requests/2.31.0"
127.0.0.1 - - [12/Dec/2024:08:01:54 +0800] "POST /robot/lora-in.php HTTP/1.1" 200 - "-" "python-requests/2.31.0"
127.0.0.1 - - [12/Dec/2024:08:02:03 +0800] "POST /robot/lora-in.php HTTP/1.1" 200 - "-" "python-requests/2.31.0"
127.0.0.1 - - [12/Dec/2024:08:02:00 +0800] "GET /robot/alarm-history-in.php HTTP/1.1" 200 - "-" "python-requests/2.28.1"
127.0.0.1 - - [12/Dec/2024:08:02:11 +0800] "POST /robot/et-7026-in.php HTTP/1.1" 200 - "-" "python-requests/2.31.0"
127.0.0.1 - - [12/Dec/2024:08:02:19 +0800] "POST /robot/lora-in.php HTTP/1.1" 200 - "-" "python-requests/2.31.0"
111.70.30.251 - - [12/Dec/2024:08:02:23 +0800] "POST /robot/lora-in.php HTTP/1.1" 200 - "-" "python-requests/2.21.0"
127.0.0.1 - - [12/Dec/2024:08:02:29 +0800] "POST /robot/lora-in.php HTTP/1.1" 200 - "-" "python-requests/2.31.0"
127.0.0.1 - - [12/Dec/2024:08:02:36 +0800] "POST /robot/lora-in.php HTTP/1.1" 200 - "-" "python-requests/2.31.0"
111.70.30.251 - - [12/Dec/2024:08:02:57 +0800] "POST /robot/lora-in.php HTTP/1.1" 200 - "-" "python-requests/2.21.0"
127.0.0.1 - - [12/Dec/2024:08:02:58 +0800] "POST /robot/lora-in.php HTTP/1.1" 200 - "-" "python-requests/2.31.0"
127.0.0.1 - - [12/Dec/2024:08:03:00 +0800] "GET /robot/alarm-history-in.php HTTP/1.1" 200 - "-" "python-requests/2.28.1"
111.70.30.253 - - [12/Dec/2024:08:03:22 +0800] "POST /robot/lora-in.php HTTP/1.1" 200 - "-" "python-requests/2.21.0"
127.0.0.1 - - [12/Dec/2024:08:04:00 +0800] "GET /robot/alarm-history-in.php HTTP/1.1" 200 - "-" "python-requests/2.28.1"
127.0.0.1 - - [12/Dec/2024:08:04:06 +0800] "POST /robot/et-7026-in.php HTTP/1.1" 200 - "-" "python-requests/2.31.0"
127.0.0.1 - - [12/Dec/2024:08:05:00 +0800] "GET /robot/alarm-history-in.php HTTP/1.1" 200 - "-" "python-requests/2.28.1"
172.16.36.28 - - [12/Dec/2024:08:05:59 +0800] "GET /manager-page/home-1.php HTTP/1.1" 302 - "-" "Mozilla/5.0 (Windows NT 10.0; Win64; x64) AppleWebKit/537.36 (KHTML, like Gecko) Chrome/131.0.0.0 Safari/537.36 Edg/131.0.0.0"
172.16.36.28 - - [12/Dec/2024:08:05:59 +0800] "GET /manager-page/login.php HTTP/1.1" 200 2365 "-" "Mozilla/5.0 (Windows NT 10.0; Win64; x64) AppleWebKit/537.36 (KHTML, like Gecko) Chrome/131.0.0.0 Safari/537.36 Edg/131.0.0.0"
172.16.36.28 - - [12/Dec/2024:08:06:00 +0800] "GET /manager-page/css/w3-4.10.css HTTP/1.1" 200 23290 "http://192.168.60.79/manager-page/login.php" "Mozilla/5.0 (Windows NT 10.0; Win64; x64) AppleWebKit/537.36 (KHTML, like Gecko) Chrome/131.0.0.0 Safari/537.36 Edg/131.0.0.0"
172.16.36.28 - - [12/Dec/2024:08:06:00 +0800] "GET /manager-page/js/leaflet-1.9.3.js HTTP/1.1" 200 146720 "http://192.168.60.79/manager-page/login.php" "Mozilla/5.0 (Windows NT 10.0; Win64; x64) AppleWebKit/537.36 (KHTML, like Gecko) Chrome/131.0.0.0 Safari/537.36 Edg/131.0.0.0"
172.16.36.28 - - [12/Dec/2024:08:06:00 +0800] "GET /manager-page/js/jquery-3.6.0.js HTTP/1.1" 200 89502 "http://192.168.60.79/manager-page/login.php" "Mozilla/5.0 (Windows NT 10.0; Win64; x64) AppleWebKit/537.36 (KHTML, like Gecko) Chrome/131.0.0.0 Safari/537.36 Edg/131.0.0.0"
172.16.36.28 - - [12/Dec/2024:08:06:00 +0800] "GET /manager-page/css/leaflet-1.9.3.css HTTP/1.1" 200 14655 "http://192.168.60.79/manager-page/login.php" "Mozilla/5.0 (Windows NT 10.0; Win64; x64) AppleWebKit/537.36 (KHTML, like Gecko) Chrome/131.0.0.0 Safari/537.36 Edg/131.0.0.0"
172.16.36.28 - - [12/Dec/2024:08:06:00 +0800] "GET /manager-page/js/chart-2.9.4.js HTTP/1.1" 200 226501 "http://192.168.60.79/manager-page/login.php" "Mozilla/5.0 (Windows NT 10.0; Win64; x64) AppleWebKit/537.36 (KHTML, like Gecko) Chrome/131.0.0.0 Safari/537.36 Edg/131.0.0.0"
172.16.36.28 - - [12/Dec/2024:08:06:00 +0800] "GET /favicon.ico HTTP/1.1" 404 196 "http://192.168.60.79/manager-page/login.php" "Mozilla/5.0 (Windows NT 10.0; Win64; x64) AppleWebKit/537.36 (KHTML, like Gecko) Chrome/131.0.0.0 Safari/537.36 Edg/131.0.0.0"
127.0.0.1 - - [12/Dec/2024:08:06:00 +0800] "GET /robot/alarm-history-in.php HTTP/1.1" 200 - "-" "python-requests/2.28.1"
111.70.30.251 - - [12/Dec/2024:08:06:14 +0800] "POST /robot/lora-in.php HTTP/1.1" 200 - "-" "python-requests/2.21.0"
111.70.30.252 - - [12/Dec/2024:08:06:20 +0800] "POST /robot/lora-in.php HTTP/1.1" 200 - "-" "python-requests/2.21.0"
172.16.36.28 - - [12/Dec/2024:08:06:22 +0800] "POST /manager-page/login.php HTTP/1.1" 302 - "http://192.168.60.79/manager-page/login.php" "Mozilla/5.0 (Windows NT 10.0; Win64; x64) AppleWebKit/537.36 (KHTML, like Gecko) Chrome/131.0.0.0 Safari/537.36 Edg/131.0.0.0"
172.16.36.28 - - [12/Dec/2024:08:06:22 +0800] "GET /manager-page/home.php HTTP/1.1" 302 - "http://192.168.60.79/manager-page/login.php" "Mozilla/5.0 (Windows NT 10.0; Win64; x64) AppleWebKit/537.36 (KHTML, like Gecko) Chrome/131.0.0.0 Safari/537.36 Edg/131.0.0.0"
172.16.36.28 - - [12/Dec/2024:08:06:23 +0800] "GET /manager-page/img/map-marker.png HTTP/1.1" 200 1752 "http://192.168.60.79/manager-page/home-1.php" "Mozilla/5.0 (Windows NT 10.0; Win64; x64) AppleWebKit/537.36 (KHTML, like Gecko) Chrome/131.0.0.0 Safari/537.36 Edg/131.0.0.0"
172.16.36.28 - - [12/Dec/2024:08:06:23 +0800] "GET /manager-page/alarm/1-2.jpg?t=1403062998 HTTP/1.1" 200 282261 "http://192.168.60.79/manager-page/home-1.php" "Mozilla/5.0 (Windows NT 10.0; Win64; x64) AppleWebKit/537.36 (KHTML, like Gecko) Chrome/131.0.0.0 Safari/537.36 Edg/131.0.0.0"
172.16.36.28 - - [12/Dec/2024:08:06:23 +0800] "GET /manager-page/alarm/1-1.jpg?t=1594881992 HTTP/1.1" 200 322868 "http://192.168.60.79/manager-page/home-1.php" "Mozilla/5.0 (Windows NT 10.0; Win64; x64) AppleWebKit/537.36 (KHTML, like Gecko) Chrome/131.0.0.0 Safari/537.36 Edg/131.0.0.0"
111.70.30.250 - - [12/Dec/2024:08:06:26 +0800] "POST /robot/lora-in.php HTTP/1.1" 200 - "-" "python-requests/2.21.0"
172.16.36.28 - - [12/Dec/2024:08:06:23 +0800] "GET /manager-page/home-1.php HTTP/1.1" 200 27474 "http://192.168.60.79/manager-page/login.php" "Mozilla/5.0 (Windows NT 10.0; Win64; x64) AppleWebKit/537.36 (KHTML, like Gecko) Chrome/131.0.0.0 Safari/537.36 Edg/131.0.0.0"
172.16.36.28 - - [12/Dec/2024:08:06:26 +0800] "GET /manager-page/img/off1.png HTTP/1.1" 200 13532 "http://192.168.60.79/manager-page/home-1.php" "Mozilla/5.0 (Windows NT 10.0; Win64; x64) AppleWebKit/537.36 (KHTML, like Gecko) Chrome/131.0.0.0 Safari/537.36 Edg/131.0.0.0"
172.16.36.28 - - [12/Dec/2024:08:06:26 +0800] "GET /manager-page/img/locpic_01.jpg HTTP/1.1" 200 131024 "http://192.168.60.79/manager-page/home-1.php" "Mozilla/5.0 (Windows NT 10.0; Win64; x64) AppleWebKit/537.36 (KHTML, like Gecko) Chrome/131.0.0.0 Safari/537.36 Edg/131.0.0.0"
172.16.36.28 - - [12/Dec/2024:08:06:23 +0800] "GET /manager-page/api/snapshot.php?id=12 HTTP/1.1" 200 41566 "http://192.168.60.79/manager-page/home-1.php" "Mozilla/5.0 (Windows NT 10.0; Win64; x64) AppleWebKit/537.36 (KHTML, like Gecko) Chrome/131.0.0.0 Safari/537.36 Edg/131.0.0.0"
172.16.36.28 - - [12/Dec/2024:08:06:23 +0800] "GET /manager-page/api/snapshot.php?id=11 HTTP/1.1" 200 40797 "http://192.168.60.79/manager-page/home-1.php" "Mozilla/5.0 (Windows NT 10.0; Win64; x64) AppleWebKit/537.36 (KHTML, like Gecko) Chrome/131.0.0.0 Safari/537.36 Edg/131.0.0.0"
172.16.36.28 - - [12/Dec/2024:08:06:26 +0800] "GET /manager-page/api/cms-status1.php HTTP/1.1" 200 12 "http://192.168.60.79/manager-page/home-1.php" "Mozilla/5.0 (Windows NT 10.0; Win64; x64) AppleWebKit/537.36 (KHTML, like Gecko) Chrome/131.0.0.0 Safari/537.36 Edg/131.0.0.0"
172.16.36.28 - - [12/Dec/2024:08:06:26 +0800] "GET /manager-page/api/lp-status1.php HTTP/1.1" 200 1 "http://192.168.60.79/manager-page/home-1.php" "Mozilla/5.0 (Windows NT 10.0; Win64; x64) AppleWebKit/537.36 (KHTML, like Gecko) Chrome/131.0.0.0 Safari/537.36 Edg/131.0.0.0"
172.16.36.28 - - [12/Dec/2024:08:06:31 +0800] "GET /manager-page/api/snapshot.php?id=11&t=0.4996310150452097 HTTP/1.1" 200 40835 "http://192.168.60.79/manager-page/home-1.php" "Mozilla/5.0 (Windows NT 10.0; Win64; x64) AppleWebKit/537.36 (KHTML, like Gecko) Chrome/131.0.0.0 Safari/537.36 Edg/131.0.0.0"
172.16.36.28 - - [12/Dec/2024:08:06:31 +0800] "GET /manager-page/api/snapshot.php?id=12&t=0.2774678959140795 HTTP/1.1" 200 41637 "http://192.168.60.79/manager-page/home-1.php" "Mozilla/5.0 (Windows NT 10.0; Win64; x64) AppleWebKit/537.36 (KHTML, like Gecko) Chrome/131.0.0.0 Safari/537.36 Edg/131.0.0.0"
172.16.36.28 - - [12/Dec/2024:08:06:32 +0800] "GET /manager-page/alarm/2-1.jpg?t=1230412350 HTTP/1.1" 200 339428 "http://192.168.60.79/manager-page/home-2.php" "Mozilla/5.0 (Windows NT 10.0; Win64; x64) AppleWebKit/537.36 (KHTML, like Gecko) Chrome/131.0.0.0 Safari/537.36 Edg/131.0.0.0"
172.16.36.28 - - [12/Dec/2024:08:06:32 +0800] "GET /manager-page/alarm/2-2.jpg?t=1734775184 HTTP/1.1" 200 347675 "http://192.168.60.79/manager-page/home-2.php" "Mozilla/5.0 (Windows NT 10.0; Win64; x64) AppleWebKit/537.36 (KHTML, like Gecko) Chrome/131.0.0.0 Safari/537.36 Edg/131.0.0.0"
172.16.36.28 - - [12/Dec/2024:08:06:32 +0800] "GET /manager-page/home-2.php HTTP/1.1" 200 27469 "http://192.168.60.79/manager-page/home-1.php" "Mozilla/5.0 (Windows NT 10.0; Win64; x64) AppleWebKit/537.36 (KHTML, like Gecko) Chrome/131.0.0.0 Safari/537.36 Edg/131.0.0.0"
172.16.36.28 - - [12/Dec/2024:08:06:35 +0800] "GET /manager-page/img/locpic_02.jpg HTTP/1.1" 200 158513 "http://192.168.60.79/manager-page/home-2.php" "Mozilla/5.0 (Windows NT 10.0; Win64; x64) AppleWebKit/537.36 (KHTML, like Gecko) Chrome/131.0.0.0 Safari/537.36 Edg/131.0.0.0"
172.16.36.28 - - [12/Dec/2024:08:06:32 +0800] "GET /manager-page/api/snapshot.php?id=21 HTTP/1.1" 200 48995 "http://192.168.60.79/manager-page/home-2.php" "Mozilla/5.0 (Windows NT 10.0; Win64; x64) AppleWebKit/537.36 (KHTML, like Gecko) Chrome/131.0.0.0 Safari/537.36 Edg/131.0.0.0"
172.16.36.28 - - [12/Dec/2024:08:06:32 +0800] "GET /manager-page/api/snapshot.php?id=22 HTTP/1.1" 200 42266 "http://192.168.60.79/manager-page/home-2.php" "Mozilla/5.0 (Windows NT 10.0; Win64; x64) AppleWebKit/537.36 (KHTML, like Gecko) Chrome/131.0.0.0 Safari/537.36 Edg/131.0.0.0"
172.16.36.28 - - [12/Dec/2024:08:06:35 +0800] "GET /manager-page/api/cms-status2.php HTTP/1.1" 200 12 "http://192.168.60.79/manager-page/home-2.php" "Mozilla/5.0 (Windows NT 10.0; Win64; x64) AppleWebKit/537.36 (KHTML, like Gecko) Chrome/131.0.0.0 Safari/537.36 Edg/131.0.0.0"
172.16.36.28 - - [12/Dec/2024:08:06:35 +0800] "GET /manager-page/api/lp-status2.php HTTP/1.1" 200 1 "http://192.168.60.79/manager-page/home-2.php" "Mozilla/5.0 (Windows NT 10.0; Win64; x64) AppleWebKit/537.36 (KHTML, like Gecko) Chrome/131.0.0.0 Safari/537.36 Edg/131.0.0.0"
172.16.36.28 - - [12/Dec/2024:08:06:40 +0800] "GET /manager-page/api/snapshot.php?id=22&t=0.8615670302742127 HTTP/1.1" 200 42285 "http://192.168.60.79/manager-page/home-2.php" "Mozilla/5.0 (Windows NT 10.0; Win64; x64) AppleWebKit/537.36 (KHTML, like Gecko) Chrome/131.0.0.0 Safari/537.36 Edg/131.0.0.0"
172.16.36.28 - - [12/Dec/2024:08:06:40 +0800] "GET /manager-page/api/snapshot.php?id=21&t=0.9408441762637179 HTTP/1.1" 200 48993 "http://192.168.60.79/manager-page/home-2.php" "Mozilla/5.0 (Windows NT 10.0; Win64; x64) AppleWebKit/537.36 (KHTML, like Gecko) Chrome/131.0.0.0 Safari/537.36 Edg/131.0.0.0"
172.16.36.28 - - [12/Dec/2024:08:06:45 +0800] "GET /manager-page/api/snapshot.php?id=21&t=0.0581779641512945 HTTP/1.1" 200 49052 "http://192.168.60.79/manager-page/home-2.php" "Mozilla/5.0 (Windows NT 10.0; Win64; x64) AppleWebKit/537.36 (KHTML, like Gecko) Chrome/131.0.0.0 Safari/537.36 Edg/131.0.0.0"
172.16.36.28 - - [12/Dec/2024:08:06:45 +0800] "GET /manager-page/api/snapshot.php?id=22&t=0.36345190525786286 HTTP/1.1" 200 42320 "http://192.168.60.79/manager-page/home-2.php" "Mozilla/5.0 (Windows NT 10.0; Win64; x64) AppleWebKit/537.36 (KHTML, like Gecko) Chrome/131.0.0.0 Safari/537.36 Edg/131.0.0.0"
172.16.36.28 - - [12/Dec/2024:08:06:50 +0800] "GET /manager-page/api/snapshot.php?id=22&t=0.7064419497672507 HTTP/1.1" 200 42356 "http://192.168.60.79/manager-page/home-2.php" "Mozilla/5.0 (Windows NT 10.0; Win64; x64) AppleWebKit/537.36 (KHTML, like Gecko) Chrome/131.0.0.0 Safari/537.36 Edg/131.0.0.0"
172.16.36.28 - - [12/Dec/2024:08:06:50 +0800] "GET /manager-page/api/snapshot.php?id=21&t=0.49488379683943773 HTTP/1.1" 200 49151 "http://192.168.60.79/manager-page/home-2.php" "Mozilla/5.0 (Windows NT 10.0; Win64; x64) AppleWebKit/537.36 (KHTML, like Gecko) Chrome/131.0.0.0 Safari/537.36 Edg/131.0.0.0"
172.16.36.28 - - [12/Dec/2024:08:06:55 +0800] "GET /manager-page/api/snapshot.php?id=22&t=0.763730234947688 HTTP/1.1" 200 42309 "http://192.168.60.79/manager-page/home-2.php" "Mozilla/5.0 (Windows NT 10.0; Win64; x64) AppleWebKit/537.36 (KHTML, like Gecko) Chrome/131.0.0.0 Safari/537.36 Edg/131.0.0.0"
172.16.36.28 - - [12/Dec/2024:08:06:55 +0800] "GET /manager-page/api/snapshot.php?id=21&t=0.9700030322340896 HTTP/1.1" 200 49080 "http://192.168.60.79/manager-page/home-2.php" "Mozilla/5.0 (Windows NT 10.0; Win64; x64) AppleWebKit/537.36 (KHTML, like Gecko) Chrome/131.0.0.0 Safari/537.36 Edg/131.0.0.0"
111.70.30.251 - - [12/Dec/2024:08:06:59 +0800] "POST /robot/lora-in.php HTTP/1.1" 200 - "-" "python-requests/2.21.0"
127.0.0.1 - - [12/Dec/2024:08:07:00 +0800] "GET /robot/alarm-history-in.php HTTP/1.1" 200 - "-" "python-requests/2.28.1"
172.16.36.28 - - [12/Dec/2024:08:07:00 +0800] "GET /manager-page/api/snapshot.php?id=22&t=0.7735582590734995 HTTP/1.1" 200 42278 "http://192.168.60.79/manager-page/home-2.php" "Mozilla/5.0 (Windows NT 10.0; Win64; x64) AppleWebKit/537.36 (KHTML, like Gecko) Chrome/131.0.0.0 Safari/537.36 Edg/131.0.0.0"
172.16.36.28 - - [12/Dec/2024:08:07:00 +0800] "GET /manager-page/api/snapshot.php?id=21&t=0.02207794714052258 HTTP/1.1" 200 49112 "http://192.168.60.79/manager-page/home-2.php" "Mozilla/5.0 (Windows NT 10.0; Win64; x64) AppleWebKit/537.36 (KHTML, like Gecko) Chrome/131.0.0.0 Safari/537.36 Edg/131.0.0.0"
172.16.36.28 - - [12/Dec/2024:08:07:05 +0800] "GET /manager-page/api/snapshot.php?id=22&t=0.7568126091117056 HTTP/1.1" 200 42330 "http://192.168.60.79/manager-page/home-2.php" "Mozilla/5.0 (Windows NT 10.0; Win64; x64) AppleWebKit/537.36 (KHTML, like Gecko) Chrome/131.0.0.0 Safari/537.36 Edg/131.0.0.0"
172.16.36.28 - - [12/Dec/2024:08:07:05 +0800] "GET /manager-page/api/snapshot.php?id=21&t=0.285449807856484 HTTP/1.1" 200 49203 "http://192.168.60.79/manager-page/home-2.php" "Mozilla/5.0 (Windows NT 10.0; Win64; x64) AppleWebKit/537.36 (KHTML, like Gecko) Chrome/131.0.0.0 Safari/537.36 Edg/131.0.0.0"
172.16.36.28 - - [12/Dec/2024:08:07:10 +0800] "GET /manager-page/api/snapshot.php?id=21&t=0.38116918933755684 HTTP/1.1" 200 49187 "http://192.168.60.79/manager-page/home-2.php" "Mozilla/5.0 (Windows NT 10.0; Win64; x64) AppleWebKit/537.36 (KHTML, like Gecko) Chrome/131.0.0.0 Safari/537.36 Edg/131.0.0.0"
172.16.36.28 - - [12/Dec/2024:08:07:10 +0800] "GET /manager-page/api/snapshot.php?id=22&t=0.5166068246657931 HTTP/1.1" 200 42384 "http://192.168.60.79/manager-page/home-2.php" "Mozilla/5.0 (Windows NT 10.0; Win64; x64) AppleWebKit/537.36 (KHTML, like Gecko) Chrome/131.0.0.0 Safari/537.36 Edg/131.0.0.0"
172.16.36.28 - - [12/Dec/2024:08:07:15 +0800] "GET /manager-page/api/snapshot.php?id=21&t=0.38360649714091966 HTTP/1.1" 200 49274 "http://192.168.60.79/manager-page/home-2.php" "Mozilla/5.0 (Windows NT 10.0; Win64; x64) AppleWebKit/537.36 (KHTML, like Gecko) Chrome/131.0.0.0 Safari/537.36 Edg/131.0.0.0"
172.16.36.28 - - [12/Dec/2024:08:07:15 +0800] "GET /manager-page/api/snapshot.php?id=22&t=0.3717981247937918 HTTP/1.1" 200 42360 "http://192.168.60.79/manager-page/home-2.php" "Mozilla/5.0 (Windows NT 10.0; Win64; x64) AppleWebKit/537.36 (KHTML, like Gecko) Chrome/131.0.0.0 Safari/537.36 Edg/131.0.0.0"
127.0.0.1 - - [12/Dec/2024:08:07:27 +0800] "POST /robot/et-7026-in.php HTTP/1.1" 200 - "-" "python-requests/2.31.0"
111.70.30.251 - - [12/Dec/2024:08:07:27 +0800] "POST /robot/lora-in.php HTTP/1.1" 200 - "-" "python-requests/2.21.0"
172.16.36.28 - - [12/Dec/2024:08:07:19 +0800] "GET /manager-page/api/live.php?id=22 HTTP/1.1" 200 1417215 "http://192.168.60.79/manager-page/home-2.php" "Mozilla/5.0 (Windows NT 10.0; Win64; x64) AppleWebKit/537.36 (KHTML, like Gecko) Chrome/131.0.0.0 Safari/537.36 Edg/131.0.0.0"
172.16.36.28 - - [12/Dec/2024:08:07:21 +0800] "GET /manager-page/api/snapshot.php?id=22&t=0.24929832371690575 HTTP/1.1" 500 - "http://192.168.60.79/manager-page/home-2.php" "Mozilla/5.0 (Windows NT 10.0; Win64; x64) AppleWebKit/537.36 (KHTML, like Gecko) Chrome/131.0.0.0 Safari/537.36 Edg/131.0.0.0"
172.16.36.28 - - [12/Dec/2024:08:07:21 +0800] "GET /manager-page/api/snapshot.php?id=21&t=0.5365547781140771 HTTP/1.1" 500 - "http://192.168.60.79/manager-page/home-2.php" "Mozilla/5.0 (Windows NT 10.0; Win64; x64) AppleWebKit/537.36 (KHTML, like Gecko) Chrome/131.0.0.0 Safari/537.36 Edg/131.0.0.0"
172.16.36.28 - - [12/Dec/2024:08:07:26 +0800] "GET /manager-page/api/snapshot.php?id=22&t=0.44437653303825053 HTTP/1.1" 500 - "http://192.168.60.79/manager-page/home-2.php" "Mozilla/5.0 (Windows NT 10.0; Win64; x64) AppleWebKit/537.36 (KHTML, like Gecko) Chrome/131.0.0.0 Safari/537.36 Edg/131.0.0.0"
172.16.36.28 - - [12/Dec/2024:08:07:26 +0800] "GET /manager-page/api/snapshot.php?id=21&t=0.7668760357628561 HTTP/1.1" 500 - "http://192.168.60.79/manager-page/home-2.php" "Mozilla/5.0 (Windows NT 10.0; Win64; x64) AppleWebKit/537.36 (KHTML, like Gecko) Chrome/131.0.0.0 Safari/537.36 Edg/131.0.0.0"
172.16.36.28 - - [12/Dec/2024:08:07:31 +0800] "GET /manager-page/api/snapshot.php?id=21&t=0.3046147787976339 HTTP/1.1" 500 - "http://192.168.60.79/manager-page/home-2.php" "Mozilla/5.0 (Windows NT 10.0; Win64; x64) AppleWebKit/537.36 (KHTML, like Gecko) Chrome/131.0.0.0 Safari/537.36 Edg/131.0.0.0"
172.16.36.28 - - [12/Dec/2024:08:07:31 +0800] "GET /manager-page/api/snapshot.php?id=22&t=0.0344170578573717 HTTP/1.1" 500 - "http://192.168.60.79/manager-page/home-2.php" "Mozilla/5.0 (Windows NT 10.0; Win64; x64) AppleWebKit/537.36 (KHTML, like Gecko) Chrome/131.0.0.0 Safari/537.36 Edg/131.0.0.0"
172.16.36.28 - - [12/Dec/2024:08:07:36 +0800] "GET /manager-page/api/snapshot.php?id=22&t=0.43102494166018346 HTTP/1.1" 500 - "http://192.168.60.79/manager-page/home-2.php" "Mozilla/5.0 (Windows NT 10.0; Win64; x64) AppleWebKit/537.36 (KHTML, like Gecko) Chrome/131.0.0.0 Safari/537.36 Edg/131.0.0.0"
172.16.36.28 - - [12/Dec/2024:08:07:36 +0800] "GET /manager-page/api/snapshot.php?id=21&t=0.12695794073220967 HTTP/1.1" 500 - "http://192.168.60.79/manager-page/home-2.php" "Mozilla/5.0 (Windows NT 10.0; Win64; x64) AppleWebKit/537.36 (KHTML, like Gecko) Chrome/131.0.0.0 Safari/537.36 Edg/131.0.0.0"
172.16.36.28 - - [12/Dec/2024:08:07:41 +0800] "GET /manager-page/api/snapshot.php?id=21&t=0.7370073732369264 HTTP/1.1" 500 - "http://192.168.60.79/manager-page/home-2.php" "Mozilla/5.0 (Windows NT 10.0; Win64; x64) AppleWebKit/537.36 (KHTML, like Gecko) Chrome/131.0.0.0 Safari/537.36 Edg/131.0.0.0"
172.16.36.28 - - [12/Dec/2024:08:07:41 +0800] "GET /manager-page/api/snapshot.php?id=22&t=0.8189837948077654 HTTP/1.1" 500 - "http://192.168.60.79/manager-page/home-2.php" "Mozilla/5.0 (Windows NT 10.0; Win64; x64) AppleWebKit/537.36 (KHTML, like Gecko) Chrome/131.0.0.0 Safari/537.36 Edg/131.0.0.0"
172.16.36.28 - - [12/Dec/2024:08:07:46 +0800] "GET /manager-page/api/snapshot.php?id=22&t=0.12398901395704787 HTTP/1.1" 500 - "http://192.168.60.79/manager-page/home-2.php" "Mozilla/5.0 (Windows NT 10.0; Win64; x64) AppleWebKit/537.36 (KHTML, like Gecko) Chrome/131.0.0.0 Safari/537.36 Edg/131.0.0.0"
172.16.36.28 - - [12/Dec/2024:08:07:46 +0800] "GET /manager-page/api/snapshot.php?id=21&t=0.9456235911061015 HTTP/1.1" 500 - "http://192.168.60.79/manager-page/home-2.php" "Mozilla/5.0 (Windows NT 10.0; Win64; x64) AppleWebKit/537.36 (KHTML, like Gecko) Chrome/131.0.0.0 Safari/537.36 Edg/131.0.0.0"
172.16.36.28 - - [12/Dec/2024:08:07:51 +0800] "GET /manager-page/api/snapshot.php?id=21&t=0.029478301356506975 HTTP/1.1" 200 49215 "http://192.168.60.79/manager-page/home-2.php" "Mozilla/5.0 (Windows NT 10.0; Win64; x64) AppleWebKit/537.36 (KHTML, like Gecko) Chrome/131.0.0.0 Safari/537.36 Edg/131.0.0.0"
172.16.36.28 - - [12/Dec/2024:08:07:51 +0800] "GET /manager-page/api/snapshot.php?id=22&t=0.36773160383376946 HTTP/1.1" 200 42544 "http://192.168.60.79/manager-page/home-2.php" "Mozilla/5.0 (Windows NT 10.0; Win64; x64) AppleWebKit/537.36 (KHTML, like Gecko) Chrome/131.0.0.0 Safari/537.36 Edg/131.0.0.0"
172.16.36.28 - - [12/Dec/2024:08:07:55 +0800] "GET /manager-page/api/snapshot.php?id=22&t=0.009904447650501025 HTTP/1.1" 200 42574 "http://192.168.60.79/manager-page/home-2.php" "Mozilla/5.0 (Windows NT 10.0; Win64; x64) AppleWebKit/537.36 (KHTML, like Gecko) Chrome/131.0.0.0 Safari/537.36 Edg/131.0.0.0"
172.16.36.28 - - [12/Dec/2024:08:07:55 +0800] "GET /manager-page/api/snapshot.php?id=21&t=0.8592188965369771 HTTP/1.1" 200 49236 "http://192.168.60.79/manager-page/home-2.php" "Mozilla/5.0 (Windows NT 10.0; Win64; x64) AppleWebKit/537.36 (KHTML, like Gecko) Chrome/131.0.0.0 Safari/537.36 Edg/131.0.0.0"
127.0.0.1 - - [12/Dec/2024:08:08:00 +0800] "GET /robot/alarm-history-in.php HTTP/1.1" 200 - "-" "python-requests/2.28.1"
172.16.36.28 - - [12/Dec/2024:08:08:00 +0800] "GET /manager-page/api/snapshot.php?id=21&t=0.9310900229745218 HTTP/1.1" 200 49228 "http://192.168.60.79/manager-page/home-2.php" "Mozilla/5.0 (Windows NT 10.0; Win64; x64) AppleWebKit/537.36 (KHTML, like Gecko) Chrome/131.0.0.0 Safari/537.36 Edg/131.0.0.0"
172.16.36.28 - - [12/Dec/2024:08:08:00 +0800] "GET /manager-page/api/snapshot.php?id=22&t=0.8399901668801508 HTTP/1.1" 200 42610 "http://192.168.60.79/manager-page/home-2.php" "Mozilla/5.0 (Windows NT 10.0; Win64; x64) AppleWebKit/537.36 (KHTML, like Gecko) Chrome/131.0.0.0 Safari/537.36 Edg/131.0.0.0"
172.16.36.28 - - [12/Dec/2024:08:08:05 +0800] "GET /manager-page/api/snapshot.php?id=22&t=0.8956851515852016 HTTP/1.1" 200 42592 "http://192.168.60.79/manager-page/home-2.php" "Mozilla/5.0 (Windows NT 10.0; Win64; x64) AppleWebKit/537.36 (KHTML, like Gecko) Chrome/131.0.0.0 Safari/537.36 Edg/131.0.0.0"
172.16.36.28 - - [12/Dec/2024:08:08:05 +0800] "GET /manager-page/api/snapshot.php?id=21&t=0.572437008772495 HTTP/1.1" 200 49142 "http://192.168.60.79/manager-page/home-2.php" "Mozilla/5.0 (Windows NT 10.0; Win64; x64) AppleWebKit/537.36 (KHTML, like Gecko) Chrome/131.0.0.0 Safari/537.36 Edg/131.0.0.0"
172.16.36.28 - - [12/Dec/2024:08:08:10 +0800] "GET /manager-page/api/snapshot.php?id=21&t=0.1584523167999481 HTTP/1.1" 200 49290 "http://192.168.60.79/manager-page/home-2.php" "Mozilla/5.0 (Windows NT 10.0; Win64; x64) AppleWebKit/537.36 (KHTML, like Gecko) Chrome/131.0.0.0 Safari/537.36 Edg/131.0.0.0"
172.16.36.28 - - [12/Dec/2024:08:08:10 +0800] "GET /manager-page/api/snapshot.php?id=22&t=0.9082520181993439 HTTP/1.1" 200 42624 "http://192.168.60.79/manager-page/home-2.php" "Mozilla/5.0 (Windows NT 10.0; Win64; x64) AppleWebKit/537.36 (KHTML, like Gecko) Chrome/131.0.0.0 Safari/537.36 Edg/131.0.0.0"
172.16.36.28 - - [12/Dec/2024:08:08:15 +0800] "GET /manager-page/api/snapshot.php?id=22&t=0.41208654708046843 HTTP/1.1" 200 42758 "http://192.168.60.79/manager-page/home-2.php" "Mozilla/5.0 (Windows NT 10.0; Win64; x64) AppleWebKit/537.36 (KHTML, like Gecko) Chrome/131.0.0.0 Safari/537.36 Edg/131.0.0.0"
172.16.36.28 - - [12/Dec/2024:08:08:15 +0800] "GET /manager-page/api/snapshot.php?id=21&t=0.0023082199118480418 HTTP/1.1" 200 49250 "http://192.168.60.79/manager-page/home-2.php" "Mozilla/5.0 (Windows NT 10.0; Win64; x64) AppleWebKit/537.36 (KHTML, like Gecko) Chrome/131.0.0.0 Safari/537.36 Edg/131.0.0.0"
172.16.36.28 - - [12/Dec/2024:08:08:20 +0800] "GET /manager-page/api/snapshot.php?id=22&t=0.5955595764290385 HTTP/1.1" 200 42757 "http://192.168.60.79/manager-page/home-2.php" "Mozilla/5.0 (Windows NT 10.0; Win64; x64) AppleWebKit/537.36 (KHTML, like Gecko) Chrome/131.0.0.0 Safari/537.36 Edg/131.0.0.0"
172.16.36.28 - - [12/Dec/2024:08:08:20 +0800] "GET /manager-page/api/snapshot.php?id=21&t=0.135783826545399 HTTP/1.1" 200 49312 "http://192.168.60.79/manager-page/home-2.php" "Mozilla/5.0 (Windows NT 10.0; Win64; x64) AppleWebKit/537.36 (KHTML, like Gecko) Chrome/131.0.0.0 Safari/537.36 Edg/131.0.0.0"
172.16.36.28 - - [12/Dec/2024:08:08:25 +0800] "GET /manager-page/api/snapshot.php?id=21&t=0.8349067489762274 HTTP/1.1" 200 49201 "http://192.168.60.79/manager-page/home-2.php" "Mozilla/5.0 (Windows NT 10.0; Win64; x64) AppleWebKit/537.36 (KHTML, like Gecko) Chrome/131.0.0.0 Safari/537.36 Edg/131.0.0.0"
172.16.36.28 - - [12/Dec/2024:08:08:25 +0800] "GET /manager-page/api/snapshot.php?id=22&t=0.24503212582328104 HTTP/1.1" 200 42787 "http://192.168.60.79/manager-page/home-2.php" "Mozilla/5.0 (Windows NT 10.0; Win64; x64) AppleWebKit/537.36 (KHTML, like Gecko) Chrome/131.0.0.0 Safari/537.36 Edg/131.0.0.0"
172.16.36.28 - - [12/Dec/2024:08:08:30 +0800] "GET /manager-page/api/snapshot.php?id=21&t=0.6106018383689882 HTTP/1.1" 200 49223 "http://192.168.60.79/manager-page/home-2.php" "Mozilla/5.0 (Windows NT 10.0; Win64; x64) AppleWebKit/537.36 (KHTML, like Gecko) Chrome/131.0.0.0 Safari/537.36 Edg/131.0.0.0"
172.16.36.28 - - [12/Dec/2024:08:08:30 +0800] "GET /manager-page/api/snapshot.php?id=22&t=0.14628047104810316 HTTP/1.1" 200 42791 "http://192.168.60.79/manager-page/home-2.php" "Mozilla/5.0 (Windows NT 10.0; Win64; x64) AppleWebKit/537.36 (KHTML, like Gecko) Chrome/131.0.0.0 Safari/537.36 Edg/131.0.0.0"
172.16.36.28 - - [12/Dec/2024:08:08:35 +0800] "GET /manager-page/api/snapshot.php?id=22&t=0.5812244651914837 HTTP/1.1" 200 42905 "http://192.168.60.79/manager-page/home-2.php" "Mozilla/5.0 (Windows NT 10.0; Win64; x64) AppleWebKit/537.36 (KHTML, like Gecko) Chrome/131.0.0.0 Safari/537.36 Edg/131.0.0.0"
172.16.36.28 - - [12/Dec/2024:08:08:35 +0800] "GET /manager-page/api/snapshot.php?id=21&t=0.5133232149742002 HTTP/1.1" 200 49551 "http://192.168.60.79/manager-page/home-2.php" "Mozilla/5.0 (Windows NT 10.0; Win64; x64) AppleWebKit/537.36 (KHTML, like Gecko) Chrome/131.0.0.0 Safari/537.36 Edg/131.0.0.0"
172.16.36.28 - - [12/Dec/2024:08:08:40 +0800] "GET /manager-page/api/snapshot.php?id=21&t=0.8602615350829725 HTTP/1.1" 200 49314 "http://192.168.60.79/manager-page/home-2.php" "Mozilla/5.0 (Windows NT 10.0; Win64; x64) AppleWebKit/537.36 (KHTML, like Gecko) Chrome/131.0.0.0 Safari/537.36 Edg/131.0.0.0"
172.16.36.28 - - [12/Dec/2024:08:08:40 +0800] "GET /manager-page/api/snapshot.php?id=22&t=0.5536358083082731 HTTP/1.1" 200 42851 "http://192.168.60.79/manager-page/home-2.php" "Mozilla/5.0 (Windows NT 10.0; Win64; x64) AppleWebKit/537.36 (KHTML, like Gecko) Chrome/131.0.0.0 Safari/537.36 Edg/131.0.0.0"
172.16.36.28 - - [12/Dec/2024:08:08:45 +0800] "GET /manager-page/api/snapshot.php?id=21&t=0.9987777090551022 HTTP/1.1" 200 49312 "http://192.168.60.79/manager-page/home-2.php" "Mozilla/5.0 (Windows NT 10.0; Win64; x64) AppleWebKit/537.36 (KHTML, like Gecko) Chrome/131.0.0.0 Safari/537.36 Edg/131.0.0.0"
172.16.36.28 - - [12/Dec/2024:08:08:45 +0800] "GET /manager-page/api/snapshot.php?id=22&t=0.4531441955287925 HTTP/1.1" 200 42868 "http://192.168.60.79/manager-page/home-2.php" "Mozilla/5.0 (Windows NT 10.0; Win64; x64) AppleWebKit/537.36 (KHTML, like Gecko) Chrome/131.0.0.0 Safari/537.36 Edg/131.0.0.0"
172.16.36.28 - - [12/Dec/2024:08:08:50 +0800] "GET /manager-page/api/snapshot.php?id=22&t=0.9213714748418487 HTTP/1.1" 200 42871 "http://192.168.60.79/manager-page/home-2.php" "Mozilla/5.0 (Windows NT 10.0; Win64; x64) AppleWebKit/537.36 (KHTML, like Gecko) Chrome/131.0.0.0 Safari/537.36 Edg/131.0.0.0"
172.16.36.28 - - [12/Dec/2024:08:08:50 +0800] "GET /manager-page/api/snapshot.php?id=21&t=0.5006545835713363 HTTP/1.1" 200 49221 "http://192.168.60.79/manager-page/home-2.php" "Mozilla/5.0 (Windows NT 10.0; Win64; x64) AppleWebKit/537.36 (KHTML, like Gecko) Chrome/131.0.0.0 Safari/537.36 Edg/131.0.0.0"
172.16.36.28 - - [12/Dec/2024:08:08:55 +0800] "GET /manager-page/api/snapshot.php?id=21&t=0.8030521452328729 HTTP/1.1" 200 49400 "http://192.168.60.79/manager-page/home-2.php" "Mozilla/5.0 (Windows NT 10.0; Win64; x64) AppleWebKit/537.36 (KHTML, like Gecko) Chrome/131.0.0.0 Safari/537.36 Edg/131.0.0.0"
172.16.36.28 - - [12/Dec/2024:08:08:55 +0800] "GET /manager-page/api/snapshot.php?id=22&t=0.8088167799967159 HTTP/1.1" 200 43116 "http://192.168.60.79/manager-page/home-2.php" "Mozilla/5.0 (Windows NT 10.0; Win64; x64) AppleWebKit/537.36 (KHTML, like Gecko) Chrome/131.0.0.0 Safari/537.36 Edg/131.0.0.0"
127.0.0.1 - - [12/Dec/2024:08:09:00 +0800] "GET /robot/alarm-history-in.php HTTP/1.1" 200 - "-" "python-requests/2.28.1"
172.16.36.28 - - [12/Dec/2024:08:09:01 +0800] "GET /manager-page/api/snapshot.php?id=21&t=0.7029720178974692 HTTP/1.1" 200 49374 "http://192.168.60.79/manager-page/home-2.php" "Mozilla/5.0 (Windows NT 10.0; Win64; x64) AppleWebKit/537.36 (KHTML, like Gecko) Chrome/131.0.0.0 Safari/537.36 Edg/131.0.0.0"
172.16.36.28 - - [12/Dec/2024:08:09:01 +0800] "GET /manager-page/api/snapshot.php?id=22&t=0.12604848889154385 HTTP/1.1" 200 42954 "http://192.168.60.79/manager-page/home-2.php" "Mozilla/5.0 (Windows NT 10.0; Win64; x64) AppleWebKit/537.36 (KHTML, like Gecko) Chrome/131.0.0.0 Safari/537.36 Edg/131.0.0.0"
172.16.36.28 - - [12/Dec/2024:08:09:06 +0800] "GET /manager-page/api/snapshot.php?id=21&t=0.9644895071866042 HTTP/1.1" 200 49307 "http://192.168.60.79/manager-page/home-2.php" "Mozilla/5.0 (Windows NT 10.0; Win64; x64) AppleWebKit/537.36 (KHTML, like Gecko) Chrome/131.0.0.0 Safari/537.36 Edg/131.0.0.0"
172.16.36.28 - - [12/Dec/2024:08:09:06 +0800] "GET /manager-page/api/snapshot.php?id=22&t=0.5834298450349535 HTTP/1.1" 200 42908 "http://192.168.60.79/manager-page/home-2.php" "Mozilla/5.0 (Windows NT 10.0; Win64; x64) AppleWebKit/537.36 (KHTML, like Gecko) Chrome/131.0.0.0 Safari/537.36 Edg/131.0.0.0"
172.16.36.28 - - [12/Dec/2024:08:09:11 +0800] "GET /manager-page/api/snapshot.php?id=22&t=0.5350581062614086 HTTP/1.1" 200 42949 "http://192.168.60.79/manager-page/home-2.php" "Mozilla/5.0 (Windows NT 10.0; Win64; x64) AppleWebKit/537.36 (KHTML, like Gecko) Chrome/131.0.0.0 Safari/537.36 Edg/131.0.0.0"
172.16.36.28 - - [12/Dec/2024:08:09:11 +0800] "GET /manager-page/api/snapshot.php?id=21&t=0.6574589963937152 HTTP/1.1" 200 49402 "http://192.168.60.79/manager-page/home-2.php" "Mozilla/5.0 (Windows NT 10.0; Win64; x64) AppleWebKit/537.36 (KHTML, like Gecko) Chrome/131.0.0.0 Safari/537.36 Edg/131.0.0.0"
172.16.36.28 - - [12/Dec/2024:08:09:16 +0800] "GET /manager-page/api/snapshot.php?id=21&t=0.6345805538683571 HTTP/1.1" 200 49328 "http://192.168.60.79/manager-page/home-2.php" "Mozilla/5.0 (Windows NT 10.0; Win64; x64) AppleWebKit/537.36 (KHTML, like Gecko) Chrome/131.0.0.0 Safari/537.36 Edg/131.0.0.0"
172.16.36.28 - - [12/Dec/2024:08:09:16 +0800] "GET /manager-page/api/snapshot.php?id=22&t=0.8837713608378488 HTTP/1.1" 200 42887 "http://192.168.60.79/manager-page/home-2.php" "Mozilla/5.0 (Windows NT 10.0; Win64; x64) AppleWebKit/537.36 (KHTML, like Gecko) Chrome/131.0.0.0 Safari/537.36 Edg/131.0.0.0"
172.16.36.28 - - [12/Dec/2024:08:09:21 +0800] "GET /manager-page/api/snapshot.php?id=21&t=0.5823544995417245 HTTP/1.1" 200 49266 "http://192.168.60.79/manager-page/home-2.php" "Mozilla/5.0 (Windows NT 10.0; Win64; x64) AppleWebKit/537.36 (KHTML, like Gecko) Chrome/131.0.0.0 Safari/537.36 Edg/131.0.0.0"
172.16.36.28 - - [12/Dec/2024:08:09:21 +0800] "GET /manager-page/api/snapshot.php?id=22&t=0.8353569074282687 HTTP/1.1" 200 42852 "http://192.168.60.79/manager-page/home-2.php" "Mozilla/5.0 (Windows NT 10.0; Win64; x64) AppleWebKit/537.36 (KHTML, like Gecko) Chrome/131.0.0.0 Safari/537.36 Edg/131.0.0.0"
172.16.36.28 - - [12/Dec/2024:08:09:26 +0800] "GET /manager-page/api/snapshot.php?id=22&t=0.7701572957236786 HTTP/1.1" 200 42841 "http://192.168.60.79/manager-page/home-2.php" "Mozilla/5.0 (Windows NT 10.0; Win64; x64) AppleWebKit/537.36 (KHTML, like Gecko) Chrome/131.0.0.0 Safari/537.36 Edg/131.0.0.0"
172.16.36.28 - - [12/Dec/2024:08:09:31 +0800] "GET /manager-page/api/snapshot.php?id=21&t=0.5455509389368625 HTTP/1.1" 200 49161 "http://192.168.60.79/manager-page/home-2.php" "Mozilla/5.0 (Windows NT 10.0; Win64; x64) AppleWebKit/537.36 (KHTML, like Gecko) Chrome/131.0.0.0 Safari/537.36 Edg/131.0.0.0"
172.16.36.28 - - [12/Dec/2024:08:09:31 +0800] "GET /manager-page/api/snapshot.php?id=22&t=0.5873343762279035 HTTP/1.1" 200 42897 "http://192.168.60.79/manager-page/home-2.php" "Mozilla/5.0 (Windows NT 10.0; Win64; x64) AppleWebKit/537.36 (KHTML, like Gecko) Chrome/131.0.0.0 Safari/537.36 Edg/131.0.0.0"
172.16.36.28 - - [12/Dec/2024:08:09:26 +0800] "GET /manager-page/api/snapshot.php?id=21&t=0.7110080676073078 HTTP/1.1" 200 49087 "http://192.168.60.79/manager-page/home-2.php" "Mozilla/5.0 (Windows NT 10.0; Win64; x64) AppleWebKit/537.36 (KHTML, like Gecko) Chrome/131.0.0.0 Safari/537.36 Edg/131.0.0.0"
172.16.36.28 - - [12/Dec/2024:08:09:36 +0800] "GET /manager-page/api/snapshot.php?id=21&t=0.16663172438504814 HTTP/1.1" 200 49129 "http://192.168.60.79/manager-page/home-2.php" "Mozilla/5.0 (Windows NT 10.0; Win64; x64) AppleWebKit/537.36 (KHTML, like Gecko) Chrome/131.0.0.0 Safari/537.36 Edg/131.0.0.0"
172.16.36.28 - - [12/Dec/2024:08:09:36 +0800] "GET /manager-page/api/snapshot.php?id=22&t=0.6750810221449906 HTTP/1.1" 200 42796 "http://192.168.60.79/manager-page/home-2.php" "Mozilla/5.0 (Windows NT 10.0; Win64; x64) AppleWebKit/537.36 (KHTML, like Gecko) Chrome/131.0.0.0 Safari/537.36 Edg/131.0.0.0"
172.16.36.28 - - [12/Dec/2024:08:09:41 +0800] "GET /manager-page/api/snapshot.php?id=22&t=0.5832696507324846 HTTP/1.1" 200 42883 "http://192.168.60.79/manager-page/home-2.php" "Mozilla/5.0 (Windows NT 10.0; Win64; x64) AppleWebKit/537.36 (KHTML, like Gecko) Chrome/131.0.0.0 Safari/537.36 Edg/131.0.0.0"
172.16.36.28 - - [12/Dec/2024:08:09:41 +0800] "GET /manager-page/api/snapshot.php?id=21&t=0.300077413521427 HTTP/1.1" 200 49077 "http://192.168.60.79/manager-page/home-2.php" "Mozilla/5.0 (Windows NT 10.0; Win64; x64) AppleWebKit/537.36 (KHTML, like Gecko) Chrome/131.0.0.0 Safari/537.36 Edg/131.0.0.0"
172.16.36.28 - - [12/Dec/2024:08:09:46 +0800] "GET /manager-page/api/snapshot.php?id=22&t=0.36566887031855644 HTTP/1.1" 200 42880 "http://192.168.60.79/manager-page/home-2.php" "Mozilla/5.0 (Windows NT 10.0; Win64; x64) AppleWebKit/537.36 (KHTML, like Gecko) Chrome/131.0.0.0 Safari/537.36 Edg/131.0.0.0"
172.16.36.28 - - [12/Dec/2024:08:09:46 +0800] "GET /manager-page/api/snapshot.php?id=21&t=0.028722986045921495 HTTP/1.1" 200 49014 "http://192.168.60.79/manager-page/home-2.php" "Mozilla/5.0 (Windows NT 10.0; Win64; x64) AppleWebKit/537.36 (KHTML, like Gecko) Chrome/131.0.0.0 Safari/537.36 Edg/131.0.0.0"
172.16.36.28 - - [12/Dec/2024:08:09:51 +0800] "GET /manager-page/api/snapshot.php?id=22&t=0.15126982054613025 HTTP/1.1" 200 42865 "http://192.168.60.79/manager-page/home-2.php" "Mozilla/5.0 (Windows NT 10.0; Win64; x64) AppleWebKit/537.36 (KHTML, like Gecko) Chrome/131.0.0.0 Safari/537.36 Edg/131.0.0.0"
172.16.36.28 - - [12/Dec/2024:08:09:51 +0800] "GET /manager-page/api/snapshot.php?id=21&t=0.25456131804976234 HTTP/1.1" 200 49039 "http://192.168.60.79/manager-page/home-2.php" "Mozilla/5.0 (Windows NT 10.0; Win64; x64) AppleWebKit/537.36 (KHTML, like Gecko) Chrome/131.0.0.0 Safari/537.36 Edg/131.0.0.0"
172.16.36.28 - - [12/Dec/2024:08:09:56 +0800] "GET /manager-page/api/snapshot.php?id=22&t=0.14342823686334571 HTTP/1.1" 200 42809 "http://192.168.60.79/manager-page/home-2.php" "Mozilla/5.0 (Windows NT 10.0; Win64; x64) AppleWebKit/537.36 (KHTML, like Gecko) Chrome/131.0.0.0 Safari/537.36 Edg/131.0.0.0"
172.16.36.28 - - [12/Dec/2024:08:09:56 +0800] "GET /manager-page/api/snapshot.php?id=21&t=0.26314248368372106 HTTP/1.1" 200 49105 "http://192.168.60.79/manager-page/home-2.php" "Mozilla/5.0 (Windows NT 10.0; Win64; x64) AppleWebKit/537.36 (KHTML, like Gecko) Chrome/131.0.0.0 Safari/537.36 Edg/131.0.0.0"
127.0.0.1 - - [12/Dec/2024:08:10:00 +0800] "GET /robot/alarm-history-in.php HTTP/1.1" 200 - "-" "python-requests/2.28.1"
111.70.30.251 - - [12/Dec/2024:08:10:13 +0800] "POST /robot/lora-in.php HTTP/1.1" 200 - "-" "python-requests/2.21.0"
172.16.36.28 - - [12/Dec/2024:08:10:39 +0800] "GET /manager-page/api/snapshot.php?id=21&t=0.6944910092877492 HTTP/1.1" 200 49017 "http://192.168.60.79/manager-page/home-2.php" "Mozilla/5.0 (Windows NT 10.0; Win64; x64) AppleWebKit/537.36 (KHTML, like Gecko) Chrome/131.0.0.0 Safari/537.36 Edg/131.0.0.0"
172.16.36.28 - - [12/Dec/2024:08:10:39 +0800] "GET /manager-page/api/snapshot.php?id=22&t=0.23915918556369964 HTTP/1.1" 200 42631 "http://192.168.60.79/manager-page/home-2.php" "Mozilla/5.0 (Windows NT 10.0; Win64; x64) AppleWebKit/537.36 (KHTML, like Gecko) Chrome/131.0.0.0 Safari/537.36 Edg/131.0.0.0"
127.0.0.1 - - [12/Dec/2024:08:11:00 +0800] "GET /robot/alarm-history-in.php HTTP/1.1" 200 - "-" "python-requests/2.28.1"
111.70.30.251 - - [12/Dec/2024:08:11:01 +0800] "POST /robot/lora-in.php HTTP/1.1" 200 - "-" "python-requests/2.21.0"
127.0.0.1 - - [12/Dec/2024:08:11:34 +0800] "POST /robot/et-7026-in.php HTTP/1.1" 200 - "-" "python-requests/2.31.0"
172.16.36.28 - - [12/Dec/2024:08:11:39 +0800] "GET /manager-page/api/snapshot.php?id=22&t=0.04790724479686337 HTTP/1.1" 200 42389 "http://192.168.60.79/manager-page/home-2.php" "Mozilla/5.0 (Windows NT 10.0; Win64; x64) AppleWebKit/537.36 (KHTML, like Gecko) Chrome/131.0.0.0 Safari/537.36 Edg/131.0.0.0"
172.16.36.28 - - [12/Dec/2024:08:11:39 +0800] "GET /manager-page/api/snapshot.php?id=21&t=0.1627242143070884 HTTP/1.1" 200 49226 "http://192.168.60.79/manager-page/home-2.php" "Mozilla/5.0 (Windows NT 10.0; Win64; x64) AppleWebKit/537.36 (KHTML, like Gecko) Chrome/131.0.0.0 Safari/537.36 Edg/131.0.0.0"
127.0.0.1 - - [12/Dec/2024:08:12:00 +0800] "GET /robot/alarm-history-in.php HTTP/1.1" 200 - "-" "python-requests/2.28.1"
127.0.0.1 - - [12/Dec/2024:08:11:56 +0800] "POST /robot/lora-in.php HTTP/1.1" 200 - "-" "python-requests/2.31.0"
111.70.30.253 - - [12/Dec/2024:08:12:08 +0800] "POST /robot/lora-in.php HTTP/1.1" 200 - "-" "python-requests/2.21.0"
127.0.0.1 - - [12/Dec/2024:08:12:13 +0800] "POST /robot/et-7026-in.php HTTP/1.1" 200 - "-" "python-requests/2.31.0"
172.16.36.28 - - [12/Dec/2024:08:12:39 +0800] "GET /manager-page/api/snapshot.php?id=22&t=0.5618817102609117 HTTP/1.1" 200 42211 "http://192.168.60.79/manager-page/home-2.php" "Mozilla/5.0 (Windows NT 10.0; Win64; x64) AppleWebKit/537.36 (KHTML, like Gecko) Chrome/131.0.0.0 Safari/537.36 Edg/131.0.0.0"
127.0.0.1 - - [12/Dec/2024:08:12:15 +0800] "POST /robot/lora-in.php HTTP/1.1" 200 - "-" "python-requests/2.31.0"
172.16.36.28 - - [12/Dec/2024:08:12:39 +0800] "GET /manager-page/api/snapshot.php?id=21&t=0.919707036857432 HTTP/1.1" 200 49598 "http://192.168.60.79/manager-page/home-2.php" "Mozilla/5.0 (Windows NT 10.0; Win64; x64) AppleWebKit/537.36 (KHTML, like Gecko) Chrome/131.0.0.0 Safari/537.36 Edg/131.0.0.0"
127.0.0.1 - - [12/Dec/2024:08:12:50 +0800] "POST /robot/lora-in.php HTTP/1.1" 200 - "-" "python-requests/2.31.0"
127.0.0.1 - - [12/Dec/2024:08:13:00 +0800] "GET /robot/alarm-history-in.php HTTP/1.1" 200 - "-" "python-requests/2.28.1"
127.0.0.1 - - [12/Dec/2024:08:13:14 +0800] "POST /robot/lora-in.php HTTP/1.1" 200 - "-" "python-requests/2.31.0"
127.0.0.1 - - [12/Dec/2024:08:13:18 +0800] "POST /robot/lora-in.php HTTP/1.1" 200 - "-" "python-requests/2.31.0"
127.0.0.1 - - [12/Dec/2024:08:13:31 +0800] "POST /robot/lora-in.php HTTP/1.1" 200 - "-" "python-requests/2.31.0"
172.16.36.28 - - [12/Dec/2024:08:13:39 +0800] "GET /manager-page/api/snapshot.php?id=22&t=0.9538023174255901 HTTP/1.1" 200 42280 "http://192.168.60.79/manager-page/home-2.php" "Mozilla/5.0 (Windows NT 10.0; Win64; x64) AppleWebKit/537.36 (KHTML, like Gecko) Chrome/131.0.0.0 Safari/537.36 Edg/131.0.0.0"
172.16.36.28 - - [12/Dec/2024:08:13:39 +0800] "GET /manager-page/api/snapshot.php?id=21&t=0.7339413013636467 HTTP/1.1" 200 49513 "http://192.168.60.79/manager-page/home-2.php" "Mozilla/5.0 (Windows NT 10.0; Win64; x64) AppleWebKit/537.36 (KHTML, like Gecko) Chrome/131.0.0.0 Safari/537.36 Edg/131.0.0.0"
127.0.0.1 - - [12/Dec/2024:08:14:00 +0800] "GET /robot/alarm-history-in.php HTTP/1.1" 200 - "-" "python-requests/2.28.1"
127.0.0.1 - - [12/Dec/2024:08:14:07 +0800] "POST /robot/et-7026-in.php HTTP/1.1" 200 - "-" "python-requests/2.31.0"
111.70.30.251 - - [12/Dec/2024:08:14:16 +0800] "POST /robot/lora-in.php HTTP/1.1" 200 - "-" "python-requests/2.21.0"
172.16.36.28 - - [12/Dec/2024:08:14:39 +0800] "GET /manager-page/api/snapshot.php?id=21&t=0.1328775201902006 HTTP/1.1" 200 49476 "http://192.168.60.79/manager-page/home-2.php" "Mozilla/5.0 (Windows NT 10.0; Win64; x64) AppleWebKit/537.36 (KHTML, like Gecko) Chrome/131.0.0.0 Safari/537.36 Edg/131.0.0.0"
172.16.36.28 - - [12/Dec/2024:08:14:39 +0800] "GET /manager-page/api/snapshot.php?id=22&t=0.7901777161193626 HTTP/1.1" 200 42373 "http://192.168.60.79/manager-page/home-2.php" "Mozilla/5.0 (Windows NT 10.0; Win64; x64) AppleWebKit/537.36 (KHTML, like Gecko) Chrome/131.0.0.0 Safari/537.36 Edg/131.0.0.0"
127.0.0.1 - - [12/Dec/2024:08:15:00 +0800] "GET /robot/alarm-history-in.php HTTP/1.1" 200 - "-" "python-requests/2.28.1"
111.70.30.250 - - [12/Dec/2024:08:15:02 +0800] "POST /robot/lora-in.php HTTP/1.1" 200 - "-" "python-requests/2.21.0"
111.70.30.251 - - [12/Dec/2024:08:15:04 +0800] "POST /robot/lora-in.php HTTP/1.1" 200 - "-" "python-requests/2.21.0"
111.70.30.252 - - [12/Dec/2024:08:15:35 +0800] "POST /robot/lora-in.php HTTP/1.1" 200 - "-" "python-requests/2.21.0"
172.16.36.28 - - [12/Dec/2024:08:15:39 +0800] "GET /manager-page/api/snapshot.php?id=21&t=0.7289041666451106 HTTP/1.1" 200 48991 "http://192.168.60.79/manager-page/home-2.php" "Mozilla/5.0 (Windows NT 10.0; Win64; x64) AppleWebKit/537.36 (KHTML, like Gecko) Chrome/131.0.0.0 Safari/537.36 Edg/131.0.0.0"
172.16.36.28 - - [12/Dec/2024:08:15:39 +0800] "GET /manager-page/api/snapshot.php?id=22&t=0.11672275382774444 HTTP/1.1" 200 42182 "http://192.168.60.79/manager-page/home-2.php" "Mozilla/5.0 (Windows NT 10.0; Win64; x64) AppleWebKit/537.36 (KHTML, like Gecko) Chrome/131.0.0.0 Safari/537.36 Edg/131.0.0.0"
127.0.0.1 - - [12/Dec/2024:08:16:00 +0800] "GET /robot/alarm-history-in.php HTTP/1.1" 200 - "-" "python-requests/2.28.1"
172.16.36.28 - - [12/Dec/2024:08:16:39 +0800] "GET /manager-page/api/snapshot.php?id=22&t=0.3641262191038179 HTTP/1.1" 200 42292 "http://192.168.60.79/manager-page/home-2.php" "Mozilla/5.0 (Windows NT 10.0; Win64; x64) AppleWebKit/537.36 (KHTML, like Gecko) Chrome/131.0.0.0 Safari/537.36 Edg/131.0.0.0"
172.16.36.28 - - [12/Dec/2024:08:16:39 +0800] "GET /manager-page/api/snapshot.php?id=21&t=0.36529040102871724 HTTP/1.1" 200 49194 "http://192.168.60.79/manager-page/home-2.php" "Mozilla/5.0 (Windows NT 10.0; Win64; x64) AppleWebKit/537.36 (KHTML, like Gecko) Chrome/131.0.0.0 Safari/537.36 Edg/131.0.0.0"
111.70.30.251 - - [12/Dec/2024:08:16:37 +0800] "POST /robot/lora-in.php HTTP/1.1" 200 - "-" "python-requests/2.21.0"
127.0.0.1 - - [12/Dec/2024:08:17:00 +0800] "GET /robot/alarm-history-in.php HTTP/1.1" 200 - "-" "python-requests/2.28.1"
127.0.0.1 - - [12/Dec/2024:08:17:28 +0800] "POST /robot/et-7026-in.php HTTP/1.1" 200 - "-" "python-requests/2.31.0"
172.16.36.28 - - [12/Dec/2024:08:17:39 +0800] "GET /manager-page/api/snapshot.php?id=21&t=0.05311024802433617 HTTP/1.1" 200 49252 "http://192.168.60.79/manager-page/home-2.php" "Mozilla/5.0 (Windows NT 10.0; Win64; x64) AppleWebKit/537.36 (KHTML, like Gecko) Chrome/131.0.0.0 Safari/537.36 Edg/131.0.0.0"
172.16.36.28 - - [12/Dec/2024:08:17:39 +0800] "GET /manager-page/api/snapshot.php?id=22&t=0.5728022763737637 HTTP/1.1" 200 42335 "http://192.168.60.79/manager-page/home-2.php" "Mozilla/5.0 (Windows NT 10.0; Win64; x64) AppleWebKit/537.36 (KHTML, like Gecko) Chrome/131.0.0.0 Safari/537.36 Edg/131.0.0.0"
127.0.0.1 - - [12/Dec/2024:08:18:00 +0800] "GET /robot/alarm-history-in.php HTTP/1.1" 200 - "-" "python-requests/2.28.1"
111.70.30.251 - - [12/Dec/2024:08:18:10 +0800] "POST /robot/lora-in.php HTTP/1.1" 200 - "-" "python-requests/2.21.0"
172.16.36.28 - - [12/Dec/2024:08:18:39 +0800] "GET /manager-page/api/snapshot.php?id=21&t=0.8809244030844983 HTTP/1.1" 200 49308 "http://192.168.60.79/manager-page/home-2.php" "Mozilla/5.0 (Windows NT 10.0; Win64; x64) AppleWebKit/537.36 (KHTML, like Gecko) Chrome/131.0.0.0 Safari/537.36 Edg/131.0.0.0"
172.16.36.28 - - [12/Dec/2024:08:18:39 +0800] "GET /manager-page/api/snapshot.php?id=22&t=0.9584909111599262 HTTP/1.1" 200 42318 "http://192.168.60.79/manager-page/home-2.php" "Mozilla/5.0 (Windows NT 10.0; Win64; x64) AppleWebKit/537.36 (KHTML, like Gecko) Chrome/131.0.0.0 Safari/537.36 Edg/131.0.0.0"
111.70.30.251 - - [12/Dec/2024:08:19:05 +0800] "POST /robot/lora-in.php HTTP/1.1" 200 - "-" "python-requests/2.21.0"
127.0.0.1 - - [12/Dec/2024:08:19:00 +0800] "GET /robot/alarm-history-in.php HTTP/1.1" 200 - "-" "python-requests/2.28.1"
172.16.36.28 - - [12/Dec/2024:08:19:39 +0800] "GET /manager-page/api/snapshot.php?id=22&t=0.9738910196510948 HTTP/1.1" 200 42457 "http://192.168.60.79/manager-page/home-2.php" "Mozilla/5.0 (Windows NT 10.0; Win64; x64) AppleWebKit/537.36 (KHTML, like Gecko) Chrome/131.0.0.0 Safari/537.36 Edg/131.0.0.0"
172.16.36.28 - - [12/Dec/2024:08:19:39 +0800] "GET /manager-page/api/snapshot.php?id=21&t=0.9518700723822378 HTTP/1.1" 200 49220 "http://192.168.60.79/manager-page/home-2.php" "Mozilla/5.0 (Windows NT 10.0; Win64; x64) AppleWebKit/537.36 (KHTML, like Gecko) Chrome/131.0.0.0 Safari/537.36 Edg/131.0.0.0"
127.0.0.1 - - [12/Dec/2024:08:20:00 +0800] "GET /robot/alarm-history-in.php HTTP/1.1" 200 - "-" "python-requests/2.28.1"
172.16.36.28 - - [12/Dec/2024:08:20:39 +0800] "GET /manager-page/api/snapshot.php?id=22&t=0.2546798676044062 HTTP/1.1" 200 42552 "http://192.168.60.79/manager-page/home-2.php" "Mozilla/5.0 (Windows NT 10.0; Win64; x64) AppleWebKit/537.36 (KHTML, like Gecko) Chrome/131.0.0.0 Safari/537.36 Edg/131.0.0.0"
172.16.36.28 - - [12/Dec/2024:08:20:39 +0800] "GET /manager-page/api/snapshot.php?id=21&t=0.16903008600753244 HTTP/1.1" 200 49381 "http://192.168.60.79/manager-page/home-2.php" "Mozilla/5.0 (Windows NT 10.0; Win64; x64) AppleWebKit/537.36 (KHTML, like Gecko) Chrome/131.0.0.0 Safari/537.36 Edg/131.0.0.0"
127.0.0.1 - - [12/Dec/2024:08:21:00 +0800] "GET /robot/alarm-history-in.php HTTP/1.1" 200 - "-" "python-requests/2.28.1"
111.70.30.253 - - [12/Dec/2024:08:20:55 +0800] "POST /robot/lora-in.php HTTP/1.1" 200 - "-" "python-requests/2.21.0"
127.0.0.1 - - [12/Dec/2024:08:21:35 +0800] "POST /robot/et-7026-in.php HTTP/1.1" 200 - "-" "python-requests/2.31.0"
172.16.36.28 - - [12/Dec/2024:08:21:39 +0800] "GET /manager-page/api/snapshot.php?id=22&t=0.13499016598835034 HTTP/1.1" 200 42267 "http://192.168.60.79/manager-page/home-2.php" "Mozilla/5.0 (Windows NT 10.0; Win64; x64) AppleWebKit/537.36 (KHTML, like Gecko) Chrome/131.0.0.0 Safari/537.36 Edg/131.0.0.0"
172.16.36.28 - - [12/Dec/2024:08:21:39 +0800] "GET /manager-page/api/snapshot.php?id=21&t=0.9595577268966866 HTTP/1.1" 200 48918 "http://192.168.60.79/manager-page/home-2.php" "Mozilla/5.0 (Windows NT 10.0; Win64; x64) AppleWebKit/537.36 (KHTML, like Gecko) Chrome/131.0.0.0 Safari/537.36 Edg/131.0.0.0"
127.0.0.1 - - [12/Dec/2024:08:21:55 +0800] "POST /robot/lora-in.php HTTP/1.1" 200 - "-" "python-requests/2.31.0"
127.0.0.1 - - [12/Dec/2024:08:21:59 +0800] "POST /robot/lora-in.php HTTP/1.1" 200 - "-" "python-requests/2.31.0"
127.0.0.1 - - [12/Dec/2024:08:22:00 +0800] "GET /robot/alarm-history-in.php HTTP/1.1" 200 - "-" "python-requests/2.28.1"
111.70.30.251 - - [12/Dec/2024:08:22:08 +0800] "POST /robot/lora-in.php HTTP/1.1" 200 - "-" "python-requests/2.21.0"
127.0.0.1 - - [12/Dec/2024:08:22:14 +0800] "POST /robot/et-7026-in.php HTTP/1.1" 200 - "-" "python-requests/2.31.0"
127.0.0.1 - - [12/Dec/2024:08:22:17 +0800] "POST /robot/lora-in.php HTTP/1.1" 200 - "-" "python-requests/2.31.0"
127.0.0.1 - - [12/Dec/2024:08:22:26 +0800] "POST /robot/lora-in.php HTTP/1.1" 200 - "-" "python-requests/2.31.0"
127.0.0.1 - - [12/Dec/2024:08:22:28 +0800] "POST /robot/lora-in.php HTTP/1.1" 200 - "-" "python-requests/2.31.0"
127.0.0.1 - - [12/Dec/2024:08:22:38 +0800] "POST /robot/lora-in.php HTTP/1.1" 200 - "-" "python-requests/2.31.0"
172.16.36.28 - - [12/Dec/2024:08:22:39 +0800] "GET /manager-page/api/snapshot.php?id=21&t=0.6634357566902298 HTTP/1.1" 200 49102 "http://192.168.60.79/manager-page/home-2.php" "Mozilla/5.0 (Windows NT 10.0; Win64; x64) AppleWebKit/537.36 (KHTML, like Gecko) Chrome/131.0.0.0 Safari/537.36 Edg/131.0.0.0"
172.16.36.28 - - [12/Dec/2024:08:22:39 +0800] "GET /manager-page/api/snapshot.php?id=22&t=0.5044741679396783 HTTP/1.1" 200 42256 "http://192.168.60.79/manager-page/home-2.php" "Mozilla/5.0 (Windows NT 10.0; Win64; x64) AppleWebKit/537.36 (KHTML, like Gecko) Chrome/131.0.0.0 Safari/537.36 Edg/131.0.0.0"
127.0.0.1 - - [12/Dec/2024:08:23:00 +0800] "GET /robot/alarm-history-in.php HTTP/1.1" 200 - "-" "python-requests/2.28.1"
172.16.36.28 - - [12/Dec/2024:08:23:39 +0800] "GET /manager-page/api/snapshot.php?id=21&t=0.4882058296512788 HTTP/1.1" 200 49363 "http://192.168.60.79/manager-page/home-2.php" "Mozilla/5.0 (Windows NT 10.0; Win64; x64) AppleWebKit/537.36 (KHTML, like Gecko) Chrome/131.0.0.0 Safari/537.36 Edg/131.0.0.0"
