172.16.36.181 - - [02/Apr/2025:16:12:50 +0800] "GET /manager-page/alarm/4-1.jpg?t=1398726304 HTTP/1.1" 200 436474 "http://192.168.60.79/manager-page/home-4.php" "Mozilla/5.0 (Windows NT 10.0; Win64; x64) AppleWebKit/537.36 (KHTML, like Gecko) Chrome/134.0.0.0 Safari/537.36 Edg/134.0.0.0"
172.16.36.181 - - [02/Apr/2025:16:12:50 +0800] "GET /manager-page/alarm/4-2.jpg?t=262059442 HTTP/1.1" 200 543160 "http://192.168.60.79/manager-page/home-4.php" "Mozilla/5.0 (Windows NT 10.0; Win64; x64) AppleWebKit/537.36 (KHTML, like Gecko) Chrome/134.0.0.0 Safari/537.36 Edg/134.0.0.0"
172.16.36.181 - - [02/Apr/2025:16:12:49 +0800] "GET /manager-page/home-4.php HTTP/1.1" 200 27480 "http://192.168.60.79/manager-page/home-3.php" "Mozilla/5.0 (Windows NT 10.0; Win64; x64) AppleWebKit/537.36 (KHTML, like Gecko) Chrome/134.0.0.0 Safari/537.36 Edg/134.0.0.0"
172.16.36.181 - - [02/Apr/2025:16:12:54 +0800] "GET /manager-page/img/locpic_04.jpg HTTP/1.1" 200 95941 "http://192.168.60.79/manager-page/home-4.php" "Mozilla/5.0 (Windows NT 10.0; Win64; x64) AppleWebKit/537.36 (KHTML, like Gecko) Chrome/134.0.0.0 Safari/537.36 Edg/134.0.0.0"
172.16.36.181 - - [02/Apr/2025:16:12:50 +0800] "GET /manager-page/api/snapshot.php?id=41 HTTP/1.1" 200 45728 "http://192.168.60.79/manager-page/home-4.php" "Mozilla/5.0 (Windows NT 10.0; Win64; x64) AppleWebKit/537.36 (KHTML, like Gecko) Chrome/134.0.0.0 Safari/537.36 Edg/134.0.0.0"
172.16.36.181 - - [02/Apr/2025:16:12:50 +0800] "GET /manager-page/api/snapshot.php?id=42 HTTP/1.1" 200 43211 "http://192.168.60.79/manager-page/home-4.php" "Mozilla/5.0 (Windows NT 10.0; Win64; x64) AppleWebKit/537.36 (KHTML, like Gecko) Chrome/134.0.0.0 Safari/537.36 Edg/134.0.0.0"
172.16.36.181 - - [02/Apr/2025:16:12:54 +0800] "GET /manager-page/api/cms-status4.php HTTP/1.1" 200 12 "http://192.168.60.79/manager-page/home-4.php" "Mozilla/5.0 (Windows NT 10.0; Win64; x64) AppleWebKit/537.36 (KHTML, like Gecko) Chrome/134.0.0.0 Safari/537.36 Edg/134.0.0.0"
172.16.36.181 - - [02/Apr/2025:16:12:54 +0800] "GET /manager-page/api/lp-status4.php HTTP/1.1" 200 1 "http://192.168.60.79/manager-page/home-4.php" "Mozilla/5.0 (Windows NT 10.0; Win64; x64) AppleWebKit/537.36 (KHTML, like Gecko) Chrome/134.0.0.0 Safari/537.36 Edg/134.0.0.0"
172.16.36.181 - - [02/Apr/2025:16:12:59 +0800] "GET /manager-page/api/snapshot.php?id=42&t=0.642101138157313 HTTP/1.1" 200 43318 "http://192.168.60.79/manager-page/home-4.php" "Mozilla/5.0 (Windows NT 10.0; Win64; x64) AppleWebKit/537.36 (KHTML, like Gecko) Chrome/134.0.0.0 Safari/537.36 Edg/134.0.0.0"
172.16.36.181 - - [02/Apr/2025:16:12:59 +0800] "GET /manager-page/api/snapshot.php?id=41&t=0.36267060203500057 HTTP/1.1" 200 45651 "http://192.168.60.79/manager-page/home-4.php" "Mozilla/5.0 (Windows NT 10.0; Win64; x64) AppleWebKit/537.36 (KHTML, like Gecko) Chrome/134.0.0.0 Safari/537.36 Edg/134.0.0.0"
127.0.0.1 - - [02/Apr/2025:16:13:00 +0800] "GET /robot/alarm-history-in.php HTTP/1.1" 200 - "-" "python-requests/2.28.1"
172.16.36.181 - - [02/Apr/2025:16:13:04 +0800] "GET /manager-page/api/snapshot.php?id=41&t=0.5254589906894647 HTTP/1.1" 200 45703 "http://192.168.60.79/manager-page/home-4.php" "Mozilla/5.0 (Windows NT 10.0; Win64; x64) AppleWebKit/537.36 (KHTML, like Gecko) Chrome/134.0.0.0 Safari/537.36 Edg/134.0.0.0"
172.16.36.181 - - [02/Apr/2025:16:13:04 +0800] "GET /manager-page/api/snapshot.php?id=42&t=0.07559540204043946 HTTP/1.1" 200 42549 "http://192.168.60.79/manager-page/home-4.php" "Mozilla/5.0 (Windows NT 10.0; Win64; x64) AppleWebKit/537.36 (KHTML, like Gecko) Chrome/134.0.0.0 Safari/537.36 Edg/134.0.0.0"
172.16.36.181 - - [02/Apr/2025:16:13:09 +0800] "GET /manager-page/api/snapshot.php?id=41&t=0.5735242399613616 HTTP/1.1" 200 45203 "http://192.168.60.79/manager-page/home-4.php" "Mozilla/5.0 (Windows NT 10.0; Win64; x64) AppleWebKit/537.36 (KHTML, like Gecko) Chrome/134.0.0.0 Safari/537.36 Edg/134.0.0.0"
172.16.36.181 - - [02/Apr/2025:16:13:09 +0800] "GET /manager-page/api/snapshot.php?id=42&t=0.8455192269683935 HTTP/1.1" 200 42921 "http://192.168.60.79/manager-page/home-4.php" "Mozilla/5.0 (Windows NT 10.0; Win64; x64) AppleWebKit/537.36 (KHTML, like Gecko) Chrome/134.0.0.0 Safari/537.36 Edg/134.0.0.0"
172.16.36.181 - - [02/Apr/2025:16:13:14 +0800] "GET /manager-page/api/snapshot.php?id=42&t=0.3066465092242108 HTTP/1.1" 200 43435 "http://192.168.60.79/manager-page/home-4.php" "Mozilla/5.0 (Windows NT 10.0; Win64; x64) AppleWebKit/537.36 (KHTML, like Gecko) Chrome/134.0.0.0 Safari/537.36 Edg/134.0.0.0"
172.16.36.181 - - [02/Apr/2025:16:13:14 +0800] "GET /manager-page/api/snapshot.php?id=41&t=0.7918377519022985 HTTP/1.1" 200 45321 "http://192.168.60.79/manager-page/home-4.php" "Mozilla/5.0 (Windows NT 10.0; Win64; x64) AppleWebKit/537.36 (KHTML, like Gecko) Chrome/134.0.0.0 Safari/537.36 Edg/134.0.0.0"
172.16.36.181 - - [02/Apr/2025:16:13:18 +0800] "GET /manager-page/home-2.php HTTP/1.1" 200 18469 "http://192.168.60.79/manager-page/home-4.php" "Mozilla/5.0 (Windows NT 10.0; Win64; x64) AppleWebKit/537.36 (KHTML, like Gecko) Chrome/134.0.0.0 Safari/537.36 Edg/134.0.0.0"
172.16.36.181 - - [02/Apr/2025:16:13:19 +0800] "GET /manager-page/api/snapshot.php?id=42&t=0.4064606640765558 HTTP/1.1" 500 - "http://192.168.60.79/manager-page/home-4.php" "Mozilla/5.0 (Windows NT 10.0; Win64; x64) AppleWebKit/537.36 (KHTML, like Gecko) Chrome/134.0.0.0 Safari/537.36 Edg/134.0.0.0"
172.16.36.181 - - [02/Apr/2025:16:13:19 +0800] "GET /manager-page/api/snapshot.php?id=41&t=0.04353827939589405 HTTP/1.1" 500 - "http://192.168.60.79/manager-page/home-4.php" "Mozilla/5.0 (Windows NT 10.0; Win64; x64) AppleWebKit/537.36 (KHTML, like Gecko) Chrome/134.0.0.0 Safari/537.36 Edg/134.0.0.0"
172.16.36.181 - - [02/Apr/2025:16:13:24 +0800] "GET /manager-page/api/snapshot.php?id=42&t=0.09532764130623517 HTTP/1.1" 200 43490 "http://192.168.60.79/manager-page/home-4.php" "Mozilla/5.0 (Windows NT 10.0; Win64; x64) AppleWebKit/537.36 (KHTML, like Gecko) Chrome/134.0.0.0 Safari/537.36 Edg/134.0.0.0"
172.16.36.181 - - [02/Apr/2025:16:13:27 +0800] "GET /manager-page/alarm/2-1.jpg?t=665604870 HTTP/1.1" 200 339428 "http://192.168.60.79/manager-page/home-2.php" "Mozilla/5.0 (Windows NT 10.0; Win64; x64) AppleWebKit/537.36 (KHTML, like Gecko) Chrome/134.0.0.0 Safari/537.36 Edg/134.0.0.0"
172.16.36.181 - - [02/Apr/2025:16:13:27 +0800] "GET /manager-page/alarm/2-2.jpg?t=1571498403 HTTP/1.1" 200 491657 "http://192.168.60.79/manager-page/home-2.php" "Mozilla/5.0 (Windows NT 10.0; Win64; x64) AppleWebKit/537.36 (KHTML, like Gecko) Chrome/134.0.0.0 Safari/537.36 Edg/134.0.0.0"
172.16.36.181 - - [02/Apr/2025:16:13:24 +0800] "GET /manager-page/home-2.php HTTP/1.1" 200 27471 "http://192.168.60.79/manager-page/home-4.php" "Mozilla/5.0 (Windows NT 10.0; Win64; x64) AppleWebKit/537.36 (KHTML, like Gecko) Chrome/134.0.0.0 Safari/537.36 Edg/134.0.0.0"
172.16.36.181 - - [02/Apr/2025:16:13:24 +0800] "GET /manager-page/api/snapshot.php?id=41&t=0.27543498839489544 HTTP/1.1" 200 45544 "http://192.168.60.79/manager-page/home-4.php" "Mozilla/5.0 (Windows NT 10.0; Win64; x64) AppleWebKit/537.36 (KHTML, like Gecko) Chrome/134.0.0.0 Safari/537.36 Edg/134.0.0.0"
172.16.36.181 - - [02/Apr/2025:16:13:27 +0800] "GET /manager-page/api/snapshot.php?id=22 HTTP/1.1" 500 - "http://192.168.60.79/manager-page/home-2.php" "Mozilla/5.0 (Windows NT 10.0; Win64; x64) AppleWebKit/537.36 (KHTML, like Gecko) Chrome/134.0.0.0 Safari/537.36 Edg/134.0.0.0"
172.16.36.181 - - [02/Apr/2025:16:13:27 +0800] "GET /manager-page/api/snapshot.php?id=21 HTTP/1.1" 500 - "http://192.168.60.79/manager-page/home-2.php" "Mozilla/5.0 (Windows NT 10.0; Win64; x64) AppleWebKit/537.36 (KHTML, like Gecko) Chrome/134.0.0.0 Safari/537.36 Edg/134.0.0.0"
172.16.36.181 - - [02/Apr/2025:16:13:29 +0800] "GET /manager-page/api/cms-status2.php HTTP/1.1" 200 12 "http://192.168.60.79/manager-page/home-2.php" "Mozilla/5.0 (Windows NT 10.0; Win64; x64) AppleWebKit/537.36 (KHTML, like Gecko) Chrome/134.0.0.0 Safari/537.36 Edg/134.0.0.0"
172.16.36.181 - - [02/Apr/2025:16:13:33 +0800] "GET /manager-page/live/2-2.jpg HTTP/1.1" 200 50891 "http://192.168.60.79/manager-page/home-2.php" "Mozilla/5.0 (Windows NT 10.0; Win64; x64) AppleWebKit/537.36 (KHTML, like Gecko) Chrome/134.0.0.0 Safari/537.36 Edg/134.0.0.0"
172.16.36.181 - - [02/Apr/2025:16:13:29 +0800] "GET /manager-page/api/lp-status2.php HTTP/1.1" 200 1 "http://192.168.60.79/manager-page/home-2.php" "Mozilla/5.0 (Windows NT 10.0; Win64; x64) AppleWebKit/537.36 (KHTML, like Gecko) Chrome/134.0.0.0 Safari/537.36 Edg/134.0.0.0"
172.16.36.181 - - [02/Apr/2025:16:13:34 +0800] "GET /manager-page/api/snapshot.php?id=22&t=0.7225952864688088 HTTP/1.1" 200 381 "http://192.168.60.79/manager-page/home-2.php" "Mozilla/5.0 (Windows NT 10.0; Win64; x64) AppleWebKit/537.36 (KHTML, like Gecko) Chrome/134.0.0.0 Safari/537.36 Edg/134.0.0.0"
172.16.36.181 - - [02/Apr/2025:16:13:34 +0800] "GET /manager-page/api/snapshot.php?id=21&t=0.16777227442171028 HTTP/1.1" 200 45901 "http://192.168.60.79/manager-page/home-2.php" "Mozilla/5.0 (Windows NT 10.0; Win64; x64) AppleWebKit/537.36 (KHTML, like Gecko) Chrome/134.0.0.0 Safari/537.36 Edg/134.0.0.0"
172.16.36.181 - - [02/Apr/2025:16:13:39 +0800] "GET /manager-page/api/snapshot.php?id=22&t=0.46718197674000583 HTTP/1.1" 200 381 "http://192.168.60.79/manager-page/home-2.php" "Mozilla/5.0 (Windows NT 10.0; Win64; x64) AppleWebKit/537.36 (KHTML, like Gecko) Chrome/134.0.0.0 Safari/537.36 Edg/134.0.0.0"
172.16.36.181 - - [02/Apr/2025:16:13:39 +0800] "GET /manager-page/api/snapshot.php?id=21&t=0.72201134769952 HTTP/1.1" 200 46000 "http://192.168.60.79/manager-page/home-2.php" "Mozilla/5.0 (Windows NT 10.0; Win64; x64) AppleWebKit/537.36 (KHTML, like Gecko) Chrome/134.0.0.0 Safari/537.36 Edg/134.0.0.0"
172.16.36.181 - - [02/Apr/2025:16:13:45 +0800] "GET /manager-page/api/snapshot.php?id=21&t=0.5033976210148523 HTTP/1.1" 200 45941 "http://192.168.60.79/manager-page/home-2.php" "Mozilla/5.0 (Windows NT 10.0; Win64; x64) AppleWebKit/537.36 (KHTML, like Gecko) Chrome/134.0.0.0 Safari/537.36 Edg/134.0.0.0"
172.16.36.181 - - [02/Apr/2025:16:13:50 +0800] "GET /manager-page/api/snapshot.php?id=21&t=0.48516192938871217 HTTP/1.1" 200 45980 "http://192.168.60.79/manager-page/home-2.php" "Mozilla/5.0 (Windows NT 10.0; Win64; x64) AppleWebKit/537.36 (KHTML, like Gecko) Chrome/134.0.0.0 Safari/537.36 Edg/134.0.0.0"
172.16.36.181 - - [02/Apr/2025:16:13:45 +0800] "GET /manager-page/api/snapshot.php?id=22&t=0.7542042985231034 HTTP/1.1" 200 381 "http://192.168.60.79/manager-page/home-2.php" "Mozilla/5.0 (Windows NT 10.0; Win64; x64) AppleWebKit/537.36 (KHTML, like Gecko) Chrome/134.0.0.0 Safari/537.36 Edg/134.0.0.0"
172.16.36.181 - - [02/Apr/2025:16:13:50 +0800] "GET /manager-page/api/snapshot.php?id=22&t=0.22275001003869166 HTTP/1.1" 200 381 "http://192.168.60.79/manager-page/home-2.php" "Mozilla/5.0 (Windows NT 10.0; Win64; x64) AppleWebKit/537.36 (KHTML, like Gecko) Chrome/134.0.0.0 Safari/537.36 Edg/134.0.0.0"
111.70.30.251 - - [02/Apr/2025:16:13:55 +0800] "POST /robot/lora-in.php HTTP/1.1" 200 - "-" "python-requests/2.21.0"
172.16.36.181 - - [02/Apr/2025:16:13:55 +0800] "GET /manager-page/api/snapshot.php?id=21&t=0.8993926807507693 HTTP/1.1" 200 46079 "http://192.168.60.79/manager-page/home-2.php" "Mozilla/5.0 (Windows NT 10.0; Win64; x64) AppleWebKit/537.36 (KHTML, like Gecko) Chrome/134.0.0.0 Safari/537.36 Edg/134.0.0.0"
172.16.36.181 - - [02/Apr/2025:16:13:55 +0800] "GET /manager-page/api/snapshot.php?id=22&t=0.31877655472548083 HTTP/1.1" 200 381 "http://192.168.60.79/manager-page/home-2.php" "Mozilla/5.0 (Windows NT 10.0; Win64; x64) AppleWebKit/537.36 (KHTML, like Gecko) Chrome/134.0.0.0 Safari/537.36 Edg/134.0.0.0"
172.16.36.181 - - [02/Apr/2025:16:14:00 +0800] "GET /manager-page/api/snapshot.php?id=21&t=0.6123895847122596 HTTP/1.1" 200 46084 "http://192.168.60.79/manager-page/home-2.php" "Mozilla/5.0 (Windows NT 10.0; Win64; x64) AppleWebKit/537.36 (KHTML, like Gecko) Chrome/134.0.0.0 Safari/537.36 Edg/134.0.0.0"
172.16.36.181 - - [02/Apr/2025:16:14:00 +0800] "GET /manager-page/api/snapshot.php?id=22&t=0.796667221316538 HTTP/1.1" 200 381 "http://192.168.60.79/manager-page/home-2.php" "Mozilla/5.0 (Windows NT 10.0; Win64; x64) AppleWebKit/537.36 (KHTML, like Gecko) Chrome/134.0.0.0 Safari/537.36 Edg/134.0.0.0"
127.0.0.1 - - [02/Apr/2025:16:14:01 +0800] "GET /robot/alarm-history-in.php HTTP/1.1" 200 - "-" "python-requests/2.28.1"
172.16.36.181 - - [02/Apr/2025:16:14:05 +0800] "GET /manager-page/api/snapshot.php?id=22&t=0.06279230431288196 HTTP/1.1" 200 381 "http://192.168.60.79/manager-page/home-2.php" "Mozilla/5.0 (Windows NT 10.0; Win64; x64) AppleWebKit/537.36 (KHTML, like Gecko) Chrome/134.0.0.0 Safari/537.36 Edg/134.0.0.0"
172.16.36.181 - - [02/Apr/2025:16:14:05 +0800] "GET /manager-page/api/snapshot.php?id=21&t=0.8646573472905663 HTTP/1.1" 200 46058 "http://192.168.60.79/manager-page/home-2.php" "Mozilla/5.0 (Windows NT 10.0; Win64; x64) AppleWebKit/537.36 (KHTML, like Gecko) Chrome/134.0.0.0 Safari/537.36 Edg/134.0.0.0"
172.16.36.181 - - [02/Apr/2025:16:14:10 +0800] "GET /manager-page/api/snapshot.php?id=21&t=0.9799796601702426 HTTP/1.1" 200 46327 "http://192.168.60.79/manager-page/home-2.php" "Mozilla/5.0 (Windows NT 10.0; Win64; x64) AppleWebKit/537.36 (KHTML, like Gecko) Chrome/134.0.0.0 Safari/537.36 Edg/134.0.0.0"
172.16.36.181 - - [02/Apr/2025:16:14:10 +0800] "GET /manager-page/api/snapshot.php?id=22&t=0.8390256445978626 HTTP/1.1" 200 381 "http://192.168.60.79/manager-page/home-2.php" "Mozilla/5.0 (Windows NT 10.0; Win64; x64) AppleWebKit/537.36 (KHTML, like Gecko) Chrome/134.0.0.0 Safari/537.36 Edg/134.0.0.0"
172.16.36.181 - - [02/Apr/2025:16:14:15 +0800] "GET /manager-page/api/snapshot.php?id=21&t=0.3744334521749748 HTTP/1.1" 200 46680 "http://192.168.60.79/manager-page/home-2.php" "Mozilla/5.0 (Windows NT 10.0; Win64; x64) AppleWebKit/537.36 (KHTML, like Gecko) Chrome/134.0.0.0 Safari/537.36 Edg/134.0.0.0"
172.16.36.181 - - [02/Apr/2025:16:14:15 +0800] "GET /manager-page/api/snapshot.php?id=22&t=0.6363939251647133 HTTP/1.1" 200 381 "http://192.168.60.79/manager-page/home-2.php" "Mozilla/5.0 (Windows NT 10.0; Win64; x64) AppleWebKit/537.36 (KHTML, like Gecko) Chrome/134.0.0.0 Safari/537.36 Edg/134.0.0.0"
172.16.36.181 - - [02/Apr/2025:16:14:20 +0800] "GET /manager-page/api/snapshot.php?id=21&t=0.8096288677547845 HTTP/1.1" 200 46601 "http://192.168.60.79/manager-page/home-2.php" "Mozilla/5.0 (Windows NT 10.0; Win64; x64) AppleWebKit/537.36 (KHTML, like Gecko) Chrome/134.0.0.0 Safari/537.36 Edg/134.0.0.0"
172.16.36.181 - - [02/Apr/2025:16:14:20 +0800] "GET /manager-page/api/snapshot.php?id=22&t=0.9576963896447657 HTTP/1.1" 200 381 "http://192.168.60.79/manager-page/home-2.php" "Mozilla/5.0 (Windows NT 10.0; Win64; x64) AppleWebKit/537.36 (KHTML, like Gecko) Chrome/134.0.0.0 Safari/537.36 Edg/134.0.0.0"
172.16.36.181 - - [02/Apr/2025:16:14:25 +0800] "GET /manager-page/api/snapshot.php?id=22&t=0.3582678557549963 HTTP/1.1" 200 381 "http://192.168.60.79/manager-page/home-2.php" "Mozilla/5.0 (Windows NT 10.0; Win64; x64) AppleWebKit/537.36 (KHTML, like Gecko) Chrome/134.0.0.0 Safari/537.36 Edg/134.0.0.0"
172.16.36.181 - - [02/Apr/2025:16:14:25 +0800] "GET /manager-page/api/snapshot.php?id=21&t=0.21598768845913874 HTTP/1.1" 200 46057 "http://192.168.60.79/manager-page/home-2.php" "Mozilla/5.0 (Windows NT 10.0; Win64; x64) AppleWebKit/537.36 (KHTML, like Gecko) Chrome/134.0.0.0 Safari/537.36 Edg/134.0.0.0"
111.70.30.252 - - [02/Apr/2025:16:14:28 +0800] "POST /robot/lora-in.php HTTP/1.1" 200 - "-" "python-requests/2.21.0"
172.16.36.181 - - [02/Apr/2025:16:14:30 +0800] "GET /manager-page/api/snapshot.php?id=22&t=0.6044570900924051 HTTP/1.1" 200 381 "http://192.168.60.79/manager-page/home-2.php" "Mozilla/5.0 (Windows NT 10.0; Win64; x64) AppleWebKit/537.36 (KHTML, like Gecko) Chrome/134.0.0.0 Safari/537.36 Edg/134.0.0.0"
172.16.36.181 - - [02/Apr/2025:16:14:30 +0800] "GET /manager-page/api/snapshot.php?id=21&t=0.3356758621874092 HTTP/1.1" 200 45918 "http://192.168.60.79/manager-page/home-2.php" "Mozilla/5.0 (Windows NT 10.0; Win64; x64) AppleWebKit/537.36 (KHTML, like Gecko) Chrome/134.0.0.0 Safari/537.36 Edg/134.0.0.0"
172.16.36.181 - - [02/Apr/2025:16:14:35 +0800] "GET /manager-page/api/snapshot.php?id=21&t=0.24407910609620265 HTTP/1.1" 200 45930 "http://192.168.60.79/manager-page/home-2.php" "Mozilla/5.0 (Windows NT 10.0; Win64; x64) AppleWebKit/537.36 (KHTML, like Gecko) Chrome/134.0.0.0 Safari/537.36 Edg/134.0.0.0"
172.16.36.181 - - [02/Apr/2025:16:14:35 +0800] "GET /manager-page/api/snapshot.php?id=22&t=0.3567681310581843 HTTP/1.1" 200 381 "http://192.168.60.79/manager-page/home-2.php" "Mozilla/5.0 (Windows NT 10.0; Win64; x64) AppleWebKit/537.36 (KHTML, like Gecko) Chrome/134.0.0.0 Safari/537.36 Edg/134.0.0.0"
127.0.0.1 - - [02/Apr/2025:16:14:36 +0800] "POST /robot/et-7026-in.php HTTP/1.1" 200 - "-" "python-requests/2.32.2"
172.16.36.181 - - [02/Apr/2025:16:14:40 +0800] "GET /manager-page/api/snapshot.php?id=22&t=0.25243614722416186 HTTP/1.1" 200 381 "http://192.168.60.79/manager-page/home-2.php" "Mozilla/5.0 (Windows NT 10.0; Win64; x64) AppleWebKit/537.36 (KHTML, like Gecko) Chrome/134.0.0.0 Safari/537.36 Edg/134.0.0.0"
172.16.36.181 - - [02/Apr/2025:16:14:40 +0800] "GET /manager-page/api/snapshot.php?id=21&t=0.9749933018898362 HTTP/1.1" 200 46287 "http://192.168.60.79/manager-page/home-2.php" "Mozilla/5.0 (Windows NT 10.0; Win64; x64) AppleWebKit/537.36 (KHTML, like Gecko) Chrome/134.0.0.0 Safari/537.36 Edg/134.0.0.0"
127.0.0.1 - - [02/Apr/2025:16:15:00 +0800] "GET /robot/alarm-history-in.php HTTP/1.1" 200 - "-" "python-requests/2.28.1"
172.16.36.181 - - [02/Apr/2025:16:15:28 +0800] "GET /manager-page/api/snapshot.php?id=22&t=0.14373907122162177 HTTP/1.1" 200 381 "http://192.168.60.79/manager-page/home-2.php" "Mozilla/5.0 (Windows NT 10.0; Win64; x64) AppleWebKit/537.36 (KHTML, like Gecko) Chrome/134.0.0.0 Safari/537.36 Edg/134.0.0.0"
172.16.36.181 - - [02/Apr/2025:16:15:28 +0800] "GET /manager-page/api/snapshot.php?id=21&t=0.8645791282540118 HTTP/1.1" 200 45802 "http://192.168.60.79/manager-page/home-2.php" "Mozilla/5.0 (Windows NT 10.0; Win64; x64) AppleWebKit/537.36 (KHTML, like Gecko) Chrome/134.0.0.0 Safari/537.36 Edg/134.0.0.0"
111.70.30.253 - - [02/Apr/2025:16:15:35 +0800] "POST /robot/lora-in.php HTTP/1.1" 200 - "-" "python-requests/2.21.0"
127.0.0.1 - - [02/Apr/2025:16:16:00 +0800] "GET /robot/alarm-history-in.php HTTP/1.1" 200 - "-" "python-requests/2.28.1"
127.0.0.1 - - [02/Apr/2025:16:16:27 +0800] "POST /robot/lora-in.php HTTP/1.1" 200 - "-" "python-requests/2.31.0"
127.0.0.1 - - [02/Apr/2025:16:16:28 +0800] "POST /robot/lora-in.php HTTP/1.1" 200 - "-" "python-requests/2.31.0"
172.16.36.181 - - [02/Apr/2025:16:16:28 +0800] "GET /manager-page/api/snapshot.php?id=21&t=0.9431927245685998 HTTP/1.1" 200 46287 "http://192.168.60.79/manager-page/home-2.php" "Mozilla/5.0 (Windows NT 10.0; Win64; x64) AppleWebKit/537.36 (KHTML, like Gecko) Chrome/134.0.0.0 Safari/537.36 Edg/134.0.0.0"
172.16.36.181 - - [02/Apr/2025:16:16:28 +0800] "GET /manager-page/api/snapshot.php?id=22&t=0.8277344733342284 HTTP/1.1" 200 381 "http://192.168.60.79/manager-page/home-2.php" "Mozilla/5.0 (Windows NT 10.0; Win64; x64) AppleWebKit/537.36 (KHTML, like Gecko) Chrome/134.0.0.0 Safari/537.36 Edg/134.0.0.0"
127.0.0.1 - - [02/Apr/2025:16:16:41 +0800] "POST /robot/lora-in.php HTTP/1.1" 200 - "-" "python-requests/2.31.0"
127.0.0.1 - - [02/Apr/2025:16:16:50 +0800] "POST /robot/lora-in.php HTTP/1.1" 200 - "-" "python-requests/2.31.0"
127.0.0.1 - - [02/Apr/2025:16:17:00 +0800] "GET /robot/alarm-history-in.php HTTP/1.1" 200 - "-" "python-requests/2.28.1"
127.0.0.1 - - [02/Apr/2025:16:17:00 +0800] "POST /robot/lora-in.php HTTP/1.1" 200 - "-" "python-requests/2.31.0"
127.0.0.1 - - [02/Apr/2025:16:17:18 +0800] "POST /robot/lora-in.php HTTP/1.1" 200 - "-" "python-requests/2.31.0"
172.16.36.181 - - [02/Apr/2025:16:17:28 +0800] "GET /manager-page/api/snapshot.php?id=21&t=0.40548375498956024 HTTP/1.1" 200 46553 "http://192.168.60.79/manager-page/home-2.php" "Mozilla/5.0 (Windows NT 10.0; Win64; x64) AppleWebKit/537.36 (KHTML, like Gecko) Chrome/134.0.0.0 Safari/537.36 Edg/134.0.0.0"
172.16.36.181 - - [02/Apr/2025:16:17:28 +0800] "GET /manager-page/api/snapshot.php?id=22&t=0.041538684879455 HTTP/1.1" 200 381 "http://192.168.60.79/manager-page/home-2.php" "Mozilla/5.0 (Windows NT 10.0; Win64; x64) AppleWebKit/537.36 (KHTML, like Gecko) Chrome/134.0.0.0 Safari/537.36 Edg/134.0.0.0"
127.0.0.1 - - [02/Apr/2025:16:17:30 +0800] "POST /robot/lora-in.php HTTP/1.1" 200 - "-" "python-requests/2.31.0"
111.70.30.251 - - [02/Apr/2025:16:17:53 +0800] "POST /robot/lora-in.php HTTP/1.1" 200 - "-" "python-requests/2.21.0"
127.0.0.1 - - [02/Apr/2025:16:18:00 +0800] "GET /robot/alarm-history-in.php HTTP/1.1" 200 - "-" "python-requests/2.28.1"
172.16.36.181 - - [02/Apr/2025:16:18:28 +0800] "GET /manager-page/api/snapshot.php?id=21&t=0.9310145989170469 HTTP/1.1" 200 46285 "http://192.168.60.79/manager-page/home-2.php" "Mozilla/5.0 (Windows NT 10.0; Win64; x64) AppleWebKit/537.36 (KHTML, like Gecko) Chrome/134.0.0.0 Safari/537.36 Edg/134.0.0.0"
172.16.36.181 - - [02/Apr/2025:16:18:28 +0800] "GET /manager-page/api/snapshot.php?id=22&t=0.8839511902741335 HTTP/1.1" 200 381 "http://192.168.60.79/manager-page/home-2.php" "Mozilla/5.0 (Windows NT 10.0; Win64; x64) AppleWebKit/537.36 (KHTML, like Gecko) Chrome/134.0.0.0 Safari/537.36 Edg/134.0.0.0"
111.70.30.250 - - [02/Apr/2025:16:18:35 +0800] "POST /robot/lora-in.php HTTP/1.1" 200 - "-" "python-requests/2.21.0"
127.0.0.1 - - [02/Apr/2025:16:19:00 +0800] "GET /robot/alarm-history-in.php HTTP/1.1" 200 - "-" "python-requests/2.28.1"
172.16.36.181 - - [02/Apr/2025:16:19:28 +0800] "GET /manager-page/api/snapshot.php?id=22&t=0.2896619689154145 HTTP/1.1" 200 381 "http://192.168.60.79/manager-page/home-2.php" "Mozilla/5.0 (Windows NT 10.0; Win64; x64) AppleWebKit/537.36 (KHTML, like Gecko) Chrome/134.0.0.0 Safari/537.36 Edg/134.0.0.0"
172.16.36.181 - - [02/Apr/2025:16:19:28 +0800] "GET /manager-page/api/snapshot.php?id=21&t=0.1166520201381267 HTTP/1.1" 200 46266 "http://192.168.60.79/manager-page/home-2.php" "Mozilla/5.0 (Windows NT 10.0; Win64; x64) AppleWebKit/537.36 (KHTML, like Gecko) Chrome/134.0.0.0 Safari/537.36 Edg/134.0.0.0"
127.0.0.1 - - [02/Apr/2025:16:19:42 +0800] "POST /robot/et-7026-in.php HTTP/1.1" 200 - "-" "python-requests/2.32.2"
111.70.30.251 - - [02/Apr/2025:16:19:59 +0800] "POST /robot/lora-in.php HTTP/1.1" 200 - "-" "python-requests/2.21.0"
127.0.0.1 - - [02/Apr/2025:16:20:00 +0800] "GET /robot/alarm-history-in.php HTTP/1.1" 200 - "-" "python-requests/2.28.1"
172.16.36.181 - - [02/Apr/2025:16:20:28 +0800] "GET /manager-page/api/snapshot.php?id=21&t=0.67420220160245 HTTP/1.1" 200 45990 "http://192.168.60.79/manager-page/home-2.php" "Mozilla/5.0 (Windows NT 10.0; Win64; x64) AppleWebKit/537.36 (KHTML, like Gecko) Chrome/134.0.0.0 Safari/537.36 Edg/134.0.0.0"
172.16.36.181 - - [02/Apr/2025:16:20:28 +0800] "GET /manager-page/api/snapshot.php?id=22&t=0.9178297576897729 HTTP/1.1" 200 381 "http://192.168.60.79/manager-page/home-2.php" "Mozilla/5.0 (Windows NT 10.0; Win64; x64) AppleWebKit/537.36 (KHTML, like Gecko) Chrome/134.0.0.0 Safari/537.36 Edg/134.0.0.0"
127.0.0.1 - - [02/Apr/2025:16:21:00 +0800] "GET /robot/alarm-history-in.php HTTP/1.1" 200 - "-" "python-requests/2.28.1"
172.16.36.181 - - [02/Apr/2025:16:21:28 +0800] "GET /manager-page/api/snapshot.php?id=21&t=0.3720123885767692 HTTP/1.1" 200 46611 "http://192.168.60.79/manager-page/home-2.php" "Mozilla/5.0 (Windows NT 10.0; Win64; x64) AppleWebKit/537.36 (KHTML, like Gecko) Chrome/134.0.0.0 Safari/537.36 Edg/134.0.0.0"
172.16.36.181 - - [02/Apr/2025:16:21:28 +0800] "GET /manager-page/api/snapshot.php?id=22&t=0.11486955389157694 HTTP/1.1" 200 381 "http://192.168.60.79/manager-page/home-2.php" "Mozilla/5.0 (Windows NT 10.0; Win64; x64) AppleWebKit/537.36 (KHTML, like Gecko) Chrome/134.0.0.0 Safari/537.36 Edg/134.0.0.0"
111.70.30.251 - - [02/Apr/2025:16:21:37 +0800] "POST /robot/lora-in.php HTTP/1.1" 200 - "-" "python-requests/2.21.0"
111.70.30.251 - - [02/Apr/2025:16:21:52 +0800] "POST /robot/lora-in.php HTTP/1.1" 200 - "-" "python-requests/2.21.0"
127.0.0.1 - - [02/Apr/2025:16:22:00 +0800] "GET /robot/alarm-history-in.php HTTP/1.1" 200 - "-" "python-requests/2.28.1"
172.16.36.181 - - [02/Apr/2025:16:22:28 +0800] "GET /manager-page/api/snapshot.php?id=22&t=0.4997113987560924 HTTP/1.1" 200 381 "http://192.168.60.79/manager-page/home-2.php" "Mozilla/5.0 (Windows NT 10.0; Win64; x64) AppleWebKit/537.36 (KHTML, like Gecko) Chrome/134.0.0.0 Safari/537.36 Edg/134.0.0.0"
172.16.36.181 - - [02/Apr/2025:16:22:28 +0800] "GET /manager-page/api/snapshot.php?id=21&t=0.41811360854896473 HTTP/1.1" 200 47572 "http://192.168.60.79/manager-page/home-2.php" "Mozilla/5.0 (Windows NT 10.0; Win64; x64) AppleWebKit/537.36 (KHTML, like Gecko) Chrome/134.0.0.0 Safari/537.36 Edg/134.0.0.0"
127.0.0.1 - - [02/Apr/2025:16:22:32 +0800] "POST /robot/et-7026-in.php HTTP/1.1" 200 - "-" "python-requests/2.32.2"
127.0.0.1 - - [02/Apr/2025:16:22:36 +0800] "POST /robot/et-7026-in.php HTTP/1.1" 200 - "-" "python-requests/2.32.2"
127.0.0.1 - - [02/Apr/2025:16:23:00 +0800] "GET /robot/alarm-history-in.php HTTP/1.1" 200 - "-" "python-requests/2.28.1"
172.16.36.181 - - [02/Apr/2025:16:23:28 +0800] "GET /manager-page/api/snapshot.php?id=21&t=0.9907791508736776 HTTP/1.1" 200 46989 "http://192.168.60.79/manager-page/home-2.php" "Mozilla/5.0 (Windows NT 10.0; Win64; x64) AppleWebKit/537.36 (KHTML, like Gecko) Chrome/134.0.0.0 Safari/537.36 Edg/134.0.0.0"
172.16.36.181 - - [02/Apr/2025:16:23:28 +0800] "GET /manager-page/api/snapshot.php?id=22&t=0.000495017707335732 HTTP/1.1" 200 381 "http://192.168.60.79/manager-page/home-2.php" "Mozilla/5.0 (Windows NT 10.0; Win64; x64) AppleWebKit/537.36 (KHTML, like Gecko) Chrome/134.0.0.0 Safari/537.36 Edg/134.0.0.0"
111.70.30.252 - - [02/Apr/2025:16:23:42 +0800] "POST /robot/lora-in.php HTTP/1.1" 200 - "-" "python-requests/2.21.0"
127.0.0.1 - - [02/Apr/2025:16:24:00 +0800] "GET /robot/alarm-history-in.php HTTP/1.1" 200 - "-" "python-requests/2.28.1"
111.70.30.253 - - [02/Apr/2025:16:24:21 +0800] "POST /robot/lora-in.php HTTP/1.1" 200 - "-" "python-requests/2.21.0"
172.16.36.181 - - [02/Apr/2025:16:24:28 +0800] "GET /manager-page/api/snapshot.php?id=22&t=0.8386462711887708 HTTP/1.1" 200 381 "http://192.168.60.79/manager-page/home-2.php" "Mozilla/5.0 (Windows NT 10.0; Win64; x64) AppleWebKit/537.36 (KHTML, like Gecko) Chrome/134.0.0.0 Safari/537.36 Edg/134.0.0.0"
172.16.36.181 - - [02/Apr/2025:16:24:28 +0800] "GET /manager-page/api/snapshot.php?id=21&t=0.028388259364532153 HTTP/1.1" 200 48278 "http://192.168.60.79/manager-page/home-2.php" "Mozilla/5.0 (Windows NT 10.0; Win64; x64) AppleWebKit/537.36 (KHTML, like Gecko) Chrome/134.0.0.0 Safari/537.36 Edg/134.0.0.0"
127.0.0.1 - - [02/Apr/2025:16:24:39 +0800] "POST /robot/et-7026-in.php HTTP/1.1" 200 - "-" "python-requests/2.32.2"
127.0.0.1 - - [02/Apr/2025:16:25:00 +0800] "GET /robot/alarm-history-in.php HTTP/1.1" 200 - "-" "python-requests/2.28.1"
172.16.36.181 - - [02/Apr/2025:16:25:28 +0800] "GET /manager-page/api/snapshot.php?id=21&t=0.4298402965061845 HTTP/1.1" 200 46078 "http://192.168.60.79/manager-page/home-2.php" "Mozilla/5.0 (Windows NT 10.0; Win64; x64) AppleWebKit/537.36 (KHTML, like Gecko) Chrome/134.0.0.0 Safari/537.36 Edg/134.0.0.0"
172.16.36.181 - - [02/Apr/2025:16:25:28 +0800] "GET /manager-page/api/snapshot.php?id=22&t=0.02707514089297458 HTTP/1.1" 200 381 "http://192.168.60.79/manager-page/home-2.php" "Mozilla/5.0 (Windows NT 10.0; Win64; x64) AppleWebKit/537.36 (KHTML, like Gecko) Chrome/134.0.0.0 Safari/537.36 Edg/134.0.0.0"
127.0.0.1 - - [02/Apr/2025:16:26:00 +0800] "GET /robot/alarm-history-in.php HTTP/1.1" 200 - "-" "python-requests/2.28.1"
111.70.30.251 - - [02/Apr/2025:16:25:51 +0800] "POST /robot/lora-in.php HTTP/1.1" 200 - "-" "python-requests/2.21.0"
127.0.0.1 - - [02/Apr/2025:16:26:27 +0800] "POST /robot/lora-in.php HTTP/1.1" 200 - "-" "python-requests/2.31.0"
127.0.0.1 - - [02/Apr/2025:16:26:28 +0800] "POST /robot/lora-in.php HTTP/1.1" 200 - "-" "python-requests/2.31.0"
172.16.36.181 - - [02/Apr/2025:16:26:28 +0800] "GET /manager-page/api/snapshot.php?id=21&t=0.12312513188489471 HTTP/1.1" 200 46884 "http://192.168.60.79/manager-page/home-2.php" "Mozilla/5.0 (Windows NT 10.0; Win64; x64) AppleWebKit/537.36 (KHTML, like Gecko) Chrome/134.0.0.0 Safari/537.36 Edg/134.0.0.0"
172.16.36.181 - - [02/Apr/2025:16:26:28 +0800] "GET /manager-page/api/snapshot.php?id=22&t=0.24346019663813512 HTTP/1.1" 200 381 "http://192.168.60.79/manager-page/home-2.php" "Mozilla/5.0 (Windows NT 10.0; Win64; x64) AppleWebKit/537.36 (KHTML, like Gecko) Chrome/134.0.0.0 Safari/537.36 Edg/134.0.0.0"
127.0.0.1 - - [02/Apr/2025:16:26:41 +0800] "POST /robot/lora-in.php HTTP/1.1" 200 - "-" "python-requests/2.31.0"
127.0.0.1 - - [02/Apr/2025:16:26:52 +0800] "POST /robot/lora-in.php HTTP/1.1" 200 - "-" "python-requests/2.31.0"
127.0.0.1 - - [02/Apr/2025:16:27:00 +0800] "POST /robot/lora-in.php HTTP/1.1" 200 - "-" "python-requests/2.31.0"
127.0.0.1 - - [02/Apr/2025:16:27:00 +0800] "GET /robot/alarm-history-in.php HTTP/1.1" 200 - "-" "python-requests/2.28.1"
127.0.0.1 - - [02/Apr/2025:16:27:03 +0800] "POST /robot/lora-in.php HTTP/1.1" 200 - "-" "python-requests/2.31.0"
127.0.0.1 - - [02/Apr/2025:16:27:09 +0800] "POST /robot/lora-in.php HTTP/1.1" 200 - "-" "python-requests/2.31.0"
111.70.30.250 - - [02/Apr/2025:16:27:12 +0800] "POST /robot/lora-in.php HTTP/1.1" 200 - "-" "python-requests/2.21.0"
172.16.36.181 - - [02/Apr/2025:16:27:28 +0800] "GET /manager-page/api/snapshot.php?id=21&t=0.9934649316236344 HTTP/1.1" 200 46389 "http://192.168.60.79/manager-page/home-2.php" "Mozilla/5.0 (Windows NT 10.0; Win64; x64) AppleWebKit/537.36 (KHTML, like Gecko) Chrome/134.0.0.0 Safari/537.36 Edg/134.0.0.0"
172.16.36.181 - - [02/Apr/2025:16:27:28 +0800] "GET /manager-page/api/snapshot.php?id=22&t=0.7503120899578717 HTTP/1.1" 200 381 "http://192.168.60.79/manager-page/home-2.php" "Mozilla/5.0 (Windows NT 10.0; Win64; x64) AppleWebKit/537.36 (KHTML, like Gecko) Chrome/134.0.0.0 Safari/537.36 Edg/134.0.0.0"
127.0.0.1 - - [02/Apr/2025:16:28:00 +0800] "GET /robot/alarm-history-in.php HTTP/1.1" 200 - "-" "python-requests/2.28.1"
111.70.30.251 - - [02/Apr/2025:16:28:20 +0800] "POST /robot/lora-in.php HTTP/1.1" 200 - "-" "python-requests/2.21.0"
172.16.36.181 - - [02/Apr/2025:16:28:28 +0800] "GET /manager-page/api/snapshot.php?id=21&t=0.6711099844142261 HTTP/1.1" 200 46538 "http://192.168.60.79/manager-page/home-2.php" "Mozilla/5.0 (Windows NT 10.0; Win64; x64) AppleWebKit/537.36 (KHTML, like Gecko) Chrome/134.0.0.0 Safari/537.36 Edg/134.0.0.0"
172.16.36.181 - - [02/Apr/2025:16:28:28 +0800] "GET /manager-page/api/snapshot.php?id=22&t=0.2943128498764811 HTTP/1.1" 200 381 "http://192.168.60.79/manager-page/home-2.php" "Mozilla/5.0 (Windows NT 10.0; Win64; x64) AppleWebKit/537.36 (KHTML, like Gecko) Chrome/134.0.0.0 Safari/537.36 Edg/134.0.0.0"
127.0.0.1 - - [02/Apr/2025:16:29:00 +0800] "GET /robot/alarm-history-in.php HTTP/1.1" 200 - "-" "python-requests/2.28.1"
172.16.36.181 - - [02/Apr/2025:16:29:28 +0800] "GET /manager-page/api/snapshot.php?id=22&t=0.7695315208651221 HTTP/1.1" 200 381 "http://192.168.60.79/manager-page/home-2.php" "Mozilla/5.0 (Windows NT 10.0; Win64; x64) AppleWebKit/537.36 (KHTML, like Gecko) Chrome/134.0.0.0 Safari/537.36 Edg/134.0.0.0"
172.16.36.181 - - [02/Apr/2025:16:29:28 +0800] "GET /manager-page/api/snapshot.php?id=21&t=0.7967223130986367 HTTP/1.1" 200 46568 "http://192.168.60.79/manager-page/home-2.php" "Mozilla/5.0 (Windows NT 10.0; Win64; x64) AppleWebKit/537.36 (KHTML, like Gecko) Chrome/134.0.0.0 Safari/537.36 Edg/134.0.0.0"
127.0.0.1 - - [02/Apr/2025:16:29:45 +0800] "POST /robot/et-7026-in.php HTTP/1.1" 200 - "-" "python-requests/2.32.2"
127.0.0.1 - - [02/Apr/2025:16:30:00 +0800] "GET /robot/alarm-history-in.php HTTP/1.1" 200 - "-" "python-requests/2.28.1"
111.70.30.251 - - [02/Apr/2025:16:29:49 +0800] "POST /robot/lora-in.php HTTP/1.1" 200 - "-" "python-requests/2.21.0"
172.16.36.181 - - [02/Apr/2025:16:30:28 +0800] "GET /manager-page/api/snapshot.php?id=21&t=0.5303831739343856 HTTP/1.1" 200 46668 "http://192.168.60.79/manager-page/home-2.php" "Mozilla/5.0 (Windows NT 10.0; Win64; x64) AppleWebKit/537.36 (KHTML, like Gecko) Chrome/134.0.0.0 Safari/537.36 Edg/134.0.0.0"
172.16.36.181 - - [02/Apr/2025:16:30:28 +0800] "GET /manager-page/api/snapshot.php?id=22&t=0.40856005731700784 HTTP/1.1" 200 381 "http://192.168.60.79/manager-page/home-2.php" "Mozilla/5.0 (Windows NT 10.0; Win64; x64) AppleWebKit/537.36 (KHTML, like Gecko) Chrome/134.0.0.0 Safari/537.36 Edg/134.0.0.0"
127.0.0.1 - - [02/Apr/2025:16:31:00 +0800] "GET /robot/alarm-history-in.php HTTP/1.1" 200 - "-" "python-requests/2.28.1"
172.16.36.181 - - [02/Apr/2025:16:31:28 +0800] "GET /manager-page/api/snapshot.php?id=22&t=0.21517408827250972 HTTP/1.1" 200 381 "http://192.168.60.79/manager-page/home-2.php" "Mozilla/5.0 (Windows NT 10.0; Win64; x64) AppleWebKit/537.36 (KHTML, like Gecko) Chrome/134.0.0.0 Safari/537.36 Edg/134.0.0.0"
172.16.36.181 - - [02/Apr/2025:16:31:28 +0800] "GET /manager-page/api/snapshot.php?id=21&t=0.295090632911849 HTTP/1.1" 200 46624 "http://192.168.60.79/manager-page/home-2.php" "Mozilla/5.0 (Windows NT 10.0; Win64; x64) AppleWebKit/537.36 (KHTML, like Gecko) Chrome/134.0.0.0 Safari/537.36 Edg/134.0.0.0"
111.70.30.251 - - [02/Apr/2025:16:31:35 +0800] "POST /robot/lora-in.php HTTP/1.1" 200 - "-" "python-requests/2.21.0"
127.0.0.1 - - [02/Apr/2025:16:32:00 +0800] "GET /robot/alarm-history-in.php HTTP/1.1" 200 - "-" "python-requests/2.28.1"
172.16.36.181 - - [02/Apr/2025:16:32:07 +0800] "GET /manager-page/api/snapshot.php?id=22&t=0.3085075535487465 HTTP/1.1" 200 381 "http://192.168.60.79/manager-page/home-2.php" "Mozilla/5.0 (Windows NT 10.0; Win64; x64) AppleWebKit/537.36 (KHTML, like Gecko) Chrome/134.0.0.0 Safari/537.36 Edg/134.0.0.0"
172.16.36.181 - - [02/Apr/2025:16:32:07 +0800] "GET /manager-page/api/snapshot.php?id=21&t=0.37756122472874476 HTTP/1.1" 200 46675 "http://192.168.60.79/manager-page/home-2.php" "Mozilla/5.0 (Windows NT 10.0; Win64; x64) AppleWebKit/537.36 (KHTML, like Gecko) Chrome/134.0.0.0 Safari/537.36 Edg/134.0.0.0"
172.16.36.181 - - [02/Apr/2025:16:32:10 +0800] "GET /manager-page/api/snapshot.php?id=22&t=0.6076733433220278 HTTP/1.1" 200 381 "http://192.168.60.79/manager-page/home-2.php" "Mozilla/5.0 (Windows NT 10.0; Win64; x64) AppleWebKit/537.36 (KHTML, like Gecko) Chrome/134.0.0.0 Safari/537.36 Edg/134.0.0.0"
172.16.36.181 - - [02/Apr/2025:16:32:10 +0800] "GET /manager-page/api/snapshot.php?id=21&t=0.6775871441791239 HTTP/1.1" 200 46707 "http://192.168.60.79/manager-page/home-2.php" "Mozilla/5.0 (Windows NT 10.0; Win64; x64) AppleWebKit/537.36 (KHTML, like Gecko) Chrome/134.0.0.0 Safari/537.36 Edg/134.0.0.0"
172.16.36.181 - - [02/Apr/2025:16:32:15 +0800] "GET /manager-page/api/snapshot.php?id=21&t=0.1588525913187515 HTTP/1.1" 200 46732 "http://192.168.60.79/manager-page/home-2.php" "Mozilla/5.0 (Windows NT 10.0; Win64; x64) AppleWebKit/537.36 (KHTML, like Gecko) Chrome/134.0.0.0 Safari/537.36 Edg/134.0.0.0"
172.16.36.181 - - [02/Apr/2025:16:32:15 +0800] "GET /manager-page/api/snapshot.php?id=22&t=0.7962353792620978 HTTP/1.1" 200 381 "http://192.168.60.79/manager-page/home-2.php" "Mozilla/5.0 (Windows NT 10.0; Win64; x64) AppleWebKit/537.36 (KHTML, like Gecko) Chrome/134.0.0.0 Safari/537.36 Edg/134.0.0.0"
172.16.36.181 - - [02/Apr/2025:16:32:20 +0800] "GET /manager-page/api/snapshot.php?id=22&t=0.10600388609899758 HTTP/1.1" 200 381 "http://192.168.60.79/manager-page/home-2.php" "Mozilla/5.0 (Windows NT 10.0; Win64; x64) AppleWebKit/537.36 (KHTML, like Gecko) Chrome/134.0.0.0 Safari/537.36 Edg/134.0.0.0"
172.16.36.181 - - [02/Apr/2025:16:32:20 +0800] "GET /manager-page/api/snapshot.php?id=21&t=0.8630471525473042 HTTP/1.1" 200 46711 "http://192.168.60.79/manager-page/home-2.php" "Mozilla/5.0 (Windows NT 10.0; Win64; x64) AppleWebKit/537.36 (KHTML, like Gecko) Chrome/134.0.0.0 Safari/537.36 Edg/134.0.0.0"
172.16.36.181 - - [02/Apr/2025:16:32:25 +0800] "GET /manager-page/api/snapshot.php?id=21&t=0.13494692991702273 HTTP/1.1" 200 46725 "http://192.168.60.79/manager-page/home-2.php" "Mozilla/5.0 (Windows NT 10.0; Win64; x64) AppleWebKit/537.36 (KHTML, like Gecko) Chrome/134.0.0.0 Safari/537.36 Edg/134.0.0.0"
172.16.36.181 - - [02/Apr/2025:16:32:25 +0800] "GET /manager-page/api/snapshot.php?id=22&t=0.8433998740545321 HTTP/1.1" 200 381 "http://192.168.60.79/manager-page/home-2.php" "Mozilla/5.0 (Windows NT 10.0; Win64; x64) AppleWebKit/537.36 (KHTML, like Gecko) Chrome/134.0.0.0 Safari/537.36 Edg/134.0.0.0"
172.16.36.181 - - [02/Apr/2025:16:32:30 +0800] "GET /manager-page/api/snapshot.php?id=22&t=0.020617803164716397 HTTP/1.1" 200 381 "http://192.168.60.79/manager-page/home-2.php" "Mozilla/5.0 (Windows NT 10.0; Win64; x64) AppleWebKit/537.36 (KHTML, like Gecko) Chrome/134.0.0.0 Safari/537.36 Edg/134.0.0.0"
172.16.36.181 - - [02/Apr/2025:16:32:30 +0800] "GET /manager-page/api/snapshot.php?id=21&t=0.474747246559897 HTTP/1.1" 200 47059 "http://192.168.60.79/manager-page/home-2.php" "Mozilla/5.0 (Windows NT 10.0; Win64; x64) AppleWebKit/537.36 (KHTML, like Gecko) Chrome/134.0.0.0 Safari/537.36 Edg/134.0.0.0"
127.0.0.1 - - [02/Apr/2025:16:32:34 +0800] "POST /robot/et-7026-in.php HTTP/1.1" 200 - "-" "python-requests/2.32.2"
172.16.36.181 - - [02/Apr/2025:16:32:34 +0800] "GET /manager-page/api/snapshot.php?id=21&t=0.6226973401627867 HTTP/1.1" 200 47155 "http://192.168.60.79/manager-page/home-2.php" "Mozilla/5.0 (Windows NT 10.0; Win64; x64) AppleWebKit/537.36 (KHTML, like Gecko) Chrome/134.0.0.0 Safari/537.36 Edg/134.0.0.0"
172.16.36.181 - - [02/Apr/2025:16:32:34 +0800] "GET /manager-page/api/snapshot.php?id=22&t=0.6363691355936241 HTTP/1.1" 200 381 "http://192.168.60.79/manager-page/home-2.php" "Mozilla/5.0 (Windows NT 10.0; Win64; x64) AppleWebKit/537.36 (KHTML, like Gecko) Chrome/134.0.0.0 Safari/537.36 Edg/134.0.0.0"
127.0.0.1 - - [02/Apr/2025:16:32:38 +0800] "POST /robot/et-7026-in.php HTTP/1.1" 200 - "-" "python-requests/2.32.2"
172.16.36.181 - - [02/Apr/2025:16:32:40 +0800] "GET /manager-page/api/snapshot.php?id=22&t=0.6559711850471306 HTTP/1.1" 200 381 "http://192.168.60.79/manager-page/home-2.php" "Mozilla/5.0 (Windows NT 10.0; Win64; x64) AppleWebKit/537.36 (KHTML, like Gecko) Chrome/134.0.0.0 Safari/537.36 Edg/134.0.0.0"
172.16.36.181 - - [02/Apr/2025:16:32:40 +0800] "GET /manager-page/api/snapshot.php?id=21&t=0.14242972152414812 HTTP/1.1" 200 46715 "http://192.168.60.79/manager-page/home-2.php" "Mozilla/5.0 (Windows NT 10.0; Win64; x64) AppleWebKit/537.36 (KHTML, like Gecko) Chrome/134.0.0.0 Safari/537.36 Edg/134.0.0.0"
172.16.36.181 - - [02/Apr/2025:16:32:45 +0800] "GET /manager-page/api/snapshot.php?id=22&t=0.8352543335947966 HTTP/1.1" 200 381 "http://192.168.60.79/manager-page/home-2.php" "Mozilla/5.0 (Windows NT 10.0; Win64; x64) AppleWebKit/537.36 (KHTML, like Gecko) Chrome/134.0.0.0 Safari/537.36 Edg/134.0.0.0"
172.16.36.181 - - [02/Apr/2025:16:32:45 +0800] "GET /manager-page/api/snapshot.php?id=21&t=0.36496160875982864 HTTP/1.1" 200 46753 "http://192.168.60.79/manager-page/home-2.php" "Mozilla/5.0 (Windows NT 10.0; Win64; x64) AppleWebKit/537.36 (KHTML, like Gecko) Chrome/134.0.0.0 Safari/537.36 Edg/134.0.0.0"
172.16.36.181 - - [02/Apr/2025:16:32:50 +0800] "GET /manager-page/api/snapshot.php?id=21&t=0.590559258859725 HTTP/1.1" 200 45485 "http://192.168.60.79/manager-page/home-2.php" "Mozilla/5.0 (Windows NT 10.0; Win64; x64) AppleWebKit/537.36 (KHTML, like Gecko) Chrome/134.0.0.0 Safari/537.36 Edg/134.0.0.0"
172.16.36.181 - - [02/Apr/2025:16:32:50 +0800] "GET /manager-page/api/snapshot.php?id=22&t=0.4153334091801455 HTTP/1.1" 200 381 "http://192.168.60.79/manager-page/home-2.php" "Mozilla/5.0 (Windows NT 10.0; Win64; x64) AppleWebKit/537.36 (KHTML, like Gecko) Chrome/134.0.0.0 Safari/537.36 Edg/134.0.0.0"
172.16.36.181 - - [02/Apr/2025:16:32:55 +0800] "GET /manager-page/api/snapshot.php?id=22&t=0.36895551145803385 HTTP/1.1" 200 381 "http://192.168.60.79/manager-page/home-2.php" "Mozilla/5.0 (Windows NT 10.0; Win64; x64) AppleWebKit/537.36 (KHTML, like Gecko) Chrome/134.0.0.0 Safari/537.36 Edg/134.0.0.0"
172.16.36.181 - - [02/Apr/2025:16:32:55 +0800] "GET /manager-page/api/snapshot.php?id=21&t=0.0764577309299388 HTTP/1.1" 200 46766 "http://192.168.60.79/manager-page/home-2.php" "Mozilla/5.0 (Windows NT 10.0; Win64; x64) AppleWebKit/537.36 (KHTML, like Gecko) Chrome/134.0.0.0 Safari/537.36 Edg/134.0.0.0"
111.70.30.252 - - [02/Apr/2025:16:32:57 +0800] "POST /robot/lora-in.php HTTP/1.1" 200 - "-" "python-requests/2.21.0"
127.0.0.1 - - [02/Apr/2025:16:33:00 +0800] "GET /robot/alarm-history-in.php HTTP/1.1" 200 - "-" "python-requests/2.28.1"
172.16.36.181 - - [02/Apr/2025:16:33:00 +0800] "GET /manager-page/api/snapshot.php?id=22&t=0.06518971454071298 HTTP/1.1" 200 381 "http://192.168.60.79/manager-page/home-2.php" "Mozilla/5.0 (Windows NT 10.0; Win64; x64) AppleWebKit/537.36 (KHTML, like Gecko) Chrome/134.0.0.0 Safari/537.36 Edg/134.0.0.0"
172.16.36.181 - - [02/Apr/2025:16:33:00 +0800] "GET /manager-page/api/snapshot.php?id=21&t=0.7314089494118334 HTTP/1.1" 200 46768 "http://192.168.60.79/manager-page/home-2.php" "Mozilla/5.0 (Windows NT 10.0; Win64; x64) AppleWebKit/537.36 (KHTML, like Gecko) Chrome/134.0.0.0 Safari/537.36 Edg/134.0.0.0"
172.16.36.181 - - [02/Apr/2025:16:33:05 +0800] "GET /manager-page/api/snapshot.php?id=21&t=0.683427694007291 HTTP/1.1" 200 46683 "http://192.168.60.79/manager-page/home-2.php" "Mozilla/5.0 (Windows NT 10.0; Win64; x64) AppleWebKit/537.36 (KHTML, like Gecko) Chrome/134.0.0.0 Safari/537.36 Edg/134.0.0.0"
172.16.36.181 - - [02/Apr/2025:16:33:05 +0800] "GET /manager-page/api/snapshot.php?id=22&t=0.67176784097318 HTTP/1.1" 200 381 "http://192.168.60.79/manager-page/home-2.php" "Mozilla/5.0 (Windows NT 10.0; Win64; x64) AppleWebKit/537.36 (KHTML, like Gecko) Chrome/134.0.0.0 Safari/537.36 Edg/134.0.0.0"
111.70.30.253 - - [02/Apr/2025:16:33:08 +0800] "POST /robot/lora-in.php HTTP/1.1" 200 - "-" "python-requests/2.21.0"
172.16.36.181 - - [02/Apr/2025:16:33:10 +0800] "GET /manager-page/api/snapshot.php?id=21&t=0.8399386191955582 HTTP/1.1" 200 46750 "http://192.168.60.79/manager-page/home-2.php" "Mozilla/5.0 (Windows NT 10.0; Win64; x64) AppleWebKit/537.36 (KHTML, like Gecko) Chrome/134.0.0.0 Safari/537.36 Edg/134.0.0.0"
172.16.36.181 - - [02/Apr/2025:16:33:10 +0800] "GET /manager-page/api/snapshot.php?id=22&t=0.6708857823429668 HTTP/1.1" 200 381 "http://192.168.60.79/manager-page/home-2.php" "Mozilla/5.0 (Windows NT 10.0; Win64; x64) AppleWebKit/537.36 (KHTML, like Gecko) Chrome/134.0.0.0 Safari/537.36 Edg/134.0.0.0"
172.16.36.181 - - [02/Apr/2025:16:33:15 +0800] "GET /manager-page/api/snapshot.php?id=21&t=0.76604184165344 HTTP/1.1" 200 46668 "http://192.168.60.79/manager-page/home-2.php" "Mozilla/5.0 (Windows NT 10.0; Win64; x64) AppleWebKit/537.36 (KHTML, like Gecko) Chrome/134.0.0.0 Safari/537.36 Edg/134.0.0.0"
172.16.36.181 - - [02/Apr/2025:16:33:15 +0800] "GET /manager-page/api/snapshot.php?id=22&t=0.7865716996467316 HTTP/1.1" 200 381 "http://192.168.60.79/manager-page/home-2.php" "Mozilla/5.0 (Windows NT 10.0; Win64; x64) AppleWebKit/537.36 (KHTML, like Gecko) Chrome/134.0.0.0 Safari/537.36 Edg/134.0.0.0"
172.16.36.181 - - [02/Apr/2025:16:33:20 +0800] "GET /manager-page/api/snapshot.php?id=21&t=0.45415275963897517 HTTP/1.1" 200 47445 "http://192.168.60.79/manager-page/home-2.php" "Mozilla/5.0 (Windows NT 10.0; Win64; x64) AppleWebKit/537.36 (KHTML, like Gecko) Chrome/134.0.0.0 Safari/537.36 Edg/134.0.0.0"
172.16.36.181 - - [02/Apr/2025:16:33:20 +0800] "GET /manager-page/api/snapshot.php?id=22&t=0.1986259891543809 HTTP/1.1" 200 381 "http://192.168.60.79/manager-page/home-2.php" "Mozilla/5.0 (Windows NT 10.0; Win64; x64) AppleWebKit/537.36 (KHTML, like Gecko) Chrome/134.0.0.0 Safari/537.36 Edg/134.0.0.0"
172.16.36.181 - - [02/Apr/2025:16:33:25 +0800] "GET /manager-page/api/snapshot.php?id=21&t=0.8284911599723837 HTTP/1.1" 200 46848 "http://192.168.60.79/manager-page/home-2.php" "Mozilla/5.0 (Windows NT 10.0; Win64; x64) AppleWebKit/537.36 (KHTML, like Gecko) Chrome/134.0.0.0 Safari/537.36 Edg/134.0.0.0"
172.16.36.181 - - [02/Apr/2025:16:33:25 +0800] "GET /manager-page/api/snapshot.php?id=22&t=0.3980302229390731 HTTP/1.1" 200 381 "http://192.168.60.79/manager-page/home-2.php" "Mozilla/5.0 (Windows NT 10.0; Win64; x64) AppleWebKit/537.36 (KHTML, like Gecko) Chrome/134.0.0.0 Safari/537.36 Edg/134.0.0.0"
172.16.36.181 - - [02/Apr/2025:16:33:30 +0800] "GET /manager-page/api/snapshot.php?id=22&t=0.6319137215246884 HTTP/1.1" 200 381 "http://192.168.60.79/manager-page/home-2.php" "Mozilla/5.0 (Windows NT 10.0; Win64; x64) AppleWebKit/537.36 (KHTML, like Gecko) Chrome/134.0.0.0 Safari/537.36 Edg/134.0.0.0"
172.16.36.181 - - [02/Apr/2025:16:33:30 +0800] "GET /manager-page/api/snapshot.php?id=21&t=0.7335808324735127 HTTP/1.1" 200 49584 "http://192.168.60.79/manager-page/home-2.php" "Mozilla/5.0 (Windows NT 10.0; Win64; x64) AppleWebKit/537.36 (KHTML, like Gecko) Chrome/134.0.0.0 Safari/537.36 Edg/134.0.0.0"
111.70.30.251 - - [02/Apr/2025:16:33:49 +0800] "POST /robot/lora-in.php HTTP/1.1" 200 - "-" "python-requests/2.21.0"
127.0.0.1 - - [02/Apr/2025:16:34:00 +0800] "GET /robot/alarm-history-in.php HTTP/1.1" 200 - "-" "python-requests/2.28.1"
172.16.36.181 - - [02/Apr/2025:16:34:28 +0800] "GET /manager-page/api/snapshot.php?id=21&t=0.8849737609330233 HTTP/1.1" 200 46593 "http://192.168.60.79/manager-page/home-2.php" "Mozilla/5.0 (Windows NT 10.0; Win64; x64) AppleWebKit/537.36 (KHTML, like Gecko) Chrome/134.0.0.0 Safari/537.36 Edg/134.0.0.0"
172.16.36.181 - - [02/Apr/2025:16:34:28 +0800] "GET /manager-page/api/snapshot.php?id=22&t=0.008861810457105879 HTTP/1.1" 200 381 "http://192.168.60.79/manager-page/home-2.php" "Mozilla/5.0 (Windows NT 10.0; Win64; x64) AppleWebKit/537.36 (KHTML, like Gecko) Chrome/134.0.0.0 Safari/537.36 Edg/134.0.0.0"
127.0.0.1 - - [02/Apr/2025:16:34:42 +0800] "POST /robot/et-7026-in.php HTTP/1.1" 200 - "-" "python-requests/2.32.2"
127.0.0.1 - - [02/Apr/2025:16:35:00 +0800] "GET /robot/alarm-history-in.php HTTP/1.1" 200 - "-" "python-requests/2.28.1"
172.16.36.181 - - [02/Apr/2025:16:35:28 +0800] "GET /manager-page/api/snapshot.php?id=22&t=0.8123700751671614 HTTP/1.1" 200 381 "http://192.168.60.79/manager-page/home-2.php" "Mozilla/5.0 (Windows NT 10.0; Win64; x64) AppleWebKit/537.36 (KHTML, like Gecko) Chrome/134.0.0.0 Safari/537.36 Edg/134.0.0.0"
172.16.36.181 - - [02/Apr/2025:16:35:28 +0800] "GET /manager-page/api/snapshot.php?id=21&t=0.8172620767454748 HTTP/1.1" 200 46690 "http://192.168.60.79/manager-page/home-2.php" "Mozilla/5.0 (Windows NT 10.0; Win64; x64) AppleWebKit/537.36 (KHTML, like Gecko) Chrome/134.0.0.0 Safari/537.36 Edg/134.0.0.0"
111.70.30.250 - - [02/Apr/2025:16:35:47 +0800] "POST /robot/lora-in.php HTTP/1.1" 200 - "-" "python-requests/2.21.0"
127.0.0.1 - - [02/Apr/2025:16:36:00 +0800] "GET /robot/alarm-history-in.php HTTP/1.1" 200 - "-" "python-requests/2.28.1"
172.16.36.181 - - [02/Apr/2025:16:36:28 +0800] "GET /manager-page/api/snapshot.php?id=22&t=0.215785789592978 HTTP/1.1" 200 381 "http://192.168.60.79/manager-page/home-2.php" "Mozilla/5.0 (Windows NT 10.0; Win64; x64) AppleWebKit/537.36 (KHTML, like Gecko) Chrome/134.0.0.0 Safari/537.36 Edg/134.0.0.0"
127.0.0.1 - - [02/Apr/2025:16:36:27 +0800] "POST /robot/lora-in.php HTTP/1.1" 200 - "-" "python-requests/2.31.0"
172.16.36.181 - - [02/Apr/2025:16:36:28 +0800] "GET /manager-page/api/snapshot.php?id=21&t=0.6184968355131135 HTTP/1.1" 200 46655 "http://192.168.60.79/manager-page/home-2.php" "Mozilla/5.0 (Windows NT 10.0; Win64; x64) AppleWebKit/537.36 (KHTML, like Gecko) Chrome/134.0.0.0 Safari/537.36 Edg/134.0.0.0"
127.0.0.1 - - [02/Apr/2025:16:36:37 +0800] "POST /robot/lora-in.php HTTP/1.1" 200 - "-" "python-requests/2.31.0"
111.70.30.251 - - [02/Apr/2025:16:36:41 +0800] "POST /robot/lora-in.php HTTP/1.1" 200 - "-" "python-requests/2.21.0"
127.0.0.1 - - [02/Apr/2025:16:36:49 +0800] "POST /robot/lora-in.php HTTP/1.1" 200 - "-" "python-requests/2.31.0"
127.0.0.1 - - [02/Apr/2025:16:36:52 +0800] "POST /robot/lora-in.php HTTP/1.1" 200 - "-" "python-requests/2.31.0"
127.0.0.1 - - [02/Apr/2025:16:37:00 +0800] "GET /robot/alarm-history-in.php HTTP/1.1" 200 - "-" "python-requests/2.28.1"
127.0.0.1 - - [02/Apr/2025:16:37:01 +0800] "POST /robot/lora-in.php HTTP/1.1" 200 - "-" "python-requests/2.31.0"
127.0.0.1 - - [02/Apr/2025:16:37:09 +0800] "POST /robot/lora-in.php HTTP/1.1" 200 - "-" "python-requests/2.31.0"
127.0.0.1 - - [02/Apr/2025:16:37:14 +0800] "POST /robot/lora-in.php HTTP/1.1" 200 - "-" "python-requests/2.31.0"
172.16.36.181 - - [02/Apr/2025:16:37:28 +0800] "GET /manager-page/api/snapshot.php?id=21&t=0.8888550153426982 HTTP/1.1" 200 46733 "http://192.168.60.79/manager-page/home-2.php" "Mozilla/5.0 (Windows NT 10.0; Win64; x64) AppleWebKit/537.36 (KHTML, like Gecko) Chrome/134.0.0.0 Safari/537.36 Edg/134.0.0.0"
172.16.36.181 - - [02/Apr/2025:16:37:28 +0800] "GET /manager-page/api/snapshot.php?id=22&t=0.6864638901566791 HTTP/1.1" 200 381 "http://192.168.60.79/manager-page/home-2.php" "Mozilla/5.0 (Windows NT 10.0; Win64; x64) AppleWebKit/537.36 (KHTML, like Gecko) Chrome/134.0.0.0 Safari/537.36 Edg/134.0.0.0"
111.70.30.251 - - [02/Apr/2025:16:37:48 +0800] "POST /robot/lora-in.php HTTP/1.1" 200 - "-" "python-requests/2.21.0"
127.0.0.1 - - [02/Apr/2025:16:38:00 +0800] "GET /robot/alarm-history-in.php HTTP/1.1" 200 - "-" "python-requests/2.28.1"
172.16.36.181 - - [02/Apr/2025:16:38:28 +0800] "GET /manager-page/api/snapshot.php?id=21&t=0.46976854859347994 HTTP/1.1" 200 46742 "http://192.168.60.79/manager-page/home-2.php" "Mozilla/5.0 (Windows NT 10.0; Win64; x64) AppleWebKit/537.36 (KHTML, like Gecko) Chrome/134.0.0.0 Safari/537.36 Edg/134.0.0.0"
