127.0.0.1 - - [23/Oct/2025:08:00:00 +0800] "GET /robot/alarm-history-in.php HTTP/1.1" 200 - "-" "python-requests/2.28.1"
127.0.0.1 - - [23/Oct/2025:08:00:00 +0800] "GET /manager-page/daily/send.php HTTP/1.1" 200 - "-" "python-requests/2.28.1"
127.0.0.1 - - [23/Oct/2025:08:00:00 +0800] "GET /manager-page/daily/send2.php HTTP/1.1" 200 - "-" "python-requests/2.28.1"
127.0.0.1 - - [23/Oct/2025:08:01:00 +0800] "GET /robot/alarm-history-in.php HTTP/1.1" 200 - "-" "python-requests/2.28.1"
111.70.30.251 - - [23/Oct/2025:08:01:24 +0800] "POST /robot/lora-in.php HTTP/1.1" 200 - "-" "python-requests/2.21.0"
172.16.36.181 - - [23/Oct/2025:08:01:36 +0800] "GET /manager-page/home-3.php HTTP/1.1" 302 - "-" "Mozilla/5.0 (Windows NT 10.0; Win64; x64) AppleWebKit/537.36 (KHTML, like Gecko) Chrome/141.0.0.0 Safari/537.36 Edg/141.0.0.0"
172.16.36.181 - - [23/Oct/2025:08:01:36 +0800] "GET /manager-page/login.php HTTP/1.1" 200 2365 "-" "Mozilla/5.0 (Windows NT 10.0; Win64; x64) AppleWebKit/537.36 (KHTML, like Gecko) Chrome/141.0.0.0 Safari/537.36 Edg/141.0.0.0"
172.16.36.181 - - [23/Oct/2025:08:01:36 +0800] "GET /favicon.ico HTTP/1.1" 404 196 "http://192.168.60.79/manager-page/login.php" "Mozilla/5.0 (Windows NT 10.0; Win64; x64) AppleWebKit/537.36 (KHTML, like Gecko) Chrome/141.0.0.0 Safari/537.36 Edg/141.0.0.0"
172.16.36.181 - - [23/Oct/2025:08:01:46 +0800] "POST /manager-page/login.php HTTP/1.1" 302 - "http://192.168.60.79/manager-page/login.php" "Mozilla/5.0 (Windows NT 10.0; Win64; x64) AppleWebKit/537.36 (KHTML, like Gecko) Chrome/141.0.0.0 Safari/537.36 Edg/141.0.0.0"
172.16.36.181 - - [23/Oct/2025:08:01:46 +0800] "GET /manager-page/home.php HTTP/1.1" 302 - "http://192.168.60.79/manager-page/login.php" "Mozilla/5.0 (Windows NT 10.0; Win64; x64) AppleWebKit/537.36 (KHTML, like Gecko) Chrome/141.0.0.0 Safari/537.36 Edg/141.0.0.0"
172.16.36.181 - - [23/Oct/2025:08:01:47 +0800] "GET /manager-page/alarm/1-1.jpg?t=2099174544 HTTP/1.1" 200 322868 "http://192.168.60.79/manager-page/home-1.php" "Mozilla/5.0 (Windows NT 10.0; Win64; x64) AppleWebKit/537.36 (KHTML, like Gecko) Chrome/141.0.0.0 Safari/537.36 Edg/141.0.0.0"
172.16.36.181 - - [23/Oct/2025:08:01:47 +0800] "GET /manager-page/alarm/1-2.jpg?t=2028008433 HTTP/1.1" 200 495492 "http://192.168.60.79/manager-page/home-1.php" "Mozilla/5.0 (Windows NT 10.0; Win64; x64) AppleWebKit/537.36 (KHTML, like Gecko) Chrome/141.0.0.0 Safari/537.36 Edg/141.0.0.0"
172.16.36.181 - - [23/Oct/2025:08:01:46 +0800] "GET /manager-page/home-1.php HTTP/1.1" 200 27470 "http://192.168.60.79/manager-page/login.php" "Mozilla/5.0 (Windows NT 10.0; Win64; x64) AppleWebKit/537.36 (KHTML, like Gecko) Chrome/141.0.0.0 Safari/537.36 Edg/141.0.0.0"
172.16.36.181 - - [23/Oct/2025:08:01:47 +0800] "GET /manager-page/api/snapshot.php?id=12 HTTP/1.1" 200 42339 "http://192.168.60.79/manager-page/home-1.php" "Mozilla/5.0 (Windows NT 10.0; Win64; x64) AppleWebKit/537.36 (KHTML, like Gecko) Chrome/141.0.0.0 Safari/537.36 Edg/141.0.0.0"
172.16.36.181 - - [23/Oct/2025:08:01:47 +0800] "GET /manager-page/api/snapshot.php?id=11 HTTP/1.1" 200 34036 "http://192.168.60.79/manager-page/home-1.php" "Mozilla/5.0 (Windows NT 10.0; Win64; x64) AppleWebKit/537.36 (KHTML, like Gecko) Chrome/141.0.0.0 Safari/537.36 Edg/141.0.0.0"
172.16.36.181 - - [23/Oct/2025:08:01:50 +0800] "GET /manager-page/api/cms-status1.php HTTP/1.1" 200 12 "http://192.168.60.79/manager-page/home-1.php" "Mozilla/5.0 (Windows NT 10.0; Win64; x64) AppleWebKit/537.36 (KHTML, like Gecko) Chrome/141.0.0.0 Safari/537.36 Edg/141.0.0.0"
172.16.36.181 - - [23/Oct/2025:08:01:50 +0800] "GET /manager-page/api/lp-status1.php HTTP/1.1" 200 1 "http://192.168.60.79/manager-page/home-1.php" "Mozilla/5.0 (Windows NT 10.0; Win64; x64) AppleWebKit/537.36 (KHTML, like Gecko) Chrome/141.0.0.0 Safari/537.36 Edg/141.0.0.0"
172.16.36.181 - - [23/Oct/2025:08:01:55 +0800] "GET /manager-page/api/snapshot.php?id=12&t=0.004954658861172079 HTTP/1.1" 200 41411 "http://192.168.60.79/manager-page/home-1.php" "Mozilla/5.0 (Windows NT 10.0; Win64; x64) AppleWebKit/537.36 (KHTML, like Gecko) Chrome/141.0.0.0 Safari/537.36 Edg/141.0.0.0"
172.16.36.181 - - [23/Oct/2025:08:01:55 +0800] "GET /manager-page/api/snapshot.php?id=11&t=0.7001093518925248 HTTP/1.1" 200 33831 "http://192.168.60.79/manager-page/home-1.php" "Mozilla/5.0 (Windows NT 10.0; Win64; x64) AppleWebKit/537.36 (KHTML, like Gecko) Chrome/141.0.0.0 Safari/537.36 Edg/141.0.0.0"
111.70.30.253 - - [23/Oct/2025:08:01:56 +0800] "POST /robot/lora-in.php HTTP/1.1" 200 - "-" "python-requests/2.21.0"
127.0.0.1 - - [23/Oct/2025:08:02:00 +0800] "GET /robot/alarm-history-in.php HTTP/1.1" 200 - "-" "python-requests/2.28.1"
172.16.36.181 - - [23/Oct/2025:08:02:01 +0800] "GET /manager-page/api/snapshot.php?id=12&t=0.1764152964134157 HTTP/1.1" 200 41715 "http://192.168.60.79/manager-page/home-1.php" "Mozilla/5.0 (Windows NT 10.0; Win64; x64) AppleWebKit/537.36 (KHTML, like Gecko) Chrome/141.0.0.0 Safari/537.36 Edg/141.0.0.0"
172.16.36.181 - - [23/Oct/2025:08:02:01 +0800] "GET /manager-page/api/snapshot.php?id=11&t=0.906787914394849 HTTP/1.1" 200 33915 "http://192.168.60.79/manager-page/home-1.php" "Mozilla/5.0 (Windows NT 10.0; Win64; x64) AppleWebKit/537.36 (KHTML, like Gecko) Chrome/141.0.0.0 Safari/537.36 Edg/141.0.0.0"
172.16.36.181 - - [23/Oct/2025:08:02:06 +0800] "GET /manager-page/api/snapshot.php?id=11&t=0.4608277906415936 HTTP/1.1" 200 33776 "http://192.168.60.79/manager-page/home-1.php" "Mozilla/5.0 (Windows NT 10.0; Win64; x64) AppleWebKit/537.36 (KHTML, like Gecko) Chrome/141.0.0.0 Safari/537.36 Edg/141.0.0.0"
172.16.36.181 - - [23/Oct/2025:08:02:06 +0800] "GET /manager-page/api/snapshot.php?id=12&t=0.4583928797079776 HTTP/1.1" 200 41685 "http://192.168.60.79/manager-page/home-1.php" "Mozilla/5.0 (Windows NT 10.0; Win64; x64) AppleWebKit/537.36 (KHTML, like Gecko) Chrome/141.0.0.0 Safari/537.36 Edg/141.0.0.0"
172.16.36.181 - - [23/Oct/2025:08:02:11 +0800] "GET /manager-page/api/snapshot.php?id=11&t=0.6247708347237355 HTTP/1.1" 200 33722 "http://192.168.60.79/manager-page/home-1.php" "Mozilla/5.0 (Windows NT 10.0; Win64; x64) AppleWebKit/537.36 (KHTML, like Gecko) Chrome/141.0.0.0 Safari/537.36 Edg/141.0.0.0"
172.16.36.181 - - [23/Oct/2025:08:02:11 +0800] "GET /manager-page/api/snapshot.php?id=12&t=0.780581614696532 HTTP/1.1" 200 41891 "http://192.168.60.79/manager-page/home-1.php" "Mozilla/5.0 (Windows NT 10.0; Win64; x64) AppleWebKit/537.36 (KHTML, like Gecko) Chrome/141.0.0.0 Safari/537.36 Edg/141.0.0.0"
172.16.36.181 - - [23/Oct/2025:08:02:16 +0800] "GET /manager-page/api/snapshot.php?id=12&t=0.6562608818886588 HTTP/1.1" 200 41891 "http://192.168.60.79/manager-page/home-1.php" "Mozilla/5.0 (Windows NT 10.0; Win64; x64) AppleWebKit/537.36 (KHTML, like Gecko) Chrome/141.0.0.0 Safari/537.36 Edg/141.0.0.0"
172.16.36.181 - - [23/Oct/2025:08:02:16 +0800] "GET /manager-page/api/snapshot.php?id=11&t=0.15419739455250947 HTTP/1.1" 200 33751 "http://192.168.60.79/manager-page/home-1.php" "Mozilla/5.0 (Windows NT 10.0; Win64; x64) AppleWebKit/537.36 (KHTML, like Gecko) Chrome/141.0.0.0 Safari/537.36 Edg/141.0.0.0"
172.16.36.181 - - [23/Oct/2025:08:02:21 +0800] "GET /manager-page/api/snapshot.php?id=11&t=0.8432456667787369 HTTP/1.1" 200 33745 "http://192.168.60.79/manager-page/home-1.php" "Mozilla/5.0 (Windows NT 10.0; Win64; x64) AppleWebKit/537.36 (KHTML, like Gecko) Chrome/141.0.0.0 Safari/537.36 Edg/141.0.0.0"
172.16.36.181 - - [23/Oct/2025:08:02:21 +0800] "GET /manager-page/api/snapshot.php?id=12&t=0.3878429069151803 HTTP/1.1" 200 41779 "http://192.168.60.79/manager-page/home-1.php" "Mozilla/5.0 (Windows NT 10.0; Win64; x64) AppleWebKit/537.36 (KHTML, like Gecko) Chrome/141.0.0.0 Safari/537.36 Edg/141.0.0.0"
172.16.36.181 - - [23/Oct/2025:08:02:26 +0800] "GET /manager-page/api/snapshot.php?id=12&t=0.40376534938515574 HTTP/1.1" 200 41631 "http://192.168.60.79/manager-page/home-1.php" "Mozilla/5.0 (Windows NT 10.0; Win64; x64) AppleWebKit/537.36 (KHTML, like Gecko) Chrome/141.0.0.0 Safari/537.36 Edg/141.0.0.0"
172.16.36.181 - - [23/Oct/2025:08:02:26 +0800] "GET /manager-page/api/snapshot.php?id=11&t=0.22454316072376734 HTTP/1.1" 200 33764 "http://192.168.60.79/manager-page/home-1.php" "Mozilla/5.0 (Windows NT 10.0; Win64; x64) AppleWebKit/537.36 (KHTML, like Gecko) Chrome/141.0.0.0 Safari/537.36 Edg/141.0.0.0"
172.16.36.181 - - [23/Oct/2025:08:02:31 +0800] "GET /manager-page/api/snapshot.php?id=12&t=0.38340264474928776 HTTP/1.1" 200 42044 "http://192.168.60.79/manager-page/home-1.php" "Mozilla/5.0 (Windows NT 10.0; Win64; x64) AppleWebKit/537.36 (KHTML, like Gecko) Chrome/141.0.0.0 Safari/537.36 Edg/141.0.0.0"
172.16.36.181 - - [23/Oct/2025:08:02:31 +0800] "GET /manager-page/api/snapshot.php?id=11&t=0.4815900500103689 HTTP/1.1" 200 35147 "http://192.168.60.79/manager-page/home-1.php" "Mozilla/5.0 (Windows NT 10.0; Win64; x64) AppleWebKit/537.36 (KHTML, like Gecko) Chrome/141.0.0.0 Safari/537.36 Edg/141.0.0.0"
172.16.36.181 - - [23/Oct/2025:08:02:36 +0800] "GET /manager-page/api/snapshot.php?id=12&t=0.18408236658022703 HTTP/1.1" 200 41889 "http://192.168.60.79/manager-page/home-1.php" "Mozilla/5.0 (Windows NT 10.0; Win64; x64) AppleWebKit/537.36 (KHTML, like Gecko) Chrome/141.0.0.0 Safari/537.36 Edg/141.0.0.0"
172.16.36.181 - - [23/Oct/2025:08:02:36 +0800] "GET /manager-page/api/snapshot.php?id=11&t=0.6136996170766271 HTTP/1.1" 200 33670 "http://192.168.60.79/manager-page/home-1.php" "Mozilla/5.0 (Windows NT 10.0; Win64; x64) AppleWebKit/537.36 (KHTML, like Gecko) Chrome/141.0.0.0 Safari/537.36 Edg/141.0.0.0"
172.16.36.181 - - [23/Oct/2025:08:02:41 +0800] "GET /manager-page/api/snapshot.php?id=12&t=0.16779847284735083 HTTP/1.1" 200 41762 "http://192.168.60.79/manager-page/home-1.php" "Mozilla/5.0 (Windows NT 10.0; Win64; x64) AppleWebKit/537.36 (KHTML, like Gecko) Chrome/141.0.0.0 Safari/537.36 Edg/141.0.0.0"
172.16.36.181 - - [23/Oct/2025:08:02:41 +0800] "GET /manager-page/api/snapshot.php?id=11&t=0.598843713972925 HTTP/1.1" 200 33614 "http://192.168.60.79/manager-page/home-1.php" "Mozilla/5.0 (Windows NT 10.0; Win64; x64) AppleWebKit/537.36 (KHTML, like Gecko) Chrome/141.0.0.0 Safari/537.36 Edg/141.0.0.0"
172.16.36.181 - - [23/Oct/2025:08:02:46 +0800] "GET /manager-page/api/snapshot.php?id=11&t=0.7451223197732206 HTTP/1.1" 200 33611 "http://192.168.60.79/manager-page/home-1.php" "Mozilla/5.0 (Windows NT 10.0; Win64; x64) AppleWebKit/537.36 (KHTML, like Gecko) Chrome/141.0.0.0 Safari/537.36 Edg/141.0.0.0"
172.16.36.181 - - [23/Oct/2025:08:02:46 +0800] "GET /manager-page/api/snapshot.php?id=12&t=0.008076976121843549 HTTP/1.1" 200 41755 "http://192.168.60.79/manager-page/home-1.php" "Mozilla/5.0 (Windows NT 10.0; Win64; x64) AppleWebKit/537.36 (KHTML, like Gecko) Chrome/141.0.0.0 Safari/537.36 Edg/141.0.0.0"
172.16.36.181 - - [23/Oct/2025:08:02:51 +0800] "GET /manager-page/api/snapshot.php?id=12&t=0.12259587780362291 HTTP/1.1" 200 41803 "http://192.168.60.79/manager-page/home-1.php" "Mozilla/5.0 (Windows NT 10.0; Win64; x64) AppleWebKit/537.36 (KHTML, like Gecko) Chrome/141.0.0.0 Safari/537.36 Edg/141.0.0.0"
172.16.36.181 - - [23/Oct/2025:08:02:51 +0800] "GET /manager-page/api/snapshot.php?id=11&t=0.8733895287280802 HTTP/1.1" 200 33520 "http://192.168.60.79/manager-page/home-1.php" "Mozilla/5.0 (Windows NT 10.0; Win64; x64) AppleWebKit/537.36 (KHTML, like Gecko) Chrome/141.0.0.0 Safari/537.36 Edg/141.0.0.0"
172.16.36.181 - - [23/Oct/2025:08:02:56 +0800] "GET /manager-page/api/snapshot.php?id=11&t=0.0764496118760476 HTTP/1.1" 200 33501 "http://192.168.60.79/manager-page/home-1.php" "Mozilla/5.0 (Windows NT 10.0; Win64; x64) AppleWebKit/537.36 (KHTML, like Gecko) Chrome/141.0.0.0 Safari/537.36 Edg/141.0.0.0"
172.16.36.181 - - [23/Oct/2025:08:02:56 +0800] "GET /manager-page/api/snapshot.php?id=12&t=0.878497948909125 HTTP/1.1" 200 41777 "http://192.168.60.79/manager-page/home-1.php" "Mozilla/5.0 (Windows NT 10.0; Win64; x64) AppleWebKit/537.36 (KHTML, like Gecko) Chrome/141.0.0.0 Safari/537.36 Edg/141.0.0.0"
127.0.0.1 - - [23/Oct/2025:08:03:00 +0800] "GET /robot/alarm-history-in.php HTTP/1.1" 200 - "-" "python-requests/2.28.1"
172.16.36.181 - - [23/Oct/2025:08:03:27 +0800] "GET /manager-page/api/snapshot.php?id=12&t=0.07316517888375595 HTTP/1.1" 200 41758 "http://192.168.60.79/manager-page/home-1.php" "Mozilla/5.0 (Windows NT 10.0; Win64; x64) AppleWebKit/537.36 (KHTML, like Gecko) Chrome/141.0.0.0 Safari/537.36 Edg/141.0.0.0"
172.16.36.181 - - [23/Oct/2025:08:03:27 +0800] "GET /manager-page/api/snapshot.php?id=11&t=0.9496803285605323 HTTP/1.1" 200 33073 "http://192.168.60.79/manager-page/home-1.php" "Mozilla/5.0 (Windows NT 10.0; Win64; x64) AppleWebKit/537.36 (KHTML, like Gecko) Chrome/141.0.0.0 Safari/537.36 Edg/141.0.0.0"
111.70.30.252 - - [23/Oct/2025:08:03:55 +0800] "POST /robot/lora-in.php HTTP/1.1" 200 - "-" "python-requests/2.21.0"
127.0.0.1 - - [23/Oct/2025:08:04:00 +0800] "GET /robot/alarm-history-in.php HTTP/1.1" 200 - "-" "python-requests/2.28.1"
172.16.36.181 - - [23/Oct/2025:08:04:27 +0800] "GET /manager-page/api/snapshot.php?id=11&t=0.6686606754257998 HTTP/1.1" 200 32745 "http://192.168.60.79/manager-page/home-1.php" "Mozilla/5.0 (Windows NT 10.0; Win64; x64) AppleWebKit/537.36 (KHTML, like Gecko) Chrome/141.0.0.0 Safari/537.36 Edg/141.0.0.0"
172.16.36.181 - - [23/Oct/2025:08:04:27 +0800] "GET /manager-page/api/snapshot.php?id=12&t=0.9481445901008874 HTTP/1.1" 200 41555 "http://192.168.60.79/manager-page/home-1.php" "Mozilla/5.0 (Windows NT 10.0; Win64; x64) AppleWebKit/537.36 (KHTML, like Gecko) Chrome/141.0.0.0 Safari/537.36 Edg/141.0.0.0"
127.0.0.1 - - [23/Oct/2025:08:05:00 +0800] "GET /robot/alarm-history-in.php HTTP/1.1" 200 - "-" "python-requests/2.28.1"
172.16.36.181 - - [23/Oct/2025:08:05:27 +0800] "GET /manager-page/api/snapshot.php?id=12&t=0.634383108706856 HTTP/1.1" 200 41585 "http://192.168.60.79/manager-page/home-1.php" "Mozilla/5.0 (Windows NT 10.0; Win64; x64) AppleWebKit/537.36 (KHTML, like Gecko) Chrome/141.0.0.0 Safari/537.36 Edg/141.0.0.0"
172.16.36.181 - - [23/Oct/2025:08:05:27 +0800] "GET /manager-page/api/snapshot.php?id=11&t=0.4076665871693349 HTTP/1.1" 200 32893 "http://192.168.60.79/manager-page/home-1.php" "Mozilla/5.0 (Windows NT 10.0; Win64; x64) AppleWebKit/537.36 (KHTML, like Gecko) Chrome/141.0.0.0 Safari/537.36 Edg/141.0.0.0"
127.0.0.1 - - [23/Oct/2025:08:06:00 +0800] "GET /robot/alarm-history-in.php HTTP/1.1" 200 - "-" "python-requests/2.28.1"
111.70.30.250 - - [23/Oct/2025:08:06:17 +0800] "POST /robot/lora-in.php HTTP/1.1" 200 - "-" "python-requests/2.21.0"
127.0.0.1 - - [23/Oct/2025:08:06:22 +0800] "POST /robot/et-7026-in.php HTTP/1.1" 200 - "-" "python-requests/2.32.2"
172.16.36.181 - - [23/Oct/2025:08:06:27 +0800] "GET /manager-page/api/snapshot.php?id=11&t=0.9044131253572479 HTTP/1.1" 200 32034 "http://192.168.60.79/manager-page/home-1.php" "Mozilla/5.0 (Windows NT 10.0; Win64; x64) AppleWebKit/537.36 (KHTML, like Gecko) Chrome/141.0.0.0 Safari/537.36 Edg/141.0.0.0"
172.16.36.181 - - [23/Oct/2025:08:06:27 +0800] "GET /manager-page/api/snapshot.php?id=12&t=0.9974168216429545 HTTP/1.1" 200 41964 "http://192.168.60.79/manager-page/home-1.php" "Mozilla/5.0 (Windows NT 10.0; Win64; x64) AppleWebKit/537.36 (KHTML, like Gecko) Chrome/141.0.0.0 Safari/537.36 Edg/141.0.0.0"
127.0.0.1 - - [23/Oct/2025:08:07:00 +0800] "GET /robot/alarm-history-in.php HTTP/1.1" 200 - "-" "python-requests/2.28.1"
172.16.36.181 - - [23/Oct/2025:08:07:27 +0800] "GET /manager-page/api/snapshot.php?id=11&t=0.6734282619816843 HTTP/1.1" 200 32067 "http://192.168.60.79/manager-page/home-1.php" "Mozilla/5.0 (Windows NT 10.0; Win64; x64) AppleWebKit/537.36 (KHTML, like Gecko) Chrome/141.0.0.0 Safari/537.36 Edg/141.0.0.0"
172.16.36.181 - - [23/Oct/2025:08:07:27 +0800] "GET /manager-page/api/snapshot.php?id=12&t=0.15371030029718658 HTTP/1.1" 200 42237 "http://192.168.60.79/manager-page/home-1.php" "Mozilla/5.0 (Windows NT 10.0; Win64; x64) AppleWebKit/537.36 (KHTML, like Gecko) Chrome/141.0.0.0 Safari/537.36 Edg/141.0.0.0"
127.0.0.1 - - [23/Oct/2025:08:07:46 +0800] "POST /robot/et-7026-in.php HTTP/1.1" 200 - "-" "python-requests/2.32.2"
127.0.0.1 - - [23/Oct/2025:08:08:00 +0800] "GET /robot/alarm-history-in.php HTTP/1.1" 200 - "-" "python-requests/2.28.1"
127.0.0.1 - - [23/Oct/2025:08:08:23 +0800] "POST /robot/et-7026-in.php HTTP/1.1" 200 - "-" "python-requests/2.32.2"
172.16.36.181 - - [23/Oct/2025:08:08:27 +0800] "GET /manager-page/api/snapshot.php?id=12&t=0.6704314370030974 HTTP/1.1" 200 42987 "http://192.168.60.79/manager-page/home-1.php" "Mozilla/5.0 (Windows NT 10.0; Win64; x64) AppleWebKit/537.36 (KHTML, like Gecko) Chrome/141.0.0.0 Safari/537.36 Edg/141.0.0.0"
172.16.36.181 - - [23/Oct/2025:08:08:27 +0800] "GET /manager-page/api/snapshot.php?id=11&t=0.0348091739383638 HTTP/1.1" 200 32407 "http://192.168.60.79/manager-page/home-1.php" "Mozilla/5.0 (Windows NT 10.0; Win64; x64) AppleWebKit/537.36 (KHTML, like Gecko) Chrome/141.0.0.0 Safari/537.36 Edg/141.0.0.0"
127.0.0.1 - - [23/Oct/2025:08:08:30 +0800] "POST /robot/et-7026-in.php HTTP/1.1" 200 - "-" "python-requests/2.32.2"
127.0.0.1 - - [23/Oct/2025:08:08:54 +0800] "GET /get-setting.json HTTP/1.1" 200 2314 "-" "python-requests/2.31.0"
127.0.0.1 - - [23/Oct/2025:08:09:00 +0800] "GET /robot/alarm-history-in.php HTTP/1.1" 200 - "-" "python-requests/2.28.1"
127.0.0.1 - - [23/Oct/2025:08:09:03 +0800] "POST /robot/lora-in.php HTTP/1.1" 200 - "-" "python-requests/2.31.0"
127.0.0.1 - - [23/Oct/2025:08:09:08 +0800] "POST /robot/lora-in.php HTTP/1.1" 200 - "-" "python-requests/2.31.0"
127.0.0.1 - - [23/Oct/2025:08:09:12 +0800] "POST /robot/lora-in.php HTTP/1.1" 200 - "-" "python-requests/2.31.0"
127.0.0.1 - - [23/Oct/2025:08:09:19 +0800] "POST /robot/lora-in.php HTTP/1.1" 200 - "-" "python-requests/2.31.0"
127.0.0.1 - - [23/Oct/2025:08:09:21 +0800] "POST /robot/lora-in.php HTTP/1.1" 200 - "-" "python-requests/2.31.0"
172.16.36.181 - - [23/Oct/2025:08:09:27 +0800] "GET /manager-page/api/snapshot.php?id=12&t=0.6171723865858266 HTTP/1.1" 200 43008 "http://192.168.60.79/manager-page/home-1.php" "Mozilla/5.0 (Windows NT 10.0; Win64; x64) AppleWebKit/537.36 (KHTML, like Gecko) Chrome/141.0.0.0 Safari/537.36 Edg/141.0.0.0"
172.16.36.181 - - [23/Oct/2025:08:09:27 +0800] "GET /manager-page/api/snapshot.php?id=11&t=0.05637391524022095 HTTP/1.1" 200 31689 "http://192.168.60.79/manager-page/home-1.php" "Mozilla/5.0 (Windows NT 10.0; Win64; x64) AppleWebKit/537.36 (KHTML, like Gecko) Chrome/141.0.0.0 Safari/537.36 Edg/141.0.0.0"
127.0.0.1 - - [23/Oct/2025:08:09:31 +0800] "POST /robot/lora-in.php HTTP/1.1" 200 - "-" "python-requests/2.31.0"
127.0.0.1 - - [23/Oct/2025:08:09:40 +0800] "POST /robot/lora-in.php HTTP/1.1" 200 - "-" "python-requests/2.31.0"
127.0.0.1 - - [23/Oct/2025:08:10:00 +0800] "GET /robot/alarm-history-in.php HTTP/1.1" 200 - "-" "python-requests/2.28.1"
111.70.30.251 - - [23/Oct/2025:08:10:00 +0800] "POST /robot/lora-in.php HTTP/1.1" 200 - "-" "python-requests/2.21.0"
172.16.36.181 - - [23/Oct/2025:08:10:27 +0800] "GET /manager-page/api/snapshot.php?id=11&t=0.43121910000184893 HTTP/1.1" 200 31703 "http://192.168.60.79/manager-page/home-1.php" "Mozilla/5.0 (Windows NT 10.0; Win64; x64) AppleWebKit/537.36 (KHTML, like Gecko) Chrome/141.0.0.0 Safari/537.36 Edg/141.0.0.0"
172.16.36.181 - - [23/Oct/2025:08:10:27 +0800] "GET /manager-page/api/snapshot.php?id=12&t=0.43266828234571186 HTTP/1.1" 200 42892 "http://192.168.60.79/manager-page/home-1.php" "Mozilla/5.0 (Windows NT 10.0; Win64; x64) AppleWebKit/537.36 (KHTML, like Gecko) Chrome/141.0.0.0 Safari/537.36 Edg/141.0.0.0"
111.70.30.253 - - [23/Oct/2025:08:10:42 +0800] "POST /robot/lora-in.php HTTP/1.1" 200 - "-" "python-requests/2.21.0"
127.0.0.1 - - [23/Oct/2025:08:11:00 +0800] "GET /robot/alarm-history-in.php HTTP/1.1" 200 - "-" "python-requests/2.28.1"
172.16.36.181 - - [23/Oct/2025:08:11:27 +0800] "GET /manager-page/api/snapshot.php?id=11&t=0.836031179236934 HTTP/1.1" 200 31757 "http://192.168.60.79/manager-page/home-1.php" "Mozilla/5.0 (Windows NT 10.0; Win64; x64) AppleWebKit/537.36 (KHTML, like Gecko) Chrome/141.0.0.0 Safari/537.36 Edg/141.0.0.0"
172.16.36.181 - - [23/Oct/2025:08:11:27 +0800] "GET /manager-page/api/snapshot.php?id=12&t=0.8746306184383176 HTTP/1.1" 200 42541 "http://192.168.60.79/manager-page/home-1.php" "Mozilla/5.0 (Windows NT 10.0; Win64; x64) AppleWebKit/537.36 (KHTML, like Gecko) Chrome/141.0.0.0 Safari/537.36 Edg/141.0.0.0"
127.0.0.1 - - [23/Oct/2025:08:12:00 +0800] "GET /robot/alarm-history-in.php HTTP/1.1" 200 - "-" "python-requests/2.28.1"
172.16.36.181 - - [23/Oct/2025:08:12:27 +0800] "GET /manager-page/api/snapshot.php?id=11&t=0.38794641694694176 HTTP/1.1" 200 31618 "http://192.168.60.79/manager-page/home-1.php" "Mozilla/5.0 (Windows NT 10.0; Win64; x64) AppleWebKit/537.36 (KHTML, like Gecko) Chrome/141.0.0.0 Safari/537.36 Edg/141.0.0.0"
172.16.36.181 - - [23/Oct/2025:08:12:27 +0800] "GET /manager-page/api/snapshot.php?id=12&t=0.38422857174587854 HTTP/1.1" 200 42647 "http://192.168.60.79/manager-page/home-1.php" "Mozilla/5.0 (Windows NT 10.0; Win64; x64) AppleWebKit/537.36 (KHTML, like Gecko) Chrome/141.0.0.0 Safari/537.36 Edg/141.0.0.0"
127.0.0.1 - - [23/Oct/2025:08:13:00 +0800] "GET /robot/alarm-history-in.php HTTP/1.1" 200 - "-" "python-requests/2.28.1"
111.70.30.252 - - [23/Oct/2025:08:13:07 +0800] "POST /robot/lora-in.php HTTP/1.1" 200 - "-" "python-requests/2.21.0"
172.16.36.181 - - [23/Oct/2025:08:13:27 +0800] "GET /manager-page/api/snapshot.php?id=12&t=0.2685231578150874 HTTP/1.1" 200 42312 "http://192.168.60.79/manager-page/home-1.php" "Mozilla/5.0 (Windows NT 10.0; Win64; x64) AppleWebKit/537.36 (KHTML, like Gecko) Chrome/141.0.0.0 Safari/537.36 Edg/141.0.0.0"
172.16.36.181 - - [23/Oct/2025:08:13:27 +0800] "GET /manager-page/api/snapshot.php?id=11&t=0.6421685989072382 HTTP/1.1" 200 31979 "http://192.168.60.79/manager-page/home-1.php" "Mozilla/5.0 (Windows NT 10.0; Win64; x64) AppleWebKit/537.36 (KHTML, like Gecko) Chrome/141.0.0.0 Safari/537.36 Edg/141.0.0.0"
127.0.0.1 - - [23/Oct/2025:08:14:00 +0800] "GET /robot/alarm-history-in.php HTTP/1.1" 200 - "-" "python-requests/2.28.1"
172.16.36.181 - - [23/Oct/2025:08:14:27 +0800] "GET /manager-page/api/snapshot.php?id=11&t=0.3811187154065663 HTTP/1.1" 200 31831 "http://192.168.60.79/manager-page/home-1.php" "Mozilla/5.0 (Windows NT 10.0; Win64; x64) AppleWebKit/537.36 (KHTML, like Gecko) Chrome/141.0.0.0 Safari/537.36 Edg/141.0.0.0"
172.16.36.181 - - [23/Oct/2025:08:14:27 +0800] "GET /manager-page/api/snapshot.php?id=12&t=0.27309601044655296 HTTP/1.1" 200 42954 "http://192.168.60.79/manager-page/home-1.php" "Mozilla/5.0 (Windows NT 10.0; Win64; x64) AppleWebKit/537.36 (KHTML, like Gecko) Chrome/141.0.0.0 Safari/537.36 Edg/141.0.0.0"
111.70.30.250 - - [23/Oct/2025:08:14:52 +0800] "POST /robot/lora-in.php HTTP/1.1" 200 - "-" "python-requests/2.21.0"
127.0.0.1 - - [23/Oct/2025:08:15:00 +0800] "GET /robot/alarm-history-in.php HTTP/1.1" 200 - "-" "python-requests/2.28.1"
172.16.36.181 - - [23/Oct/2025:08:15:27 +0800] "GET /manager-page/api/snapshot.php?id=12&t=0.6449170973482391 HTTP/1.1" 200 42730 "http://192.168.60.79/manager-page/home-1.php" "Mozilla/5.0 (Windows NT 10.0; Win64; x64) AppleWebKit/537.36 (KHTML, like Gecko) Chrome/141.0.0.0 Safari/537.36 Edg/141.0.0.0"
172.16.36.181 - - [23/Oct/2025:08:15:27 +0800] "GET /manager-page/api/snapshot.php?id=11&t=0.34445470401144773 HTTP/1.1" 200 32017 "http://192.168.60.79/manager-page/home-1.php" "Mozilla/5.0 (Windows NT 10.0; Win64; x64) AppleWebKit/537.36 (KHTML, like Gecko) Chrome/141.0.0.0 Safari/537.36 Edg/141.0.0.0"
127.0.0.1 - - [23/Oct/2025:08:16:00 +0800] "GET /robot/alarm-history-in.php HTTP/1.1" 200 - "-" "python-requests/2.28.1"
127.0.0.1 - - [23/Oct/2025:08:16:23 +0800] "POST /robot/et-7026-in.php HTTP/1.1" 200 - "-" "python-requests/2.32.2"
172.16.36.181 - - [23/Oct/2025:08:16:27 +0800] "GET /manager-page/api/snapshot.php?id=11&t=0.8493397405132828 HTTP/1.1" 200 32770 "http://192.168.60.79/manager-page/home-1.php" "Mozilla/5.0 (Windows NT 10.0; Win64; x64) AppleWebKit/537.36 (KHTML, like Gecko) Chrome/141.0.0.0 Safari/537.36 Edg/141.0.0.0"
172.16.36.181 - - [23/Oct/2025:08:16:27 +0800] "GET /manager-page/api/snapshot.php?id=12&t=0.363817111276585 HTTP/1.1" 200 43063 "http://192.168.60.79/manager-page/home-1.php" "Mozilla/5.0 (Windows NT 10.0; Win64; x64) AppleWebKit/537.36 (KHTML, like Gecko) Chrome/141.0.0.0 Safari/537.36 Edg/141.0.0.0"
127.0.0.1 - - [23/Oct/2025:08:17:00 +0800] "GET /robot/alarm-history-in.php HTTP/1.1" 200 - "-" "python-requests/2.28.1"
172.16.36.181 - - [23/Oct/2025:08:17:27 +0800] "GET /manager-page/api/snapshot.php?id=11&t=0.02259570431099589 HTTP/1.1" 200 32860 "http://192.168.60.79/manager-page/home-1.php" "Mozilla/5.0 (Windows NT 10.0; Win64; x64) AppleWebKit/537.36 (KHTML, like Gecko) Chrome/141.0.0.0 Safari/537.36 Edg/141.0.0.0"
172.16.36.181 - - [23/Oct/2025:08:17:27 +0800] "GET /manager-page/api/snapshot.php?id=12&t=0.0678682670481382 HTTP/1.1" 200 42494 "http://192.168.60.79/manager-page/home-1.php" "Mozilla/5.0 (Windows NT 10.0; Win64; x64) AppleWebKit/537.36 (KHTML, like Gecko) Chrome/141.0.0.0 Safari/537.36 Edg/141.0.0.0"
127.0.0.1 - - [23/Oct/2025:08:17:47 +0800] "POST /robot/et-7026-in.php HTTP/1.1" 200 - "-" "python-requests/2.32.2"
127.0.0.1 - - [23/Oct/2025:08:18:00 +0800] "GET /robot/alarm-history-in.php HTTP/1.1" 200 - "-" "python-requests/2.28.1"
127.0.0.1 - - [23/Oct/2025:08:18:25 +0800] "POST /robot/et-7026-in.php HTTP/1.1" 200 - "-" "python-requests/2.32.2"
172.16.36.181 - - [23/Oct/2025:08:18:27 +0800] "GET /manager-page/api/snapshot.php?id=12&t=0.6952937747906907 HTTP/1.1" 200 42190 "http://192.168.60.79/manager-page/home-1.php" "Mozilla/5.0 (Windows NT 10.0; Win64; x64) AppleWebKit/537.36 (KHTML, like Gecko) Chrome/141.0.0.0 Safari/537.36 Edg/141.0.0.0"
172.16.36.181 - - [23/Oct/2025:08:18:27 +0800] "GET /manager-page/api/snapshot.php?id=11&t=0.2941041439142351 HTTP/1.1" 200 33507 "http://192.168.60.79/manager-page/home-1.php" "Mozilla/5.0 (Windows NT 10.0; Win64; x64) AppleWebKit/537.36 (KHTML, like Gecko) Chrome/141.0.0.0 Safari/537.36 Edg/141.0.0.0"
127.0.0.1 - - [23/Oct/2025:08:18:31 +0800] "POST /robot/et-7026-in.php HTTP/1.1" 200 - "-" "python-requests/2.32.2"
111.70.30.251 - - [23/Oct/2025:08:18:36 +0800] "POST /robot/lora-in.php HTTP/1.1" 200 - "-" "python-requests/2.21.0"
127.0.0.1 - - [23/Oct/2025:08:18:54 +0800] "GET /get-setting.json HTTP/1.1" 200 2314 "-" "python-requests/2.31.0"
127.0.0.1 - - [23/Oct/2025:08:19:00 +0800] "GET /robot/alarm-history-in.php HTTP/1.1" 200 - "-" "python-requests/2.28.1"
127.0.0.1 - - [23/Oct/2025:08:19:02 +0800] "POST /robot/lora-in.php HTTP/1.1" 200 - "-" "python-requests/2.31.0"
127.0.0.1 - - [23/Oct/2025:08:19:13 +0800] "POST /robot/lora-in.php HTTP/1.1" 200 - "-" "python-requests/2.31.0"
127.0.0.1 - - [23/Oct/2025:08:19:15 +0800] "POST /robot/lora-in.php HTTP/1.1" 200 - "-" "python-requests/2.31.0"
127.0.0.1 - - [23/Oct/2025:08:19:18 +0800] "POST /robot/lora-in.php HTTP/1.1" 200 - "-" "python-requests/2.31.0"
127.0.0.1 - - [23/Oct/2025:08:19:24 +0800] "POST /robot/lora-in.php HTTP/1.1" 200 - "-" "python-requests/2.31.0"
172.16.36.181 - - [23/Oct/2025:08:19:27 +0800] "GET /manager-page/api/snapshot.php?id=11&t=0.6485133602694236 HTTP/1.1" 200 34879 "http://192.168.60.79/manager-page/home-1.php" "Mozilla/5.0 (Windows NT 10.0; Win64; x64) AppleWebKit/537.36 (KHTML, like Gecko) Chrome/141.0.0.0 Safari/537.36 Edg/141.0.0.0"
111.70.30.253 - - [23/Oct/2025:08:19:27 +0800] "POST /robot/lora-in.php HTTP/1.1" 200 - "-" "python-requests/2.21.0"
172.16.36.181 - - [23/Oct/2025:08:19:27 +0800] "GET /manager-page/api/snapshot.php?id=12&t=0.6520385374638653 HTTP/1.1" 200 42012 "http://192.168.60.79/manager-page/home-1.php" "Mozilla/5.0 (Windows NT 10.0; Win64; x64) AppleWebKit/537.36 (KHTML, like Gecko) Chrome/141.0.0.0 Safari/537.36 Edg/141.0.0.0"
127.0.0.1 - - [23/Oct/2025:08:19:34 +0800] "POST /robot/lora-in.php HTTP/1.1" 200 - "-" "python-requests/2.31.0"
127.0.0.1 - - [23/Oct/2025:08:19:42 +0800] "POST /robot/lora-in.php HTTP/1.1" 200 - "-" "python-requests/2.31.0"
127.0.0.1 - - [23/Oct/2025:08:20:00 +0800] "GET /robot/alarm-history-in.php HTTP/1.1" 200 - "-" "python-requests/2.28.1"
172.16.36.181 - - [23/Oct/2025:08:20:27 +0800] "GET /manager-page/api/snapshot.php?id=11&t=0.1431574990474459 HTTP/1.1" 200 32817 "http://192.168.60.79/manager-page/home-1.php" "Mozilla/5.0 (Windows NT 10.0; Win64; x64) AppleWebKit/537.36 (KHTML, like Gecko) Chrome/141.0.0.0 Safari/537.36 Edg/141.0.0.0"
172.16.36.181 - - [23/Oct/2025:08:20:27 +0800] "GET /manager-page/api/snapshot.php?id=12&t=0.6012429127682153 HTTP/1.1" 200 42156 "http://192.168.60.79/manager-page/home-1.php" "Mozilla/5.0 (Windows NT 10.0; Win64; x64) AppleWebKit/537.36 (KHTML, like Gecko) Chrome/141.0.0.0 Safari/537.36 Edg/141.0.0.0"
127.0.0.1 - - [23/Oct/2025:08:21:00 +0800] "GET /robot/alarm-history-in.php HTTP/1.1" 200 - "-" "python-requests/2.28.1"
172.16.36.181 - - [23/Oct/2025:08:21:27 +0800] "GET /manager-page/api/snapshot.php?id=11&t=0.0017739223456595399 HTTP/1.1" 200 32495 "http://192.168.60.79/manager-page/home-1.php" "Mozilla/5.0 (Windows NT 10.0; Win64; x64) AppleWebKit/537.36 (KHTML, like Gecko) Chrome/141.0.0.0 Safari/537.36 Edg/141.0.0.0"
172.16.36.181 - - [23/Oct/2025:08:21:27 +0800] "GET /manager-page/api/snapshot.php?id=12&t=0.4693287844010029 HTTP/1.1" 200 42277 "http://192.168.60.79/manager-page/home-1.php" "Mozilla/5.0 (Windows NT 10.0; Win64; x64) AppleWebKit/537.36 (KHTML, like Gecko) Chrome/141.0.0.0 Safari/537.36 Edg/141.0.0.0"
127.0.0.1 - - [23/Oct/2025:08:22:00 +0800] "GET /robot/alarm-history-in.php HTTP/1.1" 200 - "-" "python-requests/2.28.1"
111.70.30.252 - - [23/Oct/2025:08:22:21 +0800] "POST /robot/lora-in.php HTTP/1.1" 200 - "-" "python-requests/2.21.0"
172.16.36.181 - - [23/Oct/2025:08:22:27 +0800] "GET /manager-page/api/snapshot.php?id=11&t=0.19708327153140404 HTTP/1.1" 200 31600 "http://192.168.60.79/manager-page/home-1.php" "Mozilla/5.0 (Windows NT 10.0; Win64; x64) AppleWebKit/537.36 (KHTML, like Gecko) Chrome/141.0.0.0 Safari/537.36 Edg/141.0.0.0"
172.16.36.181 - - [23/Oct/2025:08:22:27 +0800] "GET /manager-page/api/snapshot.php?id=12&t=0.6209977663392184 HTTP/1.1" 200 42286 "http://192.168.60.79/manager-page/home-1.php" "Mozilla/5.0 (Windows NT 10.0; Win64; x64) AppleWebKit/537.36 (KHTML, like Gecko) Chrome/141.0.0.0 Safari/537.36 Edg/141.0.0.0"
127.0.0.1 - - [23/Oct/2025:08:23:00 +0800] "GET /robot/alarm-history-in.php HTTP/1.1" 200 - "-" "python-requests/2.28.1"
111.70.30.250 - - [23/Oct/2025:08:23:27 +0800] "POST /robot/lora-in.php HTTP/1.1" 200 - "-" "python-requests/2.21.0"
172.16.36.181 - - [23/Oct/2025:08:23:27 +0800] "GET /manager-page/api/snapshot.php?id=12&t=0.36525266412279456 HTTP/1.1" 200 43816 "http://192.168.60.79/manager-page/home-1.php" "Mozilla/5.0 (Windows NT 10.0; Win64; x64) AppleWebKit/537.36 (KHTML, like Gecko) Chrome/141.0.0.0 Safari/537.36 Edg/141.0.0.0"
172.16.36.181 - - [23/Oct/2025:08:23:27 +0800] "GET /manager-page/api/snapshot.php?id=11&t=0.6598974486749211 HTTP/1.1" 200 30990 "http://192.168.60.79/manager-page/home-1.php" "Mozilla/5.0 (Windows NT 10.0; Win64; x64) AppleWebKit/537.36 (KHTML, like Gecko) Chrome/141.0.0.0 Safari/537.36 Edg/141.0.0.0"
127.0.0.1 - - [23/Oct/2025:08:24:00 +0800] "GET /robot/alarm-history-in.php HTTP/1.1" 200 - "-" "python-requests/2.28.1"
172.16.36.181 - - [23/Oct/2025:08:24:27 +0800] "GET /manager-page/api/snapshot.php?id=11&t=0.5930791360920773 HTTP/1.1" 200 31033 "http://192.168.60.79/manager-page/home-1.php" "Mozilla/5.0 (Windows NT 10.0; Win64; x64) AppleWebKit/537.36 (KHTML, like Gecko) Chrome/141.0.0.0 Safari/537.36 Edg/141.0.0.0"
172.16.36.181 - - [23/Oct/2025:08:24:27 +0800] "GET /manager-page/api/snapshot.php?id=12&t=0.11771045088081211 HTTP/1.1" 200 43076 "http://192.168.60.79/manager-page/home-1.php" "Mozilla/5.0 (Windows NT 10.0; Win64; x64) AppleWebKit/537.36 (KHTML, like Gecko) Chrome/141.0.0.0 Safari/537.36 Edg/141.0.0.0"
127.0.0.1 - - [23/Oct/2025:08:25:00 +0800] "GET /robot/alarm-history-in.php HTTP/1.1" 200 - "-" "python-requests/2.28.1"
172.16.36.181 - - [23/Oct/2025:08:25:27 +0800] "GET /manager-page/api/snapshot.php?id=11&t=0.24494489620472126 HTTP/1.1" 200 31356 "http://192.168.60.79/manager-page/home-1.php" "Mozilla/5.0 (Windows NT 10.0; Win64; x64) AppleWebKit/537.36 (KHTML, like Gecko) Chrome/141.0.0.0 Safari/537.36 Edg/141.0.0.0"
172.16.36.181 - - [23/Oct/2025:08:25:27 +0800] "GET /manager-page/api/snapshot.php?id=12&t=0.26904206177471424 HTTP/1.1" 200 42691 "http://192.168.60.79/manager-page/home-1.php" "Mozilla/5.0 (Windows NT 10.0; Win64; x64) AppleWebKit/537.36 (KHTML, like Gecko) Chrome/141.0.0.0 Safari/537.36 Edg/141.0.0.0"
127.0.0.1 - - [23/Oct/2025:08:26:00 +0800] "GET /robot/alarm-history-in.php HTTP/1.1" 200 - "-" "python-requests/2.28.1"
172.16.36.181 - - [23/Oct/2025:08:26:27 +0800] "GET /manager-page/api/snapshot.php?id=12&t=0.8326850752898596 HTTP/1.1" 200 42907 "http://192.168.60.79/manager-page/home-1.php" "Mozilla/5.0 (Windows NT 10.0; Win64; x64) AppleWebKit/537.36 (KHTML, like Gecko) Chrome/141.0.0.0 Safari/537.36 Edg/141.0.0.0"
127.0.0.1 - - [23/Oct/2025:08:26:25 +0800] "POST /robot/et-7026-in.php HTTP/1.1" 200 - "-" "python-requests/2.32.2"
172.16.36.181 - - [23/Oct/2025:08:26:27 +0800] "GET /manager-page/api/snapshot.php?id=11&t=0.24577775807155455 HTTP/1.1" 500 - "http://192.168.60.79/manager-page/home-1.php" "Mozilla/5.0 (Windows NT 10.0; Win64; x64) AppleWebKit/537.36 (KHTML, like Gecko) Chrome/141.0.0.0 Safari/537.36 Edg/141.0.0.0"
172.16.36.181 - - [23/Oct/2025:08:27:00 +0800] "GET /manager-page/live/1-1.jpg HTTP/1.1" 200 31351 "http://192.168.60.79/manager-page/home-1.php" "Mozilla/5.0 (Windows NT 10.0; Win64; x64) AppleWebKit/537.36 (KHTML, like Gecko) Chrome/141.0.0.0 Safari/537.36 Edg/141.0.0.0"
127.0.0.1 - - [23/Oct/2025:08:27:00 +0800] "GET /robot/alarm-history-in.php HTTP/1.1" 200 - "-" "python-requests/2.28.1"
111.70.30.251 - - [23/Oct/2025:08:27:12 +0800] "POST /robot/lora-in.php HTTP/1.1" 200 - "-" "python-requests/2.21.0"
172.16.36.181 - - [23/Oct/2025:08:27:27 +0800] "GET /manager-page/api/snapshot.php?id=12&t=0.4348326424720096 HTTP/1.1" 200 43899 "http://192.168.60.79/manager-page/home-1.php" "Mozilla/5.0 (Windows NT 10.0; Win64; x64) AppleWebKit/537.36 (KHTML, like Gecko) Chrome/141.0.0.0 Safari/537.36 Edg/141.0.0.0"
172.16.36.181 - - [23/Oct/2025:08:27:27 +0800] "GET /manager-page/api/snapshot.php?id=11&t=0.1842165910224447 HTTP/1.1" 200 30649 "http://192.168.60.79/manager-page/home-1.php" "Mozilla/5.0 (Windows NT 10.0; Win64; x64) AppleWebKit/537.36 (KHTML, like Gecko) Chrome/141.0.0.0 Safari/537.36 Edg/141.0.0.0"
127.0.0.1 - - [23/Oct/2025:08:27:49 +0800] "POST /robot/et-7026-in.php HTTP/1.1" 200 - "-" "python-requests/2.32.2"
127.0.0.1 - - [23/Oct/2025:08:28:00 +0800] "GET /robot/alarm-history-in.php HTTP/1.1" 200 - "-" "python-requests/2.28.1"
111.70.30.253 - - [23/Oct/2025:08:28:13 +0800] "POST /robot/lora-in.php HTTP/1.1" 200 - "-" "python-requests/2.21.0"
172.16.36.181 - - [23/Oct/2025:08:28:27 +0800] "GET /manager-page/api/snapshot.php?id=11&t=0.15077524207473147 HTTP/1.1" 200 31151 "http://192.168.60.79/manager-page/home-1.php" "Mozilla/5.0 (Windows NT 10.0; Win64; x64) AppleWebKit/537.36 (KHTML, like Gecko) Chrome/141.0.0.0 Safari/537.36 Edg/141.0.0.0"
172.16.36.181 - - [23/Oct/2025:08:28:27 +0800] "GET /manager-page/api/snapshot.php?id=12&t=0.5208314417924709 HTTP/1.1" 200 43821 "http://192.168.60.79/manager-page/home-1.php" "Mozilla/5.0 (Windows NT 10.0; Win64; x64) AppleWebKit/537.36 (KHTML, like Gecko) Chrome/141.0.0.0 Safari/537.36 Edg/141.0.0.0"
127.0.0.1 - - [23/Oct/2025:08:28:28 +0800] "POST /robot/et-7026-in.php HTTP/1.1" 200 - "-" "python-requests/2.32.2"
127.0.0.1 - - [23/Oct/2025:08:28:35 +0800] "POST /robot/et-7026-in.php HTTP/1.1" 200 - "-" "python-requests/2.32.2"
127.0.0.1 - - [23/Oct/2025:08:28:54 +0800] "GET /get-setting.json HTTP/1.1" 200 2314 "-" "python-requests/2.31.0"
127.0.0.1 - - [23/Oct/2025:08:28:58 +0800] "POST /robot/lora-in.php HTTP/1.1" 200 - "-" "python-requests/2.31.0"
127.0.0.1 - - [23/Oct/2025:08:29:00 +0800] "GET /robot/alarm-history-in.php HTTP/1.1" 200 - "-" "python-requests/2.28.1"
127.0.0.1 - - [23/Oct/2025:08:29:07 +0800] "POST /robot/lora-in.php HTTP/1.1" 200 - "-" "python-requests/2.31.0"
127.0.0.1 - - [23/Oct/2025:08:29:17 +0800] "POST /robot/lora-in.php HTTP/1.1" 200 - "-" "python-requests/2.31.0"
127.0.0.1 - - [23/Oct/2025:08:29:21 +0800] "POST /robot/lora-in.php HTTP/1.1" 200 - "-" "python-requests/2.31.0"
127.0.0.1 - - [23/Oct/2025:08:29:22 +0800] "POST /robot/lora-in.php HTTP/1.1" 200 - "-" "python-requests/2.31.0"
172.16.36.181 - - [23/Oct/2025:08:29:27 +0800] "GET /manager-page/api/snapshot.php?id=12&t=0.39171246410676475 HTTP/1.1" 200 44114 "http://192.168.60.79/manager-page/home-1.php" "Mozilla/5.0 (Windows NT 10.0; Win64; x64) AppleWebKit/537.36 (KHTML, like Gecko) Chrome/141.0.0.0 Safari/537.36 Edg/141.0.0.0"
172.16.36.181 - - [23/Oct/2025:08:29:27 +0800] "GET /manager-page/api/snapshot.php?id=11&t=0.681418544491198 HTTP/1.1" 200 31800 "http://192.168.60.79/manager-page/home-1.php" "Mozilla/5.0 (Windows NT 10.0; Win64; x64) AppleWebKit/537.36 (KHTML, like Gecko) Chrome/141.0.0.0 Safari/537.36 Edg/141.0.0.0"
127.0.0.1 - - [23/Oct/2025:08:29:28 +0800] "POST /robot/lora-in.php HTTP/1.1" 200 - "-" "python-requests/2.31.0"
127.0.0.1 - - [23/Oct/2025:08:29:32 +0800] "POST /robot/lora-in.php HTTP/1.1" 200 - "-" "python-requests/2.31.0"
127.0.0.1 - - [23/Oct/2025:08:30:00 +0800] "GET /robot/alarm-history-in.php HTTP/1.1" 200 - "-" "python-requests/2.28.1"
172.16.36.181 - - [23/Oct/2025:08:30:27 +0800] "GET /manager-page/api/snapshot.php?id=11&t=0.6501569060037394 HTTP/1.1" 200 32033 "http://192.168.60.79/manager-page/home-1.php" "Mozilla/5.0 (Windows NT 10.0; Win64; x64) AppleWebKit/537.36 (KHTML, like Gecko) Chrome/141.0.0.0 Safari/537.36 Edg/141.0.0.0"
172.16.36.181 - - [23/Oct/2025:08:30:27 +0800] "GET /manager-page/api/snapshot.php?id=12&t=0.9175400924075571 HTTP/1.1" 200 43002 "http://192.168.60.79/manager-page/home-1.php" "Mozilla/5.0 (Windows NT 10.0; Win64; x64) AppleWebKit/537.36 (KHTML, like Gecko) Chrome/141.0.0.0 Safari/537.36 Edg/141.0.0.0"
127.0.0.1 - - [23/Oct/2025:08:31:00 +0800] "GET /robot/alarm-history-in.php HTTP/1.1" 200 - "-" "python-requests/2.28.1"
172.16.36.181 - - [23/Oct/2025:08:31:27 +0800] "GET /manager-page/api/snapshot.php?id=12&t=0.7609375586594913 HTTP/1.1" 200 43605 "http://192.168.60.79/manager-page/home-1.php" "Mozilla/5.0 (Windows NT 10.0; Win64; x64) AppleWebKit/537.36 (KHTML, like Gecko) Chrome/141.0.0.0 Safari/537.36 Edg/141.0.0.0"
172.16.36.181 - - [23/Oct/2025:08:31:27 +0800] "GET /manager-page/api/snapshot.php?id=11&t=0.7986143235514047 HTTP/1.1" 200 30858 "http://192.168.60.79/manager-page/home-1.php" "Mozilla/5.0 (Windows NT 10.0; Win64; x64) AppleWebKit/537.36 (KHTML, like Gecko) Chrome/141.0.0.0 Safari/537.36 Edg/141.0.0.0"
111.70.30.252 - - [23/Oct/2025:08:31:33 +0800] "POST /robot/lora-in.php HTTP/1.1" 200 - "-" "python-requests/2.21.0"
127.0.0.1 - - [23/Oct/2025:08:32:00 +0800] "GET /robot/alarm-history-in.php HTTP/1.1" 200 - "-" "python-requests/2.28.1"
111.70.30.250 - - [23/Oct/2025:08:32:01 +0800] "POST /robot/lora-in.php HTTP/1.1" 200 - "-" "python-requests/2.21.0"
172.16.36.181 - - [23/Oct/2025:08:32:27 +0800] "GET /manager-page/api/snapshot.php?id=11&t=0.9024134770618734 HTTP/1.1" 200 30576 "http://192.168.60.79/manager-page/home-1.php" "Mozilla/5.0 (Windows NT 10.0; Win64; x64) AppleWebKit/537.36 (KHTML, like Gecko) Chrome/141.0.0.0 Safari/537.36 Edg/141.0.0.0"
172.16.36.181 - - [23/Oct/2025:08:32:27 +0800] "GET /manager-page/api/snapshot.php?id=12&t=0.3342056797242644 HTTP/1.1" 200 44496 "http://192.168.60.79/manager-page/home-1.php" "Mozilla/5.0 (Windows NT 10.0; Win64; x64) AppleWebKit/537.36 (KHTML, like Gecko) Chrome/141.0.0.0 Safari/537.36 Edg/141.0.0.0"
127.0.0.1 - - [23/Oct/2025:08:33:00 +0800] "GET /robot/alarm-history-in.php HTTP/1.1" 200 - "-" "python-requests/2.28.1"
172.16.36.181 - - [23/Oct/2025:08:33:27 +0800] "GET /manager-page/api/snapshot.php?id=12&t=0.7097007274080139 HTTP/1.1" 200 45108 "http://192.168.60.79/manager-page/home-1.php" "Mozilla/5.0 (Windows NT 10.0; Win64; x64) AppleWebKit/537.36 (KHTML, like Gecko) Chrome/141.0.0.0 Safari/537.36 Edg/141.0.0.0"
172.16.36.181 - - [23/Oct/2025:08:33:27 +0800] "GET /manager-page/api/snapshot.php?id=11&t=0.8250298955233619 HTTP/1.1" 200 30015 "http://192.168.60.79/manager-page/home-1.php" "Mozilla/5.0 (Windows NT 10.0; Win64; x64) AppleWebKit/537.36 (KHTML, like Gecko) Chrome/141.0.0.0 Safari/537.36 Edg/141.0.0.0"
127.0.0.1 - - [23/Oct/2025:08:34:00 +0800] "GET /robot/alarm-history-in.php HTTP/1.1" 200 - "-" "python-requests/2.28.1"
172.16.36.181 - - [23/Oct/2025:08:34:27 +0800] "GET /manager-page/api/snapshot.php?id=11&t=0.8651466052430599 HTTP/1.1" 200 29550 "http://192.168.60.79/manager-page/home-1.php" "Mozilla/5.0 (Windows NT 10.0; Win64; x64) AppleWebKit/537.36 (KHTML, like Gecko) Chrome/141.0.0.0 Safari/537.36 Edg/141.0.0.0"
172.16.36.181 - - [23/Oct/2025:08:34:27 +0800] "GET /manager-page/api/snapshot.php?id=12&t=0.43675434920415945 HTTP/1.1" 200 45374 "http://192.168.60.79/manager-page/home-1.php" "Mozilla/5.0 (Windows NT 10.0; Win64; x64) AppleWebKit/537.36 (KHTML, like Gecko) Chrome/141.0.0.0 Safari/537.36 Edg/141.0.0.0"
127.0.0.1 - - [23/Oct/2025:08:35:00 +0800] "GET /robot/alarm-history-in.php HTTP/1.1" 200 - "-" "python-requests/2.28.1"
172.16.36.181 - - [23/Oct/2025:08:35:27 +0800] "GET /manager-page/api/snapshot.php?id=11&t=0.3858511226470085 HTTP/1.1" 200 29780 "http://192.168.60.79/manager-page/home-1.php" "Mozilla/5.0 (Windows NT 10.0; Win64; x64) AppleWebKit/537.36 (KHTML, like Gecko) Chrome/141.0.0.0 Safari/537.36 Edg/141.0.0.0"
172.16.36.181 - - [23/Oct/2025:08:35:27 +0800] "GET /manager-page/api/snapshot.php?id=12&t=0.55977362500076 HTTP/1.1" 200 45375 "http://192.168.60.79/manager-page/home-1.php" "Mozilla/5.0 (Windows NT 10.0; Win64; x64) AppleWebKit/537.36 (KHTML, like Gecko) Chrome/141.0.0.0 Safari/537.36 Edg/141.0.0.0"
111.70.30.251 - - [23/Oct/2025:08:35:47 +0800] "POST /robot/lora-in.php HTTP/1.1" 200 - "-" "python-requests/2.21.0"
127.0.0.1 - - [23/Oct/2025:08:36:00 +0800] "GET /robot/alarm-history-in.php HTTP/1.1" 200 - "-" "python-requests/2.28.1"
172.16.36.181 - - [23/Oct/2025:08:36:27 +0800] "GET /manager-page/api/snapshot.php?id=11&t=0.4845361195048765 HTTP/1.1" 200 31233 "http://192.168.60.79/manager-page/home-1.php" "Mozilla/5.0 (Windows NT 10.0; Win64; x64) AppleWebKit/537.36 (KHTML, like Gecko) Chrome/141.0.0.0 Safari/537.36 Edg/141.0.0.0"
172.16.36.181 - - [23/Oct/2025:08:36:27 +0800] "GET /manager-page/api/snapshot.php?id=12&t=0.047036170634174757 HTTP/1.1" 200 45381 "http://192.168.60.79/manager-page/home-1.php" "Mozilla/5.0 (Windows NT 10.0; Win64; x64) AppleWebKit/537.36 (KHTML, like Gecko) Chrome/141.0.0.0 Safari/537.36 Edg/141.0.0.0"
127.0.0.1 - - [23/Oct/2025:08:36:28 +0800] "POST /robot/et-7026-in.php HTTP/1.1" 200 - "-" "python-requests/2.32.2"
111.70.30.253 - - [23/Oct/2025:08:36:58 +0800] "POST /robot/lora-in.php HTTP/1.1" 200 - "-" "python-requests/2.21.0"
127.0.0.1 - - [23/Oct/2025:08:37:00 +0800] "GET /robot/alarm-history-in.php HTTP/1.1" 200 - "-" "python-requests/2.28.1"
172.16.36.181 - - [23/Oct/2025:08:37:27 +0800] "GET /manager-page/api/snapshot.php?id=11&t=0.6958845565773497 HTTP/1.1" 200 30094 "http://192.168.60.79/manager-page/home-1.php" "Mozilla/5.0 (Windows NT 10.0; Win64; x64) AppleWebKit/537.36 (KHTML, like Gecko) Chrome/141.0.0.0 Safari/537.36 Edg/141.0.0.0"
172.16.36.181 - - [23/Oct/2025:08:37:27 +0800] "GET /manager-page/api/snapshot.php?id=12&t=0.409423689765965 HTTP/1.1" 200 45787 "http://192.168.60.79/manager-page/home-1.php" "Mozilla/5.0 (Windows NT 10.0; Win64; x64) AppleWebKit/537.36 (KHTML, like Gecko) Chrome/141.0.0.0 Safari/537.36 Edg/141.0.0.0"
127.0.0.1 - - [23/Oct/2025:08:37:51 +0800] "POST /robot/et-7026-in.php HTTP/1.1" 200 - "-" "python-requests/2.32.2"
127.0.0.1 - - [23/Oct/2025:08:38:00 +0800] "GET /robot/alarm-history-in.php HTTP/1.1" 200 - "-" "python-requests/2.28.1"
172.16.36.181 - - [23/Oct/2025:08:38:27 +0800] "GET /manager-page/api/snapshot.php?id=11&t=0.6328100539198807 HTTP/1.1" 200 29917 "http://192.168.60.79/manager-page/home-1.php" "Mozilla/5.0 (Windows NT 10.0; Win64; x64) AppleWebKit/537.36 (KHTML, like Gecko) Chrome/141.0.0.0 Safari/537.36 Edg/141.0.0.0"
172.16.36.181 - - [23/Oct/2025:08:38:27 +0800] "GET /manager-page/api/snapshot.php?id=12&t=0.5449850869852882 HTTP/1.1" 200 46129 "http://192.168.60.79/manager-page/home-1.php" "Mozilla/5.0 (Windows NT 10.0; Win64; x64) AppleWebKit/537.36 (KHTML, like Gecko) Chrome/141.0.0.0 Safari/537.36 Edg/141.0.0.0"
127.0.0.1 - - [23/Oct/2025:08:38:31 +0800] "POST /robot/et-7026-in.php HTTP/1.1" 200 - "-" "python-requests/2.32.2"
127.0.0.1 - - [23/Oct/2025:08:38:36 +0800] "POST /robot/et-7026-in.php HTTP/1.1" 200 - "-" "python-requests/2.32.2"
127.0.0.1 - - [23/Oct/2025:08:38:54 +0800] "GET /get-setting.json HTTP/1.1" 200 2314 "-" "python-requests/2.31.0"
127.0.0.1 - - [23/Oct/2025:08:38:57 +0800] "POST /robot/lora-in.php HTTP/1.1" 200 - "-" "python-requests/2.31.0"
127.0.0.1 - - [23/Oct/2025:08:39:00 +0800] "GET /robot/alarm-history-in.php HTTP/1.1" 200 - "-" "python-requests/2.28.1"
127.0.0.1 - - [23/Oct/2025:08:39:07 +0800] "POST /robot/lora-in.php HTTP/1.1" 200 - "-" "python-requests/2.31.0"
127.0.0.1 - - [23/Oct/2025:08:39:17 +0800] "POST /robot/lora-in.php HTTP/1.1" 200 - "-" "python-requests/2.31.0"
127.0.0.1 - - [23/Oct/2025:08:39:19 +0800] "POST /robot/lora-in.php HTTP/1.1" 200 - "-" "python-requests/2.31.0"
127.0.0.1 - - [23/Oct/2025:08:39:25 +0800] "POST /robot/lora-in.php HTTP/1.1" 200 - "-" "python-requests/2.31.0"
172.16.36.181 - - [23/Oct/2025:08:39:27 +0800] "GET /manager-page/api/snapshot.php?id=12&t=0.9493472918788752 HTTP/1.1" 200 46095 "http://192.168.60.79/manager-page/home-1.php" "Mozilla/5.0 (Windows NT 10.0; Win64; x64) AppleWebKit/537.36 (KHTML, like Gecko) Chrome/141.0.0.0 Safari/537.36 Edg/141.0.0.0"
172.16.36.181 - - [23/Oct/2025:08:39:27 +0800] "GET /manager-page/api/snapshot.php?id=11&t=0.1917901166649425 HTTP/1.1" 200 29851 "http://192.168.60.79/manager-page/home-1.php" "Mozilla/5.0 (Windows NT 10.0; Win64; x64) AppleWebKit/537.36 (KHTML, like Gecko) Chrome/141.0.0.0 Safari/537.36 Edg/141.0.0.0"
127.0.0.1 - - [23/Oct/2025:08:39:34 +0800] "POST /robot/lora-in.php HTTP/1.1" 200 - "-" "python-requests/2.31.0"
127.0.0.1 - - [23/Oct/2025:08:39:43 +0800] "POST /robot/lora-in.php HTTP/1.1" 200 - "-" "python-requests/2.31.0"
127.0.0.1 - - [23/Oct/2025:08:40:00 +0800] "GET /robot/alarm-history-in.php HTTP/1.1" 200 - "-" "python-requests/2.28.1"
172.16.36.181 - - [23/Oct/2025:08:40:04 +0800] "GET /manager-page/api/snapshot.php?id=11&t=0.9077910382581803 HTTP/1.1" 200 29870 "http://192.168.60.79/manager-page/home-1.php" "Mozilla/5.0 (Windows NT 10.0; Win64; x64) AppleWebKit/537.36 (KHTML, like Gecko) Chrome/141.0.0.0 Safari/537.36 Edg/141.0.0.0"
172.16.36.181 - - [23/Oct/2025:08:40:04 +0800] "GET /manager-page/api/snapshot.php?id=12&t=0.47897271902442307 HTTP/1.1" 200 46487 "http://192.168.60.79/manager-page/home-1.php" "Mozilla/5.0 (Windows NT 10.0; Win64; x64) AppleWebKit/537.36 (KHTML, like Gecko) Chrome/141.0.0.0 Safari/537.36 Edg/141.0.0.0"
172.16.36.181 - - [23/Oct/2025:08:40:05 +0800] "GET /manager-page/api/snapshot.php?id=11&t=0.6374044650396199 HTTP/1.1" 200 29911 "http://192.168.60.79/manager-page/home-1.php" "Mozilla/5.0 (Windows NT 10.0; Win64; x64) AppleWebKit/537.36 (KHTML, like Gecko) Chrome/141.0.0.0 Safari/537.36 Edg/141.0.0.0"
172.16.36.181 - - [23/Oct/2025:08:40:05 +0800] "GET /manager-page/api/snapshot.php?id=12&t=0.9928699916305427 HTTP/1.1" 200 46572 "http://192.168.60.79/manager-page/home-1.php" "Mozilla/5.0 (Windows NT 10.0; Win64; x64) AppleWebKit/537.36 (KHTML, like Gecko) Chrome/141.0.0.0 Safari/537.36 Edg/141.0.0.0"
172.16.36.181 - - [23/Oct/2025:08:40:08 +0800] "GET /manager-page/alarm/1-1.jpg?t=2035736212 HTTP/1.1" 200 322868 "http://192.168.60.79/manager-page/home-1.php" "Mozilla/5.0 (Windows NT 10.0; Win64; x64) AppleWebKit/537.36 (KHTML, like Gecko) Chrome/141.0.0.0 Safari/537.36 Edg/141.0.0.0"
172.16.36.181 - - [23/Oct/2025:08:40:08 +0800] "GET /manager-page/alarm/1-2.jpg?t=1606784190 HTTP/1.1" 200 495492 "http://192.168.60.79/manager-page/home-1.php" "Mozilla/5.0 (Windows NT 10.0; Win64; x64) AppleWebKit/537.36 (KHTML, like Gecko) Chrome/141.0.0.0 Safari/537.36 Edg/141.0.0.0"
172.16.36.181 - - [23/Oct/2025:08:40:07 +0800] "GET /manager-page/home-1.php HTTP/1.1" 200 27471 "http://192.168.60.79/manager-page/login.php" "Mozilla/5.0 (Windows NT 10.0; Win64; x64) AppleWebKit/537.36 (KHTML, like Gecko) Chrome/141.0.0.0 Safari/537.36 Edg/141.0.0.0"
172.16.36.181 - - [23/Oct/2025:08:40:08 +0800] "GET /manager-page/api/snapshot.php?id=12 HTTP/1.1" 200 46414 "http://192.168.60.79/manager-page/home-1.php" "Mozilla/5.0 (Windows NT 10.0; Win64; x64) AppleWebKit/537.36 (KHTML, like Gecko) Chrome/141.0.0.0 Safari/537.36 Edg/141.0.0.0"
172.16.36.181 - - [23/Oct/2025:08:40:08 +0800] "GET /manager-page/api/snapshot.php?id=11 HTTP/1.1" 200 29988 "http://192.168.60.79/manager-page/home-1.php" "Mozilla/5.0 (Windows NT 10.0; Win64; x64) AppleWebKit/537.36 (KHTML, like Gecko) Chrome/141.0.0.0 Safari/537.36 Edg/141.0.0.0"
172.16.36.181 - - [23/Oct/2025:08:40:11 +0800] "GET /manager-page/api/cms-status1.php HTTP/1.1" 200 12 "http://192.168.60.79/manager-page/home-1.php" "Mozilla/5.0 (Windows NT 10.0; Win64; x64) AppleWebKit/537.36 (KHTML, like Gecko) Chrome/141.0.0.0 Safari/537.36 Edg/141.0.0.0"
172.16.36.181 - - [23/Oct/2025:08:40:11 +0800] "GET /manager-page/api/lp-status1.php HTTP/1.1" 200 1 "http://192.168.60.79/manager-page/home-1.php" "Mozilla/5.0 (Windows NT 10.0; Win64; x64) AppleWebKit/537.36 (KHTML, like Gecko) Chrome/141.0.0.0 Safari/537.36 Edg/141.0.0.0"
