172.16.36.181 - - [17/Dec/2025:08:55:33 +0800] "GET /manager-page/api/snapshot.php?id=12&t=0.5574339694923472 HTTP/1.1" 200 37231 "http://192.168.60.79/manager-page/home-1.php" "Mozilla/5.0 (Windows NT 10.0; Win64; x64) AppleWebKit/537.36 (KHTML, like Gecko) Chrome/143.0.0.0 Safari/537.36 Edg/143.0.0.0"
172.16.36.181 - - [17/Dec/2025:08:55:38 +0800] "GET /manager-page/api/snapshot.php?id=11&t=0.49187283910435187 HTTP/1.1" 200 31123 "http://192.168.60.79/manager-page/home-1.php" "Mozilla/5.0 (Windows NT 10.0; Win64; x64) AppleWebKit/537.36 (KHTML, like Gecko) Chrome/143.0.0.0 Safari/537.36 Edg/143.0.0.0"
172.16.36.181 - - [17/Dec/2025:08:55:38 +0800] "GET /manager-page/api/snapshot.php?id=12&t=0.8363220865172936 HTTP/1.1" 200 37224 "http://192.168.60.79/manager-page/home-1.php" "Mozilla/5.0 (Windows NT 10.0; Win64; x64) AppleWebKit/537.36 (KHTML, like Gecko) Chrome/143.0.0.0 Safari/537.36 Edg/143.0.0.0"
172.16.36.181 - - [17/Dec/2025:08:55:43 +0800] "GET /manager-page/api/snapshot.php?id=12&t=0.2744319835915515 HTTP/1.1" 200 37226 "http://192.168.60.79/manager-page/home-1.php" "Mozilla/5.0 (Windows NT 10.0; Win64; x64) AppleWebKit/537.36 (KHTML, like Gecko) Chrome/143.0.0.0 Safari/537.36 Edg/143.0.0.0"
172.16.36.181 - - [17/Dec/2025:08:55:43 +0800] "GET /manager-page/api/snapshot.php?id=11&t=0.7699025193766539 HTTP/1.1" 200 31155 "http://192.168.60.79/manager-page/home-1.php" "Mozilla/5.0 (Windows NT 10.0; Win64; x64) AppleWebKit/537.36 (KHTML, like Gecko) Chrome/143.0.0.0 Safari/537.36 Edg/143.0.0.0"
172.16.36.181 - - [17/Dec/2025:08:55:48 +0800] "GET /manager-page/api/snapshot.php?id=11&t=0.8863829829220367 HTTP/1.1" 200 31131 "http://192.168.60.79/manager-page/home-1.php" "Mozilla/5.0 (Windows NT 10.0; Win64; x64) AppleWebKit/537.36 (KHTML, like Gecko) Chrome/143.0.0.0 Safari/537.36 Edg/143.0.0.0"
172.16.36.181 - - [17/Dec/2025:08:55:48 +0800] "GET /manager-page/api/snapshot.php?id=12&t=0.6716649603817764 HTTP/1.1" 200 37207 "http://192.168.60.79/manager-page/home-1.php" "Mozilla/5.0 (Windows NT 10.0; Win64; x64) AppleWebKit/537.36 (KHTML, like Gecko) Chrome/143.0.0.0 Safari/537.36 Edg/143.0.0.0"
172.16.36.181 - - [17/Dec/2025:08:55:53 +0800] "GET /manager-page/api/snapshot.php?id=12&t=0.18104361094539256 HTTP/1.1" 200 37319 "http://192.168.60.79/manager-page/home-1.php" "Mozilla/5.0 (Windows NT 10.0; Win64; x64) AppleWebKit/537.36 (KHTML, like Gecko) Chrome/143.0.0.0 Safari/537.36 Edg/143.0.0.0"
172.16.36.181 - - [17/Dec/2025:08:55:53 +0800] "GET /manager-page/api/snapshot.php?id=11&t=0.4052431800626134 HTTP/1.1" 200 31670 "http://192.168.60.79/manager-page/home-1.php" "Mozilla/5.0 (Windows NT 10.0; Win64; x64) AppleWebKit/537.36 (KHTML, like Gecko) Chrome/143.0.0.0 Safari/537.36 Edg/143.0.0.0"
172.16.36.181 - - [17/Dec/2025:08:55:58 +0800] "GET /manager-page/api/snapshot.php?id=11&t=0.9835528964993047 HTTP/1.1" 200 31287 "http://192.168.60.79/manager-page/home-1.php" "Mozilla/5.0 (Windows NT 10.0; Win64; x64) AppleWebKit/537.36 (KHTML, like Gecko) Chrome/143.0.0.0 Safari/537.36 Edg/143.0.0.0"
172.16.36.181 - - [17/Dec/2025:08:55:58 +0800] "GET /manager-page/api/snapshot.php?id=12&t=0.17266261280968564 HTTP/1.1" 200 37733 "http://192.168.60.79/manager-page/home-1.php" "Mozilla/5.0 (Windows NT 10.0; Win64; x64) AppleWebKit/537.36 (KHTML, like Gecko) Chrome/143.0.0.0 Safari/537.36 Edg/143.0.0.0"
127.0.0.1 - - [17/Dec/2025:08:56:00 +0800] "GET /robot/alarm-history-in.php HTTP/1.1" 200 - "-" "python-requests/2.28.1"
172.16.36.181 - - [17/Dec/2025:08:56:03 +0800] "GET /manager-page/api/snapshot.php?id=11&t=0.4546025561162149 HTTP/1.1" 200 31118 "http://192.168.60.79/manager-page/home-1.php" "Mozilla/5.0 (Windows NT 10.0; Win64; x64) AppleWebKit/537.36 (KHTML, like Gecko) Chrome/143.0.0.0 Safari/537.36 Edg/143.0.0.0"
172.16.36.181 - - [17/Dec/2025:08:56:03 +0800] "GET /manager-page/api/snapshot.php?id=12&t=0.5884297857704802 HTTP/1.1" 200 37241 "http://192.168.60.79/manager-page/home-1.php" "Mozilla/5.0 (Windows NT 10.0; Win64; x64) AppleWebKit/537.36 (KHTML, like Gecko) Chrome/143.0.0.0 Safari/537.36 Edg/143.0.0.0"
172.16.36.181 - - [17/Dec/2025:08:56:08 +0800] "GET /manager-page/api/snapshot.php?id=12&t=0.9413350071725367 HTTP/1.1" 200 37218 "http://192.168.60.79/manager-page/home-1.php" "Mozilla/5.0 (Windows NT 10.0; Win64; x64) AppleWebKit/537.36 (KHTML, like Gecko) Chrome/143.0.0.0 Safari/537.36 Edg/143.0.0.0"
172.16.36.181 - - [17/Dec/2025:08:56:08 +0800] "GET /manager-page/api/snapshot.php?id=11&t=0.2242613861649272 HTTP/1.1" 200 31154 "http://192.168.60.79/manager-page/home-1.php" "Mozilla/5.0 (Windows NT 10.0; Win64; x64) AppleWebKit/537.36 (KHTML, like Gecko) Chrome/143.0.0.0 Safari/537.36 Edg/143.0.0.0"
172.16.36.181 - - [17/Dec/2025:08:56:13 +0800] "GET /manager-page/api/snapshot.php?id=12&t=0.8123151554997748 HTTP/1.1" 200 37176 "http://192.168.60.79/manager-page/home-1.php" "Mozilla/5.0 (Windows NT 10.0; Win64; x64) AppleWebKit/537.36 (KHTML, like Gecko) Chrome/143.0.0.0 Safari/537.36 Edg/143.0.0.0"
172.16.36.181 - - [17/Dec/2025:08:56:13 +0800] "GET /manager-page/api/snapshot.php?id=11&t=0.33785553273573576 HTTP/1.1" 200 31159 "http://192.168.60.79/manager-page/home-1.php" "Mozilla/5.0 (Windows NT 10.0; Win64; x64) AppleWebKit/537.36 (KHTML, like Gecko) Chrome/143.0.0.0 Safari/537.36 Edg/143.0.0.0"
172.16.36.181 - - [17/Dec/2025:08:56:18 +0800] "GET /manager-page/api/snapshot.php?id=12&t=0.9451010663020988 HTTP/1.1" 200 37201 "http://192.168.60.79/manager-page/home-1.php" "Mozilla/5.0 (Windows NT 10.0; Win64; x64) AppleWebKit/537.36 (KHTML, like Gecko) Chrome/143.0.0.0 Safari/537.36 Edg/143.0.0.0"
172.16.36.181 - - [17/Dec/2025:08:56:18 +0800] "GET /manager-page/api/snapshot.php?id=11&t=0.38901924812102295 HTTP/1.1" 200 31141 "http://192.168.60.79/manager-page/home-1.php" "Mozilla/5.0 (Windows NT 10.0; Win64; x64) AppleWebKit/537.36 (KHTML, like Gecko) Chrome/143.0.0.0 Safari/537.36 Edg/143.0.0.0"
127.0.0.1 - - [17/Dec/2025:08:56:22 +0800] "POST /robot/et-7026-in.php HTTP/1.1" 200 - "-" "python-requests/2.32.2"
172.16.36.181 - - [17/Dec/2025:08:56:23 +0800] "GET /manager-page/api/snapshot.php?id=12&t=0.1777262308053602 HTTP/1.1" 200 37256 "http://192.168.60.79/manager-page/home-1.php" "Mozilla/5.0 (Windows NT 10.0; Win64; x64) AppleWebKit/537.36 (KHTML, like Gecko) Chrome/143.0.0.0 Safari/537.36 Edg/143.0.0.0"
172.16.36.181 - - [17/Dec/2025:08:56:23 +0800] "GET /manager-page/api/snapshot.php?id=11&t=0.44904659714684314 HTTP/1.1" 200 31184 "http://192.168.60.79/manager-page/home-1.php" "Mozilla/5.0 (Windows NT 10.0; Win64; x64) AppleWebKit/537.36 (KHTML, like Gecko) Chrome/143.0.0.0 Safari/537.36 Edg/143.0.0.0"
172.16.36.181 - - [17/Dec/2025:08:56:28 +0800] "GET /manager-page/api/snapshot.php?id=12&t=0.7254561655246212 HTTP/1.1" 200 37244 "http://192.168.60.79/manager-page/home-1.php" "Mozilla/5.0 (Windows NT 10.0; Win64; x64) AppleWebKit/537.36 (KHTML, like Gecko) Chrome/143.0.0.0 Safari/537.36 Edg/143.0.0.0"
172.16.36.181 - - [17/Dec/2025:08:56:28 +0800] "GET /manager-page/api/snapshot.php?id=11&t=0.9375978333655869 HTTP/1.1" 200 31221 "http://192.168.60.79/manager-page/home-1.php" "Mozilla/5.0 (Windows NT 10.0; Win64; x64) AppleWebKit/537.36 (KHTML, like Gecko) Chrome/143.0.0.0 Safari/537.36 Edg/143.0.0.0"
172.16.36.181 - - [17/Dec/2025:08:56:33 +0800] "GET /manager-page/api/snapshot.php?id=12&t=0.7395658776136043 HTTP/1.1" 200 37230 "http://192.168.60.79/manager-page/home-1.php" "Mozilla/5.0 (Windows NT 10.0; Win64; x64) AppleWebKit/537.36 (KHTML, like Gecko) Chrome/143.0.0.0 Safari/537.36 Edg/143.0.0.0"
172.16.36.181 - - [17/Dec/2025:08:56:33 +0800] "GET /manager-page/api/snapshot.php?id=11&t=0.21936493441443972 HTTP/1.1" 200 31186 "http://192.168.60.79/manager-page/home-1.php" "Mozilla/5.0 (Windows NT 10.0; Win64; x64) AppleWebKit/537.36 (KHTML, like Gecko) Chrome/143.0.0.0 Safari/537.36 Edg/143.0.0.0"
172.16.36.181 - - [17/Dec/2025:08:56:38 +0800] "GET /manager-page/api/snapshot.php?id=11&t=0.4461865384464111 HTTP/1.1" 200 31207 "http://192.168.60.79/manager-page/home-1.php" "Mozilla/5.0 (Windows NT 10.0; Win64; x64) AppleWebKit/537.36 (KHTML, like Gecko) Chrome/143.0.0.0 Safari/537.36 Edg/143.0.0.0"
172.16.36.181 - - [17/Dec/2025:08:56:38 +0800] "GET /manager-page/api/snapshot.php?id=12&t=0.7176559534079615 HTTP/1.1" 200 37192 "http://192.168.60.79/manager-page/home-1.php" "Mozilla/5.0 (Windows NT 10.0; Win64; x64) AppleWebKit/537.36 (KHTML, like Gecko) Chrome/143.0.0.0 Safari/537.36 Edg/143.0.0.0"
172.16.36.181 - - [17/Dec/2025:08:56:43 +0800] "GET /manager-page/api/snapshot.php?id=11&t=0.15662728883364818 HTTP/1.1" 200 31111 "http://192.168.60.79/manager-page/home-1.php" "Mozilla/5.0 (Windows NT 10.0; Win64; x64) AppleWebKit/537.36 (KHTML, like Gecko) Chrome/143.0.0.0 Safari/537.36 Edg/143.0.0.0"
172.16.36.181 - - [17/Dec/2025:08:56:43 +0800] "GET /manager-page/api/snapshot.php?id=12&t=0.06554586412522612 HTTP/1.1" 200 37202 "http://192.168.60.79/manager-page/home-1.php" "Mozilla/5.0 (Windows NT 10.0; Win64; x64) AppleWebKit/537.36 (KHTML, like Gecko) Chrome/143.0.0.0 Safari/537.36 Edg/143.0.0.0"
127.0.0.1 - - [17/Dec/2025:08:56:51 +0800] "POST /robot/et-7026-in.php HTTP/1.1" 200 - "-" "python-requests/2.32.2"
172.16.36.181 - - [17/Dec/2025:08:56:48 +0800] "GET /manager-page/api/snapshot.php?id=11&t=0.5925688368400865 HTTP/1.1" 200 31180 "http://192.168.60.79/manager-page/home-1.php" "Mozilla/5.0 (Windows NT 10.0; Win64; x64) AppleWebKit/537.36 (KHTML, like Gecko) Chrome/143.0.0.0 Safari/537.36 Edg/143.0.0.0"
172.16.36.181 - - [17/Dec/2025:08:56:48 +0800] "GET /manager-page/api/snapshot.php?id=12&t=0.9760535353196724 HTTP/1.1" 200 37355 "http://192.168.60.79/manager-page/home-1.php" "Mozilla/5.0 (Windows NT 10.0; Win64; x64) AppleWebKit/537.36 (KHTML, like Gecko) Chrome/143.0.0.0 Safari/537.36 Edg/143.0.0.0"
172.16.36.181 - - [17/Dec/2025:08:56:53 +0800] "GET /manager-page/api/snapshot.php?id=11&t=0.38345671271642834 HTTP/1.1" 200 31184 "http://192.168.60.79/manager-page/home-1.php" "Mozilla/5.0 (Windows NT 10.0; Win64; x64) AppleWebKit/537.36 (KHTML, like Gecko) Chrome/143.0.0.0 Safari/537.36 Edg/143.0.0.0"
172.16.36.181 - - [17/Dec/2025:08:56:53 +0800] "GET /manager-page/api/snapshot.php?id=12&t=0.7125667546026148 HTTP/1.1" 200 38748 "http://192.168.60.79/manager-page/home-1.php" "Mozilla/5.0 (Windows NT 10.0; Win64; x64) AppleWebKit/537.36 (KHTML, like Gecko) Chrome/143.0.0.0 Safari/537.36 Edg/143.0.0.0"
172.16.36.181 - - [17/Dec/2025:08:56:58 +0800] "GET /manager-page/api/snapshot.php?id=12&t=0.9719986784572878 HTTP/1.1" 200 37178 "http://192.168.60.79/manager-page/home-1.php" "Mozilla/5.0 (Windows NT 10.0; Win64; x64) AppleWebKit/537.36 (KHTML, like Gecko) Chrome/143.0.0.0 Safari/537.36 Edg/143.0.0.0"
172.16.36.181 - - [17/Dec/2025:08:56:58 +0800] "GET /manager-page/api/snapshot.php?id=11&t=0.6772988406662587 HTTP/1.1" 200 31170 "http://192.168.60.79/manager-page/home-1.php" "Mozilla/5.0 (Windows NT 10.0; Win64; x64) AppleWebKit/537.36 (KHTML, like Gecko) Chrome/143.0.0.0 Safari/537.36 Edg/143.0.0.0"
111.70.30.253 - - [17/Dec/2025:08:56:59 +0800] "POST /robot/lora-in.php HTTP/1.1" 200 - "-" "python-requests/2.21.0"
127.0.0.1 - - [17/Dec/2025:08:57:00 +0800] "GET /robot/alarm-history-in.php HTTP/1.1" 200 - "-" "python-requests/2.28.1"
111.70.30.250 - - [17/Dec/2025:08:57:06 +0800] "POST /robot/lora-in.php HTTP/1.1" 200 - "-" "python-requests/2.21.0"
127.0.0.1 - - [17/Dec/2025:08:57:33 +0800] "GET /get-setting.json HTTP/1.1" 200 2314 "-" "python-requests/2.31.0"
127.0.0.1 - - [17/Dec/2025:08:57:33 +0800] "POST /robot/lora-in.php HTTP/1.1" 200 - "-" "python-requests/2.31.0"
127.0.0.1 - - [17/Dec/2025:08:57:42 +0800] "POST /robot/lora-in.php HTTP/1.1" 200 - "-" "python-requests/2.31.0"
127.0.0.1 - - [17/Dec/2025:08:57:50 +0800] "POST /robot/lora-in.php HTTP/1.1" 200 - "-" "python-requests/2.31.0"
172.16.36.181 - - [17/Dec/2025:08:57:51 +0800] "GET /manager-page/api/snapshot.php?id=11&t=0.9917436429919952 HTTP/1.1" 200 31458 "http://192.168.60.79/manager-page/home-1.php" "Mozilla/5.0 (Windows NT 10.0; Win64; x64) AppleWebKit/537.36 (KHTML, like Gecko) Chrome/143.0.0.0 Safari/537.36 Edg/143.0.0.0"
172.16.36.181 - - [17/Dec/2025:08:57:51 +0800] "GET /manager-page/api/snapshot.php?id=12&t=0.7680905766748771 HTTP/1.1" 200 37073 "http://192.168.60.79/manager-page/home-1.php" "Mozilla/5.0 (Windows NT 10.0; Win64; x64) AppleWebKit/537.36 (KHTML, like Gecko) Chrome/143.0.0.0 Safari/537.36 Edg/143.0.0.0"
127.0.0.1 - - [17/Dec/2025:08:57:57 +0800] "POST /robot/et-7026-in.php HTTP/1.1" 200 - "-" "python-requests/2.32.2"
127.0.0.1 - - [17/Dec/2025:08:57:59 +0800] "POST /robot/lora-in.php HTTP/1.1" 200 - "-" "python-requests/2.31.0"
127.0.0.1 - - [17/Dec/2025:08:58:00 +0800] "GET /robot/alarm-history-in.php HTTP/1.1" 200 - "-" "python-requests/2.28.1"
127.0.0.1 - - [17/Dec/2025:08:58:09 +0800] "POST /robot/lora-in.php HTTP/1.1" 200 - "-" "python-requests/2.31.0"
127.0.0.1 - - [17/Dec/2025:08:58:14 +0800] "POST /robot/lora-in.php HTTP/1.1" 200 - "-" "python-requests/2.31.0"
127.0.0.1 - - [17/Dec/2025:08:58:22 +0800] "POST /robot/lora-in.php HTTP/1.1" 200 - "-" "python-requests/2.31.0"
127.0.0.1 - - [17/Dec/2025:08:58:32 +0800] "POST /robot/lora-in.php HTTP/1.1" 200 - "-" "python-requests/2.31.0"
172.16.36.181 - - [17/Dec/2025:08:58:51 +0800] "GET /manager-page/api/snapshot.php?id=12&t=0.6019708986880422 HTTP/1.1" 200 37213 "http://192.168.60.79/manager-page/home-1.php" "Mozilla/5.0 (Windows NT 10.0; Win64; x64) AppleWebKit/537.36 (KHTML, like Gecko) Chrome/143.0.0.0 Safari/537.36 Edg/143.0.0.0"
172.16.36.181 - - [17/Dec/2025:08:58:51 +0800] "GET /manager-page/api/snapshot.php?id=11&t=0.7313582312657109 HTTP/1.1" 200 31911 "http://192.168.60.79/manager-page/home-1.php" "Mozilla/5.0 (Windows NT 10.0; Win64; x64) AppleWebKit/537.36 (KHTML, like Gecko) Chrome/143.0.0.0 Safari/537.36 Edg/143.0.0.0"
127.0.0.1 - - [17/Dec/2025:08:59:00 +0800] "GET /robot/alarm-history-in.php HTTP/1.1" 200 - "-" "python-requests/2.28.1"
111.70.30.251 - - [17/Dec/2025:08:59:52 +0800] "POST /robot/lora-in.php HTTP/1.1" 200 - "-" "python-requests/2.21.0"
172.16.36.181 - - [17/Dec/2025:08:59:51 +0800] "GET /manager-page/api/snapshot.php?id=11&t=0.9466757567021195 HTTP/1.1" 200 32690 "http://192.168.60.79/manager-page/home-1.php" "Mozilla/5.0 (Windows NT 10.0; Win64; x64) AppleWebKit/537.36 (KHTML, like Gecko) Chrome/143.0.0.0 Safari/537.36 Edg/143.0.0.0"
172.16.36.181 - - [17/Dec/2025:08:59:51 +0800] "GET /manager-page/api/snapshot.php?id=12&t=0.5179097563197648 HTTP/1.1" 200 37440 "http://192.168.60.79/manager-page/home-1.php" "Mozilla/5.0 (Windows NT 10.0; Win64; x64) AppleWebKit/537.36 (KHTML, like Gecko) Chrome/143.0.0.0 Safari/537.36 Edg/143.0.0.0"
127.0.0.1 - - [17/Dec/2025:09:00:00 +0800] "GET /robot/alarm-history-in.php HTTP/1.1" 200 - "-" "python-requests/2.28.1"
172.16.36.181 - - [17/Dec/2025:09:00:51 +0800] "GET /manager-page/api/snapshot.php?id=12&t=0.6422992120002118 HTTP/1.1" 200 38003 "http://192.168.60.79/manager-page/home-1.php" "Mozilla/5.0 (Windows NT 10.0; Win64; x64) AppleWebKit/537.36 (KHTML, like Gecko) Chrome/143.0.0.0 Safari/537.36 Edg/143.0.0.0"
172.16.36.181 - - [17/Dec/2025:09:00:51 +0800] "GET /manager-page/api/snapshot.php?id=11&t=0.4301258441126736 HTTP/1.1" 200 33777 "http://192.168.60.79/manager-page/home-1.php" "Mozilla/5.0 (Windows NT 10.0; Win64; x64) AppleWebKit/537.36 (KHTML, like Gecko) Chrome/143.0.0.0 Safari/537.36 Edg/143.0.0.0"
127.0.0.1 - - [17/Dec/2025:09:01:00 +0800] "GET /robot/alarm-history-in.php HTTP/1.1" 200 - "-" "python-requests/2.28.1"
172.16.36.181 - - [17/Dec/2025:09:01:51 +0800] "GET /manager-page/api/snapshot.php?id=11&t=0.7064151161593575 HTTP/1.1" 200 32689 "http://192.168.60.79/manager-page/home-1.php" "Mozilla/5.0 (Windows NT 10.0; Win64; x64) AppleWebKit/537.36 (KHTML, like Gecko) Chrome/143.0.0.0 Safari/537.36 Edg/143.0.0.0"
172.16.36.181 - - [17/Dec/2025:09:01:51 +0800] "GET /manager-page/api/snapshot.php?id=12&t=0.3392207950473861 HTTP/1.1" 200 37975 "http://192.168.60.79/manager-page/home-1.php" "Mozilla/5.0 (Windows NT 10.0; Win64; x64) AppleWebKit/537.36 (KHTML, like Gecko) Chrome/143.0.0.0 Safari/537.36 Edg/143.0.0.0"
127.0.0.1 - - [17/Dec/2025:09:02:00 +0800] "GET /robot/alarm-history-in.php HTTP/1.1" 200 - "-" "python-requests/2.28.1"
127.0.0.1 - - [17/Dec/2025:09:02:26 +0800] "POST /robot/et-7026-in.php HTTP/1.1" 200 - "-" "python-requests/2.32.2"
172.16.36.181 - - [17/Dec/2025:09:02:51 +0800] "GET /manager-page/api/snapshot.php?id=11&t=0.9956820145703728 HTTP/1.1" 200 32901 "http://192.168.60.79/manager-page/home-1.php" "Mozilla/5.0 (Windows NT 10.0; Win64; x64) AppleWebKit/537.36 (KHTML, like Gecko) Chrome/143.0.0.0 Safari/537.36 Edg/143.0.0.0"
172.16.36.181 - - [17/Dec/2025:09:02:51 +0800] "GET /manager-page/api/snapshot.php?id=12&t=0.1887167210184204 HTTP/1.1" 200 38288 "http://192.168.60.79/manager-page/home-1.php" "Mozilla/5.0 (Windows NT 10.0; Win64; x64) AppleWebKit/537.36 (KHTML, like Gecko) Chrome/143.0.0.0 Safari/537.36 Edg/143.0.0.0"
127.0.0.1 - - [17/Dec/2025:09:03:00 +0800] "GET /robot/alarm-history-in.php HTTP/1.1" 200 - "-" "python-requests/2.28.1"
172.16.36.181 - - [17/Dec/2025:09:03:51 +0800] "GET /manager-page/api/snapshot.php?id=11&t=0.2633206312350842 HTTP/1.1" 200 33295 "http://192.168.60.79/manager-page/home-1.php" "Mozilla/5.0 (Windows NT 10.0; Win64; x64) AppleWebKit/537.36 (KHTML, like Gecko) Chrome/143.0.0.0 Safari/537.36 Edg/143.0.0.0"
172.16.36.181 - - [17/Dec/2025:09:03:51 +0800] "GET /manager-page/api/snapshot.php?id=12&t=0.3809307900443283 HTTP/1.1" 200 39157 "http://192.168.60.79/manager-page/home-1.php" "Mozilla/5.0 (Windows NT 10.0; Win64; x64) AppleWebKit/537.36 (KHTML, like Gecko) Chrome/143.0.0.0 Safari/537.36 Edg/143.0.0.0"
127.0.0.1 - - [17/Dec/2025:09:04:00 +0800] "GET /robot/alarm-history-in.php HTTP/1.1" 200 - "-" "python-requests/2.28.1"
111.70.30.252 - - [17/Dec/2025:09:04:12 +0800] "POST /robot/lora-in.php HTTP/1.1" 200 - "-" "python-requests/2.21.0"
172.16.36.181 - - [17/Dec/2025:09:04:51 +0800] "GET /manager-page/api/snapshot.php?id=11&t=0.6081496147743701 HTTP/1.1" 200 33797 "http://192.168.60.79/manager-page/home-1.php" "Mozilla/5.0 (Windows NT 10.0; Win64; x64) AppleWebKit/537.36 (KHTML, like Gecko) Chrome/143.0.0.0 Safari/537.36 Edg/143.0.0.0"
172.16.36.181 - - [17/Dec/2025:09:04:51 +0800] "GET /manager-page/api/snapshot.php?id=12&t=0.10818348899655661 HTTP/1.1" 200 39885 "http://192.168.60.79/manager-page/home-1.php" "Mozilla/5.0 (Windows NT 10.0; Win64; x64) AppleWebKit/537.36 (KHTML, like Gecko) Chrome/143.0.0.0 Safari/537.36 Edg/143.0.0.0"
127.0.0.1 - - [17/Dec/2025:09:05:00 +0800] "GET /robot/alarm-history-in.php HTTP/1.1" 200 - "-" "python-requests/2.28.1"
111.70.30.250 - - [17/Dec/2025:09:05:42 +0800] "POST /robot/lora-in.php HTTP/1.1" 200 - "-" "python-requests/2.21.0"
111.70.30.253 - - [17/Dec/2025:09:05:49 +0800] "POST /robot/lora-in.php HTTP/1.1" 200 - "-" "python-requests/2.21.0"
172.16.36.181 - - [17/Dec/2025:09:05:51 +0800] "GET /manager-page/api/snapshot.php?id=12&t=0.2853473844994878 HTTP/1.1" 200 38342 "http://192.168.60.79/manager-page/home-1.php" "Mozilla/5.0 (Windows NT 10.0; Win64; x64) AppleWebKit/537.36 (KHTML, like Gecko) Chrome/143.0.0.0 Safari/537.36 Edg/143.0.0.0"
172.16.36.181 - - [17/Dec/2025:09:05:51 +0800] "GET /manager-page/api/snapshot.php?id=11&t=0.03337413472250472 HTTP/1.1" 200 32914 "http://192.168.60.79/manager-page/home-1.php" "Mozilla/5.0 (Windows NT 10.0; Win64; x64) AppleWebKit/537.36 (KHTML, like Gecko) Chrome/143.0.0.0 Safari/537.36 Edg/143.0.0.0"
127.0.0.1 - - [17/Dec/2025:09:06:00 +0800] "GET /robot/alarm-history-in.php HTTP/1.1" 200 - "-" "python-requests/2.28.1"
127.0.0.1 - - [17/Dec/2025:09:06:23 +0800] "POST /robot/et-7026-in.php HTTP/1.1" 200 - "-" "python-requests/2.32.2"
127.0.0.1 - - [17/Dec/2025:09:06:51 +0800] "POST /robot/et-7026-in.php HTTP/1.1" 200 - "-" "python-requests/2.32.2"
172.16.36.181 - - [17/Dec/2025:09:06:51 +0800] "GET /manager-page/api/snapshot.php?id=11&t=0.12906079020049577 HTTP/1.1" 200 32679 "http://192.168.60.79/manager-page/home-1.php" "Mozilla/5.0 (Windows NT 10.0; Win64; x64) AppleWebKit/537.36 (KHTML, like Gecko) Chrome/143.0.0.0 Safari/537.36 Edg/143.0.0.0"
172.16.36.181 - - [17/Dec/2025:09:06:51 +0800] "GET /manager-page/api/snapshot.php?id=12&t=0.6985117024000529 HTTP/1.1" 200 38463 "http://192.168.60.79/manager-page/home-1.php" "Mozilla/5.0 (Windows NT 10.0; Win64; x64) AppleWebKit/537.36 (KHTML, like Gecko) Chrome/143.0.0.0 Safari/537.36 Edg/143.0.0.0"
127.0.0.1 - - [17/Dec/2025:09:07:00 +0800] "GET /robot/alarm-history-in.php HTTP/1.1" 200 - "-" "python-requests/2.28.1"
127.0.0.1 - - [17/Dec/2025:09:07:33 +0800] "GET /get-setting.json HTTP/1.1" 200 2314 "-" "python-requests/2.31.0"
127.0.0.1 - - [17/Dec/2025:09:07:33 +0800] "POST /robot/lora-in.php HTTP/1.1" 200 - "-" "python-requests/2.31.0"
127.0.0.1 - - [17/Dec/2025:09:07:36 +0800] "POST /robot/lora-in.php HTTP/1.1" 200 - "-" "python-requests/2.31.0"
127.0.0.1 - - [17/Dec/2025:09:07:45 +0800] "POST /robot/lora-in.php HTTP/1.1" 200 - "-" "python-requests/2.31.0"
127.0.0.1 - - [17/Dec/2025:09:07:50 +0800] "POST /robot/lora-in.php HTTP/1.1" 200 - "-" "python-requests/2.31.0"
172.16.36.181 - - [17/Dec/2025:09:07:51 +0800] "GET /manager-page/api/snapshot.php?id=12&t=0.0053625567124413465 HTTP/1.1" 200 38709 "http://192.168.60.79/manager-page/home-1.php" "Mozilla/5.0 (Windows NT 10.0; Win64; x64) AppleWebKit/537.36 (KHTML, like Gecko) Chrome/143.0.0.0 Safari/537.36 Edg/143.0.0.0"
127.0.0.1 - - [17/Dec/2025:09:07:52 +0800] "POST /robot/lora-in.php HTTP/1.1" 200 - "-" "python-requests/2.31.0"
172.16.36.181 - - [17/Dec/2025:09:07:51 +0800] "GET /manager-page/api/snapshot.php?id=11&t=0.8177347493125366 HTTP/1.1" 200 32669 "http://192.168.60.79/manager-page/home-1.php" "Mozilla/5.0 (Windows NT 10.0; Win64; x64) AppleWebKit/537.36 (KHTML, like Gecko) Chrome/143.0.0.0 Safari/537.36 Edg/143.0.0.0"
127.0.0.1 - - [17/Dec/2025:09:07:57 +0800] "POST /robot/et-7026-in.php HTTP/1.1" 200 - "-" "python-requests/2.32.2"
127.0.0.1 - - [17/Dec/2025:09:08:00 +0800] "GET /robot/alarm-history-in.php HTTP/1.1" 200 - "-" "python-requests/2.28.1"
127.0.0.1 - - [17/Dec/2025:09:08:00 +0800] "POST /robot/lora-in.php HTTP/1.1" 200 - "-" "python-requests/2.31.0"
127.0.0.1 - - [17/Dec/2025:09:08:04 +0800] "POST /robot/lora-in.php HTTP/1.1" 200 - "-" "python-requests/2.31.0"
127.0.0.1 - - [17/Dec/2025:09:08:12 +0800] "POST /robot/lora-in.php HTTP/1.1" 200 - "-" "python-requests/2.31.0"
111.70.30.251 - - [17/Dec/2025:09:08:28 +0800] "POST /robot/lora-in.php HTTP/1.1" 200 - "-" "python-requests/2.21.0"
172.16.36.181 - - [17/Dec/2025:09:08:51 +0800] "GET /manager-page/api/snapshot.php?id=12&t=0.8726794302132842 HTTP/1.1" 200 38281 "http://192.168.60.79/manager-page/home-1.php" "Mozilla/5.0 (Windows NT 10.0; Win64; x64) AppleWebKit/537.36 (KHTML, like Gecko) Chrome/143.0.0.0 Safari/537.36 Edg/143.0.0.0"
172.16.36.181 - - [17/Dec/2025:09:08:51 +0800] "GET /manager-page/api/snapshot.php?id=11&t=0.4704074451666932 HTTP/1.1" 200 32616 "http://192.168.60.79/manager-page/home-1.php" "Mozilla/5.0 (Windows NT 10.0; Win64; x64) AppleWebKit/537.36 (KHTML, like Gecko) Chrome/143.0.0.0 Safari/537.36 Edg/143.0.0.0"
172.16.36.181 - - [17/Dec/2025:09:08:58 +0800] "GET /manager-page/api/snapshot.php?id=11&t=0.6433428543263748 HTTP/1.1" 200 32558 "http://192.168.60.79/manager-page/home-1.php" "Mozilla/5.0 (Windows NT 10.0; Win64; x64) AppleWebKit/537.36 (KHTML, like Gecko) Chrome/143.0.0.0 Safari/537.36 Edg/143.0.0.0"
172.16.36.181 - - [17/Dec/2025:09:08:58 +0800] "GET /manager-page/api/snapshot.php?id=12&t=0.5677179809230672 HTTP/1.1" 200 38240 "http://192.168.60.79/manager-page/home-1.php" "Mozilla/5.0 (Windows NT 10.0; Win64; x64) AppleWebKit/537.36 (KHTML, like Gecko) Chrome/143.0.0.0 Safari/537.36 Edg/143.0.0.0"
172.16.36.181 - - [17/Dec/2025:09:09:00 +0800] "GET /manager-page/alarm/2-1.jpg?t=1724308943 HTTP/1.1" 200 195810 "http://192.168.60.79/manager-page/home-2.php" "Mozilla/5.0 (Windows NT 10.0; Win64; x64) AppleWebKit/537.36 (KHTML, like Gecko) Chrome/143.0.0.0 Safari/537.36 Edg/143.0.0.0"
172.16.36.181 - - [17/Dec/2025:09:09:00 +0800] "GET /manager-page/alarm/2-2.jpg?t=319877416 HTTP/1.1" 200 443979 "http://192.168.60.79/manager-page/home-2.php" "Mozilla/5.0 (Windows NT 10.0; Win64; x64) AppleWebKit/537.36 (KHTML, like Gecko) Chrome/143.0.0.0 Safari/537.36 Edg/143.0.0.0"
127.0.0.1 - - [17/Dec/2025:09:09:00 +0800] "GET /robot/alarm-history-in.php HTTP/1.1" 200 - "-" "python-requests/2.28.1"
172.16.36.181 - - [17/Dec/2025:09:08:59 +0800] "GET /manager-page/home-2.php HTTP/1.1" 200 27470 "http://192.168.60.79/manager-page/home-1.php" "Mozilla/5.0 (Windows NT 10.0; Win64; x64) AppleWebKit/537.36 (KHTML, like Gecko) Chrome/143.0.0.0 Safari/537.36 Edg/143.0.0.0"
172.16.36.181 - - [17/Dec/2025:09:09:00 +0800] "GET /manager-page/api/snapshot.php?id=21 HTTP/1.1" 500 - "http://192.168.60.79/manager-page/home-2.php" "Mozilla/5.0 (Windows NT 10.0; Win64; x64) AppleWebKit/537.36 (KHTML, like Gecko) Chrome/143.0.0.0 Safari/537.36 Edg/143.0.0.0"
172.16.36.181 - - [17/Dec/2025:09:09:00 +0800] "GET /manager-page/api/snapshot.php?id=22 HTTP/1.1" 500 - "http://192.168.60.79/manager-page/home-2.php" "Mozilla/5.0 (Windows NT 10.0; Win64; x64) AppleWebKit/537.36 (KHTML, like Gecko) Chrome/143.0.0.0 Safari/537.36 Edg/143.0.0.0"
172.16.36.181 - - [17/Dec/2025:09:09:06 +0800] "GET /manager-page/live/2-1.jpg HTTP/1.1" 200 46321 "http://192.168.60.79/manager-page/home-2.php" "Mozilla/5.0 (Windows NT 10.0; Win64; x64) AppleWebKit/537.36 (KHTML, like Gecko) Chrome/143.0.0.0 Safari/537.36 Edg/143.0.0.0"
172.16.36.181 - - [17/Dec/2025:09:09:06 +0800] "GET /manager-page/live/2-2.jpg HTTP/1.1" 200 39445 "http://192.168.60.79/manager-page/home-2.php" "Mozilla/5.0 (Windows NT 10.0; Win64; x64) AppleWebKit/537.36 (KHTML, like Gecko) Chrome/143.0.0.0 Safari/537.36 Edg/143.0.0.0"
172.16.36.181 - - [17/Dec/2025:09:09:06 +0800] "GET /manager-page/api/cms-status2.php HTTP/1.1" 200 11 "http://192.168.60.79/manager-page/home-2.php" "Mozilla/5.0 (Windows NT 10.0; Win64; x64) AppleWebKit/537.36 (KHTML, like Gecko) Chrome/143.0.0.0 Safari/537.36 Edg/143.0.0.0"
172.16.36.181 - - [17/Dec/2025:09:09:06 +0800] "GET /manager-page/img/on1.png HTTP/1.1" 200 14424 "http://192.168.60.79/manager-page/home-2.php" "Mozilla/5.0 (Windows NT 10.0; Win64; x64) AppleWebKit/537.36 (KHTML, like Gecko) Chrome/143.0.0.0 Safari/537.36 Edg/143.0.0.0"
172.16.36.181 - - [17/Dec/2025:09:09:06 +0800] "GET /manager-page/api/lp-status2.php HTTP/1.1" 200 1 "http://192.168.60.79/manager-page/home-2.php" "Mozilla/5.0 (Windows NT 10.0; Win64; x64) AppleWebKit/537.36 (KHTML, like Gecko) Chrome/143.0.0.0 Safari/537.36 Edg/143.0.0.0"
172.16.36.181 - - [17/Dec/2025:09:09:11 +0800] "GET /manager-page/api/snapshot.php?id=21&t=0.4009016869860429 HTTP/1.1" 200 46304 "http://192.168.60.79/manager-page/home-2.php" "Mozilla/5.0 (Windows NT 10.0; Win64; x64) AppleWebKit/537.36 (KHTML, like Gecko) Chrome/143.0.0.0 Safari/537.36 Edg/143.0.0.0"
172.16.36.181 - - [17/Dec/2025:09:09:11 +0800] "GET /manager-page/api/snapshot.php?id=22&t=0.5680854539180955 HTTP/1.1" 200 39599 "http://192.168.60.79/manager-page/home-2.php" "Mozilla/5.0 (Windows NT 10.0; Win64; x64) AppleWebKit/537.36 (KHTML, like Gecko) Chrome/143.0.0.0 Safari/537.36 Edg/143.0.0.0"
172.16.36.181 - - [17/Dec/2025:09:09:16 +0800] "GET /manager-page/api/snapshot.php?id=21&t=0.1346986096842927 HTTP/1.1" 200 46450 "http://192.168.60.79/manager-page/home-2.php" "Mozilla/5.0 (Windows NT 10.0; Win64; x64) AppleWebKit/537.36 (KHTML, like Gecko) Chrome/143.0.0.0 Safari/537.36 Edg/143.0.0.0"
172.16.36.181 - - [17/Dec/2025:09:09:16 +0800] "GET /manager-page/api/snapshot.php?id=22&t=0.21170228959784854 HTTP/1.1" 200 39562 "http://192.168.60.79/manager-page/home-2.php" "Mozilla/5.0 (Windows NT 10.0; Win64; x64) AppleWebKit/537.36 (KHTML, like Gecko) Chrome/143.0.0.0 Safari/537.36 Edg/143.0.0.0"
172.16.36.181 - - [17/Dec/2025:09:09:21 +0800] "GET /manager-page/api/snapshot.php?id=22&t=0.7343874703932569 HTTP/1.1" 200 39619 "http://192.168.60.79/manager-page/home-2.php" "Mozilla/5.0 (Windows NT 10.0; Win64; x64) AppleWebKit/537.36 (KHTML, like Gecko) Chrome/143.0.0.0 Safari/537.36 Edg/143.0.0.0"
172.16.36.181 - - [17/Dec/2025:09:09:21 +0800] "GET /manager-page/api/snapshot.php?id=21&t=0.06942630072514433 HTTP/1.1" 200 46489 "http://192.168.60.79/manager-page/home-2.php" "Mozilla/5.0 (Windows NT 10.0; Win64; x64) AppleWebKit/537.36 (KHTML, like Gecko) Chrome/143.0.0.0 Safari/537.36 Edg/143.0.0.0"
172.16.36.181 - - [17/Dec/2025:09:09:26 +0800] "GET /manager-page/api/snapshot.php?id=21&t=0.7942141772163412 HTTP/1.1" 200 46450 "http://192.168.60.79/manager-page/home-2.php" "Mozilla/5.0 (Windows NT 10.0; Win64; x64) AppleWebKit/537.36 (KHTML, like Gecko) Chrome/143.0.0.0 Safari/537.36 Edg/143.0.0.0"
172.16.36.181 - - [17/Dec/2025:09:09:26 +0800] "GET /manager-page/api/snapshot.php?id=22&t=0.7666871189520564 HTTP/1.1" 200 39578 "http://192.168.60.79/manager-page/home-2.php" "Mozilla/5.0 (Windows NT 10.0; Win64; x64) AppleWebKit/537.36 (KHTML, like Gecko) Chrome/143.0.0.0 Safari/537.36 Edg/143.0.0.0"
172.16.36.181 - - [17/Dec/2025:09:09:31 +0800] "GET /manager-page/api/snapshot.php?id=22&t=0.5106829297603567 HTTP/1.1" 200 39587 "http://192.168.60.79/manager-page/home-2.php" "Mozilla/5.0 (Windows NT 10.0; Win64; x64) AppleWebKit/537.36 (KHTML, like Gecko) Chrome/143.0.0.0 Safari/537.36 Edg/143.0.0.0"
172.16.36.181 - - [17/Dec/2025:09:09:31 +0800] "GET /manager-page/api/snapshot.php?id=21&t=0.6796979462172694 HTTP/1.1" 200 46532 "http://192.168.60.79/manager-page/home-2.php" "Mozilla/5.0 (Windows NT 10.0; Win64; x64) AppleWebKit/537.36 (KHTML, like Gecko) Chrome/143.0.0.0 Safari/537.36 Edg/143.0.0.0"
172.16.36.181 - - [17/Dec/2025:09:09:36 +0800] "GET /manager-page/api/snapshot.php?id=22&t=0.9913273509244672 HTTP/1.1" 200 39618 "http://192.168.60.79/manager-page/home-2.php" "Mozilla/5.0 (Windows NT 10.0; Win64; x64) AppleWebKit/537.36 (KHTML, like Gecko) Chrome/143.0.0.0 Safari/537.36 Edg/143.0.0.0"
172.16.36.181 - - [17/Dec/2025:09:09:36 +0800] "GET /manager-page/api/snapshot.php?id=21&t=0.9554356151125586 HTTP/1.1" 200 46594 "http://192.168.60.79/manager-page/home-2.php" "Mozilla/5.0 (Windows NT 10.0; Win64; x64) AppleWebKit/537.36 (KHTML, like Gecko) Chrome/143.0.0.0 Safari/537.36 Edg/143.0.0.0"
172.16.36.181 - - [17/Dec/2025:09:09:41 +0800] "GET /manager-page/api/snapshot.php?id=21&t=0.5734951028141141 HTTP/1.1" 200 46641 "http://192.168.60.79/manager-page/home-2.php" "Mozilla/5.0 (Windows NT 10.0; Win64; x64) AppleWebKit/537.36 (KHTML, like Gecko) Chrome/143.0.0.0 Safari/537.36 Edg/143.0.0.0"
172.16.36.181 - - [17/Dec/2025:09:09:41 +0800] "GET /manager-page/api/snapshot.php?id=22&t=0.7922862347991267 HTTP/1.1" 200 39625 "http://192.168.60.79/manager-page/home-2.php" "Mozilla/5.0 (Windows NT 10.0; Win64; x64) AppleWebKit/537.36 (KHTML, like Gecko) Chrome/143.0.0.0 Safari/537.36 Edg/143.0.0.0"
172.16.36.181 - - [17/Dec/2025:09:09:46 +0800] "GET /manager-page/api/snapshot.php?id=21&t=0.19771735864629103 HTTP/1.1" 200 43886 "http://192.168.60.79/manager-page/home-2.php" "Mozilla/5.0 (Windows NT 10.0; Win64; x64) AppleWebKit/537.36 (KHTML, like Gecko) Chrome/143.0.0.0 Safari/537.36 Edg/143.0.0.0"
172.16.36.181 - - [17/Dec/2025:09:09:46 +0800] "GET /manager-page/api/snapshot.php?id=22&t=0.03391443978806541 HTTP/1.1" 200 39603 "http://192.168.60.79/manager-page/home-2.php" "Mozilla/5.0 (Windows NT 10.0; Win64; x64) AppleWebKit/537.36 (KHTML, like Gecko) Chrome/143.0.0.0 Safari/537.36 Edg/143.0.0.0"
172.16.36.181 - - [17/Dec/2025:09:09:51 +0800] "GET /manager-page/api/snapshot.php?id=22&t=0.1961592758989662 HTTP/1.1" 200 38965 "http://192.168.60.79/manager-page/home-2.php" "Mozilla/5.0 (Windows NT 10.0; Win64; x64) AppleWebKit/537.36 (KHTML, like Gecko) Chrome/143.0.0.0 Safari/537.36 Edg/143.0.0.0"
172.16.36.181 - - [17/Dec/2025:09:09:51 +0800] "GET /manager-page/api/snapshot.php?id=21&t=0.4999444809787309 HTTP/1.1" 200 46462 "http://192.168.60.79/manager-page/home-2.php" "Mozilla/5.0 (Windows NT 10.0; Win64; x64) AppleWebKit/537.36 (KHTML, like Gecko) Chrome/143.0.0.0 Safari/537.36 Edg/143.0.0.0"
172.16.36.181 - - [17/Dec/2025:09:09:56 +0800] "GET /manager-page/api/snapshot.php?id=22&t=0.006555147928316907 HTTP/1.1" 200 39688 "http://192.168.60.79/manager-page/home-2.php" "Mozilla/5.0 (Windows NT 10.0; Win64; x64) AppleWebKit/537.36 (KHTML, like Gecko) Chrome/143.0.0.0 Safari/537.36 Edg/143.0.0.0"
172.16.36.181 - - [17/Dec/2025:09:09:56 +0800] "GET /manager-page/api/snapshot.php?id=21&t=0.6382877746033785 HTTP/1.1" 200 46469 "http://192.168.60.79/manager-page/home-2.php" "Mozilla/5.0 (Windows NT 10.0; Win64; x64) AppleWebKit/537.36 (KHTML, like Gecko) Chrome/143.0.0.0 Safari/537.36 Edg/143.0.0.0"
127.0.0.1 - - [17/Dec/2025:09:10:00 +0800] "GET /robot/alarm-history-in.php HTTP/1.1" 200 - "-" "python-requests/2.28.1"
172.16.36.181 - - [17/Dec/2025:09:10:01 +0800] "GET /manager-page/api/snapshot.php?id=22&t=0.3456025629935675 HTTP/1.1" 200 39624 "http://192.168.60.79/manager-page/home-2.php" "Mozilla/5.0 (Windows NT 10.0; Win64; x64) AppleWebKit/537.36 (KHTML, like Gecko) Chrome/143.0.0.0 Safari/537.36 Edg/143.0.0.0"
172.16.36.181 - - [17/Dec/2025:09:10:01 +0800] "GET /manager-page/api/snapshot.php?id=21&t=0.20862800983694785 HTTP/1.1" 200 46486 "http://192.168.60.79/manager-page/home-2.php" "Mozilla/5.0 (Windows NT 10.0; Win64; x64) AppleWebKit/537.36 (KHTML, like Gecko) Chrome/143.0.0.0 Safari/537.36 Edg/143.0.0.0"
172.16.36.181 - - [17/Dec/2025:09:10:06 +0800] "GET /manager-page/api/snapshot.php?id=22&t=0.02691317673694471 HTTP/1.1" 200 39600 "http://192.168.60.79/manager-page/home-2.php" "Mozilla/5.0 (Windows NT 10.0; Win64; x64) AppleWebKit/537.36 (KHTML, like Gecko) Chrome/143.0.0.0 Safari/537.36 Edg/143.0.0.0"
172.16.36.181 - - [17/Dec/2025:09:10:06 +0800] "GET /manager-page/api/snapshot.php?id=21&t=0.2829587634151318 HTTP/1.1" 200 46448 "http://192.168.60.79/manager-page/home-2.php" "Mozilla/5.0 (Windows NT 10.0; Win64; x64) AppleWebKit/537.36 (KHTML, like Gecko) Chrome/143.0.0.0 Safari/537.36 Edg/143.0.0.0"
172.16.36.181 - - [17/Dec/2025:09:10:11 +0800] "GET /manager-page/api/snapshot.php?id=22&t=0.8694227123737861 HTTP/1.1" 200 39593 "http://192.168.60.79/manager-page/home-2.php" "Mozilla/5.0 (Windows NT 10.0; Win64; x64) AppleWebKit/537.36 (KHTML, like Gecko) Chrome/143.0.0.0 Safari/537.36 Edg/143.0.0.0"
172.16.36.181 - - [17/Dec/2025:09:10:11 +0800] "GET /manager-page/api/snapshot.php?id=21&t=0.5408354722751672 HTTP/1.1" 200 46435 "http://192.168.60.79/manager-page/home-2.php" "Mozilla/5.0 (Windows NT 10.0; Win64; x64) AppleWebKit/537.36 (KHTML, like Gecko) Chrome/143.0.0.0 Safari/537.36 Edg/143.0.0.0"
172.16.36.181 - - [17/Dec/2025:09:10:16 +0800] "GET /manager-page/api/snapshot.php?id=22&t=0.7446543610355467 HTTP/1.1" 200 39017 "http://192.168.60.79/manager-page/home-2.php" "Mozilla/5.0 (Windows NT 10.0; Win64; x64) AppleWebKit/537.36 (KHTML, like Gecko) Chrome/143.0.0.0 Safari/537.36 Edg/143.0.0.0"
172.16.36.181 - - [17/Dec/2025:09:10:16 +0800] "GET /manager-page/api/snapshot.php?id=21&t=0.9045345426601731 HTTP/1.1" 200 47225 "http://192.168.60.79/manager-page/home-2.php" "Mozilla/5.0 (Windows NT 10.0; Win64; x64) AppleWebKit/537.36 (KHTML, like Gecko) Chrome/143.0.0.0 Safari/537.36 Edg/143.0.0.0"
172.16.36.181 - - [17/Dec/2025:09:10:21 +0800] "GET /manager-page/api/snapshot.php?id=21&t=0.605296702987611 HTTP/1.1" 200 46607 "http://192.168.60.79/manager-page/home-2.php" "Mozilla/5.0 (Windows NT 10.0; Win64; x64) AppleWebKit/537.36 (KHTML, like Gecko) Chrome/143.0.0.0 Safari/537.36 Edg/143.0.0.0"
172.16.36.181 - - [17/Dec/2025:09:10:21 +0800] "GET /manager-page/api/snapshot.php?id=22&t=0.9619982028680392 HTTP/1.1" 200 39649 "http://192.168.60.79/manager-page/home-2.php" "Mozilla/5.0 (Windows NT 10.0; Win64; x64) AppleWebKit/537.36 (KHTML, like Gecko) Chrome/143.0.0.0 Safari/537.36 Edg/143.0.0.0"
172.16.36.181 - - [17/Dec/2025:09:10:51 +0800] "GET /manager-page/api/snapshot.php?id=21&t=0.6207201417247434 HTTP/1.1" 200 46518 "http://192.168.60.79/manager-page/home-2.php" "Mozilla/5.0 (Windows NT 10.0; Win64; x64) AppleWebKit/537.36 (KHTML, like Gecko) Chrome/143.0.0.0 Safari/537.36 Edg/143.0.0.0"
172.16.36.181 - - [17/Dec/2025:09:10:51 +0800] "GET /manager-page/api/snapshot.php?id=22&t=0.7870562830334041 HTTP/1.1" 200 39655 "http://192.168.60.79/manager-page/home-2.php" "Mozilla/5.0 (Windows NT 10.0; Win64; x64) AppleWebKit/537.36 (KHTML, like Gecko) Chrome/143.0.0.0 Safari/537.36 Edg/143.0.0.0"
127.0.0.1 - - [17/Dec/2025:09:11:00 +0800] "GET /robot/alarm-history-in.php HTTP/1.1" 200 - "-" "python-requests/2.28.1"
172.16.36.181 - - [17/Dec/2025:09:11:51 +0800] "GET /manager-page/api/snapshot.php?id=22&t=0.8175399038492568 HTTP/1.1" 200 39289 "http://192.168.60.79/manager-page/home-2.php" "Mozilla/5.0 (Windows NT 10.0; Win64; x64) AppleWebKit/537.36 (KHTML, like Gecko) Chrome/143.0.0.0 Safari/537.36 Edg/143.0.0.0"
172.16.36.181 - - [17/Dec/2025:09:11:51 +0800] "GET /manager-page/api/snapshot.php?id=21&t=0.8717702071725759 HTTP/1.1" 200 46487 "http://192.168.60.79/manager-page/home-2.php" "Mozilla/5.0 (Windows NT 10.0; Win64; x64) AppleWebKit/537.36 (KHTML, like Gecko) Chrome/143.0.0.0 Safari/537.36 Edg/143.0.0.0"
127.0.0.1 - - [17/Dec/2025:09:12:00 +0800] "GET /robot/alarm-history-in.php HTTP/1.1" 200 - "-" "python-requests/2.28.1"
127.0.0.1 - - [17/Dec/2025:09:12:29 +0800] "POST /robot/et-7026-in.php HTTP/1.1" 200 - "-" "python-requests/2.32.2"
172.16.36.181 - - [17/Dec/2025:09:12:51 +0800] "GET /manager-page/api/snapshot.php?id=21&t=0.24728193188599312 HTTP/1.1" 200 45735 "http://192.168.60.79/manager-page/home-2.php" "Mozilla/5.0 (Windows NT 10.0; Win64; x64) AppleWebKit/537.36 (KHTML, like Gecko) Chrome/143.0.0.0 Safari/537.36 Edg/143.0.0.0"
172.16.36.181 - - [17/Dec/2025:09:12:51 +0800] "GET /manager-page/api/snapshot.php?id=22&t=0.9243005526242661 HTTP/1.1" 200 39335 "http://192.168.60.79/manager-page/home-2.php" "Mozilla/5.0 (Windows NT 10.0; Win64; x64) AppleWebKit/537.36 (KHTML, like Gecko) Chrome/143.0.0.0 Safari/537.36 Edg/143.0.0.0"
127.0.0.1 - - [17/Dec/2025:09:13:00 +0800] "GET /robot/alarm-history-in.php HTTP/1.1" 200 - "-" "python-requests/2.28.1"
111.70.30.252 - - [17/Dec/2025:09:13:27 +0800] "POST /robot/lora-in.php HTTP/1.1" 200 - "-" "python-requests/2.21.0"
172.16.36.181 - - [17/Dec/2025:09:13:51 +0800] "GET /manager-page/api/snapshot.php?id=21&t=0.3543911620111021 HTTP/1.1" 200 46102 "http://192.168.60.79/manager-page/home-2.php" "Mozilla/5.0 (Windows NT 10.0; Win64; x64) AppleWebKit/537.36 (KHTML, like Gecko) Chrome/143.0.0.0 Safari/537.36 Edg/143.0.0.0"
172.16.36.181 - - [17/Dec/2025:09:13:51 +0800] "GET /manager-page/api/snapshot.php?id=22&t=0.8543787508376453 HTTP/1.1" 200 39080 "http://192.168.60.79/manager-page/home-2.php" "Mozilla/5.0 (Windows NT 10.0; Win64; x64) AppleWebKit/537.36 (KHTML, like Gecko) Chrome/143.0.0.0 Safari/537.36 Edg/143.0.0.0"
127.0.0.1 - - [17/Dec/2025:09:14:00 +0800] "GET /robot/alarm-history-in.php HTTP/1.1" 200 - "-" "python-requests/2.28.1"
111.70.30.250 - - [17/Dec/2025:09:14:18 +0800] "POST /robot/lora-in.php HTTP/1.1" 200 - "-" "python-requests/2.21.0"
111.70.30.253 - - [17/Dec/2025:09:14:32 +0800] "POST /robot/lora-in.php HTTP/1.1" 200 - "-" "python-requests/2.21.0"
172.16.36.181 - - [17/Dec/2025:09:14:51 +0800] "GET /manager-page/api/snapshot.php?id=21&t=0.9630604342284035 HTTP/1.1" 200 46259 "http://192.168.60.79/manager-page/home-2.php" "Mozilla/5.0 (Windows NT 10.0; Win64; x64) AppleWebKit/537.36 (KHTML, like Gecko) Chrome/143.0.0.0 Safari/537.36 Edg/143.0.0.0"
172.16.36.181 - - [17/Dec/2025:09:14:51 +0800] "GET /manager-page/api/snapshot.php?id=22&t=0.7970015854733519 HTTP/1.1" 200 39062 "http://192.168.60.79/manager-page/home-2.php" "Mozilla/5.0 (Windows NT 10.0; Win64; x64) AppleWebKit/537.36 (KHTML, like Gecko) Chrome/143.0.0.0 Safari/537.36 Edg/143.0.0.0"
127.0.0.1 - - [17/Dec/2025:09:15:00 +0800] "GET /robot/alarm-history-in.php HTTP/1.1" 200 - "-" "python-requests/2.28.1"
172.16.36.181 - - [17/Dec/2025:09:15:51 +0800] "GET /manager-page/api/snapshot.php?id=22&t=0.07384418541246252 HTTP/1.1" 200 39318 "http://192.168.60.79/manager-page/home-2.php" "Mozilla/5.0 (Windows NT 10.0; Win64; x64) AppleWebKit/537.36 (KHTML, like Gecko) Chrome/143.0.0.0 Safari/537.36 Edg/143.0.0.0"
172.16.36.181 - - [17/Dec/2025:09:15:51 +0800] "GET /manager-page/api/snapshot.php?id=21&t=0.1963360350353177 HTTP/1.1" 200 46195 "http://192.168.60.79/manager-page/home-2.php" "Mozilla/5.0 (Windows NT 10.0; Win64; x64) AppleWebKit/537.36 (KHTML, like Gecko) Chrome/143.0.0.0 Safari/537.36 Edg/143.0.0.0"
127.0.0.1 - - [17/Dec/2025:09:16:00 +0800] "GET /robot/alarm-history-in.php HTTP/1.1" 200 - "-" "python-requests/2.28.1"
127.0.0.1 - - [17/Dec/2025:09:16:24 +0800] "POST /robot/et-7026-in.php HTTP/1.1" 200 - "-" "python-requests/2.32.2"
172.16.36.181 - - [17/Dec/2025:09:16:51 +0800] "GET /manager-page/api/snapshot.php?id=21&t=0.6822633212663654 HTTP/1.1" 200 46494 "http://192.168.60.79/manager-page/home-2.php" "Mozilla/5.0 (Windows NT 10.0; Win64; x64) AppleWebKit/537.36 (KHTML, like Gecko) Chrome/143.0.0.0 Safari/537.36 Edg/143.0.0.0"
172.16.36.181 - - [17/Dec/2025:09:16:51 +0800] "GET /manager-page/api/snapshot.php?id=22&t=0.8579885251433553 HTTP/1.1" 200 39683 "http://192.168.60.79/manager-page/home-2.php" "Mozilla/5.0 (Windows NT 10.0; Win64; x64) AppleWebKit/537.36 (KHTML, like Gecko) Chrome/143.0.0.0 Safari/537.36 Edg/143.0.0.0"
127.0.0.1 - - [17/Dec/2025:09:16:54 +0800] "POST /robot/et-7026-in.php HTTP/1.1" 200 - "-" "python-requests/2.32.2"
127.0.0.1 - - [17/Dec/2025:09:17:00 +0800] "GET /robot/alarm-history-in.php HTTP/1.1" 200 - "-" "python-requests/2.28.1"
111.70.30.251 - - [17/Dec/2025:09:17:05 +0800] "POST /robot/lora-in.php HTTP/1.1" 200 - "-" "python-requests/2.21.0"
127.0.0.1 - - [17/Dec/2025:09:17:33 +0800] "GET /get-setting.json HTTP/1.1" 200 2314 "-" "python-requests/2.31.0"
127.0.0.1 - - [17/Dec/2025:09:17:33 +0800] "POST /robot/lora-in.php HTTP/1.1" 200 - "-" "python-requests/2.31.0"
127.0.0.1 - - [17/Dec/2025:09:17:42 +0800] "POST /robot/lora-in.php HTTP/1.1" 200 - "-" "python-requests/2.31.0"
127.0.0.1 - - [17/Dec/2025:09:17:44 +0800] "POST /robot/lora-in.php HTTP/1.1" 200 - "-" "python-requests/2.31.0"
172.16.36.181 - - [17/Dec/2025:09:17:51 +0800] "GET /manager-page/api/snapshot.php?id=21&t=0.8264247954889766 HTTP/1.1" 200 46837 "http://192.168.60.79/manager-page/home-2.php" "Mozilla/5.0 (Windows NT 10.0; Win64; x64) AppleWebKit/537.36 (KHTML, like Gecko) Chrome/143.0.0.0 Safari/537.36 Edg/143.0.0.0"
172.16.36.181 - - [17/Dec/2025:09:17:51 +0800] "GET /manager-page/api/snapshot.php?id=22&t=0.39325385382469913 HTTP/1.1" 200 39665 "http://192.168.60.79/manager-page/home-2.php" "Mozilla/5.0 (Windows NT 10.0; Win64; x64) AppleWebKit/537.36 (KHTML, like Gecko) Chrome/143.0.0.0 Safari/537.36 Edg/143.0.0.0"
127.0.0.1 - - [17/Dec/2025:09:17:54 +0800] "POST /robot/lora-in.php HTTP/1.1" 200 - "-" "python-requests/2.31.0"
127.0.0.1 - - [17/Dec/2025:09:17:56 +0800] "POST /robot/lora-in.php HTTP/1.1" 200 - "-" "python-requests/2.31.0"
127.0.0.1 - - [17/Dec/2025:09:18:00 +0800] "POST /robot/et-7026-in.php HTTP/1.1" 200 - "-" "python-requests/2.32.2"
127.0.0.1 - - [17/Dec/2025:09:18:00 +0800] "GET /robot/alarm-history-in.php HTTP/1.1" 200 - "-" "python-requests/2.28.1"
127.0.0.1 - - [17/Dec/2025:09:18:06 +0800] "POST /robot/lora-in.php HTTP/1.1" 200 - "-" "python-requests/2.31.0"
127.0.0.1 - - [17/Dec/2025:09:18:14 +0800] "POST /robot/lora-in.php HTTP/1.1" 200 - "-" "python-requests/2.31.0"
127.0.0.1 - - [17/Dec/2025:09:18:15 +0800] "POST /robot/lora-in.php HTTP/1.1" 200 - "-" "python-requests/2.31.0"
172.16.36.181 - - [17/Dec/2025:09:18:51 +0800] "GET /manager-page/api/snapshot.php?id=21&t=0.948622974517012 HTTP/1.1" 200 46958 "http://192.168.60.79/manager-page/home-2.php" "Mozilla/5.0 (Windows NT 10.0; Win64; x64) AppleWebKit/537.36 (KHTML, like Gecko) Chrome/143.0.0.0 Safari/537.36 Edg/143.0.0.0"
172.16.36.181 - - [17/Dec/2025:09:18:51 +0800] "GET /manager-page/api/snapshot.php?id=22&t=0.018187829677134726 HTTP/1.1" 200 39409 "http://192.168.60.79/manager-page/home-2.php" "Mozilla/5.0 (Windows NT 10.0; Win64; x64) AppleWebKit/537.36 (KHTML, like Gecko) Chrome/143.0.0.0 Safari/537.36 Edg/143.0.0.0"
127.0.0.1 - - [17/Dec/2025:09:19:00 +0800] "GET /robot/alarm-history-in.php HTTP/1.1" 200 - "-" "python-requests/2.28.1"
172.16.36.181 - - [17/Dec/2025:09:19:51 +0800] "GET /manager-page/api/snapshot.php?id=22&t=0.7310267947854072 HTTP/1.1" 200 39556 "http://192.168.60.79/manager-page/home-2.php" "Mozilla/5.0 (Windows NT 10.0; Win64; x64) AppleWebKit/537.36 (KHTML, like Gecko) Chrome/143.0.0.0 Safari/537.36 Edg/143.0.0.0"
172.16.36.181 - - [17/Dec/2025:09:19:51 +0800] "GET /manager-page/api/snapshot.php?id=21&t=0.5295118624079325 HTTP/1.1" 200 46982 "http://192.168.60.79/manager-page/home-2.php" "Mozilla/5.0 (Windows NT 10.0; Win64; x64) AppleWebKit/537.36 (KHTML, like Gecko) Chrome/143.0.0.0 Safari/537.36 Edg/143.0.0.0"
127.0.0.1 - - [17/Dec/2025:09:20:00 +0800] "GET /robot/alarm-history-in.php HTTP/1.1" 200 - "-" "python-requests/2.28.1"
172.16.36.181 - - [17/Dec/2025:09:20:51 +0800] "GET /manager-page/api/snapshot.php?id=22&t=0.017937052764472883 HTTP/1.1" 200 39607 "http://192.168.60.79/manager-page/home-2.php" "Mozilla/5.0 (Windows NT 10.0; Win64; x64) AppleWebKit/537.36 (KHTML, like Gecko) Chrome/143.0.0.0 Safari/537.36 Edg/143.0.0.0"
172.16.36.181 - - [17/Dec/2025:09:20:51 +0800] "GET /manager-page/api/snapshot.php?id=21&t=0.34451572811067965 HTTP/1.1" 200 47068 "http://192.168.60.79/manager-page/home-2.php" "Mozilla/5.0 (Windows NT 10.0; Win64; x64) AppleWebKit/537.36 (KHTML, like Gecko) Chrome/143.0.0.0 Safari/537.36 Edg/143.0.0.0"
127.0.0.1 - - [17/Dec/2025:09:21:00 +0800] "GET /robot/alarm-history-in.php HTTP/1.1" 200 - "-" "python-requests/2.28.1"
172.16.36.181 - - [17/Dec/2025:09:21:30 +0800] "GET /manager-page/api/snapshot.php?id=21&t=0.45774247196659 HTTP/1.1" 200 47214 "http://192.168.60.79/manager-page/home-2.php" "Mozilla/5.0 (Windows NT 10.0; Win64; x64) AppleWebKit/537.36 (KHTML, like Gecko) Chrome/143.0.0.0 Safari/537.36 Edg/143.0.0.0"
172.16.36.181 - - [17/Dec/2025:09:21:30 +0800] "GET /manager-page/api/snapshot.php?id=22&t=0.3334114723317404 HTTP/1.1" 200 39510 "http://192.168.60.79/manager-page/home-2.php" "Mozilla/5.0 (Windows NT 10.0; Win64; x64) AppleWebKit/537.36 (KHTML, like Gecko) Chrome/143.0.0.0 Safari/537.36 Edg/143.0.0.0"
172.16.36.181 - - [17/Dec/2025:09:21:31 +0800] "GET /manager-page/api/snapshot.php?id=22&t=0.9036316248783287 HTTP/1.1" 200 39569 "http://192.168.60.79/manager-page/home-2.php" "Mozilla/5.0 (Windows NT 10.0; Win64; x64) AppleWebKit/537.36 (KHTML, like Gecko) Chrome/143.0.0.0 Safari/537.36 Edg/143.0.0.0"
172.16.36.181 - - [17/Dec/2025:09:21:31 +0800] "GET /manager-page/api/snapshot.php?id=21&t=0.7820391544506712 HTTP/1.1" 200 47213 "http://192.168.60.79/manager-page/home-2.php" "Mozilla/5.0 (Windows NT 10.0; Win64; x64) AppleWebKit/537.36 (KHTML, like Gecko) Chrome/143.0.0.0 Safari/537.36 Edg/143.0.0.0"
172.16.36.181 - - [17/Dec/2025:09:21:36 +0800] "GET /manager-page/api/snapshot.php?id=21&t=0.782829630654784 HTTP/1.1" 200 47279 "http://192.168.60.79/manager-page/home-2.php" "Mozilla/5.0 (Windows NT 10.0; Win64; x64) AppleWebKit/537.36 (KHTML, like Gecko) Chrome/143.0.0.0 Safari/537.36 Edg/143.0.0.0"
172.16.36.181 - - [17/Dec/2025:09:21:36 +0800] "GET /manager-page/api/snapshot.php?id=22&t=0.30318503206669567 HTTP/1.1" 200 39535 "http://192.168.60.79/manager-page/home-2.php" "Mozilla/5.0 (Windows NT 10.0; Win64; x64) AppleWebKit/537.36 (KHTML, like Gecko) Chrome/143.0.0.0 Safari/537.36 Edg/143.0.0.0"
172.16.36.181 - - [17/Dec/2025:09:21:41 +0800] "GET /manager-page/api/snapshot.php?id=22&t=0.12941320892979535 HTTP/1.1" 200 39517 "http://192.168.60.79/manager-page/home-2.php" "Mozilla/5.0 (Windows NT 10.0; Win64; x64) AppleWebKit/537.36 (KHTML, like Gecko) Chrome/143.0.0.0 Safari/537.36 Edg/143.0.0.0"
172.16.36.181 - - [17/Dec/2025:09:21:41 +0800] "GET /manager-page/api/snapshot.php?id=21&t=0.7607417438516066 HTTP/1.1" 200 47334 "http://192.168.60.79/manager-page/home-2.php" "Mozilla/5.0 (Windows NT 10.0; Win64; x64) AppleWebKit/537.36 (KHTML, like Gecko) Chrome/143.0.0.0 Safari/537.36 Edg/143.0.0.0"
172.16.36.181 - - [17/Dec/2025:09:21:46 +0800] "GET /manager-page/api/snapshot.php?id=21&t=0.13207504261137304 HTTP/1.1" 200 45479 "http://192.168.60.79/manager-page/home-2.php" "Mozilla/5.0 (Windows NT 10.0; Win64; x64) AppleWebKit/537.36 (KHTML, like Gecko) Chrome/143.0.0.0 Safari/537.36 Edg/143.0.0.0"
172.16.36.181 - - [17/Dec/2025:09:21:46 +0800] "GET /manager-page/api/snapshot.php?id=22&t=0.5432869847760009 HTTP/1.1" 200 39536 "http://192.168.60.79/manager-page/home-2.php" "Mozilla/5.0 (Windows NT 10.0; Win64; x64) AppleWebKit/537.36 (KHTML, like Gecko) Chrome/143.0.0.0 Safari/537.36 Edg/143.0.0.0"
172.16.36.181 - - [17/Dec/2025:09:21:51 +0800] "GET /manager-page/api/snapshot.php?id=21&t=0.3950478807000639 HTTP/1.1" 200 45853 "http://192.168.60.79/manager-page/home-2.php" "Mozilla/5.0 (Windows NT 10.0; Win64; x64) AppleWebKit/537.36 (KHTML, like Gecko) Chrome/143.0.0.0 Safari/537.36 Edg/143.0.0.0"
172.16.36.181 - - [17/Dec/2025:09:21:51 +0800] "GET /manager-page/api/snapshot.php?id=22&t=0.7954827053165886 HTTP/1.1" 200 39001 "http://192.168.60.79/manager-page/home-2.php" "Mozilla/5.0 (Windows NT 10.0; Win64; x64) AppleWebKit/537.36 (KHTML, like Gecko) Chrome/143.0.0.0 Safari/537.36 Edg/143.0.0.0"
