127.0.0.1 - - [14/Oct/2025:08:00:00 +0800] "GET /robot/alarm-history-in.php HTTP/1.1" 200 - "-" "python-requests/2.28.1"
127.0.0.1 - - [14/Oct/2025:08:00:00 +0800] "GET /manager-page/daily/send.php HTTP/1.1" 200 - "-" "python-requests/2.28.1"
172.16.36.181 - - [14/Oct/2025:08:00:09 +0800] "GET /manager-page/api/snapshot.php?id=11&t=0.8871200066744566 HTTP/1.1" 200 30534 "http://192.168.60.79/manager-page/home-1.php" "Mozilla/5.0 (Windows NT 10.0; Win64; x64) AppleWebKit/537.36 (KHTML, like Gecko) Chrome/141.0.0.0 Safari/537.36 Edg/141.0.0.0"
172.16.36.181 - - [14/Oct/2025:08:00:09 +0800] "GET /manager-page/api/snapshot.php?id=12&t=0.5071104881641266 HTTP/1.1" 200 47073 "http://192.168.60.79/manager-page/home-1.php" "Mozilla/5.0 (Windows NT 10.0; Win64; x64) AppleWebKit/537.36 (KHTML, like Gecko) Chrome/141.0.0.0 Safari/537.36 Edg/141.0.0.0"
127.0.0.1 - - [14/Oct/2025:08:00:00 +0800] "GET /manager-page/daily/send2.php HTTP/1.1" 200 - "-" "python-requests/2.28.1"
127.0.0.1 - - [14/Oct/2025:08:01:00 +0800] "GET /robot/alarm-history-in.php HTTP/1.1" 200 - "-" "python-requests/2.28.1"
127.0.0.1 - - [14/Oct/2025:08:01:05 +0800] "POST /robot/et-7026-in.php HTTP/1.1" 200 - "-" "python-requests/2.32.2"
172.16.36.181 - - [14/Oct/2025:08:01:09 +0800] "GET /manager-page/api/snapshot.php?id=11&t=0.9228965707761145 HTTP/1.1" 200 30573 "http://192.168.60.79/manager-page/home-1.php" "Mozilla/5.0 (Windows NT 10.0; Win64; x64) AppleWebKit/537.36 (KHTML, like Gecko) Chrome/141.0.0.0 Safari/537.36 Edg/141.0.0.0"
172.16.36.181 - - [14/Oct/2025:08:01:09 +0800] "GET /manager-page/api/snapshot.php?id=12&t=0.46368659807025314 HTTP/1.1" 200 47343 "http://192.168.60.79/manager-page/home-1.php" "Mozilla/5.0 (Windows NT 10.0; Win64; x64) AppleWebKit/537.36 (KHTML, like Gecko) Chrome/141.0.0.0 Safari/537.36 Edg/141.0.0.0"
127.0.0.1 - - [14/Oct/2025:08:01:16 +0800] "POST /robot/et-7026-in.php HTTP/1.1" 200 - "-" "python-requests/2.32.2"
127.0.0.1 - - [14/Oct/2025:08:01:37 +0800] "POST /robot/et-7026-in.php HTTP/1.1" 200 - "-" "python-requests/2.32.2"
127.0.0.1 - - [14/Oct/2025:08:02:00 +0800] "GET /robot/alarm-history-in.php HTTP/1.1" 200 - "-" "python-requests/2.28.1"
172.16.36.181 - - [14/Oct/2025:08:02:09 +0800] "GET /manager-page/api/snapshot.php?id=12&t=0.5418898354431989 HTTP/1.1" 200 - "http://192.168.60.79/manager-page/home-1.php" "Mozilla/5.0 (Windows NT 10.0; Win64; x64) AppleWebKit/537.36 (KHTML, like Gecko) Chrome/141.0.0.0 Safari/537.36 Edg/141.0.0.0"
172.16.36.181 - - [14/Oct/2025:08:02:12 +0800] "GET /manager-page/live/1-2.jpg HTTP/1.1" 200 46458 "http://192.168.60.79/manager-page/home-1.php" "Mozilla/5.0 (Windows NT 10.0; Win64; x64) AppleWebKit/537.36 (KHTML, like Gecko) Chrome/141.0.0.0 Safari/537.36 Edg/141.0.0.0"
172.16.36.181 - - [14/Oct/2025:08:02:09 +0800] "GET /manager-page/api/snapshot.php?id=11&t=0.5807592935638035 HTTP/1.1" 200 - "http://192.168.60.79/manager-page/home-1.php" "Mozilla/5.0 (Windows NT 10.0; Win64; x64) AppleWebKit/537.36 (KHTML, like Gecko) Chrome/141.0.0.0 Safari/537.36 Edg/141.0.0.0"
172.16.36.181 - - [14/Oct/2025:08:02:14 +0800] "GET /manager-page/live/1-1.jpg HTTP/1.1" 200 30301 "http://192.168.60.79/manager-page/home-1.php" "Mozilla/5.0 (Windows NT 10.0; Win64; x64) AppleWebKit/537.36 (KHTML, like Gecko) Chrome/141.0.0.0 Safari/537.36 Edg/141.0.0.0"
127.0.0.1 - - [14/Oct/2025:08:03:00 +0800] "GET /robot/alarm-history-in.php HTTP/1.1" 200 - "-" "python-requests/2.28.1"
172.16.36.181 - - [14/Oct/2025:08:03:09 +0800] "GET /manager-page/api/snapshot.php?id=11&t=0.20729758358463135 HTTP/1.1" 200 - "http://192.168.60.79/manager-page/home-1.php" "Mozilla/5.0 (Windows NT 10.0; Win64; x64) AppleWebKit/537.36 (KHTML, like Gecko) Chrome/141.0.0.0 Safari/537.36 Edg/141.0.0.0"
172.16.36.181 - - [14/Oct/2025:08:03:09 +0800] "GET /manager-page/api/snapshot.php?id=12&t=0.6353678838624531 HTTP/1.1" 200 - "http://192.168.60.79/manager-page/home-1.php" "Mozilla/5.0 (Windows NT 10.0; Win64; x64) AppleWebKit/537.36 (KHTML, like Gecko) Chrome/141.0.0.0 Safari/537.36 Edg/141.0.0.0"
127.0.0.1 - - [14/Oct/2025:08:04:00 +0800] "GET /robot/alarm-history-in.php HTTP/1.1" 200 - "-" "python-requests/2.28.1"
172.16.36.181 - - [14/Oct/2025:08:04:09 +0800] "GET /manager-page/api/snapshot.php?id=11&t=0.2645265851429329 HTTP/1.1" 500 - "http://192.168.60.79/manager-page/home-1.php" "Mozilla/5.0 (Windows NT 10.0; Win64; x64) AppleWebKit/537.36 (KHTML, like Gecko) Chrome/141.0.0.0 Safari/537.36 Edg/141.0.0.0"
172.16.36.181 - - [14/Oct/2025:08:04:09 +0800] "GET /manager-page/api/snapshot.php?id=12&t=0.3510335352082058 HTTP/1.1" 500 - "http://192.168.60.79/manager-page/home-1.php" "Mozilla/5.0 (Windows NT 10.0; Win64; x64) AppleWebKit/537.36 (KHTML, like Gecko) Chrome/141.0.0.0 Safari/537.36 Edg/141.0.0.0"
111.70.30.253 - - [14/Oct/2025:08:04:46 +0800] "POST /robot/lora-in.php HTTP/1.1" 200 - "-" "python-requests/2.21.0"
127.0.0.1 - - [14/Oct/2025:08:05:00 +0800] "GET /robot/alarm-history-in.php HTTP/1.1" 200 - "-" "python-requests/2.28.1"
127.0.0.1 - - [14/Oct/2025:08:05:01 +0800] "GET /get-setting.json HTTP/1.1" 200 2314 "-" "python-requests/2.31.0"
127.0.0.1 - - [14/Oct/2025:08:05:07 +0800] "POST /robot/lora-in.php HTTP/1.1" 200 - "-" "python-requests/2.31.0"
172.16.36.181 - - [14/Oct/2025:08:05:09 +0800] "GET /manager-page/api/snapshot.php?id=11&t=0.24306608939661845 HTTP/1.1" 200 30337 "http://192.168.60.79/manager-page/home-1.php" "Mozilla/5.0 (Windows NT 10.0; Win64; x64) AppleWebKit/537.36 (KHTML, like Gecko) Chrome/141.0.0.0 Safari/537.36 Edg/141.0.0.0"
172.16.36.181 - - [14/Oct/2025:08:05:09 +0800] "GET /manager-page/api/snapshot.php?id=12&t=0.2373905606242661 HTTP/1.1" 200 47972 "http://192.168.60.79/manager-page/home-1.php" "Mozilla/5.0 (Windows NT 10.0; Win64; x64) AppleWebKit/537.36 (KHTML, like Gecko) Chrome/141.0.0.0 Safari/537.36 Edg/141.0.0.0"
127.0.0.1 - - [14/Oct/2025:08:05:20 +0800] "POST /robot/lora-in.php HTTP/1.1" 200 - "-" "python-requests/2.31.0"
127.0.0.1 - - [14/Oct/2025:08:05:28 +0800] "POST /robot/lora-in.php HTTP/1.1" 200 - "-" "python-requests/2.31.0"
127.0.0.1 - - [14/Oct/2025:08:05:29 +0800] "POST /robot/et-7026-in.php HTTP/1.1" 200 - "-" "python-requests/2.32.2"
127.0.0.1 - - [14/Oct/2025:08:05:37 +0800] "POST /robot/lora-in.php HTTP/1.1" 200 - "-" "python-requests/2.31.0"
127.0.0.1 - - [14/Oct/2025:08:05:39 +0800] "POST /robot/lora-in.php HTTP/1.1" 200 - "-" "python-requests/2.31.0"
127.0.0.1 - - [14/Oct/2025:08:05:51 +0800] "POST /robot/lora-in.php HTTP/1.1" 200 - "-" "python-requests/2.31.0"
127.0.0.1 - - [14/Oct/2025:08:06:00 +0800] "POST /robot/lora-in.php HTTP/1.1" 200 - "-" "python-requests/2.31.0"
127.0.0.1 - - [14/Oct/2025:08:06:00 +0800] "GET /robot/alarm-history-in.php HTTP/1.1" 200 - "-" "python-requests/2.28.1"
172.16.36.181 - - [14/Oct/2025:08:06:09 +0800] "GET /manager-page/api/snapshot.php?id=11&t=0.8431892195495304 HTTP/1.1" 200 30283 "http://192.168.60.79/manager-page/home-1.php" "Mozilla/5.0 (Windows NT 10.0; Win64; x64) AppleWebKit/537.36 (KHTML, like Gecko) Chrome/141.0.0.0 Safari/537.36 Edg/141.0.0.0"
172.16.36.181 - - [14/Oct/2025:08:06:09 +0800] "GET /manager-page/api/snapshot.php?id=12&t=0.7209966571787589 HTTP/1.1" 200 47723 "http://192.168.60.79/manager-page/home-1.php" "Mozilla/5.0 (Windows NT 10.0; Win64; x64) AppleWebKit/537.36 (KHTML, like Gecko) Chrome/141.0.0.0 Safari/537.36 Edg/141.0.0.0"
127.0.0.1 - - [14/Oct/2025:08:07:00 +0800] "GET /robot/alarm-history-in.php HTTP/1.1" 200 - "-" "python-requests/2.28.1"
111.70.30.252 - - [14/Oct/2025:08:07:01 +0800] "POST /robot/lora-in.php HTTP/1.1" 200 - "-" "python-requests/2.21.0"
172.16.36.181 - - [14/Oct/2025:08:07:09 +0800] "GET /manager-page/api/snapshot.php?id=11&t=0.10131352704702867 HTTP/1.1" 200 30230 "http://192.168.60.79/manager-page/home-1.php" "Mozilla/5.0 (Windows NT 10.0; Win64; x64) AppleWebKit/537.36 (KHTML, like Gecko) Chrome/141.0.0.0 Safari/537.36 Edg/141.0.0.0"
172.16.36.181 - - [14/Oct/2025:08:07:09 +0800] "GET /manager-page/api/snapshot.php?id=12&t=0.11053764617568818 HTTP/1.1" 200 47713 "http://192.168.60.79/manager-page/home-1.php" "Mozilla/5.0 (Windows NT 10.0; Win64; x64) AppleWebKit/537.36 (KHTML, like Gecko) Chrome/141.0.0.0 Safari/537.36 Edg/141.0.0.0"
111.70.30.251 - - [14/Oct/2025:08:07:17 +0800] "POST /robot/lora-in.php HTTP/1.1" 200 - "-" "python-requests/2.21.0"
127.0.0.1 - - [14/Oct/2025:08:08:00 +0800] "GET /robot/alarm-history-in.php HTTP/1.1" 200 - "-" "python-requests/2.28.1"
172.16.36.181 - - [14/Oct/2025:08:08:09 +0800] "GET /manager-page/api/snapshot.php?id=12&t=0.17773632552839203 HTTP/1.1" 200 47769 "http://192.168.60.79/manager-page/home-1.php" "Mozilla/5.0 (Windows NT 10.0; Win64; x64) AppleWebKit/537.36 (KHTML, like Gecko) Chrome/141.0.0.0 Safari/537.36 Edg/141.0.0.0"
172.16.36.181 - - [14/Oct/2025:08:08:09 +0800] "GET /manager-page/api/snapshot.php?id=11&t=0.4275891234152662 HTTP/1.1" 200 30428 "http://192.168.60.79/manager-page/home-1.php" "Mozilla/5.0 (Windows NT 10.0; Win64; x64) AppleWebKit/537.36 (KHTML, like Gecko) Chrome/141.0.0.0 Safari/537.36 Edg/141.0.0.0"
127.0.0.1 - - [14/Oct/2025:08:09:00 +0800] "GET /robot/alarm-history-in.php HTTP/1.1" 200 - "-" "python-requests/2.28.1"
172.16.36.181 - - [14/Oct/2025:08:09:09 +0800] "GET /manager-page/api/snapshot.php?id=12&t=0.30111829202214135 HTTP/1.1" 200 47687 "http://192.168.60.79/manager-page/home-1.php" "Mozilla/5.0 (Windows NT 10.0; Win64; x64) AppleWebKit/537.36 (KHTML, like Gecko) Chrome/141.0.0.0 Safari/537.36 Edg/141.0.0.0"
172.16.36.181 - - [14/Oct/2025:08:09:09 +0800] "GET /manager-page/api/snapshot.php?id=11&t=0.19014041887465705 HTTP/1.1" 200 30493 "http://192.168.60.79/manager-page/home-1.php" "Mozilla/5.0 (Windows NT 10.0; Win64; x64) AppleWebKit/537.36 (KHTML, like Gecko) Chrome/141.0.0.0 Safari/537.36 Edg/141.0.0.0"
127.0.0.1 - - [14/Oct/2025:08:10:00 +0800] "GET /robot/alarm-history-in.php HTTP/1.1" 200 - "-" "python-requests/2.28.1"
172.16.36.181 - - [14/Oct/2025:08:10:09 +0800] "GET /manager-page/api/snapshot.php?id=11&t=0.2419319452390173 HTTP/1.1" 200 30533 "http://192.168.60.79/manager-page/home-1.php" "Mozilla/5.0 (Windows NT 10.0; Win64; x64) AppleWebKit/537.36 (KHTML, like Gecko) Chrome/141.0.0.0 Safari/537.36 Edg/141.0.0.0"
172.16.36.181 - - [14/Oct/2025:08:10:09 +0800] "GET /manager-page/api/snapshot.php?id=12&t=0.02308672157309899 HTTP/1.1" 200 47761 "http://192.168.60.79/manager-page/home-1.php" "Mozilla/5.0 (Windows NT 10.0; Win64; x64) AppleWebKit/537.36 (KHTML, like Gecko) Chrome/141.0.0.0 Safari/537.36 Edg/141.0.0.0"
127.0.0.1 - - [14/Oct/2025:08:11:00 +0800] "GET /robot/alarm-history-in.php HTTP/1.1" 200 - "-" "python-requests/2.28.1"
127.0.0.1 - - [14/Oct/2025:08:11:07 +0800] "POST /robot/et-7026-in.php HTTP/1.1" 200 - "-" "python-requests/2.32.2"
172.16.36.181 - - [14/Oct/2025:08:11:09 +0800] "GET /manager-page/api/snapshot.php?id=11&t=0.3852678959496306 HTTP/1.1" 200 30400 "http://192.168.60.79/manager-page/home-1.php" "Mozilla/5.0 (Windows NT 10.0; Win64; x64) AppleWebKit/537.36 (KHTML, like Gecko) Chrome/141.0.0.0 Safari/537.36 Edg/141.0.0.0"
172.16.36.181 - - [14/Oct/2025:08:11:09 +0800] "GET /manager-page/api/snapshot.php?id=12&t=0.4173454109677406 HTTP/1.1" 200 47662 "http://192.168.60.79/manager-page/home-1.php" "Mozilla/5.0 (Windows NT 10.0; Win64; x64) AppleWebKit/537.36 (KHTML, like Gecko) Chrome/141.0.0.0 Safari/537.36 Edg/141.0.0.0"
127.0.0.1 - - [14/Oct/2025:08:11:18 +0800] "POST /robot/et-7026-in.php HTTP/1.1" 200 - "-" "python-requests/2.32.2"
127.0.0.1 - - [14/Oct/2025:08:11:39 +0800] "POST /robot/et-7026-in.php HTTP/1.1" 200 - "-" "python-requests/2.32.2"
127.0.0.1 - - [14/Oct/2025:08:12:00 +0800] "GET /robot/alarm-history-in.php HTTP/1.1" 200 - "-" "python-requests/2.28.1"
172.16.36.181 - - [14/Oct/2025:08:12:09 +0800] "GET /manager-page/api/snapshot.php?id=11&t=0.34652368014586565 HTTP/1.1" 200 30461 "http://192.168.60.79/manager-page/home-1.php" "Mozilla/5.0 (Windows NT 10.0; Win64; x64) AppleWebKit/537.36 (KHTML, like Gecko) Chrome/141.0.0.0 Safari/537.36 Edg/141.0.0.0"
172.16.36.181 - - [14/Oct/2025:08:12:09 +0800] "GET /manager-page/api/snapshot.php?id=12&t=0.7533849416052794 HTTP/1.1" 200 47717 "http://192.168.60.79/manager-page/home-1.php" "Mozilla/5.0 (Windows NT 10.0; Win64; x64) AppleWebKit/537.36 (KHTML, like Gecko) Chrome/141.0.0.0 Safari/537.36 Edg/141.0.0.0"
111.70.30.250 - - [14/Oct/2025:08:12:58 +0800] "POST /robot/lora-in.php HTTP/1.1" 200 - "-" "python-requests/2.21.0"
127.0.0.1 - - [14/Oct/2025:08:13:00 +0800] "GET /robot/alarm-history-in.php HTTP/1.1" 200 - "-" "python-requests/2.28.1"
172.16.36.181 - - [14/Oct/2025:08:13:09 +0800] "GET /manager-page/api/snapshot.php?id=11&t=0.3164877637410144 HTTP/1.1" 200 30528 "http://192.168.60.79/manager-page/home-1.php" "Mozilla/5.0 (Windows NT 10.0; Win64; x64) AppleWebKit/537.36 (KHTML, like Gecko) Chrome/141.0.0.0 Safari/537.36 Edg/141.0.0.0"
172.16.36.181 - - [14/Oct/2025:08:13:09 +0800] "GET /manager-page/api/snapshot.php?id=12&t=0.04067082502602459 HTTP/1.1" 200 47640 "http://192.168.60.79/manager-page/home-1.php" "Mozilla/5.0 (Windows NT 10.0; Win64; x64) AppleWebKit/537.36 (KHTML, like Gecko) Chrome/141.0.0.0 Safari/537.36 Edg/141.0.0.0"
111.70.30.253 - - [14/Oct/2025:08:13:31 +0800] "POST /robot/lora-in.php HTTP/1.1" 200 - "-" "python-requests/2.21.0"
127.0.0.1 - - [14/Oct/2025:08:14:00 +0800] "GET /robot/alarm-history-in.php HTTP/1.1" 200 - "-" "python-requests/2.28.1"
172.16.36.181 - - [14/Oct/2025:08:14:09 +0800] "GET /manager-page/api/snapshot.php?id=12&t=0.3869550643509445 HTTP/1.1" 200 47756 "http://192.168.60.79/manager-page/home-1.php" "Mozilla/5.0 (Windows NT 10.0; Win64; x64) AppleWebKit/537.36 (KHTML, like Gecko) Chrome/141.0.0.0 Safari/537.36 Edg/141.0.0.0"
172.16.36.181 - - [14/Oct/2025:08:14:09 +0800] "GET /manager-page/api/snapshot.php?id=11&t=0.18875603901379467 HTTP/1.1" 200 30723 "http://192.168.60.79/manager-page/home-1.php" "Mozilla/5.0 (Windows NT 10.0; Win64; x64) AppleWebKit/537.36 (KHTML, like Gecko) Chrome/141.0.0.0 Safari/537.36 Edg/141.0.0.0"
127.0.0.1 - - [14/Oct/2025:08:15:00 +0800] "GET /robot/alarm-history-in.php HTTP/1.1" 200 - "-" "python-requests/2.28.1"
127.0.0.1 - - [14/Oct/2025:08:15:01 +0800] "GET /get-setting.json HTTP/1.1" 200 2314 "-" "python-requests/2.31.0"
127.0.0.1 - - [14/Oct/2025:08:15:06 +0800] "POST /robot/lora-in.php HTTP/1.1" 200 - "-" "python-requests/2.31.0"
172.16.36.181 - - [14/Oct/2025:08:15:09 +0800] "GET /manager-page/api/snapshot.php?id=11&t=0.9731868107332994 HTTP/1.1" 200 30823 "http://192.168.60.79/manager-page/home-1.php" "Mozilla/5.0 (Windows NT 10.0; Win64; x64) AppleWebKit/537.36 (KHTML, like Gecko) Chrome/141.0.0.0 Safari/537.36 Edg/141.0.0.0"
127.0.0.1 - - [14/Oct/2025:08:15:10 +0800] "POST /robot/lora-in.php HTTP/1.1" 200 - "-" "python-requests/2.31.0"
172.16.36.181 - - [14/Oct/2025:08:15:09 +0800] "GET /manager-page/api/snapshot.php?id=12&t=0.05812890306059082 HTTP/1.1" 200 47738 "http://192.168.60.79/manager-page/home-1.php" "Mozilla/5.0 (Windows NT 10.0; Win64; x64) AppleWebKit/537.36 (KHTML, like Gecko) Chrome/141.0.0.0 Safari/537.36 Edg/141.0.0.0"
127.0.0.1 - - [14/Oct/2025:08:15:20 +0800] "POST /robot/lora-in.php HTTP/1.1" 200 - "-" "python-requests/2.31.0"
127.0.0.1 - - [14/Oct/2025:08:15:22 +0800] "POST /robot/lora-in.php HTTP/1.1" 200 - "-" "python-requests/2.31.0"
127.0.0.1 - - [14/Oct/2025:08:15:25 +0800] "POST /robot/lora-in.php HTTP/1.1" 200 - "-" "python-requests/2.31.0"
127.0.0.1 - - [14/Oct/2025:08:15:30 +0800] "POST /robot/et-7026-in.php HTTP/1.1" 200 - "-" "python-requests/2.32.2"
127.0.0.1 - - [14/Oct/2025:08:15:34 +0800] "POST /robot/lora-in.php HTTP/1.1" 200 - "-" "python-requests/2.31.0"
127.0.0.1 - - [14/Oct/2025:08:15:42 +0800] "POST /robot/lora-in.php HTTP/1.1" 200 - "-" "python-requests/2.31.0"
111.70.30.251 - - [14/Oct/2025:08:15:53 +0800] "POST /robot/lora-in.php HTTP/1.1" 200 - "-" "python-requests/2.21.0"
127.0.0.1 - - [14/Oct/2025:08:16:00 +0800] "GET /robot/alarm-history-in.php HTTP/1.1" 200 - "-" "python-requests/2.28.1"
172.16.36.181 - - [14/Oct/2025:08:16:09 +0800] "GET /manager-page/api/snapshot.php?id=11&t=0.948880913279791 HTTP/1.1" 200 30707 "http://192.168.60.79/manager-page/home-1.php" "Mozilla/5.0 (Windows NT 10.0; Win64; x64) AppleWebKit/537.36 (KHTML, like Gecko) Chrome/141.0.0.0 Safari/537.36 Edg/141.0.0.0"
111.70.30.252 - - [14/Oct/2025:08:16:10 +0800] "POST /robot/lora-in.php HTTP/1.1" 200 - "-" "python-requests/2.21.0"
172.16.36.181 - - [14/Oct/2025:08:16:09 +0800] "GET /manager-page/api/snapshot.php?id=12&t=0.8908805959379944 HTTP/1.1" 200 48578 "http://192.168.60.79/manager-page/home-1.php" "Mozilla/5.0 (Windows NT 10.0; Win64; x64) AppleWebKit/537.36 (KHTML, like Gecko) Chrome/141.0.0.0 Safari/537.36 Edg/141.0.0.0"
127.0.0.1 - - [14/Oct/2025:08:17:00 +0800] "GET /robot/alarm-history-in.php HTTP/1.1" 200 - "-" "python-requests/2.28.1"
172.16.36.181 - - [14/Oct/2025:08:17:09 +0800] "GET /manager-page/api/snapshot.php?id=12&t=0.8441869264115969 HTTP/1.1" 200 47639 "http://192.168.60.79/manager-page/home-1.php" "Mozilla/5.0 (Windows NT 10.0; Win64; x64) AppleWebKit/537.36 (KHTML, like Gecko) Chrome/141.0.0.0 Safari/537.36 Edg/141.0.0.0"
172.16.36.181 - - [14/Oct/2025:08:17:09 +0800] "GET /manager-page/api/snapshot.php?id=11&t=0.03270055290709628 HTTP/1.1" 200 30482 "http://192.168.60.79/manager-page/home-1.php" "Mozilla/5.0 (Windows NT 10.0; Win64; x64) AppleWebKit/537.36 (KHTML, like Gecko) Chrome/141.0.0.0 Safari/537.36 Edg/141.0.0.0"
127.0.0.1 - - [14/Oct/2025:08:18:00 +0800] "GET /robot/alarm-history-in.php HTTP/1.1" 200 - "-" "python-requests/2.28.1"
172.16.36.181 - - [14/Oct/2025:08:18:09 +0800] "GET /manager-page/api/snapshot.php?id=11&t=0.08819756230474096 HTTP/1.1" 200 30604 "http://192.168.60.79/manager-page/home-1.php" "Mozilla/5.0 (Windows NT 10.0; Win64; x64) AppleWebKit/537.36 (KHTML, like Gecko) Chrome/141.0.0.0 Safari/537.36 Edg/141.0.0.0"
172.16.36.181 - - [14/Oct/2025:08:18:09 +0800] "GET /manager-page/api/snapshot.php?id=12&t=0.10913763450054892 HTTP/1.1" 200 47815 "http://192.168.60.79/manager-page/home-1.php" "Mozilla/5.0 (Windows NT 10.0; Win64; x64) AppleWebKit/537.36 (KHTML, like Gecko) Chrome/141.0.0.0 Safari/537.36 Edg/141.0.0.0"
127.0.0.1 - - [14/Oct/2025:08:19:00 +0800] "GET /robot/alarm-history-in.php HTTP/1.1" 200 - "-" "python-requests/2.28.1"
172.16.36.181 - - [14/Oct/2025:08:19:09 +0800] "GET /manager-page/api/snapshot.php?id=11&t=0.29783144656315175 HTTP/1.1" 200 30689 "http://192.168.60.79/manager-page/home-1.php" "Mozilla/5.0 (Windows NT 10.0; Win64; x64) AppleWebKit/537.36 (KHTML, like Gecko) Chrome/141.0.0.0 Safari/537.36 Edg/141.0.0.0"
172.16.36.181 - - [14/Oct/2025:08:19:09 +0800] "GET /manager-page/api/snapshot.php?id=12&t=0.8450810385871801 HTTP/1.1" 200 48195 "http://192.168.60.79/manager-page/home-1.php" "Mozilla/5.0 (Windows NT 10.0; Win64; x64) AppleWebKit/537.36 (KHTML, like Gecko) Chrome/141.0.0.0 Safari/537.36 Edg/141.0.0.0"
127.0.0.1 - - [14/Oct/2025:08:20:00 +0800] "GET /robot/alarm-history-in.php HTTP/1.1" 200 - "-" "python-requests/2.28.1"
172.16.36.181 - - [14/Oct/2025:08:20:09 +0800] "GET /manager-page/api/snapshot.php?id=12&t=0.36301152783408563 HTTP/1.1" 200 47727 "http://192.168.60.79/manager-page/home-1.php" "Mozilla/5.0 (Windows NT 10.0; Win64; x64) AppleWebKit/537.36 (KHTML, like Gecko) Chrome/141.0.0.0 Safari/537.36 Edg/141.0.0.0"
172.16.36.181 - - [14/Oct/2025:08:20:09 +0800] "GET /manager-page/api/snapshot.php?id=11&t=0.9246571626855159 HTTP/1.1" 200 30531 "http://192.168.60.79/manager-page/home-1.php" "Mozilla/5.0 (Windows NT 10.0; Win64; x64) AppleWebKit/537.36 (KHTML, like Gecko) Chrome/141.0.0.0 Safari/537.36 Edg/141.0.0.0"
127.0.0.1 - - [14/Oct/2025:08:21:00 +0800] "GET /robot/alarm-history-in.php HTTP/1.1" 200 - "-" "python-requests/2.28.1"
127.0.0.1 - - [14/Oct/2025:08:21:07 +0800] "POST /robot/et-7026-in.php HTTP/1.1" 200 - "-" "python-requests/2.32.2"
172.16.36.181 - - [14/Oct/2025:08:21:09 +0800] "GET /manager-page/api/snapshot.php?id=11&t=0.7943152762025031 HTTP/1.1" 200 30507 "http://192.168.60.79/manager-page/home-1.php" "Mozilla/5.0 (Windows NT 10.0; Win64; x64) AppleWebKit/537.36 (KHTML, like Gecko) Chrome/141.0.0.0 Safari/537.36 Edg/141.0.0.0"
172.16.36.181 - - [14/Oct/2025:08:21:09 +0800] "GET /manager-page/api/snapshot.php?id=12&t=0.6584332283695438 HTTP/1.1" 200 48098 "http://192.168.60.79/manager-page/home-1.php" "Mozilla/5.0 (Windows NT 10.0; Win64; x64) AppleWebKit/537.36 (KHTML, like Gecko) Chrome/141.0.0.0 Safari/537.36 Edg/141.0.0.0"
127.0.0.1 - - [14/Oct/2025:08:21:18 +0800] "POST /robot/et-7026-in.php HTTP/1.1" 200 - "-" "python-requests/2.32.2"
111.70.30.250 - - [14/Oct/2025:08:21:33 +0800] "POST /robot/lora-in.php HTTP/1.1" 200 - "-" "python-requests/2.21.0"
127.0.0.1 - - [14/Oct/2025:08:21:41 +0800] "POST /robot/et-7026-in.php HTTP/1.1" 200 - "-" "python-requests/2.32.2"
127.0.0.1 - - [14/Oct/2025:08:22:00 +0800] "GET /robot/alarm-history-in.php HTTP/1.1" 200 - "-" "python-requests/2.28.1"
172.16.36.181 - - [14/Oct/2025:08:22:09 +0800] "GET /manager-page/api/snapshot.php?id=11&t=0.08509403007272198 HTTP/1.1" 200 30661 "http://192.168.60.79/manager-page/home-1.php" "Mozilla/5.0 (Windows NT 10.0; Win64; x64) AppleWebKit/537.36 (KHTML, like Gecko) Chrome/141.0.0.0 Safari/537.36 Edg/141.0.0.0"
172.16.36.181 - - [14/Oct/2025:08:22:09 +0800] "GET /manager-page/api/snapshot.php?id=12&t=0.7304835348750929 HTTP/1.1" 200 47718 "http://192.168.60.79/manager-page/home-1.php" "Mozilla/5.0 (Windows NT 10.0; Win64; x64) AppleWebKit/537.36 (KHTML, like Gecko) Chrome/141.0.0.0 Safari/537.36 Edg/141.0.0.0"
111.70.30.253 - - [14/Oct/2025:08:22:15 +0800] "POST /robot/lora-in.php HTTP/1.1" 200 - "-" "python-requests/2.21.0"
127.0.0.1 - - [14/Oct/2025:08:23:00 +0800] "GET /robot/alarm-history-in.php HTTP/1.1" 200 - "-" "python-requests/2.28.1"
172.16.36.181 - - [14/Oct/2025:08:23:09 +0800] "GET /manager-page/api/snapshot.php?id=11&t=0.4794814383919572 HTTP/1.1" 200 30598 "http://192.168.60.79/manager-page/home-1.php" "Mozilla/5.0 (Windows NT 10.0; Win64; x64) AppleWebKit/537.36 (KHTML, like Gecko) Chrome/141.0.0.0 Safari/537.36 Edg/141.0.0.0"
172.16.36.181 - - [14/Oct/2025:08:23:09 +0800] "GET /manager-page/api/snapshot.php?id=12&t=0.43783506083518386 HTTP/1.1" 200 47680 "http://192.168.60.79/manager-page/home-1.php" "Mozilla/5.0 (Windows NT 10.0; Win64; x64) AppleWebKit/537.36 (KHTML, like Gecko) Chrome/141.0.0.0 Safari/537.36 Edg/141.0.0.0"
127.0.0.1 - - [14/Oct/2025:08:24:00 +0800] "GET /robot/alarm-history-in.php HTTP/1.1" 200 - "-" "python-requests/2.28.1"
172.16.36.181 - - [14/Oct/2025:08:24:09 +0800] "GET /manager-page/api/snapshot.php?id=11&t=0.7649631246424922 HTTP/1.1" 200 30431 "http://192.168.60.79/manager-page/home-1.php" "Mozilla/5.0 (Windows NT 10.0; Win64; x64) AppleWebKit/537.36 (KHTML, like Gecko) Chrome/141.0.0.0 Safari/537.36 Edg/141.0.0.0"
172.16.36.181 - - [14/Oct/2025:08:24:09 +0800] "GET /manager-page/api/snapshot.php?id=12&t=0.9127909366172388 HTTP/1.1" 200 47740 "http://192.168.60.79/manager-page/home-1.php" "Mozilla/5.0 (Windows NT 10.0; Win64; x64) AppleWebKit/537.36 (KHTML, like Gecko) Chrome/141.0.0.0 Safari/537.36 Edg/141.0.0.0"
127.0.0.1 - - [14/Oct/2025:08:25:01 +0800] "GET /get-setting.json HTTP/1.1" 200 2314 "-" "python-requests/2.31.0"
127.0.0.1 - - [14/Oct/2025:08:25:00 +0800] "GET /robot/alarm-history-in.php HTTP/1.1" 200 - "-" "python-requests/2.28.1"
172.16.36.181 - - [14/Oct/2025:08:25:09 +0800] "GET /manager-page/api/snapshot.php?id=11&t=0.3440437849701593 HTTP/1.1" 200 30588 "http://192.168.60.79/manager-page/home-1.php" "Mozilla/5.0 (Windows NT 10.0; Win64; x64) AppleWebKit/537.36 (KHTML, like Gecko) Chrome/141.0.0.0 Safari/537.36 Edg/141.0.0.0"
127.0.0.1 - - [14/Oct/2025:08:25:10 +0800] "POST /robot/lora-in.php HTTP/1.1" 200 - "-" "python-requests/2.31.0"
172.16.36.181 - - [14/Oct/2025:08:25:09 +0800] "GET /manager-page/api/snapshot.php?id=12&t=0.3822864072321239 HTTP/1.1" 200 47802 "http://192.168.60.79/manager-page/home-1.php" "Mozilla/5.0 (Windows NT 10.0; Win64; x64) AppleWebKit/537.36 (KHTML, like Gecko) Chrome/141.0.0.0 Safari/537.36 Edg/141.0.0.0"
127.0.0.1 - - [14/Oct/2025:08:25:19 +0800] "POST /robot/lora-in.php HTTP/1.1" 200 - "-" "python-requests/2.31.0"
111.70.30.252 - - [14/Oct/2025:08:25:19 +0800] "POST /robot/lora-in.php HTTP/1.1" 200 - "-" "python-requests/2.21.0"
127.0.0.1 - - [14/Oct/2025:08:25:24 +0800] "POST /robot/lora-in.php HTTP/1.1" 200 - "-" "python-requests/2.31.0"
127.0.0.1 - - [14/Oct/2025:08:25:28 +0800] "POST /robot/lora-in.php HTTP/1.1" 200 - "-" "python-requests/2.31.0"
127.0.0.1 - - [14/Oct/2025:08:25:29 +0800] "POST /robot/lora-in.php HTTP/1.1" 200 - "-" "python-requests/2.31.0"
127.0.0.1 - - [14/Oct/2025:08:25:32 +0800] "POST /robot/et-7026-in.php HTTP/1.1" 200 - "-" "python-requests/2.32.2"
127.0.0.1 - - [14/Oct/2025:08:25:36 +0800] "POST /robot/lora-in.php HTTP/1.1" 200 - "-" "python-requests/2.31.0"
127.0.0.1 - - [14/Oct/2025:08:25:42 +0800] "POST /robot/lora-in.php HTTP/1.1" 200 - "-" "python-requests/2.31.0"
127.0.0.1 - - [14/Oct/2025:08:26:00 +0800] "GET /robot/alarm-history-in.php HTTP/1.1" 200 - "-" "python-requests/2.28.1"
172.16.36.181 - - [14/Oct/2025:08:26:09 +0800] "GET /manager-page/api/snapshot.php?id=11&t=0.1315164679650247 HTTP/1.1" 200 30759 "http://192.168.60.79/manager-page/home-1.php" "Mozilla/5.0 (Windows NT 10.0; Win64; x64) AppleWebKit/537.36 (KHTML, like Gecko) Chrome/141.0.0.0 Safari/537.36 Edg/141.0.0.0"
172.16.36.181 - - [14/Oct/2025:08:26:09 +0800] "GET /manager-page/api/snapshot.php?id=12&t=0.6736375000422503 HTTP/1.1" 200 47801 "http://192.168.60.79/manager-page/home-1.php" "Mozilla/5.0 (Windows NT 10.0; Win64; x64) AppleWebKit/537.36 (KHTML, like Gecko) Chrome/141.0.0.0 Safari/537.36 Edg/141.0.0.0"
127.0.0.1 - - [14/Oct/2025:08:27:00 +0800] "GET /robot/alarm-history-in.php HTTP/1.1" 200 - "-" "python-requests/2.28.1"
172.16.36.181 - - [14/Oct/2025:08:27:09 +0800] "GET /manager-page/api/snapshot.php?id=12&t=0.48544393159101984 HTTP/1.1" 200 47878 "http://192.168.60.79/manager-page/home-1.php" "Mozilla/5.0 (Windows NT 10.0; Win64; x64) AppleWebKit/537.36 (KHTML, like Gecko) Chrome/141.0.0.0 Safari/537.36 Edg/141.0.0.0"
172.16.36.181 - - [14/Oct/2025:08:27:09 +0800] "GET /manager-page/api/snapshot.php?id=11&t=0.03578287593295315 HTTP/1.1" 200 30849 "http://192.168.60.79/manager-page/home-1.php" "Mozilla/5.0 (Windows NT 10.0; Win64; x64) AppleWebKit/537.36 (KHTML, like Gecko) Chrome/141.0.0.0 Safari/537.36 Edg/141.0.0.0"
172.16.36.181 - - [14/Oct/2025:08:27:36 +0800] "GET /manager-page/api/snapshot.php?id=12&t=0.19350712952185656 HTTP/1.1" 200 47823 "http://192.168.60.79/manager-page/home-1.php" "Mozilla/5.0 (Windows NT 10.0; Win64; x64) AppleWebKit/537.36 (KHTML, like Gecko) Chrome/141.0.0.0 Safari/537.36 Edg/141.0.0.0"
172.16.36.181 - - [14/Oct/2025:08:27:36 +0800] "GET /manager-page/api/snapshot.php?id=11&t=0.2251726746540934 HTTP/1.1" 200 30810 "http://192.168.60.79/manager-page/home-1.php" "Mozilla/5.0 (Windows NT 10.0; Win64; x64) AppleWebKit/537.36 (KHTML, like Gecko) Chrome/141.0.0.0 Safari/537.36 Edg/141.0.0.0"
172.16.36.181 - - [14/Oct/2025:08:27:39 +0800] "GET /manager-page/api/snapshot.php?id=11&t=0.4701772259737178 HTTP/1.1" 200 30835 "http://192.168.60.79/manager-page/home-1.php" "Mozilla/5.0 (Windows NT 10.0; Win64; x64) AppleWebKit/537.36 (KHTML, like Gecko) Chrome/141.0.0.0 Safari/537.36 Edg/141.0.0.0"
172.16.36.181 - - [14/Oct/2025:08:27:39 +0800] "GET /manager-page/api/snapshot.php?id=12&t=0.9000424965000606 HTTP/1.1" 200 47806 "http://192.168.60.79/manager-page/home-1.php" "Mozilla/5.0 (Windows NT 10.0; Win64; x64) AppleWebKit/537.36 (KHTML, like Gecko) Chrome/141.0.0.0 Safari/537.36 Edg/141.0.0.0"
172.16.36.181 - - [14/Oct/2025:08:27:44 +0800] "GET /manager-page/api/snapshot.php?id=11&t=0.24750609761468823 HTTP/1.1" 200 30810 "http://192.168.60.79/manager-page/home-1.php" "Mozilla/5.0 (Windows NT 10.0; Win64; x64) AppleWebKit/537.36 (KHTML, like Gecko) Chrome/141.0.0.0 Safari/537.36 Edg/141.0.0.0"
172.16.36.181 - - [14/Oct/2025:08:27:44 +0800] "GET /manager-page/api/snapshot.php?id=12&t=0.26886685093945806 HTTP/1.1" 200 47853 "http://192.168.60.79/manager-page/home-1.php" "Mozilla/5.0 (Windows NT 10.0; Win64; x64) AppleWebKit/537.36 (KHTML, like Gecko) Chrome/141.0.0.0 Safari/537.36 Edg/141.0.0.0"
172.16.36.181 - - [14/Oct/2025:08:27:49 +0800] "GET /manager-page/api/snapshot.php?id=11&t=0.2510755340603896 HTTP/1.1" 200 30815 "http://192.168.60.79/manager-page/home-1.php" "Mozilla/5.0 (Windows NT 10.0; Win64; x64) AppleWebKit/537.36 (KHTML, like Gecko) Chrome/141.0.0.0 Safari/537.36 Edg/141.0.0.0"
172.16.36.181 - - [14/Oct/2025:08:27:49 +0800] "GET /manager-page/api/snapshot.php?id=12&t=0.8292925138349055 HTTP/1.1" 200 47835 "http://192.168.60.79/manager-page/home-1.php" "Mozilla/5.0 (Windows NT 10.0; Win64; x64) AppleWebKit/537.36 (KHTML, like Gecko) Chrome/141.0.0.0 Safari/537.36 Edg/141.0.0.0"
172.16.36.181 - - [14/Oct/2025:08:27:54 +0800] "GET /manager-page/api/snapshot.php?id=11&t=0.15436836497629614 HTTP/1.1" 200 30823 "http://192.168.60.79/manager-page/home-1.php" "Mozilla/5.0 (Windows NT 10.0; Win64; x64) AppleWebKit/537.36 (KHTML, like Gecko) Chrome/141.0.0.0 Safari/537.36 Edg/141.0.0.0"
172.16.36.181 - - [14/Oct/2025:08:27:54 +0800] "GET /manager-page/api/snapshot.php?id=12&t=0.9047675227458072 HTTP/1.1" 200 47833 "http://192.168.60.79/manager-page/home-1.php" "Mozilla/5.0 (Windows NT 10.0; Win64; x64) AppleWebKit/537.36 (KHTML, like Gecko) Chrome/141.0.0.0 Safari/537.36 Edg/141.0.0.0"
172.16.36.181 - - [14/Oct/2025:08:27:59 +0800] "GET /manager-page/api/snapshot.php?id=12&t=0.2992962593051073 HTTP/1.1" 200 47869 "http://192.168.60.79/manager-page/home-1.php" "Mozilla/5.0 (Windows NT 10.0; Win64; x64) AppleWebKit/537.36 (KHTML, like Gecko) Chrome/141.0.0.0 Safari/537.36 Edg/141.0.0.0"
172.16.36.181 - - [14/Oct/2025:08:27:59 +0800] "GET /manager-page/api/snapshot.php?id=11&t=0.33501846615731035 HTTP/1.1" 200 30862 "http://192.168.60.79/manager-page/home-1.php" "Mozilla/5.0 (Windows NT 10.0; Win64; x64) AppleWebKit/537.36 (KHTML, like Gecko) Chrome/141.0.0.0 Safari/537.36 Edg/141.0.0.0"
127.0.0.1 - - [14/Oct/2025:08:28:00 +0800] "GET /robot/alarm-history-in.php HTTP/1.1" 200 - "-" "python-requests/2.28.1"
172.16.36.181 - - [14/Oct/2025:08:28:04 +0800] "GET /manager-page/api/snapshot.php?id=11&t=0.30362419267331653 HTTP/1.1" 200 30855 "http://192.168.60.79/manager-page/home-1.php" "Mozilla/5.0 (Windows NT 10.0; Win64; x64) AppleWebKit/537.36 (KHTML, like Gecko) Chrome/141.0.0.0 Safari/537.36 Edg/141.0.0.0"
172.16.36.181 - - [14/Oct/2025:08:28:04 +0800] "GET /manager-page/api/snapshot.php?id=12&t=0.7880611161720187 HTTP/1.1" 200 47857 "http://192.168.60.79/manager-page/home-1.php" "Mozilla/5.0 (Windows NT 10.0; Win64; x64) AppleWebKit/537.36 (KHTML, like Gecko) Chrome/141.0.0.0 Safari/537.36 Edg/141.0.0.0"
172.16.36.181 - - [14/Oct/2025:08:28:09 +0800] "GET /manager-page/api/snapshot.php?id=12&t=0.438755284013461 HTTP/1.1" 200 47832 "http://192.168.60.79/manager-page/home-1.php" "Mozilla/5.0 (Windows NT 10.0; Win64; x64) AppleWebKit/537.36 (KHTML, like Gecko) Chrome/141.0.0.0 Safari/537.36 Edg/141.0.0.0"
172.16.36.181 - - [14/Oct/2025:08:28:09 +0800] "GET /manager-page/api/snapshot.php?id=11&t=0.6720019765418737 HTTP/1.1" 200 30843 "http://192.168.60.79/manager-page/home-1.php" "Mozilla/5.0 (Windows NT 10.0; Win64; x64) AppleWebKit/537.36 (KHTML, like Gecko) Chrome/141.0.0.0 Safari/537.36 Edg/141.0.0.0"
172.16.36.181 - - [14/Oct/2025:08:28:14 +0800] "GET /manager-page/api/snapshot.php?id=11&t=0.7724040867292279 HTTP/1.1" 200 30850 "http://192.168.60.79/manager-page/home-1.php" "Mozilla/5.0 (Windows NT 10.0; Win64; x64) AppleWebKit/537.36 (KHTML, like Gecko) Chrome/141.0.0.0 Safari/537.36 Edg/141.0.0.0"
172.16.36.181 - - [14/Oct/2025:08:28:14 +0800] "GET /manager-page/api/snapshot.php?id=12&t=0.7535688229977083 HTTP/1.1" 200 47869 "http://192.168.60.79/manager-page/home-1.php" "Mozilla/5.0 (Windows NT 10.0; Win64; x64) AppleWebKit/537.36 (KHTML, like Gecko) Chrome/141.0.0.0 Safari/537.36 Edg/141.0.0.0"
172.16.36.181 - - [14/Oct/2025:08:28:19 +0800] "GET /manager-page/api/snapshot.php?id=12&t=0.6235778438265593 HTTP/1.1" 200 47858 "http://192.168.60.79/manager-page/home-1.php" "Mozilla/5.0 (Windows NT 10.0; Win64; x64) AppleWebKit/537.36 (KHTML, like Gecko) Chrome/141.0.0.0 Safari/537.36 Edg/141.0.0.0"
172.16.36.181 - - [14/Oct/2025:08:28:19 +0800] "GET /manager-page/api/snapshot.php?id=11&t=0.28741542098879935 HTTP/1.1" 200 30862 "http://192.168.60.79/manager-page/home-1.php" "Mozilla/5.0 (Windows NT 10.0; Win64; x64) AppleWebKit/537.36 (KHTML, like Gecko) Chrome/141.0.0.0 Safari/537.36 Edg/141.0.0.0"
172.16.36.181 - - [14/Oct/2025:08:28:24 +0800] "GET /manager-page/api/snapshot.php?id=12&t=0.07675771066274162 HTTP/1.1" 200 47992 "http://192.168.60.79/manager-page/home-1.php" "Mozilla/5.0 (Windows NT 10.0; Win64; x64) AppleWebKit/537.36 (KHTML, like Gecko) Chrome/141.0.0.0 Safari/537.36 Edg/141.0.0.0"
172.16.36.181 - - [14/Oct/2025:08:28:24 +0800] "GET /manager-page/api/snapshot.php?id=11&t=0.8301562083428816 HTTP/1.1" 200 30898 "http://192.168.60.79/manager-page/home-1.php" "Mozilla/5.0 (Windows NT 10.0; Win64; x64) AppleWebKit/537.36 (KHTML, like Gecko) Chrome/141.0.0.0 Safari/537.36 Edg/141.0.0.0"
172.16.36.181 - - [14/Oct/2025:08:28:29 +0800] "GET /manager-page/api/snapshot.php?id=12&t=0.12603577553522582 HTTP/1.1" 200 47884 "http://192.168.60.79/manager-page/home-1.php" "Mozilla/5.0 (Windows NT 10.0; Win64; x64) AppleWebKit/537.36 (KHTML, like Gecko) Chrome/141.0.0.0 Safari/537.36 Edg/141.0.0.0"
172.16.36.181 - - [14/Oct/2025:08:28:29 +0800] "GET /manager-page/api/snapshot.php?id=11&t=0.3980861468223821 HTTP/1.1" 200 30824 "http://192.168.60.79/manager-page/home-1.php" "Mozilla/5.0 (Windows NT 10.0; Win64; x64) AppleWebKit/537.36 (KHTML, like Gecko) Chrome/141.0.0.0 Safari/537.36 Edg/141.0.0.0"
172.16.36.181 - - [14/Oct/2025:08:28:34 +0800] "GET /manager-page/api/snapshot.php?id=12&t=0.8950861388739856 HTTP/1.1" 200 47881 "http://192.168.60.79/manager-page/home-1.php" "Mozilla/5.0 (Windows NT 10.0; Win64; x64) AppleWebKit/537.36 (KHTML, like Gecko) Chrome/141.0.0.0 Safari/537.36 Edg/141.0.0.0"
172.16.36.181 - - [14/Oct/2025:08:28:34 +0800] "GET /manager-page/api/snapshot.php?id=11&t=0.4831405259008763 HTTP/1.1" 200 30867 "http://192.168.60.79/manager-page/home-1.php" "Mozilla/5.0 (Windows NT 10.0; Win64; x64) AppleWebKit/537.36 (KHTML, like Gecko) Chrome/141.0.0.0 Safari/537.36 Edg/141.0.0.0"
172.16.36.181 - - [14/Oct/2025:08:28:39 +0800] "GET /manager-page/api/snapshot.php?id=11&t=0.5494630421209679 HTTP/1.1" 200 30879 "http://192.168.60.79/manager-page/home-1.php" "Mozilla/5.0 (Windows NT 10.0; Win64; x64) AppleWebKit/537.36 (KHTML, like Gecko) Chrome/141.0.0.0 Safari/537.36 Edg/141.0.0.0"
172.16.36.181 - - [14/Oct/2025:08:28:39 +0800] "GET /manager-page/api/snapshot.php?id=12&t=0.10292380481544217 HTTP/1.1" 200 47859 "http://192.168.60.79/manager-page/home-1.php" "Mozilla/5.0 (Windows NT 10.0; Win64; x64) AppleWebKit/537.36 (KHTML, like Gecko) Chrome/141.0.0.0 Safari/537.36 Edg/141.0.0.0"
172.16.36.181 - - [14/Oct/2025:08:28:44 +0800] "GET /manager-page/api/snapshot.php?id=12&t=0.12030414097790354 HTTP/1.1" 200 47909 "http://192.168.60.79/manager-page/home-1.php" "Mozilla/5.0 (Windows NT 10.0; Win64; x64) AppleWebKit/537.36 (KHTML, like Gecko) Chrome/141.0.0.0 Safari/537.36 Edg/141.0.0.0"
172.16.36.181 - - [14/Oct/2025:08:28:44 +0800] "GET /manager-page/api/snapshot.php?id=11&t=0.26214967198913597 HTTP/1.1" 200 31056 "http://192.168.60.79/manager-page/home-1.php" "Mozilla/5.0 (Windows NT 10.0; Win64; x64) AppleWebKit/537.36 (KHTML, like Gecko) Chrome/141.0.0.0 Safari/537.36 Edg/141.0.0.0"
127.0.0.1 - - [14/Oct/2025:08:29:00 +0800] "GET /robot/alarm-history-in.php HTTP/1.1" 200 - "-" "python-requests/2.28.1"
172.16.36.181 - - [14/Oct/2025:08:29:09 +0800] "GET /manager-page/api/snapshot.php?id=11&t=0.41130175656009005 HTTP/1.1" 200 30867 "http://192.168.60.79/manager-page/home-1.php" "Mozilla/5.0 (Windows NT 10.0; Win64; x64) AppleWebKit/537.36 (KHTML, like Gecko) Chrome/141.0.0.0 Safari/537.36 Edg/141.0.0.0"
172.16.36.181 - - [14/Oct/2025:08:29:09 +0800] "GET /manager-page/api/snapshot.php?id=12&t=0.3715726326191445 HTTP/1.1" 200 47953 "http://192.168.60.79/manager-page/home-1.php" "Mozilla/5.0 (Windows NT 10.0; Win64; x64) AppleWebKit/537.36 (KHTML, like Gecko) Chrome/141.0.0.0 Safari/537.36 Edg/141.0.0.0"
127.0.0.1 - - [14/Oct/2025:08:30:00 +0800] "GET /robot/alarm-history-in.php HTTP/1.1" 200 - "-" "python-requests/2.28.1"
111.70.30.250 - - [14/Oct/2025:08:30:08 +0800] "POST /robot/lora-in.php HTTP/1.1" 200 - "-" "python-requests/2.21.0"
172.16.36.181 - - [14/Oct/2025:08:30:09 +0800] "GET /manager-page/api/snapshot.php?id=11&t=0.2868393059946468 HTTP/1.1" 200 30847 "http://192.168.60.79/manager-page/home-1.php" "Mozilla/5.0 (Windows NT 10.0; Win64; x64) AppleWebKit/537.36 (KHTML, like Gecko) Chrome/141.0.0.0 Safari/537.36 Edg/141.0.0.0"
172.16.36.181 - - [14/Oct/2025:08:30:09 +0800] "GET /manager-page/api/snapshot.php?id=12&t=0.8761082842129639 HTTP/1.1" 200 47895 "http://192.168.60.79/manager-page/home-1.php" "Mozilla/5.0 (Windows NT 10.0; Win64; x64) AppleWebKit/537.36 (KHTML, like Gecko) Chrome/141.0.0.0 Safari/537.36 Edg/141.0.0.0"
111.70.30.253 - - [14/Oct/2025:08:30:59 +0800] "POST /robot/lora-in.php HTTP/1.1" 200 - "-" "python-requests/2.21.0"
127.0.0.1 - - [14/Oct/2025:08:31:00 +0800] "GET /robot/alarm-history-in.php HTTP/1.1" 200 - "-" "python-requests/2.28.1"
172.16.36.181 - - [14/Oct/2025:08:31:09 +0800] "GET /manager-page/api/snapshot.php?id=11&t=0.544134156041494 HTTP/1.1" 200 30793 "http://192.168.60.79/manager-page/home-1.php" "Mozilla/5.0 (Windows NT 10.0; Win64; x64) AppleWebKit/537.36 (KHTML, like Gecko) Chrome/141.0.0.0 Safari/537.36 Edg/141.0.0.0"
127.0.0.1 - - [14/Oct/2025:08:31:10 +0800] "POST /robot/et-7026-in.php HTTP/1.1" 200 - "-" "python-requests/2.32.2"
172.16.36.181 - - [14/Oct/2025:08:31:09 +0800] "GET /manager-page/api/snapshot.php?id=12&t=0.6271309608406711 HTTP/1.1" 200 47860 "http://192.168.60.79/manager-page/home-1.php" "Mozilla/5.0 (Windows NT 10.0; Win64; x64) AppleWebKit/537.36 (KHTML, like Gecko) Chrome/141.0.0.0 Safari/537.36 Edg/141.0.0.0"
127.0.0.1 - - [14/Oct/2025:08:31:20 +0800] "POST /robot/et-7026-in.php HTTP/1.1" 200 - "-" "python-requests/2.32.2"
127.0.0.1 - - [14/Oct/2025:08:31:42 +0800] "POST /robot/et-7026-in.php HTTP/1.1" 200 - "-" "python-requests/2.32.2"
127.0.0.1 - - [14/Oct/2025:08:32:00 +0800] "GET /robot/alarm-history-in.php HTTP/1.1" 200 - "-" "python-requests/2.28.1"
172.16.36.181 - - [14/Oct/2025:08:32:09 +0800] "GET /manager-page/api/snapshot.php?id=12&t=0.4964323865480923 HTTP/1.1" 200 47949 "http://192.168.60.79/manager-page/home-1.php" "Mozilla/5.0 (Windows NT 10.0; Win64; x64) AppleWebKit/537.36 (KHTML, like Gecko) Chrome/141.0.0.0 Safari/537.36 Edg/141.0.0.0"
172.16.36.181 - - [14/Oct/2025:08:32:09 +0800] "GET /manager-page/api/snapshot.php?id=11&t=0.43723932102370044 HTTP/1.1" 200 30838 "http://192.168.60.79/manager-page/home-1.php" "Mozilla/5.0 (Windows NT 10.0; Win64; x64) AppleWebKit/537.36 (KHTML, like Gecko) Chrome/141.0.0.0 Safari/537.36 Edg/141.0.0.0"
127.0.0.1 - - [14/Oct/2025:08:33:00 +0800] "GET /robot/alarm-history-in.php HTTP/1.1" 200 - "-" "python-requests/2.28.1"
111.70.30.251 - - [14/Oct/2025:08:33:04 +0800] "POST /robot/lora-in.php HTTP/1.1" 200 - "-" "python-requests/2.21.0"
172.16.36.181 - - [14/Oct/2025:08:33:09 +0800] "GET /manager-page/api/snapshot.php?id=11&t=0.012452373180676601 HTTP/1.1" 200 31356 "http://192.168.60.79/manager-page/home-1.php" "Mozilla/5.0 (Windows NT 10.0; Win64; x64) AppleWebKit/537.36 (KHTML, like Gecko) Chrome/141.0.0.0 Safari/537.36 Edg/141.0.0.0"
172.16.36.181 - - [14/Oct/2025:08:33:09 +0800] "GET /manager-page/api/snapshot.php?id=12&t=0.2495127039838665 HTTP/1.1" 200 47958 "http://192.168.60.79/manager-page/home-1.php" "Mozilla/5.0 (Windows NT 10.0; Win64; x64) AppleWebKit/537.36 (KHTML, like Gecko) Chrome/141.0.0.0 Safari/537.36 Edg/141.0.0.0"
127.0.0.1 - - [14/Oct/2025:08:34:00 +0800] "GET /robot/alarm-history-in.php HTTP/1.1" 200 - "-" "python-requests/2.28.1"
172.16.36.181 - - [14/Oct/2025:08:34:09 +0800] "GET /manager-page/api/snapshot.php?id=11&t=0.5843909575100922 HTTP/1.1" 200 30683 "http://192.168.60.79/manager-page/home-1.php" "Mozilla/5.0 (Windows NT 10.0; Win64; x64) AppleWebKit/537.36 (KHTML, like Gecko) Chrome/141.0.0.0 Safari/537.36 Edg/141.0.0.0"
172.16.36.181 - - [14/Oct/2025:08:34:09 +0800] "GET /manager-page/api/snapshot.php?id=12&t=0.10552140393988674 HTTP/1.1" 200 48115 "http://192.168.60.79/manager-page/home-1.php" "Mozilla/5.0 (Windows NT 10.0; Win64; x64) AppleWebKit/537.36 (KHTML, like Gecko) Chrome/141.0.0.0 Safari/537.36 Edg/141.0.0.0"
111.70.30.252 - - [14/Oct/2025:08:34:29 +0800] "POST /robot/lora-in.php HTTP/1.1" 200 - "-" "python-requests/2.21.0"
127.0.0.1 - - [14/Oct/2025:08:35:00 +0800] "GET /robot/alarm-history-in.php HTTP/1.1" 200 - "-" "python-requests/2.28.1"
127.0.0.1 - - [14/Oct/2025:08:35:01 +0800] "GET /get-setting.json HTTP/1.1" 200 2314 "-" "python-requests/2.31.0"
127.0.0.1 - - [14/Oct/2025:08:35:02 +0800] "POST /robot/lora-in.php HTTP/1.1" 200 - "-" "python-requests/2.31.0"
127.0.0.1 - - [14/Oct/2025:08:35:08 +0800] "POST /robot/lora-in.php HTTP/1.1" 200 - "-" "python-requests/2.31.0"
172.16.36.181 - - [14/Oct/2025:08:35:09 +0800] "GET /manager-page/api/snapshot.php?id=11&t=0.33212362026026765 HTTP/1.1" 200 30725 "http://192.168.60.79/manager-page/home-1.php" "Mozilla/5.0 (Windows NT 10.0; Win64; x64) AppleWebKit/537.36 (KHTML, like Gecko) Chrome/141.0.0.0 Safari/537.36 Edg/141.0.0.0"
127.0.0.1 - - [14/Oct/2025:08:35:10 +0800] "POST /robot/lora-in.php HTTP/1.1" 200 - "-" "python-requests/2.31.0"
172.16.36.181 - - [14/Oct/2025:08:35:09 +0800] "GET /manager-page/api/snapshot.php?id=12&t=0.5043854485743279 HTTP/1.1" 200 48601 "http://192.168.60.79/manager-page/home-1.php" "Mozilla/5.0 (Windows NT 10.0; Win64; x64) AppleWebKit/537.36 (KHTML, like Gecko) Chrome/141.0.0.0 Safari/537.36 Edg/141.0.0.0"
127.0.0.1 - - [14/Oct/2025:08:35:13 +0800] "POST /robot/lora-in.php HTTP/1.1" 200 - "-" "python-requests/2.31.0"
127.0.0.1 - - [14/Oct/2025:08:35:16 +0800] "POST /robot/lora-in.php HTTP/1.1" 200 - "-" "python-requests/2.31.0"
127.0.0.1 - - [14/Oct/2025:08:35:19 +0800] "POST /robot/lora-in.php HTTP/1.1" 200 - "-" "python-requests/2.31.0"
127.0.0.1 - - [14/Oct/2025:08:35:26 +0800] "POST /robot/lora-in.php HTTP/1.1" 200 - "-" "python-requests/2.31.0"
127.0.0.1 - - [14/Oct/2025:08:35:35 +0800] "POST /robot/et-7026-in.php HTTP/1.1" 200 - "-" "python-requests/2.32.2"
127.0.0.1 - - [14/Oct/2025:08:36:00 +0800] "GET /robot/alarm-history-in.php HTTP/1.1" 200 - "-" "python-requests/2.28.1"
172.16.36.181 - - [14/Oct/2025:08:36:09 +0800] "GET /manager-page/api/snapshot.php?id=12&t=0.6106652335261735 HTTP/1.1" 200 48162 "http://192.168.60.79/manager-page/home-1.php" "Mozilla/5.0 (Windows NT 10.0; Win64; x64) AppleWebKit/537.36 (KHTML, like Gecko) Chrome/141.0.0.0 Safari/537.36 Edg/141.0.0.0"
172.16.36.181 - - [14/Oct/2025:08:36:09 +0800] "GET /manager-page/api/snapshot.php?id=11&t=0.3678864884219526 HTTP/1.1" 200 30976 "http://192.168.60.79/manager-page/home-1.php" "Mozilla/5.0 (Windows NT 10.0; Win64; x64) AppleWebKit/537.36 (KHTML, like Gecko) Chrome/141.0.0.0 Safari/537.36 Edg/141.0.0.0"
127.0.0.1 - - [14/Oct/2025:08:37:00 +0800] "GET /robot/alarm-history-in.php HTTP/1.1" 200 - "-" "python-requests/2.28.1"
172.16.36.181 - - [14/Oct/2025:08:37:09 +0800] "GET /manager-page/api/snapshot.php?id=12&t=0.41068779959597235 HTTP/1.1" 200 47980 "http://192.168.60.79/manager-page/home-1.php" "Mozilla/5.0 (Windows NT 10.0; Win64; x64) AppleWebKit/537.36 (KHTML, like Gecko) Chrome/141.0.0.0 Safari/537.36 Edg/141.0.0.0"
172.16.36.181 - - [14/Oct/2025:08:37:09 +0800] "GET /manager-page/api/snapshot.php?id=11&t=0.013287872599825556 HTTP/1.1" 200 30801 "http://192.168.60.79/manager-page/home-1.php" "Mozilla/5.0 (Windows NT 10.0; Win64; x64) AppleWebKit/537.36 (KHTML, like Gecko) Chrome/141.0.0.0 Safari/537.36 Edg/141.0.0.0"
127.0.0.1 - - [14/Oct/2025:08:38:00 +0800] "GET /robot/alarm-history-in.php HTTP/1.1" 200 - "-" "python-requests/2.28.1"
172.16.36.181 - - [14/Oct/2025:08:38:09 +0800] "GET /manager-page/api/snapshot.php?id=11&t=0.41848075454933087 HTTP/1.1" 200 30802 "http://192.168.60.79/manager-page/home-1.php" "Mozilla/5.0 (Windows NT 10.0; Win64; x64) AppleWebKit/537.36 (KHTML, like Gecko) Chrome/141.0.0.0 Safari/537.36 Edg/141.0.0.0"
172.16.36.181 - - [14/Oct/2025:08:38:09 +0800] "GET /manager-page/api/snapshot.php?id=12&t=0.23374440979016609 HTTP/1.1" 200 47979 "http://192.168.60.79/manager-page/home-1.php" "Mozilla/5.0 (Windows NT 10.0; Win64; x64) AppleWebKit/537.36 (KHTML, like Gecko) Chrome/141.0.0.0 Safari/537.36 Edg/141.0.0.0"
172.16.36.181 - - [14/Oct/2025:08:38:18 +0800] "GET /manager-page/api/snapshot.php?id=12&t=0.5930264380659273 HTTP/1.1" 200 47944 "http://192.168.60.79/manager-page/home-1.php" "Mozilla/5.0 (Windows NT 10.0; Win64; x64) AppleWebKit/537.36 (KHTML, like Gecko) Chrome/141.0.0.0 Safari/537.36 Edg/141.0.0.0"
172.16.36.181 - - [14/Oct/2025:08:38:18 +0800] "GET /manager-page/api/snapshot.php?id=11&t=0.9944202519934133 HTTP/1.1" 200 30830 "http://192.168.60.79/manager-page/home-1.php" "Mozilla/5.0 (Windows NT 10.0; Win64; x64) AppleWebKit/537.36 (KHTML, like Gecko) Chrome/141.0.0.0 Safari/537.36 Edg/141.0.0.0"
172.16.36.181 - - [14/Oct/2025:08:38:19 +0800] "GET /manager-page/api/snapshot.php?id=12&t=0.49698936896683465 HTTP/1.1" 200 47899 "http://192.168.60.79/manager-page/home-1.php" "Mozilla/5.0 (Windows NT 10.0; Win64; x64) AppleWebKit/537.36 (KHTML, like Gecko) Chrome/141.0.0.0 Safari/537.36 Edg/141.0.0.0"
172.16.36.181 - - [14/Oct/2025:08:38:19 +0800] "GET /manager-page/api/snapshot.php?id=11&t=0.09369558037472459 HTTP/1.1" 200 30851 "http://192.168.60.79/manager-page/home-1.php" "Mozilla/5.0 (Windows NT 10.0; Win64; x64) AppleWebKit/537.36 (KHTML, like Gecko) Chrome/141.0.0.0 Safari/537.36 Edg/141.0.0.0"
172.16.36.181 - - [14/Oct/2025:08:38:24 +0800] "GET /manager-page/api/snapshot.php?id=11&t=0.18534019948242486 HTTP/1.1" 200 30838 "http://192.168.60.79/manager-page/home-1.php" "Mozilla/5.0 (Windows NT 10.0; Win64; x64) AppleWebKit/537.36 (KHTML, like Gecko) Chrome/141.0.0.0 Safari/537.36 Edg/141.0.0.0"
172.16.36.181 - - [14/Oct/2025:08:38:24 +0800] "GET /manager-page/api/snapshot.php?id=12&t=0.2833042260286719 HTTP/1.1" 200 47937 "http://192.168.60.79/manager-page/home-1.php" "Mozilla/5.0 (Windows NT 10.0; Win64; x64) AppleWebKit/537.36 (KHTML, like Gecko) Chrome/141.0.0.0 Safari/537.36 Edg/141.0.0.0"
172.16.36.181 - - [14/Oct/2025:08:38:29 +0800] "GET /manager-page/api/snapshot.php?id=12&t=0.3275316133763707 HTTP/1.1" 200 47921 "http://192.168.60.79/manager-page/home-1.php" "Mozilla/5.0 (Windows NT 10.0; Win64; x64) AppleWebKit/537.36 (KHTML, like Gecko) Chrome/141.0.0.0 Safari/537.36 Edg/141.0.0.0"
172.16.36.181 - - [14/Oct/2025:08:38:29 +0800] "GET /manager-page/api/snapshot.php?id=11&t=0.3308480024690197 HTTP/1.1" 200 30853 "http://192.168.60.79/manager-page/home-1.php" "Mozilla/5.0 (Windows NT 10.0; Win64; x64) AppleWebKit/537.36 (KHTML, like Gecko) Chrome/141.0.0.0 Safari/537.36 Edg/141.0.0.0"
172.16.36.181 - - [14/Oct/2025:08:38:34 +0800] "GET /manager-page/api/snapshot.php?id=11&t=0.6089598669489105 HTTP/1.1" 200 30900 "http://192.168.60.79/manager-page/home-1.php" "Mozilla/5.0 (Windows NT 10.0; Win64; x64) AppleWebKit/537.36 (KHTML, like Gecko) Chrome/141.0.0.0 Safari/537.36 Edg/141.0.0.0"
172.16.36.181 - - [14/Oct/2025:08:38:34 +0800] "GET /manager-page/api/snapshot.php?id=12&t=0.2308452069502811 HTTP/1.1" 200 48042 "http://192.168.60.79/manager-page/home-1.php" "Mozilla/5.0 (Windows NT 10.0; Win64; x64) AppleWebKit/537.36 (KHTML, like Gecko) Chrome/141.0.0.0 Safari/537.36 Edg/141.0.0.0"
172.16.36.181 - - [14/Oct/2025:08:38:36 +0800] "GET /manager-page/alarm/2-1.jpg?t=1213453454 HTTP/1.1" 200 472504 "http://192.168.60.79/manager-page/home-2.php" "Mozilla/5.0 (Windows NT 10.0; Win64; x64) AppleWebKit/537.36 (KHTML, like Gecko) Chrome/141.0.0.0 Safari/537.36 Edg/141.0.0.0"
172.16.36.181 - - [14/Oct/2025:08:38:36 +0800] "GET /manager-page/alarm/2-2.jpg?t=2126399943 HTTP/1.1" 200 544111 "http://192.168.60.79/manager-page/home-2.php" "Mozilla/5.0 (Windows NT 10.0; Win64; x64) AppleWebKit/537.36 (KHTML, like Gecko) Chrome/141.0.0.0 Safari/537.36 Edg/141.0.0.0"
172.16.36.181 - - [14/Oct/2025:08:38:36 +0800] "GET /manager-page/home-2.php HTTP/1.1" 200 27469 "http://192.168.60.79/manager-page/home-1.php" "Mozilla/5.0 (Windows NT 10.0; Win64; x64) AppleWebKit/537.36 (KHTML, like Gecko) Chrome/141.0.0.0 Safari/537.36 Edg/141.0.0.0"
172.16.36.181 - - [14/Oct/2025:08:38:36 +0800] "GET /manager-page/api/snapshot.php?id=21 HTTP/1.1" 200 46273 "http://192.168.60.79/manager-page/home-2.php" "Mozilla/5.0 (Windows NT 10.0; Win64; x64) AppleWebKit/537.36 (KHTML, like Gecko) Chrome/141.0.0.0 Safari/537.36 Edg/141.0.0.0"
172.16.36.181 - - [14/Oct/2025:08:38:36 +0800] "GET /manager-page/api/snapshot.php?id=22 HTTP/1.1" 200 40482 "http://192.168.60.79/manager-page/home-2.php" "Mozilla/5.0 (Windows NT 10.0; Win64; x64) AppleWebKit/537.36 (KHTML, like Gecko) Chrome/141.0.0.0 Safari/537.36 Edg/141.0.0.0"
172.16.36.181 - - [14/Oct/2025:08:38:38 +0800] "GET /manager-page/api/cms-status2.php HTTP/1.1" 200 12 "http://192.168.60.79/manager-page/home-2.php" "Mozilla/5.0 (Windows NT 10.0; Win64; x64) AppleWebKit/537.36 (KHTML, like Gecko) Chrome/141.0.0.0 Safari/537.36 Edg/141.0.0.0"
172.16.36.181 - - [14/Oct/2025:08:38:38 +0800] "GET /manager-page/api/lp-status2.php HTTP/1.1" 200 1 "http://192.168.60.79/manager-page/home-2.php" "Mozilla/5.0 (Windows NT 10.0; Win64; x64) AppleWebKit/537.36 (KHTML, like Gecko) Chrome/141.0.0.0 Safari/537.36 Edg/141.0.0.0"
