172.16.36.181 - - [22/Sep/2025:12:49:48 +0800] "GET /manager-page/api/snapshot.php?id=12&t=0.34146405361538124 HTTP/1.1" 200 41014 "http://192.168.60.79/manager-page/home-1.php" "Mozilla/5.0 (Windows NT 10.0; Win64; x64) AppleWebKit/537.36 (KHTML, like Gecko) Chrome/140.0.0.0 Safari/537.36 Edg/140.0.0.0"
127.0.0.1 - - [22/Sep/2025:12:50:00 +0800] "GET /robot/alarm-history-in.php HTTP/1.1" 200 - "-" "python-requests/2.28.1"
172.16.36.181 - - [22/Sep/2025:12:50:48 +0800] "GET /manager-page/api/snapshot.php?id=12&t=0.9917459648758167 HTTP/1.1" 200 41011 "http://192.168.60.79/manager-page/home-1.php" "Mozilla/5.0 (Windows NT 10.0; Win64; x64) AppleWebKit/537.36 (KHTML, like Gecko) Chrome/140.0.0.0 Safari/537.36 Edg/140.0.0.0"
172.16.36.181 - - [22/Sep/2025:12:50:48 +0800] "GET /manager-page/api/snapshot.php?id=11&t=0.5312994844973966 HTTP/1.1" 200 44355 "http://192.168.60.79/manager-page/home-1.php" "Mozilla/5.0 (Windows NT 10.0; Win64; x64) AppleWebKit/537.36 (KHTML, like Gecko) Chrome/140.0.0.0 Safari/537.36 Edg/140.0.0.0"
127.0.0.1 - - [22/Sep/2025:12:51:00 +0800] "GET /robot/alarm-history-in.php HTTP/1.1" 200 - "-" "python-requests/2.28.1"
172.16.36.181 - - [22/Sep/2025:12:51:48 +0800] "GET /manager-page/api/snapshot.php?id=12&t=0.6326499003149952 HTTP/1.1" 200 41031 "http://192.168.60.79/manager-page/home-1.php" "Mozilla/5.0 (Windows NT 10.0; Win64; x64) AppleWebKit/537.36 (KHTML, like Gecko) Chrome/140.0.0.0 Safari/537.36 Edg/140.0.0.0"
172.16.36.181 - - [22/Sep/2025:12:51:48 +0800] "GET /manager-page/api/snapshot.php?id=11&t=0.3740813928377016 HTTP/1.1" 200 44586 "http://192.168.60.79/manager-page/home-1.php" "Mozilla/5.0 (Windows NT 10.0; Win64; x64) AppleWebKit/537.36 (KHTML, like Gecko) Chrome/140.0.0.0 Safari/537.36 Edg/140.0.0.0"
127.0.0.1 - - [22/Sep/2025:12:52:00 +0800] "GET /robot/alarm-history-in.php HTTP/1.1" 200 - "-" "python-requests/2.28.1"
111.70.30.251 - - [22/Sep/2025:12:52:13 +0800] "POST /robot/lora-in.php HTTP/1.1" 200 - "-" "python-requests/2.21.0"
172.16.36.181 - - [22/Sep/2025:12:52:48 +0800] "GET /manager-page/api/snapshot.php?id=12&t=0.8112669291044398 HTTP/1.1" 200 40764 "http://192.168.60.79/manager-page/home-1.php" "Mozilla/5.0 (Windows NT 10.0; Win64; x64) AppleWebKit/537.36 (KHTML, like Gecko) Chrome/140.0.0.0 Safari/537.36 Edg/140.0.0.0"
172.16.36.181 - - [22/Sep/2025:12:52:48 +0800] "GET /manager-page/api/snapshot.php?id=11&t=0.1804212108381673 HTTP/1.1" 200 44428 "http://192.168.60.79/manager-page/home-1.php" "Mozilla/5.0 (Windows NT 10.0; Win64; x64) AppleWebKit/537.36 (KHTML, like Gecko) Chrome/140.0.0.0 Safari/537.36 Edg/140.0.0.0"
111.70.30.252 - - [22/Sep/2025:12:52:59 +0800] "POST /robot/lora-in.php HTTP/1.1" 200 - "-" "python-requests/2.21.0"
127.0.0.1 - - [22/Sep/2025:12:53:00 +0800] "GET /robot/alarm-history-in.php HTTP/1.1" 200 - "-" "python-requests/2.28.1"
172.16.36.181 - - [22/Sep/2025:12:53:48 +0800] "GET /manager-page/api/snapshot.php?id=12&t=0.32196260162386836 HTTP/1.1" 200 40764 "http://192.168.60.79/manager-page/home-1.php" "Mozilla/5.0 (Windows NT 10.0; Win64; x64) AppleWebKit/537.36 (KHTML, like Gecko) Chrome/140.0.0.0 Safari/537.36 Edg/140.0.0.0"
172.16.36.181 - - [22/Sep/2025:12:53:48 +0800] "GET /manager-page/api/snapshot.php?id=11&t=0.576202445716868 HTTP/1.1" 200 44746 "http://192.168.60.79/manager-page/home-1.php" "Mozilla/5.0 (Windows NT 10.0; Win64; x64) AppleWebKit/537.36 (KHTML, like Gecko) Chrome/140.0.0.0 Safari/537.36 Edg/140.0.0.0"
127.0.0.1 - - [22/Sep/2025:12:54:00 +0800] "GET /robot/alarm-history-in.php HTTP/1.1" 200 - "-" "python-requests/2.28.1"
172.16.36.181 - - [22/Sep/2025:12:54:48 +0800] "GET /manager-page/api/snapshot.php?id=12&t=0.476667939058917 HTTP/1.1" 200 40767 "http://192.168.60.79/manager-page/home-1.php" "Mozilla/5.0 (Windows NT 10.0; Win64; x64) AppleWebKit/537.36 (KHTML, like Gecko) Chrome/140.0.0.0 Safari/537.36 Edg/140.0.0.0"
172.16.36.181 - - [22/Sep/2025:12:54:48 +0800] "GET /manager-page/api/snapshot.php?id=11&t=0.33125932008838666 HTTP/1.1" 200 44552 "http://192.168.60.79/manager-page/home-1.php" "Mozilla/5.0 (Windows NT 10.0; Win64; x64) AppleWebKit/537.36 (KHTML, like Gecko) Chrome/140.0.0.0 Safari/537.36 Edg/140.0.0.0"
127.0.0.1 - - [22/Sep/2025:12:55:00 +0800] "GET /robot/alarm-history-in.php HTTP/1.1" 200 - "-" "python-requests/2.28.1"
111.70.30.250 - - [22/Sep/2025:12:55:16 +0800] "POST /robot/lora-in.php HTTP/1.1" 200 - "-" "python-requests/2.21.0"
172.16.36.181 - - [22/Sep/2025:12:55:48 +0800] "GET /manager-page/api/snapshot.php?id=11&t=0.12765372470037095 HTTP/1.1" 200 44614 "http://192.168.60.79/manager-page/home-1.php" "Mozilla/5.0 (Windows NT 10.0; Win64; x64) AppleWebKit/537.36 (KHTML, like Gecko) Chrome/140.0.0.0 Safari/537.36 Edg/140.0.0.0"
172.16.36.181 - - [22/Sep/2025:12:55:48 +0800] "GET /manager-page/api/snapshot.php?id=12&t=0.24930040793158126 HTTP/1.1" 200 40909 "http://192.168.60.79/manager-page/home-1.php" "Mozilla/5.0 (Windows NT 10.0; Win64; x64) AppleWebKit/537.36 (KHTML, like Gecko) Chrome/140.0.0.0 Safari/537.36 Edg/140.0.0.0"
127.0.0.1 - - [22/Sep/2025:12:56:00 +0800] "GET /robot/alarm-history-in.php HTTP/1.1" 200 - "-" "python-requests/2.28.1"
172.16.36.181 - - [22/Sep/2025:12:56:48 +0800] "GET /manager-page/api/snapshot.php?id=11&t=0.9008510084275413 HTTP/1.1" 200 44702 "http://192.168.60.79/manager-page/home-1.php" "Mozilla/5.0 (Windows NT 10.0; Win64; x64) AppleWebKit/537.36 (KHTML, like Gecko) Chrome/140.0.0.0 Safari/537.36 Edg/140.0.0.0"
172.16.36.181 - - [22/Sep/2025:12:56:48 +0800] "GET /manager-page/api/snapshot.php?id=12&t=0.5718219630335653 HTTP/1.1" 200 40906 "http://192.168.60.79/manager-page/home-1.php" "Mozilla/5.0 (Windows NT 10.0; Win64; x64) AppleWebKit/537.36 (KHTML, like Gecko) Chrome/140.0.0.0 Safari/537.36 Edg/140.0.0.0"
127.0.0.1 - - [22/Sep/2025:12:57:00 +0800] "GET /robot/alarm-history-in.php HTTP/1.1" 200 - "-" "python-requests/2.28.1"
127.0.0.1 - - [22/Sep/2025:12:57:09 +0800] "GET /get-setting.json HTTP/1.1" 200 2314 "-" "python-requests/2.31.0"
127.0.0.1 - - [22/Sep/2025:12:57:09 +0800] "POST /robot/lora-in.php HTTP/1.1" 200 - "-" "python-requests/2.31.0"
127.0.0.1 - - [22/Sep/2025:12:57:11 +0800] "POST /robot/lora-in.php HTTP/1.1" 200 - "-" "python-requests/2.31.0"
127.0.0.1 - - [22/Sep/2025:12:57:13 +0800] "POST /robot/lora-in.php HTTP/1.1" 200 - "-" "python-requests/2.31.0"
127.0.0.1 - - [22/Sep/2025:12:57:17 +0800] "POST /robot/lora-in.php HTTP/1.1" 200 - "-" "python-requests/2.31.0"
111.70.30.253 - - [22/Sep/2025:12:57:20 +0800] "POST /robot/lora-in.php HTTP/1.1" 200 - "-" "python-requests/2.21.0"
127.0.0.1 - - [22/Sep/2025:12:57:20 +0800] "POST /robot/lora-in.php HTTP/1.1" 200 - "-" "python-requests/2.31.0"
127.0.0.1 - - [22/Sep/2025:12:57:21 +0800] "POST /robot/lora-in.php HTTP/1.1" 200 - "-" "python-requests/2.31.0"
127.0.0.1 - - [22/Sep/2025:12:57:25 +0800] "POST /robot/lora-in.php HTTP/1.1" 200 - "-" "python-requests/2.31.0"
127.0.0.1 - - [22/Sep/2025:12:57:28 +0800] "POST /robot/et-7026-in.php HTTP/1.1" 200 - "-" "python-requests/2.32.2"
127.0.0.1 - - [22/Sep/2025:12:57:34 +0800] "POST /robot/et-7026-in.php HTTP/1.1" 200 - "-" "python-requests/2.32.2"
127.0.0.1 - - [22/Sep/2025:12:57:36 +0800] "POST /robot/lora-in.php HTTP/1.1" 200 - "-" "python-requests/2.31.0"
127.0.0.1 - - [22/Sep/2025:12:57:41 +0800] "POST /robot/et-7026-in.php HTTP/1.1" 200 - "-" "python-requests/2.32.2"
172.16.36.181 - - [22/Sep/2025:12:57:48 +0800] "GET /manager-page/api/snapshot.php?id=12&t=0.7503257159964406 HTTP/1.1" 200 40845 "http://192.168.60.79/manager-page/home-1.php" "Mozilla/5.0 (Windows NT 10.0; Win64; x64) AppleWebKit/537.36 (KHTML, like Gecko) Chrome/140.0.0.0 Safari/537.36 Edg/140.0.0.0"
172.16.36.181 - - [22/Sep/2025:12:57:48 +0800] "GET /manager-page/api/snapshot.php?id=11&t=0.12379901637490254 HTTP/1.1" 200 44500 "http://192.168.60.79/manager-page/home-1.php" "Mozilla/5.0 (Windows NT 10.0; Win64; x64) AppleWebKit/537.36 (KHTML, like Gecko) Chrome/140.0.0.0 Safari/537.36 Edg/140.0.0.0"
127.0.0.1 - - [22/Sep/2025:12:58:00 +0800] "GET /robot/alarm-history-in.php HTTP/1.1" 200 - "-" "python-requests/2.28.1"
172.16.36.181 - - [22/Sep/2025:12:58:48 +0800] "GET /manager-page/api/snapshot.php?id=11&t=0.5405875843854276 HTTP/1.1" 200 44475 "http://192.168.60.79/manager-page/home-1.php" "Mozilla/5.0 (Windows NT 10.0; Win64; x64) AppleWebKit/537.36 (KHTML, like Gecko) Chrome/140.0.0.0 Safari/537.36 Edg/140.0.0.0"
172.16.36.181 - - [22/Sep/2025:12:58:48 +0800] "GET /manager-page/api/snapshot.php?id=12&t=0.3417174951396409 HTTP/1.1" 200 40773 "http://192.168.60.79/manager-page/home-1.php" "Mozilla/5.0 (Windows NT 10.0; Win64; x64) AppleWebKit/537.36 (KHTML, like Gecko) Chrome/140.0.0.0 Safari/537.36 Edg/140.0.0.0"
127.0.0.1 - - [22/Sep/2025:12:59:00 +0800] "GET /robot/alarm-history-in.php HTTP/1.1" 200 - "-" "python-requests/2.28.1"
127.0.0.1 - - [22/Sep/2025:12:59:03 +0800] "POST /robot/et-7026-in.php HTTP/1.1" 200 - "-" "python-requests/2.32.2"
172.16.36.181 - - [22/Sep/2025:12:59:48 +0800] "GET /manager-page/api/snapshot.php?id=11&t=0.052216030787062495 HTTP/1.1" 200 44326 "http://192.168.60.79/manager-page/home-1.php" "Mozilla/5.0 (Windows NT 10.0; Win64; x64) AppleWebKit/537.36 (KHTML, like Gecko) Chrome/140.0.0.0 Safari/537.36 Edg/140.0.0.0"
172.16.36.181 - - [22/Sep/2025:12:59:48 +0800] "GET /manager-page/api/snapshot.php?id=12&t=0.3066072558744297 HTTP/1.1" 200 40770 "http://192.168.60.79/manager-page/home-1.php" "Mozilla/5.0 (Windows NT 10.0; Win64; x64) AppleWebKit/537.36 (KHTML, like Gecko) Chrome/140.0.0.0 Safari/537.36 Edg/140.0.0.0"
127.0.0.1 - - [22/Sep/2025:13:00:00 +0800] "GET /robot/alarm-history-in.php HTTP/1.1" 200 - "-" "python-requests/2.28.1"
111.70.30.251 - - [22/Sep/2025:13:00:48 +0800] "POST /robot/lora-in.php HTTP/1.1" 200 - "-" "python-requests/2.21.0"
172.16.36.181 - - [22/Sep/2025:13:00:48 +0800] "GET /manager-page/api/snapshot.php?id=11&t=0.5396337253161618 HTTP/1.1" 200 44273 "http://192.168.60.79/manager-page/home-1.php" "Mozilla/5.0 (Windows NT 10.0; Win64; x64) AppleWebKit/537.36 (KHTML, like Gecko) Chrome/140.0.0.0 Safari/537.36 Edg/140.0.0.0"
172.16.36.181 - - [22/Sep/2025:13:00:48 +0800] "GET /manager-page/api/snapshot.php?id=12&t=0.9449035179530928 HTTP/1.1" 200 40695 "http://192.168.60.79/manager-page/home-1.php" "Mozilla/5.0 (Windows NT 10.0; Win64; x64) AppleWebKit/537.36 (KHTML, like Gecko) Chrome/140.0.0.0 Safari/537.36 Edg/140.0.0.0"
127.0.0.1 - - [22/Sep/2025:13:01:00 +0800] "GET /robot/alarm-history-in.php HTTP/1.1" 200 - "-" "python-requests/2.28.1"
172.16.36.181 - - [22/Sep/2025:13:01:48 +0800] "GET /manager-page/api/snapshot.php?id=12&t=0.7809411276463711 HTTP/1.1" 200 40732 "http://192.168.60.79/manager-page/home-1.php" "Mozilla/5.0 (Windows NT 10.0; Win64; x64) AppleWebKit/537.36 (KHTML, like Gecko) Chrome/140.0.0.0 Safari/537.36 Edg/140.0.0.0"
172.16.36.181 - - [22/Sep/2025:13:01:48 +0800] "GET /manager-page/api/snapshot.php?id=11&t=0.7954898701961587 HTTP/1.1" 200 44255 "http://192.168.60.79/manager-page/home-1.php" "Mozilla/5.0 (Windows NT 10.0; Win64; x64) AppleWebKit/537.36 (KHTML, like Gecko) Chrome/140.0.0.0 Safari/537.36 Edg/140.0.0.0"
127.0.0.1 - - [22/Sep/2025:13:02:00 +0800] "GET /robot/alarm-history-in.php HTTP/1.1" 200 - "-" "python-requests/2.28.1"
111.70.30.252 - - [22/Sep/2025:13:02:09 +0800] "POST /robot/lora-in.php HTTP/1.1" 200 - "-" "python-requests/2.21.0"
172.16.36.181 - - [22/Sep/2025:13:02:48 +0800] "GET /manager-page/api/snapshot.php?id=12&t=0.24614302695159296 HTTP/1.1" 200 40762 "http://192.168.60.79/manager-page/home-1.php" "Mozilla/5.0 (Windows NT 10.0; Win64; x64) AppleWebKit/537.36 (KHTML, like Gecko) Chrome/140.0.0.0 Safari/537.36 Edg/140.0.0.0"
172.16.36.181 - - [22/Sep/2025:13:02:48 +0800] "GET /manager-page/api/snapshot.php?id=11&t=0.6468875006914193 HTTP/1.1" 200 44301 "http://192.168.60.79/manager-page/home-1.php" "Mozilla/5.0 (Windows NT 10.0; Win64; x64) AppleWebKit/537.36 (KHTML, like Gecko) Chrome/140.0.0.0 Safari/537.36 Edg/140.0.0.0"
127.0.0.1 - - [22/Sep/2025:13:03:00 +0800] "GET /robot/alarm-history-in.php HTTP/1.1" 200 - "-" "python-requests/2.28.1"
172.16.36.181 - - [22/Sep/2025:13:03:48 +0800] "GET /manager-page/api/snapshot.php?id=11&t=0.2926162259863718 HTTP/1.1" 200 45707 "http://192.168.60.79/manager-page/home-1.php" "Mozilla/5.0 (Windows NT 10.0; Win64; x64) AppleWebKit/537.36 (KHTML, like Gecko) Chrome/140.0.0.0 Safari/537.36 Edg/140.0.0.0"
172.16.36.181 - - [22/Sep/2025:13:03:48 +0800] "GET /manager-page/api/snapshot.php?id=12&t=0.4849375532052983 HTTP/1.1" 200 40708 "http://192.168.60.79/manager-page/home-1.php" "Mozilla/5.0 (Windows NT 10.0; Win64; x64) AppleWebKit/537.36 (KHTML, like Gecko) Chrome/140.0.0.0 Safari/537.36 Edg/140.0.0.0"
111.70.30.250 - - [22/Sep/2025:13:03:51 +0800] "POST /robot/lora-in.php HTTP/1.1" 200 - "-" "python-requests/2.21.0"
127.0.0.1 - - [22/Sep/2025:13:04:00 +0800] "GET /robot/alarm-history-in.php HTTP/1.1" 200 - "-" "python-requests/2.28.1"
172.16.36.181 - - [22/Sep/2025:13:04:48 +0800] "GET /manager-page/api/snapshot.php?id=11&t=0.5479399834474331 HTTP/1.1" 200 43977 "http://192.168.60.79/manager-page/home-1.php" "Mozilla/5.0 (Windows NT 10.0; Win64; x64) AppleWebKit/537.36 (KHTML, like Gecko) Chrome/140.0.0.0 Safari/537.36 Edg/140.0.0.0"
172.16.36.181 - - [22/Sep/2025:13:04:48 +0800] "GET /manager-page/api/snapshot.php?id=12&t=0.438413202927595 HTTP/1.1" 200 40593 "http://192.168.60.79/manager-page/home-1.php" "Mozilla/5.0 (Windows NT 10.0; Win64; x64) AppleWebKit/537.36 (KHTML, like Gecko) Chrome/140.0.0.0 Safari/537.36 Edg/140.0.0.0"
127.0.0.1 - - [22/Sep/2025:13:05:00 +0800] "GET /robot/alarm-history-in.php HTTP/1.1" 200 - "-" "python-requests/2.28.1"
172.16.36.181 - - [22/Sep/2025:13:05:48 +0800] "GET /manager-page/api/snapshot.php?id=11&t=0.44339544232242145 HTTP/1.1" 200 43987 "http://192.168.60.79/manager-page/home-1.php" "Mozilla/5.0 (Windows NT 10.0; Win64; x64) AppleWebKit/537.36 (KHTML, like Gecko) Chrome/140.0.0.0 Safari/537.36 Edg/140.0.0.0"
172.16.36.181 - - [22/Sep/2025:13:05:48 +0800] "GET /manager-page/api/snapshot.php?id=12&t=0.36113719539384004 HTTP/1.1" 200 40508 "http://192.168.60.79/manager-page/home-1.php" "Mozilla/5.0 (Windows NT 10.0; Win64; x64) AppleWebKit/537.36 (KHTML, like Gecko) Chrome/140.0.0.0 Safari/537.36 Edg/140.0.0.0"
127.0.0.1 - - [22/Sep/2025:13:06:00 +0800] "GET /robot/alarm-history-in.php HTTP/1.1" 200 - "-" "python-requests/2.28.1"
172.16.36.181 - - [22/Sep/2025:13:06:48 +0800] "GET /manager-page/api/snapshot.php?id=11&t=0.1657449042531116 HTTP/1.1" 200 44021 "http://192.168.60.79/manager-page/home-1.php" "Mozilla/5.0 (Windows NT 10.0; Win64; x64) AppleWebKit/537.36 (KHTML, like Gecko) Chrome/140.0.0.0 Safari/537.36 Edg/140.0.0.0"
172.16.36.181 - - [22/Sep/2025:13:06:48 +0800] "GET /manager-page/api/snapshot.php?id=12&t=0.033854305146926555 HTTP/1.1" 200 40508 "http://192.168.60.79/manager-page/home-1.php" "Mozilla/5.0 (Windows NT 10.0; Win64; x64) AppleWebKit/537.36 (KHTML, like Gecko) Chrome/140.0.0.0 Safari/537.36 Edg/140.0.0.0"
127.0.0.1 - - [22/Sep/2025:13:07:00 +0800] "GET /robot/alarm-history-in.php HTTP/1.1" 200 - "-" "python-requests/2.28.1"
127.0.0.1 - - [22/Sep/2025:13:07:09 +0800] "GET /get-setting.json HTTP/1.1" 200 2314 "-" "python-requests/2.31.0"
127.0.0.1 - - [22/Sep/2025:13:07:09 +0800] "POST /robot/lora-in.php HTTP/1.1" 200 - "-" "python-requests/2.31.0"
127.0.0.1 - - [22/Sep/2025:13:07:16 +0800] "POST /robot/lora-in.php HTTP/1.1" 200 - "-" "python-requests/2.31.0"
127.0.0.1 - - [22/Sep/2025:13:07:26 +0800] "POST /robot/lora-in.php HTTP/1.1" 200 - "-" "python-requests/2.31.0"
127.0.0.1 - - [22/Sep/2025:13:07:29 +0800] "POST /robot/et-7026-in.php HTTP/1.1" 200 - "-" "python-requests/2.32.2"
127.0.0.1 - - [22/Sep/2025:13:07:31 +0800] "POST /robot/lora-in.php HTTP/1.1" 200 - "-" "python-requests/2.31.0"
127.0.0.1 - - [22/Sep/2025:13:07:35 +0800] "POST /robot/lora-in.php HTTP/1.1" 200 - "-" "python-requests/2.31.0"
127.0.0.1 - - [22/Sep/2025:13:07:37 +0800] "POST /robot/et-7026-in.php HTTP/1.1" 200 - "-" "python-requests/2.32.2"
127.0.0.1 - - [22/Sep/2025:13:07:41 +0800] "POST /robot/et-7026-in.php HTTP/1.1" 200 - "-" "python-requests/2.32.2"
127.0.0.1 - - [22/Sep/2025:13:07:43 +0800] "POST /robot/lora-in.php HTTP/1.1" 200 - "-" "python-requests/2.31.0"
127.0.0.1 - - [22/Sep/2025:13:07:45 +0800] "POST /robot/lora-in.php HTTP/1.1" 200 - "-" "python-requests/2.31.0"
172.16.36.181 - - [22/Sep/2025:13:07:48 +0800] "GET /manager-page/api/snapshot.php?id=11&t=0.3830501142864269 HTTP/1.1" 200 44171 "http://192.168.60.79/manager-page/home-1.php" "Mozilla/5.0 (Windows NT 10.0; Win64; x64) AppleWebKit/537.36 (KHTML, like Gecko) Chrome/140.0.0.0 Safari/537.36 Edg/140.0.0.0"
172.16.36.181 - - [22/Sep/2025:13:07:48 +0800] "GET /manager-page/api/snapshot.php?id=12&t=0.16056731517889267 HTTP/1.1" 200 40342 "http://192.168.60.79/manager-page/home-1.php" "Mozilla/5.0 (Windows NT 10.0; Win64; x64) AppleWebKit/537.36 (KHTML, like Gecko) Chrome/140.0.0.0 Safari/537.36 Edg/140.0.0.0"
127.0.0.1 - - [22/Sep/2025:13:07:52 +0800] "POST /robot/lora-in.php HTTP/1.1" 200 - "-" "python-requests/2.31.0"
127.0.0.1 - - [22/Sep/2025:13:08:00 +0800] "GET /robot/alarm-history-in.php HTTP/1.1" 200 - "-" "python-requests/2.28.1"
172.16.36.181 - - [22/Sep/2025:13:08:48 +0800] "GET /manager-page/api/snapshot.php?id=12&t=0.702661459386248 HTTP/1.1" 200 40288 "http://192.168.60.79/manager-page/home-1.php" "Mozilla/5.0 (Windows NT 10.0; Win64; x64) AppleWebKit/537.36 (KHTML, like Gecko) Chrome/140.0.0.0 Safari/537.36 Edg/140.0.0.0"
172.16.36.181 - - [22/Sep/2025:13:08:48 +0800] "GET /manager-page/api/snapshot.php?id=11&t=0.06603900899546877 HTTP/1.1" 200 44394 "http://192.168.60.79/manager-page/home-1.php" "Mozilla/5.0 (Windows NT 10.0; Win64; x64) AppleWebKit/537.36 (KHTML, like Gecko) Chrome/140.0.0.0 Safari/537.36 Edg/140.0.0.0"
127.0.0.1 - - [22/Sep/2025:13:09:00 +0800] "GET /robot/alarm-history-in.php HTTP/1.1" 200 - "-" "python-requests/2.28.1"
127.0.0.1 - - [22/Sep/2025:13:09:07 +0800] "POST /robot/et-7026-in.php HTTP/1.1" 200 - "-" "python-requests/2.32.2"
111.70.30.251 - - [22/Sep/2025:13:09:22 +0800] "POST /robot/lora-in.php HTTP/1.1" 200 - "-" "python-requests/2.21.0"
172.16.36.181 - - [22/Sep/2025:13:09:48 +0800] "GET /manager-page/api/snapshot.php?id=11&t=0.645136120790113 HTTP/1.1" 200 44312 "http://192.168.60.79/manager-page/home-1.php" "Mozilla/5.0 (Windows NT 10.0; Win64; x64) AppleWebKit/537.36 (KHTML, like Gecko) Chrome/140.0.0.0 Safari/537.36 Edg/140.0.0.0"
172.16.36.181 - - [22/Sep/2025:13:09:48 +0800] "GET /manager-page/api/snapshot.php?id=12&t=0.8334890322762037 HTTP/1.1" 200 40271 "http://192.168.60.79/manager-page/home-1.php" "Mozilla/5.0 (Windows NT 10.0; Win64; x64) AppleWebKit/537.36 (KHTML, like Gecko) Chrome/140.0.0.0 Safari/537.36 Edg/140.0.0.0"
127.0.0.1 - - [22/Sep/2025:13:10:00 +0800] "GET /robot/alarm-history-in.php HTTP/1.1" 200 - "-" "python-requests/2.28.1"
172.16.36.181 - - [22/Sep/2025:13:10:48 +0800] "GET /manager-page/api/snapshot.php?id=11&t=0.5234600261199803 HTTP/1.1" 200 44359 "http://192.168.60.79/manager-page/home-1.php" "Mozilla/5.0 (Windows NT 10.0; Win64; x64) AppleWebKit/537.36 (KHTML, like Gecko) Chrome/140.0.0.0 Safari/537.36 Edg/140.0.0.0"
172.16.36.181 - - [22/Sep/2025:13:10:48 +0800] "GET /manager-page/api/snapshot.php?id=12&t=0.27838290673892485 HTTP/1.1" 200 40307 "http://192.168.60.79/manager-page/home-1.php" "Mozilla/5.0 (Windows NT 10.0; Win64; x64) AppleWebKit/537.36 (KHTML, like Gecko) Chrome/140.0.0.0 Safari/537.36 Edg/140.0.0.0"
127.0.0.1 - - [22/Sep/2025:13:11:00 +0800] "GET /robot/alarm-history-in.php HTTP/1.1" 200 - "-" "python-requests/2.28.1"
111.70.30.252 - - [22/Sep/2025:13:11:20 +0800] "POST /robot/lora-in.php HTTP/1.1" 200 - "-" "python-requests/2.21.0"
172.16.36.181 - - [22/Sep/2025:13:11:27 +0800] "GET /manager-page/api/snapshot.php?id=11&t=0.980750230300039 HTTP/1.1" 200 44326 "http://192.168.60.79/manager-page/home-1.php" "Mozilla/5.0 (Windows NT 10.0; Win64; x64) AppleWebKit/537.36 (KHTML, like Gecko) Chrome/140.0.0.0 Safari/537.36 Edg/140.0.0.0"
172.16.36.181 - - [22/Sep/2025:13:11:27 +0800] "GET /manager-page/api/snapshot.php?id=12&t=0.9383216259956186 HTTP/1.1" 200 40457 "http://192.168.60.79/manager-page/home-1.php" "Mozilla/5.0 (Windows NT 10.0; Win64; x64) AppleWebKit/537.36 (KHTML, like Gecko) Chrome/140.0.0.0 Safari/537.36 Edg/140.0.0.0"
172.16.36.181 - - [22/Sep/2025:13:11:29 +0800] "GET /manager-page/api/snapshot.php?id=11&t=0.7356278558540067 HTTP/1.1" 200 44347 "http://192.168.60.79/manager-page/home-1.php" "Mozilla/5.0 (Windows NT 10.0; Win64; x64) AppleWebKit/537.36 (KHTML, like Gecko) Chrome/140.0.0.0 Safari/537.36 Edg/140.0.0.0"
172.16.36.181 - - [22/Sep/2025:13:11:29 +0800] "GET /manager-page/api/snapshot.php?id=12&t=0.1595615617677817 HTTP/1.1" 200 40370 "http://192.168.60.79/manager-page/home-1.php" "Mozilla/5.0 (Windows NT 10.0; Win64; x64) AppleWebKit/537.36 (KHTML, like Gecko) Chrome/140.0.0.0 Safari/537.36 Edg/140.0.0.0"
172.16.36.181 - - [22/Sep/2025:13:11:31 +0800] "GET /manager-page/alarm/1-1.jpg?t=936294201 HTTP/1.1" 200 322868 "http://192.168.60.79/manager-page/home-1.php" "Mozilla/5.0 (Windows NT 10.0; Win64; x64) AppleWebKit/537.36 (KHTML, like Gecko) Chrome/140.0.0.0 Safari/537.36 Edg/140.0.0.0"
172.16.36.181 - - [22/Sep/2025:13:11:31 +0800] "GET /manager-page/alarm/1-2.jpg?t=162520065 HTTP/1.1" 200 495492 "http://192.168.60.79/manager-page/home-1.php" "Mozilla/5.0 (Windows NT 10.0; Win64; x64) AppleWebKit/537.36 (KHTML, like Gecko) Chrome/140.0.0.0 Safari/537.36 Edg/140.0.0.0"
172.16.36.181 - - [22/Sep/2025:13:11:29 +0800] "GET /manager-page/home-1.php HTTP/1.1" 200 27472 "http://192.168.60.79/manager-page/home-4.php" "Mozilla/5.0 (Windows NT 10.0; Win64; x64) AppleWebKit/537.36 (KHTML, like Gecko) Chrome/140.0.0.0 Safari/537.36 Edg/140.0.0.0"
172.16.36.181 - - [22/Sep/2025:13:11:31 +0800] "GET /manager-page/api/snapshot.php?id=11 HTTP/1.1" 200 44362 "http://192.168.60.79/manager-page/home-1.php" "Mozilla/5.0 (Windows NT 10.0; Win64; x64) AppleWebKit/537.36 (KHTML, like Gecko) Chrome/140.0.0.0 Safari/537.36 Edg/140.0.0.0"
172.16.36.181 - - [22/Sep/2025:13:11:31 +0800] "GET /manager-page/api/snapshot.php?id=12 HTTP/1.1" 200 41152 "http://192.168.60.79/manager-page/home-1.php" "Mozilla/5.0 (Windows NT 10.0; Win64; x64) AppleWebKit/537.36 (KHTML, like Gecko) Chrome/140.0.0.0 Safari/537.36 Edg/140.0.0.0"
172.16.36.181 - - [22/Sep/2025:13:11:33 +0800] "GET /manager-page/api/cms-status1.php HTTP/1.1" 200 12 "http://192.168.60.79/manager-page/home-1.php" "Mozilla/5.0 (Windows NT 10.0; Win64; x64) AppleWebKit/537.36 (KHTML, like Gecko) Chrome/140.0.0.0 Safari/537.36 Edg/140.0.0.0"
172.16.36.181 - - [22/Sep/2025:13:11:33 +0800] "GET /manager-page/api/lp-status1.php HTTP/1.1" 200 1 "http://192.168.60.79/manager-page/home-1.php" "Mozilla/5.0 (Windows NT 10.0; Win64; x64) AppleWebKit/537.36 (KHTML, like Gecko) Chrome/140.0.0.0 Safari/537.36 Edg/140.0.0.0"
172.16.36.181 - - [22/Sep/2025:13:11:38 +0800] "GET /manager-page/api/snapshot.php?id=12&t=0.6072159370280042 HTTP/1.1" 200 40471 "http://192.168.60.79/manager-page/home-1.php" "Mozilla/5.0 (Windows NT 10.0; Win64; x64) AppleWebKit/537.36 (KHTML, like Gecko) Chrome/140.0.0.0 Safari/537.36 Edg/140.0.0.0"
172.16.36.181 - - [22/Sep/2025:13:11:38 +0800] "GET /manager-page/api/snapshot.php?id=11&t=0.25372121816625115 HTTP/1.1" 200 44698 "http://192.168.60.79/manager-page/home-1.php" "Mozilla/5.0 (Windows NT 10.0; Win64; x64) AppleWebKit/537.36 (KHTML, like Gecko) Chrome/140.0.0.0 Safari/537.36 Edg/140.0.0.0"
172.16.36.181 - - [22/Sep/2025:13:11:43 +0800] "GET /manager-page/api/snapshot.php?id=12&t=0.7022021219077158 HTTP/1.1" 200 40932 "http://192.168.60.79/manager-page/home-1.php" "Mozilla/5.0 (Windows NT 10.0; Win64; x64) AppleWebKit/537.36 (KHTML, like Gecko) Chrome/140.0.0.0 Safari/537.36 Edg/140.0.0.0"
172.16.36.181 - - [22/Sep/2025:13:11:43 +0800] "GET /manager-page/api/snapshot.php?id=11&t=0.4953951413390735 HTTP/1.1" 200 44410 "http://192.168.60.79/manager-page/home-1.php" "Mozilla/5.0 (Windows NT 10.0; Win64; x64) AppleWebKit/537.36 (KHTML, like Gecko) Chrome/140.0.0.0 Safari/537.36 Edg/140.0.0.0"
172.16.36.181 - - [22/Sep/2025:13:11:48 +0800] "GET /manager-page/api/snapshot.php?id=11&t=0.4852743973808922 HTTP/1.1" 200 44321 "http://192.168.60.79/manager-page/home-1.php" "Mozilla/5.0 (Windows NT 10.0; Win64; x64) AppleWebKit/537.36 (KHTML, like Gecko) Chrome/140.0.0.0 Safari/537.36 Edg/140.0.0.0"
172.16.36.181 - - [22/Sep/2025:13:11:48 +0800] "GET /manager-page/api/snapshot.php?id=12&t=0.6206723829335526 HTTP/1.1" 200 40351 "http://192.168.60.79/manager-page/home-1.php" "Mozilla/5.0 (Windows NT 10.0; Win64; x64) AppleWebKit/537.36 (KHTML, like Gecko) Chrome/140.0.0.0 Safari/537.36 Edg/140.0.0.0"
172.16.36.181 - - [22/Sep/2025:13:11:53 +0800] "GET /manager-page/api/snapshot.php?id=12&t=0.9943792446773702 HTTP/1.1" 200 40731 "http://192.168.60.79/manager-page/home-1.php" "Mozilla/5.0 (Windows NT 10.0; Win64; x64) AppleWebKit/537.36 (KHTML, like Gecko) Chrome/140.0.0.0 Safari/537.36 Edg/140.0.0.0"
172.16.36.181 - - [22/Sep/2025:13:11:53 +0800] "GET /manager-page/api/snapshot.php?id=11&t=0.811296007333985 HTTP/1.1" 200 44434 "http://192.168.60.79/manager-page/home-1.php" "Mozilla/5.0 (Windows NT 10.0; Win64; x64) AppleWebKit/537.36 (KHTML, like Gecko) Chrome/140.0.0.0 Safari/537.36 Edg/140.0.0.0"
172.16.36.181 - - [22/Sep/2025:13:11:58 +0800] "GET /manager-page/api/snapshot.php?id=11&t=0.5751221934435113 HTTP/1.1" 200 44931 "http://192.168.60.79/manager-page/home-1.php" "Mozilla/5.0 (Windows NT 10.0; Win64; x64) AppleWebKit/537.36 (KHTML, like Gecko) Chrome/140.0.0.0 Safari/537.36 Edg/140.0.0.0"
172.16.36.181 - - [22/Sep/2025:13:11:58 +0800] "GET /manager-page/api/snapshot.php?id=12&t=0.002584031371897555 HTTP/1.1" 200 40236 "http://192.168.60.79/manager-page/home-1.php" "Mozilla/5.0 (Windows NT 10.0; Win64; x64) AppleWebKit/537.36 (KHTML, like Gecko) Chrome/140.0.0.0 Safari/537.36 Edg/140.0.0.0"
127.0.0.1 - - [22/Sep/2025:13:12:00 +0800] "GET /robot/alarm-history-in.php HTTP/1.1" 200 - "-" "python-requests/2.28.1"
172.16.36.181 - - [22/Sep/2025:13:12:03 +0800] "GET /manager-page/api/snapshot.php?id=12&t=0.17824454183186 HTTP/1.1" 200 40465 "http://192.168.60.79/manager-page/home-1.php" "Mozilla/5.0 (Windows NT 10.0; Win64; x64) AppleWebKit/537.36 (KHTML, like Gecko) Chrome/140.0.0.0 Safari/537.36 Edg/140.0.0.0"
172.16.36.181 - - [22/Sep/2025:13:12:03 +0800] "GET /manager-page/api/snapshot.php?id=11&t=0.7339737603753066 HTTP/1.1" 200 44494 "http://192.168.60.79/manager-page/home-1.php" "Mozilla/5.0 (Windows NT 10.0; Win64; x64) AppleWebKit/537.36 (KHTML, like Gecko) Chrome/140.0.0.0 Safari/537.36 Edg/140.0.0.0"
172.16.36.181 - - [22/Sep/2025:13:12:08 +0800] "GET /manager-page/api/snapshot.php?id=12&t=0.09379242991000036 HTTP/1.1" 200 40290 "http://192.168.60.79/manager-page/home-1.php" "Mozilla/5.0 (Windows NT 10.0; Win64; x64) AppleWebKit/537.36 (KHTML, like Gecko) Chrome/140.0.0.0 Safari/537.36 Edg/140.0.0.0"
172.16.36.181 - - [22/Sep/2025:13:12:08 +0800] "GET /manager-page/api/snapshot.php?id=11&t=0.8443969853378148 HTTP/1.1" 200 44414 "http://192.168.60.79/manager-page/home-1.php" "Mozilla/5.0 (Windows NT 10.0; Win64; x64) AppleWebKit/537.36 (KHTML, like Gecko) Chrome/140.0.0.0 Safari/537.36 Edg/140.0.0.0"
172.16.36.181 - - [22/Sep/2025:13:12:13 +0800] "GET /manager-page/api/snapshot.php?id=12&t=0.8596151239034732 HTTP/1.1" 200 40543 "http://192.168.60.79/manager-page/home-1.php" "Mozilla/5.0 (Windows NT 10.0; Win64; x64) AppleWebKit/537.36 (KHTML, like Gecko) Chrome/140.0.0.0 Safari/537.36 Edg/140.0.0.0"
172.16.36.181 - - [22/Sep/2025:13:12:13 +0800] "GET /manager-page/api/snapshot.php?id=11&t=0.5397156821601339 HTTP/1.1" 200 44449 "http://192.168.60.79/manager-page/home-1.php" "Mozilla/5.0 (Windows NT 10.0; Win64; x64) AppleWebKit/537.36 (KHTML, like Gecko) Chrome/140.0.0.0 Safari/537.36 Edg/140.0.0.0"
172.16.36.181 - - [22/Sep/2025:13:12:18 +0800] "GET /manager-page/api/snapshot.php?id=12&t=0.2345318531912437 HTTP/1.1" 200 40500 "http://192.168.60.79/manager-page/home-1.php" "Mozilla/5.0 (Windows NT 10.0; Win64; x64) AppleWebKit/537.36 (KHTML, like Gecko) Chrome/140.0.0.0 Safari/537.36 Edg/140.0.0.0"
172.16.36.181 - - [22/Sep/2025:13:12:18 +0800] "GET /manager-page/api/snapshot.php?id=11&t=0.15497344058723994 HTTP/1.1" 200 44450 "http://192.168.60.79/manager-page/home-1.php" "Mozilla/5.0 (Windows NT 10.0; Win64; x64) AppleWebKit/537.36 (KHTML, like Gecko) Chrome/140.0.0.0 Safari/537.36 Edg/140.0.0.0"
172.16.36.181 - - [22/Sep/2025:13:12:23 +0800] "GET /manager-page/api/snapshot.php?id=12&t=0.7987468474456328 HTTP/1.1" 200 40577 "http://192.168.60.79/manager-page/home-1.php" "Mozilla/5.0 (Windows NT 10.0; Win64; x64) AppleWebKit/537.36 (KHTML, like Gecko) Chrome/140.0.0.0 Safari/537.36 Edg/140.0.0.0"
172.16.36.181 - - [22/Sep/2025:13:12:23 +0800] "GET /manager-page/api/snapshot.php?id=11&t=0.7567047896181621 HTTP/1.1" 200 44778 "http://192.168.60.79/manager-page/home-1.php" "Mozilla/5.0 (Windows NT 10.0; Win64; x64) AppleWebKit/537.36 (KHTML, like Gecko) Chrome/140.0.0.0 Safari/537.36 Edg/140.0.0.0"
111.70.30.250 - - [22/Sep/2025:13:12:26 +0800] "POST /robot/lora-in.php HTTP/1.1" 200 - "-" "python-requests/2.21.0"
172.16.36.181 - - [22/Sep/2025:13:12:28 +0800] "GET /manager-page/api/snapshot.php?id=11&t=0.8488970792907129 HTTP/1.1" 200 44485 "http://192.168.60.79/manager-page/home-1.php" "Mozilla/5.0 (Windows NT 10.0; Win64; x64) AppleWebKit/537.36 (KHTML, like Gecko) Chrome/140.0.0.0 Safari/537.36 Edg/140.0.0.0"
172.16.36.181 - - [22/Sep/2025:13:12:28 +0800] "GET /manager-page/api/snapshot.php?id=12&t=0.5887971537024329 HTTP/1.1" 200 41272 "http://192.168.60.79/manager-page/home-1.php" "Mozilla/5.0 (Windows NT 10.0; Win64; x64) AppleWebKit/537.36 (KHTML, like Gecko) Chrome/140.0.0.0 Safari/537.36 Edg/140.0.0.0"
172.16.36.181 - - [22/Sep/2025:13:12:33 +0800] "GET /manager-page/api/snapshot.php?id=11&t=0.8330487733049969 HTTP/1.1" 200 44476 "http://192.168.60.79/manager-page/home-1.php" "Mozilla/5.0 (Windows NT 10.0; Win64; x64) AppleWebKit/537.36 (KHTML, like Gecko) Chrome/140.0.0.0 Safari/537.36 Edg/140.0.0.0"
172.16.36.181 - - [22/Sep/2025:13:12:33 +0800] "GET /manager-page/api/snapshot.php?id=12&t=0.14764611712193132 HTTP/1.1" 200 40587 "http://192.168.60.79/manager-page/home-1.php" "Mozilla/5.0 (Windows NT 10.0; Win64; x64) AppleWebKit/537.36 (KHTML, like Gecko) Chrome/140.0.0.0 Safari/537.36 Edg/140.0.0.0"
172.16.36.181 - - [22/Sep/2025:13:12:48 +0800] "GET /manager-page/api/snapshot.php?id=11&t=0.3735147337726865 HTTP/1.1" 200 44492 "http://192.168.60.79/manager-page/home-1.php" "Mozilla/5.0 (Windows NT 10.0; Win64; x64) AppleWebKit/537.36 (KHTML, like Gecko) Chrome/140.0.0.0 Safari/537.36 Edg/140.0.0.0"
172.16.36.181 - - [22/Sep/2025:13:12:48 +0800] "GET /manager-page/api/snapshot.php?id=12&t=0.7828226919330616 HTTP/1.1" 200 40612 "http://192.168.60.79/manager-page/home-1.php" "Mozilla/5.0 (Windows NT 10.0; Win64; x64) AppleWebKit/537.36 (KHTML, like Gecko) Chrome/140.0.0.0 Safari/537.36 Edg/140.0.0.0"
127.0.0.1 - - [22/Sep/2025:13:13:00 +0800] "GET /robot/alarm-history-in.php HTTP/1.1" 200 - "-" "python-requests/2.28.1"
172.16.36.181 - - [22/Sep/2025:13:13:48 +0800] "GET /manager-page/api/snapshot.php?id=11&t=0.4934706583988212 HTTP/1.1" 200 44564 "http://192.168.60.79/manager-page/home-1.php" "Mozilla/5.0 (Windows NT 10.0; Win64; x64) AppleWebKit/537.36 (KHTML, like Gecko) Chrome/140.0.0.0 Safari/537.36 Edg/140.0.0.0"
172.16.36.181 - - [22/Sep/2025:13:13:48 +0800] "GET /manager-page/api/snapshot.php?id=12&t=0.7709723056417298 HTTP/1.1" 200 40869 "http://192.168.60.79/manager-page/home-1.php" "Mozilla/5.0 (Windows NT 10.0; Win64; x64) AppleWebKit/537.36 (KHTML, like Gecko) Chrome/140.0.0.0 Safari/537.36 Edg/140.0.0.0"
127.0.0.1 - - [22/Sep/2025:13:14:00 +0800] "GET /robot/alarm-history-in.php HTTP/1.1" 200 - "-" "python-requests/2.28.1"
172.16.36.181 - - [22/Sep/2025:13:14:48 +0800] "GET /manager-page/api/snapshot.php?id=11&t=0.4569605365130024 HTTP/1.1" 200 44730 "http://192.168.60.79/manager-page/home-1.php" "Mozilla/5.0 (Windows NT 10.0; Win64; x64) AppleWebKit/537.36 (KHTML, like Gecko) Chrome/140.0.0.0 Safari/537.36 Edg/140.0.0.0"
172.16.36.181 - - [22/Sep/2025:13:14:48 +0800] "GET /manager-page/api/snapshot.php?id=12&t=0.2516246967989867 HTTP/1.1" 200 41110 "http://192.168.60.79/manager-page/home-1.php" "Mozilla/5.0 (Windows NT 10.0; Win64; x64) AppleWebKit/537.36 (KHTML, like Gecko) Chrome/140.0.0.0 Safari/537.36 Edg/140.0.0.0"
111.70.30.253 - - [22/Sep/2025:13:14:49 +0800] "POST /robot/lora-in.php HTTP/1.1" 200 - "-" "python-requests/2.21.0"
127.0.0.1 - - [22/Sep/2025:13:15:00 +0800] "GET /robot/alarm-history-in.php HTTP/1.1" 200 - "-" "python-requests/2.28.1"
172.16.36.181 - - [22/Sep/2025:13:15:48 +0800] "GET /manager-page/api/snapshot.php?id=11&t=0.5096828597228102 HTTP/1.1" 200 44829 "http://192.168.60.79/manager-page/home-1.php" "Mozilla/5.0 (Windows NT 10.0; Win64; x64) AppleWebKit/537.36 (KHTML, like Gecko) Chrome/140.0.0.0 Safari/537.36 Edg/140.0.0.0"
172.16.36.181 - - [22/Sep/2025:13:15:48 +0800] "GET /manager-page/api/snapshot.php?id=12&t=0.48346051286463043 HTTP/1.1" 200 43346 "http://192.168.60.79/manager-page/home-1.php" "Mozilla/5.0 (Windows NT 10.0; Win64; x64) AppleWebKit/537.36 (KHTML, like Gecko) Chrome/140.0.0.0 Safari/537.36 Edg/140.0.0.0"
127.0.0.1 - - [22/Sep/2025:13:16:00 +0800] "GET /robot/alarm-history-in.php HTTP/1.1" 200 - "-" "python-requests/2.28.1"
172.16.36.181 - - [22/Sep/2025:13:16:48 +0800] "GET /manager-page/api/snapshot.php?id=12&t=0.9122692510581119 HTTP/1.1" 200 41254 "http://192.168.60.79/manager-page/home-1.php" "Mozilla/5.0 (Windows NT 10.0; Win64; x64) AppleWebKit/537.36 (KHTML, like Gecko) Chrome/140.0.0.0 Safari/537.36 Edg/140.0.0.0"
172.16.36.181 - - [22/Sep/2025:13:16:48 +0800] "GET /manager-page/api/snapshot.php?id=11&t=0.6932142119776635 HTTP/1.1" 200 44956 "http://192.168.60.79/manager-page/home-1.php" "Mozilla/5.0 (Windows NT 10.0; Win64; x64) AppleWebKit/537.36 (KHTML, like Gecko) Chrome/140.0.0.0 Safari/537.36 Edg/140.0.0.0"
127.0.0.1 - - [22/Sep/2025:13:17:00 +0800] "GET /robot/alarm-history-in.php HTTP/1.1" 200 - "-" "python-requests/2.28.1"
127.0.0.1 - - [22/Sep/2025:13:17:09 +0800] "GET /get-setting.json HTTP/1.1" 200 2314 "-" "python-requests/2.31.0"
127.0.0.1 - - [22/Sep/2025:13:17:09 +0800] "POST /robot/lora-in.php HTTP/1.1" 200 - "-" "python-requests/2.31.0"
127.0.0.1 - - [22/Sep/2025:13:17:15 +0800] "POST /robot/lora-in.php HTTP/1.1" 200 - "-" "python-requests/2.31.0"
127.0.0.1 - - [22/Sep/2025:13:17:16 +0800] "POST /robot/lora-in.php HTTP/1.1" 200 - "-" "python-requests/2.31.0"
127.0.0.1 - - [22/Sep/2025:13:17:25 +0800] "POST /robot/lora-in.php HTTP/1.1" 200 - "-" "python-requests/2.31.0"
127.0.0.1 - - [22/Sep/2025:13:17:29 +0800] "POST /robot/lora-in.php HTTP/1.1" 200 - "-" "python-requests/2.31.0"
127.0.0.1 - - [22/Sep/2025:13:17:30 +0800] "POST /robot/et-7026-in.php HTTP/1.1" 200 - "-" "python-requests/2.32.2"
127.0.0.1 - - [22/Sep/2025:13:17:31 +0800] "POST /robot/lora-in.php HTTP/1.1" 200 - "-" "python-requests/2.31.0"
127.0.0.1 - - [22/Sep/2025:13:17:33 +0800] "POST /robot/lora-in.php HTTP/1.1" 200 - "-" "python-requests/2.31.0"
127.0.0.1 - - [22/Sep/2025:13:17:35 +0800] "POST /robot/lora-in.php HTTP/1.1" 200 - "-" "python-requests/2.31.0"
127.0.0.1 - - [22/Sep/2025:13:17:41 +0800] "POST /robot/et-7026-in.php HTTP/1.1" 200 - "-" "python-requests/2.32.2"
127.0.0.1 - - [22/Sep/2025:13:17:43 +0800] "POST /robot/et-7026-in.php HTTP/1.1" 200 - "-" "python-requests/2.32.2"
172.16.36.181 - - [22/Sep/2025:13:17:48 +0800] "GET /manager-page/api/snapshot.php?id=11&t=0.531966306652714 HTTP/1.1" 200 45056 "http://192.168.60.79/manager-page/home-1.php" "Mozilla/5.0 (Windows NT 10.0; Win64; x64) AppleWebKit/537.36 (KHTML, like Gecko) Chrome/140.0.0.0 Safari/537.36 Edg/140.0.0.0"
172.16.36.181 - - [22/Sep/2025:13:17:48 +0800] "GET /manager-page/api/snapshot.php?id=12&t=0.9433980659345181 HTTP/1.1" 500 - "http://192.168.60.79/manager-page/home-1.php" "Mozilla/5.0 (Windows NT 10.0; Win64; x64) AppleWebKit/537.36 (KHTML, like Gecko) Chrome/140.0.0.0 Safari/537.36 Edg/140.0.0.0"
172.16.36.181 - - [22/Sep/2025:13:17:54 +0800] "GET /manager-page/live/1-2.jpg HTTP/1.1" 200 41485 "http://192.168.60.79/manager-page/home-1.php" "Mozilla/5.0 (Windows NT 10.0; Win64; x64) AppleWebKit/537.36 (KHTML, like Gecko) Chrome/140.0.0.0 Safari/537.36 Edg/140.0.0.0"
111.70.30.251 - - [22/Sep/2025:13:17:58 +0800] "POST /robot/lora-in.php HTTP/1.1" 200 - "-" "python-requests/2.21.0"
127.0.0.1 - - [22/Sep/2025:13:18:00 +0800] "GET /robot/alarm-history-in.php HTTP/1.1" 200 - "-" "python-requests/2.28.1"
172.16.36.181 - - [22/Sep/2025:13:18:48 +0800] "GET /manager-page/api/snapshot.php?id=12&t=0.828254705472344 HTTP/1.1" 200 41651 "http://192.168.60.79/manager-page/home-1.php" "Mozilla/5.0 (Windows NT 10.0; Win64; x64) AppleWebKit/537.36 (KHTML, like Gecko) Chrome/140.0.0.0 Safari/537.36 Edg/140.0.0.0"
172.16.36.181 - - [22/Sep/2025:13:18:48 +0800] "GET /manager-page/api/snapshot.php?id=11&t=0.1637558118811937 HTTP/1.1" 200 45275 "http://192.168.60.79/manager-page/home-1.php" "Mozilla/5.0 (Windows NT 10.0; Win64; x64) AppleWebKit/537.36 (KHTML, like Gecko) Chrome/140.0.0.0 Safari/537.36 Edg/140.0.0.0"
127.0.0.1 - - [22/Sep/2025:13:19:00 +0800] "GET /robot/alarm-history-in.php HTTP/1.1" 200 - "-" "python-requests/2.28.1"
127.0.0.1 - - [22/Sep/2025:13:19:07 +0800] "POST /robot/et-7026-in.php HTTP/1.1" 200 - "-" "python-requests/2.32.2"
172.16.36.181 - - [22/Sep/2025:13:19:48 +0800] "GET /manager-page/api/snapshot.php?id=11&t=0.9244722208408004 HTTP/1.1" 200 45176 "http://192.168.60.79/manager-page/home-1.php" "Mozilla/5.0 (Windows NT 10.0; Win64; x64) AppleWebKit/537.36 (KHTML, like Gecko) Chrome/140.0.0.0 Safari/537.36 Edg/140.0.0.0"
172.16.36.181 - - [22/Sep/2025:13:19:48 +0800] "GET /manager-page/api/snapshot.php?id=12&t=0.5433133485280394 HTTP/1.1" 200 41525 "http://192.168.60.79/manager-page/home-1.php" "Mozilla/5.0 (Windows NT 10.0; Win64; x64) AppleWebKit/537.36 (KHTML, like Gecko) Chrome/140.0.0.0 Safari/537.36 Edg/140.0.0.0"
127.0.0.1 - - [22/Sep/2025:13:20:00 +0800] "GET /robot/alarm-history-in.php HTTP/1.1" 200 - "-" "python-requests/2.28.1"
111.70.30.252 - - [22/Sep/2025:13:20:30 +0800] "POST /robot/lora-in.php HTTP/1.1" 200 - "-" "python-requests/2.21.0"
172.16.36.181 - - [22/Sep/2025:13:20:48 +0800] "GET /manager-page/api/snapshot.php?id=11&t=0.964874096559339 HTTP/1.1" 200 45218 "http://192.168.60.79/manager-page/home-1.php" "Mozilla/5.0 (Windows NT 10.0; Win64; x64) AppleWebKit/537.36 (KHTML, like Gecko) Chrome/140.0.0.0 Safari/537.36 Edg/140.0.0.0"
172.16.36.181 - - [22/Sep/2025:13:20:48 +0800] "GET /manager-page/api/snapshot.php?id=12&t=0.8072151777795474 HTTP/1.1" 200 41578 "http://192.168.60.79/manager-page/home-1.php" "Mozilla/5.0 (Windows NT 10.0; Win64; x64) AppleWebKit/537.36 (KHTML, like Gecko) Chrome/140.0.0.0 Safari/537.36 Edg/140.0.0.0"
127.0.0.1 - - [22/Sep/2025:13:21:00 +0800] "GET /robot/alarm-history-in.php HTTP/1.1" 200 - "-" "python-requests/2.28.1"
111.70.30.250 - - [22/Sep/2025:13:21:00 +0800] "POST /robot/lora-in.php HTTP/1.1" 200 - "-" "python-requests/2.21.0"
172.16.36.181 - - [22/Sep/2025:13:21:48 +0800] "GET /manager-page/api/snapshot.php?id=12&t=0.3165208653998788 HTTP/1.1" 200 41210 "http://192.168.60.79/manager-page/home-1.php" "Mozilla/5.0 (Windows NT 10.0; Win64; x64) AppleWebKit/537.36 (KHTML, like Gecko) Chrome/140.0.0.0 Safari/537.36 Edg/140.0.0.0"
172.16.36.181 - - [22/Sep/2025:13:21:48 +0800] "GET /manager-page/api/snapshot.php?id=11&t=0.9104046601351073 HTTP/1.1" 200 44966 "http://192.168.60.79/manager-page/home-1.php" "Mozilla/5.0 (Windows NT 10.0; Win64; x64) AppleWebKit/537.36 (KHTML, like Gecko) Chrome/140.0.0.0 Safari/537.36 Edg/140.0.0.0"
127.0.0.1 - - [22/Sep/2025:13:22:00 +0800] "GET /robot/alarm-history-in.php HTTP/1.1" 200 - "-" "python-requests/2.28.1"
172.16.36.181 - - [22/Sep/2025:13:22:48 +0800] "GET /manager-page/api/snapshot.php?id=11&t=0.16260988345189586 HTTP/1.1" 200 44897 "http://192.168.60.79/manager-page/home-1.php" "Mozilla/5.0 (Windows NT 10.0; Win64; x64) AppleWebKit/537.36 (KHTML, like Gecko) Chrome/140.0.0.0 Safari/537.36 Edg/140.0.0.0"
172.16.36.181 - - [22/Sep/2025:13:22:48 +0800] "GET /manager-page/api/snapshot.php?id=12&t=0.2757555535947198 HTTP/1.1" 200 41100 "http://192.168.60.79/manager-page/home-1.php" "Mozilla/5.0 (Windows NT 10.0; Win64; x64) AppleWebKit/537.36 (KHTML, like Gecko) Chrome/140.0.0.0 Safari/537.36 Edg/140.0.0.0"
127.0.0.1 - - [22/Sep/2025:13:23:00 +0800] "GET /robot/alarm-history-in.php HTTP/1.1" 200 - "-" "python-requests/2.28.1"
111.70.30.253 - - [22/Sep/2025:13:23:33 +0800] "POST /robot/lora-in.php HTTP/1.1" 200 - "-" "python-requests/2.21.0"
172.16.36.181 - - [22/Sep/2025:13:23:48 +0800] "GET /manager-page/api/snapshot.php?id=11&t=0.7950986198784847 HTTP/1.1" 200 45343 "http://192.168.60.79/manager-page/home-1.php" "Mozilla/5.0 (Windows NT 10.0; Win64; x64) AppleWebKit/537.36 (KHTML, like Gecko) Chrome/140.0.0.0 Safari/537.36 Edg/140.0.0.0"
172.16.36.181 - - [22/Sep/2025:13:23:48 +0800] "GET /manager-page/api/snapshot.php?id=12&t=0.10271389379213247 HTTP/1.1" 200 41063 "http://192.168.60.79/manager-page/home-1.php" "Mozilla/5.0 (Windows NT 10.0; Win64; x64) AppleWebKit/537.36 (KHTML, like Gecko) Chrome/140.0.0.0 Safari/537.36 Edg/140.0.0.0"
127.0.0.1 - - [22/Sep/2025:13:24:00 +0800] "GET /robot/alarm-history-in.php HTTP/1.1" 200 - "-" "python-requests/2.28.1"
172.16.36.181 - - [22/Sep/2025:13:24:48 +0800] "GET /manager-page/api/snapshot.php?id=12&t=0.27221728953281876 HTTP/1.1" 200 41174 "http://192.168.60.79/manager-page/home-1.php" "Mozilla/5.0 (Windows NT 10.0; Win64; x64) AppleWebKit/537.36 (KHTML, like Gecko) Chrome/140.0.0.0 Safari/537.36 Edg/140.0.0.0"
172.16.36.181 - - [22/Sep/2025:13:24:48 +0800] "GET /manager-page/api/snapshot.php?id=11&t=0.49223037797906855 HTTP/1.1" 200 45031 "http://192.168.60.79/manager-page/home-1.php" "Mozilla/5.0 (Windows NT 10.0; Win64; x64) AppleWebKit/537.36 (KHTML, like Gecko) Chrome/140.0.0.0 Safari/537.36 Edg/140.0.0.0"
127.0.0.1 - - [22/Sep/2025:13:25:00 +0800] "GET /robot/alarm-history-in.php HTTP/1.1" 200 - "-" "python-requests/2.28.1"
172.16.36.181 - - [22/Sep/2025:13:25:48 +0800] "GET /manager-page/api/snapshot.php?id=11&t=0.6910157852484229 HTTP/1.1" 200 45070 "http://192.168.60.79/manager-page/home-1.php" "Mozilla/5.0 (Windows NT 10.0; Win64; x64) AppleWebKit/537.36 (KHTML, like Gecko) Chrome/140.0.0.0 Safari/537.36 Edg/140.0.0.0"
172.16.36.181 - - [22/Sep/2025:13:25:48 +0800] "GET /manager-page/api/snapshot.php?id=12&t=0.14611921470721567 HTTP/1.1" 200 41133 "http://192.168.60.79/manager-page/home-1.php" "Mozilla/5.0 (Windows NT 10.0; Win64; x64) AppleWebKit/537.36 (KHTML, like Gecko) Chrome/140.0.0.0 Safari/537.36 Edg/140.0.0.0"
127.0.0.1 - - [22/Sep/2025:13:26:01 +0800] "GET /robot/alarm-history-in.php HTTP/1.1" 200 - "-" "python-requests/2.28.1"
111.70.30.251 - - [22/Sep/2025:13:26:33 +0800] "POST /robot/lora-in.php HTTP/1.1" 200 - "-" "python-requests/2.21.0"
172.16.36.181 - - [22/Sep/2025:13:26:48 +0800] "GET /manager-page/api/snapshot.php?id=11&t=0.47432469431695967 HTTP/1.1" 200 45590 "http://192.168.60.79/manager-page/home-1.php" "Mozilla/5.0 (Windows NT 10.0; Win64; x64) AppleWebKit/537.36 (KHTML, like Gecko) Chrome/140.0.0.0 Safari/537.36 Edg/140.0.0.0"
172.16.36.181 - - [22/Sep/2025:13:26:48 +0800] "GET /manager-page/api/snapshot.php?id=12&t=0.3130753096790818 HTTP/1.1" 200 41950 "http://192.168.60.79/manager-page/home-1.php" "Mozilla/5.0 (Windows NT 10.0; Win64; x64) AppleWebKit/537.36 (KHTML, like Gecko) Chrome/140.0.0.0 Safari/537.36 Edg/140.0.0.0"
127.0.0.1 - - [22/Sep/2025:13:27:00 +0800] "GET /robot/alarm-history-in.php HTTP/1.1" 200 - "-" "python-requests/2.28.1"
127.0.0.1 - - [22/Sep/2025:13:27:09 +0800] "GET /get-setting.json HTTP/1.1" 200 2314 "-" "python-requests/2.31.0"
127.0.0.1 - - [22/Sep/2025:13:27:09 +0800] "POST /robot/lora-in.php HTTP/1.1" 200 - "-" "python-requests/2.31.0"
127.0.0.1 - - [22/Sep/2025:13:27:13 +0800] "POST /robot/lora-in.php HTTP/1.1" 200 - "-" "python-requests/2.31.0"
127.0.0.1 - - [22/Sep/2025:13:27:17 +0800] "POST /robot/lora-in.php HTTP/1.1" 200 - "-" "python-requests/2.31.0"
127.0.0.1 - - [22/Sep/2025:13:27:22 +0800] "POST /robot/lora-in.php HTTP/1.1" 200 - "-" "python-requests/2.31.0"
127.0.0.1 - - [22/Sep/2025:13:27:28 +0800] "POST /robot/lora-in.php HTTP/1.1" 200 - "-" "python-requests/2.31.0"
127.0.0.1 - - [22/Sep/2025:13:27:31 +0800] "POST /robot/et-7026-in.php HTTP/1.1" 200 - "-" "python-requests/2.32.2"
127.0.0.1 - - [22/Sep/2025:13:27:35 +0800] "POST /robot/lora-in.php HTTP/1.1" 200 - "-" "python-requests/2.31.0"
127.0.0.1 - - [22/Sep/2025:13:27:43 +0800] "POST /robot/et-7026-in.php HTTP/1.1" 200 - "-" "python-requests/2.32.2"
127.0.0.1 - - [22/Sep/2025:13:27:43 +0800] "POST /robot/lora-in.php HTTP/1.1" 200 - "-" "python-requests/2.31.0"
127.0.0.1 - - [22/Sep/2025:13:27:47 +0800] "POST /robot/et-7026-in.php HTTP/1.1" 200 - "-" "python-requests/2.32.2"
172.16.36.181 - - [22/Sep/2025:13:27:48 +0800] "GET /manager-page/api/snapshot.php?id=12&t=0.6018734921551187 HTTP/1.1" 200 41851 "http://192.168.60.79/manager-page/home-1.php" "Mozilla/5.0 (Windows NT 10.0; Win64; x64) AppleWebKit/537.36 (KHTML, like Gecko) Chrome/140.0.0.0 Safari/537.36 Edg/140.0.0.0"
172.16.36.181 - - [22/Sep/2025:13:27:48 +0800] "GET /manager-page/api/snapshot.php?id=11&t=0.002451200926452124 HTTP/1.1" 200 45831 "http://192.168.60.79/manager-page/home-1.php" "Mozilla/5.0 (Windows NT 10.0; Win64; x64) AppleWebKit/537.36 (KHTML, like Gecko) Chrome/140.0.0.0 Safari/537.36 Edg/140.0.0.0"
127.0.0.1 - - [22/Sep/2025:13:27:53 +0800] "POST /robot/lora-in.php HTTP/1.1" 200 - "-" "python-requests/2.31.0"
127.0.0.1 - - [22/Sep/2025:13:28:00 +0800] "GET /robot/alarm-history-in.php HTTP/1.1" 200 - "-" "python-requests/2.28.1"
172.16.36.181 - - [22/Sep/2025:13:28:48 +0800] "GET /manager-page/api/snapshot.php?id=11&t=0.7793636755976081 HTTP/1.1" 200 45460 "http://192.168.60.79/manager-page/home-1.php" "Mozilla/5.0 (Windows NT 10.0; Win64; x64) AppleWebKit/537.36 (KHTML, like Gecko) Chrome/140.0.0.0 Safari/537.36 Edg/140.0.0.0"
172.16.36.181 - - [22/Sep/2025:13:28:48 +0800] "GET /manager-page/api/snapshot.php?id=12&t=0.6482605898714279 HTTP/1.1" 200 40991 "http://192.168.60.79/manager-page/home-1.php" "Mozilla/5.0 (Windows NT 10.0; Win64; x64) AppleWebKit/537.36 (KHTML, like Gecko) Chrome/140.0.0.0 Safari/537.36 Edg/140.0.0.0"
127.0.0.1 - - [22/Sep/2025:13:29:00 +0800] "GET /robot/alarm-history-in.php HTTP/1.1" 200 - "-" "python-requests/2.28.1"
127.0.0.1 - - [22/Sep/2025:13:29:09 +0800] "POST /robot/et-7026-in.php HTTP/1.1" 200 - "-" "python-requests/2.32.2"
111.70.30.250 - - [22/Sep/2025:13:29:35 +0800] "POST /robot/lora-in.php HTTP/1.1" 200 - "-" "python-requests/2.21.0"
111.70.30.252 - - [22/Sep/2025:13:29:41 +0800] "POST /robot/lora-in.php HTTP/1.1" 200 - "-" "python-requests/2.21.0"
172.16.36.181 - - [22/Sep/2025:13:29:48 +0800] "GET /manager-page/api/snapshot.php?id=12&t=0.7311282477993247 HTTP/1.1" 200 41282 "http://192.168.60.79/manager-page/home-1.php" "Mozilla/5.0 (Windows NT 10.0; Win64; x64) AppleWebKit/537.36 (KHTML, like Gecko) Chrome/140.0.0.0 Safari/537.36 Edg/140.0.0.0"
172.16.36.181 - - [22/Sep/2025:13:29:48 +0800] "GET /manager-page/api/snapshot.php?id=11&t=0.3530624173917698 HTTP/1.1" 500 - "http://192.168.60.79/manager-page/home-1.php" "Mozilla/5.0 (Windows NT 10.0; Win64; x64) AppleWebKit/537.36 (KHTML, like Gecko) Chrome/140.0.0.0 Safari/537.36 Edg/140.0.0.0"
172.16.36.181 - - [22/Sep/2025:13:29:54 +0800] "GET /manager-page/live/1-1.jpg HTTP/1.1" 200 45838 "http://192.168.60.79/manager-page/home-1.php" "Mozilla/5.0 (Windows NT 10.0; Win64; x64) AppleWebKit/537.36 (KHTML, like Gecko) Chrome/140.0.0.0 Safari/537.36 Edg/140.0.0.0"
127.0.0.1 - - [22/Sep/2025:13:30:00 +0800] "GET /robot/alarm-history-in.php HTTP/1.1" 200 - "-" "python-requests/2.28.1"
172.16.36.181 - - [22/Sep/2025:13:30:48 +0800] "GET /manager-page/api/snapshot.php?id=11&t=0.3023897018873438 HTTP/1.1" 200 45421 "http://192.168.60.79/manager-page/home-1.php" "Mozilla/5.0 (Windows NT 10.0; Win64; x64) AppleWebKit/537.36 (KHTML, like Gecko) Chrome/140.0.0.0 Safari/537.36 Edg/140.0.0.0"
172.16.36.181 - - [22/Sep/2025:13:30:48 +0800] "GET /manager-page/api/snapshot.php?id=12&t=0.5131949731777754 HTTP/1.1" 200 40814 "http://192.168.60.79/manager-page/home-1.php" "Mozilla/5.0 (Windows NT 10.0; Win64; x64) AppleWebKit/537.36 (KHTML, like Gecko) Chrome/140.0.0.0 Safari/537.36 Edg/140.0.0.0"
127.0.0.1 - - [22/Sep/2025:13:31:00 +0800] "GET /robot/alarm-history-in.php HTTP/1.1" 200 - "-" "python-requests/2.28.1"
172.16.36.181 - - [22/Sep/2025:13:31:48 +0800] "GET /manager-page/api/snapshot.php?id=11&t=0.2272794191508999 HTTP/1.1" 200 45304 "http://192.168.60.79/manager-page/home-1.php" "Mozilla/5.0 (Windows NT 10.0; Win64; x64) AppleWebKit/537.36 (KHTML, like Gecko) Chrome/140.0.0.0 Safari/537.36 Edg/140.0.0.0"
172.16.36.181 - - [22/Sep/2025:13:31:48 +0800] "GET /manager-page/api/snapshot.php?id=12&t=0.8601769049916608 HTTP/1.1" 200 41031 "http://192.168.60.79/manager-page/home-1.php" "Mozilla/5.0 (Windows NT 10.0; Win64; x64) AppleWebKit/537.36 (KHTML, like Gecko) Chrome/140.0.0.0 Safari/537.36 Edg/140.0.0.0"
127.0.0.1 - - [22/Sep/2025:13:32:00 +0800] "GET /robot/alarm-history-in.php HTTP/1.1" 200 - "-" "python-requests/2.28.1"
111.70.30.253 - - [22/Sep/2025:13:32:17 +0800] "POST /robot/lora-in.php HTTP/1.1" 200 - "-" "python-requests/2.21.0"
