127.0.0.1 - - [17/Nov/2025:07:58:42 +0800] "POST /robot/lora-in.php HTTP/1.1" 500 - "-" "python-requests/2.31.0"
127.0.0.1 - - [17/Nov/2025:07:58:58 +0800] "POST /robot/lora-in.php HTTP/1.1" 500 - "-" "python-requests/2.31.0"
127.0.0.1 - - [17/Nov/2025:07:59:44 +0800] "POST /robot/et-7026-in.php HTTP/1.1" 200 - "-" "python-requests/2.32.2"
127.0.0.1 - - [17/Nov/2025:08:00:00 +0800] "GET /robot/alarm-history-in.php HTTP/1.1" 200 - "-" "python-requests/2.28.1"
127.0.0.1 - - [17/Nov/2025:08:00:00 +0800] "GET /manager-page/daily/send.php HTTP/1.1" 200 - "-" "python-requests/2.28.1"
127.0.0.1 - - [17/Nov/2025:08:00:00 +0800] "GET /manager-page/daily/send2.php HTTP/1.1" 200 - "-" "python-requests/2.28.1"
127.0.0.1 - - [17/Nov/2025:08:01:00 +0800] "GET /robot/alarm-history-in.php HTTP/1.1" 200 - "-" "python-requests/2.28.1"
127.0.0.1 - - [17/Nov/2025:08:01:03 +0800] "POST /robot/et-7026-in.php HTTP/1.1" 200 - "-" "python-requests/2.32.2"
111.70.30.252 - - [17/Nov/2025:08:01:03 +0800] "POST /robot/lora-in.php HTTP/1.1" 200 - "-" "python-requests/2.21.0"
172.16.36.181 - - [17/Nov/2025:08:01:31 +0800] "GET /manager-page/home-3.php HTTP/1.1" 302 - "-" "Mozilla/5.0 (Windows NT 10.0; Win64; x64) AppleWebKit/537.36 (KHTML, like Gecko) Chrome/142.0.0.0 Safari/537.36 Edg/142.0.0.0"
172.16.36.181 - - [17/Nov/2025:08:01:31 +0800] "GET /manager-page/login.php HTTP/1.1" 200 2365 "-" "Mozilla/5.0 (Windows NT 10.0; Win64; x64) AppleWebKit/537.36 (KHTML, like Gecko) Chrome/142.0.0.0 Safari/537.36 Edg/142.0.0.0"
127.0.0.1 - - [17/Nov/2025:08:01:31 +0800] "POST /robot/et-7026-in.php HTTP/1.1" 200 - "-" "python-requests/2.32.2"
172.16.36.181 - - [17/Nov/2025:08:01:32 +0800] "GET /favicon.ico HTTP/1.1" 404 196 "http://192.168.60.79/manager-page/login.php" "Mozilla/5.0 (Windows NT 10.0; Win64; x64) AppleWebKit/537.36 (KHTML, like Gecko) Chrome/142.0.0.0 Safari/537.36 Edg/142.0.0.0"
172.16.36.181 - - [17/Nov/2025:08:01:43 +0800] "POST /manager-page/login.php HTTP/1.1" 302 - "http://192.168.60.79/manager-page/login.php" "Mozilla/5.0 (Windows NT 10.0; Win64; x64) AppleWebKit/537.36 (KHTML, like Gecko) Chrome/142.0.0.0 Safari/537.36 Edg/142.0.0.0"
172.16.36.181 - - [17/Nov/2025:08:01:43 +0800] "GET /manager-page/home.php HTTP/1.1" 302 - "http://192.168.60.79/manager-page/login.php" "Mozilla/5.0 (Windows NT 10.0; Win64; x64) AppleWebKit/537.36 (KHTML, like Gecko) Chrome/142.0.0.0 Safari/537.36 Edg/142.0.0.0"
172.16.36.181 - - [17/Nov/2025:08:01:43 +0800] "GET /manager-page/alarm/1-1.jpg?t=1597778968 HTTP/1.1" 200 322868 "http://192.168.60.79/manager-page/home-1.php" "Mozilla/5.0 (Windows NT 10.0; Win64; x64) AppleWebKit/537.36 (KHTML, like Gecko) Chrome/142.0.0.0 Safari/537.36 Edg/142.0.0.0"
172.16.36.181 - - [17/Nov/2025:08:01:43 +0800] "GET /manager-page/alarm/1-2.jpg?t=250901282 HTTP/1.1" 200 495492 "http://192.168.60.79/manager-page/home-1.php" "Mozilla/5.0 (Windows NT 10.0; Win64; x64) AppleWebKit/537.36 (KHTML, like Gecko) Chrome/142.0.0.0 Safari/537.36 Edg/142.0.0.0"
172.16.36.181 - - [17/Nov/2025:08:01:43 +0800] "GET /manager-page/home-1.php HTTP/1.1" 200 27470 "http://192.168.60.79/manager-page/login.php" "Mozilla/5.0 (Windows NT 10.0; Win64; x64) AppleWebKit/537.36 (KHTML, like Gecko) Chrome/142.0.0.0 Safari/537.36 Edg/142.0.0.0"
172.16.36.181 - - [17/Nov/2025:08:01:43 +0800] "GET /manager-page/api/snapshot.php?id=11 HTTP/1.1" 200 30788 "http://192.168.60.79/manager-page/home-1.php" "Mozilla/5.0 (Windows NT 10.0; Win64; x64) AppleWebKit/537.36 (KHTML, like Gecko) Chrome/142.0.0.0 Safari/537.36 Edg/142.0.0.0"
172.16.36.181 - - [17/Nov/2025:08:01:43 +0800] "GET /manager-page/api/snapshot.php?id=12 HTTP/1.1" 200 39632 "http://192.168.60.79/manager-page/home-1.php" "Mozilla/5.0 (Windows NT 10.0; Win64; x64) AppleWebKit/537.36 (KHTML, like Gecko) Chrome/142.0.0.0 Safari/537.36 Edg/142.0.0.0"
172.16.36.181 - - [17/Nov/2025:08:01:45 +0800] "GET /manager-page/api/cms-status1.php HTTP/1.1" 200 12 "http://192.168.60.79/manager-page/home-1.php" "Mozilla/5.0 (Windows NT 10.0; Win64; x64) AppleWebKit/537.36 (KHTML, like Gecko) Chrome/142.0.0.0 Safari/537.36 Edg/142.0.0.0"
172.16.36.181 - - [17/Nov/2025:08:01:45 +0800] "GET /manager-page/api/lp-status1.php HTTP/1.1" 200 1 "http://192.168.60.79/manager-page/home-1.php" "Mozilla/5.0 (Windows NT 10.0; Win64; x64) AppleWebKit/537.36 (KHTML, like Gecko) Chrome/142.0.0.0 Safari/537.36 Edg/142.0.0.0"
172.16.36.181 - - [17/Nov/2025:08:01:50 +0800] "GET /manager-page/api/snapshot.php?id=12&t=0.06467583681999611 HTTP/1.1" 200 39454 "http://192.168.60.79/manager-page/home-1.php" "Mozilla/5.0 (Windows NT 10.0; Win64; x64) AppleWebKit/537.36 (KHTML, like Gecko) Chrome/142.0.0.0 Safari/537.36 Edg/142.0.0.0"
172.16.36.181 - - [17/Nov/2025:08:01:50 +0800] "GET /manager-page/api/snapshot.php?id=11&t=0.8838902922404372 HTTP/1.1" 200 32663 "http://192.168.60.79/manager-page/home-1.php" "Mozilla/5.0 (Windows NT 10.0; Win64; x64) AppleWebKit/537.36 (KHTML, like Gecko) Chrome/142.0.0.0 Safari/537.36 Edg/142.0.0.0"
172.16.36.181 - - [17/Nov/2025:08:01:55 +0800] "GET /manager-page/api/snapshot.php?id=11&t=0.25622590785546706 HTTP/1.1" 200 31351 "http://192.168.60.79/manager-page/home-1.php" "Mozilla/5.0 (Windows NT 10.0; Win64; x64) AppleWebKit/537.36 (KHTML, like Gecko) Chrome/142.0.0.0 Safari/537.36 Edg/142.0.0.0"
172.16.36.181 - - [17/Nov/2025:08:01:55 +0800] "GET /manager-page/api/snapshot.php?id=12&t=0.7417917162833473 HTTP/1.1" 200 39638 "http://192.168.60.79/manager-page/home-1.php" "Mozilla/5.0 (Windows NT 10.0; Win64; x64) AppleWebKit/537.36 (KHTML, like Gecko) Chrome/142.0.0.0 Safari/537.36 Edg/142.0.0.0"
127.0.0.1 - - [17/Nov/2025:08:02:00 +0800] "GET /robot/alarm-history-in.php HTTP/1.1" 200 - "-" "python-requests/2.28.1"
172.16.36.181 - - [17/Nov/2025:08:02:01 +0800] "GET /manager-page/api/snapshot.php?id=12&t=0.13315201809239552 HTTP/1.1" 200 40699 "http://192.168.60.79/manager-page/home-1.php" "Mozilla/5.0 (Windows NT 10.0; Win64; x64) AppleWebKit/537.36 (KHTML, like Gecko) Chrome/142.0.0.0 Safari/537.36 Edg/142.0.0.0"
172.16.36.181 - - [17/Nov/2025:08:02:01 +0800] "GET /manager-page/api/snapshot.php?id=11&t=0.5409757448416475 HTTP/1.1" 200 30606 "http://192.168.60.79/manager-page/home-1.php" "Mozilla/5.0 (Windows NT 10.0; Win64; x64) AppleWebKit/537.36 (KHTML, like Gecko) Chrome/142.0.0.0 Safari/537.36 Edg/142.0.0.0"
172.16.36.181 - - [17/Nov/2025:08:02:06 +0800] "GET /manager-page/api/snapshot.php?id=11&t=0.7927341920364358 HTTP/1.1" 200 30474 "http://192.168.60.79/manager-page/home-1.php" "Mozilla/5.0 (Windows NT 10.0; Win64; x64) AppleWebKit/537.36 (KHTML, like Gecko) Chrome/142.0.0.0 Safari/537.36 Edg/142.0.0.0"
172.16.36.181 - - [17/Nov/2025:08:02:06 +0800] "GET /manager-page/api/snapshot.php?id=12&t=0.18471977472540235 HTTP/1.1" 200 39323 "http://192.168.60.79/manager-page/home-1.php" "Mozilla/5.0 (Windows NT 10.0; Win64; x64) AppleWebKit/537.36 (KHTML, like Gecko) Chrome/142.0.0.0 Safari/537.36 Edg/142.0.0.0"
172.16.36.181 - - [17/Nov/2025:08:02:11 +0800] "GET /manager-page/api/snapshot.php?id=12&t=0.26649747118496536 HTTP/1.1" 200 39452 "http://192.168.60.79/manager-page/home-1.php" "Mozilla/5.0 (Windows NT 10.0; Win64; x64) AppleWebKit/537.36 (KHTML, like Gecko) Chrome/142.0.0.0 Safari/537.36 Edg/142.0.0.0"
172.16.36.181 - - [17/Nov/2025:08:02:11 +0800] "GET /manager-page/api/snapshot.php?id=11&t=0.7301453795877757 HTTP/1.1" 200 30418 "http://192.168.60.79/manager-page/home-1.php" "Mozilla/5.0 (Windows NT 10.0; Win64; x64) AppleWebKit/537.36 (KHTML, like Gecko) Chrome/142.0.0.0 Safari/537.36 Edg/142.0.0.0"
172.16.36.181 - - [17/Nov/2025:08:02:16 +0800] "GET /manager-page/api/snapshot.php?id=11&t=0.1056417105006181 HTTP/1.1" 200 30439 "http://192.168.60.79/manager-page/home-1.php" "Mozilla/5.0 (Windows NT 10.0; Win64; x64) AppleWebKit/537.36 (KHTML, like Gecko) Chrome/142.0.0.0 Safari/537.36 Edg/142.0.0.0"
172.16.36.181 - - [17/Nov/2025:08:02:16 +0800] "GET /manager-page/api/snapshot.php?id=12&t=0.9537570081215323 HTTP/1.1" 200 39214 "http://192.168.60.79/manager-page/home-1.php" "Mozilla/5.0 (Windows NT 10.0; Win64; x64) AppleWebKit/537.36 (KHTML, like Gecko) Chrome/142.0.0.0 Safari/537.36 Edg/142.0.0.0"
172.16.36.181 - - [17/Nov/2025:08:02:21 +0800] "GET /manager-page/api/snapshot.php?id=12&t=0.8865901709985351 HTTP/1.1" 200 39282 "http://192.168.60.79/manager-page/home-1.php" "Mozilla/5.0 (Windows NT 10.0; Win64; x64) AppleWebKit/537.36 (KHTML, like Gecko) Chrome/142.0.0.0 Safari/537.36 Edg/142.0.0.0"
172.16.36.181 - - [17/Nov/2025:08:02:21 +0800] "GET /manager-page/api/snapshot.php?id=11&t=0.4391611364236784 HTTP/1.1" 200 30401 "http://192.168.60.79/manager-page/home-1.php" "Mozilla/5.0 (Windows NT 10.0; Win64; x64) AppleWebKit/537.36 (KHTML, like Gecko) Chrome/142.0.0.0 Safari/537.36 Edg/142.0.0.0"
127.0.0.1 - - [17/Nov/2025:08:02:25 +0800] "POST /robot/et-7026-in.php HTTP/1.1" 200 - "-" "python-requests/2.32.2"
172.16.36.181 - - [17/Nov/2025:08:02:26 +0800] "GET /manager-page/api/snapshot.php?id=11&t=0.43670511120741284 HTTP/1.1" 200 30365 "http://192.168.60.79/manager-page/home-1.php" "Mozilla/5.0 (Windows NT 10.0; Win64; x64) AppleWebKit/537.36 (KHTML, like Gecko) Chrome/142.0.0.0 Safari/537.36 Edg/142.0.0.0"
172.16.36.181 - - [17/Nov/2025:08:02:26 +0800] "GET /manager-page/api/snapshot.php?id=12&t=0.6167128164612987 HTTP/1.1" 200 39298 "http://192.168.60.79/manager-page/home-1.php" "Mozilla/5.0 (Windows NT 10.0; Win64; x64) AppleWebKit/537.36 (KHTML, like Gecko) Chrome/142.0.0.0 Safari/537.36 Edg/142.0.0.0"
111.70.30.253 - - [17/Nov/2025:08:02:29 +0800] "POST /robot/lora-in.php HTTP/1.1" 200 - "-" "python-requests/2.21.0"
172.16.36.181 - - [17/Nov/2025:08:02:31 +0800] "GET /manager-page/api/snapshot.php?id=12&t=0.6537637348502239 HTTP/1.1" 200 39287 "http://192.168.60.79/manager-page/home-1.php" "Mozilla/5.0 (Windows NT 10.0; Win64; x64) AppleWebKit/537.36 (KHTML, like Gecko) Chrome/142.0.0.0 Safari/537.36 Edg/142.0.0.0"
172.16.36.181 - - [17/Nov/2025:08:02:31 +0800] "GET /manager-page/api/snapshot.php?id=11&t=0.5332476471841127 HTTP/1.1" 200 30357 "http://192.168.60.79/manager-page/home-1.php" "Mozilla/5.0 (Windows NT 10.0; Win64; x64) AppleWebKit/537.36 (KHTML, like Gecko) Chrome/142.0.0.0 Safari/537.36 Edg/142.0.0.0"
172.16.36.181 - - [17/Nov/2025:08:02:36 +0800] "GET /manager-page/api/snapshot.php?id=12&t=0.07548132253936868 HTTP/1.1" 200 39309 "http://192.168.60.79/manager-page/home-1.php" "Mozilla/5.0 (Windows NT 10.0; Win64; x64) AppleWebKit/537.36 (KHTML, like Gecko) Chrome/142.0.0.0 Safari/537.36 Edg/142.0.0.0"
172.16.36.181 - - [17/Nov/2025:08:02:36 +0800] "GET /manager-page/api/snapshot.php?id=11&t=0.5544184009516973 HTTP/1.1" 200 30339 "http://192.168.60.79/manager-page/home-1.php" "Mozilla/5.0 (Windows NT 10.0; Win64; x64) AppleWebKit/537.36 (KHTML, like Gecko) Chrome/142.0.0.0 Safari/537.36 Edg/142.0.0.0"
172.16.36.181 - - [17/Nov/2025:08:02:41 +0800] "GET /manager-page/api/snapshot.php?id=11&t=0.9624704610775633 HTTP/1.1" 200 30725 "http://192.168.60.79/manager-page/home-1.php" "Mozilla/5.0 (Windows NT 10.0; Win64; x64) AppleWebKit/537.36 (KHTML, like Gecko) Chrome/142.0.0.0 Safari/537.36 Edg/142.0.0.0"
172.16.36.181 - - [17/Nov/2025:08:02:41 +0800] "GET /manager-page/api/snapshot.php?id=12&t=0.8377546310688073 HTTP/1.1" 200 39307 "http://192.168.60.79/manager-page/home-1.php" "Mozilla/5.0 (Windows NT 10.0; Win64; x64) AppleWebKit/537.36 (KHTML, like Gecko) Chrome/142.0.0.0 Safari/537.36 Edg/142.0.0.0"
172.16.36.181 - - [17/Nov/2025:08:02:46 +0800] "GET /manager-page/api/snapshot.php?id=11&t=0.05587806476517321 HTTP/1.1" 200 30487 "http://192.168.60.79/manager-page/home-1.php" "Mozilla/5.0 (Windows NT 10.0; Win64; x64) AppleWebKit/537.36 (KHTML, like Gecko) Chrome/142.0.0.0 Safari/537.36 Edg/142.0.0.0"
172.16.36.181 - - [17/Nov/2025:08:02:46 +0800] "GET /manager-page/api/snapshot.php?id=12&t=0.34058279499199684 HTTP/1.1" 200 39359 "http://192.168.60.79/manager-page/home-1.php" "Mozilla/5.0 (Windows NT 10.0; Win64; x64) AppleWebKit/537.36 (KHTML, like Gecko) Chrome/142.0.0.0 Safari/537.36 Edg/142.0.0.0"
172.16.36.181 - - [17/Nov/2025:08:02:51 +0800] "GET /manager-page/api/snapshot.php?id=12&t=0.906363620005212 HTTP/1.1" 200 39288 "http://192.168.60.79/manager-page/home-1.php" "Mozilla/5.0 (Windows NT 10.0; Win64; x64) AppleWebKit/537.36 (KHTML, like Gecko) Chrome/142.0.0.0 Safari/537.36 Edg/142.0.0.0"
172.16.36.181 - - [17/Nov/2025:08:02:51 +0800] "GET /manager-page/api/snapshot.php?id=11&t=0.6335005738425402 HTTP/1.1" 200 30577 "http://192.168.60.79/manager-page/home-1.php" "Mozilla/5.0 (Windows NT 10.0; Win64; x64) AppleWebKit/537.36 (KHTML, like Gecko) Chrome/142.0.0.0 Safari/537.36 Edg/142.0.0.0"
127.0.0.1 - - [17/Nov/2025:08:03:00 +0800] "GET /robot/alarm-history-in.php HTTP/1.1" 200 - "-" "python-requests/2.28.1"
111.70.30.250 - - [17/Nov/2025:08:03:28 +0800] "POST /robot/lora-in.php HTTP/1.1" 200 - "-" "python-requests/2.21.0"
172.16.36.181 - - [17/Nov/2025:08:03:31 +0800] "GET /manager-page/api/snapshot.php?id=11&t=0.35584569778249 HTTP/1.1" 200 30771 "http://192.168.60.79/manager-page/home-1.php" "Mozilla/5.0 (Windows NT 10.0; Win64; x64) AppleWebKit/537.36 (KHTML, like Gecko) Chrome/142.0.0.0 Safari/537.36 Edg/142.0.0.0"
172.16.36.181 - - [17/Nov/2025:08:03:31 +0800] "GET /manager-page/api/snapshot.php?id=12&t=0.2505978286366314 HTTP/1.1" 200 39358 "http://192.168.60.79/manager-page/home-1.php" "Mozilla/5.0 (Windows NT 10.0; Win64; x64) AppleWebKit/537.36 (KHTML, like Gecko) Chrome/142.0.0.0 Safari/537.36 Edg/142.0.0.0"
127.0.0.1 - - [17/Nov/2025:08:04:00 +0800] "GET /robot/alarm-history-in.php HTTP/1.1" 200 - "-" "python-requests/2.28.1"
172.16.36.181 - - [17/Nov/2025:08:04:31 +0800] "GET /manager-page/api/snapshot.php?id=11&t=0.7856544042573569 HTTP/1.1" 200 30029 "http://192.168.60.79/manager-page/home-1.php" "Mozilla/5.0 (Windows NT 10.0; Win64; x64) AppleWebKit/537.36 (KHTML, like Gecko) Chrome/142.0.0.0 Safari/537.36 Edg/142.0.0.0"
172.16.36.181 - - [17/Nov/2025:08:04:31 +0800] "GET /manager-page/api/snapshot.php?id=12&t=0.07419057003047957 HTTP/1.1" 200 39400 "http://192.168.60.79/manager-page/home-1.php" "Mozilla/5.0 (Windows NT 10.0; Win64; x64) AppleWebKit/537.36 (KHTML, like Gecko) Chrome/142.0.0.0 Safari/537.36 Edg/142.0.0.0"
127.0.0.1 - - [17/Nov/2025:08:05:00 +0800] "GET /robot/alarm-history-in.php HTTP/1.1" 200 - "-" "python-requests/2.28.1"
172.16.36.181 - - [17/Nov/2025:08:05:31 +0800] "GET /manager-page/api/snapshot.php?id=11&t=0.0075521293038093296 HTTP/1.1" 200 30439 "http://192.168.60.79/manager-page/home-1.php" "Mozilla/5.0 (Windows NT 10.0; Win64; x64) AppleWebKit/537.36 (KHTML, like Gecko) Chrome/142.0.0.0 Safari/537.36 Edg/142.0.0.0"
172.16.36.181 - - [17/Nov/2025:08:05:31 +0800] "GET /manager-page/api/snapshot.php?id=12&t=0.596499746499746 HTTP/1.1" 200 39390 "http://192.168.60.79/manager-page/home-1.php" "Mozilla/5.0 (Windows NT 10.0; Win64; x64) AppleWebKit/537.36 (KHTML, like Gecko) Chrome/142.0.0.0 Safari/537.36 Edg/142.0.0.0"
111.70.30.251 - - [17/Nov/2025:08:05:34 +0800] "POST /robot/lora-in.php HTTP/1.1" 200 - "-" "python-requests/2.21.0"
127.0.0.1 - - [17/Nov/2025:08:06:00 +0800] "GET /robot/alarm-history-in.php HTTP/1.1" 200 - "-" "python-requests/2.28.1"
172.16.36.181 - - [17/Nov/2025:08:06:31 +0800] "GET /manager-page/api/snapshot.php?id=11&t=0.7408093386315526 HTTP/1.1" 200 30443 "http://192.168.60.79/manager-page/home-1.php" "Mozilla/5.0 (Windows NT 10.0; Win64; x64) AppleWebKit/537.36 (KHTML, like Gecko) Chrome/142.0.0.0 Safari/537.36 Edg/142.0.0.0"
172.16.36.181 - - [17/Nov/2025:08:06:31 +0800] "GET /manager-page/api/snapshot.php?id=12&t=0.12882697857872882 HTTP/1.1" 200 39563 "http://192.168.60.79/manager-page/home-1.php" "Mozilla/5.0 (Windows NT 10.0; Win64; x64) AppleWebKit/537.36 (KHTML, like Gecko) Chrome/142.0.0.0 Safari/537.36 Edg/142.0.0.0"
127.0.0.1 - - [17/Nov/2025:08:06:53 +0800] "GET /get-setting.json HTTP/1.1" 200 2314 "-" "python-requests/2.31.0"
127.0.0.1 - - [17/Nov/2025:08:06:54 +0800] "POST /robot/lora-in.php HTTP/1.1" 200 - "-" "python-requests/2.31.0"
127.0.0.1 - - [17/Nov/2025:08:07:00 +0800] "GET /robot/alarm-history-in.php HTTP/1.1" 200 - "-" "python-requests/2.28.1"
127.0.0.1 - - [17/Nov/2025:08:07:04 +0800] "POST /robot/lora-in.php HTTP/1.1" 200 - "-" "python-requests/2.31.0"
127.0.0.1 - - [17/Nov/2025:08:07:14 +0800] "POST /robot/lora-in.php HTTP/1.1" 200 - "-" "python-requests/2.31.0"
127.0.0.1 - - [17/Nov/2025:08:07:19 +0800] "POST /robot/lora-in.php HTTP/1.1" 200 - "-" "python-requests/2.31.0"
127.0.0.1 - - [17/Nov/2025:08:07:29 +0800] "POST /robot/lora-in.php HTTP/1.1" 200 - "-" "python-requests/2.31.0"
172.16.36.181 - - [17/Nov/2025:08:07:31 +0800] "GET /manager-page/api/snapshot.php?id=12&t=0.47106184756346703 HTTP/1.1" 200 39609 "http://192.168.60.79/manager-page/home-1.php" "Mozilla/5.0 (Windows NT 10.0; Win64; x64) AppleWebKit/537.36 (KHTML, like Gecko) Chrome/142.0.0.0 Safari/537.36 Edg/142.0.0.0"
172.16.36.181 - - [17/Nov/2025:08:07:31 +0800] "GET /manager-page/api/snapshot.php?id=11&t=0.46380149381843117 HTTP/1.1" 200 31129 "http://192.168.60.79/manager-page/home-1.php" "Mozilla/5.0 (Windows NT 10.0; Win64; x64) AppleWebKit/537.36 (KHTML, like Gecko) Chrome/142.0.0.0 Safari/537.36 Edg/142.0.0.0"
127.0.0.1 - - [17/Nov/2025:08:07:33 +0800] "POST /robot/lora-in.php HTTP/1.1" 200 - "-" "python-requests/2.31.0"
127.0.0.1 - - [17/Nov/2025:08:07:44 +0800] "POST /robot/lora-in.php HTTP/1.1" 200 - "-" "python-requests/2.31.0"
127.0.0.1 - - [17/Nov/2025:08:08:00 +0800] "GET /robot/alarm-history-in.php HTTP/1.1" 200 - "-" "python-requests/2.28.1"
127.0.0.1 - - [17/Nov/2025:08:09:00 +0800] "GET /robot/alarm-history-in.php HTTP/1.1" 200 - "-" "python-requests/2.28.1"
127.0.0.1 - - [17/Nov/2025:08:09:44 +0800] "POST /robot/et-7026-in.php HTTP/1.1" 200 - "-" "python-requests/2.32.2"
127.0.0.1 - - [17/Nov/2025:08:10:00 +0800] "GET /robot/alarm-history-in.php HTTP/1.1" 200 - "-" "python-requests/2.28.1"
111.70.30.252 - - [17/Nov/2025:08:10:16 +0800] "POST /robot/lora-in.php HTTP/1.1" 200 - "-" "python-requests/2.21.0"
127.0.0.1 - - [17/Nov/2025:08:11:00 +0800] "GET /robot/alarm-history-in.php HTTP/1.1" 200 - "-" "python-requests/2.28.1"
127.0.0.1 - - [17/Nov/2025:08:11:03 +0800] "POST /robot/et-7026-in.php HTTP/1.1" 200 - "-" "python-requests/2.32.2"
111.70.30.253 - - [17/Nov/2025:08:11:15 +0800] "POST /robot/lora-in.php HTTP/1.1" 200 - "-" "python-requests/2.21.0"
127.0.0.1 - - [17/Nov/2025:08:11:32 +0800] "POST /robot/et-7026-in.php HTTP/1.1" 200 - "-" "python-requests/2.32.2"
127.0.0.1 - - [17/Nov/2025:08:12:00 +0800] "GET /robot/alarm-history-in.php HTTP/1.1" 200 - "-" "python-requests/2.28.1"
111.70.30.250 - - [17/Nov/2025:08:12:03 +0800] "POST /robot/lora-in.php HTTP/1.1" 200 - "-" "python-requests/2.21.0"
127.0.0.1 - - [17/Nov/2025:08:12:25 +0800] "POST /robot/et-7026-in.php HTTP/1.1" 200 - "-" "python-requests/2.32.2"
127.0.0.1 - - [17/Nov/2025:08:13:00 +0800] "GET /robot/alarm-history-in.php HTTP/1.1" 200 - "-" "python-requests/2.28.1"
127.0.0.1 - - [17/Nov/2025:08:14:00 +0800] "GET /robot/alarm-history-in.php HTTP/1.1" 200 - "-" "python-requests/2.28.1"
111.70.30.251 - - [17/Nov/2025:08:14:10 +0800] "POST /robot/lora-in.php HTTP/1.1" 200 - "-" "python-requests/2.21.0"
127.0.0.1 - - [17/Nov/2025:08:15:00 +0800] "GET /robot/alarm-history-in.php HTTP/1.1" 200 - "-" "python-requests/2.28.1"
127.0.0.1 - - [17/Nov/2025:08:16:00 +0800] "GET /robot/alarm-history-in.php HTTP/1.1" 200 - "-" "python-requests/2.28.1"
127.0.0.1 - - [17/Nov/2025:08:16:53 +0800] "GET /get-setting.json HTTP/1.1" 200 2314 "-" "python-requests/2.31.0"
127.0.0.1 - - [17/Nov/2025:08:16:54 +0800] "POST /robot/lora-in.php HTTP/1.1" 200 - "-" "python-requests/2.31.0"
127.0.0.1 - - [17/Nov/2025:08:16:55 +0800] "POST /robot/lora-in.php HTTP/1.1" 200 - "-" "python-requests/2.31.0"
127.0.0.1 - - [17/Nov/2025:08:17:00 +0800] "POST /robot/lora-in.php HTTP/1.1" 200 - "-" "python-requests/2.31.0"
127.0.0.1 - - [17/Nov/2025:08:17:00 +0800] "GET /robot/alarm-history-in.php HTTP/1.1" 200 - "-" "python-requests/2.28.1"
127.0.0.1 - - [17/Nov/2025:08:17:01 +0800] "POST /robot/lora-in.php HTTP/1.1" 200 - "-" "python-requests/2.31.0"
127.0.0.1 - - [17/Nov/2025:08:17:11 +0800] "POST /robot/lora-in.php HTTP/1.1" 200 - "-" "python-requests/2.31.0"
127.0.0.1 - - [17/Nov/2025:08:17:16 +0800] "POST /robot/lora-in.php HTTP/1.1" 200 - "-" "python-requests/2.31.0"
127.0.0.1 - - [17/Nov/2025:08:17:22 +0800] "POST /robot/lora-in.php HTTP/1.1" 200 - "-" "python-requests/2.31.0"
127.0.0.1 - - [17/Nov/2025:08:18:00 +0800] "GET /robot/alarm-history-in.php HTTP/1.1" 200 - "-" "python-requests/2.28.1"
127.0.0.1 - - [17/Nov/2025:08:19:00 +0800] "GET /robot/alarm-history-in.php HTTP/1.1" 200 - "-" "python-requests/2.28.1"
111.70.30.252 - - [17/Nov/2025:08:19:28 +0800] "POST /robot/lora-in.php HTTP/1.1" 200 - "-" "python-requests/2.21.0"
127.0.0.1 - - [17/Nov/2025:08:19:47 +0800] "POST /robot/et-7026-in.php HTTP/1.1" 200 - "-" "python-requests/2.32.2"
127.0.0.1 - - [17/Nov/2025:08:20:00 +0800] "GET /robot/alarm-history-in.php HTTP/1.1" 200 - "-" "python-requests/2.28.1"
111.70.30.253 - - [17/Nov/2025:08:20:01 +0800] "POST /robot/lora-in.php HTTP/1.1" 200 - "-" "python-requests/2.21.0"
111.70.30.250 - - [17/Nov/2025:08:20:38 +0800] "POST /robot/lora-in.php HTTP/1.1" 200 - "-" "python-requests/2.21.0"
127.0.0.1 - - [17/Nov/2025:08:21:00 +0800] "GET /robot/alarm-history-in.php HTTP/1.1" 200 - "-" "python-requests/2.28.1"
127.0.0.1 - - [17/Nov/2025:08:21:03 +0800] "POST /robot/et-7026-in.php HTTP/1.1" 200 - "-" "python-requests/2.32.2"
127.0.0.1 - - [17/Nov/2025:08:21:32 +0800] "POST /robot/et-7026-in.php HTTP/1.1" 200 - "-" "python-requests/2.32.2"
127.0.0.1 - - [17/Nov/2025:08:22:00 +0800] "GET /robot/alarm-history-in.php HTTP/1.1" 200 - "-" "python-requests/2.28.1"
127.0.0.1 - - [17/Nov/2025:08:22:28 +0800] "POST /robot/et-7026-in.php HTTP/1.1" 200 - "-" "python-requests/2.32.2"
111.70.30.251 - - [17/Nov/2025:08:22:46 +0800] "POST /robot/lora-in.php HTTP/1.1" 200 - "-" "python-requests/2.21.0"
127.0.0.1 - - [17/Nov/2025:08:23:00 +0800] "GET /robot/alarm-history-in.php HTTP/1.1" 200 - "-" "python-requests/2.28.1"
127.0.0.1 - - [17/Nov/2025:08:24:00 +0800] "GET /robot/alarm-history-in.php HTTP/1.1" 200 - "-" "python-requests/2.28.1"
127.0.0.1 - - [17/Nov/2025:08:25:00 +0800] "GET /robot/alarm-history-in.php HTTP/1.1" 200 - "-" "python-requests/2.28.1"
127.0.0.1 - - [17/Nov/2025:08:26:00 +0800] "GET /robot/alarm-history-in.php HTTP/1.1" 200 - "-" "python-requests/2.28.1"
127.0.0.1 - - [17/Nov/2025:08:26:53 +0800] "GET /get-setting.json HTTP/1.1" 200 2314 "-" "python-requests/2.31.0"
127.0.0.1 - - [17/Nov/2025:08:27:00 +0800] "GET /robot/alarm-history-in.php HTTP/1.1" 200 - "-" "python-requests/2.28.1"
127.0.0.1 - - [17/Nov/2025:08:27:02 +0800] "POST /robot/lora-in.php HTTP/1.1" 200 - "-" "python-requests/2.31.0"
127.0.0.1 - - [17/Nov/2025:08:27:07 +0800] "POST /robot/lora-in.php HTTP/1.1" 200 - "-" "python-requests/2.31.0"
127.0.0.1 - - [17/Nov/2025:08:27:12 +0800] "POST /robot/lora-in.php HTTP/1.1" 200 - "-" "python-requests/2.31.0"
127.0.0.1 - - [17/Nov/2025:08:27:14 +0800] "POST /robot/lora-in.php HTTP/1.1" 200 - "-" "python-requests/2.31.0"
127.0.0.1 - - [17/Nov/2025:08:27:21 +0800] "POST /robot/lora-in.php HTTP/1.1" 200 - "-" "python-requests/2.31.0"
127.0.0.1 - - [17/Nov/2025:08:27:22 +0800] "POST /robot/lora-in.php HTTP/1.1" 200 - "-" "python-requests/2.31.0"
127.0.0.1 - - [17/Nov/2025:08:27:32 +0800] "POST /robot/lora-in.php HTTP/1.1" 200 - "-" "python-requests/2.31.0"
127.0.0.1 - - [17/Nov/2025:08:28:00 +0800] "GET /robot/alarm-history-in.php HTTP/1.1" 200 - "-" "python-requests/2.28.1"
111.70.30.252 - - [17/Nov/2025:08:28:41 +0800] "POST /robot/lora-in.php HTTP/1.1" 200 - "-" "python-requests/2.21.0"
111.70.30.253 - - [17/Nov/2025:08:28:47 +0800] "POST /robot/lora-in.php HTTP/1.1" 200 - "-" "python-requests/2.21.0"
127.0.0.1 - - [17/Nov/2025:08:29:00 +0800] "GET /robot/alarm-history-in.php HTTP/1.1" 200 - "-" "python-requests/2.28.1"
111.70.30.250 - - [17/Nov/2025:08:29:13 +0800] "POST /robot/lora-in.php HTTP/1.1" 200 - "-" "python-requests/2.21.0"
127.0.0.1 - - [17/Nov/2025:08:29:47 +0800] "POST /robot/et-7026-in.php HTTP/1.1" 200 - "-" "python-requests/2.32.2"
127.0.0.1 - - [17/Nov/2025:08:30:00 +0800] "GET /robot/alarm-history-in.php HTTP/1.1" 200 - "-" "python-requests/2.28.1"
127.0.0.1 - - [17/Nov/2025:08:31:00 +0800] "GET /robot/alarm-history-in.php HTTP/1.1" 200 - "-" "python-requests/2.28.1"
127.0.0.1 - - [17/Nov/2025:08:31:04 +0800] "POST /robot/et-7026-in.php HTTP/1.1" 200 - "-" "python-requests/2.32.2"
111.70.30.251 - - [17/Nov/2025:08:31:22 +0800] "POST /robot/lora-in.php HTTP/1.1" 200 - "-" "python-requests/2.21.0"
127.0.0.1 - - [17/Nov/2025:08:31:32 +0800] "POST /robot/et-7026-in.php HTTP/1.1" 200 - "-" "python-requests/2.32.2"
127.0.0.1 - - [17/Nov/2025:08:32:00 +0800] "GET /robot/alarm-history-in.php HTTP/1.1" 200 - "-" "python-requests/2.28.1"
127.0.0.1 - - [17/Nov/2025:08:32:31 +0800] "POST /robot/et-7026-in.php HTTP/1.1" 200 - "-" "python-requests/2.32.2"
127.0.0.1 - - [17/Nov/2025:08:33:00 +0800] "GET /robot/alarm-history-in.php HTTP/1.1" 200 - "-" "python-requests/2.28.1"
127.0.0.1 - - [17/Nov/2025:08:34:00 +0800] "GET /robot/alarm-history-in.php HTTP/1.1" 200 - "-" "python-requests/2.28.1"
127.0.0.1 - - [17/Nov/2025:08:35:00 +0800] "GET /robot/alarm-history-in.php HTTP/1.1" 200 - "-" "python-requests/2.28.1"
127.0.0.1 - - [17/Nov/2025:08:36:00 +0800] "GET /robot/alarm-history-in.php HTTP/1.1" 200 - "-" "python-requests/2.28.1"
127.0.0.1 - - [17/Nov/2025:08:36:53 +0800] "GET /get-setting.json HTTP/1.1" 200 2314 "-" "python-requests/2.31.0"
127.0.0.1 - - [17/Nov/2025:08:36:58 +0800] "POST /robot/lora-in.php HTTP/1.1" 200 - "-" "python-requests/2.31.0"
127.0.0.1 - - [17/Nov/2025:08:37:00 +0800] "GET /robot/alarm-history-in.php HTTP/1.1" 200 - "-" "python-requests/2.28.1"
127.0.0.1 - - [17/Nov/2025:08:37:04 +0800] "POST /robot/lora-in.php HTTP/1.1" 200 - "-" "python-requests/2.31.0"
127.0.0.1 - - [17/Nov/2025:08:37:06 +0800] "POST /robot/lora-in.php HTTP/1.1" 200 - "-" "python-requests/2.31.0"
127.0.0.1 - - [17/Nov/2025:08:37:09 +0800] "POST /robot/lora-in.php HTTP/1.1" 200 - "-" "python-requests/2.31.0"
127.0.0.1 - - [17/Nov/2025:08:37:19 +0800] "POST /robot/lora-in.php HTTP/1.1" 200 - "-" "python-requests/2.31.0"
127.0.0.1 - - [17/Nov/2025:08:37:29 +0800] "POST /robot/lora-in.php HTTP/1.1" 200 - "-" "python-requests/2.31.0"
111.70.30.253 - - [17/Nov/2025:08:37:33 +0800] "POST /robot/lora-in.php HTTP/1.1" 200 - "-" "python-requests/2.21.0"
127.0.0.1 - - [17/Nov/2025:08:37:37 +0800] "POST /robot/lora-in.php HTTP/1.1" 200 - "-" "python-requests/2.31.0"
111.70.30.250 - - [17/Nov/2025:08:37:49 +0800] "POST /robot/lora-in.php HTTP/1.1" 200 - "-" "python-requests/2.21.0"
111.70.30.252 - - [17/Nov/2025:08:37:55 +0800] "POST /robot/lora-in.php HTTP/1.1" 200 - "-" "python-requests/2.21.0"
127.0.0.1 - - [17/Nov/2025:08:38:00 +0800] "GET /robot/alarm-history-in.php HTTP/1.1" 200 - "-" "python-requests/2.28.1"
127.0.0.1 - - [17/Nov/2025:08:39:00 +0800] "GET /robot/alarm-history-in.php HTTP/1.1" 200 - "-" "python-requests/2.28.1"
172.16.36.181 - - [17/Nov/2025:08:39:06 +0800] "GET /manager-page/api/snapshot.php?id=11&t=0.9014042508467335 HTTP/1.1" 200 33120 "http://192.168.60.79/manager-page/home-1.php" "Mozilla/5.0 (Windows NT 10.0; Win64; x64) AppleWebKit/537.36 (KHTML, like Gecko) Chrome/142.0.0.0 Safari/537.36 Edg/142.0.0.0"
172.16.36.181 - - [17/Nov/2025:08:39:06 +0800] "GET /manager-page/api/snapshot.php?id=12&t=0.0991404686153996 HTTP/1.1" 200 38605 "http://192.168.60.79/manager-page/home-1.php" "Mozilla/5.0 (Windows NT 10.0; Win64; x64) AppleWebKit/537.36 (KHTML, like Gecko) Chrome/142.0.0.0 Safari/537.36 Edg/142.0.0.0"
172.16.36.181 - - [17/Nov/2025:08:39:10 +0800] "GET /manager-page/api/snapshot.php?id=11&t=0.2609368252735069 HTTP/1.1" 200 33304 "http://192.168.60.79/manager-page/home-1.php" "Mozilla/5.0 (Windows NT 10.0; Win64; x64) AppleWebKit/537.36 (KHTML, like Gecko) Chrome/142.0.0.0 Safari/537.36 Edg/142.0.0.0"
172.16.36.181 - - [17/Nov/2025:08:39:10 +0800] "GET /manager-page/api/snapshot.php?id=12&t=0.24502460895069667 HTTP/1.1" 200 38745 "http://192.168.60.79/manager-page/home-1.php" "Mozilla/5.0 (Windows NT 10.0; Win64; x64) AppleWebKit/537.36 (KHTML, like Gecko) Chrome/142.0.0.0 Safari/537.36 Edg/142.0.0.0"
172.16.36.181 - - [17/Nov/2025:08:39:15 +0800] "GET /manager-page/api/snapshot.php?id=12&t=0.2555859177292569 HTTP/1.1" 200 38650 "http://192.168.60.79/manager-page/home-1.php" "Mozilla/5.0 (Windows NT 10.0; Win64; x64) AppleWebKit/537.36 (KHTML, like Gecko) Chrome/142.0.0.0 Safari/537.36 Edg/142.0.0.0"
172.16.36.181 - - [17/Nov/2025:08:39:15 +0800] "GET /manager-page/api/snapshot.php?id=11&t=0.42645812842475295 HTTP/1.1" 200 33798 "http://192.168.60.79/manager-page/home-1.php" "Mozilla/5.0 (Windows NT 10.0; Win64; x64) AppleWebKit/537.36 (KHTML, like Gecko) Chrome/142.0.0.0 Safari/537.36 Edg/142.0.0.0"
172.16.36.181 - - [17/Nov/2025:08:39:20 +0800] "GET /manager-page/api/snapshot.php?id=12&t=0.2749919788499223 HTTP/1.1" 200 39252 "http://192.168.60.79/manager-page/home-1.php" "Mozilla/5.0 (Windows NT 10.0; Win64; x64) AppleWebKit/537.36 (KHTML, like Gecko) Chrome/142.0.0.0 Safari/537.36 Edg/142.0.0.0"
172.16.36.181 - - [17/Nov/2025:08:39:20 +0800] "GET /manager-page/api/snapshot.php?id=11&t=0.9331485939338626 HTTP/1.1" 200 33535 "http://192.168.60.79/manager-page/home-1.php" "Mozilla/5.0 (Windows NT 10.0; Win64; x64) AppleWebKit/537.36 (KHTML, like Gecko) Chrome/142.0.0.0 Safari/537.36 Edg/142.0.0.0"
172.16.36.181 - - [17/Nov/2025:08:39:25 +0800] "GET /manager-page/api/snapshot.php?id=12&t=0.5220617195689448 HTTP/1.1" 200 38830 "http://192.168.60.79/manager-page/home-1.php" "Mozilla/5.0 (Windows NT 10.0; Win64; x64) AppleWebKit/537.36 (KHTML, like Gecko) Chrome/142.0.0.0 Safari/537.36 Edg/142.0.0.0"
172.16.36.181 - - [17/Nov/2025:08:39:25 +0800] "GET /manager-page/api/snapshot.php?id=11&t=0.8662891933972284 HTTP/1.1" 200 33632 "http://192.168.60.79/manager-page/home-1.php" "Mozilla/5.0 (Windows NT 10.0; Win64; x64) AppleWebKit/537.36 (KHTML, like Gecko) Chrome/142.0.0.0 Safari/537.36 Edg/142.0.0.0"
172.16.36.181 - - [17/Nov/2025:08:39:30 +0800] "GET /manager-page/api/snapshot.php?id=12&t=0.5232534033091407 HTTP/1.1" 200 38699 "http://192.168.60.79/manager-page/home-1.php" "Mozilla/5.0 (Windows NT 10.0; Win64; x64) AppleWebKit/537.36 (KHTML, like Gecko) Chrome/142.0.0.0 Safari/537.36 Edg/142.0.0.0"
172.16.36.181 - - [17/Nov/2025:08:39:30 +0800] "GET /manager-page/api/snapshot.php?id=11&t=0.683773871240356 HTTP/1.1" 200 33446 "http://192.168.60.79/manager-page/home-1.php" "Mozilla/5.0 (Windows NT 10.0; Win64; x64) AppleWebKit/537.36 (KHTML, like Gecko) Chrome/142.0.0.0 Safari/537.36 Edg/142.0.0.0"
172.16.36.181 - - [17/Nov/2025:08:39:35 +0800] "GET /manager-page/api/snapshot.php?id=11&t=0.8914417991430841 HTTP/1.1" 200 33519 "http://192.168.60.79/manager-page/home-1.php" "Mozilla/5.0 (Windows NT 10.0; Win64; x64) AppleWebKit/537.36 (KHTML, like Gecko) Chrome/142.0.0.0 Safari/537.36 Edg/142.0.0.0"
172.16.36.181 - - [17/Nov/2025:08:39:35 +0800] "GET /manager-page/api/snapshot.php?id=12&t=0.9560470085000872 HTTP/1.1" 200 38574 "http://192.168.60.79/manager-page/home-1.php" "Mozilla/5.0 (Windows NT 10.0; Win64; x64) AppleWebKit/537.36 (KHTML, like Gecko) Chrome/142.0.0.0 Safari/537.36 Edg/142.0.0.0"
172.16.36.181 - - [17/Nov/2025:08:39:40 +0800] "GET /manager-page/api/snapshot.php?id=11&t=0.7650372773997234 HTTP/1.1" 200 33569 "http://192.168.60.79/manager-page/home-1.php" "Mozilla/5.0 (Windows NT 10.0; Win64; x64) AppleWebKit/537.36 (KHTML, like Gecko) Chrome/142.0.0.0 Safari/537.36 Edg/142.0.0.0"
172.16.36.181 - - [17/Nov/2025:08:39:40 +0800] "GET /manager-page/api/snapshot.php?id=12&t=0.8222522610321957 HTTP/1.1" 200 38519 "http://192.168.60.79/manager-page/home-1.php" "Mozilla/5.0 (Windows NT 10.0; Win64; x64) AppleWebKit/537.36 (KHTML, like Gecko) Chrome/142.0.0.0 Safari/537.36 Edg/142.0.0.0"
172.16.36.181 - - [17/Nov/2025:08:39:45 +0800] "GET /manager-page/api/snapshot.php?id=11&t=0.09781110690581296 HTTP/1.1" 200 33638 "http://192.168.60.79/manager-page/home-1.php" "Mozilla/5.0 (Windows NT 10.0; Win64; x64) AppleWebKit/537.36 (KHTML, like Gecko) Chrome/142.0.0.0 Safari/537.36 Edg/142.0.0.0"
172.16.36.181 - - [17/Nov/2025:08:39:45 +0800] "GET /manager-page/api/snapshot.php?id=12&t=0.27580708913972873 HTTP/1.1" 200 38610 "http://192.168.60.79/manager-page/home-1.php" "Mozilla/5.0 (Windows NT 10.0; Win64; x64) AppleWebKit/537.36 (KHTML, like Gecko) Chrome/142.0.0.0 Safari/537.36 Edg/142.0.0.0"
127.0.0.1 - - [17/Nov/2025:08:39:47 +0800] "POST /robot/et-7026-in.php HTTP/1.1" 200 - "-" "python-requests/2.32.2"
172.16.36.181 - - [17/Nov/2025:08:39:50 +0800] "GET /manager-page/api/snapshot.php?id=11&t=0.017852944793506187 HTTP/1.1" 200 33507 "http://192.168.60.79/manager-page/home-1.php" "Mozilla/5.0 (Windows NT 10.0; Win64; x64) AppleWebKit/537.36 (KHTML, like Gecko) Chrome/142.0.0.0 Safari/537.36 Edg/142.0.0.0"
172.16.36.181 - - [17/Nov/2025:08:39:50 +0800] "GET /manager-page/api/snapshot.php?id=12&t=0.7223600125398474 HTTP/1.1" 200 38598 "http://192.168.60.79/manager-page/home-1.php" "Mozilla/5.0 (Windows NT 10.0; Win64; x64) AppleWebKit/537.36 (KHTML, like Gecko) Chrome/142.0.0.0 Safari/537.36 Edg/142.0.0.0"
172.16.36.181 - - [17/Nov/2025:08:39:55 +0800] "GET /manager-page/api/snapshot.php?id=11&t=0.5164786839327116 HTTP/1.1" 200 33550 "http://192.168.60.79/manager-page/home-1.php" "Mozilla/5.0 (Windows NT 10.0; Win64; x64) AppleWebKit/537.36 (KHTML, like Gecko) Chrome/142.0.0.0 Safari/537.36 Edg/142.0.0.0"
172.16.36.181 - - [17/Nov/2025:08:39:55 +0800] "GET /manager-page/api/snapshot.php?id=12&t=0.9920074647221375 HTTP/1.1" 200 38596 "http://192.168.60.79/manager-page/home-1.php" "Mozilla/5.0 (Windows NT 10.0; Win64; x64) AppleWebKit/537.36 (KHTML, like Gecko) Chrome/142.0.0.0 Safari/537.36 Edg/142.0.0.0"
111.70.30.251 - - [17/Nov/2025:08:39:58 +0800] "POST /robot/lora-in.php HTTP/1.1" 200 - "-" "python-requests/2.21.0"
127.0.0.1 - - [17/Nov/2025:08:40:00 +0800] "GET /robot/alarm-history-in.php HTTP/1.1" 200 - "-" "python-requests/2.28.1"
172.16.36.181 - - [17/Nov/2025:08:40:00 +0800] "GET /manager-page/api/snapshot.php?id=12&t=0.3943853918309086 HTTP/1.1" 200 38629 "http://192.168.60.79/manager-page/home-1.php" "Mozilla/5.0 (Windows NT 10.0; Win64; x64) AppleWebKit/537.36 (KHTML, like Gecko) Chrome/142.0.0.0 Safari/537.36 Edg/142.0.0.0"
172.16.36.181 - - [17/Nov/2025:08:40:00 +0800] "GET /manager-page/api/snapshot.php?id=11&t=0.9178124159629706 HTTP/1.1" 200 33752 "http://192.168.60.79/manager-page/home-1.php" "Mozilla/5.0 (Windows NT 10.0; Win64; x64) AppleWebKit/537.36 (KHTML, like Gecko) Chrome/142.0.0.0 Safari/537.36 Edg/142.0.0.0"
172.16.36.181 - - [17/Nov/2025:08:40:05 +0800] "GET /manager-page/api/snapshot.php?id=11&t=0.24101611398655887 HTTP/1.1" 200 33685 "http://192.168.60.79/manager-page/home-1.php" "Mozilla/5.0 (Windows NT 10.0; Win64; x64) AppleWebKit/537.36 (KHTML, like Gecko) Chrome/142.0.0.0 Safari/537.36 Edg/142.0.0.0"
172.16.36.181 - - [17/Nov/2025:08:40:05 +0800] "GET /manager-page/api/snapshot.php?id=12&t=0.9394158912926435 HTTP/1.1" 200 38597 "http://192.168.60.79/manager-page/home-1.php" "Mozilla/5.0 (Windows NT 10.0; Win64; x64) AppleWebKit/537.36 (KHTML, like Gecko) Chrome/142.0.0.0 Safari/537.36 Edg/142.0.0.0"
172.16.36.181 - - [17/Nov/2025:08:40:11 +0800] "GET /manager-page/api/snapshot.php?id=11&t=0.3889654494668071 HTTP/1.1" 200 33799 "http://192.168.60.79/manager-page/home-1.php" "Mozilla/5.0 (Windows NT 10.0; Win64; x64) AppleWebKit/537.36 (KHTML, like Gecko) Chrome/142.0.0.0 Safari/537.36 Edg/142.0.0.0"
172.16.36.181 - - [17/Nov/2025:08:40:11 +0800] "GET /manager-page/api/snapshot.php?id=12&t=0.5112751104934291 HTTP/1.1" 200 38613 "http://192.168.60.79/manager-page/home-1.php" "Mozilla/5.0 (Windows NT 10.0; Win64; x64) AppleWebKit/537.36 (KHTML, like Gecko) Chrome/142.0.0.0 Safari/537.36 Edg/142.0.0.0"
172.16.36.181 - - [17/Nov/2025:08:40:16 +0800] "GET /manager-page/api/snapshot.php?id=12&t=0.6074232508110299 HTTP/1.1" 200 38702 "http://192.168.60.79/manager-page/home-1.php" "Mozilla/5.0 (Windows NT 10.0; Win64; x64) AppleWebKit/537.36 (KHTML, like Gecko) Chrome/142.0.0.0 Safari/537.36 Edg/142.0.0.0"
172.16.36.181 - - [17/Nov/2025:08:40:16 +0800] "GET /manager-page/api/snapshot.php?id=11&t=0.5778035855569884 HTTP/1.1" 200 33854 "http://192.168.60.79/manager-page/home-1.php" "Mozilla/5.0 (Windows NT 10.0; Win64; x64) AppleWebKit/537.36 (KHTML, like Gecko) Chrome/142.0.0.0 Safari/537.36 Edg/142.0.0.0"
172.16.36.181 - - [17/Nov/2025:08:40:21 +0800] "GET /manager-page/api/snapshot.php?id=12&t=0.9280229387337889 HTTP/1.1" 200 38738 "http://192.168.60.79/manager-page/home-1.php" "Mozilla/5.0 (Windows NT 10.0; Win64; x64) AppleWebKit/537.36 (KHTML, like Gecko) Chrome/142.0.0.0 Safari/537.36 Edg/142.0.0.0"
172.16.36.181 - - [17/Nov/2025:08:40:21 +0800] "GET /manager-page/api/snapshot.php?id=11&t=0.8279501030309947 HTTP/1.1" 200 33941 "http://192.168.60.79/manager-page/home-1.php" "Mozilla/5.0 (Windows NT 10.0; Win64; x64) AppleWebKit/537.36 (KHTML, like Gecko) Chrome/142.0.0.0 Safari/537.36 Edg/142.0.0.0"
172.16.36.181 - - [17/Nov/2025:08:40:26 +0800] "GET /manager-page/api/snapshot.php?id=12&t=0.14713220348135403 HTTP/1.1" 200 38788 "http://192.168.60.79/manager-page/home-1.php" "Mozilla/5.0 (Windows NT 10.0; Win64; x64) AppleWebKit/537.36 (KHTML, like Gecko) Chrome/142.0.0.0 Safari/537.36 Edg/142.0.0.0"
172.16.36.181 - - [17/Nov/2025:08:40:26 +0800] "GET /manager-page/api/snapshot.php?id=11&t=0.6608081568497741 HTTP/1.1" 200 33944 "http://192.168.60.79/manager-page/home-1.php" "Mozilla/5.0 (Windows NT 10.0; Win64; x64) AppleWebKit/537.36 (KHTML, like Gecko) Chrome/142.0.0.0 Safari/537.36 Edg/142.0.0.0"
172.16.36.181 - - [17/Nov/2025:08:40:31 +0800] "GET /manager-page/api/snapshot.php?id=12&t=0.672803541755477 HTTP/1.1" 200 38820 "http://192.168.60.79/manager-page/home-1.php" "Mozilla/5.0 (Windows NT 10.0; Win64; x64) AppleWebKit/537.36 (KHTML, like Gecko) Chrome/142.0.0.0 Safari/537.36 Edg/142.0.0.0"
172.16.36.181 - - [17/Nov/2025:08:40:31 +0800] "GET /manager-page/api/snapshot.php?id=11&t=0.6471317006124192 HTTP/1.1" 200 34032 "http://192.168.60.79/manager-page/home-1.php" "Mozilla/5.0 (Windows NT 10.0; Win64; x64) AppleWebKit/537.36 (KHTML, like Gecko) Chrome/142.0.0.0 Safari/537.36 Edg/142.0.0.0"
172.16.36.181 - - [17/Nov/2025:08:40:36 +0800] "GET /manager-page/api/snapshot.php?id=11&t=0.11416567335121464 HTTP/1.1" 200 34131 "http://192.168.60.79/manager-page/home-1.php" "Mozilla/5.0 (Windows NT 10.0; Win64; x64) AppleWebKit/537.36 (KHTML, like Gecko) Chrome/142.0.0.0 Safari/537.36 Edg/142.0.0.0"
172.16.36.181 - - [17/Nov/2025:08:40:36 +0800] "GET /manager-page/api/snapshot.php?id=12&t=0.13569934094316105 HTTP/1.1" 200 38810 "http://192.168.60.79/manager-page/home-1.php" "Mozilla/5.0 (Windows NT 10.0; Win64; x64) AppleWebKit/537.36 (KHTML, like Gecko) Chrome/142.0.0.0 Safari/537.36 Edg/142.0.0.0"
172.16.36.181 - - [17/Nov/2025:08:40:41 +0800] "GET /manager-page/api/snapshot.php?id=11&t=0.3530778167325227 HTTP/1.1" 200 34068 "http://192.168.60.79/manager-page/home-1.php" "Mozilla/5.0 (Windows NT 10.0; Win64; x64) AppleWebKit/537.36 (KHTML, like Gecko) Chrome/142.0.0.0 Safari/537.36 Edg/142.0.0.0"
172.16.36.181 - - [17/Nov/2025:08:40:41 +0800] "GET /manager-page/api/snapshot.php?id=12&t=0.06430988416991046 HTTP/1.1" 200 38825 "http://192.168.60.79/manager-page/home-1.php" "Mozilla/5.0 (Windows NT 10.0; Win64; x64) AppleWebKit/537.36 (KHTML, like Gecko) Chrome/142.0.0.0 Safari/537.36 Edg/142.0.0.0"
172.16.36.181 - - [17/Nov/2025:08:40:46 +0800] "GET /manager-page/api/snapshot.php?id=12&t=0.025412463302938892 HTTP/1.1" 200 38977 "http://192.168.60.79/manager-page/home-1.php" "Mozilla/5.0 (Windows NT 10.0; Win64; x64) AppleWebKit/537.36 (KHTML, like Gecko) Chrome/142.0.0.0 Safari/537.36 Edg/142.0.0.0"
172.16.36.181 - - [17/Nov/2025:08:40:46 +0800] "GET /manager-page/api/snapshot.php?id=11&t=0.15457015368906324 HTTP/1.1" 200 34878 "http://192.168.60.79/manager-page/home-1.php" "Mozilla/5.0 (Windows NT 10.0; Win64; x64) AppleWebKit/537.36 (KHTML, like Gecko) Chrome/142.0.0.0 Safari/537.36 Edg/142.0.0.0"
172.16.36.181 - - [17/Nov/2025:08:40:51 +0800] "GET /manager-page/api/snapshot.php?id=12&t=0.42330951930578575 HTTP/1.1" 200 39115 "http://192.168.60.79/manager-page/home-1.php" "Mozilla/5.0 (Windows NT 10.0; Win64; x64) AppleWebKit/537.36 (KHTML, like Gecko) Chrome/142.0.0.0 Safari/537.36 Edg/142.0.0.0"
172.16.36.181 - - [17/Nov/2025:08:40:51 +0800] "GET /manager-page/api/snapshot.php?id=11&t=0.9536043205589493 HTTP/1.1" 200 34142 "http://192.168.60.79/manager-page/home-1.php" "Mozilla/5.0 (Windows NT 10.0; Win64; x64) AppleWebKit/537.36 (KHTML, like Gecko) Chrome/142.0.0.0 Safari/537.36 Edg/142.0.0.0"
172.16.36.181 - - [17/Nov/2025:08:40:56 +0800] "GET /manager-page/api/snapshot.php?id=12&t=0.006092562140642355 HTTP/1.1" 200 38881 "http://192.168.60.79/manager-page/home-1.php" "Mozilla/5.0 (Windows NT 10.0; Win64; x64) AppleWebKit/537.36 (KHTML, like Gecko) Chrome/142.0.0.0 Safari/537.36 Edg/142.0.0.0"
172.16.36.181 - - [17/Nov/2025:08:40:56 +0800] "GET /manager-page/api/snapshot.php?id=11&t=0.43852328136956575 HTTP/1.1" 200 35142 "http://192.168.60.79/manager-page/home-1.php" "Mozilla/5.0 (Windows NT 10.0; Win64; x64) AppleWebKit/537.36 (KHTML, like Gecko) Chrome/142.0.0.0 Safari/537.36 Edg/142.0.0.0"
127.0.0.1 - - [17/Nov/2025:08:41:00 +0800] "GET /robot/alarm-history-in.php HTTP/1.1" 200 - "-" "python-requests/2.28.1"
172.16.36.181 - - [17/Nov/2025:08:41:01 +0800] "GET /manager-page/api/snapshot.php?id=11&t=0.028399880293888735 HTTP/1.1" 200 34158 "http://192.168.60.79/manager-page/home-1.php" "Mozilla/5.0 (Windows NT 10.0; Win64; x64) AppleWebKit/537.36 (KHTML, like Gecko) Chrome/142.0.0.0 Safari/537.36 Edg/142.0.0.0"
172.16.36.181 - - [17/Nov/2025:08:41:01 +0800] "GET /manager-page/api/snapshot.php?id=12&t=0.47037059004703463 HTTP/1.1" 200 38802 "http://192.168.60.79/manager-page/home-1.php" "Mozilla/5.0 (Windows NT 10.0; Win64; x64) AppleWebKit/537.36 (KHTML, like Gecko) Chrome/142.0.0.0 Safari/537.36 Edg/142.0.0.0"
127.0.0.1 - - [17/Nov/2025:08:41:05 +0800] "POST /robot/et-7026-in.php HTTP/1.1" 200 - "-" "python-requests/2.32.2"
172.16.36.181 - - [17/Nov/2025:08:41:06 +0800] "GET /manager-page/api/snapshot.php?id=11&t=0.5669497167921255 HTTP/1.1" 200 34201 "http://192.168.60.79/manager-page/home-1.php" "Mozilla/5.0 (Windows NT 10.0; Win64; x64) AppleWebKit/537.36 (KHTML, like Gecko) Chrome/142.0.0.0 Safari/537.36 Edg/142.0.0.0"
172.16.36.181 - - [17/Nov/2025:08:41:06 +0800] "GET /manager-page/api/snapshot.php?id=12&t=0.36963173370522495 HTTP/1.1" 200 38835 "http://192.168.60.79/manager-page/home-1.php" "Mozilla/5.0 (Windows NT 10.0; Win64; x64) AppleWebKit/537.36 (KHTML, like Gecko) Chrome/142.0.0.0 Safari/537.36 Edg/142.0.0.0"
172.16.36.181 - - [17/Nov/2025:08:41:31 +0800] "GET /manager-page/api/snapshot.php?id=11&t=0.49720545895080204 HTTP/1.1" 200 34226 "http://192.168.60.79/manager-page/home-1.php" "Mozilla/5.0 (Windows NT 10.0; Win64; x64) AppleWebKit/537.36 (KHTML, like Gecko) Chrome/142.0.0.0 Safari/537.36 Edg/142.0.0.0"
172.16.36.181 - - [17/Nov/2025:08:41:31 +0800] "GET /manager-page/api/snapshot.php?id=12&t=0.23702968529891322 HTTP/1.1" 200 38835 "http://192.168.60.79/manager-page/home-1.php" "Mozilla/5.0 (Windows NT 10.0; Win64; x64) AppleWebKit/537.36 (KHTML, like Gecko) Chrome/142.0.0.0 Safari/537.36 Edg/142.0.0.0"
127.0.0.1 - - [17/Nov/2025:08:41:32 +0800] "POST /robot/et-7026-in.php HTTP/1.1" 200 - "-" "python-requests/2.32.2"
127.0.0.1 - - [17/Nov/2025:08:42:00 +0800] "GET /robot/alarm-history-in.php HTTP/1.1" 200 - "-" "python-requests/2.28.1"
172.16.36.181 - - [17/Nov/2025:08:42:31 +0800] "GET /manager-page/api/snapshot.php?id=12&t=0.5873890680914513 HTTP/1.1" 200 38890 "http://192.168.60.79/manager-page/home-1.php" "Mozilla/5.0 (Windows NT 10.0; Win64; x64) AppleWebKit/537.36 (KHTML, like Gecko) Chrome/142.0.0.0 Safari/537.36 Edg/142.0.0.0"
127.0.0.1 - - [17/Nov/2025:08:42:32 +0800] "POST /robot/et-7026-in.php HTTP/1.1" 200 - "-" "python-requests/2.32.2"
172.16.36.181 - - [17/Nov/2025:08:42:31 +0800] "GET /manager-page/api/snapshot.php?id=11&t=0.032459651895395236 HTTP/1.1" 200 34295 "http://192.168.60.79/manager-page/home-1.php" "Mozilla/5.0 (Windows NT 10.0; Win64; x64) AppleWebKit/537.36 (KHTML, like Gecko) Chrome/142.0.0.0 Safari/537.36 Edg/142.0.0.0"
127.0.0.1 - - [17/Nov/2025:08:43:00 +0800] "GET /robot/alarm-history-in.php HTTP/1.1" 200 - "-" "python-requests/2.28.1"
172.16.36.181 - - [17/Nov/2025:08:43:31 +0800] "GET /manager-page/api/snapshot.php?id=12&t=0.7626371981882816 HTTP/1.1" 200 38282 "http://192.168.60.79/manager-page/home-1.php" "Mozilla/5.0 (Windows NT 10.0; Win64; x64) AppleWebKit/537.36 (KHTML, like Gecko) Chrome/142.0.0.0 Safari/537.36 Edg/142.0.0.0"
172.16.36.181 - - [17/Nov/2025:08:43:31 +0800] "GET /manager-page/api/snapshot.php?id=11&t=0.8323432556432693 HTTP/1.1" 200 34377 "http://192.168.60.79/manager-page/home-1.php" "Mozilla/5.0 (Windows NT 10.0; Win64; x64) AppleWebKit/537.36 (KHTML, like Gecko) Chrome/142.0.0.0 Safari/537.36 Edg/142.0.0.0"
127.0.0.1 - - [17/Nov/2025:08:44:00 +0800] "GET /robot/alarm-history-in.php HTTP/1.1" 200 - "-" "python-requests/2.28.1"
172.16.36.181 - - [17/Nov/2025:08:44:31 +0800] "GET /manager-page/api/snapshot.php?id=11&t=0.5466038723360749 HTTP/1.1" 200 34483 "http://192.168.60.79/manager-page/home-1.php" "Mozilla/5.0 (Windows NT 10.0; Win64; x64) AppleWebKit/537.36 (KHTML, like Gecko) Chrome/142.0.0.0 Safari/537.36 Edg/142.0.0.0"
172.16.36.181 - - [17/Nov/2025:08:44:31 +0800] "GET /manager-page/api/snapshot.php?id=12&t=0.7169040438405684 HTTP/1.1" 200 38057 "http://192.168.60.79/manager-page/home-1.php" "Mozilla/5.0 (Windows NT 10.0; Win64; x64) AppleWebKit/537.36 (KHTML, like Gecko) Chrome/142.0.0.0 Safari/537.36 Edg/142.0.0.0"
127.0.0.1 - - [17/Nov/2025:08:45:00 +0800] "GET /robot/alarm-history-in.php HTTP/1.1" 200 - "-" "python-requests/2.28.1"
172.16.36.181 - - [17/Nov/2025:08:45:31 +0800] "GET /manager-page/api/snapshot.php?id=12&t=0.43657223734272743 HTTP/1.1" 200 38239 "http://192.168.60.79/manager-page/home-1.php" "Mozilla/5.0 (Windows NT 10.0; Win64; x64) AppleWebKit/537.36 (KHTML, like Gecko) Chrome/142.0.0.0 Safari/537.36 Edg/142.0.0.0"
172.16.36.181 - - [17/Nov/2025:08:45:31 +0800] "GET /manager-page/api/snapshot.php?id=11&t=0.5179662373562882 HTTP/1.1" 200 34441 "http://192.168.60.79/manager-page/home-1.php" "Mozilla/5.0 (Windows NT 10.0; Win64; x64) AppleWebKit/537.36 (KHTML, like Gecko) Chrome/142.0.0.0 Safari/537.36 Edg/142.0.0.0"
127.0.0.1 - - [17/Nov/2025:08:46:00 +0800] "GET /robot/alarm-history-in.php HTTP/1.1" 200 - "-" "python-requests/2.28.1"
111.70.30.253 - - [17/Nov/2025:08:46:19 +0800] "POST /robot/lora-in.php HTTP/1.1" 200 - "-" "python-requests/2.21.0"
111.70.30.250 - - [17/Nov/2025:08:46:24 +0800] "POST /robot/lora-in.php HTTP/1.1" 200 - "-" "python-requests/2.21.0"
172.16.36.181 - - [17/Nov/2025:08:46:31 +0800] "GET /manager-page/api/snapshot.php?id=12&t=0.28879083169557673 HTTP/1.1" 200 38506 "http://192.168.60.79/manager-page/home-1.php" "Mozilla/5.0 (Windows NT 10.0; Win64; x64) AppleWebKit/537.36 (KHTML, like Gecko) Chrome/142.0.0.0 Safari/537.36 Edg/142.0.0.0"
172.16.36.181 - - [17/Nov/2025:08:46:31 +0800] "GET /manager-page/api/snapshot.php?id=11&t=0.19896124010341365 HTTP/1.1" 200 34407 "http://192.168.60.79/manager-page/home-1.php" "Mozilla/5.0 (Windows NT 10.0; Win64; x64) AppleWebKit/537.36 (KHTML, like Gecko) Chrome/142.0.0.0 Safari/537.36 Edg/142.0.0.0"
127.0.0.1 - - [17/Nov/2025:08:46:53 +0800] "GET /get-setting.json HTTP/1.1" 200 2314 "-" "python-requests/2.31.0"
127.0.0.1 - - [17/Nov/2025:08:47:00 +0800] "GET /robot/alarm-history-in.php HTTP/1.1" 200 - "-" "python-requests/2.28.1"
127.0.0.1 - - [17/Nov/2025:08:47:01 +0800] "POST /robot/lora-in.php HTTP/1.1" 200 - "-" "python-requests/2.31.0"
111.70.30.252 - - [17/Nov/2025:08:47:06 +0800] "POST /robot/lora-in.php HTTP/1.1" 200 - "-" "python-requests/2.21.0"
127.0.0.1 - - [17/Nov/2025:08:47:06 +0800] "POST /robot/lora-in.php HTTP/1.1" 200 - "-" "python-requests/2.31.0"
127.0.0.1 - - [17/Nov/2025:08:47:12 +0800] "POST /robot/lora-in.php HTTP/1.1" 200 - "-" "python-requests/2.31.0"
127.0.0.1 - - [17/Nov/2025:08:47:17 +0800] "POST /robot/lora-in.php HTTP/1.1" 200 - "-" "python-requests/2.31.0"
127.0.0.1 - - [17/Nov/2025:08:47:20 +0800] "POST /robot/lora-in.php HTTP/1.1" 200 - "-" "python-requests/2.31.0"
127.0.0.1 - - [17/Nov/2025:08:47:23 +0800] "POST /robot/lora-in.php HTTP/1.1" 200 - "-" "python-requests/2.31.0"
172.16.36.181 - - [17/Nov/2025:08:47:31 +0800] "GET /manager-page/api/snapshot.php?id=11&t=0.3915110971920669 HTTP/1.1" 200 34370 "http://192.168.60.79/manager-page/home-1.php" "Mozilla/5.0 (Windows NT 10.0; Win64; x64) AppleWebKit/537.36 (KHTML, like Gecko) Chrome/142.0.0.0 Safari/537.36 Edg/142.0.0.0"
127.0.0.1 - - [17/Nov/2025:08:47:31 +0800] "POST /robot/lora-in.php HTTP/1.1" 200 - "-" "python-requests/2.31.0"
172.16.36.181 - - [17/Nov/2025:08:47:31 +0800] "GET /manager-page/api/snapshot.php?id=12&t=0.15405643481796671 HTTP/1.1" 200 38152 "http://192.168.60.79/manager-page/home-1.php" "Mozilla/5.0 (Windows NT 10.0; Win64; x64) AppleWebKit/537.36 (KHTML, like Gecko) Chrome/142.0.0.0 Safari/537.36 Edg/142.0.0.0"
127.0.0.1 - - [17/Nov/2025:08:48:00 +0800] "GET /robot/alarm-history-in.php HTTP/1.1" 200 - "-" "python-requests/2.28.1"
172.16.36.181 - - [17/Nov/2025:08:48:31 +0800] "GET /manager-page/api/snapshot.php?id=12&t=0.4064561957060331 HTTP/1.1" 200 39163 "http://192.168.60.79/manager-page/home-1.php" "Mozilla/5.0 (Windows NT 10.0; Win64; x64) AppleWebKit/537.36 (KHTML, like Gecko) Chrome/142.0.0.0 Safari/537.36 Edg/142.0.0.0"
