127.0.0.1 - - [09/Jun/2025:08:00:00 +0800] "GET /robot/alarm-history-in.php HTTP/1.1" 200 - "-" "python-requests/2.28.1"
127.0.0.1 - - [09/Jun/2025:08:00:00 +0800] "GET /manager-page/daily/send.php HTTP/1.1" 200 - "-" "python-requests/2.28.1"
127.0.0.1 - - [09/Jun/2025:08:00:00 +0800] "GET /manager-page/daily/send2.php HTTP/1.1" 200 - "-" "python-requests/2.28.1"
111.70.30.252 - - [09/Jun/2025:08:00:56 +0800] "POST /robot/lora-in.php HTTP/1.1" 200 - "-" "python-requests/2.21.0"
127.0.0.1 - - [09/Jun/2025:08:01:00 +0800] "GET /robot/alarm-history-in.php HTTP/1.1" 200 - "-" "python-requests/2.28.1"
111.70.30.251 - - [09/Jun/2025:08:01:22 +0800] "POST /robot/lora-in.php HTTP/1.1" 200 - "-" "python-requests/2.21.0"
127.0.0.1 - - [09/Jun/2025:08:02:00 +0800] "GET /robot/alarm-history-in.php HTTP/1.1" 200 - "-" "python-requests/2.28.1"
127.0.0.1 - - [09/Jun/2025:08:03:00 +0800] "GET /robot/alarm-history-in.php HTTP/1.1" 200 - "-" "python-requests/2.28.1"
111.70.30.250 - - [09/Jun/2025:08:03:09 +0800] "POST /robot/lora-in.php HTTP/1.1" 200 - "-" "python-requests/2.21.0"
127.0.0.1 - - [09/Jun/2025:08:03:17 +0800] "GET /get-setting.json HTTP/1.1" 200 2314 "-" "python-requests/2.31.0"
127.0.0.1 - - [09/Jun/2025:08:03:17 +0800] "POST /robot/lora-in.php HTTP/1.1" 200 - "-" "python-requests/2.31.0"
127.0.0.1 - - [09/Jun/2025:08:03:21 +0800] "POST /robot/lora-in.php HTTP/1.1" 200 - "-" "python-requests/2.31.0"
127.0.0.1 - - [09/Jun/2025:08:03:31 +0800] "POST /robot/lora-in.php HTTP/1.1" 200 - "-" "python-requests/2.31.0"
127.0.0.1 - - [09/Jun/2025:08:03:39 +0800] "POST /robot/lora-in.php HTTP/1.1" 200 - "-" "python-requests/2.31.0"
127.0.0.1 - - [09/Jun/2025:08:03:40 +0800] "POST /robot/lora-in.php HTTP/1.1" 200 - "-" "python-requests/2.31.0"
127.0.0.1 - - [09/Jun/2025:08:03:46 +0800] "POST /robot/lora-in.php HTTP/1.1" 200 - "-" "python-requests/2.31.0"
127.0.0.1 - - [09/Jun/2025:08:03:50 +0800] "POST /robot/lora-in.php HTTP/1.1" 200 - "-" "python-requests/2.31.0"
127.0.0.1 - - [09/Jun/2025:08:03:59 +0800] "POST /robot/lora-in.php HTTP/1.1" 200 - "-" "python-requests/2.31.0"
127.0.0.1 - - [09/Jun/2025:08:04:00 +0800] "GET /robot/alarm-history-in.php HTTP/1.1" 200 - "-" "python-requests/2.28.1"
127.0.0.1 - - [09/Jun/2025:08:04:18 +0800] "POST /robot/et-7026-in.php HTTP/1.1" 200 - "-" "python-requests/2.32.2"
127.0.0.1 - - [09/Jun/2025:08:04:55 +0800] "POST /robot/et-7026-in.php HTTP/1.1" 200 - "-" "python-requests/2.32.2"
127.0.0.1 - - [09/Jun/2025:08:05:00 +0800] "GET /robot/alarm-history-in.php HTTP/1.1" 200 - "-" "python-requests/2.28.1"
127.0.0.1 - - [09/Jun/2025:08:05:04 +0800] "POST /robot/et-7026-in.php HTTP/1.1" 200 - "-" "python-requests/2.32.2"
127.0.0.1 - - [09/Jun/2025:08:05:14 +0800] "POST /robot/et-7026-in.php HTTP/1.1" 200 - "-" "python-requests/2.32.2"
172.16.36.181 - - [09/Jun/2025:08:05:19 +0800] "GET /manager-page/home-3.php HTTP/1.1" 302 - "-" "Mozilla/5.0 (Windows NT 10.0; Win64; x64) AppleWebKit/537.36 (KHTML, like Gecko) Chrome/137.0.0.0 Safari/537.36 Edg/137.0.0.0"
172.16.36.181 - - [09/Jun/2025:08:05:19 +0800] "GET /manager-page/login.php HTTP/1.1" 200 2365 "-" "Mozilla/5.0 (Windows NT 10.0; Win64; x64) AppleWebKit/537.36 (KHTML, like Gecko) Chrome/137.0.0.0 Safari/537.36 Edg/137.0.0.0"
172.16.36.181 - - [09/Jun/2025:08:05:20 +0800] "GET /favicon.ico HTTP/1.1" 404 196 "http://192.168.60.79/manager-page/login.php" "Mozilla/5.0 (Windows NT 10.0; Win64; x64) AppleWebKit/537.36 (KHTML, like Gecko) Chrome/137.0.0.0 Safari/537.36 Edg/137.0.0.0"
172.16.36.181 - - [09/Jun/2025:08:05:39 +0800] "POST /manager-page/login.php HTTP/1.1" 302 - "http://192.168.60.79/manager-page/login.php" "Mozilla/5.0 (Windows NT 10.0; Win64; x64) AppleWebKit/537.36 (KHTML, like Gecko) Chrome/137.0.0.0 Safari/537.36 Edg/137.0.0.0"
172.16.36.181 - - [09/Jun/2025:08:05:39 +0800] "GET /manager-page/home.php HTTP/1.1" 302 - "http://192.168.60.79/manager-page/login.php" "Mozilla/5.0 (Windows NT 10.0; Win64; x64) AppleWebKit/537.36 (KHTML, like Gecko) Chrome/137.0.0.0 Safari/537.36 Edg/137.0.0.0"
172.16.36.181 - - [09/Jun/2025:08:05:39 +0800] "GET /manager-page/alarm/1-1.jpg?t=1378889868 HTTP/1.1" 200 322868 "http://192.168.60.79/manager-page/home-1.php" "Mozilla/5.0 (Windows NT 10.0; Win64; x64) AppleWebKit/537.36 (KHTML, like Gecko) Chrome/137.0.0.0 Safari/537.36 Edg/137.0.0.0"
172.16.36.181 - - [09/Jun/2025:08:05:39 +0800] "GET /manager-page/alarm/1-2.jpg?t=1249345589 HTTP/1.1" 200 495492 "http://192.168.60.79/manager-page/home-1.php" "Mozilla/5.0 (Windows NT 10.0; Win64; x64) AppleWebKit/537.36 (KHTML, like Gecko) Chrome/137.0.0.0 Safari/537.36 Edg/137.0.0.0"
172.16.36.181 - - [09/Jun/2025:08:05:39 +0800] "GET /manager-page/home-1.php HTTP/1.1" 200 27474 "http://192.168.60.79/manager-page/login.php" "Mozilla/5.0 (Windows NT 10.0; Win64; x64) AppleWebKit/537.36 (KHTML, like Gecko) Chrome/137.0.0.0 Safari/537.36 Edg/137.0.0.0"
172.16.36.181 - - [09/Jun/2025:08:05:39 +0800] "GET /manager-page/api/snapshot.php?id=11 HTTP/1.1" 200 43714 "http://192.168.60.79/manager-page/home-1.php" "Mozilla/5.0 (Windows NT 10.0; Win64; x64) AppleWebKit/537.36 (KHTML, like Gecko) Chrome/137.0.0.0 Safari/537.36 Edg/137.0.0.0"
172.16.36.181 - - [09/Jun/2025:08:05:39 +0800] "GET /manager-page/api/snapshot.php?id=12 HTTP/1.1" 200 46558 "http://192.168.60.79/manager-page/home-1.php" "Mozilla/5.0 (Windows NT 10.0; Win64; x64) AppleWebKit/537.36 (KHTML, like Gecko) Chrome/137.0.0.0 Safari/537.36 Edg/137.0.0.0"
172.16.36.181 - - [09/Jun/2025:08:05:41 +0800] "GET /manager-page/api/cms-status1.php HTTP/1.1" 200 12 "http://192.168.60.79/manager-page/home-1.php" "Mozilla/5.0 (Windows NT 10.0; Win64; x64) AppleWebKit/537.36 (KHTML, like Gecko) Chrome/137.0.0.0 Safari/537.36 Edg/137.0.0.0"
172.16.36.181 - - [09/Jun/2025:08:05:41 +0800] "GET /manager-page/api/lp-status1.php HTTP/1.1" 200 1 "http://192.168.60.79/manager-page/home-1.php" "Mozilla/5.0 (Windows NT 10.0; Win64; x64) AppleWebKit/537.36 (KHTML, like Gecko) Chrome/137.0.0.0 Safari/537.36 Edg/137.0.0.0"
172.16.36.181 - - [09/Jun/2025:08:05:42 +0800] "GET /manager-page/alarm/2-1.jpg?t=1022223189 HTTP/1.1" 200 488641 "http://192.168.60.79/manager-page/home-2.php" "Mozilla/5.0 (Windows NT 10.0; Win64; x64) AppleWebKit/537.36 (KHTML, like Gecko) Chrome/137.0.0.0 Safari/537.36 Edg/137.0.0.0"
172.16.36.181 - - [09/Jun/2025:08:05:42 +0800] "GET /manager-page/alarm/2-2.jpg?t=1106890894 HTTP/1.1" 200 564869 "http://192.168.60.79/manager-page/home-2.php" "Mozilla/5.0 (Windows NT 10.0; Win64; x64) AppleWebKit/537.36 (KHTML, like Gecko) Chrome/137.0.0.0 Safari/537.36 Edg/137.0.0.0"
172.16.36.181 - - [09/Jun/2025:08:05:41 +0800] "GET /manager-page/home-2.php HTTP/1.1" 200 27469 "http://192.168.60.79/manager-page/home-1.php" "Mozilla/5.0 (Windows NT 10.0; Win64; x64) AppleWebKit/537.36 (KHTML, like Gecko) Chrome/137.0.0.0 Safari/537.36 Edg/137.0.0.0"
172.16.36.181 - - [09/Jun/2025:08:05:42 +0800] "GET /manager-page/api/snapshot.php?id=22 HTTP/1.1" 200 41531 "http://192.168.60.79/manager-page/home-2.php" "Mozilla/5.0 (Windows NT 10.0; Win64; x64) AppleWebKit/537.36 (KHTML, like Gecko) Chrome/137.0.0.0 Safari/537.36 Edg/137.0.0.0"
172.16.36.181 - - [09/Jun/2025:08:05:42 +0800] "GET /manager-page/api/snapshot.php?id=21 HTTP/1.1" 200 46080 "http://192.168.60.79/manager-page/home-2.php" "Mozilla/5.0 (Windows NT 10.0; Win64; x64) AppleWebKit/537.36 (KHTML, like Gecko) Chrome/137.0.0.0 Safari/537.36 Edg/137.0.0.0"
172.16.36.181 - - [09/Jun/2025:08:05:44 +0800] "GET /manager-page/api/lp-status2.php HTTP/1.1" 200 1 "http://192.168.60.79/manager-page/home-2.php" "Mozilla/5.0 (Windows NT 10.0; Win64; x64) AppleWebKit/537.36 (KHTML, like Gecko) Chrome/137.0.0.0 Safari/537.36 Edg/137.0.0.0"
172.16.36.181 - - [09/Jun/2025:08:05:44 +0800] "GET /manager-page/api/cms-status2.php HTTP/1.1" 200 12 "http://192.168.60.79/manager-page/home-2.php" "Mozilla/5.0 (Windows NT 10.0; Win64; x64) AppleWebKit/537.36 (KHTML, like Gecko) Chrome/137.0.0.0 Safari/537.36 Edg/137.0.0.0"
172.16.36.181 - - [09/Jun/2025:08:05:49 +0800] "GET /manager-page/api/snapshot.php?id=21&t=0.8202290666989358 HTTP/1.1" 200 45923 "http://192.168.60.79/manager-page/home-2.php" "Mozilla/5.0 (Windows NT 10.0; Win64; x64) AppleWebKit/537.36 (KHTML, like Gecko) Chrome/137.0.0.0 Safari/537.36 Edg/137.0.0.0"
172.16.36.181 - - [09/Jun/2025:08:05:49 +0800] "GET /manager-page/api/snapshot.php?id=22&t=0.3390654640358083 HTTP/1.1" 200 41467 "http://192.168.60.79/manager-page/home-2.php" "Mozilla/5.0 (Windows NT 10.0; Win64; x64) AppleWebKit/537.36 (KHTML, like Gecko) Chrome/137.0.0.0 Safari/537.36 Edg/137.0.0.0"
172.16.36.181 - - [09/Jun/2025:08:05:54 +0800] "GET /manager-page/api/snapshot.php?id=21&t=0.9238336587848855 HTTP/1.1" 200 45966 "http://192.168.60.79/manager-page/home-2.php" "Mozilla/5.0 (Windows NT 10.0; Win64; x64) AppleWebKit/537.36 (KHTML, like Gecko) Chrome/137.0.0.0 Safari/537.36 Edg/137.0.0.0"
172.16.36.181 - - [09/Jun/2025:08:05:54 +0800] "GET /manager-page/api/snapshot.php?id=22&t=0.22052186831001763 HTTP/1.1" 200 41493 "http://192.168.60.79/manager-page/home-2.php" "Mozilla/5.0 (Windows NT 10.0; Win64; x64) AppleWebKit/537.36 (KHTML, like Gecko) Chrome/137.0.0.0 Safari/537.36 Edg/137.0.0.0"
172.16.36.181 - - [09/Jun/2025:08:05:59 +0800] "GET /manager-page/api/snapshot.php?id=21&t=0.758724819315628 HTTP/1.1" 200 45967 "http://192.168.60.79/manager-page/home-2.php" "Mozilla/5.0 (Windows NT 10.0; Win64; x64) AppleWebKit/537.36 (KHTML, like Gecko) Chrome/137.0.0.0 Safari/537.36 Edg/137.0.0.0"
172.16.36.181 - - [09/Jun/2025:08:05:59 +0800] "GET /manager-page/api/snapshot.php?id=22&t=0.44012243062835776 HTTP/1.1" 200 41504 "http://192.168.60.79/manager-page/home-2.php" "Mozilla/5.0 (Windows NT 10.0; Win64; x64) AppleWebKit/537.36 (KHTML, like Gecko) Chrome/137.0.0.0 Safari/537.36 Edg/137.0.0.0"
127.0.0.1 - - [09/Jun/2025:08:06:00 +0800] "GET /robot/alarm-history-in.php HTTP/1.1" 200 - "-" "python-requests/2.28.1"
172.16.36.181 - - [09/Jun/2025:08:06:04 +0800] "GET /manager-page/api/snapshot.php?id=22&t=0.7722339906562915 HTTP/1.1" 200 41459 "http://192.168.60.79/manager-page/home-2.php" "Mozilla/5.0 (Windows NT 10.0; Win64; x64) AppleWebKit/537.36 (KHTML, like Gecko) Chrome/137.0.0.0 Safari/537.36 Edg/137.0.0.0"
172.16.36.181 - - [09/Jun/2025:08:06:04 +0800] "GET /manager-page/api/snapshot.php?id=21&t=0.5557818696105846 HTTP/1.1" 200 45988 "http://192.168.60.79/manager-page/home-2.php" "Mozilla/5.0 (Windows NT 10.0; Win64; x64) AppleWebKit/537.36 (KHTML, like Gecko) Chrome/137.0.0.0 Safari/537.36 Edg/137.0.0.0"
172.16.36.181 - - [09/Jun/2025:08:06:09 +0800] "GET /manager-page/api/snapshot.php?id=22&t=0.0680186689903497 HTTP/1.1" 200 41456 "http://192.168.60.79/manager-page/home-2.php" "Mozilla/5.0 (Windows NT 10.0; Win64; x64) AppleWebKit/537.36 (KHTML, like Gecko) Chrome/137.0.0.0 Safari/537.36 Edg/137.0.0.0"
172.16.36.181 - - [09/Jun/2025:08:06:09 +0800] "GET /manager-page/api/snapshot.php?id=21&t=0.15506964003015689 HTTP/1.1" 200 45937 "http://192.168.60.79/manager-page/home-2.php" "Mozilla/5.0 (Windows NT 10.0; Win64; x64) AppleWebKit/537.36 (KHTML, like Gecko) Chrome/137.0.0.0 Safari/537.36 Edg/137.0.0.0"
172.16.36.181 - - [09/Jun/2025:08:06:14 +0800] "GET /manager-page/api/snapshot.php?id=21&t=0.9854461898160576 HTTP/1.1" 200 45955 "http://192.168.60.79/manager-page/home-2.php" "Mozilla/5.0 (Windows NT 10.0; Win64; x64) AppleWebKit/537.36 (KHTML, like Gecko) Chrome/137.0.0.0 Safari/537.36 Edg/137.0.0.0"
172.16.36.181 - - [09/Jun/2025:08:06:14 +0800] "GET /manager-page/api/snapshot.php?id=22&t=0.10096978627331898 HTTP/1.1" 200 41378 "http://192.168.60.79/manager-page/home-2.php" "Mozilla/5.0 (Windows NT 10.0; Win64; x64) AppleWebKit/537.36 (KHTML, like Gecko) Chrome/137.0.0.0 Safari/537.36 Edg/137.0.0.0"
172.16.36.181 - - [09/Jun/2025:08:06:19 +0800] "GET /manager-page/api/snapshot.php?id=21&t=0.10926067754899749 HTTP/1.1" 200 45999 "http://192.168.60.79/manager-page/home-2.php" "Mozilla/5.0 (Windows NT 10.0; Win64; x64) AppleWebKit/537.36 (KHTML, like Gecko) Chrome/137.0.0.0 Safari/537.36 Edg/137.0.0.0"
172.16.36.181 - - [09/Jun/2025:08:06:19 +0800] "GET /manager-page/api/snapshot.php?id=22&t=0.7501426647231605 HTTP/1.1" 200 41416 "http://192.168.60.79/manager-page/home-2.php" "Mozilla/5.0 (Windows NT 10.0; Win64; x64) AppleWebKit/537.36 (KHTML, like Gecko) Chrome/137.0.0.0 Safari/537.36 Edg/137.0.0.0"
172.16.36.181 - - [09/Jun/2025:08:06:24 +0800] "GET /manager-page/api/snapshot.php?id=21&t=0.45315428820389714 HTTP/1.1" 200 46003 "http://192.168.60.79/manager-page/home-2.php" "Mozilla/5.0 (Windows NT 10.0; Win64; x64) AppleWebKit/537.36 (KHTML, like Gecko) Chrome/137.0.0.0 Safari/537.36 Edg/137.0.0.0"
172.16.36.181 - - [09/Jun/2025:08:06:24 +0800] "GET /manager-page/api/snapshot.php?id=22&t=0.04789766310555654 HTTP/1.1" 200 41449 "http://192.168.60.79/manager-page/home-2.php" "Mozilla/5.0 (Windows NT 10.0; Win64; x64) AppleWebKit/537.36 (KHTML, like Gecko) Chrome/137.0.0.0 Safari/537.36 Edg/137.0.0.0"
172.16.36.181 - - [09/Jun/2025:08:06:29 +0800] "GET /manager-page/api/snapshot.php?id=22&t=0.37101143056321806 HTTP/1.1" 200 41409 "http://192.168.60.79/manager-page/home-2.php" "Mozilla/5.0 (Windows NT 10.0; Win64; x64) AppleWebKit/537.36 (KHTML, like Gecko) Chrome/137.0.0.0 Safari/537.36 Edg/137.0.0.0"
172.16.36.181 - - [09/Jun/2025:08:06:29 +0800] "GET /manager-page/api/snapshot.php?id=21&t=0.15189377899571843 HTTP/1.1" 200 45987 "http://192.168.60.79/manager-page/home-2.php" "Mozilla/5.0 (Windows NT 10.0; Win64; x64) AppleWebKit/537.36 (KHTML, like Gecko) Chrome/137.0.0.0 Safari/537.36 Edg/137.0.0.0"
172.16.36.181 - - [09/Jun/2025:08:06:34 +0800] "GET /manager-page/api/snapshot.php?id=22&t=0.1992030371100082 HTTP/1.1" 200 41384 "http://192.168.60.79/manager-page/home-2.php" "Mozilla/5.0 (Windows NT 10.0; Win64; x64) AppleWebKit/537.36 (KHTML, like Gecko) Chrome/137.0.0.0 Safari/537.36 Edg/137.0.0.0"
172.16.36.181 - - [09/Jun/2025:08:06:34 +0800] "GET /manager-page/api/snapshot.php?id=21&t=0.3626592330676318 HTTP/1.1" 200 46194 "http://192.168.60.79/manager-page/home-2.php" "Mozilla/5.0 (Windows NT 10.0; Win64; x64) AppleWebKit/537.36 (KHTML, like Gecko) Chrome/137.0.0.0 Safari/537.36 Edg/137.0.0.0"
172.16.36.181 - - [09/Jun/2025:08:06:39 +0800] "GET /manager-page/api/snapshot.php?id=22&t=0.49255476166053724 HTTP/1.1" 200 41424 "http://192.168.60.79/manager-page/home-2.php" "Mozilla/5.0 (Windows NT 10.0; Win64; x64) AppleWebKit/537.36 (KHTML, like Gecko) Chrome/137.0.0.0 Safari/537.36 Edg/137.0.0.0"
172.16.36.181 - - [09/Jun/2025:08:06:39 +0800] "GET /manager-page/api/snapshot.php?id=21&t=0.6115670141995567 HTTP/1.1" 200 46259 "http://192.168.60.79/manager-page/home-2.php" "Mozilla/5.0 (Windows NT 10.0; Win64; x64) AppleWebKit/537.36 (KHTML, like Gecko) Chrome/137.0.0.0 Safari/537.36 Edg/137.0.0.0"
172.16.36.181 - - [09/Jun/2025:08:06:44 +0800] "GET /manager-page/api/snapshot.php?id=22&t=0.5920716905261311 HTTP/1.1" 200 41391 "http://192.168.60.79/manager-page/home-2.php" "Mozilla/5.0 (Windows NT 10.0; Win64; x64) AppleWebKit/537.36 (KHTML, like Gecko) Chrome/137.0.0.0 Safari/537.36 Edg/137.0.0.0"
172.16.36.181 - - [09/Jun/2025:08:06:44 +0800] "GET /manager-page/api/snapshot.php?id=21&t=0.7200210517122204 HTTP/1.1" 200 46294 "http://192.168.60.79/manager-page/home-2.php" "Mozilla/5.0 (Windows NT 10.0; Win64; x64) AppleWebKit/537.36 (KHTML, like Gecko) Chrome/137.0.0.0 Safari/537.36 Edg/137.0.0.0"
172.16.36.181 - - [09/Jun/2025:08:06:49 +0800] "GET /manager-page/api/snapshot.php?id=22&t=0.3614368167437473 HTTP/1.1" 200 42580 "http://192.168.60.79/manager-page/home-2.php" "Mozilla/5.0 (Windows NT 10.0; Win64; x64) AppleWebKit/537.36 (KHTML, like Gecko) Chrome/137.0.0.0 Safari/537.36 Edg/137.0.0.0"
172.16.36.181 - - [09/Jun/2025:08:06:49 +0800] "GET /manager-page/api/snapshot.php?id=21&t=0.057302132907377956 HTTP/1.1" 200 46477 "http://192.168.60.79/manager-page/home-2.php" "Mozilla/5.0 (Windows NT 10.0; Win64; x64) AppleWebKit/537.36 (KHTML, like Gecko) Chrome/137.0.0.0 Safari/537.36 Edg/137.0.0.0"
172.16.36.181 - - [09/Jun/2025:08:06:54 +0800] "GET /manager-page/api/snapshot.php?id=22&t=0.5136443621113594 HTTP/1.1" 200 41433 "http://192.168.60.79/manager-page/home-2.php" "Mozilla/5.0 (Windows NT 10.0; Win64; x64) AppleWebKit/537.36 (KHTML, like Gecko) Chrome/137.0.0.0 Safari/537.36 Edg/137.0.0.0"
172.16.36.181 - - [09/Jun/2025:08:06:54 +0800] "GET /manager-page/api/snapshot.php?id=21&t=0.9198754696710247 HTTP/1.1" 200 46389 "http://192.168.60.79/manager-page/home-2.php" "Mozilla/5.0 (Windows NT 10.0; Win64; x64) AppleWebKit/537.36 (KHTML, like Gecko) Chrome/137.0.0.0 Safari/537.36 Edg/137.0.0.0"
172.16.36.181 - - [09/Jun/2025:08:06:59 +0800] "GET /manager-page/api/snapshot.php?id=22&t=0.15255728388113743 HTTP/1.1" 200 41361 "http://192.168.60.79/manager-page/home-2.php" "Mozilla/5.0 (Windows NT 10.0; Win64; x64) AppleWebKit/537.36 (KHTML, like Gecko) Chrome/137.0.0.0 Safari/537.36 Edg/137.0.0.0"
127.0.0.1 - - [09/Jun/2025:08:07:00 +0800] "GET /robot/alarm-history-in.php HTTP/1.1" 200 - "-" "python-requests/2.28.1"
172.16.36.181 - - [09/Jun/2025:08:06:59 +0800] "GET /manager-page/api/snapshot.php?id=21&t=0.8943997085836068 HTTP/1.1" 200 46366 "http://192.168.60.79/manager-page/home-2.php" "Mozilla/5.0 (Windows NT 10.0; Win64; x64) AppleWebKit/537.36 (KHTML, like Gecko) Chrome/137.0.0.0 Safari/537.36 Edg/137.0.0.0"
172.16.36.181 - - [09/Jun/2025:08:07:04 +0800] "GET /manager-page/api/snapshot.php?id=22&t=0.5589302973043365 HTTP/1.1" 200 41403 "http://192.168.60.79/manager-page/home-2.php" "Mozilla/5.0 (Windows NT 10.0; Win64; x64) AppleWebKit/537.36 (KHTML, like Gecko) Chrome/137.0.0.0 Safari/537.36 Edg/137.0.0.0"
172.16.36.181 - - [09/Jun/2025:08:07:04 +0800] "GET /manager-page/api/snapshot.php?id=21&t=0.5070585320725691 HTTP/1.1" 200 46370 "http://192.168.60.79/manager-page/home-2.php" "Mozilla/5.0 (Windows NT 10.0; Win64; x64) AppleWebKit/537.36 (KHTML, like Gecko) Chrome/137.0.0.0 Safari/537.36 Edg/137.0.0.0"
172.16.36.181 - - [09/Jun/2025:08:07:09 +0800] "GET /manager-page/api/snapshot.php?id=22&t=0.5384765675387181 HTTP/1.1" 200 41369 "http://192.168.60.79/manager-page/home-2.php" "Mozilla/5.0 (Windows NT 10.0; Win64; x64) AppleWebKit/537.36 (KHTML, like Gecko) Chrome/137.0.0.0 Safari/537.36 Edg/137.0.0.0"
172.16.36.181 - - [09/Jun/2025:08:07:09 +0800] "GET /manager-page/api/snapshot.php?id=21&t=0.817648276471986 HTTP/1.1" 200 46389 "http://192.168.60.79/manager-page/home-2.php" "Mozilla/5.0 (Windows NT 10.0; Win64; x64) AppleWebKit/537.36 (KHTML, like Gecko) Chrome/137.0.0.0 Safari/537.36 Edg/137.0.0.0"
172.16.36.181 - - [09/Jun/2025:08:07:14 +0800] "GET /manager-page/api/snapshot.php?id=21&t=0.5271888815278329 HTTP/1.1" 200 46772 "http://192.168.60.79/manager-page/home-2.php" "Mozilla/5.0 (Windows NT 10.0; Win64; x64) AppleWebKit/537.36 (KHTML, like Gecko) Chrome/137.0.0.0 Safari/537.36 Edg/137.0.0.0"
172.16.36.181 - - [09/Jun/2025:08:07:14 +0800] "GET /manager-page/api/snapshot.php?id=22&t=0.5105400744915211 HTTP/1.1" 200 41396 "http://192.168.60.79/manager-page/home-2.php" "Mozilla/5.0 (Windows NT 10.0; Win64; x64) AppleWebKit/537.36 (KHTML, like Gecko) Chrome/137.0.0.0 Safari/537.36 Edg/137.0.0.0"
172.16.36.181 - - [09/Jun/2025:08:07:19 +0800] "GET /manager-page/api/snapshot.php?id=21&t=0.38109044999918085 HTTP/1.1" 200 46363 "http://192.168.60.79/manager-page/home-2.php" "Mozilla/5.0 (Windows NT 10.0; Win64; x64) AppleWebKit/537.36 (KHTML, like Gecko) Chrome/137.0.0.0 Safari/537.36 Edg/137.0.0.0"
172.16.36.181 - - [09/Jun/2025:08:07:19 +0800] "GET /manager-page/api/snapshot.php?id=22&t=0.17233071435528147 HTTP/1.1" 200 41428 "http://192.168.60.79/manager-page/home-2.php" "Mozilla/5.0 (Windows NT 10.0; Win64; x64) AppleWebKit/537.36 (KHTML, like Gecko) Chrome/137.0.0.0 Safari/537.36 Edg/137.0.0.0"
172.16.36.181 - - [09/Jun/2025:08:07:24 +0800] "GET /manager-page/api/snapshot.php?id=21&t=0.48135318917623215 HTTP/1.1" 200 46396 "http://192.168.60.79/manager-page/home-2.php" "Mozilla/5.0 (Windows NT 10.0; Win64; x64) AppleWebKit/537.36 (KHTML, like Gecko) Chrome/137.0.0.0 Safari/537.36 Edg/137.0.0.0"
172.16.36.181 - - [09/Jun/2025:08:07:24 +0800] "GET /manager-page/api/snapshot.php?id=22&t=0.9232216754394431 HTTP/1.1" 200 41403 "http://192.168.60.79/manager-page/home-2.php" "Mozilla/5.0 (Windows NT 10.0; Win64; x64) AppleWebKit/537.36 (KHTML, like Gecko) Chrome/137.0.0.0 Safari/537.36 Edg/137.0.0.0"
172.16.36.181 - - [09/Jun/2025:08:07:29 +0800] "GET /manager-page/api/snapshot.php?id=22&t=0.36313391183838706 HTTP/1.1" 200 41406 "http://192.168.60.79/manager-page/home-2.php" "Mozilla/5.0 (Windows NT 10.0; Win64; x64) AppleWebKit/537.36 (KHTML, like Gecko) Chrome/137.0.0.0 Safari/537.36 Edg/137.0.0.0"
172.16.36.181 - - [09/Jun/2025:08:07:29 +0800] "GET /manager-page/api/snapshot.php?id=21&t=0.7230715968085292 HTTP/1.1" 200 46409 "http://192.168.60.79/manager-page/home-2.php" "Mozilla/5.0 (Windows NT 10.0; Win64; x64) AppleWebKit/537.36 (KHTML, like Gecko) Chrome/137.0.0.0 Safari/537.36 Edg/137.0.0.0"
172.16.36.181 - - [09/Jun/2025:08:07:34 +0800] "GET /manager-page/api/snapshot.php?id=21&t=0.2957838393439256 HTTP/1.1" 200 46416 "http://192.168.60.79/manager-page/home-2.php" "Mozilla/5.0 (Windows NT 10.0; Win64; x64) AppleWebKit/537.36 (KHTML, like Gecko) Chrome/137.0.0.0 Safari/537.36 Edg/137.0.0.0"
172.16.36.181 - - [09/Jun/2025:08:07:34 +0800] "GET /manager-page/api/snapshot.php?id=22&t=0.8541562323950229 HTTP/1.1" 200 41454 "http://192.168.60.79/manager-page/home-2.php" "Mozilla/5.0 (Windows NT 10.0; Win64; x64) AppleWebKit/537.36 (KHTML, like Gecko) Chrome/137.0.0.0 Safari/537.36 Edg/137.0.0.0"
172.16.36.181 - - [09/Jun/2025:08:07:39 +0800] "GET /manager-page/api/snapshot.php?id=21&t=0.4707654610208156 HTTP/1.1" 200 46537 "http://192.168.60.79/manager-page/home-2.php" "Mozilla/5.0 (Windows NT 10.0; Win64; x64) AppleWebKit/537.36 (KHTML, like Gecko) Chrome/137.0.0.0 Safari/537.36 Edg/137.0.0.0"
172.16.36.181 - - [09/Jun/2025:08:07:39 +0800] "GET /manager-page/api/snapshot.php?id=22&t=0.22558040710666527 HTTP/1.1" 200 41414 "http://192.168.60.79/manager-page/home-2.php" "Mozilla/5.0 (Windows NT 10.0; Win64; x64) AppleWebKit/537.36 (KHTML, like Gecko) Chrome/137.0.0.0 Safari/537.36 Edg/137.0.0.0"
172.16.36.181 - - [09/Jun/2025:08:07:44 +0800] "GET /manager-page/api/snapshot.php?id=21&t=0.32192183440735045 HTTP/1.1" 200 46457 "http://192.168.60.79/manager-page/home-2.php" "Mozilla/5.0 (Windows NT 10.0; Win64; x64) AppleWebKit/537.36 (KHTML, like Gecko) Chrome/137.0.0.0 Safari/537.36 Edg/137.0.0.0"
172.16.36.181 - - [09/Jun/2025:08:07:44 +0800] "GET /manager-page/api/snapshot.php?id=22&t=0.25017215864072795 HTTP/1.1" 200 41414 "http://192.168.60.79/manager-page/home-2.php" "Mozilla/5.0 (Windows NT 10.0; Win64; x64) AppleWebKit/537.36 (KHTML, like Gecko) Chrome/137.0.0.0 Safari/537.36 Edg/137.0.0.0"
172.16.36.181 - - [09/Jun/2025:08:07:49 +0800] "GET /manager-page/api/snapshot.php?id=22&t=0.07997907656456582 HTTP/1.1" 200 41445 "http://192.168.60.79/manager-page/home-2.php" "Mozilla/5.0 (Windows NT 10.0; Win64; x64) AppleWebKit/537.36 (KHTML, like Gecko) Chrome/137.0.0.0 Safari/537.36 Edg/137.0.0.0"
172.16.36.181 - - [09/Jun/2025:08:07:49 +0800] "GET /manager-page/api/snapshot.php?id=21&t=0.2945564207806646 HTTP/1.1" 200 46408 "http://192.168.60.79/manager-page/home-2.php" "Mozilla/5.0 (Windows NT 10.0; Win64; x64) AppleWebKit/537.36 (KHTML, like Gecko) Chrome/137.0.0.0 Safari/537.36 Edg/137.0.0.0"
172.16.36.181 - - [09/Jun/2025:08:07:54 +0800] "GET /manager-page/api/snapshot.php?id=22&t=0.8685690493982979 HTTP/1.1" 200 41422 "http://192.168.60.79/manager-page/home-2.php" "Mozilla/5.0 (Windows NT 10.0; Win64; x64) AppleWebKit/537.36 (KHTML, like Gecko) Chrome/137.0.0.0 Safari/537.36 Edg/137.0.0.0"
172.16.36.181 - - [09/Jun/2025:08:07:54 +0800] "GET /manager-page/api/snapshot.php?id=21&t=0.549295881557602 HTTP/1.1" 200 46439 "http://192.168.60.79/manager-page/home-2.php" "Mozilla/5.0 (Windows NT 10.0; Win64; x64) AppleWebKit/537.36 (KHTML, like Gecko) Chrome/137.0.0.0 Safari/537.36 Edg/137.0.0.0"
172.16.36.181 - - [09/Jun/2025:08:07:57 +0800] "GET /manager-page/alarm/1-1.jpg?t=2099309572 HTTP/1.1" 200 322868 "http://192.168.60.79/manager-page/home-1.php" "Mozilla/5.0 (Windows NT 10.0; Win64; x64) AppleWebKit/537.36 (KHTML, like Gecko) Chrome/137.0.0.0 Safari/537.36 Edg/137.0.0.0"
172.16.36.181 - - [09/Jun/2025:08:07:57 +0800] "GET /manager-page/alarm/1-2.jpg?t=1887991844 HTTP/1.1" 200 495492 "http://192.168.60.79/manager-page/home-1.php" "Mozilla/5.0 (Windows NT 10.0; Win64; x64) AppleWebKit/537.36 (KHTML, like Gecko) Chrome/137.0.0.0 Safari/537.36 Edg/137.0.0.0"
172.16.36.181 - - [09/Jun/2025:08:07:57 +0800] "GET /manager-page/home-1.php HTTP/1.1" 200 27474 "http://192.168.60.79/manager-page/home-2.php" "Mozilla/5.0 (Windows NT 10.0; Win64; x64) AppleWebKit/537.36 (KHTML, like Gecko) Chrome/137.0.0.0 Safari/537.36 Edg/137.0.0.0"
172.16.36.181 - - [09/Jun/2025:08:07:57 +0800] "GET /manager-page/api/snapshot.php?id=12 HTTP/1.1" 200 47423 "http://192.168.60.79/manager-page/home-1.php" "Mozilla/5.0 (Windows NT 10.0; Win64; x64) AppleWebKit/537.36 (KHTML, like Gecko) Chrome/137.0.0.0 Safari/537.36 Edg/137.0.0.0"
172.16.36.181 - - [09/Jun/2025:08:07:57 +0800] "GET /manager-page/api/snapshot.php?id=11 HTTP/1.1" 200 45159 "http://192.168.60.79/manager-page/home-1.php" "Mozilla/5.0 (Windows NT 10.0; Win64; x64) AppleWebKit/537.36 (KHTML, like Gecko) Chrome/137.0.0.0 Safari/537.36 Edg/137.0.0.0"
172.16.36.181 - - [09/Jun/2025:08:07:59 +0800] "GET /manager-page/api/cms-status1.php HTTP/1.1" 200 12 "http://192.168.60.79/manager-page/home-1.php" "Mozilla/5.0 (Windows NT 10.0; Win64; x64) AppleWebKit/537.36 (KHTML, like Gecko) Chrome/137.0.0.0 Safari/537.36 Edg/137.0.0.0"
172.16.36.181 - - [09/Jun/2025:08:07:59 +0800] "GET /manager-page/api/lp-status1.php HTTP/1.1" 200 1 "http://192.168.60.79/manager-page/home-1.php" "Mozilla/5.0 (Windows NT 10.0; Win64; x64) AppleWebKit/537.36 (KHTML, like Gecko) Chrome/137.0.0.0 Safari/537.36 Edg/137.0.0.0"
127.0.0.1 - - [09/Jun/2025:08:08:00 +0800] "GET /robot/alarm-history-in.php HTTP/1.1" 200 - "-" "python-requests/2.28.1"
172.16.36.181 - - [09/Jun/2025:08:08:04 +0800] "GET /manager-page/alarm/3-2.jpg?t=272211670 HTTP/1.1" 200 187208 "http://192.168.60.79/manager-page/home-3.php" "Mozilla/5.0 (Windows NT 10.0; Win64; x64) AppleWebKit/537.36 (KHTML, like Gecko) Chrome/137.0.0.0 Safari/537.36 Edg/137.0.0.0"
172.16.36.181 - - [09/Jun/2025:08:08:04 +0800] "GET /manager-page/alarm/3-1.jpg?t=1627370547 HTTP/1.1" 200 520364 "http://192.168.60.79/manager-page/home-3.php" "Mozilla/5.0 (Windows NT 10.0; Win64; x64) AppleWebKit/537.36 (KHTML, like Gecko) Chrome/137.0.0.0 Safari/537.36 Edg/137.0.0.0"
172.16.36.181 - - [09/Jun/2025:08:08:04 +0800] "GET /manager-page/home-3.php HTTP/1.1" 200 27481 "http://192.168.60.79/manager-page/home-1.php" "Mozilla/5.0 (Windows NT 10.0; Win64; x64) AppleWebKit/537.36 (KHTML, like Gecko) Chrome/137.0.0.0 Safari/537.36 Edg/137.0.0.0"
172.16.36.181 - - [09/Jun/2025:08:08:04 +0800] "GET /manager-page/api/snapshot.php?id=31 HTTP/1.1" 200 55059 "http://192.168.60.79/manager-page/home-3.php" "Mozilla/5.0 (Windows NT 10.0; Win64; x64) AppleWebKit/537.36 (KHTML, like Gecko) Chrome/137.0.0.0 Safari/537.36 Edg/137.0.0.0"
172.16.36.181 - - [09/Jun/2025:08:08:04 +0800] "GET /manager-page/api/snapshot.php?id=32 HTTP/1.1" 200 43567 "http://192.168.60.79/manager-page/home-3.php" "Mozilla/5.0 (Windows NT 10.0; Win64; x64) AppleWebKit/537.36 (KHTML, like Gecko) Chrome/137.0.0.0 Safari/537.36 Edg/137.0.0.0"
172.16.36.181 - - [09/Jun/2025:08:08:06 +0800] "GET /manager-page/api/lp-status3.php HTTP/1.1" 200 1 "http://192.168.60.79/manager-page/home-3.php" "Mozilla/5.0 (Windows NT 10.0; Win64; x64) AppleWebKit/537.36 (KHTML, like Gecko) Chrome/137.0.0.0 Safari/537.36 Edg/137.0.0.0"
172.16.36.181 - - [09/Jun/2025:08:08:06 +0800] "GET /manager-page/api/cms-status3.php HTTP/1.1" 200 12 "http://192.168.60.79/manager-page/home-3.php" "Mozilla/5.0 (Windows NT 10.0; Win64; x64) AppleWebKit/537.36 (KHTML, like Gecko) Chrome/137.0.0.0 Safari/537.36 Edg/137.0.0.0"
172.16.36.181 - - [09/Jun/2025:08:08:10 +0800] "GET /manager-page/alarm/4-2.jpg?t=783995007 HTTP/1.1" 200 543160 "http://192.168.60.79/manager-page/home-4.php" "Mozilla/5.0 (Windows NT 10.0; Win64; x64) AppleWebKit/537.36 (KHTML, like Gecko) Chrome/137.0.0.0 Safari/537.36 Edg/137.0.0.0"
172.16.36.181 - - [09/Jun/2025:08:08:10 +0800] "GET /manager-page/alarm/4-1.jpg?t=1011023641 HTTP/1.1" 200 436474 "http://192.168.60.79/manager-page/home-4.php" "Mozilla/5.0 (Windows NT 10.0; Win64; x64) AppleWebKit/537.36 (KHTML, like Gecko) Chrome/137.0.0.0 Safari/537.36 Edg/137.0.0.0"
172.16.36.181 - - [09/Jun/2025:08:08:09 +0800] "GET /manager-page/home-4.php HTTP/1.1" 200 27483 "http://192.168.60.79/manager-page/home-3.php" "Mozilla/5.0 (Windows NT 10.0; Win64; x64) AppleWebKit/537.36 (KHTML, like Gecko) Chrome/137.0.0.0 Safari/537.36 Edg/137.0.0.0"
172.16.36.181 - - [09/Jun/2025:08:08:10 +0800] "GET /manager-page/api/snapshot.php?id=42 HTTP/1.1" 200 55027 "http://192.168.60.79/manager-page/home-4.php" "Mozilla/5.0 (Windows NT 10.0; Win64; x64) AppleWebKit/537.36 (KHTML, like Gecko) Chrome/137.0.0.0 Safari/537.36 Edg/137.0.0.0"
111.70.30.253 - - [09/Jun/2025:08:08:12 +0800] "POST /robot/lora-in.php HTTP/1.1" 200 - "-" "python-requests/2.21.0"
172.16.36.181 - - [09/Jun/2025:08:08:10 +0800] "GET /manager-page/api/snapshot.php?id=41 HTTP/1.1" 200 53893 "http://192.168.60.79/manager-page/home-4.php" "Mozilla/5.0 (Windows NT 10.0; Win64; x64) AppleWebKit/537.36 (KHTML, like Gecko) Chrome/137.0.0.0 Safari/537.36 Edg/137.0.0.0"
172.16.36.181 - - [09/Jun/2025:08:08:12 +0800] "GET /manager-page/api/cms-status4.php HTTP/1.1" 200 12 "http://192.168.60.79/manager-page/home-4.php" "Mozilla/5.0 (Windows NT 10.0; Win64; x64) AppleWebKit/537.36 (KHTML, like Gecko) Chrome/137.0.0.0 Safari/537.36 Edg/137.0.0.0"
172.16.36.181 - - [09/Jun/2025:08:08:12 +0800] "GET /manager-page/api/lp-status4.php HTTP/1.1" 200 1 "http://192.168.60.79/manager-page/home-4.php" "Mozilla/5.0 (Windows NT 10.0; Win64; x64) AppleWebKit/537.36 (KHTML, like Gecko) Chrome/137.0.0.0 Safari/537.36 Edg/137.0.0.0"
172.16.36.181 - - [09/Jun/2025:08:08:15 +0800] "GET /manager-page/alarm/1-1.jpg?t=311969853 HTTP/1.1" 200 322868 "http://192.168.60.79/manager-page/home-1.php" "Mozilla/5.0 (Windows NT 10.0; Win64; x64) AppleWebKit/537.36 (KHTML, like Gecko) Chrome/137.0.0.0 Safari/537.36 Edg/137.0.0.0"
172.16.36.181 - - [09/Jun/2025:08:08:15 +0800] "GET /manager-page/alarm/1-2.jpg?t=638524415 HTTP/1.1" 200 495492 "http://192.168.60.79/manager-page/home-1.php" "Mozilla/5.0 (Windows NT 10.0; Win64; x64) AppleWebKit/537.36 (KHTML, like Gecko) Chrome/137.0.0.0 Safari/537.36 Edg/137.0.0.0"
172.16.36.181 - - [09/Jun/2025:08:08:15 +0800] "GET /manager-page/home-1.php HTTP/1.1" 200 27473 "http://192.168.60.79/manager-page/home-4.php" "Mozilla/5.0 (Windows NT 10.0; Win64; x64) AppleWebKit/537.36 (KHTML, like Gecko) Chrome/137.0.0.0 Safari/537.36 Edg/137.0.0.0"
172.16.36.181 - - [09/Jun/2025:08:08:15 +0800] "GET /manager-page/api/snapshot.php?id=12 HTTP/1.1" 200 47491 "http://192.168.60.79/manager-page/home-1.php" "Mozilla/5.0 (Windows NT 10.0; Win64; x64) AppleWebKit/537.36 (KHTML, like Gecko) Chrome/137.0.0.0 Safari/537.36 Edg/137.0.0.0"
172.16.36.181 - - [09/Jun/2025:08:08:15 +0800] "GET /manager-page/api/snapshot.php?id=11 HTTP/1.1" 200 45363 "http://192.168.60.79/manager-page/home-1.php" "Mozilla/5.0 (Windows NT 10.0; Win64; x64) AppleWebKit/537.36 (KHTML, like Gecko) Chrome/137.0.0.0 Safari/537.36 Edg/137.0.0.0"
172.16.36.181 - - [09/Jun/2025:08:08:17 +0800] "GET /manager-page/api/lp-status1.php HTTP/1.1" 200 1 "http://192.168.60.79/manager-page/home-1.php" "Mozilla/5.0 (Windows NT 10.0; Win64; x64) AppleWebKit/537.36 (KHTML, like Gecko) Chrome/137.0.0.0 Safari/537.36 Edg/137.0.0.0"
172.16.36.181 - - [09/Jun/2025:08:08:17 +0800] "GET /manager-page/api/cms-status1.php HTTP/1.1" 200 12 "http://192.168.60.79/manager-page/home-1.php" "Mozilla/5.0 (Windows NT 10.0; Win64; x64) AppleWebKit/537.36 (KHTML, like Gecko) Chrome/137.0.0.0 Safari/537.36 Edg/137.0.0.0"
172.16.36.181 - - [09/Jun/2025:08:08:23 +0800] "GET /manager-page/api/snapshot.php?id=11&t=0.12202022780725874 HTTP/1.1" 200 45680 "http://192.168.60.79/manager-page/home-1.php" "Mozilla/5.0 (Windows NT 10.0; Win64; x64) AppleWebKit/537.36 (KHTML, like Gecko) Chrome/137.0.0.0 Safari/537.36 Edg/137.0.0.0"
172.16.36.181 - - [09/Jun/2025:08:08:23 +0800] "GET /manager-page/api/snapshot.php?id=12&t=0.0452878258493854 HTTP/1.1" 200 47518 "http://192.168.60.79/manager-page/home-1.php" "Mozilla/5.0 (Windows NT 10.0; Win64; x64) AppleWebKit/537.36 (KHTML, like Gecko) Chrome/137.0.0.0 Safari/537.36 Edg/137.0.0.0"
172.16.36.181 - - [09/Jun/2025:08:08:28 +0800] "GET /manager-page/api/snapshot.php?id=12&t=0.1548051445055172 HTTP/1.1" 200 47555 "http://192.168.60.79/manager-page/home-1.php" "Mozilla/5.0 (Windows NT 10.0; Win64; x64) AppleWebKit/537.36 (KHTML, like Gecko) Chrome/137.0.0.0 Safari/537.36 Edg/137.0.0.0"
172.16.36.181 - - [09/Jun/2025:08:08:28 +0800] "GET /manager-page/api/snapshot.php?id=11&t=0.5010585286328919 HTTP/1.1" 200 46084 "http://192.168.60.79/manager-page/home-1.php" "Mozilla/5.0 (Windows NT 10.0; Win64; x64) AppleWebKit/537.36 (KHTML, like Gecko) Chrome/137.0.0.0 Safari/537.36 Edg/137.0.0.0"
172.16.36.181 - - [09/Jun/2025:08:08:33 +0800] "GET /manager-page/api/snapshot.php?id=12&t=0.5944087274091336 HTTP/1.1" 200 47196 "http://192.168.60.79/manager-page/home-1.php" "Mozilla/5.0 (Windows NT 10.0; Win64; x64) AppleWebKit/537.36 (KHTML, like Gecko) Chrome/137.0.0.0 Safari/537.36 Edg/137.0.0.0"
172.16.36.181 - - [09/Jun/2025:08:08:33 +0800] "GET /manager-page/api/snapshot.php?id=11&t=0.4447746082314278 HTTP/1.1" 200 45538 "http://192.168.60.79/manager-page/home-1.php" "Mozilla/5.0 (Windows NT 10.0; Win64; x64) AppleWebKit/537.36 (KHTML, like Gecko) Chrome/137.0.0.0 Safari/537.36 Edg/137.0.0.0"
172.16.36.181 - - [09/Jun/2025:08:08:38 +0800] "GET /manager-page/api/snapshot.php?id=11&t=0.7047683436473046 HTTP/1.1" 200 45558 "http://192.168.60.79/manager-page/home-1.php" "Mozilla/5.0 (Windows NT 10.0; Win64; x64) AppleWebKit/537.36 (KHTML, like Gecko) Chrome/137.0.0.0 Safari/537.36 Edg/137.0.0.0"
172.16.36.181 - - [09/Jun/2025:08:08:38 +0800] "GET /manager-page/api/snapshot.php?id=12&t=0.7726946964682992 HTTP/1.1" 200 47272 "http://192.168.60.79/manager-page/home-1.php" "Mozilla/5.0 (Windows NT 10.0; Win64; x64) AppleWebKit/537.36 (KHTML, like Gecko) Chrome/137.0.0.0 Safari/537.36 Edg/137.0.0.0"
172.16.36.181 - - [09/Jun/2025:08:08:43 +0800] "GET /manager-page/api/snapshot.php?id=12&t=0.40504792132213874 HTTP/1.1" 200 47295 "http://192.168.60.79/manager-page/home-1.php" "Mozilla/5.0 (Windows NT 10.0; Win64; x64) AppleWebKit/537.36 (KHTML, like Gecko) Chrome/137.0.0.0 Safari/537.36 Edg/137.0.0.0"
172.16.36.181 - - [09/Jun/2025:08:08:43 +0800] "GET /manager-page/api/snapshot.php?id=11&t=0.6007747540288928 HTTP/1.1" 200 45643 "http://192.168.60.79/manager-page/home-1.php" "Mozilla/5.0 (Windows NT 10.0; Win64; x64) AppleWebKit/537.36 (KHTML, like Gecko) Chrome/137.0.0.0 Safari/537.36 Edg/137.0.0.0"
172.16.36.181 - - [09/Jun/2025:08:08:48 +0800] "GET /manager-page/api/snapshot.php?id=11&t=0.1546594919252242 HTTP/1.1" 200 45640 "http://192.168.60.79/manager-page/home-1.php" "Mozilla/5.0 (Windows NT 10.0; Win64; x64) AppleWebKit/537.36 (KHTML, like Gecko) Chrome/137.0.0.0 Safari/537.36 Edg/137.0.0.0"
172.16.36.181 - - [09/Jun/2025:08:08:48 +0800] "GET /manager-page/api/snapshot.php?id=12&t=0.8869757220200867 HTTP/1.1" 200 47303 "http://192.168.60.79/manager-page/home-1.php" "Mozilla/5.0 (Windows NT 10.0; Win64; x64) AppleWebKit/537.36 (KHTML, like Gecko) Chrome/137.0.0.0 Safari/537.36 Edg/137.0.0.0"
172.16.36.181 - - [09/Jun/2025:08:08:53 +0800] "GET /manager-page/api/snapshot.php?id=11&t=0.9802832894287046 HTTP/1.1" 200 45757 "http://192.168.60.79/manager-page/home-1.php" "Mozilla/5.0 (Windows NT 10.0; Win64; x64) AppleWebKit/537.36 (KHTML, like Gecko) Chrome/137.0.0.0 Safari/537.36 Edg/137.0.0.0"
172.16.36.181 - - [09/Jun/2025:08:08:53 +0800] "GET /manager-page/api/snapshot.php?id=12&t=0.9014534946302606 HTTP/1.1" 200 47188 "http://192.168.60.79/manager-page/home-1.php" "Mozilla/5.0 (Windows NT 10.0; Win64; x64) AppleWebKit/537.36 (KHTML, like Gecko) Chrome/137.0.0.0 Safari/537.36 Edg/137.0.0.0"
172.16.36.181 - - [09/Jun/2025:08:08:58 +0800] "GET /manager-page/api/snapshot.php?id=12&t=0.8351728886281488 HTTP/1.1" 200 47429 "http://192.168.60.79/manager-page/home-1.php" "Mozilla/5.0 (Windows NT 10.0; Win64; x64) AppleWebKit/537.36 (KHTML, like Gecko) Chrome/137.0.0.0 Safari/537.36 Edg/137.0.0.0"
172.16.36.181 - - [09/Jun/2025:08:08:58 +0800] "GET /manager-page/api/snapshot.php?id=11&t=0.7914528654270473 HTTP/1.1" 200 47487 "http://192.168.60.79/manager-page/home-1.php" "Mozilla/5.0 (Windows NT 10.0; Win64; x64) AppleWebKit/537.36 (KHTML, like Gecko) Chrome/137.0.0.0 Safari/537.36 Edg/137.0.0.0"
127.0.0.1 - - [09/Jun/2025:08:09:00 +0800] "GET /robot/alarm-history-in.php HTTP/1.1" 200 - "-" "python-requests/2.28.1"
172.16.36.181 - - [09/Jun/2025:08:09:03 +0800] "GET /manager-page/api/snapshot.php?id=12&t=0.6933047817696499 HTTP/1.1" 200 47494 "http://192.168.60.79/manager-page/home-1.php" "Mozilla/5.0 (Windows NT 10.0; Win64; x64) AppleWebKit/537.36 (KHTML, like Gecko) Chrome/137.0.0.0 Safari/537.36 Edg/137.0.0.0"
172.16.36.181 - - [09/Jun/2025:08:09:03 +0800] "GET /manager-page/api/snapshot.php?id=11&t=0.42724447793204334 HTTP/1.1" 200 45838 "http://192.168.60.79/manager-page/home-1.php" "Mozilla/5.0 (Windows NT 10.0; Win64; x64) AppleWebKit/537.36 (KHTML, like Gecko) Chrome/137.0.0.0 Safari/537.36 Edg/137.0.0.0"
172.16.36.181 - - [09/Jun/2025:08:09:08 +0800] "GET /manager-page/api/snapshot.php?id=11&t=0.05108270849478491 HTTP/1.1" 200 45722 "http://192.168.60.79/manager-page/home-1.php" "Mozilla/5.0 (Windows NT 10.0; Win64; x64) AppleWebKit/537.36 (KHTML, like Gecko) Chrome/137.0.0.0 Safari/537.36 Edg/137.0.0.0"
172.16.36.181 - - [09/Jun/2025:08:09:08 +0800] "GET /manager-page/api/snapshot.php?id=12&t=0.8579861408998772 HTTP/1.1" 200 47509 "http://192.168.60.79/manager-page/home-1.php" "Mozilla/5.0 (Windows NT 10.0; Win64; x64) AppleWebKit/537.36 (KHTML, like Gecko) Chrome/137.0.0.0 Safari/537.36 Edg/137.0.0.0"
172.16.36.181 - - [09/Jun/2025:08:09:13 +0800] "GET /manager-page/api/snapshot.php?id=12&t=0.12912458512806424 HTTP/1.1" 200 47533 "http://192.168.60.79/manager-page/home-1.php" "Mozilla/5.0 (Windows NT 10.0; Win64; x64) AppleWebKit/537.36 (KHTML, like Gecko) Chrome/137.0.0.0 Safari/537.36 Edg/137.0.0.0"
172.16.36.181 - - [09/Jun/2025:08:09:13 +0800] "GET /manager-page/api/snapshot.php?id=11&t=0.4910412631064768 HTTP/1.1" 200 45726 "http://192.168.60.79/manager-page/home-1.php" "Mozilla/5.0 (Windows NT 10.0; Win64; x64) AppleWebKit/537.36 (KHTML, like Gecko) Chrome/137.0.0.0 Safari/537.36 Edg/137.0.0.0"
172.16.36.181 - - [09/Jun/2025:08:09:18 +0800] "GET /manager-page/api/snapshot.php?id=12&t=0.7096488412168716 HTTP/1.1" 200 47593 "http://192.168.60.79/manager-page/home-1.php" "Mozilla/5.0 (Windows NT 10.0; Win64; x64) AppleWebKit/537.36 (KHTML, like Gecko) Chrome/137.0.0.0 Safari/537.36 Edg/137.0.0.0"
172.16.36.181 - - [09/Jun/2025:08:09:18 +0800] "GET /manager-page/api/snapshot.php?id=11&t=0.40210321279798555 HTTP/1.1" 200 45722 "http://192.168.60.79/manager-page/home-1.php" "Mozilla/5.0 (Windows NT 10.0; Win64; x64) AppleWebKit/537.36 (KHTML, like Gecko) Chrome/137.0.0.0 Safari/537.36 Edg/137.0.0.0"
172.16.36.181 - - [09/Jun/2025:08:09:53 +0800] "GET /manager-page/api/snapshot.php?id=12&t=0.5066271753388889 HTTP/1.1" 200 47809 "http://192.168.60.79/manager-page/home-1.php" "Mozilla/5.0 (Windows NT 10.0; Win64; x64) AppleWebKit/537.36 (KHTML, like Gecko) Chrome/137.0.0.0 Safari/537.36 Edg/137.0.0.0"
172.16.36.181 - - [09/Jun/2025:08:09:53 +0800] "GET /manager-page/api/snapshot.php?id=11&t=0.9480865159677188 HTTP/1.1" 200 46080 "http://192.168.60.79/manager-page/home-1.php" "Mozilla/5.0 (Windows NT 10.0; Win64; x64) AppleWebKit/537.36 (KHTML, like Gecko) Chrome/137.0.0.0 Safari/537.36 Edg/137.0.0.0"
111.70.30.251 - - [09/Jun/2025:08:09:58 +0800] "POST /robot/lora-in.php HTTP/1.1" 200 - "-" "python-requests/2.21.0"
127.0.0.1 - - [09/Jun/2025:08:10:00 +0800] "GET /robot/alarm-history-in.php HTTP/1.1" 200 - "-" "python-requests/2.28.1"
111.70.30.252 - - [09/Jun/2025:08:10:05 +0800] "POST /robot/lora-in.php HTTP/1.1" 200 - "-" "python-requests/2.21.0"
172.16.36.181 - - [09/Jun/2025:08:10:53 +0800] "GET /manager-page/api/snapshot.php?id=11&t=0.12294118688207833 HTTP/1.1" 200 46263 "http://192.168.60.79/manager-page/home-1.php" "Mozilla/5.0 (Windows NT 10.0; Win64; x64) AppleWebKit/537.36 (KHTML, like Gecko) Chrome/137.0.0.0 Safari/537.36 Edg/137.0.0.0"
172.16.36.181 - - [09/Jun/2025:08:10:53 +0800] "GET /manager-page/api/snapshot.php?id=12&t=0.7545605152298303 HTTP/1.1" 200 47976 "http://192.168.60.79/manager-page/home-1.php" "Mozilla/5.0 (Windows NT 10.0; Win64; x64) AppleWebKit/537.36 (KHTML, like Gecko) Chrome/137.0.0.0 Safari/537.36 Edg/137.0.0.0"
127.0.0.1 - - [09/Jun/2025:08:11:00 +0800] "GET /robot/alarm-history-in.php HTTP/1.1" 200 - "-" "python-requests/2.28.1"
111.70.30.250 - - [09/Jun/2025:08:11:43 +0800] "POST /robot/lora-in.php HTTP/1.1" 200 - "-" "python-requests/2.21.0"
172.16.36.181 - - [09/Jun/2025:08:11:53 +0800] "GET /manager-page/api/snapshot.php?id=12&t=0.5494111696405108 HTTP/1.1" 200 49410 "http://192.168.60.79/manager-page/home-1.php" "Mozilla/5.0 (Windows NT 10.0; Win64; x64) AppleWebKit/537.36 (KHTML, like Gecko) Chrome/137.0.0.0 Safari/537.36 Edg/137.0.0.0"
172.16.36.181 - - [09/Jun/2025:08:11:53 +0800] "GET /manager-page/api/snapshot.php?id=11&t=0.6380618200848397 HTTP/1.1" 200 46469 "http://192.168.60.79/manager-page/home-1.php" "Mozilla/5.0 (Windows NT 10.0; Win64; x64) AppleWebKit/537.36 (KHTML, like Gecko) Chrome/137.0.0.0 Safari/537.36 Edg/137.0.0.0"
127.0.0.1 - - [09/Jun/2025:08:12:00 +0800] "GET /robot/alarm-history-in.php HTTP/1.1" 200 - "-" "python-requests/2.28.1"
172.16.36.181 - - [09/Jun/2025:08:12:53 +0800] "GET /manager-page/api/snapshot.php?id=12&t=0.016680293344962238 HTTP/1.1" 200 48334 "http://192.168.60.79/manager-page/home-1.php" "Mozilla/5.0 (Windows NT 10.0; Win64; x64) AppleWebKit/537.36 (KHTML, like Gecko) Chrome/137.0.0.0 Safari/537.36 Edg/137.0.0.0"
172.16.36.181 - - [09/Jun/2025:08:12:53 +0800] "GET /manager-page/api/snapshot.php?id=11&t=0.975843886929861 HTTP/1.1" 200 46687 "http://192.168.60.79/manager-page/home-1.php" "Mozilla/5.0 (Windows NT 10.0; Win64; x64) AppleWebKit/537.36 (KHTML, like Gecko) Chrome/137.0.0.0 Safari/537.36 Edg/137.0.0.0"
127.0.0.1 - - [09/Jun/2025:08:13:00 +0800] "GET /robot/alarm-history-in.php HTTP/1.1" 200 - "-" "python-requests/2.28.1"
127.0.0.1 - - [09/Jun/2025:08:13:17 +0800] "GET /get-setting.json HTTP/1.1" 200 2314 "-" "python-requests/2.31.0"
127.0.0.1 - - [09/Jun/2025:08:13:17 +0800] "POST /robot/lora-in.php HTTP/1.1" 200 - "-" "python-requests/2.31.0"
127.0.0.1 - - [09/Jun/2025:08:13:21 +0800] "POST /robot/lora-in.php HTTP/1.1" 200 - "-" "python-requests/2.31.0"
127.0.0.1 - - [09/Jun/2025:08:13:31 +0800] "POST /robot/lora-in.php HTTP/1.1" 200 - "-" "python-requests/2.31.0"
127.0.0.1 - - [09/Jun/2025:08:13:36 +0800] "POST /robot/lora-in.php HTTP/1.1" 200 - "-" "python-requests/2.31.0"
127.0.0.1 - - [09/Jun/2025:08:13:43 +0800] "POST /robot/lora-in.php HTTP/1.1" 200 - "-" "python-requests/2.31.0"
127.0.0.1 - - [09/Jun/2025:08:13:45 +0800] "POST /robot/lora-in.php HTTP/1.1" 200 - "-" "python-requests/2.31.0"
127.0.0.1 - - [09/Jun/2025:08:13:47 +0800] "POST /robot/lora-in.php HTTP/1.1" 200 - "-" "python-requests/2.31.0"
127.0.0.1 - - [09/Jun/2025:08:13:49 +0800] "POST /robot/lora-in.php HTTP/1.1" 200 - "-" "python-requests/2.31.0"
172.16.36.181 - - [09/Jun/2025:08:13:53 +0800] "GET /manager-page/api/snapshot.php?id=11&t=0.686011591016304 HTTP/1.1" 200 46874 "http://192.168.60.79/manager-page/home-1.php" "Mozilla/5.0 (Windows NT 10.0; Win64; x64) AppleWebKit/537.36 (KHTML, like Gecko) Chrome/137.0.0.0 Safari/537.36 Edg/137.0.0.0"
172.16.36.181 - - [09/Jun/2025:08:13:53 +0800] "GET /manager-page/api/snapshot.php?id=12&t=0.7197705598553884 HTTP/1.1" 200 48527 "http://192.168.60.79/manager-page/home-1.php" "Mozilla/5.0 (Windows NT 10.0; Win64; x64) AppleWebKit/537.36 (KHTML, like Gecko) Chrome/137.0.0.0 Safari/537.36 Edg/137.0.0.0"
127.0.0.1 - - [09/Jun/2025:08:14:00 +0800] "GET /robot/alarm-history-in.php HTTP/1.1" 200 - "-" "python-requests/2.28.1"
127.0.0.1 - - [09/Jun/2025:08:14:19 +0800] "POST /robot/et-7026-in.php HTTP/1.1" 200 - "-" "python-requests/2.32.2"
172.16.36.181 - - [09/Jun/2025:08:14:53 +0800] "GET /manager-page/api/snapshot.php?id=11&t=0.7196120842798032 HTTP/1.1" 200 46840 "http://192.168.60.79/manager-page/home-1.php" "Mozilla/5.0 (Windows NT 10.0; Win64; x64) AppleWebKit/537.36 (KHTML, like Gecko) Chrome/137.0.0.0 Safari/537.36 Edg/137.0.0.0"
172.16.36.181 - - [09/Jun/2025:08:14:53 +0800] "GET /manager-page/api/snapshot.php?id=12&t=0.9170800348499365 HTTP/1.1" 200 48344 "http://192.168.60.79/manager-page/home-1.php" "Mozilla/5.0 (Windows NT 10.0; Win64; x64) AppleWebKit/537.36 (KHTML, like Gecko) Chrome/137.0.0.0 Safari/537.36 Edg/137.0.0.0"
127.0.0.1 - - [09/Jun/2025:08:14:55 +0800] "POST /robot/et-7026-in.php HTTP/1.1" 200 - "-" "python-requests/2.32.2"
127.0.0.1 - - [09/Jun/2025:08:15:00 +0800] "GET /robot/alarm-history-in.php HTTP/1.1" 200 - "-" "python-requests/2.28.1"
127.0.0.1 - - [09/Jun/2025:08:15:04 +0800] "POST /robot/et-7026-in.php HTTP/1.1" 200 - "-" "python-requests/2.32.2"
127.0.0.1 - - [09/Jun/2025:08:15:14 +0800] "POST /robot/et-7026-in.php HTTP/1.1" 200 - "-" "python-requests/2.32.2"
172.16.36.181 - - [09/Jun/2025:08:15:53 +0800] "GET /manager-page/api/snapshot.php?id=11&t=0.12613123036809637 HTTP/1.1" 200 46997 "http://192.168.60.79/manager-page/home-1.php" "Mozilla/5.0 (Windows NT 10.0; Win64; x64) AppleWebKit/537.36 (KHTML, like Gecko) Chrome/137.0.0.0 Safari/537.36 Edg/137.0.0.0"
172.16.36.181 - - [09/Jun/2025:08:15:53 +0800] "GET /manager-page/api/snapshot.php?id=12&t=0.9122116728853074 HTTP/1.1" 200 48344 "http://192.168.60.79/manager-page/home-1.php" "Mozilla/5.0 (Windows NT 10.0; Win64; x64) AppleWebKit/537.36 (KHTML, like Gecko) Chrome/137.0.0.0 Safari/537.36 Edg/137.0.0.0"
127.0.0.1 - - [09/Jun/2025:08:16:00 +0800] "GET /robot/alarm-history-in.php HTTP/1.1" 200 - "-" "python-requests/2.28.1"
172.16.36.181 - - [09/Jun/2025:08:16:53 +0800] "GET /manager-page/api/snapshot.php?id=11&t=0.8421170852817443 HTTP/1.1" 200 47141 "http://192.168.60.79/manager-page/home-1.php" "Mozilla/5.0 (Windows NT 10.0; Win64; x64) AppleWebKit/537.36 (KHTML, like Gecko) Chrome/137.0.0.0 Safari/537.36 Edg/137.0.0.0"
172.16.36.181 - - [09/Jun/2025:08:16:53 +0800] "GET /manager-page/api/snapshot.php?id=12&t=0.6814025120733219 HTTP/1.1" 200 48422 "http://192.168.60.79/manager-page/home-1.php" "Mozilla/5.0 (Windows NT 10.0; Win64; x64) AppleWebKit/537.36 (KHTML, like Gecko) Chrome/137.0.0.0 Safari/537.36 Edg/137.0.0.0"
111.70.30.253 - - [09/Jun/2025:08:16:57 +0800] "POST /robot/lora-in.php HTTP/1.1" 200 - "-" "python-requests/2.21.0"
127.0.0.1 - - [09/Jun/2025:08:17:00 +0800] "GET /robot/alarm-history-in.php HTTP/1.1" 200 - "-" "python-requests/2.28.1"
172.16.36.181 - - [09/Jun/2025:08:17:53 +0800] "GET /manager-page/api/snapshot.php?id=12&t=0.8790196346454735 HTTP/1.1" 200 48451 "http://192.168.60.79/manager-page/home-1.php" "Mozilla/5.0 (Windows NT 10.0; Win64; x64) AppleWebKit/537.36 (KHTML, like Gecko) Chrome/137.0.0.0 Safari/537.36 Edg/137.0.0.0"
172.16.36.181 - - [09/Jun/2025:08:17:53 +0800] "GET /manager-page/api/snapshot.php?id=11&t=0.4252226451640263 HTTP/1.1" 200 47185 "http://192.168.60.79/manager-page/home-1.php" "Mozilla/5.0 (Windows NT 10.0; Win64; x64) AppleWebKit/537.36 (KHTML, like Gecko) Chrome/137.0.0.0 Safari/537.36 Edg/137.0.0.0"
127.0.0.1 - - [09/Jun/2025:08:18:00 +0800] "GET /robot/alarm-history-in.php HTTP/1.1" 200 - "-" "python-requests/2.28.1"
111.70.30.251 - - [09/Jun/2025:08:18:33 +0800] "POST /robot/lora-in.php HTTP/1.1" 200 - "-" "python-requests/2.21.0"
172.16.36.181 - - [09/Jun/2025:08:18:53 +0800] "GET /manager-page/api/snapshot.php?id=12&t=0.44903865161491285 HTTP/1.1" 200 48499 "http://192.168.60.79/manager-page/home-1.php" "Mozilla/5.0 (Windows NT 10.0; Win64; x64) AppleWebKit/537.36 (KHTML, like Gecko) Chrome/137.0.0.0 Safari/537.36 Edg/137.0.0.0"
172.16.36.181 - - [09/Jun/2025:08:18:53 +0800] "GET /manager-page/api/snapshot.php?id=11&t=0.6654472535129582 HTTP/1.1" 200 47435 "http://192.168.60.79/manager-page/home-1.php" "Mozilla/5.0 (Windows NT 10.0; Win64; x64) AppleWebKit/537.36 (KHTML, like Gecko) Chrome/137.0.0.0 Safari/537.36 Edg/137.0.0.0"
127.0.0.1 - - [09/Jun/2025:08:19:00 +0800] "GET /robot/alarm-history-in.php HTTP/1.1" 200 - "-" "python-requests/2.28.1"
111.70.30.252 - - [09/Jun/2025:08:19:13 +0800] "POST /robot/lora-in.php HTTP/1.1" 200 - "-" "python-requests/2.21.0"
172.16.36.181 - - [09/Jun/2025:08:19:53 +0800] "GET /manager-page/api/snapshot.php?id=12&t=0.5973972521340399 HTTP/1.1" 200 49320 "http://192.168.60.79/manager-page/home-1.php" "Mozilla/5.0 (Windows NT 10.0; Win64; x64) AppleWebKit/537.36 (KHTML, like Gecko) Chrome/137.0.0.0 Safari/537.36 Edg/137.0.0.0"
172.16.36.181 - - [09/Jun/2025:08:19:53 +0800] "GET /manager-page/api/snapshot.php?id=11&t=0.704257062120964 HTTP/1.1" 200 47362 "http://192.168.60.79/manager-page/home-1.php" "Mozilla/5.0 (Windows NT 10.0; Win64; x64) AppleWebKit/537.36 (KHTML, like Gecko) Chrome/137.0.0.0 Safari/537.36 Edg/137.0.0.0"
127.0.0.1 - - [09/Jun/2025:08:20:00 +0800] "GET /robot/alarm-history-in.php HTTP/1.1" 200 - "-" "python-requests/2.28.1"
