127.0.0.1 - - [22/Aug/2025:07:59:46 +0800] "POST /robot/lora-in.php HTTP/1.1" 200 - "-" "python-requests/2.31.0"
127.0.0.1 - - [22/Aug/2025:08:00:00 +0800] "GET /robot/alarm-history-in.php HTTP/1.1" 200 - "-" "python-requests/2.28.1"
111.70.30.250 - - [22/Aug/2025:08:00:10 +0800] "POST /robot/lora-in.php HTTP/1.1" 200 - "-" "python-requests/2.21.0"
127.0.0.1 - - [22/Aug/2025:08:00:05 +0800] "POST /robot/lora-in.php HTTP/1.1" 200 - "-" "python-requests/2.31.0"
127.0.0.1 - - [22/Aug/2025:08:00:00 +0800] "GET /manager-page/daily/send.php HTTP/1.1" 200 - "-" "python-requests/2.28.1"
127.0.0.1 - - [22/Aug/2025:08:00:13 +0800] "POST /robot/lora-in.php HTTP/1.1" 200 - "-" "python-requests/2.31.0"
127.0.0.1 - - [22/Aug/2025:08:00:24 +0800] "POST /robot/lora-in.php HTTP/1.1" 200 - "-" "python-requests/2.31.0"
127.0.0.1 - - [22/Aug/2025:08:00:00 +0800] "GET /manager-page/daily/send2.php HTTP/1.1" 200 - "-" "python-requests/2.28.1"
127.0.0.1 - - [22/Aug/2025:08:01:00 +0800] "GET /robot/alarm-history-in.php HTTP/1.1" 200 - "-" "python-requests/2.28.1"
111.70.30.252 - - [22/Aug/2025:08:01:56 +0800] "POST /robot/lora-in.php HTTP/1.1" 200 - "-" "python-requests/2.21.0"
127.0.0.1 - - [22/Aug/2025:08:02:00 +0800] "GET /robot/alarm-history-in.php HTTP/1.1" 200 - "-" "python-requests/2.28.1"
127.0.0.1 - - [22/Aug/2025:08:03:00 +0800] "GET /robot/alarm-history-in.php HTTP/1.1" 200 - "-" "python-requests/2.28.1"
127.0.0.1 - - [22/Aug/2025:08:03:22 +0800] "POST /robot/et-7026-in.php HTTP/1.1" 200 - "-" "python-requests/2.32.2"
127.0.0.1 - - [22/Aug/2025:08:04:00 +0800] "GET /robot/alarm-history-in.php HTTP/1.1" 200 - "-" "python-requests/2.28.1"
127.0.0.1 - - [22/Aug/2025:08:05:00 +0800] "GET /robot/alarm-history-in.php HTTP/1.1" 200 - "-" "python-requests/2.28.1"
127.0.0.1 - - [22/Aug/2025:08:06:00 +0800] "GET /robot/alarm-history-in.php HTTP/1.1" 200 - "-" "python-requests/2.28.1"
111.70.30.251 - - [22/Aug/2025:08:05:52 +0800] "POST /robot/lora-in.php HTTP/1.1" 200 - "-" "python-requests/2.21.0"
111.70.30.253 - - [22/Aug/2025:08:06:45 +0800] "POST /robot/lora-in.php HTTP/1.1" 200 - "-" "python-requests/2.21.0"
127.0.0.1 - - [22/Aug/2025:08:07:00 +0800] "GET /robot/alarm-history-in.php HTTP/1.1" 200 - "-" "python-requests/2.28.1"
127.0.0.1 - - [22/Aug/2025:08:08:00 +0800] "GET /robot/alarm-history-in.php HTTP/1.1" 200 - "-" "python-requests/2.28.1"
127.0.0.1 - - [22/Aug/2025:08:08:14 +0800] "POST /robot/et-7026-in.php HTTP/1.1" 200 - "-" "python-requests/2.32.2"
127.0.0.1 - - [22/Aug/2025:08:08:31 +0800] "POST /robot/et-7026-in.php HTTP/1.1" 200 - "-" "python-requests/2.32.2"
127.0.0.1 - - [22/Aug/2025:08:08:39 +0800] "GET /get-setting.json HTTP/1.1" 200 2314 "-" "python-requests/2.31.0"
111.70.30.250 - - [22/Aug/2025:08:08:45 +0800] "POST /robot/lora-in.php HTTP/1.1" 200 - "-" "python-requests/2.21.0"
127.0.0.1 - - [22/Aug/2025:08:09:00 +0800] "GET /robot/alarm-history-in.php HTTP/1.1" 200 - "-" "python-requests/2.28.1"
127.0.0.1 - - [22/Aug/2025:08:08:39 +0800] "POST /robot/lora-in.php HTTP/1.1" 200 - "-" "python-requests/2.31.0"
127.0.0.1 - - [22/Aug/2025:08:09:00 +0800] "POST /robot/lora-in.php HTTP/1.1" 200 - "-" "python-requests/2.31.0"
127.0.0.1 - - [22/Aug/2025:08:09:34 +0800] "POST /robot/et-7026-in.php HTTP/1.1" 200 - "-" "python-requests/2.32.2"
127.0.0.1 - - [22/Aug/2025:08:09:18 +0800] "POST /robot/lora-in.php HTTP/1.1" 200 - "-" "python-requests/2.31.0"
127.0.0.1 - - [22/Aug/2025:08:10:00 +0800] "GET /robot/alarm-history-in.php HTTP/1.1" 200 - "-" "python-requests/2.28.1"
127.0.0.1 - - [22/Aug/2025:08:09:38 +0800] "POST /robot/lora-in.php HTTP/1.1" 200 - "-" "python-requests/2.31.0"
127.0.0.1 - - [22/Aug/2025:08:09:58 +0800] "POST /robot/lora-in.php HTTP/1.1" 200 - "-" "python-requests/2.31.0"
127.0.0.1 - - [22/Aug/2025:08:10:18 +0800] "POST /robot/lora-in.php HTTP/1.1" 200 - "-" "python-requests/2.31.0"
127.0.0.1 - - [22/Aug/2025:08:10:30 +0800] "POST /robot/lora-in.php HTTP/1.1" 200 - "-" "python-requests/2.31.0"
127.0.0.1 - - [22/Aug/2025:08:10:42 +0800] "POST /robot/lora-in.php HTTP/1.1" 200 - "-" "python-requests/2.31.0"
127.0.0.1 - - [22/Aug/2025:08:11:00 +0800] "GET /robot/alarm-history-in.php HTTP/1.1" 200 - "-" "python-requests/2.28.1"
111.70.30.252 - - [22/Aug/2025:08:11:06 +0800] "POST /robot/lora-in.php HTTP/1.1" 200 - "-" "python-requests/2.21.0"
127.0.0.1 - - [22/Aug/2025:08:12:00 +0800] "GET /robot/alarm-history-in.php HTTP/1.1" 200 - "-" "python-requests/2.28.1"
127.0.0.1 - - [22/Aug/2025:08:13:00 +0800] "GET /robot/alarm-history-in.php HTTP/1.1" 200 - "-" "python-requests/2.28.1"
127.0.0.1 - - [22/Aug/2025:08:13:22 +0800] "POST /robot/et-7026-in.php HTTP/1.1" 200 - "-" "python-requests/2.32.2"
127.0.0.1 - - [22/Aug/2025:08:14:00 +0800] "GET /robot/alarm-history-in.php HTTP/1.1" 200 - "-" "python-requests/2.28.1"
111.70.30.251 - - [22/Aug/2025:08:14:28 +0800] "POST /robot/lora-in.php HTTP/1.1" 200 - "-" "python-requests/2.21.0"
127.0.0.1 - - [22/Aug/2025:08:15:00 +0800] "GET /robot/alarm-history-in.php HTTP/1.1" 200 - "-" "python-requests/2.28.1"
111.70.30.253 - - [22/Aug/2025:08:15:30 +0800] "POST /robot/lora-in.php HTTP/1.1" 200 - "-" "python-requests/2.21.0"
127.0.0.1 - - [22/Aug/2025:08:16:00 +0800] "GET /robot/alarm-history-in.php HTTP/1.1" 200 - "-" "python-requests/2.28.1"
127.0.0.1 - - [22/Aug/2025:08:17:00 +0800] "GET /robot/alarm-history-in.php HTTP/1.1" 200 - "-" "python-requests/2.28.1"
111.70.30.250 - - [22/Aug/2025:08:17:19 +0800] "POST /robot/lora-in.php HTTP/1.1" 200 - "-" "python-requests/2.21.0"
127.0.0.1 - - [22/Aug/2025:08:18:00 +0800] "GET /robot/alarm-history-in.php HTTP/1.1" 200 - "-" "python-requests/2.28.1"
127.0.0.1 - - [22/Aug/2025:08:18:16 +0800] "POST /robot/et-7026-in.php HTTP/1.1" 200 - "-" "python-requests/2.32.2"
127.0.0.1 - - [22/Aug/2025:08:18:39 +0800] "GET /get-setting.json HTTP/1.1" 200 2314 "-" "python-requests/2.31.0"
127.0.0.1 - - [22/Aug/2025:08:18:32 +0800] "POST /robot/et-7026-in.php HTTP/1.1" 200 - "-" "python-requests/2.32.2"
127.0.0.1 - - [22/Aug/2025:08:19:00 +0800] "GET /robot/alarm-history-in.php HTTP/1.1" 200 - "-" "python-requests/2.28.1"
127.0.0.1 - - [22/Aug/2025:08:18:49 +0800] "POST /robot/lora-in.php HTTP/1.1" 200 - "-" "python-requests/2.31.0"
127.0.0.1 - - [22/Aug/2025:08:19:14 +0800] "POST /robot/lora-in.php HTTP/1.1" 200 - "-" "python-requests/2.31.0"
127.0.0.1 - - [22/Aug/2025:08:19:31 +0800] "POST /robot/lora-in.php HTTP/1.1" 200 - "-" "python-requests/2.31.0"
127.0.0.1 - - [22/Aug/2025:08:19:35 +0800] "POST /robot/et-7026-in.php HTTP/1.1" 200 - "-" "python-requests/2.32.2"
127.0.0.1 - - [22/Aug/2025:08:19:37 +0800] "POST /robot/lora-in.php HTTP/1.1" 200 - "-" "python-requests/2.31.0"
127.0.0.1 - - [22/Aug/2025:08:19:39 +0800] "POST /robot/lora-in.php HTTP/1.1" 200 - "-" "python-requests/2.31.0"
127.0.0.1 - - [22/Aug/2025:08:20:01 +0800] "POST /robot/lora-in.php HTTP/1.1" 200 - "-" "python-requests/2.31.0"
127.0.0.1 - - [22/Aug/2025:08:20:00 +0800] "GET /robot/alarm-history-in.php HTTP/1.1" 200 - "-" "python-requests/2.28.1"
127.0.0.1 - - [22/Aug/2025:08:20:12 +0800] "POST /robot/lora-in.php HTTP/1.1" 200 - "-" "python-requests/2.31.0"
111.70.30.252 - - [22/Aug/2025:08:20:14 +0800] "POST /robot/lora-in.php HTTP/1.1" 200 - "-" "python-requests/2.21.0"
127.0.0.1 - - [22/Aug/2025:08:20:24 +0800] "POST /robot/lora-in.php HTTP/1.1" 200 - "-" "python-requests/2.31.0"
127.0.0.1 - - [22/Aug/2025:08:21:00 +0800] "GET /robot/alarm-history-in.php HTTP/1.1" 200 - "-" "python-requests/2.28.1"
127.0.0.1 - - [22/Aug/2025:08:22:00 +0800] "GET /robot/alarm-history-in.php HTTP/1.1" 200 - "-" "python-requests/2.28.1"
127.0.0.1 - - [22/Aug/2025:08:23:00 +0800] "GET /robot/alarm-history-in.php HTTP/1.1" 200 - "-" "python-requests/2.28.1"
111.70.30.251 - - [22/Aug/2025:08:23:05 +0800] "POST /robot/lora-in.php HTTP/1.1" 200 - "-" "python-requests/2.21.0"
127.0.0.1 - - [22/Aug/2025:08:23:23 +0800] "POST /robot/et-7026-in.php HTTP/1.1" 200 - "-" "python-requests/2.32.2"
127.0.0.1 - - [22/Aug/2025:08:24:00 +0800] "GET /robot/alarm-history-in.php HTTP/1.1" 200 - "-" "python-requests/2.28.1"
111.70.30.253 - - [22/Aug/2025:08:24:14 +0800] "POST /robot/lora-in.php HTTP/1.1" 200 - "-" "python-requests/2.21.0"
127.0.0.1 - - [22/Aug/2025:08:25:00 +0800] "GET /robot/alarm-history-in.php HTTP/1.1" 200 - "-" "python-requests/2.28.1"
111.70.30.250 - - [22/Aug/2025:08:25:57 +0800] "POST /robot/lora-in.php HTTP/1.1" 200 - "-" "python-requests/2.21.0"
127.0.0.1 - - [22/Aug/2025:08:26:00 +0800] "GET /robot/alarm-history-in.php HTTP/1.1" 200 - "-" "python-requests/2.28.1"
127.0.0.1 - - [22/Aug/2025:08:27:00 +0800] "GET /robot/alarm-history-in.php HTTP/1.1" 200 - "-" "python-requests/2.28.1"
172.16.36.181 - - [22/Aug/2025:08:27:46 +0800] "GET /manager-page/home-3.php HTTP/1.1" 302 - "-" "Mozilla/5.0 (Windows NT 10.0; Win64; x64) AppleWebKit/537.36 (KHTML, like Gecko) Chrome/139.0.0.0 Safari/537.36 Edg/139.0.0.0"
172.16.36.181 - - [22/Aug/2025:08:27:52 +0800] "GET /manager-page/login.php HTTP/1.1" 200 2365 "-" "Mozilla/5.0 (Windows NT 10.0; Win64; x64) AppleWebKit/537.36 (KHTML, like Gecko) Chrome/139.0.0.0 Safari/537.36 Edg/139.0.0.0"
172.16.36.181 - - [22/Aug/2025:08:27:53 +0800] "GET /favicon.ico HTTP/1.1" 404 196 "http://192.168.60.79/manager-page/login.php" "Mozilla/5.0 (Windows NT 10.0; Win64; x64) AppleWebKit/537.36 (KHTML, like Gecko) Chrome/139.0.0.0 Safari/537.36 Edg/139.0.0.0"
127.0.0.1 - - [22/Aug/2025:08:28:00 +0800] "GET /robot/alarm-history-in.php HTTP/1.1" 200 - "-" "python-requests/2.28.1"
172.16.36.181 - - [22/Aug/2025:08:28:04 +0800] "POST /manager-page/login.php HTTP/1.1" 302 - "http://192.168.60.79/manager-page/login.php" "Mozilla/5.0 (Windows NT 10.0; Win64; x64) AppleWebKit/537.36 (KHTML, like Gecko) Chrome/139.0.0.0 Safari/537.36 Edg/139.0.0.0"
127.0.0.1 - - [22/Aug/2025:08:28:17 +0800] "POST /robot/et-7026-in.php HTTP/1.1" 200 - "-" "python-requests/2.32.2"
172.16.36.181 - - [22/Aug/2025:08:28:31 +0800] "GET /manager-page/home.php HTTP/1.1" 302 - "http://192.168.60.79/manager-page/login.php" "Mozilla/5.0 (Windows NT 10.0; Win64; x64) AppleWebKit/537.36 (KHTML, like Gecko) Chrome/139.0.0.0 Safari/537.36 Edg/139.0.0.0"
127.0.0.1 - - [22/Aug/2025:08:28:34 +0800] "POST /robot/et-7026-in.php HTTP/1.1" 200 - "-" "python-requests/2.32.2"
172.16.36.181 - - [22/Aug/2025:08:28:36 +0800] "GET /manager-page/alarm/1-1.jpg?t=1055282347 HTTP/1.1" 200 322868 "http://192.168.60.79/manager-page/home-1.php" "Mozilla/5.0 (Windows NT 10.0; Win64; x64) AppleWebKit/537.36 (KHTML, like Gecko) Chrome/139.0.0.0 Safari/537.36 Edg/139.0.0.0"
172.16.36.181 - - [22/Aug/2025:08:28:36 +0800] "GET /manager-page/alarm/1-2.jpg?t=1604890151 HTTP/1.1" 200 495492 "http://192.168.60.79/manager-page/home-1.php" "Mozilla/5.0 (Windows NT 10.0; Win64; x64) AppleWebKit/537.36 (KHTML, like Gecko) Chrome/139.0.0.0 Safari/537.36 Edg/139.0.0.0"
172.16.36.181 - - [22/Aug/2025:08:28:35 +0800] "GET /manager-page/home-1.php HTTP/1.1" 200 27473 "http://192.168.60.79/manager-page/login.php" "Mozilla/5.0 (Windows NT 10.0; Win64; x64) AppleWebKit/537.36 (KHTML, like Gecko) Chrome/139.0.0.0 Safari/537.36 Edg/139.0.0.0"
127.0.0.1 - - [22/Aug/2025:08:28:39 +0800] "GET /get-setting.json HTTP/1.1" 200 2314 "-" "python-requests/2.31.0"
127.0.0.1 - - [22/Aug/2025:08:28:39 +0800] "POST /robot/lora-in.php HTTP/1.1" 200 - "-" "python-requests/2.31.0"
172.16.36.181 - - [22/Aug/2025:08:28:36 +0800] "GET /manager-page/api/snapshot.php?id=12 HTTP/1.1" 200 50103 "http://192.168.60.79/manager-page/home-1.php" "Mozilla/5.0 (Windows NT 10.0; Win64; x64) AppleWebKit/537.36 (KHTML, like Gecko) Chrome/139.0.0.0 Safari/537.36 Edg/139.0.0.0"
172.16.36.181 - - [22/Aug/2025:08:28:36 +0800] "GET /manager-page/api/snapshot.php?id=11 HTTP/1.1" 200 48323 "http://192.168.60.79/manager-page/home-1.php" "Mozilla/5.0 (Windows NT 10.0; Win64; x64) AppleWebKit/537.36 (KHTML, like Gecko) Chrome/139.0.0.0 Safari/537.36 Edg/139.0.0.0"
172.16.36.181 - - [22/Aug/2025:08:28:38 +0800] "GET /manager-page/api/cms-status1.php HTTP/1.1" 200 12 "http://192.168.60.79/manager-page/home-1.php" "Mozilla/5.0 (Windows NT 10.0; Win64; x64) AppleWebKit/537.36 (KHTML, like Gecko) Chrome/139.0.0.0 Safari/537.36 Edg/139.0.0.0"
172.16.36.181 - - [22/Aug/2025:08:28:38 +0800] "GET /manager-page/api/lp-status1.php HTTP/1.1" 200 1 "http://192.168.60.79/manager-page/home-1.php" "Mozilla/5.0 (Windows NT 10.0; Win64; x64) AppleWebKit/537.36 (KHTML, like Gecko) Chrome/139.0.0.0 Safari/537.36 Edg/139.0.0.0"
172.16.36.181 - - [22/Aug/2025:08:28:44 +0800] "GET /manager-page/api/snapshot.php?id=12&t=0.5144280206717088 HTTP/1.1" 200 50081 "http://192.168.60.79/manager-page/home-1.php" "Mozilla/5.0 (Windows NT 10.0; Win64; x64) AppleWebKit/537.36 (KHTML, like Gecko) Chrome/139.0.0.0 Safari/537.36 Edg/139.0.0.0"
172.16.36.181 - - [22/Aug/2025:08:28:44 +0800] "GET /manager-page/api/snapshot.php?id=11&t=0.04256248779086169 HTTP/1.1" 200 48257 "http://192.168.60.79/manager-page/home-1.php" "Mozilla/5.0 (Windows NT 10.0; Win64; x64) AppleWebKit/537.36 (KHTML, like Gecko) Chrome/139.0.0.0 Safari/537.36 Edg/139.0.0.0"
172.16.36.181 - - [22/Aug/2025:08:28:49 +0800] "GET /manager-page/api/snapshot.php?id=12&t=0.8474008464384282 HTTP/1.1" 200 49987 "http://192.168.60.79/manager-page/home-1.php" "Mozilla/5.0 (Windows NT 10.0; Win64; x64) AppleWebKit/537.36 (KHTML, like Gecko) Chrome/139.0.0.0 Safari/537.36 Edg/139.0.0.0"
172.16.36.181 - - [22/Aug/2025:08:28:49 +0800] "GET /manager-page/api/snapshot.php?id=11&t=0.8685570168552926 HTTP/1.1" 200 48202 "http://192.168.60.79/manager-page/home-1.php" "Mozilla/5.0 (Windows NT 10.0; Win64; x64) AppleWebKit/537.36 (KHTML, like Gecko) Chrome/139.0.0.0 Safari/537.36 Edg/139.0.0.0"
172.16.36.181 - - [22/Aug/2025:08:28:54 +0800] "GET /manager-page/api/snapshot.php?id=12&t=0.5033525826691504 HTTP/1.1" 200 50172 "http://192.168.60.79/manager-page/home-1.php" "Mozilla/5.0 (Windows NT 10.0; Win64; x64) AppleWebKit/537.36 (KHTML, like Gecko) Chrome/139.0.0.0 Safari/537.36 Edg/139.0.0.0"
172.16.36.181 - - [22/Aug/2025:08:28:54 +0800] "GET /manager-page/api/snapshot.php?id=11&t=0.8447429979998123 HTTP/1.1" 200 48235 "http://192.168.60.79/manager-page/home-1.php" "Mozilla/5.0 (Windows NT 10.0; Win64; x64) AppleWebKit/537.36 (KHTML, like Gecko) Chrome/139.0.0.0 Safari/537.36 Edg/139.0.0.0"
172.16.36.181 - - [22/Aug/2025:08:28:58 +0800] "GET /manager-page/api/snapshot.php?id=11&t=0.12200919149011014 HTTP/1.1" 200 48208 "http://192.168.60.79/manager-page/home-1.php" "Mozilla/5.0 (Windows NT 10.0; Win64; x64) AppleWebKit/537.36 (KHTML, like Gecko) Chrome/139.0.0.0 Safari/537.36 Edg/139.0.0.0"
172.16.36.181 - - [22/Aug/2025:08:28:58 +0800] "GET /manager-page/api/snapshot.php?id=12&t=0.5125955477586803 HTTP/1.1" 200 49980 "http://192.168.60.79/manager-page/home-1.php" "Mozilla/5.0 (Windows NT 10.0; Win64; x64) AppleWebKit/537.36 (KHTML, like Gecko) Chrome/139.0.0.0 Safari/537.36 Edg/139.0.0.0"
127.0.0.1 - - [22/Aug/2025:08:29:00 +0800] "GET /robot/alarm-history-in.php HTTP/1.1" 200 - "-" "python-requests/2.28.1"
172.16.36.181 - - [22/Aug/2025:08:29:04 +0800] "GET /manager-page/api/snapshot.php?id=11&t=0.31599876885511724 HTTP/1.1" 200 48188 "http://192.168.60.79/manager-page/home-1.php" "Mozilla/5.0 (Windows NT 10.0; Win64; x64) AppleWebKit/537.36 (KHTML, like Gecko) Chrome/139.0.0.0 Safari/537.36 Edg/139.0.0.0"
172.16.36.181 - - [22/Aug/2025:08:29:04 +0800] "GET /manager-page/api/snapshot.php?id=12&t=0.6758627290128248 HTTP/1.1" 500 - "http://192.168.60.79/manager-page/home-1.php" "Mozilla/5.0 (Windows NT 10.0; Win64; x64) AppleWebKit/537.36 (KHTML, like Gecko) Chrome/139.0.0.0 Safari/537.36 Edg/139.0.0.0"
172.16.36.181 - - [22/Aug/2025:08:29:09 +0800] "GET /manager-page/api/snapshot.php?id=11&t=0.47131973750955114 HTTP/1.1" 200 48244 "http://192.168.60.79/manager-page/home-1.php" "Mozilla/5.0 (Windows NT 10.0; Win64; x64) AppleWebKit/537.36 (KHTML, like Gecko) Chrome/139.0.0.0 Safari/537.36 Edg/139.0.0.0"
172.16.36.181 - - [22/Aug/2025:08:29:09 +0800] "GET /manager-page/api/snapshot.php?id=12&t=0.15489386862153398 HTTP/1.1" 500 - "http://192.168.60.79/manager-page/home-1.php" "Mozilla/5.0 (Windows NT 10.0; Win64; x64) AppleWebKit/537.36 (KHTML, like Gecko) Chrome/139.0.0.0 Safari/537.36 Edg/139.0.0.0"
172.16.36.181 - - [22/Aug/2025:08:29:14 +0800] "GET /manager-page/api/snapshot.php?id=11&t=0.24227730978369966 HTTP/1.1" 500 - "http://192.168.60.79/manager-page/home-1.php" "Mozilla/5.0 (Windows NT 10.0; Win64; x64) AppleWebKit/537.36 (KHTML, like Gecko) Chrome/139.0.0.0 Safari/537.36 Edg/139.0.0.0"
127.0.0.1 - - [22/Aug/2025:08:28:49 +0800] "POST /robot/lora-in.php HTTP/1.1" 200 - "-" "python-requests/2.31.0"
172.16.36.181 - - [22/Aug/2025:08:29:14 +0800] "GET /manager-page/api/snapshot.php?id=12&t=0.4150697532476436 HTTP/1.1" 500 - "http://192.168.60.79/manager-page/home-1.php" "Mozilla/5.0 (Windows NT 10.0; Win64; x64) AppleWebKit/537.36 (KHTML, like Gecko) Chrome/139.0.0.0 Safari/537.36 Edg/139.0.0.0"
172.16.36.181 - - [22/Aug/2025:08:29:19 +0800] "GET /manager-page/api/snapshot.php?id=12&t=0.14908277375460355 HTTP/1.1" 500 - "http://192.168.60.79/manager-page/home-1.php" "Mozilla/5.0 (Windows NT 10.0; Win64; x64) AppleWebKit/537.36 (KHTML, like Gecko) Chrome/139.0.0.0 Safari/537.36 Edg/139.0.0.0"
172.16.36.181 - - [22/Aug/2025:08:29:19 +0800] "GET /manager-page/api/snapshot.php?id=11&t=0.7450870177596001 HTTP/1.1" 500 - "http://192.168.60.79/manager-page/home-1.php" "Mozilla/5.0 (Windows NT 10.0; Win64; x64) AppleWebKit/537.36 (KHTML, like Gecko) Chrome/139.0.0.0 Safari/537.36 Edg/139.0.0.0"
172.16.36.181 - - [22/Aug/2025:08:29:24 +0800] "GET /manager-page/api/snapshot.php?id=11&t=0.8833197926673969 HTTP/1.1" 500 - "http://192.168.60.79/manager-page/home-1.php" "Mozilla/5.0 (Windows NT 10.0; Win64; x64) AppleWebKit/537.36 (KHTML, like Gecko) Chrome/139.0.0.0 Safari/537.36 Edg/139.0.0.0"
172.16.36.181 - - [22/Aug/2025:08:29:24 +0800] "GET /manager-page/api/snapshot.php?id=12&t=0.021459788763356413 HTTP/1.1" 500 - "http://192.168.60.79/manager-page/home-1.php" "Mozilla/5.0 (Windows NT 10.0; Win64; x64) AppleWebKit/537.36 (KHTML, like Gecko) Chrome/139.0.0.0 Safari/537.36 Edg/139.0.0.0"
172.16.36.181 - - [22/Aug/2025:08:29:28 +0800] "GET /manager-page/api/snapshot.php?id=11&t=0.5549562467762288 HTTP/1.1" 500 - "http://192.168.60.79/manager-page/home-1.php" "Mozilla/5.0 (Windows NT 10.0; Win64; x64) AppleWebKit/537.36 (KHTML, like Gecko) Chrome/139.0.0.0 Safari/537.36 Edg/139.0.0.0"
111.70.30.252 - - [22/Aug/2025:08:29:22 +0800] "POST /robot/lora-in.php HTTP/1.1" 200 - "-" "python-requests/2.21.0"
127.0.0.1 - - [22/Aug/2025:08:29:38 +0800] "POST /robot/et-7026-in.php HTTP/1.1" 200 - "-" "python-requests/2.32.2"
172.16.36.181 - - [22/Aug/2025:08:29:28 +0800] "GET /manager-page/api/snapshot.php?id=12&t=0.9530828560573795 HTTP/1.1" 500 - "http://192.168.60.79/manager-page/home-1.php" "Mozilla/5.0 (Windows NT 10.0; Win64; x64) AppleWebKit/537.36 (KHTML, like Gecko) Chrome/139.0.0.0 Safari/537.36 Edg/139.0.0.0"
172.16.36.181 - - [22/Aug/2025:08:29:34 +0800] "GET /manager-page/api/snapshot.php?id=11&t=0.9692377475792702 HTTP/1.1" 500 - "http://192.168.60.79/manager-page/home-1.php" "Mozilla/5.0 (Windows NT 10.0; Win64; x64) AppleWebKit/537.36 (KHTML, like Gecko) Chrome/139.0.0.0 Safari/537.36 Edg/139.0.0.0"
172.16.36.181 - - [22/Aug/2025:08:29:34 +0800] "GET /manager-page/api/snapshot.php?id=12&t=0.24256243835108904 HTTP/1.1" 500 - "http://192.168.60.79/manager-page/home-1.php" "Mozilla/5.0 (Windows NT 10.0; Win64; x64) AppleWebKit/537.36 (KHTML, like Gecko) Chrome/139.0.0.0 Safari/537.36 Edg/139.0.0.0"
172.16.36.181 - - [22/Aug/2025:08:29:39 +0800] "GET /manager-page/api/snapshot.php?id=12&t=0.5089251055912363 HTTP/1.1" 500 - "http://192.168.60.79/manager-page/home-1.php" "Mozilla/5.0 (Windows NT 10.0; Win64; x64) AppleWebKit/537.36 (KHTML, like Gecko) Chrome/139.0.0.0 Safari/537.36 Edg/139.0.0.0"
172.16.36.181 - - [22/Aug/2025:08:29:39 +0800] "GET /manager-page/api/snapshot.php?id=11&t=0.5390698071705412 HTTP/1.1" 500 - "http://192.168.60.79/manager-page/home-1.php" "Mozilla/5.0 (Windows NT 10.0; Win64; x64) AppleWebKit/537.36 (KHTML, like Gecko) Chrome/139.0.0.0 Safari/537.36 Edg/139.0.0.0"
172.16.36.181 - - [22/Aug/2025:08:29:44 +0800] "GET /manager-page/api/snapshot.php?id=12&t=0.4942942887848131 HTTP/1.1" 500 - "http://192.168.60.79/manager-page/home-1.php" "Mozilla/5.0 (Windows NT 10.0; Win64; x64) AppleWebKit/537.36 (KHTML, like Gecko) Chrome/139.0.0.0 Safari/537.36 Edg/139.0.0.0"
172.16.36.181 - - [22/Aug/2025:08:29:44 +0800] "GET /manager-page/api/snapshot.php?id=11&t=0.9793368517371525 HTTP/1.1" 500 - "http://192.168.60.79/manager-page/home-1.php" "Mozilla/5.0 (Windows NT 10.0; Win64; x64) AppleWebKit/537.36 (KHTML, like Gecko) Chrome/139.0.0.0 Safari/537.36 Edg/139.0.0.0"
127.0.0.1 - - [22/Aug/2025:08:29:05 +0800] "POST /robot/lora-in.php HTTP/1.1" 200 - "-" "python-requests/2.31.0"
127.0.0.1 - - [22/Aug/2025:08:29:21 +0800] "POST /robot/lora-in.php HTTP/1.1" 200 - "-" "python-requests/2.31.0"
127.0.0.1 - - [22/Aug/2025:08:29:37 +0800] "POST /robot/lora-in.php HTTP/1.1" 200 - "-" "python-requests/2.31.0"
127.0.0.1 - - [22/Aug/2025:08:29:56 +0800] "POST /robot/lora-in.php HTTP/1.1" 200 - "-" "python-requests/2.31.0"
172.16.36.181 - - [22/Aug/2025:08:29:49 +0800] "GET /manager-page/api/snapshot.php?id=11&t=0.0883050647765401 HTTP/1.1" 200 48144 "http://192.168.60.79/manager-page/home-1.php" "Mozilla/5.0 (Windows NT 10.0; Win64; x64) AppleWebKit/537.36 (KHTML, like Gecko) Chrome/139.0.0.0 Safari/537.36 Edg/139.0.0.0"
172.16.36.181 - - [22/Aug/2025:08:29:54 +0800] "GET /manager-page/api/snapshot.php?id=11&t=0.744024614314469 HTTP/1.1" 200 48109 "http://192.168.60.79/manager-page/home-1.php" "Mozilla/5.0 (Windows NT 10.0; Win64; x64) AppleWebKit/537.36 (KHTML, like Gecko) Chrome/139.0.0.0 Safari/537.36 Edg/139.0.0.0"
172.16.36.181 - - [22/Aug/2025:08:29:49 +0800] "GET /manager-page/api/snapshot.php?id=12&t=0.4846247527772295 HTTP/1.1" 200 50092 "http://192.168.60.79/manager-page/home-1.php" "Mozilla/5.0 (Windows NT 10.0; Win64; x64) AppleWebKit/537.36 (KHTML, like Gecko) Chrome/139.0.0.0 Safari/537.36 Edg/139.0.0.0"
172.16.36.181 - - [22/Aug/2025:08:29:54 +0800] "GET /manager-page/api/snapshot.php?id=12&t=0.900097267710612 HTTP/1.1" 200 50109 "http://192.168.60.79/manager-page/home-1.php" "Mozilla/5.0 (Windows NT 10.0; Win64; x64) AppleWebKit/537.36 (KHTML, like Gecko) Chrome/139.0.0.0 Safari/537.36 Edg/139.0.0.0"
172.16.36.181 - - [22/Aug/2025:08:29:59 +0800] "GET /manager-page/api/snapshot.php?id=12&t=0.5304573050009643 HTTP/1.1" 500 - "http://192.168.60.79/manager-page/home-1.php" "Mozilla/5.0 (Windows NT 10.0; Win64; x64) AppleWebKit/537.36 (KHTML, like Gecko) Chrome/139.0.0.0 Safari/537.36 Edg/139.0.0.0"
172.16.36.181 - - [22/Aug/2025:08:29:59 +0800] "GET /manager-page/api/snapshot.php?id=11&t=0.022752328673216526 HTTP/1.1" 500 - "http://192.168.60.79/manager-page/home-1.php" "Mozilla/5.0 (Windows NT 10.0; Win64; x64) AppleWebKit/537.36 (KHTML, like Gecko) Chrome/139.0.0.0 Safari/537.36 Edg/139.0.0.0"
127.0.0.1 - - [22/Aug/2025:08:30:00 +0800] "GET /robot/alarm-history-in.php HTTP/1.1" 200 - "-" "python-requests/2.28.1"
172.16.36.181 - - [22/Aug/2025:08:30:04 +0800] "GET /manager-page/api/snapshot.php?id=11&t=0.00021690226528181533 HTTP/1.1" 200 48172 "http://192.168.60.79/manager-page/home-1.php" "Mozilla/5.0 (Windows NT 10.0; Win64; x64) AppleWebKit/537.36 (KHTML, like Gecko) Chrome/139.0.0.0 Safari/537.36 Edg/139.0.0.0"
172.16.36.181 - - [22/Aug/2025:08:30:04 +0800] "GET /manager-page/api/snapshot.php?id=12&t=0.5013268029225353 HTTP/1.1" 200 50042 "http://192.168.60.79/manager-page/home-1.php" "Mozilla/5.0 (Windows NT 10.0; Win64; x64) AppleWebKit/537.36 (KHTML, like Gecko) Chrome/139.0.0.0 Safari/537.36 Edg/139.0.0.0"
172.16.36.181 - - [22/Aug/2025:08:30:14 +0800] "GET /manager-page/api/snapshot.php?id=12&t=0.9967812323639849 HTTP/1.1" 200 50052 "http://192.168.60.79/manager-page/home-1.php" "Mozilla/5.0 (Windows NT 10.0; Win64; x64) AppleWebKit/537.36 (KHTML, like Gecko) Chrome/139.0.0.0 Safari/537.36 Edg/139.0.0.0"
172.16.36.181 - - [22/Aug/2025:08:30:14 +0800] "GET /manager-page/api/snapshot.php?id=11&t=0.9399847309505636 HTTP/1.1" 500 - "http://192.168.60.79/manager-page/home-1.php" "Mozilla/5.0 (Windows NT 10.0; Win64; x64) AppleWebKit/537.36 (KHTML, like Gecko) Chrome/139.0.0.0 Safari/537.36 Edg/139.0.0.0"
172.16.36.181 - - [22/Aug/2025:08:30:09 +0800] "GET /manager-page/api/snapshot.php?id=11&t=0.5824233392508033 HTTP/1.1" 500 - "http://192.168.60.79/manager-page/home-1.php" "Mozilla/5.0 (Windows NT 10.0; Win64; x64) AppleWebKit/537.36 (KHTML, like Gecko) Chrome/139.0.0.0 Safari/537.36 Edg/139.0.0.0"
172.16.36.181 - - [22/Aug/2025:08:30:09 +0800] "GET /manager-page/api/snapshot.php?id=12&t=0.04170502716876423 HTTP/1.1" 500 - "http://192.168.60.79/manager-page/home-1.php" "Mozilla/5.0 (Windows NT 10.0; Win64; x64) AppleWebKit/537.36 (KHTML, like Gecko) Chrome/139.0.0.0 Safari/537.36 Edg/139.0.0.0"
172.16.36.181 - - [22/Aug/2025:08:30:18 +0800] "GET /manager-page/api/snapshot.php?id=12&t=0.7133190450014238 HTTP/1.1" 500 - "http://192.168.60.79/manager-page/home-1.php" "Mozilla/5.0 (Windows NT 10.0; Win64; x64) AppleWebKit/537.36 (KHTML, like Gecko) Chrome/139.0.0.0 Safari/537.36 Edg/139.0.0.0"
172.16.36.181 - - [22/Aug/2025:08:30:18 +0800] "GET /manager-page/api/snapshot.php?id=11&t=0.5674397492773839 HTTP/1.1" 500 - "http://192.168.60.79/manager-page/home-1.php" "Mozilla/5.0 (Windows NT 10.0; Win64; x64) AppleWebKit/537.36 (KHTML, like Gecko) Chrome/139.0.0.0 Safari/537.36 Edg/139.0.0.0"
172.16.36.181 - - [22/Aug/2025:08:30:24 +0800] "GET /manager-page/api/snapshot.php?id=12&t=0.42196683763051723 HTTP/1.1" 500 - "http://192.168.60.79/manager-page/home-1.php" "Mozilla/5.0 (Windows NT 10.0; Win64; x64) AppleWebKit/537.36 (KHTML, like Gecko) Chrome/139.0.0.0 Safari/537.36 Edg/139.0.0.0"
172.16.36.181 - - [22/Aug/2025:08:30:24 +0800] "GET /manager-page/api/snapshot.php?id=11&t=0.7239589237340485 HTTP/1.1" 500 - "http://192.168.60.79/manager-page/home-1.php" "Mozilla/5.0 (Windows NT 10.0; Win64; x64) AppleWebKit/537.36 (KHTML, like Gecko) Chrome/139.0.0.0 Safari/537.36 Edg/139.0.0.0"
172.16.36.181 - - [22/Aug/2025:08:30:28 +0800] "GET /manager-page/api/snapshot.php?id=12&t=0.4912938884967162 HTTP/1.1" 500 - "http://192.168.60.79/manager-page/home-1.php" "Mozilla/5.0 (Windows NT 10.0; Win64; x64) AppleWebKit/537.36 (KHTML, like Gecko) Chrome/139.0.0.0 Safari/537.36 Edg/139.0.0.0"
172.16.36.181 - - [22/Aug/2025:08:30:28 +0800] "GET /manager-page/api/snapshot.php?id=11&t=0.7741017432285376 HTTP/1.1" 500 - "http://192.168.60.79/manager-page/home-1.php" "Mozilla/5.0 (Windows NT 10.0; Win64; x64) AppleWebKit/537.36 (KHTML, like Gecko) Chrome/139.0.0.0 Safari/537.36 Edg/139.0.0.0"
172.16.36.181 - - [22/Aug/2025:08:30:33 +0800] "GET /manager-page/api/snapshot.php?id=12&t=0.7256082405848351 HTTP/1.1" 500 - "http://192.168.60.79/manager-page/home-1.php" "Mozilla/5.0 (Windows NT 10.0; Win64; x64) AppleWebKit/537.36 (KHTML, like Gecko) Chrome/139.0.0.0 Safari/537.36 Edg/139.0.0.0"
172.16.36.181 - - [22/Aug/2025:08:30:33 +0800] "GET /manager-page/api/snapshot.php?id=11&t=0.8262749204449924 HTTP/1.1" 500 - "http://192.168.60.79/manager-page/home-1.php" "Mozilla/5.0 (Windows NT 10.0; Win64; x64) AppleWebKit/537.36 (KHTML, like Gecko) Chrome/139.0.0.0 Safari/537.36 Edg/139.0.0.0"
172.16.36.181 - - [22/Aug/2025:08:30:39 +0800] "GET /manager-page/api/snapshot.php?id=12&t=0.23239258202733448 HTTP/1.1" 500 - "http://192.168.60.79/manager-page/home-1.php" "Mozilla/5.0 (Windows NT 10.0; Win64; x64) AppleWebKit/537.36 (KHTML, like Gecko) Chrome/139.0.0.0 Safari/537.36 Edg/139.0.0.0"
127.0.0.1 - - [22/Aug/2025:08:30:00 +0800] "POST /robot/lora-in.php HTTP/1.1" 500 - "-" "python-requests/2.31.0"
172.16.36.181 - - [22/Aug/2025:08:30:39 +0800] "GET /manager-page/api/snapshot.php?id=11&t=0.7790320725928741 HTTP/1.1" 500 - "http://192.168.60.79/manager-page/home-1.php" "Mozilla/5.0 (Windows NT 10.0; Win64; x64) AppleWebKit/537.36 (KHTML, like Gecko) Chrome/139.0.0.0 Safari/537.36 Edg/139.0.0.0"
172.16.36.181 - - [22/Aug/2025:08:30:43 +0800] "GET /manager-page/api/snapshot.php?id=11&t=0.680723586270982 HTTP/1.1" 500 - "http://192.168.60.79/manager-page/home-1.php" "Mozilla/5.0 (Windows NT 10.0; Win64; x64) AppleWebKit/537.36 (KHTML, like Gecko) Chrome/139.0.0.0 Safari/537.36 Edg/139.0.0.0"
172.16.36.181 - - [22/Aug/2025:08:30:43 +0800] "GET /manager-page/api/snapshot.php?id=12&t=0.05827255353378058 HTTP/1.1" 500 - "http://192.168.60.79/manager-page/home-1.php" "Mozilla/5.0 (Windows NT 10.0; Win64; x64) AppleWebKit/537.36 (KHTML, like Gecko) Chrome/139.0.0.0 Safari/537.36 Edg/139.0.0.0"
172.16.36.181 - - [22/Aug/2025:08:30:48 +0800] "GET /manager-page/api/snapshot.php?id=11&t=0.6124959273252965 HTTP/1.1" 500 - "http://192.168.60.79/manager-page/home-1.php" "Mozilla/5.0 (Windows NT 10.0; Win64; x64) AppleWebKit/537.36 (KHTML, like Gecko) Chrome/139.0.0.0 Safari/537.36 Edg/139.0.0.0"
127.0.0.1 - - [22/Aug/2025:08:31:00 +0800] "GET /robot/alarm-history-in.php HTTP/1.1" 200 - "-" "python-requests/2.28.1"
172.16.36.181 - - [22/Aug/2025:08:30:48 +0800] "GET /manager-page/api/snapshot.php?id=12&t=0.2868840523716031 HTTP/1.1" 500 - "http://192.168.60.79/manager-page/home-1.php" "Mozilla/5.0 (Windows NT 10.0; Win64; x64) AppleWebKit/537.36 (KHTML, like Gecko) Chrome/139.0.0.0 Safari/537.36 Edg/139.0.0.0"
127.0.0.1 - - [22/Aug/2025:08:30:18 +0800] "POST /robot/lora-in.php HTTP/1.1" 500 - "-" "python-requests/2.31.0"
172.16.36.181 - - [22/Aug/2025:08:31:53 +0800] "GET /manager-page/alarm/2-1.jpg?t=1939148704 HTTP/1.1" 200 408168 "http://192.168.60.79/manager-page/home-2.php" "Mozilla/5.0 (Windows NT 10.0; Win64; x64) AppleWebKit/537.36 (KHTML, like Gecko) Chrome/139.0.0.0 Safari/537.36 Edg/139.0.0.0"
172.16.36.181 - - [22/Aug/2025:08:30:54 +0800] "GET /manager-page/api/snapshot.php?id=11&t=0.5528637581549254 HTTP/1.1" 500 - "http://192.168.60.79/manager-page/home-1.php" "Mozilla/5.0 (Windows NT 10.0; Win64; x64) AppleWebKit/537.36 (KHTML, like Gecko) Chrome/139.0.0.0 Safari/537.36 Edg/139.0.0.0"
172.16.36.181 - - [22/Aug/2025:08:30:54 +0800] "GET /manager-page/home-2.php HTTP/1.1" 200 18468 "http://192.168.60.79/manager-page/home-1.php" "Mozilla/5.0 (Windows NT 10.0; Win64; x64) AppleWebKit/537.36 (KHTML, like Gecko) Chrome/139.0.0.0 Safari/537.36 Edg/139.0.0.0"
172.16.36.181 - - [22/Aug/2025:08:31:53 +0800] "GET /manager-page/alarm/2-2.jpg?t=228037043 HTTP/1.1" 200 495465 "http://192.168.60.79/manager-page/home-2.php" "Mozilla/5.0 (Windows NT 10.0; Win64; x64) AppleWebKit/537.36 (KHTML, like Gecko) Chrome/139.0.0.0 Safari/537.36 Edg/139.0.0.0"
172.16.36.181 - - [22/Aug/2025:08:30:54 +0800] "GET /manager-page/api/snapshot.php?id=12&t=0.8519220496213179 HTTP/1.1" 500 - "http://192.168.60.79/manager-page/home-1.php" "Mozilla/5.0 (Windows NT 10.0; Win64; x64) AppleWebKit/537.36 (KHTML, like Gecko) Chrome/139.0.0.0 Safari/537.36 Edg/139.0.0.0"
172.16.36.181 - - [22/Aug/2025:08:30:58 +0800] "GET /manager-page/api/snapshot.php?id=11&t=0.12278357564628017 HTTP/1.1" 500 - "http://192.168.60.79/manager-page/home-1.php" "Mozilla/5.0 (Windows NT 10.0; Win64; x64) AppleWebKit/537.36 (KHTML, like Gecko) Chrome/139.0.0.0 Safari/537.36 Edg/139.0.0.0"
111.70.30.251 - - [22/Aug/2025:08:31:40 +0800] "POST /robot/lora-in.php HTTP/1.1" 200 - "-" "python-requests/2.21.0"
172.16.36.181 - - [22/Aug/2025:08:30:58 +0800] "GET /manager-page/api/snapshot.php?id=12&t=0.5602542506924131 HTTP/1.1" 500 - "http://192.168.60.79/manager-page/home-1.php" "Mozilla/5.0 (Windows NT 10.0; Win64; x64) AppleWebKit/537.36 (KHTML, like Gecko) Chrome/139.0.0.0 Safari/537.36 Edg/139.0.0.0"
172.16.36.181 - - [22/Aug/2025:08:31:03 +0800] "GET /manager-page/api/snapshot.php?id=12&t=0.25822236599585835 HTTP/1.1" 500 - "http://192.168.60.79/manager-page/home-1.php" "Mozilla/5.0 (Windows NT 10.0; Win64; x64) AppleWebKit/537.36 (KHTML, like Gecko) Chrome/139.0.0.0 Safari/537.36 Edg/139.0.0.0"
172.16.36.181 - - [22/Aug/2025:08:31:03 +0800] "GET /manager-page/api/snapshot.php?id=11&t=0.9763197200121777 HTTP/1.1" 500 - "http://192.168.60.79/manager-page/home-1.php" "Mozilla/5.0 (Windows NT 10.0; Win64; x64) AppleWebKit/537.36 (KHTML, like Gecko) Chrome/139.0.0.0 Safari/537.36 Edg/139.0.0.0"
172.16.36.181 - - [22/Aug/2025:08:31:08 +0800] "GET /manager-page/api/snapshot.php?id=12&t=0.08314284126367366 HTTP/1.1" 500 - "http://192.168.60.79/manager-page/home-1.php" "Mozilla/5.0 (Windows NT 10.0; Win64; x64) AppleWebKit/537.36 (KHTML, like Gecko) Chrome/139.0.0.0 Safari/537.36 Edg/139.0.0.0"
172.16.36.181 - - [22/Aug/2025:08:31:08 +0800] "GET /manager-page/api/snapshot.php?id=11&t=0.8881460841350725 HTTP/1.1" 500 - "http://192.168.60.79/manager-page/home-1.php" "Mozilla/5.0 (Windows NT 10.0; Win64; x64) AppleWebKit/537.36 (KHTML, like Gecko) Chrome/139.0.0.0 Safari/537.36 Edg/139.0.0.0"
172.16.36.181 - - [22/Aug/2025:08:31:13 +0800] "GET /manager-page/api/snapshot.php?id=11&t=0.748127256317135 HTTP/1.1" 500 - "http://192.168.60.79/manager-page/home-1.php" "Mozilla/5.0 (Windows NT 10.0; Win64; x64) AppleWebKit/537.36 (KHTML, like Gecko) Chrome/139.0.0.0 Safari/537.36 Edg/139.0.0.0"
172.16.36.181 - - [22/Aug/2025:08:31:13 +0800] "GET /manager-page/api/snapshot.php?id=12&t=0.2927322239806318 HTTP/1.1" 500 - "http://192.168.60.79/manager-page/home-1.php" "Mozilla/5.0 (Windows NT 10.0; Win64; x64) AppleWebKit/537.36 (KHTML, like Gecko) Chrome/139.0.0.0 Safari/537.36 Edg/139.0.0.0"
172.16.36.181 - - [22/Aug/2025:08:31:18 +0800] "GET /manager-page/api/snapshot.php?id=11&t=0.03053163860325092 HTTP/1.1" 500 - "http://192.168.60.79/manager-page/home-1.php" "Mozilla/5.0 (Windows NT 10.0; Win64; x64) AppleWebKit/537.36 (KHTML, like Gecko) Chrome/139.0.0.0 Safari/537.36 Edg/139.0.0.0"
172.16.36.181 - - [22/Aug/2025:08:31:19 +0800] "GET /manager-page/api/snapshot.php?id=12&t=0.12935814322123607 HTTP/1.1" 500 - "http://192.168.60.79/manager-page/home-1.php" "Mozilla/5.0 (Windows NT 10.0; Win64; x64) AppleWebKit/537.36 (KHTML, like Gecko) Chrome/139.0.0.0 Safari/537.36 Edg/139.0.0.0"
172.16.36.181 - - [22/Aug/2025:08:31:24 +0800] "GET /manager-page/api/snapshot.php?id=12&t=0.8736795797672171 HTTP/1.1" 500 - "http://192.168.60.79/manager-page/home-1.php" "Mozilla/5.0 (Windows NT 10.0; Win64; x64) AppleWebKit/537.36 (KHTML, like Gecko) Chrome/139.0.0.0 Safari/537.36 Edg/139.0.0.0"
172.16.36.181 - - [22/Aug/2025:08:31:24 +0800] "GET /manager-page/api/snapshot.php?id=11&t=0.4904864006167965 HTTP/1.1" 500 - "http://192.168.60.79/manager-page/home-1.php" "Mozilla/5.0 (Windows NT 10.0; Win64; x64) AppleWebKit/537.36 (KHTML, like Gecko) Chrome/139.0.0.0 Safari/537.36 Edg/139.0.0.0"
127.0.0.1 - - [22/Aug/2025:08:32:00 +0800] "GET /robot/alarm-history-in.php HTTP/1.1" 200 - "-" "python-requests/2.28.1"
172.16.36.181 - - [22/Aug/2025:08:31:53 +0800] "GET /manager-page/api/snapshot.php?id=21 HTTP/1.1" 200 47187 "http://192.168.60.79/manager-page/home-2.php" "Mozilla/5.0 (Windows NT 10.0; Win64; x64) AppleWebKit/537.36 (KHTML, like Gecko) Chrome/139.0.0.0 Safari/537.36 Edg/139.0.0.0"
172.16.36.181 - - [22/Aug/2025:08:31:53 +0800] "GET /manager-page/api/snapshot.php?id=22 HTTP/1.1" 200 40624 "http://192.168.60.79/manager-page/home-2.php" "Mozilla/5.0 (Windows NT 10.0; Win64; x64) AppleWebKit/537.36 (KHTML, like Gecko) Chrome/139.0.0.0 Safari/537.36 Edg/139.0.0.0"
172.16.36.181 - - [22/Aug/2025:08:32:54 +0800] "GET /manager-page/alarm/3-2.jpg?t=48653394 HTTP/1.1" 200 187208 "http://192.168.60.79/manager-page/home-3.php" "Mozilla/5.0 (Windows NT 10.0; Win64; x64) AppleWebKit/537.36 (KHTML, like Gecko) Chrome/139.0.0.0 Safari/537.36 Edg/139.0.0.0"
172.16.36.181 - - [22/Aug/2025:08:32:54 +0800] "GET /manager-page/alarm/3-1.jpg?t=103766965 HTTP/1.1" 200 520364 "http://192.168.60.79/manager-page/home-3.php" "Mozilla/5.0 (Windows NT 10.0; Win64; x64) AppleWebKit/537.36 (KHTML, like Gecko) Chrome/139.0.0.0 Safari/537.36 Edg/139.0.0.0"
127.0.0.1 - - [22/Aug/2025:08:33:00 +0800] "GET /robot/alarm-history-in.php HTTP/1.1" 200 - "-" "python-requests/2.28.1"
111.70.30.253 - - [22/Aug/2025:08:32:59 +0800] "POST /robot/lora-in.php HTTP/1.1" 200 - "-" "python-requests/2.21.0"
172.16.36.181 - - [22/Aug/2025:08:32:30 +0800] "GET /manager-page/home-3.php HTTP/1.1" 200 27479 "http://192.168.60.79/manager-page/home-2.php" "Mozilla/5.0 (Windows NT 10.0; Win64; x64) AppleWebKit/537.36 (KHTML, like Gecko) Chrome/139.0.0.0 Safari/537.36 Edg/139.0.0.0"
172.16.36.181 - - [22/Aug/2025:08:32:54 +0800] "GET /manager-page/api/snapshot.php?id=32 HTTP/1.1" 500 - "http://192.168.60.79/manager-page/home-3.php" "Mozilla/5.0 (Windows NT 10.0; Win64; x64) AppleWebKit/537.36 (KHTML, like Gecko) Chrome/139.0.0.0 Safari/537.36 Edg/139.0.0.0"
172.16.36.181 - - [22/Aug/2025:08:32:54 +0800] "GET /manager-page/api/snapshot.php?id=31 HTTP/1.1" 500 - "http://192.168.60.79/manager-page/home-3.php" "Mozilla/5.0 (Windows NT 10.0; Win64; x64) AppleWebKit/537.36 (KHTML, like Gecko) Chrome/139.0.0.0 Safari/537.36 Edg/139.0.0.0"
172.16.36.181 - - [22/Aug/2025:08:33:20 +0800] "GET /manager-page/api/lp-status3.php HTTP/1.1" 500 - "http://192.168.60.79/manager-page/home-3.php" "Mozilla/5.0 (Windows NT 10.0; Win64; x64) AppleWebKit/537.36 (KHTML, like Gecko) Chrome/139.0.0.0 Safari/537.36 Edg/139.0.0.0"
172.16.36.181 - - [22/Aug/2025:08:33:20 +0800] "GET /manager-page/api/cms-status3.php HTTP/1.1" 500 - "http://192.168.60.79/manager-page/home-3.php" "Mozilla/5.0 (Windows NT 10.0; Win64; x64) AppleWebKit/537.36 (KHTML, like Gecko) Chrome/139.0.0.0 Safari/537.36 Edg/139.0.0.0"
172.16.36.181 - - [22/Aug/2025:08:33:25 +0800] "GET /manager-page/api/snapshot.php?id=32&t=0.28033329855838296 HTTP/1.1" 200 56637 "http://192.168.60.79/manager-page/home-3.php" "Mozilla/5.0 (Windows NT 10.0; Win64; x64) AppleWebKit/537.36 (KHTML, like Gecko) Chrome/139.0.0.0 Safari/537.36 Edg/139.0.0.0"
127.0.0.1 - - [22/Aug/2025:08:33:24 +0800] "POST /robot/et-7026-in.php HTTP/1.1" 200 - "-" "python-requests/2.32.2"
172.16.36.181 - - [22/Aug/2025:08:33:30 +0800] "GET /manager-page/api/snapshot.php?id=32&t=0.06404984124877144 HTTP/1.1" 500 - "http://192.168.60.79/manager-page/home-3.php" "Mozilla/5.0 (Windows NT 10.0; Win64; x64) AppleWebKit/537.36 (KHTML, like Gecko) Chrome/139.0.0.0 Safari/537.36 Edg/139.0.0.0"
172.16.36.181 - - [22/Aug/2025:08:33:25 +0800] "GET /manager-page/api/snapshot.php?id=31&t=0.25674526296347044 HTTP/1.1" 500 - "http://192.168.60.79/manager-page/home-3.php" "Mozilla/5.0 (Windows NT 10.0; Win64; x64) AppleWebKit/537.36 (KHTML, like Gecko) Chrome/139.0.0.0 Safari/537.36 Edg/139.0.0.0"
172.16.36.181 - - [22/Aug/2025:08:33:30 +0800] "GET /manager-page/api/snapshot.php?id=31&t=0.3324495942261726 HTTP/1.1" 500 - "http://192.168.60.79/manager-page/home-3.php" "Mozilla/5.0 (Windows NT 10.0; Win64; x64) AppleWebKit/537.36 (KHTML, like Gecko) Chrome/139.0.0.0 Safari/537.36 Edg/139.0.0.0"
172.16.36.181 - - [22/Aug/2025:08:33:35 +0800] "GET /manager-page/api/snapshot.php?id=31&t=0.021297007823495973 HTTP/1.1" 500 - "http://192.168.60.79/manager-page/home-3.php" "Mozilla/5.0 (Windows NT 10.0; Win64; x64) AppleWebKit/537.36 (KHTML, like Gecko) Chrome/139.0.0.0 Safari/537.36 Edg/139.0.0.0"
172.16.36.181 - - [22/Aug/2025:08:33:35 +0800] "GET /manager-page/api/snapshot.php?id=32&t=0.9709536943233547 HTTP/1.1" 500 - "http://192.168.60.79/manager-page/home-3.php" "Mozilla/5.0 (Windows NT 10.0; Win64; x64) AppleWebKit/537.36 (KHTML, like Gecko) Chrome/139.0.0.0 Safari/537.36 Edg/139.0.0.0"
172.16.36.181 - - [22/Aug/2025:08:33:40 +0800] "GET /manager-page/api/snapshot.php?id=31&t=0.6905811192305084 HTTP/1.1" 500 - "http://192.168.60.79/manager-page/home-3.php" "Mozilla/5.0 (Windows NT 10.0; Win64; x64) AppleWebKit/537.36 (KHTML, like Gecko) Chrome/139.0.0.0 Safari/537.36 Edg/139.0.0.0"
172.16.36.181 - - [22/Aug/2025:08:33:40 +0800] "GET /manager-page/api/snapshot.php?id=32&t=0.48072078231990034 HTTP/1.1" 500 - "http://192.168.60.79/manager-page/home-3.php" "Mozilla/5.0 (Windows NT 10.0; Win64; x64) AppleWebKit/537.36 (KHTML, like Gecko) Chrome/139.0.0.0 Safari/537.36 Edg/139.0.0.0"
172.16.36.181 - - [22/Aug/2025:08:33:45 +0800] "GET /manager-page/api/snapshot.php?id=31&t=0.8074297930192317 HTTP/1.1" 500 - "http://192.168.60.79/manager-page/home-3.php" "Mozilla/5.0 (Windows NT 10.0; Win64; x64) AppleWebKit/537.36 (KHTML, like Gecko) Chrome/139.0.0.0 Safari/537.36 Edg/139.0.0.0"
172.16.36.181 - - [22/Aug/2025:08:33:45 +0800] "GET /manager-page/api/snapshot.php?id=32&t=0.6584415571647263 HTTP/1.1" 500 - "http://192.168.60.79/manager-page/home-3.php" "Mozilla/5.0 (Windows NT 10.0; Win64; x64) AppleWebKit/537.36 (KHTML, like Gecko) Chrome/139.0.0.0 Safari/537.36 Edg/139.0.0.0"
172.16.36.181 - - [22/Aug/2025:08:33:50 +0800] "GET /manager-page/api/snapshot.php?id=31&t=0.6591404445958247 HTTP/1.1" 500 - "http://192.168.60.79/manager-page/home-3.php" "Mozilla/5.0 (Windows NT 10.0; Win64; x64) AppleWebKit/537.36 (KHTML, like Gecko) Chrome/139.0.0.0 Safari/537.36 Edg/139.0.0.0"
172.16.36.181 - - [22/Aug/2025:08:33:50 +0800] "GET /manager-page/api/snapshot.php?id=32&t=0.5288851891378428 HTTP/1.1" 500 - "http://192.168.60.79/manager-page/home-3.php" "Mozilla/5.0 (Windows NT 10.0; Win64; x64) AppleWebKit/537.36 (KHTML, like Gecko) Chrome/139.0.0.0 Safari/537.36 Edg/139.0.0.0"
127.0.0.1 - - [22/Aug/2025:08:34:00 +0800] "GET /robot/alarm-history-in.php HTTP/1.1" 200 - "-" "python-requests/2.28.1"
172.16.36.181 - - [22/Aug/2025:08:33:55 +0800] "GET /manager-page/api/snapshot.php?id=31&t=0.09734382815799725 HTTP/1.1" 500 - "http://192.168.60.79/manager-page/home-3.php" "Mozilla/5.0 (Windows NT 10.0; Win64; x64) AppleWebKit/537.36 (KHTML, like Gecko) Chrome/139.0.0.0 Safari/537.36 Edg/139.0.0.0"
172.16.36.181 - - [22/Aug/2025:08:33:55 +0800] "GET /manager-page/api/snapshot.php?id=32&t=0.30639872792909983 HTTP/1.1" 500 - "http://192.168.60.79/manager-page/home-3.php" "Mozilla/5.0 (Windows NT 10.0; Win64; x64) AppleWebKit/537.36 (KHTML, like Gecko) Chrome/139.0.0.0 Safari/537.36 Edg/139.0.0.0"
172.16.36.181 - - [22/Aug/2025:08:34:05 +0800] "GET /manager-page/api/snapshot.php?id=31&t=0.8804297328142227 HTTP/1.1" 500 - "http://192.168.60.79/manager-page/home-3.php" "Mozilla/5.0 (Windows NT 10.0; Win64; x64) AppleWebKit/537.36 (KHTML, like Gecko) Chrome/139.0.0.0 Safari/537.36 Edg/139.0.0.0"
172.16.36.181 - - [22/Aug/2025:08:34:05 +0800] "GET /manager-page/api/snapshot.php?id=32&t=0.43658538791702817 HTTP/1.1" 500 - "http://192.168.60.79/manager-page/home-3.php" "Mozilla/5.0 (Windows NT 10.0; Win64; x64) AppleWebKit/537.36 (KHTML, like Gecko) Chrome/139.0.0.0 Safari/537.36 Edg/139.0.0.0"
172.16.36.181 - - [22/Aug/2025:08:34:00 +0800] "GET /manager-page/api/snapshot.php?id=31&t=0.1412959632879197 HTTP/1.1" 500 - "http://192.168.60.79/manager-page/home-3.php" "Mozilla/5.0 (Windows NT 10.0; Win64; x64) AppleWebKit/537.36 (KHTML, like Gecko) Chrome/139.0.0.0 Safari/537.36 Edg/139.0.0.0"
172.16.36.181 - - [22/Aug/2025:08:34:00 +0800] "GET /manager-page/api/snapshot.php?id=32&t=0.13730374420583003 HTTP/1.1" 500 - "http://192.168.60.79/manager-page/home-3.php" "Mozilla/5.0 (Windows NT 10.0; Win64; x64) AppleWebKit/537.36 (KHTML, like Gecko) Chrome/139.0.0.0 Safari/537.36 Edg/139.0.0.0"
172.16.36.181 - - [22/Aug/2025:08:34:10 +0800] "GET /manager-page/api/snapshot.php?id=32&t=0.2523789195881613 HTTP/1.1" 500 - "http://192.168.60.79/manager-page/home-3.php" "Mozilla/5.0 (Windows NT 10.0; Win64; x64) AppleWebKit/537.36 (KHTML, like Gecko) Chrome/139.0.0.0 Safari/537.36 Edg/139.0.0.0"
172.16.36.181 - - [22/Aug/2025:08:34:10 +0800] "GET /manager-page/api/snapshot.php?id=31&t=0.9910581647752907 HTTP/1.1" 500 - "http://192.168.60.79/manager-page/home-3.php" "Mozilla/5.0 (Windows NT 10.0; Win64; x64) AppleWebKit/537.36 (KHTML, like Gecko) Chrome/139.0.0.0 Safari/537.36 Edg/139.0.0.0"
172.16.36.181 - - [22/Aug/2025:08:34:15 +0800] "GET /manager-page/api/snapshot.php?id=32&t=0.38779825489401254 HTTP/1.1" 500 - "http://192.168.60.79/manager-page/home-3.php" "Mozilla/5.0 (Windows NT 10.0; Win64; x64) AppleWebKit/537.36 (KHTML, like Gecko) Chrome/139.0.0.0 Safari/537.36 Edg/139.0.0.0"
172.16.36.181 - - [22/Aug/2025:08:34:15 +0800] "GET /manager-page/api/snapshot.php?id=31&t=0.6592820984823499 HTTP/1.1" 500 - "http://192.168.60.79/manager-page/home-3.php" "Mozilla/5.0 (Windows NT 10.0; Win64; x64) AppleWebKit/537.36 (KHTML, like Gecko) Chrome/139.0.0.0 Safari/537.36 Edg/139.0.0.0"
172.16.36.181 - - [22/Aug/2025:08:34:20 +0800] "GET /manager-page/api/snapshot.php?id=31&t=0.3187281610885848 HTTP/1.1" 500 - "http://192.168.60.79/manager-page/home-3.php" "Mozilla/5.0 (Windows NT 10.0; Win64; x64) AppleWebKit/537.36 (KHTML, like Gecko) Chrome/139.0.0.0 Safari/537.36 Edg/139.0.0.0"
172.16.36.181 - - [22/Aug/2025:08:34:20 +0800] "GET /manager-page/api/snapshot.php?id=32&t=0.6845361729561885 HTTP/1.1" 500 - "http://192.168.60.79/manager-page/home-3.php" "Mozilla/5.0 (Windows NT 10.0; Win64; x64) AppleWebKit/537.36 (KHTML, like Gecko) Chrome/139.0.0.0 Safari/537.36 Edg/139.0.0.0"
111.70.30.250 - - [22/Aug/2025:08:34:30 +0800] "POST /robot/lora-in.php HTTP/1.1" 200 - "-" "python-requests/2.21.0"
172.16.36.181 - - [22/Aug/2025:08:34:35 +0800] "GET /manager-page/api/snapshot.php?id=31&t=0.4958511422633256 HTTP/1.1" 200 60994 "http://192.168.60.79/manager-page/home-3.php" "Mozilla/5.0 (Windows NT 10.0; Win64; x64) AppleWebKit/537.36 (KHTML, like Gecko) Chrome/139.0.0.0 Safari/537.36 Edg/139.0.0.0"
172.16.36.181 - - [22/Aug/2025:08:34:37 +0800] "GET /manager-page/alarm/3-2.jpg?t=1261244984 HTTP/1.1" 200 187208 "http://192.168.60.79/manager-page/home-3.php" "Mozilla/5.0 (Windows NT 10.0; Win64; x64) AppleWebKit/537.36 (KHTML, like Gecko) Chrome/139.0.0.0 Safari/537.36 Edg/139.0.0.0"
172.16.36.181 - - [22/Aug/2025:08:34:37 +0800] "GET /manager-page/alarm/3-1.jpg?t=1517122030 HTTP/1.1" 200 520364 "http://192.168.60.79/manager-page/home-3.php" "Mozilla/5.0 (Windows NT 10.0; Win64; x64) AppleWebKit/537.36 (KHTML, like Gecko) Chrome/139.0.0.0 Safari/537.36 Edg/139.0.0.0"
172.16.36.181 - - [22/Aug/2025:08:34:29 +0800] "GET /manager-page/home-3.php HTTP/1.1" 200 27483 "http://192.168.60.79/manager-page/home-2.php" "Mozilla/5.0 (Windows NT 10.0; Win64; x64) AppleWebKit/537.36 (KHTML, like Gecko) Chrome/139.0.0.0 Safari/537.36 Edg/139.0.0.0"
172.16.36.181 - - [22/Aug/2025:08:34:25 +0800] "GET /manager-page/api/snapshot.php?id=32&t=0.030823808647305273 HTTP/1.1" 200 56622 "http://192.168.60.79/manager-page/home-3.php" "Mozilla/5.0 (Windows NT 10.0; Win64; x64) AppleWebKit/537.36 (KHTML, like Gecko) Chrome/139.0.0.0 Safari/537.36 Edg/139.0.0.0"
172.16.36.181 - - [22/Aug/2025:08:34:25 +0800] "GET /manager-page/api/snapshot.php?id=31&t=0.4446370077606361 HTTP/1.1" 500 - "http://192.168.60.79/manager-page/home-3.php" "Mozilla/5.0 (Windows NT 10.0; Win64; x64) AppleWebKit/537.36 (KHTML, like Gecko) Chrome/139.0.0.0 Safari/537.36 Edg/139.0.0.0"
172.16.36.181 - - [22/Aug/2025:08:34:30 +0800] "GET /manager-page/api/snapshot.php?id=31&t=0.14619187421934798 HTTP/1.1" 500 - "http://192.168.60.79/manager-page/home-3.php" "Mozilla/5.0 (Windows NT 10.0; Win64; x64) AppleWebKit/537.36 (KHTML, like Gecko) Chrome/139.0.0.0 Safari/537.36 Edg/139.0.0.0"
172.16.36.181 - - [22/Aug/2025:08:34:30 +0800] "GET /manager-page/api/snapshot.php?id=32&t=0.5010811848588838 HTTP/1.1" 500 - "http://192.168.60.79/manager-page/home-3.php" "Mozilla/5.0 (Windows NT 10.0; Win64; x64) AppleWebKit/537.36 (KHTML, like Gecko) Chrome/139.0.0.0 Safari/537.36 Edg/139.0.0.0"
172.16.36.181 - - [22/Aug/2025:08:34:35 +0800] "GET /manager-page/api/snapshot.php?id=32&t=0.5984931474093107 HTTP/1.1" 500 - "http://192.168.60.79/manager-page/home-3.php" "Mozilla/5.0 (Windows NT 10.0; Win64; x64) AppleWebKit/537.36 (KHTML, like Gecko) Chrome/139.0.0.0 Safari/537.36 Edg/139.0.0.0"
172.16.36.181 - - [22/Aug/2025:08:34:37 +0800] "GET /manager-page/api/snapshot.php?id=32 HTTP/1.1" 500 - "http://192.168.60.79/manager-page/home-3.php" "Mozilla/5.0 (Windows NT 10.0; Win64; x64) AppleWebKit/537.36 (KHTML, like Gecko) Chrome/139.0.0.0 Safari/537.36 Edg/139.0.0.0"
172.16.36.181 - - [22/Aug/2025:08:34:37 +0800] "GET /manager-page/api/snapshot.php?id=31 HTTP/1.1" 500 - "http://192.168.60.79/manager-page/home-3.php" "Mozilla/5.0 (Windows NT 10.0; Win64; x64) AppleWebKit/537.36 (KHTML, like Gecko) Chrome/139.0.0.0 Safari/537.36 Edg/139.0.0.0"
172.16.36.181 - - [22/Aug/2025:08:34:46 +0800] "GET /manager-page/live/3-2.jpg HTTP/1.1" 200 56668 "http://192.168.60.79/manager-page/home-3.php" "Mozilla/5.0 (Windows NT 10.0; Win64; x64) AppleWebKit/537.36 (KHTML, like Gecko) Chrome/139.0.0.0 Safari/537.36 Edg/139.0.0.0"
172.16.36.181 - - [22/Aug/2025:08:34:46 +0800] "GET /manager-page/live/3-1.jpg HTTP/1.1" 200 60988 "http://192.168.60.79/manager-page/home-3.php" "Mozilla/5.0 (Windows NT 10.0; Win64; x64) AppleWebKit/537.36 (KHTML, like Gecko) Chrome/139.0.0.0 Safari/537.36 Edg/139.0.0.0"
172.16.36.181 - - [22/Aug/2025:08:34:47 +0800] "GET /manager-page/alarm/4-2.jpg?t=1349538077 HTTP/1.1" 200 543160 "http://192.168.60.79/manager-page/home-4.php" "Mozilla/5.0 (Windows NT 10.0; Win64; x64) AppleWebKit/537.36 (KHTML, like Gecko) Chrome/139.0.0.0 Safari/537.36 Edg/139.0.0.0"
172.16.36.181 - - [22/Aug/2025:08:34:47 +0800] "GET /manager-page/alarm/4-1.jpg?t=1193727385 HTTP/1.1" 200 436474 "http://192.168.60.79/manager-page/home-4.php" "Mozilla/5.0 (Windows NT 10.0; Win64; x64) AppleWebKit/537.36 (KHTML, like Gecko) Chrome/139.0.0.0 Safari/537.36 Edg/139.0.0.0"
172.16.36.181 - - [22/Aug/2025:08:34:40 +0800] "GET /manager-page/home-4.php HTTP/1.1" 200 27483 "http://192.168.60.79/manager-page/home-3.php" "Mozilla/5.0 (Windows NT 10.0; Win64; x64) AppleWebKit/537.36 (KHTML, like Gecko) Chrome/139.0.0.0 Safari/537.36 Edg/139.0.0.0"
