127.0.0.1 - - [10/Jun/2025:08:00:00 +0800] "GET /robot/alarm-history-in.php HTTP/1.1" 200 - "-" "python-requests/2.28.1"
127.0.0.1 - - [10/Jun/2025:08:00:00 +0800] "GET /manager-page/daily/send.php HTTP/1.1" 200 - "-" "python-requests/2.28.1"
127.0.0.1 - - [10/Jun/2025:08:00:00 +0800] "GET /manager-page/daily/send2.php HTTP/1.1" 200 - "-" "python-requests/2.28.1"
127.0.0.1 - - [10/Jun/2025:08:00:57 +0800] "GET /manager-page/api/snapshot.php?id=21&t=0.9073305388297199 HTTP/1.1" 200 46066 "http://127.0.0.1/manager-page/home-2.php" "Mozilla/5.0 (Windows NT 10.0; Win64; x64) AppleWebKit/537.36 (KHTML, like Gecko) Chrome/119.0.0.0 Safari/537.36"
127.0.0.1 - - [10/Jun/2025:08:00:57 +0800] "GET /manager-page/api/snapshot.php?id=22&t=0.5467991468669398 HTTP/1.1" 200 40859 "http://127.0.0.1/manager-page/home-2.php" "Mozilla/5.0 (Windows NT 10.0; Win64; x64) AppleWebKit/537.36 (KHTML, like Gecko) Chrome/119.0.0.0 Safari/537.36"
127.0.0.1 - - [10/Jun/2025:08:01:00 +0800] "GET /robot/alarm-history-in.php HTTP/1.1" 200 - "-" "python-requests/2.28.1"
127.0.0.1 - - [10/Jun/2025:08:01:57 +0800] "GET /manager-page/api/snapshot.php?id=22&t=0.5274137931870668 HTTP/1.1" 200 40898 "http://127.0.0.1/manager-page/home-2.php" "Mozilla/5.0 (Windows NT 10.0; Win64; x64) AppleWebKit/537.36 (KHTML, like Gecko) Chrome/119.0.0.0 Safari/537.36"
127.0.0.1 - - [10/Jun/2025:08:01:57 +0800] "GET /manager-page/api/snapshot.php?id=21&t=0.6210312830626281 HTTP/1.1" 200 45993 "http://127.0.0.1/manager-page/home-2.php" "Mozilla/5.0 (Windows NT 10.0; Win64; x64) AppleWebKit/537.36 (KHTML, like Gecko) Chrome/119.0.0.0 Safari/537.36"
127.0.0.1 - - [10/Jun/2025:08:02:00 +0800] "GET /robot/alarm-history-in.php HTTP/1.1" 200 - "-" "python-requests/2.28.1"
111.70.30.253 - - [10/Jun/2025:08:02:07 +0800] "POST /robot/lora-in.php HTTP/1.1" 200 - "-" "python-requests/2.21.0"
127.0.0.1 - - [10/Jun/2025:08:02:57 +0800] "GET /manager-page/api/snapshot.php?id=21&t=0.1112050793686048 HTTP/1.1" 200 45966 "http://127.0.0.1/manager-page/home-2.php" "Mozilla/5.0 (Windows NT 10.0; Win64; x64) AppleWebKit/537.36 (KHTML, like Gecko) Chrome/119.0.0.0 Safari/537.36"
127.0.0.1 - - [10/Jun/2025:08:02:57 +0800] "GET /manager-page/api/snapshot.php?id=22&t=0.37444040396149125 HTTP/1.1" 200 40792 "http://127.0.0.1/manager-page/home-2.php" "Mozilla/5.0 (Windows NT 10.0; Win64; x64) AppleWebKit/537.36 (KHTML, like Gecko) Chrome/119.0.0.0 Safari/537.36"
127.0.0.1 - - [10/Jun/2025:08:03:00 +0800] "GET /robot/alarm-history-in.php HTTP/1.1" 200 - "-" "python-requests/2.28.1"
111.70.30.252 - - [10/Jun/2025:08:03:04 +0800] "POST /robot/lora-in.php HTTP/1.1" 200 - "-" "python-requests/2.21.0"
111.70.30.251 - - [10/Jun/2025:08:03:50 +0800] "POST /robot/lora-in.php HTTP/1.1" 200 - "-" "python-requests/2.21.0"
127.0.0.1 - - [10/Jun/2025:08:03:57 +0800] "GET /manager-page/api/snapshot.php?id=21&t=0.5164594387646444 HTTP/1.1" 200 45920 "http://127.0.0.1/manager-page/home-2.php" "Mozilla/5.0 (Windows NT 10.0; Win64; x64) AppleWebKit/537.36 (KHTML, like Gecko) Chrome/119.0.0.0 Safari/537.36"
127.0.0.1 - - [10/Jun/2025:08:03:57 +0800] "GET /manager-page/api/snapshot.php?id=22&t=0.5915472863747857 HTTP/1.1" 200 40801 "http://127.0.0.1/manager-page/home-2.php" "Mozilla/5.0 (Windows NT 10.0; Win64; x64) AppleWebKit/537.36 (KHTML, like Gecko) Chrome/119.0.0.0 Safari/537.36"
127.0.0.1 - - [10/Jun/2025:08:04:00 +0800] "GET /robot/alarm-history-in.php HTTP/1.1" 200 - "-" "python-requests/2.28.1"
127.0.0.1 - - [10/Jun/2025:08:04:14 +0800] "GET /get-setting.json HTTP/1.1" 200 2314 "-" "python-requests/2.31.0"
127.0.0.1 - - [10/Jun/2025:08:04:14 +0800] "POST /robot/lora-in.php HTTP/1.1" 200 - "-" "python-requests/2.31.0"
127.0.0.1 - - [10/Jun/2025:08:04:16 +0800] "POST /robot/lora-in.php HTTP/1.1" 200 - "-" "python-requests/2.31.0"
127.0.0.1 - - [10/Jun/2025:08:04:20 +0800] "POST /robot/lora-in.php HTTP/1.1" 200 - "-" "python-requests/2.31.0"
127.0.0.1 - - [10/Jun/2025:08:04:27 +0800] "POST /robot/lora-in.php HTTP/1.1" 200 - "-" "python-requests/2.31.0"
127.0.0.1 - - [10/Jun/2025:08:04:32 +0800] "POST /robot/lora-in.php HTTP/1.1" 200 - "-" "python-requests/2.31.0"
127.0.0.1 - - [10/Jun/2025:08:04:39 +0800] "POST /robot/lora-in.php HTTP/1.1" 200 - "-" "python-requests/2.31.0"
127.0.0.1 - - [10/Jun/2025:08:04:42 +0800] "POST /robot/lora-in.php HTTP/1.1" 200 - "-" "python-requests/2.31.0"
127.0.0.1 - - [10/Jun/2025:08:04:48 +0800] "POST /robot/et-7026-in.php HTTP/1.1" 200 - "-" "python-requests/2.32.2"
127.0.0.1 - - [10/Jun/2025:08:04:49 +0800] "POST /robot/lora-in.php HTTP/1.1" 200 - "-" "python-requests/2.31.0"
127.0.0.1 - - [10/Jun/2025:08:04:57 +0800] "GET /manager-page/api/snapshot.php?id=22&t=0.5358460472557036 HTTP/1.1" 200 40767 "http://127.0.0.1/manager-page/home-2.php" "Mozilla/5.0 (Windows NT 10.0; Win64; x64) AppleWebKit/537.36 (KHTML, like Gecko) Chrome/119.0.0.0 Safari/537.36"
127.0.0.1 - - [10/Jun/2025:08:04:57 +0800] "GET /manager-page/api/snapshot.php?id=21&t=0.42995208375274085 HTTP/1.1" 200 45882 "http://127.0.0.1/manager-page/home-2.php" "Mozilla/5.0 (Windows NT 10.0; Win64; x64) AppleWebKit/537.36 (KHTML, like Gecko) Chrome/119.0.0.0 Safari/537.36"
127.0.0.1 - - [10/Jun/2025:08:05:00 +0800] "GET /robot/alarm-history-in.php HTTP/1.1" 200 - "-" "python-requests/2.28.1"
127.0.0.1 - - [10/Jun/2025:08:05:57 +0800] "POST /robot/et-7026-in.php HTTP/1.1" 200 - "-" "python-requests/2.32.2"
127.0.0.1 - - [10/Jun/2025:08:05:57 +0800] "GET /manager-page/api/snapshot.php?id=21&t=0.5840063629391441 HTTP/1.1" 200 45861 "http://127.0.0.1/manager-page/home-2.php" "Mozilla/5.0 (Windows NT 10.0; Win64; x64) AppleWebKit/537.36 (KHTML, like Gecko) Chrome/119.0.0.0 Safari/537.36"
127.0.0.1 - - [10/Jun/2025:08:05:57 +0800] "GET /manager-page/api/snapshot.php?id=22&t=0.28446404100197387 HTTP/1.1" 200 40781 "http://127.0.0.1/manager-page/home-2.php" "Mozilla/5.0 (Windows NT 10.0; Win64; x64) AppleWebKit/537.36 (KHTML, like Gecko) Chrome/119.0.0.0 Safari/537.36"
127.0.0.1 - - [10/Jun/2025:08:06:00 +0800] "GET /robot/alarm-history-in.php HTTP/1.1" 200 - "-" "python-requests/2.28.1"
127.0.0.1 - - [10/Jun/2025:08:06:15 +0800] "POST /robot/et-7026-in.php HTTP/1.1" 200 - "-" "python-requests/2.32.2"
111.70.30.250 - - [10/Jun/2025:08:06:27 +0800] "POST /robot/lora-in.php HTTP/1.1" 200 - "-" "python-requests/2.21.0"
127.0.0.1 - - [10/Jun/2025:08:06:57 +0800] "GET /manager-page/api/snapshot.php?id=21&t=0.5621240524139943 HTTP/1.1" 200 45831 "http://127.0.0.1/manager-page/home-2.php" "Mozilla/5.0 (Windows NT 10.0; Win64; x64) AppleWebKit/537.36 (KHTML, like Gecko) Chrome/119.0.0.0 Safari/537.36"
127.0.0.1 - - [10/Jun/2025:08:06:57 +0800] "GET /manager-page/api/snapshot.php?id=22&t=0.022973270541216007 HTTP/1.1" 200 40804 "http://127.0.0.1/manager-page/home-2.php" "Mozilla/5.0 (Windows NT 10.0; Win64; x64) AppleWebKit/537.36 (KHTML, like Gecko) Chrome/119.0.0.0 Safari/537.36"
127.0.0.1 - - [10/Jun/2025:08:07:00 +0800] "GET /robot/alarm-history-in.php HTTP/1.1" 200 - "-" "python-requests/2.28.1"
127.0.0.1 - - [10/Jun/2025:08:07:13 +0800] "POST /robot/et-7026-in.php HTTP/1.1" 200 - "-" "python-requests/2.32.2"
127.0.0.1 - - [10/Jun/2025:08:07:57 +0800] "GET /manager-page/api/snapshot.php?id=21&t=0.8034800624997491 HTTP/1.1" 200 45769 "http://127.0.0.1/manager-page/home-2.php" "Mozilla/5.0 (Windows NT 10.0; Win64; x64) AppleWebKit/537.36 (KHTML, like Gecko) Chrome/119.0.0.0 Safari/537.36"
127.0.0.1 - - [10/Jun/2025:08:07:57 +0800] "GET /manager-page/api/snapshot.php?id=22&t=0.757647280413984 HTTP/1.1" 200 40795 "http://127.0.0.1/manager-page/home-2.php" "Mozilla/5.0 (Windows NT 10.0; Win64; x64) AppleWebKit/537.36 (KHTML, like Gecko) Chrome/119.0.0.0 Safari/537.36"
127.0.0.1 - - [10/Jun/2025:08:08:00 +0800] "GET /robot/alarm-history-in.php HTTP/1.1" 200 - "-" "python-requests/2.28.1"
127.0.0.1 - - [10/Jun/2025:08:08:57 +0800] "GET /manager-page/api/snapshot.php?id=21&t=0.5377103713737448 HTTP/1.1" 200 45691 "http://127.0.0.1/manager-page/home-2.php" "Mozilla/5.0 (Windows NT 10.0; Win64; x64) AppleWebKit/537.36 (KHTML, like Gecko) Chrome/119.0.0.0 Safari/537.36"
127.0.0.1 - - [10/Jun/2025:08:08:57 +0800] "GET /manager-page/api/snapshot.php?id=22&t=0.7837114934577163 HTTP/1.1" 200 40852 "http://127.0.0.1/manager-page/home-2.php" "Mozilla/5.0 (Windows NT 10.0; Win64; x64) AppleWebKit/537.36 (KHTML, like Gecko) Chrome/119.0.0.0 Safari/537.36"
127.0.0.1 - - [10/Jun/2025:08:09:00 +0800] "GET /robot/alarm-history-in.php HTTP/1.1" 200 - "-" "python-requests/2.28.1"
172.16.36.181 - - [10/Jun/2025:08:09:01 +0800] "GET /manager-page/home-3.php HTTP/1.1" 302 - "-" "Mozilla/5.0 (Windows NT 10.0; Win64; x64) AppleWebKit/537.36 (KHTML, like Gecko) Chrome/137.0.0.0 Safari/537.36 Edg/137.0.0.0"
172.16.36.181 - - [10/Jun/2025:08:09:01 +0800] "GET /manager-page/login.php HTTP/1.1" 200 2365 "-" "Mozilla/5.0 (Windows NT 10.0; Win64; x64) AppleWebKit/537.36 (KHTML, like Gecko) Chrome/137.0.0.0 Safari/537.36 Edg/137.0.0.0"
172.16.36.181 - - [10/Jun/2025:08:09:01 +0800] "GET /favicon.ico HTTP/1.1" 404 196 "http://192.168.60.79/manager-page/login.php" "Mozilla/5.0 (Windows NT 10.0; Win64; x64) AppleWebKit/537.36 (KHTML, like Gecko) Chrome/137.0.0.0 Safari/537.36 Edg/137.0.0.0"
172.16.36.181 - - [10/Jun/2025:08:09:16 +0800] "POST /manager-page/login.php HTTP/1.1" 302 - "http://192.168.60.79/manager-page/login.php" "Mozilla/5.0 (Windows NT 10.0; Win64; x64) AppleWebKit/537.36 (KHTML, like Gecko) Chrome/137.0.0.0 Safari/537.36 Edg/137.0.0.0"
172.16.36.181 - - [10/Jun/2025:08:09:16 +0800] "GET /manager-page/home.php HTTP/1.1" 302 - "http://192.168.60.79/manager-page/login.php" "Mozilla/5.0 (Windows NT 10.0; Win64; x64) AppleWebKit/537.36 (KHTML, like Gecko) Chrome/137.0.0.0 Safari/537.36 Edg/137.0.0.0"
172.16.36.181 - - [10/Jun/2025:08:09:17 +0800] "GET /manager-page/alarm/1-1.jpg?t=824845281 HTTP/1.1" 200 322868 "http://192.168.60.79/manager-page/home-1.php" "Mozilla/5.0 (Windows NT 10.0; Win64; x64) AppleWebKit/537.36 (KHTML, like Gecko) Chrome/137.0.0.0 Safari/537.36 Edg/137.0.0.0"
172.16.36.181 - - [10/Jun/2025:08:09:17 +0800] "GET /manager-page/alarm/1-2.jpg?t=1895308455 HTTP/1.1" 200 495492 "http://192.168.60.79/manager-page/home-1.php" "Mozilla/5.0 (Windows NT 10.0; Win64; x64) AppleWebKit/537.36 (KHTML, like Gecko) Chrome/137.0.0.0 Safari/537.36 Edg/137.0.0.0"
172.16.36.181 - - [10/Jun/2025:08:09:16 +0800] "GET /manager-page/home-1.php HTTP/1.1" 200 27473 "http://192.168.60.79/manager-page/login.php" "Mozilla/5.0 (Windows NT 10.0; Win64; x64) AppleWebKit/537.36 (KHTML, like Gecko) Chrome/137.0.0.0 Safari/537.36 Edg/137.0.0.0"
172.16.36.181 - - [10/Jun/2025:08:09:17 +0800] "GET /manager-page/api/snapshot.php?id=11 HTTP/1.1" 200 52862 "http://192.168.60.79/manager-page/home-1.php" "Mozilla/5.0 (Windows NT 10.0; Win64; x64) AppleWebKit/537.36 (KHTML, like Gecko) Chrome/137.0.0.0 Safari/537.36 Edg/137.0.0.0"
172.16.36.181 - - [10/Jun/2025:08:09:17 +0800] "GET /manager-page/api/snapshot.php?id=12 HTTP/1.1" 200 51235 "http://192.168.60.79/manager-page/home-1.php" "Mozilla/5.0 (Windows NT 10.0; Win64; x64) AppleWebKit/537.36 (KHTML, like Gecko) Chrome/137.0.0.0 Safari/537.36 Edg/137.0.0.0"
172.16.36.181 - - [10/Jun/2025:08:09:18 +0800] "GET /manager-page/api/cms-status1.php HTTP/1.1" 200 12 "http://192.168.60.79/manager-page/home-1.php" "Mozilla/5.0 (Windows NT 10.0; Win64; x64) AppleWebKit/537.36 (KHTML, like Gecko) Chrome/137.0.0.0 Safari/537.36 Edg/137.0.0.0"
172.16.36.181 - - [10/Jun/2025:08:09:18 +0800] "GET /manager-page/api/lp-status1.php HTTP/1.1" 200 1 "http://192.168.60.79/manager-page/home-1.php" "Mozilla/5.0 (Windows NT 10.0; Win64; x64) AppleWebKit/537.36 (KHTML, like Gecko) Chrome/137.0.0.0 Safari/537.36 Edg/137.0.0.0"
172.16.36.181 - - [10/Jun/2025:08:09:24 +0800] "GET /manager-page/api/snapshot.php?id=12&t=0.4786054651322862 HTTP/1.1" 200 51245 "http://192.168.60.79/manager-page/home-1.php" "Mozilla/5.0 (Windows NT 10.0; Win64; x64) AppleWebKit/537.36 (KHTML, like Gecko) Chrome/137.0.0.0 Safari/537.36 Edg/137.0.0.0"
172.16.36.181 - - [10/Jun/2025:08:09:24 +0800] "GET /manager-page/api/snapshot.php?id=11&t=0.7741122911812999 HTTP/1.1" 200 52992 "http://192.168.60.79/manager-page/home-1.php" "Mozilla/5.0 (Windows NT 10.0; Win64; x64) AppleWebKit/537.36 (KHTML, like Gecko) Chrome/137.0.0.0 Safari/537.36 Edg/137.0.0.0"
172.16.36.181 - - [10/Jun/2025:08:09:29 +0800] "GET /manager-page/api/snapshot.php?id=12&t=0.6955288391051293 HTTP/1.1" 200 51296 "http://192.168.60.79/manager-page/home-1.php" "Mozilla/5.0 (Windows NT 10.0; Win64; x64) AppleWebKit/537.36 (KHTML, like Gecko) Chrome/137.0.0.0 Safari/537.36 Edg/137.0.0.0"
172.16.36.181 - - [10/Jun/2025:08:09:29 +0800] "GET /manager-page/api/snapshot.php?id=11&t=0.000902382923693823 HTTP/1.1" 200 53166 "http://192.168.60.79/manager-page/home-1.php" "Mozilla/5.0 (Windows NT 10.0; Win64; x64) AppleWebKit/537.36 (KHTML, like Gecko) Chrome/137.0.0.0 Safari/537.36 Edg/137.0.0.0"
172.16.36.181 - - [10/Jun/2025:08:09:33 +0800] "GET /manager-page/api/snapshot.php?id=11&t=0.5184642330555511 HTTP/1.1" 200 52839 "http://192.168.60.79/manager-page/home-1.php" "Mozilla/5.0 (Windows NT 10.0; Win64; x64) AppleWebKit/537.36 (KHTML, like Gecko) Chrome/137.0.0.0 Safari/537.36 Edg/137.0.0.0"
172.16.36.181 - - [10/Jun/2025:08:09:33 +0800] "GET /manager-page/api/snapshot.php?id=12&t=0.10812105848520204 HTTP/1.1" 200 51076 "http://192.168.60.79/manager-page/home-1.php" "Mozilla/5.0 (Windows NT 10.0; Win64; x64) AppleWebKit/537.36 (KHTML, like Gecko) Chrome/137.0.0.0 Safari/537.36 Edg/137.0.0.0"
172.16.36.181 - - [10/Jun/2025:08:09:39 +0800] "GET /manager-page/api/snapshot.php?id=12&t=0.4727024967473318 HTTP/1.1" 200 51167 "http://192.168.60.79/manager-page/home-1.php" "Mozilla/5.0 (Windows NT 10.0; Win64; x64) AppleWebKit/537.36 (KHTML, like Gecko) Chrome/137.0.0.0 Safari/537.36 Edg/137.0.0.0"
172.16.36.181 - - [10/Jun/2025:08:09:39 +0800] "GET /manager-page/api/snapshot.php?id=11&t=0.5646462513162166 HTTP/1.1" 200 52762 "http://192.168.60.79/manager-page/home-1.php" "Mozilla/5.0 (Windows NT 10.0; Win64; x64) AppleWebKit/537.36 (KHTML, like Gecko) Chrome/137.0.0.0 Safari/537.36 Edg/137.0.0.0"
172.16.36.181 - - [10/Jun/2025:08:09:43 +0800] "GET /manager-page/api/snapshot.php?id=11&t=0.5202129393064181 HTTP/1.1" 200 53024 "http://192.168.60.79/manager-page/home-1.php" "Mozilla/5.0 (Windows NT 10.0; Win64; x64) AppleWebKit/537.36 (KHTML, like Gecko) Chrome/137.0.0.0 Safari/537.36 Edg/137.0.0.0"
172.16.36.181 - - [10/Jun/2025:08:09:43 +0800] "GET /manager-page/api/snapshot.php?id=12&t=0.21579441943612643 HTTP/1.1" 200 51225 "http://192.168.60.79/manager-page/home-1.php" "Mozilla/5.0 (Windows NT 10.0; Win64; x64) AppleWebKit/537.36 (KHTML, like Gecko) Chrome/137.0.0.0 Safari/537.36 Edg/137.0.0.0"
172.16.36.181 - - [10/Jun/2025:08:09:48 +0800] "GET /manager-page/api/snapshot.php?id=12&t=0.07320817130970614 HTTP/1.1" 200 51105 "http://192.168.60.79/manager-page/home-1.php" "Mozilla/5.0 (Windows NT 10.0; Win64; x64) AppleWebKit/537.36 (KHTML, like Gecko) Chrome/137.0.0.0 Safari/537.36 Edg/137.0.0.0"
172.16.36.181 - - [10/Jun/2025:08:09:48 +0800] "GET /manager-page/api/snapshot.php?id=11&t=0.5128524533228369 HTTP/1.1" 200 52788 "http://192.168.60.79/manager-page/home-1.php" "Mozilla/5.0 (Windows NT 10.0; Win64; x64) AppleWebKit/537.36 (KHTML, like Gecko) Chrome/137.0.0.0 Safari/537.36 Edg/137.0.0.0"
172.16.36.181 - - [10/Jun/2025:08:09:53 +0800] "GET /manager-page/api/snapshot.php?id=11&t=0.3981537763514085 HTTP/1.1" 200 52840 "http://192.168.60.79/manager-page/home-1.php" "Mozilla/5.0 (Windows NT 10.0; Win64; x64) AppleWebKit/537.36 (KHTML, like Gecko) Chrome/137.0.0.0 Safari/537.36 Edg/137.0.0.0"
172.16.36.181 - - [10/Jun/2025:08:09:53 +0800] "GET /manager-page/api/snapshot.php?id=12&t=0.36126758678541115 HTTP/1.1" 200 51205 "http://192.168.60.79/manager-page/home-1.php" "Mozilla/5.0 (Windows NT 10.0; Win64; x64) AppleWebKit/537.36 (KHTML, like Gecko) Chrome/137.0.0.0 Safari/537.36 Edg/137.0.0.0"
127.0.0.1 - - [10/Jun/2025:08:09:57 +0800] "GET /manager-page/api/snapshot.php?id=21&t=0.6542355895470098 HTTP/1.1" 200 45664 "http://127.0.0.1/manager-page/home-2.php" "Mozilla/5.0 (Windows NT 10.0; Win64; x64) AppleWebKit/537.36 (KHTML, like Gecko) Chrome/119.0.0.0 Safari/537.36"
127.0.0.1 - - [10/Jun/2025:08:09:57 +0800] "GET /manager-page/api/snapshot.php?id=22&t=0.8303100743026908 HTTP/1.1" 200 40798 "http://127.0.0.1/manager-page/home-2.php" "Mozilla/5.0 (Windows NT 10.0; Win64; x64) AppleWebKit/537.36 (KHTML, like Gecko) Chrome/119.0.0.0 Safari/537.36"
172.16.36.181 - - [10/Jun/2025:08:09:59 +0800] "GET /manager-page/api/snapshot.php?id=11&t=0.5312860838952105 HTTP/1.1" 200 53311 "http://192.168.60.79/manager-page/home-1.php" "Mozilla/5.0 (Windows NT 10.0; Win64; x64) AppleWebKit/537.36 (KHTML, like Gecko) Chrome/137.0.0.0 Safari/537.36 Edg/137.0.0.0"
172.16.36.181 - - [10/Jun/2025:08:09:59 +0800] "GET /manager-page/api/snapshot.php?id=12&t=0.22805415751644598 HTTP/1.1" 200 51218 "http://192.168.60.79/manager-page/home-1.php" "Mozilla/5.0 (Windows NT 10.0; Win64; x64) AppleWebKit/537.36 (KHTML, like Gecko) Chrome/137.0.0.0 Safari/537.36 Edg/137.0.0.0"
127.0.0.1 - - [10/Jun/2025:08:10:00 +0800] "GET /robot/alarm-history-in.php HTTP/1.1" 200 - "-" "python-requests/2.28.1"
172.16.36.181 - - [10/Jun/2025:08:10:04 +0800] "GET /manager-page/api/snapshot.php?id=11&t=0.09634478892582499 HTTP/1.1" 200 52809 "http://192.168.60.79/manager-page/home-1.php" "Mozilla/5.0 (Windows NT 10.0; Win64; x64) AppleWebKit/537.36 (KHTML, like Gecko) Chrome/137.0.0.0 Safari/537.36 Edg/137.0.0.0"
172.16.36.181 - - [10/Jun/2025:08:10:04 +0800] "GET /manager-page/api/snapshot.php?id=12&t=0.3728342641730724 HTTP/1.1" 200 51147 "http://192.168.60.79/manager-page/home-1.php" "Mozilla/5.0 (Windows NT 10.0; Win64; x64) AppleWebKit/537.36 (KHTML, like Gecko) Chrome/137.0.0.0 Safari/537.36 Edg/137.0.0.0"
172.16.36.181 - - [10/Jun/2025:08:10:08 +0800] "GET /manager-page/api/snapshot.php?id=12&t=0.8272227832514902 HTTP/1.1" 200 51106 "http://192.168.60.79/manager-page/home-1.php" "Mozilla/5.0 (Windows NT 10.0; Win64; x64) AppleWebKit/537.36 (KHTML, like Gecko) Chrome/137.0.0.0 Safari/537.36 Edg/137.0.0.0"
172.16.36.181 - - [10/Jun/2025:08:10:08 +0800] "GET /manager-page/api/snapshot.php?id=11&t=0.14453010408000866 HTTP/1.1" 200 52788 "http://192.168.60.79/manager-page/home-1.php" "Mozilla/5.0 (Windows NT 10.0; Win64; x64) AppleWebKit/537.36 (KHTML, like Gecko) Chrome/137.0.0.0 Safari/537.36 Edg/137.0.0.0"
172.16.36.181 - - [10/Jun/2025:08:10:13 +0800] "GET /manager-page/api/snapshot.php?id=12&t=0.9565605909073944 HTTP/1.1" 200 51189 "http://192.168.60.79/manager-page/home-1.php" "Mozilla/5.0 (Windows NT 10.0; Win64; x64) AppleWebKit/537.36 (KHTML, like Gecko) Chrome/137.0.0.0 Safari/537.36 Edg/137.0.0.0"
172.16.36.181 - - [10/Jun/2025:08:10:13 +0800] "GET /manager-page/api/snapshot.php?id=11&t=0.9548120514188569 HTTP/1.1" 200 52869 "http://192.168.60.79/manager-page/home-1.php" "Mozilla/5.0 (Windows NT 10.0; Win64; x64) AppleWebKit/537.36 (KHTML, like Gecko) Chrome/137.0.0.0 Safari/537.36 Edg/137.0.0.0"
172.16.36.181 - - [10/Jun/2025:08:10:18 +0800] "GET /manager-page/api/snapshot.php?id=11&t=0.36146585458244385 HTTP/1.1" 200 52721 "http://192.168.60.79/manager-page/home-1.php" "Mozilla/5.0 (Windows NT 10.0; Win64; x64) AppleWebKit/537.36 (KHTML, like Gecko) Chrome/137.0.0.0 Safari/537.36 Edg/137.0.0.0"
172.16.36.181 - - [10/Jun/2025:08:10:18 +0800] "GET /manager-page/api/snapshot.php?id=12&t=0.8140383325747237 HTTP/1.1" 200 51250 "http://192.168.60.79/manager-page/home-1.php" "Mozilla/5.0 (Windows NT 10.0; Win64; x64) AppleWebKit/537.36 (KHTML, like Gecko) Chrome/137.0.0.0 Safari/537.36 Edg/137.0.0.0"
172.16.36.181 - - [10/Jun/2025:08:10:50 +0800] "GET /manager-page/api/snapshot.php?id=11&t=0.5372521902405367 HTTP/1.1" 200 52762 "http://192.168.60.79/manager-page/home-1.php" "Mozilla/5.0 (Windows NT 10.0; Win64; x64) AppleWebKit/537.36 (KHTML, like Gecko) Chrome/137.0.0.0 Safari/537.36 Edg/137.0.0.0"
172.16.36.181 - - [10/Jun/2025:08:10:50 +0800] "GET /manager-page/api/snapshot.php?id=12&t=0.6441866145556349 HTTP/1.1" 200 51215 "http://192.168.60.79/manager-page/home-1.php" "Mozilla/5.0 (Windows NT 10.0; Win64; x64) AppleWebKit/537.36 (KHTML, like Gecko) Chrome/137.0.0.0 Safari/537.36 Edg/137.0.0.0"
111.70.30.253 - - [10/Jun/2025:08:10:52 +0800] "POST /robot/lora-in.php HTTP/1.1" 200 - "-" "python-requests/2.21.0"
127.0.0.1 - - [10/Jun/2025:08:10:57 +0800] "GET /manager-page/api/snapshot.php?id=22&t=0.4371070118541458 HTTP/1.1" 200 40787 "http://127.0.0.1/manager-page/home-2.php" "Mozilla/5.0 (Windows NT 10.0; Win64; x64) AppleWebKit/537.36 (KHTML, like Gecko) Chrome/119.0.0.0 Safari/537.36"
127.0.0.1 - - [10/Jun/2025:08:10:57 +0800] "GET /manager-page/api/snapshot.php?id=21&t=0.8556373906321548 HTTP/1.1" 200 45720 "http://127.0.0.1/manager-page/home-2.php" "Mozilla/5.0 (Windows NT 10.0; Win64; x64) AppleWebKit/537.36 (KHTML, like Gecko) Chrome/119.0.0.0 Safari/537.36"
127.0.0.1 - - [10/Jun/2025:08:11:00 +0800] "GET /robot/alarm-history-in.php HTTP/1.1" 200 - "-" "python-requests/2.28.1"
172.16.36.181 - - [10/Jun/2025:08:11:50 +0800] "GET /manager-page/api/snapshot.php?id=12&t=0.3102228916132399 HTTP/1.1" 200 51246 "http://192.168.60.79/manager-page/home-1.php" "Mozilla/5.0 (Windows NT 10.0; Win64; x64) AppleWebKit/537.36 (KHTML, like Gecko) Chrome/137.0.0.0 Safari/537.36 Edg/137.0.0.0"
172.16.36.181 - - [10/Jun/2025:08:11:50 +0800] "GET /manager-page/api/snapshot.php?id=11&t=0.8182688933342388 HTTP/1.1" 200 52520 "http://192.168.60.79/manager-page/home-1.php" "Mozilla/5.0 (Windows NT 10.0; Win64; x64) AppleWebKit/537.36 (KHTML, like Gecko) Chrome/137.0.0.0 Safari/537.36 Edg/137.0.0.0"
127.0.0.1 - - [10/Jun/2025:08:11:57 +0800] "GET /manager-page/api/snapshot.php?id=21&t=0.7025133405013828 HTTP/1.1" 200 45758 "http://127.0.0.1/manager-page/home-2.php" "Mozilla/5.0 (Windows NT 10.0; Win64; x64) AppleWebKit/537.36 (KHTML, like Gecko) Chrome/119.0.0.0 Safari/537.36"
127.0.0.1 - - [10/Jun/2025:08:11:57 +0800] "GET /manager-page/api/snapshot.php?id=22&t=0.13301837362228497 HTTP/1.1" 200 40765 "http://127.0.0.1/manager-page/home-2.php" "Mozilla/5.0 (Windows NT 10.0; Win64; x64) AppleWebKit/537.36 (KHTML, like Gecko) Chrome/119.0.0.0 Safari/537.36"
127.0.0.1 - - [10/Jun/2025:08:12:00 +0800] "GET /robot/alarm-history-in.php HTTP/1.1" 200 - "-" "python-requests/2.28.1"
111.70.30.251 - - [10/Jun/2025:08:12:25 +0800] "POST /robot/lora-in.php HTTP/1.1" 200 - "-" "python-requests/2.21.0"
172.16.36.181 - - [10/Jun/2025:08:12:49 +0800] "GET /manager-page/api/snapshot.php?id=12&t=0.8150739419519729 HTTP/1.1" 200 51663 "http://192.168.60.79/manager-page/home-1.php" "Mozilla/5.0 (Windows NT 10.0; Win64; x64) AppleWebKit/537.36 (KHTML, like Gecko) Chrome/137.0.0.0 Safari/537.36 Edg/137.0.0.0"
172.16.36.181 - - [10/Jun/2025:08:12:49 +0800] "GET /manager-page/api/snapshot.php?id=11&t=0.3340275043488603 HTTP/1.1" 200 54188 "http://192.168.60.79/manager-page/home-1.php" "Mozilla/5.0 (Windows NT 10.0; Win64; x64) AppleWebKit/537.36 (KHTML, like Gecko) Chrome/137.0.0.0 Safari/537.36 Edg/137.0.0.0"
127.0.0.1 - - [10/Jun/2025:08:12:57 +0800] "GET /manager-page/api/snapshot.php?id=21&t=0.2640257861020152 HTTP/1.1" 200 45737 "http://127.0.0.1/manager-page/home-2.php" "Mozilla/5.0 (Windows NT 10.0; Win64; x64) AppleWebKit/537.36 (KHTML, like Gecko) Chrome/119.0.0.0 Safari/537.36"
127.0.0.1 - - [10/Jun/2025:08:12:57 +0800] "GET /manager-page/api/snapshot.php?id=22&t=0.26845278085089874 HTTP/1.1" 200 40799 "http://127.0.0.1/manager-page/home-2.php" "Mozilla/5.0 (Windows NT 10.0; Win64; x64) AppleWebKit/537.36 (KHTML, like Gecko) Chrome/119.0.0.0 Safari/537.36"
127.0.0.1 - - [10/Jun/2025:08:13:00 +0800] "GET /robot/alarm-history-in.php HTTP/1.1" 200 - "-" "python-requests/2.28.1"
172.16.36.181 - - [10/Jun/2025:08:13:49 +0800] "GET /manager-page/api/snapshot.php?id=11&t=0.45357894209065286 HTTP/1.1" 200 51806 "http://192.168.60.79/manager-page/home-1.php" "Mozilla/5.0 (Windows NT 10.0; Win64; x64) AppleWebKit/537.36 (KHTML, like Gecko) Chrome/137.0.0.0 Safari/537.36 Edg/137.0.0.0"
172.16.36.181 - - [10/Jun/2025:08:13:49 +0800] "GET /manager-page/api/snapshot.php?id=12&t=0.253266202466534 HTTP/1.1" 200 52245 "http://192.168.60.79/manager-page/home-1.php" "Mozilla/5.0 (Windows NT 10.0; Win64; x64) AppleWebKit/537.36 (KHTML, like Gecko) Chrome/137.0.0.0 Safari/537.36 Edg/137.0.0.0"
127.0.0.1 - - [10/Jun/2025:08:13:57 +0800] "GET /manager-page/api/snapshot.php?id=22&t=0.9105331433021 HTTP/1.1" 200 40774 "http://127.0.0.1/manager-page/home-2.php" "Mozilla/5.0 (Windows NT 10.0; Win64; x64) AppleWebKit/537.36 (KHTML, like Gecko) Chrome/119.0.0.0 Safari/537.36"
127.0.0.1 - - [10/Jun/2025:08:13:57 +0800] "GET /manager-page/api/snapshot.php?id=21&t=0.19369223282353687 HTTP/1.1" 200 45709 "http://127.0.0.1/manager-page/home-2.php" "Mozilla/5.0 (Windows NT 10.0; Win64; x64) AppleWebKit/537.36 (KHTML, like Gecko) Chrome/119.0.0.0 Safari/537.36"
127.0.0.1 - - [10/Jun/2025:08:14:00 +0800] "GET /robot/alarm-history-in.php HTTP/1.1" 200 - "-" "python-requests/2.28.1"
127.0.0.1 - - [10/Jun/2025:08:14:14 +0800] "GET /get-setting.json HTTP/1.1" 200 2314 "-" "python-requests/2.31.0"
127.0.0.1 - - [10/Jun/2025:08:14:14 +0800] "POST /robot/lora-in.php HTTP/1.1" 200 - "-" "python-requests/2.31.0"
127.0.0.1 - - [10/Jun/2025:08:14:21 +0800] "POST /robot/lora-in.php HTTP/1.1" 200 - "-" "python-requests/2.31.0"
127.0.0.1 - - [10/Jun/2025:08:14:24 +0800] "POST /robot/lora-in.php HTTP/1.1" 200 - "-" "python-requests/2.31.0"
127.0.0.1 - - [10/Jun/2025:08:14:27 +0800] "POST /robot/lora-in.php HTTP/1.1" 200 - "-" "python-requests/2.31.0"
127.0.0.1 - - [10/Jun/2025:08:14:30 +0800] "POST /robot/lora-in.php HTTP/1.1" 200 - "-" "python-requests/2.31.0"
127.0.0.1 - - [10/Jun/2025:08:14:38 +0800] "POST /robot/lora-in.php HTTP/1.1" 200 - "-" "python-requests/2.31.0"
127.0.0.1 - - [10/Jun/2025:08:14:42 +0800] "POST /robot/lora-in.php HTTP/1.1" 200 - "-" "python-requests/2.31.0"
127.0.0.1 - - [10/Jun/2025:08:14:45 +0800] "POST /robot/lora-in.php HTTP/1.1" 200 - "-" "python-requests/2.31.0"
127.0.0.1 - - [10/Jun/2025:08:14:49 +0800] "POST /robot/et-7026-in.php HTTP/1.1" 200 - "-" "python-requests/2.32.2"
172.16.36.181 - - [10/Jun/2025:08:14:50 +0800] "GET /manager-page/api/snapshot.php?id=11&t=0.4467382759737064 HTTP/1.1" 200 51200 "http://192.168.60.79/manager-page/home-1.php" "Mozilla/5.0 (Windows NT 10.0; Win64; x64) AppleWebKit/537.36 (KHTML, like Gecko) Chrome/137.0.0.0 Safari/537.36 Edg/137.0.0.0"
172.16.36.181 - - [10/Jun/2025:08:14:50 +0800] "GET /manager-page/api/snapshot.php?id=12&t=0.21882021919007877 HTTP/1.1" 200 51135 "http://192.168.60.79/manager-page/home-1.php" "Mozilla/5.0 (Windows NT 10.0; Win64; x64) AppleWebKit/537.36 (KHTML, like Gecko) Chrome/137.0.0.0 Safari/537.36 Edg/137.0.0.0"
127.0.0.1 - - [10/Jun/2025:08:14:57 +0800] "GET /manager-page/api/snapshot.php?id=21&t=0.5169587567696081 HTTP/1.1" 200 45737 "http://127.0.0.1/manager-page/home-2.php" "Mozilla/5.0 (Windows NT 10.0; Win64; x64) AppleWebKit/537.36 (KHTML, like Gecko) Chrome/119.0.0.0 Safari/537.36"
127.0.0.1 - - [10/Jun/2025:08:14:57 +0800] "GET /manager-page/api/snapshot.php?id=22&t=0.5322025890664064 HTTP/1.1" 200 40763 "http://127.0.0.1/manager-page/home-2.php" "Mozilla/5.0 (Windows NT 10.0; Win64; x64) AppleWebKit/537.36 (KHTML, like Gecko) Chrome/119.0.0.0 Safari/537.36"
127.0.0.1 - - [10/Jun/2025:08:15:00 +0800] "GET /robot/alarm-history-in.php HTTP/1.1" 200 - "-" "python-requests/2.28.1"
111.70.30.250 - - [10/Jun/2025:08:15:02 +0800] "POST /robot/lora-in.php HTTP/1.1" 200 - "-" "python-requests/2.21.0"
172.16.36.181 - - [10/Jun/2025:08:15:49 +0800] "GET /manager-page/api/snapshot.php?id=11&t=0.00461701092600586 HTTP/1.1" 200 50612 "http://192.168.60.79/manager-page/home-1.php" "Mozilla/5.0 (Windows NT 10.0; Win64; x64) AppleWebKit/537.36 (KHTML, like Gecko) Chrome/137.0.0.0 Safari/537.36 Edg/137.0.0.0"
172.16.36.181 - - [10/Jun/2025:08:15:49 +0800] "GET /manager-page/api/snapshot.php?id=12&t=0.24835777596753483 HTTP/1.1" 200 50421 "http://192.168.60.79/manager-page/home-1.php" "Mozilla/5.0 (Windows NT 10.0; Win64; x64) AppleWebKit/537.36 (KHTML, like Gecko) Chrome/137.0.0.0 Safari/537.36 Edg/137.0.0.0"
127.0.0.1 - - [10/Jun/2025:08:15:57 +0800] "GET /manager-page/api/snapshot.php?id=22&t=0.12069951048086902 HTTP/1.1" 200 40962 "http://127.0.0.1/manager-page/home-2.php" "Mozilla/5.0 (Windows NT 10.0; Win64; x64) AppleWebKit/537.36 (KHTML, like Gecko) Chrome/119.0.0.0 Safari/537.36"
127.0.0.1 - - [10/Jun/2025:08:15:57 +0800] "GET /manager-page/api/snapshot.php?id=21&t=0.46796327626625756 HTTP/1.1" 200 45759 "http://127.0.0.1/manager-page/home-2.php" "Mozilla/5.0 (Windows NT 10.0; Win64; x64) AppleWebKit/537.36 (KHTML, like Gecko) Chrome/119.0.0.0 Safari/537.36"
127.0.0.1 - - [10/Jun/2025:08:16:00 +0800] "POST /robot/et-7026-in.php HTTP/1.1" 200 - "-" "python-requests/2.32.2"
127.0.0.1 - - [10/Jun/2025:08:16:00 +0800] "GET /robot/alarm-history-in.php HTTP/1.1" 200 - "-" "python-requests/2.28.1"
127.0.0.1 - - [10/Jun/2025:08:16:18 +0800] "POST /robot/et-7026-in.php HTTP/1.1" 200 - "-" "python-requests/2.32.2"
172.16.36.181 - - [10/Jun/2025:08:16:50 +0800] "GET /manager-page/api/snapshot.php?id=12&t=0.9366570343840026 HTTP/1.1" 200 50411 "http://192.168.60.79/manager-page/home-1.php" "Mozilla/5.0 (Windows NT 10.0; Win64; x64) AppleWebKit/537.36 (KHTML, like Gecko) Chrome/137.0.0.0 Safari/537.36 Edg/137.0.0.0"
172.16.36.181 - - [10/Jun/2025:08:16:50 +0800] "GET /manager-page/api/snapshot.php?id=11&t=0.37993220983815557 HTTP/1.1" 200 50498 "http://192.168.60.79/manager-page/home-1.php" "Mozilla/5.0 (Windows NT 10.0; Win64; x64) AppleWebKit/537.36 (KHTML, like Gecko) Chrome/137.0.0.0 Safari/537.36 Edg/137.0.0.0"
127.0.0.1 - - [10/Jun/2025:08:16:57 +0800] "GET /manager-page/api/snapshot.php?id=22&t=0.662857551542579 HTTP/1.1" 200 40979 "http://127.0.0.1/manager-page/home-2.php" "Mozilla/5.0 (Windows NT 10.0; Win64; x64) AppleWebKit/537.36 (KHTML, like Gecko) Chrome/119.0.0.0 Safari/537.36"
127.0.0.1 - - [10/Jun/2025:08:16:57 +0800] "GET /manager-page/api/snapshot.php?id=21&t=0.6238323406306867 HTTP/1.1" 200 46210 "http://127.0.0.1/manager-page/home-2.php" "Mozilla/5.0 (Windows NT 10.0; Win64; x64) AppleWebKit/537.36 (KHTML, like Gecko) Chrome/119.0.0.0 Safari/537.36"
127.0.0.1 - - [10/Jun/2025:08:17:00 +0800] "GET /robot/alarm-history-in.php HTTP/1.1" 200 - "-" "python-requests/2.28.1"
127.0.0.1 - - [10/Jun/2025:08:17:15 +0800] "POST /robot/et-7026-in.php HTTP/1.1" 200 - "-" "python-requests/2.32.2"
172.16.36.181 - - [10/Jun/2025:08:17:49 +0800] "GET /manager-page/api/snapshot.php?id=12&t=0.12176891374890575 HTTP/1.1" 200 50333 "http://192.168.60.79/manager-page/home-1.php" "Mozilla/5.0 (Windows NT 10.0; Win64; x64) AppleWebKit/537.36 (KHTML, like Gecko) Chrome/137.0.0.0 Safari/537.36 Edg/137.0.0.0"
172.16.36.181 - - [10/Jun/2025:08:17:49 +0800] "GET /manager-page/api/snapshot.php?id=11&t=0.37489221312595333 HTTP/1.1" 200 50347 "http://192.168.60.79/manager-page/home-1.php" "Mozilla/5.0 (Windows NT 10.0; Win64; x64) AppleWebKit/537.36 (KHTML, like Gecko) Chrome/137.0.0.0 Safari/537.36 Edg/137.0.0.0"
127.0.0.1 - - [10/Jun/2025:08:17:57 +0800] "GET /manager-page/api/snapshot.php?id=21&t=0.31289498792381454 HTTP/1.1" 200 46256 "http://127.0.0.1/manager-page/home-2.php" "Mozilla/5.0 (Windows NT 10.0; Win64; x64) AppleWebKit/537.36 (KHTML, like Gecko) Chrome/119.0.0.0 Safari/537.36"
127.0.0.1 - - [10/Jun/2025:08:17:57 +0800] "GET /manager-page/api/snapshot.php?id=22&t=0.10127531004715418 HTTP/1.1" 200 40743 "http://127.0.0.1/manager-page/home-2.php" "Mozilla/5.0 (Windows NT 10.0; Win64; x64) AppleWebKit/537.36 (KHTML, like Gecko) Chrome/119.0.0.0 Safari/537.36"
127.0.0.1 - - [10/Jun/2025:08:18:00 +0800] "GET /robot/alarm-history-in.php HTTP/1.1" 200 - "-" "python-requests/2.28.1"
172.16.36.181 - - [10/Jun/2025:08:18:49 +0800] "GET /manager-page/api/snapshot.php?id=12&t=0.5927965719374084 HTTP/1.1" 200 50323 "http://192.168.60.79/manager-page/home-1.php" "Mozilla/5.0 (Windows NT 10.0; Win64; x64) AppleWebKit/537.36 (KHTML, like Gecko) Chrome/137.0.0.0 Safari/537.36 Edg/137.0.0.0"
172.16.36.181 - - [10/Jun/2025:08:18:49 +0800] "GET /manager-page/api/snapshot.php?id=11&t=0.594704609790818 HTTP/1.1" 200 50333 "http://192.168.60.79/manager-page/home-1.php" "Mozilla/5.0 (Windows NT 10.0; Win64; x64) AppleWebKit/537.36 (KHTML, like Gecko) Chrome/137.0.0.0 Safari/537.36 Edg/137.0.0.0"
127.0.0.1 - - [10/Jun/2025:08:18:57 +0800] "GET /manager-page/api/snapshot.php?id=21&t=0.5963288328456025 HTTP/1.1" 200 46289 "http://127.0.0.1/manager-page/home-2.php" "Mozilla/5.0 (Windows NT 10.0; Win64; x64) AppleWebKit/537.36 (KHTML, like Gecko) Chrome/119.0.0.0 Safari/537.36"
127.0.0.1 - - [10/Jun/2025:08:18:57 +0800] "GET /manager-page/api/snapshot.php?id=22&t=0.7908270709299958 HTTP/1.1" 200 40903 "http://127.0.0.1/manager-page/home-2.php" "Mozilla/5.0 (Windows NT 10.0; Win64; x64) AppleWebKit/537.36 (KHTML, like Gecko) Chrome/119.0.0.0 Safari/537.36"
127.0.0.1 - - [10/Jun/2025:08:19:00 +0800] "GET /robot/alarm-history-in.php HTTP/1.1" 200 - "-" "python-requests/2.28.1"
111.70.30.253 - - [10/Jun/2025:08:19:36 +0800] "POST /robot/lora-in.php HTTP/1.1" 200 - "-" "python-requests/2.21.0"
172.16.36.181 - - [10/Jun/2025:08:19:50 +0800] "GET /manager-page/api/snapshot.php?id=11&t=0.033926371165607816 HTTP/1.1" 200 50026 "http://192.168.60.79/manager-page/home-1.php" "Mozilla/5.0 (Windows NT 10.0; Win64; x64) AppleWebKit/537.36 (KHTML, like Gecko) Chrome/137.0.0.0 Safari/537.36 Edg/137.0.0.0"
172.16.36.181 - - [10/Jun/2025:08:19:50 +0800] "GET /manager-page/api/snapshot.php?id=12&t=0.9338528441700722 HTTP/1.1" 200 50364 "http://192.168.60.79/manager-page/home-1.php" "Mozilla/5.0 (Windows NT 10.0; Win64; x64) AppleWebKit/537.36 (KHTML, like Gecko) Chrome/137.0.0.0 Safari/537.36 Edg/137.0.0.0"
127.0.0.1 - - [10/Jun/2025:08:19:57 +0800] "GET /manager-page/api/snapshot.php?id=21&t=0.3703155573885826 HTTP/1.1" 200 46537 "http://127.0.0.1/manager-page/home-2.php" "Mozilla/5.0 (Windows NT 10.0; Win64; x64) AppleWebKit/537.36 (KHTML, like Gecko) Chrome/119.0.0.0 Safari/537.36"
127.0.0.1 - - [10/Jun/2025:08:19:57 +0800] "GET /manager-page/api/snapshot.php?id=22&t=0.15372439655145076 HTTP/1.1" 200 40434 "http://127.0.0.1/manager-page/home-2.php" "Mozilla/5.0 (Windows NT 10.0; Win64; x64) AppleWebKit/537.36 (KHTML, like Gecko) Chrome/119.0.0.0 Safari/537.36"
127.0.0.1 - - [10/Jun/2025:08:20:00 +0800] "GET /robot/alarm-history-in.php HTTP/1.1" 200 - "-" "python-requests/2.28.1"
172.16.36.181 - - [10/Jun/2025:08:20:49 +0800] "GET /manager-page/api/snapshot.php?id=11&t=0.11887073229014056 HTTP/1.1" 200 50323 "http://192.168.60.79/manager-page/home-1.php" "Mozilla/5.0 (Windows NT 10.0; Win64; x64) AppleWebKit/537.36 (KHTML, like Gecko) Chrome/137.0.0.0 Safari/537.36 Edg/137.0.0.0"
172.16.36.181 - - [10/Jun/2025:08:20:49 +0800] "GET /manager-page/api/snapshot.php?id=12&t=0.43123014229755496 HTTP/1.1" 200 50699 "http://192.168.60.79/manager-page/home-1.php" "Mozilla/5.0 (Windows NT 10.0; Win64; x64) AppleWebKit/537.36 (KHTML, like Gecko) Chrome/137.0.0.0 Safari/537.36 Edg/137.0.0.0"
127.0.0.1 - - [10/Jun/2025:08:20:57 +0800] "GET /manager-page/api/snapshot.php?id=22&t=0.12926439019619163 HTTP/1.1" 200 40890 "http://127.0.0.1/manager-page/home-2.php" "Mozilla/5.0 (Windows NT 10.0; Win64; x64) AppleWebKit/537.36 (KHTML, like Gecko) Chrome/119.0.0.0 Safari/537.36"
127.0.0.1 - - [10/Jun/2025:08:20:57 +0800] "GET /manager-page/api/snapshot.php?id=21&t=0.29092779193429297 HTTP/1.1" 200 46432 "http://127.0.0.1/manager-page/home-2.php" "Mozilla/5.0 (Windows NT 10.0; Win64; x64) AppleWebKit/537.36 (KHTML, like Gecko) Chrome/119.0.0.0 Safari/537.36"
111.70.30.251 - - [10/Jun/2025:08:21:00 +0800] "POST /robot/lora-in.php HTTP/1.1" 200 - "-" "python-requests/2.21.0"
127.0.0.1 - - [10/Jun/2025:08:21:00 +0800] "GET /robot/alarm-history-in.php HTTP/1.1" 200 - "-" "python-requests/2.28.1"
111.70.30.252 - - [10/Jun/2025:08:21:22 +0800] "POST /robot/lora-in.php HTTP/1.1" 200 - "-" "python-requests/2.21.0"
172.16.36.181 - - [10/Jun/2025:08:21:49 +0800] "GET /manager-page/api/snapshot.php?id=12&t=0.5632611760336523 HTTP/1.1" 200 50849 "http://192.168.60.79/manager-page/home-1.php" "Mozilla/5.0 (Windows NT 10.0; Win64; x64) AppleWebKit/537.36 (KHTML, like Gecko) Chrome/137.0.0.0 Safari/537.36 Edg/137.0.0.0"
172.16.36.181 - - [10/Jun/2025:08:21:49 +0800] "GET /manager-page/api/snapshot.php?id=11&t=0.7939651884555846 HTTP/1.1" 200 50931 "http://192.168.60.79/manager-page/home-1.php" "Mozilla/5.0 (Windows NT 10.0; Win64; x64) AppleWebKit/537.36 (KHTML, like Gecko) Chrome/137.0.0.0 Safari/537.36 Edg/137.0.0.0"
127.0.0.1 - - [10/Jun/2025:08:21:57 +0800] "GET /manager-page/api/snapshot.php?id=21&t=0.043292924980601555 HTTP/1.1" 200 46582 "http://127.0.0.1/manager-page/home-2.php" "Mozilla/5.0 (Windows NT 10.0; Win64; x64) AppleWebKit/537.36 (KHTML, like Gecko) Chrome/119.0.0.0 Safari/537.36"
127.0.0.1 - - [10/Jun/2025:08:21:57 +0800] "GET /manager-page/api/snapshot.php?id=22&t=0.2823622684422247 HTTP/1.1" 200 40839 "http://127.0.0.1/manager-page/home-2.php" "Mozilla/5.0 (Windows NT 10.0; Win64; x64) AppleWebKit/537.36 (KHTML, like Gecko) Chrome/119.0.0.0 Safari/537.36"
127.0.0.1 - - [10/Jun/2025:08:22:00 +0800] "GET /robot/alarm-history-in.php HTTP/1.1" 200 - "-" "python-requests/2.28.1"
172.16.36.181 - - [10/Jun/2025:08:22:49 +0800] "GET /manager-page/api/snapshot.php?id=11&t=0.6885887287641831 HTTP/1.1" 200 51211 "http://192.168.60.79/manager-page/home-1.php" "Mozilla/5.0 (Windows NT 10.0; Win64; x64) AppleWebKit/537.36 (KHTML, like Gecko) Chrome/137.0.0.0 Safari/537.36 Edg/137.0.0.0"
172.16.36.181 - - [10/Jun/2025:08:22:49 +0800] "GET /manager-page/api/snapshot.php?id=12&t=0.8866704416186492 HTTP/1.1" 200 50959 "http://192.168.60.79/manager-page/home-1.php" "Mozilla/5.0 (Windows NT 10.0; Win64; x64) AppleWebKit/537.36 (KHTML, like Gecko) Chrome/137.0.0.0 Safari/537.36 Edg/137.0.0.0"
127.0.0.1 - - [10/Jun/2025:08:22:57 +0800] "GET /manager-page/api/snapshot.php?id=22&t=0.6706118801842893 HTTP/1.1" 200 40850 "http://127.0.0.1/manager-page/home-2.php" "Mozilla/5.0 (Windows NT 10.0; Win64; x64) AppleWebKit/537.36 (KHTML, like Gecko) Chrome/119.0.0.0 Safari/537.36"
127.0.0.1 - - [10/Jun/2025:08:22:57 +0800] "GET /manager-page/api/snapshot.php?id=21&t=0.8016998238777591 HTTP/1.1" 200 46525 "http://127.0.0.1/manager-page/home-2.php" "Mozilla/5.0 (Windows NT 10.0; Win64; x64) AppleWebKit/537.36 (KHTML, like Gecko) Chrome/119.0.0.0 Safari/537.36"
127.0.0.1 - - [10/Jun/2025:08:23:00 +0800] "GET /robot/alarm-history-in.php HTTP/1.1" 200 - "-" "python-requests/2.28.1"
111.70.30.250 - - [10/Jun/2025:08:23:38 +0800] "POST /robot/lora-in.php HTTP/1.1" 200 - "-" "python-requests/2.21.0"
172.16.36.181 - - [10/Jun/2025:08:23:49 +0800] "GET /manager-page/api/snapshot.php?id=12&t=0.6936943214695325 HTTP/1.1" 200 50968 "http://192.168.60.79/manager-page/home-1.php" "Mozilla/5.0 (Windows NT 10.0; Win64; x64) AppleWebKit/537.36 (KHTML, like Gecko) Chrome/137.0.0.0 Safari/537.36 Edg/137.0.0.0"
172.16.36.181 - - [10/Jun/2025:08:23:49 +0800] "GET /manager-page/api/snapshot.php?id=11&t=0.9354529072342238 HTTP/1.1" 200 51125 "http://192.168.60.79/manager-page/home-1.php" "Mozilla/5.0 (Windows NT 10.0; Win64; x64) AppleWebKit/537.36 (KHTML, like Gecko) Chrome/137.0.0.0 Safari/537.36 Edg/137.0.0.0"
127.0.0.1 - - [10/Jun/2025:08:23:57 +0800] "GET /manager-page/api/snapshot.php?id=22&t=0.617173604779808 HTTP/1.1" 200 40935 "http://127.0.0.1/manager-page/home-2.php" "Mozilla/5.0 (Windows NT 10.0; Win64; x64) AppleWebKit/537.36 (KHTML, like Gecko) Chrome/119.0.0.0 Safari/537.36"
127.0.0.1 - - [10/Jun/2025:08:23:57 +0800] "GET /manager-page/api/snapshot.php?id=21&t=0.27514185057687524 HTTP/1.1" 200 46506 "http://127.0.0.1/manager-page/home-2.php" "Mozilla/5.0 (Windows NT 10.0; Win64; x64) AppleWebKit/537.36 (KHTML, like Gecko) Chrome/119.0.0.0 Safari/537.36"
127.0.0.1 - - [10/Jun/2025:08:24:00 +0800] "GET /robot/alarm-history-in.php HTTP/1.1" 200 - "-" "python-requests/2.28.1"
127.0.0.1 - - [10/Jun/2025:08:24:14 +0800] "GET /get-setting.json HTTP/1.1" 200 2314 "-" "python-requests/2.31.0"
127.0.0.1 - - [10/Jun/2025:08:24:14 +0800] "POST /robot/lora-in.php HTTP/1.1" 200 - "-" "python-requests/2.31.0"
127.0.0.1 - - [10/Jun/2025:08:24:19 +0800] "POST /robot/lora-in.php HTTP/1.1" 200 - "-" "python-requests/2.31.0"
127.0.0.1 - - [10/Jun/2025:08:24:24 +0800] "POST /robot/lora-in.php HTTP/1.1" 200 - "-" "python-requests/2.31.0"
127.0.0.1 - - [10/Jun/2025:08:24:25 +0800] "POST /robot/lora-in.php HTTP/1.1" 200 - "-" "python-requests/2.31.0"
127.0.0.1 - - [10/Jun/2025:08:24:29 +0800] "POST /robot/lora-in.php HTTP/1.1" 200 - "-" "python-requests/2.31.0"
127.0.0.1 - - [10/Jun/2025:08:24:33 +0800] "POST /robot/lora-in.php HTTP/1.1" 200 - "-" "python-requests/2.31.0"
127.0.0.1 - - [10/Jun/2025:08:24:38 +0800] "POST /robot/lora-in.php HTTP/1.1" 200 - "-" "python-requests/2.31.0"
127.0.0.1 - - [10/Jun/2025:08:24:39 +0800] "POST /robot/lora-in.php HTTP/1.1" 200 - "-" "python-requests/2.31.0"
127.0.0.1 - - [10/Jun/2025:08:24:50 +0800] "POST /robot/et-7026-in.php HTTP/1.1" 200 - "-" "python-requests/2.32.2"
172.16.36.181 - - [10/Jun/2025:08:24:49 +0800] "GET /manager-page/api/snapshot.php?id=11&t=0.39075317741012705 HTTP/1.1" 200 51060 "http://192.168.60.79/manager-page/home-1.php" "Mozilla/5.0 (Windows NT 10.0; Win64; x64) AppleWebKit/537.36 (KHTML, like Gecko) Chrome/137.0.0.0 Safari/537.36 Edg/137.0.0.0"
172.16.36.181 - - [10/Jun/2025:08:24:49 +0800] "GET /manager-page/api/snapshot.php?id=12&t=0.2056178903415009 HTTP/1.1" 200 50916 "http://192.168.60.79/manager-page/home-1.php" "Mozilla/5.0 (Windows NT 10.0; Win64; x64) AppleWebKit/537.36 (KHTML, like Gecko) Chrome/137.0.0.0 Safari/537.36 Edg/137.0.0.0"
127.0.0.1 - - [10/Jun/2025:08:24:57 +0800] "GET /manager-page/api/snapshot.php?id=21&t=0.9627776359708453 HTTP/1.1" 200 46455 "http://127.0.0.1/manager-page/home-2.php" "Mozilla/5.0 (Windows NT 10.0; Win64; x64) AppleWebKit/537.36 (KHTML, like Gecko) Chrome/119.0.0.0 Safari/537.36"
127.0.0.1 - - [10/Jun/2025:08:24:57 +0800] "GET /manager-page/api/snapshot.php?id=22&t=0.48873914340533564 HTTP/1.1" 200 40753 "http://127.0.0.1/manager-page/home-2.php" "Mozilla/5.0 (Windows NT 10.0; Win64; x64) AppleWebKit/537.36 (KHTML, like Gecko) Chrome/119.0.0.0 Safari/537.36"
127.0.0.1 - - [10/Jun/2025:08:25:00 +0800] "GET /robot/alarm-history-in.php HTTP/1.1" 200 - "-" "python-requests/2.28.1"
172.16.36.181 - - [10/Jun/2025:08:25:50 +0800] "GET /manager-page/api/snapshot.php?id=11&t=0.1387184202469387 HTTP/1.1" 200 51051 "http://192.168.60.79/manager-page/home-1.php" "Mozilla/5.0 (Windows NT 10.0; Win64; x64) AppleWebKit/537.36 (KHTML, like Gecko) Chrome/137.0.0.0 Safari/537.36 Edg/137.0.0.0"
172.16.36.181 - - [10/Jun/2025:08:25:50 +0800] "GET /manager-page/api/snapshot.php?id=12&t=0.576651277368368 HTTP/1.1" 200 50896 "http://192.168.60.79/manager-page/home-1.php" "Mozilla/5.0 (Windows NT 10.0; Win64; x64) AppleWebKit/537.36 (KHTML, like Gecko) Chrome/137.0.0.0 Safari/537.36 Edg/137.0.0.0"
127.0.0.1 - - [10/Jun/2025:08:25:57 +0800] "GET /manager-page/api/snapshot.php?id=21&t=0.13837822156004997 HTTP/1.1" 200 46426 "http://127.0.0.1/manager-page/home-2.php" "Mozilla/5.0 (Windows NT 10.0; Win64; x64) AppleWebKit/537.36 (KHTML, like Gecko) Chrome/119.0.0.0 Safari/537.36"
127.0.0.1 - - [10/Jun/2025:08:25:57 +0800] "GET /manager-page/api/snapshot.php?id=22&t=0.052726784279776284 HTTP/1.1" 200 40853 "http://127.0.0.1/manager-page/home-2.php" "Mozilla/5.0 (Windows NT 10.0; Win64; x64) AppleWebKit/537.36 (KHTML, like Gecko) Chrome/119.0.0.0 Safari/537.36"
127.0.0.1 - - [10/Jun/2025:08:26:00 +0800] "GET /robot/alarm-history-in.php HTTP/1.1" 200 - "-" "python-requests/2.28.1"
127.0.0.1 - - [10/Jun/2025:08:26:00 +0800] "POST /robot/et-7026-in.php HTTP/1.1" 200 - "-" "python-requests/2.32.2"
127.0.0.1 - - [10/Jun/2025:08:26:21 +0800] "POST /robot/et-7026-in.php HTTP/1.1" 200 - "-" "python-requests/2.32.2"
172.16.36.181 - - [10/Jun/2025:08:26:50 +0800] "GET /manager-page/api/snapshot.php?id=12&t=0.8751787493635712 HTTP/1.1" 200 51793 "http://192.168.60.79/manager-page/home-1.php" "Mozilla/5.0 (Windows NT 10.0; Win64; x64) AppleWebKit/537.36 (KHTML, like Gecko) Chrome/137.0.0.0 Safari/537.36 Edg/137.0.0.0"
172.16.36.181 - - [10/Jun/2025:08:26:50 +0800] "GET /manager-page/api/snapshot.php?id=11&t=0.02638706139523106 HTTP/1.1" 200 51115 "http://192.168.60.79/manager-page/home-1.php" "Mozilla/5.0 (Windows NT 10.0; Win64; x64) AppleWebKit/537.36 (KHTML, like Gecko) Chrome/137.0.0.0 Safari/537.36 Edg/137.0.0.0"
127.0.0.1 - - [10/Jun/2025:08:26:57 +0800] "GET /manager-page/api/snapshot.php?id=22&t=0.23377105768438344 HTTP/1.1" 200 40839 "http://127.0.0.1/manager-page/home-2.php" "Mozilla/5.0 (Windows NT 10.0; Win64; x64) AppleWebKit/537.36 (KHTML, like Gecko) Chrome/119.0.0.0 Safari/537.36"
127.0.0.1 - - [10/Jun/2025:08:26:57 +0800] "GET /manager-page/api/snapshot.php?id=21&t=0.9586055108602329 HTTP/1.1" 200 46489 "http://127.0.0.1/manager-page/home-2.php" "Mozilla/5.0 (Windows NT 10.0; Win64; x64) AppleWebKit/537.36 (KHTML, like Gecko) Chrome/119.0.0.0 Safari/537.36"
127.0.0.1 - - [10/Jun/2025:08:27:00 +0800] "GET /robot/alarm-history-in.php HTTP/1.1" 200 - "-" "python-requests/2.28.1"
127.0.0.1 - - [10/Jun/2025:08:27:17 +0800] "POST /robot/et-7026-in.php HTTP/1.1" 200 - "-" "python-requests/2.32.2"
172.16.36.181 - - [10/Jun/2025:08:27:50 +0800] "GET /manager-page/api/snapshot.php?id=12&t=0.17470218579157026 HTTP/1.1" 200 50855 "http://192.168.60.79/manager-page/home-1.php" "Mozilla/5.0 (Windows NT 10.0; Win64; x64) AppleWebKit/537.36 (KHTML, like Gecko) Chrome/137.0.0.0 Safari/537.36 Edg/137.0.0.0"
172.16.36.181 - - [10/Jun/2025:08:27:50 +0800] "GET /manager-page/api/snapshot.php?id=11&t=0.9216785492492985 HTTP/1.1" 200 51192 "http://192.168.60.79/manager-page/home-1.php" "Mozilla/5.0 (Windows NT 10.0; Win64; x64) AppleWebKit/537.36 (KHTML, like Gecko) Chrome/137.0.0.0 Safari/537.36 Edg/137.0.0.0"
127.0.0.1 - - [10/Jun/2025:08:27:57 +0800] "GET /manager-page/api/snapshot.php?id=22&t=0.4092445831954443 HTTP/1.1" 200 40864 "http://127.0.0.1/manager-page/home-2.php" "Mozilla/5.0 (Windows NT 10.0; Win64; x64) AppleWebKit/537.36 (KHTML, like Gecko) Chrome/119.0.0.0 Safari/537.36"
127.0.0.1 - - [10/Jun/2025:08:27:57 +0800] "GET /manager-page/api/snapshot.php?id=21&t=0.19308400145897475 HTTP/1.1" 200 48205 "http://127.0.0.1/manager-page/home-2.php" "Mozilla/5.0 (Windows NT 10.0; Win64; x64) AppleWebKit/537.36 (KHTML, like Gecko) Chrome/119.0.0.0 Safari/537.36"
127.0.0.1 - - [10/Jun/2025:08:28:00 +0800] "GET /robot/alarm-history-in.php HTTP/1.1" 200 - "-" "python-requests/2.28.1"
111.70.30.253 - - [10/Jun/2025:08:28:21 +0800] "POST /robot/lora-in.php HTTP/1.1" 200 - "-" "python-requests/2.21.0"
172.16.36.181 - - [10/Jun/2025:08:28:49 +0800] "GET /manager-page/api/snapshot.php?id=11&t=0.22564601830143272 HTTP/1.1" 200 51214 "http://192.168.60.79/manager-page/home-1.php" "Mozilla/5.0 (Windows NT 10.0; Win64; x64) AppleWebKit/537.36 (KHTML, like Gecko) Chrome/137.0.0.0 Safari/537.36 Edg/137.0.0.0"
172.16.36.181 - - [10/Jun/2025:08:28:49 +0800] "GET /manager-page/api/snapshot.php?id=12&t=0.7642125891757322 HTTP/1.1" 200 50898 "http://192.168.60.79/manager-page/home-1.php" "Mozilla/5.0 (Windows NT 10.0; Win64; x64) AppleWebKit/537.36 (KHTML, like Gecko) Chrome/137.0.0.0 Safari/537.36 Edg/137.0.0.0"
127.0.0.1 - - [10/Jun/2025:08:28:57 +0800] "GET /manager-page/api/snapshot.php?id=22&t=0.5356301381294242 HTTP/1.1" 200 40748 "http://127.0.0.1/manager-page/home-2.php" "Mozilla/5.0 (Windows NT 10.0; Win64; x64) AppleWebKit/537.36 (KHTML, like Gecko) Chrome/119.0.0.0 Safari/537.36"
127.0.0.1 - - [10/Jun/2025:08:28:57 +0800] "GET /manager-page/api/snapshot.php?id=21&t=0.636129615568251 HTTP/1.1" 200 46490 "http://127.0.0.1/manager-page/home-2.php" "Mozilla/5.0 (Windows NT 10.0; Win64; x64) AppleWebKit/537.36 (KHTML, like Gecko) Chrome/119.0.0.0 Safari/537.36"
127.0.0.1 - - [10/Jun/2025:08:29:00 +0800] "GET /robot/alarm-history-in.php HTTP/1.1" 200 - "-" "python-requests/2.28.1"
111.70.30.251 - - [10/Jun/2025:08:29:35 +0800] "POST /robot/lora-in.php HTTP/1.1" 200 - "-" "python-requests/2.21.0"
172.16.36.181 - - [10/Jun/2025:08:29:49 +0800] "GET /manager-page/api/snapshot.php?id=11&t=0.9804936653842966 HTTP/1.1" 200 51376 "http://192.168.60.79/manager-page/home-1.php" "Mozilla/5.0 (Windows NT 10.0; Win64; x64) AppleWebKit/537.36 (KHTML, like Gecko) Chrome/137.0.0.0 Safari/537.36 Edg/137.0.0.0"
172.16.36.181 - - [10/Jun/2025:08:29:49 +0800] "GET /manager-page/api/snapshot.php?id=12&t=0.5412693168266601 HTTP/1.1" 200 50993 "http://192.168.60.79/manager-page/home-1.php" "Mozilla/5.0 (Windows NT 10.0; Win64; x64) AppleWebKit/537.36 (KHTML, like Gecko) Chrome/137.0.0.0 Safari/537.36 Edg/137.0.0.0"
127.0.0.1 - - [10/Jun/2025:08:29:57 +0800] "GET /manager-page/api/snapshot.php?id=22&t=0.6224847987001727 HTTP/1.1" 200 40799 "http://127.0.0.1/manager-page/home-2.php" "Mozilla/5.0 (Windows NT 10.0; Win64; x64) AppleWebKit/537.36 (KHTML, like Gecko) Chrome/119.0.0.0 Safari/537.36"
127.0.0.1 - - [10/Jun/2025:08:29:57 +0800] "GET /manager-page/api/snapshot.php?id=21&t=0.8752785678156636 HTTP/1.1" 200 46504 "http://127.0.0.1/manager-page/home-2.php" "Mozilla/5.0 (Windows NT 10.0; Win64; x64) AppleWebKit/537.36 (KHTML, like Gecko) Chrome/119.0.0.0 Safari/537.36"
127.0.0.1 - - [10/Jun/2025:08:30:00 +0800] "GET /robot/alarm-history-in.php HTTP/1.1" 200 - "-" "python-requests/2.28.1"
111.70.30.252 - - [10/Jun/2025:08:30:31 +0800] "POST /robot/lora-in.php HTTP/1.1" 200 - "-" "python-requests/2.21.0"
