127.0.0.1 - - [15/Sep/2025:07:16:16 +0800] "POST /robot/lora-in.php HTTP/1.1" 200 - "-" "python-requests/2.31.0"
127.0.0.1 - - [15/Sep/2025:07:16:17 +0800] "POST /robot/lora-in.php HTTP/1.1" 200 - "-" "python-requests/2.31.0"
127.0.0.1 - - [15/Sep/2025:07:16:19 +0800] "POST /robot/lora-in.php HTTP/1.1" 200 - "-" "python-requests/2.31.0"
127.0.0.1 - - [15/Sep/2025:07:16:28 +0800] "POST /robot/lora-in.php HTTP/1.1" 200 - "-" "python-requests/2.31.0"
127.0.0.1 - - [15/Sep/2025:07:16:36 +0800] "POST /robot/lora-in.php HTTP/1.1" 200 - "-" "python-requests/2.31.0"
127.0.0.1 - - [15/Sep/2025:07:16:44 +0800] "POST /robot/lora-in.php HTTP/1.1" 200 - "-" "python-requests/2.31.0"
127.0.0.1 - - [15/Sep/2025:07:16:49 +0800] "POST /robot/lora-in.php HTTP/1.1" 200 - "-" "python-requests/2.31.0"
127.0.0.1 - - [15/Sep/2025:07:16:53 +0800] "POST /robot/lora-in.php HTTP/1.1" 200 - "-" "python-requests/2.31.0"
127.0.0.1 - - [15/Sep/2025:07:17:00 +0800] "GET /robot/alarm-history-in.php HTTP/1.1" 200 - "-" "python-requests/2.28.1"
127.0.0.1 - - [15/Sep/2025:07:18:00 +0800] "GET /robot/alarm-history-in.php HTTP/1.1" 200 - "-" "python-requests/2.28.1"
127.0.0.1 - - [15/Sep/2025:07:19:00 +0800] "GET /robot/alarm-history-in.php HTTP/1.1" 200 - "-" "python-requests/2.28.1"
127.0.0.1 - - [15/Sep/2025:07:19:40 +0800] "POST /robot/et-7026-in.php HTTP/1.1" 200 - "-" "python-requests/2.32.2"
127.0.0.1 - - [15/Sep/2025:07:20:00 +0800] "GET /robot/alarm-history-in.php HTTP/1.1" 200 - "-" "python-requests/2.28.1"
127.0.0.1 - - [15/Sep/2025:07:20:08 +0800] "POST /robot/et-7026-in.php HTTP/1.1" 200 - "-" "python-requests/2.32.2"
127.0.0.1 - - [15/Sep/2025:07:20:16 +0800] "POST /robot/et-7026-in.php HTTP/1.1" 200 - "-" "python-requests/2.32.2"
127.0.0.1 - - [15/Sep/2025:07:20:55 +0800] "POST /robot/et-7026-in.php HTTP/1.1" 200 - "-" "python-requests/2.32.2"
127.0.0.1 - - [15/Sep/2025:07:21:00 +0800] "GET /robot/alarm-history-in.php HTTP/1.1" 200 - "-" "python-requests/2.28.1"
111.70.30.253 - - [15/Sep/2025:07:21:17 +0800] "POST /robot/lora-in.php HTTP/1.1" 200 - "-" "python-requests/2.21.0"
127.0.0.1 - - [15/Sep/2025:07:22:00 +0800] "GET /robot/alarm-history-in.php HTTP/1.1" 200 - "-" "python-requests/2.28.1"
111.70.30.252 - - [15/Sep/2025:07:22:30 +0800] "POST /robot/lora-in.php HTTP/1.1" 200 - "-" "python-requests/2.21.0"
127.0.0.1 - - [15/Sep/2025:07:23:00 +0800] "GET /robot/alarm-history-in.php HTTP/1.1" 200 - "-" "python-requests/2.28.1"
111.70.30.251 - - [15/Sep/2025:07:23:07 +0800] "POST /robot/lora-in.php HTTP/1.1" 200 - "-" "python-requests/2.21.0"
111.70.30.250 - - [15/Sep/2025:07:23:50 +0800] "POST /robot/lora-in.php HTTP/1.1" 200 - "-" "python-requests/2.21.0"
127.0.0.1 - - [15/Sep/2025:07:24:00 +0800] "GET /robot/alarm-history-in.php HTTP/1.1" 200 - "-" "python-requests/2.28.1"
127.0.0.1 - - [15/Sep/2025:07:25:00 +0800] "GET /robot/alarm-history-in.php HTTP/1.1" 200 - "-" "python-requests/2.28.1"
127.0.0.1 - - [15/Sep/2025:07:26:00 +0800] "GET /robot/alarm-history-in.php HTTP/1.1" 200 - "-" "python-requests/2.28.1"
127.0.0.1 - - [15/Sep/2025:07:26:16 +0800] "GET /get-setting.json HTTP/1.1" 200 2314 "-" "python-requests/2.31.0"
127.0.0.1 - - [15/Sep/2025:07:26:16 +0800] "POST /robot/lora-in.php HTTP/1.1" 200 - "-" "python-requests/2.31.0"
127.0.0.1 - - [15/Sep/2025:07:26:18 +0800] "POST /robot/lora-in.php HTTP/1.1" 200 - "-" "python-requests/2.31.0"
127.0.0.1 - - [15/Sep/2025:07:26:19 +0800] "POST /robot/lora-in.php HTTP/1.1" 200 - "-" "python-requests/2.31.0"
127.0.0.1 - - [15/Sep/2025:07:26:22 +0800] "POST /robot/lora-in.php HTTP/1.1" 200 - "-" "python-requests/2.31.0"
127.0.0.1 - - [15/Sep/2025:07:26:33 +0800] "POST /robot/lora-in.php HTTP/1.1" 200 - "-" "python-requests/2.31.0"
127.0.0.1 - - [15/Sep/2025:07:26:42 +0800] "POST /robot/lora-in.php HTTP/1.1" 200 - "-" "python-requests/2.31.0"
127.0.0.1 - - [15/Sep/2025:07:26:48 +0800] "POST /robot/lora-in.php HTTP/1.1" 200 - "-" "python-requests/2.31.0"
127.0.0.1 - - [15/Sep/2025:07:26:57 +0800] "POST /robot/lora-in.php HTTP/1.1" 200 - "-" "python-requests/2.31.0"
127.0.0.1 - - [15/Sep/2025:07:27:00 +0800] "GET /robot/alarm-history-in.php HTTP/1.1" 200 - "-" "python-requests/2.28.1"
127.0.0.1 - - [15/Sep/2025:07:28:01 +0800] "GET /robot/alarm-history-in.php HTTP/1.1" 200 - "-" "python-requests/2.28.1"
127.0.0.1 - - [15/Sep/2025:07:29:00 +0800] "GET /robot/alarm-history-in.php HTTP/1.1" 200 - "-" "python-requests/2.28.1"
127.0.0.1 - - [15/Sep/2025:07:29:43 +0800] "POST /robot/et-7026-in.php HTTP/1.1" 200 - "-" "python-requests/2.32.2"
127.0.0.1 - - [15/Sep/2025:07:30:00 +0800] "GET /robot/alarm-history-in.php HTTP/1.1" 200 - "-" "python-requests/2.28.1"
111.70.30.253 - - [15/Sep/2025:07:30:02 +0800] "POST /robot/lora-in.php HTTP/1.1" 200 - "-" "python-requests/2.21.0"
127.0.0.1 - - [15/Sep/2025:07:30:11 +0800] "POST /robot/et-7026-in.php HTTP/1.1" 200 - "-" "python-requests/2.32.2"
127.0.0.1 - - [15/Sep/2025:07:30:19 +0800] "POST /robot/et-7026-in.php HTTP/1.1" 200 - "-" "python-requests/2.32.2"
127.0.0.1 - - [15/Sep/2025:07:30:57 +0800] "POST /robot/et-7026-in.php HTTP/1.1" 200 - "-" "python-requests/2.32.2"
127.0.0.1 - - [15/Sep/2025:07:31:00 +0800] "GET /robot/alarm-history-in.php HTTP/1.1" 200 - "-" "python-requests/2.28.1"
111.70.30.252 - - [15/Sep/2025:07:31:40 +0800] "POST /robot/lora-in.php HTTP/1.1" 200 - "-" "python-requests/2.21.0"
111.70.30.251 - - [15/Sep/2025:07:31:44 +0800] "POST /robot/lora-in.php HTTP/1.1" 200 - "-" "python-requests/2.21.0"
127.0.0.1 - - [15/Sep/2025:07:32:00 +0800] "GET /robot/alarm-history-in.php HTTP/1.1" 200 - "-" "python-requests/2.28.1"
111.70.30.250 - - [15/Sep/2025:07:32:25 +0800] "POST /robot/lora-in.php HTTP/1.1" 200 - "-" "python-requests/2.21.0"
127.0.0.1 - - [15/Sep/2025:07:33:00 +0800] "GET /robot/alarm-history-in.php HTTP/1.1" 200 - "-" "python-requests/2.28.1"
127.0.0.1 - - [15/Sep/2025:07:34:00 +0800] "GET /robot/alarm-history-in.php HTTP/1.1" 200 - "-" "python-requests/2.28.1"
127.0.0.1 - - [15/Sep/2025:07:35:00 +0800] "GET /robot/alarm-history-in.php HTTP/1.1" 200 - "-" "python-requests/2.28.1"
127.0.0.1 - - [15/Sep/2025:07:36:00 +0800] "GET /robot/alarm-history-in.php HTTP/1.1" 200 - "-" "python-requests/2.28.1"
127.0.0.1 - - [15/Sep/2025:07:36:16 +0800] "GET /get-setting.json HTTP/1.1" 200 2314 "-" "python-requests/2.31.0"
127.0.0.1 - - [15/Sep/2025:07:36:16 +0800] "POST /robot/lora-in.php HTTP/1.1" 200 - "-" "python-requests/2.31.0"
127.0.0.1 - - [15/Sep/2025:07:36:21 +0800] "POST /robot/lora-in.php HTTP/1.1" 200 - "-" "python-requests/2.31.0"
127.0.0.1 - - [15/Sep/2025:07:36:23 +0800] "POST /robot/lora-in.php HTTP/1.1" 200 - "-" "python-requests/2.31.0"
127.0.0.1 - - [15/Sep/2025:07:36:24 +0800] "POST /robot/lora-in.php HTTP/1.1" 200 - "-" "python-requests/2.31.0"
127.0.0.1 - - [15/Sep/2025:07:36:35 +0800] "POST /robot/lora-in.php HTTP/1.1" 200 - "-" "python-requests/2.31.0"
127.0.0.1 - - [15/Sep/2025:07:36:36 +0800] "POST /robot/lora-in.php HTTP/1.1" 200 - "-" "python-requests/2.31.0"
127.0.0.1 - - [15/Sep/2025:07:36:39 +0800] "POST /robot/lora-in.php HTTP/1.1" 200 - "-" "python-requests/2.31.0"
127.0.0.1 - - [15/Sep/2025:07:36:44 +0800] "POST /robot/lora-in.php HTTP/1.1" 200 - "-" "python-requests/2.31.0"
127.0.0.1 - - [15/Sep/2025:07:37:00 +0800] "GET /robot/alarm-history-in.php HTTP/1.1" 200 - "-" "python-requests/2.28.1"
127.0.0.1 - - [15/Sep/2025:07:38:00 +0800] "GET /robot/alarm-history-in.php HTTP/1.1" 200 - "-" "python-requests/2.28.1"
111.70.30.253 - - [15/Sep/2025:07:38:47 +0800] "POST /robot/lora-in.php HTTP/1.1" 200 - "-" "python-requests/2.21.0"
127.0.0.1 - - [15/Sep/2025:07:39:00 +0800] "GET /robot/alarm-history-in.php HTTP/1.1" 200 - "-" "python-requests/2.28.1"
127.0.0.1 - - [15/Sep/2025:07:39:46 +0800] "POST /robot/et-7026-in.php HTTP/1.1" 200 - "-" "python-requests/2.32.2"
127.0.0.1 - - [15/Sep/2025:07:40:00 +0800] "GET /robot/alarm-history-in.php HTTP/1.1" 200 - "-" "python-requests/2.28.1"
127.0.0.1 - - [15/Sep/2025:07:40:14 +0800] "POST /robot/et-7026-in.php HTTP/1.1" 200 - "-" "python-requests/2.32.2"
111.70.30.251 - - [15/Sep/2025:07:40:18 +0800] "POST /robot/lora-in.php HTTP/1.1" 200 - "-" "python-requests/2.21.0"
127.0.0.1 - - [15/Sep/2025:07:40:22 +0800] "POST /robot/et-7026-in.php HTTP/1.1" 200 - "-" "python-requests/2.32.2"
127.0.0.1 - - [15/Sep/2025:07:40:57 +0800] "POST /robot/et-7026-in.php HTTP/1.1" 200 - "-" "python-requests/2.32.2"
111.70.30.250 - - [15/Sep/2025:07:41:00 +0800] "POST /robot/lora-in.php HTTP/1.1" 200 - "-" "python-requests/2.21.0"
127.0.0.1 - - [15/Sep/2025:07:41:00 +0800] "GET /robot/alarm-history-in.php HTTP/1.1" 200 - "-" "python-requests/2.28.1"
127.0.0.1 - - [15/Sep/2025:07:42:00 +0800] "GET /robot/alarm-history-in.php HTTP/1.1" 200 - "-" "python-requests/2.28.1"
127.0.0.1 - - [15/Sep/2025:07:43:00 +0800] "GET /robot/alarm-history-in.php HTTP/1.1" 200 - "-" "python-requests/2.28.1"
127.0.0.1 - - [15/Sep/2025:07:44:00 +0800] "GET /robot/alarm-history-in.php HTTP/1.1" 200 - "-" "python-requests/2.28.1"
127.0.0.1 - - [15/Sep/2025:07:45:00 +0800] "GET /robot/alarm-history-in.php HTTP/1.1" 200 - "-" "python-requests/2.28.1"
127.0.0.1 - - [15/Sep/2025:07:46:00 +0800] "GET /robot/alarm-history-in.php HTTP/1.1" 200 - "-" "python-requests/2.28.1"
127.0.0.1 - - [15/Sep/2025:07:46:16 +0800] "GET /get-setting.json HTTP/1.1" 200 2314 "-" "python-requests/2.31.0"
127.0.0.1 - - [15/Sep/2025:07:46:16 +0800] "POST /robot/lora-in.php HTTP/1.1" 200 - "-" "python-requests/2.31.0"
127.0.0.1 - - [15/Sep/2025:07:46:20 +0800] "POST /robot/lora-in.php HTTP/1.1" 200 - "-" "python-requests/2.31.0"
127.0.0.1 - - [15/Sep/2025:07:46:22 +0800] "POST /robot/lora-in.php HTTP/1.1" 200 - "-" "python-requests/2.31.0"
127.0.0.1 - - [15/Sep/2025:07:46:28 +0800] "POST /robot/lora-in.php HTTP/1.1" 200 - "-" "python-requests/2.31.0"
127.0.0.1 - - [15/Sep/2025:07:46:37 +0800] "POST /robot/lora-in.php HTTP/1.1" 200 - "-" "python-requests/2.31.0"
127.0.0.1 - - [15/Sep/2025:07:46:44 +0800] "POST /robot/lora-in.php HTTP/1.1" 200 - "-" "python-requests/2.31.0"
127.0.0.1 - - [15/Sep/2025:07:46:50 +0800] "POST /robot/lora-in.php HTTP/1.1" 200 - "-" "python-requests/2.31.0"
127.0.0.1 - - [15/Sep/2025:07:46:55 +0800] "POST /robot/lora-in.php HTTP/1.1" 200 - "-" "python-requests/2.31.0"
127.0.0.1 - - [15/Sep/2025:07:47:00 +0800] "GET /robot/alarm-history-in.php HTTP/1.1" 200 - "-" "python-requests/2.28.1"
111.70.30.253 - - [15/Sep/2025:07:47:32 +0800] "POST /robot/lora-in.php HTTP/1.1" 200 - "-" "python-requests/2.21.0"
127.0.0.1 - - [15/Sep/2025:07:48:00 +0800] "GET /robot/alarm-history-in.php HTTP/1.1" 200 - "-" "python-requests/2.28.1"
111.70.30.251 - - [15/Sep/2025:07:48:54 +0800] "POST /robot/lora-in.php HTTP/1.1" 200 - "-" "python-requests/2.21.0"
127.0.0.1 - - [15/Sep/2025:07:49:00 +0800] "GET /robot/alarm-history-in.php HTTP/1.1" 200 - "-" "python-requests/2.28.1"
111.70.30.250 - - [15/Sep/2025:07:49:35 +0800] "POST /robot/lora-in.php HTTP/1.1" 200 - "-" "python-requests/2.21.0"
127.0.0.1 - - [15/Sep/2025:07:49:46 +0800] "POST /robot/et-7026-in.php HTTP/1.1" 200 - "-" "python-requests/2.32.2"
127.0.0.1 - - [15/Sep/2025:07:50:00 +0800] "GET /robot/alarm-history-in.php HTTP/1.1" 200 - "-" "python-requests/2.28.1"
111.70.30.252 - - [15/Sep/2025:07:50:02 +0800] "POST /robot/lora-in.php HTTP/1.1" 200 - "-" "python-requests/2.21.0"
127.0.0.1 - - [15/Sep/2025:07:50:15 +0800] "POST /robot/et-7026-in.php HTTP/1.1" 200 - "-" "python-requests/2.32.2"
127.0.0.1 - - [15/Sep/2025:07:50:25 +0800] "POST /robot/et-7026-in.php HTTP/1.1" 200 - "-" "python-requests/2.32.2"
127.0.0.1 - - [15/Sep/2025:07:51:00 +0800] "POST /robot/et-7026-in.php HTTP/1.1" 200 - "-" "python-requests/2.32.2"
127.0.0.1 - - [15/Sep/2025:07:51:00 +0800] "GET /robot/alarm-history-in.php HTTP/1.1" 200 - "-" "python-requests/2.28.1"
127.0.0.1 - - [15/Sep/2025:07:52:00 +0800] "GET /robot/alarm-history-in.php HTTP/1.1" 200 - "-" "python-requests/2.28.1"
127.0.0.1 - - [15/Sep/2025:07:53:00 +0800] "GET /robot/alarm-history-in.php HTTP/1.1" 200 - "-" "python-requests/2.28.1"
127.0.0.1 - - [15/Sep/2025:07:54:00 +0800] "GET /robot/alarm-history-in.php HTTP/1.1" 200 - "-" "python-requests/2.28.1"
127.0.0.1 - - [15/Sep/2025:07:55:00 +0800] "GET /robot/alarm-history-in.php HTTP/1.1" 200 - "-" "python-requests/2.28.1"
172.16.36.181 - - [15/Sep/2025:07:55:58 +0800] "GET /manager-page/home-3.php HTTP/1.1" 302 - "-" "Mozilla/5.0 (Windows NT 10.0; Win64; x64) AppleWebKit/537.36 (KHTML, like Gecko) Chrome/140.0.0.0 Safari/537.36 Edg/140.0.0.0"
172.16.36.181 - - [15/Sep/2025:07:56:00 +0800] "GET /manager-page/login.php HTTP/1.1" 200 2365 "-" "Mozilla/5.0 (Windows NT 10.0; Win64; x64) AppleWebKit/537.36 (KHTML, like Gecko) Chrome/140.0.0.0 Safari/537.36 Edg/140.0.0.0"
172.16.36.181 - - [15/Sep/2025:07:56:00 +0800] "GET /favicon.ico HTTP/1.1" 404 196 "http://192.168.60.79/manager-page/login.php" "Mozilla/5.0 (Windows NT 10.0; Win64; x64) AppleWebKit/537.36 (KHTML, like Gecko) Chrome/140.0.0.0 Safari/537.36 Edg/140.0.0.0"
127.0.0.1 - - [15/Sep/2025:07:56:00 +0800] "GET /robot/alarm-history-in.php HTTP/1.1" 200 - "-" "python-requests/2.28.1"
172.16.36.181 - - [15/Sep/2025:07:56:15 +0800] "POST /manager-page/login.php HTTP/1.1" 302 - "http://192.168.60.79/manager-page/login.php" "Mozilla/5.0 (Windows NT 10.0; Win64; x64) AppleWebKit/537.36 (KHTML, like Gecko) Chrome/140.0.0.0 Safari/537.36 Edg/140.0.0.0"
172.16.36.181 - - [15/Sep/2025:07:56:15 +0800] "GET /manager-page/home.php HTTP/1.1" 302 - "http://192.168.60.79/manager-page/login.php" "Mozilla/5.0 (Windows NT 10.0; Win64; x64) AppleWebKit/537.36 (KHTML, like Gecko) Chrome/140.0.0.0 Safari/537.36 Edg/140.0.0.0"
172.16.36.181 - - [15/Sep/2025:07:56:15 +0800] "GET /manager-page/alarm/1-1.jpg?t=1366593694 HTTP/1.1" 200 322868 "http://192.168.60.79/manager-page/home-1.php" "Mozilla/5.0 (Windows NT 10.0; Win64; x64) AppleWebKit/537.36 (KHTML, like Gecko) Chrome/140.0.0.0 Safari/537.36 Edg/140.0.0.0"
172.16.36.181 - - [15/Sep/2025:07:56:15 +0800] "GET /manager-page/alarm/1-2.jpg?t=807150194 HTTP/1.1" 200 495492 "http://192.168.60.79/manager-page/home-1.php" "Mozilla/5.0 (Windows NT 10.0; Win64; x64) AppleWebKit/537.36 (KHTML, like Gecko) Chrome/140.0.0.0 Safari/537.36 Edg/140.0.0.0"
127.0.0.1 - - [15/Sep/2025:07:56:16 +0800] "GET /get-setting.json HTTP/1.1" 200 2314 "-" "python-requests/2.31.0"
127.0.0.1 - - [15/Sep/2025:07:56:16 +0800] "POST /robot/lora-in.php HTTP/1.1" 200 - "-" "python-requests/2.31.0"
111.70.30.253 - - [15/Sep/2025:07:56:17 +0800] "POST /robot/lora-in.php HTTP/1.1" 200 - "-" "python-requests/2.21.0"
172.16.36.181 - - [15/Sep/2025:07:56:15 +0800] "GET /manager-page/home-1.php HTTP/1.1" 200 27474 "http://192.168.60.79/manager-page/login.php" "Mozilla/5.0 (Windows NT 10.0; Win64; x64) AppleWebKit/537.36 (KHTML, like Gecko) Chrome/140.0.0.0 Safari/537.36 Edg/140.0.0.0"
172.16.36.181 - - [15/Sep/2025:07:56:15 +0800] "GET /manager-page/api/snapshot.php?id=12 HTTP/1.1" 200 47550 "http://192.168.60.79/manager-page/home-1.php" "Mozilla/5.0 (Windows NT 10.0; Win64; x64) AppleWebKit/537.36 (KHTML, like Gecko) Chrome/140.0.0.0 Safari/537.36 Edg/140.0.0.0"
172.16.36.181 - - [15/Sep/2025:07:56:15 +0800] "GET /manager-page/api/snapshot.php?id=11 HTTP/1.1" 200 38676 "http://192.168.60.79/manager-page/home-1.php" "Mozilla/5.0 (Windows NT 10.0; Win64; x64) AppleWebKit/537.36 (KHTML, like Gecko) Chrome/140.0.0.0 Safari/537.36 Edg/140.0.0.0"
172.16.36.181 - - [15/Sep/2025:07:56:19 +0800] "GET /manager-page/api/cms-status1.php HTTP/1.1" 200 12 "http://192.168.60.79/manager-page/home-1.php" "Mozilla/5.0 (Windows NT 10.0; Win64; x64) AppleWebKit/537.36 (KHTML, like Gecko) Chrome/140.0.0.0 Safari/537.36 Edg/140.0.0.0"
172.16.36.181 - - [15/Sep/2025:07:56:19 +0800] "GET /manager-page/api/lp-status1.php HTTP/1.1" 200 1 "http://192.168.60.79/manager-page/home-1.php" "Mozilla/5.0 (Windows NT 10.0; Win64; x64) AppleWebKit/537.36 (KHTML, like Gecko) Chrome/140.0.0.0 Safari/537.36 Edg/140.0.0.0"
127.0.0.1 - - [15/Sep/2025:07:56:21 +0800] "POST /robot/lora-in.php HTTP/1.1" 200 - "-" "python-requests/2.31.0"
127.0.0.1 - - [15/Sep/2025:07:56:23 +0800] "POST /robot/lora-in.php HTTP/1.1" 200 - "-" "python-requests/2.31.0"
172.16.36.181 - - [15/Sep/2025:07:56:24 +0800] "GET /manager-page/api/snapshot.php?id=12&t=0.5014958135074471 HTTP/1.1" 200 47627 "http://192.168.60.79/manager-page/home-1.php" "Mozilla/5.0 (Windows NT 10.0; Win64; x64) AppleWebKit/537.36 (KHTML, like Gecko) Chrome/140.0.0.0 Safari/537.36 Edg/140.0.0.0"
172.16.36.181 - - [15/Sep/2025:07:56:24 +0800] "GET /manager-page/api/snapshot.php?id=11&t=0.953697805400206 HTTP/1.1" 200 38619 "http://192.168.60.79/manager-page/home-1.php" "Mozilla/5.0 (Windows NT 10.0; Win64; x64) AppleWebKit/537.36 (KHTML, like Gecko) Chrome/140.0.0.0 Safari/537.36 Edg/140.0.0.0"
127.0.0.1 - - [15/Sep/2025:07:56:25 +0800] "POST /robot/lora-in.php HTTP/1.1" 200 - "-" "python-requests/2.31.0"
127.0.0.1 - - [15/Sep/2025:07:56:26 +0800] "POST /robot/lora-in.php HTTP/1.1" 200 - "-" "python-requests/2.31.0"
172.16.36.181 - - [15/Sep/2025:07:56:29 +0800] "GET /manager-page/api/snapshot.php?id=11&t=0.36034943557828436 HTTP/1.1" 200 39438 "http://192.168.60.79/manager-page/home-1.php" "Mozilla/5.0 (Windows NT 10.0; Win64; x64) AppleWebKit/537.36 (KHTML, like Gecko) Chrome/140.0.0.0 Safari/537.36 Edg/140.0.0.0"
127.0.0.1 - - [15/Sep/2025:07:56:31 +0800] "POST /robot/lora-in.php HTTP/1.1" 200 - "-" "python-requests/2.31.0"
172.16.36.181 - - [15/Sep/2025:07:56:29 +0800] "GET /manager-page/api/snapshot.php?id=12&t=0.8872363862980812 HTTP/1.1" 200 48084 "http://192.168.60.79/manager-page/home-1.php" "Mozilla/5.0 (Windows NT 10.0; Win64; x64) AppleWebKit/537.36 (KHTML, like Gecko) Chrome/140.0.0.0 Safari/537.36 Edg/140.0.0.0"
172.16.36.181 - - [15/Sep/2025:07:56:34 +0800] "GET /manager-page/api/snapshot.php?id=11&t=0.6357082266543559 HTTP/1.1" 200 38707 "http://192.168.60.79/manager-page/home-1.php" "Mozilla/5.0 (Windows NT 10.0; Win64; x64) AppleWebKit/537.36 (KHTML, like Gecko) Chrome/140.0.0.0 Safari/537.36 Edg/140.0.0.0"
172.16.36.181 - - [15/Sep/2025:07:56:34 +0800] "GET /manager-page/api/snapshot.php?id=12&t=0.00244775472015224 HTTP/1.1" 200 48443 "http://192.168.60.79/manager-page/home-1.php" "Mozilla/5.0 (Windows NT 10.0; Win64; x64) AppleWebKit/537.36 (KHTML, like Gecko) Chrome/140.0.0.0 Safari/537.36 Edg/140.0.0.0"
172.16.36.181 - - [15/Sep/2025:07:56:39 +0800] "GET /manager-page/api/snapshot.php?id=11&t=0.9259388815110665 HTTP/1.1" 200 39350 "http://192.168.60.79/manager-page/home-1.php" "Mozilla/5.0 (Windows NT 10.0; Win64; x64) AppleWebKit/537.36 (KHTML, like Gecko) Chrome/140.0.0.0 Safari/537.36 Edg/140.0.0.0"
172.16.36.181 - - [15/Sep/2025:07:56:39 +0800] "GET /manager-page/api/snapshot.php?id=12&t=0.12174176541201887 HTTP/1.1" 200 47724 "http://192.168.60.79/manager-page/home-1.php" "Mozilla/5.0 (Windows NT 10.0; Win64; x64) AppleWebKit/537.36 (KHTML, like Gecko) Chrome/140.0.0.0 Safari/537.36 Edg/140.0.0.0"
127.0.0.1 - - [15/Sep/2025:07:56:41 +0800] "POST /robot/lora-in.php HTTP/1.1" 200 - "-" "python-requests/2.31.0"
127.0.0.1 - - [15/Sep/2025:07:56:43 +0800] "POST /robot/lora-in.php HTTP/1.1" 200 - "-" "python-requests/2.31.0"
172.16.36.181 - - [15/Sep/2025:07:56:44 +0800] "GET /manager-page/api/snapshot.php?id=12&t=0.6285724061292572 HTTP/1.1" 200 47331 "http://192.168.60.79/manager-page/home-1.php" "Mozilla/5.0 (Windows NT 10.0; Win64; x64) AppleWebKit/537.36 (KHTML, like Gecko) Chrome/140.0.0.0 Safari/537.36 Edg/140.0.0.0"
172.16.36.181 - - [15/Sep/2025:07:56:44 +0800] "GET /manager-page/api/snapshot.php?id=11&t=0.2363182075187349 HTTP/1.1" 200 38781 "http://192.168.60.79/manager-page/home-1.php" "Mozilla/5.0 (Windows NT 10.0; Win64; x64) AppleWebKit/537.36 (KHTML, like Gecko) Chrome/140.0.0.0 Safari/537.36 Edg/140.0.0.0"
172.16.36.181 - - [15/Sep/2025:07:56:49 +0800] "GET /manager-page/api/snapshot.php?id=12&t=0.9982352207718735 HTTP/1.1" 200 47554 "http://192.168.60.79/manager-page/home-1.php" "Mozilla/5.0 (Windows NT 10.0; Win64; x64) AppleWebKit/537.36 (KHTML, like Gecko) Chrome/140.0.0.0 Safari/537.36 Edg/140.0.0.0"
172.16.36.181 - - [15/Sep/2025:07:56:49 +0800] "GET /manager-page/api/snapshot.php?id=11&t=0.6643270508000013 HTTP/1.1" 200 38537 "http://192.168.60.79/manager-page/home-1.php" "Mozilla/5.0 (Windows NT 10.0; Win64; x64) AppleWebKit/537.36 (KHTML, like Gecko) Chrome/140.0.0.0 Safari/537.36 Edg/140.0.0.0"
172.16.36.181 - - [15/Sep/2025:07:56:54 +0800] "GET /manager-page/api/snapshot.php?id=12&t=0.6254331749096579 HTTP/1.1" 200 47673 "http://192.168.60.79/manager-page/home-1.php" "Mozilla/5.0 (Windows NT 10.0; Win64; x64) AppleWebKit/537.36 (KHTML, like Gecko) Chrome/140.0.0.0 Safari/537.36 Edg/140.0.0.0"
172.16.36.181 - - [15/Sep/2025:07:56:54 +0800] "GET /manager-page/api/snapshot.php?id=11&t=0.8890567673444287 HTTP/1.1" 200 38658 "http://192.168.60.79/manager-page/home-1.php" "Mozilla/5.0 (Windows NT 10.0; Win64; x64) AppleWebKit/537.36 (KHTML, like Gecko) Chrome/140.0.0.0 Safari/537.36 Edg/140.0.0.0"
172.16.36.181 - - [15/Sep/2025:07:56:59 +0800] "GET /manager-page/api/snapshot.php?id=12&t=0.6277507194203477 HTTP/1.1" 200 47687 "http://192.168.60.79/manager-page/home-1.php" "Mozilla/5.0 (Windows NT 10.0; Win64; x64) AppleWebKit/537.36 (KHTML, like Gecko) Chrome/140.0.0.0 Safari/537.36 Edg/140.0.0.0"
172.16.36.181 - - [15/Sep/2025:07:56:59 +0800] "GET /manager-page/api/snapshot.php?id=11&t=0.7043701372256383 HTTP/1.1" 200 39319 "http://192.168.60.79/manager-page/home-1.php" "Mozilla/5.0 (Windows NT 10.0; Win64; x64) AppleWebKit/537.36 (KHTML, like Gecko) Chrome/140.0.0.0 Safari/537.36 Edg/140.0.0.0"
127.0.0.1 - - [15/Sep/2025:07:57:00 +0800] "GET /robot/alarm-history-in.php HTTP/1.1" 200 - "-" "python-requests/2.28.1"
172.16.36.181 - - [15/Sep/2025:07:57:04 +0800] "GET /manager-page/api/snapshot.php?id=12&t=0.6824381667975807 HTTP/1.1" 200 48011 "http://192.168.60.79/manager-page/home-1.php" "Mozilla/5.0 (Windows NT 10.0; Win64; x64) AppleWebKit/537.36 (KHTML, like Gecko) Chrome/140.0.0.0 Safari/537.36 Edg/140.0.0.0"
172.16.36.181 - - [15/Sep/2025:07:57:04 +0800] "GET /manager-page/api/snapshot.php?id=11&t=0.30457298137054367 HTTP/1.1" 200 38635 "http://192.168.60.79/manager-page/home-1.php" "Mozilla/5.0 (Windows NT 10.0; Win64; x64) AppleWebKit/537.36 (KHTML, like Gecko) Chrome/140.0.0.0 Safari/537.36 Edg/140.0.0.0"
172.16.36.181 - - [15/Sep/2025:07:57:09 +0800] "GET /manager-page/api/snapshot.php?id=11&t=0.7363403289573897 HTTP/1.1" 200 38617 "http://192.168.60.79/manager-page/home-1.php" "Mozilla/5.0 (Windows NT 10.0; Win64; x64) AppleWebKit/537.36 (KHTML, like Gecko) Chrome/140.0.0.0 Safari/537.36 Edg/140.0.0.0"
172.16.36.181 - - [15/Sep/2025:07:57:09 +0800] "GET /manager-page/api/snapshot.php?id=12&t=0.5356724984400516 HTTP/1.1" 200 47663 "http://192.168.60.79/manager-page/home-1.php" "Mozilla/5.0 (Windows NT 10.0; Win64; x64) AppleWebKit/537.36 (KHTML, like Gecko) Chrome/140.0.0.0 Safari/537.36 Edg/140.0.0.0"
172.16.36.181 - - [15/Sep/2025:07:57:14 +0800] "GET /manager-page/api/snapshot.php?id=12&t=0.5425076678220143 HTTP/1.1" 200 48366 "http://192.168.60.79/manager-page/home-1.php" "Mozilla/5.0 (Windows NT 10.0; Win64; x64) AppleWebKit/537.36 (KHTML, like Gecko) Chrome/140.0.0.0 Safari/537.36 Edg/140.0.0.0"
172.16.36.181 - - [15/Sep/2025:07:57:14 +0800] "GET /manager-page/api/snapshot.php?id=11&t=0.16527868804171864 HTTP/1.1" 200 38715 "http://192.168.60.79/manager-page/home-1.php" "Mozilla/5.0 (Windows NT 10.0; Win64; x64) AppleWebKit/537.36 (KHTML, like Gecko) Chrome/140.0.0.0 Safari/537.36 Edg/140.0.0.0"
172.16.36.181 - - [15/Sep/2025:07:57:19 +0800] "GET /manager-page/api/snapshot.php?id=11&t=0.833371932607299 HTTP/1.1" 200 39344 "http://192.168.60.79/manager-page/home-1.php" "Mozilla/5.0 (Windows NT 10.0; Win64; x64) AppleWebKit/537.36 (KHTML, like Gecko) Chrome/140.0.0.0 Safari/537.36 Edg/140.0.0.0"
172.16.36.181 - - [15/Sep/2025:07:57:19 +0800] "GET /manager-page/api/snapshot.php?id=12&t=0.8913095871010208 HTTP/1.1" 200 47511 "http://192.168.60.79/manager-page/home-1.php" "Mozilla/5.0 (Windows NT 10.0; Win64; x64) AppleWebKit/537.36 (KHTML, like Gecko) Chrome/140.0.0.0 Safari/537.36 Edg/140.0.0.0"
172.16.36.181 - - [15/Sep/2025:07:57:24 +0800] "GET /manager-page/api/snapshot.php?id=11&t=0.04536548019322184 HTTP/1.1" 200 38806 "http://192.168.60.79/manager-page/home-1.php" "Mozilla/5.0 (Windows NT 10.0; Win64; x64) AppleWebKit/537.36 (KHTML, like Gecko) Chrome/140.0.0.0 Safari/537.36 Edg/140.0.0.0"
172.16.36.181 - - [15/Sep/2025:07:57:24 +0800] "GET /manager-page/api/snapshot.php?id=12&t=0.10492336257807144 HTTP/1.1" 200 47706 "http://192.168.60.79/manager-page/home-1.php" "Mozilla/5.0 (Windows NT 10.0; Win64; x64) AppleWebKit/537.36 (KHTML, like Gecko) Chrome/140.0.0.0 Safari/537.36 Edg/140.0.0.0"
172.16.36.181 - - [15/Sep/2025:07:57:29 +0800] "GET /manager-page/api/snapshot.php?id=11&t=0.6134824214031207 HTTP/1.1" 200 38627 "http://192.168.60.79/manager-page/home-1.php" "Mozilla/5.0 (Windows NT 10.0; Win64; x64) AppleWebKit/537.36 (KHTML, like Gecko) Chrome/140.0.0.0 Safari/537.36 Edg/140.0.0.0"
172.16.36.181 - - [15/Sep/2025:07:57:29 +0800] "GET /manager-page/api/snapshot.php?id=12&t=0.8263594304979135 HTTP/1.1" 200 47663 "http://192.168.60.79/manager-page/home-1.php" "Mozilla/5.0 (Windows NT 10.0; Win64; x64) AppleWebKit/537.36 (KHTML, like Gecko) Chrome/140.0.0.0 Safari/537.36 Edg/140.0.0.0"
111.70.30.251 - - [15/Sep/2025:07:57:30 +0800] "POST /robot/lora-in.php HTTP/1.1" 200 - "-" "python-requests/2.21.0"
172.16.36.181 - - [15/Sep/2025:07:57:34 +0800] "GET /manager-page/api/snapshot.php?id=12&t=0.6701988766190325 HTTP/1.1" 200 47711 "http://192.168.60.79/manager-page/home-1.php" "Mozilla/5.0 (Windows NT 10.0; Win64; x64) AppleWebKit/537.36 (KHTML, like Gecko) Chrome/140.0.0.0 Safari/537.36 Edg/140.0.0.0"
172.16.36.181 - - [15/Sep/2025:07:57:34 +0800] "GET /manager-page/api/snapshot.php?id=11&t=0.8141618515031437 HTTP/1.1" 200 38749 "http://192.168.60.79/manager-page/home-1.php" "Mozilla/5.0 (Windows NT 10.0; Win64; x64) AppleWebKit/537.36 (KHTML, like Gecko) Chrome/140.0.0.0 Safari/537.36 Edg/140.0.0.0"
172.16.36.181 - - [15/Sep/2025:07:57:39 +0800] "GET /manager-page/api/snapshot.php?id=11&t=0.7303919498881741 HTTP/1.1" 200 36306 "http://192.168.60.79/manager-page/home-1.php" "Mozilla/5.0 (Windows NT 10.0; Win64; x64) AppleWebKit/537.36 (KHTML, like Gecko) Chrome/140.0.0.0 Safari/537.36 Edg/140.0.0.0"
172.16.36.181 - - [15/Sep/2025:07:57:39 +0800] "GET /manager-page/api/snapshot.php?id=12&t=0.8401807278838601 HTTP/1.1" 200 47790 "http://192.168.60.79/manager-page/home-1.php" "Mozilla/5.0 (Windows NT 10.0; Win64; x64) AppleWebKit/537.36 (KHTML, like Gecko) Chrome/140.0.0.0 Safari/537.36 Edg/140.0.0.0"
172.16.36.181 - - [15/Sep/2025:07:57:44 +0800] "GET /manager-page/api/snapshot.php?id=11&t=0.031077195934756885 HTTP/1.1" 200 39799 "http://192.168.60.79/manager-page/home-1.php" "Mozilla/5.0 (Windows NT 10.0; Win64; x64) AppleWebKit/537.36 (KHTML, like Gecko) Chrome/140.0.0.0 Safari/537.36 Edg/140.0.0.0"
172.16.36.181 - - [15/Sep/2025:07:57:44 +0800] "GET /manager-page/api/snapshot.php?id=12&t=0.42290469847223955 HTTP/1.1" 200 48091 "http://192.168.60.79/manager-page/home-1.php" "Mozilla/5.0 (Windows NT 10.0; Win64; x64) AppleWebKit/537.36 (KHTML, like Gecko) Chrome/140.0.0.0 Safari/537.36 Edg/140.0.0.0"
172.16.36.181 - - [15/Sep/2025:07:57:49 +0800] "GET /manager-page/api/snapshot.php?id=12&t=0.27211825057973404 HTTP/1.1" 200 48293 "http://192.168.60.79/manager-page/home-1.php" "Mozilla/5.0 (Windows NT 10.0; Win64; x64) AppleWebKit/537.36 (KHTML, like Gecko) Chrome/140.0.0.0 Safari/537.36 Edg/140.0.0.0"
172.16.36.181 - - [15/Sep/2025:07:57:49 +0800] "GET /manager-page/api/snapshot.php?id=11&t=0.4867518056055804 HTTP/1.1" 200 38596 "http://192.168.60.79/manager-page/home-1.php" "Mozilla/5.0 (Windows NT 10.0; Win64; x64) AppleWebKit/537.36 (KHTML, like Gecko) Chrome/140.0.0.0 Safari/537.36 Edg/140.0.0.0"
172.16.36.181 - - [15/Sep/2025:07:57:54 +0800] "GET /manager-page/api/snapshot.php?id=12&t=0.7702894718201279 HTTP/1.1" 200 47281 "http://192.168.60.79/manager-page/home-1.php" "Mozilla/5.0 (Windows NT 10.0; Win64; x64) AppleWebKit/537.36 (KHTML, like Gecko) Chrome/140.0.0.0 Safari/537.36 Edg/140.0.0.0"
172.16.36.181 - - [15/Sep/2025:07:57:54 +0800] "GET /manager-page/api/snapshot.php?id=11&t=0.923549393832059 HTTP/1.1" 200 38642 "http://192.168.60.79/manager-page/home-1.php" "Mozilla/5.0 (Windows NT 10.0; Win64; x64) AppleWebKit/537.36 (KHTML, like Gecko) Chrome/140.0.0.0 Safari/537.36 Edg/140.0.0.0"
172.16.36.181 - - [15/Sep/2025:07:57:59 +0800] "GET /manager-page/api/snapshot.php?id=11&t=0.0130871730028852 HTTP/1.1" 200 38565 "http://192.168.60.79/manager-page/home-1.php" "Mozilla/5.0 (Windows NT 10.0; Win64; x64) AppleWebKit/537.36 (KHTML, like Gecko) Chrome/140.0.0.0 Safari/537.36 Edg/140.0.0.0"
172.16.36.181 - - [15/Sep/2025:07:57:59 +0800] "GET /manager-page/api/snapshot.php?id=12&t=0.5112687668497471 HTTP/1.1" 200 47585 "http://192.168.60.79/manager-page/home-1.php" "Mozilla/5.0 (Windows NT 10.0; Win64; x64) AppleWebKit/537.36 (KHTML, like Gecko) Chrome/140.0.0.0 Safari/537.36 Edg/140.0.0.0"
127.0.0.1 - - [15/Sep/2025:07:58:00 +0800] "GET /robot/alarm-history-in.php HTTP/1.1" 200 - "-" "python-requests/2.28.1"
172.16.36.181 - - [15/Sep/2025:07:58:04 +0800] "GET /manager-page/api/snapshot.php?id=12&t=0.3316403818969673 HTTP/1.1" 200 48164 "http://192.168.60.79/manager-page/home-1.php" "Mozilla/5.0 (Windows NT 10.0; Win64; x64) AppleWebKit/537.36 (KHTML, like Gecko) Chrome/140.0.0.0 Safari/537.36 Edg/140.0.0.0"
172.16.36.181 - - [15/Sep/2025:07:58:04 +0800] "GET /manager-page/api/snapshot.php?id=11&t=0.9966923588005362 HTTP/1.1" 200 38802 "http://192.168.60.79/manager-page/home-1.php" "Mozilla/5.0 (Windows NT 10.0; Win64; x64) AppleWebKit/537.36 (KHTML, like Gecko) Chrome/140.0.0.0 Safari/537.36 Edg/140.0.0.0"
172.16.36.181 - - [15/Sep/2025:07:58:09 +0800] "GET /manager-page/api/snapshot.php?id=11&t=0.40886148969395364 HTTP/1.1" 200 40079 "http://192.168.60.79/manager-page/home-1.php" "Mozilla/5.0 (Windows NT 10.0; Win64; x64) AppleWebKit/537.36 (KHTML, like Gecko) Chrome/140.0.0.0 Safari/537.36 Edg/140.0.0.0"
172.16.36.181 - - [15/Sep/2025:07:58:09 +0800] "GET /manager-page/api/snapshot.php?id=12&t=0.5044600653510725 HTTP/1.1" 200 47457 "http://192.168.60.79/manager-page/home-1.php" "Mozilla/5.0 (Windows NT 10.0; Win64; x64) AppleWebKit/537.36 (KHTML, like Gecko) Chrome/140.0.0.0 Safari/537.36 Edg/140.0.0.0"
111.70.30.250 - - [15/Sep/2025:07:58:10 +0800] "POST /robot/lora-in.php HTTP/1.1" 200 - "-" "python-requests/2.21.0"
172.16.36.181 - - [15/Sep/2025:07:58:14 +0800] "GET /manager-page/api/snapshot.php?id=12&t=0.6425879193757709 HTTP/1.1" 200 47579 "http://192.168.60.79/manager-page/home-1.php" "Mozilla/5.0 (Windows NT 10.0; Win64; x64) AppleWebKit/537.36 (KHTML, like Gecko) Chrome/140.0.0.0 Safari/537.36 Edg/140.0.0.0"
172.16.36.181 - - [15/Sep/2025:07:58:14 +0800] "GET /manager-page/api/snapshot.php?id=11&t=0.050410258308529965 HTTP/1.1" 200 38649 "http://192.168.60.79/manager-page/home-1.php" "Mozilla/5.0 (Windows NT 10.0; Win64; x64) AppleWebKit/537.36 (KHTML, like Gecko) Chrome/140.0.0.0 Safari/537.36 Edg/140.0.0.0"
172.16.36.181 - - [15/Sep/2025:07:58:19 +0800] "GET /manager-page/api/snapshot.php?id=11&t=0.6232581398990641 HTTP/1.1" 200 38750 "http://192.168.60.79/manager-page/home-1.php" "Mozilla/5.0 (Windows NT 10.0; Win64; x64) AppleWebKit/537.36 (KHTML, like Gecko) Chrome/140.0.0.0 Safari/537.36 Edg/140.0.0.0"
172.16.36.181 - - [15/Sep/2025:07:58:19 +0800] "GET /manager-page/api/snapshot.php?id=12&t=0.020862369962499905 HTTP/1.1" 200 47681 "http://192.168.60.79/manager-page/home-1.php" "Mozilla/5.0 (Windows NT 10.0; Win64; x64) AppleWebKit/537.36 (KHTML, like Gecko) Chrome/140.0.0.0 Safari/537.36 Edg/140.0.0.0"
172.16.36.181 - - [15/Sep/2025:07:58:24 +0800] "GET /manager-page/api/snapshot.php?id=12&t=0.8363079853201502 HTTP/1.1" 200 47708 "http://192.168.60.79/manager-page/home-1.php" "Mozilla/5.0 (Windows NT 10.0; Win64; x64) AppleWebKit/537.36 (KHTML, like Gecko) Chrome/140.0.0.0 Safari/537.36 Edg/140.0.0.0"
172.16.36.181 - - [15/Sep/2025:07:58:24 +0800] "GET /manager-page/api/snapshot.php?id=11&t=0.032803246168230826 HTTP/1.1" 200 38688 "http://192.168.60.79/manager-page/home-1.php" "Mozilla/5.0 (Windows NT 10.0; Win64; x64) AppleWebKit/537.36 (KHTML, like Gecko) Chrome/140.0.0.0 Safari/537.36 Edg/140.0.0.0"
172.16.36.181 - - [15/Sep/2025:07:58:29 +0800] "GET /manager-page/api/snapshot.php?id=11&t=0.4600883329798847 HTTP/1.1" 200 38784 "http://192.168.60.79/manager-page/home-1.php" "Mozilla/5.0 (Windows NT 10.0; Win64; x64) AppleWebKit/537.36 (KHTML, like Gecko) Chrome/140.0.0.0 Safari/537.36 Edg/140.0.0.0"
172.16.36.181 - - [15/Sep/2025:07:58:29 +0800] "GET /manager-page/api/snapshot.php?id=12&t=0.4219864382594276 HTTP/1.1" 200 47962 "http://192.168.60.79/manager-page/home-1.php" "Mozilla/5.0 (Windows NT 10.0; Win64; x64) AppleWebKit/537.36 (KHTML, like Gecko) Chrome/140.0.0.0 Safari/537.36 Edg/140.0.0.0"
172.16.36.181 - - [15/Sep/2025:07:58:34 +0800] "GET /manager-page/api/snapshot.php?id=12&t=0.2891594578957015 HTTP/1.1" 200 47736 "http://192.168.60.79/manager-page/home-1.php" "Mozilla/5.0 (Windows NT 10.0; Win64; x64) AppleWebKit/537.36 (KHTML, like Gecko) Chrome/140.0.0.0 Safari/537.36 Edg/140.0.0.0"
172.16.36.181 - - [15/Sep/2025:07:58:34 +0800] "GET /manager-page/api/snapshot.php?id=11&t=0.443355847471799 HTTP/1.1" 200 39211 "http://192.168.60.79/manager-page/home-1.php" "Mozilla/5.0 (Windows NT 10.0; Win64; x64) AppleWebKit/537.36 (KHTML, like Gecko) Chrome/140.0.0.0 Safari/537.36 Edg/140.0.0.0"
172.16.36.181 - - [15/Sep/2025:07:58:39 +0800] "GET /manager-page/api/snapshot.php?id=11&t=0.5642774901607376 HTTP/1.1" 200 38776 "http://192.168.60.79/manager-page/home-1.php" "Mozilla/5.0 (Windows NT 10.0; Win64; x64) AppleWebKit/537.36 (KHTML, like Gecko) Chrome/140.0.0.0 Safari/537.36 Edg/140.0.0.0"
172.16.36.181 - - [15/Sep/2025:07:58:39 +0800] "GET /manager-page/api/snapshot.php?id=12&t=0.1476650236856265 HTTP/1.1" 200 48508 "http://192.168.60.79/manager-page/home-1.php" "Mozilla/5.0 (Windows NT 10.0; Win64; x64) AppleWebKit/537.36 (KHTML, like Gecko) Chrome/140.0.0.0 Safari/537.36 Edg/140.0.0.0"
172.16.36.181 - - [15/Sep/2025:07:58:44 +0800] "GET /manager-page/api/snapshot.php?id=11&t=0.1874985221195351 HTTP/1.1" 200 38704 "http://192.168.60.79/manager-page/home-1.php" "Mozilla/5.0 (Windows NT 10.0; Win64; x64) AppleWebKit/537.36 (KHTML, like Gecko) Chrome/140.0.0.0 Safari/537.36 Edg/140.0.0.0"
172.16.36.181 - - [15/Sep/2025:07:58:44 +0800] "GET /manager-page/api/snapshot.php?id=12&t=0.5891226068524764 HTTP/1.1" 200 47669 "http://192.168.60.79/manager-page/home-1.php" "Mozilla/5.0 (Windows NT 10.0; Win64; x64) AppleWebKit/537.36 (KHTML, like Gecko) Chrome/140.0.0.0 Safari/537.36 Edg/140.0.0.0"
172.16.36.181 - - [15/Sep/2025:07:58:45 +0800] "GET /manager-page/alarm/2-1.jpg?t=1662958016 HTTP/1.1" 200 472504 "http://192.168.60.79/manager-page/home-2.php" "Mozilla/5.0 (Windows NT 10.0; Win64; x64) AppleWebKit/537.36 (KHTML, like Gecko) Chrome/140.0.0.0 Safari/537.36 Edg/140.0.0.0"
172.16.36.181 - - [15/Sep/2025:07:58:45 +0800] "GET /manager-page/alarm/2-2.jpg?t=1094711558 HTTP/1.1" 200 495465 "http://192.168.60.79/manager-page/home-2.php" "Mozilla/5.0 (Windows NT 10.0; Win64; x64) AppleWebKit/537.36 (KHTML, like Gecko) Chrome/140.0.0.0 Safari/537.36 Edg/140.0.0.0"
172.16.36.181 - - [15/Sep/2025:07:58:44 +0800] "GET /manager-page/home-2.php HTTP/1.1" 200 27470 "http://192.168.60.79/manager-page/home-1.php" "Mozilla/5.0 (Windows NT 10.0; Win64; x64) AppleWebKit/537.36 (KHTML, like Gecko) Chrome/140.0.0.0 Safari/537.36 Edg/140.0.0.0"
172.16.36.181 - - [15/Sep/2025:07:58:45 +0800] "GET /manager-page/api/snapshot.php?id=22 HTTP/1.1" 200 40818 "http://192.168.60.79/manager-page/home-2.php" "Mozilla/5.0 (Windows NT 10.0; Win64; x64) AppleWebKit/537.36 (KHTML, like Gecko) Chrome/140.0.0.0 Safari/537.36 Edg/140.0.0.0"
172.16.36.181 - - [15/Sep/2025:07:58:45 +0800] "GET /manager-page/api/snapshot.php?id=21 HTTP/1.1" 200 47077 "http://192.168.60.79/manager-page/home-2.php" "Mozilla/5.0 (Windows NT 10.0; Win64; x64) AppleWebKit/537.36 (KHTML, like Gecko) Chrome/140.0.0.0 Safari/537.36 Edg/140.0.0.0"
172.16.36.181 - - [15/Sep/2025:07:58:47 +0800] "GET /manager-page/api/cms-status2.php HTTP/1.1" 200 12 "http://192.168.60.79/manager-page/home-2.php" "Mozilla/5.0 (Windows NT 10.0; Win64; x64) AppleWebKit/537.36 (KHTML, like Gecko) Chrome/140.0.0.0 Safari/537.36 Edg/140.0.0.0"
172.16.36.181 - - [15/Sep/2025:07:58:47 +0800] "GET /manager-page/api/lp-status2.php HTTP/1.1" 200 1 "http://192.168.60.79/manager-page/home-2.php" "Mozilla/5.0 (Windows NT 10.0; Win64; x64) AppleWebKit/537.36 (KHTML, like Gecko) Chrome/140.0.0.0 Safari/537.36 Edg/140.0.0.0"
172.16.36.181 - - [15/Sep/2025:07:58:52 +0800] "GET /manager-page/api/snapshot.php?id=21&t=0.23029511686472381 HTTP/1.1" 200 47092 "http://192.168.60.79/manager-page/home-2.php" "Mozilla/5.0 (Windows NT 10.0; Win64; x64) AppleWebKit/537.36 (KHTML, like Gecko) Chrome/140.0.0.0 Safari/537.36 Edg/140.0.0.0"
172.16.36.181 - - [15/Sep/2025:07:58:52 +0800] "GET /manager-page/api/snapshot.php?id=22&t=0.13392740072417642 HTTP/1.1" 200 40803 "http://192.168.60.79/manager-page/home-2.php" "Mozilla/5.0 (Windows NT 10.0; Win64; x64) AppleWebKit/537.36 (KHTML, like Gecko) Chrome/140.0.0.0 Safari/537.36 Edg/140.0.0.0"
172.16.36.181 - - [15/Sep/2025:07:58:56 +0800] "GET /manager-page/alarm/3-2.jpg?t=181054529 HTTP/1.1" 200 187208 "http://192.168.60.79/manager-page/home-3.php" "Mozilla/5.0 (Windows NT 10.0; Win64; x64) AppleWebKit/537.36 (KHTML, like Gecko) Chrome/140.0.0.0 Safari/537.36 Edg/140.0.0.0"
172.16.36.181 - - [15/Sep/2025:07:58:56 +0800] "GET /manager-page/alarm/3-1.jpg?t=1332025091 HTTP/1.1" 200 520364 "http://192.168.60.79/manager-page/home-3.php" "Mozilla/5.0 (Windows NT 10.0; Win64; x64) AppleWebKit/537.36 (KHTML, like Gecko) Chrome/140.0.0.0 Safari/537.36 Edg/140.0.0.0"
172.16.36.181 - - [15/Sep/2025:07:58:56 +0800] "GET /manager-page/home-3.php HTTP/1.1" 200 27481 "http://192.168.60.79/manager-page/home-2.php" "Mozilla/5.0 (Windows NT 10.0; Win64; x64) AppleWebKit/537.36 (KHTML, like Gecko) Chrome/140.0.0.0 Safari/537.36 Edg/140.0.0.0"
172.16.36.181 - - [15/Sep/2025:07:58:56 +0800] "GET /manager-page/api/snapshot.php?id=31 HTTP/1.1" 200 61640 "http://192.168.60.79/manager-page/home-3.php" "Mozilla/5.0 (Windows NT 10.0; Win64; x64) AppleWebKit/537.36 (KHTML, like Gecko) Chrome/140.0.0.0 Safari/537.36 Edg/140.0.0.0"
127.0.0.1 - - [15/Sep/2025:07:59:00 +0800] "GET /robot/alarm-history-in.php HTTP/1.1" 200 - "-" "python-requests/2.28.1"
172.16.36.181 - - [15/Sep/2025:07:58:56 +0800] "GET /manager-page/api/snapshot.php?id=32 HTTP/1.1" 500 - "http://192.168.60.79/manager-page/home-3.php" "Mozilla/5.0 (Windows NT 10.0; Win64; x64) AppleWebKit/537.36 (KHTML, like Gecko) Chrome/140.0.0.0 Safari/537.36 Edg/140.0.0.0"
172.16.36.181 - - [15/Sep/2025:07:59:02 +0800] "GET /manager-page/live/3-2.jpg HTTP/1.1" 200 54468 "http://192.168.60.79/manager-page/home-3.php" "Mozilla/5.0 (Windows NT 10.0; Win64; x64) AppleWebKit/537.36 (KHTML, like Gecko) Chrome/140.0.0.0 Safari/537.36 Edg/140.0.0.0"
172.16.36.181 - - [15/Sep/2025:07:58:59 +0800] "GET /manager-page/api/cms-status3.php HTTP/1.1" 200 12 "http://192.168.60.79/manager-page/home-3.php" "Mozilla/5.0 (Windows NT 10.0; Win64; x64) AppleWebKit/537.36 (KHTML, like Gecko) Chrome/140.0.0.0 Safari/537.36 Edg/140.0.0.0"
172.16.36.181 - - [15/Sep/2025:07:58:59 +0800] "GET /manager-page/api/lp-status3.php HTTP/1.1" 500 - "http://192.168.60.79/manager-page/home-3.php" "Mozilla/5.0 (Windows NT 10.0; Win64; x64) AppleWebKit/537.36 (KHTML, like Gecko) Chrome/140.0.0.0 Safari/537.36 Edg/140.0.0.0"
172.16.36.181 - - [15/Sep/2025:07:59:04 +0800] "GET /manager-page/api/snapshot.php?id=31&t=0.8520375022500581 HTTP/1.1" 200 61628 "http://192.168.60.79/manager-page/home-3.php" "Mozilla/5.0 (Windows NT 10.0; Win64; x64) AppleWebKit/537.36 (KHTML, like Gecko) Chrome/140.0.0.0 Safari/537.36 Edg/140.0.0.0"
172.16.36.181 - - [15/Sep/2025:07:59:04 +0800] "GET /manager-page/api/snapshot.php?id=32&t=0.4385444021825269 HTTP/1.1" 200 55106 "http://192.168.60.79/manager-page/home-3.php" "Mozilla/5.0 (Windows NT 10.0; Win64; x64) AppleWebKit/537.36 (KHTML, like Gecko) Chrome/140.0.0.0 Safari/537.36 Edg/140.0.0.0"
172.16.36.181 - - [15/Sep/2025:07:59:09 +0800] "GET /manager-page/api/snapshot.php?id=31&t=0.5754083660848462 HTTP/1.1" 200 61611 "http://192.168.60.79/manager-page/home-3.php" "Mozilla/5.0 (Windows NT 10.0; Win64; x64) AppleWebKit/537.36 (KHTML, like Gecko) Chrome/140.0.0.0 Safari/537.36 Edg/140.0.0.0"
172.16.36.181 - - [15/Sep/2025:07:59:09 +0800] "GET /manager-page/api/snapshot.php?id=32&t=0.8936522043360494 HTTP/1.1" 200 55139 "http://192.168.60.79/manager-page/home-3.php" "Mozilla/5.0 (Windows NT 10.0; Win64; x64) AppleWebKit/537.36 (KHTML, like Gecko) Chrome/140.0.0.0 Safari/537.36 Edg/140.0.0.0"
172.16.36.181 - - [15/Sep/2025:07:59:11 +0800] "GET /manager-page/alarm/4-1.jpg?t=22442169 HTTP/1.1" 200 436474 "http://192.168.60.79/manager-page/home-4.php" "Mozilla/5.0 (Windows NT 10.0; Win64; x64) AppleWebKit/537.36 (KHTML, like Gecko) Chrome/140.0.0.0 Safari/537.36 Edg/140.0.0.0"
172.16.36.181 - - [15/Sep/2025:07:59:11 +0800] "GET /manager-page/alarm/4-2.jpg?t=877036382 HTTP/1.1" 200 543160 "http://192.168.60.79/manager-page/home-4.php" "Mozilla/5.0 (Windows NT 10.0; Win64; x64) AppleWebKit/537.36 (KHTML, like Gecko) Chrome/140.0.0.0 Safari/537.36 Edg/140.0.0.0"
111.70.30.252 - - [15/Sep/2025:07:59:12 +0800] "POST /robot/lora-in.php HTTP/1.1" 200 - "-" "python-requests/2.21.0"
172.16.36.181 - - [15/Sep/2025:07:59:09 +0800] "GET /manager-page/home-4.php HTTP/1.1" 200 27481 "http://192.168.60.79/manager-page/home-3.php" "Mozilla/5.0 (Windows NT 10.0; Win64; x64) AppleWebKit/537.36 (KHTML, like Gecko) Chrome/140.0.0.0 Safari/537.36 Edg/140.0.0.0"
172.16.36.181 - - [15/Sep/2025:07:59:11 +0800] "GET /manager-page/api/snapshot.php?id=42 HTTP/1.1" 200 55890 "http://192.168.60.79/manager-page/home-4.php" "Mozilla/5.0 (Windows NT 10.0; Win64; x64) AppleWebKit/537.36 (KHTML, like Gecko) Chrome/140.0.0.0 Safari/537.36 Edg/140.0.0.0"
172.16.36.181 - - [15/Sep/2025:07:59:11 +0800] "GET /manager-page/api/snapshot.php?id=41 HTTP/1.1" 200 48480 "http://192.168.60.79/manager-page/home-4.php" "Mozilla/5.0 (Windows NT 10.0; Win64; x64) AppleWebKit/537.36 (KHTML, like Gecko) Chrome/140.0.0.0 Safari/537.36 Edg/140.0.0.0"
172.16.36.181 - - [15/Sep/2025:07:59:13 +0800] "GET /manager-page/api/lp-status4.php HTTP/1.1" 200 1 "http://192.168.60.79/manager-page/home-4.php" "Mozilla/5.0 (Windows NT 10.0; Win64; x64) AppleWebKit/537.36 (KHTML, like Gecko) Chrome/140.0.0.0 Safari/537.36 Edg/140.0.0.0"
172.16.36.181 - - [15/Sep/2025:07:59:13 +0800] "GET /manager-page/api/cms-status4.php HTTP/1.1" 200 12 "http://192.168.60.79/manager-page/home-4.php" "Mozilla/5.0 (Windows NT 10.0; Win64; x64) AppleWebKit/537.36 (KHTML, like Gecko) Chrome/140.0.0.0 Safari/537.36 Edg/140.0.0.0"
172.16.36.181 - - [15/Sep/2025:07:59:18 +0800] "GET /manager-page/api/snapshot.php?id=42&t=0.49395489101645373 HTTP/1.1" 200 55906 "http://192.168.60.79/manager-page/home-4.php" "Mozilla/5.0 (Windows NT 10.0; Win64; x64) AppleWebKit/537.36 (KHTML, like Gecko) Chrome/140.0.0.0 Safari/537.36 Edg/140.0.0.0"
172.16.36.181 - - [15/Sep/2025:07:59:18 +0800] "GET /manager-page/api/snapshot.php?id=41&t=0.4963433198559968 HTTP/1.1" 200 48512 "http://192.168.60.79/manager-page/home-4.php" "Mozilla/5.0 (Windows NT 10.0; Win64; x64) AppleWebKit/537.36 (KHTML, like Gecko) Chrome/140.0.0.0 Safari/537.36 Edg/140.0.0.0"
172.16.36.181 - - [15/Sep/2025:07:59:23 +0800] "GET /manager-page/api/snapshot.php?id=42&t=0.05184424947750632 HTTP/1.1" 200 55853 "http://192.168.60.79/manager-page/home-4.php" "Mozilla/5.0 (Windows NT 10.0; Win64; x64) AppleWebKit/537.36 (KHTML, like Gecko) Chrome/140.0.0.0 Safari/537.36 Edg/140.0.0.0"
172.16.36.181 - - [15/Sep/2025:07:59:23 +0800] "GET /manager-page/api/snapshot.php?id=41&t=0.4014987236206946 HTTP/1.1" 200 48541 "http://192.168.60.79/manager-page/home-4.php" "Mozilla/5.0 (Windows NT 10.0; Win64; x64) AppleWebKit/537.36 (KHTML, like Gecko) Chrome/140.0.0.0 Safari/537.36 Edg/140.0.0.0"
172.16.36.181 - - [15/Sep/2025:07:59:28 +0800] "GET /manager-page/api/snapshot.php?id=42&t=0.45793293662009715 HTTP/1.1" 200 55835 "http://192.168.60.79/manager-page/home-4.php" "Mozilla/5.0 (Windows NT 10.0; Win64; x64) AppleWebKit/537.36 (KHTML, like Gecko) Chrome/140.0.0.0 Safari/537.36 Edg/140.0.0.0"
172.16.36.181 - - [15/Sep/2025:07:59:28 +0800] "GET /manager-page/api/snapshot.php?id=41&t=0.6141854481361463 HTTP/1.1" 200 48536 "http://192.168.60.79/manager-page/home-4.php" "Mozilla/5.0 (Windows NT 10.0; Win64; x64) AppleWebKit/537.36 (KHTML, like Gecko) Chrome/140.0.0.0 Safari/537.36 Edg/140.0.0.0"
172.16.36.181 - - [15/Sep/2025:07:59:32 +0800] "GET /manager-page/alarm/2-2.jpg?t=1202658092 HTTP/1.1" 200 495465 "http://192.168.60.79/manager-page/home-2.php" "Mozilla/5.0 (Windows NT 10.0; Win64; x64) AppleWebKit/537.36 (KHTML, like Gecko) Chrome/140.0.0.0 Safari/537.36 Edg/140.0.0.0"
172.16.36.181 - - [15/Sep/2025:07:59:32 +0800] "GET /manager-page/alarm/2-1.jpg?t=1417027957 HTTP/1.1" 200 472504 "http://192.168.60.79/manager-page/home-2.php" "Mozilla/5.0 (Windows NT 10.0; Win64; x64) AppleWebKit/537.36 (KHTML, like Gecko) Chrome/140.0.0.0 Safari/537.36 Edg/140.0.0.0"
172.16.36.181 - - [15/Sep/2025:07:59:32 +0800] "GET /manager-page/home-2.php HTTP/1.1" 200 27469 "http://192.168.60.79/manager-page/home-4.php" "Mozilla/5.0 (Windows NT 10.0; Win64; x64) AppleWebKit/537.36 (KHTML, like Gecko) Chrome/140.0.0.0 Safari/537.36 Edg/140.0.0.0"
172.16.36.181 - - [15/Sep/2025:07:59:32 +0800] "GET /manager-page/api/snapshot.php?id=21 HTTP/1.1" 200 47142 "http://192.168.60.79/manager-page/home-2.php" "Mozilla/5.0 (Windows NT 10.0; Win64; x64) AppleWebKit/537.36 (KHTML, like Gecko) Chrome/140.0.0.0 Safari/537.36 Edg/140.0.0.0"
172.16.36.181 - - [15/Sep/2025:07:59:32 +0800] "GET /manager-page/api/snapshot.php?id=22 HTTP/1.1" 200 40860 "http://192.168.60.79/manager-page/home-2.php" "Mozilla/5.0 (Windows NT 10.0; Win64; x64) AppleWebKit/537.36 (KHTML, like Gecko) Chrome/140.0.0.0 Safari/537.36 Edg/140.0.0.0"
172.16.36.181 - - [15/Sep/2025:07:59:34 +0800] "GET /manager-page/api/cms-status2.php HTTP/1.1" 200 12 "http://192.168.60.79/manager-page/home-2.php" "Mozilla/5.0 (Windows NT 10.0; Win64; x64) AppleWebKit/537.36 (KHTML, like Gecko) Chrome/140.0.0.0 Safari/537.36 Edg/140.0.0.0"
172.16.36.181 - - [15/Sep/2025:07:59:34 +0800] "GET /manager-page/api/lp-status2.php HTTP/1.1" 200 1 "http://192.168.60.79/manager-page/home-2.php" "Mozilla/5.0 (Windows NT 10.0; Win64; x64) AppleWebKit/537.36 (KHTML, like Gecko) Chrome/140.0.0.0 Safari/537.36 Edg/140.0.0.0"
172.16.36.181 - - [15/Sep/2025:07:59:39 +0800] "GET /manager-page/api/snapshot.php?id=22&t=0.4277201401435068 HTTP/1.1" 200 40797 "http://192.168.60.79/manager-page/home-2.php" "Mozilla/5.0 (Windows NT 10.0; Win64; x64) AppleWebKit/537.36 (KHTML, like Gecko) Chrome/140.0.0.0 Safari/537.36 Edg/140.0.0.0"
172.16.36.181 - - [15/Sep/2025:07:59:39 +0800] "GET /manager-page/api/snapshot.php?id=21&t=0.568088387082418 HTTP/1.1" 200 47045 "http://192.168.60.79/manager-page/home-2.php" "Mozilla/5.0 (Windows NT 10.0; Win64; x64) AppleWebKit/537.36 (KHTML, like Gecko) Chrome/140.0.0.0 Safari/537.36 Edg/140.0.0.0"
172.16.36.181 - - [15/Sep/2025:07:59:44 +0800] "GET /manager-page/api/snapshot.php?id=22&t=0.9480830352852592 HTTP/1.1" 200 41080 "http://192.168.60.79/manager-page/home-2.php" "Mozilla/5.0 (Windows NT 10.0; Win64; x64) AppleWebKit/537.36 (KHTML, like Gecko) Chrome/140.0.0.0 Safari/537.36 Edg/140.0.0.0"
172.16.36.181 - - [15/Sep/2025:07:59:44 +0800] "GET /manager-page/api/snapshot.php?id=21&t=0.4411950767452858 HTTP/1.1" 200 47226 "http://192.168.60.79/manager-page/home-2.php" "Mozilla/5.0 (Windows NT 10.0; Win64; x64) AppleWebKit/537.36 (KHTML, like Gecko) Chrome/140.0.0.0 Safari/537.36 Edg/140.0.0.0"
127.0.0.1 - - [15/Sep/2025:07:59:47 +0800] "POST /robot/et-7026-in.php HTTP/1.1" 200 - "-" "python-requests/2.32.2"
172.16.36.181 - - [15/Sep/2025:07:59:49 +0800] "GET /manager-page/api/snapshot.php?id=22&t=0.7531182910834343 HTTP/1.1" 200 40943 "http://192.168.60.79/manager-page/home-2.php" "Mozilla/5.0 (Windows NT 10.0; Win64; x64) AppleWebKit/537.36 (KHTML, like Gecko) Chrome/140.0.0.0 Safari/537.36 Edg/140.0.0.0"
172.16.36.181 - - [15/Sep/2025:07:59:49 +0800] "GET /manager-page/api/snapshot.php?id=21&t=0.17732437659805467 HTTP/1.1" 200 47255 "http://192.168.60.79/manager-page/home-2.php" "Mozilla/5.0 (Windows NT 10.0; Win64; x64) AppleWebKit/537.36 (KHTML, like Gecko) Chrome/140.0.0.0 Safari/537.36 Edg/140.0.0.0"
172.16.36.181 - - [15/Sep/2025:07:59:50 +0800] "GET /manager-page/alarm/1-2.jpg?t=2109335716 HTTP/1.1" 200 495492 "http://192.168.60.79/manager-page/home-1.php" "Mozilla/5.0 (Windows NT 10.0; Win64; x64) AppleWebKit/537.36 (KHTML, like Gecko) Chrome/140.0.0.0 Safari/537.36 Edg/140.0.0.0"
172.16.36.181 - - [15/Sep/2025:07:59:50 +0800] "GET /manager-page/alarm/1-1.jpg?t=1915186650 HTTP/1.1" 200 322868 "http://192.168.60.79/manager-page/home-1.php" "Mozilla/5.0 (Windows NT 10.0; Win64; x64) AppleWebKit/537.36 (KHTML, like Gecko) Chrome/140.0.0.0 Safari/537.36 Edg/140.0.0.0"
172.16.36.181 - - [15/Sep/2025:07:59:50 +0800] "GET /manager-page/home-1.php HTTP/1.1" 200 27474 "http://192.168.60.79/manager-page/home-2.php" "Mozilla/5.0 (Windows NT 10.0; Win64; x64) AppleWebKit/537.36 (KHTML, like Gecko) Chrome/140.0.0.0 Safari/537.36 Edg/140.0.0.0"
