127.0.0.1 - - [15/Jul/2025:08:00:00 +0800] "GET /robot/alarm-history-in.php HTTP/1.1" 200 - "-" "python-requests/2.28.1"
127.0.0.1 - - [15/Jul/2025:07:59:59 +0800] "POST /robot/lora-in.php HTTP/1.1" 200 - "-" "python-requests/2.31.0"
127.0.0.1 - - [15/Jul/2025:08:00:00 +0800] "GET /manager-page/daily/send.php HTTP/1.1" 200 - "-" "python-requests/2.28.1"
127.0.0.1 - - [15/Jul/2025:08:00:00 +0800] "GET /manager-page/daily/send2.php HTTP/1.1" 200 - "-" "python-requests/2.28.1"
127.0.0.1 - - [15/Jul/2025:08:01:00 +0800] "GET /robot/alarm-history-in.php HTTP/1.1" 200 - "-" "python-requests/2.28.1"
111.70.30.253 - - [15/Jul/2025:08:02:00 +0800] "POST /robot/lora-in.php HTTP/1.1" 200 - "-" "python-requests/2.21.0"
127.0.0.1 - - [15/Jul/2025:08:02:00 +0800] "GET /robot/alarm-history-in.php HTTP/1.1" 200 - "-" "python-requests/2.28.1"
172.16.36.181 - - [15/Jul/2025:08:02:27 +0800] "GET /manager-page/home-3.php HTTP/1.1" 302 - "-" "Mozilla/5.0 (Windows NT 10.0; Win64; x64) AppleWebKit/537.36 (KHTML, like Gecko) Chrome/138.0.0.0 Safari/537.36 Edg/138.0.0.0"
172.16.36.181 - - [15/Jul/2025:08:02:27 +0800] "GET /manager-page/login.php HTTP/1.1" 200 2365 "-" "Mozilla/5.0 (Windows NT 10.0; Win64; x64) AppleWebKit/537.36 (KHTML, like Gecko) Chrome/138.0.0.0 Safari/537.36 Edg/138.0.0.0"
172.16.36.181 - - [15/Jul/2025:08:02:28 +0800] "GET /favicon.ico HTTP/1.1" 404 196 "http://192.168.60.79/manager-page/login.php" "Mozilla/5.0 (Windows NT 10.0; Win64; x64) AppleWebKit/537.36 (KHTML, like Gecko) Chrome/138.0.0.0 Safari/537.36 Edg/138.0.0.0"
127.0.0.1 - - [15/Jul/2025:08:02:36 +0800] "POST /robot/et-7026-in.php HTTP/1.1" 200 - "-" "python-requests/2.32.2"
172.16.36.181 - - [15/Jul/2025:08:02:43 +0800] "POST /manager-page/login.php HTTP/1.1" 302 - "http://192.168.60.79/manager-page/login.php" "Mozilla/5.0 (Windows NT 10.0; Win64; x64) AppleWebKit/537.36 (KHTML, like Gecko) Chrome/138.0.0.0 Safari/537.36 Edg/138.0.0.0"
172.16.36.181 - - [15/Jul/2025:08:02:43 +0800] "GET /manager-page/home.php HTTP/1.1" 302 - "http://192.168.60.79/manager-page/login.php" "Mozilla/5.0 (Windows NT 10.0; Win64; x64) AppleWebKit/537.36 (KHTML, like Gecko) Chrome/138.0.0.0 Safari/537.36 Edg/138.0.0.0"
172.16.36.181 - - [15/Jul/2025:08:02:43 +0800] "GET /manager-page/alarm/1-1.jpg?t=144817510 HTTP/1.1" 200 322868 "http://192.168.60.79/manager-page/home-1.php" "Mozilla/5.0 (Windows NT 10.0; Win64; x64) AppleWebKit/537.36 (KHTML, like Gecko) Chrome/138.0.0.0 Safari/537.36 Edg/138.0.0.0"
172.16.36.181 - - [15/Jul/2025:08:02:43 +0800] "GET /manager-page/alarm/1-2.jpg?t=1823486809 HTTP/1.1" 200 495492 "http://192.168.60.79/manager-page/home-1.php" "Mozilla/5.0 (Windows NT 10.0; Win64; x64) AppleWebKit/537.36 (KHTML, like Gecko) Chrome/138.0.0.0 Safari/537.36 Edg/138.0.0.0"
172.16.36.181 - - [15/Jul/2025:08:02:43 +0800] "GET /manager-page/home-1.php HTTP/1.1" 200 27473 "http://192.168.60.79/manager-page/login.php" "Mozilla/5.0 (Windows NT 10.0; Win64; x64) AppleWebKit/537.36 (KHTML, like Gecko) Chrome/138.0.0.0 Safari/537.36 Edg/138.0.0.0"
172.16.36.181 - - [15/Jul/2025:08:02:43 +0800] "GET /manager-page/api/snapshot.php?id=11 HTTP/1.1" 200 44826 "http://192.168.60.79/manager-page/home-1.php" "Mozilla/5.0 (Windows NT 10.0; Win64; x64) AppleWebKit/537.36 (KHTML, like Gecko) Chrome/138.0.0.0 Safari/537.36 Edg/138.0.0.0"
172.16.36.181 - - [15/Jul/2025:08:02:43 +0800] "GET /manager-page/api/snapshot.php?id=12 HTTP/1.1" 200 46838 "http://192.168.60.79/manager-page/home-1.php" "Mozilla/5.0 (Windows NT 10.0; Win64; x64) AppleWebKit/537.36 (KHTML, like Gecko) Chrome/138.0.0.0 Safari/537.36 Edg/138.0.0.0"
172.16.36.181 - - [15/Jul/2025:08:02:45 +0800] "GET /manager-page/api/cms-status1.php HTTP/1.1" 200 12 "http://192.168.60.79/manager-page/home-1.php" "Mozilla/5.0 (Windows NT 10.0; Win64; x64) AppleWebKit/537.36 (KHTML, like Gecko) Chrome/138.0.0.0 Safari/537.36 Edg/138.0.0.0"
172.16.36.181 - - [15/Jul/2025:08:02:45 +0800] "GET /manager-page/api/lp-status1.php HTTP/1.1" 200 1 "http://192.168.60.79/manager-page/home-1.php" "Mozilla/5.0 (Windows NT 10.0; Win64; x64) AppleWebKit/537.36 (KHTML, like Gecko) Chrome/138.0.0.0 Safari/537.36 Edg/138.0.0.0"
172.16.36.181 - - [15/Jul/2025:08:02:50 +0800] "GET /manager-page/api/snapshot.php?id=11&t=0.8424765938627605 HTTP/1.1" 200 44811 "http://192.168.60.79/manager-page/home-1.php" "Mozilla/5.0 (Windows NT 10.0; Win64; x64) AppleWebKit/537.36 (KHTML, like Gecko) Chrome/138.0.0.0 Safari/537.36 Edg/138.0.0.0"
172.16.36.181 - - [15/Jul/2025:08:02:50 +0800] "GET /manager-page/api/snapshot.php?id=12&t=0.48642819414421956 HTTP/1.1" 200 46911 "http://192.168.60.79/manager-page/home-1.php" "Mozilla/5.0 (Windows NT 10.0; Win64; x64) AppleWebKit/537.36 (KHTML, like Gecko) Chrome/138.0.0.0 Safari/537.36 Edg/138.0.0.0"
127.0.0.1 - - [15/Jul/2025:08:02:53 +0800] "POST /robot/et-7026-in.php HTTP/1.1" 200 - "-" "python-requests/2.32.2"
172.16.36.181 - - [15/Jul/2025:08:02:55 +0800] "GET /manager-page/api/snapshot.php?id=12&t=0.9135275189183588 HTTP/1.1" 200 46883 "http://192.168.60.79/manager-page/home-1.php" "Mozilla/5.0 (Windows NT 10.0; Win64; x64) AppleWebKit/537.36 (KHTML, like Gecko) Chrome/138.0.0.0 Safari/537.36 Edg/138.0.0.0"
172.16.36.181 - - [15/Jul/2025:08:02:55 +0800] "GET /manager-page/api/snapshot.php?id=11&t=0.8348717086782241 HTTP/1.1" 200 44732 "http://192.168.60.79/manager-page/home-1.php" "Mozilla/5.0 (Windows NT 10.0; Win64; x64) AppleWebKit/537.36 (KHTML, like Gecko) Chrome/138.0.0.0 Safari/537.36 Edg/138.0.0.0"
127.0.0.1 - - [15/Jul/2025:08:03:00 +0800] "GET /robot/alarm-history-in.php HTTP/1.1" 200 - "-" "python-requests/2.28.1"
172.16.36.181 - - [15/Jul/2025:08:03:00 +0800] "GET /manager-page/api/snapshot.php?id=12&t=0.9161389502144381 HTTP/1.1" 200 46950 "http://192.168.60.79/manager-page/home-1.php" "Mozilla/5.0 (Windows NT 10.0; Win64; x64) AppleWebKit/537.36 (KHTML, like Gecko) Chrome/138.0.0.0 Safari/537.36 Edg/138.0.0.0"
172.16.36.181 - - [15/Jul/2025:08:03:00 +0800] "GET /manager-page/api/snapshot.php?id=11&t=0.5222998530729869 HTTP/1.1" 200 45149 "http://192.168.60.79/manager-page/home-1.php" "Mozilla/5.0 (Windows NT 10.0; Win64; x64) AppleWebKit/537.36 (KHTML, like Gecko) Chrome/138.0.0.0 Safari/537.36 Edg/138.0.0.0"
172.16.36.181 - - [15/Jul/2025:08:03:05 +0800] "GET /manager-page/api/snapshot.php?id=11&t=0.41037726690990317 HTTP/1.1" 200 44895 "http://192.168.60.79/manager-page/home-1.php" "Mozilla/5.0 (Windows NT 10.0; Win64; x64) AppleWebKit/537.36 (KHTML, like Gecko) Chrome/138.0.0.0 Safari/537.36 Edg/138.0.0.0"
111.70.30.252 - - [15/Jul/2025:08:03:07 +0800] "POST /robot/lora-in.php HTTP/1.1" 200 - "-" "python-requests/2.21.0"
172.16.36.181 - - [15/Jul/2025:08:03:05 +0800] "GET /manager-page/api/snapshot.php?id=12&t=0.6852052421012651 HTTP/1.1" 200 46869 "http://192.168.60.79/manager-page/home-1.php" "Mozilla/5.0 (Windows NT 10.0; Win64; x64) AppleWebKit/537.36 (KHTML, like Gecko) Chrome/138.0.0.0 Safari/537.36 Edg/138.0.0.0"
111.70.30.250 - - [15/Jul/2025:08:03:08 +0800] "POST /robot/lora-in.php HTTP/1.1" 200 - "-" "python-requests/2.21.0"
172.16.36.181 - - [15/Jul/2025:08:03:10 +0800] "GET /manager-page/api/snapshot.php?id=12&t=0.0560538898423778 HTTP/1.1" 200 46888 "http://192.168.60.79/manager-page/home-1.php" "Mozilla/5.0 (Windows NT 10.0; Win64; x64) AppleWebKit/537.36 (KHTML, like Gecko) Chrome/138.0.0.0 Safari/537.36 Edg/138.0.0.0"
172.16.36.181 - - [15/Jul/2025:08:03:10 +0800] "GET /manager-page/api/snapshot.php?id=11&t=0.730102120201051 HTTP/1.1" 200 44926 "http://192.168.60.79/manager-page/home-1.php" "Mozilla/5.0 (Windows NT 10.0; Win64; x64) AppleWebKit/537.36 (KHTML, like Gecko) Chrome/138.0.0.0 Safari/537.36 Edg/138.0.0.0"
127.0.0.1 - - [15/Jul/2025:08:03:14 +0800] "POST /robot/et-7026-in.php HTTP/1.1" 200 - "-" "python-requests/2.32.2"
172.16.36.181 - - [15/Jul/2025:08:03:15 +0800] "GET /manager-page/api/snapshot.php?id=11&t=0.6181432206659335 HTTP/1.1" 200 44880 "http://192.168.60.79/manager-page/home-1.php" "Mozilla/5.0 (Windows NT 10.0; Win64; x64) AppleWebKit/537.36 (KHTML, like Gecko) Chrome/138.0.0.0 Safari/537.36 Edg/138.0.0.0"
172.16.36.181 - - [15/Jul/2025:08:03:15 +0800] "GET /manager-page/api/snapshot.php?id=12&t=0.0034065920484019907 HTTP/1.1" 200 47004 "http://192.168.60.79/manager-page/home-1.php" "Mozilla/5.0 (Windows NT 10.0; Win64; x64) AppleWebKit/537.36 (KHTML, like Gecko) Chrome/138.0.0.0 Safari/537.36 Edg/138.0.0.0"
172.16.36.181 - - [15/Jul/2025:08:03:20 +0800] "GET /manager-page/api/snapshot.php?id=11&t=0.8311909782519433 HTTP/1.1" 200 44873 "http://192.168.60.79/manager-page/home-1.php" "Mozilla/5.0 (Windows NT 10.0; Win64; x64) AppleWebKit/537.36 (KHTML, like Gecko) Chrome/138.0.0.0 Safari/537.36 Edg/138.0.0.0"
172.16.36.181 - - [15/Jul/2025:08:03:20 +0800] "GET /manager-page/api/snapshot.php?id=12&t=0.3964442840853828 HTTP/1.1" 200 46965 "http://192.168.60.79/manager-page/home-1.php" "Mozilla/5.0 (Windows NT 10.0; Win64; x64) AppleWebKit/537.36 (KHTML, like Gecko) Chrome/138.0.0.0 Safari/537.36 Edg/138.0.0.0"
172.16.36.181 - - [15/Jul/2025:08:03:25 +0800] "GET /manager-page/api/snapshot.php?id=12&t=0.6826940252427747 HTTP/1.1" 200 46932 "http://192.168.60.79/manager-page/home-1.php" "Mozilla/5.0 (Windows NT 10.0; Win64; x64) AppleWebKit/537.36 (KHTML, like Gecko) Chrome/138.0.0.0 Safari/537.36 Edg/138.0.0.0"
172.16.36.181 - - [15/Jul/2025:08:03:25 +0800] "GET /manager-page/api/snapshot.php?id=11&t=0.2673888158869805 HTTP/1.1" 200 44869 "http://192.168.60.79/manager-page/home-1.php" "Mozilla/5.0 (Windows NT 10.0; Win64; x64) AppleWebKit/537.36 (KHTML, like Gecko) Chrome/138.0.0.0 Safari/537.36 Edg/138.0.0.0"
172.16.36.181 - - [15/Jul/2025:08:03:30 +0800] "GET /manager-page/api/snapshot.php?id=12&t=0.40951777053047766 HTTP/1.1" 200 47074 "http://192.168.60.79/manager-page/home-1.php" "Mozilla/5.0 (Windows NT 10.0; Win64; x64) AppleWebKit/537.36 (KHTML, like Gecko) Chrome/138.0.0.0 Safari/537.36 Edg/138.0.0.0"
172.16.36.181 - - [15/Jul/2025:08:03:30 +0800] "GET /manager-page/api/snapshot.php?id=11&t=0.8040239994342058 HTTP/1.1" 200 44958 "http://192.168.60.79/manager-page/home-1.php" "Mozilla/5.0 (Windows NT 10.0; Win64; x64) AppleWebKit/537.36 (KHTML, like Gecko) Chrome/138.0.0.0 Safari/537.36 Edg/138.0.0.0"
172.16.36.181 - - [15/Jul/2025:08:03:35 +0800] "GET /manager-page/api/snapshot.php?id=11&t=0.6208372395154719 HTTP/1.1" 200 45122 "http://192.168.60.79/manager-page/home-1.php" "Mozilla/5.0 (Windows NT 10.0; Win64; x64) AppleWebKit/537.36 (KHTML, like Gecko) Chrome/138.0.0.0 Safari/537.36 Edg/138.0.0.0"
172.16.36.181 - - [15/Jul/2025:08:03:35 +0800] "GET /manager-page/api/snapshot.php?id=12&t=0.0758024330110243 HTTP/1.1" 200 47113 "http://192.168.60.79/manager-page/home-1.php" "Mozilla/5.0 (Windows NT 10.0; Win64; x64) AppleWebKit/537.36 (KHTML, like Gecko) Chrome/138.0.0.0 Safari/537.36 Edg/138.0.0.0"
172.16.36.181 - - [15/Jul/2025:08:03:40 +0800] "GET /manager-page/api/snapshot.php?id=11&t=0.007312601591382806 HTTP/1.1" 200 45024 "http://192.168.60.79/manager-page/home-1.php" "Mozilla/5.0 (Windows NT 10.0; Win64; x64) AppleWebKit/537.36 (KHTML, like Gecko) Chrome/138.0.0.0 Safari/537.36 Edg/138.0.0.0"
172.16.36.181 - - [15/Jul/2025:08:03:40 +0800] "GET /manager-page/api/snapshot.php?id=12&t=0.7383204324768031 HTTP/1.1" 200 47559 "http://192.168.60.79/manager-page/home-1.php" "Mozilla/5.0 (Windows NT 10.0; Win64; x64) AppleWebKit/537.36 (KHTML, like Gecko) Chrome/138.0.0.0 Safari/537.36 Edg/138.0.0.0"
172.16.36.181 - - [15/Jul/2025:08:03:50 +0800] "GET /manager-page/api/snapshot.php?id=11&t=0.23542493609645743 HTTP/1.1" 200 45289 "http://192.168.60.79/manager-page/home-1.php" "Mozilla/5.0 (Windows NT 10.0; Win64; x64) AppleWebKit/537.36 (KHTML, like Gecko) Chrome/138.0.0.0 Safari/537.36 Edg/138.0.0.0"
172.16.36.181 - - [15/Jul/2025:08:03:50 +0800] "GET /manager-page/api/snapshot.php?id=12&t=0.6581369830486539 HTTP/1.1" 200 47074 "http://192.168.60.79/manager-page/home-1.php" "Mozilla/5.0 (Windows NT 10.0; Win64; x64) AppleWebKit/537.36 (KHTML, like Gecko) Chrome/138.0.0.0 Safari/537.36 Edg/138.0.0.0"
127.0.0.1 - - [15/Jul/2025:08:04:00 +0800] "GET /robot/alarm-history-in.php HTTP/1.1" 200 - "-" "python-requests/2.28.1"
127.0.0.1 - - [15/Jul/2025:08:04:04 +0800] "POST /robot/et-7026-in.php HTTP/1.1" 200 - "-" "python-requests/2.32.2"
172.16.36.181 - - [15/Jul/2025:08:04:50 +0800] "GET /manager-page/api/snapshot.php?id=11&t=0.5382086178126809 HTTP/1.1" 200 44856 "http://192.168.60.79/manager-page/home-1.php" "Mozilla/5.0 (Windows NT 10.0; Win64; x64) AppleWebKit/537.36 (KHTML, like Gecko) Chrome/138.0.0.0 Safari/537.36 Edg/138.0.0.0"
172.16.36.181 - - [15/Jul/2025:08:04:50 +0800] "GET /manager-page/api/snapshot.php?id=12&t=0.44715909091374473 HTTP/1.1" 200 47236 "http://192.168.60.79/manager-page/home-1.php" "Mozilla/5.0 (Windows NT 10.0; Win64; x64) AppleWebKit/537.36 (KHTML, like Gecko) Chrome/138.0.0.0 Safari/537.36 Edg/138.0.0.0"
127.0.0.1 - - [15/Jul/2025:08:05:00 +0800] "GET /robot/alarm-history-in.php HTTP/1.1" 200 - "-" "python-requests/2.28.1"
111.70.30.251 - - [15/Jul/2025:08:05:35 +0800] "POST /robot/lora-in.php HTTP/1.1" 200 - "-" "python-requests/2.21.0"
172.16.36.181 - - [15/Jul/2025:08:05:50 +0800] "GET /manager-page/api/snapshot.php?id=12&t=0.7061251869898145 HTTP/1.1" 200 47512 "http://192.168.60.79/manager-page/home-1.php" "Mozilla/5.0 (Windows NT 10.0; Win64; x64) AppleWebKit/537.36 (KHTML, like Gecko) Chrome/138.0.0.0 Safari/537.36 Edg/138.0.0.0"
172.16.36.181 - - [15/Jul/2025:08:05:50 +0800] "GET /manager-page/api/snapshot.php?id=11&t=0.6337521493204001 HTTP/1.1" 200 44783 "http://192.168.60.79/manager-page/home-1.php" "Mozilla/5.0 (Windows NT 10.0; Win64; x64) AppleWebKit/537.36 (KHTML, like Gecko) Chrome/138.0.0.0 Safari/537.36 Edg/138.0.0.0"
127.0.0.1 - - [15/Jul/2025:08:06:00 +0800] "GET /robot/alarm-history-in.php HTTP/1.1" 200 - "-" "python-requests/2.28.1"
172.16.36.181 - - [15/Jul/2025:08:06:50 +0800] "GET /manager-page/api/snapshot.php?id=12&t=0.560357540382544 HTTP/1.1" 200 47758 "http://192.168.60.79/manager-page/home-1.php" "Mozilla/5.0 (Windows NT 10.0; Win64; x64) AppleWebKit/537.36 (KHTML, like Gecko) Chrome/138.0.0.0 Safari/537.36 Edg/138.0.0.0"
172.16.36.181 - - [15/Jul/2025:08:06:50 +0800] "GET /manager-page/api/snapshot.php?id=11&t=0.518407412948989 HTTP/1.1" 200 44792 "http://192.168.60.79/manager-page/home-1.php" "Mozilla/5.0 (Windows NT 10.0; Win64; x64) AppleWebKit/537.36 (KHTML, like Gecko) Chrome/138.0.0.0 Safari/537.36 Edg/138.0.0.0"
127.0.0.1 - - [15/Jul/2025:08:07:00 +0800] "GET /robot/alarm-history-in.php HTTP/1.1" 200 - "-" "python-requests/2.28.1"
172.16.36.181 - - [15/Jul/2025:08:07:50 +0800] "GET /manager-page/api/snapshot.php?id=11&t=0.5278634489073148 HTTP/1.1" 200 45209 "http://192.168.60.79/manager-page/home-1.php" "Mozilla/5.0 (Windows NT 10.0; Win64; x64) AppleWebKit/537.36 (KHTML, like Gecko) Chrome/138.0.0.0 Safari/537.36 Edg/138.0.0.0"
172.16.36.181 - - [15/Jul/2025:08:07:50 +0800] "GET /manager-page/api/snapshot.php?id=12&t=0.07432617030024136 HTTP/1.1" 200 47794 "http://192.168.60.79/manager-page/home-1.php" "Mozilla/5.0 (Windows NT 10.0; Win64; x64) AppleWebKit/537.36 (KHTML, like Gecko) Chrome/138.0.0.0 Safari/537.36 Edg/138.0.0.0"
127.0.0.1 - - [15/Jul/2025:08:08:00 +0800] "GET /robot/alarm-history-in.php HTTP/1.1" 200 - "-" "python-requests/2.28.1"
172.16.36.181 - - [15/Jul/2025:08:08:50 +0800] "GET /manager-page/api/snapshot.php?id=11&t=0.8997299012007564 HTTP/1.1" 200 45186 "http://192.168.60.79/manager-page/home-1.php" "Mozilla/5.0 (Windows NT 10.0; Win64; x64) AppleWebKit/537.36 (KHTML, like Gecko) Chrome/138.0.0.0 Safari/537.36 Edg/138.0.0.0"
172.16.36.181 - - [15/Jul/2025:08:08:50 +0800] "GET /manager-page/api/snapshot.php?id=12&t=0.498461668745089 HTTP/1.1" 200 48071 "http://192.168.60.79/manager-page/home-1.php" "Mozilla/5.0 (Windows NT 10.0; Win64; x64) AppleWebKit/537.36 (KHTML, like Gecko) Chrome/138.0.0.0 Safari/537.36 Edg/138.0.0.0"
127.0.0.1 - - [15/Jul/2025:08:09:00 +0800] "GET /robot/alarm-history-in.php HTTP/1.1" 200 - "-" "python-requests/2.28.1"
127.0.0.1 - - [15/Jul/2025:08:09:22 +0800] "GET /get-setting.json HTTP/1.1" 200 2314 "-" "python-requests/2.31.0"
127.0.0.1 - - [15/Jul/2025:08:09:22 +0800] "POST /robot/lora-in.php HTTP/1.1" 200 - "-" "python-requests/2.31.0"
127.0.0.1 - - [15/Jul/2025:08:09:25 +0800] "POST /robot/lora-in.php HTTP/1.1" 200 - "-" "python-requests/2.31.0"
127.0.0.1 - - [15/Jul/2025:08:09:31 +0800] "POST /robot/lora-in.php HTTP/1.1" 200 - "-" "python-requests/2.31.0"
127.0.0.1 - - [15/Jul/2025:08:09:36 +0800] "POST /robot/lora-in.php HTTP/1.1" 200 - "-" "python-requests/2.31.0"
127.0.0.1 - - [15/Jul/2025:08:09:38 +0800] "POST /robot/lora-in.php HTTP/1.1" 200 - "-" "python-requests/2.31.0"
127.0.0.1 - - [15/Jul/2025:08:09:43 +0800] "POST /robot/lora-in.php HTTP/1.1" 200 - "-" "python-requests/2.31.0"
127.0.0.1 - - [15/Jul/2025:08:09:44 +0800] "POST /robot/lora-in.php HTTP/1.1" 200 - "-" "python-requests/2.31.0"
127.0.0.1 - - [15/Jul/2025:08:09:50 +0800] "POST /robot/lora-in.php HTTP/1.1" 200 - "-" "python-requests/2.31.0"
172.16.36.181 - - [15/Jul/2025:08:09:50 +0800] "GET /manager-page/api/snapshot.php?id=12&t=0.7337709976129574 HTTP/1.1" 200 48337 "http://192.168.60.79/manager-page/home-1.php" "Mozilla/5.0 (Windows NT 10.0; Win64; x64) AppleWebKit/537.36 (KHTML, like Gecko) Chrome/138.0.0.0 Safari/537.36 Edg/138.0.0.0"
172.16.36.181 - - [15/Jul/2025:08:09:50 +0800] "GET /manager-page/api/snapshot.php?id=11&t=0.5254386809191885 HTTP/1.1" 200 45599 "http://192.168.60.79/manager-page/home-1.php" "Mozilla/5.0 (Windows NT 10.0; Win64; x64) AppleWebKit/537.36 (KHTML, like Gecko) Chrome/138.0.0.0 Safari/537.36 Edg/138.0.0.0"
127.0.0.1 - - [15/Jul/2025:08:10:00 +0800] "GET /robot/alarm-history-in.php HTTP/1.1" 200 - "-" "python-requests/2.28.1"
111.70.30.253 - - [15/Jul/2025:08:10:44 +0800] "POST /robot/lora-in.php HTTP/1.1" 200 - "-" "python-requests/2.21.0"
172.16.36.181 - - [15/Jul/2025:08:10:50 +0800] "GET /manager-page/api/snapshot.php?id=11&t=0.6074405493462468 HTTP/1.1" 200 45182 "http://192.168.60.79/manager-page/home-1.php" "Mozilla/5.0 (Windows NT 10.0; Win64; x64) AppleWebKit/537.36 (KHTML, like Gecko) Chrome/138.0.0.0 Safari/537.36 Edg/138.0.0.0"
172.16.36.181 - - [15/Jul/2025:08:10:50 +0800] "GET /manager-page/api/snapshot.php?id=12&t=0.12647056589983485 HTTP/1.1" 200 48027 "http://192.168.60.79/manager-page/home-1.php" "Mozilla/5.0 (Windows NT 10.0; Win64; x64) AppleWebKit/537.36 (KHTML, like Gecko) Chrome/138.0.0.0 Safari/537.36 Edg/138.0.0.0"
127.0.0.1 - - [15/Jul/2025:08:11:00 +0800] "GET /robot/alarm-history-in.php HTTP/1.1" 200 - "-" "python-requests/2.28.1"
111.70.30.250 - - [15/Jul/2025:08:11:43 +0800] "POST /robot/lora-in.php HTTP/1.1" 200 - "-" "python-requests/2.21.0"
172.16.36.181 - - [15/Jul/2025:08:11:50 +0800] "GET /manager-page/api/snapshot.php?id=11&t=0.06702693309064411 HTTP/1.1" 200 45184 "http://192.168.60.79/manager-page/home-1.php" "Mozilla/5.0 (Windows NT 10.0; Win64; x64) AppleWebKit/537.36 (KHTML, like Gecko) Chrome/138.0.0.0 Safari/537.36 Edg/138.0.0.0"
172.16.36.181 - - [15/Jul/2025:08:11:50 +0800] "GET /manager-page/api/snapshot.php?id=12&t=0.7174982460658368 HTTP/1.1" 200 47783 "http://192.168.60.79/manager-page/home-1.php" "Mozilla/5.0 (Windows NT 10.0; Win64; x64) AppleWebKit/537.36 (KHTML, like Gecko) Chrome/138.0.0.0 Safari/537.36 Edg/138.0.0.0"
127.0.0.1 - - [15/Jul/2025:08:12:00 +0800] "GET /robot/alarm-history-in.php HTTP/1.1" 200 - "-" "python-requests/2.28.1"
111.70.30.252 - - [15/Jul/2025:08:12:18 +0800] "POST /robot/lora-in.php HTTP/1.1" 200 - "-" "python-requests/2.21.0"
127.0.0.1 - - [15/Jul/2025:08:12:38 +0800] "POST /robot/et-7026-in.php HTTP/1.1" 200 - "-" "python-requests/2.32.2"
172.16.36.181 - - [15/Jul/2025:08:12:50 +0800] "GET /manager-page/api/snapshot.php?id=11&t=0.15428072306525709 HTTP/1.1" 200 44908 "http://192.168.60.79/manager-page/home-1.php" "Mozilla/5.0 (Windows NT 10.0; Win64; x64) AppleWebKit/537.36 (KHTML, like Gecko) Chrome/138.0.0.0 Safari/537.36 Edg/138.0.0.0"
172.16.36.181 - - [15/Jul/2025:08:12:50 +0800] "GET /manager-page/api/snapshot.php?id=12&t=0.09784037334497586 HTTP/1.1" 200 47521 "http://192.168.60.79/manager-page/home-1.php" "Mozilla/5.0 (Windows NT 10.0; Win64; x64) AppleWebKit/537.36 (KHTML, like Gecko) Chrome/138.0.0.0 Safari/537.36 Edg/138.0.0.0"
127.0.0.1 - - [15/Jul/2025:08:12:55 +0800] "POST /robot/et-7026-in.php HTTP/1.1" 200 - "-" "python-requests/2.32.2"
127.0.0.1 - - [15/Jul/2025:08:13:00 +0800] "GET /robot/alarm-history-in.php HTTP/1.1" 200 - "-" "python-requests/2.28.1"
127.0.0.1 - - [15/Jul/2025:08:13:15 +0800] "POST /robot/et-7026-in.php HTTP/1.1" 200 - "-" "python-requests/2.32.2"
172.16.36.181 - - [15/Jul/2025:08:13:50 +0800] "GET /manager-page/api/snapshot.php?id=11&t=0.9485636710449988 HTTP/1.1" 200 44853 "http://192.168.60.79/manager-page/home-1.php" "Mozilla/5.0 (Windows NT 10.0; Win64; x64) AppleWebKit/537.36 (KHTML, like Gecko) Chrome/138.0.0.0 Safari/537.36 Edg/138.0.0.0"
172.16.36.181 - - [15/Jul/2025:08:13:50 +0800] "GET /manager-page/api/snapshot.php?id=12&t=0.8945837090032375 HTTP/1.1" 200 47516 "http://192.168.60.79/manager-page/home-1.php" "Mozilla/5.0 (Windows NT 10.0; Win64; x64) AppleWebKit/537.36 (KHTML, like Gecko) Chrome/138.0.0.0 Safari/537.36 Edg/138.0.0.0"
127.0.0.1 - - [15/Jul/2025:08:14:00 +0800] "GET /robot/alarm-history-in.php HTTP/1.1" 200 - "-" "python-requests/2.28.1"
127.0.0.1 - - [15/Jul/2025:08:14:07 +0800] "POST /robot/et-7026-in.php HTTP/1.1" 200 - "-" "python-requests/2.32.2"
111.70.30.251 - - [15/Jul/2025:08:14:11 +0800] "POST /robot/lora-in.php HTTP/1.1" 200 - "-" "python-requests/2.21.0"
172.16.36.181 - - [15/Jul/2025:08:14:50 +0800] "GET /manager-page/api/snapshot.php?id=12&t=0.1277700446098261 HTTP/1.1" 200 47643 "http://192.168.60.79/manager-page/home-1.php" "Mozilla/5.0 (Windows NT 10.0; Win64; x64) AppleWebKit/537.36 (KHTML, like Gecko) Chrome/138.0.0.0 Safari/537.36 Edg/138.0.0.0"
172.16.36.181 - - [15/Jul/2025:08:14:50 +0800] "GET /manager-page/api/snapshot.php?id=11&t=0.078956248180591 HTTP/1.1" 200 45045 "http://192.168.60.79/manager-page/home-1.php" "Mozilla/5.0 (Windows NT 10.0; Win64; x64) AppleWebKit/537.36 (KHTML, like Gecko) Chrome/138.0.0.0 Safari/537.36 Edg/138.0.0.0"
127.0.0.1 - - [15/Jul/2025:08:15:00 +0800] "GET /robot/alarm-history-in.php HTTP/1.1" 200 - "-" "python-requests/2.28.1"
172.16.36.181 - - [15/Jul/2025:08:15:50 +0800] "GET /manager-page/api/snapshot.php?id=11&t=0.25366264043965014 HTTP/1.1" 200 45259 "http://192.168.60.79/manager-page/home-1.php" "Mozilla/5.0 (Windows NT 10.0; Win64; x64) AppleWebKit/537.36 (KHTML, like Gecko) Chrome/138.0.0.0 Safari/537.36 Edg/138.0.0.0"
172.16.36.181 - - [15/Jul/2025:08:15:50 +0800] "GET /manager-page/api/snapshot.php?id=12&t=0.38874364074039736 HTTP/1.1" 200 47415 "http://192.168.60.79/manager-page/home-1.php" "Mozilla/5.0 (Windows NT 10.0; Win64; x64) AppleWebKit/537.36 (KHTML, like Gecko) Chrome/138.0.0.0 Safari/537.36 Edg/138.0.0.0"
127.0.0.1 - - [15/Jul/2025:08:16:00 +0800] "GET /robot/alarm-history-in.php HTTP/1.1" 200 - "-" "python-requests/2.28.1"
172.16.36.181 - - [15/Jul/2025:08:16:50 +0800] "GET /manager-page/api/snapshot.php?id=11&t=0.2580917335124123 HTTP/1.1" 200 45023 "http://192.168.60.79/manager-page/home-1.php" "Mozilla/5.0 (Windows NT 10.0; Win64; x64) AppleWebKit/537.36 (KHTML, like Gecko) Chrome/138.0.0.0 Safari/537.36 Edg/138.0.0.0"
172.16.36.181 - - [15/Jul/2025:08:16:50 +0800] "GET /manager-page/api/snapshot.php?id=12&t=0.30371873655243153 HTTP/1.1" 200 47334 "http://192.168.60.79/manager-page/home-1.php" "Mozilla/5.0 (Windows NT 10.0; Win64; x64) AppleWebKit/537.36 (KHTML, like Gecko) Chrome/138.0.0.0 Safari/537.36 Edg/138.0.0.0"
127.0.0.1 - - [15/Jul/2025:08:17:00 +0800] "GET /robot/alarm-history-in.php HTTP/1.1" 200 - "-" "python-requests/2.28.1"
172.16.36.181 - - [15/Jul/2025:08:17:50 +0800] "GET /manager-page/api/snapshot.php?id=11&t=0.4701563676624335 HTTP/1.1" 200 44986 "http://192.168.60.79/manager-page/home-1.php" "Mozilla/5.0 (Windows NT 10.0; Win64; x64) AppleWebKit/537.36 (KHTML, like Gecko) Chrome/138.0.0.0 Safari/537.36 Edg/138.0.0.0"
172.16.36.181 - - [15/Jul/2025:08:17:50 +0800] "GET /manager-page/api/snapshot.php?id=12&t=0.9521832197769229 HTTP/1.1" 200 46978 "http://192.168.60.79/manager-page/home-1.php" "Mozilla/5.0 (Windows NT 10.0; Win64; x64) AppleWebKit/537.36 (KHTML, like Gecko) Chrome/138.0.0.0 Safari/537.36 Edg/138.0.0.0"
127.0.0.1 - - [15/Jul/2025:08:18:00 +0800] "GET /robot/alarm-history-in.php HTTP/1.1" 200 - "-" "python-requests/2.28.1"
172.16.36.181 - - [15/Jul/2025:08:18:50 +0800] "GET /manager-page/api/snapshot.php?id=11&t=0.5077563572603659 HTTP/1.1" 200 44800 "http://192.168.60.79/manager-page/home-1.php" "Mozilla/5.0 (Windows NT 10.0; Win64; x64) AppleWebKit/537.36 (KHTML, like Gecko) Chrome/138.0.0.0 Safari/537.36 Edg/138.0.0.0"
172.16.36.181 - - [15/Jul/2025:08:18:50 +0800] "GET /manager-page/api/snapshot.php?id=12&t=0.08227543867210163 HTTP/1.1" 200 47276 "http://192.168.60.79/manager-page/home-1.php" "Mozilla/5.0 (Windows NT 10.0; Win64; x64) AppleWebKit/537.36 (KHTML, like Gecko) Chrome/138.0.0.0 Safari/537.36 Edg/138.0.0.0"
127.0.0.1 - - [15/Jul/2025:08:19:00 +0800] "GET /robot/alarm-history-in.php HTTP/1.1" 200 - "-" "python-requests/2.28.1"
127.0.0.1 - - [15/Jul/2025:08:19:22 +0800] "GET /get-setting.json HTTP/1.1" 200 2314 "-" "python-requests/2.31.0"
127.0.0.1 - - [15/Jul/2025:08:19:22 +0800] "POST /robot/lora-in.php HTTP/1.1" 200 - "-" "python-requests/2.31.0"
111.70.30.253 - - [15/Jul/2025:08:19:29 +0800] "POST /robot/lora-in.php HTTP/1.1" 200 - "-" "python-requests/2.21.0"
127.0.0.1 - - [15/Jul/2025:08:19:32 +0800] "POST /robot/lora-in.php HTTP/1.1" 200 - "-" "python-requests/2.31.0"
127.0.0.1 - - [15/Jul/2025:08:19:33 +0800] "POST /robot/lora-in.php HTTP/1.1" 200 - "-" "python-requests/2.31.0"
127.0.0.1 - - [15/Jul/2025:08:19:37 +0800] "POST /robot/lora-in.php HTTP/1.1" 200 - "-" "python-requests/2.31.0"
127.0.0.1 - - [15/Jul/2025:08:19:40 +0800] "POST /robot/lora-in.php HTTP/1.1" 200 - "-" "python-requests/2.31.0"
127.0.0.1 - - [15/Jul/2025:08:19:48 +0800] "POST /robot/lora-in.php HTTP/1.1" 200 - "-" "python-requests/2.31.0"
172.16.36.181 - - [15/Jul/2025:08:19:50 +0800] "GET /manager-page/api/snapshot.php?id=11&t=0.5003759958576417 HTTP/1.1" 200 44669 "http://192.168.60.79/manager-page/home-1.php" "Mozilla/5.0 (Windows NT 10.0; Win64; x64) AppleWebKit/537.36 (KHTML, like Gecko) Chrome/138.0.0.0 Safari/537.36 Edg/138.0.0.0"
172.16.36.181 - - [15/Jul/2025:08:19:50 +0800] "GET /manager-page/api/snapshot.php?id=12&t=0.9777180474544921 HTTP/1.1" 200 47357 "http://192.168.60.79/manager-page/home-1.php" "Mozilla/5.0 (Windows NT 10.0; Win64; x64) AppleWebKit/537.36 (KHTML, like Gecko) Chrome/138.0.0.0 Safari/537.36 Edg/138.0.0.0"
127.0.0.1 - - [15/Jul/2025:08:19:56 +0800] "POST /robot/lora-in.php HTTP/1.1" 200 - "-" "python-requests/2.31.0"
127.0.0.1 - - [15/Jul/2025:08:20:00 +0800] "GET /robot/alarm-history-in.php HTTP/1.1" 200 - "-" "python-requests/2.28.1"
127.0.0.1 - - [15/Jul/2025:08:20:01 +0800] "POST /robot/lora-in.php HTTP/1.1" 200 - "-" "python-requests/2.31.0"
111.70.30.250 - - [15/Jul/2025:08:20:19 +0800] "POST /robot/lora-in.php HTTP/1.1" 200 - "-" "python-requests/2.21.0"
172.16.36.181 - - [15/Jul/2025:08:20:50 +0800] "GET /manager-page/api/snapshot.php?id=12&t=0.6047294457332382 HTTP/1.1" 200 47498 "http://192.168.60.79/manager-page/home-1.php" "Mozilla/5.0 (Windows NT 10.0; Win64; x64) AppleWebKit/537.36 (KHTML, like Gecko) Chrome/138.0.0.0 Safari/537.36 Edg/138.0.0.0"
172.16.36.181 - - [15/Jul/2025:08:20:50 +0800] "GET /manager-page/api/snapshot.php?id=11&t=0.14320783269505 HTTP/1.1" 200 45180 "http://192.168.60.79/manager-page/home-1.php" "Mozilla/5.0 (Windows NT 10.0; Win64; x64) AppleWebKit/537.36 (KHTML, like Gecko) Chrome/138.0.0.0 Safari/537.36 Edg/138.0.0.0"
127.0.0.1 - - [15/Jul/2025:08:21:00 +0800] "GET /robot/alarm-history-in.php HTTP/1.1" 200 - "-" "python-requests/2.28.1"
172.16.36.181 - - [15/Jul/2025:08:21:25 +0800] "GET /manager-page/api/snapshot.php?id=11&t=0.5447056540711179 HTTP/1.1" 200 45439 "http://192.168.60.79/manager-page/home-1.php" "Mozilla/5.0 (Windows NT 10.0; Win64; x64) AppleWebKit/537.36 (KHTML, like Gecko) Chrome/138.0.0.0 Safari/537.36 Edg/138.0.0.0"
172.16.36.181 - - [15/Jul/2025:08:21:25 +0800] "GET /manager-page/api/snapshot.php?id=12&t=0.7670509619113354 HTTP/1.1" 200 47530 "http://192.168.60.79/manager-page/home-1.php" "Mozilla/5.0 (Windows NT 10.0; Win64; x64) AppleWebKit/537.36 (KHTML, like Gecko) Chrome/138.0.0.0 Safari/537.36 Edg/138.0.0.0"
111.70.30.252 - - [15/Jul/2025:08:21:30 +0800] "POST /robot/lora-in.php HTTP/1.1" 200 - "-" "python-requests/2.21.0"
172.16.36.181 - - [15/Jul/2025:08:21:30 +0800] "GET /manager-page/api/snapshot.php?id=12&t=0.14651180057488444 HTTP/1.1" 200 47507 "http://192.168.60.79/manager-page/home-1.php" "Mozilla/5.0 (Windows NT 10.0; Win64; x64) AppleWebKit/537.36 (KHTML, like Gecko) Chrome/138.0.0.0 Safari/537.36 Edg/138.0.0.0"
172.16.36.181 - - [15/Jul/2025:08:21:30 +0800] "GET /manager-page/api/snapshot.php?id=11&t=0.9302610908800314 HTTP/1.1" 200 46156 "http://192.168.60.79/manager-page/home-1.php" "Mozilla/5.0 (Windows NT 10.0; Win64; x64) AppleWebKit/537.36 (KHTML, like Gecko) Chrome/138.0.0.0 Safari/537.36 Edg/138.0.0.0"
172.16.36.181 - - [15/Jul/2025:08:21:35 +0800] "GET /manager-page/api/snapshot.php?id=12&t=0.8043183982917057 HTTP/1.1" 200 48131 "http://192.168.60.79/manager-page/home-1.php" "Mozilla/5.0 (Windows NT 10.0; Win64; x64) AppleWebKit/537.36 (KHTML, like Gecko) Chrome/138.0.0.0 Safari/537.36 Edg/138.0.0.0"
172.16.36.181 - - [15/Jul/2025:08:21:35 +0800] "GET /manager-page/api/snapshot.php?id=11&t=0.9385535995847003 HTTP/1.1" 200 45474 "http://192.168.60.79/manager-page/home-1.php" "Mozilla/5.0 (Windows NT 10.0; Win64; x64) AppleWebKit/537.36 (KHTML, like Gecko) Chrome/138.0.0.0 Safari/537.36 Edg/138.0.0.0"
172.16.36.181 - - [15/Jul/2025:08:21:40 +0800] "GET /manager-page/api/snapshot.php?id=11&t=0.4687201193274365 HTTP/1.1" 200 45547 "http://192.168.60.79/manager-page/home-1.php" "Mozilla/5.0 (Windows NT 10.0; Win64; x64) AppleWebKit/537.36 (KHTML, like Gecko) Chrome/138.0.0.0 Safari/537.36 Edg/138.0.0.0"
172.16.36.181 - - [15/Jul/2025:08:21:40 +0800] "GET /manager-page/api/snapshot.php?id=12&t=0.7744281871008863 HTTP/1.1" 200 48146 "http://192.168.60.79/manager-page/home-1.php" "Mozilla/5.0 (Windows NT 10.0; Win64; x64) AppleWebKit/537.36 (KHTML, like Gecko) Chrome/138.0.0.0 Safari/537.36 Edg/138.0.0.0"
172.16.36.181 - - [15/Jul/2025:08:21:45 +0800] "GET /manager-page/api/snapshot.php?id=11&t=0.8988905361094203 HTTP/1.1" 200 47080 "http://192.168.60.79/manager-page/home-1.php" "Mozilla/5.0 (Windows NT 10.0; Win64; x64) AppleWebKit/537.36 (KHTML, like Gecko) Chrome/138.0.0.0 Safari/537.36 Edg/138.0.0.0"
172.16.36.181 - - [15/Jul/2025:08:21:45 +0800] "GET /manager-page/api/snapshot.php?id=12&t=0.4695482665722248 HTTP/1.1" 200 49580 "http://192.168.60.79/manager-page/home-1.php" "Mozilla/5.0 (Windows NT 10.0; Win64; x64) AppleWebKit/537.36 (KHTML, like Gecko) Chrome/138.0.0.0 Safari/537.36 Edg/138.0.0.0"
172.16.36.181 - - [15/Jul/2025:08:21:50 +0800] "GET /manager-page/api/snapshot.php?id=12&t=0.5666369406083248 HTTP/1.1" 200 47795 "http://192.168.60.79/manager-page/home-1.php" "Mozilla/5.0 (Windows NT 10.0; Win64; x64) AppleWebKit/537.36 (KHTML, like Gecko) Chrome/138.0.0.0 Safari/537.36 Edg/138.0.0.0"
172.16.36.181 - - [15/Jul/2025:08:21:50 +0800] "GET /manager-page/api/snapshot.php?id=11&t=0.7713042923089519 HTTP/1.1" 200 45382 "http://192.168.60.79/manager-page/home-1.php" "Mozilla/5.0 (Windows NT 10.0; Win64; x64) AppleWebKit/537.36 (KHTML, like Gecko) Chrome/138.0.0.0 Safari/537.36 Edg/138.0.0.0"
172.16.36.181 - - [15/Jul/2025:08:21:55 +0800] "GET /manager-page/api/snapshot.php?id=12&t=0.47813611288542146 HTTP/1.1" 200 47708 "http://192.168.60.79/manager-page/home-1.php" "Mozilla/5.0 (Windows NT 10.0; Win64; x64) AppleWebKit/537.36 (KHTML, like Gecko) Chrome/138.0.0.0 Safari/537.36 Edg/138.0.0.0"
172.16.36.181 - - [15/Jul/2025:08:21:55 +0800] "GET /manager-page/api/snapshot.php?id=11&t=0.5023293294427827 HTTP/1.1" 200 45332 "http://192.168.60.79/manager-page/home-1.php" "Mozilla/5.0 (Windows NT 10.0; Win64; x64) AppleWebKit/537.36 (KHTML, like Gecko) Chrome/138.0.0.0 Safari/537.36 Edg/138.0.0.0"
127.0.0.1 - - [15/Jul/2025:08:22:00 +0800] "GET /robot/alarm-history-in.php HTTP/1.1" 200 - "-" "python-requests/2.28.1"
172.16.36.181 - - [15/Jul/2025:08:22:00 +0800] "GET /manager-page/api/snapshot.php?id=11&t=0.3506837651249508 HTTP/1.1" 200 45213 "http://192.168.60.79/manager-page/home-1.php" "Mozilla/5.0 (Windows NT 10.0; Win64; x64) AppleWebKit/537.36 (KHTML, like Gecko) Chrome/138.0.0.0 Safari/537.36 Edg/138.0.0.0"
172.16.36.181 - - [15/Jul/2025:08:22:00 +0800] "GET /manager-page/api/snapshot.php?id=12&t=0.2487260233862857 HTTP/1.1" 200 47609 "http://192.168.60.79/manager-page/home-1.php" "Mozilla/5.0 (Windows NT 10.0; Win64; x64) AppleWebKit/537.36 (KHTML, like Gecko) Chrome/138.0.0.0 Safari/537.36 Edg/138.0.0.0"
172.16.36.181 - - [15/Jul/2025:08:22:05 +0800] "GET /manager-page/api/snapshot.php?id=12&t=0.17263322451854668 HTTP/1.1" 200 47746 "http://192.168.60.79/manager-page/home-1.php" "Mozilla/5.0 (Windows NT 10.0; Win64; x64) AppleWebKit/537.36 (KHTML, like Gecko) Chrome/138.0.0.0 Safari/537.36 Edg/138.0.0.0"
172.16.36.181 - - [15/Jul/2025:08:22:05 +0800] "GET /manager-page/api/snapshot.php?id=11&t=0.3803148303241548 HTTP/1.1" 200 45232 "http://192.168.60.79/manager-page/home-1.php" "Mozilla/5.0 (Windows NT 10.0; Win64; x64) AppleWebKit/537.36 (KHTML, like Gecko) Chrome/138.0.0.0 Safari/537.36 Edg/138.0.0.0"
172.16.36.181 - - [15/Jul/2025:08:22:10 +0800] "GET /manager-page/api/snapshot.php?id=12&t=0.5650190003638704 HTTP/1.1" 200 47657 "http://192.168.60.79/manager-page/home-1.php" "Mozilla/5.0 (Windows NT 10.0; Win64; x64) AppleWebKit/537.36 (KHTML, like Gecko) Chrome/138.0.0.0 Safari/537.36 Edg/138.0.0.0"
172.16.36.181 - - [15/Jul/2025:08:22:10 +0800] "GET /manager-page/api/snapshot.php?id=11&t=0.33013345018553075 HTTP/1.1" 200 45270 "http://192.168.60.79/manager-page/home-1.php" "Mozilla/5.0 (Windows NT 10.0; Win64; x64) AppleWebKit/537.36 (KHTML, like Gecko) Chrome/138.0.0.0 Safari/537.36 Edg/138.0.0.0"
172.16.36.181 - - [15/Jul/2025:08:22:15 +0800] "GET /manager-page/api/snapshot.php?id=12&t=0.4335371912064878 HTTP/1.1" 200 47639 "http://192.168.60.79/manager-page/home-1.php" "Mozilla/5.0 (Windows NT 10.0; Win64; x64) AppleWebKit/537.36 (KHTML, like Gecko) Chrome/138.0.0.0 Safari/537.36 Edg/138.0.0.0"
172.16.36.181 - - [15/Jul/2025:08:22:15 +0800] "GET /manager-page/api/snapshot.php?id=11&t=0.44804951110115154 HTTP/1.1" 200 45270 "http://192.168.60.79/manager-page/home-1.php" "Mozilla/5.0 (Windows NT 10.0; Win64; x64) AppleWebKit/537.36 (KHTML, like Gecko) Chrome/138.0.0.0 Safari/537.36 Edg/138.0.0.0"
172.16.36.181 - - [15/Jul/2025:08:22:20 +0800] "GET /manager-page/api/snapshot.php?id=12&t=0.4223147144391445 HTTP/1.1" 200 47602 "http://192.168.60.79/manager-page/home-1.php" "Mozilla/5.0 (Windows NT 10.0; Win64; x64) AppleWebKit/537.36 (KHTML, like Gecko) Chrome/138.0.0.0 Safari/537.36 Edg/138.0.0.0"
172.16.36.181 - - [15/Jul/2025:08:22:20 +0800] "GET /manager-page/api/snapshot.php?id=11&t=0.5837665243282355 HTTP/1.1" 200 45253 "http://192.168.60.79/manager-page/home-1.php" "Mozilla/5.0 (Windows NT 10.0; Win64; x64) AppleWebKit/537.36 (KHTML, like Gecko) Chrome/138.0.0.0 Safari/537.36 Edg/138.0.0.0"
172.16.36.181 - - [15/Jul/2025:08:22:25 +0800] "GET /manager-page/api/snapshot.php?id=11&t=0.4666532939800415 HTTP/1.1" 200 45183 "http://192.168.60.79/manager-page/home-1.php" "Mozilla/5.0 (Windows NT 10.0; Win64; x64) AppleWebKit/537.36 (KHTML, like Gecko) Chrome/138.0.0.0 Safari/537.36 Edg/138.0.0.0"
172.16.36.181 - - [15/Jul/2025:08:22:25 +0800] "GET /manager-page/api/snapshot.php?id=12&t=0.49656884579855864 HTTP/1.1" 200 47502 "http://192.168.60.79/manager-page/home-1.php" "Mozilla/5.0 (Windows NT 10.0; Win64; x64) AppleWebKit/537.36 (KHTML, like Gecko) Chrome/138.0.0.0 Safari/537.36 Edg/138.0.0.0"
172.16.36.181 - - [15/Jul/2025:08:22:30 +0800] "GET /manager-page/api/snapshot.php?id=11&t=0.29948809964652023 HTTP/1.1" 200 45242 "http://192.168.60.79/manager-page/home-1.php" "Mozilla/5.0 (Windows NT 10.0; Win64; x64) AppleWebKit/537.36 (KHTML, like Gecko) Chrome/138.0.0.0 Safari/537.36 Edg/138.0.0.0"
172.16.36.181 - - [15/Jul/2025:08:22:30 +0800] "GET /manager-page/api/snapshot.php?id=12&t=0.8855691929362746 HTTP/1.1" 200 47377 "http://192.168.60.79/manager-page/home-1.php" "Mozilla/5.0 (Windows NT 10.0; Win64; x64) AppleWebKit/537.36 (KHTML, like Gecko) Chrome/138.0.0.0 Safari/537.36 Edg/138.0.0.0"
172.16.36.181 - - [15/Jul/2025:08:22:35 +0800] "GET /manager-page/api/snapshot.php?id=12&t=0.8626746185972007 HTTP/1.1" 200 47366 "http://192.168.60.79/manager-page/home-1.php" "Mozilla/5.0 (Windows NT 10.0; Win64; x64) AppleWebKit/537.36 (KHTML, like Gecko) Chrome/138.0.0.0 Safari/537.36 Edg/138.0.0.0"
172.16.36.181 - - [15/Jul/2025:08:22:35 +0800] "GET /manager-page/api/snapshot.php?id=11&t=0.04137511762417978 HTTP/1.1" 200 45231 "http://192.168.60.79/manager-page/home-1.php" "Mozilla/5.0 (Windows NT 10.0; Win64; x64) AppleWebKit/537.36 (KHTML, like Gecko) Chrome/138.0.0.0 Safari/537.36 Edg/138.0.0.0"
127.0.0.1 - - [15/Jul/2025:08:22:40 +0800] "POST /robot/et-7026-in.php HTTP/1.1" 200 - "-" "python-requests/2.32.2"
172.16.36.181 - - [15/Jul/2025:08:22:40 +0800] "GET /manager-page/api/snapshot.php?id=11&t=0.8026893265538747 HTTP/1.1" 200 45455 "http://192.168.60.79/manager-page/home-1.php" "Mozilla/5.0 (Windows NT 10.0; Win64; x64) AppleWebKit/537.36 (KHTML, like Gecko) Chrome/138.0.0.0 Safari/537.36 Edg/138.0.0.0"
172.16.36.181 - - [15/Jul/2025:08:22:40 +0800] "GET /manager-page/api/snapshot.php?id=12&t=0.04734887076884686 HTTP/1.1" 200 47353 "http://192.168.60.79/manager-page/home-1.php" "Mozilla/5.0 (Windows NT 10.0; Win64; x64) AppleWebKit/537.36 (KHTML, like Gecko) Chrome/138.0.0.0 Safari/537.36 Edg/138.0.0.0"
172.16.36.181 - - [15/Jul/2025:08:22:45 +0800] "GET /manager-page/api/snapshot.php?id=11&t=0.8440407633050636 HTTP/1.1" 200 45145 "http://192.168.60.79/manager-page/home-1.php" "Mozilla/5.0 (Windows NT 10.0; Win64; x64) AppleWebKit/537.36 (KHTML, like Gecko) Chrome/138.0.0.0 Safari/537.36 Edg/138.0.0.0"
111.70.30.251 - - [15/Jul/2025:08:22:46 +0800] "POST /robot/lora-in.php HTTP/1.1" 200 - "-" "python-requests/2.21.0"
172.16.36.181 - - [15/Jul/2025:08:22:45 +0800] "GET /manager-page/api/snapshot.php?id=12&t=0.10712227941297414 HTTP/1.1" 200 47226 "http://192.168.60.79/manager-page/home-1.php" "Mozilla/5.0 (Windows NT 10.0; Win64; x64) AppleWebKit/537.36 (KHTML, like Gecko) Chrome/138.0.0.0 Safari/537.36 Edg/138.0.0.0"
172.16.36.181 - - [15/Jul/2025:08:22:50 +0800] "GET /manager-page/api/snapshot.php?id=11&t=0.16173409395621086 HTTP/1.1" 200 45072 "http://192.168.60.79/manager-page/home-1.php" "Mozilla/5.0 (Windows NT 10.0; Win64; x64) AppleWebKit/537.36 (KHTML, like Gecko) Chrome/138.0.0.0 Safari/537.36 Edg/138.0.0.0"
172.16.36.181 - - [15/Jul/2025:08:22:50 +0800] "GET /manager-page/api/snapshot.php?id=12&t=0.4759557600248159 HTTP/1.1" 200 47188 "http://192.168.60.79/manager-page/home-1.php" "Mozilla/5.0 (Windows NT 10.0; Win64; x64) AppleWebKit/537.36 (KHTML, like Gecko) Chrome/138.0.0.0 Safari/537.36 Edg/138.0.0.0"
172.16.36.181 - - [15/Jul/2025:08:22:55 +0800] "GET /manager-page/api/snapshot.php?id=11&t=0.3522604753139623 HTTP/1.1" 200 45150 "http://192.168.60.79/manager-page/home-1.php" "Mozilla/5.0 (Windows NT 10.0; Win64; x64) AppleWebKit/537.36 (KHTML, like Gecko) Chrome/138.0.0.0 Safari/537.36 Edg/138.0.0.0"
172.16.36.181 - - [15/Jul/2025:08:22:55 +0800] "GET /manager-page/api/snapshot.php?id=12&t=0.8089893967489751 HTTP/1.1" 200 47127 "http://192.168.60.79/manager-page/home-1.php" "Mozilla/5.0 (Windows NT 10.0; Win64; x64) AppleWebKit/537.36 (KHTML, like Gecko) Chrome/138.0.0.0 Safari/537.36 Edg/138.0.0.0"
127.0.0.1 - - [15/Jul/2025:08:22:57 +0800] "POST /robot/et-7026-in.php HTTP/1.1" 200 - "-" "python-requests/2.32.2"
127.0.0.1 - - [15/Jul/2025:08:23:00 +0800] "GET /robot/alarm-history-in.php HTTP/1.1" 200 - "-" "python-requests/2.28.1"
172.16.36.181 - - [15/Jul/2025:08:23:00 +0800] "GET /manager-page/api/snapshot.php?id=11&t=0.5506142497781022 HTTP/1.1" 200 45021 "http://192.168.60.79/manager-page/home-1.php" "Mozilla/5.0 (Windows NT 10.0; Win64; x64) AppleWebKit/537.36 (KHTML, like Gecko) Chrome/138.0.0.0 Safari/537.36 Edg/138.0.0.0"
172.16.36.181 - - [15/Jul/2025:08:23:00 +0800] "GET /manager-page/api/snapshot.php?id=12&t=0.6848186164798441 HTTP/1.1" 200 46902 "http://192.168.60.79/manager-page/home-1.php" "Mozilla/5.0 (Windows NT 10.0; Win64; x64) AppleWebKit/537.36 (KHTML, like Gecko) Chrome/138.0.0.0 Safari/537.36 Edg/138.0.0.0"
172.16.36.181 - - [15/Jul/2025:08:23:05 +0800] "GET /manager-page/api/snapshot.php?id=11&t=0.3742946965878453 HTTP/1.1" 200 44697 "http://192.168.60.79/manager-page/home-1.php" "Mozilla/5.0 (Windows NT 10.0; Win64; x64) AppleWebKit/537.36 (KHTML, like Gecko) Chrome/138.0.0.0 Safari/537.36 Edg/138.0.0.0"
172.16.36.181 - - [15/Jul/2025:08:23:05 +0800] "GET /manager-page/api/snapshot.php?id=12&t=0.4451640255133388 HTTP/1.1" 200 46858 "http://192.168.60.79/manager-page/home-1.php" "Mozilla/5.0 (Windows NT 10.0; Win64; x64) AppleWebKit/537.36 (KHTML, like Gecko) Chrome/138.0.0.0 Safari/537.36 Edg/138.0.0.0"
172.16.36.181 - - [15/Jul/2025:08:23:10 +0800] "GET /manager-page/api/snapshot.php?id=12&t=0.8832901038764194 HTTP/1.1" 200 46567 "http://192.168.60.79/manager-page/home-1.php" "Mozilla/5.0 (Windows NT 10.0; Win64; x64) AppleWebKit/537.36 (KHTML, like Gecko) Chrome/138.0.0.0 Safari/537.36 Edg/138.0.0.0"
172.16.36.181 - - [15/Jul/2025:08:23:10 +0800] "GET /manager-page/api/snapshot.php?id=11&t=0.9899065286392053 HTTP/1.1" 200 44440 "http://192.168.60.79/manager-page/home-1.php" "Mozilla/5.0 (Windows NT 10.0; Win64; x64) AppleWebKit/537.36 (KHTML, like Gecko) Chrome/138.0.0.0 Safari/537.36 Edg/138.0.0.0"
127.0.0.1 - - [15/Jul/2025:08:23:15 +0800] "POST /robot/et-7026-in.php HTTP/1.1" 200 - "-" "python-requests/2.32.2"
172.16.36.181 - - [15/Jul/2025:08:23:15 +0800] "GET /manager-page/api/snapshot.php?id=12&t=0.2593512072957721 HTTP/1.1" 200 46527 "http://192.168.60.79/manager-page/home-1.php" "Mozilla/5.0 (Windows NT 10.0; Win64; x64) AppleWebKit/537.36 (KHTML, like Gecko) Chrome/138.0.0.0 Safari/537.36 Edg/138.0.0.0"
172.16.36.181 - - [15/Jul/2025:08:23:15 +0800] "GET /manager-page/api/snapshot.php?id=11&t=0.23721768139430377 HTTP/1.1" 200 44753 "http://192.168.60.79/manager-page/home-1.php" "Mozilla/5.0 (Windows NT 10.0; Win64; x64) AppleWebKit/537.36 (KHTML, like Gecko) Chrome/138.0.0.0 Safari/537.36 Edg/138.0.0.0"
172.16.36.181 - - [15/Jul/2025:08:23:20 +0800] "GET /manager-page/api/snapshot.php?id=11&t=0.09065692588762042 HTTP/1.1" 200 44710 "http://192.168.60.79/manager-page/home-1.php" "Mozilla/5.0 (Windows NT 10.0; Win64; x64) AppleWebKit/537.36 (KHTML, like Gecko) Chrome/138.0.0.0 Safari/537.36 Edg/138.0.0.0"
172.16.36.181 - - [15/Jul/2025:08:23:20 +0800] "GET /manager-page/api/snapshot.php?id=12&t=0.6475731062654307 HTTP/1.1" 200 46569 "http://192.168.60.79/manager-page/home-1.php" "Mozilla/5.0 (Windows NT 10.0; Win64; x64) AppleWebKit/537.36 (KHTML, like Gecko) Chrome/138.0.0.0 Safari/537.36 Edg/138.0.0.0"
172.16.36.181 - - [15/Jul/2025:08:23:25 +0800] "GET /manager-page/api/snapshot.php?id=12&t=0.0684956042448891 HTTP/1.1" 200 46549 "http://192.168.60.79/manager-page/home-1.php" "Mozilla/5.0 (Windows NT 10.0; Win64; x64) AppleWebKit/537.36 (KHTML, like Gecko) Chrome/138.0.0.0 Safari/537.36 Edg/138.0.0.0"
172.16.36.181 - - [15/Jul/2025:08:23:25 +0800] "GET /manager-page/api/snapshot.php?id=11&t=0.4467273655735928 HTTP/1.1" 200 44897 "http://192.168.60.79/manager-page/home-1.php" "Mozilla/5.0 (Windows NT 10.0; Win64; x64) AppleWebKit/537.36 (KHTML, like Gecko) Chrome/138.0.0.0 Safari/537.36 Edg/138.0.0.0"
172.16.36.181 - - [15/Jul/2025:08:23:30 +0800] "GET /manager-page/api/snapshot.php?id=11&t=0.7520192429950657 HTTP/1.1" 200 44626 "http://192.168.60.79/manager-page/home-1.php" "Mozilla/5.0 (Windows NT 10.0; Win64; x64) AppleWebKit/537.36 (KHTML, like Gecko) Chrome/138.0.0.0 Safari/537.36 Edg/138.0.0.0"
172.16.36.181 - - [15/Jul/2025:08:23:30 +0800] "GET /manager-page/api/snapshot.php?id=12&t=0.4324657617740044 HTTP/1.1" 200 46651 "http://192.168.60.79/manager-page/home-1.php" "Mozilla/5.0 (Windows NT 10.0; Win64; x64) AppleWebKit/537.36 (KHTML, like Gecko) Chrome/138.0.0.0 Safari/537.36 Edg/138.0.0.0"
172.16.36.181 - - [15/Jul/2025:08:23:35 +0800] "GET /manager-page/api/snapshot.php?id=11&t=0.7245205749209097 HTTP/1.1" 200 44476 "http://192.168.60.79/manager-page/home-1.php" "Mozilla/5.0 (Windows NT 10.0; Win64; x64) AppleWebKit/537.36 (KHTML, like Gecko) Chrome/138.0.0.0 Safari/537.36 Edg/138.0.0.0"
172.16.36.181 - - [15/Jul/2025:08:23:35 +0800] "GET /manager-page/api/snapshot.php?id=12&t=0.2530484902883906 HTTP/1.1" 200 46575 "http://192.168.60.79/manager-page/home-1.php" "Mozilla/5.0 (Windows NT 10.0; Win64; x64) AppleWebKit/537.36 (KHTML, like Gecko) Chrome/138.0.0.0 Safari/537.36 Edg/138.0.0.0"
172.16.36.181 - - [15/Jul/2025:08:23:40 +0800] "GET /manager-page/api/snapshot.php?id=12&t=0.0883370956336409 HTTP/1.1" 200 46070 "http://192.168.60.79/manager-page/home-1.php" "Mozilla/5.0 (Windows NT 10.0; Win64; x64) AppleWebKit/537.36 (KHTML, like Gecko) Chrome/138.0.0.0 Safari/537.36 Edg/138.0.0.0"
172.16.36.181 - - [15/Jul/2025:08:23:40 +0800] "GET /manager-page/api/snapshot.php?id=11&t=0.07116996288398592 HTTP/1.1" 200 44374 "http://192.168.60.79/manager-page/home-1.php" "Mozilla/5.0 (Windows NT 10.0; Win64; x64) AppleWebKit/537.36 (KHTML, like Gecko) Chrome/138.0.0.0 Safari/537.36 Edg/138.0.0.0"
172.16.36.181 - - [15/Jul/2025:08:23:45 +0800] "GET /manager-page/api/snapshot.php?id=11&t=0.23271003329059747 HTTP/1.1" 200 44302 "http://192.168.60.79/manager-page/home-1.php" "Mozilla/5.0 (Windows NT 10.0; Win64; x64) AppleWebKit/537.36 (KHTML, like Gecko) Chrome/138.0.0.0 Safari/537.36 Edg/138.0.0.0"
172.16.36.181 - - [15/Jul/2025:08:23:45 +0800] "GET /manager-page/api/snapshot.php?id=12&t=0.9749139345299499 HTTP/1.1" 200 46100 "http://192.168.60.79/manager-page/home-1.php" "Mozilla/5.0 (Windows NT 10.0; Win64; x64) AppleWebKit/537.36 (KHTML, like Gecko) Chrome/138.0.0.0 Safari/537.36 Edg/138.0.0.0"
172.16.36.181 - - [15/Jul/2025:08:23:50 +0800] "GET /manager-page/api/snapshot.php?id=11&t=0.5521566045269172 HTTP/1.1" 200 44342 "http://192.168.60.79/manager-page/home-1.php" "Mozilla/5.0 (Windows NT 10.0; Win64; x64) AppleWebKit/537.36 (KHTML, like Gecko) Chrome/138.0.0.0 Safari/537.36 Edg/138.0.0.0"
172.16.36.181 - - [15/Jul/2025:08:23:50 +0800] "GET /manager-page/api/snapshot.php?id=12&t=0.18847099177639826 HTTP/1.1" 200 46003 "http://192.168.60.79/manager-page/home-1.php" "Mozilla/5.0 (Windows NT 10.0; Win64; x64) AppleWebKit/537.36 (KHTML, like Gecko) Chrome/138.0.0.0 Safari/537.36 Edg/138.0.0.0"
172.16.36.181 - - [15/Jul/2025:08:23:55 +0800] "GET /manager-page/api/snapshot.php?id=12&t=0.8223277124100763 HTTP/1.1" 200 45994 "http://192.168.60.79/manager-page/home-1.php" "Mozilla/5.0 (Windows NT 10.0; Win64; x64) AppleWebKit/537.36 (KHTML, like Gecko) Chrome/138.0.0.0 Safari/537.36 Edg/138.0.0.0"
172.16.36.181 - - [15/Jul/2025:08:23:55 +0800] "GET /manager-page/api/snapshot.php?id=11&t=0.1915451942127624 HTTP/1.1" 200 44107 "http://192.168.60.79/manager-page/home-1.php" "Mozilla/5.0 (Windows NT 10.0; Win64; x64) AppleWebKit/537.36 (KHTML, like Gecko) Chrome/138.0.0.0 Safari/537.36 Edg/138.0.0.0"
127.0.0.1 - - [15/Jul/2025:08:24:00 +0800] "GET /robot/alarm-history-in.php HTTP/1.1" 200 - "-" "python-requests/2.28.1"
172.16.36.181 - - [15/Jul/2025:08:24:00 +0800] "GET /manager-page/api/snapshot.php?id=11&t=0.3874935511262002 HTTP/1.1" 200 44117 "http://192.168.60.79/manager-page/home-1.php" "Mozilla/5.0 (Windows NT 10.0; Win64; x64) AppleWebKit/537.36 (KHTML, like Gecko) Chrome/138.0.0.0 Safari/537.36 Edg/138.0.0.0"
172.16.36.181 - - [15/Jul/2025:08:24:00 +0800] "GET /manager-page/api/snapshot.php?id=12&t=0.2171036629635339 HTTP/1.1" 200 46185 "http://192.168.60.79/manager-page/home-1.php" "Mozilla/5.0 (Windows NT 10.0; Win64; x64) AppleWebKit/537.36 (KHTML, like Gecko) Chrome/138.0.0.0 Safari/537.36 Edg/138.0.0.0"
172.16.36.181 - - [15/Jul/2025:08:24:05 +0800] "GET /manager-page/api/snapshot.php?id=12&t=0.4754307743188032 HTTP/1.1" 200 46550 "http://192.168.60.79/manager-page/home-1.php" "Mozilla/5.0 (Windows NT 10.0; Win64; x64) AppleWebKit/537.36 (KHTML, like Gecko) Chrome/138.0.0.0 Safari/537.36 Edg/138.0.0.0"
172.16.36.181 - - [15/Jul/2025:08:24:05 +0800] "GET /manager-page/api/snapshot.php?id=11&t=0.17081886488494058 HTTP/1.1" 200 44381 "http://192.168.60.79/manager-page/home-1.php" "Mozilla/5.0 (Windows NT 10.0; Win64; x64) AppleWebKit/537.36 (KHTML, like Gecko) Chrome/138.0.0.0 Safari/537.36 Edg/138.0.0.0"
127.0.0.1 - - [15/Jul/2025:08:24:09 +0800] "POST /robot/et-7026-in.php HTTP/1.1" 200 - "-" "python-requests/2.32.2"
172.16.36.181 - - [15/Jul/2025:08:24:10 +0800] "GET /manager-page/api/snapshot.php?id=11&t=0.8256027108682685 HTTP/1.1" 200 44144 "http://192.168.60.79/manager-page/home-1.php" "Mozilla/5.0 (Windows NT 10.0; Win64; x64) AppleWebKit/537.36 (KHTML, like Gecko) Chrome/138.0.0.0 Safari/537.36 Edg/138.0.0.0"
172.16.36.181 - - [15/Jul/2025:08:24:10 +0800] "GET /manager-page/api/snapshot.php?id=12&t=0.0029111701623766306 HTTP/1.1" 200 46273 "http://192.168.60.79/manager-page/home-1.php" "Mozilla/5.0 (Windows NT 10.0; Win64; x64) AppleWebKit/537.36 (KHTML, like Gecko) Chrome/138.0.0.0 Safari/537.36 Edg/138.0.0.0"
