172.16.36.181 - - [22/Apr/2025:10:26:28 +0800] "GET /manager-page/api/snapshot.php?id=11&t=0.9666935251260282 HTTP/1.1" 200 50301 "http://192.168.60.79/manager-page/home-1.php" "Mozilla/5.0 (Windows NT 10.0; Win64; x64) AppleWebKit/537.36 (KHTML, like Gecko) Chrome/135.0.0.0 Safari/537.36 Edg/135.0.0.0"
172.16.36.181 - - [22/Apr/2025:10:26:28 +0800] "GET /manager-page/api/snapshot.php?id=12&t=0.7081454379353309 HTTP/1.1" 200 51359 "http://192.168.60.79/manager-page/home-1.php" "Mozilla/5.0 (Windows NT 10.0; Win64; x64) AppleWebKit/537.36 (KHTML, like Gecko) Chrome/135.0.0.0 Safari/537.36 Edg/135.0.0.0"
127.0.0.1 - - [22/Apr/2025:10:26:30 +0800] "GET /manager-page/api/snapshot.php?id=21&t=0.7488449459124291 HTTP/1.1" 200 43688 "http://127.0.0.1/manager-page/home-2.php" "Mozilla/5.0 (Windows NT 10.0; Win64; x64) AppleWebKit/537.36 (KHTML, like Gecko) Chrome/119.0.0.0 Safari/537.36"
127.0.0.1 - - [22/Apr/2025:10:26:30 +0800] "GET /manager-page/api/snapshot.php?id=22&t=0.507231666622189 HTTP/1.1" 200 39594 "http://127.0.0.1/manager-page/home-2.php" "Mozilla/5.0 (Windows NT 10.0; Win64; x64) AppleWebKit/537.36 (KHTML, like Gecko) Chrome/119.0.0.0 Safari/537.36"
172.16.36.181 - - [22/Apr/2025:10:26:34 +0800] "GET /manager-page/api/snapshot.php?id=11&t=0.7468732581529177 HTTP/1.1" 200 50036 "http://192.168.60.79/manager-page/home-1.php" "Mozilla/5.0 (Windows NT 10.0; Win64; x64) AppleWebKit/537.36 (KHTML, like Gecko) Chrome/135.0.0.0 Safari/537.36 Edg/135.0.0.0"
172.16.36.181 - - [22/Apr/2025:10:26:34 +0800] "GET /manager-page/api/snapshot.php?id=12&t=0.3957795422390603 HTTP/1.1" 200 50628 "http://192.168.60.79/manager-page/home-1.php" "Mozilla/5.0 (Windows NT 10.0; Win64; x64) AppleWebKit/537.36 (KHTML, like Gecko) Chrome/135.0.0.0 Safari/537.36 Edg/135.0.0.0"
172.16.36.181 - - [22/Apr/2025:10:26:39 +0800] "GET /manager-page/api/snapshot.php?id=11&t=0.8095948794564986 HTTP/1.1" 200 49597 "http://192.168.60.79/manager-page/home-1.php" "Mozilla/5.0 (Windows NT 10.0; Win64; x64) AppleWebKit/537.36 (KHTML, like Gecko) Chrome/135.0.0.0 Safari/537.36 Edg/135.0.0.0"
172.16.36.181 - - [22/Apr/2025:10:26:39 +0800] "GET /manager-page/api/snapshot.php?id=12&t=0.011744935563346881 HTTP/1.1" 200 50628 "http://192.168.60.79/manager-page/home-1.php" "Mozilla/5.0 (Windows NT 10.0; Win64; x64) AppleWebKit/537.36 (KHTML, like Gecko) Chrome/135.0.0.0 Safari/537.36 Edg/135.0.0.0"
172.16.36.181 - - [22/Apr/2025:10:26:44 +0800] "GET /manager-page/api/snapshot.php?id=12&t=0.24324362254511878 HTTP/1.1" 200 50668 "http://192.168.60.79/manager-page/home-1.php" "Mozilla/5.0 (Windows NT 10.0; Win64; x64) AppleWebKit/537.36 (KHTML, like Gecko) Chrome/135.0.0.0 Safari/537.36 Edg/135.0.0.0"
172.16.36.181 - - [22/Apr/2025:10:26:44 +0800] "GET /manager-page/api/snapshot.php?id=11&t=0.3462213971101451 HTTP/1.1" 200 49967 "http://192.168.60.79/manager-page/home-1.php" "Mozilla/5.0 (Windows NT 10.0; Win64; x64) AppleWebKit/537.36 (KHTML, like Gecko) Chrome/135.0.0.0 Safari/537.36 Edg/135.0.0.0"
127.0.0.1 - - [22/Apr/2025:10:26:46 +0800] "POST /robot/et-7026-in.php HTTP/1.1" 200 - "-" "python-requests/2.32.2"
172.16.36.181 - - [22/Apr/2025:10:26:49 +0800] "GET /manager-page/api/snapshot.php?id=11&t=0.22721592933180645 HTTP/1.1" 200 49465 "http://192.168.60.79/manager-page/home-1.php" "Mozilla/5.0 (Windows NT 10.0; Win64; x64) AppleWebKit/537.36 (KHTML, like Gecko) Chrome/135.0.0.0 Safari/537.36 Edg/135.0.0.0"
172.16.36.181 - - [22/Apr/2025:10:26:49 +0800] "GET /manager-page/api/snapshot.php?id=12&t=0.779931398003923 HTTP/1.1" 200 50606 "http://192.168.60.79/manager-page/home-1.php" "Mozilla/5.0 (Windows NT 10.0; Win64; x64) AppleWebKit/537.36 (KHTML, like Gecko) Chrome/135.0.0.0 Safari/537.36 Edg/135.0.0.0"
172.16.36.181 - - [22/Apr/2025:10:26:54 +0800] "GET /manager-page/api/snapshot.php?id=11&t=0.4819857510161878 HTTP/1.1" 200 49816 "http://192.168.60.79/manager-page/home-1.php" "Mozilla/5.0 (Windows NT 10.0; Win64; x64) AppleWebKit/537.36 (KHTML, like Gecko) Chrome/135.0.0.0 Safari/537.36 Edg/135.0.0.0"
172.16.36.181 - - [22/Apr/2025:10:26:54 +0800] "GET /manager-page/api/snapshot.php?id=12&t=0.796544130485814 HTTP/1.1" 200 50590 "http://192.168.60.79/manager-page/home-1.php" "Mozilla/5.0 (Windows NT 10.0; Win64; x64) AppleWebKit/537.36 (KHTML, like Gecko) Chrome/135.0.0.0 Safari/537.36 Edg/135.0.0.0"
127.0.0.1 - - [22/Apr/2025:10:26:56 +0800] "POST /robot/et-7026-in.php HTTP/1.1" 200 - "-" "python-requests/2.32.2"
172.16.36.181 - - [22/Apr/2025:10:26:59 +0800] "GET /manager-page/api/snapshot.php?id=11&t=0.6400593609206289 HTTP/1.1" 200 49937 "http://192.168.60.79/manager-page/home-1.php" "Mozilla/5.0 (Windows NT 10.0; Win64; x64) AppleWebKit/537.36 (KHTML, like Gecko) Chrome/135.0.0.0 Safari/537.36 Edg/135.0.0.0"
127.0.0.1 - - [22/Apr/2025:10:27:00 +0800] "GET /robot/alarm-history-in.php HTTP/1.1" 200 - "-" "python-requests/2.28.1"
172.16.36.181 - - [22/Apr/2025:10:26:59 +0800] "GET /manager-page/api/snapshot.php?id=12&t=0.16656234980358764 HTTP/1.1" 200 50804 "http://192.168.60.79/manager-page/home-1.php" "Mozilla/5.0 (Windows NT 10.0; Win64; x64) AppleWebKit/537.36 (KHTML, like Gecko) Chrome/135.0.0.0 Safari/537.36 Edg/135.0.0.0"
172.16.36.181 - - [22/Apr/2025:10:27:04 +0800] "GET /manager-page/api/snapshot.php?id=11&t=0.6177417148668114 HTTP/1.1" 200 50671 "http://192.168.60.79/manager-page/home-1.php" "Mozilla/5.0 (Windows NT 10.0; Win64; x64) AppleWebKit/537.36 (KHTML, like Gecko) Chrome/135.0.0.0 Safari/537.36 Edg/135.0.0.0"
172.16.36.181 - - [22/Apr/2025:10:27:04 +0800] "GET /manager-page/api/snapshot.php?id=12&t=0.17890305504860737 HTTP/1.1" 200 50964 "http://192.168.60.79/manager-page/home-1.php" "Mozilla/5.0 (Windows NT 10.0; Win64; x64) AppleWebKit/537.36 (KHTML, like Gecko) Chrome/135.0.0.0 Safari/537.36 Edg/135.0.0.0"
172.16.36.181 - - [22/Apr/2025:10:27:09 +0800] "GET /manager-page/api/snapshot.php?id=12&t=0.12531140330634494 HTTP/1.1" 200 49831 "http://192.168.60.79/manager-page/home-1.php" "Mozilla/5.0 (Windows NT 10.0; Win64; x64) AppleWebKit/537.36 (KHTML, like Gecko) Chrome/135.0.0.0 Safari/537.36 Edg/135.0.0.0"
172.16.36.181 - - [22/Apr/2025:10:27:09 +0800] "GET /manager-page/api/snapshot.php?id=11&t=0.18888575010770048 HTTP/1.1" 200 50160 "http://192.168.60.79/manager-page/home-1.php" "Mozilla/5.0 (Windows NT 10.0; Win64; x64) AppleWebKit/537.36 (KHTML, like Gecko) Chrome/135.0.0.0 Safari/537.36 Edg/135.0.0.0"
172.16.36.181 - - [22/Apr/2025:10:27:14 +0800] "GET /manager-page/api/snapshot.php?id=12&t=0.296369614485991 HTTP/1.1" 200 50740 "http://192.168.60.79/manager-page/home-1.php" "Mozilla/5.0 (Windows NT 10.0; Win64; x64) AppleWebKit/537.36 (KHTML, like Gecko) Chrome/135.0.0.0 Safari/537.36 Edg/135.0.0.0"
172.16.36.181 - - [22/Apr/2025:10:27:14 +0800] "GET /manager-page/api/snapshot.php?id=11&t=0.9339221712929534 HTTP/1.1" 200 50616 "http://192.168.60.79/manager-page/home-1.php" "Mozilla/5.0 (Windows NT 10.0; Win64; x64) AppleWebKit/537.36 (KHTML, like Gecko) Chrome/135.0.0.0 Safari/537.36 Edg/135.0.0.0"
172.16.36.181 - - [22/Apr/2025:10:27:19 +0800] "GET /manager-page/api/snapshot.php?id=12&t=0.3549040726756326 HTTP/1.1" 200 50735 "http://192.168.60.79/manager-page/home-1.php" "Mozilla/5.0 (Windows NT 10.0; Win64; x64) AppleWebKit/537.36 (KHTML, like Gecko) Chrome/135.0.0.0 Safari/537.36 Edg/135.0.0.0"
172.16.36.181 - - [22/Apr/2025:10:27:19 +0800] "GET /manager-page/api/snapshot.php?id=11&t=0.20962268923701988 HTTP/1.1" 200 51819 "http://192.168.60.79/manager-page/home-1.php" "Mozilla/5.0 (Windows NT 10.0; Win64; x64) AppleWebKit/537.36 (KHTML, like Gecko) Chrome/135.0.0.0 Safari/537.36 Edg/135.0.0.0"
172.16.36.181 - - [22/Apr/2025:10:27:24 +0800] "GET /manager-page/api/snapshot.php?id=12&t=0.9114968431271087 HTTP/1.1" 200 50618 "http://192.168.60.79/manager-page/home-1.php" "Mozilla/5.0 (Windows NT 10.0; Win64; x64) AppleWebKit/537.36 (KHTML, like Gecko) Chrome/135.0.0.0 Safari/537.36 Edg/135.0.0.0"
172.16.36.181 - - [22/Apr/2025:10:27:24 +0800] "GET /manager-page/api/snapshot.php?id=11&t=0.024851132736728787 HTTP/1.1" 200 50385 "http://192.168.60.79/manager-page/home-1.php" "Mozilla/5.0 (Windows NT 10.0; Win64; x64) AppleWebKit/537.36 (KHTML, like Gecko) Chrome/135.0.0.0 Safari/537.36 Edg/135.0.0.0"
172.16.36.181 - - [22/Apr/2025:10:27:29 +0800] "GET /manager-page/api/snapshot.php?id=12&t=0.2058259921681086 HTTP/1.1" 200 50906 "http://192.168.60.79/manager-page/home-1.php" "Mozilla/5.0 (Windows NT 10.0; Win64; x64) AppleWebKit/537.36 (KHTML, like Gecko) Chrome/135.0.0.0 Safari/537.36 Edg/135.0.0.0"
127.0.0.1 - - [22/Apr/2025:10:27:30 +0800] "GET /manager-page/api/snapshot.php?id=21&t=0.40044335691852906 HTTP/1.1" 200 43820 "http://127.0.0.1/manager-page/home-2.php" "Mozilla/5.0 (Windows NT 10.0; Win64; x64) AppleWebKit/537.36 (KHTML, like Gecko) Chrome/119.0.0.0 Safari/537.36"
172.16.36.181 - - [22/Apr/2025:10:27:29 +0800] "GET /manager-page/api/snapshot.php?id=11&t=0.3023246091000633 HTTP/1.1" 200 50546 "http://192.168.60.79/manager-page/home-1.php" "Mozilla/5.0 (Windows NT 10.0; Win64; x64) AppleWebKit/537.36 (KHTML, like Gecko) Chrome/135.0.0.0 Safari/537.36 Edg/135.0.0.0"
127.0.0.1 - - [22/Apr/2025:10:27:30 +0800] "GET /manager-page/api/snapshot.php?id=22&t=0.3996642236789769 HTTP/1.1" 200 39709 "http://127.0.0.1/manager-page/home-2.php" "Mozilla/5.0 (Windows NT 10.0; Win64; x64) AppleWebKit/537.36 (KHTML, like Gecko) Chrome/119.0.0.0 Safari/537.36"
127.0.0.1 - - [22/Apr/2025:10:28:00 +0800] "GET /robot/alarm-history-in.php HTTP/1.1" 200 - "-" "python-requests/2.28.1"
111.70.30.252 - - [22/Apr/2025:10:28:01 +0800] "POST /robot/lora-in.php HTTP/1.1" 200 - "-" "python-requests/2.21.0"
172.16.36.181 - - [22/Apr/2025:10:28:17 +0800] "GET /manager-page/api/snapshot.php?id=11&t=0.46378470185756704 HTTP/1.1" 200 50285 "http://192.168.60.79/manager-page/home-1.php" "Mozilla/5.0 (Windows NT 10.0; Win64; x64) AppleWebKit/537.36 (KHTML, like Gecko) Chrome/135.0.0.0 Safari/537.36 Edg/135.0.0.0"
172.16.36.181 - - [22/Apr/2025:10:28:17 +0800] "GET /manager-page/api/snapshot.php?id=12&t=0.9107559524363142 HTTP/1.1" 200 51064 "http://192.168.60.79/manager-page/home-1.php" "Mozilla/5.0 (Windows NT 10.0; Win64; x64) AppleWebKit/537.36 (KHTML, like Gecko) Chrome/135.0.0.0 Safari/537.36 Edg/135.0.0.0"
111.70.30.251 - - [22/Apr/2025:10:28:19 +0800] "POST /robot/lora-in.php HTTP/1.1" 200 - "-" "python-requests/2.21.0"
127.0.0.1 - - [22/Apr/2025:10:28:30 +0800] "GET /manager-page/api/snapshot.php?id=21&t=0.6860185485820167 HTTP/1.1" 200 43875 "http://127.0.0.1/manager-page/home-2.php" "Mozilla/5.0 (Windows NT 10.0; Win64; x64) AppleWebKit/537.36 (KHTML, like Gecko) Chrome/119.0.0.0 Safari/537.36"
127.0.0.1 - - [22/Apr/2025:10:28:30 +0800] "GET /manager-page/api/snapshot.php?id=22&t=0.77909303397664 HTTP/1.1" 200 39791 "http://127.0.0.1/manager-page/home-2.php" "Mozilla/5.0 (Windows NT 10.0; Win64; x64) AppleWebKit/537.36 (KHTML, like Gecko) Chrome/119.0.0.0 Safari/537.36"
127.0.0.1 - - [22/Apr/2025:10:28:45 +0800] "POST /robot/et-7026-in.php HTTP/1.1" 200 - "-" "python-requests/2.32.2"
111.70.30.251 - - [22/Apr/2025:10:28:55 +0800] "POST /robot/lora-in.php HTTP/1.1" 200 - "-" "python-requests/2.21.0"
127.0.0.1 - - [22/Apr/2025:10:29:00 +0800] "GET /robot/alarm-history-in.php HTTP/1.1" 200 - "-" "python-requests/2.28.1"
111.70.30.253 - - [22/Apr/2025:10:29:15 +0800] "POST /robot/lora-in.php HTTP/1.1" 200 - "-" "python-requests/2.21.0"
172.16.36.181 - - [22/Apr/2025:10:29:17 +0800] "GET /manager-page/api/snapshot.php?id=11&t=0.38329183939449696 HTTP/1.1" 200 49876 "http://192.168.60.79/manager-page/home-1.php" "Mozilla/5.0 (Windows NT 10.0; Win64; x64) AppleWebKit/537.36 (KHTML, like Gecko) Chrome/135.0.0.0 Safari/537.36 Edg/135.0.0.0"
172.16.36.181 - - [22/Apr/2025:10:29:17 +0800] "GET /manager-page/api/snapshot.php?id=12&t=0.6501389953043843 HTTP/1.1" 200 50507 "http://192.168.60.79/manager-page/home-1.php" "Mozilla/5.0 (Windows NT 10.0; Win64; x64) AppleWebKit/537.36 (KHTML, like Gecko) Chrome/135.0.0.0 Safari/537.36 Edg/135.0.0.0"
127.0.0.1 - - [22/Apr/2025:10:29:26 +0800] "GET /get-setting.json HTTP/1.1" 200 2315 "-" "python-requests/2.31.0"
127.0.0.1 - - [22/Apr/2025:10:29:26 +0800] "POST /robot/lora-in.php HTTP/1.1" 200 - "-" "python-requests/2.31.0"
127.0.0.1 - - [22/Apr/2025:10:29:30 +0800] "GET /manager-page/api/snapshot.php?id=22&t=0.6769851788324674 HTTP/1.1" 200 40107 "http://127.0.0.1/manager-page/home-2.php" "Mozilla/5.0 (Windows NT 10.0; Win64; x64) AppleWebKit/537.36 (KHTML, like Gecko) Chrome/119.0.0.0 Safari/537.36"
127.0.0.1 - - [22/Apr/2025:10:29:30 +0800] "GET /manager-page/api/snapshot.php?id=21&t=0.13780358977124907 HTTP/1.1" 200 43738 "http://127.0.0.1/manager-page/home-2.php" "Mozilla/5.0 (Windows NT 10.0; Win64; x64) AppleWebKit/537.36 (KHTML, like Gecko) Chrome/119.0.0.0 Safari/537.36"
127.0.0.1 - - [22/Apr/2025:10:29:34 +0800] "POST /robot/lora-in.php HTTP/1.1" 200 - "-" "python-requests/2.31.0"
111.70.30.250 - - [22/Apr/2025:10:29:49 +0800] "POST /robot/lora-in.php HTTP/1.1" 200 - "-" "python-requests/2.21.0"
127.0.0.1 - - [22/Apr/2025:10:29:51 +0800] "POST /robot/lora-in.php HTTP/1.1" 200 - "-" "python-requests/2.31.0"
127.0.0.1 - - [22/Apr/2025:10:29:52 +0800] "POST /robot/lora-in.php HTTP/1.1" 200 - "-" "python-requests/2.31.0"
127.0.0.1 - - [22/Apr/2025:10:30:00 +0800] "GET /robot/alarm-history-in.php HTTP/1.1" 200 - "-" "python-requests/2.28.1"
127.0.0.1 - - [22/Apr/2025:10:30:04 +0800] "POST /robot/lora-in.php HTTP/1.1" 200 - "-" "python-requests/2.31.0"
127.0.0.1 - - [22/Apr/2025:10:30:13 +0800] "POST /robot/lora-in.php HTTP/1.1" 200 - "-" "python-requests/2.31.0"
172.16.36.181 - - [22/Apr/2025:10:30:17 +0800] "GET /manager-page/api/snapshot.php?id=11&t=0.17729603176812514 HTTP/1.1" 200 50985 "http://192.168.60.79/manager-page/home-1.php" "Mozilla/5.0 (Windows NT 10.0; Win64; x64) AppleWebKit/537.36 (KHTML, like Gecko) Chrome/135.0.0.0 Safari/537.36 Edg/135.0.0.0"
172.16.36.181 - - [22/Apr/2025:10:30:17 +0800] "GET /manager-page/api/snapshot.php?id=12&t=0.9310992235842178 HTTP/1.1" 200 50914 "http://192.168.60.79/manager-page/home-1.php" "Mozilla/5.0 (Windows NT 10.0; Win64; x64) AppleWebKit/537.36 (KHTML, like Gecko) Chrome/135.0.0.0 Safari/537.36 Edg/135.0.0.0"
127.0.0.1 - - [22/Apr/2025:10:30:30 +0800] "GET /manager-page/api/snapshot.php?id=21&t=0.9808868714951569 HTTP/1.1" 200 43821 "http://127.0.0.1/manager-page/home-2.php" "Mozilla/5.0 (Windows NT 10.0; Win64; x64) AppleWebKit/537.36 (KHTML, like Gecko) Chrome/119.0.0.0 Safari/537.36"
127.0.0.1 - - [22/Apr/2025:10:30:30 +0800] "GET /manager-page/api/snapshot.php?id=22&t=0.9529711779327963 HTTP/1.1" 200 42249 "http://127.0.0.1/manager-page/home-2.php" "Mozilla/5.0 (Windows NT 10.0; Win64; x64) AppleWebKit/537.36 (KHTML, like Gecko) Chrome/119.0.0.0 Safari/537.36"
127.0.0.1 - - [22/Apr/2025:10:31:00 +0800] "GET /robot/alarm-history-in.php HTTP/1.1" 200 - "-" "python-requests/2.28.1"
172.16.36.181 - - [22/Apr/2025:10:31:17 +0800] "GET /manager-page/api/snapshot.php?id=11&t=0.12245307695176433 HTTP/1.1" 200 53407 "http://192.168.60.79/manager-page/home-1.php" "Mozilla/5.0 (Windows NT 10.0; Win64; x64) AppleWebKit/537.36 (KHTML, like Gecko) Chrome/135.0.0.0 Safari/537.36 Edg/135.0.0.0"
172.16.36.181 - - [22/Apr/2025:10:31:17 +0800] "GET /manager-page/api/snapshot.php?id=12&t=0.3644374219260035 HTTP/1.1" 200 50711 "http://192.168.60.79/manager-page/home-1.php" "Mozilla/5.0 (Windows NT 10.0; Win64; x64) AppleWebKit/537.36 (KHTML, like Gecko) Chrome/135.0.0.0 Safari/537.36 Edg/135.0.0.0"
127.0.0.1 - - [22/Apr/2025:10:31:37 +0800] "GET /manager-page/api/snapshot.php?id=21&t=0.8804904117884591 HTTP/1.1" 200 43193 "http://127.0.0.1/manager-page/home-2.php" "Mozilla/5.0 (Windows NT 10.0; Win64; x64) AppleWebKit/537.36 (KHTML, like Gecko) Chrome/119.0.0.0 Safari/537.36"
127.0.0.1 - - [22/Apr/2025:10:31:37 +0800] "GET /manager-page/api/snapshot.php?id=22&t=0.8370845042392743 HTTP/1.1" 200 39932 "http://127.0.0.1/manager-page/home-2.php" "Mozilla/5.0 (Windows NT 10.0; Win64; x64) AppleWebKit/537.36 (KHTML, like Gecko) Chrome/119.0.0.0 Safari/537.36"
127.0.0.1 - - [22/Apr/2025:10:32:00 +0800] "GET /robot/alarm-history-in.php HTTP/1.1" 200 - "-" "python-requests/2.28.1"
172.16.36.181 - - [22/Apr/2025:10:32:17 +0800] "GET /manager-page/api/snapshot.php?id=12&t=0.940992261297642 HTTP/1.1" 200 51039 "http://192.168.60.79/manager-page/home-1.php" "Mozilla/5.0 (Windows NT 10.0; Win64; x64) AppleWebKit/537.36 (KHTML, like Gecko) Chrome/135.0.0.0 Safari/537.36 Edg/135.0.0.0"
172.16.36.181 - - [22/Apr/2025:10:32:17 +0800] "GET /manager-page/api/snapshot.php?id=11&t=0.9460172281776423 HTTP/1.1" 200 50580 "http://192.168.60.79/manager-page/home-1.php" "Mozilla/5.0 (Windows NT 10.0; Win64; x64) AppleWebKit/537.36 (KHTML, like Gecko) Chrome/135.0.0.0 Safari/537.36 Edg/135.0.0.0"
127.0.0.1 - - [22/Apr/2025:10:33:00 +0800] "GET /robot/alarm-history-in.php HTTP/1.1" 200 - "-" "python-requests/2.28.1"
172.16.36.181 - - [22/Apr/2025:10:33:17 +0800] "GET /manager-page/api/snapshot.php?id=12&t=0.7353368689489952 HTTP/1.1" 200 50965 "http://192.168.60.79/manager-page/home-1.php" "Mozilla/5.0 (Windows NT 10.0; Win64; x64) AppleWebKit/537.36 (KHTML, like Gecko) Chrome/135.0.0.0 Safari/537.36 Edg/135.0.0.0"
172.16.36.181 - - [22/Apr/2025:10:33:17 +0800] "GET /manager-page/api/snapshot.php?id=11&t=0.9416083876313576 HTTP/1.1" 200 51248 "http://192.168.60.79/manager-page/home-1.php" "Mozilla/5.0 (Windows NT 10.0; Win64; x64) AppleWebKit/537.36 (KHTML, like Gecko) Chrome/135.0.0.0 Safari/537.36 Edg/135.0.0.0"
127.0.0.1 - - [22/Apr/2025:10:33:48 +0800] "POST /robot/et-7026-in.php HTTP/1.1" 200 - "-" "python-requests/2.32.2"
127.0.0.1 - - [22/Apr/2025:10:34:00 +0800] "GET /robot/alarm-history-in.php HTTP/1.1" 200 - "-" "python-requests/2.28.1"
172.16.36.181 - - [22/Apr/2025:10:34:17 +0800] "GET /manager-page/api/snapshot.php?id=12&t=0.8747898908983684 HTTP/1.1" 200 51169 "http://192.168.60.79/manager-page/home-1.php" "Mozilla/5.0 (Windows NT 10.0; Win64; x64) AppleWebKit/537.36 (KHTML, like Gecko) Chrome/135.0.0.0 Safari/537.36 Edg/135.0.0.0"
172.16.36.181 - - [22/Apr/2025:10:34:17 +0800] "GET /manager-page/api/snapshot.php?id=11&t=0.10129849094052301 HTTP/1.1" 200 50240 "http://192.168.60.79/manager-page/home-1.php" "Mozilla/5.0 (Windows NT 10.0; Win64; x64) AppleWebKit/537.36 (KHTML, like Gecko) Chrome/135.0.0.0 Safari/537.36 Edg/135.0.0.0"
127.0.0.1 - - [22/Apr/2025:10:35:00 +0800] "GET /robot/alarm-history-in.php HTTP/1.1" 200 - "-" "python-requests/2.28.1"
172.16.36.181 - - [22/Apr/2025:10:35:17 +0800] "GET /manager-page/api/snapshot.php?id=11&t=0.6435091954807577 HTTP/1.1" 200 50026 "http://192.168.60.79/manager-page/home-1.php" "Mozilla/5.0 (Windows NT 10.0; Win64; x64) AppleWebKit/537.36 (KHTML, like Gecko) Chrome/135.0.0.0 Safari/537.36 Edg/135.0.0.0"
172.16.36.181 - - [22/Apr/2025:10:35:17 +0800] "GET /manager-page/api/snapshot.php?id=12&t=0.16172317516193213 HTTP/1.1" 200 51207 "http://192.168.60.79/manager-page/home-1.php" "Mozilla/5.0 (Windows NT 10.0; Win64; x64) AppleWebKit/537.36 (KHTML, like Gecko) Chrome/135.0.0.0 Safari/537.36 Edg/135.0.0.0"
127.0.0.1 - - [22/Apr/2025:10:36:00 +0800] "GET /robot/alarm-history-in.php HTTP/1.1" 200 - "-" "python-requests/2.28.1"
172.16.36.181 - - [22/Apr/2025:10:36:17 +0800] "GET /manager-page/api/snapshot.php?id=12&t=0.46181178882595797 HTTP/1.1" 200 51205 "http://192.168.60.79/manager-page/home-1.php" "Mozilla/5.0 (Windows NT 10.0; Win64; x64) AppleWebKit/537.36 (KHTML, like Gecko) Chrome/135.0.0.0 Safari/537.36 Edg/135.0.0.0"
172.16.36.181 - - [22/Apr/2025:10:36:17 +0800] "GET /manager-page/api/snapshot.php?id=11&t=0.31120070928803756 HTTP/1.1" 200 50578 "http://192.168.60.79/manager-page/home-1.php" "Mozilla/5.0 (Windows NT 10.0; Win64; x64) AppleWebKit/537.36 (KHTML, like Gecko) Chrome/135.0.0.0 Safari/537.36 Edg/135.0.0.0"
111.70.30.251 - - [22/Apr/2025:10:36:39 +0800] "POST /robot/lora-in.php HTTP/1.1" 200 - "-" "python-requests/2.21.0"
127.0.0.1 - - [22/Apr/2025:10:36:48 +0800] "POST /robot/et-7026-in.php HTTP/1.1" 200 - "-" "python-requests/2.32.2"
127.0.0.1 - - [22/Apr/2025:10:36:58 +0800] "POST /robot/et-7026-in.php HTTP/1.1" 200 - "-" "python-requests/2.32.2"
127.0.0.1 - - [22/Apr/2025:10:37:00 +0800] "GET /robot/alarm-history-in.php HTTP/1.1" 200 - "-" "python-requests/2.28.1"
111.70.30.252 - - [22/Apr/2025:10:37:11 +0800] "POST /robot/lora-in.php HTTP/1.1" 200 - "-" "python-requests/2.21.0"
172.16.36.181 - - [22/Apr/2025:10:37:17 +0800] "GET /manager-page/api/snapshot.php?id=11&t=0.8128815784776338 HTTP/1.1" 200 50220 "http://192.168.60.79/manager-page/home-1.php" "Mozilla/5.0 (Windows NT 10.0; Win64; x64) AppleWebKit/537.36 (KHTML, like Gecko) Chrome/135.0.0.0 Safari/537.36 Edg/135.0.0.0"
172.16.36.181 - - [22/Apr/2025:10:37:17 +0800] "GET /manager-page/api/snapshot.php?id=12&t=0.3976605850858399 HTTP/1.1" 200 50694 "http://192.168.60.79/manager-page/home-1.php" "Mozilla/5.0 (Windows NT 10.0; Win64; x64) AppleWebKit/537.36 (KHTML, like Gecko) Chrome/135.0.0.0 Safari/537.36 Edg/135.0.0.0"
111.70.30.253 - - [22/Apr/2025:10:38:00 +0800] "POST /robot/lora-in.php HTTP/1.1" 200 - "-" "python-requests/2.21.0"
127.0.0.1 - - [22/Apr/2025:10:38:00 +0800] "GET /robot/alarm-history-in.php HTTP/1.1" 200 - "-" "python-requests/2.28.1"
172.16.36.181 - - [22/Apr/2025:10:38:17 +0800] "GET /manager-page/api/snapshot.php?id=12&t=0.6566436856214173 HTTP/1.1" 200 50936 "http://192.168.60.79/manager-page/home-1.php" "Mozilla/5.0 (Windows NT 10.0; Win64; x64) AppleWebKit/537.36 (KHTML, like Gecko) Chrome/135.0.0.0 Safari/537.36 Edg/135.0.0.0"
172.16.36.181 - - [22/Apr/2025:10:38:17 +0800] "GET /manager-page/api/snapshot.php?id=11&t=0.7059863812460822 HTTP/1.1" 200 51026 "http://192.168.60.79/manager-page/home-1.php" "Mozilla/5.0 (Windows NT 10.0; Win64; x64) AppleWebKit/537.36 (KHTML, like Gecko) Chrome/135.0.0.0 Safari/537.36 Edg/135.0.0.0"
111.70.30.250 - - [22/Apr/2025:10:38:24 +0800] "POST /robot/lora-in.php HTTP/1.1" 200 - "-" "python-requests/2.21.0"
127.0.0.1 - - [22/Apr/2025:10:38:47 +0800] "POST /robot/et-7026-in.php HTTP/1.1" 200 - "-" "python-requests/2.32.2"
127.0.0.1 - - [22/Apr/2025:10:38:50 +0800] "GET /manager-page/api/snapshot.php?id=21&t=0.46861997286688584 HTTP/1.1" 200 43674 "http://127.0.0.1/manager-page/home-2.php" "Mozilla/5.0 (Windows NT 10.0; Win64; x64) AppleWebKit/537.36 (KHTML, like Gecko) Chrome/119.0.0.0 Safari/537.36"
127.0.0.1 - - [22/Apr/2025:10:38:50 +0800] "GET /manager-page/api/snapshot.php?id=22&t=0.12289616409201676 HTTP/1.1" 200 40924 "http://127.0.0.1/manager-page/home-2.php" "Mozilla/5.0 (Windows NT 10.0; Win64; x64) AppleWebKit/537.36 (KHTML, like Gecko) Chrome/119.0.0.0 Safari/537.36"
111.70.30.251 - - [22/Apr/2025:10:38:53 +0800] "POST /robot/lora-in.php HTTP/1.1" 200 - "-" "python-requests/2.21.0"
127.0.0.1 - - [22/Apr/2025:10:39:00 +0800] "GET /robot/alarm-history-in.php HTTP/1.1" 200 - "-" "python-requests/2.28.1"
172.16.36.181 - - [22/Apr/2025:10:39:17 +0800] "GET /manager-page/api/snapshot.php?id=12&t=0.47395008875010847 HTTP/1.1" 200 50884 "http://192.168.60.79/manager-page/home-1.php" "Mozilla/5.0 (Windows NT 10.0; Win64; x64) AppleWebKit/537.36 (KHTML, like Gecko) Chrome/135.0.0.0 Safari/537.36 Edg/135.0.0.0"
172.16.36.181 - - [22/Apr/2025:10:39:17 +0800] "GET /manager-page/api/snapshot.php?id=11&t=0.3154659626891605 HTTP/1.1" 200 50262 "http://192.168.60.79/manager-page/home-1.php" "Mozilla/5.0 (Windows NT 10.0; Win64; x64) AppleWebKit/537.36 (KHTML, like Gecko) Chrome/135.0.0.0 Safari/537.36 Edg/135.0.0.0"
127.0.0.1 - - [22/Apr/2025:10:39:26 +0800] "GET /get-setting.json HTTP/1.1" 200 2315 "-" "python-requests/2.31.0"
127.0.0.1 - - [22/Apr/2025:10:39:30 +0800] "POST /robot/lora-in.php HTTP/1.1" 200 - "-" "python-requests/2.31.0"
127.0.0.1 - - [22/Apr/2025:10:39:30 +0800] "GET /manager-page/api/snapshot.php?id=22&t=0.4112133650465455 HTTP/1.1" 200 41163 "http://127.0.0.1/manager-page/home-2.php" "Mozilla/5.0 (Windows NT 10.0; Win64; x64) AppleWebKit/537.36 (KHTML, like Gecko) Chrome/119.0.0.0 Safari/537.36"
127.0.0.1 - - [22/Apr/2025:10:39:30 +0800] "GET /manager-page/api/snapshot.php?id=21&t=0.8103938884826856 HTTP/1.1" 200 43618 "http://127.0.0.1/manager-page/home-2.php" "Mozilla/5.0 (Windows NT 10.0; Win64; x64) AppleWebKit/537.36 (KHTML, like Gecko) Chrome/119.0.0.0 Safari/537.36"
127.0.0.1 - - [22/Apr/2025:10:40:00 +0800] "GET /robot/alarm-history-in.php HTTP/1.1" 200 - "-" "python-requests/2.28.1"
127.0.0.1 - - [22/Apr/2025:10:39:40 +0800] "POST /robot/lora-in.php HTTP/1.1" 200 - "-" "python-requests/2.31.0"
127.0.0.1 - - [22/Apr/2025:10:40:06 +0800] "POST /robot/lora-in.php HTTP/1.1" 200 - "-" "python-requests/2.31.0"
172.16.36.181 - - [22/Apr/2025:10:40:17 +0800] "GET /manager-page/api/snapshot.php?id=12&t=0.7927710816311757 HTTP/1.1" 200 51312 "http://192.168.60.79/manager-page/home-1.php" "Mozilla/5.0 (Windows NT 10.0; Win64; x64) AppleWebKit/537.36 (KHTML, like Gecko) Chrome/135.0.0.0 Safari/537.36 Edg/135.0.0.0"
172.16.36.181 - - [22/Apr/2025:10:40:17 +0800] "GET /manager-page/api/snapshot.php?id=11&t=0.39768663623628575 HTTP/1.1" 200 50612 "http://192.168.60.79/manager-page/home-1.php" "Mozilla/5.0 (Windows NT 10.0; Win64; x64) AppleWebKit/537.36 (KHTML, like Gecko) Chrome/135.0.0.0 Safari/537.36 Edg/135.0.0.0"
127.0.0.1 - - [22/Apr/2025:10:40:22 +0800] "POST /robot/lora-in.php HTTP/1.1" 200 - "-" "python-requests/2.31.0"
127.0.0.1 - - [22/Apr/2025:10:40:28 +0800] "POST /robot/lora-in.php HTTP/1.1" 200 - "-" "python-requests/2.31.0"
127.0.0.1 - - [22/Apr/2025:10:40:30 +0800] "GET /manager-page/api/snapshot.php?id=21&t=0.39823791559688515 HTTP/1.1" 200 43677 "http://127.0.0.1/manager-page/home-2.php" "Mozilla/5.0 (Windows NT 10.0; Win64; x64) AppleWebKit/537.36 (KHTML, like Gecko) Chrome/119.0.0.0 Safari/537.36"
127.0.0.1 - - [22/Apr/2025:10:40:30 +0800] "GET /manager-page/api/snapshot.php?id=22&t=0.49796140350499174 HTTP/1.1" 200 41228 "http://127.0.0.1/manager-page/home-2.php" "Mozilla/5.0 (Windows NT 10.0; Win64; x64) AppleWebKit/537.36 (KHTML, like Gecko) Chrome/119.0.0.0 Safari/537.36"
127.0.0.1 - - [22/Apr/2025:10:40:35 +0800] "POST /robot/lora-in.php HTTP/1.1" 200 - "-" "python-requests/2.31.0"
127.0.0.1 - - [22/Apr/2025:10:41:00 +0800] "GET /robot/alarm-history-in.php HTTP/1.1" 200 - "-" "python-requests/2.28.1"
172.16.36.181 - - [22/Apr/2025:10:41:17 +0800] "GET /manager-page/api/snapshot.php?id=11&t=0.507352850800933 HTTP/1.1" 200 50753 "http://192.168.60.79/manager-page/home-1.php" "Mozilla/5.0 (Windows NT 10.0; Win64; x64) AppleWebKit/537.36 (KHTML, like Gecko) Chrome/135.0.0.0 Safari/537.36 Edg/135.0.0.0"
172.16.36.181 - - [22/Apr/2025:10:41:17 +0800] "GET /manager-page/api/snapshot.php?id=12&t=0.2464460674779665 HTTP/1.1" 200 51246 "http://192.168.60.79/manager-page/home-1.php" "Mozilla/5.0 (Windows NT 10.0; Win64; x64) AppleWebKit/537.36 (KHTML, like Gecko) Chrome/135.0.0.0 Safari/537.36 Edg/135.0.0.0"
127.0.0.1 - - [22/Apr/2025:10:41:30 +0800] "GET /manager-page/api/snapshot.php?id=21&t=0.020561838478333927 HTTP/1.1" 200 43688 "http://127.0.0.1/manager-page/home-2.php" "Mozilla/5.0 (Windows NT 10.0; Win64; x64) AppleWebKit/537.36 (KHTML, like Gecko) Chrome/119.0.0.0 Safari/537.36"
127.0.0.1 - - [22/Apr/2025:10:41:30 +0800] "GET /manager-page/api/snapshot.php?id=22&t=0.9023893611650653 HTTP/1.1" 200 41142 "http://127.0.0.1/manager-page/home-2.php" "Mozilla/5.0 (Windows NT 10.0; Win64; x64) AppleWebKit/537.36 (KHTML, like Gecko) Chrome/119.0.0.0 Safari/537.36"
127.0.0.1 - - [22/Apr/2025:10:42:00 +0800] "GET /robot/alarm-history-in.php HTTP/1.1" 200 - "-" "python-requests/2.28.1"
172.16.36.181 - - [22/Apr/2025:10:42:17 +0800] "GET /manager-page/api/snapshot.php?id=12&t=0.9277353272023316 HTTP/1.1" 200 51262 "http://192.168.60.79/manager-page/home-1.php" "Mozilla/5.0 (Windows NT 10.0; Win64; x64) AppleWebKit/537.36 (KHTML, like Gecko) Chrome/135.0.0.0 Safari/537.36 Edg/135.0.0.0"
172.16.36.181 - - [22/Apr/2025:10:42:17 +0800] "GET /manager-page/api/snapshot.php?id=11&t=0.1806920248627426 HTTP/1.1" 200 51259 "http://192.168.60.79/manager-page/home-1.php" "Mozilla/5.0 (Windows NT 10.0; Win64; x64) AppleWebKit/537.36 (KHTML, like Gecko) Chrome/135.0.0.0 Safari/537.36 Edg/135.0.0.0"
127.0.0.1 - - [22/Apr/2025:10:42:30 +0800] "GET /manager-page/api/snapshot.php?id=21&t=0.9821598647100873 HTTP/1.1" 200 43703 "http://127.0.0.1/manager-page/home-2.php" "Mozilla/5.0 (Windows NT 10.0; Win64; x64) AppleWebKit/537.36 (KHTML, like Gecko) Chrome/119.0.0.0 Safari/537.36"
127.0.0.1 - - [22/Apr/2025:10:42:30 +0800] "GET /manager-page/api/snapshot.php?id=22&t=0.855690214496722 HTTP/1.1" 200 41557 "http://127.0.0.1/manager-page/home-2.php" "Mozilla/5.0 (Windows NT 10.0; Win64; x64) AppleWebKit/537.36 (KHTML, like Gecko) Chrome/119.0.0.0 Safari/537.36"
127.0.0.1 - - [22/Apr/2025:10:43:00 +0800] "GET /robot/alarm-history-in.php HTTP/1.1" 200 - "-" "python-requests/2.28.1"
172.16.36.181 - - [22/Apr/2025:10:43:17 +0800] "GET /manager-page/api/snapshot.php?id=11&t=0.9141007856291687 HTTP/1.1" 200 50395 "http://192.168.60.79/manager-page/home-1.php" "Mozilla/5.0 (Windows NT 10.0; Win64; x64) AppleWebKit/537.36 (KHTML, like Gecko) Chrome/135.0.0.0 Safari/537.36 Edg/135.0.0.0"
172.16.36.181 - - [22/Apr/2025:10:43:17 +0800] "GET /manager-page/api/snapshot.php?id=12&t=0.8422922865192528 HTTP/1.1" 200 51098 "http://192.168.60.79/manager-page/home-1.php" "Mozilla/5.0 (Windows NT 10.0; Win64; x64) AppleWebKit/537.36 (KHTML, like Gecko) Chrome/135.0.0.0 Safari/537.36 Edg/135.0.0.0"
127.0.0.1 - - [22/Apr/2025:10:43:30 +0800] "GET /manager-page/api/snapshot.php?id=21&t=0.9634332464843856 HTTP/1.1" 200 43715 "http://127.0.0.1/manager-page/home-2.php" "Mozilla/5.0 (Windows NT 10.0; Win64; x64) AppleWebKit/537.36 (KHTML, like Gecko) Chrome/119.0.0.0 Safari/537.36"
127.0.0.1 - - [22/Apr/2025:10:43:30 +0800] "GET /manager-page/api/snapshot.php?id=22&t=0.9502252186301763 HTTP/1.1" 200 41570 "http://127.0.0.1/manager-page/home-2.php" "Mozilla/5.0 (Windows NT 10.0; Win64; x64) AppleWebKit/537.36 (KHTML, like Gecko) Chrome/119.0.0.0 Safari/537.36"
127.0.0.1 - - [22/Apr/2025:10:43:49 +0800] "POST /robot/et-7026-in.php HTTP/1.1" 200 - "-" "python-requests/2.32.2"
127.0.0.1 - - [22/Apr/2025:10:44:00 +0800] "GET /robot/alarm-history-in.php HTTP/1.1" 200 - "-" "python-requests/2.28.1"
172.16.36.181 - - [22/Apr/2025:10:44:17 +0800] "GET /manager-page/api/snapshot.php?id=11&t=0.4663677563676991 HTTP/1.1" 200 50709 "http://192.168.60.79/manager-page/home-1.php" "Mozilla/5.0 (Windows NT 10.0; Win64; x64) AppleWebKit/537.36 (KHTML, like Gecko) Chrome/135.0.0.0 Safari/537.36 Edg/135.0.0.0"
172.16.36.181 - - [22/Apr/2025:10:44:17 +0800] "GET /manager-page/api/snapshot.php?id=12&t=0.044072827112558666 HTTP/1.1" 200 51398 "http://192.168.60.79/manager-page/home-1.php" "Mozilla/5.0 (Windows NT 10.0; Win64; x64) AppleWebKit/537.36 (KHTML, like Gecko) Chrome/135.0.0.0 Safari/537.36 Edg/135.0.0.0"
127.0.0.1 - - [22/Apr/2025:10:44:30 +0800] "GET /manager-page/api/snapshot.php?id=21&t=0.2169889446503157 HTTP/1.1" 200 43912 "http://127.0.0.1/manager-page/home-2.php" "Mozilla/5.0 (Windows NT 10.0; Win64; x64) AppleWebKit/537.36 (KHTML, like Gecko) Chrome/119.0.0.0 Safari/537.36"
127.0.0.1 - - [22/Apr/2025:10:44:30 +0800] "GET /manager-page/api/snapshot.php?id=22&t=0.8169630867951099 HTTP/1.1" 200 41491 "http://127.0.0.1/manager-page/home-2.php" "Mozilla/5.0 (Windows NT 10.0; Win64; x64) AppleWebKit/537.36 (KHTML, like Gecko) Chrome/119.0.0.0 Safari/537.36"
127.0.0.1 - - [22/Apr/2025:10:45:00 +0800] "GET /robot/alarm-history-in.php HTTP/1.1" 200 - "-" "python-requests/2.28.1"
111.70.30.251 - - [22/Apr/2025:10:45:01 +0800] "POST /robot/lora-in.php HTTP/1.1" 200 - "-" "python-requests/2.21.0"
172.16.36.181 - - [22/Apr/2025:10:45:17 +0800] "GET /manager-page/api/snapshot.php?id=11&t=0.3641612683753236 HTTP/1.1" 200 50670 "http://192.168.60.79/manager-page/home-1.php" "Mozilla/5.0 (Windows NT 10.0; Win64; x64) AppleWebKit/537.36 (KHTML, like Gecko) Chrome/135.0.0.0 Safari/537.36 Edg/135.0.0.0"
172.16.36.181 - - [22/Apr/2025:10:45:17 +0800] "GET /manager-page/api/snapshot.php?id=12&t=0.10102192297437285 HTTP/1.1" 200 51464 "http://192.168.60.79/manager-page/home-1.php" "Mozilla/5.0 (Windows NT 10.0; Win64; x64) AppleWebKit/537.36 (KHTML, like Gecko) Chrome/135.0.0.0 Safari/537.36 Edg/135.0.0.0"
127.0.0.1 - - [22/Apr/2025:10:45:30 +0800] "GET /manager-page/api/snapshot.php?id=22&t=0.8064190139363077 HTTP/1.1" 200 41614 "http://127.0.0.1/manager-page/home-2.php" "Mozilla/5.0 (Windows NT 10.0; Win64; x64) AppleWebKit/537.36 (KHTML, like Gecko) Chrome/119.0.0.0 Safari/537.36"
127.0.0.1 - - [22/Apr/2025:10:45:30 +0800] "GET /manager-page/api/snapshot.php?id=21&t=0.8848923463971596 HTTP/1.1" 200 43639 "http://127.0.0.1/manager-page/home-2.php" "Mozilla/5.0 (Windows NT 10.0; Win64; x64) AppleWebKit/537.36 (KHTML, like Gecko) Chrome/119.0.0.0 Safari/537.36"
127.0.0.1 - - [22/Apr/2025:10:46:00 +0800] "GET /robot/alarm-history-in.php HTTP/1.1" 200 - "-" "python-requests/2.28.1"
172.16.36.181 - - [22/Apr/2025:10:46:17 +0800] "GET /manager-page/api/snapshot.php?id=11&t=0.5627519883957959 HTTP/1.1" 200 50915 "http://192.168.60.79/manager-page/home-1.php" "Mozilla/5.0 (Windows NT 10.0; Win64; x64) AppleWebKit/537.36 (KHTML, like Gecko) Chrome/135.0.0.0 Safari/537.36 Edg/135.0.0.0"
172.16.36.181 - - [22/Apr/2025:10:46:17 +0800] "GET /manager-page/api/snapshot.php?id=12&t=0.031752170028518045 HTTP/1.1" 200 51258 "http://192.168.60.79/manager-page/home-1.php" "Mozilla/5.0 (Windows NT 10.0; Win64; x64) AppleWebKit/537.36 (KHTML, like Gecko) Chrome/135.0.0.0 Safari/537.36 Edg/135.0.0.0"
111.70.30.252 - - [22/Apr/2025:10:46:21 +0800] "POST /robot/lora-in.php HTTP/1.1" 200 - "-" "python-requests/2.21.0"
127.0.0.1 - - [22/Apr/2025:10:46:30 +0800] "GET /manager-page/api/snapshot.php?id=21&t=0.4809973649017043 HTTP/1.1" 200 43771 "http://127.0.0.1/manager-page/home-2.php" "Mozilla/5.0 (Windows NT 10.0; Win64; x64) AppleWebKit/537.36 (KHTML, like Gecko) Chrome/119.0.0.0 Safari/537.36"
127.0.0.1 - - [22/Apr/2025:10:46:30 +0800] "GET /manager-page/api/snapshot.php?id=22&t=0.9847754581309789 HTTP/1.1" 200 41393 "http://127.0.0.1/manager-page/home-2.php" "Mozilla/5.0 (Windows NT 10.0; Win64; x64) AppleWebKit/537.36 (KHTML, like Gecko) Chrome/119.0.0.0 Safari/537.36"
111.70.30.253 - - [22/Apr/2025:10:46:43 +0800] "POST /robot/lora-in.php HTTP/1.1" 200 - "-" "python-requests/2.21.0"
127.0.0.1 - - [22/Apr/2025:10:46:49 +0800] "POST /robot/et-7026-in.php HTTP/1.1" 200 - "-" "python-requests/2.32.2"
127.0.0.1 - - [22/Apr/2025:10:46:59 +0800] "POST /robot/et-7026-in.php HTTP/1.1" 200 - "-" "python-requests/2.32.2"
111.70.30.250 - - [22/Apr/2025:10:47:00 +0800] "POST /robot/lora-in.php HTTP/1.1" 200 - "-" "python-requests/2.21.0"
127.0.0.1 - - [22/Apr/2025:10:47:00 +0800] "GET /robot/alarm-history-in.php HTTP/1.1" 200 - "-" "python-requests/2.28.1"
172.16.36.181 - - [22/Apr/2025:10:47:13 +0800] "GET /manager-page/api/snapshot.php?id=11&t=0.6822655455195193 HTTP/1.1" 200 51033 "http://192.168.60.79/manager-page/home-1.php" "Mozilla/5.0 (Windows NT 10.0; Win64; x64) AppleWebKit/537.36 (KHTML, like Gecko) Chrome/135.0.0.0 Safari/537.36 Edg/135.0.0.0"
172.16.36.181 - - [22/Apr/2025:10:47:13 +0800] "GET /manager-page/api/snapshot.php?id=12&t=0.8495330214258344 HTTP/1.1" 200 51433 "http://192.168.60.79/manager-page/home-1.php" "Mozilla/5.0 (Windows NT 10.0; Win64; x64) AppleWebKit/537.36 (KHTML, like Gecko) Chrome/135.0.0.0 Safari/537.36 Edg/135.0.0.0"
172.16.36.181 - - [22/Apr/2025:10:47:18 +0800] "GET /manager-page/alarm/2-2.jpg?t=771160856 HTTP/1.1" 200 491657 "http://192.168.60.79/manager-page/home-2.php" "Mozilla/5.0 (Windows NT 10.0; Win64; x64) AppleWebKit/537.36 (KHTML, like Gecko) Chrome/135.0.0.0 Safari/537.36 Edg/135.0.0.0"
172.16.36.181 - - [22/Apr/2025:10:47:18 +0800] "GET /manager-page/alarm/2-1.jpg?t=1591305741 HTTP/1.1" 200 339428 "http://192.168.60.79/manager-page/home-2.php" "Mozilla/5.0 (Windows NT 10.0; Win64; x64) AppleWebKit/537.36 (KHTML, like Gecko) Chrome/135.0.0.0 Safari/537.36 Edg/135.0.0.0"
172.16.36.181 - - [22/Apr/2025:10:47:15 +0800] "GET /manager-page/home-2.php HTTP/1.1" 200 27466 "http://192.168.60.79/manager-page/home-1.php" "Mozilla/5.0 (Windows NT 10.0; Win64; x64) AppleWebKit/537.36 (KHTML, like Gecko) Chrome/135.0.0.0 Safari/537.36 Edg/135.0.0.0"
172.16.36.181 - - [22/Apr/2025:10:47:18 +0800] "GET /manager-page/api/snapshot.php?id=21 HTTP/1.1" 200 43728 "http://192.168.60.79/manager-page/home-2.php" "Mozilla/5.0 (Windows NT 10.0; Win64; x64) AppleWebKit/537.36 (KHTML, like Gecko) Chrome/135.0.0.0 Safari/537.36 Edg/135.0.0.0"
172.16.36.181 - - [22/Apr/2025:10:47:18 +0800] "GET /manager-page/api/snapshot.php?id=22 HTTP/1.1" 200 41485 "http://192.168.60.79/manager-page/home-2.php" "Mozilla/5.0 (Windows NT 10.0; Win64; x64) AppleWebKit/537.36 (KHTML, like Gecko) Chrome/135.0.0.0 Safari/537.36 Edg/135.0.0.0"
172.16.36.181 - - [22/Apr/2025:10:47:21 +0800] "GET /manager-page/api/cms-status2.php HTTP/1.1" 200 12 "http://192.168.60.79/manager-page/home-2.php" "Mozilla/5.0 (Windows NT 10.0; Win64; x64) AppleWebKit/537.36 (KHTML, like Gecko) Chrome/135.0.0.0 Safari/537.36 Edg/135.0.0.0"
172.16.36.181 - - [22/Apr/2025:10:47:21 +0800] "GET /manager-page/api/lp-status2.php HTTP/1.1" 200 1 "http://192.168.60.79/manager-page/home-2.php" "Mozilla/5.0 (Windows NT 10.0; Win64; x64) AppleWebKit/537.36 (KHTML, like Gecko) Chrome/135.0.0.0 Safari/537.36 Edg/135.0.0.0"
172.16.36.181 - - [22/Apr/2025:10:47:27 +0800] "GET /manager-page/api/snapshot.php?id=21&t=0.02205854465962942 HTTP/1.1" 200 43687 "http://192.168.60.79/manager-page/home-2.php" "Mozilla/5.0 (Windows NT 10.0; Win64; x64) AppleWebKit/537.36 (KHTML, like Gecko) Chrome/135.0.0.0 Safari/537.36 Edg/135.0.0.0"
172.16.36.181 - - [22/Apr/2025:10:47:27 +0800] "GET /manager-page/api/snapshot.php?id=22&t=0.6475153851980555 HTTP/1.1" 200 41438 "http://192.168.60.79/manager-page/home-2.php" "Mozilla/5.0 (Windows NT 10.0; Win64; x64) AppleWebKit/537.36 (KHTML, like Gecko) Chrome/135.0.0.0 Safari/537.36 Edg/135.0.0.0"
127.0.0.1 - - [22/Apr/2025:10:47:30 +0800] "GET /manager-page/api/snapshot.php?id=22&t=0.5596443613866573 HTTP/1.1" 200 41436 "http://127.0.0.1/manager-page/home-2.php" "Mozilla/5.0 (Windows NT 10.0; Win64; x64) AppleWebKit/537.36 (KHTML, like Gecko) Chrome/119.0.0.0 Safari/537.36"
127.0.0.1 - - [22/Apr/2025:10:47:30 +0800] "GET /manager-page/api/snapshot.php?id=21&t=0.3500255190949426 HTTP/1.1" 200 43707 "http://127.0.0.1/manager-page/home-2.php" "Mozilla/5.0 (Windows NT 10.0; Win64; x64) AppleWebKit/537.36 (KHTML, like Gecko) Chrome/119.0.0.0 Safari/537.36"
172.16.36.181 - - [22/Apr/2025:10:47:32 +0800] "GET /manager-page/api/snapshot.php?id=21&t=0.1603042527273325 HTTP/1.1" 200 43696 "http://192.168.60.79/manager-page/home-2.php" "Mozilla/5.0 (Windows NT 10.0; Win64; x64) AppleWebKit/537.36 (KHTML, like Gecko) Chrome/135.0.0.0 Safari/537.36 Edg/135.0.0.0"
172.16.36.181 - - [22/Apr/2025:10:47:32 +0800] "GET /manager-page/api/snapshot.php?id=22&t=0.6341217973379851 HTTP/1.1" 200 41465 "http://192.168.60.79/manager-page/home-2.php" "Mozilla/5.0 (Windows NT 10.0; Win64; x64) AppleWebKit/537.36 (KHTML, like Gecko) Chrome/135.0.0.0 Safari/537.36 Edg/135.0.0.0"
172.16.36.181 - - [22/Apr/2025:10:47:35 +0800] "GET /manager-page/history.php HTTP/1.1" 200 19932 "http://192.168.60.79/manager-page/home-2.php" "Mozilla/5.0 (Windows NT 10.0; Win64; x64) AppleWebKit/537.36 (KHTML, like Gecko) Chrome/135.0.0.0 Safari/537.36 Edg/135.0.0.0"
172.16.36.181 - - [22/Apr/2025:10:47:43 +0800] "POST /manager-page/history.php HTTP/1.1" 200 89576 "http://192.168.60.79/manager-page/history.php" "Mozilla/5.0 (Windows NT 10.0; Win64; x64) AppleWebKit/537.36 (KHTML, like Gecko) Chrome/135.0.0.0 Safari/537.36 Edg/135.0.0.0"
127.0.0.1 - - [22/Apr/2025:10:48:00 +0800] "GET /robot/alarm-history-in.php HTTP/1.1" 200 - "-" "python-requests/2.28.1"
172.16.36.181 - - [22/Apr/2025:10:48:20 +0800] "POST /manager-page/history.php HTTP/1.1" 200 1024683 "http://192.168.60.79/manager-page/history.php" "Mozilla/5.0 (Windows NT 10.0; Win64; x64) AppleWebKit/537.36 (KHTML, like Gecko) Chrome/135.0.0.0 Safari/537.36 Edg/135.0.0.0"
127.0.0.1 - - [22/Apr/2025:10:48:30 +0800] "GET /manager-page/api/snapshot.php?id=21&t=0.4797616806142597 HTTP/1.1" 200 44228 "http://127.0.0.1/manager-page/home-2.php" "Mozilla/5.0 (Windows NT 10.0; Win64; x64) AppleWebKit/537.36 (KHTML, like Gecko) Chrome/119.0.0.0 Safari/537.36"
127.0.0.1 - - [22/Apr/2025:10:48:30 +0800] "GET /manager-page/api/snapshot.php?id=22&t=0.5628531451842282 HTTP/1.1" 200 41584 "http://127.0.0.1/manager-page/home-2.php" "Mozilla/5.0 (Windows NT 10.0; Win64; x64) AppleWebKit/537.36 (KHTML, like Gecko) Chrome/119.0.0.0 Safari/537.36"
127.0.0.1 - - [22/Apr/2025:10:48:49 +0800] "POST /robot/et-7026-in.php HTTP/1.1" 200 - "-" "python-requests/2.32.2"
111.70.30.251 - - [22/Apr/2025:10:48:50 +0800] "POST /robot/lora-in.php HTTP/1.1" 200 - "-" "python-requests/2.21.0"
127.0.0.1 - - [22/Apr/2025:10:49:00 +0800] "GET /robot/alarm-history-in.php HTTP/1.1" 200 - "-" "python-requests/2.28.1"
172.16.36.181 - - [22/Apr/2025:10:49:03 +0800] "POST /manager-page/history.php HTTP/1.1" 200 473414 "http://192.168.60.79/manager-page/history.php" "Mozilla/5.0 (Windows NT 10.0; Win64; x64) AppleWebKit/537.36 (KHTML, like Gecko) Chrome/135.0.0.0 Safari/537.36 Edg/135.0.0.0"
127.0.0.1 - - [22/Apr/2025:10:49:26 +0800] "GET /get-setting.json HTTP/1.1" 200 2315 "-" "python-requests/2.31.0"
127.0.0.1 - - [22/Apr/2025:10:49:26 +0800] "POST /robot/lora-in.php HTTP/1.1" 200 - "-" "python-requests/2.31.0"
127.0.0.1 - - [22/Apr/2025:10:49:30 +0800] "GET /manager-page/api/snapshot.php?id=21&t=0.2158523637424523 HTTP/1.1" 200 44040 "http://127.0.0.1/manager-page/home-2.php" "Mozilla/5.0 (Windows NT 10.0; Win64; x64) AppleWebKit/537.36 (KHTML, like Gecko) Chrome/119.0.0.0 Safari/537.36"
127.0.0.1 - - [22/Apr/2025:10:49:30 +0800] "GET /manager-page/api/snapshot.php?id=22&t=0.5194676088553547 HTTP/1.1" 200 41342 "http://127.0.0.1/manager-page/home-2.php" "Mozilla/5.0 (Windows NT 10.0; Win64; x64) AppleWebKit/537.36 (KHTML, like Gecko) Chrome/119.0.0.0 Safari/537.36"
127.0.0.1 - - [22/Apr/2025:10:49:32 +0800] "POST /robot/lora-in.php HTTP/1.1" 200 - "-" "python-requests/2.31.0"
172.16.36.181 - - [22/Apr/2025:10:49:42 +0800] "POST /manager-page/history.php HTTP/1.1" 200 926825 "http://192.168.60.79/manager-page/history.php" "Mozilla/5.0 (Windows NT 10.0; Win64; x64) AppleWebKit/537.36 (KHTML, like Gecko) Chrome/135.0.0.0 Safari/537.36 Edg/135.0.0.0"
127.0.0.1 - - [22/Apr/2025:10:49:46 +0800] "POST /robot/lora-in.php HTTP/1.1" 200 - "-" "python-requests/2.31.0"
127.0.0.1 - - [22/Apr/2025:10:49:50 +0800] "POST /robot/lora-in.php HTTP/1.1" 200 - "-" "python-requests/2.31.0"
127.0.0.1 - - [22/Apr/2025:10:50:00 +0800] "GET /robot/alarm-history-in.php HTTP/1.1" 200 - "-" "python-requests/2.28.1"
127.0.0.1 - - [22/Apr/2025:10:49:54 +0800] "POST /robot/lora-in.php HTTP/1.1" 200 - "-" "python-requests/2.31.0"
127.0.0.1 - - [22/Apr/2025:10:50:10 +0800] "POST /robot/lora-in.php HTTP/1.1" 200 - "-" "python-requests/2.31.0"
127.0.0.1 - - [22/Apr/2025:10:50:30 +0800] "GET /manager-page/api/snapshot.php?id=21&t=0.23724300368190465 HTTP/1.1" 200 39687 "http://127.0.0.1/manager-page/home-2.php" "Mozilla/5.0 (Windows NT 10.0; Win64; x64) AppleWebKit/537.36 (KHTML, like Gecko) Chrome/119.0.0.0 Safari/537.36"
127.0.0.1 - - [22/Apr/2025:10:50:30 +0800] "GET /manager-page/api/snapshot.php?id=22&t=0.3611301054251663 HTTP/1.1" 200 41063 "http://127.0.0.1/manager-page/home-2.php" "Mozilla/5.0 (Windows NT 10.0; Win64; x64) AppleWebKit/537.36 (KHTML, like Gecko) Chrome/119.0.0.0 Safari/537.36"
172.16.36.181 - - [22/Apr/2025:10:50:40 +0800] "POST /manager-page/history.php HTTP/1.1" 200 1178621 "http://192.168.60.79/manager-page/history.php" "Mozilla/5.0 (Windows NT 10.0; Win64; x64) AppleWebKit/537.36 (KHTML, like Gecko) Chrome/135.0.0.0 Safari/537.36 Edg/135.0.0.0"
127.0.0.1 - - [22/Apr/2025:10:51:00 +0800] "GET /robot/alarm-history-in.php HTTP/1.1" 200 - "-" "python-requests/2.28.1"
172.16.36.181 - - [22/Apr/2025:10:51:25 +0800] "POST /manager-page/history.php HTTP/1.1" 200 2503717 "http://192.168.60.79/manager-page/history.php" "Mozilla/5.0 (Windows NT 10.0; Win64; x64) AppleWebKit/537.36 (KHTML, like Gecko) Chrome/135.0.0.0 Safari/537.36 Edg/135.0.0.0"
127.0.0.1 - - [22/Apr/2025:10:51:30 +0800] "GET /manager-page/api/snapshot.php?id=22&t=0.3590110662827599 HTTP/1.1" 200 41296 "http://127.0.0.1/manager-page/home-2.php" "Mozilla/5.0 (Windows NT 10.0; Win64; x64) AppleWebKit/537.36 (KHTML, like Gecko) Chrome/119.0.0.0 Safari/537.36"
127.0.0.1 - - [22/Apr/2025:10:51:30 +0800] "GET /manager-page/api/snapshot.php?id=21&t=0.11645609005211344 HTTP/1.1" 200 43941 "http://127.0.0.1/manager-page/home-2.php" "Mozilla/5.0 (Windows NT 10.0; Win64; x64) AppleWebKit/537.36 (KHTML, like Gecko) Chrome/119.0.0.0 Safari/537.36"
127.0.0.1 - - [22/Apr/2025:10:52:00 +0800] "GET /robot/alarm-history-in.php HTTP/1.1" 200 - "-" "python-requests/2.28.1"
172.16.36.181 - - [22/Apr/2025:10:52:12 +0800] "POST /manager-page/history.php HTTP/1.1" 200 5745760 "http://192.168.60.79/manager-page/history.php" "Mozilla/5.0 (Windows NT 10.0; Win64; x64) AppleWebKit/537.36 (KHTML, like Gecko) Chrome/135.0.0.0 Safari/537.36 Edg/135.0.0.0"
127.0.0.1 - - [22/Apr/2025:10:52:30 +0800] "GET /manager-page/api/snapshot.php?id=21&t=0.5399038549789335 HTTP/1.1" 200 43490 "http://127.0.0.1/manager-page/home-2.php" "Mozilla/5.0 (Windows NT 10.0; Win64; x64) AppleWebKit/537.36 (KHTML, like Gecko) Chrome/119.0.0.0 Safari/537.36"
127.0.0.1 - - [22/Apr/2025:10:52:30 +0800] "GET /manager-page/api/snapshot.php?id=22&t=0.6594575015139523 HTTP/1.1" 200 40497 "http://127.0.0.1/manager-page/home-2.php" "Mozilla/5.0 (Windows NT 10.0; Win64; x64) AppleWebKit/537.36 (KHTML, like Gecko) Chrome/119.0.0.0 Safari/537.36"
127.0.0.1 - - [22/Apr/2025:10:53:00 +0800] "GET /robot/alarm-history-in.php HTTP/1.1" 200 - "-" "python-requests/2.28.1"
127.0.0.1 - - [22/Apr/2025:10:53:30 +0800] "GET /manager-page/api/snapshot.php?id=21&t=0.7695944196914721 HTTP/1.1" 200 43611 "http://127.0.0.1/manager-page/home-2.php" "Mozilla/5.0 (Windows NT 10.0; Win64; x64) AppleWebKit/537.36 (KHTML, like Gecko) Chrome/119.0.0.0 Safari/537.36"
127.0.0.1 - - [22/Apr/2025:10:53:30 +0800] "GET /manager-page/api/snapshot.php?id=22&t=0.3931064649741667 HTTP/1.1" 200 41201 "http://127.0.0.1/manager-page/home-2.php" "Mozilla/5.0 (Windows NT 10.0; Win64; x64) AppleWebKit/537.36 (KHTML, like Gecko) Chrome/119.0.0.0 Safari/537.36"
111.70.30.251 - - [22/Apr/2025:10:53:22 +0800] "POST /robot/lora-in.php HTTP/1.1" 200 - "-" "python-requests/2.21.0"
127.0.0.1 - - [22/Apr/2025:10:53:49 +0800] "POST /robot/et-7026-in.php HTTP/1.1" 200 - "-" "python-requests/2.32.2"
127.0.0.1 - - [22/Apr/2025:10:54:00 +0800] "GET /robot/alarm-history-in.php HTTP/1.1" 200 - "-" "python-requests/2.28.1"
127.0.0.1 - - [22/Apr/2025:10:54:30 +0800] "GET /manager-page/api/snapshot.php?id=21&t=0.7596534955636529 HTTP/1.1" 200 43546 "http://127.0.0.1/manager-page/home-2.php" "Mozilla/5.0 (Windows NT 10.0; Win64; x64) AppleWebKit/537.36 (KHTML, like Gecko) Chrome/119.0.0.0 Safari/537.36"
127.0.0.1 - - [22/Apr/2025:10:54:30 +0800] "GET /manager-page/api/snapshot.php?id=22&t=0.0006537022718671182 HTTP/1.1" 200 41095 "http://127.0.0.1/manager-page/home-2.php" "Mozilla/5.0 (Windows NT 10.0; Win64; x64) AppleWebKit/537.36 (KHTML, like Gecko) Chrome/119.0.0.0 Safari/537.36"
127.0.0.1 - - [22/Apr/2025:10:55:00 +0800] "GET /robot/alarm-history-in.php HTTP/1.1" 200 - "-" "python-requests/2.28.1"
111.70.30.253 - - [22/Apr/2025:10:55:27 +0800] "POST /robot/lora-in.php HTTP/1.1" 200 - "-" "python-requests/2.21.0"
127.0.0.1 - - [22/Apr/2025:10:55:30 +0800] "GET /manager-page/api/snapshot.php?id=21&t=0.0240720233332834 HTTP/1.1" 200 44382 "http://127.0.0.1/manager-page/home-2.php" "Mozilla/5.0 (Windows NT 10.0; Win64; x64) AppleWebKit/537.36 (KHTML, like Gecko) Chrome/119.0.0.0 Safari/537.36"
127.0.0.1 - - [22/Apr/2025:10:55:30 +0800] "GET /manager-page/api/snapshot.php?id=22&t=0.9251598021146781 HTTP/1.1" 200 41537 "http://127.0.0.1/manager-page/home-2.php" "Mozilla/5.0 (Windows NT 10.0; Win64; x64) AppleWebKit/537.36 (KHTML, like Gecko) Chrome/119.0.0.0 Safari/537.36"
111.70.30.252 - - [22/Apr/2025:10:55:32 +0800] "POST /robot/lora-in.php HTTP/1.1" 200 - "-" "python-requests/2.21.0"
111.70.30.250 - - [22/Apr/2025:10:55:35 +0800] "POST /robot/lora-in.php HTTP/1.1" 200 - "-" "python-requests/2.21.0"
127.0.0.1 - - [22/Apr/2025:10:56:00 +0800] "GET /robot/alarm-history-in.php HTTP/1.1" 200 - "-" "python-requests/2.28.1"
127.0.0.1 - - [22/Apr/2025:10:56:30 +0800] "GET /manager-page/api/snapshot.php?id=21&t=0.5065542959258649 HTTP/1.1" 200 43958 "http://127.0.0.1/manager-page/home-2.php" "Mozilla/5.0 (Windows NT 10.0; Win64; x64) AppleWebKit/537.36 (KHTML, like Gecko) Chrome/119.0.0.0 Safari/537.36"
127.0.0.1 - - [22/Apr/2025:10:56:30 +0800] "GET /manager-page/api/snapshot.php?id=22&t=0.13925579882332073 HTTP/1.1" 200 41495 "http://127.0.0.1/manager-page/home-2.php" "Mozilla/5.0 (Windows NT 10.0; Win64; x64) AppleWebKit/537.36 (KHTML, like Gecko) Chrome/119.0.0.0 Safari/537.36"
127.0.0.1 - - [22/Apr/2025:10:56:50 +0800] "POST /robot/et-7026-in.php HTTP/1.1" 200 - "-" "python-requests/2.32.2"
127.0.0.1 - - [22/Apr/2025:10:56:59 +0800] "POST /robot/et-7026-in.php HTTP/1.1" 200 - "-" "python-requests/2.32.2"
127.0.0.1 - - [22/Apr/2025:10:57:00 +0800] "GET /robot/alarm-history-in.php HTTP/1.1" 200 - "-" "python-requests/2.28.1"
127.0.0.1 - - [22/Apr/2025:10:57:30 +0800] "GET /manager-page/api/snapshot.php?id=21&t=0.9138348456372953 HTTP/1.1" 200 43939 "http://127.0.0.1/manager-page/home-2.php" "Mozilla/5.0 (Windows NT 10.0; Win64; x64) AppleWebKit/537.36 (KHTML, like Gecko) Chrome/119.0.0.0 Safari/537.36"
