172.16.36.181 - - [06/Jun/2025:08:22:49 +0800] "GET /manager-page/api/snapshot.php?id=22&t=0.6483820083647425 HTTP/1.1" 200 47078 "http://192.168.60.79/manager-page/home-2.php" "Mozilla/5.0 (Windows NT 10.0; Win64; x64) AppleWebKit/537.36 (KHTML, like Gecko) Chrome/137.0.0.0 Safari/537.36 Edg/137.0.0.0"
172.16.36.181 - - [06/Jun/2025:08:22:49 +0800] "GET /manager-page/api/snapshot.php?id=21&t=0.32922757543858805 HTTP/1.1" 200 51435 "http://192.168.60.79/manager-page/home-2.php" "Mozilla/5.0 (Windows NT 10.0; Win64; x64) AppleWebKit/537.36 (KHTML, like Gecko) Chrome/137.0.0.0 Safari/537.36 Edg/137.0.0.0"
172.16.36.181 - - [06/Jun/2025:08:22:52 +0800] "GET /manager-page/history2.php HTTP/1.1" 200 18985 "http://192.168.60.79/manager-page/home-2.php" "Mozilla/5.0 (Windows NT 10.0; Win64; x64) AppleWebKit/537.36 (KHTML, like Gecko) Chrome/137.0.0.0 Safari/537.36 Edg/137.0.0.0"
172.16.36.181 - - [06/Jun/2025:08:22:54 +0800] "GET /manager-page/api/snapshot.php?id=22&t=0.820633214276749 HTTP/1.1" 200 47058 "http://192.168.60.79/manager-page/home-2.php" "Mozilla/5.0 (Windows NT 10.0; Win64; x64) AppleWebKit/537.36 (KHTML, like Gecko) Chrome/137.0.0.0 Safari/537.36 Edg/137.0.0.0"
172.16.36.181 - - [06/Jun/2025:08:22:54 +0800] "GET /manager-page/api/snapshot.php?id=21&t=0.18461810004241674 HTTP/1.1" 200 51448 "http://192.168.60.79/manager-page/home-2.php" "Mozilla/5.0 (Windows NT 10.0; Win64; x64) AppleWebKit/537.36 (KHTML, like Gecko) Chrome/137.0.0.0 Safari/537.36 Edg/137.0.0.0"
172.16.36.181 - - [06/Jun/2025:08:22:59 +0800] "GET /manager-page/api/snapshot.php?id=22&t=0.8680737652923542 HTTP/1.1" 200 47050 "http://192.168.60.79/manager-page/home-2.php" "Mozilla/5.0 (Windows NT 10.0; Win64; x64) AppleWebKit/537.36 (KHTML, like Gecko) Chrome/137.0.0.0 Safari/537.36 Edg/137.0.0.0"
127.0.0.1 - - [06/Jun/2025:08:23:00 +0800] "GET /robot/alarm-history-in.php HTTP/1.1" 200 - "-" "python-requests/2.28.1"
172.16.36.181 - - [06/Jun/2025:08:22:59 +0800] "GET /manager-page/api/snapshot.php?id=21&t=0.515962895588923 HTTP/1.1" 200 51434 "http://192.168.60.79/manager-page/home-2.php" "Mozilla/5.0 (Windows NT 10.0; Win64; x64) AppleWebKit/537.36 (KHTML, like Gecko) Chrome/137.0.0.0 Safari/537.36 Edg/137.0.0.0"
172.16.36.181 - - [06/Jun/2025:08:23:12 +0800] "POST /manager-page/history2.php HTTP/1.1" 200 53872 "http://192.168.60.79/manager-page/history2.php" "Mozilla/5.0 (Windows NT 10.0; Win64; x64) AppleWebKit/537.36 (KHTML, like Gecko) Chrome/137.0.0.0 Safari/537.36 Edg/137.0.0.0"
127.0.0.1 - - [06/Jun/2025:08:24:00 +0800] "GET /robot/alarm-history-in.php HTTP/1.1" 200 - "-" "python-requests/2.28.1"
127.0.0.1 - - [06/Jun/2025:08:25:00 +0800] "GET /robot/alarm-history-in.php HTTP/1.1" 200 - "-" "python-requests/2.28.1"
127.0.0.1 - - [06/Jun/2025:08:25:29 +0800] "GET /get-setting.json HTTP/1.1" 200 2315 "-" "python-requests/2.31.0"
127.0.0.1 - - [06/Jun/2025:08:25:44 +0800] "POST /robot/et-7026-in.php HTTP/1.1" 200 - "-" "python-requests/2.32.2"
111.70.30.253 - - [06/Jun/2025:08:25:56 +0800] "POST /robot/lora-in.php HTTP/1.1" 200 - "-" "python-requests/2.21.0"
127.0.0.1 - - [06/Jun/2025:08:25:33 +0800] "POST /robot/lora-in.php HTTP/1.1" 200 - "-" "python-requests/2.31.0"
127.0.0.1 - - [06/Jun/2025:08:25:55 +0800] "POST /robot/lora-in.php HTTP/1.1" 200 - "-" "python-requests/2.31.0"
127.0.0.1 - - [06/Jun/2025:08:26:14 +0800] "POST /robot/lora-in.php HTTP/1.1" 200 - "-" "python-requests/2.31.0"
127.0.0.1 - - [06/Jun/2025:08:26:00 +0800] "GET /robot/alarm-history-in.php HTTP/1.1" 200 - "-" "python-requests/2.28.1"
127.0.0.1 - - [06/Jun/2025:08:26:37 +0800] "POST /robot/et-7026-in.php HTTP/1.1" 200 - "-" "python-requests/2.32.2"
127.0.0.1 - - [06/Jun/2025:08:26:32 +0800] "POST /robot/lora-in.php HTTP/1.1" 200 - "-" "python-requests/2.31.0"
127.0.0.1 - - [06/Jun/2025:08:27:21 +0800] "POST /robot/et-7026-in.php HTTP/1.1" 200 - "-" "python-requests/2.32.2"
127.0.0.1 - - [06/Jun/2025:08:26:57 +0800] "POST /robot/lora-in.php HTTP/1.1" 200 - "-" "python-requests/2.31.0"
127.0.0.1 - - [06/Jun/2025:08:27:18 +0800] "POST /robot/lora-in.php HTTP/1.1" 200 - "-" "python-requests/2.31.0"
127.0.0.1 - - [06/Jun/2025:08:27:00 +0800] "GET /robot/alarm-history-in.php HTTP/1.1" 200 - "-" "python-requests/2.28.1"
172.16.36.181 - - [06/Jun/2025:08:26:34 +0800] "GET /manager-page/home-1.php HTTP/1.1" 200 27470 "http://192.168.60.79/manager-page/history2.php" "Mozilla/5.0 (Windows NT 10.0; Win64; x64) AppleWebKit/537.36 (KHTML, like Gecko) Chrome/137.0.0.0 Safari/537.36 Edg/137.0.0.0"
172.16.36.181 - - [06/Jun/2025:08:27:28 +0800] "GET /manager-page/alarm/2-1.jpg?t=1949932266 HTTP/1.1" 200 488641 "http://192.168.60.79/manager-page/home-2.php" "Mozilla/5.0 (Windows NT 10.0; Win64; x64) AppleWebKit/537.36 (KHTML, like Gecko) Chrome/137.0.0.0 Safari/537.36 Edg/137.0.0.0"
172.16.36.181 - - [06/Jun/2025:08:27:28 +0800] "GET /manager-page/alarm/2-2.jpg?t=1300993018 HTTP/1.1" 200 564869 "http://192.168.60.79/manager-page/home-2.php" "Mozilla/5.0 (Windows NT 10.0; Win64; x64) AppleWebKit/537.36 (KHTML, like Gecko) Chrome/137.0.0.0 Safari/537.36 Edg/137.0.0.0"
127.0.0.1 - - [06/Jun/2025:08:27:29 +0800] "POST /robot/lora-in.php HTTP/1.1" 200 - "-" "python-requests/2.31.0"
172.16.36.181 - - [06/Jun/2025:08:26:54 +0800] "GET /manager-page/home-2.php HTTP/1.1" 200 27466 "http://192.168.60.79/manager-page/home-1.php" "Mozilla/5.0 (Windows NT 10.0; Win64; x64) AppleWebKit/537.36 (KHTML, like Gecko) Chrome/137.0.0.0 Safari/537.36 Edg/137.0.0.0"
172.16.36.181 - - [06/Jun/2025:08:27:28 +0800] "GET /manager-page/api/snapshot.php?id=21 HTTP/1.1" 500 - "http://192.168.60.79/manager-page/home-2.php" "Mozilla/5.0 (Windows NT 10.0; Win64; x64) AppleWebKit/537.36 (KHTML, like Gecko) Chrome/137.0.0.0 Safari/537.36 Edg/137.0.0.0"
172.16.36.181 - - [06/Jun/2025:08:27:31 +0800] "GET /manager-page/history2.php HTTP/1.1" 200 18985 "http://192.168.60.79/manager-page/home-2.php" "Mozilla/5.0 (Windows NT 10.0; Win64; x64) AppleWebKit/537.36 (KHTML, like Gecko) Chrome/137.0.0.0 Safari/537.36 Edg/137.0.0.0"
172.16.36.181 - - [06/Jun/2025:08:27:28 +0800] "GET /manager-page/api/snapshot.php?id=22 HTTP/1.1" 500 - "http://192.168.60.79/manager-page/home-2.php" "Mozilla/5.0 (Windows NT 10.0; Win64; x64) AppleWebKit/537.36 (KHTML, like Gecko) Chrome/137.0.0.0 Safari/537.36 Edg/137.0.0.0"
172.16.36.181 - - [06/Jun/2025:08:27:39 +0800] "GET /manager-page/live/2-1.jpg HTTP/1.1" 200 51640 "http://192.168.60.79/manager-page/home-2.php" "Mozilla/5.0 (Windows NT 10.0; Win64; x64) AppleWebKit/537.36 (KHTML, like Gecko) Chrome/137.0.0.0 Safari/537.36 Edg/137.0.0.0"
172.16.36.181 - - [06/Jun/2025:08:27:48 +0800] "POST /manager-page/history2.php HTTP/1.1" 200 153493 "http://192.168.60.79/manager-page/history2.php" "Mozilla/5.0 (Windows NT 10.0; Win64; x64) AppleWebKit/537.36 (KHTML, like Gecko) Chrome/137.0.0.0 Safari/537.36 Edg/137.0.0.0"
127.0.0.1 - - [06/Jun/2025:08:28:00 +0800] "GET /robot/alarm-history-in.php HTTP/1.1" 200 - "-" "python-requests/2.28.1"
111.70.30.251 - - [06/Jun/2025:08:28:11 +0800] "POST /robot/lora-in.php HTTP/1.1" 200 - "-" "python-requests/2.21.0"
172.16.36.181 - - [06/Jun/2025:08:28:32 +0800] "POST /manager-page/history2.php HTTP/1.1" 200 19093 "http://192.168.60.79/manager-page/history2.php" "Mozilla/5.0 (Windows NT 10.0; Win64; x64) AppleWebKit/537.36 (KHTML, like Gecko) Chrome/137.0.0.0 Safari/537.36 Edg/137.0.0.0"
127.0.0.1 - - [06/Jun/2025:08:29:00 +0800] "GET /robot/alarm-history-in.php HTTP/1.1" 200 - "-" "python-requests/2.28.1"
111.70.30.252 - - [06/Jun/2025:08:29:10 +0800] "POST /robot/lora-in.php HTTP/1.1" 200 - "-" "python-requests/2.21.0"
172.16.36.181 - - [06/Jun/2025:08:29:11 +0800] "POST /manager-page/history2.php HTTP/1.1" 200 19093 "http://192.168.60.79/manager-page/history2.php" "Mozilla/5.0 (Windows NT 10.0; Win64; x64) AppleWebKit/537.36 (KHTML, like Gecko) Chrome/137.0.0.0 Safari/537.36 Edg/137.0.0.0"
111.70.30.250 - - [06/Jun/2025:08:29:19 +0800] "POST /robot/lora-in.php HTTP/1.1" 200 - "-" "python-requests/2.21.0"
172.16.36.181 - - [06/Jun/2025:08:29:19 +0800] "POST /manager-page/history2.php HTTP/1.1" 200 114666 "http://192.168.60.79/manager-page/history2.php" "Mozilla/5.0 (Windows NT 10.0; Win64; x64) AppleWebKit/537.36 (KHTML, like Gecko) Chrome/137.0.0.0 Safari/537.36 Edg/137.0.0.0"
127.0.0.1 - - [06/Jun/2025:08:29:35 +0800] "POST /robot/et-7026-in.php HTTP/1.1" 200 - "-" "python-requests/2.32.2"
127.0.0.1 - - [06/Jun/2025:08:30:00 +0800] "GET /robot/alarm-history-in.php HTTP/1.1" 200 - "-" "python-requests/2.28.1"
172.16.36.181 - - [06/Jun/2025:08:30:34 +0800] "GET /manager-page/history2.php HTTP/1.1" 200 18985 "http://192.168.60.79/manager-page/history2.php" "Mozilla/5.0 (Windows NT 10.0; Win64; x64) AppleWebKit/537.36 (KHTML, like Gecko) Chrome/137.0.0.0 Safari/537.36 Edg/137.0.0.0"
127.0.0.1 - - [06/Jun/2025:08:31:00 +0800] "GET /robot/alarm-history-in.php HTTP/1.1" 200 - "-" "python-requests/2.28.1"
172.16.36.181 - - [06/Jun/2025:08:31:00 +0800] "POST /manager-page/history2.php HTTP/1.1" 200 53872 "http://192.168.60.79/manager-page/history2.php" "Mozilla/5.0 (Windows NT 10.0; Win64; x64) AppleWebKit/537.36 (KHTML, like Gecko) Chrome/137.0.0.0 Safari/537.36 Edg/137.0.0.0"
127.0.0.1 - - [06/Jun/2025:08:32:00 +0800] "GET /robot/alarm-history-in.php HTTP/1.1" 200 - "-" "python-requests/2.28.1"
127.0.0.1 - - [06/Jun/2025:08:33:00 +0800] "GET /robot/alarm-history-in.php HTTP/1.1" 200 - "-" "python-requests/2.28.1"
127.0.0.1 - - [06/Jun/2025:08:34:00 +0800] "GET /robot/alarm-history-in.php HTTP/1.1" 200 - "-" "python-requests/2.28.1"
111.70.30.253 - - [06/Jun/2025:08:34:41 +0800] "POST /robot/lora-in.php HTTP/1.1" 200 - "-" "python-requests/2.21.0"
127.0.0.1 - - [06/Jun/2025:08:35:00 +0800] "GET /robot/alarm-history-in.php HTTP/1.1" 200 - "-" "python-requests/2.28.1"
127.0.0.1 - - [06/Jun/2025:08:35:29 +0800] "GET /get-setting.json HTTP/1.1" 200 2315 "-" "python-requests/2.31.0"
127.0.0.1 - - [06/Jun/2025:08:35:30 +0800] "POST /robot/lora-in.php HTTP/1.1" 200 - "-" "python-requests/2.31.0"
127.0.0.1 - - [06/Jun/2025:08:35:45 +0800] "POST /robot/et-7026-in.php HTTP/1.1" 200 - "-" "python-requests/2.32.2"
127.0.0.1 - - [06/Jun/2025:08:36:00 +0800] "GET /robot/alarm-history-in.php HTTP/1.1" 200 - "-" "python-requests/2.28.1"
127.0.0.1 - - [06/Jun/2025:08:36:38 +0800] "POST /robot/et-7026-in.php HTTP/1.1" 200 - "-" "python-requests/2.32.2"
127.0.0.1 - - [06/Jun/2025:08:35:52 +0800] "POST /robot/lora-in.php HTTP/1.1" 500 - "-" "python-requests/2.31.0"
127.0.0.1 - - [06/Jun/2025:08:36:14 +0800] "POST /robot/lora-in.php HTTP/1.1" 500 - "-" "python-requests/2.31.0"
127.0.0.1 - - [06/Jun/2025:08:37:00 +0800] "GET /robot/alarm-history-in.php HTTP/1.1" 200 - "-" "python-requests/2.28.1"
111.70.30.251 - - [06/Jun/2025:08:36:46 +0800] "POST /robot/lora-in.php HTTP/1.1" 200 - "-" "python-requests/2.21.0"
127.0.0.1 - - [06/Jun/2025:08:36:41 +0800] "POST /robot/lora-in.php HTTP/1.1" 500 - "-" "python-requests/2.31.0"
127.0.0.1 - - [06/Jun/2025:08:37:23 +0800] "POST /robot/et-7026-in.php HTTP/1.1" 200 - "-" "python-requests/2.32.2"
127.0.0.1 - - [06/Jun/2025:08:37:01 +0800] "POST /robot/lora-in.php HTTP/1.1" 500 - "-" "python-requests/2.31.0"
111.70.30.250 - - [06/Jun/2025:08:37:53 +0800] "POST /robot/lora-in.php HTTP/1.1" 200 - "-" "python-requests/2.21.0"
127.0.0.1 - - [06/Jun/2025:08:37:24 +0800] "POST /robot/lora-in.php HTTP/1.1" 200 - "-" "python-requests/2.31.0"
127.0.0.1 - - [06/Jun/2025:08:37:45 +0800] "POST /robot/lora-in.php HTTP/1.1" 200 - "-" "python-requests/2.31.0"
127.0.0.1 - - [06/Jun/2025:08:38:00 +0800] "GET /robot/alarm-history-in.php HTTP/1.1" 200 - "-" "python-requests/2.28.1"
111.70.30.252 - - [06/Jun/2025:08:38:21 +0800] "POST /robot/lora-in.php HTTP/1.1" 200 - "-" "python-requests/2.21.0"
127.0.0.1 - - [06/Jun/2025:08:39:00 +0800] "GET /robot/alarm-history-in.php HTTP/1.1" 200 - "-" "python-requests/2.28.1"
127.0.0.1 - - [06/Jun/2025:08:39:36 +0800] "POST /robot/et-7026-in.php HTTP/1.1" 200 - "-" "python-requests/2.32.2"
127.0.0.1 - - [06/Jun/2025:08:40:00 +0800] "GET /robot/alarm-history-in.php HTTP/1.1" 200 - "-" "python-requests/2.28.1"
127.0.0.1 - - [06/Jun/2025:08:41:00 +0800] "GET /robot/alarm-history-in.php HTTP/1.1" 200 - "-" "python-requests/2.28.1"
127.0.0.1 - - [06/Jun/2025:08:42:00 +0800] "GET /robot/alarm-history-in.php HTTP/1.1" 200 - "-" "python-requests/2.28.1"
127.0.0.1 - - [06/Jun/2025:08:43:00 +0800] "GET /robot/alarm-history-in.php HTTP/1.1" 200 - "-" "python-requests/2.28.1"
111.70.30.253 - - [06/Jun/2025:08:43:25 +0800] "POST /robot/lora-in.php HTTP/1.1" 200 - "-" "python-requests/2.21.0"
127.0.0.1 - - [06/Jun/2025:08:44:00 +0800] "GET /robot/alarm-history-in.php HTTP/1.1" 200 - "-" "python-requests/2.28.1"
127.0.0.1 - - [06/Jun/2025:08:45:00 +0800] "GET /robot/alarm-history-in.php HTTP/1.1" 200 - "-" "python-requests/2.28.1"
127.0.0.1 - - [06/Jun/2025:08:45:29 +0800] "GET /get-setting.json HTTP/1.1" 200 2315 "-" "python-requests/2.31.0"
111.70.30.251 - - [06/Jun/2025:08:45:21 +0800] "POST /robot/lora-in.php HTTP/1.1" 200 - "-" "python-requests/2.21.0"
127.0.0.1 - - [06/Jun/2025:08:45:34 +0800] "POST /robot/lora-in.php HTTP/1.1" 200 - "-" "python-requests/2.31.0"
127.0.0.1 - - [06/Jun/2025:08:45:47 +0800] "POST /robot/et-7026-in.php HTTP/1.1" 200 - "-" "python-requests/2.32.2"
127.0.0.1 - - [06/Jun/2025:08:45:50 +0800] "POST /robot/lora-in.php HTTP/1.1" 200 - "-" "python-requests/2.31.0"
127.0.0.1 - - [06/Jun/2025:08:45:54 +0800] "POST /robot/lora-in.php HTTP/1.1" 200 - "-" "python-requests/2.31.0"
127.0.0.1 - - [06/Jun/2025:08:46:00 +0800] "GET /robot/alarm-history-in.php HTTP/1.1" 200 - "-" "python-requests/2.28.1"
127.0.0.1 - - [06/Jun/2025:08:46:09 +0800] "POST /robot/lora-in.php HTTP/1.1" 200 - "-" "python-requests/2.31.0"
127.0.0.1 - - [06/Jun/2025:08:46:40 +0800] "POST /robot/et-7026-in.php HTTP/1.1" 200 - "-" "python-requests/2.32.2"
111.70.30.250 - - [06/Jun/2025:08:46:28 +0800] "POST /robot/lora-in.php HTTP/1.1" 200 - "-" "python-requests/2.21.0"
127.0.0.1 - - [06/Jun/2025:08:47:00 +0800] "GET /robot/alarm-history-in.php HTTP/1.1" 200 - "-" "python-requests/2.28.1"
127.0.0.1 - - [06/Jun/2025:08:46:18 +0800] "POST /robot/lora-in.php HTTP/1.1" 500 - "-" "python-requests/2.31.0"
127.0.0.1 - - [06/Jun/2025:08:47:25 +0800] "POST /robot/et-7026-in.php HTTP/1.1" 200 - "-" "python-requests/2.32.2"
127.0.0.1 - - [06/Jun/2025:08:46:40 +0800] "POST /robot/lora-in.php HTTP/1.1" 200 - "-" "python-requests/2.31.0"
111.70.30.252 - - [06/Jun/2025:08:47:32 +0800] "POST /robot/lora-in.php HTTP/1.1" 200 - "-" "python-requests/2.21.0"
127.0.0.1 - - [06/Jun/2025:08:47:01 +0800] "POST /robot/lora-in.php HTTP/1.1" 200 - "-" "python-requests/2.31.0"
127.0.0.1 - - [06/Jun/2025:08:48:00 +0800] "GET /robot/alarm-history-in.php HTTP/1.1" 200 - "-" "python-requests/2.28.1"
127.0.0.1 - - [06/Jun/2025:08:49:00 +0800] "GET /robot/alarm-history-in.php HTTP/1.1" 200 - "-" "python-requests/2.28.1"
127.0.0.1 - - [06/Jun/2025:08:49:38 +0800] "POST /robot/et-7026-in.php HTTP/1.1" 200 - "-" "python-requests/2.32.2"
127.0.0.1 - - [06/Jun/2025:08:50:00 +0800] "GET /robot/alarm-history-in.php HTTP/1.1" 200 - "-" "python-requests/2.28.1"
127.0.0.1 - - [06/Jun/2025:08:51:00 +0800] "GET /robot/alarm-history-in.php HTTP/1.1" 200 - "-" "python-requests/2.28.1"
127.0.0.1 - - [06/Jun/2025:08:52:00 +0800] "GET /robot/alarm-history-in.php HTTP/1.1" 200 - "-" "python-requests/2.28.1"
111.70.30.253 - - [06/Jun/2025:08:52:10 +0800] "POST /robot/lora-in.php HTTP/1.1" 200 - "-" "python-requests/2.21.0"
172.16.36.181 - - [06/Jun/2025:08:53:02 +0800] "GET /manager-page/alarm/1-2.jpg?t=62454147 HTTP/1.1" 200 495492 "http://192.168.60.79/manager-page/home-1.php" "Mozilla/5.0 (Windows NT 10.0; Win64; x64) AppleWebKit/537.36 (KHTML, like Gecko) Chrome/137.0.0.0 Safari/537.36 Edg/137.0.0.0"
172.16.36.181 - - [06/Jun/2025:08:53:02 +0800] "GET /manager-page/alarm/1-1.jpg?t=1209908552 HTTP/1.1" 200 322868 "http://192.168.60.79/manager-page/home-1.php" "Mozilla/5.0 (Windows NT 10.0; Win64; x64) AppleWebKit/537.36 (KHTML, like Gecko) Chrome/137.0.0.0 Safari/537.36 Edg/137.0.0.0"
127.0.0.1 - - [06/Jun/2025:08:53:00 +0800] "GET /robot/alarm-history-in.php HTTP/1.1" 200 - "-" "python-requests/2.28.1"
172.16.36.181 - - [06/Jun/2025:08:52:28 +0800] "GET /manager-page/home-1.php HTTP/1.1" 200 27472 "http://192.168.60.79/manager-page/history2.php" "Mozilla/5.0 (Windows NT 10.0; Win64; x64) AppleWebKit/537.36 (KHTML, like Gecko) Chrome/137.0.0.0 Safari/537.36 Edg/137.0.0.0"
172.16.36.181 - - [06/Jun/2025:08:53:02 +0800] "GET /manager-page/api/snapshot.php?id=12 HTTP/1.1" 500 - "http://192.168.60.79/manager-page/home-1.php" "Mozilla/5.0 (Windows NT 10.0; Win64; x64) AppleWebKit/537.36 (KHTML, like Gecko) Chrome/137.0.0.0 Safari/537.36 Edg/137.0.0.0"
172.16.36.181 - - [06/Jun/2025:08:53:02 +0800] "GET /manager-page/api/snapshot.php?id=11 HTTP/1.1" 500 - "http://192.168.60.79/manager-page/home-1.php" "Mozilla/5.0 (Windows NT 10.0; Win64; x64) AppleWebKit/537.36 (KHTML, like Gecko) Chrome/137.0.0.0 Safari/537.36 Edg/137.0.0.0"
172.16.36.181 - - [06/Jun/2025:08:53:24 +0800] "GET /manager-page/live/1-2.jpg HTTP/1.1" 200 47051 "http://192.168.60.79/manager-page/home-1.php" "Mozilla/5.0 (Windows NT 10.0; Win64; x64) AppleWebKit/537.36 (KHTML, like Gecko) Chrome/137.0.0.0 Safari/537.36 Edg/137.0.0.0"
172.16.36.181 - - [06/Jun/2025:08:53:20 +0800] "GET /manager-page/api/cms-status1.php HTTP/1.1" 200 12 "http://192.168.60.79/manager-page/home-1.php" "Mozilla/5.0 (Windows NT 10.0; Win64; x64) AppleWebKit/537.36 (KHTML, like Gecko) Chrome/137.0.0.0 Safari/537.36 Edg/137.0.0.0"
172.16.36.181 - - [06/Jun/2025:08:53:20 +0800] "GET /manager-page/api/lp-status1.php HTTP/1.1" 500 - "http://192.168.60.79/manager-page/home-1.php" "Mozilla/5.0 (Windows NT 10.0; Win64; x64) AppleWebKit/537.36 (KHTML, like Gecko) Chrome/137.0.0.0 Safari/537.36 Edg/137.0.0.0"
172.16.36.181 - - [06/Jun/2025:08:53:25 +0800] "GET /manager-page/api/snapshot.php?id=11&t=0.08704899962578694 HTTP/1.1" 200 44181 "http://192.168.60.79/manager-page/home-1.php" "Mozilla/5.0 (Windows NT 10.0; Win64; x64) AppleWebKit/537.36 (KHTML, like Gecko) Chrome/137.0.0.0 Safari/537.36 Edg/137.0.0.0"
172.16.36.181 - - [06/Jun/2025:08:53:25 +0800] "GET /manager-page/api/snapshot.php?id=12&t=0.013807969589449076 HTTP/1.1" 500 - "http://192.168.60.79/manager-page/home-1.php" "Mozilla/5.0 (Windows NT 10.0; Win64; x64) AppleWebKit/537.36 (KHTML, like Gecko) Chrome/137.0.0.0 Safari/537.36 Edg/137.0.0.0"
172.16.36.181 - - [06/Jun/2025:08:53:31 +0800] "GET /manager-page/api/snapshot.php?id=11&t=0.08826959289013159 HTTP/1.1" 200 44157 "http://192.168.60.79/manager-page/home-1.php" "Mozilla/5.0 (Windows NT 10.0; Win64; x64) AppleWebKit/537.36 (KHTML, like Gecko) Chrome/137.0.0.0 Safari/537.36 Edg/137.0.0.0"
172.16.36.181 - - [06/Jun/2025:08:53:31 +0800] "GET /manager-page/api/snapshot.php?id=12&t=0.11290669905295525 HTTP/1.1" 500 - "http://192.168.60.79/manager-page/home-1.php" "Mozilla/5.0 (Windows NT 10.0; Win64; x64) AppleWebKit/537.36 (KHTML, like Gecko) Chrome/137.0.0.0 Safari/537.36 Edg/137.0.0.0"
172.16.36.181 - - [06/Jun/2025:08:53:36 +0800] "GET /manager-page/api/snapshot.php?id=11&t=0.731111609066874 HTTP/1.1" 500 - "http://192.168.60.79/manager-page/home-1.php" "Mozilla/5.0 (Windows NT 10.0; Win64; x64) AppleWebKit/537.36 (KHTML, like Gecko) Chrome/137.0.0.0 Safari/537.36 Edg/137.0.0.0"
172.16.36.181 - - [06/Jun/2025:08:53:36 +0800] "GET /manager-page/api/snapshot.php?id=12&t=0.01544054050270871 HTTP/1.1" 500 - "http://192.168.60.79/manager-page/home-1.php" "Mozilla/5.0 (Windows NT 10.0; Win64; x64) AppleWebKit/537.36 (KHTML, like Gecko) Chrome/137.0.0.0 Safari/537.36 Edg/137.0.0.0"
172.16.36.181 - - [06/Jun/2025:08:53:40 +0800] "GET /manager-page/api/snapshot.php?id=12&t=0.441783606517711 HTTP/1.1" 200 47123 "http://192.168.60.79/manager-page/home-1.php" "Mozilla/5.0 (Windows NT 10.0; Win64; x64) AppleWebKit/537.36 (KHTML, like Gecko) Chrome/137.0.0.0 Safari/537.36 Edg/137.0.0.0"
172.16.36.181 - - [06/Jun/2025:08:53:40 +0800] "GET /manager-page/api/snapshot.php?id=11&t=0.04725369287420145 HTTP/1.1" 200 44158 "http://192.168.60.79/manager-page/home-1.php" "Mozilla/5.0 (Windows NT 10.0; Win64; x64) AppleWebKit/537.36 (KHTML, like Gecko) Chrome/137.0.0.0 Safari/537.36 Edg/137.0.0.0"
172.16.36.181 - - [06/Jun/2025:08:53:45 +0800] "GET /manager-page/api/snapshot.php?id=11&t=0.3322487063962096 HTTP/1.1" 200 44166 "http://192.168.60.79/manager-page/home-1.php" "Mozilla/5.0 (Windows NT 10.0; Win64; x64) AppleWebKit/537.36 (KHTML, like Gecko) Chrome/137.0.0.0 Safari/537.36 Edg/137.0.0.0"
172.16.36.181 - - [06/Jun/2025:08:53:45 +0800] "GET /manager-page/api/snapshot.php?id=12&t=0.21933151604199375 HTTP/1.1" 200 47196 "http://192.168.60.79/manager-page/home-1.php" "Mozilla/5.0 (Windows NT 10.0; Win64; x64) AppleWebKit/537.36 (KHTML, like Gecko) Chrome/137.0.0.0 Safari/537.36 Edg/137.0.0.0"
172.16.36.181 - - [06/Jun/2025:08:53:50 +0800] "GET /manager-page/api/snapshot.php?id=12&t=0.920925455900107 HTTP/1.1" 200 47310 "http://192.168.60.79/manager-page/home-1.php" "Mozilla/5.0 (Windows NT 10.0; Win64; x64) AppleWebKit/537.36 (KHTML, like Gecko) Chrome/137.0.0.0 Safari/537.36 Edg/137.0.0.0"
172.16.36.181 - - [06/Jun/2025:08:53:51 +0800] "GET /manager-page/api/snapshot.php?id=11&t=0.4627297052013458 HTTP/1.1" 500 - "http://192.168.60.79/manager-page/home-1.php" "Mozilla/5.0 (Windows NT 10.0; Win64; x64) AppleWebKit/537.36 (KHTML, like Gecko) Chrome/137.0.0.0 Safari/537.36 Edg/137.0.0.0"
172.16.36.181 - - [06/Jun/2025:08:53:55 +0800] "GET /manager-page/api/snapshot.php?id=11&t=0.9961503011714636 HTTP/1.1" 200 44112 "http://192.168.60.79/manager-page/home-1.php" "Mozilla/5.0 (Windows NT 10.0; Win64; x64) AppleWebKit/537.36 (KHTML, like Gecko) Chrome/137.0.0.0 Safari/537.36 Edg/137.0.0.0"
172.16.36.181 - - [06/Jun/2025:08:53:55 +0800] "GET /manager-page/api/snapshot.php?id=12&t=0.19827606063384173 HTTP/1.1" 200 47101 "http://192.168.60.79/manager-page/home-1.php" "Mozilla/5.0 (Windows NT 10.0; Win64; x64) AppleWebKit/537.36 (KHTML, like Gecko) Chrome/137.0.0.0 Safari/537.36 Edg/137.0.0.0"
127.0.0.1 - - [06/Jun/2025:08:54:00 +0800] "GET /robot/alarm-history-in.php HTTP/1.1" 200 - "-" "python-requests/2.28.1"
172.16.36.181 - - [06/Jun/2025:08:54:01 +0800] "GET /manager-page/api/snapshot.php?id=12&t=0.3352514335798139 HTTP/1.1" 200 47092 "http://192.168.60.79/manager-page/home-1.php" "Mozilla/5.0 (Windows NT 10.0; Win64; x64) AppleWebKit/537.36 (KHTML, like Gecko) Chrome/137.0.0.0 Safari/537.36 Edg/137.0.0.0"
172.16.36.181 - - [06/Jun/2025:08:54:01 +0800] "GET /manager-page/api/snapshot.php?id=11&t=0.7364156773625617 HTTP/1.1" 200 44081 "http://192.168.60.79/manager-page/home-1.php" "Mozilla/5.0 (Windows NT 10.0; Win64; x64) AppleWebKit/537.36 (KHTML, like Gecko) Chrome/137.0.0.0 Safari/537.36 Edg/137.0.0.0"
172.16.36.181 - - [06/Jun/2025:08:54:09 +0800] "GET /manager-page/alarm/2-2.jpg?t=21776314 HTTP/1.1" 200 564869 "http://192.168.60.79/manager-page/home-2.php" "Mozilla/5.0 (Windows NT 10.0; Win64; x64) AppleWebKit/537.36 (KHTML, like Gecko) Chrome/137.0.0.0 Safari/537.36 Edg/137.0.0.0"
172.16.36.181 - - [06/Jun/2025:08:54:09 +0800] "GET /manager-page/alarm/2-1.jpg?t=2062632740 HTTP/1.1" 200 488641 "http://192.168.60.79/manager-page/home-2.php" "Mozilla/5.0 (Windows NT 10.0; Win64; x64) AppleWebKit/537.36 (KHTML, like Gecko) Chrome/137.0.0.0 Safari/537.36 Edg/137.0.0.0"
172.16.36.181 - - [06/Jun/2025:08:54:03 +0800] "GET /manager-page/home-2.php HTTP/1.1" 200 27463 "http://192.168.60.79/manager-page/home-1.php" "Mozilla/5.0 (Windows NT 10.0; Win64; x64) AppleWebKit/537.36 (KHTML, like Gecko) Chrome/137.0.0.0 Safari/537.36 Edg/137.0.0.0"
172.16.36.181 - - [06/Jun/2025:08:54:06 +0800] "GET /manager-page/api/snapshot.php?id=12&t=0.3985676224801782 HTTP/1.1" 500 - "http://192.168.60.79/manager-page/home-1.php" "Mozilla/5.0 (Windows NT 10.0; Win64; x64) AppleWebKit/537.36 (KHTML, like Gecko) Chrome/137.0.0.0 Safari/537.36 Edg/137.0.0.0"
172.16.36.181 - - [06/Jun/2025:08:54:05 +0800] "GET /manager-page/api/snapshot.php?id=11&t=0.7196964404588988 HTTP/1.1" 500 - "http://192.168.60.79/manager-page/home-1.php" "Mozilla/5.0 (Windows NT 10.0; Win64; x64) AppleWebKit/537.36 (KHTML, like Gecko) Chrome/137.0.0.0 Safari/537.36 Edg/137.0.0.0"
172.16.36.181 - - [06/Jun/2025:08:54:09 +0800] "GET /manager-page/api/snapshot.php?id=22 HTTP/1.1" 500 - "http://192.168.60.79/manager-page/home-2.php" "Mozilla/5.0 (Windows NT 10.0; Win64; x64) AppleWebKit/537.36 (KHTML, like Gecko) Chrome/137.0.0.0 Safari/537.36 Edg/137.0.0.0"
172.16.36.181 - - [06/Jun/2025:08:54:09 +0800] "GET /manager-page/api/snapshot.php?id=21 HTTP/1.1" 500 - "http://192.168.60.79/manager-page/home-2.php" "Mozilla/5.0 (Windows NT 10.0; Win64; x64) AppleWebKit/537.36 (KHTML, like Gecko) Chrome/137.0.0.0 Safari/537.36 Edg/137.0.0.0"
172.16.36.181 - - [06/Jun/2025:08:54:15 +0800] "GET /manager-page/live/2-1.jpg HTTP/1.1" 200 51689 "http://192.168.60.79/manager-page/home-2.php" "Mozilla/5.0 (Windows NT 10.0; Win64; x64) AppleWebKit/537.36 (KHTML, like Gecko) Chrome/137.0.0.0 Safari/537.36 Edg/137.0.0.0"
172.16.36.181 - - [06/Jun/2025:08:54:15 +0800] "GET /manager-page/live/2-2.jpg HTTP/1.1" 200 47079 "http://192.168.60.79/manager-page/home-2.php" "Mozilla/5.0 (Windows NT 10.0; Win64; x64) AppleWebKit/537.36 (KHTML, like Gecko) Chrome/137.0.0.0 Safari/537.36 Edg/137.0.0.0"
172.16.36.181 - - [06/Jun/2025:08:54:15 +0800] "GET /manager-page/api/lp-status2.php HTTP/1.1" 200 1 "http://192.168.60.79/manager-page/home-2.php" "Mozilla/5.0 (Windows NT 10.0; Win64; x64) AppleWebKit/537.36 (KHTML, like Gecko) Chrome/137.0.0.0 Safari/537.36 Edg/137.0.0.0"
172.16.36.181 - - [06/Jun/2025:08:54:15 +0800] "GET /manager-page/api/cms-status2.php HTTP/1.1" 200 12 "http://192.168.60.79/manager-page/home-2.php" "Mozilla/5.0 (Windows NT 10.0; Win64; x64) AppleWebKit/537.36 (KHTML, like Gecko) Chrome/137.0.0.0 Safari/537.36 Edg/137.0.0.0"
172.16.36.181 - - [06/Jun/2025:08:54:20 +0800] "GET /manager-page/api/snapshot.php?id=21&t=0.3746998011084054 HTTP/1.1" 200 51604 "http://192.168.60.79/manager-page/home-2.php" "Mozilla/5.0 (Windows NT 10.0; Win64; x64) AppleWebKit/537.36 (KHTML, like Gecko) Chrome/137.0.0.0 Safari/537.36 Edg/137.0.0.0"
172.16.36.181 - - [06/Jun/2025:08:54:20 +0800] "GET /manager-page/api/snapshot.php?id=22&t=0.5645170278812236 HTTP/1.1" 200 47069 "http://192.168.60.79/manager-page/home-2.php" "Mozilla/5.0 (Windows NT 10.0; Win64; x64) AppleWebKit/537.36 (KHTML, like Gecko) Chrome/137.0.0.0 Safari/537.36 Edg/137.0.0.0"
172.16.36.181 - - [06/Jun/2025:08:54:25 +0800] "GET /manager-page/api/snapshot.php?id=21&t=0.14705287423070346 HTTP/1.1" 200 51582 "http://192.168.60.79/manager-page/home-2.php" "Mozilla/5.0 (Windows NT 10.0; Win64; x64) AppleWebKit/537.36 (KHTML, like Gecko) Chrome/137.0.0.0 Safari/537.36 Edg/137.0.0.0"
172.16.36.181 - - [06/Jun/2025:08:54:25 +0800] "GET /manager-page/api/snapshot.php?id=22&t=0.5485024719009965 HTTP/1.1" 200 47090 "http://192.168.60.79/manager-page/home-2.php" "Mozilla/5.0 (Windows NT 10.0; Win64; x64) AppleWebKit/537.36 (KHTML, like Gecko) Chrome/137.0.0.0 Safari/537.36 Edg/137.0.0.0"
172.16.36.181 - - [06/Jun/2025:08:54:30 +0800] "GET /manager-page/api/snapshot.php?id=22&t=0.37231102189239096 HTTP/1.1" 200 47068 "http://192.168.60.79/manager-page/home-2.php" "Mozilla/5.0 (Windows NT 10.0; Win64; x64) AppleWebKit/537.36 (KHTML, like Gecko) Chrome/137.0.0.0 Safari/537.36 Edg/137.0.0.0"
172.16.36.181 - - [06/Jun/2025:08:54:30 +0800] "GET /manager-page/api/snapshot.php?id=21&t=0.8920702103369818 HTTP/1.1" 200 51587 "http://192.168.60.79/manager-page/home-2.php" "Mozilla/5.0 (Windows NT 10.0; Win64; x64) AppleWebKit/537.36 (KHTML, like Gecko) Chrome/137.0.0.0 Safari/537.36 Edg/137.0.0.0"
172.16.36.181 - - [06/Jun/2025:08:54:35 +0800] "GET /manager-page/api/snapshot.php?id=21&t=0.5818276628333848 HTTP/1.1" 200 51614 "http://192.168.60.79/manager-page/home-2.php" "Mozilla/5.0 (Windows NT 10.0; Win64; x64) AppleWebKit/537.36 (KHTML, like Gecko) Chrome/137.0.0.0 Safari/537.36 Edg/137.0.0.0"
172.16.36.181 - - [06/Jun/2025:08:54:35 +0800] "GET /manager-page/api/snapshot.php?id=22&t=0.1982082095943143 HTTP/1.1" 200 47016 "http://192.168.60.79/manager-page/home-2.php" "Mozilla/5.0 (Windows NT 10.0; Win64; x64) AppleWebKit/537.36 (KHTML, like Gecko) Chrome/137.0.0.0 Safari/537.36 Edg/137.0.0.0"
172.16.36.181 - - [06/Jun/2025:08:54:40 +0800] "GET /manager-page/api/snapshot.php?id=21&t=0.8835323175300264 HTTP/1.1" 200 51634 "http://192.168.60.79/manager-page/home-2.php" "Mozilla/5.0 (Windows NT 10.0; Win64; x64) AppleWebKit/537.36 (KHTML, like Gecko) Chrome/137.0.0.0 Safari/537.36 Edg/137.0.0.0"
172.16.36.181 - - [06/Jun/2025:08:54:40 +0800] "GET /manager-page/api/snapshot.php?id=22&t=0.9047009009099966 HTTP/1.1" 200 47042 "http://192.168.60.79/manager-page/home-2.php" "Mozilla/5.0 (Windows NT 10.0; Win64; x64) AppleWebKit/537.36 (KHTML, like Gecko) Chrome/137.0.0.0 Safari/537.36 Edg/137.0.0.0"
172.16.36.181 - - [06/Jun/2025:08:54:45 +0800] "GET /manager-page/api/snapshot.php?id=21&t=0.6548759499867689 HTTP/1.1" 200 51630 "http://192.168.60.79/manager-page/home-2.php" "Mozilla/5.0 (Windows NT 10.0; Win64; x64) AppleWebKit/537.36 (KHTML, like Gecko) Chrome/137.0.0.0 Safari/537.36 Edg/137.0.0.0"
172.16.36.181 - - [06/Jun/2025:08:54:45 +0800] "GET /manager-page/api/snapshot.php?id=22&t=0.4121368125750372 HTTP/1.1" 200 47028 "http://192.168.60.79/manager-page/home-2.php" "Mozilla/5.0 (Windows NT 10.0; Win64; x64) AppleWebKit/537.36 (KHTML, like Gecko) Chrome/137.0.0.0 Safari/537.36 Edg/137.0.0.0"
172.16.36.181 - - [06/Jun/2025:08:54:50 +0800] "GET /manager-page/api/snapshot.php?id=22&t=0.9148085575794256 HTTP/1.1" 200 47014 "http://192.168.60.79/manager-page/home-2.php" "Mozilla/5.0 (Windows NT 10.0; Win64; x64) AppleWebKit/537.36 (KHTML, like Gecko) Chrome/137.0.0.0 Safari/537.36 Edg/137.0.0.0"
172.16.36.181 - - [06/Jun/2025:08:54:50 +0800] "GET /manager-page/api/snapshot.php?id=21&t=0.8818762525461086 HTTP/1.1" 200 51626 "http://192.168.60.79/manager-page/home-2.php" "Mozilla/5.0 (Windows NT 10.0; Win64; x64) AppleWebKit/537.36 (KHTML, like Gecko) Chrome/137.0.0.0 Safari/537.36 Edg/137.0.0.0"
172.16.36.181 - - [06/Jun/2025:08:54:55 +0800] "GET /manager-page/api/snapshot.php?id=22&t=0.3736705809420996 HTTP/1.1" 200 47009 "http://192.168.60.79/manager-page/home-2.php" "Mozilla/5.0 (Windows NT 10.0; Win64; x64) AppleWebKit/537.36 (KHTML, like Gecko) Chrome/137.0.0.0 Safari/537.36 Edg/137.0.0.0"
172.16.36.181 - - [06/Jun/2025:08:54:55 +0800] "GET /manager-page/api/snapshot.php?id=21&t=0.702514376559962 HTTP/1.1" 200 51609 "http://192.168.60.79/manager-page/home-2.php" "Mozilla/5.0 (Windows NT 10.0; Win64; x64) AppleWebKit/537.36 (KHTML, like Gecko) Chrome/137.0.0.0 Safari/537.36 Edg/137.0.0.0"
127.0.0.1 - - [06/Jun/2025:08:55:00 +0800] "GET /robot/alarm-history-in.php HTTP/1.1" 200 - "-" "python-requests/2.28.1"
172.16.36.181 - - [06/Jun/2025:08:55:01 +0800] "GET /manager-page/api/snapshot.php?id=21&t=0.4382901919537149 HTTP/1.1" 200 51630 "http://192.168.60.79/manager-page/home-2.php" "Mozilla/5.0 (Windows NT 10.0; Win64; x64) AppleWebKit/537.36 (KHTML, like Gecko) Chrome/137.0.0.0 Safari/537.36 Edg/137.0.0.0"
172.16.36.181 - - [06/Jun/2025:08:55:01 +0800] "GET /manager-page/api/snapshot.php?id=22&t=0.9758726164181388 HTTP/1.1" 200 47051 "http://192.168.60.79/manager-page/home-2.php" "Mozilla/5.0 (Windows NT 10.0; Win64; x64) AppleWebKit/537.36 (KHTML, like Gecko) Chrome/137.0.0.0 Safari/537.36 Edg/137.0.0.0"
111.70.30.250 - - [06/Jun/2025:08:55:04 +0800] "POST /robot/lora-in.php HTTP/1.1" 200 - "-" "python-requests/2.21.0"
172.16.36.181 - - [06/Jun/2025:08:55:06 +0800] "GET /manager-page/api/snapshot.php?id=21&t=0.965982019282568 HTTP/1.1" 200 51641 "http://192.168.60.79/manager-page/home-2.php" "Mozilla/5.0 (Windows NT 10.0; Win64; x64) AppleWebKit/537.36 (KHTML, like Gecko) Chrome/137.0.0.0 Safari/537.36 Edg/137.0.0.0"
172.16.36.181 - - [06/Jun/2025:08:55:06 +0800] "GET /manager-page/api/snapshot.php?id=22&t=0.381491116803211 HTTP/1.1" 200 46996 "http://192.168.60.79/manager-page/home-2.php" "Mozilla/5.0 (Windows NT 10.0; Win64; x64) AppleWebKit/537.36 (KHTML, like Gecko) Chrome/137.0.0.0 Safari/537.36 Edg/137.0.0.0"
172.16.36.181 - - [06/Jun/2025:08:55:11 +0800] "GET /manager-page/api/snapshot.php?id=21&t=0.13295980771739924 HTTP/1.1" 200 51589 "http://192.168.60.79/manager-page/home-2.php" "Mozilla/5.0 (Windows NT 10.0; Win64; x64) AppleWebKit/537.36 (KHTML, like Gecko) Chrome/137.0.0.0 Safari/537.36 Edg/137.0.0.0"
172.16.36.181 - - [06/Jun/2025:08:55:11 +0800] "GET /manager-page/api/snapshot.php?id=22&t=0.5180004570780588 HTTP/1.1" 200 47074 "http://192.168.60.79/manager-page/home-2.php" "Mozilla/5.0 (Windows NT 10.0; Win64; x64) AppleWebKit/537.36 (KHTML, like Gecko) Chrome/137.0.0.0 Safari/537.36 Edg/137.0.0.0"
172.16.36.181 - - [06/Jun/2025:08:55:16 +0800] "GET /manager-page/api/snapshot.php?id=22&t=0.48271898298493165 HTTP/1.1" 200 47038 "http://192.168.60.79/manager-page/home-2.php" "Mozilla/5.0 (Windows NT 10.0; Win64; x64) AppleWebKit/537.36 (KHTML, like Gecko) Chrome/137.0.0.0 Safari/537.36 Edg/137.0.0.0"
172.16.36.181 - - [06/Jun/2025:08:55:16 +0800] "GET /manager-page/api/snapshot.php?id=21&t=0.6777772954965939 HTTP/1.1" 200 51594 "http://192.168.60.79/manager-page/home-2.php" "Mozilla/5.0 (Windows NT 10.0; Win64; x64) AppleWebKit/537.36 (KHTML, like Gecko) Chrome/137.0.0.0 Safari/537.36 Edg/137.0.0.0"
172.16.36.181 - - [06/Jun/2025:08:55:21 +0800] "GET /manager-page/api/snapshot.php?id=22&t=0.4735648836808678 HTTP/1.1" 200 47052 "http://192.168.60.79/manager-page/home-2.php" "Mozilla/5.0 (Windows NT 10.0; Win64; x64) AppleWebKit/537.36 (KHTML, like Gecko) Chrome/137.0.0.0 Safari/537.36 Edg/137.0.0.0"
172.16.36.181 - - [06/Jun/2025:08:55:21 +0800] "GET /manager-page/api/snapshot.php?id=21&t=0.16137874091849613 HTTP/1.1" 200 51560 "http://192.168.60.79/manager-page/home-2.php" "Mozilla/5.0 (Windows NT 10.0; Win64; x64) AppleWebKit/537.36 (KHTML, like Gecko) Chrome/137.0.0.0 Safari/537.36 Edg/137.0.0.0"
127.0.0.1 - - [06/Jun/2025:08:55:29 +0800] "GET /get-setting.json HTTP/1.1" 200 2315 "-" "python-requests/2.31.0"
172.16.36.181 - - [06/Jun/2025:08:55:26 +0800] "GET /manager-page/api/snapshot.php?id=21&t=0.08771840022938482 HTTP/1.1" 200 51597 "http://192.168.60.79/manager-page/home-2.php" "Mozilla/5.0 (Windows NT 10.0; Win64; x64) AppleWebKit/537.36 (KHTML, like Gecko) Chrome/137.0.0.0 Safari/537.36 Edg/137.0.0.0"
172.16.36.181 - - [06/Jun/2025:08:55:26 +0800] "GET /manager-page/api/snapshot.php?id=22&t=0.20803896805779087 HTTP/1.1" 500 - "http://192.168.60.79/manager-page/home-2.php" "Mozilla/5.0 (Windows NT 10.0; Win64; x64) AppleWebKit/537.36 (KHTML, like Gecko) Chrome/137.0.0.0 Safari/537.36 Edg/137.0.0.0"
172.16.36.181 - - [06/Jun/2025:08:55:31 +0800] "GET /manager-page/api/snapshot.php?id=22&t=0.7697775414940712 HTTP/1.1" 200 47096 "http://192.168.60.79/manager-page/home-2.php" "Mozilla/5.0 (Windows NT 10.0; Win64; x64) AppleWebKit/537.36 (KHTML, like Gecko) Chrome/137.0.0.0 Safari/537.36 Edg/137.0.0.0"
172.16.36.181 - - [06/Jun/2025:08:55:31 +0800] "GET /manager-page/api/snapshot.php?id=21&t=0.9791040241546093 HTTP/1.1" 200 51627 "http://192.168.60.79/manager-page/home-2.php" "Mozilla/5.0 (Windows NT 10.0; Win64; x64) AppleWebKit/537.36 (KHTML, like Gecko) Chrome/137.0.0.0 Safari/537.36 Edg/137.0.0.0"
172.16.36.181 - - [06/Jun/2025:08:55:36 +0800] "GET /manager-page/api/snapshot.php?id=21&t=0.640556765860676 HTTP/1.1" 200 51691 "http://192.168.60.79/manager-page/home-2.php" "Mozilla/5.0 (Windows NT 10.0; Win64; x64) AppleWebKit/537.36 (KHTML, like Gecko) Chrome/137.0.0.0 Safari/537.36 Edg/137.0.0.0"
172.16.36.181 - - [06/Jun/2025:08:55:36 +0800] "GET /manager-page/api/snapshot.php?id=22&t=0.9405141576100488 HTTP/1.1" 200 43474 "http://192.168.60.79/manager-page/home-2.php" "Mozilla/5.0 (Windows NT 10.0; Win64; x64) AppleWebKit/537.36 (KHTML, like Gecko) Chrome/137.0.0.0 Safari/537.36 Edg/137.0.0.0"
172.16.36.181 - - [06/Jun/2025:08:55:41 +0800] "GET /manager-page/api/snapshot.php?id=22&t=0.7139458305882586 HTTP/1.1" 200 45976 "http://192.168.60.79/manager-page/home-2.php" "Mozilla/5.0 (Windows NT 10.0; Win64; x64) AppleWebKit/537.36 (KHTML, like Gecko) Chrome/137.0.0.0 Safari/537.36 Edg/137.0.0.0"
172.16.36.181 - - [06/Jun/2025:08:55:41 +0800] "GET /manager-page/api/snapshot.php?id=21&t=0.9482165134986001 HTTP/1.1" 200 51775 "http://192.168.60.79/manager-page/home-2.php" "Mozilla/5.0 (Windows NT 10.0; Win64; x64) AppleWebKit/537.36 (KHTML, like Gecko) Chrome/137.0.0.0 Safari/537.36 Edg/137.0.0.0"
172.16.36.181 - - [06/Jun/2025:08:55:46 +0800] "GET /manager-page/api/snapshot.php?id=22&t=0.17297619597488878 HTTP/1.1" 200 46765 "http://192.168.60.79/manager-page/home-2.php" "Mozilla/5.0 (Windows NT 10.0; Win64; x64) AppleWebKit/537.36 (KHTML, like Gecko) Chrome/137.0.0.0 Safari/537.36 Edg/137.0.0.0"
172.16.36.181 - - [06/Jun/2025:08:55:46 +0800] "GET /manager-page/api/snapshot.php?id=21&t=0.10480062602325202 HTTP/1.1" 200 51709 "http://192.168.60.79/manager-page/home-2.php" "Mozilla/5.0 (Windows NT 10.0; Win64; x64) AppleWebKit/537.36 (KHTML, like Gecko) Chrome/137.0.0.0 Safari/537.36 Edg/137.0.0.0"
127.0.0.1 - - [06/Jun/2025:08:55:48 +0800] "POST /robot/et-7026-in.php HTTP/1.1" 200 - "-" "python-requests/2.32.2"
172.16.36.181 - - [06/Jun/2025:08:55:51 +0800] "GET /manager-page/api/snapshot.php?id=22&t=0.5986879461287903 HTTP/1.1" 200 47190 "http://192.168.60.79/manager-page/home-2.php" "Mozilla/5.0 (Windows NT 10.0; Win64; x64) AppleWebKit/537.36 (KHTML, like Gecko) Chrome/137.0.0.0 Safari/537.36 Edg/137.0.0.0"
172.16.36.181 - - [06/Jun/2025:08:55:51 +0800] "GET /manager-page/api/snapshot.php?id=21&t=0.7953369603623415 HTTP/1.1" 200 49220 "http://192.168.60.79/manager-page/home-2.php" "Mozilla/5.0 (Windows NT 10.0; Win64; x64) AppleWebKit/537.36 (KHTML, like Gecko) Chrome/137.0.0.0 Safari/537.36 Edg/137.0.0.0"
127.0.0.1 - - [06/Jun/2025:08:55:33 +0800] "POST /robot/lora-in.php HTTP/1.1" 200 - "-" "python-requests/2.31.0"
127.0.0.1 - - [06/Jun/2025:08:55:58 +0800] "POST /robot/lora-in.php HTTP/1.1" 200 - "-" "python-requests/2.31.0"
127.0.0.1 - - [06/Jun/2025:08:56:00 +0800] "GET /robot/alarm-history-in.php HTTP/1.1" 200 - "-" "python-requests/2.28.1"
172.16.36.181 - - [06/Jun/2025:08:55:56 +0800] "GET /manager-page/api/snapshot.php?id=21&t=0.44925905850347225 HTTP/1.1" 200 51759 "http://192.168.60.79/manager-page/home-2.php" "Mozilla/5.0 (Windows NT 10.0; Win64; x64) AppleWebKit/537.36 (KHTML, like Gecko) Chrome/137.0.0.0 Safari/537.36 Edg/137.0.0.0"
172.16.36.181 - - [06/Jun/2025:08:55:56 +0800] "GET /manager-page/api/snapshot.php?id=22&t=0.8451030487665455 HTTP/1.1" 200 47058 "http://192.168.60.79/manager-page/home-2.php" "Mozilla/5.0 (Windows NT 10.0; Win64; x64) AppleWebKit/537.36 (KHTML, like Gecko) Chrome/137.0.0.0 Safari/537.36 Edg/137.0.0.0"
127.0.0.1 - - [06/Jun/2025:08:56:03 +0800] "POST /robot/lora-in.php HTTP/1.1" 200 - "-" "python-requests/2.31.0"
127.0.0.1 - - [06/Jun/2025:08:56:25 +0800] "POST /robot/lora-in.php HTTP/1.1" 200 - "-" "python-requests/2.31.0"
127.0.0.1 - - [06/Jun/2025:08:56:43 +0800] "POST /robot/et-7026-in.php HTTP/1.1" 200 - "-" "python-requests/2.32.2"
111.70.30.252 - - [06/Jun/2025:08:56:43 +0800] "POST /robot/lora-in.php HTTP/1.1" 200 - "-" "python-requests/2.21.0"
127.0.0.1 - - [06/Jun/2025:08:56:49 +0800] "POST /robot/lora-in.php HTTP/1.1" 200 - "-" "python-requests/2.31.0"
172.16.36.181 - - [06/Jun/2025:08:56:57 +0800] "GET /manager-page/api/snapshot.php?id=21&t=0.8146460632978665 HTTP/1.1" 200 52372 "http://192.168.60.79/manager-page/home-2.php" "Mozilla/5.0 (Windows NT 10.0; Win64; x64) AppleWebKit/537.36 (KHTML, like Gecko) Chrome/137.0.0.0 Safari/537.36 Edg/137.0.0.0"
172.16.36.181 - - [06/Jun/2025:08:56:57 +0800] "GET /manager-page/api/snapshot.php?id=22&t=0.7537529208384467 HTTP/1.1" 200 47064 "http://192.168.60.79/manager-page/home-2.php" "Mozilla/5.0 (Windows NT 10.0; Win64; x64) AppleWebKit/537.36 (KHTML, like Gecko) Chrome/137.0.0.0 Safari/537.36 Edg/137.0.0.0"
127.0.0.1 - - [06/Jun/2025:08:57:00 +0800] "GET /robot/alarm-history-in.php HTTP/1.1" 200 - "-" "python-requests/2.28.1"
127.0.0.1 - - [06/Jun/2025:08:56:59 +0800] "POST /robot/lora-in.php HTTP/1.1" 200 - "-" "python-requests/2.31.0"
127.0.0.1 - - [06/Jun/2025:08:57:27 +0800] "POST /robot/et-7026-in.php HTTP/1.1" 200 - "-" "python-requests/2.32.2"
127.0.0.1 - - [06/Jun/2025:08:57:21 +0800] "POST /robot/lora-in.php HTTP/1.1" 200 - "-" "python-requests/2.31.0"
172.16.36.181 - - [06/Jun/2025:08:57:58 +0800] "GET /manager-page/api/snapshot.php?id=21&t=0.9694632181633744 HTTP/1.1" 200 51689 "http://192.168.60.79/manager-page/home-2.php" "Mozilla/5.0 (Windows NT 10.0; Win64; x64) AppleWebKit/537.36 (KHTML, like Gecko) Chrome/137.0.0.0 Safari/537.36 Edg/137.0.0.0"
172.16.36.181 - - [06/Jun/2025:08:57:58 +0800] "GET /manager-page/api/snapshot.php?id=22&t=0.46363238171726484 HTTP/1.1" 200 46971 "http://192.168.60.79/manager-page/home-2.php" "Mozilla/5.0 (Windows NT 10.0; Win64; x64) AppleWebKit/537.36 (KHTML, like Gecko) Chrome/137.0.0.0 Safari/537.36 Edg/137.0.0.0"
127.0.0.1 - - [06/Jun/2025:08:58:00 +0800] "GET /robot/alarm-history-in.php HTTP/1.1" 200 - "-" "python-requests/2.28.1"
172.16.36.181 - - [06/Jun/2025:08:58:58 +0800] "GET /manager-page/api/snapshot.php?id=21&t=0.5582827331781467 HTTP/1.1" 200 51590 "http://192.168.60.79/manager-page/home-2.php" "Mozilla/5.0 (Windows NT 10.0; Win64; x64) AppleWebKit/537.36 (KHTML, like Gecko) Chrome/137.0.0.0 Safari/537.36 Edg/137.0.0.0"
127.0.0.1 - - [06/Jun/2025:08:59:00 +0800] "GET /robot/alarm-history-in.php HTTP/1.1" 200 - "-" "python-requests/2.28.1"
172.16.36.181 - - [06/Jun/2025:08:58:58 +0800] "GET /manager-page/api/snapshot.php?id=22&t=0.37005038879739416 HTTP/1.1" 200 47068 "http://192.168.60.79/manager-page/home-2.php" "Mozilla/5.0 (Windows NT 10.0; Win64; x64) AppleWebKit/537.36 (KHTML, like Gecko) Chrome/137.0.0.0 Safari/537.36 Edg/137.0.0.0"
127.0.0.1 - - [06/Jun/2025:08:59:40 +0800] "POST /robot/et-7026-in.php HTTP/1.1" 200 - "-" "python-requests/2.32.2"
172.16.36.181 - - [06/Jun/2025:08:59:58 +0800] "GET /manager-page/api/snapshot.php?id=21&t=0.1685123422429805 HTTP/1.1" 200 51604 "http://192.168.60.79/manager-page/home-2.php" "Mozilla/5.0 (Windows NT 10.0; Win64; x64) AppleWebKit/537.36 (KHTML, like Gecko) Chrome/137.0.0.0 Safari/537.36 Edg/137.0.0.0"
127.0.0.1 - - [06/Jun/2025:09:00:00 +0800] "GET /robot/alarm-history-in.php HTTP/1.1" 200 - "-" "python-requests/2.28.1"
172.16.36.181 - - [06/Jun/2025:08:59:58 +0800] "GET /manager-page/api/snapshot.php?id=22&t=0.6548844362818886 HTTP/1.1" 200 47055 "http://192.168.60.79/manager-page/home-2.php" "Mozilla/5.0 (Windows NT 10.0; Win64; x64) AppleWebKit/537.36 (KHTML, like Gecko) Chrome/137.0.0.0 Safari/537.36 Edg/137.0.0.0"
111.70.30.253 - - [06/Jun/2025:09:00:54 +0800] "POST /robot/lora-in.php HTTP/1.1" 200 - "-" "python-requests/2.21.0"
172.16.36.181 - - [06/Jun/2025:09:00:58 +0800] "GET /manager-page/api/snapshot.php?id=22&t=0.6720718241111919 HTTP/1.1" 200 47055 "http://192.168.60.79/manager-page/home-2.php" "Mozilla/5.0 (Windows NT 10.0; Win64; x64) AppleWebKit/537.36 (KHTML, like Gecko) Chrome/137.0.0.0 Safari/537.36 Edg/137.0.0.0"
172.16.36.181 - - [06/Jun/2025:09:00:58 +0800] "GET /manager-page/api/snapshot.php?id=21&t=0.1216628046824092 HTTP/1.1" 200 51625 "http://192.168.60.79/manager-page/home-2.php" "Mozilla/5.0 (Windows NT 10.0; Win64; x64) AppleWebKit/537.36 (KHTML, like Gecko) Chrome/137.0.0.0 Safari/537.36 Edg/137.0.0.0"
127.0.0.1 - - [06/Jun/2025:09:01:00 +0800] "GET /robot/alarm-history-in.php HTTP/1.1" 200 - "-" "python-requests/2.28.1"
172.16.36.181 - - [06/Jun/2025:09:01:58 +0800] "GET /manager-page/api/snapshot.php?id=21&t=0.26856088261697664 HTTP/1.1" 200 51636 "http://192.168.60.79/manager-page/home-2.php" "Mozilla/5.0 (Windows NT 10.0; Win64; x64) AppleWebKit/537.36 (KHTML, like Gecko) Chrome/137.0.0.0 Safari/537.36 Edg/137.0.0.0"
172.16.36.181 - - [06/Jun/2025:09:01:58 +0800] "GET /manager-page/api/snapshot.php?id=22&t=0.6532014980707798 HTTP/1.1" 200 47076 "http://192.168.60.79/manager-page/home-2.php" "Mozilla/5.0 (Windows NT 10.0; Win64; x64) AppleWebKit/537.36 (KHTML, like Gecko) Chrome/137.0.0.0 Safari/537.36 Edg/137.0.0.0"
127.0.0.1 - - [06/Jun/2025:09:02:00 +0800] "GET /robot/alarm-history-in.php HTTP/1.1" 200 - "-" "python-requests/2.28.1"
111.70.30.251 - - [06/Jun/2025:09:02:31 +0800] "POST /robot/lora-in.php HTTP/1.1" 200 - "-" "python-requests/2.21.0"
172.16.36.181 - - [06/Jun/2025:09:02:58 +0800] "GET /manager-page/api/snapshot.php?id=21&t=0.3609332738528781 HTTP/1.1" 200 51605 "http://192.168.60.79/manager-page/home-2.php" "Mozilla/5.0 (Windows NT 10.0; Win64; x64) AppleWebKit/537.36 (KHTML, like Gecko) Chrome/137.0.0.0 Safari/537.36 Edg/137.0.0.0"
172.16.36.181 - - [06/Jun/2025:09:02:58 +0800] "GET /manager-page/api/snapshot.php?id=22&t=0.2746580527485287 HTTP/1.1" 200 47133 "http://192.168.60.79/manager-page/home-2.php" "Mozilla/5.0 (Windows NT 10.0; Win64; x64) AppleWebKit/537.36 (KHTML, like Gecko) Chrome/137.0.0.0 Safari/537.36 Edg/137.0.0.0"
127.0.0.1 - - [06/Jun/2025:09:03:00 +0800] "GET /robot/alarm-history-in.php HTTP/1.1" 200 - "-" "python-requests/2.28.1"
111.70.30.250 - - [06/Jun/2025:09:03:39 +0800] "POST /robot/lora-in.php HTTP/1.1" 200 - "-" "python-requests/2.21.0"
172.16.36.181 - - [06/Jun/2025:09:03:58 +0800] "GET /manager-page/api/snapshot.php?id=21&t=0.24540366464345653 HTTP/1.1" 200 51502 "http://192.168.60.79/manager-page/home-2.php" "Mozilla/5.0 (Windows NT 10.0; Win64; x64) AppleWebKit/537.36 (KHTML, like Gecko) Chrome/137.0.0.0 Safari/537.36 Edg/137.0.0.0"
172.16.36.181 - - [06/Jun/2025:09:03:58 +0800] "GET /manager-page/api/snapshot.php?id=22&t=0.7991678361054546 HTTP/1.1" 200 47198 "http://192.168.60.79/manager-page/home-2.php" "Mozilla/5.0 (Windows NT 10.0; Win64; x64) AppleWebKit/537.36 (KHTML, like Gecko) Chrome/137.0.0.0 Safari/537.36 Edg/137.0.0.0"
127.0.0.1 - - [06/Jun/2025:09:04:00 +0800] "GET /robot/alarm-history-in.php HTTP/1.1" 200 - "-" "python-requests/2.28.1"
172.16.36.181 - - [06/Jun/2025:09:04:58 +0800] "GET /manager-page/api/snapshot.php?id=21&t=0.38401157410846354 HTTP/1.1" 200 51551 "http://192.168.60.79/manager-page/home-2.php" "Mozilla/5.0 (Windows NT 10.0; Win64; x64) AppleWebKit/537.36 (KHTML, like Gecko) Chrome/137.0.0.0 Safari/537.36 Edg/137.0.0.0"
172.16.36.181 - - [06/Jun/2025:09:04:58 +0800] "GET /manager-page/api/snapshot.php?id=22&t=0.49098120043425264 HTTP/1.1" 200 47062 "http://192.168.60.79/manager-page/home-2.php" "Mozilla/5.0 (Windows NT 10.0; Win64; x64) AppleWebKit/537.36 (KHTML, like Gecko) Chrome/137.0.0.0 Safari/537.36 Edg/137.0.0.0"
127.0.0.1 - - [06/Jun/2025:09:05:00 +0800] "GET /robot/alarm-history-in.php HTTP/1.1" 200 - "-" "python-requests/2.28.1"
127.0.0.1 - - [06/Jun/2025:09:05:29 +0800] "GET /get-setting.json HTTP/1.1" 200 2315 "-" "python-requests/2.31.0"
127.0.0.1 - - [06/Jun/2025:09:05:31 +0800] "POST /robot/lora-in.php HTTP/1.1" 200 - "-" "python-requests/2.31.0"
127.0.0.1 - - [06/Jun/2025:09:05:41 +0800] "POST /robot/lora-in.php HTTP/1.1" 200 - "-" "python-requests/2.31.0"
127.0.0.1 - - [06/Jun/2025:09:05:44 +0800] "POST /robot/lora-in.php HTTP/1.1" 200 - "-" "python-requests/2.31.0"
127.0.0.1 - - [06/Jun/2025:09:05:50 +0800] "POST /robot/et-7026-in.php HTTP/1.1" 200 - "-" "python-requests/2.32.2"
111.70.30.252 - - [06/Jun/2025:09:05:53 +0800] "POST /robot/lora-in.php HTTP/1.1" 200 - "-" "python-requests/2.21.0"
127.0.0.1 - - [06/Jun/2025:09:05:54 +0800] "POST /robot/lora-in.php HTTP/1.1" 200 - "-" "python-requests/2.31.0"
127.0.0.1 - - [06/Jun/2025:09:05:55 +0800] "POST /robot/lora-in.php HTTP/1.1" 200 - "-" "python-requests/2.31.0"
172.16.36.181 - - [06/Jun/2025:09:05:58 +0800] "GET /manager-page/api/snapshot.php?id=22&t=0.13183498205448385 HTTP/1.1" 200 47069 "http://192.168.60.79/manager-page/home-2.php" "Mozilla/5.0 (Windows NT 10.0; Win64; x64) AppleWebKit/537.36 (KHTML, like Gecko) Chrome/137.0.0.0 Safari/537.36 Edg/137.0.0.0"
127.0.0.1 - - [06/Jun/2025:09:06:00 +0800] "GET /robot/alarm-history-in.php HTTP/1.1" 200 - "-" "python-requests/2.28.1"
172.16.36.181 - - [06/Jun/2025:09:05:58 +0800] "GET /manager-page/api/snapshot.php?id=21&t=0.6259339748710182 HTTP/1.1" 200 51538 "http://192.168.60.79/manager-page/home-2.php" "Mozilla/5.0 (Windows NT 10.0; Win64; x64) AppleWebKit/537.36 (KHTML, like Gecko) Chrome/137.0.0.0 Safari/537.36 Edg/137.0.0.0"
127.0.0.1 - - [06/Jun/2025:09:05:58 +0800] "POST /robot/lora-in.php HTTP/1.1" 200 - "-" "python-requests/2.31.0"
127.0.0.1 - - [06/Jun/2025:09:06:17 +0800] "POST /robot/lora-in.php HTTP/1.1" 200 - "-" "python-requests/2.31.0"
127.0.0.1 - - [06/Jun/2025:09:06:43 +0800] "POST /robot/et-7026-in.php HTTP/1.1" 200 - "-" "python-requests/2.32.2"
127.0.0.1 - - [06/Jun/2025:09:07:00 +0800] "GET /robot/alarm-history-in.php HTTP/1.1" 200 - "-" "python-requests/2.28.1"
172.16.36.181 - - [06/Jun/2025:09:06:58 +0800] "GET /manager-page/api/snapshot.php?id=22&t=0.16680018652652362 HTTP/1.1" 200 47139 "http://192.168.60.79/manager-page/home-2.php" "Mozilla/5.0 (Windows NT 10.0; Win64; x64) AppleWebKit/537.36 (KHTML, like Gecko) Chrome/137.0.0.0 Safari/537.36 Edg/137.0.0.0"
172.16.36.181 - - [06/Jun/2025:09:06:58 +0800] "GET /manager-page/api/snapshot.php?id=21&t=0.4140653514818211 HTTP/1.1" 200 51454 "http://192.168.60.79/manager-page/home-2.php" "Mozilla/5.0 (Windows NT 10.0; Win64; x64) AppleWebKit/537.36 (KHTML, like Gecko) Chrome/137.0.0.0 Safari/537.36 Edg/137.0.0.0"
127.0.0.1 - - [06/Jun/2025:09:07:29 +0800] "POST /robot/et-7026-in.php HTTP/1.1" 200 - "-" "python-requests/2.32.2"
127.0.0.1 - - [06/Jun/2025:09:08:00 +0800] "GET /robot/alarm-history-in.php HTTP/1.1" 200 - "-" "python-requests/2.28.1"
