127.0.0.1 - - [31/Jul/2025:08:00:00 +0800] "GET /robot/alarm-history-in.php HTTP/1.1" 200 - "-" "python-requests/2.28.1"
127.0.0.1 - - [31/Jul/2025:08:00:00 +0800] "GET /manager-page/daily/send.php HTTP/1.1" 200 - "-" "python-requests/2.28.1"
127.0.0.1 - - [31/Jul/2025:08:00:00 +0800] "GET /manager-page/daily/send2.php HTTP/1.1" 200 - "-" "python-requests/2.28.1"
127.0.0.1 - - [31/Jul/2025:08:01:00 +0800] "GET /robot/alarm-history-in.php HTTP/1.1" 200 - "-" "python-requests/2.28.1"
127.0.0.1 - - [31/Jul/2025:08:01:08 +0800] "GET /get-setting.json HTTP/1.1" 200 2314 "-" "python-requests/2.31.0"
127.0.0.1 - - [31/Jul/2025:08:01:10 +0800] "POST /robot/lora-in.php HTTP/1.1" 200 - "-" "python-requests/2.31.0"
127.0.0.1 - - [31/Jul/2025:08:01:35 +0800] "POST /robot/lora-in.php HTTP/1.1" 200 - "-" "python-requests/2.31.0"
127.0.0.1 - - [31/Jul/2025:08:01:48 +0800] "POST /robot/lora-in.php HTTP/1.1" 200 - "-" "python-requests/2.31.0"
127.0.0.1 - - [31/Jul/2025:08:02:00 +0800] "GET /robot/alarm-history-in.php HTTP/1.1" 200 - "-" "python-requests/2.28.1"
127.0.0.1 - - [31/Jul/2025:08:01:54 +0800] "POST /robot/lora-in.php HTTP/1.1" 200 - "-" "python-requests/2.31.0"
111.70.30.253 - - [31/Jul/2025:08:02:24 +0800] "POST /robot/lora-in.php HTTP/1.1" 200 - "-" "python-requests/2.21.0"
127.0.0.1 - - [31/Jul/2025:08:02:14 +0800] "POST /robot/lora-in.php HTTP/1.1" 200 - "-" "python-requests/2.31.0"
127.0.0.1 - - [31/Jul/2025:08:02:27 +0800] "POST /robot/lora-in.php HTTP/1.1" 200 - "-" "python-requests/2.31.0"
127.0.0.1 - - [31/Jul/2025:08:02:39 +0800] "POST /robot/lora-in.php HTTP/1.1" 200 - "-" "python-requests/2.31.0"
127.0.0.1 - - [31/Jul/2025:08:02:53 +0800] "POST /robot/lora-in.php HTTP/1.1" 200 - "-" "python-requests/2.31.0"
111.70.30.252 - - [31/Jul/2025:08:02:56 +0800] "POST /robot/lora-in.php HTTP/1.1" 200 - "-" "python-requests/2.21.0"
127.0.0.1 - - [31/Jul/2025:08:03:00 +0800] "GET /robot/alarm-history-in.php HTTP/1.1" 200 - "-" "python-requests/2.28.1"
127.0.0.1 - - [31/Jul/2025:08:03:31 +0800] "POST /robot/et-7026-in.php HTTP/1.1" 200 - "-" "python-requests/2.32.2"
127.0.0.1 - - [31/Jul/2025:08:04:00 +0800] "GET /robot/alarm-history-in.php HTTP/1.1" 200 - "-" "python-requests/2.28.1"
127.0.0.1 - - [31/Jul/2025:08:05:00 +0800] "GET /robot/alarm-history-in.php HTTP/1.1" 200 - "-" "python-requests/2.28.1"
127.0.0.1 - - [31/Jul/2025:08:06:00 +0800] "GET /robot/alarm-history-in.php HTTP/1.1" 200 - "-" "python-requests/2.28.1"
127.0.0.1 - - [31/Jul/2025:08:07:00 +0800] "GET /robot/alarm-history-in.php HTTP/1.1" 200 - "-" "python-requests/2.28.1"
111.70.30.250 - - [31/Jul/2025:08:07:18 +0800] "POST /robot/lora-in.php HTTP/1.1" 200 - "-" "python-requests/2.21.0"
127.0.0.1 - - [31/Jul/2025:08:08:00 +0800] "GET /robot/alarm-history-in.php HTTP/1.1" 200 - "-" "python-requests/2.28.1"
172.16.36.181 - - [31/Jul/2025:08:08:15 +0800] "GET /manager-page/home-3.php HTTP/1.1" 302 - "-" "Mozilla/5.0 (Windows NT 10.0; Win64; x64) AppleWebKit/537.36 (KHTML, like Gecko) Chrome/138.0.0.0 Safari/537.36 Edg/138.0.0.0"
127.0.0.1 - - [31/Jul/2025:08:08:26 +0800] "POST /robot/et-7026-in.php HTTP/1.1" 200 - "-" "python-requests/2.32.2"
172.16.36.181 - - [31/Jul/2025:08:08:19 +0800] "GET /manager-page/login.php HTTP/1.1" 200 2365 "-" "Mozilla/5.0 (Windows NT 10.0; Win64; x64) AppleWebKit/537.36 (KHTML, like Gecko) Chrome/138.0.0.0 Safari/537.36 Edg/138.0.0.0"
127.0.0.1 - - [31/Jul/2025:08:08:26 +0800] "POST /robot/et-7026-in.php HTTP/1.1" 200 - "-" "python-requests/2.32.2"
172.16.36.181 - - [31/Jul/2025:08:08:27 +0800] "GET /favicon.ico HTTP/1.1" 404 196 "http://192.168.60.79/manager-page/login.php" "Mozilla/5.0 (Windows NT 10.0; Win64; x64) AppleWebKit/537.36 (KHTML, like Gecko) Chrome/138.0.0.0 Safari/537.36 Edg/138.0.0.0"
127.0.0.1 - - [31/Jul/2025:08:08:44 +0800] "POST /robot/et-7026-in.php HTTP/1.1" 200 - "-" "python-requests/2.32.2"
172.16.36.181 - - [31/Jul/2025:08:08:42 +0800] "POST /manager-page/login.php HTTP/1.1" 302 - "http://192.168.60.79/manager-page/login.php" "Mozilla/5.0 (Windows NT 10.0; Win64; x64) AppleWebKit/537.36 (KHTML, like Gecko) Chrome/138.0.0.0 Safari/537.36 Edg/138.0.0.0"
172.16.36.181 - - [31/Jul/2025:08:08:48 +0800] "POST /manager-page/login.php HTTP/1.1" 302 - "http://192.168.60.79/manager-page/login.php" "Mozilla/5.0 (Windows NT 10.0; Win64; x64) AppleWebKit/537.36 (KHTML, like Gecko) Chrome/138.0.0.0 Safari/537.36 Edg/138.0.0.0"
172.16.36.181 - - [31/Jul/2025:08:08:50 +0800] "GET /manager-page/home.php HTTP/1.1" 302 - "http://192.168.60.79/manager-page/login.php" "Mozilla/5.0 (Windows NT 10.0; Win64; x64) AppleWebKit/537.36 (KHTML, like Gecko) Chrome/138.0.0.0 Safari/537.36 Edg/138.0.0.0"
172.16.36.181 - - [31/Jul/2025:08:08:50 +0800] "GET /manager-page/alarm/1-2.jpg?t=1614036022 HTTP/1.1" 200 495492 "http://192.168.60.79/manager-page/home-1.php" "Mozilla/5.0 (Windows NT 10.0; Win64; x64) AppleWebKit/537.36 (KHTML, like Gecko) Chrome/138.0.0.0 Safari/537.36 Edg/138.0.0.0"
172.16.36.181 - - [31/Jul/2025:08:08:50 +0800] "GET /manager-page/alarm/1-1.jpg?t=144736480 HTTP/1.1" 200 322868 "http://192.168.60.79/manager-page/home-1.php" "Mozilla/5.0 (Windows NT 10.0; Win64; x64) AppleWebKit/537.36 (KHTML, like Gecko) Chrome/138.0.0.0 Safari/537.36 Edg/138.0.0.0"
172.16.36.181 - - [31/Jul/2025:08:08:50 +0800] "GET /manager-page/home-1.php HTTP/1.1" 200 27474 "http://192.168.60.79/manager-page/login.php" "Mozilla/5.0 (Windows NT 10.0; Win64; x64) AppleWebKit/537.36 (KHTML, like Gecko) Chrome/138.0.0.0 Safari/537.36 Edg/138.0.0.0"
172.16.36.181 - - [31/Jul/2025:08:08:50 +0800] "GET /manager-page/api/snapshot.php?id=11 HTTP/1.1" 500 - "http://192.168.60.79/manager-page/home-1.php" "Mozilla/5.0 (Windows NT 10.0; Win64; x64) AppleWebKit/537.36 (KHTML, like Gecko) Chrome/138.0.0.0 Safari/537.36 Edg/138.0.0.0"
172.16.36.181 - - [31/Jul/2025:08:08:50 +0800] "GET /manager-page/api/snapshot.php?id=12 HTTP/1.1" 500 - "http://192.168.60.79/manager-page/home-1.php" "Mozilla/5.0 (Windows NT 10.0; Win64; x64) AppleWebKit/537.36 (KHTML, like Gecko) Chrome/138.0.0.0 Safari/537.36 Edg/138.0.0.0"
172.16.36.181 - - [31/Jul/2025:08:08:55 +0800] "GET /manager-page/live/1-2.jpg HTTP/1.1" 200 36585 "http://192.168.60.79/manager-page/home-1.php" "Mozilla/5.0 (Windows NT 10.0; Win64; x64) AppleWebKit/537.36 (KHTML, like Gecko) Chrome/138.0.0.0 Safari/537.36 Edg/138.0.0.0"
172.16.36.181 - - [31/Jul/2025:08:08:56 +0800] "GET /manager-page/live/1-1.jpg HTTP/1.1" 200 37323 "http://192.168.60.79/manager-page/home-1.php" "Mozilla/5.0 (Windows NT 10.0; Win64; x64) AppleWebKit/537.36 (KHTML, like Gecko) Chrome/138.0.0.0 Safari/537.36 Edg/138.0.0.0"
172.16.36.181 - - [31/Jul/2025:08:08:56 +0800] "GET /manager-page/api/cms-status1.php HTTP/1.1" 200 12 "http://192.168.60.79/manager-page/home-1.php" "Mozilla/5.0 (Windows NT 10.0; Win64; x64) AppleWebKit/537.36 (KHTML, like Gecko) Chrome/138.0.0.0 Safari/537.36 Edg/138.0.0.0"
172.16.36.181 - - [31/Jul/2025:08:08:56 +0800] "GET /manager-page/api/lp-status1.php HTTP/1.1" 200 1 "http://192.168.60.79/manager-page/home-1.php" "Mozilla/5.0 (Windows NT 10.0; Win64; x64) AppleWebKit/537.36 (KHTML, like Gecko) Chrome/138.0.0.0 Safari/537.36 Edg/138.0.0.0"
127.0.0.1 - - [31/Jul/2025:08:09:00 +0800] "GET /robot/alarm-history-in.php HTTP/1.1" 200 - "-" "python-requests/2.28.1"
172.16.36.181 - - [31/Jul/2025:08:09:01 +0800] "GET /manager-page/api/snapshot.php?id=12&t=0.03798683136964842 HTTP/1.1" 200 36049 "http://192.168.60.79/manager-page/home-1.php" "Mozilla/5.0 (Windows NT 10.0; Win64; x64) AppleWebKit/537.36 (KHTML, like Gecko) Chrome/138.0.0.0 Safari/537.36 Edg/138.0.0.0"
172.16.36.181 - - [31/Jul/2025:08:09:01 +0800] "GET /manager-page/api/snapshot.php?id=11&t=0.6710731203782756 HTTP/1.1" 200 41904 "http://192.168.60.79/manager-page/home-1.php" "Mozilla/5.0 (Windows NT 10.0; Win64; x64) AppleWebKit/537.36 (KHTML, like Gecko) Chrome/138.0.0.0 Safari/537.36 Edg/138.0.0.0"
172.16.36.181 - - [31/Jul/2025:08:09:06 +0800] "GET /manager-page/api/snapshot.php?id=11&t=0.12483116869098654 HTTP/1.1" 200 42093 "http://192.168.60.79/manager-page/home-1.php" "Mozilla/5.0 (Windows NT 10.0; Win64; x64) AppleWebKit/537.36 (KHTML, like Gecko) Chrome/138.0.0.0 Safari/537.36 Edg/138.0.0.0"
172.16.36.181 - - [31/Jul/2025:08:09:06 +0800] "GET /manager-page/api/snapshot.php?id=12&t=0.9195761667291641 HTTP/1.1" 200 36190 "http://192.168.60.79/manager-page/home-1.php" "Mozilla/5.0 (Windows NT 10.0; Win64; x64) AppleWebKit/537.36 (KHTML, like Gecko) Chrome/138.0.0.0 Safari/537.36 Edg/138.0.0.0"
172.16.36.181 - - [31/Jul/2025:08:09:11 +0800] "GET /manager-page/api/snapshot.php?id=11&t=0.9648309957172567 HTTP/1.1" 200 42192 "http://192.168.60.79/manager-page/home-1.php" "Mozilla/5.0 (Windows NT 10.0; Win64; x64) AppleWebKit/537.36 (KHTML, like Gecko) Chrome/138.0.0.0 Safari/537.36 Edg/138.0.0.0"
172.16.36.181 - - [31/Jul/2025:08:09:11 +0800] "GET /manager-page/api/snapshot.php?id=12&t=0.20038690364706702 HTTP/1.1" 200 36168 "http://192.168.60.79/manager-page/home-1.php" "Mozilla/5.0 (Windows NT 10.0; Win64; x64) AppleWebKit/537.36 (KHTML, like Gecko) Chrome/138.0.0.0 Safari/537.36 Edg/138.0.0.0"
172.16.36.181 - - [31/Jul/2025:08:09:16 +0800] "GET /manager-page/api/snapshot.php?id=12&t=0.7516112101266097 HTTP/1.1" 200 36113 "http://192.168.60.79/manager-page/home-1.php" "Mozilla/5.0 (Windows NT 10.0; Win64; x64) AppleWebKit/537.36 (KHTML, like Gecko) Chrome/138.0.0.0 Safari/537.36 Edg/138.0.0.0"
172.16.36.181 - - [31/Jul/2025:08:09:16 +0800] "GET /manager-page/api/snapshot.php?id=11&t=0.23540317730049398 HTTP/1.1" 200 42203 "http://192.168.60.79/manager-page/home-1.php" "Mozilla/5.0 (Windows NT 10.0; Win64; x64) AppleWebKit/537.36 (KHTML, like Gecko) Chrome/138.0.0.0 Safari/537.36 Edg/138.0.0.0"
172.16.36.181 - - [31/Jul/2025:08:09:21 +0800] "GET /manager-page/api/snapshot.php?id=11&t=0.7985754237851677 HTTP/1.1" 200 42498 "http://192.168.60.79/manager-page/home-1.php" "Mozilla/5.0 (Windows NT 10.0; Win64; x64) AppleWebKit/537.36 (KHTML, like Gecko) Chrome/138.0.0.0 Safari/537.36 Edg/138.0.0.0"
172.16.36.181 - - [31/Jul/2025:08:09:21 +0800] "GET /manager-page/api/snapshot.php?id=12&t=0.8783681303509218 HTTP/1.1" 200 36150 "http://192.168.60.79/manager-page/home-1.php" "Mozilla/5.0 (Windows NT 10.0; Win64; x64) AppleWebKit/537.36 (KHTML, like Gecko) Chrome/138.0.0.0 Safari/537.36 Edg/138.0.0.0"
172.16.36.181 - - [31/Jul/2025:08:09:26 +0800] "GET /manager-page/api/snapshot.php?id=12&t=0.8367250304803981 HTTP/1.1" 200 36015 "http://192.168.60.79/manager-page/home-1.php" "Mozilla/5.0 (Windows NT 10.0; Win64; x64) AppleWebKit/537.36 (KHTML, like Gecko) Chrome/138.0.0.0 Safari/537.36 Edg/138.0.0.0"
172.16.36.181 - - [31/Jul/2025:08:09:26 +0800] "GET /manager-page/api/snapshot.php?id=11&t=0.49309340982383876 HTTP/1.1" 200 42390 "http://192.168.60.79/manager-page/home-1.php" "Mozilla/5.0 (Windows NT 10.0; Win64; x64) AppleWebKit/537.36 (KHTML, like Gecko) Chrome/138.0.0.0 Safari/537.36 Edg/138.0.0.0"
172.16.36.181 - - [31/Jul/2025:08:09:31 +0800] "GET /manager-page/api/snapshot.php?id=12&t=0.16634640774658904 HTTP/1.1" 200 36134 "http://192.168.60.79/manager-page/home-1.php" "Mozilla/5.0 (Windows NT 10.0; Win64; x64) AppleWebKit/537.36 (KHTML, like Gecko) Chrome/138.0.0.0 Safari/537.36 Edg/138.0.0.0"
172.16.36.181 - - [31/Jul/2025:08:09:31 +0800] "GET /manager-page/api/snapshot.php?id=11&t=0.1959887268690692 HTTP/1.1" 200 42407 "http://192.168.60.79/manager-page/home-1.php" "Mozilla/5.0 (Windows NT 10.0; Win64; x64) AppleWebKit/537.36 (KHTML, like Gecko) Chrome/138.0.0.0 Safari/537.36 Edg/138.0.0.0"
172.16.36.181 - - [31/Jul/2025:08:09:36 +0800] "GET /manager-page/api/snapshot.php?id=11&t=0.8582181646740954 HTTP/1.1" 200 42165 "http://192.168.60.79/manager-page/home-1.php" "Mozilla/5.0 (Windows NT 10.0; Win64; x64) AppleWebKit/537.36 (KHTML, like Gecko) Chrome/138.0.0.0 Safari/537.36 Edg/138.0.0.0"
172.16.36.181 - - [31/Jul/2025:08:09:36 +0800] "GET /manager-page/api/snapshot.php?id=12&t=0.33366950056125655 HTTP/1.1" 200 36142 "http://192.168.60.79/manager-page/home-1.php" "Mozilla/5.0 (Windows NT 10.0; Win64; x64) AppleWebKit/537.36 (KHTML, like Gecko) Chrome/138.0.0.0 Safari/537.36 Edg/138.0.0.0"
172.16.36.181 - - [31/Jul/2025:08:09:41 +0800] "GET /manager-page/api/snapshot.php?id=12&t=0.4951999654448921 HTTP/1.1" 200 36135 "http://192.168.60.79/manager-page/home-1.php" "Mozilla/5.0 (Windows NT 10.0; Win64; x64) AppleWebKit/537.36 (KHTML, like Gecko) Chrome/138.0.0.0 Safari/537.36 Edg/138.0.0.0"
172.16.36.181 - - [31/Jul/2025:08:09:41 +0800] "GET /manager-page/api/snapshot.php?id=11&t=0.31210777220529595 HTTP/1.1" 200 42371 "http://192.168.60.79/manager-page/home-1.php" "Mozilla/5.0 (Windows NT 10.0; Win64; x64) AppleWebKit/537.36 (KHTML, like Gecko) Chrome/138.0.0.0 Safari/537.36 Edg/138.0.0.0"
172.16.36.181 - - [31/Jul/2025:08:09:46 +0800] "GET /manager-page/api/snapshot.php?id=12&t=0.6252732165485575 HTTP/1.1" 200 36168 "http://192.168.60.79/manager-page/home-1.php" "Mozilla/5.0 (Windows NT 10.0; Win64; x64) AppleWebKit/537.36 (KHTML, like Gecko) Chrome/138.0.0.0 Safari/537.36 Edg/138.0.0.0"
172.16.36.181 - - [31/Jul/2025:08:09:46 +0800] "GET /manager-page/api/snapshot.php?id=11&t=0.21396887670122866 HTTP/1.1" 200 42307 "http://192.168.60.79/manager-page/home-1.php" "Mozilla/5.0 (Windows NT 10.0; Win64; x64) AppleWebKit/537.36 (KHTML, like Gecko) Chrome/138.0.0.0 Safari/537.36 Edg/138.0.0.0"
172.16.36.181 - - [31/Jul/2025:08:09:51 +0800] "GET /manager-page/api/snapshot.php?id=11&t=0.2539032502841905 HTTP/1.1" 200 42362 "http://192.168.60.79/manager-page/home-1.php" "Mozilla/5.0 (Windows NT 10.0; Win64; x64) AppleWebKit/537.36 (KHTML, like Gecko) Chrome/138.0.0.0 Safari/537.36 Edg/138.0.0.0"
172.16.36.181 - - [31/Jul/2025:08:09:51 +0800] "GET /manager-page/api/snapshot.php?id=12&t=0.3084704494571132 HTTP/1.1" 200 36189 "http://192.168.60.79/manager-page/home-1.php" "Mozilla/5.0 (Windows NT 10.0; Win64; x64) AppleWebKit/537.36 (KHTML, like Gecko) Chrome/138.0.0.0 Safari/537.36 Edg/138.0.0.0"
127.0.0.1 - - [31/Jul/2025:08:10:00 +0800] "GET /robot/alarm-history-in.php HTTP/1.1" 200 - "-" "python-requests/2.28.1"
172.16.36.181 - - [31/Jul/2025:08:10:19 +0800] "GET /manager-page/api/snapshot.php?id=12&t=0.06564555520199333 HTTP/1.1" 200 36471 "http://192.168.60.79/manager-page/home-1.php" "Mozilla/5.0 (Windows NT 10.0; Win64; x64) AppleWebKit/537.36 (KHTML, like Gecko) Chrome/138.0.0.0 Safari/537.36 Edg/138.0.0.0"
172.16.36.181 - - [31/Jul/2025:08:10:19 +0800] "GET /manager-page/api/snapshot.php?id=11&t=0.5406131168961034 HTTP/1.1" 200 42738 "http://192.168.60.79/manager-page/home-1.php" "Mozilla/5.0 (Windows NT 10.0; Win64; x64) AppleWebKit/537.36 (KHTML, like Gecko) Chrome/138.0.0.0 Safari/537.36 Edg/138.0.0.0"
127.0.0.1 - - [31/Jul/2025:08:11:08 +0800] "GET /get-setting.json HTTP/1.1" 200 2314 "-" "python-requests/2.31.0"
111.70.30.253 - - [31/Jul/2025:08:11:09 +0800] "POST /robot/lora-in.php HTTP/1.1" 200 - "-" "python-requests/2.21.0"
127.0.0.1 - - [31/Jul/2025:08:11:11 +0800] "POST /robot/lora-in.php HTTP/1.1" 200 - "-" "python-requests/2.31.0"
127.0.0.1 - - [31/Jul/2025:08:11:00 +0800] "GET /robot/alarm-history-in.php HTTP/1.1" 200 - "-" "python-requests/2.28.1"
172.16.36.181 - - [31/Jul/2025:08:11:19 +0800] "GET /manager-page/api/snapshot.php?id=11&t=0.6951257192271615 HTTP/1.1" 200 42881 "http://192.168.60.79/manager-page/home-1.php" "Mozilla/5.0 (Windows NT 10.0; Win64; x64) AppleWebKit/537.36 (KHTML, like Gecko) Chrome/138.0.0.0 Safari/537.36 Edg/138.0.0.0"
127.0.0.1 - - [31/Jul/2025:08:11:20 +0800] "POST /robot/lora-in.php HTTP/1.1" 200 - "-" "python-requests/2.31.0"
172.16.36.181 - - [31/Jul/2025:08:11:19 +0800] "GET /manager-page/api/snapshot.php?id=12&t=0.6856514284071218 HTTP/1.1" 200 36296 "http://192.168.60.79/manager-page/home-1.php" "Mozilla/5.0 (Windows NT 10.0; Win64; x64) AppleWebKit/537.36 (KHTML, like Gecko) Chrome/138.0.0.0 Safari/537.36 Edg/138.0.0.0"
127.0.0.1 - - [31/Jul/2025:08:11:33 +0800] "POST /robot/lora-in.php HTTP/1.1" 200 - "-" "python-requests/2.31.0"
127.0.0.1 - - [31/Jul/2025:08:11:39 +0800] "POST /robot/lora-in.php HTTP/1.1" 200 - "-" "python-requests/2.31.0"
127.0.0.1 - - [31/Jul/2025:08:11:43 +0800] "POST /robot/lora-in.php HTTP/1.1" 200 - "-" "python-requests/2.31.0"
127.0.0.1 - - [31/Jul/2025:08:11:45 +0800] "POST /robot/lora-in.php HTTP/1.1" 200 - "-" "python-requests/2.31.0"
127.0.0.1 - - [31/Jul/2025:08:11:51 +0800] "POST /robot/lora-in.php HTTP/1.1" 200 - "-" "python-requests/2.31.0"
127.0.0.1 - - [31/Jul/2025:08:11:59 +0800] "POST /robot/lora-in.php HTTP/1.1" 200 - "-" "python-requests/2.31.0"
127.0.0.1 - - [31/Jul/2025:08:12:00 +0800] "GET /robot/alarm-history-in.php HTTP/1.1" 200 - "-" "python-requests/2.28.1"
111.70.30.252 - - [31/Jul/2025:08:12:09 +0800] "POST /robot/lora-in.php HTTP/1.1" 200 - "-" "python-requests/2.21.0"
172.16.36.181 - - [31/Jul/2025:08:12:19 +0800] "GET /manager-page/api/snapshot.php?id=11&t=0.23437513525474507 HTTP/1.1" 200 43688 "http://192.168.60.79/manager-page/home-1.php" "Mozilla/5.0 (Windows NT 10.0; Win64; x64) AppleWebKit/537.36 (KHTML, like Gecko) Chrome/138.0.0.0 Safari/537.36 Edg/138.0.0.0"
172.16.36.181 - - [31/Jul/2025:08:12:19 +0800] "GET /manager-page/api/snapshot.php?id=12&t=0.8766296449691526 HTTP/1.1" 200 36597 "http://192.168.60.79/manager-page/home-1.php" "Mozilla/5.0 (Windows NT 10.0; Win64; x64) AppleWebKit/537.36 (KHTML, like Gecko) Chrome/138.0.0.0 Safari/537.36 Edg/138.0.0.0"
127.0.0.1 - - [31/Jul/2025:08:13:00 +0800] "GET /robot/alarm-history-in.php HTTP/1.1" 200 - "-" "python-requests/2.28.1"
172.16.36.181 - - [31/Jul/2025:08:13:19 +0800] "GET /manager-page/api/snapshot.php?id=12&t=0.7761499410766748 HTTP/1.1" 200 36984 "http://192.168.60.79/manager-page/home-1.php" "Mozilla/5.0 (Windows NT 10.0; Win64; x64) AppleWebKit/537.36 (KHTML, like Gecko) Chrome/138.0.0.0 Safari/537.36 Edg/138.0.0.0"
172.16.36.181 - - [31/Jul/2025:08:13:19 +0800] "GET /manager-page/api/snapshot.php?id=11&t=0.734384224012007 HTTP/1.1" 200 43458 "http://192.168.60.79/manager-page/home-1.php" "Mozilla/5.0 (Windows NT 10.0; Win64; x64) AppleWebKit/537.36 (KHTML, like Gecko) Chrome/138.0.0.0 Safari/537.36 Edg/138.0.0.0"
111.70.30.251 - - [31/Jul/2025:08:13:37 +0800] "POST /robot/lora-in.php HTTP/1.1" 200 - "-" "python-requests/2.21.0"
127.0.0.1 - - [31/Jul/2025:08:13:32 +0800] "POST /robot/et-7026-in.php HTTP/1.1" 200 - "-" "python-requests/2.32.2"
127.0.0.1 - - [31/Jul/2025:08:14:00 +0800] "GET /robot/alarm-history-in.php HTTP/1.1" 200 - "-" "python-requests/2.28.1"
172.16.36.181 - - [31/Jul/2025:08:14:19 +0800] "GET /manager-page/api/snapshot.php?id=11&t=0.23204007830575868 HTTP/1.1" 200 43957 "http://192.168.60.79/manager-page/home-1.php" "Mozilla/5.0 (Windows NT 10.0; Win64; x64) AppleWebKit/537.36 (KHTML, like Gecko) Chrome/138.0.0.0 Safari/537.36 Edg/138.0.0.0"
172.16.36.181 - - [31/Jul/2025:08:14:19 +0800] "GET /manager-page/api/snapshot.php?id=12&t=0.10836659670655002 HTTP/1.1" 200 36892 "http://192.168.60.79/manager-page/home-1.php" "Mozilla/5.0 (Windows NT 10.0; Win64; x64) AppleWebKit/537.36 (KHTML, like Gecko) Chrome/138.0.0.0 Safari/537.36 Edg/138.0.0.0"
127.0.0.1 - - [31/Jul/2025:08:15:00 +0800] "GET /robot/alarm-history-in.php HTTP/1.1" 200 - "-" "python-requests/2.28.1"
172.16.36.181 - - [31/Jul/2025:08:15:19 +0800] "GET /manager-page/api/snapshot.php?id=12&t=0.683825772279543 HTTP/1.1" 200 36833 "http://192.168.60.79/manager-page/home-1.php" "Mozilla/5.0 (Windows NT 10.0; Win64; x64) AppleWebKit/537.36 (KHTML, like Gecko) Chrome/138.0.0.0 Safari/537.36 Edg/138.0.0.0"
172.16.36.181 - - [31/Jul/2025:08:15:19 +0800] "GET /manager-page/api/snapshot.php?id=11&t=0.9247975109110821 HTTP/1.1" 200 44131 "http://192.168.60.79/manager-page/home-1.php" "Mozilla/5.0 (Windows NT 10.0; Win64; x64) AppleWebKit/537.36 (KHTML, like Gecko) Chrome/138.0.0.0 Safari/537.36 Edg/138.0.0.0"
111.70.30.250 - - [31/Jul/2025:08:15:53 +0800] "POST /robot/lora-in.php HTTP/1.1" 200 - "-" "python-requests/2.21.0"
127.0.0.1 - - [31/Jul/2025:08:16:00 +0800] "GET /robot/alarm-history-in.php HTTP/1.1" 200 - "-" "python-requests/2.28.1"
172.16.36.181 - - [31/Jul/2025:08:16:19 +0800] "GET /manager-page/api/snapshot.php?id=11&t=0.9975571320091321 HTTP/1.1" 200 44934 "http://192.168.60.79/manager-page/home-1.php" "Mozilla/5.0 (Windows NT 10.0; Win64; x64) AppleWebKit/537.36 (KHTML, like Gecko) Chrome/138.0.0.0 Safari/537.36 Edg/138.0.0.0"
172.16.36.181 - - [31/Jul/2025:08:16:19 +0800] "GET /manager-page/api/snapshot.php?id=12&t=0.4824164114822873 HTTP/1.1" 200 36652 "http://192.168.60.79/manager-page/home-1.php" "Mozilla/5.0 (Windows NT 10.0; Win64; x64) AppleWebKit/537.36 (KHTML, like Gecko) Chrome/138.0.0.0 Safari/537.36 Edg/138.0.0.0"
127.0.0.1 - - [31/Jul/2025:08:17:00 +0800] "GET /robot/alarm-history-in.php HTTP/1.1" 200 - "-" "python-requests/2.28.1"
172.16.36.181 - - [31/Jul/2025:08:17:19 +0800] "GET /manager-page/api/snapshot.php?id=11&t=0.4348807239227238 HTTP/1.1" 200 44871 "http://192.168.60.79/manager-page/home-1.php" "Mozilla/5.0 (Windows NT 10.0; Win64; x64) AppleWebKit/537.36 (KHTML, like Gecko) Chrome/138.0.0.0 Safari/537.36 Edg/138.0.0.0"
172.16.36.181 - - [31/Jul/2025:08:17:19 +0800] "GET /manager-page/api/snapshot.php?id=12&t=0.7585655255727497 HTTP/1.1" 200 36701 "http://192.168.60.79/manager-page/home-1.php" "Mozilla/5.0 (Windows NT 10.0; Win64; x64) AppleWebKit/537.36 (KHTML, like Gecko) Chrome/138.0.0.0 Safari/537.36 Edg/138.0.0.0"
127.0.0.1 - - [31/Jul/2025:08:18:00 +0800] "GET /robot/alarm-history-in.php HTTP/1.1" 200 - "-" "python-requests/2.28.1"
172.16.36.181 - - [31/Jul/2025:08:18:19 +0800] "GET /manager-page/api/snapshot.php?id=12&t=0.6847945840876143 HTTP/1.1" 200 36737 "http://192.168.60.79/manager-page/home-1.php" "Mozilla/5.0 (Windows NT 10.0; Win64; x64) AppleWebKit/537.36 (KHTML, like Gecko) Chrome/138.0.0.0 Safari/537.36 Edg/138.0.0.0"
172.16.36.181 - - [31/Jul/2025:08:18:19 +0800] "GET /manager-page/api/snapshot.php?id=11&t=0.24583024696747102 HTTP/1.1" 200 44955 "http://192.168.60.79/manager-page/home-1.php" "Mozilla/5.0 (Windows NT 10.0; Win64; x64) AppleWebKit/537.36 (KHTML, like Gecko) Chrome/138.0.0.0 Safari/537.36 Edg/138.0.0.0"
127.0.0.1 - - [31/Jul/2025:08:18:26 +0800] "POST /robot/et-7026-in.php HTTP/1.1" 200 - "-" "python-requests/2.32.2"
127.0.0.1 - - [31/Jul/2025:08:18:27 +0800] "POST /robot/et-7026-in.php HTTP/1.1" 200 - "-" "python-requests/2.32.2"
127.0.0.1 - - [31/Jul/2025:08:18:45 +0800] "POST /robot/et-7026-in.php HTTP/1.1" 200 - "-" "python-requests/2.32.2"
127.0.0.1 - - [31/Jul/2025:08:19:00 +0800] "GET /robot/alarm-history-in.php HTTP/1.1" 200 - "-" "python-requests/2.28.1"
172.16.36.181 - - [31/Jul/2025:08:19:19 +0800] "GET /manager-page/api/snapshot.php?id=11&t=0.7155726135525043 HTTP/1.1" 200 45070 "http://192.168.60.79/manager-page/home-1.php" "Mozilla/5.0 (Windows NT 10.0; Win64; x64) AppleWebKit/537.36 (KHTML, like Gecko) Chrome/138.0.0.0 Safari/537.36 Edg/138.0.0.0"
172.16.36.181 - - [31/Jul/2025:08:19:19 +0800] "GET /manager-page/api/snapshot.php?id=12&t=0.45008211366426654 HTTP/1.1" 200 36890 "http://192.168.60.79/manager-page/home-1.php" "Mozilla/5.0 (Windows NT 10.0; Win64; x64) AppleWebKit/537.36 (KHTML, like Gecko) Chrome/138.0.0.0 Safari/537.36 Edg/138.0.0.0"
111.70.30.253 - - [31/Jul/2025:08:19:55 +0800] "POST /robot/lora-in.php HTTP/1.1" 200 - "-" "python-requests/2.21.0"
127.0.0.1 - - [31/Jul/2025:08:20:00 +0800] "GET /robot/alarm-history-in.php HTTP/1.1" 200 - "-" "python-requests/2.28.1"
172.16.36.181 - - [31/Jul/2025:08:20:19 +0800] "GET /manager-page/api/snapshot.php?id=12&t=0.22541458225837774 HTTP/1.1" 200 37289 "http://192.168.60.79/manager-page/home-1.php" "Mozilla/5.0 (Windows NT 10.0; Win64; x64) AppleWebKit/537.36 (KHTML, like Gecko) Chrome/138.0.0.0 Safari/537.36 Edg/138.0.0.0"
172.16.36.181 - - [31/Jul/2025:08:20:19 +0800] "GET /manager-page/api/snapshot.php?id=11&t=0.8590035587269162 HTTP/1.1" 200 45820 "http://192.168.60.79/manager-page/home-1.php" "Mozilla/5.0 (Windows NT 10.0; Win64; x64) AppleWebKit/537.36 (KHTML, like Gecko) Chrome/138.0.0.0 Safari/537.36 Edg/138.0.0.0"
127.0.0.1 - - [31/Jul/2025:08:21:00 +0800] "GET /robot/alarm-history-in.php HTTP/1.1" 200 - "-" "python-requests/2.28.1"
127.0.0.1 - - [31/Jul/2025:08:21:08 +0800] "GET /get-setting.json HTTP/1.1" 200 2314 "-" "python-requests/2.31.0"
127.0.0.1 - - [31/Jul/2025:08:21:08 +0800] "POST /robot/lora-in.php HTTP/1.1" 200 - "-" "python-requests/2.31.0"
127.0.0.1 - - [31/Jul/2025:08:21:12 +0800] "POST /robot/lora-in.php HTTP/1.1" 200 - "-" "python-requests/2.31.0"
127.0.0.1 - - [31/Jul/2025:08:21:17 +0800] "POST /robot/lora-in.php HTTP/1.1" 200 - "-" "python-requests/2.31.0"
172.16.36.181 - - [31/Jul/2025:08:21:19 +0800] "GET /manager-page/api/snapshot.php?id=11&t=0.4036558293862611 HTTP/1.1" 200 45919 "http://192.168.60.79/manager-page/home-1.php" "Mozilla/5.0 (Windows NT 10.0; Win64; x64) AppleWebKit/537.36 (KHTML, like Gecko) Chrome/138.0.0.0 Safari/537.36 Edg/138.0.0.0"
172.16.36.181 - - [31/Jul/2025:08:21:19 +0800] "GET /manager-page/api/snapshot.php?id=12&t=0.30864644883402104 HTTP/1.1" 200 37020 "http://192.168.60.79/manager-page/home-1.php" "Mozilla/5.0 (Windows NT 10.0; Win64; x64) AppleWebKit/537.36 (KHTML, like Gecko) Chrome/138.0.0.0 Safari/537.36 Edg/138.0.0.0"
111.70.30.252 - - [31/Jul/2025:08:21:22 +0800] "POST /robot/lora-in.php HTTP/1.1" 200 - "-" "python-requests/2.21.0"
127.0.0.1 - - [31/Jul/2025:08:21:24 +0800] "POST /robot/lora-in.php HTTP/1.1" 200 - "-" "python-requests/2.31.0"
127.0.0.1 - - [31/Jul/2025:08:21:27 +0800] "POST /robot/lora-in.php HTTP/1.1" 200 - "-" "python-requests/2.31.0"
127.0.0.1 - - [31/Jul/2025:08:21:35 +0800] "POST /robot/lora-in.php HTTP/1.1" 200 - "-" "python-requests/2.31.0"
127.0.0.1 - - [31/Jul/2025:08:21:42 +0800] "POST /robot/lora-in.php HTTP/1.1" 200 - "-" "python-requests/2.31.0"
127.0.0.1 - - [31/Jul/2025:08:22:00 +0800] "GET /robot/alarm-history-in.php HTTP/1.1" 200 - "-" "python-requests/2.28.1"
127.0.0.1 - - [31/Jul/2025:08:21:50 +0800] "POST /robot/lora-in.php HTTP/1.1" 200 - "-" "python-requests/2.31.0"
111.70.30.251 - - [31/Jul/2025:08:22:13 +0800] "POST /robot/lora-in.php HTTP/1.1" 200 - "-" "python-requests/2.21.0"
172.16.36.181 - - [31/Jul/2025:08:22:19 +0800] "GET /manager-page/api/snapshot.php?id=11&t=0.8884194843593073 HTTP/1.1" 200 45790 "http://192.168.60.79/manager-page/home-1.php" "Mozilla/5.0 (Windows NT 10.0; Win64; x64) AppleWebKit/537.36 (KHTML, like Gecko) Chrome/138.0.0.0 Safari/537.36 Edg/138.0.0.0"
172.16.36.181 - - [31/Jul/2025:08:22:19 +0800] "GET /manager-page/api/snapshot.php?id=12&t=0.6989762925591912 HTTP/1.1" 200 36763 "http://192.168.60.79/manager-page/home-1.php" "Mozilla/5.0 (Windows NT 10.0; Win64; x64) AppleWebKit/537.36 (KHTML, like Gecko) Chrome/138.0.0.0 Safari/537.36 Edg/138.0.0.0"
127.0.0.1 - - [31/Jul/2025:08:23:00 +0800] "GET /robot/alarm-history-in.php HTTP/1.1" 200 - "-" "python-requests/2.28.1"
172.16.36.181 - - [31/Jul/2025:08:23:19 +0800] "GET /manager-page/api/snapshot.php?id=12&t=0.13590600156127375 HTTP/1.1" 200 37448 "http://192.168.60.79/manager-page/home-1.php" "Mozilla/5.0 (Windows NT 10.0; Win64; x64) AppleWebKit/537.36 (KHTML, like Gecko) Chrome/138.0.0.0 Safari/537.36 Edg/138.0.0.0"
172.16.36.181 - - [31/Jul/2025:08:23:19 +0800] "GET /manager-page/api/snapshot.php?id=11&t=0.7353241358095102 HTTP/1.1" 200 45934 "http://192.168.60.79/manager-page/home-1.php" "Mozilla/5.0 (Windows NT 10.0; Win64; x64) AppleWebKit/537.36 (KHTML, like Gecko) Chrome/138.0.0.0 Safari/537.36 Edg/138.0.0.0"
127.0.0.1 - - [31/Jul/2025:08:23:35 +0800] "POST /robot/et-7026-in.php HTTP/1.1" 200 - "-" "python-requests/2.32.2"
127.0.0.1 - - [31/Jul/2025:08:24:00 +0800] "GET /robot/alarm-history-in.php HTTP/1.1" 200 - "-" "python-requests/2.28.1"
172.16.36.181 - - [31/Jul/2025:08:24:19 +0800] "GET /manager-page/api/snapshot.php?id=12&t=0.11048258685223822 HTTP/1.1" 200 37021 "http://192.168.60.79/manager-page/home-1.php" "Mozilla/5.0 (Windows NT 10.0; Win64; x64) AppleWebKit/537.36 (KHTML, like Gecko) Chrome/138.0.0.0 Safari/537.36 Edg/138.0.0.0"
172.16.36.181 - - [31/Jul/2025:08:24:19 +0800] "GET /manager-page/api/snapshot.php?id=11&t=0.13338169307381187 HTTP/1.1" 200 45775 "http://192.168.60.79/manager-page/home-1.php" "Mozilla/5.0 (Windows NT 10.0; Win64; x64) AppleWebKit/537.36 (KHTML, like Gecko) Chrome/138.0.0.0 Safari/537.36 Edg/138.0.0.0"
111.70.30.250 - - [31/Jul/2025:08:24:28 +0800] "POST /robot/lora-in.php HTTP/1.1" 200 - "-" "python-requests/2.21.0"
127.0.0.1 - - [31/Jul/2025:08:25:00 +0800] "GET /robot/alarm-history-in.php HTTP/1.1" 200 - "-" "python-requests/2.28.1"
172.16.36.181 - - [31/Jul/2025:08:25:19 +0800] "GET /manager-page/api/snapshot.php?id=11&t=0.1917934489695513 HTTP/1.1" 200 45831 "http://192.168.60.79/manager-page/home-1.php" "Mozilla/5.0 (Windows NT 10.0; Win64; x64) AppleWebKit/537.36 (KHTML, like Gecko) Chrome/138.0.0.0 Safari/537.36 Edg/138.0.0.0"
172.16.36.181 - - [31/Jul/2025:08:25:19 +0800] "GET /manager-page/api/snapshot.php?id=12&t=0.5437726557234995 HTTP/1.1" 200 37471 "http://192.168.60.79/manager-page/home-1.php" "Mozilla/5.0 (Windows NT 10.0; Win64; x64) AppleWebKit/537.36 (KHTML, like Gecko) Chrome/138.0.0.0 Safari/537.36 Edg/138.0.0.0"
127.0.0.1 - - [31/Jul/2025:08:26:00 +0800] "GET /robot/alarm-history-in.php HTTP/1.1" 200 - "-" "python-requests/2.28.1"
172.16.36.181 - - [31/Jul/2025:08:26:07 +0800] "GET /manager-page/api/snapshot.php?id=12&t=0.8229925858460058 HTTP/1.1" 200 37671 "http://192.168.60.79/manager-page/home-1.php" "Mozilla/5.0 (Windows NT 10.0; Win64; x64) AppleWebKit/537.36 (KHTML, like Gecko) Chrome/138.0.0.0 Safari/537.36 Edg/138.0.0.0"
172.16.36.181 - - [31/Jul/2025:08:26:07 +0800] "GET /manager-page/api/snapshot.php?id=11&t=0.4105981379714745 HTTP/1.1" 200 46021 "http://192.168.60.79/manager-page/home-1.php" "Mozilla/5.0 (Windows NT 10.0; Win64; x64) AppleWebKit/537.36 (KHTML, like Gecko) Chrome/138.0.0.0 Safari/537.36 Edg/138.0.0.0"
172.16.36.181 - - [31/Jul/2025:08:26:11 +0800] "GET /manager-page/api/snapshot.php?id=11&t=0.5092484028665918 HTTP/1.1" 200 45680 "http://192.168.60.79/manager-page/home-1.php" "Mozilla/5.0 (Windows NT 10.0; Win64; x64) AppleWebKit/537.36 (KHTML, like Gecko) Chrome/138.0.0.0 Safari/537.36 Edg/138.0.0.0"
172.16.36.181 - - [31/Jul/2025:08:26:11 +0800] "GET /manager-page/api/snapshot.php?id=12&t=0.42793455602901664 HTTP/1.1" 200 37814 "http://192.168.60.79/manager-page/home-1.php" "Mozilla/5.0 (Windows NT 10.0; Win64; x64) AppleWebKit/537.36 (KHTML, like Gecko) Chrome/138.0.0.0 Safari/537.36 Edg/138.0.0.0"
172.16.36.181 - - [31/Jul/2025:08:26:16 +0800] "GET /manager-page/api/snapshot.php?id=12&t=0.6267890277049016 HTTP/1.1" 200 37552 "http://192.168.60.79/manager-page/home-1.php" "Mozilla/5.0 (Windows NT 10.0; Win64; x64) AppleWebKit/537.36 (KHTML, like Gecko) Chrome/138.0.0.0 Safari/537.36 Edg/138.0.0.0"
172.16.36.181 - - [31/Jul/2025:08:26:16 +0800] "GET /manager-page/api/snapshot.php?id=11&t=0.7432508848555937 HTTP/1.1" 200 45912 "http://192.168.60.79/manager-page/home-1.php" "Mozilla/5.0 (Windows NT 10.0; Win64; x64) AppleWebKit/537.36 (KHTML, like Gecko) Chrome/138.0.0.0 Safari/537.36 Edg/138.0.0.0"
172.16.36.181 - - [31/Jul/2025:08:26:21 +0800] "GET /manager-page/api/snapshot.php?id=12&t=0.6831908912403728 HTTP/1.1" 200 37588 "http://192.168.60.79/manager-page/home-1.php" "Mozilla/5.0 (Windows NT 10.0; Win64; x64) AppleWebKit/537.36 (KHTML, like Gecko) Chrome/138.0.0.0 Safari/537.36 Edg/138.0.0.0"
172.16.36.181 - - [31/Jul/2025:08:26:21 +0800] "GET /manager-page/api/snapshot.php?id=11&t=0.6170349734720761 HTTP/1.1" 200 45802 "http://192.168.60.79/manager-page/home-1.php" "Mozilla/5.0 (Windows NT 10.0; Win64; x64) AppleWebKit/537.36 (KHTML, like Gecko) Chrome/138.0.0.0 Safari/537.36 Edg/138.0.0.0"
172.16.36.181 - - [31/Jul/2025:08:26:26 +0800] "GET /manager-page/api/snapshot.php?id=12&t=0.2997158718304782 HTTP/1.1" 200 37596 "http://192.168.60.79/manager-page/home-1.php" "Mozilla/5.0 (Windows NT 10.0; Win64; x64) AppleWebKit/537.36 (KHTML, like Gecko) Chrome/138.0.0.0 Safari/537.36 Edg/138.0.0.0"
172.16.36.181 - - [31/Jul/2025:08:26:26 +0800] "GET /manager-page/api/snapshot.php?id=11&t=0.18141807494052187 HTTP/1.1" 200 45890 "http://192.168.60.79/manager-page/home-1.php" "Mozilla/5.0 (Windows NT 10.0; Win64; x64) AppleWebKit/537.36 (KHTML, like Gecko) Chrome/138.0.0.0 Safari/537.36 Edg/138.0.0.0"
172.16.36.181 - - [31/Jul/2025:08:26:31 +0800] "GET /manager-page/api/snapshot.php?id=12&t=0.7029150736143612 HTTP/1.1" 200 37628 "http://192.168.60.79/manager-page/home-1.php" "Mozilla/5.0 (Windows NT 10.0; Win64; x64) AppleWebKit/537.36 (KHTML, like Gecko) Chrome/138.0.0.0 Safari/537.36 Edg/138.0.0.0"
172.16.36.181 - - [31/Jul/2025:08:26:31 +0800] "GET /manager-page/api/snapshot.php?id=11&t=0.9914137628172017 HTTP/1.1" 200 45917 "http://192.168.60.79/manager-page/home-1.php" "Mozilla/5.0 (Windows NT 10.0; Win64; x64) AppleWebKit/537.36 (KHTML, like Gecko) Chrome/138.0.0.0 Safari/537.36 Edg/138.0.0.0"
172.16.36.181 - - [31/Jul/2025:08:26:35 +0800] "GET /manager-page/alarm/2-1.jpg?t=134741870 HTTP/1.1" 200 408168 "http://192.168.60.79/manager-page/home-2.php" "Mozilla/5.0 (Windows NT 10.0; Win64; x64) AppleWebKit/537.36 (KHTML, like Gecko) Chrome/138.0.0.0 Safari/537.36 Edg/138.0.0.0"
172.16.36.181 - - [31/Jul/2025:08:26:35 +0800] "GET /manager-page/alarm/2-2.jpg?t=851230588 HTTP/1.1" 200 554743 "http://192.168.60.79/manager-page/home-2.php" "Mozilla/5.0 (Windows NT 10.0; Win64; x64) AppleWebKit/537.36 (KHTML, like Gecko) Chrome/138.0.0.0 Safari/537.36 Edg/138.0.0.0"
172.16.36.181 - - [31/Jul/2025:08:26:35 +0800] "GET /manager-page/home-2.php HTTP/1.1" 200 27468 "http://192.168.60.79/manager-page/home-1.php" "Mozilla/5.0 (Windows NT 10.0; Win64; x64) AppleWebKit/537.36 (KHTML, like Gecko) Chrome/138.0.0.0 Safari/537.36 Edg/138.0.0.0"
172.16.36.181 - - [31/Jul/2025:08:26:35 +0800] "GET /manager-page/api/snapshot.php?id=21 HTTP/1.1" 200 51264 "http://192.168.60.79/manager-page/home-2.php" "Mozilla/5.0 (Windows NT 10.0; Win64; x64) AppleWebKit/537.36 (KHTML, like Gecko) Chrome/138.0.0.0 Safari/537.36 Edg/138.0.0.0"
172.16.36.181 - - [31/Jul/2025:08:26:35 +0800] "GET /manager-page/api/snapshot.php?id=22 HTTP/1.1" 200 44292 "http://192.168.60.79/manager-page/home-2.php" "Mozilla/5.0 (Windows NT 10.0; Win64; x64) AppleWebKit/537.36 (KHTML, like Gecko) Chrome/138.0.0.0 Safari/537.36 Edg/138.0.0.0"
172.16.36.181 - - [31/Jul/2025:08:26:37 +0800] "GET /manager-page/api/cms-status2.php HTTP/1.1" 200 12 "http://192.168.60.79/manager-page/home-2.php" "Mozilla/5.0 (Windows NT 10.0; Win64; x64) AppleWebKit/537.36 (KHTML, like Gecko) Chrome/138.0.0.0 Safari/537.36 Edg/138.0.0.0"
172.16.36.181 - - [31/Jul/2025:08:26:37 +0800] "GET /manager-page/api/lp-status2.php HTTP/1.1" 200 1 "http://192.168.60.79/manager-page/home-2.php" "Mozilla/5.0 (Windows NT 10.0; Win64; x64) AppleWebKit/537.36 (KHTML, like Gecko) Chrome/138.0.0.0 Safari/537.36 Edg/138.0.0.0"
172.16.36.181 - - [31/Jul/2025:08:26:42 +0800] "GET /manager-page/api/snapshot.php?id=22&t=0.9658710644981644 HTTP/1.1" 200 44299 "http://192.168.60.79/manager-page/home-2.php" "Mozilla/5.0 (Windows NT 10.0; Win64; x64) AppleWebKit/537.36 (KHTML, like Gecko) Chrome/138.0.0.0 Safari/537.36 Edg/138.0.0.0"
172.16.36.181 - - [31/Jul/2025:08:26:42 +0800] "GET /manager-page/api/snapshot.php?id=21&t=0.1706937262895879 HTTP/1.1" 200 51260 "http://192.168.60.79/manager-page/home-2.php" "Mozilla/5.0 (Windows NT 10.0; Win64; x64) AppleWebKit/537.36 (KHTML, like Gecko) Chrome/138.0.0.0 Safari/537.36 Edg/138.0.0.0"
172.16.36.181 - - [31/Jul/2025:08:26:47 +0800] "GET /manager-page/api/snapshot.php?id=21&t=0.6973997868942831 HTTP/1.1" 200 51258 "http://192.168.60.79/manager-page/home-2.php" "Mozilla/5.0 (Windows NT 10.0; Win64; x64) AppleWebKit/537.36 (KHTML, like Gecko) Chrome/138.0.0.0 Safari/537.36 Edg/138.0.0.0"
172.16.36.181 - - [31/Jul/2025:08:26:47 +0800] "GET /manager-page/api/snapshot.php?id=22&t=0.8099225212875927 HTTP/1.1" 200 44403 "http://192.168.60.79/manager-page/home-2.php" "Mozilla/5.0 (Windows NT 10.0; Win64; x64) AppleWebKit/537.36 (KHTML, like Gecko) Chrome/138.0.0.0 Safari/537.36 Edg/138.0.0.0"
172.16.36.181 - - [31/Jul/2025:08:26:52 +0800] "GET /manager-page/api/snapshot.php?id=21&t=0.08210818881874904 HTTP/1.1" 200 51313 "http://192.168.60.79/manager-page/home-2.php" "Mozilla/5.0 (Windows NT 10.0; Win64; x64) AppleWebKit/537.36 (KHTML, like Gecko) Chrome/138.0.0.0 Safari/537.36 Edg/138.0.0.0"
172.16.36.181 - - [31/Jul/2025:08:26:52 +0800] "GET /manager-page/api/snapshot.php?id=22&t=0.7608249301977057 HTTP/1.1" 200 44443 "http://192.168.60.79/manager-page/home-2.php" "Mozilla/5.0 (Windows NT 10.0; Win64; x64) AppleWebKit/537.36 (KHTML, like Gecko) Chrome/138.0.0.0 Safari/537.36 Edg/138.0.0.0"
127.0.0.1 - - [31/Jul/2025:08:27:00 +0800] "GET /robot/alarm-history-in.php HTTP/1.1" 200 - "-" "python-requests/2.28.1"
172.16.36.181 - - [31/Jul/2025:08:27:06 +0800] "GET /manager-page/alarm/3-1.jpg?t=1780443788 HTTP/1.1" 200 520364 "http://192.168.60.79/manager-page/home-3.php" "Mozilla/5.0 (Windows NT 10.0; Win64; x64) AppleWebKit/537.36 (KHTML, like Gecko) Chrome/138.0.0.0 Safari/537.36 Edg/138.0.0.0"
172.16.36.181 - - [31/Jul/2025:08:27:06 +0800] "GET /manager-page/alarm/3-2.jpg?t=1224696784 HTTP/1.1" 200 187208 "http://192.168.60.79/manager-page/home-3.php" "Mozilla/5.0 (Windows NT 10.0; Win64; x64) AppleWebKit/537.36 (KHTML, like Gecko) Chrome/138.0.0.0 Safari/537.36 Edg/138.0.0.0"
172.16.36.181 - - [31/Jul/2025:08:26:54 +0800] "GET /manager-page/home-3.php HTTP/1.1" 200 27482 "http://192.168.60.79/manager-page/home-2.php" "Mozilla/5.0 (Windows NT 10.0; Win64; x64) AppleWebKit/537.36 (KHTML, like Gecko) Chrome/138.0.0.0 Safari/537.36 Edg/138.0.0.0"
172.16.36.181 - - [31/Jul/2025:08:26:57 +0800] "GET /manager-page/api/snapshot.php?id=22&t=0.6647483629219971 HTTP/1.1" 500 - "http://192.168.60.79/manager-page/home-2.php" "Mozilla/5.0 (Windows NT 10.0; Win64; x64) AppleWebKit/537.36 (KHTML, like Gecko) Chrome/138.0.0.0 Safari/537.36 Edg/138.0.0.0"
172.16.36.181 - - [31/Jul/2025:08:26:57 +0800] "GET /manager-page/api/snapshot.php?id=21&t=0.029313661276465286 HTTP/1.1" 500 - "http://192.168.60.79/manager-page/home-2.php" "Mozilla/5.0 (Windows NT 10.0; Win64; x64) AppleWebKit/537.36 (KHTML, like Gecko) Chrome/138.0.0.0 Safari/537.36 Edg/138.0.0.0"
172.16.36.181 - - [31/Jul/2025:08:27:02 +0800] "GET /manager-page/api/snapshot.php?id=21&t=0.7484809244957634 HTTP/1.1" 200 51228 "http://192.168.60.79/manager-page/home-2.php" "Mozilla/5.0 (Windows NT 10.0; Win64; x64) AppleWebKit/537.36 (KHTML, like Gecko) Chrome/138.0.0.0 Safari/537.36 Edg/138.0.0.0"
172.16.36.181 - - [31/Jul/2025:08:27:02 +0800] "GET /manager-page/api/snapshot.php?id=22&t=0.7111614512944533 HTTP/1.1" 200 44426 "http://192.168.60.79/manager-page/home-2.php" "Mozilla/5.0 (Windows NT 10.0; Win64; x64) AppleWebKit/537.36 (KHTML, like Gecko) Chrome/138.0.0.0 Safari/537.36 Edg/138.0.0.0"
172.16.36.181 - - [31/Jul/2025:08:27:06 +0800] "GET /manager-page/api/snapshot.php?id=31 HTTP/1.1" 200 49802 "http://192.168.60.79/manager-page/home-3.php" "Mozilla/5.0 (Windows NT 10.0; Win64; x64) AppleWebKit/537.36 (KHTML, like Gecko) Chrome/138.0.0.0 Safari/537.36 Edg/138.0.0.0"
172.16.36.181 - - [31/Jul/2025:08:27:06 +0800] "GET /manager-page/api/snapshot.php?id=32 HTTP/1.1" 200 47726 "http://192.168.60.79/manager-page/home-3.php" "Mozilla/5.0 (Windows NT 10.0; Win64; x64) AppleWebKit/537.36 (KHTML, like Gecko) Chrome/138.0.0.0 Safari/537.36 Edg/138.0.0.0"
172.16.36.181 - - [31/Jul/2025:08:27:07 +0800] "GET /manager-page/api/cms-status3.php HTTP/1.1" 200 12 "http://192.168.60.79/manager-page/home-3.php" "Mozilla/5.0 (Windows NT 10.0; Win64; x64) AppleWebKit/537.36 (KHTML, like Gecko) Chrome/138.0.0.0 Safari/537.36 Edg/138.0.0.0"
172.16.36.181 - - [31/Jul/2025:08:27:07 +0800] "GET /manager-page/api/lp-status3.php HTTP/1.1" 200 1 "http://192.168.60.79/manager-page/home-3.php" "Mozilla/5.0 (Windows NT 10.0; Win64; x64) AppleWebKit/537.36 (KHTML, like Gecko) Chrome/138.0.0.0 Safari/537.36 Edg/138.0.0.0"
172.16.36.181 - - [31/Jul/2025:08:27:11 +0800] "GET /manager-page/alarm/4-1.jpg?t=1260672513 HTTP/1.1" 200 436474 "http://192.168.60.79/manager-page/home-4.php" "Mozilla/5.0 (Windows NT 10.0; Win64; x64) AppleWebKit/537.36 (KHTML, like Gecko) Chrome/138.0.0.0 Safari/537.36 Edg/138.0.0.0"
172.16.36.181 - - [31/Jul/2025:08:27:11 +0800] "GET /manager-page/alarm/4-2.jpg?t=230639580 HTTP/1.1" 200 543160 "http://192.168.60.79/manager-page/home-4.php" "Mozilla/5.0 (Windows NT 10.0; Win64; x64) AppleWebKit/537.36 (KHTML, like Gecko) Chrome/138.0.0.0 Safari/537.36 Edg/138.0.0.0"
172.16.36.181 - - [31/Jul/2025:08:27:11 +0800] "GET /manager-page/home-4.php HTTP/1.1" 200 27483 "http://192.168.60.79/manager-page/home-3.php" "Mozilla/5.0 (Windows NT 10.0; Win64; x64) AppleWebKit/537.36 (KHTML, like Gecko) Chrome/138.0.0.0 Safari/537.36 Edg/138.0.0.0"
172.16.36.181 - - [31/Jul/2025:08:27:11 +0800] "GET /manager-page/api/snapshot.php?id=42 HTTP/1.1" 200 53260 "http://192.168.60.79/manager-page/home-4.php" "Mozilla/5.0 (Windows NT 10.0; Win64; x64) AppleWebKit/537.36 (KHTML, like Gecko) Chrome/138.0.0.0 Safari/537.36 Edg/138.0.0.0"
172.16.36.181 - - [31/Jul/2025:08:27:11 +0800] "GET /manager-page/api/snapshot.php?id=41 HTTP/1.1" 200 53809 "http://192.168.60.79/manager-page/home-4.php" "Mozilla/5.0 (Windows NT 10.0; Win64; x64) AppleWebKit/537.36 (KHTML, like Gecko) Chrome/138.0.0.0 Safari/537.36 Edg/138.0.0.0"
172.16.36.181 - - [31/Jul/2025:08:27:13 +0800] "GET /manager-page/api/cms-status4.php HTTP/1.1" 200 12 "http://192.168.60.79/manager-page/home-4.php" "Mozilla/5.0 (Windows NT 10.0; Win64; x64) AppleWebKit/537.36 (KHTML, like Gecko) Chrome/138.0.0.0 Safari/537.36 Edg/138.0.0.0"
172.16.36.181 - - [31/Jul/2025:08:27:13 +0800] "GET /manager-page/api/lp-status4.php HTTP/1.1" 200 1 "http://192.168.60.79/manager-page/home-4.php" "Mozilla/5.0 (Windows NT 10.0; Win64; x64) AppleWebKit/537.36 (KHTML, like Gecko) Chrome/138.0.0.0 Safari/537.36 Edg/138.0.0.0"
172.16.36.181 - - [31/Jul/2025:08:27:18 +0800] "GET /manager-page/api/snapshot.php?id=42&t=0.29013946614120323 HTTP/1.1" 200 53330 "http://192.168.60.79/manager-page/home-4.php" "Mozilla/5.0 (Windows NT 10.0; Win64; x64) AppleWebKit/537.36 (KHTML, like Gecko) Chrome/138.0.0.0 Safari/537.36 Edg/138.0.0.0"
172.16.36.181 - - [31/Jul/2025:08:27:18 +0800] "GET /manager-page/api/snapshot.php?id=41&t=0.19354469684787978 HTTP/1.1" 200 53769 "http://192.168.60.79/manager-page/home-4.php" "Mozilla/5.0 (Windows NT 10.0; Win64; x64) AppleWebKit/537.36 (KHTML, like Gecko) Chrome/138.0.0.0 Safari/537.36 Edg/138.0.0.0"
172.16.36.181 - - [31/Jul/2025:08:27:19 +0800] "GET /manager-page/alarm/1-1.jpg?t=199678698 HTTP/1.1" 200 322868 "http://192.168.60.79/manager-page/home-1.php" "Mozilla/5.0 (Windows NT 10.0; Win64; x64) AppleWebKit/537.36 (KHTML, like Gecko) Chrome/138.0.0.0 Safari/537.36 Edg/138.0.0.0"
172.16.36.181 - - [31/Jul/2025:08:27:19 +0800] "GET /manager-page/alarm/1-2.jpg?t=1831502938 HTTP/1.1" 200 495492 "http://192.168.60.79/manager-page/home-1.php" "Mozilla/5.0 (Windows NT 10.0; Win64; x64) AppleWebKit/537.36 (KHTML, like Gecko) Chrome/138.0.0.0 Safari/537.36 Edg/138.0.0.0"
172.16.36.181 - - [31/Jul/2025:08:27:18 +0800] "GET /manager-page/home-1.php HTTP/1.1" 200 27473 "http://192.168.60.79/manager-page/home-4.php" "Mozilla/5.0 (Windows NT 10.0; Win64; x64) AppleWebKit/537.36 (KHTML, like Gecko) Chrome/138.0.0.0 Safari/537.36 Edg/138.0.0.0"
172.16.36.181 - - [31/Jul/2025:08:27:19 +0800] "GET /manager-page/api/snapshot.php?id=12 HTTP/1.1" 200 37610 "http://192.168.60.79/manager-page/home-1.php" "Mozilla/5.0 (Windows NT 10.0; Win64; x64) AppleWebKit/537.36 (KHTML, like Gecko) Chrome/138.0.0.0 Safari/537.36 Edg/138.0.0.0"
172.16.36.181 - - [31/Jul/2025:08:27:19 +0800] "GET /manager-page/api/snapshot.php?id=11 HTTP/1.1" 200 46368 "http://192.168.60.79/manager-page/home-1.php" "Mozilla/5.0 (Windows NT 10.0; Win64; x64) AppleWebKit/537.36 (KHTML, like Gecko) Chrome/138.0.0.0 Safari/537.36 Edg/138.0.0.0"
172.16.36.181 - - [31/Jul/2025:08:27:21 +0800] "GET /manager-page/api/cms-status1.php HTTP/1.1" 200 12 "http://192.168.60.79/manager-page/home-1.php" "Mozilla/5.0 (Windows NT 10.0; Win64; x64) AppleWebKit/537.36 (KHTML, like Gecko) Chrome/138.0.0.0 Safari/537.36 Edg/138.0.0.0"
172.16.36.181 - - [31/Jul/2025:08:27:21 +0800] "GET /manager-page/api/lp-status1.php HTTP/1.1" 200 1 "http://192.168.60.79/manager-page/home-1.php" "Mozilla/5.0 (Windows NT 10.0; Win64; x64) AppleWebKit/537.36 (KHTML, like Gecko) Chrome/138.0.0.0 Safari/537.36 Edg/138.0.0.0"
172.16.36.181 - - [31/Jul/2025:08:27:26 +0800] "GET /manager-page/api/snapshot.php?id=11&t=0.445063943570017 HTTP/1.1" 200 46366 "http://192.168.60.79/manager-page/home-1.php" "Mozilla/5.0 (Windows NT 10.0; Win64; x64) AppleWebKit/537.36 (KHTML, like Gecko) Chrome/138.0.0.0 Safari/537.36 Edg/138.0.0.0"
172.16.36.181 - - [31/Jul/2025:08:27:26 +0800] "GET /manager-page/api/snapshot.php?id=12&t=0.6154424502497507 HTTP/1.1" 200 37631 "http://192.168.60.79/manager-page/home-1.php" "Mozilla/5.0 (Windows NT 10.0; Win64; x64) AppleWebKit/537.36 (KHTML, like Gecko) Chrome/138.0.0.0 Safari/537.36 Edg/138.0.0.0"
172.16.36.181 - - [31/Jul/2025:08:27:31 +0800] "GET /manager-page/api/snapshot.php?id=12&t=0.8922948272727543 HTTP/1.1" 200 37677 "http://192.168.60.79/manager-page/home-1.php" "Mozilla/5.0 (Windows NT 10.0; Win64; x64) AppleWebKit/537.36 (KHTML, like Gecko) Chrome/138.0.0.0 Safari/537.36 Edg/138.0.0.0"
172.16.36.181 - - [31/Jul/2025:08:27:31 +0800] "GET /manager-page/api/snapshot.php?id=11&t=0.9966372341186741 HTTP/1.1" 200 46320 "http://192.168.60.79/manager-page/home-1.php" "Mozilla/5.0 (Windows NT 10.0; Win64; x64) AppleWebKit/537.36 (KHTML, like Gecko) Chrome/138.0.0.0 Safari/537.36 Edg/138.0.0.0"
172.16.36.181 - - [31/Jul/2025:08:27:36 +0800] "GET /manager-page/api/snapshot.php?id=11&t=0.8185711851167321 HTTP/1.1" 200 46269 "http://192.168.60.79/manager-page/home-1.php" "Mozilla/5.0 (Windows NT 10.0; Win64; x64) AppleWebKit/537.36 (KHTML, like Gecko) Chrome/138.0.0.0 Safari/537.36 Edg/138.0.0.0"
172.16.36.181 - - [31/Jul/2025:08:27:36 +0800] "GET /manager-page/api/snapshot.php?id=12&t=0.2509422851095785 HTTP/1.1" 200 37725 "http://192.168.60.79/manager-page/home-1.php" "Mozilla/5.0 (Windows NT 10.0; Win64; x64) AppleWebKit/537.36 (KHTML, like Gecko) Chrome/138.0.0.0 Safari/537.36 Edg/138.0.0.0"
172.16.36.181 - - [31/Jul/2025:08:27:41 +0800] "GET /manager-page/api/snapshot.php?id=11&t=0.3099053943981007 HTTP/1.1" 200 46236 "http://192.168.60.79/manager-page/home-1.php" "Mozilla/5.0 (Windows NT 10.0; Win64; x64) AppleWebKit/537.36 (KHTML, like Gecko) Chrome/138.0.0.0 Safari/537.36 Edg/138.0.0.0"
172.16.36.181 - - [31/Jul/2025:08:27:41 +0800] "GET /manager-page/api/snapshot.php?id=12&t=0.2733073582044937 HTTP/1.1" 200 37677 "http://192.168.60.79/manager-page/home-1.php" "Mozilla/5.0 (Windows NT 10.0; Win64; x64) AppleWebKit/537.36 (KHTML, like Gecko) Chrome/138.0.0.0 Safari/537.36 Edg/138.0.0.0"
172.16.36.181 - - [31/Jul/2025:08:27:46 +0800] "GET /manager-page/api/snapshot.php?id=11&t=0.6004664390832438 HTTP/1.1" 200 46215 "http://192.168.60.79/manager-page/home-1.php" "Mozilla/5.0 (Windows NT 10.0; Win64; x64) AppleWebKit/537.36 (KHTML, like Gecko) Chrome/138.0.0.0 Safari/537.36 Edg/138.0.0.0"
172.16.36.181 - - [31/Jul/2025:08:27:46 +0800] "GET /manager-page/api/snapshot.php?id=12&t=0.48847945093394385 HTTP/1.1" 200 37662 "http://192.168.60.79/manager-page/home-1.php" "Mozilla/5.0 (Windows NT 10.0; Win64; x64) AppleWebKit/537.36 (KHTML, like Gecko) Chrome/138.0.0.0 Safari/537.36 Edg/138.0.0.0"
172.16.36.181 - - [31/Jul/2025:08:27:52 +0800] "GET /manager-page/api/snapshot.php?id=11&t=0.7947206719663064 HTTP/1.1" 200 46261 "http://192.168.60.79/manager-page/home-1.php" "Mozilla/5.0 (Windows NT 10.0; Win64; x64) AppleWebKit/537.36 (KHTML, like Gecko) Chrome/138.0.0.0 Safari/537.36 Edg/138.0.0.0"
172.16.36.181 - - [31/Jul/2025:08:27:52 +0800] "GET /manager-page/api/snapshot.php?id=12&t=0.8799379278169307 HTTP/1.1" 200 37740 "http://192.168.60.79/manager-page/home-1.php" "Mozilla/5.0 (Windows NT 10.0; Win64; x64) AppleWebKit/537.36 (KHTML, like Gecko) Chrome/138.0.0.0 Safari/537.36 Edg/138.0.0.0"
172.16.36.181 - - [31/Jul/2025:08:27:57 +0800] "GET /manager-page/api/snapshot.php?id=11&t=0.28675846911273395 HTTP/1.1" 200 46258 "http://192.168.60.79/manager-page/home-1.php" "Mozilla/5.0 (Windows NT 10.0; Win64; x64) AppleWebKit/537.36 (KHTML, like Gecko) Chrome/138.0.0.0 Safari/537.36 Edg/138.0.0.0"
172.16.36.181 - - [31/Jul/2025:08:27:57 +0800] "GET /manager-page/api/snapshot.php?id=12&t=0.7248382650537358 HTTP/1.1" 200 37730 "http://192.168.60.79/manager-page/home-1.php" "Mozilla/5.0 (Windows NT 10.0; Win64; x64) AppleWebKit/537.36 (KHTML, like Gecko) Chrome/138.0.0.0 Safari/537.36 Edg/138.0.0.0"
127.0.0.1 - - [31/Jul/2025:08:28:00 +0800] "GET /robot/alarm-history-in.php HTTP/1.1" 200 - "-" "python-requests/2.28.1"
172.16.36.181 - - [31/Jul/2025:08:28:02 +0800] "GET /manager-page/api/snapshot.php?id=12&t=0.621919774065777 HTTP/1.1" 200 37755 "http://192.168.60.79/manager-page/home-1.php" "Mozilla/5.0 (Windows NT 10.0; Win64; x64) AppleWebKit/537.36 (KHTML, like Gecko) Chrome/138.0.0.0 Safari/537.36 Edg/138.0.0.0"
172.16.36.181 - - [31/Jul/2025:08:28:02 +0800] "GET /manager-page/api/snapshot.php?id=11&t=0.09213112641668497 HTTP/1.1" 200 46185 "http://192.168.60.79/manager-page/home-1.php" "Mozilla/5.0 (Windows NT 10.0; Win64; x64) AppleWebKit/537.36 (KHTML, like Gecko) Chrome/138.0.0.0 Safari/537.36 Edg/138.0.0.0"
