127.0.0.1 - - [30/Apr/2025:14:33:01 +0800] "GET /manager-page/api/snapshot.php?id=21 HTTP/1.1" 200 48426 "http://127.0.0.1/manager-page/home-2.php" "Mozilla/5.0 (Windows NT 10.0; Win64; x64) AppleWebKit/537.36 (KHTML, like Gecko) Chrome/119.0.0.0 Safari/537.36"
127.0.0.1 - - [30/Apr/2025:14:33:01 +0800] "GET /manager-page/api/snapshot.php?id=22 HTTP/1.1" 200 42534 "http://127.0.0.1/manager-page/home-2.php" "Mozilla/5.0 (Windows NT 10.0; Win64; x64) AppleWebKit/537.36 (KHTML, like Gecko) Chrome/119.0.0.0 Safari/537.36"
127.0.0.1 - - [30/Apr/2025:14:33:05 +0800] "GET /manager-page/api/cms-status2.php HTTP/1.1" 200 12 "http://127.0.0.1/manager-page/home-2.php" "Mozilla/5.0 (Windows NT 10.0; Win64; x64) AppleWebKit/537.36 (KHTML, like Gecko) Chrome/119.0.0.0 Safari/537.36"
127.0.0.1 - - [30/Apr/2025:14:33:05 +0800] "GET /manager-page/api/lp-status2.php HTTP/1.1" 200 1 "http://127.0.0.1/manager-page/home-2.php" "Mozilla/5.0 (Windows NT 10.0; Win64; x64) AppleWebKit/537.36 (KHTML, like Gecko) Chrome/119.0.0.0 Safari/537.36"
127.0.0.1 - - [30/Apr/2025:14:33:10 +0800] "GET /manager-page/api/snapshot.php?id=22&t=0.8437100156039958 HTTP/1.1" 200 42670 "http://127.0.0.1/manager-page/home-2.php" "Mozilla/5.0 (Windows NT 10.0; Win64; x64) AppleWebKit/537.36 (KHTML, like Gecko) Chrome/119.0.0.0 Safari/537.36"
127.0.0.1 - - [30/Apr/2025:14:33:10 +0800] "GET /manager-page/api/snapshot.php?id=21&t=0.14629856941491615 HTTP/1.1" 200 48423 "http://127.0.0.1/manager-page/home-2.php" "Mozilla/5.0 (Windows NT 10.0; Win64; x64) AppleWebKit/537.36 (KHTML, like Gecko) Chrome/119.0.0.0 Safari/537.36"
127.0.0.1 - - [30/Apr/2025:14:33:15 +0800] "GET /manager-page/api/snapshot.php?id=22&t=0.22628650608908263 HTTP/1.1" 200 42904 "http://127.0.0.1/manager-page/home-2.php" "Mozilla/5.0 (Windows NT 10.0; Win64; x64) AppleWebKit/537.36 (KHTML, like Gecko) Chrome/119.0.0.0 Safari/537.36"
127.0.0.1 - - [30/Apr/2025:14:33:15 +0800] "GET /manager-page/api/snapshot.php?id=21&t=0.14657698154197796 HTTP/1.1" 200 48204 "http://127.0.0.1/manager-page/home-2.php" "Mozilla/5.0 (Windows NT 10.0; Win64; x64) AppleWebKit/537.36 (KHTML, like Gecko) Chrome/119.0.0.0 Safari/537.36"
127.0.0.1 - - [30/Apr/2025:14:33:20 +0800] "GET /manager-page/api/snapshot.php?id=21&t=0.3863020532576724 HTTP/1.1" 200 47920 "http://127.0.0.1/manager-page/home-2.php" "Mozilla/5.0 (Windows NT 10.0; Win64; x64) AppleWebKit/537.36 (KHTML, like Gecko) Chrome/119.0.0.0 Safari/537.36"
127.0.0.1 - - [30/Apr/2025:14:33:20 +0800] "GET /manager-page/api/snapshot.php?id=22&t=0.5267330249163058 HTTP/1.1" 200 42634 "http://127.0.0.1/manager-page/home-2.php" "Mozilla/5.0 (Windows NT 10.0; Win64; x64) AppleWebKit/537.36 (KHTML, like Gecko) Chrome/119.0.0.0 Safari/537.36"
127.0.0.1 - - [30/Apr/2025:14:33:25 +0800] "GET /manager-page/api/snapshot.php?id=21&t=0.7836923806811109 HTTP/1.1" 200 48233 "http://127.0.0.1/manager-page/home-2.php" "Mozilla/5.0 (Windows NT 10.0; Win64; x64) AppleWebKit/537.36 (KHTML, like Gecko) Chrome/119.0.0.0 Safari/537.36"
127.0.0.1 - - [30/Apr/2025:14:33:25 +0800] "GET /manager-page/api/snapshot.php?id=22&t=0.3822069390146132 HTTP/1.1" 200 42612 "http://127.0.0.1/manager-page/home-2.php" "Mozilla/5.0 (Windows NT 10.0; Win64; x64) AppleWebKit/537.36 (KHTML, like Gecko) Chrome/119.0.0.0 Safari/537.36"
127.0.0.1 - - [30/Apr/2025:14:33:30 +0800] "GET /manager-page/api/snapshot.php?id=22&t=0.472819497887341 HTTP/1.1" 200 42675 "http://127.0.0.1/manager-page/home-2.php" "Mozilla/5.0 (Windows NT 10.0; Win64; x64) AppleWebKit/537.36 (KHTML, like Gecko) Chrome/119.0.0.0 Safari/537.36"
127.0.0.1 - - [30/Apr/2025:14:33:30 +0800] "GET /manager-page/api/snapshot.php?id=21&t=0.4569361049249714 HTTP/1.1" 200 48200 "http://127.0.0.1/manager-page/home-2.php" "Mozilla/5.0 (Windows NT 10.0; Win64; x64) AppleWebKit/537.36 (KHTML, like Gecko) Chrome/119.0.0.0 Safari/537.36"
127.0.0.1 - - [30/Apr/2025:14:33:35 +0800] "GET /manager-page/api/snapshot.php?id=21&t=0.1398618436624861 HTTP/1.1" 200 48201 "http://127.0.0.1/manager-page/home-2.php" "Mozilla/5.0 (Windows NT 10.0; Win64; x64) AppleWebKit/537.36 (KHTML, like Gecko) Chrome/119.0.0.0 Safari/537.36"
127.0.0.1 - - [30/Apr/2025:14:33:35 +0800] "GET /manager-page/api/snapshot.php?id=22&t=0.6917958165848022 HTTP/1.1" 200 42906 "http://127.0.0.1/manager-page/home-2.php" "Mozilla/5.0 (Windows NT 10.0; Win64; x64) AppleWebKit/537.36 (KHTML, like Gecko) Chrome/119.0.0.0 Safari/537.36"
127.0.0.1 - - [30/Apr/2025:14:33:40 +0800] "GET /manager-page/api/snapshot.php?id=21&t=0.7914103680776383 HTTP/1.1" 200 49434 "http://127.0.0.1/manager-page/home-2.php" "Mozilla/5.0 (Windows NT 10.0; Win64; x64) AppleWebKit/537.36 (KHTML, like Gecko) Chrome/119.0.0.0 Safari/537.36"
127.0.0.1 - - [30/Apr/2025:14:33:40 +0800] "GET /manager-page/api/snapshot.php?id=22&t=0.308554793469902 HTTP/1.1" 200 43293 "http://127.0.0.1/manager-page/home-2.php" "Mozilla/5.0 (Windows NT 10.0; Win64; x64) AppleWebKit/537.36 (KHTML, like Gecko) Chrome/119.0.0.0 Safari/537.36"
127.0.0.1 - - [30/Apr/2025:14:33:45 +0800] "GET /manager-page/api/snapshot.php?id=21&t=0.918014816663189 HTTP/1.1" 200 48329 "http://127.0.0.1/manager-page/home-2.php" "Mozilla/5.0 (Windows NT 10.0; Win64; x64) AppleWebKit/537.36 (KHTML, like Gecko) Chrome/119.0.0.0 Safari/537.36"
127.0.0.1 - - [30/Apr/2025:14:33:45 +0800] "GET /manager-page/api/snapshot.php?id=22&t=0.5042479210101207 HTTP/1.1" 200 44268 "http://127.0.0.1/manager-page/home-2.php" "Mozilla/5.0 (Windows NT 10.0; Win64; x64) AppleWebKit/537.36 (KHTML, like Gecko) Chrome/119.0.0.0 Safari/537.36"
127.0.0.1 - - [30/Apr/2025:14:33:50 +0800] "GET /manager-page/api/snapshot.php?id=22&t=0.855864537336237 HTTP/1.1" 200 42830 "http://127.0.0.1/manager-page/home-2.php" "Mozilla/5.0 (Windows NT 10.0; Win64; x64) AppleWebKit/537.36 (KHTML, like Gecko) Chrome/119.0.0.0 Safari/537.36"
127.0.0.1 - - [30/Apr/2025:14:33:50 +0800] "GET /manager-page/api/snapshot.php?id=21&t=0.25333954897276034 HTTP/1.1" 200 48273 "http://127.0.0.1/manager-page/home-2.php" "Mozilla/5.0 (Windows NT 10.0; Win64; x64) AppleWebKit/537.36 (KHTML, like Gecko) Chrome/119.0.0.0 Safari/537.36"
127.0.0.1 - - [30/Apr/2025:14:33:55 +0800] "GET /manager-page/api/snapshot.php?id=22&t=0.1312706219903612 HTTP/1.1" 200 42947 "http://127.0.0.1/manager-page/home-2.php" "Mozilla/5.0 (Windows NT 10.0; Win64; x64) AppleWebKit/537.36 (KHTML, like Gecko) Chrome/119.0.0.0 Safari/537.36"
127.0.0.1 - - [30/Apr/2025:14:33:55 +0800] "GET /manager-page/api/snapshot.php?id=21&t=0.1901332938286009 HTTP/1.1" 200 48262 "http://127.0.0.1/manager-page/home-2.php" "Mozilla/5.0 (Windows NT 10.0; Win64; x64) AppleWebKit/537.36 (KHTML, like Gecko) Chrome/119.0.0.0 Safari/537.36"
127.0.0.1 - - [30/Apr/2025:14:34:00 +0800] "GET /manager-page/api/snapshot.php?id=21&t=0.854594564037809 HTTP/1.1" 200 48367 "http://127.0.0.1/manager-page/home-2.php" "Mozilla/5.0 (Windows NT 10.0; Win64; x64) AppleWebKit/537.36 (KHTML, like Gecko) Chrome/119.0.0.0 Safari/537.36"
172.16.36.181 - - [30/Apr/2025:14:34:00 +0800] "GET /manager-page/api/snapshot.php?id=11&t=0.24843503209090012 HTTP/1.1" 200 41361 "http://192.168.60.79/manager-page/home-1.php" "Mozilla/5.0 (Windows NT 10.0; Win64; x64) AppleWebKit/537.36 (KHTML, like Gecko) Chrome/135.0.0.0 Safari/537.36 Edg/135.0.0.0"
127.0.0.1 - - [30/Apr/2025:14:34:00 +0800] "GET /robot/alarm-history-in.php HTTP/1.1" 200 - "-" "python-requests/2.28.1"
172.16.36.181 - - [30/Apr/2025:14:34:00 +0800] "GET /manager-page/api/snapshot.php?id=12&t=0.16616330240646238 HTTP/1.1" 200 40177 "http://192.168.60.79/manager-page/home-1.php" "Mozilla/5.0 (Windows NT 10.0; Win64; x64) AppleWebKit/537.36 (KHTML, like Gecko) Chrome/135.0.0.0 Safari/537.36 Edg/135.0.0.0"
127.0.0.1 - - [30/Apr/2025:14:34:00 +0800] "GET /manager-page/api/snapshot.php?id=22&t=0.49300688757199795 HTTP/1.1" 200 42977 "http://127.0.0.1/manager-page/home-2.php" "Mozilla/5.0 (Windows NT 10.0; Win64; x64) AppleWebKit/537.36 (KHTML, like Gecko) Chrome/119.0.0.0 Safari/537.36"
127.0.0.1 - - [30/Apr/2025:14:34:05 +0800] "GET /manager-page/api/snapshot.php?id=21&t=0.1273618361039861 HTTP/1.1" 200 48505 "http://127.0.0.1/manager-page/home-2.php" "Mozilla/5.0 (Windows NT 10.0; Win64; x64) AppleWebKit/537.36 (KHTML, like Gecko) Chrome/119.0.0.0 Safari/537.36"
127.0.0.1 - - [30/Apr/2025:14:34:05 +0800] "GET /manager-page/api/snapshot.php?id=22&t=0.37648478094725935 HTTP/1.1" 200 42979 "http://127.0.0.1/manager-page/home-2.php" "Mozilla/5.0 (Windows NT 10.0; Win64; x64) AppleWebKit/537.36 (KHTML, like Gecko) Chrome/119.0.0.0 Safari/537.36"
127.0.0.1 - - [30/Apr/2025:14:34:10 +0800] "GET /manager-page/api/snapshot.php?id=21&t=0.33620525473483 HTTP/1.1" 200 48538 "http://127.0.0.1/manager-page/home-2.php" "Mozilla/5.0 (Windows NT 10.0; Win64; x64) AppleWebKit/537.36 (KHTML, like Gecko) Chrome/119.0.0.0 Safari/537.36"
127.0.0.1 - - [30/Apr/2025:14:34:10 +0800] "GET /manager-page/api/snapshot.php?id=22&t=0.9405827255593446 HTTP/1.1" 200 42989 "http://127.0.0.1/manager-page/home-2.php" "Mozilla/5.0 (Windows NT 10.0; Win64; x64) AppleWebKit/537.36 (KHTML, like Gecko) Chrome/119.0.0.0 Safari/537.36"
127.0.0.1 - - [30/Apr/2025:14:34:15 +0800] "GET /manager-page/api/snapshot.php?id=22&t=0.5243047593995669 HTTP/1.1" 200 43034 "http://127.0.0.1/manager-page/home-2.php" "Mozilla/5.0 (Windows NT 10.0; Win64; x64) AppleWebKit/537.36 (KHTML, like Gecko) Chrome/119.0.0.0 Safari/537.36"
127.0.0.1 - - [30/Apr/2025:14:34:15 +0800] "GET /manager-page/api/snapshot.php?id=21&t=0.4358454687904425 HTTP/1.1" 200 48499 "http://127.0.0.1/manager-page/home-2.php" "Mozilla/5.0 (Windows NT 10.0; Win64; x64) AppleWebKit/537.36 (KHTML, like Gecko) Chrome/119.0.0.0 Safari/537.36"
127.0.0.1 - - [30/Apr/2025:14:34:18 +0800] "GET /manager-page/api/cms-off2.php?token1=7fff4bd5329ca3bc1a2b227f71f9d2ca7b1368594b9e67188fe5fd6f8cf4f057a666145358614ef59c587b66b08a237ed05a7de33967c61b39042a2141dc935d HTTP/1.1" 200 2 "http://127.0.0.1/manager-page/home-2.php" "Mozilla/5.0 (Windows NT 10.0; Win64; x64) AppleWebKit/537.36 (KHTML, like Gecko) Chrome/119.0.0.0 Safari/537.36"
127.0.0.1 - - [30/Apr/2025:14:34:20 +0800] "GET /manager-page/api/snapshot.php?id=21&t=0.831660895281922 HTTP/1.1" 200 48522 "http://127.0.0.1/manager-page/home-2.php" "Mozilla/5.0 (Windows NT 10.0; Win64; x64) AppleWebKit/537.36 (KHTML, like Gecko) Chrome/119.0.0.0 Safari/537.36"
127.0.0.1 - - [30/Apr/2025:14:34:20 +0800] "GET /manager-page/api/snapshot.php?id=22&t=0.4936857431847932 HTTP/1.1" 200 43060 "http://127.0.0.1/manager-page/home-2.php" "Mozilla/5.0 (Windows NT 10.0; Win64; x64) AppleWebKit/537.36 (KHTML, like Gecko) Chrome/119.0.0.0 Safari/537.36"
127.0.0.1 - - [30/Apr/2025:14:34:25 +0800] "GET /manager-page/api/snapshot.php?id=21&t=0.9392430013829609 HTTP/1.1" 200 48568 "http://127.0.0.1/manager-page/home-2.php" "Mozilla/5.0 (Windows NT 10.0; Win64; x64) AppleWebKit/537.36 (KHTML, like Gecko) Chrome/119.0.0.0 Safari/537.36"
127.0.0.1 - - [30/Apr/2025:14:34:25 +0800] "GET /manager-page/api/snapshot.php?id=22&t=0.6115977850311223 HTTP/1.1" 200 43012 "http://127.0.0.1/manager-page/home-2.php" "Mozilla/5.0 (Windows NT 10.0; Win64; x64) AppleWebKit/537.36 (KHTML, like Gecko) Chrome/119.0.0.0 Safari/537.36"
127.0.0.1 - - [30/Apr/2025:14:34:33 +0800] "GET /manager-page/api/snapshot.php?id=21&t=0.0852718917735742 HTTP/1.1" 200 48558 "http://127.0.0.1/manager-page/home-2.php" "Mozilla/5.0 (Windows NT 10.0; Win64; x64) AppleWebKit/537.36 (KHTML, like Gecko) Chrome/119.0.0.0 Safari/537.36"
127.0.0.1 - - [30/Apr/2025:14:34:33 +0800] "GET /manager-page/api/snapshot.php?id=22&t=0.25506934897874967 HTTP/1.1" 200 43089 "http://127.0.0.1/manager-page/home-2.php" "Mozilla/5.0 (Windows NT 10.0; Win64; x64) AppleWebKit/537.36 (KHTML, like Gecko) Chrome/119.0.0.0 Safari/537.36"
127.0.0.1 - - [30/Apr/2025:14:34:37 +0800] "GET /manager-page/api/snapshot.php?id=21&t=0.4765745618364674 HTTP/1.1" 200 48592 "http://127.0.0.1/manager-page/home-2.php" "Mozilla/5.0 (Windows NT 10.0; Win64; x64) AppleWebKit/537.36 (KHTML, like Gecko) Chrome/119.0.0.0 Safari/537.36"
127.0.0.1 - - [30/Apr/2025:14:34:37 +0800] "GET /manager-page/api/snapshot.php?id=22&t=0.3716260662441522 HTTP/1.1" 200 43048 "http://127.0.0.1/manager-page/home-2.php" "Mozilla/5.0 (Windows NT 10.0; Win64; x64) AppleWebKit/537.36 (KHTML, like Gecko) Chrome/119.0.0.0 Safari/537.36"
127.0.0.1 - - [30/Apr/2025:14:34:40 +0800] "GET /manager-page/api/snapshot.php?id=21&t=0.5322241397187588 HTTP/1.1" 200 48571 "http://127.0.0.1/manager-page/home-2.php" "Mozilla/5.0 (Windows NT 10.0; Win64; x64) AppleWebKit/537.36 (KHTML, like Gecko) Chrome/119.0.0.0 Safari/537.36"
127.0.0.1 - - [30/Apr/2025:14:34:40 +0800] "GET /manager-page/api/snapshot.php?id=22&t=0.560505550529488 HTTP/1.1" 200 43090 "http://127.0.0.1/manager-page/home-2.php" "Mozilla/5.0 (Windows NT 10.0; Win64; x64) AppleWebKit/537.36 (KHTML, like Gecko) Chrome/119.0.0.0 Safari/537.36"
127.0.0.1 - - [30/Apr/2025:14:34:41 +0800] "GET /manager-page/alarm/2-2.jpg?t=509032233 HTTP/1.1" 200 491657 "http://127.0.0.1/manager-page/home-2.php" "Mozilla/5.0 (Windows NT 10.0; Win64; x64) AppleWebKit/537.36 (KHTML, like Gecko) Chrome/119.0.0.0 Safari/537.36"
127.0.0.1 - - [30/Apr/2025:14:34:41 +0800] "GET /manager-page/alarm/2-1.jpg?t=572629748 HTTP/1.1" 200 514937 "http://127.0.0.1/manager-page/home-2.php" "Mozilla/5.0 (Windows NT 10.0; Win64; x64) AppleWebKit/537.36 (KHTML, like Gecko) Chrome/119.0.0.0 Safari/537.36"
127.0.0.1 - - [30/Apr/2025:14:34:40 +0800] "GET /manager-page/home-2.php HTTP/1.1" 200 30142 "http://127.0.0.1/manager-page/home-2.php" "Mozilla/5.0 (Windows NT 10.0; Win64; x64) AppleWebKit/537.36 (KHTML, like Gecko) Chrome/119.0.0.0 Safari/537.36"
127.0.0.1 - - [30/Apr/2025:14:34:41 +0800] "GET /manager-page/api/snapshot.php?id=22 HTTP/1.1" 200 43009 "http://127.0.0.1/manager-page/home-2.php" "Mozilla/5.0 (Windows NT 10.0; Win64; x64) AppleWebKit/537.36 (KHTML, like Gecko) Chrome/119.0.0.0 Safari/537.36"
127.0.0.1 - - [30/Apr/2025:14:34:41 +0800] "GET /manager-page/api/snapshot.php?id=21 HTTP/1.1" 200 48667 "http://127.0.0.1/manager-page/home-2.php" "Mozilla/5.0 (Windows NT 10.0; Win64; x64) AppleWebKit/537.36 (KHTML, like Gecko) Chrome/119.0.0.0 Safari/537.36"
127.0.0.1 - - [30/Apr/2025:14:34:44 +0800] "GET /manager-page/api/cms-status2.php HTTP/1.1" 200 12 "http://127.0.0.1/manager-page/home-2.php" "Mozilla/5.0 (Windows NT 10.0; Win64; x64) AppleWebKit/537.36 (KHTML, like Gecko) Chrome/119.0.0.0 Safari/537.36"
127.0.0.1 - - [30/Apr/2025:14:34:44 +0800] "GET /manager-page/api/lp-status2.php HTTP/1.1" 200 1 "http://127.0.0.1/manager-page/home-2.php" "Mozilla/5.0 (Windows NT 10.0; Win64; x64) AppleWebKit/537.36 (KHTML, like Gecko) Chrome/119.0.0.0 Safari/537.36"
127.0.0.1 - - [30/Apr/2025:14:34:49 +0800] "GET /manager-page/api/snapshot.php?id=21&t=0.36353035545282864 HTTP/1.1" 200 48718 "http://127.0.0.1/manager-page/home-2.php" "Mozilla/5.0 (Windows NT 10.0; Win64; x64) AppleWebKit/537.36 (KHTML, like Gecko) Chrome/119.0.0.0 Safari/537.36"
127.0.0.1 - - [30/Apr/2025:14:34:49 +0800] "GET /manager-page/api/snapshot.php?id=22&t=0.4340934596898196 HTTP/1.1" 200 42949 "http://127.0.0.1/manager-page/home-2.php" "Mozilla/5.0 (Windows NT 10.0; Win64; x64) AppleWebKit/537.36 (KHTML, like Gecko) Chrome/119.0.0.0 Safari/537.36"
127.0.0.1 - - [30/Apr/2025:14:34:51 +0800] "GET /manager-page/api/cms-off2.php?token1=7fff4bd5329ca3bc1a2b227f71f9d2ca7b1368594b9e67188fe5fd6f8cf4f057a666145358614ef59c587b66b08a237ed05a7de33967c61b39042a2141dc935d HTTP/1.1" 200 2 "http://127.0.0.1/manager-page/home-2.php" "Mozilla/5.0 (Windows NT 10.0; Win64; x64) AppleWebKit/537.36 (KHTML, like Gecko) Chrome/119.0.0.0 Safari/537.36"
127.0.0.1 - - [30/Apr/2025:14:34:54 +0800] "GET /manager-page/api/snapshot.php?id=22&t=0.8852212960750778 HTTP/1.1" 200 42932 "http://127.0.0.1/manager-page/home-2.php" "Mozilla/5.0 (Windows NT 10.0; Win64; x64) AppleWebKit/537.36 (KHTML, like Gecko) Chrome/119.0.0.0 Safari/537.36"
127.0.0.1 - - [30/Apr/2025:14:34:54 +0800] "GET /manager-page/api/snapshot.php?id=21&t=0.9983457092373584 HTTP/1.1" 200 48715 "http://127.0.0.1/manager-page/home-2.php" "Mozilla/5.0 (Windows NT 10.0; Win64; x64) AppleWebKit/537.36 (KHTML, like Gecko) Chrome/119.0.0.0 Safari/537.36"
172.16.36.181 - - [30/Apr/2025:14:34:59 +0800] "GET /manager-page/api/snapshot.php?id=12&t=0.25206529994676363 HTTP/1.1" 200 39987 "http://192.168.60.79/manager-page/home-1.php" "Mozilla/5.0 (Windows NT 10.0; Win64; x64) AppleWebKit/537.36 (KHTML, like Gecko) Chrome/135.0.0.0 Safari/537.36 Edg/135.0.0.0"
172.16.36.181 - - [30/Apr/2025:14:34:59 +0800] "GET /manager-page/api/snapshot.php?id=11&t=0.5930717600337669 HTTP/1.1" 200 41298 "http://192.168.60.79/manager-page/home-1.php" "Mozilla/5.0 (Windows NT 10.0; Win64; x64) AppleWebKit/537.36 (KHTML, like Gecko) Chrome/135.0.0.0 Safari/537.36 Edg/135.0.0.0"
127.0.0.1 - - [30/Apr/2025:14:35:00 +0800] "GET /robot/alarm-history-in.php HTTP/1.1" 200 - "-" "python-requests/2.28.1"
127.0.0.1 - - [30/Apr/2025:14:35:01 +0800] "GET /manager-page/api/snapshot.php?id=21&t=0.27292744480807185 HTTP/1.1" 200 48621 "http://127.0.0.1/manager-page/home-2.php" "Mozilla/5.0 (Windows NT 10.0; Win64; x64) AppleWebKit/537.36 (KHTML, like Gecko) Chrome/119.0.0.0 Safari/537.36"
172.16.36.181 - - [30/Apr/2025:14:35:02 +0800] "GET /manager-page/api/snapshot.php?id=12&t=0.2140901037698446 HTTP/1.1" 200 39970 "http://192.168.60.79/manager-page/home-1.php" "Mozilla/5.0 (Windows NT 10.0; Win64; x64) AppleWebKit/537.36 (KHTML, like Gecko) Chrome/135.0.0.0 Safari/537.36 Edg/135.0.0.0"
172.16.36.181 - - [30/Apr/2025:14:35:02 +0800] "GET /manager-page/api/snapshot.php?id=11&t=0.5127406511861062 HTTP/1.1" 200 41241 "http://192.168.60.79/manager-page/home-1.php" "Mozilla/5.0 (Windows NT 10.0; Win64; x64) AppleWebKit/537.36 (KHTML, like Gecko) Chrome/135.0.0.0 Safari/537.36 Edg/135.0.0.0"
127.0.0.1 - - [30/Apr/2025:14:35:04 +0800] "POST /robot/et-7026-in.php HTTP/1.1" 200 - "-" "python-requests/2.32.2"
127.0.0.1 - - [30/Apr/2025:14:35:04 +0800] "GET /manager-page/api/snapshot.php?id=22&t=0.19495730275530554 HTTP/1.1" 200 42985 "http://127.0.0.1/manager-page/home-2.php" "Mozilla/5.0 (Windows NT 10.0; Win64; x64) AppleWebKit/537.36 (KHTML, like Gecko) Chrome/119.0.0.0 Safari/537.36"
127.0.0.1 - - [30/Apr/2025:14:35:04 +0800] "GET /manager-page/api/snapshot.php?id=21&t=0.39992774630011674 HTTP/1.1" 200 48605 "http://127.0.0.1/manager-page/home-2.php" "Mozilla/5.0 (Windows NT 10.0; Win64; x64) AppleWebKit/537.36 (KHTML, like Gecko) Chrome/119.0.0.0 Safari/537.36"
172.16.36.181 - - [30/Apr/2025:14:35:07 +0800] "GET /manager-page/api/snapshot.php?id=12&t=0.6769217463000933 HTTP/1.1" 200 40431 "http://192.168.60.79/manager-page/home-1.php" "Mozilla/5.0 (Windows NT 10.0; Win64; x64) AppleWebKit/537.36 (KHTML, like Gecko) Chrome/135.0.0.0 Safari/537.36 Edg/135.0.0.0"
172.16.36.181 - - [30/Apr/2025:14:35:07 +0800] "GET /manager-page/api/snapshot.php?id=11&t=0.7134373202860441 HTTP/1.1" 200 41269 "http://192.168.60.79/manager-page/home-1.php" "Mozilla/5.0 (Windows NT 10.0; Win64; x64) AppleWebKit/537.36 (KHTML, like Gecko) Chrome/135.0.0.0 Safari/537.36 Edg/135.0.0.0"
127.0.0.1 - - [30/Apr/2025:14:35:09 +0800] "GET /manager-page/api/snapshot.php?id=21&t=0.5157984287987212 HTTP/1.1" 200 48551 "http://127.0.0.1/manager-page/home-2.php" "Mozilla/5.0 (Windows NT 10.0; Win64; x64) AppleWebKit/537.36 (KHTML, like Gecko) Chrome/119.0.0.0 Safari/537.36"
127.0.0.1 - - [30/Apr/2025:14:35:09 +0800] "GET /manager-page/api/snapshot.php?id=22&t=0.6196133100843744 HTTP/1.1" 200 42852 "http://127.0.0.1/manager-page/home-2.php" "Mozilla/5.0 (Windows NT 10.0; Win64; x64) AppleWebKit/537.36 (KHTML, like Gecko) Chrome/119.0.0.0 Safari/537.36"
172.16.36.181 - - [30/Apr/2025:14:35:12 +0800] "GET /manager-page/api/snapshot.php?id=11&t=0.3163802973416173 HTTP/1.1" 200 41256 "http://192.168.60.79/manager-page/home-1.php" "Mozilla/5.0 (Windows NT 10.0; Win64; x64) AppleWebKit/537.36 (KHTML, like Gecko) Chrome/135.0.0.0 Safari/537.36 Edg/135.0.0.0"
172.16.36.181 - - [30/Apr/2025:14:35:12 +0800] "GET /manager-page/api/snapshot.php?id=12&t=0.16683385847332255 HTTP/1.1" 200 39898 "http://192.168.60.79/manager-page/home-1.php" "Mozilla/5.0 (Windows NT 10.0; Win64; x64) AppleWebKit/537.36 (KHTML, like Gecko) Chrome/135.0.0.0 Safari/537.36 Edg/135.0.0.0"
127.0.0.1 - - [30/Apr/2025:14:35:14 +0800] "GET /manager-page/api/snapshot.php?id=22&t=0.11845222862220672 HTTP/1.1" 200 42880 "http://127.0.0.1/manager-page/home-2.php" "Mozilla/5.0 (Windows NT 10.0; Win64; x64) AppleWebKit/537.36 (KHTML, like Gecko) Chrome/119.0.0.0 Safari/537.36"
127.0.0.1 - - [30/Apr/2025:14:35:14 +0800] "GET /manager-page/api/snapshot.php?id=21&t=0.8155090558877378 HTTP/1.1" 200 48634 "http://127.0.0.1/manager-page/home-2.php" "Mozilla/5.0 (Windows NT 10.0; Win64; x64) AppleWebKit/537.36 (KHTML, like Gecko) Chrome/119.0.0.0 Safari/537.36"
172.16.36.181 - - [30/Apr/2025:14:35:17 +0800] "GET /manager-page/api/snapshot.php?id=12&t=0.40334981157064964 HTTP/1.1" 200 39908 "http://192.168.60.79/manager-page/home-1.php" "Mozilla/5.0 (Windows NT 10.0; Win64; x64) AppleWebKit/537.36 (KHTML, like Gecko) Chrome/135.0.0.0 Safari/537.36 Edg/135.0.0.0"
172.16.36.181 - - [30/Apr/2025:14:35:17 +0800] "GET /manager-page/api/snapshot.php?id=11&t=0.22341731352581862 HTTP/1.1" 200 41194 "http://192.168.60.79/manager-page/home-1.php" "Mozilla/5.0 (Windows NT 10.0; Win64; x64) AppleWebKit/537.36 (KHTML, like Gecko) Chrome/135.0.0.0 Safari/537.36 Edg/135.0.0.0"
127.0.0.1 - - [30/Apr/2025:14:35:19 +0800] "GET /manager-page/api/snapshot.php?id=21&t=0.49481400113216334 HTTP/1.1" 200 48566 "http://127.0.0.1/manager-page/home-2.php" "Mozilla/5.0 (Windows NT 10.0; Win64; x64) AppleWebKit/537.36 (KHTML, like Gecko) Chrome/119.0.0.0 Safari/537.36"
127.0.0.1 - - [30/Apr/2025:14:35:19 +0800] "GET /manager-page/api/snapshot.php?id=22&t=0.00728635542958056 HTTP/1.1" 200 42849 "http://127.0.0.1/manager-page/home-2.php" "Mozilla/5.0 (Windows NT 10.0; Win64; x64) AppleWebKit/537.36 (KHTML, like Gecko) Chrome/119.0.0.0 Safari/537.36"
172.16.36.181 - - [30/Apr/2025:14:35:22 +0800] "GET /manager-page/api/snapshot.php?id=11&t=0.5548912065523334 HTTP/1.1" 200 41256 "http://192.168.60.79/manager-page/home-1.php" "Mozilla/5.0 (Windows NT 10.0; Win64; x64) AppleWebKit/537.36 (KHTML, like Gecko) Chrome/135.0.0.0 Safari/537.36 Edg/135.0.0.0"
172.16.36.181 - - [30/Apr/2025:14:35:22 +0800] "GET /manager-page/api/snapshot.php?id=12&t=0.4639203099354243 HTTP/1.1" 200 39848 "http://192.168.60.79/manager-page/home-1.php" "Mozilla/5.0 (Windows NT 10.0; Win64; x64) AppleWebKit/537.36 (KHTML, like Gecko) Chrome/135.0.0.0 Safari/537.36 Edg/135.0.0.0"
127.0.0.1 - - [30/Apr/2025:14:35:25 +0800] "POST /robot/et-7026-in.php HTTP/1.1" 200 - "-" "python-requests/2.32.2"
127.0.0.1 - - [30/Apr/2025:14:35:24 +0800] "GET /manager-page/api/snapshot.php?id=21&t=0.3216674538149835 HTTP/1.1" 200 48662 "http://127.0.0.1/manager-page/home-2.php" "Mozilla/5.0 (Windows NT 10.0; Win64; x64) AppleWebKit/537.36 (KHTML, like Gecko) Chrome/119.0.0.0 Safari/537.36"
127.0.0.1 - - [30/Apr/2025:14:35:24 +0800] "GET /manager-page/api/snapshot.php?id=22&t=0.4002653611581417 HTTP/1.1" 200 42865 "http://127.0.0.1/manager-page/home-2.php" "Mozilla/5.0 (Windows NT 10.0; Win64; x64) AppleWebKit/537.36 (KHTML, like Gecko) Chrome/119.0.0.0 Safari/537.36"
172.16.36.181 - - [30/Apr/2025:14:35:27 +0800] "GET /manager-page/api/snapshot.php?id=11&t=0.5942922089849826 HTTP/1.1" 200 41339 "http://192.168.60.79/manager-page/home-1.php" "Mozilla/5.0 (Windows NT 10.0; Win64; x64) AppleWebKit/537.36 (KHTML, like Gecko) Chrome/135.0.0.0 Safari/537.36 Edg/135.0.0.0"
172.16.36.181 - - [30/Apr/2025:14:35:27 +0800] "GET /manager-page/api/snapshot.php?id=12&t=0.30031879339587364 HTTP/1.1" 200 39843 "http://192.168.60.79/manager-page/home-1.php" "Mozilla/5.0 (Windows NT 10.0; Win64; x64) AppleWebKit/537.36 (KHTML, like Gecko) Chrome/135.0.0.0 Safari/537.36 Edg/135.0.0.0"
127.0.0.1 - - [30/Apr/2025:14:35:29 +0800] "GET /manager-page/api/snapshot.php?id=22&t=0.8415603014895352 HTTP/1.1" 200 42840 "http://127.0.0.1/manager-page/home-2.php" "Mozilla/5.0 (Windows NT 10.0; Win64; x64) AppleWebKit/537.36 (KHTML, like Gecko) Chrome/119.0.0.0 Safari/537.36"
127.0.0.1 - - [30/Apr/2025:14:35:29 +0800] "GET /manager-page/api/snapshot.php?id=21&t=0.7940497395644268 HTTP/1.1" 200 48629 "http://127.0.0.1/manager-page/home-2.php" "Mozilla/5.0 (Windows NT 10.0; Win64; x64) AppleWebKit/537.36 (KHTML, like Gecko) Chrome/119.0.0.0 Safari/537.36"
172.16.36.181 - - [30/Apr/2025:14:35:32 +0800] "GET /manager-page/api/snapshot.php?id=12&t=0.4656264920057812 HTTP/1.1" 200 39769 "http://192.168.60.79/manager-page/home-1.php" "Mozilla/5.0 (Windows NT 10.0; Win64; x64) AppleWebKit/537.36 (KHTML, like Gecko) Chrome/135.0.0.0 Safari/537.36 Edg/135.0.0.0"
172.16.36.181 - - [30/Apr/2025:14:35:32 +0800] "GET /manager-page/api/snapshot.php?id=11&t=0.1503102717559277 HTTP/1.1" 200 41292 "http://192.168.60.79/manager-page/home-1.php" "Mozilla/5.0 (Windows NT 10.0; Win64; x64) AppleWebKit/537.36 (KHTML, like Gecko) Chrome/135.0.0.0 Safari/537.36 Edg/135.0.0.0"
127.0.0.1 - - [30/Apr/2025:14:35:34 +0800] "GET /manager-page/api/snapshot.php?id=22&t=0.23518980515850774 HTTP/1.1" 200 43141 "http://127.0.0.1/manager-page/home-2.php" "Mozilla/5.0 (Windows NT 10.0; Win64; x64) AppleWebKit/537.36 (KHTML, like Gecko) Chrome/119.0.0.0 Safari/537.36"
127.0.0.1 - - [30/Apr/2025:14:35:34 +0800] "GET /manager-page/api/snapshot.php?id=21&t=0.9981098043257992 HTTP/1.1" 200 47992 "http://127.0.0.1/manager-page/home-2.php" "Mozilla/5.0 (Windows NT 10.0; Win64; x64) AppleWebKit/537.36 (KHTML, like Gecko) Chrome/119.0.0.0 Safari/537.36"
172.16.36.181 - - [30/Apr/2025:14:35:37 +0800] "GET /manager-page/api/snapshot.php?id=11&t=0.15421992084005987 HTTP/1.1" 200 41286 "http://192.168.60.79/manager-page/home-1.php" "Mozilla/5.0 (Windows NT 10.0; Win64; x64) AppleWebKit/537.36 (KHTML, like Gecko) Chrome/135.0.0.0 Safari/537.36 Edg/135.0.0.0"
172.16.36.181 - - [30/Apr/2025:14:35:37 +0800] "GET /manager-page/api/snapshot.php?id=12&t=0.051558061261802735 HTTP/1.1" 200 39832 "http://192.168.60.79/manager-page/home-1.php" "Mozilla/5.0 (Windows NT 10.0; Win64; x64) AppleWebKit/537.36 (KHTML, like Gecko) Chrome/135.0.0.0 Safari/537.36 Edg/135.0.0.0"
127.0.0.1 - - [30/Apr/2025:14:35:39 +0800] "GET /manager-page/api/snapshot.php?id=22&t=0.6088316332091868 HTTP/1.1" 200 42824 "http://127.0.0.1/manager-page/home-2.php" "Mozilla/5.0 (Windows NT 10.0; Win64; x64) AppleWebKit/537.36 (KHTML, like Gecko) Chrome/119.0.0.0 Safari/537.36"
127.0.0.1 - - [30/Apr/2025:14:35:39 +0800] "GET /manager-page/api/snapshot.php?id=21&t=0.3099756897054897 HTTP/1.1" 200 48038 "http://127.0.0.1/manager-page/home-2.php" "Mozilla/5.0 (Windows NT 10.0; Win64; x64) AppleWebKit/537.36 (KHTML, like Gecko) Chrome/119.0.0.0 Safari/537.36"
172.16.36.181 - - [30/Apr/2025:14:35:42 +0800] "GET /manager-page/api/snapshot.php?id=11&t=0.7803780946684544 HTTP/1.1" 200 41395 "http://192.168.60.79/manager-page/home-1.php" "Mozilla/5.0 (Windows NT 10.0; Win64; x64) AppleWebKit/537.36 (KHTML, like Gecko) Chrome/135.0.0.0 Safari/537.36 Edg/135.0.0.0"
127.0.0.1 - - [30/Apr/2025:14:35:45 +0800] "GET /manager-page/api/snapshot.php?id=21&t=0.17451262109218635 HTTP/1.1" 200 48156 "http://127.0.0.1/manager-page/home-2.php" "Mozilla/5.0 (Windows NT 10.0; Win64; x64) AppleWebKit/537.36 (KHTML, like Gecko) Chrome/119.0.0.0 Safari/537.36"
172.16.36.181 - - [30/Apr/2025:14:35:42 +0800] "GET /manager-page/api/snapshot.php?id=12&t=0.3180301914075806 HTTP/1.1" 200 39943 "http://192.168.60.79/manager-page/home-1.php" "Mozilla/5.0 (Windows NT 10.0; Win64; x64) AppleWebKit/537.36 (KHTML, like Gecko) Chrome/135.0.0.0 Safari/537.36 Edg/135.0.0.0"
127.0.0.1 - - [30/Apr/2025:14:35:45 +0800] "GET /manager-page/api/snapshot.php?id=22&t=0.5011512298289202 HTTP/1.1" 200 42447 "http://127.0.0.1/manager-page/home-2.php" "Mozilla/5.0 (Windows NT 10.0; Win64; x64) AppleWebKit/537.36 (KHTML, like Gecko) Chrome/119.0.0.0 Safari/537.36"
172.16.36.181 - - [30/Apr/2025:14:35:47 +0800] "GET /manager-page/api/snapshot.php?id=12&t=0.45886417366349974 HTTP/1.1" 200 39934 "http://192.168.60.79/manager-page/home-1.php" "Mozilla/5.0 (Windows NT 10.0; Win64; x64) AppleWebKit/537.36 (KHTML, like Gecko) Chrome/135.0.0.0 Safari/537.36 Edg/135.0.0.0"
172.16.36.181 - - [30/Apr/2025:14:35:47 +0800] "GET /manager-page/api/snapshot.php?id=11&t=0.537268772325771 HTTP/1.1" 200 41535 "http://192.168.60.79/manager-page/home-1.php" "Mozilla/5.0 (Windows NT 10.0; Win64; x64) AppleWebKit/537.36 (KHTML, like Gecko) Chrome/135.0.0.0 Safari/537.36 Edg/135.0.0.0"
127.0.0.1 - - [30/Apr/2025:14:35:49 +0800] "GET /manager-page/api/snapshot.php?id=22&t=0.05858970206506964 HTTP/1.1" 200 42288 "http://127.0.0.1/manager-page/home-2.php" "Mozilla/5.0 (Windows NT 10.0; Win64; x64) AppleWebKit/537.36 (KHTML, like Gecko) Chrome/119.0.0.0 Safari/537.36"
127.0.0.1 - - [30/Apr/2025:14:35:49 +0800] "GET /manager-page/api/snapshot.php?id=21&t=0.5218038751974035 HTTP/1.1" 200 48166 "http://127.0.0.1/manager-page/home-2.php" "Mozilla/5.0 (Windows NT 10.0; Win64; x64) AppleWebKit/537.36 (KHTML, like Gecko) Chrome/119.0.0.0 Safari/537.36"
172.16.36.181 - - [30/Apr/2025:14:35:52 +0800] "GET /manager-page/api/snapshot.php?id=11&t=0.3933898919624439 HTTP/1.1" 200 41266 "http://192.168.60.79/manager-page/home-1.php" "Mozilla/5.0 (Windows NT 10.0; Win64; x64) AppleWebKit/537.36 (KHTML, like Gecko) Chrome/135.0.0.0 Safari/537.36 Edg/135.0.0.0"
172.16.36.181 - - [30/Apr/2025:14:35:52 +0800] "GET /manager-page/api/snapshot.php?id=12&t=0.938135848330712 HTTP/1.1" 200 41358 "http://192.168.60.79/manager-page/home-1.php" "Mozilla/5.0 (Windows NT 10.0; Win64; x64) AppleWebKit/537.36 (KHTML, like Gecko) Chrome/135.0.0.0 Safari/537.36 Edg/135.0.0.0"
127.0.0.1 - - [30/Apr/2025:14:35:54 +0800] "GET /manager-page/api/snapshot.php?id=22&t=0.3902436719970841 HTTP/1.1" 200 42440 "http://127.0.0.1/manager-page/home-2.php" "Mozilla/5.0 (Windows NT 10.0; Win64; x64) AppleWebKit/537.36 (KHTML, like Gecko) Chrome/119.0.0.0 Safari/537.36"
127.0.0.1 - - [30/Apr/2025:14:35:54 +0800] "GET /manager-page/api/snapshot.php?id=21&t=0.3642874761334862 HTTP/1.1" 200 48057 "http://127.0.0.1/manager-page/home-2.php" "Mozilla/5.0 (Windows NT 10.0; Win64; x64) AppleWebKit/537.36 (KHTML, like Gecko) Chrome/119.0.0.0 Safari/537.36"
172.16.36.181 - - [30/Apr/2025:14:35:57 +0800] "GET /manager-page/api/snapshot.php?id=12&t=0.06159746665775123 HTTP/1.1" 200 39927 "http://192.168.60.79/manager-page/home-1.php" "Mozilla/5.0 (Windows NT 10.0; Win64; x64) AppleWebKit/537.36 (KHTML, like Gecko) Chrome/135.0.0.0 Safari/537.36 Edg/135.0.0.0"
172.16.36.181 - - [30/Apr/2025:14:35:57 +0800] "GET /manager-page/api/snapshot.php?id=11&t=0.998209526337592 HTTP/1.1" 200 40572 "http://192.168.60.79/manager-page/home-1.php" "Mozilla/5.0 (Windows NT 10.0; Win64; x64) AppleWebKit/537.36 (KHTML, like Gecko) Chrome/135.0.0.0 Safari/537.36 Edg/135.0.0.0"
127.0.0.1 - - [30/Apr/2025:14:35:59 +0800] "GET /manager-page/api/snapshot.php?id=21&t=0.5626327612815192 HTTP/1.1" 200 48164 "http://127.0.0.1/manager-page/home-2.php" "Mozilla/5.0 (Windows NT 10.0; Win64; x64) AppleWebKit/537.36 (KHTML, like Gecko) Chrome/119.0.0.0 Safari/537.36"
127.0.0.1 - - [30/Apr/2025:14:35:59 +0800] "GET /manager-page/api/snapshot.php?id=22&t=0.579156685468349 HTTP/1.1" 200 42382 "http://127.0.0.1/manager-page/home-2.php" "Mozilla/5.0 (Windows NT 10.0; Win64; x64) AppleWebKit/537.36 (KHTML, like Gecko) Chrome/119.0.0.0 Safari/537.36"
127.0.0.1 - - [30/Apr/2025:14:36:00 +0800] "GET /robot/alarm-history-in.php HTTP/1.1" 200 - "-" "python-requests/2.28.1"
127.0.0.1 - - [30/Apr/2025:14:36:04 +0800] "GET /manager-page/api/snapshot.php?id=22&t=0.5975000414704454 HTTP/1.1" 200 42333 "http://127.0.0.1/manager-page/home-2.php" "Mozilla/5.0 (Windows NT 10.0; Win64; x64) AppleWebKit/537.36 (KHTML, like Gecko) Chrome/119.0.0.0 Safari/537.36"
127.0.0.1 - - [30/Apr/2025:14:36:04 +0800] "GET /manager-page/api/snapshot.php?id=21&t=0.6720419713562702 HTTP/1.1" 200 48263 "http://127.0.0.1/manager-page/home-2.php" "Mozilla/5.0 (Windows NT 10.0; Win64; x64) AppleWebKit/537.36 (KHTML, like Gecko) Chrome/119.0.0.0 Safari/537.36"
127.0.0.1 - - [30/Apr/2025:14:36:09 +0800] "GET /manager-page/api/snapshot.php?id=21&t=0.15326953854585956 HTTP/1.1" 200 48234 "http://127.0.0.1/manager-page/home-2.php" "Mozilla/5.0 (Windows NT 10.0; Win64; x64) AppleWebKit/537.36 (KHTML, like Gecko) Chrome/119.0.0.0 Safari/537.36"
127.0.0.1 - - [30/Apr/2025:14:36:09 +0800] "GET /manager-page/api/snapshot.php?id=22&t=0.07086094371835694 HTTP/1.1" 200 42353 "http://127.0.0.1/manager-page/home-2.php" "Mozilla/5.0 (Windows NT 10.0; Win64; x64) AppleWebKit/537.36 (KHTML, like Gecko) Chrome/119.0.0.0 Safari/537.36"
127.0.0.1 - - [30/Apr/2025:14:36:14 +0800] "GET /manager-page/api/snapshot.php?id=21&t=0.9218026245435331 HTTP/1.1" 200 48091 "http://127.0.0.1/manager-page/home-2.php" "Mozilla/5.0 (Windows NT 10.0; Win64; x64) AppleWebKit/537.36 (KHTML, like Gecko) Chrome/119.0.0.0 Safari/537.36"
127.0.0.1 - - [30/Apr/2025:14:36:14 +0800] "GET /manager-page/api/snapshot.php?id=22&t=0.15442942004372306 HTTP/1.1" 200 42303 "http://127.0.0.1/manager-page/home-2.php" "Mozilla/5.0 (Windows NT 10.0; Win64; x64) AppleWebKit/537.36 (KHTML, like Gecko) Chrome/119.0.0.0 Safari/537.36"
127.0.0.1 - - [30/Apr/2025:14:36:19 +0800] "GET /manager-page/api/snapshot.php?id=21&t=0.8966667847571186 HTTP/1.1" 200 48133 "http://127.0.0.1/manager-page/home-2.php" "Mozilla/5.0 (Windows NT 10.0; Win64; x64) AppleWebKit/537.36 (KHTML, like Gecko) Chrome/119.0.0.0 Safari/537.36"
127.0.0.1 - - [30/Apr/2025:14:36:19 +0800] "GET /manager-page/api/snapshot.php?id=22&t=0.9309567419406088 HTTP/1.1" 200 42341 "http://127.0.0.1/manager-page/home-2.php" "Mozilla/5.0 (Windows NT 10.0; Win64; x64) AppleWebKit/537.36 (KHTML, like Gecko) Chrome/119.0.0.0 Safari/537.36"
127.0.0.1 - - [30/Apr/2025:14:36:24 +0800] "GET /manager-page/api/snapshot.php?id=22&t=0.5241106207801092 HTTP/1.1" 200 42313 "http://127.0.0.1/manager-page/home-2.php" "Mozilla/5.0 (Windows NT 10.0; Win64; x64) AppleWebKit/537.36 (KHTML, like Gecko) Chrome/119.0.0.0 Safari/537.36"
127.0.0.1 - - [30/Apr/2025:14:36:24 +0800] "GET /manager-page/api/snapshot.php?id=21&t=0.8891814837583782 HTTP/1.1" 200 48195 "http://127.0.0.1/manager-page/home-2.php" "Mozilla/5.0 (Windows NT 10.0; Win64; x64) AppleWebKit/537.36 (KHTML, like Gecko) Chrome/119.0.0.0 Safari/537.36"
127.0.0.1 - - [30/Apr/2025:14:36:24 +0800] "GET /manager-page/api/cms-on2.php?token1=7fff4bd5329ca3bc1a2b227f71f9d2ca7b1368594b9e67188fe5fd6f8cf4f057a666145358614ef59c587b66b08a237ed05a7de33967c61b39042a2141dc935d HTTP/1.1" 200 2 "http://127.0.0.1/manager-page/home-2.php" "Mozilla/5.0 (Windows NT 10.0; Win64; x64) AppleWebKit/537.36 (KHTML, like Gecko) Chrome/119.0.0.0 Safari/537.36"
127.0.0.1 - - [30/Apr/2025:14:36:29 +0800] "GET /manager-page/api/cms-off2.php?token1=7fff4bd5329ca3bc1a2b227f71f9d2ca7b1368594b9e67188fe5fd6f8cf4f057a666145358614ef59c587b66b08a237ed05a7de33967c61b39042a2141dc935d HTTP/1.1" 200 2 "http://127.0.0.1/manager-page/home-2.php" "Mozilla/5.0 (Windows NT 10.0; Win64; x64) AppleWebKit/537.36 (KHTML, like Gecko) Chrome/119.0.0.0 Safari/537.36"
127.0.0.1 - - [30/Apr/2025:14:36:29 +0800] "GET /manager-page/api/snapshot.php?id=21&t=0.5068805088806265 HTTP/1.1" 200 48487 "http://127.0.0.1/manager-page/home-2.php" "Mozilla/5.0 (Windows NT 10.0; Win64; x64) AppleWebKit/537.36 (KHTML, like Gecko) Chrome/119.0.0.0 Safari/537.36"
127.0.0.1 - - [30/Apr/2025:14:36:29 +0800] "GET /manager-page/api/snapshot.php?id=22&t=0.8795106293572328 HTTP/1.1" 200 42461 "http://127.0.0.1/manager-page/home-2.php" "Mozilla/5.0 (Windows NT 10.0; Win64; x64) AppleWebKit/537.36 (KHTML, like Gecko) Chrome/119.0.0.0 Safari/537.36"
127.0.0.1 - - [30/Apr/2025:14:36:34 +0800] "GET /manager-page/api/snapshot.php?id=22&t=0.4927402804113856 HTTP/1.1" 200 42288 "http://127.0.0.1/manager-page/home-2.php" "Mozilla/5.0 (Windows NT 10.0; Win64; x64) AppleWebKit/537.36 (KHTML, like Gecko) Chrome/119.0.0.0 Safari/537.36"
127.0.0.1 - - [30/Apr/2025:14:36:34 +0800] "GET /manager-page/api/snapshot.php?id=21&t=0.5699376990127096 HTTP/1.1" 200 48122 "http://127.0.0.1/manager-page/home-2.php" "Mozilla/5.0 (Windows NT 10.0; Win64; x64) AppleWebKit/537.36 (KHTML, like Gecko) Chrome/119.0.0.0 Safari/537.36"
127.0.0.1 - - [30/Apr/2025:14:36:39 +0800] "GET /manager-page/api/snapshot.php?id=21&t=0.5998952939728419 HTTP/1.1" 200 48168 "http://127.0.0.1/manager-page/home-2.php" "Mozilla/5.0 (Windows NT 10.0; Win64; x64) AppleWebKit/537.36 (KHTML, like Gecko) Chrome/119.0.0.0 Safari/537.36"
127.0.0.1 - - [30/Apr/2025:14:36:39 +0800] "GET /manager-page/api/snapshot.php?id=22&t=0.42289025148144854 HTTP/1.1" 200 42161 "http://127.0.0.1/manager-page/home-2.php" "Mozilla/5.0 (Windows NT 10.0; Win64; x64) AppleWebKit/537.36 (KHTML, like Gecko) Chrome/119.0.0.0 Safari/537.36"
127.0.0.1 - - [30/Apr/2025:14:36:44 +0800] "GET /manager-page/api/snapshot.php?id=21&t=0.5799826838373419 HTTP/1.1" 200 48127 "http://127.0.0.1/manager-page/home-2.php" "Mozilla/5.0 (Windows NT 10.0; Win64; x64) AppleWebKit/537.36 (KHTML, like Gecko) Chrome/119.0.0.0 Safari/537.36"
127.0.0.1 - - [30/Apr/2025:14:36:44 +0800] "GET /manager-page/api/snapshot.php?id=22&t=0.5401579674735404 HTTP/1.1" 200 42127 "http://127.0.0.1/manager-page/home-2.php" "Mozilla/5.0 (Windows NT 10.0; Win64; x64) AppleWebKit/537.36 (KHTML, like Gecko) Chrome/119.0.0.0 Safari/537.36"
127.0.0.1 - - [30/Apr/2025:14:36:49 +0800] "GET /manager-page/api/snapshot.php?id=22&t=0.08825713423301007 HTTP/1.1" 200 42134 "http://127.0.0.1/manager-page/home-2.php" "Mozilla/5.0 (Windows NT 10.0; Win64; x64) AppleWebKit/537.36 (KHTML, like Gecko) Chrome/119.0.0.0 Safari/537.36"
127.0.0.1 - - [30/Apr/2025:14:36:49 +0800] "GET /manager-page/api/snapshot.php?id=21&t=0.11050725097504066 HTTP/1.1" 200 48045 "http://127.0.0.1/manager-page/home-2.php" "Mozilla/5.0 (Windows NT 10.0; Win64; x64) AppleWebKit/537.36 (KHTML, like Gecko) Chrome/119.0.0.0 Safari/537.36"
127.0.0.1 - - [30/Apr/2025:14:36:54 +0800] "GET /manager-page/api/snapshot.php?id=21&t=0.7442675476675404 HTTP/1.1" 200 48089 "http://127.0.0.1/manager-page/home-2.php" "Mozilla/5.0 (Windows NT 10.0; Win64; x64) AppleWebKit/537.36 (KHTML, like Gecko) Chrome/119.0.0.0 Safari/537.36"
127.0.0.1 - - [30/Apr/2025:14:36:54 +0800] "GET /manager-page/api/snapshot.php?id=22&t=0.6822860272264695 HTTP/1.1" 200 42169 "http://127.0.0.1/manager-page/home-2.php" "Mozilla/5.0 (Windows NT 10.0; Win64; x64) AppleWebKit/537.36 (KHTML, like Gecko) Chrome/119.0.0.0 Safari/537.36"
172.16.36.181 - - [30/Apr/2025:14:36:58 +0800] "GET /manager-page/api/snapshot.php?id=11&t=0.24036464736584695 HTTP/1.1" 200 41555 "http://192.168.60.79/manager-page/home-1.php" "Mozilla/5.0 (Windows NT 10.0; Win64; x64) AppleWebKit/537.36 (KHTML, like Gecko) Chrome/135.0.0.0 Safari/537.36 Edg/135.0.0.0"
172.16.36.181 - - [30/Apr/2025:14:36:58 +0800] "GET /manager-page/api/snapshot.php?id=12&t=0.4810511215662254 HTTP/1.1" 200 40012 "http://192.168.60.79/manager-page/home-1.php" "Mozilla/5.0 (Windows NT 10.0; Win64; x64) AppleWebKit/537.36 (KHTML, like Gecko) Chrome/135.0.0.0 Safari/537.36 Edg/135.0.0.0"
127.0.0.1 - - [30/Apr/2025:14:36:59 +0800] "GET /manager-page/api/snapshot.php?id=22&t=0.5657297430735329 HTTP/1.1" 200 42168 "http://127.0.0.1/manager-page/home-2.php" "Mozilla/5.0 (Windows NT 10.0; Win64; x64) AppleWebKit/537.36 (KHTML, like Gecko) Chrome/119.0.0.0 Safari/537.36"
127.0.0.1 - - [30/Apr/2025:14:37:00 +0800] "GET /robot/alarm-history-in.php HTTP/1.1" 200 - "-" "python-requests/2.28.1"
127.0.0.1 - - [30/Apr/2025:14:36:59 +0800] "GET /manager-page/api/snapshot.php?id=21&t=0.19545950096601739 HTTP/1.1" 200 48075 "http://127.0.0.1/manager-page/home-2.php" "Mozilla/5.0 (Windows NT 10.0; Win64; x64) AppleWebKit/537.36 (KHTML, like Gecko) Chrome/119.0.0.0 Safari/537.36"
127.0.0.1 - - [30/Apr/2025:14:37:00 +0800] "GET /get-setting.json HTTP/1.1" 200 2315 "-" "python-requests/2.31.0"
127.0.0.1 - - [30/Apr/2025:14:37:01 +0800] "POST /robot/lora-in.php HTTP/1.1" 200 - "-" "python-requests/2.31.0"
127.0.0.1 - - [30/Apr/2025:14:37:04 +0800] "GET /manager-page/api/snapshot.php?id=22&t=0.8395192555814666 HTTP/1.1" 200 42113 "http://127.0.0.1/manager-page/home-2.php" "Mozilla/5.0 (Windows NT 10.0; Win64; x64) AppleWebKit/537.36 (KHTML, like Gecko) Chrome/119.0.0.0 Safari/537.36"
127.0.0.1 - - [30/Apr/2025:14:37:04 +0800] "GET /manager-page/api/snapshot.php?id=21&t=0.7175877193977642 HTTP/1.1" 200 48171 "http://127.0.0.1/manager-page/home-2.php" "Mozilla/5.0 (Windows NT 10.0; Win64; x64) AppleWebKit/537.36 (KHTML, like Gecko) Chrome/119.0.0.0 Safari/537.36"
127.0.0.1 - - [30/Apr/2025:14:37:09 +0800] "GET /manager-page/api/snapshot.php?id=21&t=0.8309254301399862 HTTP/1.1" 200 48080 "http://127.0.0.1/manager-page/home-2.php" "Mozilla/5.0 (Windows NT 10.0; Win64; x64) AppleWebKit/537.36 (KHTML, like Gecko) Chrome/119.0.0.0 Safari/537.36"
127.0.0.1 - - [30/Apr/2025:14:37:09 +0800] "GET /manager-page/api/snapshot.php?id=22&t=0.9131264591698756 HTTP/1.1" 200 42139 "http://127.0.0.1/manager-page/home-2.php" "Mozilla/5.0 (Windows NT 10.0; Win64; x64) AppleWebKit/537.36 (KHTML, like Gecko) Chrome/119.0.0.0 Safari/537.36"
127.0.0.1 - - [30/Apr/2025:14:37:11 +0800] "POST /robot/lora-in.php HTTP/1.1" 200 - "-" "python-requests/2.31.0"
127.0.0.1 - - [30/Apr/2025:14:37:14 +0800] "POST /robot/lora-in.php HTTP/1.1" 200 - "-" "python-requests/2.31.0"
127.0.0.1 - - [30/Apr/2025:14:37:14 +0800] "GET /manager-page/api/snapshot.php?id=22&t=0.4200371961452052 HTTP/1.1" 200 42152 "http://127.0.0.1/manager-page/home-2.php" "Mozilla/5.0 (Windows NT 10.0; Win64; x64) AppleWebKit/537.36 (KHTML, like Gecko) Chrome/119.0.0.0 Safari/537.36"
127.0.0.1 - - [30/Apr/2025:14:37:14 +0800] "GET /manager-page/api/snapshot.php?id=21&t=0.8750481444696554 HTTP/1.1" 200 48164 "http://127.0.0.1/manager-page/home-2.php" "Mozilla/5.0 (Windows NT 10.0; Win64; x64) AppleWebKit/537.36 (KHTML, like Gecko) Chrome/119.0.0.0 Safari/537.36"
127.0.0.1 - - [30/Apr/2025:14:37:20 +0800] "GET /manager-page/api/snapshot.php?id=22&t=0.8173453413207852 HTTP/1.1" 200 42104 "http://127.0.0.1/manager-page/home-2.php" "Mozilla/5.0 (Windows NT 10.0; Win64; x64) AppleWebKit/537.36 (KHTML, like Gecko) Chrome/119.0.0.0 Safari/537.36"
127.0.0.1 - - [30/Apr/2025:14:37:20 +0800] "GET /manager-page/api/snapshot.php?id=21&t=0.07024235767229614 HTTP/1.1" 200 48075 "http://127.0.0.1/manager-page/home-2.php" "Mozilla/5.0 (Windows NT 10.0; Win64; x64) AppleWebKit/537.36 (KHTML, like Gecko) Chrome/119.0.0.0 Safari/537.36"
127.0.0.1 - - [30/Apr/2025:14:37:25 +0800] "GET /manager-page/api/snapshot.php?id=21&t=0.7772238283626522 HTTP/1.1" 200 48205 "http://127.0.0.1/manager-page/home-2.php" "Mozilla/5.0 (Windows NT 10.0; Win64; x64) AppleWebKit/537.36 (KHTML, like Gecko) Chrome/119.0.0.0 Safari/537.36"
127.0.0.1 - - [30/Apr/2025:14:37:23 +0800] "POST /robot/lora-in.php HTTP/1.1" 200 - "-" "python-requests/2.31.0"
127.0.0.1 - - [30/Apr/2025:14:37:25 +0800] "GET /manager-page/api/snapshot.php?id=22&t=0.7631334310379525 HTTP/1.1" 200 42163 "http://127.0.0.1/manager-page/home-2.php" "Mozilla/5.0 (Windows NT 10.0; Win64; x64) AppleWebKit/537.36 (KHTML, like Gecko) Chrome/119.0.0.0 Safari/537.36"
127.0.0.1 - - [30/Apr/2025:14:37:29 +0800] "GET /manager-page/api/snapshot.php?id=21&t=0.1775168227911028 HTTP/1.1" 200 48221 "http://127.0.0.1/manager-page/home-2.php" "Mozilla/5.0 (Windows NT 10.0; Win64; x64) AppleWebKit/537.36 (KHTML, like Gecko) Chrome/119.0.0.0 Safari/537.36"
127.0.0.1 - - [30/Apr/2025:14:37:29 +0800] "GET /manager-page/api/snapshot.php?id=22&t=0.9314143659363721 HTTP/1.1" 200 42115 "http://127.0.0.1/manager-page/home-2.php" "Mozilla/5.0 (Windows NT 10.0; Win64; x64) AppleWebKit/537.36 (KHTML, like Gecko) Chrome/119.0.0.0 Safari/537.36"
127.0.0.1 - - [30/Apr/2025:14:37:21 +0800] "GET /phpmyadmin/index.php?route=/sql&pos=0&db=miaoli-62&table=rawdata&ajax_request=true&ajax_page_request=true&_nocache=1745995041950301962&token=352649504d43784f7c79232d582d503d HTTP/1.1" 200 13913 "http://127.0.0.1/phpmyadmin/index.php?route=/sql&db=miaoli-62&table=chndata&pos=0" "Mozilla/5.0 (Windows NT 10.0; Win64; x64) AppleWebKit/537.36 (KHTML, like Gecko) Chrome/119.0.0.0 Safari/537.36"
127.0.0.1 - - [30/Apr/2025:14:37:37 +0800] "POST /robot/lora-in.php HTTP/1.1" 200 - "-" "python-requests/2.31.0"
127.0.0.1 - - [30/Apr/2025:14:37:38 +0800] "POST /robot/lora-in.php HTTP/1.1" 200 - "-" "python-requests/2.31.0"
127.0.0.1 - - [30/Apr/2025:14:37:39 +0800] "POST /robot/et-7026-in.php HTTP/1.1" 200 - "-" "python-requests/2.32.2"
127.0.0.1 - - [30/Apr/2025:14:37:41 +0800] "POST /robot/lora-in.php HTTP/1.1" 200 - "-" "python-requests/2.31.0"
111.70.30.250 - - [30/Apr/2025:14:37:58 +0800] "POST /robot/lora-in.php HTTP/1.1" 200 - "-" "python-requests/2.21.0"
127.0.0.1 - - [30/Apr/2025:14:38:00 +0800] "GET /robot/alarm-history-in.php HTTP/1.1" 200 - "-" "python-requests/2.28.1"
111.70.30.253 - - [30/Apr/2025:14:38:04 +0800] "POST /robot/lora-in.php HTTP/1.1" 200 - "-" "python-requests/2.21.0"
172.16.36.181 - - [30/Apr/2025:14:37:59 +0800] "GET /manager-page/api/snapshot.php?id=12&t=0.9567188017797162 HTTP/1.1" 200 40306 "http://192.168.60.79/manager-page/home-1.php" "Mozilla/5.0 (Windows NT 10.0; Win64; x64) AppleWebKit/537.36 (KHTML, like Gecko) Chrome/135.0.0.0 Safari/537.36 Edg/135.0.0.0"
172.16.36.181 - - [30/Apr/2025:14:37:59 +0800] "GET /manager-page/api/snapshot.php?id=11&t=0.4424432776531132 HTTP/1.1" 200 42832 "http://192.168.60.79/manager-page/home-1.php" "Mozilla/5.0 (Windows NT 10.0; Win64; x64) AppleWebKit/537.36 (KHTML, like Gecko) Chrome/135.0.0.0 Safari/537.36 Edg/135.0.0.0"
127.0.0.1 - - [30/Apr/2025:14:38:56 +0800] "POST /robot/et-7026-in.php HTTP/1.1" 200 - "-" "python-requests/2.32.2"
127.0.0.1 - - [30/Apr/2025:14:39:00 +0800] "GET /robot/alarm-history-in.php HTTP/1.1" 200 - "-" "python-requests/2.28.1"
172.16.36.181 - - [30/Apr/2025:14:39:00 +0800] "GET /manager-page/api/snapshot.php?id=12&t=0.962777507163206 HTTP/1.1" 200 40356 "http://192.168.60.79/manager-page/home-1.php" "Mozilla/5.0 (Windows NT 10.0; Win64; x64) AppleWebKit/537.36 (KHTML, like Gecko) Chrome/135.0.0.0 Safari/537.36 Edg/135.0.0.0"
172.16.36.181 - - [30/Apr/2025:14:39:00 +0800] "GET /manager-page/api/snapshot.php?id=11&t=0.10877926575042995 HTTP/1.1" 200 41941 "http://192.168.60.79/manager-page/home-1.php" "Mozilla/5.0 (Windows NT 10.0; Win64; x64) AppleWebKit/537.36 (KHTML, like Gecko) Chrome/135.0.0.0 Safari/537.36 Edg/135.0.0.0"
127.0.0.1 - - [30/Apr/2025:14:40:00 +0800] "GET /robot/alarm-history-in.php HTTP/1.1" 200 - "-" "python-requests/2.28.1"
172.16.36.181 - - [30/Apr/2025:14:40:00 +0800] "GET /manager-page/api/snapshot.php?id=11&t=0.5887858248802266 HTTP/1.1" 200 41779 "http://192.168.60.79/manager-page/home-1.php" "Mozilla/5.0 (Windows NT 10.0; Win64; x64) AppleWebKit/537.36 (KHTML, like Gecko) Chrome/135.0.0.0 Safari/537.36 Edg/135.0.0.0"
172.16.36.181 - - [30/Apr/2025:14:40:00 +0800] "GET /manager-page/api/snapshot.php?id=12&t=0.6956572322316897 HTTP/1.1" 200 40188 "http://192.168.60.79/manager-page/home-1.php" "Mozilla/5.0 (Windows NT 10.0; Win64; x64) AppleWebKit/537.36 (KHTML, like Gecko) Chrome/135.0.0.0 Safari/537.36 Edg/135.0.0.0"
111.70.30.251 - - [30/Apr/2025:14:40:06 +0800] "POST /robot/lora-in.php HTTP/1.1" 200 - "-" "python-requests/2.21.0"
111.70.30.252 - - [30/Apr/2025:14:40:34 +0800] "POST /robot/lora-in.php HTTP/1.1" 200 - "-" "python-requests/2.21.0"
127.0.0.1 - - [30/Apr/2025:14:41:00 +0800] "GET /robot/alarm-history-in.php HTTP/1.1" 200 - "-" "python-requests/2.28.1"
172.16.36.181 - - [30/Apr/2025:14:41:00 +0800] "GET /manager-page/api/snapshot.php?id=11&t=0.9512455273233834 HTTP/1.1" 200 41806 "http://192.168.60.79/manager-page/home-1.php" "Mozilla/5.0 (Windows NT 10.0; Win64; x64) AppleWebKit/537.36 (KHTML, like Gecko) Chrome/135.0.0.0 Safari/537.36 Edg/135.0.0.0"
172.16.36.181 - - [30/Apr/2025:14:41:00 +0800] "GET /manager-page/api/snapshot.php?id=12&t=0.06415025237631056 HTTP/1.1" 200 39982 "http://192.168.60.79/manager-page/home-1.php" "Mozilla/5.0 (Windows NT 10.0; Win64; x64) AppleWebKit/537.36 (KHTML, like Gecko) Chrome/135.0.0.0 Safari/537.36 Edg/135.0.0.0"
127.0.0.1 - - [30/Apr/2025:14:42:00 +0800] "GET /robot/alarm-history-in.php HTTP/1.1" 200 - "-" "python-requests/2.28.1"
172.16.36.181 - - [30/Apr/2025:14:42:00 +0800] "GET /manager-page/api/snapshot.php?id=12&t=0.8407657014760632 HTTP/1.1" 200 40737 "http://192.168.60.79/manager-page/home-1.php" "Mozilla/5.0 (Windows NT 10.0; Win64; x64) AppleWebKit/537.36 (KHTML, like Gecko) Chrome/135.0.0.0 Safari/537.36 Edg/135.0.0.0"
172.16.36.181 - - [30/Apr/2025:14:42:00 +0800] "GET /manager-page/api/snapshot.php?id=11&t=0.14416894642776468 HTTP/1.1" 200 42347 "http://192.168.60.79/manager-page/home-1.php" "Mozilla/5.0 (Windows NT 10.0; Win64; x64) AppleWebKit/537.36 (KHTML, like Gecko) Chrome/135.0.0.0 Safari/537.36 Edg/135.0.0.0"
127.0.0.1 - - [30/Apr/2025:14:43:00 +0800] "GET /robot/alarm-history-in.php HTTP/1.1" 200 - "-" "python-requests/2.28.1"
172.16.36.181 - - [30/Apr/2025:14:43:00 +0800] "GET /manager-page/api/snapshot.php?id=12&t=0.8944284380362746 HTTP/1.1" 200 39796 "http://192.168.60.79/manager-page/home-1.php" "Mozilla/5.0 (Windows NT 10.0; Win64; x64) AppleWebKit/537.36 (KHTML, like Gecko) Chrome/135.0.0.0 Safari/537.36 Edg/135.0.0.0"
172.16.36.181 - - [30/Apr/2025:14:43:00 +0800] "GET /manager-page/api/snapshot.php?id=11&t=0.7469506621937047 HTTP/1.1" 200 43133 "http://192.168.60.79/manager-page/home-1.php" "Mozilla/5.0 (Windows NT 10.0; Win64; x64) AppleWebKit/537.36 (KHTML, like Gecko) Chrome/135.0.0.0 Safari/537.36 Edg/135.0.0.0"
127.0.0.1 - - [30/Apr/2025:14:44:00 +0800] "GET /robot/alarm-history-in.php HTTP/1.1" 200 - "-" "python-requests/2.28.1"
