127.0.0.1 - - [07/Aug/2025:08:00:00 +0800] "GET /robot/alarm-history-in.php HTTP/1.1" 200 - "-" "python-requests/2.28.1"
172.16.36.181 - - [07/Aug/2025:08:00:00 +0800] "GET /manager-page/api/snapshot.php?id=11&t=0.08477446011345513 HTTP/1.1" 200 48856 "http://192.168.60.79/manager-page/home-1.php" "Mozilla/5.0 (Windows NT 10.0; Win64; x64) AppleWebKit/537.36 (KHTML, like Gecko) Chrome/138.0.0.0 Safari/537.36 Edg/138.0.0.0"
172.16.36.181 - - [07/Aug/2025:08:00:00 +0800] "GET /manager-page/api/snapshot.php?id=12&t=0.9667932044337056 HTTP/1.1" 200 48683 "http://192.168.60.79/manager-page/home-1.php" "Mozilla/5.0 (Windows NT 10.0; Win64; x64) AppleWebKit/537.36 (KHTML, like Gecko) Chrome/138.0.0.0 Safari/537.36 Edg/138.0.0.0"
127.0.0.1 - - [07/Aug/2025:08:00:00 +0800] "GET /manager-page/daily/send.php HTTP/1.1" 200 - "-" "python-requests/2.28.1"
127.0.0.1 - - [07/Aug/2025:08:00:00 +0800] "GET /manager-page/daily/send2.php HTTP/1.1" 200 - "-" "python-requests/2.28.1"
127.0.0.1 - - [07/Aug/2025:08:00:20 +0800] "GET /get-setting.json HTTP/1.1" 200 2314 "-" "python-requests/2.31.0"
127.0.0.1 - - [07/Aug/2025:08:00:20 +0800] "POST /robot/lora-in.php HTTP/1.1" 200 - "-" "python-requests/2.31.0"
127.0.0.1 - - [07/Aug/2025:08:00:25 +0800] "POST /robot/lora-in.php HTTP/1.1" 200 - "-" "python-requests/2.31.0"
111.70.30.251 - - [07/Aug/2025:08:00:34 +0800] "POST /robot/lora-in.php HTTP/1.1" 200 - "-" "python-requests/2.21.0"
127.0.0.1 - - [07/Aug/2025:08:00:37 +0800] "POST /robot/lora-in.php HTTP/1.1" 200 - "-" "python-requests/2.31.0"
127.0.0.1 - - [07/Aug/2025:08:00:47 +0800] "POST /robot/lora-in.php HTTP/1.1" 200 - "-" "python-requests/2.31.0"
127.0.0.1 - - [07/Aug/2025:08:00:52 +0800] "POST /robot/lora-in.php HTTP/1.1" 200 - "-" "python-requests/2.31.0"
127.0.0.1 - - [07/Aug/2025:08:00:53 +0800] "POST /robot/lora-in.php HTTP/1.1" 200 - "-" "python-requests/2.31.0"
127.0.0.1 - - [07/Aug/2025:08:01:00 +0800] "POST /robot/lora-in.php HTTP/1.1" 200 - "-" "python-requests/2.31.0"
127.0.0.1 - - [07/Aug/2025:08:01:00 +0800] "GET /robot/alarm-history-in.php HTTP/1.1" 200 - "-" "python-requests/2.28.1"
172.16.36.181 - - [07/Aug/2025:08:01:00 +0800] "GET /manager-page/api/snapshot.php?id=12&t=0.9738224087208239 HTTP/1.1" 200 48577 "http://192.168.60.79/manager-page/home-1.php" "Mozilla/5.0 (Windows NT 10.0; Win64; x64) AppleWebKit/537.36 (KHTML, like Gecko) Chrome/138.0.0.0 Safari/537.36 Edg/138.0.0.0"
172.16.36.181 - - [07/Aug/2025:08:01:00 +0800] "GET /manager-page/api/snapshot.php?id=11&t=0.4882103941475817 HTTP/1.1" 200 48876 "http://192.168.60.79/manager-page/home-1.php" "Mozilla/5.0 (Windows NT 10.0; Win64; x64) AppleWebKit/537.36 (KHTML, like Gecko) Chrome/138.0.0.0 Safari/537.36 Edg/138.0.0.0"
127.0.0.1 - - [07/Aug/2025:08:01:06 +0800] "POST /robot/lora-in.php HTTP/1.1" 200 - "-" "python-requests/2.31.0"
127.0.0.1 - - [07/Aug/2025:08:02:00 +0800] "GET /robot/alarm-history-in.php HTTP/1.1" 200 - "-" "python-requests/2.28.1"
172.16.36.181 - - [07/Aug/2025:08:02:00 +0800] "GET /manager-page/api/snapshot.php?id=11&t=0.8144059580729218 HTTP/1.1" 200 48753 "http://192.168.60.79/manager-page/home-1.php" "Mozilla/5.0 (Windows NT 10.0; Win64; x64) AppleWebKit/537.36 (KHTML, like Gecko) Chrome/138.0.0.0 Safari/537.36 Edg/138.0.0.0"
172.16.36.181 - - [07/Aug/2025:08:02:00 +0800] "GET /manager-page/api/snapshot.php?id=12&t=0.39283136167802346 HTTP/1.1" 200 48607 "http://192.168.60.79/manager-page/home-1.php" "Mozilla/5.0 (Windows NT 10.0; Win64; x64) AppleWebKit/537.36 (KHTML, like Gecko) Chrome/138.0.0.0 Safari/537.36 Edg/138.0.0.0"
127.0.0.1 - - [07/Aug/2025:08:03:00 +0800] "GET /robot/alarm-history-in.php HTTP/1.1" 200 - "-" "python-requests/2.28.1"
172.16.36.181 - - [07/Aug/2025:08:03:00 +0800] "GET /manager-page/api/snapshot.php?id=12&t=0.32117678949584594 HTTP/1.1" 200 49026 "http://192.168.60.79/manager-page/home-1.php" "Mozilla/5.0 (Windows NT 10.0; Win64; x64) AppleWebKit/537.36 (KHTML, like Gecko) Chrome/138.0.0.0 Safari/537.36 Edg/138.0.0.0"
172.16.36.181 - - [07/Aug/2025:08:03:00 +0800] "GET /manager-page/api/snapshot.php?id=11&t=0.09825488077161293 HTTP/1.1" 200 48737 "http://192.168.60.79/manager-page/home-1.php" "Mozilla/5.0 (Windows NT 10.0; Win64; x64) AppleWebKit/537.36 (KHTML, like Gecko) Chrome/138.0.0.0 Safari/537.36 Edg/138.0.0.0"
127.0.0.1 - - [07/Aug/2025:08:03:11 +0800] "POST /robot/et-7026-in.php HTTP/1.1" 200 - "-" "python-requests/2.32.2"
127.0.0.1 - - [07/Aug/2025:08:04:00 +0800] "GET /robot/alarm-history-in.php HTTP/1.1" 200 - "-" "python-requests/2.28.1"
172.16.36.181 - - [07/Aug/2025:08:04:00 +0800] "GET /manager-page/api/snapshot.php?id=11&t=0.5995274569815707 HTTP/1.1" 200 48787 "http://192.168.60.79/manager-page/home-1.php" "Mozilla/5.0 (Windows NT 10.0; Win64; x64) AppleWebKit/537.36 (KHTML, like Gecko) Chrome/138.0.0.0 Safari/537.36 Edg/138.0.0.0"
172.16.36.181 - - [07/Aug/2025:08:04:00 +0800] "GET /manager-page/api/snapshot.php?id=12&t=0.26816994691882723 HTTP/1.1" 200 48664 "http://192.168.60.79/manager-page/home-1.php" "Mozilla/5.0 (Windows NT 10.0; Win64; x64) AppleWebKit/537.36 (KHTML, like Gecko) Chrome/138.0.0.0 Safari/537.36 Edg/138.0.0.0"
127.0.0.1 - - [07/Aug/2025:08:04:03 +0800] "POST /robot/et-7026-in.php HTTP/1.1" 200 - "-" "python-requests/2.32.2"
127.0.0.1 - - [07/Aug/2025:08:05:00 +0800] "GET /robot/alarm-history-in.php HTTP/1.1" 200 - "-" "python-requests/2.28.1"
172.16.36.181 - - [07/Aug/2025:08:05:00 +0800] "GET /manager-page/api/snapshot.php?id=11&t=0.77825523675661 HTTP/1.1" 200 49016 "http://192.168.60.79/manager-page/home-1.php" "Mozilla/5.0 (Windows NT 10.0; Win64; x64) AppleWebKit/537.36 (KHTML, like Gecko) Chrome/138.0.0.0 Safari/537.36 Edg/138.0.0.0"
172.16.36.181 - - [07/Aug/2025:08:05:00 +0800] "GET /manager-page/api/snapshot.php?id=12&t=0.036962812263153566 HTTP/1.1" 200 48738 "http://192.168.60.79/manager-page/home-1.php" "Mozilla/5.0 (Windows NT 10.0; Win64; x64) AppleWebKit/537.36 (KHTML, like Gecko) Chrome/138.0.0.0 Safari/537.36 Edg/138.0.0.0"
111.70.30.253 - - [07/Aug/2025:08:05:03 +0800] "POST /robot/lora-in.php HTTP/1.1" 200 - "-" "python-requests/2.21.0"
127.0.0.1 - - [07/Aug/2025:08:05:20 +0800] "POST /robot/et-7026-in.php HTTP/1.1" 200 - "-" "python-requests/2.32.2"
127.0.0.1 - - [07/Aug/2025:08:06:00 +0800] "GET /robot/alarm-history-in.php HTTP/1.1" 200 - "-" "python-requests/2.28.1"
111.70.30.250 - - [07/Aug/2025:08:06:00 +0800] "POST /robot/lora-in.php HTTP/1.1" 200 - "-" "python-requests/2.21.0"
172.16.36.181 - - [07/Aug/2025:08:06:00 +0800] "GET /manager-page/api/snapshot.php?id=12&t=0.8433520831576897 HTTP/1.1" 200 48681 "http://192.168.60.79/manager-page/home-1.php" "Mozilla/5.0 (Windows NT 10.0; Win64; x64) AppleWebKit/537.36 (KHTML, like Gecko) Chrome/138.0.0.0 Safari/537.36 Edg/138.0.0.0"
172.16.36.181 - - [07/Aug/2025:08:06:00 +0800] "GET /manager-page/api/snapshot.php?id=11&t=0.8379759903912586 HTTP/1.1" 200 48710 "http://192.168.60.79/manager-page/home-1.php" "Mozilla/5.0 (Windows NT 10.0; Win64; x64) AppleWebKit/537.36 (KHTML, like Gecko) Chrome/138.0.0.0 Safari/537.36 Edg/138.0.0.0"
127.0.0.1 - - [07/Aug/2025:08:06:44 +0800] "POST /robot/et-7026-in.php HTTP/1.1" 200 - "-" "python-requests/2.32.2"
127.0.0.1 - - [07/Aug/2025:08:07:00 +0800] "GET /robot/alarm-history-in.php HTTP/1.1" 200 - "-" "python-requests/2.28.1"
172.16.36.181 - - [07/Aug/2025:08:07:00 +0800] "GET /manager-page/api/snapshot.php?id=11&t=0.48112445803880854 HTTP/1.1" 200 48861 "http://192.168.60.79/manager-page/home-1.php" "Mozilla/5.0 (Windows NT 10.0; Win64; x64) AppleWebKit/537.36 (KHTML, like Gecko) Chrome/138.0.0.0 Safari/537.36 Edg/138.0.0.0"
172.16.36.181 - - [07/Aug/2025:08:07:00 +0800] "GET /manager-page/api/snapshot.php?id=12&t=0.5130887253154324 HTTP/1.1" 200 48701 "http://192.168.60.79/manager-page/home-1.php" "Mozilla/5.0 (Windows NT 10.0; Win64; x64) AppleWebKit/537.36 (KHTML, like Gecko) Chrome/138.0.0.0 Safari/537.36 Edg/138.0.0.0"
127.0.0.1 - - [07/Aug/2025:08:08:00 +0800] "GET /robot/alarm-history-in.php HTTP/1.1" 200 - "-" "python-requests/2.28.1"
172.16.36.181 - - [07/Aug/2025:08:08:00 +0800] "GET /manager-page/api/snapshot.php?id=12&t=0.9676801264503081 HTTP/1.1" 200 49000 "http://192.168.60.79/manager-page/home-1.php" "Mozilla/5.0 (Windows NT 10.0; Win64; x64) AppleWebKit/537.36 (KHTML, like Gecko) Chrome/138.0.0.0 Safari/537.36 Edg/138.0.0.0"
172.16.36.181 - - [07/Aug/2025:08:08:00 +0800] "GET /manager-page/api/snapshot.php?id=11&t=0.20672032823645137 HTTP/1.1" 200 48925 "http://192.168.60.79/manager-page/home-1.php" "Mozilla/5.0 (Windows NT 10.0; Win64; x64) AppleWebKit/537.36 (KHTML, like Gecko) Chrome/138.0.0.0 Safari/537.36 Edg/138.0.0.0"
111.70.30.252 - - [07/Aug/2025:08:08:46 +0800] "POST /robot/lora-in.php HTTP/1.1" 200 - "-" "python-requests/2.21.0"
172.16.36.181 - - [07/Aug/2025:08:09:00 +0800] "GET /manager-page/api/snapshot.php?id=12&t=0.6151140496915484 HTTP/1.1" 200 48681 "http://192.168.60.79/manager-page/home-1.php" "Mozilla/5.0 (Windows NT 10.0; Win64; x64) AppleWebKit/537.36 (KHTML, like Gecko) Chrome/138.0.0.0 Safari/537.36 Edg/138.0.0.0"
127.0.0.1 - - [07/Aug/2025:08:09:01 +0800] "GET /robot/alarm-history-in.php HTTP/1.1" 200 - "-" "python-requests/2.28.1"
172.16.36.181 - - [07/Aug/2025:08:09:00 +0800] "GET /manager-page/api/snapshot.php?id=11&t=0.7875975420718262 HTTP/1.1" 200 48778 "http://192.168.60.79/manager-page/home-1.php" "Mozilla/5.0 (Windows NT 10.0; Win64; x64) AppleWebKit/537.36 (KHTML, like Gecko) Chrome/138.0.0.0 Safari/537.36 Edg/138.0.0.0"
111.70.30.251 - - [07/Aug/2025:08:09:09 +0800] "POST /robot/lora-in.php HTTP/1.1" 200 - "-" "python-requests/2.21.0"
127.0.0.1 - - [07/Aug/2025:08:10:00 +0800] "GET /robot/alarm-history-in.php HTTP/1.1" 200 - "-" "python-requests/2.28.1"
172.16.36.181 - - [07/Aug/2025:08:10:00 +0800] "GET /manager-page/api/snapshot.php?id=11&t=0.7730860193537278 HTTP/1.1" 200 48866 "http://192.168.60.79/manager-page/home-1.php" "Mozilla/5.0 (Windows NT 10.0; Win64; x64) AppleWebKit/537.36 (KHTML, like Gecko) Chrome/138.0.0.0 Safari/537.36 Edg/138.0.0.0"
172.16.36.181 - - [07/Aug/2025:08:10:00 +0800] "GET /manager-page/api/snapshot.php?id=12&t=0.9722976239731435 HTTP/1.1" 200 48717 "http://192.168.60.79/manager-page/home-1.php" "Mozilla/5.0 (Windows NT 10.0; Win64; x64) AppleWebKit/537.36 (KHTML, like Gecko) Chrome/138.0.0.0 Safari/537.36 Edg/138.0.0.0"
127.0.0.1 - - [07/Aug/2025:08:10:20 +0800] "GET /get-setting.json HTTP/1.1" 200 2314 "-" "python-requests/2.31.0"
127.0.0.1 - - [07/Aug/2025:08:10:20 +0800] "POST /robot/lora-in.php HTTP/1.1" 200 - "-" "python-requests/2.31.0"
127.0.0.1 - - [07/Aug/2025:08:10:22 +0800] "POST /robot/lora-in.php HTTP/1.1" 200 - "-" "python-requests/2.31.0"
127.0.0.1 - - [07/Aug/2025:08:10:25 +0800] "POST /robot/lora-in.php HTTP/1.1" 200 - "-" "python-requests/2.31.0"
127.0.0.1 - - [07/Aug/2025:08:10:33 +0800] "POST /robot/lora-in.php HTTP/1.1" 200 - "-" "python-requests/2.31.0"
127.0.0.1 - - [07/Aug/2025:08:10:45 +0800] "POST /robot/lora-in.php HTTP/1.1" 200 - "-" "python-requests/2.31.0"
127.0.0.1 - - [07/Aug/2025:08:10:49 +0800] "POST /robot/lora-in.php HTTP/1.1" 200 - "-" "python-requests/2.31.0"
127.0.0.1 - - [07/Aug/2025:08:10:52 +0800] "POST /robot/lora-in.php HTTP/1.1" 200 - "-" "python-requests/2.31.0"
127.0.0.1 - - [07/Aug/2025:08:10:58 +0800] "POST /robot/lora-in.php HTTP/1.1" 200 - "-" "python-requests/2.31.0"
127.0.0.1 - - [07/Aug/2025:08:11:00 +0800] "GET /robot/alarm-history-in.php HTTP/1.1" 200 - "-" "python-requests/2.28.1"
172.16.36.181 - - [07/Aug/2025:08:11:00 +0800] "GET /manager-page/api/snapshot.php?id=11&t=0.5348497284203383 HTTP/1.1" 200 48883 "http://192.168.60.79/manager-page/home-1.php" "Mozilla/5.0 (Windows NT 10.0; Win64; x64) AppleWebKit/537.36 (KHTML, like Gecko) Chrome/138.0.0.0 Safari/537.36 Edg/138.0.0.0"
172.16.36.181 - - [07/Aug/2025:08:11:00 +0800] "GET /manager-page/api/snapshot.php?id=12&t=0.5569586747287328 HTTP/1.1" 200 48739 "http://192.168.60.79/manager-page/home-1.php" "Mozilla/5.0 (Windows NT 10.0; Win64; x64) AppleWebKit/537.36 (KHTML, like Gecko) Chrome/138.0.0.0 Safari/537.36 Edg/138.0.0.0"
172.16.36.181 - - [07/Aug/2025:08:11:13 +0800] "GET /manager-page/api/snapshot.php?id=11&t=0.7730333523845591 HTTP/1.1" 200 48531 "http://192.168.60.79/manager-page/home-1.php" "Mozilla/5.0 (Windows NT 10.0; Win64; x64) AppleWebKit/537.36 (KHTML, like Gecko) Chrome/138.0.0.0 Safari/537.36 Edg/138.0.0.0"
172.16.36.181 - - [07/Aug/2025:08:11:13 +0800] "GET /manager-page/api/snapshot.php?id=12&t=0.0532986255521698 HTTP/1.1" 200 48808 "http://192.168.60.79/manager-page/home-1.php" "Mozilla/5.0 (Windows NT 10.0; Win64; x64) AppleWebKit/537.36 (KHTML, like Gecko) Chrome/138.0.0.0 Safari/537.36 Edg/138.0.0.0"
172.16.36.181 - - [07/Aug/2025:08:11:16 +0800] "GET /manager-page/api/snapshot.php?id=11&t=0.38618071871610826 HTTP/1.1" 200 49017 "http://192.168.60.79/manager-page/home-1.php" "Mozilla/5.0 (Windows NT 10.0; Win64; x64) AppleWebKit/537.36 (KHTML, like Gecko) Chrome/138.0.0.0 Safari/537.36 Edg/138.0.0.0"
172.16.36.181 - - [07/Aug/2025:08:11:16 +0800] "GET /manager-page/api/snapshot.php?id=12&t=0.5266926184652027 HTTP/1.1" 200 49135 "http://192.168.60.79/manager-page/home-1.php" "Mozilla/5.0 (Windows NT 10.0; Win64; x64) AppleWebKit/537.36 (KHTML, like Gecko) Chrome/138.0.0.0 Safari/537.36 Edg/138.0.0.0"
172.16.36.181 - - [07/Aug/2025:08:11:21 +0800] "GET /manager-page/api/snapshot.php?id=11&t=0.009561407603551841 HTTP/1.1" 200 48889 "http://192.168.60.79/manager-page/home-1.php" "Mozilla/5.0 (Windows NT 10.0; Win64; x64) AppleWebKit/537.36 (KHTML, like Gecko) Chrome/138.0.0.0 Safari/537.36 Edg/138.0.0.0"
172.16.36.181 - - [07/Aug/2025:08:11:21 +0800] "GET /manager-page/api/snapshot.php?id=12&t=0.5024365206338804 HTTP/1.1" 200 48537 "http://192.168.60.79/manager-page/home-1.php" "Mozilla/5.0 (Windows NT 10.0; Win64; x64) AppleWebKit/537.36 (KHTML, like Gecko) Chrome/138.0.0.0 Safari/537.36 Edg/138.0.0.0"
172.16.36.181 - - [07/Aug/2025:08:11:26 +0800] "GET /manager-page/api/snapshot.php?id=12&t=0.48319816909986757 HTTP/1.1" 200 48945 "http://192.168.60.79/manager-page/home-1.php" "Mozilla/5.0 (Windows NT 10.0; Win64; x64) AppleWebKit/537.36 (KHTML, like Gecko) Chrome/138.0.0.0 Safari/537.36 Edg/138.0.0.0"
172.16.36.181 - - [07/Aug/2025:08:11:26 +0800] "GET /manager-page/api/snapshot.php?id=11&t=0.9914513226298313 HTTP/1.1" 200 49514 "http://192.168.60.79/manager-page/home-1.php" "Mozilla/5.0 (Windows NT 10.0; Win64; x64) AppleWebKit/537.36 (KHTML, like Gecko) Chrome/138.0.0.0 Safari/537.36 Edg/138.0.0.0"
172.16.36.181 - - [07/Aug/2025:08:11:31 +0800] "GET /manager-page/api/snapshot.php?id=12&t=0.5190493966451116 HTTP/1.1" 200 49344 "http://192.168.60.79/manager-page/home-1.php" "Mozilla/5.0 (Windows NT 10.0; Win64; x64) AppleWebKit/537.36 (KHTML, like Gecko) Chrome/138.0.0.0 Safari/537.36 Edg/138.0.0.0"
172.16.36.181 - - [07/Aug/2025:08:11:31 +0800] "GET /manager-page/api/snapshot.php?id=11&t=0.08053643390925169 HTTP/1.1" 200 48642 "http://192.168.60.79/manager-page/home-1.php" "Mozilla/5.0 (Windows NT 10.0; Win64; x64) AppleWebKit/537.36 (KHTML, like Gecko) Chrome/138.0.0.0 Safari/537.36 Edg/138.0.0.0"
172.16.36.181 - - [07/Aug/2025:08:11:36 +0800] "GET /manager-page/api/snapshot.php?id=11&t=0.09375399746643598 HTTP/1.1" 200 49079 "http://192.168.60.79/manager-page/home-1.php" "Mozilla/5.0 (Windows NT 10.0; Win64; x64) AppleWebKit/537.36 (KHTML, like Gecko) Chrome/138.0.0.0 Safari/537.36 Edg/138.0.0.0"
172.16.36.181 - - [07/Aug/2025:08:11:36 +0800] "GET /manager-page/api/snapshot.php?id=12&t=0.5926035695387714 HTTP/1.1" 200 48786 "http://192.168.60.79/manager-page/home-1.php" "Mozilla/5.0 (Windows NT 10.0; Win64; x64) AppleWebKit/537.36 (KHTML, like Gecko) Chrome/138.0.0.0 Safari/537.36 Edg/138.0.0.0"
172.16.36.181 - - [07/Aug/2025:08:11:41 +0800] "GET /manager-page/api/snapshot.php?id=12&t=0.5385194598055588 HTTP/1.1" 200 49089 "http://192.168.60.79/manager-page/home-1.php" "Mozilla/5.0 (Windows NT 10.0; Win64; x64) AppleWebKit/537.36 (KHTML, like Gecko) Chrome/138.0.0.0 Safari/537.36 Edg/138.0.0.0"
172.16.36.181 - - [07/Aug/2025:08:11:41 +0800] "GET /manager-page/api/snapshot.php?id=11&t=0.5202854920748118 HTTP/1.1" 200 49049 "http://192.168.60.79/manager-page/home-1.php" "Mozilla/5.0 (Windows NT 10.0; Win64; x64) AppleWebKit/537.36 (KHTML, like Gecko) Chrome/138.0.0.0 Safari/537.36 Edg/138.0.0.0"
172.16.36.181 - - [07/Aug/2025:08:11:46 +0800] "GET /manager-page/api/snapshot.php?id=12&t=0.7613166616515126 HTTP/1.1" 200 47946 "http://192.168.60.79/manager-page/home-1.php" "Mozilla/5.0 (Windows NT 10.0; Win64; x64) AppleWebKit/537.36 (KHTML, like Gecko) Chrome/138.0.0.0 Safari/537.36 Edg/138.0.0.0"
172.16.36.181 - - [07/Aug/2025:08:11:46 +0800] "GET /manager-page/api/snapshot.php?id=11&t=0.26124680822303503 HTTP/1.1" 200 48930 "http://192.168.60.79/manager-page/home-1.php" "Mozilla/5.0 (Windows NT 10.0; Win64; x64) AppleWebKit/537.36 (KHTML, like Gecko) Chrome/138.0.0.0 Safari/537.36 Edg/138.0.0.0"
172.16.36.181 - - [07/Aug/2025:08:11:51 +0800] "GET /manager-page/api/snapshot.php?id=12&t=0.7969157143217808 HTTP/1.1" 200 48789 "http://192.168.60.79/manager-page/home-1.php" "Mozilla/5.0 (Windows NT 10.0; Win64; x64) AppleWebKit/537.36 (KHTML, like Gecko) Chrome/138.0.0.0 Safari/537.36 Edg/138.0.0.0"
172.16.36.181 - - [07/Aug/2025:08:11:51 +0800] "GET /manager-page/api/snapshot.php?id=11&t=0.53003239990494 HTTP/1.1" 200 48941 "http://192.168.60.79/manager-page/home-1.php" "Mozilla/5.0 (Windows NT 10.0; Win64; x64) AppleWebKit/537.36 (KHTML, like Gecko) Chrome/138.0.0.0 Safari/537.36 Edg/138.0.0.0"
172.16.36.181 - - [07/Aug/2025:08:11:56 +0800] "GET /manager-page/api/snapshot.php?id=11&t=0.7166334375650866 HTTP/1.1" 200 48919 "http://192.168.60.79/manager-page/home-1.php" "Mozilla/5.0 (Windows NT 10.0; Win64; x64) AppleWebKit/537.36 (KHTML, like Gecko) Chrome/138.0.0.0 Safari/537.36 Edg/138.0.0.0"
172.16.36.181 - - [07/Aug/2025:08:11:56 +0800] "GET /manager-page/api/snapshot.php?id=12&t=0.7408829661387624 HTTP/1.1" 200 48757 "http://192.168.60.79/manager-page/home-1.php" "Mozilla/5.0 (Windows NT 10.0; Win64; x64) AppleWebKit/537.36 (KHTML, like Gecko) Chrome/138.0.0.0 Safari/537.36 Edg/138.0.0.0"
127.0.0.1 - - [07/Aug/2025:08:12:00 +0800] "GET /robot/alarm-history-in.php HTTP/1.1" 200 - "-" "python-requests/2.28.1"
172.16.36.181 - - [07/Aug/2025:08:12:01 +0800] "GET /manager-page/api/snapshot.php?id=12&t=0.8378340657729503 HTTP/1.1" 200 48745 "http://192.168.60.79/manager-page/home-1.php" "Mozilla/5.0 (Windows NT 10.0; Win64; x64) AppleWebKit/537.36 (KHTML, like Gecko) Chrome/138.0.0.0 Safari/537.36 Edg/138.0.0.0"
172.16.36.181 - - [07/Aug/2025:08:12:01 +0800] "GET /manager-page/api/snapshot.php?id=11&t=0.8756559989218493 HTTP/1.1" 200 48932 "http://192.168.60.79/manager-page/home-1.php" "Mozilla/5.0 (Windows NT 10.0; Win64; x64) AppleWebKit/537.36 (KHTML, like Gecko) Chrome/138.0.0.0 Safari/537.36 Edg/138.0.0.0"
172.16.36.181 - - [07/Aug/2025:08:12:06 +0800] "GET /manager-page/api/snapshot.php?id=12&t=0.7328574903035171 HTTP/1.1" 200 48707 "http://192.168.60.79/manager-page/home-1.php" "Mozilla/5.0 (Windows NT 10.0; Win64; x64) AppleWebKit/537.36 (KHTML, like Gecko) Chrome/138.0.0.0 Safari/537.36 Edg/138.0.0.0"
172.16.36.181 - - [07/Aug/2025:08:12:06 +0800] "GET /manager-page/api/snapshot.php?id=11&t=0.34907882616169417 HTTP/1.1" 200 48981 "http://192.168.60.79/manager-page/home-1.php" "Mozilla/5.0 (Windows NT 10.0; Win64; x64) AppleWebKit/537.36 (KHTML, like Gecko) Chrome/138.0.0.0 Safari/537.36 Edg/138.0.0.0"
172.16.36.181 - - [07/Aug/2025:08:12:11 +0800] "GET /manager-page/api/snapshot.php?id=11&t=0.4051631118509458 HTTP/1.1" 200 49012 "http://192.168.60.79/manager-page/home-1.php" "Mozilla/5.0 (Windows NT 10.0; Win64; x64) AppleWebKit/537.36 (KHTML, like Gecko) Chrome/138.0.0.0 Safari/537.36 Edg/138.0.0.0"
172.16.36.181 - - [07/Aug/2025:08:12:11 +0800] "GET /manager-page/api/snapshot.php?id=12&t=0.36252766890307275 HTTP/1.1" 200 48735 "http://192.168.60.79/manager-page/home-1.php" "Mozilla/5.0 (Windows NT 10.0; Win64; x64) AppleWebKit/537.36 (KHTML, like Gecko) Chrome/138.0.0.0 Safari/537.36 Edg/138.0.0.0"
172.16.36.181 - - [07/Aug/2025:08:12:16 +0800] "GET /manager-page/api/snapshot.php?id=12&t=0.7387278615473845 HTTP/1.1" 200 49753 "http://192.168.60.79/manager-page/home-1.php" "Mozilla/5.0 (Windows NT 10.0; Win64; x64) AppleWebKit/537.36 (KHTML, like Gecko) Chrome/138.0.0.0 Safari/537.36 Edg/138.0.0.0"
172.16.36.181 - - [07/Aug/2025:08:12:16 +0800] "GET /manager-page/api/snapshot.php?id=11&t=0.5749058315327812 HTTP/1.1" 200 49056 "http://192.168.60.79/manager-page/home-1.php" "Mozilla/5.0 (Windows NT 10.0; Win64; x64) AppleWebKit/537.36 (KHTML, like Gecko) Chrome/138.0.0.0 Safari/537.36 Edg/138.0.0.0"
172.16.36.181 - - [07/Aug/2025:08:12:54 +0800] "GET /manager-page/api/snapshot.php?id=12&t=0.4948784620954765 HTTP/1.1" 200 48718 "http://192.168.60.79/manager-page/home-1.php" "Mozilla/5.0 (Windows NT 10.0; Win64; x64) AppleWebKit/537.36 (KHTML, like Gecko) Chrome/138.0.0.0 Safari/537.36 Edg/138.0.0.0"
172.16.36.181 - - [07/Aug/2025:08:12:54 +0800] "GET /manager-page/api/snapshot.php?id=11&t=0.6824631097364566 HTTP/1.1" 200 48977 "http://192.168.60.79/manager-page/home-1.php" "Mozilla/5.0 (Windows NT 10.0; Win64; x64) AppleWebKit/537.36 (KHTML, like Gecko) Chrome/138.0.0.0 Safari/537.36 Edg/138.0.0.0"
172.16.36.181 - - [07/Aug/2025:08:12:56 +0800] "GET /manager-page/api/snapshot.php?id=12&t=0.1669073868938591 HTTP/1.1" 200 48745 "http://192.168.60.79/manager-page/home-1.php" "Mozilla/5.0 (Windows NT 10.0; Win64; x64) AppleWebKit/537.36 (KHTML, like Gecko) Chrome/138.0.0.0 Safari/537.36 Edg/138.0.0.0"
172.16.36.181 - - [07/Aug/2025:08:12:56 +0800] "GET /manager-page/api/snapshot.php?id=11&t=0.9379832894091572 HTTP/1.1" 200 48927 "http://192.168.60.79/manager-page/home-1.php" "Mozilla/5.0 (Windows NT 10.0; Win64; x64) AppleWebKit/537.36 (KHTML, like Gecko) Chrome/138.0.0.0 Safari/537.36 Edg/138.0.0.0"
127.0.0.1 - - [07/Aug/2025:08:13:00 +0800] "GET /robot/alarm-history-in.php HTTP/1.1" 200 - "-" "python-requests/2.28.1"
172.16.36.181 - - [07/Aug/2025:08:13:01 +0800] "GET /manager-page/api/snapshot.php?id=12&t=0.7974447693715805 HTTP/1.1" 200 48748 "http://192.168.60.79/manager-page/home-1.php" "Mozilla/5.0 (Windows NT 10.0; Win64; x64) AppleWebKit/537.36 (KHTML, like Gecko) Chrome/138.0.0.0 Safari/537.36 Edg/138.0.0.0"
172.16.36.181 - - [07/Aug/2025:08:13:01 +0800] "GET /manager-page/api/snapshot.php?id=11&t=0.45690270435104485 HTTP/1.1" 200 49028 "http://192.168.60.79/manager-page/home-1.php" "Mozilla/5.0 (Windows NT 10.0; Win64; x64) AppleWebKit/537.36 (KHTML, like Gecko) Chrome/138.0.0.0 Safari/537.36 Edg/138.0.0.0"
172.16.36.181 - - [07/Aug/2025:08:13:01 +0800] "GET /manager-page/alarm/2-1.jpg?t=404814389 HTTP/1.1" 200 408168 "http://192.168.60.79/manager-page/home-2.php" "Mozilla/5.0 (Windows NT 10.0; Win64; x64) AppleWebKit/537.36 (KHTML, like Gecko) Chrome/138.0.0.0 Safari/537.36 Edg/138.0.0.0"
172.16.36.181 - - [07/Aug/2025:08:13:01 +0800] "GET /manager-page/alarm/2-2.jpg?t=1323850279 HTTP/1.1" 200 542044 "http://192.168.60.79/manager-page/home-2.php" "Mozilla/5.0 (Windows NT 10.0; Win64; x64) AppleWebKit/537.36 (KHTML, like Gecko) Chrome/138.0.0.0 Safari/537.36 Edg/138.0.0.0"
172.16.36.181 - - [07/Aug/2025:08:13:01 +0800] "GET /manager-page/home-2.php HTTP/1.1" 200 27468 "http://192.168.60.79/manager-page/home-1.php" "Mozilla/5.0 (Windows NT 10.0; Win64; x64) AppleWebKit/537.36 (KHTML, like Gecko) Chrome/138.0.0.0 Safari/537.36 Edg/138.0.0.0"
172.16.36.181 - - [07/Aug/2025:08:13:01 +0800] "GET /manager-page/api/snapshot.php?id=21 HTTP/1.1" 200 46873 "http://192.168.60.79/manager-page/home-2.php" "Mozilla/5.0 (Windows NT 10.0; Win64; x64) AppleWebKit/537.36 (KHTML, like Gecko) Chrome/138.0.0.0 Safari/537.36 Edg/138.0.0.0"
172.16.36.181 - - [07/Aug/2025:08:13:01 +0800] "GET /manager-page/api/snapshot.php?id=22 HTTP/1.1" 200 42125 "http://192.168.60.79/manager-page/home-2.php" "Mozilla/5.0 (Windows NT 10.0; Win64; x64) AppleWebKit/537.36 (KHTML, like Gecko) Chrome/138.0.0.0 Safari/537.36 Edg/138.0.0.0"
172.16.36.181 - - [07/Aug/2025:08:13:04 +0800] "GET /manager-page/api/cms-status2.php HTTP/1.1" 200 12 "http://192.168.60.79/manager-page/home-2.php" "Mozilla/5.0 (Windows NT 10.0; Win64; x64) AppleWebKit/537.36 (KHTML, like Gecko) Chrome/138.0.0.0 Safari/537.36 Edg/138.0.0.0"
172.16.36.181 - - [07/Aug/2025:08:13:04 +0800] "GET /manager-page/api/lp-status2.php HTTP/1.1" 200 1 "http://192.168.60.79/manager-page/home-2.php" "Mozilla/5.0 (Windows NT 10.0; Win64; x64) AppleWebKit/537.36 (KHTML, like Gecko) Chrome/138.0.0.0 Safari/537.36 Edg/138.0.0.0"
172.16.36.181 - - [07/Aug/2025:08:13:09 +0800] "GET /manager-page/api/snapshot.php?id=22&t=0.9419536560425522 HTTP/1.1" 200 42235 "http://192.168.60.79/manager-page/home-2.php" "Mozilla/5.0 (Windows NT 10.0; Win64; x64) AppleWebKit/537.36 (KHTML, like Gecko) Chrome/138.0.0.0 Safari/537.36 Edg/138.0.0.0"
172.16.36.181 - - [07/Aug/2025:08:13:09 +0800] "GET /manager-page/api/snapshot.php?id=21&t=0.3483338995091654 HTTP/1.1" 200 46920 "http://192.168.60.79/manager-page/home-2.php" "Mozilla/5.0 (Windows NT 10.0; Win64; x64) AppleWebKit/537.36 (KHTML, like Gecko) Chrome/138.0.0.0 Safari/537.36 Edg/138.0.0.0"
127.0.0.1 - - [07/Aug/2025:08:13:11 +0800] "POST /robot/et-7026-in.php HTTP/1.1" 200 - "-" "python-requests/2.32.2"
172.16.36.181 - - [07/Aug/2025:08:13:14 +0800] "GET /manager-page/api/snapshot.php?id=21&t=0.36660277370230565 HTTP/1.1" 200 46947 "http://192.168.60.79/manager-page/home-2.php" "Mozilla/5.0 (Windows NT 10.0; Win64; x64) AppleWebKit/537.36 (KHTML, like Gecko) Chrome/138.0.0.0 Safari/537.36 Edg/138.0.0.0"
172.16.36.181 - - [07/Aug/2025:08:13:14 +0800] "GET /manager-page/api/snapshot.php?id=22&t=0.12664706100228362 HTTP/1.1" 200 42198 "http://192.168.60.79/manager-page/home-2.php" "Mozilla/5.0 (Windows NT 10.0; Win64; x64) AppleWebKit/537.36 (KHTML, like Gecko) Chrome/138.0.0.0 Safari/537.36 Edg/138.0.0.0"
172.16.36.181 - - [07/Aug/2025:08:13:17 +0800] "GET /manager-page/alarm/1-1.jpg?t=1496451827 HTTP/1.1" 200 322868 "http://192.168.60.79/manager-page/home-1.php" "Mozilla/5.0 (Windows NT 10.0; Win64; x64) AppleWebKit/537.36 (KHTML, like Gecko) Chrome/138.0.0.0 Safari/537.36 Edg/138.0.0.0"
172.16.36.181 - - [07/Aug/2025:08:13:17 +0800] "GET /manager-page/alarm/1-2.jpg?t=2090688064 HTTP/1.1" 200 495492 "http://192.168.60.79/manager-page/home-1.php" "Mozilla/5.0 (Windows NT 10.0; Win64; x64) AppleWebKit/537.36 (KHTML, like Gecko) Chrome/138.0.0.0 Safari/537.36 Edg/138.0.0.0"
172.16.36.181 - - [07/Aug/2025:08:13:17 +0800] "GET /manager-page/home-1.php HTTP/1.1" 200 27475 "http://192.168.60.79/manager-page/home-2.php" "Mozilla/5.0 (Windows NT 10.0; Win64; x64) AppleWebKit/537.36 (KHTML, like Gecko) Chrome/138.0.0.0 Safari/537.36 Edg/138.0.0.0"
172.16.36.181 - - [07/Aug/2025:08:13:17 +0800] "GET /manager-page/api/snapshot.php?id=12 HTTP/1.1" 200 48773 "http://192.168.60.79/manager-page/home-1.php" "Mozilla/5.0 (Windows NT 10.0; Win64; x64) AppleWebKit/537.36 (KHTML, like Gecko) Chrome/138.0.0.0 Safari/537.36 Edg/138.0.0.0"
172.16.36.181 - - [07/Aug/2025:08:13:17 +0800] "GET /manager-page/api/snapshot.php?id=11 HTTP/1.1" 200 49048 "http://192.168.60.79/manager-page/home-1.php" "Mozilla/5.0 (Windows NT 10.0; Win64; x64) AppleWebKit/537.36 (KHTML, like Gecko) Chrome/138.0.0.0 Safari/537.36 Edg/138.0.0.0"
172.16.36.181 - - [07/Aug/2025:08:13:20 +0800] "GET /manager-page/api/cms-status1.php HTTP/1.1" 200 12 "http://192.168.60.79/manager-page/home-1.php" "Mozilla/5.0 (Windows NT 10.0; Win64; x64) AppleWebKit/537.36 (KHTML, like Gecko) Chrome/138.0.0.0 Safari/537.36 Edg/138.0.0.0"
172.16.36.181 - - [07/Aug/2025:08:13:20 +0800] "GET /manager-page/api/lp-status1.php HTTP/1.1" 200 1 "http://192.168.60.79/manager-page/home-1.php" "Mozilla/5.0 (Windows NT 10.0; Win64; x64) AppleWebKit/537.36 (KHTML, like Gecko) Chrome/138.0.0.0 Safari/537.36 Edg/138.0.0.0"
172.16.36.181 - - [07/Aug/2025:08:13:25 +0800] "GET /manager-page/api/snapshot.php?id=12&t=0.7396178657894418 HTTP/1.1" 200 48835 "http://192.168.60.79/manager-page/home-1.php" "Mozilla/5.0 (Windows NT 10.0; Win64; x64) AppleWebKit/537.36 (KHTML, like Gecko) Chrome/138.0.0.0 Safari/537.36 Edg/138.0.0.0"
172.16.36.181 - - [07/Aug/2025:08:13:25 +0800] "GET /manager-page/api/snapshot.php?id=11&t=0.6037861169509492 HTTP/1.1" 200 48989 "http://192.168.60.79/manager-page/home-1.php" "Mozilla/5.0 (Windows NT 10.0; Win64; x64) AppleWebKit/537.36 (KHTML, like Gecko) Chrome/138.0.0.0 Safari/537.36 Edg/138.0.0.0"
172.16.36.181 - - [07/Aug/2025:08:13:26 +0800] "GET /manager-page/alarm/3-2.jpg?t=2091457602 HTTP/1.1" 200 187208 "http://192.168.60.79/manager-page/home-3.php" "Mozilla/5.0 (Windows NT 10.0; Win64; x64) AppleWebKit/537.36 (KHTML, like Gecko) Chrome/138.0.0.0 Safari/537.36 Edg/138.0.0.0"
172.16.36.181 - - [07/Aug/2025:08:13:26 +0800] "GET /manager-page/alarm/3-1.jpg?t=1274272731 HTTP/1.1" 200 520364 "http://192.168.60.79/manager-page/home-3.php" "Mozilla/5.0 (Windows NT 10.0; Win64; x64) AppleWebKit/537.36 (KHTML, like Gecko) Chrome/138.0.0.0 Safari/537.36 Edg/138.0.0.0"
172.16.36.181 - - [07/Aug/2025:08:13:26 +0800] "GET /manager-page/home-3.php HTTP/1.1" 200 27482 "http://192.168.60.79/manager-page/home-1.php" "Mozilla/5.0 (Windows NT 10.0; Win64; x64) AppleWebKit/537.36 (KHTML, like Gecko) Chrome/138.0.0.0 Safari/537.36 Edg/138.0.0.0"
172.16.36.181 - - [07/Aug/2025:08:13:26 +0800] "GET /manager-page/api/snapshot.php?id=32 HTTP/1.1" 200 49792 "http://192.168.60.79/manager-page/home-3.php" "Mozilla/5.0 (Windows NT 10.0; Win64; x64) AppleWebKit/537.36 (KHTML, like Gecko) Chrome/138.0.0.0 Safari/537.36 Edg/138.0.0.0"
172.16.36.181 - - [07/Aug/2025:08:13:26 +0800] "GET /manager-page/api/snapshot.php?id=31 HTTP/1.1" 200 60134 "http://192.168.60.79/manager-page/home-3.php" "Mozilla/5.0 (Windows NT 10.0; Win64; x64) AppleWebKit/537.36 (KHTML, like Gecko) Chrome/138.0.0.0 Safari/537.36 Edg/138.0.0.0"
172.16.36.181 - - [07/Aug/2025:08:13:28 +0800] "GET /manager-page/api/cms-status3.php HTTP/1.1" 200 12 "http://192.168.60.79/manager-page/home-3.php" "Mozilla/5.0 (Windows NT 10.0; Win64; x64) AppleWebKit/537.36 (KHTML, like Gecko) Chrome/138.0.0.0 Safari/537.36 Edg/138.0.0.0"
172.16.36.181 - - [07/Aug/2025:08:13:28 +0800] "GET /manager-page/api/lp-status3.php HTTP/1.1" 200 1 "http://192.168.60.79/manager-page/home-3.php" "Mozilla/5.0 (Windows NT 10.0; Win64; x64) AppleWebKit/537.36 (KHTML, like Gecko) Chrome/138.0.0.0 Safari/537.36 Edg/138.0.0.0"
172.16.36.181 - - [07/Aug/2025:08:13:33 +0800] "GET /manager-page/api/snapshot.php?id=32&t=0.5855748608666594 HTTP/1.1" 200 49830 "http://192.168.60.79/manager-page/home-3.php" "Mozilla/5.0 (Windows NT 10.0; Win64; x64) AppleWebKit/537.36 (KHTML, like Gecko) Chrome/138.0.0.0 Safari/537.36 Edg/138.0.0.0"
172.16.36.181 - - [07/Aug/2025:08:13:33 +0800] "GET /manager-page/api/snapshot.php?id=31&t=0.8545256246122683 HTTP/1.1" 200 60185 "http://192.168.60.79/manager-page/home-3.php" "Mozilla/5.0 (Windows NT 10.0; Win64; x64) AppleWebKit/537.36 (KHTML, like Gecko) Chrome/138.0.0.0 Safari/537.36 Edg/138.0.0.0"
172.16.36.181 - - [07/Aug/2025:08:13:38 +0800] "GET /manager-page/api/snapshot.php?id=32&t=0.20544726812177383 HTTP/1.1" 200 49850 "http://192.168.60.79/manager-page/home-3.php" "Mozilla/5.0 (Windows NT 10.0; Win64; x64) AppleWebKit/537.36 (KHTML, like Gecko) Chrome/138.0.0.0 Safari/537.36 Edg/138.0.0.0"
172.16.36.181 - - [07/Aug/2025:08:13:38 +0800] "GET /manager-page/api/snapshot.php?id=31&t=0.225113327868103 HTTP/1.1" 200 60195 "http://192.168.60.79/manager-page/home-3.php" "Mozilla/5.0 (Windows NT 10.0; Win64; x64) AppleWebKit/537.36 (KHTML, like Gecko) Chrome/138.0.0.0 Safari/537.36 Edg/138.0.0.0"
172.16.36.181 - - [07/Aug/2025:08:13:43 +0800] "GET /manager-page/api/snapshot.php?id=32&t=0.15460015963577456 HTTP/1.1" 200 49894 "http://192.168.60.79/manager-page/home-3.php" "Mozilla/5.0 (Windows NT 10.0; Win64; x64) AppleWebKit/537.36 (KHTML, like Gecko) Chrome/138.0.0.0 Safari/537.36 Edg/138.0.0.0"
172.16.36.181 - - [07/Aug/2025:08:13:43 +0800] "GET /manager-page/api/snapshot.php?id=31&t=0.19433715798576545 HTTP/1.1" 200 60142 "http://192.168.60.79/manager-page/home-3.php" "Mozilla/5.0 (Windows NT 10.0; Win64; x64) AppleWebKit/537.36 (KHTML, like Gecko) Chrome/138.0.0.0 Safari/537.36 Edg/138.0.0.0"
111.70.30.253 - - [07/Aug/2025:08:13:47 +0800] "POST /robot/lora-in.php HTTP/1.1" 200 - "-" "python-requests/2.21.0"
172.16.36.181 - - [07/Aug/2025:08:13:48 +0800] "GET /manager-page/api/snapshot.php?id=32&t=0.7306892591592 HTTP/1.1" 200 49916 "http://192.168.60.79/manager-page/home-3.php" "Mozilla/5.0 (Windows NT 10.0; Win64; x64) AppleWebKit/537.36 (KHTML, like Gecko) Chrome/138.0.0.0 Safari/537.36 Edg/138.0.0.0"
172.16.36.181 - - [07/Aug/2025:08:13:48 +0800] "GET /manager-page/api/snapshot.php?id=31&t=0.372282419874136 HTTP/1.1" 200 60128 "http://192.168.60.79/manager-page/home-3.php" "Mozilla/5.0 (Windows NT 10.0; Win64; x64) AppleWebKit/537.36 (KHTML, like Gecko) Chrome/138.0.0.0 Safari/537.36 Edg/138.0.0.0"
172.16.36.181 - - [07/Aug/2025:08:13:50 +0800] "GET /manager-page/alarm/4-2.jpg?t=1985446365 HTTP/1.1" 200 543160 "http://192.168.60.79/manager-page/home-4.php" "Mozilla/5.0 (Windows NT 10.0; Win64; x64) AppleWebKit/537.36 (KHTML, like Gecko) Chrome/138.0.0.0 Safari/537.36 Edg/138.0.0.0"
172.16.36.181 - - [07/Aug/2025:08:13:50 +0800] "GET /manager-page/alarm/4-1.jpg?t=1164256774 HTTP/1.1" 200 436474 "http://192.168.60.79/manager-page/home-4.php" "Mozilla/5.0 (Windows NT 10.0; Win64; x64) AppleWebKit/537.36 (KHTML, like Gecko) Chrome/138.0.0.0 Safari/537.36 Edg/138.0.0.0"
172.16.36.181 - - [07/Aug/2025:08:13:49 +0800] "GET /manager-page/home-4.php HTTP/1.1" 200 27485 "http://192.168.60.79/manager-page/home-3.php" "Mozilla/5.0 (Windows NT 10.0; Win64; x64) AppleWebKit/537.36 (KHTML, like Gecko) Chrome/138.0.0.0 Safari/537.36 Edg/138.0.0.0"
172.16.36.181 - - [07/Aug/2025:08:13:50 +0800] "GET /manager-page/api/snapshot.php?id=41 HTTP/1.1" 200 57797 "http://192.168.60.79/manager-page/home-4.php" "Mozilla/5.0 (Windows NT 10.0; Win64; x64) AppleWebKit/537.36 (KHTML, like Gecko) Chrome/138.0.0.0 Safari/537.36 Edg/138.0.0.0"
172.16.36.181 - - [07/Aug/2025:08:13:50 +0800] "GET /manager-page/api/snapshot.php?id=42 HTTP/1.1" 200 58707 "http://192.168.60.79/manager-page/home-4.php" "Mozilla/5.0 (Windows NT 10.0; Win64; x64) AppleWebKit/537.36 (KHTML, like Gecko) Chrome/138.0.0.0 Safari/537.36 Edg/138.0.0.0"
172.16.36.181 - - [07/Aug/2025:08:13:52 +0800] "GET /manager-page/api/lp-status4.php HTTP/1.1" 200 1 "http://192.168.60.79/manager-page/home-4.php" "Mozilla/5.0 (Windows NT 10.0; Win64; x64) AppleWebKit/537.36 (KHTML, like Gecko) Chrome/138.0.0.0 Safari/537.36 Edg/138.0.0.0"
172.16.36.181 - - [07/Aug/2025:08:13:52 +0800] "GET /manager-page/api/cms-status4.php HTTP/1.1" 200 12 "http://192.168.60.79/manager-page/home-4.php" "Mozilla/5.0 (Windows NT 10.0; Win64; x64) AppleWebKit/537.36 (KHTML, like Gecko) Chrome/138.0.0.0 Safari/537.36 Edg/138.0.0.0"
172.16.36.181 - - [07/Aug/2025:08:13:57 +0800] "GET /manager-page/api/snapshot.php?id=41&t=0.21002033902268336 HTTP/1.1" 200 57735 "http://192.168.60.79/manager-page/home-4.php" "Mozilla/5.0 (Windows NT 10.0; Win64; x64) AppleWebKit/537.36 (KHTML, like Gecko) Chrome/138.0.0.0 Safari/537.36 Edg/138.0.0.0"
172.16.36.181 - - [07/Aug/2025:08:13:57 +0800] "GET /manager-page/api/snapshot.php?id=42&t=0.7161582452498376 HTTP/1.1" 200 58785 "http://192.168.60.79/manager-page/home-4.php" "Mozilla/5.0 (Windows NT 10.0; Win64; x64) AppleWebKit/537.36 (KHTML, like Gecko) Chrome/138.0.0.0 Safari/537.36 Edg/138.0.0.0"
127.0.0.1 - - [07/Aug/2025:08:14:00 +0800] "GET /robot/alarm-history-in.php HTTP/1.1" 200 - "-" "python-requests/2.28.1"
172.16.36.181 - - [07/Aug/2025:08:14:02 +0800] "GET /manager-page/api/snapshot.php?id=42&t=0.5831626011962745 HTTP/1.1" 200 58778 "http://192.168.60.79/manager-page/home-4.php" "Mozilla/5.0 (Windows NT 10.0; Win64; x64) AppleWebKit/537.36 (KHTML, like Gecko) Chrome/138.0.0.0 Safari/537.36 Edg/138.0.0.0"
172.16.36.181 - - [07/Aug/2025:08:14:02 +0800] "GET /manager-page/api/snapshot.php?id=41&t=0.3288233087955902 HTTP/1.1" 200 57734 "http://192.168.60.79/manager-page/home-4.php" "Mozilla/5.0 (Windows NT 10.0; Win64; x64) AppleWebKit/537.36 (KHTML, like Gecko) Chrome/138.0.0.0 Safari/537.36 Edg/138.0.0.0"
172.16.36.181 - - [07/Aug/2025:08:14:03 +0800] "GET /manager-page/alarm/1-2.jpg?t=1279534276 HTTP/1.1" 200 495492 "http://192.168.60.79/manager-page/home-1.php" "Mozilla/5.0 (Windows NT 10.0; Win64; x64) AppleWebKit/537.36 (KHTML, like Gecko) Chrome/138.0.0.0 Safari/537.36 Edg/138.0.0.0"
172.16.36.181 - - [07/Aug/2025:08:14:03 +0800] "GET /manager-page/alarm/1-1.jpg?t=10965383 HTTP/1.1" 200 322868 "http://192.168.60.79/manager-page/home-1.php" "Mozilla/5.0 (Windows NT 10.0; Win64; x64) AppleWebKit/537.36 (KHTML, like Gecko) Chrome/138.0.0.0 Safari/537.36 Edg/138.0.0.0"
127.0.0.1 - - [07/Aug/2025:08:14:05 +0800] "POST /robot/et-7026-in.php HTTP/1.1" 200 - "-" "python-requests/2.32.2"
172.16.36.181 - - [07/Aug/2025:08:14:03 +0800] "GET /manager-page/home-1.php HTTP/1.1" 200 27473 "http://192.168.60.79/manager-page/home-4.php" "Mozilla/5.0 (Windows NT 10.0; Win64; x64) AppleWebKit/537.36 (KHTML, like Gecko) Chrome/138.0.0.0 Safari/537.36 Edg/138.0.0.0"
172.16.36.181 - - [07/Aug/2025:08:14:03 +0800] "GET /manager-page/api/snapshot.php?id=11 HTTP/1.1" 200 49009 "http://192.168.60.79/manager-page/home-1.php" "Mozilla/5.0 (Windows NT 10.0; Win64; x64) AppleWebKit/537.36 (KHTML, like Gecko) Chrome/138.0.0.0 Safari/537.36 Edg/138.0.0.0"
172.16.36.181 - - [07/Aug/2025:08:14:03 +0800] "GET /manager-page/api/snapshot.php?id=12 HTTP/1.1" 200 48759 "http://192.168.60.79/manager-page/home-1.php" "Mozilla/5.0 (Windows NT 10.0; Win64; x64) AppleWebKit/537.36 (KHTML, like Gecko) Chrome/138.0.0.0 Safari/537.36 Edg/138.0.0.0"
172.16.36.181 - - [07/Aug/2025:08:14:05 +0800] "GET /manager-page/api/lp-status1.php HTTP/1.1" 200 1 "http://192.168.60.79/manager-page/home-1.php" "Mozilla/5.0 (Windows NT 10.0; Win64; x64) AppleWebKit/537.36 (KHTML, like Gecko) Chrome/138.0.0.0 Safari/537.36 Edg/138.0.0.0"
172.16.36.181 - - [07/Aug/2025:08:14:05 +0800] "GET /manager-page/api/cms-status1.php HTTP/1.1" 200 12 "http://192.168.60.79/manager-page/home-1.php" "Mozilla/5.0 (Windows NT 10.0; Win64; x64) AppleWebKit/537.36 (KHTML, like Gecko) Chrome/138.0.0.0 Safari/537.36 Edg/138.0.0.0"
172.16.36.181 - - [07/Aug/2025:08:14:11 +0800] "GET /manager-page/api/snapshot.php?id=11&t=0.24259880445128146 HTTP/1.1" 200 48983 "http://192.168.60.79/manager-page/home-1.php" "Mozilla/5.0 (Windows NT 10.0; Win64; x64) AppleWebKit/537.36 (KHTML, like Gecko) Chrome/138.0.0.0 Safari/537.36 Edg/138.0.0.0"
172.16.36.181 - - [07/Aug/2025:08:14:11 +0800] "GET /manager-page/api/snapshot.php?id=12&t=0.8568147251906254 HTTP/1.1" 200 48736 "http://192.168.60.79/manager-page/home-1.php" "Mozilla/5.0 (Windows NT 10.0; Win64; x64) AppleWebKit/537.36 (KHTML, like Gecko) Chrome/138.0.0.0 Safari/537.36 Edg/138.0.0.0"
172.16.36.181 - - [07/Aug/2025:08:14:16 +0800] "GET /manager-page/api/snapshot.php?id=11&t=0.8355772721894807 HTTP/1.1" 200 48971 "http://192.168.60.79/manager-page/home-1.php" "Mozilla/5.0 (Windows NT 10.0; Win64; x64) AppleWebKit/537.36 (KHTML, like Gecko) Chrome/138.0.0.0 Safari/537.36 Edg/138.0.0.0"
172.16.36.181 - - [07/Aug/2025:08:14:16 +0800] "GET /manager-page/api/snapshot.php?id=12&t=0.028488521455647176 HTTP/1.1" 200 48782 "http://192.168.60.79/manager-page/home-1.php" "Mozilla/5.0 (Windows NT 10.0; Win64; x64) AppleWebKit/537.36 (KHTML, like Gecko) Chrome/138.0.0.0 Safari/537.36 Edg/138.0.0.0"
172.16.36.181 - - [07/Aug/2025:08:14:21 +0800] "GET /manager-page/api/snapshot.php?id=12&t=0.294496954076067 HTTP/1.1" 200 48757 "http://192.168.60.79/manager-page/home-1.php" "Mozilla/5.0 (Windows NT 10.0; Win64; x64) AppleWebKit/537.36 (KHTML, like Gecko) Chrome/138.0.0.0 Safari/537.36 Edg/138.0.0.0"
172.16.36.181 - - [07/Aug/2025:08:14:21 +0800] "GET /manager-page/api/snapshot.php?id=11&t=0.8024428038914885 HTTP/1.1" 200 49003 "http://192.168.60.79/manager-page/home-1.php" "Mozilla/5.0 (Windows NT 10.0; Win64; x64) AppleWebKit/537.36 (KHTML, like Gecko) Chrome/138.0.0.0 Safari/537.36 Edg/138.0.0.0"
172.16.36.181 - - [07/Aug/2025:08:14:26 +0800] "GET /manager-page/api/snapshot.php?id=12&t=0.6546039537912612 HTTP/1.1" 200 48752 "http://192.168.60.79/manager-page/home-1.php" "Mozilla/5.0 (Windows NT 10.0; Win64; x64) AppleWebKit/537.36 (KHTML, like Gecko) Chrome/138.0.0.0 Safari/537.36 Edg/138.0.0.0"
172.16.36.181 - - [07/Aug/2025:08:14:26 +0800] "GET /manager-page/api/snapshot.php?id=11&t=0.10300834306372808 HTTP/1.1" 200 49033 "http://192.168.60.79/manager-page/home-1.php" "Mozilla/5.0 (Windows NT 10.0; Win64; x64) AppleWebKit/537.36 (KHTML, like Gecko) Chrome/138.0.0.0 Safari/537.36 Edg/138.0.0.0"
172.16.36.181 - - [07/Aug/2025:08:14:31 +0800] "GET /manager-page/api/snapshot.php?id=12&t=0.5874848938925962 HTTP/1.1" 200 48797 "http://192.168.60.79/manager-page/home-1.php" "Mozilla/5.0 (Windows NT 10.0; Win64; x64) AppleWebKit/537.36 (KHTML, like Gecko) Chrome/138.0.0.0 Safari/537.36 Edg/138.0.0.0"
172.16.36.181 - - [07/Aug/2025:08:14:31 +0800] "GET /manager-page/api/snapshot.php?id=11&t=0.2925695139844461 HTTP/1.1" 200 49056 "http://192.168.60.79/manager-page/home-1.php" "Mozilla/5.0 (Windows NT 10.0; Win64; x64) AppleWebKit/537.36 (KHTML, like Gecko) Chrome/138.0.0.0 Safari/537.36 Edg/138.0.0.0"
111.70.30.250 - - [07/Aug/2025:08:14:35 +0800] "POST /robot/lora-in.php HTTP/1.1" 200 - "-" "python-requests/2.21.0"
172.16.36.181 - - [07/Aug/2025:08:14:36 +0800] "GET /manager-page/api/snapshot.php?id=11&t=0.539045373673075 HTTP/1.1" 200 48970 "http://192.168.60.79/manager-page/home-1.php" "Mozilla/5.0 (Windows NT 10.0; Win64; x64) AppleWebKit/537.36 (KHTML, like Gecko) Chrome/138.0.0.0 Safari/537.36 Edg/138.0.0.0"
172.16.36.181 - - [07/Aug/2025:08:14:36 +0800] "GET /manager-page/api/snapshot.php?id=12&t=0.3971911045770701 HTTP/1.1" 200 48766 "http://192.168.60.79/manager-page/home-1.php" "Mozilla/5.0 (Windows NT 10.0; Win64; x64) AppleWebKit/537.36 (KHTML, like Gecko) Chrome/138.0.0.0 Safari/537.36 Edg/138.0.0.0"
172.16.36.181 - - [07/Aug/2025:08:14:41 +0800] "GET /manager-page/api/snapshot.php?id=12&t=0.19406726725039503 HTTP/1.1" 200 48717 "http://192.168.60.79/manager-page/home-1.php" "Mozilla/5.0 (Windows NT 10.0; Win64; x64) AppleWebKit/537.36 (KHTML, like Gecko) Chrome/138.0.0.0 Safari/537.36 Edg/138.0.0.0"
172.16.36.181 - - [07/Aug/2025:08:14:41 +0800] "GET /manager-page/api/snapshot.php?id=11&t=0.43372267640499307 HTTP/1.1" 200 48964 "http://192.168.60.79/manager-page/home-1.php" "Mozilla/5.0 (Windows NT 10.0; Win64; x64) AppleWebKit/537.36 (KHTML, like Gecko) Chrome/138.0.0.0 Safari/537.36 Edg/138.0.0.0"
172.16.36.181 - - [07/Aug/2025:08:14:46 +0800] "GET /manager-page/api/snapshot.php?id=11&t=0.15030723477810326 HTTP/1.1" 200 49158 "http://192.168.60.79/manager-page/home-1.php" "Mozilla/5.0 (Windows NT 10.0; Win64; x64) AppleWebKit/537.36 (KHTML, like Gecko) Chrome/138.0.0.0 Safari/537.36 Edg/138.0.0.0"
172.16.36.181 - - [07/Aug/2025:08:14:46 +0800] "GET /manager-page/api/snapshot.php?id=12&t=0.6690920277569185 HTTP/1.1" 200 50009 "http://192.168.60.79/manager-page/home-1.php" "Mozilla/5.0 (Windows NT 10.0; Win64; x64) AppleWebKit/537.36 (KHTML, like Gecko) Chrome/138.0.0.0 Safari/537.36 Edg/138.0.0.0"
172.16.36.181 - - [07/Aug/2025:08:14:51 +0800] "GET /manager-page/api/snapshot.php?id=11&t=0.8509772219312564 HTTP/1.1" 200 49558 "http://192.168.60.79/manager-page/home-1.php" "Mozilla/5.0 (Windows NT 10.0; Win64; x64) AppleWebKit/537.36 (KHTML, like Gecko) Chrome/138.0.0.0 Safari/537.36 Edg/138.0.0.0"
172.16.36.181 - - [07/Aug/2025:08:14:51 +0800] "GET /manager-page/api/snapshot.php?id=12&t=0.48359024960622843 HTTP/1.1" 200 49094 "http://192.168.60.79/manager-page/home-1.php" "Mozilla/5.0 (Windows NT 10.0; Win64; x64) AppleWebKit/537.36 (KHTML, like Gecko) Chrome/138.0.0.0 Safari/537.36 Edg/138.0.0.0"
172.16.36.181 - - [07/Aug/2025:08:14:56 +0800] "GET /manager-page/api/snapshot.php?id=12&t=0.12927383044291996 HTTP/1.1" 200 48675 "http://192.168.60.79/manager-page/home-1.php" "Mozilla/5.0 (Windows NT 10.0; Win64; x64) AppleWebKit/537.36 (KHTML, like Gecko) Chrome/138.0.0.0 Safari/537.36 Edg/138.0.0.0"
172.16.36.181 - - [07/Aug/2025:08:14:56 +0800] "GET /manager-page/api/snapshot.php?id=11&t=0.149066628998047 HTTP/1.1" 200 50662 "http://192.168.60.79/manager-page/home-1.php" "Mozilla/5.0 (Windows NT 10.0; Win64; x64) AppleWebKit/537.36 (KHTML, like Gecko) Chrome/138.0.0.0 Safari/537.36 Edg/138.0.0.0"
127.0.0.1 - - [07/Aug/2025:08:15:00 +0800] "GET /robot/alarm-history-in.php HTTP/1.1" 200 - "-" "python-requests/2.28.1"
172.16.36.181 - - [07/Aug/2025:08:15:01 +0800] "GET /manager-page/api/snapshot.php?id=11&t=0.6787410578414722 HTTP/1.1" 200 49053 "http://192.168.60.79/manager-page/home-1.php" "Mozilla/5.0 (Windows NT 10.0; Win64; x64) AppleWebKit/537.36 (KHTML, like Gecko) Chrome/138.0.0.0 Safari/537.36 Edg/138.0.0.0"
172.16.36.181 - - [07/Aug/2025:08:15:01 +0800] "GET /manager-page/api/snapshot.php?id=12&t=0.5545717483069261 HTTP/1.1" 200 48645 "http://192.168.60.79/manager-page/home-1.php" "Mozilla/5.0 (Windows NT 10.0; Win64; x64) AppleWebKit/537.36 (KHTML, like Gecko) Chrome/138.0.0.0 Safari/537.36 Edg/138.0.0.0"
172.16.36.181 - - [07/Aug/2025:08:15:06 +0800] "GET /manager-page/api/snapshot.php?id=12&t=0.6761130662225583 HTTP/1.1" 200 48662 "http://192.168.60.79/manager-page/home-1.php" "Mozilla/5.0 (Windows NT 10.0; Win64; x64) AppleWebKit/537.36 (KHTML, like Gecko) Chrome/138.0.0.0 Safari/537.36 Edg/138.0.0.0"
172.16.36.181 - - [07/Aug/2025:08:15:06 +0800] "GET /manager-page/api/snapshot.php?id=11&t=0.3477287857045013 HTTP/1.1" 200 49022 "http://192.168.60.79/manager-page/home-1.php" "Mozilla/5.0 (Windows NT 10.0; Win64; x64) AppleWebKit/537.36 (KHTML, like Gecko) Chrome/138.0.0.0 Safari/537.36 Edg/138.0.0.0"
127.0.0.1 - - [07/Aug/2025:08:15:21 +0800] "POST /robot/et-7026-in.php HTTP/1.1" 200 - "-" "python-requests/2.32.2"
172.16.36.181 - - [07/Aug/2025:08:16:00 +0800] "GET /manager-page/api/snapshot.php?id=11&t=0.7467922322625974 HTTP/1.1" 200 49066 "http://192.168.60.79/manager-page/home-1.php" "Mozilla/5.0 (Windows NT 10.0; Win64; x64) AppleWebKit/537.36 (KHTML, like Gecko) Chrome/138.0.0.0 Safari/537.36 Edg/138.0.0.0"
127.0.0.1 - - [07/Aug/2025:08:16:00 +0800] "GET /robot/alarm-history-in.php HTTP/1.1" 200 - "-" "python-requests/2.28.1"
172.16.36.181 - - [07/Aug/2025:08:16:00 +0800] "GET /manager-page/api/snapshot.php?id=12&t=0.4552288533624391 HTTP/1.1" 200 48702 "http://192.168.60.79/manager-page/home-1.php" "Mozilla/5.0 (Windows NT 10.0; Win64; x64) AppleWebKit/537.36 (KHTML, like Gecko) Chrome/138.0.0.0 Safari/537.36 Edg/138.0.0.0"
127.0.0.1 - - [07/Aug/2025:08:16:46 +0800] "POST /robot/et-7026-in.php HTTP/1.1" 200 - "-" "python-requests/2.32.2"
127.0.0.1 - - [07/Aug/2025:08:17:00 +0800] "GET /robot/alarm-history-in.php HTTP/1.1" 200 - "-" "python-requests/2.28.1"
172.16.36.181 - - [07/Aug/2025:08:17:00 +0800] "GET /manager-page/api/snapshot.php?id=12&t=0.053664133418245163 HTTP/1.1" 200 48933 "http://192.168.60.79/manager-page/home-1.php" "Mozilla/5.0 (Windows NT 10.0; Win64; x64) AppleWebKit/537.36 (KHTML, like Gecko) Chrome/138.0.0.0 Safari/537.36 Edg/138.0.0.0"
172.16.36.181 - - [07/Aug/2025:08:17:00 +0800] "GET /manager-page/api/snapshot.php?id=11&t=0.10075054430952113 HTTP/1.1" 200 49134 "http://192.168.60.79/manager-page/home-1.php" "Mozilla/5.0 (Windows NT 10.0; Win64; x64) AppleWebKit/537.36 (KHTML, like Gecko) Chrome/138.0.0.0 Safari/537.36 Edg/138.0.0.0"
111.70.30.251 - - [07/Aug/2025:08:17:45 +0800] "POST /robot/lora-in.php HTTP/1.1" 200 - "-" "python-requests/2.21.0"
111.70.30.252 - - [07/Aug/2025:08:17:55 +0800] "POST /robot/lora-in.php HTTP/1.1" 200 - "-" "python-requests/2.21.0"
127.0.0.1 - - [07/Aug/2025:08:18:00 +0800] "GET /robot/alarm-history-in.php HTTP/1.1" 200 - "-" "python-requests/2.28.1"
172.16.36.181 - - [07/Aug/2025:08:18:00 +0800] "GET /manager-page/api/snapshot.php?id=12&t=0.1917719090114599 HTTP/1.1" 200 48082 "http://192.168.60.79/manager-page/home-1.php" "Mozilla/5.0 (Windows NT 10.0; Win64; x64) AppleWebKit/537.36 (KHTML, like Gecko) Chrome/138.0.0.0 Safari/537.36 Edg/138.0.0.0"
172.16.36.181 - - [07/Aug/2025:08:18:00 +0800] "GET /manager-page/api/snapshot.php?id=11&t=0.38312321453567 HTTP/1.1" 200 49204 "http://192.168.60.79/manager-page/home-1.php" "Mozilla/5.0 (Windows NT 10.0; Win64; x64) AppleWebKit/537.36 (KHTML, like Gecko) Chrome/138.0.0.0 Safari/537.36 Edg/138.0.0.0"
127.0.0.1 - - [07/Aug/2025:08:19:00 +0800] "GET /robot/alarm-history-in.php HTTP/1.1" 200 - "-" "python-requests/2.28.1"
172.16.36.181 - - [07/Aug/2025:08:19:00 +0800] "GET /manager-page/api/snapshot.php?id=11&t=0.1544080323161211 HTTP/1.1" 200 49557 "http://192.168.60.79/manager-page/home-1.php" "Mozilla/5.0 (Windows NT 10.0; Win64; x64) AppleWebKit/537.36 (KHTML, like Gecko) Chrome/138.0.0.0 Safari/537.36 Edg/138.0.0.0"
172.16.36.181 - - [07/Aug/2025:08:19:00 +0800] "GET /manager-page/api/snapshot.php?id=12&t=0.6239300412877641 HTTP/1.1" 200 48825 "http://192.168.60.79/manager-page/home-1.php" "Mozilla/5.0 (Windows NT 10.0; Win64; x64) AppleWebKit/537.36 (KHTML, like Gecko) Chrome/138.0.0.0 Safari/537.36 Edg/138.0.0.0"
127.0.0.1 - - [07/Aug/2025:08:20:00 +0800] "GET /robot/alarm-history-in.php HTTP/1.1" 200 - "-" "python-requests/2.28.1"
172.16.36.181 - - [07/Aug/2025:08:20:00 +0800] "GET /manager-page/api/snapshot.php?id=11&t=0.6576598958974094 HTTP/1.1" 200 49222 "http://192.168.60.79/manager-page/home-1.php" "Mozilla/5.0 (Windows NT 10.0; Win64; x64) AppleWebKit/537.36 (KHTML, like Gecko) Chrome/138.0.0.0 Safari/537.36 Edg/138.0.0.0"
