127.0.0.1 - - [27/Aug/2025:09:39:01 +0800] "POST /robot/lora-in.php HTTP/1.1" 200 - "-" "python-requests/2.31.0"
172.16.36.181 - - [27/Aug/2025:09:39:05 +0800] "GET /manager-page/api/snapshot.php?id=12&t=0.09870537487001152 HTTP/1.1" 200 42479 "http://192.168.60.79/manager-page/home-1.php" "Mozilla/5.0 (Windows NT 10.0; Win64; x64) AppleWebKit/537.36 (KHTML, like Gecko) Chrome/139.0.0.0 Safari/537.36 Edg/139.0.0.0"
172.16.36.181 - - [27/Aug/2025:09:39:05 +0800] "GET /manager-page/api/snapshot.php?id=11&t=0.9149582829088663 HTTP/1.1" 200 43935 "http://192.168.60.79/manager-page/home-1.php" "Mozilla/5.0 (Windows NT 10.0; Win64; x64) AppleWebKit/537.36 (KHTML, like Gecko) Chrome/139.0.0.0 Safari/537.36 Edg/139.0.0.0"
127.0.0.1 - - [27/Aug/2025:09:39:06 +0800] "POST /robot/lora-in.php HTTP/1.1" 200 - "-" "python-requests/2.31.0"
127.0.0.1 - - [27/Aug/2025:09:39:12 +0800] "POST /robot/lora-in.php HTTP/1.1" 200 - "-" "python-requests/2.31.0"
127.0.0.1 - - [27/Aug/2025:09:39:16 +0800] "POST /robot/lora-in.php HTTP/1.1" 200 - "-" "python-requests/2.31.0"
127.0.0.1 - - [27/Aug/2025:09:39:19 +0800] "POST /robot/lora-in.php HTTP/1.1" 200 - "-" "python-requests/2.31.0"
127.0.0.1 - - [27/Aug/2025:09:39:34 +0800] "POST /robot/lora-in.php HTTP/1.1" 200 - "-" "python-requests/2.31.0"
127.0.0.1 - - [27/Aug/2025:09:39:36 +0800] "GET /manager-page/login.php HTTP/1.1" 200 2365 "-" "Mozilla/5.0 (Windows NT 10.0; Win64; x64) AppleWebKit/537.36 (KHTML, like Gecko) Chrome/119.0.0.0 Safari/537.36"
127.0.0.1 - - [27/Aug/2025:09:39:41 +0800] "GET /favicon.ico HTTP/1.1" 404 196 "http://127.0.0.1/manager-page/login.php" "Mozilla/5.0 (Windows NT 10.0; Win64; x64) AppleWebKit/537.36 (KHTML, like Gecko) Chrome/119.0.0.0 Safari/537.36"
127.0.0.1 - - [27/Aug/2025:09:39:43 +0800] "POST /robot/lora-in.php HTTP/1.1" 200 - "-" "python-requests/2.31.0"
127.0.0.1 - - [27/Aug/2025:09:39:44 +0800] "POST /manager-page/login.php HTTP/1.1" 200 2386 "http://127.0.0.1/manager-page/login.php" "Mozilla/5.0 (Windows NT 10.0; Win64; x64) AppleWebKit/537.36 (KHTML, like Gecko) Chrome/119.0.0.0 Safari/537.36"
127.0.0.1 - - [27/Aug/2025:09:39:51 +0800] "POST /manager-page/login.php HTTP/1.1" 302 - "http://127.0.0.1/manager-page/login.php" "Mozilla/5.0 (Windows NT 10.0; Win64; x64) AppleWebKit/537.36 (KHTML, like Gecko) Chrome/119.0.0.0 Safari/537.36"
127.0.0.1 - - [27/Aug/2025:09:39:51 +0800] "GET /manager-page/home.php HTTP/1.1" 302 - "http://127.0.0.1/manager-page/login.php" "Mozilla/5.0 (Windows NT 10.0; Win64; x64) AppleWebKit/537.36 (KHTML, like Gecko) Chrome/119.0.0.0 Safari/537.36"
127.0.0.1 - - [27/Aug/2025:09:39:51 +0800] "GET /manager-page/alarm/1-1.jpg?t=1652148635 HTTP/1.1" 200 322868 "http://127.0.0.1/manager-page/home-1.php" "Mozilla/5.0 (Windows NT 10.0; Win64; x64) AppleWebKit/537.36 (KHTML, like Gecko) Chrome/119.0.0.0 Safari/537.36"
127.0.0.1 - - [27/Aug/2025:09:39:51 +0800] "GET /manager-page/alarm/1-2.jpg?t=1807498406 HTTP/1.1" 200 495492 "http://127.0.0.1/manager-page/home-1.php" "Mozilla/5.0 (Windows NT 10.0; Win64; x64) AppleWebKit/537.36 (KHTML, like Gecko) Chrome/119.0.0.0 Safari/537.36"
127.0.0.1 - - [27/Aug/2025:09:39:51 +0800] "GET /manager-page/home-1.php HTTP/1.1" 200 30150 "http://127.0.0.1/manager-page/login.php" "Mozilla/5.0 (Windows NT 10.0; Win64; x64) AppleWebKit/537.36 (KHTML, like Gecko) Chrome/119.0.0.0 Safari/537.36"
127.0.0.1 - - [27/Aug/2025:09:39:51 +0800] "GET /manager-page/api/snapshot.php?id=11 HTTP/1.1" 500 - "http://127.0.0.1/manager-page/home-1.php" "Mozilla/5.0 (Windows NT 10.0; Win64; x64) AppleWebKit/537.36 (KHTML, like Gecko) Chrome/119.0.0.0 Safari/537.36"
127.0.0.1 - - [27/Aug/2025:09:39:51 +0800] "GET /manager-page/api/snapshot.php?id=12 HTTP/1.1" 500 - "http://127.0.0.1/manager-page/home-1.php" "Mozilla/5.0 (Windows NT 10.0; Win64; x64) AppleWebKit/537.36 (KHTML, like Gecko) Chrome/119.0.0.0 Safari/537.36"
127.0.0.1 - - [27/Aug/2025:09:39:57 +0800] "GET /manager-page/live/1-2.jpg HTTP/1.1" 200 42464 "http://127.0.0.1/manager-page/home-1.php" "Mozilla/5.0 (Windows NT 10.0; Win64; x64) AppleWebKit/537.36 (KHTML, like Gecko) Chrome/119.0.0.0 Safari/537.36"
127.0.0.1 - - [27/Aug/2025:09:39:57 +0800] "GET /manager-page/live/1-1.jpg HTTP/1.1" 200 43598 "http://127.0.0.1/manager-page/home-1.php" "Mozilla/5.0 (Windows NT 10.0; Win64; x64) AppleWebKit/537.36 (KHTML, like Gecko) Chrome/119.0.0.0 Safari/537.36"
127.0.0.1 - - [27/Aug/2025:09:39:53 +0800] "GET /manager-page/history.php HTTP/1.1" 200 22608 "http://127.0.0.1/manager-page/home-1.php" "Mozilla/5.0 (Windows NT 10.0; Win64; x64) AppleWebKit/537.36 (KHTML, like Gecko) Chrome/119.0.0.0 Safari/537.36"
127.0.0.1 - - [27/Aug/2025:09:39:52 +0800] "POST /robot/lora-in.php HTTP/1.1" 200 - "-" "python-requests/2.31.0"
172.16.36.181 - - [27/Aug/2025:09:39:59 +0800] "GET /manager-page/api/snapshot.php?id=11&t=0.432268454618973 HTTP/1.1" 200 43868 "http://192.168.60.79/manager-page/home-1.php" "Mozilla/5.0 (Windows NT 10.0; Win64; x64) AppleWebKit/537.36 (KHTML, like Gecko) Chrome/139.0.0.0 Safari/537.36 Edg/139.0.0.0"
172.16.36.181 - - [27/Aug/2025:09:39:59 +0800] "GET /manager-page/api/snapshot.php?id=12&t=0.4084810165221139 HTTP/1.1" 200 42530 "http://192.168.60.79/manager-page/home-1.php" "Mozilla/5.0 (Windows NT 10.0; Win64; x64) AppleWebKit/537.36 (KHTML, like Gecko) Chrome/139.0.0.0 Safari/537.36 Edg/139.0.0.0"
127.0.0.1 - - [27/Aug/2025:09:40:00 +0800] "GET /manager-page/history3.php HTTP/1.1" 200 13955 "http://127.0.0.1/manager-page/history.php" "Mozilla/5.0 (Windows NT 10.0; Win64; x64) AppleWebKit/537.36 (KHTML, like Gecko) Chrome/119.0.0.0 Safari/537.36"
127.0.0.1 - - [27/Aug/2025:09:40:00 +0800] "GET /robot/alarm-history-in.php HTTP/1.1" 200 - "-" "python-requests/2.28.1"
127.0.0.1 - - [27/Aug/2025:09:40:01 +0800] "GET /manager-page/history3.php HTTP/1.1" 200 13955 "http://127.0.0.1/manager-page/history3.php" "Mozilla/5.0 (Windows NT 10.0; Win64; x64) AppleWebKit/537.36 (KHTML, like Gecko) Chrome/119.0.0.0 Safari/537.36"
127.0.0.1 - - [27/Aug/2025:09:40:39 +0800] "POST /manager-page/history3.php HTTP/1.1" 200 17833 "http://127.0.0.1/manager-page/history3.php" "Mozilla/5.0 (Windows NT 10.0; Win64; x64) AppleWebKit/537.36 (KHTML, like Gecko) Chrome/119.0.0.0 Safari/537.36"
172.16.36.181 - - [27/Aug/2025:09:40:44 +0800] "GET /manager-page/api/snapshot.php?id=12&t=0.9108563442216404 HTTP/1.1" 200 42546 "http://192.168.60.79/manager-page/home-1.php" "Mozilla/5.0 (Windows NT 10.0; Win64; x64) AppleWebKit/537.36 (KHTML, like Gecko) Chrome/139.0.0.0 Safari/537.36 Edg/139.0.0.0"
172.16.36.181 - - [27/Aug/2025:09:40:44 +0800] "GET /manager-page/api/snapshot.php?id=11&t=0.3177999664917953 HTTP/1.1" 200 43805 "http://192.168.60.79/manager-page/home-1.php" "Mozilla/5.0 (Windows NT 10.0; Win64; x64) AppleWebKit/537.36 (KHTML, like Gecko) Chrome/139.0.0.0 Safari/537.36 Edg/139.0.0.0"
127.0.0.1 - - [27/Aug/2025:09:40:47 +0800] "POST /robot/et-7026-in.php HTTP/1.1" 200 - "-" "python-requests/2.32.2"
127.0.0.1 - - [27/Aug/2025:09:41:00 +0800] "GET /robot/alarm-history-in.php HTTP/1.1" 200 - "-" "python-requests/2.28.1"
172.16.36.181 - - [27/Aug/2025:09:41:44 +0800] "GET /manager-page/api/snapshot.php?id=11&t=0.3321733388577629 HTTP/1.1" 200 43773 "http://192.168.60.79/manager-page/home-1.php" "Mozilla/5.0 (Windows NT 10.0; Win64; x64) AppleWebKit/537.36 (KHTML, like Gecko) Chrome/139.0.0.0 Safari/537.36 Edg/139.0.0.0"
172.16.36.181 - - [27/Aug/2025:09:41:44 +0800] "GET /manager-page/api/snapshot.php?id=12&t=0.4566306810617101 HTTP/1.1" 200 42613 "http://192.168.60.79/manager-page/home-1.php" "Mozilla/5.0 (Windows NT 10.0; Win64; x64) AppleWebKit/537.36 (KHTML, like Gecko) Chrome/139.0.0.0 Safari/537.36 Edg/139.0.0.0"
127.0.0.1 - - [27/Aug/2025:09:42:00 +0800] "GET /robot/alarm-history-in.php HTTP/1.1" 200 - "-" "python-requests/2.28.1"
172.16.36.181 - - [27/Aug/2025:09:42:44 +0800] "GET /manager-page/api/snapshot.php?id=12&t=0.9885904319255293 HTTP/1.1" 200 42527 "http://192.168.60.79/manager-page/home-1.php" "Mozilla/5.0 (Windows NT 10.0; Win64; x64) AppleWebKit/537.36 (KHTML, like Gecko) Chrome/139.0.0.0 Safari/537.36 Edg/139.0.0.0"
172.16.36.181 - - [27/Aug/2025:09:42:44 +0800] "GET /manager-page/api/snapshot.php?id=11&t=0.07349898816793232 HTTP/1.1" 200 43658 "http://192.168.60.79/manager-page/home-1.php" "Mozilla/5.0 (Windows NT 10.0; Win64; x64) AppleWebKit/537.36 (KHTML, like Gecko) Chrome/139.0.0.0 Safari/537.36 Edg/139.0.0.0"
172.16.36.181 - - [27/Aug/2025:09:43:00 +0800] "GET /manager-page/api/snapshot.php?id=12&t=0.6265525716621413 HTTP/1.1" 200 42638 "http://192.168.60.79/manager-page/home-1.php" "Mozilla/5.0 (Windows NT 10.0; Win64; x64) AppleWebKit/537.36 (KHTML, like Gecko) Chrome/139.0.0.0 Safari/537.36 Edg/139.0.0.0"
127.0.0.1 - - [27/Aug/2025:09:43:00 +0800] "GET /robot/alarm-history-in.php HTTP/1.1" 200 - "-" "python-requests/2.28.1"
172.16.36.181 - - [27/Aug/2025:09:43:00 +0800] "GET /manager-page/api/snapshot.php?id=11&t=0.7155821737624438 HTTP/1.1" 200 44071 "http://192.168.60.79/manager-page/home-1.php" "Mozilla/5.0 (Windows NT 10.0; Win64; x64) AppleWebKit/537.36 (KHTML, like Gecko) Chrome/139.0.0.0 Safari/537.36 Edg/139.0.0.0"
111.70.30.252 - - [27/Aug/2025:09:43:01 +0800] "POST /robot/lora-in.php HTTP/1.1" 200 - "-" "python-requests/2.21.0"
172.16.36.181 - - [27/Aug/2025:09:43:04 +0800] "GET /manager-page/api/snapshot.php?id=12&t=0.98740287037758 HTTP/1.1" 200 43210 "http://192.168.60.79/manager-page/home-1.php" "Mozilla/5.0 (Windows NT 10.0; Win64; x64) AppleWebKit/537.36 (KHTML, like Gecko) Chrome/139.0.0.0 Safari/537.36 Edg/139.0.0.0"
172.16.36.181 - - [27/Aug/2025:09:43:04 +0800] "GET /manager-page/api/snapshot.php?id=11&t=0.7606835169316873 HTTP/1.1" 200 43510 "http://192.168.60.79/manager-page/home-1.php" "Mozilla/5.0 (Windows NT 10.0; Win64; x64) AppleWebKit/537.36 (KHTML, like Gecko) Chrome/139.0.0.0 Safari/537.36 Edg/139.0.0.0"
172.16.36.181 - - [27/Aug/2025:09:43:09 +0800] "GET /manager-page/api/snapshot.php?id=11&t=0.06315316926447978 HTTP/1.1" 200 43552 "http://192.168.60.79/manager-page/home-1.php" "Mozilla/5.0 (Windows NT 10.0; Win64; x64) AppleWebKit/537.36 (KHTML, like Gecko) Chrome/139.0.0.0 Safari/537.36 Edg/139.0.0.0"
172.16.36.181 - - [27/Aug/2025:09:43:09 +0800] "GET /manager-page/api/snapshot.php?id=12&t=0.20520530286832628 HTTP/1.1" 200 42634 "http://192.168.60.79/manager-page/home-1.php" "Mozilla/5.0 (Windows NT 10.0; Win64; x64) AppleWebKit/537.36 (KHTML, like Gecko) Chrome/139.0.0.0 Safari/537.36 Edg/139.0.0.0"
172.16.36.181 - - [27/Aug/2025:09:43:14 +0800] "GET /manager-page/api/snapshot.php?id=11&t=0.07725455956186422 HTTP/1.1" 200 43558 "http://192.168.60.79/manager-page/home-1.php" "Mozilla/5.0 (Windows NT 10.0; Win64; x64) AppleWebKit/537.36 (KHTML, like Gecko) Chrome/139.0.0.0 Safari/537.36 Edg/139.0.0.0"
172.16.36.181 - - [27/Aug/2025:09:43:14 +0800] "GET /manager-page/api/snapshot.php?id=12&t=0.0008703509981872193 HTTP/1.1" 200 42664 "http://192.168.60.79/manager-page/home-1.php" "Mozilla/5.0 (Windows NT 10.0; Win64; x64) AppleWebKit/537.36 (KHTML, like Gecko) Chrome/139.0.0.0 Safari/537.36 Edg/139.0.0.0"
172.16.36.181 - - [27/Aug/2025:09:43:19 +0800] "GET /manager-page/api/snapshot.php?id=11&t=0.7883902045290266 HTTP/1.1" 200 43753 "http://192.168.60.79/manager-page/home-1.php" "Mozilla/5.0 (Windows NT 10.0; Win64; x64) AppleWebKit/537.36 (KHTML, like Gecko) Chrome/139.0.0.0 Safari/537.36 Edg/139.0.0.0"
172.16.36.181 - - [27/Aug/2025:09:43:19 +0800] "GET /manager-page/api/snapshot.php?id=12&t=0.3917033288966344 HTTP/1.1" 200 42762 "http://192.168.60.79/manager-page/home-1.php" "Mozilla/5.0 (Windows NT 10.0; Win64; x64) AppleWebKit/537.36 (KHTML, like Gecko) Chrome/139.0.0.0 Safari/537.36 Edg/139.0.0.0"
172.16.36.181 - - [27/Aug/2025:09:43:24 +0800] "GET /manager-page/api/snapshot.php?id=11&t=0.35222351166587373 HTTP/1.1" 200 43695 "http://192.168.60.79/manager-page/home-1.php" "Mozilla/5.0 (Windows NT 10.0; Win64; x64) AppleWebKit/537.36 (KHTML, like Gecko) Chrome/139.0.0.0 Safari/537.36 Edg/139.0.0.0"
172.16.36.181 - - [27/Aug/2025:09:43:24 +0800] "GET /manager-page/api/snapshot.php?id=12&t=0.5792924957957464 HTTP/1.1" 200 42594 "http://192.168.60.79/manager-page/home-1.php" "Mozilla/5.0 (Windows NT 10.0; Win64; x64) AppleWebKit/537.36 (KHTML, like Gecko) Chrome/139.0.0.0 Safari/537.36 Edg/139.0.0.0"
172.16.36.181 - - [27/Aug/2025:09:43:29 +0800] "GET /manager-page/api/snapshot.php?id=12&t=0.8190063114162175 HTTP/1.1" 200 42858 "http://192.168.60.79/manager-page/home-1.php" "Mozilla/5.0 (Windows NT 10.0; Win64; x64) AppleWebKit/537.36 (KHTML, like Gecko) Chrome/139.0.0.0 Safari/537.36 Edg/139.0.0.0"
172.16.36.181 - - [27/Aug/2025:09:43:29 +0800] "GET /manager-page/api/snapshot.php?id=11&t=0.6270592729001794 HTTP/1.1" 200 44233 "http://192.168.60.79/manager-page/home-1.php" "Mozilla/5.0 (Windows NT 10.0; Win64; x64) AppleWebKit/537.36 (KHTML, like Gecko) Chrome/139.0.0.0 Safari/537.36 Edg/139.0.0.0"
172.16.36.181 - - [27/Aug/2025:09:43:34 +0800] "GET /manager-page/api/snapshot.php?id=12&t=0.9659893258152032 HTTP/1.1" 200 42741 "http://192.168.60.79/manager-page/home-1.php" "Mozilla/5.0 (Windows NT 10.0; Win64; x64) AppleWebKit/537.36 (KHTML, like Gecko) Chrome/139.0.0.0 Safari/537.36 Edg/139.0.0.0"
172.16.36.181 - - [27/Aug/2025:09:43:34 +0800] "GET /manager-page/api/snapshot.php?id=11&t=0.9363671087656409 HTTP/1.1" 200 43718 "http://192.168.60.79/manager-page/home-1.php" "Mozilla/5.0 (Windows NT 10.0; Win64; x64) AppleWebKit/537.36 (KHTML, like Gecko) Chrome/139.0.0.0 Safari/537.36 Edg/139.0.0.0"
172.16.36.181 - - [27/Aug/2025:09:43:39 +0800] "GET /manager-page/api/snapshot.php?id=12&t=0.3430977164205229 HTTP/1.1" 200 42646 "http://192.168.60.79/manager-page/home-1.php" "Mozilla/5.0 (Windows NT 10.0; Win64; x64) AppleWebKit/537.36 (KHTML, like Gecko) Chrome/139.0.0.0 Safari/537.36 Edg/139.0.0.0"
172.16.36.181 - - [27/Aug/2025:09:43:39 +0800] "GET /manager-page/api/snapshot.php?id=11&t=0.6218799985023926 HTTP/1.1" 200 43601 "http://192.168.60.79/manager-page/home-1.php" "Mozilla/5.0 (Windows NT 10.0; Win64; x64) AppleWebKit/537.36 (KHTML, like Gecko) Chrome/139.0.0.0 Safari/537.36 Edg/139.0.0.0"
172.16.36.181 - - [27/Aug/2025:09:43:44 +0800] "GET /manager-page/api/snapshot.php?id=11&t=0.020278430468043118 HTTP/1.1" 200 43600 "http://192.168.60.79/manager-page/home-1.php" "Mozilla/5.0 (Windows NT 10.0; Win64; x64) AppleWebKit/537.36 (KHTML, like Gecko) Chrome/139.0.0.0 Safari/537.36 Edg/139.0.0.0"
172.16.36.181 - - [27/Aug/2025:09:43:44 +0800] "GET /manager-page/api/snapshot.php?id=12&t=0.7049609304482327 HTTP/1.1" 200 42596 "http://192.168.60.79/manager-page/home-1.php" "Mozilla/5.0 (Windows NT 10.0; Win64; x64) AppleWebKit/537.36 (KHTML, like Gecko) Chrome/139.0.0.0 Safari/537.36 Edg/139.0.0.0"
172.16.36.181 - - [27/Aug/2025:09:43:49 +0800] "GET /manager-page/api/snapshot.php?id=12&t=0.6833752160370433 HTTP/1.1" 200 42574 "http://192.168.60.79/manager-page/home-1.php" "Mozilla/5.0 (Windows NT 10.0; Win64; x64) AppleWebKit/537.36 (KHTML, like Gecko) Chrome/139.0.0.0 Safari/537.36 Edg/139.0.0.0"
172.16.36.181 - - [27/Aug/2025:09:43:49 +0800] "GET /manager-page/api/snapshot.php?id=11&t=0.841470289106653 HTTP/1.1" 200 43572 "http://192.168.60.79/manager-page/home-1.php" "Mozilla/5.0 (Windows NT 10.0; Win64; x64) AppleWebKit/537.36 (KHTML, like Gecko) Chrome/139.0.0.0 Safari/537.36 Edg/139.0.0.0"
172.16.36.181 - - [27/Aug/2025:09:43:54 +0800] "GET /manager-page/api/snapshot.php?id=11&t=0.8338377088901645 HTTP/1.1" 200 43595 "http://192.168.60.79/manager-page/home-1.php" "Mozilla/5.0 (Windows NT 10.0; Win64; x64) AppleWebKit/537.36 (KHTML, like Gecko) Chrome/139.0.0.0 Safari/537.36 Edg/139.0.0.0"
172.16.36.181 - - [27/Aug/2025:09:43:54 +0800] "GET /manager-page/api/snapshot.php?id=12&t=0.6424301713445753 HTTP/1.1" 200 42589 "http://192.168.60.79/manager-page/home-1.php" "Mozilla/5.0 (Windows NT 10.0; Win64; x64) AppleWebKit/537.36 (KHTML, like Gecko) Chrome/139.0.0.0 Safari/537.36 Edg/139.0.0.0"
172.16.36.181 - - [27/Aug/2025:09:43:59 +0800] "GET /manager-page/api/snapshot.php?id=11&t=0.34801628072374136 HTTP/1.1" 200 43612 "http://192.168.60.79/manager-page/home-1.php" "Mozilla/5.0 (Windows NT 10.0; Win64; x64) AppleWebKit/537.36 (KHTML, like Gecko) Chrome/139.0.0.0 Safari/537.36 Edg/139.0.0.0"
172.16.36.181 - - [27/Aug/2025:09:43:59 +0800] "GET /manager-page/api/snapshot.php?id=12&t=0.7398182451817219 HTTP/1.1" 200 42767 "http://192.168.60.79/manager-page/home-1.php" "Mozilla/5.0 (Windows NT 10.0; Win64; x64) AppleWebKit/537.36 (KHTML, like Gecko) Chrome/139.0.0.0 Safari/537.36 Edg/139.0.0.0"
127.0.0.1 - - [27/Aug/2025:09:44:00 +0800] "GET /robot/alarm-history-in.php HTTP/1.1" 200 - "-" "python-requests/2.28.1"
172.16.36.181 - - [27/Aug/2025:09:44:04 +0800] "GET /manager-page/api/snapshot.php?id=12&t=0.804505876346143 HTTP/1.1" 200 42590 "http://192.168.60.79/manager-page/home-1.php" "Mozilla/5.0 (Windows NT 10.0; Win64; x64) AppleWebKit/537.36 (KHTML, like Gecko) Chrome/139.0.0.0 Safari/537.36 Edg/139.0.0.0"
172.16.36.181 - - [27/Aug/2025:09:44:04 +0800] "GET /manager-page/api/snapshot.php?id=11&t=0.12006628271769548 HTTP/1.1" 200 43466 "http://192.168.60.79/manager-page/home-1.php" "Mozilla/5.0 (Windows NT 10.0; Win64; x64) AppleWebKit/537.36 (KHTML, like Gecko) Chrome/139.0.0.0 Safari/537.36 Edg/139.0.0.0"
172.16.36.181 - - [27/Aug/2025:09:44:09 +0800] "GET /manager-page/api/snapshot.php?id=12&t=0.6442768623724973 HTTP/1.1" 200 42564 "http://192.168.60.79/manager-page/home-1.php" "Mozilla/5.0 (Windows NT 10.0; Win64; x64) AppleWebKit/537.36 (KHTML, like Gecko) Chrome/139.0.0.0 Safari/537.36 Edg/139.0.0.0"
172.16.36.181 - - [27/Aug/2025:09:44:09 +0800] "GET /manager-page/api/snapshot.php?id=11&t=0.3891882528133682 HTTP/1.1" 200 43614 "http://192.168.60.79/manager-page/home-1.php" "Mozilla/5.0 (Windows NT 10.0; Win64; x64) AppleWebKit/537.36 (KHTML, like Gecko) Chrome/139.0.0.0 Safari/537.36 Edg/139.0.0.0"
172.16.36.181 - - [27/Aug/2025:09:44:14 +0800] "GET /manager-page/api/snapshot.php?id=11&t=0.015716047628469343 HTTP/1.1" 200 43601 "http://192.168.60.79/manager-page/home-1.php" "Mozilla/5.0 (Windows NT 10.0; Win64; x64) AppleWebKit/537.36 (KHTML, like Gecko) Chrome/139.0.0.0 Safari/537.36 Edg/139.0.0.0"
172.16.36.181 - - [27/Aug/2025:09:44:14 +0800] "GET /manager-page/api/snapshot.php?id=12&t=0.16982549967972416 HTTP/1.1" 200 42604 "http://192.168.60.79/manager-page/home-1.php" "Mozilla/5.0 (Windows NT 10.0; Win64; x64) AppleWebKit/537.36 (KHTML, like Gecko) Chrome/139.0.0.0 Safari/537.36 Edg/139.0.0.0"
172.16.36.181 - - [27/Aug/2025:09:44:19 +0800] "GET /manager-page/api/snapshot.php?id=11&t=0.14020872702706721 HTTP/1.1" 200 43606 "http://192.168.60.79/manager-page/home-1.php" "Mozilla/5.0 (Windows NT 10.0; Win64; x64) AppleWebKit/537.36 (KHTML, like Gecko) Chrome/139.0.0.0 Safari/537.36 Edg/139.0.0.0"
172.16.36.181 - - [27/Aug/2025:09:44:19 +0800] "GET /manager-page/api/snapshot.php?id=12&t=0.7798613082739992 HTTP/1.1" 200 42666 "http://192.168.60.79/manager-page/home-1.php" "Mozilla/5.0 (Windows NT 10.0; Win64; x64) AppleWebKit/537.36 (KHTML, like Gecko) Chrome/139.0.0.0 Safari/537.36 Edg/139.0.0.0"
172.16.36.181 - - [27/Aug/2025:09:44:24 +0800] "GET /manager-page/api/snapshot.php?id=12&t=0.9154727422452069 HTTP/1.1" 200 42580 "http://192.168.60.79/manager-page/home-1.php" "Mozilla/5.0 (Windows NT 10.0; Win64; x64) AppleWebKit/537.36 (KHTML, like Gecko) Chrome/139.0.0.0 Safari/537.36 Edg/139.0.0.0"
172.16.36.181 - - [27/Aug/2025:09:44:24 +0800] "GET /manager-page/api/snapshot.php?id=11&t=0.8352329961815311 HTTP/1.1" 200 43494 "http://192.168.60.79/manager-page/home-1.php" "Mozilla/5.0 (Windows NT 10.0; Win64; x64) AppleWebKit/537.36 (KHTML, like Gecko) Chrome/139.0.0.0 Safari/537.36 Edg/139.0.0.0"
172.16.36.181 - - [27/Aug/2025:09:44:29 +0800] "GET /manager-page/api/snapshot.php?id=12&t=0.9115033342434175 HTTP/1.1" 200 42606 "http://192.168.60.79/manager-page/home-1.php" "Mozilla/5.0 (Windows NT 10.0; Win64; x64) AppleWebKit/537.36 (KHTML, like Gecko) Chrome/139.0.0.0 Safari/537.36 Edg/139.0.0.0"
172.16.36.181 - - [27/Aug/2025:09:44:29 +0800] "GET /manager-page/api/snapshot.php?id=11&t=0.16563213892276185 HTTP/1.1" 200 43535 "http://192.168.60.79/manager-page/home-1.php" "Mozilla/5.0 (Windows NT 10.0; Win64; x64) AppleWebKit/537.36 (KHTML, like Gecko) Chrome/139.0.0.0 Safari/537.36 Edg/139.0.0.0"
172.16.36.181 - - [27/Aug/2025:09:44:34 +0800] "GET /manager-page/api/snapshot.php?id=12&t=0.9475697098097985 HTTP/1.1" 200 42602 "http://192.168.60.79/manager-page/home-1.php" "Mozilla/5.0 (Windows NT 10.0; Win64; x64) AppleWebKit/537.36 (KHTML, like Gecko) Chrome/139.0.0.0 Safari/537.36 Edg/139.0.0.0"
172.16.36.181 - - [27/Aug/2025:09:44:34 +0800] "GET /manager-page/api/snapshot.php?id=11&t=0.7612863787751242 HTTP/1.1" 200 43689 "http://192.168.60.79/manager-page/home-1.php" "Mozilla/5.0 (Windows NT 10.0; Win64; x64) AppleWebKit/537.36 (KHTML, like Gecko) Chrome/139.0.0.0 Safari/537.36 Edg/139.0.0.0"
172.16.36.181 - - [27/Aug/2025:09:44:39 +0800] "GET /manager-page/api/snapshot.php?id=11&t=0.45758489022426285 HTTP/1.1" 200 43484 "http://192.168.60.79/manager-page/home-1.php" "Mozilla/5.0 (Windows NT 10.0; Win64; x64) AppleWebKit/537.36 (KHTML, like Gecko) Chrome/139.0.0.0 Safari/537.36 Edg/139.0.0.0"
172.16.36.181 - - [27/Aug/2025:09:44:39 +0800] "GET /manager-page/api/snapshot.php?id=12&t=0.1274431529891138 HTTP/1.1" 200 42862 "http://192.168.60.79/manager-page/home-1.php" "Mozilla/5.0 (Windows NT 10.0; Win64; x64) AppleWebKit/537.36 (KHTML, like Gecko) Chrome/139.0.0.0 Safari/537.36 Edg/139.0.0.0"
172.16.36.181 - - [27/Aug/2025:09:44:44 +0800] "GET /manager-page/api/snapshot.php?id=12&t=0.06137284491335182 HTTP/1.1" 200 42591 "http://192.168.60.79/manager-page/home-1.php" "Mozilla/5.0 (Windows NT 10.0; Win64; x64) AppleWebKit/537.36 (KHTML, like Gecko) Chrome/139.0.0.0 Safari/537.36 Edg/139.0.0.0"
172.16.36.181 - - [27/Aug/2025:09:44:44 +0800] "GET /manager-page/api/snapshot.php?id=11&t=0.5779964655883738 HTTP/1.1" 200 43433 "http://192.168.60.79/manager-page/home-1.php" "Mozilla/5.0 (Windows NT 10.0; Win64; x64) AppleWebKit/537.36 (KHTML, like Gecko) Chrome/139.0.0.0 Safari/537.36 Edg/139.0.0.0"
172.16.36.181 - - [27/Aug/2025:09:44:49 +0800] "GET /manager-page/api/snapshot.php?id=11&t=0.4884314394006074 HTTP/1.1" 200 43411 "http://192.168.60.79/manager-page/home-1.php" "Mozilla/5.0 (Windows NT 10.0; Win64; x64) AppleWebKit/537.36 (KHTML, like Gecko) Chrome/139.0.0.0 Safari/537.36 Edg/139.0.0.0"
172.16.36.181 - - [27/Aug/2025:09:44:49 +0800] "GET /manager-page/api/snapshot.php?id=12&t=0.11704390462791381 HTTP/1.1" 200 42545 "http://192.168.60.79/manager-page/home-1.php" "Mozilla/5.0 (Windows NT 10.0; Win64; x64) AppleWebKit/537.36 (KHTML, like Gecko) Chrome/139.0.0.0 Safari/537.36 Edg/139.0.0.0"
172.16.36.181 - - [27/Aug/2025:09:44:54 +0800] "GET /manager-page/api/snapshot.php?id=12&t=0.2756413687250323 HTTP/1.1" 200 42552 "http://192.168.60.79/manager-page/home-1.php" "Mozilla/5.0 (Windows NT 10.0; Win64; x64) AppleWebKit/537.36 (KHTML, like Gecko) Chrome/139.0.0.0 Safari/537.36 Edg/139.0.0.0"
172.16.36.181 - - [27/Aug/2025:09:44:54 +0800] "GET /manager-page/api/snapshot.php?id=11&t=0.24771551768431155 HTTP/1.1" 200 43351 "http://192.168.60.79/manager-page/home-1.php" "Mozilla/5.0 (Windows NT 10.0; Win64; x64) AppleWebKit/537.36 (KHTML, like Gecko) Chrome/139.0.0.0 Safari/537.36 Edg/139.0.0.0"
172.16.36.181 - - [27/Aug/2025:09:44:59 +0800] "GET /manager-page/api/snapshot.php?id=11&t=0.6953569408377905 HTTP/1.1" 200 43353 "http://192.168.60.79/manager-page/home-1.php" "Mozilla/5.0 (Windows NT 10.0; Win64; x64) AppleWebKit/537.36 (KHTML, like Gecko) Chrome/139.0.0.0 Safari/537.36 Edg/139.0.0.0"
172.16.36.181 - - [27/Aug/2025:09:44:59 +0800] "GET /manager-page/api/snapshot.php?id=12&t=0.7502057797382897 HTTP/1.1" 200 42523 "http://192.168.60.79/manager-page/home-1.php" "Mozilla/5.0 (Windows NT 10.0; Win64; x64) AppleWebKit/537.36 (KHTML, like Gecko) Chrome/139.0.0.0 Safari/537.36 Edg/139.0.0.0"
127.0.0.1 - - [27/Aug/2025:09:45:00 +0800] "GET /robot/alarm-history-in.php HTTP/1.1" 200 - "-" "python-requests/2.28.1"
172.16.36.181 - - [27/Aug/2025:09:45:04 +0800] "GET /manager-page/api/snapshot.php?id=11&t=0.8624765494695309 HTTP/1.1" 200 43321 "http://192.168.60.79/manager-page/home-1.php" "Mozilla/5.0 (Windows NT 10.0; Win64; x64) AppleWebKit/537.36 (KHTML, like Gecko) Chrome/139.0.0.0 Safari/537.36 Edg/139.0.0.0"
172.16.36.181 - - [27/Aug/2025:09:45:04 +0800] "GET /manager-page/api/snapshot.php?id=12&t=0.9105634642121354 HTTP/1.1" 200 42536 "http://192.168.60.79/manager-page/home-1.php" "Mozilla/5.0 (Windows NT 10.0; Win64; x64) AppleWebKit/537.36 (KHTML, like Gecko) Chrome/139.0.0.0 Safari/537.36 Edg/139.0.0.0"
127.0.0.1 - - [27/Aug/2025:09:45:08 +0800] "POST /robot/et-7026-in.php HTTP/1.1" 200 - "-" "python-requests/2.32.2"
172.16.36.181 - - [27/Aug/2025:09:45:09 +0800] "GET /manager-page/api/snapshot.php?id=11&t=0.9036910322206335 HTTP/1.1" 200 43300 "http://192.168.60.79/manager-page/home-1.php" "Mozilla/5.0 (Windows NT 10.0; Win64; x64) AppleWebKit/537.36 (KHTML, like Gecko) Chrome/139.0.0.0 Safari/537.36 Edg/139.0.0.0"
172.16.36.181 - - [27/Aug/2025:09:45:09 +0800] "GET /manager-page/api/snapshot.php?id=12&t=0.484239394641916 HTTP/1.1" 200 42530 "http://192.168.60.79/manager-page/home-1.php" "Mozilla/5.0 (Windows NT 10.0; Win64; x64) AppleWebKit/537.36 (KHTML, like Gecko) Chrome/139.0.0.0 Safari/537.36 Edg/139.0.0.0"
172.16.36.181 - - [27/Aug/2025:09:45:14 +0800] "GET /manager-page/api/snapshot.php?id=12&t=0.900268146465624 HTTP/1.1" 200 42536 "http://192.168.60.79/manager-page/home-1.php" "Mozilla/5.0 (Windows NT 10.0; Win64; x64) AppleWebKit/537.36 (KHTML, like Gecko) Chrome/139.0.0.0 Safari/537.36 Edg/139.0.0.0"
172.16.36.181 - - [27/Aug/2025:09:45:14 +0800] "GET /manager-page/api/snapshot.php?id=11&t=0.05800587798580725 HTTP/1.1" 200 43237 "http://192.168.60.79/manager-page/home-1.php" "Mozilla/5.0 (Windows NT 10.0; Win64; x64) AppleWebKit/537.36 (KHTML, like Gecko) Chrome/139.0.0.0 Safari/537.36 Edg/139.0.0.0"
172.16.36.181 - - [27/Aug/2025:09:45:19 +0800] "GET /manager-page/api/snapshot.php?id=12&t=0.12451649323832004 HTTP/1.1" 200 42917 "http://192.168.60.79/manager-page/home-1.php" "Mozilla/5.0 (Windows NT 10.0; Win64; x64) AppleWebKit/537.36 (KHTML, like Gecko) Chrome/139.0.0.0 Safari/537.36 Edg/139.0.0.0"
172.16.36.181 - - [27/Aug/2025:09:45:19 +0800] "GET /manager-page/api/snapshot.php?id=11&t=0.9558881652117345 HTTP/1.1" 200 43962 "http://192.168.60.79/manager-page/home-1.php" "Mozilla/5.0 (Windows NT 10.0; Win64; x64) AppleWebKit/537.36 (KHTML, like Gecko) Chrome/139.0.0.0 Safari/537.36 Edg/139.0.0.0"
172.16.36.181 - - [27/Aug/2025:09:45:24 +0800] "GET /manager-page/api/snapshot.php?id=12&t=0.1062476401216268 HTTP/1.1" 200 43360 "http://192.168.60.79/manager-page/home-1.php" "Mozilla/5.0 (Windows NT 10.0; Win64; x64) AppleWebKit/537.36 (KHTML, like Gecko) Chrome/139.0.0.0 Safari/537.36 Edg/139.0.0.0"
172.16.36.181 - - [27/Aug/2025:09:45:24 +0800] "GET /manager-page/api/snapshot.php?id=11&t=0.7856377522889331 HTTP/1.1" 200 43844 "http://192.168.60.79/manager-page/home-1.php" "Mozilla/5.0 (Windows NT 10.0; Win64; x64) AppleWebKit/537.36 (KHTML, like Gecko) Chrome/139.0.0.0 Safari/537.36 Edg/139.0.0.0"
172.16.36.181 - - [27/Aug/2025:09:45:29 +0800] "GET /manager-page/api/snapshot.php?id=11&t=0.3562544030711611 HTTP/1.1" 200 43795 "http://192.168.60.79/manager-page/home-1.php" "Mozilla/5.0 (Windows NT 10.0; Win64; x64) AppleWebKit/537.36 (KHTML, like Gecko) Chrome/139.0.0.0 Safari/537.36 Edg/139.0.0.0"
172.16.36.181 - - [27/Aug/2025:09:45:29 +0800] "GET /manager-page/api/snapshot.php?id=12&t=0.609686953983606 HTTP/1.1" 200 42369 "http://192.168.60.79/manager-page/home-1.php" "Mozilla/5.0 (Windows NT 10.0; Win64; x64) AppleWebKit/537.36 (KHTML, like Gecko) Chrome/139.0.0.0 Safari/537.36 Edg/139.0.0.0"
172.16.36.181 - - [27/Aug/2025:09:45:34 +0800] "GET /manager-page/api/snapshot.php?id=11&t=0.9774294184167004 HTTP/1.1" 200 43252 "http://192.168.60.79/manager-page/home-1.php" "Mozilla/5.0 (Windows NT 10.0; Win64; x64) AppleWebKit/537.36 (KHTML, like Gecko) Chrome/139.0.0.0 Safari/537.36 Edg/139.0.0.0"
172.16.36.181 - - [27/Aug/2025:09:45:34 +0800] "GET /manager-page/api/snapshot.php?id=12&t=0.4338518424128279 HTTP/1.1" 200 42387 "http://192.168.60.79/manager-page/home-1.php" "Mozilla/5.0 (Windows NT 10.0; Win64; x64) AppleWebKit/537.36 (KHTML, like Gecko) Chrome/139.0.0.0 Safari/537.36 Edg/139.0.0.0"
172.16.36.181 - - [27/Aug/2025:09:45:39 +0800] "GET /manager-page/api/snapshot.php?id=12&t=0.13292422315205543 HTTP/1.1" 200 42493 "http://192.168.60.79/manager-page/home-1.php" "Mozilla/5.0 (Windows NT 10.0; Win64; x64) AppleWebKit/537.36 (KHTML, like Gecko) Chrome/139.0.0.0 Safari/537.36 Edg/139.0.0.0"
172.16.36.181 - - [27/Aug/2025:09:45:39 +0800] "GET /manager-page/api/snapshot.php?id=11&t=0.4949314499310957 HTTP/1.1" 200 43257 "http://192.168.60.79/manager-page/home-1.php" "Mozilla/5.0 (Windows NT 10.0; Win64; x64) AppleWebKit/537.36 (KHTML, like Gecko) Chrome/139.0.0.0 Safari/537.36 Edg/139.0.0.0"
172.16.36.181 - - [27/Aug/2025:09:45:44 +0800] "GET /manager-page/api/snapshot.php?id=11&t=0.9414022771144539 HTTP/1.1" 200 43208 "http://192.168.60.79/manager-page/home-1.php" "Mozilla/5.0 (Windows NT 10.0; Win64; x64) AppleWebKit/537.36 (KHTML, like Gecko) Chrome/139.0.0.0 Safari/537.36 Edg/139.0.0.0"
172.16.36.181 - - [27/Aug/2025:09:45:44 +0800] "GET /manager-page/api/snapshot.php?id=12&t=0.15577506511244776 HTTP/1.1" 200 42359 "http://192.168.60.79/manager-page/home-1.php" "Mozilla/5.0 (Windows NT 10.0; Win64; x64) AppleWebKit/537.36 (KHTML, like Gecko) Chrome/139.0.0.0 Safari/537.36 Edg/139.0.0.0"
172.16.36.181 - - [27/Aug/2025:09:45:49 +0800] "GET /manager-page/api/snapshot.php?id=11&t=0.7470829972878469 HTTP/1.1" 200 43212 "http://192.168.60.79/manager-page/home-1.php" "Mozilla/5.0 (Windows NT 10.0; Win64; x64) AppleWebKit/537.36 (KHTML, like Gecko) Chrome/139.0.0.0 Safari/537.36 Edg/139.0.0.0"
172.16.36.181 - - [27/Aug/2025:09:45:49 +0800] "GET /manager-page/api/snapshot.php?id=12&t=0.8769155111473289 HTTP/1.1" 200 42317 "http://192.168.60.79/manager-page/home-1.php" "Mozilla/5.0 (Windows NT 10.0; Win64; x64) AppleWebKit/537.36 (KHTML, like Gecko) Chrome/139.0.0.0 Safari/537.36 Edg/139.0.0.0"
172.16.36.181 - - [27/Aug/2025:09:45:54 +0800] "GET /manager-page/api/snapshot.php?id=11&t=0.8123541552540888 HTTP/1.1" 200 43132 "http://192.168.60.79/manager-page/home-1.php" "Mozilla/5.0 (Windows NT 10.0; Win64; x64) AppleWebKit/537.36 (KHTML, like Gecko) Chrome/139.0.0.0 Safari/537.36 Edg/139.0.0.0"
172.16.36.181 - - [27/Aug/2025:09:45:54 +0800] "GET /manager-page/api/snapshot.php?id=12&t=0.910850474328982 HTTP/1.1" 200 42367 "http://192.168.60.79/manager-page/home-1.php" "Mozilla/5.0 (Windows NT 10.0; Win64; x64) AppleWebKit/537.36 (KHTML, like Gecko) Chrome/139.0.0.0 Safari/537.36 Edg/139.0.0.0"
172.16.36.181 - - [27/Aug/2025:09:45:59 +0800] "GET /manager-page/api/snapshot.php?id=12&t=0.620775324956082 HTTP/1.1" 200 42417 "http://192.168.60.79/manager-page/home-1.php" "Mozilla/5.0 (Windows NT 10.0; Win64; x64) AppleWebKit/537.36 (KHTML, like Gecko) Chrome/139.0.0.0 Safari/537.36 Edg/139.0.0.0"
172.16.36.181 - - [27/Aug/2025:09:45:59 +0800] "GET /manager-page/api/snapshot.php?id=11&t=0.6744793632261269 HTTP/1.1" 200 43121 "http://192.168.60.79/manager-page/home-1.php" "Mozilla/5.0 (Windows NT 10.0; Win64; x64) AppleWebKit/537.36 (KHTML, like Gecko) Chrome/139.0.0.0 Safari/537.36 Edg/139.0.0.0"
127.0.0.1 - - [27/Aug/2025:09:46:00 +0800] "GET /robot/alarm-history-in.php HTTP/1.1" 200 - "-" "python-requests/2.28.1"
172.16.36.181 - - [27/Aug/2025:09:46:04 +0800] "GET /manager-page/api/snapshot.php?id=12&t=0.8123668426447335 HTTP/1.1" 200 42879 "http://192.168.60.79/manager-page/home-1.php" "Mozilla/5.0 (Windows NT 10.0; Win64; x64) AppleWebKit/537.36 (KHTML, like Gecko) Chrome/139.0.0.0 Safari/537.36 Edg/139.0.0.0"
172.16.36.181 - - [27/Aug/2025:09:46:04 +0800] "GET /manager-page/api/snapshot.php?id=11&t=0.6869771022396555 HTTP/1.1" 200 43422 "http://192.168.60.79/manager-page/home-1.php" "Mozilla/5.0 (Windows NT 10.0; Win64; x64) AppleWebKit/537.36 (KHTML, like Gecko) Chrome/139.0.0.0 Safari/537.36 Edg/139.0.0.0"
172.16.36.181 - - [27/Aug/2025:09:46:09 +0800] "GET /manager-page/api/snapshot.php?id=12&t=0.2295092794402206 HTTP/1.1" 200 43024 "http://192.168.60.79/manager-page/home-1.php" "Mozilla/5.0 (Windows NT 10.0; Win64; x64) AppleWebKit/537.36 (KHTML, like Gecko) Chrome/139.0.0.0 Safari/537.36 Edg/139.0.0.0"
172.16.36.181 - - [27/Aug/2025:09:46:09 +0800] "GET /manager-page/api/snapshot.php?id=11&t=0.58447217462021 HTTP/1.1" 200 43214 "http://192.168.60.79/manager-page/home-1.php" "Mozilla/5.0 (Windows NT 10.0; Win64; x64) AppleWebKit/537.36 (KHTML, like Gecko) Chrome/139.0.0.0 Safari/537.36 Edg/139.0.0.0"
172.16.36.181 - - [27/Aug/2025:09:46:14 +0800] "GET /manager-page/api/snapshot.php?id=11&t=0.10354658489218505 HTTP/1.1" 200 43155 "http://192.168.60.79/manager-page/home-1.php" "Mozilla/5.0 (Windows NT 10.0; Win64; x64) AppleWebKit/537.36 (KHTML, like Gecko) Chrome/139.0.0.0 Safari/537.36 Edg/139.0.0.0"
172.16.36.181 - - [27/Aug/2025:09:46:14 +0800] "GET /manager-page/api/snapshot.php?id=12&t=0.2291194325746042 HTTP/1.1" 200 42774 "http://192.168.60.79/manager-page/home-1.php" "Mozilla/5.0 (Windows NT 10.0; Win64; x64) AppleWebKit/537.36 (KHTML, like Gecko) Chrome/139.0.0.0 Safari/537.36 Edg/139.0.0.0"
172.16.36.181 - - [27/Aug/2025:09:46:19 +0800] "GET /manager-page/api/snapshot.php?id=12&t=0.8205776389623646 HTTP/1.1" 200 42433 "http://192.168.60.79/manager-page/home-1.php" "Mozilla/5.0 (Windows NT 10.0; Win64; x64) AppleWebKit/537.36 (KHTML, like Gecko) Chrome/139.0.0.0 Safari/537.36 Edg/139.0.0.0"
172.16.36.181 - - [27/Aug/2025:09:46:19 +0800] "GET /manager-page/api/snapshot.php?id=11&t=0.8012775094339346 HTTP/1.1" 200 43014 "http://192.168.60.79/manager-page/home-1.php" "Mozilla/5.0 (Windows NT 10.0; Win64; x64) AppleWebKit/537.36 (KHTML, like Gecko) Chrome/139.0.0.0 Safari/537.36 Edg/139.0.0.0"
172.16.36.181 - - [27/Aug/2025:09:46:24 +0800] "GET /manager-page/api/snapshot.php?id=12&t=0.032137641639594206 HTTP/1.1" 200 42550 "http://192.168.60.79/manager-page/home-1.php" "Mozilla/5.0 (Windows NT 10.0; Win64; x64) AppleWebKit/537.36 (KHTML, like Gecko) Chrome/139.0.0.0 Safari/537.36 Edg/139.0.0.0"
172.16.36.181 - - [27/Aug/2025:09:46:24 +0800] "GET /manager-page/api/snapshot.php?id=11&t=0.7881358670759906 HTTP/1.1" 200 43032 "http://192.168.60.79/manager-page/home-1.php" "Mozilla/5.0 (Windows NT 10.0; Win64; x64) AppleWebKit/537.36 (KHTML, like Gecko) Chrome/139.0.0.0 Safari/537.36 Edg/139.0.0.0"
127.0.0.1 - - [27/Aug/2025:09:46:26 +0800] "POST /robot/et-7026-in.php HTTP/1.1" 200 - "-" "python-requests/2.32.2"
172.16.36.181 - - [27/Aug/2025:09:46:29 +0800] "GET /manager-page/api/snapshot.php?id=12&t=0.5076098901197328 HTTP/1.1" 200 42401 "http://192.168.60.79/manager-page/home-1.php" "Mozilla/5.0 (Windows NT 10.0; Win64; x64) AppleWebKit/537.36 (KHTML, like Gecko) Chrome/139.0.0.0 Safari/537.36 Edg/139.0.0.0"
172.16.36.181 - - [27/Aug/2025:09:46:29 +0800] "GET /manager-page/api/snapshot.php?id=11&t=0.9192005594553843 HTTP/1.1" 200 42969 "http://192.168.60.79/manager-page/home-1.php" "Mozilla/5.0 (Windows NT 10.0; Win64; x64) AppleWebKit/537.36 (KHTML, like Gecko) Chrome/139.0.0.0 Safari/537.36 Edg/139.0.0.0"
172.16.36.181 - - [27/Aug/2025:09:46:34 +0800] "GET /manager-page/api/snapshot.php?id=11&t=0.22704628889462164 HTTP/1.1" 200 42935 "http://192.168.60.79/manager-page/home-1.php" "Mozilla/5.0 (Windows NT 10.0; Win64; x64) AppleWebKit/537.36 (KHTML, like Gecko) Chrome/139.0.0.0 Safari/537.36 Edg/139.0.0.0"
172.16.36.181 - - [27/Aug/2025:09:46:34 +0800] "GET /manager-page/api/snapshot.php?id=12&t=0.5602739101801572 HTTP/1.1" 200 42348 "http://192.168.60.79/manager-page/home-1.php" "Mozilla/5.0 (Windows NT 10.0; Win64; x64) AppleWebKit/537.36 (KHTML, like Gecko) Chrome/139.0.0.0 Safari/537.36 Edg/139.0.0.0"
172.16.36.181 - - [27/Aug/2025:09:46:39 +0800] "GET /manager-page/api/snapshot.php?id=12&t=0.777904407784232 HTTP/1.1" 200 42354 "http://192.168.60.79/manager-page/home-1.php" "Mozilla/5.0 (Windows NT 10.0; Win64; x64) AppleWebKit/537.36 (KHTML, like Gecko) Chrome/139.0.0.0 Safari/537.36 Edg/139.0.0.0"
172.16.36.181 - - [27/Aug/2025:09:46:39 +0800] "GET /manager-page/api/snapshot.php?id=11&t=0.4185588203096836 HTTP/1.1" 200 42880 "http://192.168.60.79/manager-page/home-1.php" "Mozilla/5.0 (Windows NT 10.0; Win64; x64) AppleWebKit/537.36 (KHTML, like Gecko) Chrome/139.0.0.0 Safari/537.36 Edg/139.0.0.0"
172.16.36.181 - - [27/Aug/2025:09:46:44 +0800] "GET /manager-page/api/snapshot.php?id=11&t=0.8745768609915613 HTTP/1.1" 200 42945 "http://192.168.60.79/manager-page/home-1.php" "Mozilla/5.0 (Windows NT 10.0; Win64; x64) AppleWebKit/537.36 (KHTML, like Gecko) Chrome/139.0.0.0 Safari/537.36 Edg/139.0.0.0"
172.16.36.181 - - [27/Aug/2025:09:46:44 +0800] "GET /manager-page/api/snapshot.php?id=12&t=0.7475852554803859 HTTP/1.1" 200 42390 "http://192.168.60.79/manager-page/home-1.php" "Mozilla/5.0 (Windows NT 10.0; Win64; x64) AppleWebKit/537.36 (KHTML, like Gecko) Chrome/139.0.0.0 Safari/537.36 Edg/139.0.0.0"
172.16.36.181 - - [27/Aug/2025:09:46:49 +0800] "GET /manager-page/api/snapshot.php?id=11&t=0.5411531822988427 HTTP/1.1" 200 43024 "http://192.168.60.79/manager-page/home-1.php" "Mozilla/5.0 (Windows NT 10.0; Win64; x64) AppleWebKit/537.36 (KHTML, like Gecko) Chrome/139.0.0.0 Safari/537.36 Edg/139.0.0.0"
172.16.36.181 - - [27/Aug/2025:09:46:49 +0800] "GET /manager-page/api/snapshot.php?id=12&t=0.3088353252523086 HTTP/1.1" 200 42437 "http://192.168.60.79/manager-page/home-1.php" "Mozilla/5.0 (Windows NT 10.0; Win64; x64) AppleWebKit/537.36 (KHTML, like Gecko) Chrome/139.0.0.0 Safari/537.36 Edg/139.0.0.0"
111.70.30.253 - - [27/Aug/2025:09:46:51 +0800] "POST /robot/lora-in.php HTTP/1.1" 200 - "-" "python-requests/2.21.0"
172.16.36.181 - - [27/Aug/2025:09:46:54 +0800] "GET /manager-page/api/snapshot.php?id=11&t=0.05989513305391647 HTTP/1.1" 200 42864 "http://192.168.60.79/manager-page/home-1.php" "Mozilla/5.0 (Windows NT 10.0; Win64; x64) AppleWebKit/537.36 (KHTML, like Gecko) Chrome/139.0.0.0 Safari/537.36 Edg/139.0.0.0"
172.16.36.181 - - [27/Aug/2025:09:46:54 +0800] "GET /manager-page/api/snapshot.php?id=12&t=0.7984929737589562 HTTP/1.1" 200 42302 "http://192.168.60.79/manager-page/home-1.php" "Mozilla/5.0 (Windows NT 10.0; Win64; x64) AppleWebKit/537.36 (KHTML, like Gecko) Chrome/139.0.0.0 Safari/537.36 Edg/139.0.0.0"
172.16.36.181 - - [27/Aug/2025:09:46:59 +0800] "GET /manager-page/api/snapshot.php?id=12&t=0.3699310274750681 HTTP/1.1" 200 42307 "http://192.168.60.79/manager-page/home-1.php" "Mozilla/5.0 (Windows NT 10.0; Win64; x64) AppleWebKit/537.36 (KHTML, like Gecko) Chrome/139.0.0.0 Safari/537.36 Edg/139.0.0.0"
172.16.36.181 - - [27/Aug/2025:09:46:59 +0800] "GET /manager-page/api/snapshot.php?id=11&t=0.9481525651735954 HTTP/1.1" 200 42837 "http://192.168.60.79/manager-page/home-1.php" "Mozilla/5.0 (Windows NT 10.0; Win64; x64) AppleWebKit/537.36 (KHTML, like Gecko) Chrome/139.0.0.0 Safari/537.36 Edg/139.0.0.0"
127.0.0.1 - - [27/Aug/2025:09:47:00 +0800] "GET /robot/alarm-history-in.php HTTP/1.1" 200 - "-" "python-requests/2.28.1"
111.70.30.250 - - [27/Aug/2025:09:47:02 +0800] "POST /robot/lora-in.php HTTP/1.1" 200 - "-" "python-requests/2.21.0"
172.16.36.181 - - [27/Aug/2025:09:47:04 +0800] "GET /manager-page/api/snapshot.php?id=11&t=0.9746029774945419 HTTP/1.1" 200 42876 "http://192.168.60.79/manager-page/home-1.php" "Mozilla/5.0 (Windows NT 10.0; Win64; x64) AppleWebKit/537.36 (KHTML, like Gecko) Chrome/139.0.0.0 Safari/537.36 Edg/139.0.0.0"
172.16.36.181 - - [27/Aug/2025:09:47:04 +0800] "GET /manager-page/api/snapshot.php?id=12&t=0.003112870734263029 HTTP/1.1" 200 42316 "http://192.168.60.79/manager-page/home-1.php" "Mozilla/5.0 (Windows NT 10.0; Win64; x64) AppleWebKit/537.36 (KHTML, like Gecko) Chrome/139.0.0.0 Safari/537.36 Edg/139.0.0.0"
172.16.36.181 - - [27/Aug/2025:09:47:09 +0800] "GET /manager-page/api/snapshot.php?id=11&t=0.6471559238269401 HTTP/1.1" 200 42820 "http://192.168.60.79/manager-page/home-1.php" "Mozilla/5.0 (Windows NT 10.0; Win64; x64) AppleWebKit/537.36 (KHTML, like Gecko) Chrome/139.0.0.0 Safari/537.36 Edg/139.0.0.0"
172.16.36.181 - - [27/Aug/2025:09:47:09 +0800] "GET /manager-page/api/snapshot.php?id=12&t=0.4155566464209737 HTTP/1.1" 200 42304 "http://192.168.60.79/manager-page/home-1.php" "Mozilla/5.0 (Windows NT 10.0; Win64; x64) AppleWebKit/537.36 (KHTML, like Gecko) Chrome/139.0.0.0 Safari/537.36 Edg/139.0.0.0"
172.16.36.181 - - [27/Aug/2025:09:47:14 +0800] "GET /manager-page/api/snapshot.php?id=12&t=0.16435106712030134 HTTP/1.1" 200 42410 "http://192.168.60.79/manager-page/home-1.php" "Mozilla/5.0 (Windows NT 10.0; Win64; x64) AppleWebKit/537.36 (KHTML, like Gecko) Chrome/139.0.0.0 Safari/537.36 Edg/139.0.0.0"
172.16.36.181 - - [27/Aug/2025:09:47:14 +0800] "GET /manager-page/api/snapshot.php?id=11&t=0.9272358578507082 HTTP/1.1" 200 42915 "http://192.168.60.79/manager-page/home-1.php" "Mozilla/5.0 (Windows NT 10.0; Win64; x64) AppleWebKit/537.36 (KHTML, like Gecko) Chrome/139.0.0.0 Safari/537.36 Edg/139.0.0.0"
172.16.36.181 - - [27/Aug/2025:09:47:19 +0800] "GET /manager-page/api/snapshot.php?id=12&t=0.21006890174218718 HTTP/1.1" 200 42378 "http://192.168.60.79/manager-page/home-1.php" "Mozilla/5.0 (Windows NT 10.0; Win64; x64) AppleWebKit/537.36 (KHTML, like Gecko) Chrome/139.0.0.0 Safari/537.36 Edg/139.0.0.0"
172.16.36.181 - - [27/Aug/2025:09:47:19 +0800] "GET /manager-page/api/snapshot.php?id=11&t=0.7056332174283734 HTTP/1.1" 200 43464 "http://192.168.60.79/manager-page/home-1.php" "Mozilla/5.0 (Windows NT 10.0; Win64; x64) AppleWebKit/537.36 (KHTML, like Gecko) Chrome/139.0.0.0 Safari/537.36 Edg/139.0.0.0"
172.16.36.181 - - [27/Aug/2025:09:47:24 +0800] "GET /manager-page/api/snapshot.php?id=12&t=0.7773344061431955 HTTP/1.1" 200 42424 "http://192.168.60.79/manager-page/home-1.php" "Mozilla/5.0 (Windows NT 10.0; Win64; x64) AppleWebKit/537.36 (KHTML, like Gecko) Chrome/139.0.0.0 Safari/537.36 Edg/139.0.0.0"
172.16.36.181 - - [27/Aug/2025:09:47:24 +0800] "GET /manager-page/api/snapshot.php?id=11&t=0.4257846979363281 HTTP/1.1" 200 42810 "http://192.168.60.79/manager-page/home-1.php" "Mozilla/5.0 (Windows NT 10.0; Win64; x64) AppleWebKit/537.36 (KHTML, like Gecko) Chrome/139.0.0.0 Safari/537.36 Edg/139.0.0.0"
172.16.36.181 - - [27/Aug/2025:09:47:29 +0800] "GET /manager-page/api/snapshot.php?id=12&t=0.724184474416748 HTTP/1.1" 200 42429 "http://192.168.60.79/manager-page/home-1.php" "Mozilla/5.0 (Windows NT 10.0; Win64; x64) AppleWebKit/537.36 (KHTML, like Gecko) Chrome/139.0.0.0 Safari/537.36 Edg/139.0.0.0"
172.16.36.181 - - [27/Aug/2025:09:47:29 +0800] "GET /manager-page/api/snapshot.php?id=11&t=0.8258251513294244 HTTP/1.1" 200 42953 "http://192.168.60.79/manager-page/home-1.php" "Mozilla/5.0 (Windows NT 10.0; Win64; x64) AppleWebKit/537.36 (KHTML, like Gecko) Chrome/139.0.0.0 Safari/537.36 Edg/139.0.0.0"
172.16.36.181 - - [27/Aug/2025:09:47:34 +0800] "GET /manager-page/api/snapshot.php?id=11&t=0.5023871560427248 HTTP/1.1" 200 43362 "http://192.168.60.79/manager-page/home-1.php" "Mozilla/5.0 (Windows NT 10.0; Win64; x64) AppleWebKit/537.36 (KHTML, like Gecko) Chrome/139.0.0.0 Safari/537.36 Edg/139.0.0.0"
172.16.36.181 - - [27/Aug/2025:09:47:34 +0800] "GET /manager-page/api/snapshot.php?id=12&t=0.5447347995577104 HTTP/1.1" 200 42956 "http://192.168.60.79/manager-page/home-1.php" "Mozilla/5.0 (Windows NT 10.0; Win64; x64) AppleWebKit/537.36 (KHTML, like Gecko) Chrome/139.0.0.0 Safari/537.36 Edg/139.0.0.0"
172.16.36.181 - - [27/Aug/2025:09:47:39 +0800] "GET /manager-page/api/snapshot.php?id=12&t=0.764933194156321 HTTP/1.1" 200 42754 "http://192.168.60.79/manager-page/home-1.php" "Mozilla/5.0 (Windows NT 10.0; Win64; x64) AppleWebKit/537.36 (KHTML, like Gecko) Chrome/139.0.0.0 Safari/537.36 Edg/139.0.0.0"
172.16.36.181 - - [27/Aug/2025:09:47:39 +0800] "GET /manager-page/api/snapshot.php?id=11&t=0.9956430145789209 HTTP/1.1" 200 43351 "http://192.168.60.79/manager-page/home-1.php" "Mozilla/5.0 (Windows NT 10.0; Win64; x64) AppleWebKit/537.36 (KHTML, like Gecko) Chrome/139.0.0.0 Safari/537.36 Edg/139.0.0.0"
172.16.36.181 - - [27/Aug/2025:09:47:44 +0800] "GET /manager-page/api/snapshot.php?id=12&t=0.7238794316631509 HTTP/1.1" 200 43079 "http://192.168.60.79/manager-page/home-1.php" "Mozilla/5.0 (Windows NT 10.0; Win64; x64) AppleWebKit/537.36 (KHTML, like Gecko) Chrome/139.0.0.0 Safari/537.36 Edg/139.0.0.0"
172.16.36.181 - - [27/Aug/2025:09:47:44 +0800] "GET /manager-page/api/snapshot.php?id=11&t=0.6879345836000056 HTTP/1.1" 200 42807 "http://192.168.60.79/manager-page/home-1.php" "Mozilla/5.0 (Windows NT 10.0; Win64; x64) AppleWebKit/537.36 (KHTML, like Gecko) Chrome/139.0.0.0 Safari/537.36 Edg/139.0.0.0"
172.16.36.181 - - [27/Aug/2025:09:47:49 +0800] "GET /manager-page/api/snapshot.php?id=12&t=0.5990272604480685 HTTP/1.1" 200 42226 "http://192.168.60.79/manager-page/home-1.php" "Mozilla/5.0 (Windows NT 10.0; Win64; x64) AppleWebKit/537.36 (KHTML, like Gecko) Chrome/139.0.0.0 Safari/537.36 Edg/139.0.0.0"
172.16.36.181 - - [27/Aug/2025:09:47:49 +0800] "GET /manager-page/api/snapshot.php?id=11&t=0.9943453035107261 HTTP/1.1" 200 42756 "http://192.168.60.79/manager-page/home-1.php" "Mozilla/5.0 (Windows NT 10.0; Win64; x64) AppleWebKit/537.36 (KHTML, like Gecko) Chrome/139.0.0.0 Safari/537.36 Edg/139.0.0.0"
172.16.36.181 - - [27/Aug/2025:09:47:54 +0800] "GET /manager-page/api/snapshot.php?id=12&t=0.4708172074101211 HTTP/1.1" 200 42304 "http://192.168.60.79/manager-page/home-1.php" "Mozilla/5.0 (Windows NT 10.0; Win64; x64) AppleWebKit/537.36 (KHTML, like Gecko) Chrome/139.0.0.0 Safari/537.36 Edg/139.0.0.0"
172.16.36.181 - - [27/Aug/2025:09:47:54 +0800] "GET /manager-page/api/snapshot.php?id=11&t=0.12406700481069366 HTTP/1.1" 200 42709 "http://192.168.60.79/manager-page/home-1.php" "Mozilla/5.0 (Windows NT 10.0; Win64; x64) AppleWebKit/537.36 (KHTML, like Gecko) Chrome/139.0.0.0 Safari/537.36 Edg/139.0.0.0"
172.16.36.181 - - [27/Aug/2025:09:47:59 +0800] "GET /manager-page/api/snapshot.php?id=11&t=0.9597007720356286 HTTP/1.1" 200 42739 "http://192.168.60.79/manager-page/home-1.php" "Mozilla/5.0 (Windows NT 10.0; Win64; x64) AppleWebKit/537.36 (KHTML, like Gecko) Chrome/139.0.0.0 Safari/537.36 Edg/139.0.0.0"
172.16.36.181 - - [27/Aug/2025:09:47:59 +0800] "GET /manager-page/api/snapshot.php?id=12&t=0.7346241703373271 HTTP/1.1" 200 42295 "http://192.168.60.79/manager-page/home-1.php" "Mozilla/5.0 (Windows NT 10.0; Win64; x64) AppleWebKit/537.36 (KHTML, like Gecko) Chrome/139.0.0.0 Safari/537.36 Edg/139.0.0.0"
127.0.0.1 - - [27/Aug/2025:09:48:01 +0800] "GET /robot/alarm-history-in.php HTTP/1.1" 200 - "-" "python-requests/2.28.1"
172.16.36.181 - - [27/Aug/2025:09:48:04 +0800] "GET /manager-page/api/snapshot.php?id=12&t=0.08338096865068967 HTTP/1.1" 200 42473 "http://192.168.60.79/manager-page/home-1.php" "Mozilla/5.0 (Windows NT 10.0; Win64; x64) AppleWebKit/537.36 (KHTML, like Gecko) Chrome/139.0.0.0 Safari/537.36 Edg/139.0.0.0"
172.16.36.181 - - [27/Aug/2025:09:48:04 +0800] "GET /manager-page/api/snapshot.php?id=11&t=0.921682314157557 HTTP/1.1" 200 42775 "http://192.168.60.79/manager-page/home-1.php" "Mozilla/5.0 (Windows NT 10.0; Win64; x64) AppleWebKit/537.36 (KHTML, like Gecko) Chrome/139.0.0.0 Safari/537.36 Edg/139.0.0.0"
172.16.36.181 - - [27/Aug/2025:09:48:09 +0800] "GET /manager-page/api/snapshot.php?id=11&t=0.5687364857656284 HTTP/1.1" 200 42729 "http://192.168.60.79/manager-page/home-1.php" "Mozilla/5.0 (Windows NT 10.0; Win64; x64) AppleWebKit/537.36 (KHTML, like Gecko) Chrome/139.0.0.0 Safari/537.36 Edg/139.0.0.0"
172.16.36.181 - - [27/Aug/2025:09:48:09 +0800] "GET /manager-page/api/snapshot.php?id=12&t=0.07651753320197363 HTTP/1.1" 200 42438 "http://192.168.60.79/manager-page/home-1.php" "Mozilla/5.0 (Windows NT 10.0; Win64; x64) AppleWebKit/537.36 (KHTML, like Gecko) Chrome/139.0.0.0 Safari/537.36 Edg/139.0.0.0"
172.16.36.181 - - [27/Aug/2025:09:48:14 +0800] "GET /manager-page/api/snapshot.php?id=12&t=0.1796260367687018 HTTP/1.1" 200 42288 "http://192.168.60.79/manager-page/home-1.php" "Mozilla/5.0 (Windows NT 10.0; Win64; x64) AppleWebKit/537.36 (KHTML, like Gecko) Chrome/139.0.0.0 Safari/537.36 Edg/139.0.0.0"
172.16.36.181 - - [27/Aug/2025:09:48:14 +0800] "GET /manager-page/api/snapshot.php?id=11&t=0.3392675914009071 HTTP/1.1" 200 42853 "http://192.168.60.79/manager-page/home-1.php" "Mozilla/5.0 (Windows NT 10.0; Win64; x64) AppleWebKit/537.36 (KHTML, like Gecko) Chrome/139.0.0.0 Safari/537.36 Edg/139.0.0.0"
172.16.36.181 - - [27/Aug/2025:09:48:19 +0800] "GET /manager-page/api/snapshot.php?id=11&t=0.18983188817431407 HTTP/1.1" 200 42748 "http://192.168.60.79/manager-page/home-1.php" "Mozilla/5.0 (Windows NT 10.0; Win64; x64) AppleWebKit/537.36 (KHTML, like Gecko) Chrome/139.0.0.0 Safari/537.36 Edg/139.0.0.0"
172.16.36.181 - - [27/Aug/2025:09:48:19 +0800] "GET /manager-page/api/snapshot.php?id=12&t=0.4532610668899093 HTTP/1.1" 200 42249 "http://192.168.60.79/manager-page/home-1.php" "Mozilla/5.0 (Windows NT 10.0; Win64; x64) AppleWebKit/537.36 (KHTML, like Gecko) Chrome/139.0.0.0 Safari/537.36 Edg/139.0.0.0"
172.16.36.181 - - [27/Aug/2025:09:48:24 +0800] "GET /manager-page/api/snapshot.php?id=11&t=0.8518623851773354 HTTP/1.1" 200 42760 "http://192.168.60.79/manager-page/home-1.php" "Mozilla/5.0 (Windows NT 10.0; Win64; x64) AppleWebKit/537.36 (KHTML, like Gecko) Chrome/139.0.0.0 Safari/537.36 Edg/139.0.0.0"
