172.16.36.181 - - [31/Oct/2025:08:26:24 +0800] "GET /manager-page/api/snapshot.php?id=12&t=0.7452391783806669 HTTP/1.1" 200 27225 "http://192.168.60.79/manager-page/home-1.php" "Mozilla/5.0 (Windows NT 10.0; Win64; x64) AppleWebKit/537.36 (KHTML, like Gecko) Chrome/141.0.0.0 Safari/537.36 Edg/141.0.0.0"
172.16.36.181 - - [31/Oct/2025:08:26:28 +0800] "GET /manager-page/api/snapshot.php?id=12&t=0.37982499463086594 HTTP/1.1" 200 27456 "http://192.168.60.79/manager-page/home-1.php" "Mozilla/5.0 (Windows NT 10.0; Win64; x64) AppleWebKit/537.36 (KHTML, like Gecko) Chrome/141.0.0.0 Safari/537.36 Edg/141.0.0.0"
172.16.36.181 - - [31/Oct/2025:08:26:28 +0800] "GET /manager-page/api/snapshot.php?id=11&t=0.1363797956567625 HTTP/1.1" 200 38074 "http://192.168.60.79/manager-page/home-1.php" "Mozilla/5.0 (Windows NT 10.0; Win64; x64) AppleWebKit/537.36 (KHTML, like Gecko) Chrome/141.0.0.0 Safari/537.36 Edg/141.0.0.0"
172.16.36.181 - - [31/Oct/2025:08:26:33 +0800] "GET /manager-page/api/snapshot.php?id=12&t=0.2844474281111212 HTTP/1.1" 200 27722 "http://192.168.60.79/manager-page/home-1.php" "Mozilla/5.0 (Windows NT 10.0; Win64; x64) AppleWebKit/537.36 (KHTML, like Gecko) Chrome/141.0.0.0 Safari/537.36 Edg/141.0.0.0"
172.16.36.181 - - [31/Oct/2025:08:26:33 +0800] "GET /manager-page/api/snapshot.php?id=11&t=0.2288770048225195 HTTP/1.1" 200 38461 "http://192.168.60.79/manager-page/home-1.php" "Mozilla/5.0 (Windows NT 10.0; Win64; x64) AppleWebKit/537.36 (KHTML, like Gecko) Chrome/141.0.0.0 Safari/537.36 Edg/141.0.0.0"
172.16.36.181 - - [31/Oct/2025:08:26:38 +0800] "GET /manager-page/api/snapshot.php?id=12&t=0.49250774301104316 HTTP/1.1" 200 23196 "http://192.168.60.79/manager-page/home-1.php" "Mozilla/5.0 (Windows NT 10.0; Win64; x64) AppleWebKit/537.36 (KHTML, like Gecko) Chrome/141.0.0.0 Safari/537.36 Edg/141.0.0.0"
172.16.36.181 - - [31/Oct/2025:08:26:38 +0800] "GET /manager-page/api/snapshot.php?id=11&t=0.3218436184622726 HTTP/1.1" 200 38121 "http://192.168.60.79/manager-page/home-1.php" "Mozilla/5.0 (Windows NT 10.0; Win64; x64) AppleWebKit/537.36 (KHTML, like Gecko) Chrome/141.0.0.0 Safari/537.36 Edg/141.0.0.0"
127.0.0.1 - - [31/Oct/2025:08:26:40 +0800] "POST /robot/et-7026-in.php HTTP/1.1" 200 - "-" "python-requests/2.32.2"
172.16.36.181 - - [31/Oct/2025:08:26:43 +0800] "GET /manager-page/api/snapshot.php?id=11&t=0.8337278334066907 HTTP/1.1" 200 38156 "http://192.168.60.79/manager-page/home-1.php" "Mozilla/5.0 (Windows NT 10.0; Win64; x64) AppleWebKit/537.36 (KHTML, like Gecko) Chrome/141.0.0.0 Safari/537.36 Edg/141.0.0.0"
172.16.36.181 - - [31/Oct/2025:08:26:43 +0800] "GET /manager-page/api/snapshot.php?id=12&t=0.7667265456179168 HTTP/1.1" 200 26451 "http://192.168.60.79/manager-page/home-1.php" "Mozilla/5.0 (Windows NT 10.0; Win64; x64) AppleWebKit/537.36 (KHTML, like Gecko) Chrome/141.0.0.0 Safari/537.36 Edg/141.0.0.0"
172.16.36.181 - - [31/Oct/2025:08:26:48 +0800] "GET /manager-page/api/snapshot.php?id=11&t=0.284661692553536 HTTP/1.1" 200 38178 "http://192.168.60.79/manager-page/home-1.php" "Mozilla/5.0 (Windows NT 10.0; Win64; x64) AppleWebKit/537.36 (KHTML, like Gecko) Chrome/141.0.0.0 Safari/537.36 Edg/141.0.0.0"
172.16.36.181 - - [31/Oct/2025:08:26:48 +0800] "GET /manager-page/api/snapshot.php?id=12&t=0.8746819884923451 HTTP/1.1" 200 26606 "http://192.168.60.79/manager-page/home-1.php" "Mozilla/5.0 (Windows NT 10.0; Win64; x64) AppleWebKit/537.36 (KHTML, like Gecko) Chrome/141.0.0.0 Safari/537.36 Edg/141.0.0.0"
172.16.36.181 - - [31/Oct/2025:08:26:53 +0800] "GET /manager-page/api/snapshot.php?id=12&t=0.19278549097873743 HTTP/1.1" 200 26754 "http://192.168.60.79/manager-page/home-1.php" "Mozilla/5.0 (Windows NT 10.0; Win64; x64) AppleWebKit/537.36 (KHTML, like Gecko) Chrome/141.0.0.0 Safari/537.36 Edg/141.0.0.0"
172.16.36.181 - - [31/Oct/2025:08:26:53 +0800] "GET /manager-page/api/snapshot.php?id=11&t=0.03033394411433643 HTTP/1.1" 200 38110 "http://192.168.60.79/manager-page/home-1.php" "Mozilla/5.0 (Windows NT 10.0; Win64; x64) AppleWebKit/537.36 (KHTML, like Gecko) Chrome/141.0.0.0 Safari/537.36 Edg/141.0.0.0"
172.16.36.181 - - [31/Oct/2025:08:26:58 +0800] "GET /manager-page/api/snapshot.php?id=12&t=0.7703058988848005 HTTP/1.1" 200 26756 "http://192.168.60.79/manager-page/home-1.php" "Mozilla/5.0 (Windows NT 10.0; Win64; x64) AppleWebKit/537.36 (KHTML, like Gecko) Chrome/141.0.0.0 Safari/537.36 Edg/141.0.0.0"
172.16.36.181 - - [31/Oct/2025:08:26:58 +0800] "GET /manager-page/api/snapshot.php?id=11&t=0.8036040044998051 HTTP/1.1" 200 38116 "http://192.168.60.79/manager-page/home-1.php" "Mozilla/5.0 (Windows NT 10.0; Win64; x64) AppleWebKit/537.36 (KHTML, like Gecko) Chrome/141.0.0.0 Safari/537.36 Edg/141.0.0.0"
127.0.0.1 - - [31/Oct/2025:08:27:00 +0800] "GET /robot/alarm-history-in.php HTTP/1.1" 200 - "-" "python-requests/2.28.1"
172.16.36.181 - - [31/Oct/2025:08:27:03 +0800] "GET /manager-page/api/snapshot.php?id=12&t=0.4999256226539982 HTTP/1.1" 200 27119 "http://192.168.60.79/manager-page/home-1.php" "Mozilla/5.0 (Windows NT 10.0; Win64; x64) AppleWebKit/537.36 (KHTML, like Gecko) Chrome/141.0.0.0 Safari/537.36 Edg/141.0.0.0"
172.16.36.181 - - [31/Oct/2025:08:27:03 +0800] "GET /manager-page/api/snapshot.php?id=11&t=0.660466150203225 HTTP/1.1" 200 38019 "http://192.168.60.79/manager-page/home-1.php" "Mozilla/5.0 (Windows NT 10.0; Win64; x64) AppleWebKit/537.36 (KHTML, like Gecko) Chrome/141.0.0.0 Safari/537.36 Edg/141.0.0.0"
172.16.36.181 - - [31/Oct/2025:08:27:08 +0800] "GET /manager-page/api/snapshot.php?id=11&t=0.514939109438335 HTTP/1.1" 200 37988 "http://192.168.60.79/manager-page/home-1.php" "Mozilla/5.0 (Windows NT 10.0; Win64; x64) AppleWebKit/537.36 (KHTML, like Gecko) Chrome/141.0.0.0 Safari/537.36 Edg/141.0.0.0"
172.16.36.181 - - [31/Oct/2025:08:27:08 +0800] "GET /manager-page/api/snapshot.php?id=12&t=0.5528798632473861 HTTP/1.1" 200 26919 "http://192.168.60.79/manager-page/home-1.php" "Mozilla/5.0 (Windows NT 10.0; Win64; x64) AppleWebKit/537.36 (KHTML, like Gecko) Chrome/141.0.0.0 Safari/537.36 Edg/141.0.0.0"
172.16.36.181 - - [31/Oct/2025:08:27:37 +0800] "GET /manager-page/alarm/2-1.jpg?t=1289865099 HTTP/1.1" 200 472504 "http://192.168.60.79/manager-page/home-2.php" "Mozilla/5.0 (Windows NT 10.0; Win64; x64) AppleWebKit/537.36 (KHTML, like Gecko) Chrome/141.0.0.0 Safari/537.36 Edg/141.0.0.0"
172.16.36.181 - - [31/Oct/2025:08:27:37 +0800] "GET /manager-page/alarm/2-2.jpg?t=1103569513 HTTP/1.1" 200 544111 "http://192.168.60.79/manager-page/home-2.php" "Mozilla/5.0 (Windows NT 10.0; Win64; x64) AppleWebKit/537.36 (KHTML, like Gecko) Chrome/141.0.0.0 Safari/537.36 Edg/141.0.0.0"
172.16.36.181 - - [31/Oct/2025:08:27:11 +0800] "GET /manager-page/home-2.php HTTP/1.1" 200 27471 "http://192.168.60.79/manager-page/home-1.php" "Mozilla/5.0 (Windows NT 10.0; Win64; x64) AppleWebKit/537.36 (KHTML, like Gecko) Chrome/141.0.0.0 Safari/537.36 Edg/141.0.0.0"
172.16.36.181 - - [31/Oct/2025:08:27:13 +0800] "GET /manager-page/api/snapshot.php?id=11&t=0.7441588271680227 HTTP/1.1" 500 - "http://192.168.60.79/manager-page/home-1.php" "Mozilla/5.0 (Windows NT 10.0; Win64; x64) AppleWebKit/537.36 (KHTML, like Gecko) Chrome/141.0.0.0 Safari/537.36 Edg/141.0.0.0"
172.16.36.181 - - [31/Oct/2025:08:27:13 +0800] "GET /manager-page/api/snapshot.php?id=12&t=0.18544985188239638 HTTP/1.1" 500 - "http://192.168.60.79/manager-page/home-1.php" "Mozilla/5.0 (Windows NT 10.0; Win64; x64) AppleWebKit/537.36 (KHTML, like Gecko) Chrome/141.0.0.0 Safari/537.36 Edg/141.0.0.0"
172.16.36.181 - - [31/Oct/2025:08:27:18 +0800] "GET /manager-page/api/snapshot.php?id=11&t=0.7582199964134093 HTTP/1.1" 500 - "http://192.168.60.79/manager-page/home-1.php" "Mozilla/5.0 (Windows NT 10.0; Win64; x64) AppleWebKit/537.36 (KHTML, like Gecko) Chrome/141.0.0.0 Safari/537.36 Edg/141.0.0.0"
172.16.36.181 - - [31/Oct/2025:08:27:18 +0800] "GET /manager-page/api/snapshot.php?id=12&t=0.8988395982764532 HTTP/1.1" 500 - "http://192.168.60.79/manager-page/home-1.php" "Mozilla/5.0 (Windows NT 10.0; Win64; x64) AppleWebKit/537.36 (KHTML, like Gecko) Chrome/141.0.0.0 Safari/537.36 Edg/141.0.0.0"
172.16.36.181 - - [31/Oct/2025:08:27:37 +0800] "GET /manager-page/api/snapshot.php?id=22 HTTP/1.1" 500 - "http://192.168.60.79/manager-page/home-2.php" "Mozilla/5.0 (Windows NT 10.0; Win64; x64) AppleWebKit/537.36 (KHTML, like Gecko) Chrome/141.0.0.0 Safari/537.36 Edg/141.0.0.0"
172.16.36.181 - - [31/Oct/2025:08:27:37 +0800] "GET /manager-page/api/snapshot.php?id=21 HTTP/1.1" 500 - "http://192.168.60.79/manager-page/home-2.php" "Mozilla/5.0 (Windows NT 10.0; Win64; x64) AppleWebKit/537.36 (KHTML, like Gecko) Chrome/141.0.0.0 Safari/537.36 Edg/141.0.0.0"
172.16.36.181 - - [31/Oct/2025:08:27:56 +0800] "GET /manager-page/api/lp-status2.php HTTP/1.1" 500 - "http://192.168.60.79/manager-page/home-2.php" "Mozilla/5.0 (Windows NT 10.0; Win64; x64) AppleWebKit/537.36 (KHTML, like Gecko) Chrome/141.0.0.0 Safari/537.36 Edg/141.0.0.0"
127.0.0.1 - - [31/Oct/2025:08:28:00 +0800] "GET /robot/alarm-history-in.php HTTP/1.1" 200 - "-" "python-requests/2.28.1"
172.16.36.181 - - [31/Oct/2025:08:27:56 +0800] "GET /manager-page/api/cms-status2.php HTTP/1.1" 500 - "http://192.168.60.79/manager-page/home-2.php" "Mozilla/5.0 (Windows NT 10.0; Win64; x64) AppleWebKit/537.36 (KHTML, like Gecko) Chrome/141.0.0.0 Safari/537.36 Edg/141.0.0.0"
172.16.36.181 - - [31/Oct/2025:08:28:01 +0800] "GET /manager-page/api/snapshot.php?id=22&t=0.45308472459804605 HTTP/1.1" 200 44897 "http://192.168.60.79/manager-page/home-2.php" "Mozilla/5.0 (Windows NT 10.0; Win64; x64) AppleWebKit/537.36 (KHTML, like Gecko) Chrome/141.0.0.0 Safari/537.36 Edg/141.0.0.0"
172.16.36.181 - - [31/Oct/2025:08:28:01 +0800] "GET /manager-page/api/snapshot.php?id=21&t=0.13609099786315104 HTTP/1.1" 200 50344 "http://192.168.60.79/manager-page/home-2.php" "Mozilla/5.0 (Windows NT 10.0; Win64; x64) AppleWebKit/537.36 (KHTML, like Gecko) Chrome/141.0.0.0 Safari/537.36 Edg/141.0.0.0"
172.16.36.181 - - [31/Oct/2025:08:28:06 +0800] "GET /manager-page/api/snapshot.php?id=22&t=0.288767914590359 HTTP/1.1" 200 44916 "http://192.168.60.79/manager-page/home-2.php" "Mozilla/5.0 (Windows NT 10.0; Win64; x64) AppleWebKit/537.36 (KHTML, like Gecko) Chrome/141.0.0.0 Safari/537.36 Edg/141.0.0.0"
172.16.36.181 - - [31/Oct/2025:08:28:06 +0800] "GET /manager-page/api/snapshot.php?id=21&t=0.9246825862725789 HTTP/1.1" 200 50369 "http://192.168.60.79/manager-page/home-2.php" "Mozilla/5.0 (Windows NT 10.0; Win64; x64) AppleWebKit/537.36 (KHTML, like Gecko) Chrome/141.0.0.0 Safari/537.36 Edg/141.0.0.0"
172.16.36.181 - - [31/Oct/2025:08:28:11 +0800] "GET /manager-page/api/snapshot.php?id=21&t=0.9335610026733362 HTTP/1.1" 200 50282 "http://192.168.60.79/manager-page/home-2.php" "Mozilla/5.0 (Windows NT 10.0; Win64; x64) AppleWebKit/537.36 (KHTML, like Gecko) Chrome/141.0.0.0 Safari/537.36 Edg/141.0.0.0"
172.16.36.181 - - [31/Oct/2025:08:28:11 +0800] "GET /manager-page/api/snapshot.php?id=22&t=0.5663830302351222 HTTP/1.1" 200 44779 "http://192.168.60.79/manager-page/home-2.php" "Mozilla/5.0 (Windows NT 10.0; Win64; x64) AppleWebKit/537.36 (KHTML, like Gecko) Chrome/141.0.0.0 Safari/537.36 Edg/141.0.0.0"
172.16.36.181 - - [31/Oct/2025:08:28:16 +0800] "GET /manager-page/api/snapshot.php?id=21&t=0.5868055709788397 HTTP/1.1" 200 50271 "http://192.168.60.79/manager-page/home-2.php" "Mozilla/5.0 (Windows NT 10.0; Win64; x64) AppleWebKit/537.36 (KHTML, like Gecko) Chrome/141.0.0.0 Safari/537.36 Edg/141.0.0.0"
172.16.36.181 - - [31/Oct/2025:08:28:16 +0800] "GET /manager-page/api/snapshot.php?id=22&t=0.12463034369532111 HTTP/1.1" 200 44748 "http://192.168.60.79/manager-page/home-2.php" "Mozilla/5.0 (Windows NT 10.0; Win64; x64) AppleWebKit/537.36 (KHTML, like Gecko) Chrome/141.0.0.0 Safari/537.36 Edg/141.0.0.0"
172.16.36.181 - - [31/Oct/2025:08:28:21 +0800] "GET /manager-page/api/snapshot.php?id=21&t=0.2636334647579205 HTTP/1.1" 200 50269 "http://192.168.60.79/manager-page/home-2.php" "Mozilla/5.0 (Windows NT 10.0; Win64; x64) AppleWebKit/537.36 (KHTML, like Gecko) Chrome/141.0.0.0 Safari/537.36 Edg/141.0.0.0"
172.16.36.181 - - [31/Oct/2025:08:28:21 +0800] "GET /manager-page/api/snapshot.php?id=22&t=0.3771250527676635 HTTP/1.1" 200 44791 "http://192.168.60.79/manager-page/home-2.php" "Mozilla/5.0 (Windows NT 10.0; Win64; x64) AppleWebKit/537.36 (KHTML, like Gecko) Chrome/141.0.0.0 Safari/537.36 Edg/141.0.0.0"
172.16.36.181 - - [31/Oct/2025:08:28:26 +0800] "GET /manager-page/api/snapshot.php?id=21&t=0.15554475977823767 HTTP/1.1" 200 50231 "http://192.168.60.79/manager-page/home-2.php" "Mozilla/5.0 (Windows NT 10.0; Win64; x64) AppleWebKit/537.36 (KHTML, like Gecko) Chrome/141.0.0.0 Safari/537.36 Edg/141.0.0.0"
172.16.36.181 - - [31/Oct/2025:08:28:26 +0800] "GET /manager-page/api/snapshot.php?id=22&t=0.4612094393441858 HTTP/1.1" 200 44740 "http://192.168.60.79/manager-page/home-2.php" "Mozilla/5.0 (Windows NT 10.0; Win64; x64) AppleWebKit/537.36 (KHTML, like Gecko) Chrome/141.0.0.0 Safari/537.36 Edg/141.0.0.0"
172.16.36.181 - - [31/Oct/2025:08:28:31 +0800] "GET /manager-page/api/snapshot.php?id=22&t=0.9276093950285722 HTTP/1.1" 200 44661 "http://192.168.60.79/manager-page/home-2.php" "Mozilla/5.0 (Windows NT 10.0; Win64; x64) AppleWebKit/537.36 (KHTML, like Gecko) Chrome/141.0.0.0 Safari/537.36 Edg/141.0.0.0"
172.16.36.181 - - [31/Oct/2025:08:28:31 +0800] "GET /manager-page/api/snapshot.php?id=21&t=0.05041830109260681 HTTP/1.1" 200 50184 "http://192.168.60.79/manager-page/home-2.php" "Mozilla/5.0 (Windows NT 10.0; Win64; x64) AppleWebKit/537.36 (KHTML, like Gecko) Chrome/141.0.0.0 Safari/537.36 Edg/141.0.0.0"
172.16.36.181 - - [31/Oct/2025:08:28:36 +0800] "GET /manager-page/api/snapshot.php?id=21&t=0.7954746681420147 HTTP/1.1" 200 50169 "http://192.168.60.79/manager-page/home-2.php" "Mozilla/5.0 (Windows NT 10.0; Win64; x64) AppleWebKit/537.36 (KHTML, like Gecko) Chrome/141.0.0.0 Safari/537.36 Edg/141.0.0.0"
172.16.36.181 - - [31/Oct/2025:08:28:36 +0800] "GET /manager-page/api/snapshot.php?id=22&t=0.2629631038333493 HTTP/1.1" 200 44581 "http://192.168.60.79/manager-page/home-2.php" "Mozilla/5.0 (Windows NT 10.0; Win64; x64) AppleWebKit/537.36 (KHTML, like Gecko) Chrome/141.0.0.0 Safari/537.36 Edg/141.0.0.0"
172.16.36.181 - - [31/Oct/2025:08:28:41 +0800] "GET /manager-page/api/snapshot.php?id=22&t=0.15171290925968284 HTTP/1.1" 200 44539 "http://192.168.60.79/manager-page/home-2.php" "Mozilla/5.0 (Windows NT 10.0; Win64; x64) AppleWebKit/537.36 (KHTML, like Gecko) Chrome/141.0.0.0 Safari/537.36 Edg/141.0.0.0"
172.16.36.181 - - [31/Oct/2025:08:28:41 +0800] "GET /manager-page/api/snapshot.php?id=21&t=0.47785043093896507 HTTP/1.1" 200 50411 "http://192.168.60.79/manager-page/home-2.php" "Mozilla/5.0 (Windows NT 10.0; Win64; x64) AppleWebKit/537.36 (KHTML, like Gecko) Chrome/141.0.0.0 Safari/537.36 Edg/141.0.0.0"
172.16.36.181 - - [31/Oct/2025:08:28:46 +0800] "GET /manager-page/api/snapshot.php?id=21&t=0.11229100834676631 HTTP/1.1" 200 51763 "http://192.168.60.79/manager-page/home-2.php" "Mozilla/5.0 (Windows NT 10.0; Win64; x64) AppleWebKit/537.36 (KHTML, like Gecko) Chrome/141.0.0.0 Safari/537.36 Edg/141.0.0.0"
172.16.36.181 - - [31/Oct/2025:08:28:46 +0800] "GET /manager-page/api/snapshot.php?id=22&t=0.6220671708404436 HTTP/1.1" 200 44872 "http://192.168.60.79/manager-page/home-2.php" "Mozilla/5.0 (Windows NT 10.0; Win64; x64) AppleWebKit/537.36 (KHTML, like Gecko) Chrome/141.0.0.0 Safari/537.36 Edg/141.0.0.0"
127.0.0.1 - - [31/Oct/2025:08:29:00 +0800] "GET /robot/alarm-history-in.php HTTP/1.1" 200 - "-" "python-requests/2.28.1"
172.16.36.181 - - [31/Oct/2025:08:29:06 +0800] "GET /manager-page/alarm/2-1.jpg?t=2058670335 HTTP/1.1" 200 472504 "http://192.168.60.79/manager-page/home-2.php" "Mozilla/5.0 (Windows NT 10.0; Win64; x64) AppleWebKit/537.36 (KHTML, like Gecko) Chrome/141.0.0.0 Safari/537.36 Edg/141.0.0.0"
172.16.36.181 - - [31/Oct/2025:08:29:06 +0800] "GET /manager-page/alarm/2-2.jpg?t=1634657136 HTTP/1.1" 200 544111 "http://192.168.60.79/manager-page/home-2.php" "Mozilla/5.0 (Windows NT 10.0; Win64; x64) AppleWebKit/537.36 (KHTML, like Gecko) Chrome/141.0.0.0 Safari/537.36 Edg/141.0.0.0"
127.0.0.1 - - [31/Oct/2025:08:29:05 +0800] "POST /robot/et-7026-in.php HTTP/1.1" 200 - "-" "python-requests/2.32.2"
172.16.36.181 - - [31/Oct/2025:08:28:49 +0800] "GET /manager-page/home-2.php HTTP/1.1" 200 27471 "http://192.168.60.79/manager-page/home-1.php" "Mozilla/5.0 (Windows NT 10.0; Win64; x64) AppleWebKit/537.36 (KHTML, like Gecko) Chrome/141.0.0.0 Safari/537.36 Edg/141.0.0.0"
172.16.36.181 - - [31/Oct/2025:08:28:51 +0800] "GET /manager-page/api/snapshot.php?id=22&t=0.45037431154232554 HTTP/1.1" 500 - "http://192.168.60.79/manager-page/home-2.php" "Mozilla/5.0 (Windows NT 10.0; Win64; x64) AppleWebKit/537.36 (KHTML, like Gecko) Chrome/141.0.0.0 Safari/537.36 Edg/141.0.0.0"
172.16.36.181 - - [31/Oct/2025:08:28:51 +0800] "GET /manager-page/api/snapshot.php?id=21&t=0.38257204109809995 HTTP/1.1" 500 - "http://192.168.60.79/manager-page/home-2.php" "Mozilla/5.0 (Windows NT 10.0; Win64; x64) AppleWebKit/537.36 (KHTML, like Gecko) Chrome/141.0.0.0 Safari/537.36 Edg/141.0.0.0"
172.16.36.181 - - [31/Oct/2025:08:28:56 +0800] "GET /manager-page/api/snapshot.php?id=22&t=0.2928581293160434 HTTP/1.1" 500 - "http://192.168.60.79/manager-page/home-2.php" "Mozilla/5.0 (Windows NT 10.0; Win64; x64) AppleWebKit/537.36 (KHTML, like Gecko) Chrome/141.0.0.0 Safari/537.36 Edg/141.0.0.0"
172.16.36.181 - - [31/Oct/2025:08:28:56 +0800] "GET /manager-page/api/snapshot.php?id=21&t=0.19654084784826764 HTTP/1.1" 500 - "http://192.168.60.79/manager-page/home-2.php" "Mozilla/5.0 (Windows NT 10.0; Win64; x64) AppleWebKit/537.36 (KHTML, like Gecko) Chrome/141.0.0.0 Safari/537.36 Edg/141.0.0.0"
172.16.36.181 - - [31/Oct/2025:08:29:06 +0800] "GET /manager-page/api/snapshot.php?id=21 HTTP/1.1" 500 - "http://192.168.60.79/manager-page/home-2.php" "Mozilla/5.0 (Windows NT 10.0; Win64; x64) AppleWebKit/537.36 (KHTML, like Gecko) Chrome/141.0.0.0 Safari/537.36 Edg/141.0.0.0"
172.16.36.181 - - [31/Oct/2025:08:29:06 +0800] "GET /manager-page/api/snapshot.php?id=22 HTTP/1.1" 500 - "http://192.168.60.79/manager-page/home-2.php" "Mozilla/5.0 (Windows NT 10.0; Win64; x64) AppleWebKit/537.36 (KHTML, like Gecko) Chrome/141.0.0.0 Safari/537.36 Edg/141.0.0.0"
172.16.36.181 - - [31/Oct/2025:08:29:16 +0800] "GET /manager-page/live/2-1.jpg HTTP/1.1" 200 50220 "http://192.168.60.79/manager-page/home-2.php" "Mozilla/5.0 (Windows NT 10.0; Win64; x64) AppleWebKit/537.36 (KHTML, like Gecko) Chrome/141.0.0.0 Safari/537.36 Edg/141.0.0.0"
172.16.36.181 - - [31/Oct/2025:08:29:16 +0800] "GET /manager-page/live/2-2.jpg HTTP/1.1" 200 44690 "http://192.168.60.79/manager-page/home-2.php" "Mozilla/5.0 (Windows NT 10.0; Win64; x64) AppleWebKit/537.36 (KHTML, like Gecko) Chrome/141.0.0.0 Safari/537.36 Edg/141.0.0.0"
172.16.36.181 - - [31/Oct/2025:08:29:17 +0800] "GET /manager-page/alarm/4-1.jpg?t=547769988 HTTP/1.1" 200 436474 "http://192.168.60.79/manager-page/home-4.php" "Mozilla/5.0 (Windows NT 10.0; Win64; x64) AppleWebKit/537.36 (KHTML, like Gecko) Chrome/141.0.0.0 Safari/537.36 Edg/141.0.0.0"
172.16.36.181 - - [31/Oct/2025:08:29:17 +0800] "GET /manager-page/alarm/4-2.jpg?t=34608438 HTTP/1.1" 200 543160 "http://192.168.60.79/manager-page/home-4.php" "Mozilla/5.0 (Windows NT 10.0; Win64; x64) AppleWebKit/537.36 (KHTML, like Gecko) Chrome/141.0.0.0 Safari/537.36 Edg/141.0.0.0"
172.16.36.181 - - [31/Oct/2025:08:29:12 +0800] "GET /manager-page/home-4.php HTTP/1.1" 200 27482 "http://192.168.60.79/manager-page/home-2.php" "Mozilla/5.0 (Windows NT 10.0; Win64; x64) AppleWebKit/537.36 (KHTML, like Gecko) Chrome/141.0.0.0 Safari/537.36 Edg/141.0.0.0"
172.16.36.181 - - [31/Oct/2025:08:29:17 +0800] "GET /manager-page/api/snapshot.php?id=41 HTTP/1.1" 200 40809 "http://192.168.60.79/manager-page/home-4.php" "Mozilla/5.0 (Windows NT 10.0; Win64; x64) AppleWebKit/537.36 (KHTML, like Gecko) Chrome/141.0.0.0 Safari/537.36 Edg/141.0.0.0"
172.16.36.181 - - [31/Oct/2025:08:29:17 +0800] "GET /manager-page/api/snapshot.php?id=42 HTTP/1.1" 200 51110 "http://192.168.60.79/manager-page/home-4.php" "Mozilla/5.0 (Windows NT 10.0; Win64; x64) AppleWebKit/537.36 (KHTML, like Gecko) Chrome/141.0.0.0 Safari/537.36 Edg/141.0.0.0"
172.16.36.181 - - [31/Oct/2025:08:29:19 +0800] "GET /manager-page/api/lp-status4.php HTTP/1.1" 200 1 "http://192.168.60.79/manager-page/home-4.php" "Mozilla/5.0 (Windows NT 10.0; Win64; x64) AppleWebKit/537.36 (KHTML, like Gecko) Chrome/141.0.0.0 Safari/537.36 Edg/141.0.0.0"
172.16.36.181 - - [31/Oct/2025:08:29:19 +0800] "GET /manager-page/api/cms-status4.php HTTP/1.1" 200 12 "http://192.168.60.79/manager-page/home-4.php" "Mozilla/5.0 (Windows NT 10.0; Win64; x64) AppleWebKit/537.36 (KHTML, like Gecko) Chrome/141.0.0.0 Safari/537.36 Edg/141.0.0.0"
172.16.36.181 - - [31/Oct/2025:08:29:24 +0800] "GET /manager-page/api/snapshot.php?id=42&t=0.11207228624353227 HTTP/1.1" 200 51210 "http://192.168.60.79/manager-page/home-4.php" "Mozilla/5.0 (Windows NT 10.0; Win64; x64) AppleWebKit/537.36 (KHTML, like Gecko) Chrome/141.0.0.0 Safari/537.36 Edg/141.0.0.0"
172.16.36.181 - - [31/Oct/2025:08:29:24 +0800] "GET /manager-page/api/snapshot.php?id=41&t=0.018491170384982936 HTTP/1.1" 200 40677 "http://192.168.60.79/manager-page/home-4.php" "Mozilla/5.0 (Windows NT 10.0; Win64; x64) AppleWebKit/537.36 (KHTML, like Gecko) Chrome/141.0.0.0 Safari/537.36 Edg/141.0.0.0"
172.16.36.181 - - [31/Oct/2025:08:29:25 +0800] "GET /manager-page/alarm/3-2.jpg?t=1507928296 HTTP/1.1" 200 187208 "http://192.168.60.79/manager-page/home-3.php" "Mozilla/5.0 (Windows NT 10.0; Win64; x64) AppleWebKit/537.36 (KHTML, like Gecko) Chrome/141.0.0.0 Safari/537.36 Edg/141.0.0.0"
172.16.36.181 - - [31/Oct/2025:08:29:25 +0800] "GET /manager-page/alarm/3-1.jpg?t=1066878787 HTTP/1.1" 200 520364 "http://192.168.60.79/manager-page/home-3.php" "Mozilla/5.0 (Windows NT 10.0; Win64; x64) AppleWebKit/537.36 (KHTML, like Gecko) Chrome/141.0.0.0 Safari/537.36 Edg/141.0.0.0"
172.16.36.181 - - [31/Oct/2025:08:29:25 +0800] "GET /manager-page/home-3.php HTTP/1.1" 200 27481 "http://192.168.60.79/manager-page/home-4.php" "Mozilla/5.0 (Windows NT 10.0; Win64; x64) AppleWebKit/537.36 (KHTML, like Gecko) Chrome/141.0.0.0 Safari/537.36 Edg/141.0.0.0"
172.16.36.181 - - [31/Oct/2025:08:29:25 +0800] "GET /manager-page/api/snapshot.php?id=31 HTTP/1.1" 500 - "http://192.168.60.79/manager-page/home-3.php" "Mozilla/5.0 (Windows NT 10.0; Win64; x64) AppleWebKit/537.36 (KHTML, like Gecko) Chrome/141.0.0.0 Safari/537.36 Edg/141.0.0.0"
172.16.36.181 - - [31/Oct/2025:08:29:25 +0800] "GET /manager-page/api/snapshot.php?id=32 HTTP/1.1" 500 - "http://192.168.60.79/manager-page/home-3.php" "Mozilla/5.0 (Windows NT 10.0; Win64; x64) AppleWebKit/537.36 (KHTML, like Gecko) Chrome/141.0.0.0 Safari/537.36 Edg/141.0.0.0"
172.16.36.181 - - [31/Oct/2025:08:29:33 +0800] "GET /manager-page/live/3-1.jpg HTTP/1.1" 200 50258 "http://192.168.60.79/manager-page/home-3.php" "Mozilla/5.0 (Windows NT 10.0; Win64; x64) AppleWebKit/537.36 (KHTML, like Gecko) Chrome/141.0.0.0 Safari/537.36 Edg/141.0.0.0"
172.16.36.181 - - [31/Oct/2025:08:29:33 +0800] "GET /manager-page/live/3-2.jpg HTTP/1.1" 200 47786 "http://192.168.60.79/manager-page/home-3.php" "Mozilla/5.0 (Windows NT 10.0; Win64; x64) AppleWebKit/537.36 (KHTML, like Gecko) Chrome/141.0.0.0 Safari/537.36 Edg/141.0.0.0"
172.16.36.181 - - [31/Oct/2025:08:29:33 +0800] "GET /manager-page/api/cms-status3.php HTTP/1.1" 200 12 "http://192.168.60.79/manager-page/home-3.php" "Mozilla/5.0 (Windows NT 10.0; Win64; x64) AppleWebKit/537.36 (KHTML, like Gecko) Chrome/141.0.0.0 Safari/537.36 Edg/141.0.0.0"
172.16.36.181 - - [31/Oct/2025:08:29:33 +0800] "GET /manager-page/api/lp-status3.php HTTP/1.1" 200 1 "http://192.168.60.79/manager-page/home-3.php" "Mozilla/5.0 (Windows NT 10.0; Win64; x64) AppleWebKit/537.36 (KHTML, like Gecko) Chrome/141.0.0.0 Safari/537.36 Edg/141.0.0.0"
172.16.36.181 - - [31/Oct/2025:08:29:38 +0800] "GET /manager-page/api/snapshot.php?id=31&t=0.6350512341647215 HTTP/1.1" 200 50036 "http://192.168.60.79/manager-page/home-3.php" "Mozilla/5.0 (Windows NT 10.0; Win64; x64) AppleWebKit/537.36 (KHTML, like Gecko) Chrome/141.0.0.0 Safari/537.36 Edg/141.0.0.0"
172.16.36.181 - - [31/Oct/2025:08:29:38 +0800] "GET /manager-page/api/snapshot.php?id=32&t=0.6919838444013399 HTTP/1.1" 200 47750 "http://192.168.60.79/manager-page/home-3.php" "Mozilla/5.0 (Windows NT 10.0; Win64; x64) AppleWebKit/537.36 (KHTML, like Gecko) Chrome/141.0.0.0 Safari/537.36 Edg/141.0.0.0"
172.16.36.181 - - [31/Oct/2025:08:29:43 +0800] "GET /manager-page/api/snapshot.php?id=32&t=0.20873647765134218 HTTP/1.1" 200 47577 "http://192.168.60.79/manager-page/home-3.php" "Mozilla/5.0 (Windows NT 10.0; Win64; x64) AppleWebKit/537.36 (KHTML, like Gecko) Chrome/141.0.0.0 Safari/537.36 Edg/141.0.0.0"
172.16.36.181 - - [31/Oct/2025:08:29:43 +0800] "GET /manager-page/api/snapshot.php?id=31&t=0.9695652627888901 HTTP/1.1" 200 49965 "http://192.168.60.79/manager-page/home-3.php" "Mozilla/5.0 (Windows NT 10.0; Win64; x64) AppleWebKit/537.36 (KHTML, like Gecko) Chrome/141.0.0.0 Safari/537.36 Edg/141.0.0.0"
172.16.36.181 - - [31/Oct/2025:08:29:48 +0800] "GET /manager-page/api/snapshot.php?id=31&t=0.9844557276801561 HTTP/1.1" 200 49947 "http://192.168.60.79/manager-page/home-3.php" "Mozilla/5.0 (Windows NT 10.0; Win64; x64) AppleWebKit/537.36 (KHTML, like Gecko) Chrome/141.0.0.0 Safari/537.36 Edg/141.0.0.0"
172.16.36.181 - - [31/Oct/2025:08:29:48 +0800] "GET /manager-page/api/snapshot.php?id=32&t=0.4269991685382546 HTTP/1.1" 200 47684 "http://192.168.60.79/manager-page/home-3.php" "Mozilla/5.0 (Windows NT 10.0; Win64; x64) AppleWebKit/537.36 (KHTML, like Gecko) Chrome/141.0.0.0 Safari/537.36 Edg/141.0.0.0"
172.16.36.181 - - [31/Oct/2025:08:29:52 +0800] "GET /manager-page/alarm/2-1.jpg?t=1251438558 HTTP/1.1" 200 472504 "http://192.168.60.79/manager-page/home-2.php" "Mozilla/5.0 (Windows NT 10.0; Win64; x64) AppleWebKit/537.36 (KHTML, like Gecko) Chrome/141.0.0.0 Safari/537.36 Edg/141.0.0.0"
172.16.36.181 - - [31/Oct/2025:08:29:52 +0800] "GET /manager-page/alarm/2-2.jpg?t=2032615918 HTTP/1.1" 200 544111 "http://192.168.60.79/manager-page/home-2.php" "Mozilla/5.0 (Windows NT 10.0; Win64; x64) AppleWebKit/537.36 (KHTML, like Gecko) Chrome/141.0.0.0 Safari/537.36 Edg/141.0.0.0"
172.16.36.181 - - [31/Oct/2025:08:29:51 +0800] "GET /manager-page/home-2.php HTTP/1.1" 200 27470 "http://192.168.60.79/manager-page/home-3.php" "Mozilla/5.0 (Windows NT 10.0; Win64; x64) AppleWebKit/537.36 (KHTML, like Gecko) Chrome/141.0.0.0 Safari/537.36 Edg/141.0.0.0"
172.16.36.181 - - [31/Oct/2025:08:29:52 +0800] "GET /manager-page/api/snapshot.php?id=22 HTTP/1.1" 200 44929 "http://192.168.60.79/manager-page/home-2.php" "Mozilla/5.0 (Windows NT 10.0; Win64; x64) AppleWebKit/537.36 (KHTML, like Gecko) Chrome/141.0.0.0 Safari/537.36 Edg/141.0.0.0"
172.16.36.181 - - [31/Oct/2025:08:29:52 +0800] "GET /manager-page/api/snapshot.php?id=21 HTTP/1.1" 200 50930 "http://192.168.60.79/manager-page/home-2.php" "Mozilla/5.0 (Windows NT 10.0; Win64; x64) AppleWebKit/537.36 (KHTML, like Gecko) Chrome/141.0.0.0 Safari/537.36 Edg/141.0.0.0"
172.16.36.181 - - [31/Oct/2025:08:29:54 +0800] "GET /manager-page/api/lp-status2.php HTTP/1.1" 200 1 "http://192.168.60.79/manager-page/home-2.php" "Mozilla/5.0 (Windows NT 10.0; Win64; x64) AppleWebKit/537.36 (KHTML, like Gecko) Chrome/141.0.0.0 Safari/537.36 Edg/141.0.0.0"
172.16.36.181 - - [31/Oct/2025:08:29:54 +0800] "GET /manager-page/api/cms-status2.php HTTP/1.1" 200 12 "http://192.168.60.79/manager-page/home-2.php" "Mozilla/5.0 (Windows NT 10.0; Win64; x64) AppleWebKit/537.36 (KHTML, like Gecko) Chrome/141.0.0.0 Safari/537.36 Edg/141.0.0.0"
172.16.36.181 - - [31/Oct/2025:08:29:58 +0800] "GET /manager-page/alarm/1-1.jpg?t=1182377807 HTTP/1.1" 200 322868 "http://192.168.60.79/manager-page/home-1.php" "Mozilla/5.0 (Windows NT 10.0; Win64; x64) AppleWebKit/537.36 (KHTML, like Gecko) Chrome/141.0.0.0 Safari/537.36 Edg/141.0.0.0"
172.16.36.181 - - [31/Oct/2025:08:29:58 +0800] "GET /manager-page/alarm/1-2.jpg?t=1580563586 HTTP/1.1" 200 495492 "http://192.168.60.79/manager-page/home-1.php" "Mozilla/5.0 (Windows NT 10.0; Win64; x64) AppleWebKit/537.36 (KHTML, like Gecko) Chrome/141.0.0.0 Safari/537.36 Edg/141.0.0.0"
127.0.0.1 - - [31/Oct/2025:08:30:00 +0800] "GET /robot/alarm-history-in.php HTTP/1.1" 200 - "-" "python-requests/2.28.1"
172.16.36.181 - - [31/Oct/2025:08:29:58 +0800] "GET /manager-page/home-1.php HTTP/1.1" 200 27470 "http://192.168.60.79/manager-page/home-2.php" "Mozilla/5.0 (Windows NT 10.0; Win64; x64) AppleWebKit/537.36 (KHTML, like Gecko) Chrome/141.0.0.0 Safari/537.36 Edg/141.0.0.0"
172.16.36.181 - - [31/Oct/2025:08:29:58 +0800] "GET /manager-page/api/snapshot.php?id=11 HTTP/1.1" 200 37643 "http://192.168.60.79/manager-page/home-1.php" "Mozilla/5.0 (Windows NT 10.0; Win64; x64) AppleWebKit/537.36 (KHTML, like Gecko) Chrome/141.0.0.0 Safari/537.36 Edg/141.0.0.0"
172.16.36.181 - - [31/Oct/2025:08:29:58 +0800] "GET /manager-page/api/snapshot.php?id=12 HTTP/1.1" 200 26569 "http://192.168.60.79/manager-page/home-1.php" "Mozilla/5.0 (Windows NT 10.0; Win64; x64) AppleWebKit/537.36 (KHTML, like Gecko) Chrome/141.0.0.0 Safari/537.36 Edg/141.0.0.0"
172.16.36.181 - - [31/Oct/2025:08:30:00 +0800] "GET /manager-page/api/cms-status1.php HTTP/1.1" 200 12 "http://192.168.60.79/manager-page/home-1.php" "Mozilla/5.0 (Windows NT 10.0; Win64; x64) AppleWebKit/537.36 (KHTML, like Gecko) Chrome/141.0.0.0 Safari/537.36 Edg/141.0.0.0"
172.16.36.181 - - [31/Oct/2025:08:30:00 +0800] "GET /manager-page/api/lp-status1.php HTTP/1.1" 200 1 "http://192.168.60.79/manager-page/home-1.php" "Mozilla/5.0 (Windows NT 10.0; Win64; x64) AppleWebKit/537.36 (KHTML, like Gecko) Chrome/141.0.0.0 Safari/537.36 Edg/141.0.0.0"
172.16.36.181 - - [31/Oct/2025:08:30:05 +0800] "GET /manager-page/api/snapshot.php?id=11&t=0.5923848190856633 HTTP/1.1" 200 37418 "http://192.168.60.79/manager-page/home-1.php" "Mozilla/5.0 (Windows NT 10.0; Win64; x64) AppleWebKit/537.36 (KHTML, like Gecko) Chrome/141.0.0.0 Safari/537.36 Edg/141.0.0.0"
172.16.36.181 - - [31/Oct/2025:08:30:05 +0800] "GET /manager-page/api/snapshot.php?id=12&t=0.6428032316932151 HTTP/1.1" 200 26382 "http://192.168.60.79/manager-page/home-1.php" "Mozilla/5.0 (Windows NT 10.0; Win64; x64) AppleWebKit/537.36 (KHTML, like Gecko) Chrome/141.0.0.0 Safari/537.36 Edg/141.0.0.0"
172.16.36.181 - - [31/Oct/2025:08:30:10 +0800] "GET /manager-page/api/snapshot.php?id=12&t=0.5460813359442429 HTTP/1.1" 200 26403 "http://192.168.60.79/manager-page/home-1.php" "Mozilla/5.0 (Windows NT 10.0; Win64; x64) AppleWebKit/537.36 (KHTML, like Gecko) Chrome/141.0.0.0 Safari/537.36 Edg/141.0.0.0"
172.16.36.181 - - [31/Oct/2025:08:30:10 +0800] "GET /manager-page/api/snapshot.php?id=11&t=0.42258135928952156 HTTP/1.1" 200 37345 "http://192.168.60.79/manager-page/home-1.php" "Mozilla/5.0 (Windows NT 10.0; Win64; x64) AppleWebKit/537.36 (KHTML, like Gecko) Chrome/141.0.0.0 Safari/537.36 Edg/141.0.0.0"
172.16.36.181 - - [31/Oct/2025:08:30:16 +0800] "GET /manager-page/api/snapshot.php?id=11&t=0.44801385203900246 HTTP/1.1" 200 37218 "http://192.168.60.79/manager-page/home-1.php" "Mozilla/5.0 (Windows NT 10.0; Win64; x64) AppleWebKit/537.36 (KHTML, like Gecko) Chrome/141.0.0.0 Safari/537.36 Edg/141.0.0.0"
172.16.36.181 - - [31/Oct/2025:08:30:16 +0800] "GET /manager-page/api/snapshot.php?id=12&t=0.32775052386202463 HTTP/1.1" 200 26501 "http://192.168.60.79/manager-page/home-1.php" "Mozilla/5.0 (Windows NT 10.0; Win64; x64) AppleWebKit/537.36 (KHTML, like Gecko) Chrome/141.0.0.0 Safari/537.36 Edg/141.0.0.0"
172.16.36.181 - - [31/Oct/2025:08:30:21 +0800] "GET /manager-page/api/snapshot.php?id=11&t=0.324081593952415 HTTP/1.1" 200 37217 "http://192.168.60.79/manager-page/home-1.php" "Mozilla/5.0 (Windows NT 10.0; Win64; x64) AppleWebKit/537.36 (KHTML, like Gecko) Chrome/141.0.0.0 Safari/537.36 Edg/141.0.0.0"
172.16.36.181 - - [31/Oct/2025:08:30:21 +0800] "GET /manager-page/api/snapshot.php?id=12&t=0.34442607743444575 HTTP/1.1" 200 26383 "http://192.168.60.79/manager-page/home-1.php" "Mozilla/5.0 (Windows NT 10.0; Win64; x64) AppleWebKit/537.36 (KHTML, like Gecko) Chrome/141.0.0.0 Safari/537.36 Edg/141.0.0.0"
172.16.36.181 - - [31/Oct/2025:08:30:26 +0800] "GET /manager-page/api/snapshot.php?id=11&t=0.4760606824499247 HTTP/1.1" 200 37375 "http://192.168.60.79/manager-page/home-1.php" "Mozilla/5.0 (Windows NT 10.0; Win64; x64) AppleWebKit/537.36 (KHTML, like Gecko) Chrome/141.0.0.0 Safari/537.36 Edg/141.0.0.0"
172.16.36.181 - - [31/Oct/2025:08:30:26 +0800] "GET /manager-page/api/snapshot.php?id=12&t=0.90828523480402 HTTP/1.1" 200 26610 "http://192.168.60.79/manager-page/home-1.php" "Mozilla/5.0 (Windows NT 10.0; Win64; x64) AppleWebKit/537.36 (KHTML, like Gecko) Chrome/141.0.0.0 Safari/537.36 Edg/141.0.0.0"
172.16.36.181 - - [31/Oct/2025:08:30:31 +0800] "GET /manager-page/api/snapshot.php?id=12&t=0.03541047454484936 HTTP/1.1" 200 26582 "http://192.168.60.79/manager-page/home-1.php" "Mozilla/5.0 (Windows NT 10.0; Win64; x64) AppleWebKit/537.36 (KHTML, like Gecko) Chrome/141.0.0.0 Safari/537.36 Edg/141.0.0.0"
172.16.36.181 - - [31/Oct/2025:08:30:31 +0800] "GET /manager-page/api/snapshot.php?id=11&t=0.4632582551605692 HTTP/1.1" 200 37525 "http://192.168.60.79/manager-page/home-1.php" "Mozilla/5.0 (Windows NT 10.0; Win64; x64) AppleWebKit/537.36 (KHTML, like Gecko) Chrome/141.0.0.0 Safari/537.36 Edg/141.0.0.0"
172.16.36.181 - - [31/Oct/2025:08:30:36 +0800] "GET /manager-page/api/snapshot.php?id=12&t=0.18512911239355978 HTTP/1.1" 200 26093 "http://192.168.60.79/manager-page/home-1.php" "Mozilla/5.0 (Windows NT 10.0; Win64; x64) AppleWebKit/537.36 (KHTML, like Gecko) Chrome/141.0.0.0 Safari/537.36 Edg/141.0.0.0"
172.16.36.181 - - [31/Oct/2025:08:30:36 +0800] "GET /manager-page/api/snapshot.php?id=11&t=0.6712369715654528 HTTP/1.1" 200 36952 "http://192.168.60.79/manager-page/home-1.php" "Mozilla/5.0 (Windows NT 10.0; Win64; x64) AppleWebKit/537.36 (KHTML, like Gecko) Chrome/141.0.0.0 Safari/537.36 Edg/141.0.0.0"
172.16.36.181 - - [31/Oct/2025:08:30:41 +0800] "GET /manager-page/api/snapshot.php?id=11&t=0.012515965628707604 HTTP/1.1" 200 36729 "http://192.168.60.79/manager-page/home-1.php" "Mozilla/5.0 (Windows NT 10.0; Win64; x64) AppleWebKit/537.36 (KHTML, like Gecko) Chrome/141.0.0.0 Safari/537.36 Edg/141.0.0.0"
172.16.36.181 - - [31/Oct/2025:08:30:41 +0800] "GET /manager-page/api/snapshot.php?id=12&t=0.7664945015718411 HTTP/1.1" 200 25878 "http://192.168.60.79/manager-page/home-1.php" "Mozilla/5.0 (Windows NT 10.0; Win64; x64) AppleWebKit/537.36 (KHTML, like Gecko) Chrome/141.0.0.0 Safari/537.36 Edg/141.0.0.0"
172.16.36.181 - - [31/Oct/2025:08:30:46 +0800] "GET /manager-page/api/snapshot.php?id=11&t=0.8730069512708194 HTTP/1.1" 200 36989 "http://192.168.60.79/manager-page/home-1.php" "Mozilla/5.0 (Windows NT 10.0; Win64; x64) AppleWebKit/537.36 (KHTML, like Gecko) Chrome/141.0.0.0 Safari/537.36 Edg/141.0.0.0"
172.16.36.181 - - [31/Oct/2025:08:30:46 +0800] "GET /manager-page/api/snapshot.php?id=12&t=0.9848736410007868 HTTP/1.1" 200 25868 "http://192.168.60.79/manager-page/home-1.php" "Mozilla/5.0 (Windows NT 10.0; Win64; x64) AppleWebKit/537.36 (KHTML, like Gecko) Chrome/141.0.0.0 Safari/537.36 Edg/141.0.0.0"
172.16.36.181 - - [31/Oct/2025:08:30:51 +0800] "GET /manager-page/api/snapshot.php?id=11&t=0.25117759549347807 HTTP/1.1" 200 36622 "http://192.168.60.79/manager-page/home-1.php" "Mozilla/5.0 (Windows NT 10.0; Win64; x64) AppleWebKit/537.36 (KHTML, like Gecko) Chrome/141.0.0.0 Safari/537.36 Edg/141.0.0.0"
172.16.36.181 - - [31/Oct/2025:08:30:51 +0800] "GET /manager-page/api/snapshot.php?id=12&t=0.6754871683686264 HTTP/1.1" 200 26173 "http://192.168.60.79/manager-page/home-1.php" "Mozilla/5.0 (Windows NT 10.0; Win64; x64) AppleWebKit/537.36 (KHTML, like Gecko) Chrome/141.0.0.0 Safari/537.36 Edg/141.0.0.0"
172.16.36.181 - - [31/Oct/2025:08:30:56 +0800] "GET /manager-page/api/snapshot.php?id=11&t=0.30739255345662175 HTTP/1.1" 200 36691 "http://192.168.60.79/manager-page/home-1.php" "Mozilla/5.0 (Windows NT 10.0; Win64; x64) AppleWebKit/537.36 (KHTML, like Gecko) Chrome/141.0.0.0 Safari/537.36 Edg/141.0.0.0"
172.16.36.181 - - [31/Oct/2025:08:30:56 +0800] "GET /manager-page/api/snapshot.php?id=12&t=0.847323445006141 HTTP/1.1" 200 26054 "http://192.168.60.79/manager-page/home-1.php" "Mozilla/5.0 (Windows NT 10.0; Win64; x64) AppleWebKit/537.36 (KHTML, like Gecko) Chrome/141.0.0.0 Safari/537.36 Edg/141.0.0.0"
127.0.0.1 - - [31/Oct/2025:08:31:00 +0800] "GET /robot/alarm-history-in.php HTTP/1.1" 200 - "-" "python-requests/2.28.1"
172.16.36.181 - - [31/Oct/2025:08:31:01 +0800] "GET /manager-page/api/snapshot.php?id=11&t=0.14005538332565415 HTTP/1.1" 200 36730 "http://192.168.60.79/manager-page/home-1.php" "Mozilla/5.0 (Windows NT 10.0; Win64; x64) AppleWebKit/537.36 (KHTML, like Gecko) Chrome/141.0.0.0 Safari/537.36 Edg/141.0.0.0"
172.16.36.181 - - [31/Oct/2025:08:31:01 +0800] "GET /manager-page/api/snapshot.php?id=12&t=0.3814236645487037 HTTP/1.1" 500 - "http://192.168.60.79/manager-page/home-1.php" "Mozilla/5.0 (Windows NT 10.0; Win64; x64) AppleWebKit/537.36 (KHTML, like Gecko) Chrome/141.0.0.0 Safari/537.36 Edg/141.0.0.0"
172.16.36.181 - - [31/Oct/2025:08:31:06 +0800] "GET /manager-page/api/snapshot.php?id=11&t=0.12438170502909252 HTTP/1.1" 500 - "http://192.168.60.79/manager-page/home-1.php" "Mozilla/5.0 (Windows NT 10.0; Win64; x64) AppleWebKit/537.36 (KHTML, like Gecko) Chrome/141.0.0.0 Safari/537.36 Edg/141.0.0.0"
172.16.36.181 - - [31/Oct/2025:08:31:06 +0800] "GET /manager-page/api/snapshot.php?id=12&t=0.7307002271929066 HTTP/1.1" 500 - "http://192.168.60.79/manager-page/home-1.php" "Mozilla/5.0 (Windows NT 10.0; Win64; x64) AppleWebKit/537.36 (KHTML, like Gecko) Chrome/141.0.0.0 Safari/537.36 Edg/141.0.0.0"
172.16.36.181 - - [31/Oct/2025:08:31:11 +0800] "GET /manager-page/api/snapshot.php?id=12&t=0.881262055713105 HTTP/1.1" 500 - "http://192.168.60.79/manager-page/home-1.php" "Mozilla/5.0 (Windows NT 10.0; Win64; x64) AppleWebKit/537.36 (KHTML, like Gecko) Chrome/141.0.0.0 Safari/537.36 Edg/141.0.0.0"
172.16.36.181 - - [31/Oct/2025:08:31:11 +0800] "GET /manager-page/api/snapshot.php?id=11&t=0.705724962263782 HTTP/1.1" 500 - "http://192.168.60.79/manager-page/home-1.php" "Mozilla/5.0 (Windows NT 10.0; Win64; x64) AppleWebKit/537.36 (KHTML, like Gecko) Chrome/141.0.0.0 Safari/537.36 Edg/141.0.0.0"
172.16.36.181 - - [31/Oct/2025:08:31:31 +0800] "GET /manager-page/live/1-2.jpg HTTP/1.1" 200 26845 "http://192.168.60.79/manager-page/home-1.php" "Mozilla/5.0 (Windows NT 10.0; Win64; x64) AppleWebKit/537.36 (KHTML, like Gecko) Chrome/141.0.0.0 Safari/537.36 Edg/141.0.0.0"
172.16.36.181 - - [31/Oct/2025:08:31:33 +0800] "GET /manager-page/live/1-1.jpg HTTP/1.1" 200 38206 "http://192.168.60.79/manager-page/home-1.php" "Mozilla/5.0 (Windows NT 10.0; Win64; x64) AppleWebKit/537.36 (KHTML, like Gecko) Chrome/141.0.0.0 Safari/537.36 Edg/141.0.0.0"
127.0.0.1 - - [31/Oct/2025:08:32:00 +0800] "GET /robot/alarm-history-in.php HTTP/1.1" 200 - "-" "python-requests/2.28.1"
172.16.36.181 - - [31/Oct/2025:08:32:09 +0800] "GET /manager-page/api/snapshot.php?id=12&t=0.21958946403573132 HTTP/1.1" 200 26844 "http://192.168.60.79/manager-page/home-1.php" "Mozilla/5.0 (Windows NT 10.0; Win64; x64) AppleWebKit/537.36 (KHTML, like Gecko) Chrome/141.0.0.0 Safari/537.36 Edg/141.0.0.0"
111.70.30.250 - - [31/Oct/2025:08:31:59 +0800] "POST /robot/lora-in.php HTTP/1.1" 200 - "-" "python-requests/2.21.0"
172.16.36.181 - - [31/Oct/2025:08:32:09 +0800] "GET /manager-page/api/snapshot.php?id=11&t=0.21446578383455228 HTTP/1.1" 500 - "http://192.168.60.79/manager-page/home-1.php" "Mozilla/5.0 (Windows NT 10.0; Win64; x64) AppleWebKit/537.36 (KHTML, like Gecko) Chrome/141.0.0.0 Safari/537.36 Edg/141.0.0.0"
127.0.0.1 - - [31/Oct/2025:08:33:00 +0800] "GET /robot/alarm-history-in.php HTTP/1.1" 200 - "-" "python-requests/2.28.1"
111.70.30.252 - - [31/Oct/2025:08:32:56 +0800] "POST /robot/lora-in.php HTTP/1.1" 200 - "-" "python-requests/2.21.0"
172.16.36.181 - - [31/Oct/2025:08:33:09 +0800] "GET /manager-page/api/snapshot.php?id=11&t=0.6217560255815425 HTTP/1.1" 200 38230 "http://192.168.60.79/manager-page/home-1.php" "Mozilla/5.0 (Windows NT 10.0; Win64; x64) AppleWebKit/537.36 (KHTML, like Gecko) Chrome/141.0.0.0 Safari/537.36 Edg/141.0.0.0"
172.16.36.181 - - [31/Oct/2025:08:33:09 +0800] "GET /manager-page/api/snapshot.php?id=12&t=0.985651416383134 HTTP/1.1" 200 27247 "http://192.168.60.79/manager-page/home-1.php" "Mozilla/5.0 (Windows NT 10.0; Win64; x64) AppleWebKit/537.36 (KHTML, like Gecko) Chrome/141.0.0.0 Safari/537.36 Edg/141.0.0.0"
111.70.30.251 - - [31/Oct/2025:08:33:09 +0800] "POST /robot/lora-in.php HTTP/1.1" 200 - "-" "python-requests/2.21.0"
111.70.30.253 - - [31/Oct/2025:08:33:10 +0800] "POST /robot/lora-in.php HTTP/1.1" 200 - "-" "python-requests/2.21.0"
127.0.0.1 - - [31/Oct/2025:08:33:37 +0800] "GET /get-setting.json HTTP/1.1" 200 2314 "-" "python-requests/2.31.0"
127.0.0.1 - - [31/Oct/2025:08:33:37 +0800] "POST /robot/et-7026-in.php HTTP/1.1" 200 - "-" "python-requests/2.32.2"
127.0.0.1 - - [31/Oct/2025:08:33:45 +0800] "POST /robot/lora-in.php HTTP/1.1" 200 - "-" "python-requests/2.31.0"
127.0.0.1 - - [31/Oct/2025:08:34:00 +0800] "GET /robot/alarm-history-in.php HTTP/1.1" 200 - "-" "python-requests/2.28.1"
127.0.0.1 - - [31/Oct/2025:08:34:06 +0800] "POST /robot/et-7026-in.php HTTP/1.1" 200 - "-" "python-requests/2.32.2"
172.16.36.181 - - [31/Oct/2025:08:34:09 +0800] "GET /manager-page/api/snapshot.php?id=11&t=0.6123739479744039 HTTP/1.1" 200 38846 "http://192.168.60.79/manager-page/home-1.php" "Mozilla/5.0 (Windows NT 10.0; Win64; x64) AppleWebKit/537.36 (KHTML, like Gecko) Chrome/141.0.0.0 Safari/537.36 Edg/141.0.0.0"
127.0.0.1 - - [31/Oct/2025:08:33:59 +0800] "POST /robot/lora-in.php HTTP/1.1" 200 - "-" "python-requests/2.31.0"
172.16.36.181 - - [31/Oct/2025:08:34:09 +0800] "GET /manager-page/api/snapshot.php?id=12&t=0.7628278303303686 HTTP/1.1" 200 27425 "http://192.168.60.79/manager-page/home-1.php" "Mozilla/5.0 (Windows NT 10.0; Win64; x64) AppleWebKit/537.36 (KHTML, like Gecko) Chrome/141.0.0.0 Safari/537.36 Edg/141.0.0.0"
127.0.0.1 - - [31/Oct/2025:08:34:21 +0800] "POST /robot/lora-in.php HTTP/1.1" 200 - "-" "python-requests/2.31.0"
127.0.0.1 - - [31/Oct/2025:08:34:33 +0800] "POST /robot/lora-in.php HTTP/1.1" 200 - "-" "python-requests/2.31.0"
127.0.0.1 - - [31/Oct/2025:08:35:00 +0800] "GET /robot/alarm-history-in.php HTTP/1.1" 200 - "-" "python-requests/2.28.1"
127.0.0.1 - - [31/Oct/2025:08:34:54 +0800] "POST /robot/lora-in.php HTTP/1.1" 200 - "-" "python-requests/2.31.0"
172.16.36.181 - - [31/Oct/2025:08:35:09 +0800] "GET /manager-page/api/snapshot.php?id=11&t=0.043232361140893905 HTTP/1.1" 200 39268 "http://192.168.60.79/manager-page/home-1.php" "Mozilla/5.0 (Windows NT 10.0; Win64; x64) AppleWebKit/537.36 (KHTML, like Gecko) Chrome/141.0.0.0 Safari/537.36 Edg/141.0.0.0"
172.16.36.181 - - [31/Oct/2025:08:35:09 +0800] "GET /manager-page/api/snapshot.php?id=12&t=0.564554851908095 HTTP/1.1" 200 28631 "http://192.168.60.79/manager-page/home-1.php" "Mozilla/5.0 (Windows NT 10.0; Win64; x64) AppleWebKit/537.36 (KHTML, like Gecko) Chrome/141.0.0.0 Safari/537.36 Edg/141.0.0.0"
127.0.0.1 - - [31/Oct/2025:08:35:11 +0800] "POST /robot/lora-in.php HTTP/1.1" 200 - "-" "python-requests/2.31.0"
127.0.0.1 - - [31/Oct/2025:08:35:21 +0800] "POST /robot/lora-in.php HTTP/1.1" 200 - "-" "python-requests/2.31.0"
127.0.0.1 - - [31/Oct/2025:08:36:00 +0800] "GET /robot/alarm-history-in.php HTTP/1.1" 200 - "-" "python-requests/2.28.1"
172.16.36.181 - - [31/Oct/2025:08:36:09 +0800] "GET /manager-page/api/snapshot.php?id=12&t=0.8835028540998627 HTTP/1.1" 200 27341 "http://192.168.60.79/manager-page/home-1.php" "Mozilla/5.0 (Windows NT 10.0; Win64; x64) AppleWebKit/537.36 (KHTML, like Gecko) Chrome/141.0.0.0 Safari/537.36 Edg/141.0.0.0"
172.16.36.181 - - [31/Oct/2025:08:36:09 +0800] "GET /manager-page/api/snapshot.php?id=11&t=0.43188297240749385 HTTP/1.1" 200 39678 "http://192.168.60.79/manager-page/home-1.php" "Mozilla/5.0 (Windows NT 10.0; Win64; x64) AppleWebKit/537.36 (KHTML, like Gecko) Chrome/141.0.0.0 Safari/537.36 Edg/141.0.0.0"
127.0.0.1 - - [31/Oct/2025:08:36:41 +0800] "POST /robot/et-7026-in.php HTTP/1.1" 200 - "-" "python-requests/2.32.2"
127.0.0.1 - - [31/Oct/2025:08:37:00 +0800] "GET /robot/alarm-history-in.php HTTP/1.1" 200 - "-" "python-requests/2.28.1"
172.16.36.181 - - [31/Oct/2025:08:37:09 +0800] "GET /manager-page/api/snapshot.php?id=12&t=0.7959354949034798 HTTP/1.1" 200 27048 "http://192.168.60.79/manager-page/home-1.php" "Mozilla/5.0 (Windows NT 10.0; Win64; x64) AppleWebKit/537.36 (KHTML, like Gecko) Chrome/141.0.0.0 Safari/537.36 Edg/141.0.0.0"
172.16.36.181 - - [31/Oct/2025:08:37:09 +0800] "GET /manager-page/api/snapshot.php?id=11&t=0.96002739360622 HTTP/1.1" 200 40396 "http://192.168.60.79/manager-page/home-1.php" "Mozilla/5.0 (Windows NT 10.0; Win64; x64) AppleWebKit/537.36 (KHTML, like Gecko) Chrome/141.0.0.0 Safari/537.36 Edg/141.0.0.0"
127.0.0.1 - - [31/Oct/2025:08:38:00 +0800] "GET /robot/alarm-history-in.php HTTP/1.1" 200 - "-" "python-requests/2.28.1"
172.16.36.181 - - [31/Oct/2025:08:38:09 +0800] "GET /manager-page/api/snapshot.php?id=11&t=0.308284454479822 HTTP/1.1" 200 40720 "http://192.168.60.79/manager-page/home-1.php" "Mozilla/5.0 (Windows NT 10.0; Win64; x64) AppleWebKit/537.36 (KHTML, like Gecko) Chrome/141.0.0.0 Safari/537.36 Edg/141.0.0.0"
172.16.36.181 - - [31/Oct/2025:08:38:09 +0800] "GET /manager-page/api/snapshot.php?id=12&t=0.04379302920927408 HTTP/1.1" 200 27375 "http://192.168.60.79/manager-page/home-1.php" "Mozilla/5.0 (Windows NT 10.0; Win64; x64) AppleWebKit/537.36 (KHTML, like Gecko) Chrome/141.0.0.0 Safari/537.36 Edg/141.0.0.0"
127.0.0.1 - - [31/Oct/2025:08:39:00 +0800] "GET /robot/alarm-history-in.php HTTP/1.1" 200 - "-" "python-requests/2.28.1"
127.0.0.1 - - [31/Oct/2025:08:39:08 +0800] "POST /robot/et-7026-in.php HTTP/1.1" 200 - "-" "python-requests/2.32.2"
127.0.0.1 - - [31/Oct/2025:08:40:00 +0800] "GET /robot/alarm-history-in.php HTTP/1.1" 200 - "-" "python-requests/2.28.1"
111.70.30.250 - - [31/Oct/2025:08:40:34 +0800] "POST /robot/lora-in.php HTTP/1.1" 200 - "-" "python-requests/2.21.0"
127.0.0.1 - - [31/Oct/2025:08:41:00 +0800] "GET /robot/alarm-history-in.php HTTP/1.1" 200 - "-" "python-requests/2.28.1"
111.70.30.251 - - [31/Oct/2025:08:41:45 +0800] "POST /robot/lora-in.php HTTP/1.1" 200 - "-" "python-requests/2.21.0"
111.70.30.253 - - [31/Oct/2025:08:41:56 +0800] "POST /robot/lora-in.php HTTP/1.1" 200 - "-" "python-requests/2.21.0"
127.0.0.1 - - [31/Oct/2025:08:42:00 +0800] "GET /robot/alarm-history-in.php HTTP/1.1" 200 - "-" "python-requests/2.28.1"
111.70.30.252 - - [31/Oct/2025:08:42:09 +0800] "POST /robot/lora-in.php HTTP/1.1" 200 - "-" "python-requests/2.21.0"
127.0.0.1 - - [31/Oct/2025:08:43:00 +0800] "GET /robot/alarm-history-in.php HTTP/1.1" 200 - "-" "python-requests/2.28.1"
127.0.0.1 - - [31/Oct/2025:08:43:37 +0800] "GET /get-setting.json HTTP/1.1" 200 2314 "-" "python-requests/2.31.0"
127.0.0.1 - - [31/Oct/2025:08:43:38 +0800] "POST /robot/et-7026-in.php HTTP/1.1" 200 - "-" "python-requests/2.32.2"
127.0.0.1 - - [31/Oct/2025:08:43:46 +0800] "POST /robot/lora-in.php HTTP/1.1" 200 - "-" "python-requests/2.31.0"
127.0.0.1 - - [31/Oct/2025:08:43:51 +0800] "POST /robot/lora-in.php HTTP/1.1" 200 - "-" "python-requests/2.31.0"
127.0.0.1 - - [31/Oct/2025:08:43:59 +0800] "POST /robot/lora-in.php HTTP/1.1" 200 - "-" "python-requests/2.31.0"
127.0.0.1 - - [31/Oct/2025:08:44:00 +0800] "GET /robot/alarm-history-in.php HTTP/1.1" 200 - "-" "python-requests/2.28.1"
127.0.0.1 - - [31/Oct/2025:08:44:00 +0800] "POST /robot/lora-in.php HTTP/1.1" 200 - "-" "python-requests/2.31.0"
127.0.0.1 - - [31/Oct/2025:08:44:07 +0800] "POST /robot/lora-in.php HTTP/1.1" 200 - "-" "python-requests/2.31.0"
127.0.0.1 - - [31/Oct/2025:08:44:08 +0800] "POST /robot/et-7026-in.php HTTP/1.1" 200 - "-" "python-requests/2.32.2"
127.0.0.1 - - [31/Oct/2025:08:44:15 +0800] "POST /robot/lora-in.php HTTP/1.1" 200 - "-" "python-requests/2.31.0"
127.0.0.1 - - [31/Oct/2025:08:44:19 +0800] "POST /robot/lora-in.php HTTP/1.1" 200 - "-" "python-requests/2.31.0"
127.0.0.1 - - [31/Oct/2025:08:45:00 +0800] "GET /robot/alarm-history-in.php HTTP/1.1" 200 - "-" "python-requests/2.28.1"
127.0.0.1 - - [31/Oct/2025:08:46:00 +0800] "GET /robot/alarm-history-in.php HTTP/1.1" 200 - "-" "python-requests/2.28.1"
127.0.0.1 - - [31/Oct/2025:08:46:42 +0800] "POST /robot/et-7026-in.php HTTP/1.1" 200 - "-" "python-requests/2.32.2"
127.0.0.1 - - [31/Oct/2025:08:47:00 +0800] "GET /robot/alarm-history-in.php HTTP/1.1" 200 - "-" "python-requests/2.28.1"
127.0.0.1 - - [31/Oct/2025:08:48:00 +0800] "GET /robot/alarm-history-in.php HTTP/1.1" 200 - "-" "python-requests/2.28.1"
127.0.0.1 - - [31/Oct/2025:08:49:08 +0800] "POST /robot/et-7026-in.php HTTP/1.1" 200 - "-" "python-requests/2.32.2"
127.0.0.1 - - [31/Oct/2025:08:49:00 +0800] "GET /robot/alarm-history-in.php HTTP/1.1" 200 - "-" "python-requests/2.28.1"
111.70.30.250 - - [31/Oct/2025:08:49:15 +0800] "POST /robot/lora-in.php HTTP/1.1" 200 - "-" "python-requests/2.21.0"
127.0.0.1 - - [31/Oct/2025:08:50:00 +0800] "GET /robot/alarm-history-in.php HTTP/1.1" 200 - "-" "python-requests/2.28.1"
111.70.30.251 - - [31/Oct/2025:08:50:21 +0800] "POST /robot/lora-in.php HTTP/1.1" 200 - "-" "python-requests/2.21.0"
111.70.30.253 - - [31/Oct/2025:08:50:41 +0800] "POST /robot/lora-in.php HTTP/1.1" 200 - "-" "python-requests/2.21.0"
127.0.0.1 - - [31/Oct/2025:08:51:00 +0800] "GET /robot/alarm-history-in.php HTTP/1.1" 200 - "-" "python-requests/2.28.1"
111.70.30.252 - - [31/Oct/2025:08:51:21 +0800] "POST /robot/lora-in.php HTTP/1.1" 200 - "-" "python-requests/2.21.0"
127.0.0.1 - - [31/Oct/2025:08:52:00 +0800] "GET /robot/alarm-history-in.php HTTP/1.1" 200 - "-" "python-requests/2.28.1"
