127.0.0.1 - - [10/Mar/2025:13:48:45 +0800] "GET /manager-page/api/snapshot.php?id=21&t=0.10475037782525876 HTTP/1.1" 500 - "http://127.0.0.1/manager-page/home-2.php" "Mozilla/5.0 (Windows NT 10.0; Win64; x64) AppleWebKit/537.36 (KHTML, like Gecko) Chrome/119.0.0.0 Safari/537.36"
127.0.0.1 - - [10/Mar/2025:13:48:45 +0800] "GET /manager-page/api/snapshot.php?id=22&t=0.1240261497831534 HTTP/1.1" 500 - "http://127.0.0.1/manager-page/home-2.php" "Mozilla/5.0 (Windows NT 10.0; Win64; x64) AppleWebKit/537.36 (KHTML, like Gecko) Chrome/119.0.0.0 Safari/537.36"
127.0.0.1 - - [10/Mar/2025:13:48:50 +0800] "GET /manager-page/api/snapshot.php?id=21&t=0.6344170158152163 HTTP/1.1" 500 - "http://127.0.0.1/manager-page/home-2.php" "Mozilla/5.0 (Windows NT 10.0; Win64; x64) AppleWebKit/537.36 (KHTML, like Gecko) Chrome/119.0.0.0 Safari/537.36"
127.0.0.1 - - [10/Mar/2025:13:48:50 +0800] "GET /manager-page/api/snapshot.php?id=22&t=0.04626377974390539 HTTP/1.1" 500 - "http://127.0.0.1/manager-page/home-2.php" "Mozilla/5.0 (Windows NT 10.0; Win64; x64) AppleWebKit/537.36 (KHTML, like Gecko) Chrome/119.0.0.0 Safari/537.36"
127.0.0.1 - - [10/Mar/2025:13:49:00 +0800] "GET /robot/alarm-history-in.php HTTP/1.1" 200 - "-" "python-requests/2.28.1"
127.0.0.1 - - [10/Mar/2025:13:48:55 +0800] "GET /manager-page/api/snapshot.php?id=21&t=0.3896831024845213 HTTP/1.1" 500 - "http://127.0.0.1/manager-page/home-2.php" "Mozilla/5.0 (Windows NT 10.0; Win64; x64) AppleWebKit/537.36 (KHTML, like Gecko) Chrome/119.0.0.0 Safari/537.36"
127.0.0.1 - - [10/Mar/2025:13:48:55 +0800] "GET /manager-page/api/snapshot.php?id=22&t=0.09740930096143097 HTTP/1.1" 500 - "http://127.0.0.1/manager-page/home-2.php" "Mozilla/5.0 (Windows NT 10.0; Win64; x64) AppleWebKit/537.36 (KHTML, like Gecko) Chrome/119.0.0.0 Safari/537.36"
127.0.0.1 - - [10/Mar/2025:13:49:00 +0800] "GET /manager-page/api/snapshot.php?id=22&t=0.7709713980557651 HTTP/1.1" 200 45938 "http://127.0.0.1/manager-page/home-2.php" "Mozilla/5.0 (Windows NT 10.0; Win64; x64) AppleWebKit/537.36 (KHTML, like Gecko) Chrome/119.0.0.0 Safari/537.36"
127.0.0.1 - - [10/Mar/2025:13:49:00 +0800] "GET /manager-page/api/snapshot.php?id=21&t=0.046253018536987156 HTTP/1.1" 500 - "http://127.0.0.1/manager-page/home-2.php" "Mozilla/5.0 (Windows NT 10.0; Win64; x64) AppleWebKit/537.36 (KHTML, like Gecko) Chrome/119.0.0.0 Safari/537.36"
127.0.0.1 - - [10/Mar/2025:13:49:05 +0800] "GET /manager-page/api/snapshot.php?id=21&t=0.8018517511938101 HTTP/1.1" 500 - "http://127.0.0.1/manager-page/home-2.php" "Mozilla/5.0 (Windows NT 10.0; Win64; x64) AppleWebKit/537.36 (KHTML, like Gecko) Chrome/119.0.0.0 Safari/537.36"
127.0.0.1 - - [10/Mar/2025:13:49:05 +0800] "GET /manager-page/api/snapshot.php?id=22&t=0.7516743878185679 HTTP/1.1" 500 - "http://127.0.0.1/manager-page/home-2.php" "Mozilla/5.0 (Windows NT 10.0; Win64; x64) AppleWebKit/537.36 (KHTML, like Gecko) Chrome/119.0.0.0 Safari/537.36"
127.0.0.1 - - [10/Mar/2025:13:49:10 +0800] "GET /manager-page/api/snapshot.php?id=22&t=0.94322184716725 HTTP/1.1" 200 45936 "http://127.0.0.1/manager-page/home-2.php" "Mozilla/5.0 (Windows NT 10.0; Win64; x64) AppleWebKit/537.36 (KHTML, like Gecko) Chrome/119.0.0.0 Safari/537.36"
127.0.0.1 - - [10/Mar/2025:13:49:10 +0800] "GET /manager-page/api/snapshot.php?id=21&t=0.39113299969699167 HTTP/1.1" 500 - "http://127.0.0.1/manager-page/home-2.php" "Mozilla/5.0 (Windows NT 10.0; Win64; x64) AppleWebKit/537.36 (KHTML, like Gecko) Chrome/119.0.0.0 Safari/537.36"
127.0.0.1 - - [10/Mar/2025:13:49:15 +0800] "GET /manager-page/api/snapshot.php?id=22&t=0.5609956630834179 HTTP/1.1" 200 45970 "http://127.0.0.1/manager-page/home-2.php" "Mozilla/5.0 (Windows NT 10.0; Win64; x64) AppleWebKit/537.36 (KHTML, like Gecko) Chrome/119.0.0.0 Safari/537.36"
127.0.0.1 - - [10/Mar/2025:13:49:15 +0800] "GET /manager-page/api/snapshot.php?id=21&t=0.7967772924719463 HTTP/1.1" 500 - "http://127.0.0.1/manager-page/home-2.php" "Mozilla/5.0 (Windows NT 10.0; Win64; x64) AppleWebKit/537.36 (KHTML, like Gecko) Chrome/119.0.0.0 Safari/537.36"
127.0.0.1 - - [10/Mar/2025:13:49:20 +0800] "GET /manager-page/api/snapshot.php?id=22&t=0.21127074751599917 HTTP/1.1" 500 - "http://127.0.0.1/manager-page/home-2.php" "Mozilla/5.0 (Windows NT 10.0; Win64; x64) AppleWebKit/537.36 (KHTML, like Gecko) Chrome/119.0.0.0 Safari/537.36"
127.0.0.1 - - [10/Mar/2025:13:49:20 +0800] "GET /manager-page/api/snapshot.php?id=21&t=0.7583004862447693 HTTP/1.1" 500 - "http://127.0.0.1/manager-page/home-2.php" "Mozilla/5.0 (Windows NT 10.0; Win64; x64) AppleWebKit/537.36 (KHTML, like Gecko) Chrome/119.0.0.0 Safari/537.36"
127.0.0.1 - - [10/Mar/2025:13:49:25 +0800] "GET /manager-page/api/snapshot.php?id=22&t=0.5885940760706758 HTTP/1.1" 200 45988 "http://127.0.0.1/manager-page/home-2.php" "Mozilla/5.0 (Windows NT 10.0; Win64; x64) AppleWebKit/537.36 (KHTML, like Gecko) Chrome/119.0.0.0 Safari/537.36"
127.0.0.1 - - [10/Mar/2025:13:49:25 +0800] "GET /manager-page/api/snapshot.php?id=21&t=0.34790202095300526 HTTP/1.1" 500 - "http://127.0.0.1/manager-page/home-2.php" "Mozilla/5.0 (Windows NT 10.0; Win64; x64) AppleWebKit/537.36 (KHTML, like Gecko) Chrome/119.0.0.0 Safari/537.36"
127.0.0.1 - - [10/Mar/2025:13:49:31 +0800] "GET /manager-page/api/snapshot.php?id=21&t=0.21830927970126357 HTTP/1.1" 500 - "http://127.0.0.1/manager-page/home-2.php" "Mozilla/5.0 (Windows NT 10.0; Win64; x64) AppleWebKit/537.36 (KHTML, like Gecko) Chrome/119.0.0.0 Safari/537.36"
127.0.0.1 - - [10/Mar/2025:13:49:31 +0800] "GET /manager-page/api/snapshot.php?id=22&t=0.5360034892707046 HTTP/1.1" 500 - "http://127.0.0.1/manager-page/home-2.php" "Mozilla/5.0 (Windows NT 10.0; Win64; x64) AppleWebKit/537.36 (KHTML, like Gecko) Chrome/119.0.0.0 Safari/537.36"
127.0.0.1 - - [10/Mar/2025:13:49:36 +0800] "GET /manager-page/api/snapshot.php?id=22&t=0.9658038543999106 HTTP/1.1" 200 46001 "http://127.0.0.1/manager-page/home-2.php" "Mozilla/5.0 (Windows NT 10.0; Win64; x64) AppleWebKit/537.36 (KHTML, like Gecko) Chrome/119.0.0.0 Safari/537.36"
127.0.0.1 - - [10/Mar/2025:13:49:36 +0800] "GET /manager-page/api/snapshot.php?id=21&t=0.5564978349182221 HTTP/1.1" 500 - "http://127.0.0.1/manager-page/home-2.php" "Mozilla/5.0 (Windows NT 10.0; Win64; x64) AppleWebKit/537.36 (KHTML, like Gecko) Chrome/119.0.0.0 Safari/537.36"
127.0.0.1 - - [10/Mar/2025:13:49:45 +0800] "POST /robot/et-7026-in.php HTTP/1.1" 200 - "-" "python-requests/2.32.2"
127.0.0.1 - - [10/Mar/2025:13:49:41 +0800] "GET /manager-page/api/snapshot.php?id=21&t=0.18552414617250923 HTTP/1.1" 500 - "http://127.0.0.1/manager-page/home-2.php" "Mozilla/5.0 (Windows NT 10.0; Win64; x64) AppleWebKit/537.36 (KHTML, like Gecko) Chrome/119.0.0.0 Safari/537.36"
127.0.0.1 - - [10/Mar/2025:13:49:41 +0800] "GET /manager-page/api/snapshot.php?id=22&t=0.3593210595362448 HTTP/1.1" 500 - "http://127.0.0.1/manager-page/home-2.php" "Mozilla/5.0 (Windows NT 10.0; Win64; x64) AppleWebKit/537.36 (KHTML, like Gecko) Chrome/119.0.0.0 Safari/537.36"
127.0.0.1 - - [10/Mar/2025:13:49:46 +0800] "GET /manager-page/api/snapshot.php?id=22&t=0.9199006788080326 HTTP/1.1" 500 - "http://127.0.0.1/manager-page/home-2.php" "Mozilla/5.0 (Windows NT 10.0; Win64; x64) AppleWebKit/537.36 (KHTML, like Gecko) Chrome/119.0.0.0 Safari/537.36"
127.0.0.1 - - [10/Mar/2025:13:49:46 +0800] "GET /manager-page/api/snapshot.php?id=21&t=0.5039786051610382 HTTP/1.1" 500 - "http://127.0.0.1/manager-page/home-2.php" "Mozilla/5.0 (Windows NT 10.0; Win64; x64) AppleWebKit/537.36 (KHTML, like Gecko) Chrome/119.0.0.0 Safari/537.36"
127.0.0.1 - - [10/Mar/2025:13:49:51 +0800] "GET /manager-page/api/snapshot.php?id=21&t=0.9511097190006248 HTTP/1.1" 500 - "http://127.0.0.1/manager-page/home-2.php" "Mozilla/5.0 (Windows NT 10.0; Win64; x64) AppleWebKit/537.36 (KHTML, like Gecko) Chrome/119.0.0.0 Safari/537.36"
127.0.0.1 - - [10/Mar/2025:13:49:51 +0800] "GET /manager-page/api/snapshot.php?id=22&t=0.6492553642908949 HTTP/1.1" 500 - "http://127.0.0.1/manager-page/home-2.php" "Mozilla/5.0 (Windows NT 10.0; Win64; x64) AppleWebKit/537.36 (KHTML, like Gecko) Chrome/119.0.0.0 Safari/537.36"
127.0.0.1 - - [10/Mar/2025:13:49:56 +0800] "GET /manager-page/api/snapshot.php?id=22&t=0.31166106671930827 HTTP/1.1" 200 45885 "http://127.0.0.1/manager-page/home-2.php" "Mozilla/5.0 (Windows NT 10.0; Win64; x64) AppleWebKit/537.36 (KHTML, like Gecko) Chrome/119.0.0.0 Safari/537.36"
127.0.0.1 - - [10/Mar/2025:13:50:00 +0800] "GET /robot/alarm-history-in.php HTTP/1.1" 200 - "-" "python-requests/2.28.1"
127.0.0.1 - - [10/Mar/2025:13:49:56 +0800] "GET /manager-page/api/snapshot.php?id=21&t=0.42778780721322596 HTTP/1.1" 500 - "http://127.0.0.1/manager-page/home-2.php" "Mozilla/5.0 (Windows NT 10.0; Win64; x64) AppleWebKit/537.36 (KHTML, like Gecko) Chrome/119.0.0.0 Safari/537.36"
127.0.0.1 - - [10/Mar/2025:13:50:01 +0800] "GET /manager-page/api/snapshot.php?id=22&t=0.7187493949765915 HTTP/1.1" 200 45926 "http://127.0.0.1/manager-page/home-2.php" "Mozilla/5.0 (Windows NT 10.0; Win64; x64) AppleWebKit/537.36 (KHTML, like Gecko) Chrome/119.0.0.0 Safari/537.36"
127.0.0.1 - - [10/Mar/2025:13:50:01 +0800] "GET /manager-page/api/snapshot.php?id=21&t=0.08029177355015893 HTTP/1.1" 500 - "http://127.0.0.1/manager-page/home-2.php" "Mozilla/5.0 (Windows NT 10.0; Win64; x64) AppleWebKit/537.36 (KHTML, like Gecko) Chrome/119.0.0.0 Safari/537.36"
127.0.0.1 - - [10/Mar/2025:13:50:06 +0800] "GET /manager-page/api/snapshot.php?id=21&t=0.2844407463576313 HTTP/1.1" 500 - "http://127.0.0.1/manager-page/home-2.php" "Mozilla/5.0 (Windows NT 10.0; Win64; x64) AppleWebKit/537.36 (KHTML, like Gecko) Chrome/119.0.0.0 Safari/537.36"
127.0.0.1 - - [10/Mar/2025:13:50:06 +0800] "GET /manager-page/api/snapshot.php?id=22&t=0.5953170542054753 HTTP/1.1" 500 - "http://127.0.0.1/manager-page/home-2.php" "Mozilla/5.0 (Windows NT 10.0; Win64; x64) AppleWebKit/537.36 (KHTML, like Gecko) Chrome/119.0.0.0 Safari/537.36"
127.0.0.1 - - [10/Mar/2025:13:50:11 +0800] "GET /manager-page/api/snapshot.php?id=21&t=0.5738841604285474 HTTP/1.1" 500 - "http://127.0.0.1/manager-page/home-2.php" "Mozilla/5.0 (Windows NT 10.0; Win64; x64) AppleWebKit/537.36 (KHTML, like Gecko) Chrome/119.0.0.0 Safari/537.36"
127.0.0.1 - - [10/Mar/2025:13:50:11 +0800] "GET /manager-page/api/snapshot.php?id=22&t=0.986314650136995 HTTP/1.1" 500 - "http://127.0.0.1/manager-page/home-2.php" "Mozilla/5.0 (Windows NT 10.0; Win64; x64) AppleWebKit/537.36 (KHTML, like Gecko) Chrome/119.0.0.0 Safari/537.36"
127.0.0.1 - - [10/Mar/2025:13:50:16 +0800] "GET /manager-page/api/snapshot.php?id=21&t=0.7152819454378208 HTTP/1.1" 500 - "http://127.0.0.1/manager-page/home-2.php" "Mozilla/5.0 (Windows NT 10.0; Win64; x64) AppleWebKit/537.36 (KHTML, like Gecko) Chrome/119.0.0.0 Safari/537.36"
127.0.0.1 - - [10/Mar/2025:13:50:16 +0800] "GET /manager-page/api/snapshot.php?id=22&t=0.22962754297498922 HTTP/1.1" 500 - "http://127.0.0.1/manager-page/home-2.php" "Mozilla/5.0 (Windows NT 10.0; Win64; x64) AppleWebKit/537.36 (KHTML, like Gecko) Chrome/119.0.0.0 Safari/537.36"
127.0.0.1 - - [10/Mar/2025:13:50:21 +0800] "GET /manager-page/api/snapshot.php?id=22&t=0.8789673714794928 HTTP/1.1" 200 46172 "http://127.0.0.1/manager-page/home-2.php" "Mozilla/5.0 (Windows NT 10.0; Win64; x64) AppleWebKit/537.36 (KHTML, like Gecko) Chrome/119.0.0.0 Safari/537.36"
127.0.0.1 - - [10/Mar/2025:13:50:21 +0800] "GET /manager-page/api/snapshot.php?id=21&t=0.3854412955559525 HTTP/1.1" 500 - "http://127.0.0.1/manager-page/home-2.php" "Mozilla/5.0 (Windows NT 10.0; Win64; x64) AppleWebKit/537.36 (KHTML, like Gecko) Chrome/119.0.0.0 Safari/537.36"
127.0.0.1 - - [10/Mar/2025:13:50:26 +0800] "GET /manager-page/api/snapshot.php?id=21&t=0.2387320691296695 HTTP/1.1" 500 - "http://127.0.0.1/manager-page/home-2.php" "Mozilla/5.0 (Windows NT 10.0; Win64; x64) AppleWebKit/537.36 (KHTML, like Gecko) Chrome/119.0.0.0 Safari/537.36"
127.0.0.1 - - [10/Mar/2025:13:50:26 +0800] "GET /manager-page/api/snapshot.php?id=22&t=0.7593563937058021 HTTP/1.1" 500 - "http://127.0.0.1/manager-page/home-2.php" "Mozilla/5.0 (Windows NT 10.0; Win64; x64) AppleWebKit/537.36 (KHTML, like Gecko) Chrome/119.0.0.0 Safari/537.36"
127.0.0.1 - - [10/Mar/2025:13:50:33 +0800] "GET /manager-page/live/2-1.jpg HTTP/1.1" 200 44356 "http://127.0.0.1/manager-page/home-2.php" "Mozilla/5.0 (Windows NT 10.0; Win64; x64) AppleWebKit/537.36 (KHTML, like Gecko) Chrome/119.0.0.0 Safari/537.36"
127.0.0.1 - - [10/Mar/2025:13:50:33 +0800] "GET /manager-page/live/2-2.jpg HTTP/1.1" 200 46132 "http://127.0.0.1/manager-page/home-2.php" "Mozilla/5.0 (Windows NT 10.0; Win64; x64) AppleWebKit/537.36 (KHTML, like Gecko) Chrome/119.0.0.0 Safari/537.36"
127.0.0.1 - - [10/Mar/2025:13:50:39 +0800] "POST /robot/et-7026-in.php HTTP/1.1" 200 - "-" "python-requests/2.32.2"
111.70.30.251 - - [10/Mar/2025:13:50:46 +0800] "POST /robot/lora-in.php HTTP/1.1" 200 - "-" "python-requests/2.21.0"
172.16.36.28 - - [10/Mar/2025:13:50:55 +0800] "GET /manager-page/home-1.php HTTP/1.1" 302 - "-" "Mozilla/5.0 (Windows NT 10.0; Win64; x64) AppleWebKit/537.36 (KHTML, like Gecko) Chrome/133.0.0.0 Safari/537.36 Edg/133.0.0.0"
172.16.36.28 - - [10/Mar/2025:13:50:55 +0800] "GET /manager-page/login.php HTTP/1.1" 200 2365 "-" "Mozilla/5.0 (Windows NT 10.0; Win64; x64) AppleWebKit/537.36 (KHTML, like Gecko) Chrome/133.0.0.0 Safari/537.36 Edg/133.0.0.0"
172.16.36.28 - - [10/Mar/2025:13:50:55 +0800] "GET /manager-page/css/w3-4.10.css HTTP/1.1" 200 23290 "http://192.168.60.79/manager-page/login.php" "Mozilla/5.0 (Windows NT 10.0; Win64; x64) AppleWebKit/537.36 (KHTML, like Gecko) Chrome/133.0.0.0 Safari/537.36 Edg/133.0.0.0"
172.16.36.28 - - [10/Mar/2025:13:50:55 +0800] "GET /manager-page/css/leaflet-1.9.3.css HTTP/1.1" 200 14655 "http://192.168.60.79/manager-page/login.php" "Mozilla/5.0 (Windows NT 10.0; Win64; x64) AppleWebKit/537.36 (KHTML, like Gecko) Chrome/133.0.0.0 Safari/537.36 Edg/133.0.0.0"
172.16.36.28 - - [10/Mar/2025:13:50:55 +0800] "GET /manager-page/js/jquery-3.6.0.js HTTP/1.1" 200 89502 "http://192.168.60.79/manager-page/login.php" "Mozilla/5.0 (Windows NT 10.0; Win64; x64) AppleWebKit/537.36 (KHTML, like Gecko) Chrome/133.0.0.0 Safari/537.36 Edg/133.0.0.0"
172.16.36.28 - - [10/Mar/2025:13:50:55 +0800] "GET /manager-page/js/chart-2.9.4.js HTTP/1.1" 200 226501 "http://192.168.60.79/manager-page/login.php" "Mozilla/5.0 (Windows NT 10.0; Win64; x64) AppleWebKit/537.36 (KHTML, like Gecko) Chrome/133.0.0.0 Safari/537.36 Edg/133.0.0.0"
172.16.36.28 - - [10/Mar/2025:13:50:55 +0800] "GET /manager-page/js/leaflet-1.9.3.js HTTP/1.1" 200 146720 "http://192.168.60.79/manager-page/login.php" "Mozilla/5.0 (Windows NT 10.0; Win64; x64) AppleWebKit/537.36 (KHTML, like Gecko) Chrome/133.0.0.0 Safari/537.36 Edg/133.0.0.0"
172.16.36.28 - - [10/Mar/2025:13:50:55 +0800] "GET /favicon.ico HTTP/1.1" 404 196 "http://192.168.60.79/manager-page/login.php" "Mozilla/5.0 (Windows NT 10.0; Win64; x64) AppleWebKit/537.36 (KHTML, like Gecko) Chrome/133.0.0.0 Safari/537.36 Edg/133.0.0.0"
172.16.36.28 - - [10/Mar/2025:13:50:59 +0800] "POST /manager-page/login.php HTTP/1.1" 302 - "http://192.168.60.79/manager-page/login.php" "Mozilla/5.0 (Windows NT 10.0; Win64; x64) AppleWebKit/537.36 (KHTML, like Gecko) Chrome/133.0.0.0 Safari/537.36 Edg/133.0.0.0"
172.16.36.28 - - [10/Mar/2025:13:50:59 +0800] "GET /manager-page/home.php HTTP/1.1" 302 - "http://192.168.60.79/manager-page/login.php" "Mozilla/5.0 (Windows NT 10.0; Win64; x64) AppleWebKit/537.36 (KHTML, like Gecko) Chrome/133.0.0.0 Safari/537.36 Edg/133.0.0.0"
172.16.36.28 - - [10/Mar/2025:13:50:59 +0800] "GET /manager-page/img/map-marker.png HTTP/1.1" 200 1752 "http://192.168.60.79/manager-page/home-1.php" "Mozilla/5.0 (Windows NT 10.0; Win64; x64) AppleWebKit/537.36 (KHTML, like Gecko) Chrome/133.0.0.0 Safari/537.36 Edg/133.0.0.0"
172.16.36.28 - - [10/Mar/2025:13:50:59 +0800] "GET /manager-page/alarm/1-2.jpg?t=406292908 HTTP/1.1" 200 282261 "http://192.168.60.79/manager-page/home-1.php" "Mozilla/5.0 (Windows NT 10.0; Win64; x64) AppleWebKit/537.36 (KHTML, like Gecko) Chrome/133.0.0.0 Safari/537.36 Edg/133.0.0.0"
172.16.36.28 - - [10/Mar/2025:13:50:59 +0800] "GET /manager-page/alarm/1-1.jpg?t=1532319487 HTTP/1.1" 200 322868 "http://192.168.60.79/manager-page/home-1.php" "Mozilla/5.0 (Windows NT 10.0; Win64; x64) AppleWebKit/537.36 (KHTML, like Gecko) Chrome/133.0.0.0 Safari/537.36 Edg/133.0.0.0"
172.16.36.28 - - [10/Mar/2025:13:50:59 +0800] "GET /manager-page/home-1.php HTTP/1.1" 200 27473 "http://192.168.60.79/manager-page/login.php" "Mozilla/5.0 (Windows NT 10.0; Win64; x64) AppleWebKit/537.36 (KHTML, like Gecko) Chrome/133.0.0.0 Safari/537.36 Edg/133.0.0.0"
172.16.36.28 - - [10/Mar/2025:13:51:00 +0800] "GET /manager-page/img/off1.png HTTP/1.1" 200 13532 "http://192.168.60.79/manager-page/home-1.php" "Mozilla/5.0 (Windows NT 10.0; Win64; x64) AppleWebKit/537.36 (KHTML, like Gecko) Chrome/133.0.0.0 Safari/537.36 Edg/133.0.0.0"
172.16.36.28 - - [10/Mar/2025:13:51:00 +0800] "GET /manager-page/img/locpic_01.jpg HTTP/1.1" 200 131024 "http://192.168.60.79/manager-page/home-1.php" "Mozilla/5.0 (Windows NT 10.0; Win64; x64) AppleWebKit/537.36 (KHTML, like Gecko) Chrome/133.0.0.0 Safari/537.36 Edg/133.0.0.0"
172.16.36.28 - - [10/Mar/2025:13:50:59 +0800] "GET /manager-page/api/snapshot.php?id=11 HTTP/1.1" 200 41654 "http://192.168.60.79/manager-page/home-1.php" "Mozilla/5.0 (Windows NT 10.0; Win64; x64) AppleWebKit/537.36 (KHTML, like Gecko) Chrome/133.0.0.0 Safari/537.36 Edg/133.0.0.0"
127.0.0.1 - - [10/Mar/2025:13:51:00 +0800] "GET /robot/alarm-history-in.php HTTP/1.1" 200 - "-" "python-requests/2.28.1"
172.16.36.28 - - [10/Mar/2025:13:50:59 +0800] "GET /manager-page/api/snapshot.php?id=12 HTTP/1.1" 200 41396 "http://192.168.60.79/manager-page/home-1.php" "Mozilla/5.0 (Windows NT 10.0; Win64; x64) AppleWebKit/537.36 (KHTML, like Gecko) Chrome/133.0.0.0 Safari/537.36 Edg/133.0.0.0"
172.16.36.28 - - [10/Mar/2025:13:51:00 +0800] "GET /manager-page/api/cms-status1.php HTTP/1.1" 200 12 "http://192.168.60.79/manager-page/home-1.php" "Mozilla/5.0 (Windows NT 10.0; Win64; x64) AppleWebKit/537.36 (KHTML, like Gecko) Chrome/133.0.0.0 Safari/537.36 Edg/133.0.0.0"
172.16.36.28 - - [10/Mar/2025:13:51:00 +0800] "GET /manager-page/api/lp-status1.php HTTP/1.1" 200 1 "http://192.168.60.79/manager-page/home-1.php" "Mozilla/5.0 (Windows NT 10.0; Win64; x64) AppleWebKit/537.36 (KHTML, like Gecko) Chrome/133.0.0.0 Safari/537.36 Edg/133.0.0.0"
172.16.36.28 - - [10/Mar/2025:13:51:01 +0800] "GET /manager-page/alarm/2-1.jpg?t=1554210464 HTTP/1.1" 200 339428 "http://192.168.60.79/manager-page/home-2.php" "Mozilla/5.0 (Windows NT 10.0; Win64; x64) AppleWebKit/537.36 (KHTML, like Gecko) Chrome/133.0.0.0 Safari/537.36 Edg/133.0.0.0"
172.16.36.28 - - [10/Mar/2025:13:51:01 +0800] "GET /manager-page/alarm/2-2.jpg?t=910735296 HTTP/1.1" 200 491657 "http://192.168.60.79/manager-page/home-2.php" "Mozilla/5.0 (Windows NT 10.0; Win64; x64) AppleWebKit/537.36 (KHTML, like Gecko) Chrome/133.0.0.0 Safari/537.36 Edg/133.0.0.0"
127.0.0.1 - - [10/Mar/2025:13:50:57 +0800] "GET /manager-page/api/snapshot.php?id=21&t=0.8132215958750106 HTTP/1.1" 200 - "http://127.0.0.1/manager-page/home-2.php" "Mozilla/5.0 (Windows NT 10.0; Win64; x64) AppleWebKit/537.36 (KHTML, like Gecko) Chrome/119.0.0.0 Safari/537.36"
127.0.0.1 - - [10/Mar/2025:13:50:57 +0800] "GET /manager-page/api/snapshot.php?id=22&t=0.19911207291340238 HTTP/1.1" 500 - "http://127.0.0.1/manager-page/home-2.php" "Mozilla/5.0 (Windows NT 10.0; Win64; x64) AppleWebKit/537.36 (KHTML, like Gecko) Chrome/119.0.0.0 Safari/537.36"
172.16.36.28 - - [10/Mar/2025:13:51:01 +0800] "GET /manager-page/home-2.php HTTP/1.1" 200 27467 "http://192.168.60.79/manager-page/home-1.php" "Mozilla/5.0 (Windows NT 10.0; Win64; x64) AppleWebKit/537.36 (KHTML, like Gecko) Chrome/133.0.0.0 Safari/537.36 Edg/133.0.0.0"
172.16.36.28 - - [10/Mar/2025:13:51:03 +0800] "GET /manager-page/img/locpic_02.jpg HTTP/1.1" 200 158513 "http://192.168.60.79/manager-page/home-2.php" "Mozilla/5.0 (Windows NT 10.0; Win64; x64) AppleWebKit/537.36 (KHTML, like Gecko) Chrome/133.0.0.0 Safari/537.36 Edg/133.0.0.0"
172.16.36.28 - - [10/Mar/2025:13:51:01 +0800] "GET /manager-page/api/snapshot.php?id=21 HTTP/1.1" 500 - "http://192.168.60.79/manager-page/home-2.php" "Mozilla/5.0 (Windows NT 10.0; Win64; x64) AppleWebKit/537.36 (KHTML, like Gecko) Chrome/133.0.0.0 Safari/537.36 Edg/133.0.0.0"
172.16.36.28 - - [10/Mar/2025:13:51:01 +0800] "GET /manager-page/api/snapshot.php?id=22 HTTP/1.1" 500 - "http://192.168.60.79/manager-page/home-2.php" "Mozilla/5.0 (Windows NT 10.0; Win64; x64) AppleWebKit/537.36 (KHTML, like Gecko) Chrome/133.0.0.0 Safari/537.36 Edg/133.0.0.0"
172.16.36.28 - - [10/Mar/2025:13:51:08 +0800] "GET /manager-page/live/2-2.jpg HTTP/1.1" 200 46132 "http://192.168.60.79/manager-page/home-2.php" "Mozilla/5.0 (Windows NT 10.0; Win64; x64) AppleWebKit/537.36 (KHTML, like Gecko) Chrome/133.0.0.0 Safari/537.36 Edg/133.0.0.0"
172.16.36.28 - - [10/Mar/2025:13:51:08 +0800] "GET /manager-page/live/2-1.jpg HTTP/1.1" 200 44356 "http://192.168.60.79/manager-page/home-2.php" "Mozilla/5.0 (Windows NT 10.0; Win64; x64) AppleWebKit/537.36 (KHTML, like Gecko) Chrome/133.0.0.0 Safari/537.36 Edg/133.0.0.0"
172.16.36.28 - - [10/Mar/2025:13:51:03 +0800] "GET /manager-page/api/cms-status2.php HTTP/1.1" 500 - "http://192.168.60.79/manager-page/home-2.php" "Mozilla/5.0 (Windows NT 10.0; Win64; x64) AppleWebKit/537.36 (KHTML, like Gecko) Chrome/133.0.0.0 Safari/537.36 Edg/133.0.0.0"
172.16.36.28 - - [10/Mar/2025:13:51:03 +0800] "GET /manager-page/api/lp-status2.php HTTP/1.1" 500 - "http://192.168.60.79/manager-page/home-2.php" "Mozilla/5.0 (Windows NT 10.0; Win64; x64) AppleWebKit/537.36 (KHTML, like Gecko) Chrome/133.0.0.0 Safari/537.36 Edg/133.0.0.0"
172.16.36.28 - - [10/Mar/2025:13:51:08 +0800] "GET /manager-page/api/snapshot.php?id=21&t=0.6815169406070365 HTTP/1.1" 500 - "http://192.168.60.79/manager-page/home-2.php" "Mozilla/5.0 (Windows NT 10.0; Win64; x64) AppleWebKit/537.36 (KHTML, like Gecko) Chrome/133.0.0.0 Safari/537.36 Edg/133.0.0.0"
172.16.36.28 - - [10/Mar/2025:13:51:08 +0800] "GET /manager-page/api/snapshot.php?id=22&t=0.19429214494587854 HTTP/1.1" 500 - "http://192.168.60.79/manager-page/home-2.php" "Mozilla/5.0 (Windows NT 10.0; Win64; x64) AppleWebKit/537.36 (KHTML, like Gecko) Chrome/133.0.0.0 Safari/537.36 Edg/133.0.0.0"
111.70.30.250 - - [10/Mar/2025:13:51:18 +0800] "POST /robot/lora-in.php HTTP/1.1" 200 - "-" "python-requests/2.21.0"
172.16.36.28 - - [10/Mar/2025:13:51:13 +0800] "GET /manager-page/api/snapshot.php?id=21&t=0.09630734074212377 HTTP/1.1" 500 - "http://192.168.60.79/manager-page/home-2.php" "Mozilla/5.0 (Windows NT 10.0; Win64; x64) AppleWebKit/537.36 (KHTML, like Gecko) Chrome/133.0.0.0 Safari/537.36 Edg/133.0.0.0"
172.16.36.28 - - [10/Mar/2025:13:51:13 +0800] "GET /manager-page/api/snapshot.php?id=22&t=0.8835446588733997 HTTP/1.1" 500 - "http://192.168.60.79/manager-page/home-2.php" "Mozilla/5.0 (Windows NT 10.0; Win64; x64) AppleWebKit/537.36 (KHTML, like Gecko) Chrome/133.0.0.0 Safari/537.36 Edg/133.0.0.0"
111.70.30.253 - - [10/Mar/2025:13:51:19 +0800] "POST /robot/lora-in.php HTTP/1.1" 200 - "-" "python-requests/2.21.0"
172.16.36.28 - - [10/Mar/2025:13:51:18 +0800] "GET /manager-page/api/snapshot.php?id=22&t=0.40873011306213547 HTTP/1.1" 500 - "http://192.168.60.79/manager-page/home-2.php" "Mozilla/5.0 (Windows NT 10.0; Win64; x64) AppleWebKit/537.36 (KHTML, like Gecko) Chrome/133.0.0.0 Safari/537.36 Edg/133.0.0.0"
172.16.36.28 - - [10/Mar/2025:13:51:18 +0800] "GET /manager-page/api/snapshot.php?id=21&t=0.2214678238269867 HTTP/1.1" 500 - "http://192.168.60.79/manager-page/home-2.php" "Mozilla/5.0 (Windows NT 10.0; Win64; x64) AppleWebKit/537.36 (KHTML, like Gecko) Chrome/133.0.0.0 Safari/537.36 Edg/133.0.0.0"
172.16.36.28 - - [10/Mar/2025:13:51:23 +0800] "GET /manager-page/api/snapshot.php?id=21&t=0.8577700310969325 HTTP/1.1" 500 - "http://192.168.60.79/manager-page/home-2.php" "Mozilla/5.0 (Windows NT 10.0; Win64; x64) AppleWebKit/537.36 (KHTML, like Gecko) Chrome/133.0.0.0 Safari/537.36 Edg/133.0.0.0"
172.16.36.28 - - [10/Mar/2025:13:51:23 +0800] "GET /manager-page/api/snapshot.php?id=22&t=0.33794044224352193 HTTP/1.1" 500 - "http://192.168.60.79/manager-page/home-2.php" "Mozilla/5.0 (Windows NT 10.0; Win64; x64) AppleWebKit/537.36 (KHTML, like Gecko) Chrome/133.0.0.0 Safari/537.36 Edg/133.0.0.0"
172.16.36.28 - - [10/Mar/2025:13:51:28 +0800] "GET /manager-page/api/snapshot.php?id=21&t=0.054290950741853194 HTTP/1.1" 500 - "http://192.168.60.79/manager-page/home-2.php" "Mozilla/5.0 (Windows NT 10.0; Win64; x64) AppleWebKit/537.36 (KHTML, like Gecko) Chrome/133.0.0.0 Safari/537.36 Edg/133.0.0.0"
172.16.36.28 - - [10/Mar/2025:13:51:28 +0800] "GET /manager-page/api/snapshot.php?id=22&t=0.08206025436183406 HTTP/1.1" 500 - "http://192.168.60.79/manager-page/home-2.php" "Mozilla/5.0 (Windows NT 10.0; Win64; x64) AppleWebKit/537.36 (KHTML, like Gecko) Chrome/133.0.0.0 Safari/537.36 Edg/133.0.0.0"
172.16.36.28 - - [10/Mar/2025:13:51:33 +0800] "GET /manager-page/api/snapshot.php?id=21&t=0.6445457627543942 HTTP/1.1" 500 - "http://192.168.60.79/manager-page/home-2.php" "Mozilla/5.0 (Windows NT 10.0; Win64; x64) AppleWebKit/537.36 (KHTML, like Gecko) Chrome/133.0.0.0 Safari/537.36 Edg/133.0.0.0"
172.16.36.28 - - [10/Mar/2025:13:51:33 +0800] "GET /manager-page/api/snapshot.php?id=22&t=0.027831162847609114 HTTP/1.1" 500 - "http://192.168.60.79/manager-page/home-2.php" "Mozilla/5.0 (Windows NT 10.0; Win64; x64) AppleWebKit/537.36 (KHTML, like Gecko) Chrome/133.0.0.0 Safari/537.36 Edg/133.0.0.0"
172.16.36.28 - - [10/Mar/2025:13:51:38 +0800] "GET /manager-page/api/snapshot.php?id=22&t=0.10679737413196388 HTTP/1.1" 200 45765 "http://192.168.60.79/manager-page/home-2.php" "Mozilla/5.0 (Windows NT 10.0; Win64; x64) AppleWebKit/537.36 (KHTML, like Gecko) Chrome/133.0.0.0 Safari/537.36 Edg/133.0.0.0"
172.16.36.28 - - [10/Mar/2025:13:51:38 +0800] "GET /manager-page/api/snapshot.php?id=21&t=0.323513858396147 HTTP/1.1" 500 - "http://192.168.60.79/manager-page/home-2.php" "Mozilla/5.0 (Windows NT 10.0; Win64; x64) AppleWebKit/537.36 (KHTML, like Gecko) Chrome/133.0.0.0 Safari/537.36 Edg/133.0.0.0"
172.16.36.28 - - [10/Mar/2025:13:51:43 +0800] "GET /manager-page/api/snapshot.php?id=21&t=0.568930488144517 HTTP/1.1" 500 - "http://192.168.60.79/manager-page/home-2.php" "Mozilla/5.0 (Windows NT 10.0; Win64; x64) AppleWebKit/537.36 (KHTML, like Gecko) Chrome/133.0.0.0 Safari/537.36 Edg/133.0.0.0"
172.16.36.28 - - [10/Mar/2025:13:51:43 +0800] "GET /manager-page/api/snapshot.php?id=22&t=0.1168304193318146 HTTP/1.1" 500 - "http://192.168.60.79/manager-page/home-2.php" "Mozilla/5.0 (Windows NT 10.0; Win64; x64) AppleWebKit/537.36 (KHTML, like Gecko) Chrome/133.0.0.0 Safari/537.36 Edg/133.0.0.0"
172.16.36.28 - - [10/Mar/2025:13:51:48 +0800] "GET /manager-page/api/snapshot.php?id=21&t=0.06589098115280123 HTTP/1.1" 500 - "http://192.168.60.79/manager-page/home-2.php" "Mozilla/5.0 (Windows NT 10.0; Win64; x64) AppleWebKit/537.36 (KHTML, like Gecko) Chrome/133.0.0.0 Safari/537.36 Edg/133.0.0.0"
172.16.36.28 - - [10/Mar/2025:13:51:48 +0800] "GET /manager-page/api/snapshot.php?id=22&t=0.5939623812361079 HTTP/1.1" 500 - "http://192.168.60.79/manager-page/home-2.php" "Mozilla/5.0 (Windows NT 10.0; Win64; x64) AppleWebKit/537.36 (KHTML, like Gecko) Chrome/133.0.0.0 Safari/537.36 Edg/133.0.0.0"
172.16.36.28 - - [10/Mar/2025:13:51:53 +0800] "GET /manager-page/api/snapshot.php?id=22&t=0.47237532852207265 HTTP/1.1" 200 45752 "http://192.168.60.79/manager-page/home-2.php" "Mozilla/5.0 (Windows NT 10.0; Win64; x64) AppleWebKit/537.36 (KHTML, like Gecko) Chrome/133.0.0.0 Safari/537.36 Edg/133.0.0.0"
127.0.0.1 - - [10/Mar/2025:13:51:57 +0800] "GET /manager-page/api/snapshot.php?id=22&t=0.9841027773811175 HTTP/1.1" 200 45720 "http://127.0.0.1/manager-page/home-2.php" "Mozilla/5.0 (Windows NT 10.0; Win64; x64) AppleWebKit/537.36 (KHTML, like Gecko) Chrome/119.0.0.0 Safari/537.36"
172.16.36.28 - - [10/Mar/2025:13:51:53 +0800] "GET /manager-page/api/snapshot.php?id=21&t=0.5833773750558491 HTTP/1.1" 500 - "http://192.168.60.79/manager-page/home-2.php" "Mozilla/5.0 (Windows NT 10.0; Win64; x64) AppleWebKit/537.36 (KHTML, like Gecko) Chrome/133.0.0.0 Safari/537.36 Edg/133.0.0.0"
127.0.0.1 - - [10/Mar/2025:13:52:00 +0800] "GET /robot/alarm-history-in.php HTTP/1.1" 200 - "-" "python-requests/2.28.1"
127.0.0.1 - - [10/Mar/2025:13:51:57 +0800] "GET /manager-page/api/snapshot.php?id=21&t=0.6541743602752059 HTTP/1.1" 500 - "http://127.0.0.1/manager-page/home-2.php" "Mozilla/5.0 (Windows NT 10.0; Win64; x64) AppleWebKit/537.36 (KHTML, like Gecko) Chrome/119.0.0.0 Safari/537.36"
172.16.36.28 - - [10/Mar/2025:13:51:58 +0800] "GET /manager-page/api/snapshot.php?id=21&t=0.5873642544763191 HTTP/1.1" 500 - "http://192.168.60.79/manager-page/home-2.php" "Mozilla/5.0 (Windows NT 10.0; Win64; x64) AppleWebKit/537.36 (KHTML, like Gecko) Chrome/133.0.0.0 Safari/537.36 Edg/133.0.0.0"
172.16.36.28 - - [10/Mar/2025:13:51:58 +0800] "GET /manager-page/api/snapshot.php?id=22&t=0.7298061048585665 HTTP/1.1" 500 - "http://192.168.60.79/manager-page/home-2.php" "Mozilla/5.0 (Windows NT 10.0; Win64; x64) AppleWebKit/537.36 (KHTML, like Gecko) Chrome/133.0.0.0 Safari/537.36 Edg/133.0.0.0"
172.16.36.28 - - [10/Mar/2025:13:52:03 +0800] "GET /manager-page/api/snapshot.php?id=21&t=0.1720075609659104 HTTP/1.1" 500 - "http://192.168.60.79/manager-page/home-2.php" "Mozilla/5.0 (Windows NT 10.0; Win64; x64) AppleWebKit/537.36 (KHTML, like Gecko) Chrome/133.0.0.0 Safari/537.36 Edg/133.0.0.0"
172.16.36.28 - - [10/Mar/2025:13:52:03 +0800] "GET /manager-page/api/snapshot.php?id=22&t=0.06950825782975834 HTTP/1.1" 500 - "http://192.168.60.79/manager-page/home-2.php" "Mozilla/5.0 (Windows NT 10.0; Win64; x64) AppleWebKit/537.36 (KHTML, like Gecko) Chrome/133.0.0.0 Safari/537.36 Edg/133.0.0.0"
172.16.36.28 - - [10/Mar/2025:13:52:08 +0800] "GET /manager-page/api/snapshot.php?id=22&t=0.00716951802284127 HTTP/1.1" 200 45756 "http://192.168.60.79/manager-page/home-2.php" "Mozilla/5.0 (Windows NT 10.0; Win64; x64) AppleWebKit/537.36 (KHTML, like Gecko) Chrome/133.0.0.0 Safari/537.36 Edg/133.0.0.0"
172.16.36.28 - - [10/Mar/2025:13:52:08 +0800] "GET /manager-page/api/snapshot.php?id=21&t=0.33852200741697813 HTTP/1.1" 500 - "http://192.168.60.79/manager-page/home-2.php" "Mozilla/5.0 (Windows NT 10.0; Win64; x64) AppleWebKit/537.36 (KHTML, like Gecko) Chrome/133.0.0.0 Safari/537.36 Edg/133.0.0.0"
172.16.36.28 - - [10/Mar/2025:13:52:13 +0800] "GET /manager-page/api/snapshot.php?id=21&t=0.2316554096493293 HTTP/1.1" 500 - "http://192.168.60.79/manager-page/home-2.php" "Mozilla/5.0 (Windows NT 10.0; Win64; x64) AppleWebKit/537.36 (KHTML, like Gecko) Chrome/133.0.0.0 Safari/537.36 Edg/133.0.0.0"
172.16.36.28 - - [10/Mar/2025:13:52:13 +0800] "GET /manager-page/api/snapshot.php?id=22&t=0.8789214918378621 HTTP/1.1" 500 - "http://192.168.60.79/manager-page/home-2.php" "Mozilla/5.0 (Windows NT 10.0; Win64; x64) AppleWebKit/537.36 (KHTML, like Gecko) Chrome/133.0.0.0 Safari/537.36 Edg/133.0.0.0"
172.16.36.28 - - [10/Mar/2025:13:52:18 +0800] "GET /manager-page/api/snapshot.php?id=21&t=0.8766668113538145 HTTP/1.1" 500 - "http://192.168.60.79/manager-page/home-2.php" "Mozilla/5.0 (Windows NT 10.0; Win64; x64) AppleWebKit/537.36 (KHTML, like Gecko) Chrome/133.0.0.0 Safari/537.36 Edg/133.0.0.0"
172.16.36.28 - - [10/Mar/2025:13:52:18 +0800] "GET /manager-page/api/snapshot.php?id=22&t=0.5122055422728258 HTTP/1.1" 500 - "http://192.168.60.79/manager-page/home-2.php" "Mozilla/5.0 (Windows NT 10.0; Win64; x64) AppleWebKit/537.36 (KHTML, like Gecko) Chrome/133.0.0.0 Safari/537.36 Edg/133.0.0.0"
172.16.36.28 - - [10/Mar/2025:13:52:23 +0800] "GET /manager-page/api/snapshot.php?id=21&t=0.3876668216194681 HTTP/1.1" 500 - "http://192.168.60.79/manager-page/home-2.php" "Mozilla/5.0 (Windows NT 10.0; Win64; x64) AppleWebKit/537.36 (KHTML, like Gecko) Chrome/133.0.0.0 Safari/537.36 Edg/133.0.0.0"
172.16.36.28 - - [10/Mar/2025:13:52:23 +0800] "GET /manager-page/api/snapshot.php?id=22&t=0.6072787620781523 HTTP/1.1" 500 - "http://192.168.60.79/manager-page/home-2.php" "Mozilla/5.0 (Windows NT 10.0; Win64; x64) AppleWebKit/537.36 (KHTML, like Gecko) Chrome/133.0.0.0 Safari/537.36 Edg/133.0.0.0"
172.16.36.28 - - [10/Mar/2025:13:52:28 +0800] "GET /manager-page/api/snapshot.php?id=21&t=0.4589966003696724 HTTP/1.1" 500 - "http://192.168.60.79/manager-page/home-2.php" "Mozilla/5.0 (Windows NT 10.0; Win64; x64) AppleWebKit/537.36 (KHTML, like Gecko) Chrome/133.0.0.0 Safari/537.36 Edg/133.0.0.0"
172.16.36.28 - - [10/Mar/2025:13:52:28 +0800] "GET /manager-page/api/snapshot.php?id=22&t=0.09961282809329486 HTTP/1.1" 500 - "http://192.168.60.79/manager-page/home-2.php" "Mozilla/5.0 (Windows NT 10.0; Win64; x64) AppleWebKit/537.36 (KHTML, like Gecko) Chrome/133.0.0.0 Safari/537.36 Edg/133.0.0.0"
172.16.36.28 - - [10/Mar/2025:13:52:33 +0800] "GET /manager-page/api/snapshot.php?id=21&t=0.6314607624220472 HTTP/1.1" 500 - "http://192.168.60.79/manager-page/home-2.php" "Mozilla/5.0 (Windows NT 10.0; Win64; x64) AppleWebKit/537.36 (KHTML, like Gecko) Chrome/133.0.0.0 Safari/537.36 Edg/133.0.0.0"
172.16.36.28 - - [10/Mar/2025:13:52:33 +0800] "GET /manager-page/api/snapshot.php?id=22&t=0.7887957625962987 HTTP/1.1" 500 - "http://192.168.60.79/manager-page/home-2.php" "Mozilla/5.0 (Windows NT 10.0; Win64; x64) AppleWebKit/537.36 (KHTML, like Gecko) Chrome/133.0.0.0 Safari/537.36 Edg/133.0.0.0"
172.16.36.28 - - [10/Mar/2025:13:52:38 +0800] "GET /manager-page/api/snapshot.php?id=21&t=0.7296401050414885 HTTP/1.1" 500 - "http://192.168.60.79/manager-page/home-2.php" "Mozilla/5.0 (Windows NT 10.0; Win64; x64) AppleWebKit/537.36 (KHTML, like Gecko) Chrome/133.0.0.0 Safari/537.36 Edg/133.0.0.0"
172.16.36.28 - - [10/Mar/2025:13:52:38 +0800] "GET /manager-page/api/snapshot.php?id=22&t=0.324537530635842 HTTP/1.1" 500 - "http://192.168.60.79/manager-page/home-2.php" "Mozilla/5.0 (Windows NT 10.0; Win64; x64) AppleWebKit/537.36 (KHTML, like Gecko) Chrome/133.0.0.0 Safari/537.36 Edg/133.0.0.0"
172.16.36.28 - - [10/Mar/2025:13:52:43 +0800] "GET /manager-page/api/snapshot.php?id=21&t=0.9856144290171982 HTTP/1.1" 500 - "http://192.168.60.79/manager-page/home-2.php" "Mozilla/5.0 (Windows NT 10.0; Win64; x64) AppleWebKit/537.36 (KHTML, like Gecko) Chrome/133.0.0.0 Safari/537.36 Edg/133.0.0.0"
172.16.36.28 - - [10/Mar/2025:13:52:43 +0800] "GET /manager-page/api/snapshot.php?id=22&t=0.893503224464733 HTTP/1.1" 500 - "http://192.168.60.79/manager-page/home-2.php" "Mozilla/5.0 (Windows NT 10.0; Win64; x64) AppleWebKit/537.36 (KHTML, like Gecko) Chrome/133.0.0.0 Safari/537.36 Edg/133.0.0.0"
127.0.0.1 - - [10/Mar/2025:13:52:50 +0800] "POST /robot/et-7026-in.php HTTP/1.1" 200 - "-" "python-requests/2.32.2"
172.16.36.28 - - [10/Mar/2025:13:52:48 +0800] "GET /manager-page/api/snapshot.php?id=21&t=0.13831785112661876 HTTP/1.1" 500 - "http://192.168.60.79/manager-page/home-2.php" "Mozilla/5.0 (Windows NT 10.0; Win64; x64) AppleWebKit/537.36 (KHTML, like Gecko) Chrome/133.0.0.0 Safari/537.36 Edg/133.0.0.0"
172.16.36.28 - - [10/Mar/2025:13:52:48 +0800] "GET /manager-page/api/snapshot.php?id=22&t=0.21753536928084483 HTTP/1.1" 500 - "http://192.168.60.79/manager-page/home-2.php" "Mozilla/5.0 (Windows NT 10.0; Win64; x64) AppleWebKit/537.36 (KHTML, like Gecko) Chrome/133.0.0.0 Safari/537.36 Edg/133.0.0.0"
111.70.30.252 - - [10/Mar/2025:13:52:57 +0800] "POST /robot/lora-in.php HTTP/1.1" 200 - "-" "python-requests/2.21.0"
127.0.0.1 - - [10/Mar/2025:13:52:57 +0800] "GET /manager-page/api/snapshot.php?id=22&t=0.7661382896924824 HTTP/1.1" 200 45623 "http://127.0.0.1/manager-page/home-2.php" "Mozilla/5.0 (Windows NT 10.0; Win64; x64) AppleWebKit/537.36 (KHTML, like Gecko) Chrome/119.0.0.0 Safari/537.36"
172.16.36.28 - - [10/Mar/2025:13:52:53 +0800] "GET /manager-page/api/snapshot.php?id=21&t=0.30247704392150787 HTTP/1.1" 500 - "http://192.168.60.79/manager-page/home-2.php" "Mozilla/5.0 (Windows NT 10.0; Win64; x64) AppleWebKit/537.36 (KHTML, like Gecko) Chrome/133.0.0.0 Safari/537.36 Edg/133.0.0.0"
172.16.36.28 - - [10/Mar/2025:13:52:53 +0800] "GET /manager-page/api/snapshot.php?id=22&t=0.4905813966356911 HTTP/1.1" 500 - "http://192.168.60.79/manager-page/home-2.php" "Mozilla/5.0 (Windows NT 10.0; Win64; x64) AppleWebKit/537.36 (KHTML, like Gecko) Chrome/133.0.0.0 Safari/537.36 Edg/133.0.0.0"
127.0.0.1 - - [10/Mar/2025:13:53:00 +0800] "GET /robot/alarm-history-in.php HTTP/1.1" 200 - "-" "python-requests/2.28.1"
127.0.0.1 - - [10/Mar/2025:13:52:57 +0800] "GET /manager-page/api/snapshot.php?id=21&t=0.9647090036575423 HTTP/1.1" 500 - "http://127.0.0.1/manager-page/home-2.php" "Mozilla/5.0 (Windows NT 10.0; Win64; x64) AppleWebKit/537.36 (KHTML, like Gecko) Chrome/119.0.0.0 Safari/537.36"
172.16.36.28 - - [10/Mar/2025:13:52:58 +0800] "GET /manager-page/api/snapshot.php?id=22&t=0.2698106759668091 HTTP/1.1" 500 - "http://192.168.60.79/manager-page/home-2.php" "Mozilla/5.0 (Windows NT 10.0; Win64; x64) AppleWebKit/537.36 (KHTML, like Gecko) Chrome/133.0.0.0 Safari/537.36 Edg/133.0.0.0"
172.16.36.28 - - [10/Mar/2025:13:52:58 +0800] "GET /manager-page/api/snapshot.php?id=21&t=0.7742520527915899 HTTP/1.1" 500 - "http://192.168.60.79/manager-page/home-2.php" "Mozilla/5.0 (Windows NT 10.0; Win64; x64) AppleWebKit/537.36 (KHTML, like Gecko) Chrome/133.0.0.0 Safari/537.36 Edg/133.0.0.0"
172.16.36.28 - - [10/Mar/2025:13:53:03 +0800] "GET /manager-page/api/snapshot.php?id=21&t=0.5709101040852551 HTTP/1.1" 500 - "http://192.168.60.79/manager-page/home-2.php" "Mozilla/5.0 (Windows NT 10.0; Win64; x64) AppleWebKit/537.36 (KHTML, like Gecko) Chrome/133.0.0.0 Safari/537.36 Edg/133.0.0.0"
172.16.36.28 - - [10/Mar/2025:13:53:03 +0800] "GET /manager-page/api/snapshot.php?id=22&t=0.30872697766919055 HTTP/1.1" 500 - "http://192.168.60.79/manager-page/home-2.php" "Mozilla/5.0 (Windows NT 10.0; Win64; x64) AppleWebKit/537.36 (KHTML, like Gecko) Chrome/133.0.0.0 Safari/537.36 Edg/133.0.0.0"
172.16.36.28 - - [10/Mar/2025:13:53:08 +0800] "GET /manager-page/api/snapshot.php?id=21&t=0.11432632823472533 HTTP/1.1" 500 - "http://192.168.60.79/manager-page/home-2.php" "Mozilla/5.0 (Windows NT 10.0; Win64; x64) AppleWebKit/537.36 (KHTML, like Gecko) Chrome/133.0.0.0 Safari/537.36 Edg/133.0.0.0"
172.16.36.28 - - [10/Mar/2025:13:53:08 +0800] "GET /manager-page/api/snapshot.php?id=22&t=0.8127471815621203 HTTP/1.1" 500 - "http://192.168.60.79/manager-page/home-2.php" "Mozilla/5.0 (Windows NT 10.0; Win64; x64) AppleWebKit/537.36 (KHTML, like Gecko) Chrome/133.0.0.0 Safari/537.36 Edg/133.0.0.0"
172.16.36.28 - - [10/Mar/2025:13:53:13 +0800] "GET /manager-page/api/snapshot.php?id=21&t=0.9927743912892202 HTTP/1.1" 500 - "http://192.168.60.79/manager-page/home-2.php" "Mozilla/5.0 (Windows NT 10.0; Win64; x64) AppleWebKit/537.36 (KHTML, like Gecko) Chrome/133.0.0.0 Safari/537.36 Edg/133.0.0.0"
172.16.36.28 - - [10/Mar/2025:13:53:13 +0800] "GET /manager-page/api/snapshot.php?id=22&t=0.7510538019475745 HTTP/1.1" 500 - "http://192.168.60.79/manager-page/home-2.php" "Mozilla/5.0 (Windows NT 10.0; Win64; x64) AppleWebKit/537.36 (KHTML, like Gecko) Chrome/133.0.0.0 Safari/537.36 Edg/133.0.0.0"
172.16.36.28 - - [10/Mar/2025:13:53:18 +0800] "GET /manager-page/api/snapshot.php?id=22&t=0.37561842488377084 HTTP/1.1" 200 45625 "http://192.168.60.79/manager-page/home-2.php" "Mozilla/5.0 (Windows NT 10.0; Win64; x64) AppleWebKit/537.36 (KHTML, like Gecko) Chrome/133.0.0.0 Safari/537.36 Edg/133.0.0.0"
172.16.36.28 - - [10/Mar/2025:13:53:18 +0800] "GET /manager-page/api/snapshot.php?id=21&t=0.0986124460428992 HTTP/1.1" 500 - "http://192.168.60.79/manager-page/home-2.php" "Mozilla/5.0 (Windows NT 10.0; Win64; x64) AppleWebKit/537.36 (KHTML, like Gecko) Chrome/133.0.0.0 Safari/537.36 Edg/133.0.0.0"
172.16.36.28 - - [10/Mar/2025:13:53:23 +0800] "GET /manager-page/api/snapshot.php?id=21&t=0.42737437248883836 HTTP/1.1" 500 - "http://192.168.60.79/manager-page/home-2.php" "Mozilla/5.0 (Windows NT 10.0; Win64; x64) AppleWebKit/537.36 (KHTML, like Gecko) Chrome/133.0.0.0 Safari/537.36 Edg/133.0.0.0"
172.16.36.28 - - [10/Mar/2025:13:53:23 +0800] "GET /manager-page/api/snapshot.php?id=22&t=0.748964989086307 HTTP/1.1" 500 - "http://192.168.60.79/manager-page/home-2.php" "Mozilla/5.0 (Windows NT 10.0; Win64; x64) AppleWebKit/537.36 (KHTML, like Gecko) Chrome/133.0.0.0 Safari/537.36 Edg/133.0.0.0"
172.16.36.28 - - [10/Mar/2025:13:53:33 +0800] "GET /manager-page/api/snapshot.php?id=21&t=0.994813343728739 HTTP/1.1" 500 - "http://192.168.60.79/manager-page/home-2.php" "Mozilla/5.0 (Windows NT 10.0; Win64; x64) AppleWebKit/537.36 (KHTML, like Gecko) Chrome/133.0.0.0 Safari/537.36 Edg/133.0.0.0"
172.16.36.28 - - [10/Mar/2025:13:53:33 +0800] "GET /manager-page/api/snapshot.php?id=22&t=0.8674242045374192 HTTP/1.1" 500 - "http://192.168.60.79/manager-page/home-2.php" "Mozilla/5.0 (Windows NT 10.0; Win64; x64) AppleWebKit/537.36 (KHTML, like Gecko) Chrome/133.0.0.0 Safari/537.36 Edg/133.0.0.0"
127.0.0.1 - - [10/Mar/2025:13:54:00 +0800] "GET /robot/alarm-history-in.php HTTP/1.1" 200 - "-" "python-requests/2.28.1"
127.0.0.1 - - [10/Mar/2025:13:53:57 +0800] "GET /manager-page/api/snapshot.php?id=21&t=0.707202020970048 HTTP/1.1" 500 - "http://127.0.0.1/manager-page/home-2.php" "Mozilla/5.0 (Windows NT 10.0; Win64; x64) AppleWebKit/537.36 (KHTML, like Gecko) Chrome/119.0.0.0 Safari/537.36"
127.0.0.1 - - [10/Mar/2025:13:53:57 +0800] "GET /manager-page/api/snapshot.php?id=22&t=0.8301889475804487 HTTP/1.1" 500 - "http://127.0.0.1/manager-page/home-2.php" "Mozilla/5.0 (Windows NT 10.0; Win64; x64) AppleWebKit/537.36 (KHTML, like Gecko) Chrome/119.0.0.0 Safari/537.36"
127.0.0.1 - - [10/Mar/2025:13:54:02 +0800] "GET /manager-page/live/2-2.jpg HTTP/1.1" 304 - "http://127.0.0.1/manager-page/home-2.php" "Mozilla/5.0 (Windows NT 10.0; Win64; x64) AppleWebKit/537.36 (KHTML, like Gecko) Chrome/119.0.0.0 Safari/537.36"
172.16.36.28 - - [10/Mar/2025:13:54:33 +0800] "GET /manager-page/api/snapshot.php?id=21&t=0.9396643415936028 HTTP/1.1" 200 - "http://192.168.60.79/manager-page/home-2.php" "Mozilla/5.0 (Windows NT 10.0; Win64; x64) AppleWebKit/537.36 (KHTML, like Gecko) Chrome/133.0.0.0 Safari/537.36 Edg/133.0.0.0"
172.16.36.28 - - [10/Mar/2025:13:54:33 +0800] "GET /manager-page/api/snapshot.php?id=22&t=0.7625168476771351 HTTP/1.1" 500 - "http://192.168.60.79/manager-page/home-2.php" "Mozilla/5.0 (Windows NT 10.0; Win64; x64) AppleWebKit/537.36 (KHTML, like Gecko) Chrome/133.0.0.0 Safari/537.36 Edg/133.0.0.0"
111.70.30.251 - - [10/Mar/2025:13:54:44 +0800] "POST /robot/lora-in.php HTTP/1.1" 200 - "-" "python-requests/2.21.0"
127.0.0.1 - - [10/Mar/2025:13:54:47 +0800] "POST /robot/lora-in.php HTTP/1.1" 200 - "-" "python-requests/2.31.0"
127.0.0.1 - - [10/Mar/2025:13:54:54 +0800] "POST /robot/lora-in.php HTTP/1.1" 200 - "-" "python-requests/2.31.0"
127.0.0.1 - - [10/Mar/2025:13:55:00 +0800] "GET /robot/alarm-history-in.php HTTP/1.1" 200 - "-" "python-requests/2.28.1"
127.0.0.1 - - [10/Mar/2025:13:54:57 +0800] "GET /manager-page/api/snapshot.php?id=21&t=0.047398499064090105 HTTP/1.1" 500 - "http://127.0.0.1/manager-page/home-2.php" "Mozilla/5.0 (Windows NT 10.0; Win64; x64) AppleWebKit/537.36 (KHTML, like Gecko) Chrome/119.0.0.0 Safari/537.36"
127.0.0.1 - - [10/Mar/2025:13:54:57 +0800] "GET /manager-page/api/snapshot.php?id=22&t=0.38729080348295986 HTTP/1.1" 500 - "http://127.0.0.1/manager-page/home-2.php" "Mozilla/5.0 (Windows NT 10.0; Win64; x64) AppleWebKit/537.36 (KHTML, like Gecko) Chrome/119.0.0.0 Safari/537.36"
127.0.0.1 - - [10/Mar/2025:13:55:09 +0800] "POST /robot/lora-in.php HTTP/1.1" 200 - "-" "python-requests/2.31.0"
127.0.0.1 - - [10/Mar/2025:13:55:20 +0800] "POST /robot/lora-in.php HTTP/1.1" 200 - "-" "python-requests/2.31.0"
127.0.0.1 - - [10/Mar/2025:13:55:28 +0800] "POST /robot/lora-in.php HTTP/1.1" 200 - "-" "python-requests/2.31.0"
127.0.0.1 - - [10/Mar/2025:13:55:36 +0800] "POST /robot/lora-in.php HTTP/1.1" 200 - "-" "python-requests/2.31.0"
172.16.36.28 - - [10/Mar/2025:13:55:33 +0800] "GET /manager-page/api/snapshot.php?id=21&t=0.5564376999594807 HTTP/1.1" 500 - "http://192.168.60.79/manager-page/home-2.php" "Mozilla/5.0 (Windows NT 10.0; Win64; x64) AppleWebKit/537.36 (KHTML, like Gecko) Chrome/133.0.0.0 Safari/537.36 Edg/133.0.0.0"
172.16.36.28 - - [10/Mar/2025:13:55:33 +0800] "GET /manager-page/api/snapshot.php?id=22&t=0.0075908064457104185 HTTP/1.1" 500 - "http://192.168.60.79/manager-page/home-2.php" "Mozilla/5.0 (Windows NT 10.0; Win64; x64) AppleWebKit/537.36 (KHTML, like Gecko) Chrome/133.0.0.0 Safari/537.36 Edg/133.0.0.0"
127.0.0.1 - - [10/Mar/2025:13:55:45 +0800] "POST /robot/lora-in.php HTTP/1.1" 200 - "-" "python-requests/2.31.0"
127.0.0.1 - - [10/Mar/2025:13:56:00 +0800] "GET /robot/alarm-history-in.php HTTP/1.1" 200 - "-" "python-requests/2.28.1"
127.0.0.1 - - [10/Mar/2025:13:55:57 +0800] "GET /manager-page/api/snapshot.php?id=21&t=0.17214909339772566 HTTP/1.1" 500 - "http://127.0.0.1/manager-page/home-2.php" "Mozilla/5.0 (Windows NT 10.0; Win64; x64) AppleWebKit/537.36 (KHTML, like Gecko) Chrome/119.0.0.0 Safari/537.36"
127.0.0.1 - - [10/Mar/2025:13:55:57 +0800] "GET /manager-page/api/snapshot.php?id=22&t=0.10682896730856428 HTTP/1.1" 500 - "http://127.0.0.1/manager-page/home-2.php" "Mozilla/5.0 (Windows NT 10.0; Win64; x64) AppleWebKit/537.36 (KHTML, like Gecko) Chrome/119.0.0.0 Safari/537.36"
127.0.0.1 - - [10/Mar/2025:13:56:12 +0800] "POST /robot/et-7026-in.php HTTP/1.1" 200 - "-" "python-requests/2.32.2"
172.16.36.28 - - [10/Mar/2025:13:56:30 +0800] "GET /manager-page/api/snapshot.php?id=22&t=0.08798284256780997 HTTP/1.1" 200 45437 "http://192.168.60.79/manager-page/home-2.php" "Mozilla/5.0 (Windows NT 10.0; Win64; x64) AppleWebKit/537.36 (KHTML, like Gecko) Chrome/133.0.0.0 Safari/537.36 Edg/133.0.0.0"
172.16.36.28 - - [10/Mar/2025:13:56:30 +0800] "GET /manager-page/api/snapshot.php?id=21&t=0.332992297941868 HTTP/1.1" 500 - "http://192.168.60.79/manager-page/home-2.php" "Mozilla/5.0 (Windows NT 10.0; Win64; x64) AppleWebKit/537.36 (KHTML, like Gecko) Chrome/133.0.0.0 Safari/537.36 Edg/133.0.0.0"
172.16.36.28 - - [10/Mar/2025:13:56:33 +0800] "GET /manager-page/api/snapshot.php?id=22&t=0.1360447610247013 HTTP/1.1" 500 - "http://192.168.60.79/manager-page/home-2.php" "Mozilla/5.0 (Windows NT 10.0; Win64; x64) AppleWebKit/537.36 (KHTML, like Gecko) Chrome/133.0.0.0 Safari/537.36 Edg/133.0.0.0"
172.16.36.28 - - [10/Mar/2025:13:56:33 +0800] "GET /manager-page/api/snapshot.php?id=21&t=0.12462702746671939 HTTP/1.1" 500 - "http://192.168.60.79/manager-page/home-2.php" "Mozilla/5.0 (Windows NT 10.0; Win64; x64) AppleWebKit/537.36 (KHTML, like Gecko) Chrome/133.0.0.0 Safari/537.36 Edg/133.0.0.0"
172.16.36.28 - - [10/Mar/2025:13:56:38 +0800] "GET /manager-page/api/snapshot.php?id=22&t=0.5570354788851626 HTTP/1.1" 200 45404 "http://192.168.60.79/manager-page/home-2.php" "Mozilla/5.0 (Windows NT 10.0; Win64; x64) AppleWebKit/537.36 (KHTML, like Gecko) Chrome/133.0.0.0 Safari/537.36 Edg/133.0.0.0"
172.16.36.28 - - [10/Mar/2025:13:56:38 +0800] "GET /manager-page/api/snapshot.php?id=21&t=0.9142046977014351 HTTP/1.1" 500 - "http://192.168.60.79/manager-page/home-2.php" "Mozilla/5.0 (Windows NT 10.0; Win64; x64) AppleWebKit/537.36 (KHTML, like Gecko) Chrome/133.0.0.0 Safari/537.36 Edg/133.0.0.0"
172.16.36.28 - - [10/Mar/2025:13:56:43 +0800] "GET /manager-page/api/snapshot.php?id=22&t=0.7987905490073486 HTTP/1.1" 200 45459 "http://192.168.60.79/manager-page/home-2.php" "Mozilla/5.0 (Windows NT 10.0; Win64; x64) AppleWebKit/537.36 (KHTML, like Gecko) Chrome/133.0.0.0 Safari/537.36 Edg/133.0.0.0"
172.16.36.28 - - [10/Mar/2025:13:56:43 +0800] "GET /manager-page/api/snapshot.php?id=21&t=0.5344234613575805 HTTP/1.1" 500 - "http://192.168.60.79/manager-page/home-2.php" "Mozilla/5.0 (Windows NT 10.0; Win64; x64) AppleWebKit/537.36 (KHTML, like Gecko) Chrome/133.0.0.0 Safari/537.36 Edg/133.0.0.0"
172.16.36.28 - - [10/Mar/2025:13:56:48 +0800] "GET /manager-page/api/snapshot.php?id=21&t=0.7229998100753068 HTTP/1.1" 500 - "http://192.168.60.79/manager-page/home-2.php" "Mozilla/5.0 (Windows NT 10.0; Win64; x64) AppleWebKit/537.36 (KHTML, like Gecko) Chrome/133.0.0.0 Safari/537.36 Edg/133.0.0.0"
172.16.36.28 - - [10/Mar/2025:13:56:48 +0800] "GET /manager-page/api/snapshot.php?id=22&t=0.6355953029659485 HTTP/1.1" 500 - "http://192.168.60.79/manager-page/home-2.php" "Mozilla/5.0 (Windows NT 10.0; Win64; x64) AppleWebKit/537.36 (KHTML, like Gecko) Chrome/133.0.0.0 Safari/537.36 Edg/133.0.0.0"
172.16.36.28 - - [10/Mar/2025:13:56:53 +0800] "GET /manager-page/api/snapshot.php?id=22&t=0.3661623066194044 HTTP/1.1" 200 45551 "http://192.168.60.79/manager-page/home-2.php" "Mozilla/5.0 (Windows NT 10.0; Win64; x64) AppleWebKit/537.36 (KHTML, like Gecko) Chrome/133.0.0.0 Safari/537.36 Edg/133.0.0.0"
127.0.0.1 - - [10/Mar/2025:13:57:00 +0800] "GET /robot/alarm-history-in.php HTTP/1.1" 200 - "-" "python-requests/2.28.1"
127.0.0.1 - - [10/Mar/2025:13:56:57 +0800] "GET /manager-page/api/snapshot.php?id=22&t=0.1543407679946167 HTTP/1.1" 500 - "http://127.0.0.1/manager-page/home-2.php" "Mozilla/5.0 (Windows NT 10.0; Win64; x64) AppleWebKit/537.36 (KHTML, like Gecko) Chrome/119.0.0.0 Safari/537.36"
127.0.0.1 - - [10/Mar/2025:13:56:57 +0800] "GET /manager-page/api/snapshot.php?id=21&t=0.061145093728540933 HTTP/1.1" 500 - "http://127.0.0.1/manager-page/home-2.php" "Mozilla/5.0 (Windows NT 10.0; Win64; x64) AppleWebKit/537.36 (KHTML, like Gecko) Chrome/119.0.0.0 Safari/537.36"
172.16.36.28 - - [10/Mar/2025:13:56:53 +0800] "GET /manager-page/api/snapshot.php?id=21&t=0.9489755524862067 HTTP/1.1" 500 - "http://192.168.60.79/manager-page/home-2.php" "Mozilla/5.0 (Windows NT 10.0; Win64; x64) AppleWebKit/537.36 (KHTML, like Gecko) Chrome/133.0.0.0 Safari/537.36 Edg/133.0.0.0"
