127.0.0.1 - - [11/Apr/2025:09:30:44 +0800] "GET /manager-page/api/snapshot.php?id=22&t=0.17015682520601416 HTTP/1.1" 200 50657 "http://127.0.0.1/manager-page/home-2.php" "Mozilla/5.0 (Windows NT 10.0; Win64; x64) AppleWebKit/537.36 (KHTML, like Gecko) Chrome/119.0.0.0 Safari/537.36"
127.0.0.1 - - [11/Apr/2025:09:30:49 +0800] "GET /manager-page/api/snapshot.php?id=22&t=0.6601369677585158 HTTP/1.1" 200 50579 "http://127.0.0.1/manager-page/home-2.php" "Mozilla/5.0 (Windows NT 10.0; Win64; x64) AppleWebKit/537.36 (KHTML, like Gecko) Chrome/119.0.0.0 Safari/537.36"
127.0.0.1 - - [11/Apr/2025:09:30:49 +0800] "GET /manager-page/api/snapshot.php?id=21&t=0.7373381604227973 HTTP/1.1" 200 48256 "http://127.0.0.1/manager-page/home-2.php" "Mozilla/5.0 (Windows NT 10.0; Win64; x64) AppleWebKit/537.36 (KHTML, like Gecko) Chrome/119.0.0.0 Safari/537.36"
127.0.0.1 - - [11/Apr/2025:09:30:53 +0800] "GET /manager-page/api/snapshot.php?id=22&t=0.2988018970605588 HTTP/1.1" 200 50620 "http://127.0.0.1/manager-page/home-2.php" "Mozilla/5.0 (Windows NT 10.0; Win64; x64) AppleWebKit/537.36 (KHTML, like Gecko) Chrome/119.0.0.0 Safari/537.36"
127.0.0.1 - - [11/Apr/2025:09:30:53 +0800] "GET /manager-page/api/snapshot.php?id=21&t=0.12276351979001121 HTTP/1.1" 200 48321 "http://127.0.0.1/manager-page/home-2.php" "Mozilla/5.0 (Windows NT 10.0; Win64; x64) AppleWebKit/537.36 (KHTML, like Gecko) Chrome/119.0.0.0 Safari/537.36"
127.0.0.1 - - [11/Apr/2025:09:30:59 +0800] "GET /manager-page/api/snapshot.php?id=21&t=0.6296530897451589 HTTP/1.1" 200 48297 "http://127.0.0.1/manager-page/home-2.php" "Mozilla/5.0 (Windows NT 10.0; Win64; x64) AppleWebKit/537.36 (KHTML, like Gecko) Chrome/119.0.0.0 Safari/537.36"
127.0.0.1 - - [11/Apr/2025:09:30:59 +0800] "GET /manager-page/api/snapshot.php?id=22&t=0.7988780894329952 HTTP/1.1" 200 50748 "http://127.0.0.1/manager-page/home-2.php" "Mozilla/5.0 (Windows NT 10.0; Win64; x64) AppleWebKit/537.36 (KHTML, like Gecko) Chrome/119.0.0.0 Safari/537.36"
127.0.0.1 - - [11/Apr/2025:09:31:00 +0800] "GET /robot/alarm-history-in.php HTTP/1.1" 200 - "-" "python-requests/2.28.1"
127.0.0.1 - - [11/Apr/2025:09:31:03 +0800] "GET /manager-page/api/snapshot.php?id=22&t=0.14024511335926548 HTTP/1.1" 200 50595 "http://127.0.0.1/manager-page/home-2.php" "Mozilla/5.0 (Windows NT 10.0; Win64; x64) AppleWebKit/537.36 (KHTML, like Gecko) Chrome/119.0.0.0 Safari/537.36"
127.0.0.1 - - [11/Apr/2025:09:31:03 +0800] "GET /manager-page/api/snapshot.php?id=21&t=0.6592224563670239 HTTP/1.1" 200 48183 "http://127.0.0.1/manager-page/home-2.php" "Mozilla/5.0 (Windows NT 10.0; Win64; x64) AppleWebKit/537.36 (KHTML, like Gecko) Chrome/119.0.0.0 Safari/537.36"
111.70.30.253 - - [11/Apr/2025:09:31:08 +0800] "POST /robot/lora-in.php HTTP/1.1" 200 - "-" "python-requests/2.21.0"
127.0.0.1 - - [11/Apr/2025:09:31:09 +0800] "GET /manager-page/api/snapshot.php?id=21&t=0.35338554592984806 HTTP/1.1" 200 48222 "http://127.0.0.1/manager-page/home-2.php" "Mozilla/5.0 (Windows NT 10.0; Win64; x64) AppleWebKit/537.36 (KHTML, like Gecko) Chrome/119.0.0.0 Safari/537.36"
127.0.0.1 - - [11/Apr/2025:09:31:09 +0800] "GET /manager-page/api/snapshot.php?id=22&t=0.2878496870996199 HTTP/1.1" 200 50647 "http://127.0.0.1/manager-page/home-2.php" "Mozilla/5.0 (Windows NT 10.0; Win64; x64) AppleWebKit/537.36 (KHTML, like Gecko) Chrome/119.0.0.0 Safari/537.36"
127.0.0.1 - - [11/Apr/2025:09:31:13 +0800] "GET /manager-page/api/snapshot.php?id=22&t=0.4774041504836819 HTTP/1.1" 200 52010 "http://127.0.0.1/manager-page/home-2.php" "Mozilla/5.0 (Windows NT 10.0; Win64; x64) AppleWebKit/537.36 (KHTML, like Gecko) Chrome/119.0.0.0 Safari/537.36"
127.0.0.1 - - [11/Apr/2025:09:31:13 +0800] "GET /manager-page/api/snapshot.php?id=21&t=0.45753626846803974 HTTP/1.1" 200 48890 "http://127.0.0.1/manager-page/home-2.php" "Mozilla/5.0 (Windows NT 10.0; Win64; x64) AppleWebKit/537.36 (KHTML, like Gecko) Chrome/119.0.0.0 Safari/537.36"
127.0.0.1 - - [11/Apr/2025:09:31:19 +0800] "GET /manager-page/api/snapshot.php?id=21&t=0.5406475688538908 HTTP/1.1" 200 47103 "http://127.0.0.1/manager-page/home-2.php" "Mozilla/5.0 (Windows NT 10.0; Win64; x64) AppleWebKit/537.36 (KHTML, like Gecko) Chrome/119.0.0.0 Safari/537.36"
127.0.0.1 - - [11/Apr/2025:09:31:19 +0800] "GET /manager-page/api/snapshot.php?id=22&t=0.8708354452385536 HTTP/1.1" 200 50702 "http://127.0.0.1/manager-page/home-2.php" "Mozilla/5.0 (Windows NT 10.0; Win64; x64) AppleWebKit/537.36 (KHTML, like Gecko) Chrome/119.0.0.0 Safari/537.36"
127.0.0.1 - - [11/Apr/2025:09:31:23 +0800] "GET /manager-page/api/snapshot.php?id=21&t=0.9296803145978054 HTTP/1.1" 200 48192 "http://127.0.0.1/manager-page/home-2.php" "Mozilla/5.0 (Windows NT 10.0; Win64; x64) AppleWebKit/537.36 (KHTML, like Gecko) Chrome/119.0.0.0 Safari/537.36"
127.0.0.1 - - [11/Apr/2025:09:31:23 +0800] "GET /manager-page/api/snapshot.php?id=22&t=0.3602623265081366 HTTP/1.1" 200 50677 "http://127.0.0.1/manager-page/home-2.php" "Mozilla/5.0 (Windows NT 10.0; Win64; x64) AppleWebKit/537.36 (KHTML, like Gecko) Chrome/119.0.0.0 Safari/537.36"
127.0.0.1 - - [11/Apr/2025:09:31:29 +0800] "GET /manager-page/api/snapshot.php?id=21&t=0.3264446120377229 HTTP/1.1" 200 48199 "http://127.0.0.1/manager-page/home-2.php" "Mozilla/5.0 (Windows NT 10.0; Win64; x64) AppleWebKit/537.36 (KHTML, like Gecko) Chrome/119.0.0.0 Safari/537.36"
127.0.0.1 - - [11/Apr/2025:09:31:29 +0800] "GET /manager-page/api/snapshot.php?id=22&t=0.552192629765172 HTTP/1.1" 200 50628 "http://127.0.0.1/manager-page/home-2.php" "Mozilla/5.0 (Windows NT 10.0; Win64; x64) AppleWebKit/537.36 (KHTML, like Gecko) Chrome/119.0.0.0 Safari/537.36"
127.0.0.1 - - [11/Apr/2025:09:31:33 +0800] "GET /manager-page/api/snapshot.php?id=21&t=0.8278621496338701 HTTP/1.1" 200 48191 "http://127.0.0.1/manager-page/home-2.php" "Mozilla/5.0 (Windows NT 10.0; Win64; x64) AppleWebKit/537.36 (KHTML, like Gecko) Chrome/119.0.0.0 Safari/537.36"
127.0.0.1 - - [11/Apr/2025:09:31:33 +0800] "GET /manager-page/api/snapshot.php?id=22&t=0.39632192057578663 HTTP/1.1" 200 50714 "http://127.0.0.1/manager-page/home-2.php" "Mozilla/5.0 (Windows NT 10.0; Win64; x64) AppleWebKit/537.36 (KHTML, like Gecko) Chrome/119.0.0.0 Safari/537.36"
127.0.0.1 - - [11/Apr/2025:09:31:39 +0800] "GET /manager-page/api/snapshot.php?id=21&t=0.43022773820962734 HTTP/1.1" 200 48166 "http://127.0.0.1/manager-page/home-2.php" "Mozilla/5.0 (Windows NT 10.0; Win64; x64) AppleWebKit/537.36 (KHTML, like Gecko) Chrome/119.0.0.0 Safari/537.36"
127.0.0.1 - - [11/Apr/2025:09:31:39 +0800] "GET /manager-page/api/snapshot.php?id=22&t=0.5149467076249996 HTTP/1.1" 200 50726 "http://127.0.0.1/manager-page/home-2.php" "Mozilla/5.0 (Windows NT 10.0; Win64; x64) AppleWebKit/537.36 (KHTML, like Gecko) Chrome/119.0.0.0 Safari/537.36"
111.70.30.251 - - [11/Apr/2025:09:31:58 +0800] "POST /robot/lora-in.php HTTP/1.1" 200 - "-" "python-requests/2.21.0"
127.0.0.1 - - [11/Apr/2025:09:32:00 +0800] "GET /robot/alarm-history-in.php HTTP/1.1" 200 - "-" "python-requests/2.28.1"
111.70.30.251 - - [11/Apr/2025:09:32:19 +0800] "POST /robot/lora-in.php HTTP/1.1" 200 - "-" "python-requests/2.21.0"
127.0.0.1 - - [11/Apr/2025:09:32:40 +0800] "GET /manager-page/api/snapshot.php?id=21&t=0.49749899592097235 HTTP/1.1" 200 48258 "http://127.0.0.1/manager-page/home-2.php" "Mozilla/5.0 (Windows NT 10.0; Win64; x64) AppleWebKit/537.36 (KHTML, like Gecko) Chrome/119.0.0.0 Safari/537.36"
127.0.0.1 - - [11/Apr/2025:09:32:40 +0800] "GET /manager-page/api/snapshot.php?id=22&t=0.0065630661010203095 HTTP/1.1" 200 50658 "http://127.0.0.1/manager-page/home-2.php" "Mozilla/5.0 (Windows NT 10.0; Win64; x64) AppleWebKit/537.36 (KHTML, like Gecko) Chrome/119.0.0.0 Safari/537.36"
111.70.30.251 - - [11/Apr/2025:09:32:59 +0800] "POST /robot/lora-in.php HTTP/1.1" 200 - "-" "python-requests/2.21.0"
127.0.0.1 - - [11/Apr/2025:09:33:00 +0800] "GET /robot/alarm-history-in.php HTTP/1.1" 200 - "-" "python-requests/2.28.1"
127.0.0.1 - - [11/Apr/2025:09:33:36 +0800] "POST /robot/et-7026-in.php HTTP/1.1" 200 - "-" "python-requests/2.32.2"
127.0.0.1 - - [11/Apr/2025:09:33:38 +0800] "POST /robot/et-7026-in.php HTTP/1.1" 200 - "-" "python-requests/2.32.2"
127.0.0.1 - - [11/Apr/2025:09:33:41 +0800] "GET /manager-page/api/snapshot.php?id=21&t=0.44334924945255594 HTTP/1.1" 200 48217 "http://127.0.0.1/manager-page/home-2.php" "Mozilla/5.0 (Windows NT 10.0; Win64; x64) AppleWebKit/537.36 (KHTML, like Gecko) Chrome/119.0.0.0 Safari/537.36"
127.0.0.1 - - [11/Apr/2025:09:33:41 +0800] "GET /manager-page/api/snapshot.php?id=22&t=0.3868774268104693 HTTP/1.1" 200 50685 "http://127.0.0.1/manager-page/home-2.php" "Mozilla/5.0 (Windows NT 10.0; Win64; x64) AppleWebKit/537.36 (KHTML, like Gecko) Chrome/119.0.0.0 Safari/537.36"
127.0.0.1 - - [11/Apr/2025:09:33:47 +0800] "POST /robot/et-7026-in.php HTTP/1.1" 200 - "-" "python-requests/2.32.2"
127.0.0.1 - - [11/Apr/2025:09:33:55 +0800] "POST /robot/et-7026-in.php HTTP/1.1" 200 - "-" "python-requests/2.32.2"
127.0.0.1 - - [11/Apr/2025:09:34:00 +0800] "GET /robot/alarm-history-in.php HTTP/1.1" 200 - "-" "python-requests/2.28.1"
111.70.30.250 - - [11/Apr/2025:09:34:07 +0800] "POST /robot/lora-in.php HTTP/1.1" 200 - "-" "python-requests/2.21.0"
127.0.0.1 - - [11/Apr/2025:09:34:42 +0800] "GET /manager-page/api/snapshot.php?id=21&t=0.22110428425267004 HTTP/1.1" 200 48207 "http://127.0.0.1/manager-page/home-2.php" "Mozilla/5.0 (Windows NT 10.0; Win64; x64) AppleWebKit/537.36 (KHTML, like Gecko) Chrome/119.0.0.0 Safari/537.36"
127.0.0.1 - - [11/Apr/2025:09:34:42 +0800] "GET /manager-page/api/snapshot.php?id=22&t=0.81897753953037 HTTP/1.1" 200 50726 "http://127.0.0.1/manager-page/home-2.php" "Mozilla/5.0 (Windows NT 10.0; Win64; x64) AppleWebKit/537.36 (KHTML, like Gecko) Chrome/119.0.0.0 Safari/537.36"
111.70.30.252 - - [11/Apr/2025:09:34:46 +0800] "POST /robot/lora-in.php HTTP/1.1" 200 - "-" "python-requests/2.21.0"
127.0.0.1 - - [11/Apr/2025:09:35:00 +0800] "GET /robot/alarm-history-in.php HTTP/1.1" 200 - "-" "python-requests/2.28.1"
127.0.0.1 - - [11/Apr/2025:09:35:41 +0800] "GET /manager-page/api/snapshot.php?id=22&t=0.8073064488490567 HTTP/1.1" 200 50684 "http://127.0.0.1/manager-page/home-2.php" "Mozilla/5.0 (Windows NT 10.0; Win64; x64) AppleWebKit/537.36 (KHTML, like Gecko) Chrome/119.0.0.0 Safari/537.36"
127.0.0.1 - - [11/Apr/2025:09:35:41 +0800] "GET /manager-page/api/snapshot.php?id=21&t=0.29234929564309664 HTTP/1.1" 200 48168 "http://127.0.0.1/manager-page/home-2.php" "Mozilla/5.0 (Windows NT 10.0; Win64; x64) AppleWebKit/537.36 (KHTML, like Gecko) Chrome/119.0.0.0 Safari/537.36"
127.0.0.1 - - [11/Apr/2025:09:36:00 +0800] "GET /robot/alarm-history-in.php HTTP/1.1" 200 - "-" "python-requests/2.28.1"
111.70.30.251 - - [11/Apr/2025:09:36:18 +0800] "POST /robot/lora-in.php HTTP/1.1" 200 - "-" "python-requests/2.21.0"
127.0.0.1 - - [11/Apr/2025:09:36:42 +0800] "GET /manager-page/api/snapshot.php?id=21&t=0.5635620449777277 HTTP/1.1" 200 48494 "http://127.0.0.1/manager-page/home-2.php" "Mozilla/5.0 (Windows NT 10.0; Win64; x64) AppleWebKit/537.36 (KHTML, like Gecko) Chrome/119.0.0.0 Safari/537.36"
127.0.0.1 - - [11/Apr/2025:09:36:43 +0800] "GET /manager-page/api/snapshot.php?id=22&t=0.25916327383050874 HTTP/1.1" 200 50745 "http://127.0.0.1/manager-page/home-2.php" "Mozilla/5.0 (Windows NT 10.0; Win64; x64) AppleWebKit/537.36 (KHTML, like Gecko) Chrome/119.0.0.0 Safari/537.36"
127.0.0.1 - - [11/Apr/2025:09:37:00 +0800] "GET /robot/alarm-history-in.php HTTP/1.1" 200 - "-" "python-requests/2.28.1"
127.0.0.1 - - [11/Apr/2025:09:37:41 +0800] "GET /manager-page/api/snapshot.php?id=21&t=0.7512079562627545 HTTP/1.1" 200 48555 "http://127.0.0.1/manager-page/home-2.php" "Mozilla/5.0 (Windows NT 10.0; Win64; x64) AppleWebKit/537.36 (KHTML, like Gecko) Chrome/119.0.0.0 Safari/537.36"
127.0.0.1 - - [11/Apr/2025:09:37:41 +0800] "GET /manager-page/api/snapshot.php?id=22&t=0.09298796479176041 HTTP/1.1" 200 50686 "http://127.0.0.1/manager-page/home-2.php" "Mozilla/5.0 (Windows NT 10.0; Win64; x64) AppleWebKit/537.36 (KHTML, like Gecko) Chrome/119.0.0.0 Safari/537.36"
127.0.0.1 - - [11/Apr/2025:09:38:00 +0800] "GET /robot/alarm-history-in.php HTTP/1.1" 200 - "-" "python-requests/2.28.1"
127.0.0.1 - - [11/Apr/2025:09:38:41 +0800] "GET /manager-page/api/snapshot.php?id=21&t=0.6071167350406648 HTTP/1.1" 200 48529 "http://127.0.0.1/manager-page/home-2.php" "Mozilla/5.0 (Windows NT 10.0; Win64; x64) AppleWebKit/537.36 (KHTML, like Gecko) Chrome/119.0.0.0 Safari/537.36"
127.0.0.1 - - [11/Apr/2025:09:38:41 +0800] "GET /manager-page/api/snapshot.php?id=22&t=0.9770634726203096 HTTP/1.1" 200 50817 "http://127.0.0.1/manager-page/home-2.php" "Mozilla/5.0 (Windows NT 10.0; Win64; x64) AppleWebKit/537.36 (KHTML, like Gecko) Chrome/119.0.0.0 Safari/537.36"
127.0.0.1 - - [11/Apr/2025:09:39:00 +0800] "GET /robot/alarm-history-in.php HTTP/1.1" 200 - "-" "python-requests/2.28.1"
127.0.0.1 - - [11/Apr/2025:09:39:42 +0800] "GET /manager-page/api/snapshot.php?id=21&t=0.3778013000181979 HTTP/1.1" 200 48500 "http://127.0.0.1/manager-page/home-2.php" "Mozilla/5.0 (Windows NT 10.0; Win64; x64) AppleWebKit/537.36 (KHTML, like Gecko) Chrome/119.0.0.0 Safari/537.36"
127.0.0.1 - - [11/Apr/2025:09:39:42 +0800] "GET /manager-page/api/snapshot.php?id=22&t=0.4242018414942259 HTTP/1.1" 200 50919 "http://127.0.0.1/manager-page/home-2.php" "Mozilla/5.0 (Windows NT 10.0; Win64; x64) AppleWebKit/537.36 (KHTML, like Gecko) Chrome/119.0.0.0 Safari/537.36"
111.70.30.253 - - [11/Apr/2025:09:39:52 +0800] "POST /robot/lora-in.php HTTP/1.1" 200 - "-" "python-requests/2.21.0"
127.0.0.1 - - [11/Apr/2025:09:40:00 +0800] "GET /robot/alarm-history-in.php HTTP/1.1" 200 - "-" "python-requests/2.28.1"
111.70.30.251 - - [11/Apr/2025:09:40:16 +0800] "POST /robot/lora-in.php HTTP/1.1" 200 - "-" "python-requests/2.21.0"
127.0.0.1 - - [11/Apr/2025:09:40:41 +0800] "GET /manager-page/api/snapshot.php?id=21&t=0.10604251503985851 HTTP/1.1" 200 48714 "http://127.0.0.1/manager-page/home-2.php" "Mozilla/5.0 (Windows NT 10.0; Win64; x64) AppleWebKit/537.36 (KHTML, like Gecko) Chrome/119.0.0.0 Safari/537.36"
127.0.0.1 - - [11/Apr/2025:09:40:41 +0800] "GET /manager-page/api/snapshot.php?id=22&t=0.3274486234557821 HTTP/1.1" 200 51023 "http://127.0.0.1/manager-page/home-2.php" "Mozilla/5.0 (Windows NT 10.0; Win64; x64) AppleWebKit/537.36 (KHTML, like Gecko) Chrome/119.0.0.0 Safari/537.36"
127.0.0.1 - - [11/Apr/2025:09:41:00 +0800] "GET /robot/alarm-history-in.php HTTP/1.1" 200 - "-" "python-requests/2.28.1"
127.0.0.1 - - [11/Apr/2025:09:41:41 +0800] "GET /manager-page/api/snapshot.php?id=21&t=0.38165106311123753 HTTP/1.1" 200 48498 "http://127.0.0.1/manager-page/home-2.php" "Mozilla/5.0 (Windows NT 10.0; Win64; x64) AppleWebKit/537.36 (KHTML, like Gecko) Chrome/119.0.0.0 Safari/537.36"
127.0.0.1 - - [11/Apr/2025:09:41:41 +0800] "GET /manager-page/api/snapshot.php?id=22&t=0.7848381970751515 HTTP/1.1" 200 50845 "http://127.0.0.1/manager-page/home-2.php" "Mozilla/5.0 (Windows NT 10.0; Win64; x64) AppleWebKit/537.36 (KHTML, like Gecko) Chrome/119.0.0.0 Safari/537.36"
127.0.0.1 - - [11/Apr/2025:09:42:00 +0800] "GET /robot/alarm-history-in.php HTTP/1.1" 200 - "-" "python-requests/2.28.1"
111.70.30.250 - - [11/Apr/2025:09:42:41 +0800] "POST /robot/lora-in.php HTTP/1.1" 200 - "-" "python-requests/2.21.0"
127.0.0.1 - - [11/Apr/2025:09:42:43 +0800] "GET /manager-page/api/snapshot.php?id=21&t=0.22376603636105652 HTTP/1.1" 200 48528 "http://127.0.0.1/manager-page/home-2.php" "Mozilla/5.0 (Windows NT 10.0; Win64; x64) AppleWebKit/537.36 (KHTML, like Gecko) Chrome/119.0.0.0 Safari/537.36"
127.0.0.1 - - [11/Apr/2025:09:42:44 +0800] "GET /manager-page/api/snapshot.php?id=22&t=0.48189801489626727 HTTP/1.1" 200 50818 "http://127.0.0.1/manager-page/home-2.php" "Mozilla/5.0 (Windows NT 10.0; Win64; x64) AppleWebKit/537.36 (KHTML, like Gecko) Chrome/119.0.0.0 Safari/537.36"
127.0.0.1 - - [11/Apr/2025:09:42:46 +0800] "GET /miaoli62-data-auto/ HTTP/1.1" 404 196 "-" "Mozilla/5.0 (Windows NT 10.0; Win64; x64) AppleWebKit/537.36 (KHTML, like Gecko) Chrome/119.0.0.0 Safari/537.36"
111.70.30.251 - - [11/Apr/2025:09:42:58 +0800] "POST /robot/lora-in.php HTTP/1.1" 200 - "-" "python-requests/2.21.0"
127.0.0.1 - - [11/Apr/2025:09:43:00 +0800] "GET /robot/alarm-history-in.php HTTP/1.1" 200 - "-" "python-requests/2.28.1"
127.0.0.1 - - [11/Apr/2025:09:43:38 +0800] "POST /robot/et-7026-in.php HTTP/1.1" 200 - "-" "python-requests/2.32.2"
127.0.0.1 - - [11/Apr/2025:09:43:40 +0800] "POST /robot/et-7026-in.php HTTP/1.1" 200 - "-" "python-requests/2.32.2"
127.0.0.1 - - [11/Apr/2025:09:43:42 +0800] "GET /manager-page/api/snapshot.php?id=22&t=0.4271546326055462 HTTP/1.1" 200 50830 "http://127.0.0.1/manager-page/home-2.php" "Mozilla/5.0 (Windows NT 10.0; Win64; x64) AppleWebKit/537.36 (KHTML, like Gecko) Chrome/119.0.0.0 Safari/537.36"
127.0.0.1 - - [11/Apr/2025:09:43:42 +0800] "GET /manager-page/api/snapshot.php?id=21&t=0.8231187540274618 HTTP/1.1" 200 48387 "http://127.0.0.1/manager-page/home-2.php" "Mozilla/5.0 (Windows NT 10.0; Win64; x64) AppleWebKit/537.36 (KHTML, like Gecko) Chrome/119.0.0.0 Safari/537.36"
127.0.0.1 - - [11/Apr/2025:09:43:50 +0800] "POST /robot/et-7026-in.php HTTP/1.1" 200 - "-" "python-requests/2.32.2"
111.70.30.252 - - [11/Apr/2025:09:43:56 +0800] "POST /robot/lora-in.php HTTP/1.1" 200 - "-" "python-requests/2.21.0"
127.0.0.1 - - [11/Apr/2025:09:43:58 +0800] "POST /robot/et-7026-in.php HTTP/1.1" 200 - "-" "python-requests/2.32.2"
127.0.0.1 - - [11/Apr/2025:09:44:00 +0800] "GET /robot/alarm-history-in.php HTTP/1.1" 200 - "-" "python-requests/2.28.1"
111.70.30.251 - - [11/Apr/2025:09:44:15 +0800] "POST /robot/lora-in.php HTTP/1.1" 200 - "-" "python-requests/2.21.0"
127.0.0.1 - - [11/Apr/2025:09:44:42 +0800] "GET /manager-page/api/snapshot.php?id=21&t=0.05830248492087353 HTTP/1.1" 200 48447 "http://127.0.0.1/manager-page/home-2.php" "Mozilla/5.0 (Windows NT 10.0; Win64; x64) AppleWebKit/537.36 (KHTML, like Gecko) Chrome/119.0.0.0 Safari/537.36"
127.0.0.1 - - [11/Apr/2025:09:44:42 +0800] "GET /manager-page/api/snapshot.php?id=22&t=0.7148514784464097 HTTP/1.1" 200 50868 "http://127.0.0.1/manager-page/home-2.php" "Mozilla/5.0 (Windows NT 10.0; Win64; x64) AppleWebKit/537.36 (KHTML, like Gecko) Chrome/119.0.0.0 Safari/537.36"
127.0.0.1 - - [11/Apr/2025:09:45:00 +0800] "GET /robot/alarm-history-in.php HTTP/1.1" 200 - "-" "python-requests/2.28.1"
127.0.0.1 - - [11/Apr/2025:09:45:23 +0800] "GET /miaoli62-data-auto/get-setting.php HTTP/1.1" 404 196 "-" "Mozilla/5.0 (Windows NT 10.0; Win64; x64) AppleWebKit/537.36 (KHTML, like Gecko) Chrome/119.0.0.0 Safari/537.36"
127.0.0.1 - - [11/Apr/2025:09:45:39 +0800] "GET /get-setting.php HTTP/1.1" 404 196 "-" "Mozilla/5.0 (Windows NT 10.0; Win64; x64) AppleWebKit/537.36 (KHTML, like Gecko) Chrome/119.0.0.0 Safari/537.36"
127.0.0.1 - - [11/Apr/2025:09:45:41 +0800] "GET /manager-page/api/snapshot.php?id=22&t=0.92258414262952 HTTP/1.1" 200 50943 "http://127.0.0.1/manager-page/home-2.php" "Mozilla/5.0 (Windows NT 10.0; Win64; x64) AppleWebKit/537.36 (KHTML, like Gecko) Chrome/119.0.0.0 Safari/537.36"
127.0.0.1 - - [11/Apr/2025:09:45:41 +0800] "GET /manager-page/api/snapshot.php?id=21&t=0.8871711916027794 HTTP/1.1" 200 48407 "http://127.0.0.1/manager-page/home-2.php" "Mozilla/5.0 (Windows NT 10.0; Win64; x64) AppleWebKit/537.36 (KHTML, like Gecko) Chrome/119.0.0.0 Safari/537.36"
127.0.0.1 - - [11/Apr/2025:09:46:00 +0800] "GET /robot/alarm-history-in.php HTTP/1.1" 200 - "-" "python-requests/2.28.1"
127.0.0.1 - - [11/Apr/2025:09:46:20 +0800] "GET /get-setting.php HTTP/1.1" 404 196 "-" "Mozilla/5.0 (Windows NT 10.0; Win64; x64) AppleWebKit/537.36 (KHTML, like Gecko) Chrome/119.0.0.0 Safari/537.36"
127.0.0.1 - - [11/Apr/2025:09:46:21 +0800] "GET /get-setting.php HTTP/1.1" 404 196 "-" "Mozilla/5.0 (Windows NT 10.0; Win64; x64) AppleWebKit/537.36 (KHTML, like Gecko) Chrome/119.0.0.0 Safari/537.36"
127.0.0.1 - - [11/Apr/2025:09:46:41 +0800] "GET /manager-page/api/snapshot.php?id=22&t=0.43182882414326973 HTTP/1.1" 200 50904 "http://127.0.0.1/manager-page/home-2.php" "Mozilla/5.0 (Windows NT 10.0; Win64; x64) AppleWebKit/537.36 (KHTML, like Gecko) Chrome/119.0.0.0 Safari/537.36"
127.0.0.1 - - [11/Apr/2025:09:46:41 +0800] "GET /manager-page/api/snapshot.php?id=21&t=0.21959545790139168 HTTP/1.1" 200 48380 "http://127.0.0.1/manager-page/home-2.php" "Mozilla/5.0 (Windows NT 10.0; Win64; x64) AppleWebKit/537.36 (KHTML, like Gecko) Chrome/119.0.0.0 Safari/537.36"
127.0.0.1 - - [11/Apr/2025:09:46:46 +0800] "GET /robot/lora-in.php HTTP/1.1" 200 - "-" "Mozilla/5.0 (Windows NT 10.0; Win64; x64) AppleWebKit/537.36 (KHTML, like Gecko) Chrome/119.0.0.0 Safari/537.36"
127.0.0.1 - - [11/Apr/2025:09:47:00 +0800] "GET /robot/alarm-history-in.php HTTP/1.1" 200 - "-" "python-requests/2.28.1"
127.0.0.1 - - [11/Apr/2025:09:47:41 +0800] "GET /manager-page/api/snapshot.php?id=22&t=0.605004106732199 HTTP/1.1" 200 50943 "http://127.0.0.1/manager-page/home-2.php" "Mozilla/5.0 (Windows NT 10.0; Win64; x64) AppleWebKit/537.36 (KHTML, like Gecko) Chrome/119.0.0.0 Safari/537.36"
127.0.0.1 - - [11/Apr/2025:09:47:41 +0800] "GET /manager-page/api/snapshot.php?id=21&t=0.7432187688400769 HTTP/1.1" 200 48467 "http://127.0.0.1/manager-page/home-2.php" "Mozilla/5.0 (Windows NT 10.0; Win64; x64) AppleWebKit/537.36 (KHTML, like Gecko) Chrome/119.0.0.0 Safari/537.36"
127.0.0.1 - - [11/Apr/2025:09:48:00 +0800] "GET /robot/alarm-history-in.php HTTP/1.1" 200 - "-" "python-requests/2.28.1"
111.70.30.251 - - [11/Apr/2025:09:48:13 +0800] "POST /robot/lora-in.php HTTP/1.1" 200 - "-" "python-requests/2.21.0"
127.0.0.1 - - [11/Apr/2025:09:48:19 +0800] "GET /get-setting.json HTTP/1.1" 404 196 "-" "Mozilla/5.0 (Windows NT 10.0; Win64; x64) AppleWebKit/537.36 (KHTML, like Gecko) Chrome/119.0.0.0 Safari/537.36"
111.70.30.253 - - [11/Apr/2025:09:48:36 +0800] "POST /robot/lora-in.php HTTP/1.1" 200 - "-" "python-requests/2.21.0"
111.70.30.251 - - [11/Apr/2025:09:48:41 +0800] "POST /robot/lora-in.php HTTP/1.1" 200 - "-" "python-requests/2.21.0"
127.0.0.1 - - [11/Apr/2025:09:48:41 +0800] "GET /manager-page/api/snapshot.php?id=21&t=0.8003817686255479 HTTP/1.1" 200 48451 "http://127.0.0.1/manager-page/home-2.php" "Mozilla/5.0 (Windows NT 10.0; Win64; x64) AppleWebKit/537.36 (KHTML, like Gecko) Chrome/119.0.0.0 Safari/537.36"
127.0.0.1 - - [11/Apr/2025:09:48:42 +0800] "GET /manager-page/api/snapshot.php?id=22&t=0.5272893686635158 HTTP/1.1" 200 50954 "http://127.0.0.1/manager-page/home-2.php" "Mozilla/5.0 (Windows NT 10.0; Win64; x64) AppleWebKit/537.36 (KHTML, like Gecko) Chrome/119.0.0.0 Safari/537.36"
127.0.0.1 - - [11/Apr/2025:09:49:00 +0800] "GET /robot/alarm-history-in.php HTTP/1.1" 200 - "-" "python-requests/2.28.1"
127.0.0.1 - - [11/Apr/2025:09:49:41 +0800] "GET /manager-page/api/snapshot.php?id=21&t=0.019424594415978547 HTTP/1.1" 200 48490 "http://127.0.0.1/manager-page/home-2.php" "Mozilla/5.0 (Windows NT 10.0; Win64; x64) AppleWebKit/537.36 (KHTML, like Gecko) Chrome/119.0.0.0 Safari/537.36"
127.0.0.1 - - [11/Apr/2025:09:49:41 +0800] "GET /manager-page/api/snapshot.php?id=22&t=0.303840853182348 HTTP/1.1" 200 50716 "http://127.0.0.1/manager-page/home-2.php" "Mozilla/5.0 (Windows NT 10.0; Win64; x64) AppleWebKit/537.36 (KHTML, like Gecko) Chrome/119.0.0.0 Safari/537.36"
127.0.0.1 - - [11/Apr/2025:09:50:00 +0800] "GET /robot/alarm-history-in.php HTTP/1.1" 200 - "-" "python-requests/2.28.1"
127.0.0.1 - - [11/Apr/2025:09:50:41 +0800] "GET /manager-page/api/snapshot.php?id=22&t=0.5504876946349349 HTTP/1.1" 200 50860 "http://127.0.0.1/manager-page/home-2.php" "Mozilla/5.0 (Windows NT 10.0; Win64; x64) AppleWebKit/537.36 (KHTML, like Gecko) Chrome/119.0.0.0 Safari/537.36"
127.0.0.1 - - [11/Apr/2025:09:50:41 +0800] "GET /manager-page/api/snapshot.php?id=21&t=0.7324734864282931 HTTP/1.1" 200 48352 "http://127.0.0.1/manager-page/home-2.php" "Mozilla/5.0 (Windows NT 10.0; Win64; x64) AppleWebKit/537.36 (KHTML, like Gecko) Chrome/119.0.0.0 Safari/537.36"
127.0.0.1 - - [11/Apr/2025:09:51:00 +0800] "GET /robot/alarm-history-in.php HTTP/1.1" 200 - "-" "python-requests/2.28.1"
111.70.30.250 - - [11/Apr/2025:09:51:17 +0800] "POST /robot/lora-in.php HTTP/1.1" 200 - "-" "python-requests/2.21.0"
127.0.0.1 - - [11/Apr/2025:09:51:42 +0800] "GET /manager-page/api/snapshot.php?id=21&t=0.21809947524689122 HTTP/1.1" 200 48427 "http://127.0.0.1/manager-page/home-2.php" "Mozilla/5.0 (Windows NT 10.0; Win64; x64) AppleWebKit/537.36 (KHTML, like Gecko) Chrome/119.0.0.0 Safari/537.36"
127.0.0.1 - - [11/Apr/2025:09:51:42 +0800] "GET /manager-page/api/snapshot.php?id=22&t=0.8006715140091922 HTTP/1.1" 200 51485 "http://127.0.0.1/manager-page/home-2.php" "Mozilla/5.0 (Windows NT 10.0; Win64; x64) AppleWebKit/537.36 (KHTML, like Gecko) Chrome/119.0.0.0 Safari/537.36"
127.0.0.1 - - [11/Apr/2025:09:52:00 +0800] "GET /robot/alarm-history-in.php HTTP/1.1" 200 - "-" "python-requests/2.28.1"
111.70.30.251 - - [11/Apr/2025:09:52:12 +0800] "POST /robot/lora-in.php HTTP/1.1" 200 - "-" "python-requests/2.21.0"
127.0.0.1 - - [11/Apr/2025:09:52:41 +0800] "GET /manager-page/api/snapshot.php?id=21&t=0.3131150803631193 HTTP/1.1" 200 48416 "http://127.0.0.1/manager-page/home-2.php" "Mozilla/5.0 (Windows NT 10.0; Win64; x64) AppleWebKit/537.36 (KHTML, like Gecko) Chrome/119.0.0.0 Safari/537.36"
127.0.0.1 - - [11/Apr/2025:09:52:41 +0800] "GET /manager-page/api/snapshot.php?id=22&t=0.9847885820997035 HTTP/1.1" 200 50878 "http://127.0.0.1/manager-page/home-2.php" "Mozilla/5.0 (Windows NT 10.0; Win64; x64) AppleWebKit/537.36 (KHTML, like Gecko) Chrome/119.0.0.0 Safari/537.36"
111.70.30.251 - - [11/Apr/2025:09:52:55 +0800] "POST /robot/lora-in.php HTTP/1.1" 200 - "-" "python-requests/2.21.0"
127.0.0.1 - - [11/Apr/2025:09:53:00 +0800] "GET /robot/alarm-history-in.php HTTP/1.1" 200 - "-" "python-requests/2.28.1"
111.70.30.252 - - [11/Apr/2025:09:53:07 +0800] "POST /robot/lora-in.php HTTP/1.1" 200 - "-" "python-requests/2.21.0"
127.0.0.1 - - [11/Apr/2025:09:53:41 +0800] "POST /robot/et-7026-in.php HTTP/1.1" 200 - "-" "python-requests/2.32.2"
127.0.0.1 - - [11/Apr/2025:09:53:41 +0800] "GET /manager-page/api/snapshot.php?id=22&t=0.5699267510933403 HTTP/1.1" 200 50851 "http://127.0.0.1/manager-page/home-2.php" "Mozilla/5.0 (Windows NT 10.0; Win64; x64) AppleWebKit/537.36 (KHTML, like Gecko) Chrome/119.0.0.0 Safari/537.36"
127.0.0.1 - - [11/Apr/2025:09:53:41 +0800] "GET /manager-page/api/snapshot.php?id=21&t=0.466708881448028 HTTP/1.1" 200 48354 "http://127.0.0.1/manager-page/home-2.php" "Mozilla/5.0 (Windows NT 10.0; Win64; x64) AppleWebKit/537.36 (KHTML, like Gecko) Chrome/119.0.0.0 Safari/537.36"
127.0.0.1 - - [11/Apr/2025:09:53:43 +0800] "POST /robot/et-7026-in.php HTTP/1.1" 200 - "-" "python-requests/2.32.2"
127.0.0.1 - - [11/Apr/2025:09:53:53 +0800] "POST /robot/et-7026-in.php HTTP/1.1" 200 - "-" "python-requests/2.32.2"
127.0.0.1 - - [11/Apr/2025:09:54:00 +0800] "GET /get-setting.json HTTP/1.1" 404 196 "-" "Mozilla/5.0 (Windows NT 10.0; Win64; x64) AppleWebKit/537.36 (KHTML, like Gecko) Chrome/119.0.0.0 Safari/537.36"
127.0.0.1 - - [11/Apr/2025:09:54:00 +0800] "POST /robot/et-7026-in.php HTTP/1.1" 200 - "-" "python-requests/2.32.2"
127.0.0.1 - - [11/Apr/2025:09:54:00 +0800] "GET /robot/alarm-history-in.php HTTP/1.1" 200 - "-" "python-requests/2.28.1"
127.0.0.1 - - [11/Apr/2025:09:54:22 +0800] "GET /get-setting.json HTTP/1.1" 200 1468 "-" "Mozilla/5.0 (Windows NT 10.0; Win64; x64) AppleWebKit/537.36 (KHTML, like Gecko) Chrome/119.0.0.0 Safari/537.36"
127.0.0.1 - - [11/Apr/2025:09:54:42 +0800] "GET /manager-page/api/snapshot.php?id=21&t=0.33972128500142795 HTTP/1.1" 200 48360 "http://127.0.0.1/manager-page/home-2.php" "Mozilla/5.0 (Windows NT 10.0; Win64; x64) AppleWebKit/537.36 (KHTML, like Gecko) Chrome/119.0.0.0 Safari/537.36"
127.0.0.1 - - [11/Apr/2025:09:54:43 +0800] "GET /manager-page/api/snapshot.php?id=22&t=0.5970265119241875 HTTP/1.1" 200 50929 "http://127.0.0.1/manager-page/home-2.php" "Mozilla/5.0 (Windows NT 10.0; Win64; x64) AppleWebKit/537.36 (KHTML, like Gecko) Chrome/119.0.0.0 Safari/537.36"
127.0.0.1 - - [11/Apr/2025:09:54:47 +0800] "GET /get-setting.json HTTP/1.1" 200 1468 "-" "python-requests/2.31.0"
127.0.0.1 - - [11/Apr/2025:09:54:59 +0800] "POST /robot/lora-in.php HTTP/1.1" 200 - "-" "python-requests/2.31.0"
127.0.0.1 - - [11/Apr/2025:09:55:00 +0800] "GET /robot/alarm-history-in.php HTTP/1.1" 200 - "-" "python-requests/2.28.1"
127.0.0.1 - - [11/Apr/2025:09:55:42 +0800] "GET /manager-page/api/snapshot.php?id=21&t=0.8198485522311558 HTTP/1.1" 200 48398 "http://127.0.0.1/manager-page/home-2.php" "Mozilla/5.0 (Windows NT 10.0; Win64; x64) AppleWebKit/537.36 (KHTML, like Gecko) Chrome/119.0.0.0 Safari/537.36"
127.0.0.1 - - [11/Apr/2025:09:55:42 +0800] "GET /manager-page/api/snapshot.php?id=22&t=0.4494682821229812 HTTP/1.1" 200 50923 "http://127.0.0.1/manager-page/home-2.php" "Mozilla/5.0 (Windows NT 10.0; Win64; x64) AppleWebKit/537.36 (KHTML, like Gecko) Chrome/119.0.0.0 Safari/537.36"
127.0.0.1 - - [11/Apr/2025:09:56:00 +0800] "GET /robot/alarm-history-in.php HTTP/1.1" 200 - "-" "python-requests/2.28.1"
127.0.0.1 - - [11/Apr/2025:09:56:07 +0800] "GET /get-setting.json HTTP/1.1" 304 - "-" "Mozilla/5.0 (Windows NT 10.0; Win64; x64) AppleWebKit/537.36 (KHTML, like Gecko) Chrome/119.0.0.0 Safari/537.36"
111.70.30.251 - - [11/Apr/2025:09:56:11 +0800] "POST /robot/lora-in.php HTTP/1.1" 200 - "-" "python-requests/2.21.0"
127.0.0.1 - - [11/Apr/2025:09:56:43 +0800] "GET /manager-page/api/snapshot.php?id=21&t=0.17575759350415998 HTTP/1.1" 200 48276 "http://127.0.0.1/manager-page/home-2.php" "Mozilla/5.0 (Windows NT 10.0; Win64; x64) AppleWebKit/537.36 (KHTML, like Gecko) Chrome/119.0.0.0 Safari/537.36"
127.0.0.1 - - [11/Apr/2025:09:56:43 +0800] "GET /manager-page/api/snapshot.php?id=22&t=0.6157198857724144 HTTP/1.1" 200 50951 "http://127.0.0.1/manager-page/home-2.php" "Mozilla/5.0 (Windows NT 10.0; Win64; x64) AppleWebKit/537.36 (KHTML, like Gecko) Chrome/119.0.0.0 Safari/537.36"
127.0.0.1 - - [11/Apr/2025:09:57:00 +0800] "GET /robot/alarm-history-in.php HTTP/1.1" 200 - "-" "python-requests/2.28.1"
111.70.30.251 - - [11/Apr/2025:09:57:02 +0800] "POST /robot/lora-in.php HTTP/1.1" 200 - "-" "python-requests/2.21.0"
127.0.0.1 - - [11/Apr/2025:09:57:20 +0800] "GET /get-setting.json HTTP/1.1" 200 2318 "-" "python-requests/2.31.0"
111.70.30.253 - - [11/Apr/2025:09:57:21 +0800] "POST /robot/lora-in.php HTTP/1.1" 200 - "-" "python-requests/2.21.0"
127.0.0.1 - - [11/Apr/2025:09:57:34 +0800] "POST /robot/lora-in.php HTTP/1.1" 200 - "-" "python-requests/2.31.0"
127.0.0.1 - - [11/Apr/2025:09:57:42 +0800] "GET /manager-page/api/snapshot.php?id=21&t=0.827742860898175 HTTP/1.1" 200 48317 "http://127.0.0.1/manager-page/home-2.php" "Mozilla/5.0 (Windows NT 10.0; Win64; x64) AppleWebKit/537.36 (KHTML, like Gecko) Chrome/119.0.0.0 Safari/537.36"
127.0.0.1 - - [11/Apr/2025:09:57:42 +0800] "GET /manager-page/api/snapshot.php?id=22&t=0.9734701771746268 HTTP/1.1" 200 50906 "http://127.0.0.1/manager-page/home-2.php" "Mozilla/5.0 (Windows NT 10.0; Win64; x64) AppleWebKit/537.36 (KHTML, like Gecko) Chrome/119.0.0.0 Safari/537.36"
127.0.0.1 - - [11/Apr/2025:09:58:00 +0800] "GET /robot/alarm-history-in.php HTTP/1.1" 200 - "-" "python-requests/2.28.1"
127.0.0.1 - - [11/Apr/2025:09:58:41 +0800] "GET /manager-page/api/snapshot.php?id=21&t=0.3304973236678137 HTTP/1.1" 200 48349 "http://127.0.0.1/manager-page/home-2.php" "Mozilla/5.0 (Windows NT 10.0; Win64; x64) AppleWebKit/537.36 (KHTML, like Gecko) Chrome/119.0.0.0 Safari/537.36"
127.0.0.1 - - [11/Apr/2025:09:58:41 +0800] "GET /manager-page/api/snapshot.php?id=22&t=0.10852965265599024 HTTP/1.1" 200 51002 "http://127.0.0.1/manager-page/home-2.php" "Mozilla/5.0 (Windows NT 10.0; Win64; x64) AppleWebKit/537.36 (KHTML, like Gecko) Chrome/119.0.0.0 Safari/537.36"
127.0.0.1 - - [11/Apr/2025:09:59:00 +0800] "GET /robot/alarm-history-in.php HTTP/1.1" 200 - "-" "python-requests/2.28.1"
127.0.0.1 - - [11/Apr/2025:09:59:41 +0800] "GET /manager-page/api/snapshot.php?id=21&t=0.1941369170694056 HTTP/1.1" 200 47539 "http://127.0.0.1/manager-page/home-2.php" "Mozilla/5.0 (Windows NT 10.0; Win64; x64) AppleWebKit/537.36 (KHTML, like Gecko) Chrome/119.0.0.0 Safari/537.36"
127.0.0.1 - - [11/Apr/2025:09:59:41 +0800] "GET /manager-page/api/snapshot.php?id=22&t=0.2550066016599746 HTTP/1.1" 200 51133 "http://127.0.0.1/manager-page/home-2.php" "Mozilla/5.0 (Windows NT 10.0; Win64; x64) AppleWebKit/537.36 (KHTML, like Gecko) Chrome/119.0.0.0 Safari/537.36"
111.70.30.250 - - [11/Apr/2025:09:59:52 +0800] "POST /robot/lora-in.php HTTP/1.1" 200 - "-" "python-requests/2.21.0"
127.0.0.1 - - [11/Apr/2025:10:00:00 +0800] "GET /robot/alarm-history-in.php HTTP/1.1" 200 - "-" "python-requests/2.28.1"
111.70.30.251 - - [11/Apr/2025:10:00:11 +0800] "POST /robot/lora-in.php HTTP/1.1" 200 - "-" "python-requests/2.21.0"
127.0.0.1 - - [11/Apr/2025:10:00:42 +0800] "GET /manager-page/api/snapshot.php?id=21&t=0.09023408959049939 HTTP/1.1" 200 48339 "http://127.0.0.1/manager-page/home-2.php" "Mozilla/5.0 (Windows NT 10.0; Win64; x64) AppleWebKit/537.36 (KHTML, like Gecko) Chrome/119.0.0.0 Safari/537.36"
127.0.0.1 - - [11/Apr/2025:10:00:43 +0800] "GET /manager-page/api/snapshot.php?id=22&t=0.4138219652843367 HTTP/1.1" 200 50942 "http://127.0.0.1/manager-page/home-2.php" "Mozilla/5.0 (Windows NT 10.0; Win64; x64) AppleWebKit/537.36 (KHTML, like Gecko) Chrome/119.0.0.0 Safari/537.36"
127.0.0.1 - - [11/Apr/2025:10:01:00 +0800] "GET /robot/alarm-history-in.php HTTP/1.1" 200 - "-" "python-requests/2.28.1"
127.0.0.1 - - [11/Apr/2025:10:01:43 +0800] "GET /manager-page/api/snapshot.php?id=21&t=0.44177604464070264 HTTP/1.1" 200 48306 "http://127.0.0.1/manager-page/home-2.php" "Mozilla/5.0 (Windows NT 10.0; Win64; x64) AppleWebKit/537.36 (KHTML, like Gecko) Chrome/119.0.0.0 Safari/537.36"
127.0.0.1 - - [11/Apr/2025:10:01:44 +0800] "GET /manager-page/api/snapshot.php?id=22&t=0.5174825920579535 HTTP/1.1" 200 50935 "http://127.0.0.1/manager-page/home-2.php" "Mozilla/5.0 (Windows NT 10.0; Win64; x64) AppleWebKit/537.36 (KHTML, like Gecko) Chrome/119.0.0.0 Safari/537.36"
127.0.0.1 - - [11/Apr/2025:10:02:00 +0800] "GET /robot/alarm-history-in.php HTTP/1.1" 200 - "-" "python-requests/2.28.1"
111.70.30.252 - - [11/Apr/2025:10:02:17 +0800] "POST /robot/lora-in.php HTTP/1.1" 200 - "-" "python-requests/2.21.0"
127.0.0.1 - - [11/Apr/2025:10:02:42 +0800] "GET /manager-page/api/snapshot.php?id=21&t=0.37932176351524016 HTTP/1.1" 200 48226 "http://127.0.0.1/manager-page/home-2.php" "Mozilla/5.0 (Windows NT 10.0; Win64; x64) AppleWebKit/537.36 (KHTML, like Gecko) Chrome/119.0.0.0 Safari/537.36"
127.0.0.1 - - [11/Apr/2025:10:02:42 +0800] "GET /manager-page/api/snapshot.php?id=22&t=0.7572639159606704 HTTP/1.1" 200 51011 "http://127.0.0.1/manager-page/home-2.php" "Mozilla/5.0 (Windows NT 10.0; Win64; x64) AppleWebKit/537.36 (KHTML, like Gecko) Chrome/119.0.0.0 Safari/537.36"
111.70.30.251 - - [11/Apr/2025:10:02:52 +0800] "POST /robot/lora-in.php HTTP/1.1" 200 - "-" "python-requests/2.21.0"
127.0.0.1 - - [11/Apr/2025:10:03:00 +0800] "GET /robot/alarm-history-in.php HTTP/1.1" 200 - "-" "python-requests/2.28.1"
127.0.0.1 - - [11/Apr/2025:10:03:41 +0800] "GET /manager-page/api/snapshot.php?id=22&t=0.5367803065346775 HTTP/1.1" 200 51023 "http://127.0.0.1/manager-page/home-2.php" "Mozilla/5.0 (Windows NT 10.0; Win64; x64) AppleWebKit/537.36 (KHTML, like Gecko) Chrome/119.0.0.0 Safari/537.36"
127.0.0.1 - - [11/Apr/2025:10:03:41 +0800] "GET /manager-page/api/snapshot.php?id=21&t=0.5148211880809117 HTTP/1.1" 200 48288 "http://127.0.0.1/manager-page/home-2.php" "Mozilla/5.0 (Windows NT 10.0; Win64; x64) AppleWebKit/537.36 (KHTML, like Gecko) Chrome/119.0.0.0 Safari/537.36"
127.0.0.1 - - [11/Apr/2025:10:03:43 +0800] "POST /robot/et-7026-in.php HTTP/1.1" 200 - "-" "python-requests/2.32.2"
127.0.0.1 - - [11/Apr/2025:10:03:46 +0800] "POST /robot/et-7026-in.php HTTP/1.1" 200 - "-" "python-requests/2.32.2"
127.0.0.1 - - [11/Apr/2025:10:03:56 +0800] "POST /robot/et-7026-in.php HTTP/1.1" 200 - "-" "python-requests/2.32.2"
127.0.0.1 - - [11/Apr/2025:10:04:00 +0800] "GET /robot/alarm-history-in.php HTTP/1.1" 200 - "-" "python-requests/2.28.1"
127.0.0.1 - - [11/Apr/2025:10:04:01 +0800] "POST /robot/et-7026-in.php HTTP/1.1" 200 - "-" "python-requests/2.32.2"
111.70.30.251 - - [11/Apr/2025:10:04:08 +0800] "POST /robot/lora-in.php HTTP/1.1" 200 - "-" "python-requests/2.21.0"
127.0.0.1 - - [11/Apr/2025:10:04:42 +0800] "GET /manager-page/api/snapshot.php?id=21&t=0.8960079308579412 HTTP/1.1" 200 48315 "http://127.0.0.1/manager-page/home-2.php" "Mozilla/5.0 (Windows NT 10.0; Win64; x64) AppleWebKit/537.36 (KHTML, like Gecko) Chrome/119.0.0.0 Safari/537.36"
127.0.0.1 - - [11/Apr/2025:10:04:42 +0800] "GET /manager-page/api/snapshot.php?id=22&t=0.27155353573851815 HTTP/1.1" 200 51002 "http://127.0.0.1/manager-page/home-2.php" "Mozilla/5.0 (Windows NT 10.0; Win64; x64) AppleWebKit/537.36 (KHTML, like Gecko) Chrome/119.0.0.0 Safari/537.36"
127.0.0.1 - - [11/Apr/2025:10:05:00 +0800] "GET /robot/alarm-history-in.php HTTP/1.1" 200 - "-" "python-requests/2.28.1"
111.70.30.251 - - [11/Apr/2025:10:05:24 +0800] "POST /robot/lora-in.php HTTP/1.1" 200 - "-" "python-requests/2.21.0"
127.0.0.1 - - [11/Apr/2025:10:05:44 +0800] "GET /manager-page/api/snapshot.php?id=21&t=0.9323058493019276 HTTP/1.1" 200 48358 "http://127.0.0.1/manager-page/home-2.php" "Mozilla/5.0 (Windows NT 10.0; Win64; x64) AppleWebKit/537.36 (KHTML, like Gecko) Chrome/119.0.0.0 Safari/537.36"
127.0.0.1 - - [11/Apr/2025:10:05:44 +0800] "GET /manager-page/api/snapshot.php?id=22&t=0.06794735523676865 HTTP/1.1" 200 51049 "http://127.0.0.1/manager-page/home-2.php" "Mozilla/5.0 (Windows NT 10.0; Win64; x64) AppleWebKit/537.36 (KHTML, like Gecko) Chrome/119.0.0.0 Safari/537.36"
127.0.0.1 - - [11/Apr/2025:10:05:56 +0800] "GET /manager-page/api/snapshot.php?id=21&t=0.37803609624439494 HTTP/1.1" 200 48323 "http://127.0.0.1/manager-page/home-2.php" "Mozilla/5.0 (Windows NT 10.0; Win64; x64) AppleWebKit/537.36 (KHTML, like Gecko) Chrome/119.0.0.0 Safari/537.36"
127.0.0.1 - - [11/Apr/2025:10:05:56 +0800] "GET /manager-page/api/snapshot.php?id=22&t=0.28012623921021107 HTTP/1.1" 200 51023 "http://127.0.0.1/manager-page/home-2.php" "Mozilla/5.0 (Windows NT 10.0; Win64; x64) AppleWebKit/537.36 (KHTML, like Gecko) Chrome/119.0.0.0 Safari/537.36"
127.0.0.1 - - [11/Apr/2025:10:05:57 +0800] "GET /manager-page/alarm/2-1.jpg?t=326703881 HTTP/1.1" 200 339428 "http://127.0.0.1/manager-page/home-2.php" "Mozilla/5.0 (Windows NT 10.0; Win64; x64) AppleWebKit/537.36 (KHTML, like Gecko) Chrome/119.0.0.0 Safari/537.36"
127.0.0.1 - - [11/Apr/2025:10:05:57 +0800] "GET /manager-page/alarm/2-2.jpg?t=1270278849 HTTP/1.1" 200 491657 "http://127.0.0.1/manager-page/home-2.php" "Mozilla/5.0 (Windows NT 10.0; Win64; x64) AppleWebKit/537.36 (KHTML, like Gecko) Chrome/119.0.0.0 Safari/537.36"
127.0.0.1 - - [11/Apr/2025:10:05:57 +0800] "GET /manager-page/home-2.php HTTP/1.1" 200 30147 "http://127.0.0.1/manager-page/home-2.php" "Mozilla/5.0 (Windows NT 10.0; Win64; x64) AppleWebKit/537.36 (KHTML, like Gecko) Chrome/119.0.0.0 Safari/537.36"
127.0.0.1 - - [11/Apr/2025:10:05:57 +0800] "GET /manager-page/api/snapshot.php?id=22 HTTP/1.1" 200 51011 "http://127.0.0.1/manager-page/home-2.php" "Mozilla/5.0 (Windows NT 10.0; Win64; x64) AppleWebKit/537.36 (KHTML, like Gecko) Chrome/119.0.0.0 Safari/537.36"
127.0.0.1 - - [11/Apr/2025:10:05:57 +0800] "GET /manager-page/api/snapshot.php?id=21 HTTP/1.1" 200 48316 "http://127.0.0.1/manager-page/home-2.php" "Mozilla/5.0 (Windows NT 10.0; Win64; x64) AppleWebKit/537.36 (KHTML, like Gecko) Chrome/119.0.0.0 Safari/537.36"
127.0.0.1 - - [11/Apr/2025:10:06:01 +0800] "GET /manager-page/api/cms-status2.php HTTP/1.1" 200 12 "http://127.0.0.1/manager-page/home-2.php" "Mozilla/5.0 (Windows NT 10.0; Win64; x64) AppleWebKit/537.36 (KHTML, like Gecko) Chrome/119.0.0.0 Safari/537.36"
127.0.0.1 - - [11/Apr/2025:10:06:01 +0800] "GET /manager-page/api/lp-status2.php HTTP/1.1" 200 1 "http://127.0.0.1/manager-page/home-2.php" "Mozilla/5.0 (Windows NT 10.0; Win64; x64) AppleWebKit/537.36 (KHTML, like Gecko) Chrome/119.0.0.0 Safari/537.36"
127.0.0.1 - - [11/Apr/2025:10:06:00 +0800] "GET /robot/alarm-history-in.php HTTP/1.1" 200 - "-" "python-requests/2.28.1"
111.70.30.253 - - [11/Apr/2025:10:06:05 +0800] "POST /robot/lora-in.php HTTP/1.1" 200 - "-" "python-requests/2.21.0"
127.0.0.1 - - [11/Apr/2025:10:06:07 +0800] "GET /manager-page/api/snapshot.php?id=21&t=0.2632271416689138 HTTP/1.1" 200 48293 "http://127.0.0.1/manager-page/home-2.php" "Mozilla/5.0 (Windows NT 10.0; Win64; x64) AppleWebKit/537.36 (KHTML, like Gecko) Chrome/119.0.0.0 Safari/537.36"
127.0.0.1 - - [11/Apr/2025:10:06:07 +0800] "GET /manager-page/api/snapshot.php?id=22&t=0.9329223918775185 HTTP/1.1" 200 51077 "http://127.0.0.1/manager-page/home-2.php" "Mozilla/5.0 (Windows NT 10.0; Win64; x64) AppleWebKit/537.36 (KHTML, like Gecko) Chrome/119.0.0.0 Safari/537.36"
127.0.0.1 - - [11/Apr/2025:10:06:13 +0800] "GET /manager-page/api/snapshot.php?id=21&t=0.4644452162673196 HTTP/1.1" 200 48051 "http://127.0.0.1/manager-page/home-2.php" "Mozilla/5.0 (Windows NT 10.0; Win64; x64) AppleWebKit/537.36 (KHTML, like Gecko) Chrome/119.0.0.0 Safari/537.36"
127.0.0.1 - - [11/Apr/2025:10:06:15 +0800] "GET /manager-page/api/snapshot.php?id=22&t=0.11693913017749047 HTTP/1.1" 200 51681 "http://127.0.0.1/manager-page/home-2.php" "Mozilla/5.0 (Windows NT 10.0; Win64; x64) AppleWebKit/537.36 (KHTML, like Gecko) Chrome/119.0.0.0 Safari/537.36"
127.0.0.1 - - [11/Apr/2025:10:06:17 +0800] "GET /manager-page/api/snapshot.php?id=21&t=0.2169788314522627 HTTP/1.1" 200 48195 "http://127.0.0.1/manager-page/home-2.php" "Mozilla/5.0 (Windows NT 10.0; Win64; x64) AppleWebKit/537.36 (KHTML, like Gecko) Chrome/119.0.0.0 Safari/537.36"
127.0.0.1 - - [11/Apr/2025:10:06:18 +0800] "GET /manager-page/api/snapshot.php?id=22&t=0.6660200957631697 HTTP/1.1" 200 51064 "http://127.0.0.1/manager-page/home-2.php" "Mozilla/5.0 (Windows NT 10.0; Win64; x64) AppleWebKit/537.36 (KHTML, like Gecko) Chrome/119.0.0.0 Safari/537.36"
127.0.0.1 - - [11/Apr/2025:10:06:27 +0800] "GET /manager-page/api/snapshot.php?id=21&t=0.3138684990449756 HTTP/1.1" 200 49819 "http://127.0.0.1/manager-page/home-2.php" "Mozilla/5.0 (Windows NT 10.0; Win64; x64) AppleWebKit/537.36 (KHTML, like Gecko) Chrome/119.0.0.0 Safari/537.36"
127.0.0.1 - - [11/Apr/2025:10:06:27 +0800] "GET /manager-page/api/snapshot.php?id=22&t=0.01830446648455175 HTTP/1.1" 200 51131 "http://127.0.0.1/manager-page/home-2.php" "Mozilla/5.0 (Windows NT 10.0; Win64; x64) AppleWebKit/537.36 (KHTML, like Gecko) Chrome/119.0.0.0 Safari/537.36"
127.0.0.1 - - [11/Apr/2025:10:07:00 +0800] "GET /robot/alarm-history-in.php HTTP/1.1" 200 - "-" "python-requests/2.28.1"
127.0.0.1 - - [11/Apr/2025:10:07:20 +0800] "GET /get-setting.json HTTP/1.1" 200 2318 "-" "python-requests/2.31.0"
127.0.0.1 - - [11/Apr/2025:10:07:33 +0800] "POST /robot/lora-in.php HTTP/1.1" 200 - "-" "python-requests/2.31.0"
127.0.0.1 - - [11/Apr/2025:10:07:44 +0800] "GET /manager-page/api/snapshot.php?id=21&t=0.006140629477973558 HTTP/1.1" 200 48268 "http://127.0.0.1/manager-page/home-2.php" "Mozilla/5.0 (Windows NT 10.0; Win64; x64) AppleWebKit/537.36 (KHTML, like Gecko) Chrome/119.0.0.0 Safari/537.36"
127.0.0.1 - - [11/Apr/2025:10:07:44 +0800] "GET /manager-page/api/snapshot.php?id=22&t=0.28272584703027315 HTTP/1.1" 200 51006 "http://127.0.0.1/manager-page/home-2.php" "Mozilla/5.0 (Windows NT 10.0; Win64; x64) AppleWebKit/537.36 (KHTML, like Gecko) Chrome/119.0.0.0 Safari/537.36"
127.0.0.1 - - [11/Apr/2025:10:07:46 +0800] "GET /manager-page/api/snapshot.php?id=22&t=0.7320313224977975 HTTP/1.1" 200 51052 "http://127.0.0.1/manager-page/home-2.php" "Mozilla/5.0 (Windows NT 10.0; Win64; x64) AppleWebKit/537.36 (KHTML, like Gecko) Chrome/119.0.0.0 Safari/537.36"
127.0.0.1 - - [11/Apr/2025:10:07:46 +0800] "GET /manager-page/api/snapshot.php?id=21&t=0.2417858187534292 HTTP/1.1" 200 48236 "http://127.0.0.1/manager-page/home-2.php" "Mozilla/5.0 (Windows NT 10.0; Win64; x64) AppleWebKit/537.36 (KHTML, like Gecko) Chrome/119.0.0.0 Safari/537.36"
127.0.0.1 - - [11/Apr/2025:10:07:51 +0800] "GET /manager-page/api/snapshot.php?id=21&t=0.14188893270577796 HTTP/1.1" 200 48249 "http://127.0.0.1/manager-page/home-2.php" "Mozilla/5.0 (Windows NT 10.0; Win64; x64) AppleWebKit/537.36 (KHTML, like Gecko) Chrome/119.0.0.0 Safari/537.36"
127.0.0.1 - - [11/Apr/2025:10:07:51 +0800] "GET /manager-page/api/snapshot.php?id=22&t=0.1947499136146864 HTTP/1.1" 200 50989 "http://127.0.0.1/manager-page/home-2.php" "Mozilla/5.0 (Windows NT 10.0; Win64; x64) AppleWebKit/537.36 (KHTML, like Gecko) Chrome/119.0.0.0 Safari/537.36"
127.0.0.1 - - [11/Apr/2025:10:08:00 +0800] "GET /robot/alarm-history-in.php HTTP/1.1" 200 - "-" "python-requests/2.28.1"
111.70.30.251 - - [11/Apr/2025:10:08:07 +0800] "POST /robot/lora-in.php HTTP/1.1" 200 - "-" "python-requests/2.21.0"
111.70.30.250 - - [11/Apr/2025:10:08:27 +0800] "POST /robot/lora-in.php HTTP/1.1" 200 - "-" "python-requests/2.21.0"
127.0.0.1 - - [11/Apr/2025:10:09:00 +0800] "GET /robot/alarm-history-in.php HTTP/1.1" 200 - "-" "python-requests/2.28.1"
127.0.0.1 - - [11/Apr/2025:10:10:00 +0800] "GET /robot/alarm-history-in.php HTTP/1.1" 200 - "-" "python-requests/2.28.1"
127.0.0.1 - - [11/Apr/2025:10:10:40 +0800] "GET /manager-page/api/snapshot.php?id=21&t=0.8221654630916742 HTTP/1.1" 200 48365 "http://127.0.0.1/manager-page/home-2.php" "Mozilla/5.0 (Windows NT 10.0; Win64; x64) AppleWebKit/537.36 (KHTML, like Gecko) Chrome/119.0.0.0 Safari/537.36"
127.0.0.1 - - [11/Apr/2025:10:10:43 +0800] "GET /manager-page/api/snapshot.php?id=22&t=0.8263370022922154 HTTP/1.1" 200 51059 "http://127.0.0.1/manager-page/home-2.php" "Mozilla/5.0 (Windows NT 10.0; Win64; x64) AppleWebKit/537.36 (KHTML, like Gecko) Chrome/119.0.0.0 Safari/537.36"
127.0.0.1 - - [11/Apr/2025:10:11:00 +0800] "GET /robot/alarm-history-in.php HTTP/1.1" 200 - "-" "python-requests/2.28.1"
111.70.30.252 - - [11/Apr/2025:10:11:28 +0800] "POST /robot/lora-in.php HTTP/1.1" 200 - "-" "python-requests/2.21.0"
127.0.0.1 - - [11/Apr/2025:10:11:42 +0800] "GET /manager-page/api/snapshot.php?id=21&t=0.8880436283751498 HTTP/1.1" 200 48224 "http://127.0.0.1/manager-page/home-2.php" "Mozilla/5.0 (Windows NT 10.0; Win64; x64) AppleWebKit/537.36 (KHTML, like Gecko) Chrome/119.0.0.0 Safari/537.36"
127.0.0.1 - - [11/Apr/2025:10:11:42 +0800] "GET /manager-page/api/snapshot.php?id=22&t=0.3328359601594373 HTTP/1.1" 200 51024 "http://127.0.0.1/manager-page/home-2.php" "Mozilla/5.0 (Windows NT 10.0; Win64; x64) AppleWebKit/537.36 (KHTML, like Gecko) Chrome/119.0.0.0 Safari/537.36"
127.0.0.1 - - [11/Apr/2025:10:12:00 +0800] "GET /robot/alarm-history-in.php HTTP/1.1" 200 - "-" "python-requests/2.28.1"
111.70.30.251 - - [11/Apr/2025:10:12:05 +0800] "POST /robot/lora-in.php HTTP/1.1" 200 - "-" "python-requests/2.21.0"
127.0.0.1 - - [11/Apr/2025:10:12:17 +0800] "GET /manager-page/api/snapshot.php?id=21&t=0.8506833834768979 HTTP/1.1" 200 48244 "http://127.0.0.1/manager-page/home-2.php" "Mozilla/5.0 (Windows NT 10.0; Win64; x64) AppleWebKit/537.36 (KHTML, like Gecko) Chrome/119.0.0.0 Safari/537.36"
127.0.0.1 - - [11/Apr/2025:10:12:17 +0800] "GET /manager-page/api/snapshot.php?id=22&t=0.11947543285971185 HTTP/1.1" 200 51041 "http://127.0.0.1/manager-page/home-2.php" "Mozilla/5.0 (Windows NT 10.0; Win64; x64) AppleWebKit/537.36 (KHTML, like Gecko) Chrome/119.0.0.0 Safari/537.36"
127.0.0.1 - - [11/Apr/2025:10:12:19 +0800] "GET /manager-page/alarm/2-1.jpg?t=1913695145 HTTP/1.1" 200 339428 "http://127.0.0.1/manager-page/home-2.php" "Mozilla/5.0 (Windows NT 10.0; Win64; x64) AppleWebKit/537.36 (KHTML, like Gecko) Chrome/119.0.0.0 Safari/537.36"
127.0.0.1 - - [11/Apr/2025:10:12:19 +0800] "GET /manager-page/alarm/2-2.jpg?t=1011462337 HTTP/1.1" 200 491657 "http://127.0.0.1/manager-page/home-2.php" "Mozilla/5.0 (Windows NT 10.0; Win64; x64) AppleWebKit/537.36 (KHTML, like Gecko) Chrome/119.0.0.0 Safari/537.36"
127.0.0.1 - - [11/Apr/2025:10:12:19 +0800] "GET /manager-page/home-2.php HTTP/1.1" 200 30146 "http://127.0.0.1/manager-page/home-2.php" "Mozilla/5.0 (Windows NT 10.0; Win64; x64) AppleWebKit/537.36 (KHTML, like Gecko) Chrome/119.0.0.0 Safari/537.36"
127.0.0.1 - - [11/Apr/2025:10:12:19 +0800] "GET /manager-page/api/snapshot.php?id=21 HTTP/1.1" 200 48263 "http://127.0.0.1/manager-page/home-2.php" "Mozilla/5.0 (Windows NT 10.0; Win64; x64) AppleWebKit/537.36 (KHTML, like Gecko) Chrome/119.0.0.0 Safari/537.36"
127.0.0.1 - - [11/Apr/2025:10:12:19 +0800] "GET /manager-page/api/snapshot.php?id=22 HTTP/1.1" 500 - "http://127.0.0.1/manager-page/home-2.php" "Mozilla/5.0 (Windows NT 10.0; Win64; x64) AppleWebKit/537.36 (KHTML, like Gecko) Chrome/119.0.0.0 Safari/537.36"
127.0.0.1 - - [11/Apr/2025:10:12:25 +0800] "GET /manager-page/live/2-2.jpg HTTP/1.1" 200 51086 "http://127.0.0.1/manager-page/home-2.php" "Mozilla/5.0 (Windows NT 10.0; Win64; x64) AppleWebKit/537.36 (KHTML, like Gecko) Chrome/119.0.0.0 Safari/537.36"
127.0.0.1 - - [11/Apr/2025:10:12:24 +0800] "GET /manager-page/api/cms-status2.php HTTP/1.1" 200 12 "http://127.0.0.1/manager-page/home-2.php" "Mozilla/5.0 (Windows NT 10.0; Win64; x64) AppleWebKit/537.36 (KHTML, like Gecko) Chrome/119.0.0.0 Safari/537.36"
127.0.0.1 - - [11/Apr/2025:10:12:24 +0800] "GET /manager-page/api/lp-status2.php HTTP/1.1" 200 1 "http://127.0.0.1/manager-page/home-2.php" "Mozilla/5.0 (Windows NT 10.0; Win64; x64) AppleWebKit/537.36 (KHTML, like Gecko) Chrome/119.0.0.0 Safari/537.36"
127.0.0.1 - - [11/Apr/2025:10:12:30 +0800] "GET /manager-page/api/snapshot.php?id=21&t=0.07509607207480462 HTTP/1.1" 200 48240 "http://127.0.0.1/manager-page/home-2.php" "Mozilla/5.0 (Windows NT 10.0; Win64; x64) AppleWebKit/537.36 (KHTML, like Gecko) Chrome/119.0.0.0 Safari/537.36"
