111.70.30.252 - - [23/May/2025:08:01:52 +0800] "POST /robot/lora-in.php HTTP/1.1" 200 - "-" "python-requests/2.21.0"
111.70.30.253 - - [23/May/2025:08:04:32 +0800] "POST /robot/lora-in.php HTTP/1.1" 200 - "-" "python-requests/2.21.0"
111.70.30.250 - - [23/May/2025:08:04:38 +0800] "POST /robot/lora-in.php HTTP/1.1" 200 - "-" "python-requests/2.21.0"
111.70.30.251 - - [23/May/2025:08:04:38 +0800] "POST /robot/lora-in.php HTTP/1.1" 200 - "-" "python-requests/2.21.0"
111.70.30.251 - - [23/May/2025:08:06:40 +0800] "POST /robot/lora-in.php HTTP/1.1" 200 - "-" "python-requests/2.21.0"
111.70.30.251 - - [23/May/2025:08:13:01 +0800] "POST /robot/lora-in.php HTTP/1.1" 200 - "-" "python-requests/2.21.0"
111.70.30.250 - - [23/May/2025:08:13:14 +0800] "POST /robot/lora-in.php HTTP/1.1" 200 - "-" "python-requests/2.21.0"
111.70.30.253 - - [23/May/2025:08:13:15 +0800] "POST /robot/lora-in.php HTTP/1.1" 200 - "-" "python-requests/2.21.0"
111.70.30.251 - - [23/May/2025:08:15:16 +0800] "POST /robot/lora-in.php HTTP/1.1" 200 - "-" "python-requests/2.21.0"
111.70.30.253 - - [23/May/2025:08:16:36 +0800] "POST /robot/lora-in.php HTTP/1.1" 200 - "-" "python-requests/2.21.0"
111.70.30.252 - - [23/May/2025:08:20:11 +0800] "POST /robot/lora-in.php HTTP/1.1" 200 - "-" "python-requests/2.21.0"
111.70.30.251 - - [23/May/2025:08:21:27 +0800] "POST /robot/lora-in.php HTTP/1.1" 200 - "-" "python-requests/2.21.0"
111.70.30.250 - - [23/May/2025:08:21:50 +0800] "POST /robot/lora-in.php HTTP/1.1" 200 - "-" "python-requests/2.21.0"
111.70.30.253 - - [23/May/2025:08:21:59 +0800] "POST /robot/lora-in.php HTTP/1.1" 200 - "-" "python-requests/2.21.0"
172.16.36.181 - - [23/May/2025:08:26:34 +0800] "GET /manager-page/home-3.php HTTP/1.1" 302 - "-" "Mozilla/5.0 (Windows NT 10.0; Win64; x64) AppleWebKit/537.36 (KHTML, like Gecko) Chrome/136.0.0.0 Safari/537.36 Edg/136.0.0.0"
172.16.36.181 - - [23/May/2025:08:26:34 +0800] "GET /manager-page/login.php HTTP/1.1" 200 2365 "-" "Mozilla/5.0 (Windows NT 10.0; Win64; x64) AppleWebKit/537.36 (KHTML, like Gecko) Chrome/136.0.0.0 Safari/537.36 Edg/136.0.0.0"
172.16.36.181 - - [23/May/2025:08:26:35 +0800] "GET /favicon.ico HTTP/1.1" 404 196 "http://192.168.60.79/manager-page/login.php" "Mozilla/5.0 (Windows NT 10.0; Win64; x64) AppleWebKit/537.36 (KHTML, like Gecko) Chrome/136.0.0.0 Safari/537.36 Edg/136.0.0.0"
172.16.36.181 - - [23/May/2025:08:26:50 +0800] "POST /manager-page/login.php HTTP/1.1" 302 - "http://192.168.60.79/manager-page/login.php" "Mozilla/5.0 (Windows NT 10.0; Win64; x64) AppleWebKit/537.36 (KHTML, like Gecko) Chrome/136.0.0.0 Safari/537.36 Edg/136.0.0.0"
172.16.36.181 - - [23/May/2025:08:26:51 +0800] "GET /manager-page/home.php HTTP/1.1" 302 - "http://192.168.60.79/manager-page/login.php" "Mozilla/5.0 (Windows NT 10.0; Win64; x64) AppleWebKit/537.36 (KHTML, like Gecko) Chrome/136.0.0.0 Safari/537.36 Edg/136.0.0.0"
172.16.36.181 - - [23/May/2025:08:26:51 +0800] "GET /manager-page/alarm/1-1.jpg?t=1217050241 HTTP/1.1" 200 322868 "http://192.168.60.79/manager-page/home-1.php" "Mozilla/5.0 (Windows NT 10.0; Win64; x64) AppleWebKit/537.36 (KHTML, like Gecko) Chrome/136.0.0.0 Safari/537.36 Edg/136.0.0.0"
172.16.36.181 - - [23/May/2025:08:26:51 +0800] "GET /manager-page/alarm/1-2.jpg?t=2045974698 HTTP/1.1" 200 282261 "http://192.168.60.79/manager-page/home-1.php" "Mozilla/5.0 (Windows NT 10.0; Win64; x64) AppleWebKit/537.36 (KHTML, like Gecko) Chrome/136.0.0.0 Safari/537.36 Edg/136.0.0.0"
172.16.36.181 - - [23/May/2025:08:26:51 +0800] "GET /manager-page/home-1.php HTTP/1.1" 200 27463 "http://192.168.60.79/manager-page/login.php" "Mozilla/5.0 (Windows NT 10.0; Win64; x64) AppleWebKit/537.36 (KHTML, like Gecko) Chrome/136.0.0.0 Safari/537.36 Edg/136.0.0.0"
172.16.36.181 - - [23/May/2025:08:26:51 +0800] "GET /manager-page/api/snapshot.php?id=11 HTTP/1.1" 200 44909 "http://192.168.60.79/manager-page/home-1.php" "Mozilla/5.0 (Windows NT 10.0; Win64; x64) AppleWebKit/537.36 (KHTML, like Gecko) Chrome/136.0.0.0 Safari/537.36 Edg/136.0.0.0"
172.16.36.181 - - [23/May/2025:08:26:51 +0800] "GET /manager-page/api/snapshot.php?id=12 HTTP/1.1" 200 48074 "http://192.168.60.79/manager-page/home-1.php" "Mozilla/5.0 (Windows NT 10.0; Win64; x64) AppleWebKit/537.36 (KHTML, like Gecko) Chrome/136.0.0.0 Safari/537.36 Edg/136.0.0.0"
172.16.36.181 - - [23/May/2025:08:26:52 +0800] "GET /manager-page/api/cms-status1.php HTTP/1.1" 200 12 "http://192.168.60.79/manager-page/home-1.php" "Mozilla/5.0 (Windows NT 10.0; Win64; x64) AppleWebKit/537.36 (KHTML, like Gecko) Chrome/136.0.0.0 Safari/537.36 Edg/136.0.0.0"
172.16.36.181 - - [23/May/2025:08:26:52 +0800] "GET /manager-page/api/lp-status1.php HTTP/1.1" 200 1 "http://192.168.60.79/manager-page/home-1.php" "Mozilla/5.0 (Windows NT 10.0; Win64; x64) AppleWebKit/537.36 (KHTML, like Gecko) Chrome/136.0.0.0 Safari/537.36 Edg/136.0.0.0"
172.16.36.181 - - [23/May/2025:08:26:53 +0800] "GET /manager-page/alarm/1-1.jpg?t=284191399 HTTP/1.1" 200 322868 "http://192.168.60.79/manager-page/home-1.php" "Mozilla/5.0 (Windows NT 10.0; Win64; x64) AppleWebKit/537.36 (KHTML, like Gecko) Chrome/136.0.0.0 Safari/537.36 Edg/136.0.0.0"
172.16.36.181 - - [23/May/2025:08:26:53 +0800] "GET /manager-page/alarm/1-2.jpg?t=753337765 HTTP/1.1" 200 282261 "http://192.168.60.79/manager-page/home-1.php" "Mozilla/5.0 (Windows NT 10.0; Win64; x64) AppleWebKit/537.36 (KHTML, like Gecko) Chrome/136.0.0.0 Safari/537.36 Edg/136.0.0.0"
172.16.36.181 - - [23/May/2025:08:26:53 +0800] "GET /manager-page/home-1.php HTTP/1.1" 200 27462 "http://192.168.60.79/manager-page/home-1.php" "Mozilla/5.0 (Windows NT 10.0; Win64; x64) AppleWebKit/537.36 (KHTML, like Gecko) Chrome/136.0.0.0 Safari/537.36 Edg/136.0.0.0"
172.16.36.181 - - [23/May/2025:08:26:53 +0800] "GET /manager-page/api/snapshot.php?id=12 HTTP/1.1" 200 48438 "http://192.168.60.79/manager-page/home-1.php" "Mozilla/5.0 (Windows NT 10.0; Win64; x64) AppleWebKit/537.36 (KHTML, like Gecko) Chrome/136.0.0.0 Safari/537.36 Edg/136.0.0.0"
172.16.36.181 - - [23/May/2025:08:26:53 +0800] "GET /manager-page/api/snapshot.php?id=11 HTTP/1.1" 200 35176 "http://192.168.60.79/manager-page/home-1.php" "Mozilla/5.0 (Windows NT 10.0; Win64; x64) AppleWebKit/537.36 (KHTML, like Gecko) Chrome/136.0.0.0 Safari/537.36 Edg/136.0.0.0"
172.16.36.181 - - [23/May/2025:08:26:55 +0800] "GET /manager-page/api/lp-status1.php HTTP/1.1" 200 1 "http://192.168.60.79/manager-page/home-1.php" "Mozilla/5.0 (Windows NT 10.0; Win64; x64) AppleWebKit/537.36 (KHTML, like Gecko) Chrome/136.0.0.0 Safari/537.36 Edg/136.0.0.0"
172.16.36.181 - - [23/May/2025:08:26:55 +0800] "GET /manager-page/api/cms-status1.php HTTP/1.1" 200 12 "http://192.168.60.79/manager-page/home-1.php" "Mozilla/5.0 (Windows NT 10.0; Win64; x64) AppleWebKit/537.36 (KHTML, like Gecko) Chrome/136.0.0.0 Safari/537.36 Edg/136.0.0.0"
172.16.36.181 - - [23/May/2025:08:27:00 +0800] "GET /manager-page/api/snapshot.php?id=11&t=0.1305996912283891 HTTP/1.1" 200 45481 "http://192.168.60.79/manager-page/home-1.php" "Mozilla/5.0 (Windows NT 10.0; Win64; x64) AppleWebKit/537.36 (KHTML, like Gecko) Chrome/136.0.0.0 Safari/537.36 Edg/136.0.0.0"
172.16.36.181 - - [23/May/2025:08:27:00 +0800] "GET /manager-page/api/snapshot.php?id=12&t=0.7242209576850261 HTTP/1.1" 200 48424 "http://192.168.60.79/manager-page/home-1.php" "Mozilla/5.0 (Windows NT 10.0; Win64; x64) AppleWebKit/537.36 (KHTML, like Gecko) Chrome/136.0.0.0 Safari/537.36 Edg/136.0.0.0"
172.16.36.181 - - [23/May/2025:08:27:05 +0800] "GET /manager-page/api/snapshot.php?id=12&t=0.40190277594290946 HTTP/1.1" 200 48438 "http://192.168.60.79/manager-page/home-1.php" "Mozilla/5.0 (Windows NT 10.0; Win64; x64) AppleWebKit/537.36 (KHTML, like Gecko) Chrome/136.0.0.0 Safari/537.36 Edg/136.0.0.0"
172.16.36.181 - - [23/May/2025:08:27:05 +0800] "GET /manager-page/api/snapshot.php?id=11&t=0.0348146636417912 HTTP/1.1" 200 45985 "http://192.168.60.79/manager-page/home-1.php" "Mozilla/5.0 (Windows NT 10.0; Win64; x64) AppleWebKit/537.36 (KHTML, like Gecko) Chrome/136.0.0.0 Safari/537.36 Edg/136.0.0.0"
172.16.36.181 - - [23/May/2025:08:27:06 +0800] "GET /manager-page/alarm/2-1.jpg?t=241361377 HTTP/1.1" 200 488641 "http://192.168.60.79/manager-page/home-2.php" "Mozilla/5.0 (Windows NT 10.0; Win64; x64) AppleWebKit/537.36 (KHTML, like Gecko) Chrome/136.0.0.0 Safari/537.36 Edg/136.0.0.0"
172.16.36.181 - - [23/May/2025:08:27:06 +0800] "GET /manager-page/alarm/2-2.jpg?t=1892754272 HTTP/1.1" 200 476851 "http://192.168.60.79/manager-page/home-2.php" "Mozilla/5.0 (Windows NT 10.0; Win64; x64) AppleWebKit/537.36 (KHTML, like Gecko) Chrome/136.0.0.0 Safari/537.36 Edg/136.0.0.0"
172.16.36.181 - - [23/May/2025:08:27:06 +0800] "GET /manager-page/home-2.php HTTP/1.1" 200 27464 "http://192.168.60.79/manager-page/home-1.php" "Mozilla/5.0 (Windows NT 10.0; Win64; x64) AppleWebKit/537.36 (KHTML, like Gecko) Chrome/136.0.0.0 Safari/537.36 Edg/136.0.0.0"
172.16.36.181 - - [23/May/2025:08:27:06 +0800] "GET /manager-page/api/snapshot.php?id=21 HTTP/1.1" 200 45855 "http://192.168.60.79/manager-page/home-2.php" "Mozilla/5.0 (Windows NT 10.0; Win64; x64) AppleWebKit/537.36 (KHTML, like Gecko) Chrome/136.0.0.0 Safari/537.36 Edg/136.0.0.0"
172.16.36.181 - - [23/May/2025:08:27:06 +0800] "GET /manager-page/api/snapshot.php?id=22 HTTP/1.1" 500 - "http://192.168.60.79/manager-page/home-2.php" "Mozilla/5.0 (Windows NT 10.0; Win64; x64) AppleWebKit/537.36 (KHTML, like Gecko) Chrome/136.0.0.0 Safari/537.36 Edg/136.0.0.0"
172.16.36.181 - - [23/May/2025:08:27:08 +0800] "GET /manager-page/api/cms-status2.php HTTP/1.1" 500 - "http://192.168.60.79/manager-page/home-2.php" "Mozilla/5.0 (Windows NT 10.0; Win64; x64) AppleWebKit/537.36 (KHTML, like Gecko) Chrome/136.0.0.0 Safari/537.36 Edg/136.0.0.0"
172.16.36.181 - - [23/May/2025:08:27:08 +0800] "GET /manager-page/api/lp-status2.php HTTP/1.1" 500 - "http://192.168.60.79/manager-page/home-2.php" "Mozilla/5.0 (Windows NT 10.0; Win64; x64) AppleWebKit/537.36 (KHTML, like Gecko) Chrome/136.0.0.0 Safari/537.36 Edg/136.0.0.0"
172.16.36.181 - - [23/May/2025:08:27:13 +0800] "GET /manager-page/api/snapshot.php?id=21&t=0.20035343161215413 HTTP/1.1" 200 45779 "http://192.168.60.79/manager-page/home-2.php" "Mozilla/5.0 (Windows NT 10.0; Win64; x64) AppleWebKit/537.36 (KHTML, like Gecko) Chrome/136.0.0.0 Safari/537.36 Edg/136.0.0.0"
172.16.36.181 - - [23/May/2025:08:27:13 +0800] "GET /manager-page/api/snapshot.php?id=22&t=0.8239449450007411 HTTP/1.1" 500 - "http://192.168.60.79/manager-page/home-2.php" "Mozilla/5.0 (Windows NT 10.0; Win64; x64) AppleWebKit/537.36 (KHTML, like Gecko) Chrome/136.0.0.0 Safari/537.36 Edg/136.0.0.0"
172.16.36.181 - - [23/May/2025:08:27:18 +0800] "GET /manager-page/api/snapshot.php?id=22&t=0.9939299910257624 HTTP/1.1" 500 - "http://192.168.60.79/manager-page/home-2.php" "Mozilla/5.0 (Windows NT 10.0; Win64; x64) AppleWebKit/537.36 (KHTML, like Gecko) Chrome/136.0.0.0 Safari/537.36 Edg/136.0.0.0"
172.16.36.181 - - [23/May/2025:08:27:18 +0800] "GET /manager-page/api/snapshot.php?id=21&t=0.24365650106557102 HTTP/1.1" 500 - "http://192.168.60.79/manager-page/home-2.php" "Mozilla/5.0 (Windows NT 10.0; Win64; x64) AppleWebKit/537.36 (KHTML, like Gecko) Chrome/136.0.0.0 Safari/537.36 Edg/136.0.0.0"
172.16.36.181 - - [23/May/2025:08:27:21 +0800] "GET /manager-page/home-4.php HTTP/1.1" 200 27473 "http://192.168.60.79/manager-page/home-2.php" "Mozilla/5.0 (Windows NT 10.0; Win64; x64) AppleWebKit/537.36 (KHTML, like Gecko) Chrome/136.0.0.0 Safari/537.36 Edg/136.0.0.0"
172.16.36.181 - - [23/May/2025:08:27:23 +0800] "GET /manager-page/api/snapshot.php?id=21&t=0.5432139984368776 HTTP/1.1" 200 45792 "http://192.168.60.79/manager-page/home-2.php" "Mozilla/5.0 (Windows NT 10.0; Win64; x64) AppleWebKit/537.36 (KHTML, like Gecko) Chrome/136.0.0.0 Safari/537.36 Edg/136.0.0.0"
172.16.36.181 - - [23/May/2025:08:27:23 +0800] "GET /manager-page/api/snapshot.php?id=22&t=0.08813254718143704 HTTP/1.1" 500 - "http://192.168.60.79/manager-page/home-2.php" "Mozilla/5.0 (Windows NT 10.0; Win64; x64) AppleWebKit/537.36 (KHTML, like Gecko) Chrome/136.0.0.0 Safari/537.36 Edg/136.0.0.0"
172.16.36.181 - - [23/May/2025:08:27:30 +0800] "GET /manager-page/alarm/4-1.jpg?t=91186056 HTTP/1.1" 200 436474 "http://192.168.60.79/manager-page/home-4.php" "Mozilla/5.0 (Windows NT 10.0; Win64; x64) AppleWebKit/537.36 (KHTML, like Gecko) Chrome/136.0.0.0 Safari/537.36 Edg/136.0.0.0"
172.16.36.181 - - [23/May/2025:08:27:30 +0800] "GET /manager-page/alarm/4-2.jpg?t=1265560603 HTTP/1.1" 200 543160 "http://192.168.60.79/manager-page/home-4.php" "Mozilla/5.0 (Windows NT 10.0; Win64; x64) AppleWebKit/537.36 (KHTML, like Gecko) Chrome/136.0.0.0 Safari/537.36 Edg/136.0.0.0"
172.16.36.181 - - [23/May/2025:08:27:23 +0800] "GET /manager-page/home-4.php HTTP/1.1" 200 27471 "http://192.168.60.79/manager-page/home-2.php" "Mozilla/5.0 (Windows NT 10.0; Win64; x64) AppleWebKit/537.36 (KHTML, like Gecko) Chrome/136.0.0.0 Safari/537.36 Edg/136.0.0.0"
172.16.36.181 - - [23/May/2025:08:27:28 +0800] "GET /manager-page/api/snapshot.php?id=21&t=0.8959521617554771 HTTP/1.1" 200 45771 "http://192.168.60.79/manager-page/home-2.php" "Mozilla/5.0 (Windows NT 10.0; Win64; x64) AppleWebKit/537.36 (KHTML, like Gecko) Chrome/136.0.0.0 Safari/537.36 Edg/136.0.0.0"
172.16.36.181 - - [23/May/2025:08:27:28 +0800] "GET /manager-page/api/snapshot.php?id=22&t=0.39031595747112224 HTTP/1.1" 200 40410 "http://192.168.60.79/manager-page/home-2.php" "Mozilla/5.0 (Windows NT 10.0; Win64; x64) AppleWebKit/537.36 (KHTML, like Gecko) Chrome/136.0.0.0 Safari/537.36 Edg/136.0.0.0"
172.16.36.181 - - [23/May/2025:08:27:30 +0800] "GET /manager-page/api/snapshot.php?id=41 HTTP/1.1" 200 56915 "http://192.168.60.79/manager-page/home-4.php" "Mozilla/5.0 (Windows NT 10.0; Win64; x64) AppleWebKit/537.36 (KHTML, like Gecko) Chrome/136.0.0.0 Safari/537.36 Edg/136.0.0.0"
172.16.36.181 - - [23/May/2025:08:27:30 +0800] "GET /manager-page/api/snapshot.php?id=42 HTTP/1.1" 200 58982 "http://192.168.60.79/manager-page/home-4.php" "Mozilla/5.0 (Windows NT 10.0; Win64; x64) AppleWebKit/537.36 (KHTML, like Gecko) Chrome/136.0.0.0 Safari/537.36 Edg/136.0.0.0"
172.16.36.181 - - [23/May/2025:08:27:31 +0800] "GET /manager-page/api/lp-status4.php HTTP/1.1" 200 1 "http://192.168.60.79/manager-page/home-4.php" "Mozilla/5.0 (Windows NT 10.0; Win64; x64) AppleWebKit/537.36 (KHTML, like Gecko) Chrome/136.0.0.0 Safari/537.36 Edg/136.0.0.0"
172.16.36.181 - - [23/May/2025:08:27:31 +0800] "GET /manager-page/api/cms-status4.php HTTP/1.1" 200 12 "http://192.168.60.79/manager-page/home-4.php" "Mozilla/5.0 (Windows NT 10.0; Win64; x64) AppleWebKit/537.36 (KHTML, like Gecko) Chrome/136.0.0.0 Safari/537.36 Edg/136.0.0.0"
172.16.36.181 - - [23/May/2025:08:27:36 +0800] "GET /manager-page/api/snapshot.php?id=41&t=0.6366224717224159 HTTP/1.1" 200 55911 "http://192.168.60.79/manager-page/home-4.php" "Mozilla/5.0 (Windows NT 10.0; Win64; x64) AppleWebKit/537.36 (KHTML, like Gecko) Chrome/136.0.0.0 Safari/537.36 Edg/136.0.0.0"
172.16.36.181 - - [23/May/2025:08:27:36 +0800] "GET /manager-page/api/snapshot.php?id=42&t=0.8052522132268987 HTTP/1.1" 200 59532 "http://192.168.60.79/manager-page/home-4.php" "Mozilla/5.0 (Windows NT 10.0; Win64; x64) AppleWebKit/537.36 (KHTML, like Gecko) Chrome/136.0.0.0 Safari/537.36 Edg/136.0.0.0"
172.16.36.181 - - [23/May/2025:08:27:41 +0800] "GET /manager-page/api/snapshot.php?id=41&t=0.9770358310843333 HTTP/1.1" 200 56288 "http://192.168.60.79/manager-page/home-4.php" "Mozilla/5.0 (Windows NT 10.0; Win64; x64) AppleWebKit/537.36 (KHTML, like Gecko) Chrome/136.0.0.0 Safari/537.36 Edg/136.0.0.0"
172.16.36.181 - - [23/May/2025:08:27:41 +0800] "GET /manager-page/api/snapshot.php?id=42&t=0.7228851975907863 HTTP/1.1" 200 58863 "http://192.168.60.79/manager-page/home-4.php" "Mozilla/5.0 (Windows NT 10.0; Win64; x64) AppleWebKit/537.36 (KHTML, like Gecko) Chrome/136.0.0.0 Safari/537.36 Edg/136.0.0.0"
172.16.36.181 - - [23/May/2025:08:27:46 +0800] "GET /manager-page/api/snapshot.php?id=42&t=0.43912274269469687 HTTP/1.1" 200 58861 "http://192.168.60.79/manager-page/home-4.php" "Mozilla/5.0 (Windows NT 10.0; Win64; x64) AppleWebKit/537.36 (KHTML, like Gecko) Chrome/136.0.0.0 Safari/537.36 Edg/136.0.0.0"
172.16.36.181 - - [23/May/2025:08:27:46 +0800] "GET /manager-page/api/snapshot.php?id=41&t=0.2656858000334069 HTTP/1.1" 200 56312 "http://192.168.60.79/manager-page/home-4.php" "Mozilla/5.0 (Windows NT 10.0; Win64; x64) AppleWebKit/537.36 (KHTML, like Gecko) Chrome/136.0.0.0 Safari/537.36 Edg/136.0.0.0"
172.16.36.181 - - [23/May/2025:08:27:51 +0800] "GET /manager-page/api/snapshot.php?id=42&t=0.3970714997603716 HTTP/1.1" 200 58900 "http://192.168.60.79/manager-page/home-4.php" "Mozilla/5.0 (Windows NT 10.0; Win64; x64) AppleWebKit/537.36 (KHTML, like Gecko) Chrome/136.0.0.0 Safari/537.36 Edg/136.0.0.0"
172.16.36.181 - - [23/May/2025:08:27:51 +0800] "GET /manager-page/api/snapshot.php?id=41&t=0.23874617063807457 HTTP/1.1" 200 56288 "http://192.168.60.79/manager-page/home-4.php" "Mozilla/5.0 (Windows NT 10.0; Win64; x64) AppleWebKit/537.36 (KHTML, like Gecko) Chrome/136.0.0.0 Safari/537.36 Edg/136.0.0.0"
172.16.36.181 - - [23/May/2025:08:27:56 +0800] "GET /manager-page/api/snapshot.php?id=41&t=0.3477264650804558 HTTP/1.1" 200 56384 "http://192.168.60.79/manager-page/home-4.php" "Mozilla/5.0 (Windows NT 10.0; Win64; x64) AppleWebKit/537.36 (KHTML, like Gecko) Chrome/136.0.0.0 Safari/537.36 Edg/136.0.0.0"
172.16.36.181 - - [23/May/2025:08:27:56 +0800] "GET /manager-page/api/snapshot.php?id=42&t=0.8704281907823757 HTTP/1.1" 200 58889 "http://192.168.60.79/manager-page/home-4.php" "Mozilla/5.0 (Windows NT 10.0; Win64; x64) AppleWebKit/537.36 (KHTML, like Gecko) Chrome/136.0.0.0 Safari/537.36 Edg/136.0.0.0"
172.16.36.181 - - [23/May/2025:08:28:01 +0800] "GET /manager-page/api/snapshot.php?id=42&t=0.6792745595328021 HTTP/1.1" 200 58829 "http://192.168.60.79/manager-page/home-4.php" "Mozilla/5.0 (Windows NT 10.0; Win64; x64) AppleWebKit/537.36 (KHTML, like Gecko) Chrome/136.0.0.0 Safari/537.36 Edg/136.0.0.0"
172.16.36.181 - - [23/May/2025:08:28:01 +0800] "GET /manager-page/api/snapshot.php?id=41&t=0.44594728479775325 HTTP/1.1" 200 56340 "http://192.168.60.79/manager-page/home-4.php" "Mozilla/5.0 (Windows NT 10.0; Win64; x64) AppleWebKit/537.36 (KHTML, like Gecko) Chrome/136.0.0.0 Safari/537.36 Edg/136.0.0.0"
172.16.36.181 - - [23/May/2025:08:28:06 +0800] "GET /manager-page/api/snapshot.php?id=41&t=0.5814007870424738 HTTP/1.1" 200 56368 "http://192.168.60.79/manager-page/home-4.php" "Mozilla/5.0 (Windows NT 10.0; Win64; x64) AppleWebKit/537.36 (KHTML, like Gecko) Chrome/136.0.0.0 Safari/537.36 Edg/136.0.0.0"
172.16.36.181 - - [23/May/2025:08:28:06 +0800] "GET /manager-page/api/snapshot.php?id=42&t=0.7218844303845995 HTTP/1.1" 200 58868 "http://192.168.60.79/manager-page/home-4.php" "Mozilla/5.0 (Windows NT 10.0; Win64; x64) AppleWebKit/537.36 (KHTML, like Gecko) Chrome/136.0.0.0 Safari/537.36 Edg/136.0.0.0"
172.16.36.181 - - [23/May/2025:08:28:11 +0800] "GET /manager-page/api/snapshot.php?id=41&t=0.28779332605882846 HTTP/1.1" 200 56404 "http://192.168.60.79/manager-page/home-4.php" "Mozilla/5.0 (Windows NT 10.0; Win64; x64) AppleWebKit/537.36 (KHTML, like Gecko) Chrome/136.0.0.0 Safari/537.36 Edg/136.0.0.0"
172.16.36.181 - - [23/May/2025:08:28:11 +0800] "GET /manager-page/api/snapshot.php?id=42&t=0.003565423904380305 HTTP/1.1" 200 58845 "http://192.168.60.79/manager-page/home-4.php" "Mozilla/5.0 (Windows NT 10.0; Win64; x64) AppleWebKit/537.36 (KHTML, like Gecko) Chrome/136.0.0.0 Safari/537.36 Edg/136.0.0.0"
172.16.36.181 - - [23/May/2025:08:28:16 +0800] "GET /manager-page/api/snapshot.php?id=41&t=0.7083302717955919 HTTP/1.1" 200 56349 "http://192.168.60.79/manager-page/home-4.php" "Mozilla/5.0 (Windows NT 10.0; Win64; x64) AppleWebKit/537.36 (KHTML, like Gecko) Chrome/136.0.0.0 Safari/537.36 Edg/136.0.0.0"
172.16.36.181 - - [23/May/2025:08:28:16 +0800] "GET /manager-page/api/snapshot.php?id=42&t=0.6341949812600146 HTTP/1.1" 200 58874 "http://192.168.60.79/manager-page/home-4.php" "Mozilla/5.0 (Windows NT 10.0; Win64; x64) AppleWebKit/537.36 (KHTML, like Gecko) Chrome/136.0.0.0 Safari/537.36 Edg/136.0.0.0"
172.16.36.181 - - [23/May/2025:08:28:21 +0800] "GET /manager-page/api/snapshot.php?id=42&t=0.15127483178015422 HTTP/1.1" 200 58877 "http://192.168.60.79/manager-page/home-4.php" "Mozilla/5.0 (Windows NT 10.0; Win64; x64) AppleWebKit/537.36 (KHTML, like Gecko) Chrome/136.0.0.0 Safari/537.36 Edg/136.0.0.0"
172.16.36.181 - - [23/May/2025:08:28:21 +0800] "GET /manager-page/api/snapshot.php?id=41&t=0.7791945712942538 HTTP/1.1" 200 56339 "http://192.168.60.79/manager-page/home-4.php" "Mozilla/5.0 (Windows NT 10.0; Win64; x64) AppleWebKit/537.36 (KHTML, like Gecko) Chrome/136.0.0.0 Safari/537.36 Edg/136.0.0.0"
172.16.36.181 - - [23/May/2025:08:28:26 +0800] "GET /manager-page/api/snapshot.php?id=42&t=0.9185301183978236 HTTP/1.1" 200 58909 "http://192.168.60.79/manager-page/home-4.php" "Mozilla/5.0 (Windows NT 10.0; Win64; x64) AppleWebKit/537.36 (KHTML, like Gecko) Chrome/136.0.0.0 Safari/537.36 Edg/136.0.0.0"
172.16.36.181 - - [23/May/2025:08:28:26 +0800] "GET /manager-page/api/snapshot.php?id=41&t=0.8316830644214949 HTTP/1.1" 200 56395 "http://192.168.60.79/manager-page/home-4.php" "Mozilla/5.0 (Windows NT 10.0; Win64; x64) AppleWebKit/537.36 (KHTML, like Gecko) Chrome/136.0.0.0 Safari/537.36 Edg/136.0.0.0"
111.70.30.252 - - [23/May/2025:08:29:20 +0800] "POST /robot/lora-in.php HTTP/1.1" 200 - "-" "python-requests/2.21.0"
172.16.36.181 - - [23/May/2025:08:29:25 +0800] "GET /manager-page/api/snapshot.php?id=42&t=0.9423057912303663 HTTP/1.1" 200 58445 "http://192.168.60.79/manager-page/home-4.php" "Mozilla/5.0 (Windows NT 10.0; Win64; x64) AppleWebKit/537.36 (KHTML, like Gecko) Chrome/136.0.0.0 Safari/537.36 Edg/136.0.0.0"
172.16.36.181 - - [23/May/2025:08:29:25 +0800] "GET /manager-page/api/snapshot.php?id=41&t=0.9845435338919515 HTTP/1.1" 200 56451 "http://192.168.60.79/manager-page/home-4.php" "Mozilla/5.0 (Windows NT 10.0; Win64; x64) AppleWebKit/537.36 (KHTML, like Gecko) Chrome/136.0.0.0 Safari/537.36 Edg/136.0.0.0"
111.70.30.251 - - [23/May/2025:08:29:49 +0800] "POST /robot/lora-in.php HTTP/1.1" 200 - "-" "python-requests/2.21.0"
111.70.30.250 - - [23/May/2025:08:30:24 +0800] "POST /robot/lora-in.php HTTP/1.1" 200 - "-" "python-requests/2.21.0"
172.16.36.181 - - [23/May/2025:08:30:25 +0800] "GET /manager-page/api/snapshot.php?id=41&t=0.30429187456306594 HTTP/1.1" 200 56485 "http://192.168.60.79/manager-page/home-4.php" "Mozilla/5.0 (Windows NT 10.0; Win64; x64) AppleWebKit/537.36 (KHTML, like Gecko) Chrome/136.0.0.0 Safari/537.36 Edg/136.0.0.0"
172.16.36.181 - - [23/May/2025:08:30:25 +0800] "GET /manager-page/api/snapshot.php?id=42&t=0.7789595703167987 HTTP/1.1" 200 58527 "http://192.168.60.79/manager-page/home-4.php" "Mozilla/5.0 (Windows NT 10.0; Win64; x64) AppleWebKit/537.36 (KHTML, like Gecko) Chrome/136.0.0.0 Safari/537.36 Edg/136.0.0.0"
111.70.30.253 - - [23/May/2025:08:30:44 +0800] "POST /robot/lora-in.php HTTP/1.1" 200 - "-" "python-requests/2.21.0"
172.16.36.181 - - [23/May/2025:08:31:25 +0800] "GET /manager-page/api/snapshot.php?id=41&t=0.5388331429554328 HTTP/1.1" 200 56428 "http://192.168.60.79/manager-page/home-4.php" "Mozilla/5.0 (Windows NT 10.0; Win64; x64) AppleWebKit/537.36 (KHTML, like Gecko) Chrome/136.0.0.0 Safari/537.36 Edg/136.0.0.0"
172.16.36.181 - - [23/May/2025:08:31:25 +0800] "GET /manager-page/api/snapshot.php?id=42&t=0.5588161654735025 HTTP/1.1" 200 58543 "http://192.168.60.79/manager-page/home-4.php" "Mozilla/5.0 (Windows NT 10.0; Win64; x64) AppleWebKit/537.36 (KHTML, like Gecko) Chrome/136.0.0.0 Safari/537.36 Edg/136.0.0.0"
172.16.36.181 - - [23/May/2025:08:32:25 +0800] "GET /manager-page/api/snapshot.php?id=41&t=0.9831418978597464 HTTP/1.1" 200 56631 "http://192.168.60.79/manager-page/home-4.php" "Mozilla/5.0 (Windows NT 10.0; Win64; x64) AppleWebKit/537.36 (KHTML, like Gecko) Chrome/136.0.0.0 Safari/537.36 Edg/136.0.0.0"
172.16.36.181 - - [23/May/2025:08:32:25 +0800] "GET /manager-page/api/snapshot.php?id=42&t=0.9202543046345621 HTTP/1.1" 200 58586 "http://192.168.60.79/manager-page/home-4.php" "Mozilla/5.0 (Windows NT 10.0; Win64; x64) AppleWebKit/537.36 (KHTML, like Gecko) Chrome/136.0.0.0 Safari/537.36 Edg/136.0.0.0"
111.70.30.251 - - [23/May/2025:08:32:26 +0800] "POST /robot/lora-in.php HTTP/1.1" 200 - "-" "python-requests/2.21.0"
172.16.36.181 - - [23/May/2025:08:33:25 +0800] "GET /manager-page/api/snapshot.php?id=41&t=0.6106972156199644 HTTP/1.1" 200 56463 "http://192.168.60.79/manager-page/home-4.php" "Mozilla/5.0 (Windows NT 10.0; Win64; x64) AppleWebKit/537.36 (KHTML, like Gecko) Chrome/136.0.0.0 Safari/537.36 Edg/136.0.0.0"
172.16.36.181 - - [23/May/2025:08:33:25 +0800] "GET /manager-page/api/snapshot.php?id=42&t=0.6192245377572632 HTTP/1.1" 200 58540 "http://192.168.60.79/manager-page/home-4.php" "Mozilla/5.0 (Windows NT 10.0; Win64; x64) AppleWebKit/537.36 (KHTML, like Gecko) Chrome/136.0.0.0 Safari/537.36 Edg/136.0.0.0"
172.16.36.181 - - [23/May/2025:08:34:25 +0800] "GET /manager-page/api/snapshot.php?id=42&t=0.6359071014792891 HTTP/1.1" 200 58644 "http://192.168.60.79/manager-page/home-4.php" "Mozilla/5.0 (Windows NT 10.0; Win64; x64) AppleWebKit/537.36 (KHTML, like Gecko) Chrome/136.0.0.0 Safari/537.36 Edg/136.0.0.0"
172.16.36.181 - - [23/May/2025:08:34:25 +0800] "GET /manager-page/api/snapshot.php?id=41&t=0.35298470806251603 HTTP/1.1" 200 56479 "http://192.168.60.79/manager-page/home-4.php" "Mozilla/5.0 (Windows NT 10.0; Win64; x64) AppleWebKit/537.36 (KHTML, like Gecko) Chrome/136.0.0.0 Safari/537.36 Edg/136.0.0.0"
172.16.36.181 - - [23/May/2025:08:35:25 +0800] "GET /manager-page/api/snapshot.php?id=41&t=0.6342403119380482 HTTP/1.1" 200 56598 "http://192.168.60.79/manager-page/home-4.php" "Mozilla/5.0 (Windows NT 10.0; Win64; x64) AppleWebKit/537.36 (KHTML, like Gecko) Chrome/136.0.0.0 Safari/537.36 Edg/136.0.0.0"
172.16.36.181 - - [23/May/2025:08:35:25 +0800] "GET /manager-page/api/snapshot.php?id=42&t=0.7848908642659433 HTTP/1.1" 200 58656 "http://192.168.60.79/manager-page/home-4.php" "Mozilla/5.0 (Windows NT 10.0; Win64; x64) AppleWebKit/537.36 (KHTML, like Gecko) Chrome/136.0.0.0 Safari/537.36 Edg/136.0.0.0"
172.16.36.181 - - [23/May/2025:08:36:25 +0800] "GET /manager-page/api/snapshot.php?id=41&t=0.7355146217043105 HTTP/1.1" 200 56868 "http://192.168.60.79/manager-page/home-4.php" "Mozilla/5.0 (Windows NT 10.0; Win64; x64) AppleWebKit/537.36 (KHTML, like Gecko) Chrome/136.0.0.0 Safari/537.36 Edg/136.0.0.0"
172.16.36.181 - - [23/May/2025:08:36:25 +0800] "GET /manager-page/api/snapshot.php?id=42&t=0.595472326889319 HTTP/1.1" 200 58580 "http://192.168.60.79/manager-page/home-4.php" "Mozilla/5.0 (Windows NT 10.0; Win64; x64) AppleWebKit/537.36 (KHTML, like Gecko) Chrome/136.0.0.0 Safari/537.36 Edg/136.0.0.0"
172.16.36.181 - - [23/May/2025:08:37:25 +0800] "GET /manager-page/api/snapshot.php?id=41&t=0.17845774143104876 HTTP/1.1" 200 56960 "http://192.168.60.79/manager-page/home-4.php" "Mozilla/5.0 (Windows NT 10.0; Win64; x64) AppleWebKit/537.36 (KHTML, like Gecko) Chrome/136.0.0.0 Safari/537.36 Edg/136.0.0.0"
172.16.36.181 - - [23/May/2025:08:37:25 +0800] "GET /manager-page/api/snapshot.php?id=42&t=0.5109529751684736 HTTP/1.1" 200 58658 "http://192.168.60.79/manager-page/home-4.php" "Mozilla/5.0 (Windows NT 10.0; Win64; x64) AppleWebKit/537.36 (KHTML, like Gecko) Chrome/136.0.0.0 Safari/537.36 Edg/136.0.0.0"
111.70.30.251 - - [23/May/2025:08:38:07 +0800] "POST /robot/lora-in.php HTTP/1.1" 200 - "-" "python-requests/2.21.0"
172.16.36.181 - - [23/May/2025:08:38:25 +0800] "GET /manager-page/api/snapshot.php?id=41&t=0.28338395427492546 HTTP/1.1" 200 57012 "http://192.168.60.79/manager-page/home-4.php" "Mozilla/5.0 (Windows NT 10.0; Win64; x64) AppleWebKit/537.36 (KHTML, like Gecko) Chrome/136.0.0.0 Safari/537.36 Edg/136.0.0.0"
172.16.36.181 - - [23/May/2025:08:38:25 +0800] "GET /manager-page/api/snapshot.php?id=42&t=0.6994357673835649 HTTP/1.1" 200 58643 "http://192.168.60.79/manager-page/home-4.php" "Mozilla/5.0 (Windows NT 10.0; Win64; x64) AppleWebKit/537.36 (KHTML, like Gecko) Chrome/136.0.0.0 Safari/537.36 Edg/136.0.0.0"
111.70.30.252 - - [23/May/2025:08:38:29 +0800] "POST /robot/lora-in.php HTTP/1.1" 200 - "-" "python-requests/2.21.0"
111.70.30.250 - - [23/May/2025:08:39:00 +0800] "POST /robot/lora-in.php HTTP/1.1" 200 - "-" "python-requests/2.21.0"
172.16.36.181 - - [23/May/2025:08:39:25 +0800] "GET /manager-page/api/snapshot.php?id=41&t=0.3294990881687564 HTTP/1.1" 200 56906 "http://192.168.60.79/manager-page/home-4.php" "Mozilla/5.0 (Windows NT 10.0; Win64; x64) AppleWebKit/537.36 (KHTML, like Gecko) Chrome/136.0.0.0 Safari/537.36 Edg/136.0.0.0"
172.16.36.181 - - [23/May/2025:08:39:25 +0800] "GET /manager-page/api/snapshot.php?id=42&t=0.5610889685190212 HTTP/1.1" 200 58631 "http://192.168.60.79/manager-page/home-4.php" "Mozilla/5.0 (Windows NT 10.0; Win64; x64) AppleWebKit/537.36 (KHTML, like Gecko) Chrome/136.0.0.0 Safari/537.36 Edg/136.0.0.0"
111.70.30.253 - - [23/May/2025:08:39:27 +0800] "POST /robot/lora-in.php HTTP/1.1" 200 - "-" "python-requests/2.21.0"
172.16.36.181 - - [23/May/2025:08:40:25 +0800] "GET /manager-page/api/snapshot.php?id=42&t=0.7750013290945393 HTTP/1.1" 200 58563 "http://192.168.60.79/manager-page/home-4.php" "Mozilla/5.0 (Windows NT 10.0; Win64; x64) AppleWebKit/537.36 (KHTML, like Gecko) Chrome/136.0.0.0 Safari/537.36 Edg/136.0.0.0"
172.16.36.181 - - [23/May/2025:08:40:25 +0800] "GET /manager-page/api/snapshot.php?id=41&t=0.06514093807520116 HTTP/1.1" 200 57025 "http://192.168.60.79/manager-page/home-4.php" "Mozilla/5.0 (Windows NT 10.0; Win64; x64) AppleWebKit/537.36 (KHTML, like Gecko) Chrome/136.0.0.0 Safari/537.36 Edg/136.0.0.0"
111.70.30.251 - - [23/May/2025:08:41:01 +0800] "POST /robot/lora-in.php HTTP/1.1" 200 - "-" "python-requests/2.21.0"
172.16.36.181 - - [23/May/2025:08:41:25 +0800] "GET /manager-page/api/snapshot.php?id=41&t=0.9421122259905149 HTTP/1.1" 200 57001 "http://192.168.60.79/manager-page/home-4.php" "Mozilla/5.0 (Windows NT 10.0; Win64; x64) AppleWebKit/537.36 (KHTML, like Gecko) Chrome/136.0.0.0 Safari/537.36 Edg/136.0.0.0"
172.16.36.181 - - [23/May/2025:08:41:25 +0800] "GET /manager-page/api/snapshot.php?id=42&t=0.30306750296943763 HTTP/1.1" 200 58652 "http://192.168.60.79/manager-page/home-4.php" "Mozilla/5.0 (Windows NT 10.0; Win64; x64) AppleWebKit/537.36 (KHTML, like Gecko) Chrome/136.0.0.0 Safari/537.36 Edg/136.0.0.0"
172.16.36.181 - - [23/May/2025:08:42:25 +0800] "GET /manager-page/api/snapshot.php?id=41&t=0.7514075622456179 HTTP/1.1" 200 57148 "http://192.168.60.79/manager-page/home-4.php" "Mozilla/5.0 (Windows NT 10.0; Win64; x64) AppleWebKit/537.36 (KHTML, like Gecko) Chrome/136.0.0.0 Safari/537.36 Edg/136.0.0.0"
172.16.36.181 - - [23/May/2025:08:42:25 +0800] "GET /manager-page/api/snapshot.php?id=42&t=0.8369309136336825 HTTP/1.1" 200 59312 "http://192.168.60.79/manager-page/home-4.php" "Mozilla/5.0 (Windows NT 10.0; Win64; x64) AppleWebKit/537.36 (KHTML, like Gecko) Chrome/136.0.0.0 Safari/537.36 Edg/136.0.0.0"
172.16.36.181 - - [23/May/2025:08:43:25 +0800] "GET /manager-page/api/snapshot.php?id=41&t=0.5542425643652127 HTTP/1.1" 200 56917 "http://192.168.60.79/manager-page/home-4.php" "Mozilla/5.0 (Windows NT 10.0; Win64; x64) AppleWebKit/537.36 (KHTML, like Gecko) Chrome/136.0.0.0 Safari/537.36 Edg/136.0.0.0"
172.16.36.181 - - [23/May/2025:08:43:25 +0800] "GET /manager-page/api/snapshot.php?id=42&t=0.29657603069705596 HTTP/1.1" 200 58620 "http://192.168.60.79/manager-page/home-4.php" "Mozilla/5.0 (Windows NT 10.0; Win64; x64) AppleWebKit/537.36 (KHTML, like Gecko) Chrome/136.0.0.0 Safari/537.36 Edg/136.0.0.0"
172.16.36.181 - - [23/May/2025:08:44:25 +0800] "GET /manager-page/api/snapshot.php?id=42&t=0.6122564994692691 HTTP/1.1" 200 58643 "http://192.168.60.79/manager-page/home-4.php" "Mozilla/5.0 (Windows NT 10.0; Win64; x64) AppleWebKit/537.36 (KHTML, like Gecko) Chrome/136.0.0.0 Safari/537.36 Edg/136.0.0.0"
172.16.36.181 - - [23/May/2025:08:44:25 +0800] "GET /manager-page/api/snapshot.php?id=41&t=0.076864342037408 HTTP/1.1" 200 56881 "http://192.168.60.79/manager-page/home-4.php" "Mozilla/5.0 (Windows NT 10.0; Win64; x64) AppleWebKit/537.36 (KHTML, like Gecko) Chrome/136.0.0.0 Safari/537.36 Edg/136.0.0.0"
172.16.36.181 - - [23/May/2025:08:45:25 +0800] "GET /manager-page/api/snapshot.php?id=42&t=0.271966518137864 HTTP/1.1" 200 58741 "http://192.168.60.79/manager-page/home-4.php" "Mozilla/5.0 (Windows NT 10.0; Win64; x64) AppleWebKit/537.36 (KHTML, like Gecko) Chrome/136.0.0.0 Safari/537.36 Edg/136.0.0.0"
172.16.36.181 - - [23/May/2025:08:45:25 +0800] "GET /manager-page/api/snapshot.php?id=41&t=0.3579411305035346 HTTP/1.1" 200 56948 "http://192.168.60.79/manager-page/home-4.php" "Mozilla/5.0 (Windows NT 10.0; Win64; x64) AppleWebKit/537.36 (KHTML, like Gecko) Chrome/136.0.0.0 Safari/537.36 Edg/136.0.0.0"
172.16.36.181 - - [23/May/2025:08:46:25 +0800] "GET /manager-page/api/snapshot.php?id=41&t=0.41712706766935015 HTTP/1.1" 200 56856 "http://192.168.60.79/manager-page/home-4.php" "Mozilla/5.0 (Windows NT 10.0; Win64; x64) AppleWebKit/537.36 (KHTML, like Gecko) Chrome/136.0.0.0 Safari/537.36 Edg/136.0.0.0"
172.16.36.181 - - [23/May/2025:08:46:25 +0800] "GET /manager-page/api/snapshot.php?id=42&t=0.16768217353524284 HTTP/1.1" 200 58827 "http://192.168.60.79/manager-page/home-4.php" "Mozilla/5.0 (Windows NT 10.0; Win64; x64) AppleWebKit/537.36 (KHTML, like Gecko) Chrome/136.0.0.0 Safari/537.36 Edg/136.0.0.0"
111.70.30.251 - - [23/May/2025:08:46:29 +0800] "POST /robot/lora-in.php HTTP/1.1" 200 - "-" "python-requests/2.21.0"
172.16.36.181 - - [23/May/2025:08:47:25 +0800] "GET /manager-page/api/snapshot.php?id=41&t=0.4215879644198045 HTTP/1.1" 200 56826 "http://192.168.60.79/manager-page/home-4.php" "Mozilla/5.0 (Windows NT 10.0; Win64; x64) AppleWebKit/537.36 (KHTML, like Gecko) Chrome/136.0.0.0 Safari/537.36 Edg/136.0.0.0"
172.16.36.181 - - [23/May/2025:08:47:25 +0800] "GET /manager-page/api/snapshot.php?id=42&t=0.60874376950694 HTTP/1.1" 200 58736 "http://192.168.60.79/manager-page/home-4.php" "Mozilla/5.0 (Windows NT 10.0; Win64; x64) AppleWebKit/537.36 (KHTML, like Gecko) Chrome/136.0.0.0 Safari/537.36 Edg/136.0.0.0"
111.70.30.250 - - [23/May/2025:08:47:36 +0800] "POST /robot/lora-in.php HTTP/1.1" 200 - "-" "python-requests/2.21.0"
111.70.30.252 - - [23/May/2025:08:47:37 +0800] "POST /robot/lora-in.php HTTP/1.1" 200 - "-" "python-requests/2.21.0"
111.70.30.253 - - [23/May/2025:08:48:11 +0800] "POST /robot/lora-in.php HTTP/1.1" 200 - "-" "python-requests/2.21.0"
172.16.36.181 - - [23/May/2025:08:48:25 +0800] "GET /manager-page/api/snapshot.php?id=42&t=0.3339742429545931 HTTP/1.1" 200 58746 "http://192.168.60.79/manager-page/home-4.php" "Mozilla/5.0 (Windows NT 10.0; Win64; x64) AppleWebKit/537.36 (KHTML, like Gecko) Chrome/136.0.0.0 Safari/537.36 Edg/136.0.0.0"
172.16.36.181 - - [23/May/2025:08:48:25 +0800] "GET /manager-page/api/snapshot.php?id=41&t=0.8093412216023071 HTTP/1.1" 200 56788 "http://192.168.60.79/manager-page/home-4.php" "Mozilla/5.0 (Windows NT 10.0; Win64; x64) AppleWebKit/537.36 (KHTML, like Gecko) Chrome/136.0.0.0 Safari/537.36 Edg/136.0.0.0"
172.16.36.181 - - [23/May/2025:08:49:25 +0800] "GET /manager-page/api/snapshot.php?id=42&t=0.8068555904548842 HTTP/1.1" 200 58895 "http://192.168.60.79/manager-page/home-4.php" "Mozilla/5.0 (Windows NT 10.0; Win64; x64) AppleWebKit/537.36 (KHTML, like Gecko) Chrome/136.0.0.0 Safari/537.36 Edg/136.0.0.0"
172.16.36.181 - - [23/May/2025:08:49:25 +0800] "GET /manager-page/api/snapshot.php?id=41&t=0.7307306683484075 HTTP/1.1" 200 56806 "http://192.168.60.79/manager-page/home-4.php" "Mozilla/5.0 (Windows NT 10.0; Win64; x64) AppleWebKit/537.36 (KHTML, like Gecko) Chrome/136.0.0.0 Safari/537.36 Edg/136.0.0.0"
111.70.30.251 - - [23/May/2025:08:49:38 +0800] "POST /robot/lora-in.php HTTP/1.1" 200 - "-" "python-requests/2.21.0"
172.16.36.181 - - [23/May/2025:08:50:25 +0800] "GET /manager-page/api/snapshot.php?id=42&t=0.25779166368397255 HTTP/1.1" 200 58686 "http://192.168.60.79/manager-page/home-4.php" "Mozilla/5.0 (Windows NT 10.0; Win64; x64) AppleWebKit/537.36 (KHTML, like Gecko) Chrome/136.0.0.0 Safari/537.36 Edg/136.0.0.0"
172.16.36.181 - - [23/May/2025:08:50:25 +0800] "GET /manager-page/api/snapshot.php?id=41&t=0.7233057428991566 HTTP/1.1" 200 56740 "http://192.168.60.79/manager-page/home-4.php" "Mozilla/5.0 (Windows NT 10.0; Win64; x64) AppleWebKit/537.36 (KHTML, like Gecko) Chrome/136.0.0.0 Safari/537.36 Edg/136.0.0.0"
172.16.36.181 - - [23/May/2025:08:51:25 +0800] "GET /manager-page/api/snapshot.php?id=41&t=0.6756673251161804 HTTP/1.1" 200 56663 "http://192.168.60.79/manager-page/home-4.php" "Mozilla/5.0 (Windows NT 10.0; Win64; x64) AppleWebKit/537.36 (KHTML, like Gecko) Chrome/136.0.0.0 Safari/537.36 Edg/136.0.0.0"
172.16.36.181 - - [23/May/2025:08:51:25 +0800] "GET /manager-page/api/snapshot.php?id=42&t=0.10766315019568751 HTTP/1.1" 200 58834 "http://192.168.60.79/manager-page/home-4.php" "Mozilla/5.0 (Windows NT 10.0; Win64; x64) AppleWebKit/537.36 (KHTML, like Gecko) Chrome/136.0.0.0 Safari/537.36 Edg/136.0.0.0"
172.16.36.181 - - [23/May/2025:08:52:25 +0800] "GET /manager-page/api/snapshot.php?id=42&t=0.17660246005085756 HTTP/1.1" 200 58819 "http://192.168.60.79/manager-page/home-4.php" "Mozilla/5.0 (Windows NT 10.0; Win64; x64) AppleWebKit/537.36 (KHTML, like Gecko) Chrome/136.0.0.0 Safari/537.36 Edg/136.0.0.0"
172.16.36.181 - - [23/May/2025:08:52:25 +0800] "GET /manager-page/api/snapshot.php?id=41&t=0.9750603804906347 HTTP/1.1" 200 56825 "http://192.168.60.79/manager-page/home-4.php" "Mozilla/5.0 (Windows NT 10.0; Win64; x64) AppleWebKit/537.36 (KHTML, like Gecko) Chrome/136.0.0.0 Safari/537.36 Edg/136.0.0.0"
172.16.36.181 - - [23/May/2025:08:53:25 +0800] "GET /manager-page/api/snapshot.php?id=41&t=0.14281725145632673 HTTP/1.1" 200 56714 "http://192.168.60.79/manager-page/home-4.php" "Mozilla/5.0 (Windows NT 10.0; Win64; x64) AppleWebKit/537.36 (KHTML, like Gecko) Chrome/136.0.0.0 Safari/537.36 Edg/136.0.0.0"
172.16.36.181 - - [23/May/2025:08:53:25 +0800] "GET /manager-page/api/snapshot.php?id=42&t=0.07621563701946321 HTTP/1.1" 200 58891 "http://192.168.60.79/manager-page/home-4.php" "Mozilla/5.0 (Windows NT 10.0; Win64; x64) AppleWebKit/537.36 (KHTML, like Gecko) Chrome/136.0.0.0 Safari/537.36 Edg/136.0.0.0"
172.16.36.181 - - [23/May/2025:08:54:25 +0800] "GET /manager-page/api/snapshot.php?id=42&t=0.38090089764842305 HTTP/1.1" 200 58971 "http://192.168.60.79/manager-page/home-4.php" "Mozilla/5.0 (Windows NT 10.0; Win64; x64) AppleWebKit/537.36 (KHTML, like Gecko) Chrome/136.0.0.0 Safari/537.36 Edg/136.0.0.0"
172.16.36.181 - - [23/May/2025:08:54:25 +0800] "GET /manager-page/api/snapshot.php?id=41&t=0.13752926337554416 HTTP/1.1" 200 57029 "http://192.168.60.79/manager-page/home-4.php" "Mozilla/5.0 (Windows NT 10.0; Win64; x64) AppleWebKit/537.36 (KHTML, like Gecko) Chrome/136.0.0.0 Safari/537.36 Edg/136.0.0.0"
111.70.30.251 - - [23/May/2025:08:54:51 +0800] "POST /robot/lora-in.php HTTP/1.1" 200 - "-" "python-requests/2.21.0"
172.16.36.181 - - [23/May/2025:08:55:25 +0800] "GET /manager-page/api/snapshot.php?id=41&t=0.3233863192125874 HTTP/1.1" 200 56953 "http://192.168.60.79/manager-page/home-4.php" "Mozilla/5.0 (Windows NT 10.0; Win64; x64) AppleWebKit/537.36 (KHTML, like Gecko) Chrome/136.0.0.0 Safari/537.36 Edg/136.0.0.0"
172.16.36.181 - - [23/May/2025:08:55:25 +0800] "GET /manager-page/api/snapshot.php?id=42&t=0.45008686205841064 HTTP/1.1" 200 59039 "http://192.168.60.79/manager-page/home-4.php" "Mozilla/5.0 (Windows NT 10.0; Win64; x64) AppleWebKit/537.36 (KHTML, like Gecko) Chrome/136.0.0.0 Safari/537.36 Edg/136.0.0.0"
111.70.30.250 - - [23/May/2025:08:56:11 +0800] "POST /robot/lora-in.php HTTP/1.1" 200 - "-" "python-requests/2.21.0"
172.16.36.181 - - [23/May/2025:08:56:25 +0800] "GET /manager-page/api/snapshot.php?id=41&t=0.8908735243054465 HTTP/1.1" 200 56933 "http://192.168.60.79/manager-page/home-4.php" "Mozilla/5.0 (Windows NT 10.0; Win64; x64) AppleWebKit/537.36 (KHTML, like Gecko) Chrome/136.0.0.0 Safari/537.36 Edg/136.0.0.0"
172.16.36.181 - - [23/May/2025:08:56:25 +0800] "GET /manager-page/api/snapshot.php?id=42&t=0.6585158406462088 HTTP/1.1" 200 58993 "http://192.168.60.79/manager-page/home-4.php" "Mozilla/5.0 (Windows NT 10.0; Win64; x64) AppleWebKit/537.36 (KHTML, like Gecko) Chrome/136.0.0.0 Safari/537.36 Edg/136.0.0.0"
111.70.30.252 - - [23/May/2025:08:56:46 +0800] "POST /robot/lora-in.php HTTP/1.1" 200 - "-" "python-requests/2.21.0"
172.16.36.181 - - [23/May/2025:08:57:25 +0800] "GET /manager-page/api/snapshot.php?id=41&t=0.4869488702038324 HTTP/1.1" 200 56871 "http://192.168.60.79/manager-page/home-4.php" "Mozilla/5.0 (Windows NT 10.0; Win64; x64) AppleWebKit/537.36 (KHTML, like Gecko) Chrome/136.0.0.0 Safari/537.36 Edg/136.0.0.0"
172.16.36.181 - - [23/May/2025:08:57:25 +0800] "GET /manager-page/api/snapshot.php?id=42&t=0.3947305312353072 HTTP/1.1" 200 58975 "http://192.168.60.79/manager-page/home-4.php" "Mozilla/5.0 (Windows NT 10.0; Win64; x64) AppleWebKit/537.36 (KHTML, like Gecko) Chrome/136.0.0.0 Safari/537.36 Edg/136.0.0.0"
111.70.30.251 - - [23/May/2025:08:58:12 +0800] "POST /robot/lora-in.php HTTP/1.1" 200 - "-" "python-requests/2.21.0"
172.16.36.181 - - [23/May/2025:08:58:25 +0800] "GET /manager-page/api/snapshot.php?id=41&t=0.49559335758858236 HTTP/1.1" 200 56862 "http://192.168.60.79/manager-page/home-4.php" "Mozilla/5.0 (Windows NT 10.0; Win64; x64) AppleWebKit/537.36 (KHTML, like Gecko) Chrome/136.0.0.0 Safari/537.36 Edg/136.0.0.0"
172.16.36.181 - - [23/May/2025:08:58:25 +0800] "GET /manager-page/api/snapshot.php?id=42&t=0.002936018198599455 HTTP/1.1" 200 59087 "http://192.168.60.79/manager-page/home-4.php" "Mozilla/5.0 (Windows NT 10.0; Win64; x64) AppleWebKit/537.36 (KHTML, like Gecko) Chrome/136.0.0.0 Safari/537.36 Edg/136.0.0.0"
172.16.36.181 - - [23/May/2025:08:59:25 +0800] "GET /manager-page/api/snapshot.php?id=42&t=0.9581911027612615 HTTP/1.1" 200 58847 "http://192.168.60.79/manager-page/home-4.php" "Mozilla/5.0 (Windows NT 10.0; Win64; x64) AppleWebKit/537.36 (KHTML, like Gecko) Chrome/136.0.0.0 Safari/537.36 Edg/136.0.0.0"
172.16.36.181 - - [23/May/2025:08:59:25 +0800] "GET /manager-page/api/snapshot.php?id=41&t=0.47403836588993875 HTTP/1.1" 200 56683 "http://192.168.60.79/manager-page/home-4.php" "Mozilla/5.0 (Windows NT 10.0; Win64; x64) AppleWebKit/537.36 (KHTML, like Gecko) Chrome/136.0.0.0 Safari/537.36 Edg/136.0.0.0"
172.16.36.181 - - [23/May/2025:09:00:25 +0800] "GET /manager-page/api/snapshot.php?id=42&t=0.5883358011987935 HTTP/1.1" 200 58800 "http://192.168.60.79/manager-page/home-4.php" "Mozilla/5.0 (Windows NT 10.0; Win64; x64) AppleWebKit/537.36 (KHTML, like Gecko) Chrome/136.0.0.0 Safari/537.36 Edg/136.0.0.0"
172.16.36.181 - - [23/May/2025:09:00:25 +0800] "GET /manager-page/api/snapshot.php?id=41&t=0.04410058602840772 HTTP/1.1" 200 56834 "http://192.168.60.79/manager-page/home-4.php" "Mozilla/5.0 (Windows NT 10.0; Win64; x64) AppleWebKit/537.36 (KHTML, like Gecko) Chrome/136.0.0.0 Safari/537.36 Edg/136.0.0.0"
172.16.36.181 - - [23/May/2025:09:01:25 +0800] "GET /manager-page/api/snapshot.php?id=41&t=0.11629766229248206 HTTP/1.1" 200 56942 "http://192.168.60.79/manager-page/home-4.php" "Mozilla/5.0 (Windows NT 10.0; Win64; x64) AppleWebKit/537.36 (KHTML, like Gecko) Chrome/136.0.0.0 Safari/537.36 Edg/136.0.0.0"
172.16.36.181 - - [23/May/2025:09:01:25 +0800] "GET /manager-page/api/snapshot.php?id=42&t=0.9269857881994789 HTTP/1.1" 200 58734 "http://192.168.60.79/manager-page/home-4.php" "Mozilla/5.0 (Windows NT 10.0; Win64; x64) AppleWebKit/537.36 (KHTML, like Gecko) Chrome/136.0.0.0 Safari/537.36 Edg/136.0.0.0"
172.16.36.181 - - [23/May/2025:09:02:25 +0800] "GET /manager-page/api/snapshot.php?id=42&t=0.013969272859751691 HTTP/1.1" 200 58829 "http://192.168.60.79/manager-page/home-4.php" "Mozilla/5.0 (Windows NT 10.0; Win64; x64) AppleWebKit/537.36 (KHTML, like Gecko) Chrome/136.0.0.0 Safari/537.36 Edg/136.0.0.0"
172.16.36.181 - - [23/May/2025:09:02:25 +0800] "GET /manager-page/api/snapshot.php?id=41&t=0.18688224226323802 HTTP/1.1" 200 56894 "http://192.168.60.79/manager-page/home-4.php" "Mozilla/5.0 (Windows NT 10.0; Win64; x64) AppleWebKit/537.36 (KHTML, like Gecko) Chrome/136.0.0.0 Safari/537.36 Edg/136.0.0.0"
111.70.30.251 - - [23/May/2025:09:03:13 +0800] "POST /robot/lora-in.php HTTP/1.1" 200 - "-" "python-requests/2.21.0"
172.16.36.181 - - [23/May/2025:09:03:25 +0800] "GET /manager-page/api/snapshot.php?id=41&t=0.8792273762262789 HTTP/1.1" 200 56841 "http://192.168.60.79/manager-page/home-4.php" "Mozilla/5.0 (Windows NT 10.0; Win64; x64) AppleWebKit/537.36 (KHTML, like Gecko) Chrome/136.0.0.0 Safari/537.36 Edg/136.0.0.0"
172.16.36.181 - - [23/May/2025:09:03:25 +0800] "GET /manager-page/api/snapshot.php?id=42&t=0.5521308704600595 HTTP/1.1" 200 58836 "http://192.168.60.79/manager-page/home-4.php" "Mozilla/5.0 (Windows NT 10.0; Win64; x64) AppleWebKit/537.36 (KHTML, like Gecko) Chrome/136.0.0.0 Safari/537.36 Edg/136.0.0.0"
172.16.36.181 - - [23/May/2025:09:04:25 +0800] "GET /manager-page/api/snapshot.php?id=42&t=0.5160697592644307 HTTP/1.1" 200 58669 "http://192.168.60.79/manager-page/home-4.php" "Mozilla/5.0 (Windows NT 10.0; Win64; x64) AppleWebKit/537.36 (KHTML, like Gecko) Chrome/136.0.0.0 Safari/537.36 Edg/136.0.0.0"
172.16.36.181 - - [23/May/2025:09:04:25 +0800] "GET /manager-page/api/snapshot.php?id=41&t=0.8768619951866323 HTTP/1.1" 200 56953 "http://192.168.60.79/manager-page/home-4.php" "Mozilla/5.0 (Windows NT 10.0; Win64; x64) AppleWebKit/537.36 (KHTML, like Gecko) Chrome/136.0.0.0 Safari/537.36 Edg/136.0.0.0"
111.70.30.250 - - [23/May/2025:09:04:47 +0800] "POST /robot/lora-in.php HTTP/1.1" 200 - "-" "python-requests/2.21.0"
172.16.36.181 - - [23/May/2025:09:05:25 +0800] "GET /manager-page/api/snapshot.php?id=42&t=0.11082454615494697 HTTP/1.1" 200 58831 "http://192.168.60.79/manager-page/home-4.php" "Mozilla/5.0 (Windows NT 10.0; Win64; x64) AppleWebKit/537.36 (KHTML, like Gecko) Chrome/136.0.0.0 Safari/537.36 Edg/136.0.0.0"
172.16.36.181 - - [23/May/2025:09:05:25 +0800] "GET /manager-page/api/snapshot.php?id=41&t=0.2066905873630025 HTTP/1.1" 200 56981 "http://192.168.60.79/manager-page/home-4.php" "Mozilla/5.0 (Windows NT 10.0; Win64; x64) AppleWebKit/537.36 (KHTML, like Gecko) Chrome/136.0.0.0 Safari/537.36 Edg/136.0.0.0"
111.70.30.253 - - [23/May/2025:09:05:40 +0800] "POST /robot/lora-in.php HTTP/1.1" 200 - "-" "python-requests/2.21.0"
111.70.30.252 - - [23/May/2025:09:05:53 +0800] "POST /robot/lora-in.php HTTP/1.1" 200 - "-" "python-requests/2.21.0"
172.16.36.181 - - [23/May/2025:09:06:25 +0800] "GET /manager-page/api/snapshot.php?id=42&t=0.3998268807838392 HTTP/1.1" 200 58825 "http://192.168.60.79/manager-page/home-4.php" "Mozilla/5.0 (Windows NT 10.0; Win64; x64) AppleWebKit/537.36 (KHTML, like Gecko) Chrome/136.0.0.0 Safari/537.36 Edg/136.0.0.0"
172.16.36.181 - - [23/May/2025:09:06:25 +0800] "GET /manager-page/api/snapshot.php?id=41&t=0.5098592835445639 HTTP/1.1" 200 56895 "http://192.168.60.79/manager-page/home-4.php" "Mozilla/5.0 (Windows NT 10.0; Win64; x64) AppleWebKit/537.36 (KHTML, like Gecko) Chrome/136.0.0.0 Safari/537.36 Edg/136.0.0.0"
111.70.30.251 - - [23/May/2025:09:06:47 +0800] "POST /robot/lora-in.php HTTP/1.1" 200 - "-" "python-requests/2.21.0"
172.16.36.181 - - [23/May/2025:09:07:25 +0800] "GET /manager-page/api/snapshot.php?id=41&t=0.2242958386017293 HTTP/1.1" 200 56905 "http://192.168.60.79/manager-page/home-4.php" "Mozilla/5.0 (Windows NT 10.0; Win64; x64) AppleWebKit/537.36 (KHTML, like Gecko) Chrome/136.0.0.0 Safari/537.36 Edg/136.0.0.0"
172.16.36.181 - - [23/May/2025:09:07:25 +0800] "GET /manager-page/api/snapshot.php?id=42&t=0.8958202276338103 HTTP/1.1" 200 58785 "http://192.168.60.79/manager-page/home-4.php" "Mozilla/5.0 (Windows NT 10.0; Win64; x64) AppleWebKit/537.36 (KHTML, like Gecko) Chrome/136.0.0.0 Safari/537.36 Edg/136.0.0.0"
172.16.36.181 - - [23/May/2025:09:08:25 +0800] "GET /manager-page/api/snapshot.php?id=41&t=0.9660467111711081 HTTP/1.1" 200 57091 "http://192.168.60.79/manager-page/home-4.php" "Mozilla/5.0 (Windows NT 10.0; Win64; x64) AppleWebKit/537.36 (KHTML, like Gecko) Chrome/136.0.0.0 Safari/537.36 Edg/136.0.0.0"
172.16.36.181 - - [23/May/2025:09:08:25 +0800] "GET /manager-page/api/snapshot.php?id=42&t=0.12855353343596543 HTTP/1.1" 200 58932 "http://192.168.60.79/manager-page/home-4.php" "Mozilla/5.0 (Windows NT 10.0; Win64; x64) AppleWebKit/537.36 (KHTML, like Gecko) Chrome/136.0.0.0 Safari/537.36 Edg/136.0.0.0"
172.16.36.181 - - [23/May/2025:09:09:25 +0800] "GET /manager-page/api/snapshot.php?id=42&t=0.5679956461579333 HTTP/1.1" 200 59022 "http://192.168.60.79/manager-page/home-4.php" "Mozilla/5.0 (Windows NT 10.0; Win64; x64) AppleWebKit/537.36 (KHTML, like Gecko) Chrome/136.0.0.0 Safari/537.36 Edg/136.0.0.0"
172.16.36.181 - - [23/May/2025:09:09:25 +0800] "GET /manager-page/api/snapshot.php?id=41&t=0.38968750294009524 HTTP/1.1" 200 57204 "http://192.168.60.79/manager-page/home-4.php" "Mozilla/5.0 (Windows NT 10.0; Win64; x64) AppleWebKit/537.36 (KHTML, like Gecko) Chrome/136.0.0.0 Safari/537.36 Edg/136.0.0.0"
172.16.36.181 - - [23/May/2025:09:10:25 +0800] "GET /manager-page/api/snapshot.php?id=42&t=0.8374005016751608 HTTP/1.1" 200 58917 "http://192.168.60.79/manager-page/home-4.php" "Mozilla/5.0 (Windows NT 10.0; Win64; x64) AppleWebKit/537.36 (KHTML, like Gecko) Chrome/136.0.0.0 Safari/537.36 Edg/136.0.0.0"
172.16.36.181 - - [23/May/2025:09:10:25 +0800] "GET /manager-page/api/snapshot.php?id=41&t=0.793384578867743 HTTP/1.1" 200 57090 "http://192.168.60.79/manager-page/home-4.php" "Mozilla/5.0 (Windows NT 10.0; Win64; x64) AppleWebKit/537.36 (KHTML, like Gecko) Chrome/136.0.0.0 Safari/537.36 Edg/136.0.0.0"
