172.16.36.181 - - [22/Aug/2025:08:34:47 +0800] "GET /manager-page/api/snapshot.php?id=41 HTTP/1.1" 200 57138 "http://192.168.60.79/manager-page/home-4.php" "Mozilla/5.0 (Windows NT 10.0; Win64; x64) AppleWebKit/537.36 (KHTML, like Gecko) Chrome/139.0.0.0 Safari/537.36 Edg/139.0.0.0"
172.16.36.181 - - [22/Aug/2025:08:34:47 +0800] "GET /manager-page/api/snapshot.php?id=42 HTTP/1.1" 200 58807 "http://192.168.60.79/manager-page/home-4.php" "Mozilla/5.0 (Windows NT 10.0; Win64; x64) AppleWebKit/537.36 (KHTML, like Gecko) Chrome/139.0.0.0 Safari/537.36 Edg/139.0.0.0"
172.16.36.181 - - [22/Aug/2025:08:34:52 +0800] "GET /manager-page/api/lp-status4.php HTTP/1.1" 200 1 "http://192.168.60.79/manager-page/home-4.php" "Mozilla/5.0 (Windows NT 10.0; Win64; x64) AppleWebKit/537.36 (KHTML, like Gecko) Chrome/139.0.0.0 Safari/537.36 Edg/139.0.0.0"
172.16.36.181 - - [22/Aug/2025:08:34:52 +0800] "GET /manager-page/api/cms-status4.php HTTP/1.1" 200 12 "http://192.168.60.79/manager-page/home-4.php" "Mozilla/5.0 (Windows NT 10.0; Win64; x64) AppleWebKit/537.36 (KHTML, like Gecko) Chrome/139.0.0.0 Safari/537.36 Edg/139.0.0.0"
172.16.36.181 - - [22/Aug/2025:08:34:59 +0800] "GET /manager-page/alarm/3-1.jpg?t=1254392268 HTTP/1.1" 200 520364 "http://192.168.60.79/manager-page/home-3.php" "Mozilla/5.0 (Windows NT 10.0; Win64; x64) AppleWebKit/537.36 (KHTML, like Gecko) Chrome/139.0.0.0 Safari/537.36 Edg/139.0.0.0"
172.16.36.181 - - [22/Aug/2025:08:34:59 +0800] "GET /manager-page/alarm/3-2.jpg?t=259956390 HTTP/1.1" 200 187208 "http://192.168.60.79/manager-page/home-3.php" "Mozilla/5.0 (Windows NT 10.0; Win64; x64) AppleWebKit/537.36 (KHTML, like Gecko) Chrome/139.0.0.0 Safari/537.36 Edg/139.0.0.0"
172.16.36.181 - - [22/Aug/2025:08:34:57 +0800] "GET /manager-page/home-3.php HTTP/1.1" 200 27481 "http://192.168.60.79/manager-page/home-4.php" "Mozilla/5.0 (Windows NT 10.0; Win64; x64) AppleWebKit/537.36 (KHTML, like Gecko) Chrome/139.0.0.0 Safari/537.36 Edg/139.0.0.0"
172.16.36.181 - - [22/Aug/2025:08:34:57 +0800] "GET /manager-page/api/snapshot.php?id=41&t=0.570365453927457 HTTP/1.1" 500 - "http://192.168.60.79/manager-page/home-4.php" "Mozilla/5.0 (Windows NT 10.0; Win64; x64) AppleWebKit/537.36 (KHTML, like Gecko) Chrome/139.0.0.0 Safari/537.36 Edg/139.0.0.0"
172.16.36.181 - - [22/Aug/2025:08:34:57 +0800] "GET /manager-page/api/snapshot.php?id=42&t=0.7376088050594262 HTTP/1.1" 500 - "http://192.168.60.79/manager-page/home-4.php" "Mozilla/5.0 (Windows NT 10.0; Win64; x64) AppleWebKit/537.36 (KHTML, like Gecko) Chrome/139.0.0.0 Safari/537.36 Edg/139.0.0.0"
127.0.0.1 - - [22/Aug/2025:08:35:00 +0800] "GET /robot/alarm-history-in.php HTTP/1.1" 200 - "-" "python-requests/2.28.1"
172.16.36.181 - - [22/Aug/2025:08:34:59 +0800] "GET /manager-page/api/snapshot.php?id=32 HTTP/1.1" 200 56670 "http://192.168.60.79/manager-page/home-3.php" "Mozilla/5.0 (Windows NT 10.0; Win64; x64) AppleWebKit/537.36 (KHTML, like Gecko) Chrome/139.0.0.0 Safari/537.36 Edg/139.0.0.0"
172.16.36.181 - - [22/Aug/2025:08:34:59 +0800] "GET /manager-page/api/snapshot.php?id=31 HTTP/1.1" 200 60937 "http://192.168.60.79/manager-page/home-3.php" "Mozilla/5.0 (Windows NT 10.0; Win64; x64) AppleWebKit/537.36 (KHTML, like Gecko) Chrome/139.0.0.0 Safari/537.36 Edg/139.0.0.0"
172.16.36.181 - - [22/Aug/2025:08:35:05 +0800] "GET /manager-page/api/cms-status3.php HTTP/1.1" 200 12 "http://192.168.60.79/manager-page/home-3.php" "Mozilla/5.0 (Windows NT 10.0; Win64; x64) AppleWebKit/537.36 (KHTML, like Gecko) Chrome/139.0.0.0 Safari/537.36 Edg/139.0.0.0"
172.16.36.181 - - [22/Aug/2025:08:35:05 +0800] "GET /manager-page/api/lp-status3.php HTTP/1.1" 200 1 "http://192.168.60.79/manager-page/home-3.php" "Mozilla/5.0 (Windows NT 10.0; Win64; x64) AppleWebKit/537.36 (KHTML, like Gecko) Chrome/139.0.0.0 Safari/537.36 Edg/139.0.0.0"
172.16.36.181 - - [22/Aug/2025:08:35:10 +0800] "GET /manager-page/api/snapshot.php?id=32&t=0.6543546113019852 HTTP/1.1" 200 56634 "http://192.168.60.79/manager-page/home-3.php" "Mozilla/5.0 (Windows NT 10.0; Win64; x64) AppleWebKit/537.36 (KHTML, like Gecko) Chrome/139.0.0.0 Safari/537.36 Edg/139.0.0.0"
172.16.36.181 - - [22/Aug/2025:08:35:14 +0800] "GET /manager-page/alarm/1-1.jpg?t=1857007181 HTTP/1.1" 200 322868 "http://192.168.60.79/manager-page/home-1.php" "Mozilla/5.0 (Windows NT 10.0; Win64; x64) AppleWebKit/537.36 (KHTML, like Gecko) Chrome/139.0.0.0 Safari/537.36 Edg/139.0.0.0"
172.16.36.181 - - [22/Aug/2025:08:35:14 +0800] "GET /manager-page/alarm/1-2.jpg?t=491797755 HTTP/1.1" 200 495492 "http://192.168.60.79/manager-page/home-1.php" "Mozilla/5.0 (Windows NT 10.0; Win64; x64) AppleWebKit/537.36 (KHTML, like Gecko) Chrome/139.0.0.0 Safari/537.36 Edg/139.0.0.0"
172.16.36.181 - - [22/Aug/2025:08:35:12 +0800] "GET /manager-page/home-1.php HTTP/1.1" 200 27474 "http://192.168.60.79/manager-page/home-3.php" "Mozilla/5.0 (Windows NT 10.0; Win64; x64) AppleWebKit/537.36 (KHTML, like Gecko) Chrome/139.0.0.0 Safari/537.36 Edg/139.0.0.0"
172.16.36.181 - - [22/Aug/2025:08:35:10 +0800] "GET /manager-page/api/snapshot.php?id=31&t=0.8566729045594648 HTTP/1.1" 200 60953 "http://192.168.60.79/manager-page/home-3.php" "Mozilla/5.0 (Windows NT 10.0; Win64; x64) AppleWebKit/537.36 (KHTML, like Gecko) Chrome/139.0.0.0 Safari/537.36 Edg/139.0.0.0"
172.16.36.181 - - [22/Aug/2025:08:35:14 +0800] "GET /manager-page/api/snapshot.php?id=11 HTTP/1.1" 200 48278 "http://192.168.60.79/manager-page/home-1.php" "Mozilla/5.0 (Windows NT 10.0; Win64; x64) AppleWebKit/537.36 (KHTML, like Gecko) Chrome/139.0.0.0 Safari/537.36 Edg/139.0.0.0"
172.16.36.181 - - [22/Aug/2025:08:35:14 +0800] "GET /manager-page/api/snapshot.php?id=12 HTTP/1.1" 500 - "http://192.168.60.79/manager-page/home-1.php" "Mozilla/5.0 (Windows NT 10.0; Win64; x64) AppleWebKit/537.36 (KHTML, like Gecko) Chrome/139.0.0.0 Safari/537.36 Edg/139.0.0.0"
172.16.36.181 - - [22/Aug/2025:08:35:17 +0800] "GET /manager-page/api/lp-status1.php HTTP/1.1" 500 - "http://192.168.60.79/manager-page/home-1.php" "Mozilla/5.0 (Windows NT 10.0; Win64; x64) AppleWebKit/537.36 (KHTML, like Gecko) Chrome/139.0.0.0 Safari/537.36 Edg/139.0.0.0"
172.16.36.181 - - [22/Aug/2025:08:35:17 +0800] "GET /manager-page/api/cms-status1.php HTTP/1.1" 500 - "http://192.168.60.79/manager-page/home-1.php" "Mozilla/5.0 (Windows NT 10.0; Win64; x64) AppleWebKit/537.36 (KHTML, like Gecko) Chrome/139.0.0.0 Safari/537.36 Edg/139.0.0.0"
172.16.36.181 - - [22/Aug/2025:08:35:22 +0800] "GET /manager-page/api/snapshot.php?id=12&t=0.336051123736427 HTTP/1.1" 200 50256 "http://192.168.60.79/manager-page/home-1.php" "Mozilla/5.0 (Windows NT 10.0; Win64; x64) AppleWebKit/537.36 (KHTML, like Gecko) Chrome/139.0.0.0 Safari/537.36 Edg/139.0.0.0"
172.16.36.181 - - [22/Aug/2025:08:35:22 +0800] "GET /manager-page/api/snapshot.php?id=11&t=0.36714930838159854 HTTP/1.1" 200 48273 "http://192.168.60.79/manager-page/home-1.php" "Mozilla/5.0 (Windows NT 10.0; Win64; x64) AppleWebKit/537.36 (KHTML, like Gecko) Chrome/139.0.0.0 Safari/537.36 Edg/139.0.0.0"
172.16.36.181 - - [22/Aug/2025:08:35:27 +0800] "GET /manager-page/api/snapshot.php?id=12&t=0.7743037046173274 HTTP/1.1" 200 50244 "http://192.168.60.79/manager-page/home-1.php" "Mozilla/5.0 (Windows NT 10.0; Win64; x64) AppleWebKit/537.36 (KHTML, like Gecko) Chrome/139.0.0.0 Safari/537.36 Edg/139.0.0.0"
172.16.36.181 - - [22/Aug/2025:08:35:27 +0800] "GET /manager-page/api/snapshot.php?id=11&t=0.8144465515026221 HTTP/1.1" 500 - "http://192.168.60.79/manager-page/home-1.php" "Mozilla/5.0 (Windows NT 10.0; Win64; x64) AppleWebKit/537.36 (KHTML, like Gecko) Chrome/139.0.0.0 Safari/537.36 Edg/139.0.0.0"
172.16.36.181 - - [22/Aug/2025:08:35:32 +0800] "GET /manager-page/api/snapshot.php?id=11&t=0.41400068986090477 HTTP/1.1" 500 - "http://192.168.60.79/manager-page/home-1.php" "Mozilla/5.0 (Windows NT 10.0; Win64; x64) AppleWebKit/537.36 (KHTML, like Gecko) Chrome/139.0.0.0 Safari/537.36 Edg/139.0.0.0"
172.16.36.181 - - [22/Aug/2025:08:35:32 +0800] "GET /manager-page/api/snapshot.php?id=12&t=0.5753892942154265 HTTP/1.1" 500 - "http://192.168.60.79/manager-page/home-1.php" "Mozilla/5.0 (Windows NT 10.0; Win64; x64) AppleWebKit/537.36 (KHTML, like Gecko) Chrome/139.0.0.0 Safari/537.36 Edg/139.0.0.0"
172.16.36.181 - - [22/Aug/2025:08:35:37 +0800] "GET /manager-page/api/snapshot.php?id=12&t=0.3607763166003807 HTTP/1.1" 200 50210 "http://192.168.60.79/manager-page/home-1.php" "Mozilla/5.0 (Windows NT 10.0; Win64; x64) AppleWebKit/537.36 (KHTML, like Gecko) Chrome/139.0.0.0 Safari/537.36 Edg/139.0.0.0"
172.16.36.181 - - [22/Aug/2025:08:35:37 +0800] "GET /manager-page/api/snapshot.php?id=11&t=0.8414827798775635 HTTP/1.1" 200 48215 "http://192.168.60.79/manager-page/home-1.php" "Mozilla/5.0 (Windows NT 10.0; Win64; x64) AppleWebKit/537.36 (KHTML, like Gecko) Chrome/139.0.0.0 Safari/537.36 Edg/139.0.0.0"
172.16.36.181 - - [22/Aug/2025:08:35:59 +0800] "GET /manager-page/alarm/1-1.jpg?t=1417053633 HTTP/1.1" 200 322868 "http://192.168.60.79/manager-page/home-1.php" "Mozilla/5.0 (Windows NT 10.0; Win64; x64) AppleWebKit/537.36 (KHTML, like Gecko) Chrome/139.0.0.0 Safari/537.36 Edg/139.0.0.0"
172.16.36.181 - - [22/Aug/2025:08:35:59 +0800] "GET /manager-page/alarm/1-2.jpg?t=854031699 HTTP/1.1" 200 495492 "http://192.168.60.79/manager-page/home-1.php" "Mozilla/5.0 (Windows NT 10.0; Win64; x64) AppleWebKit/537.36 (KHTML, like Gecko) Chrome/139.0.0.0 Safari/537.36 Edg/139.0.0.0"
172.16.36.181 - - [22/Aug/2025:08:35:37 +0800] "GET /manager-page/home-1.php HTTP/1.1" 200 27472 "http://192.168.60.79/manager-page/home-3.php" "Mozilla/5.0 (Windows NT 10.0; Win64; x64) AppleWebKit/537.36 (KHTML, like Gecko) Chrome/139.0.0.0 Safari/537.36 Edg/139.0.0.0"
127.0.0.1 - - [22/Aug/2025:08:36:00 +0800] "GET /robot/alarm-history-in.php HTTP/1.1" 200 - "-" "python-requests/2.28.1"
172.16.36.181 - - [22/Aug/2025:08:35:42 +0800] "GET /manager-page/api/snapshot.php?id=12&t=0.16259564541824967 HTTP/1.1" 500 - "http://192.168.60.79/manager-page/home-1.php" "Mozilla/5.0 (Windows NT 10.0; Win64; x64) AppleWebKit/537.36 (KHTML, like Gecko) Chrome/139.0.0.0 Safari/537.36 Edg/139.0.0.0"
172.16.36.181 - - [22/Aug/2025:08:35:42 +0800] "GET /manager-page/api/snapshot.php?id=11&t=0.3281479921160464 HTTP/1.1" 500 - "http://192.168.60.79/manager-page/home-1.php" "Mozilla/5.0 (Windows NT 10.0; Win64; x64) AppleWebKit/537.36 (KHTML, like Gecko) Chrome/139.0.0.0 Safari/537.36 Edg/139.0.0.0"
172.16.36.181 - - [22/Aug/2025:08:35:47 +0800] "GET /manager-page/api/snapshot.php?id=11&t=0.7717533968675545 HTTP/1.1" 500 - "http://192.168.60.79/manager-page/home-1.php" "Mozilla/5.0 (Windows NT 10.0; Win64; x64) AppleWebKit/537.36 (KHTML, like Gecko) Chrome/139.0.0.0 Safari/537.36 Edg/139.0.0.0"
172.16.36.181 - - [22/Aug/2025:08:35:47 +0800] "GET /manager-page/api/snapshot.php?id=12&t=0.10045539854303998 HTTP/1.1" 500 - "http://192.168.60.79/manager-page/home-1.php" "Mozilla/5.0 (Windows NT 10.0; Win64; x64) AppleWebKit/537.36 (KHTML, like Gecko) Chrome/139.0.0.0 Safari/537.36 Edg/139.0.0.0"
172.16.36.181 - - [22/Aug/2025:08:35:59 +0800] "GET /manager-page/api/snapshot.php?id=11 HTTP/1.1" 500 - "http://192.168.60.79/manager-page/home-1.php" "Mozilla/5.0 (Windows NT 10.0; Win64; x64) AppleWebKit/537.36 (KHTML, like Gecko) Chrome/139.0.0.0 Safari/537.36 Edg/139.0.0.0"
172.16.36.181 - - [22/Aug/2025:08:35:59 +0800] "GET /manager-page/api/snapshot.php?id=12 HTTP/1.1" 500 - "http://192.168.60.79/manager-page/home-1.php" "Mozilla/5.0 (Windows NT 10.0; Win64; x64) AppleWebKit/537.36 (KHTML, like Gecko) Chrome/139.0.0.0 Safari/537.36 Edg/139.0.0.0"
172.16.36.181 - - [22/Aug/2025:08:36:11 +0800] "GET /manager-page/live/1-1.jpg HTTP/1.1" 200 48392 "http://192.168.60.79/manager-page/home-1.php" "Mozilla/5.0 (Windows NT 10.0; Win64; x64) AppleWebKit/537.36 (KHTML, like Gecko) Chrome/139.0.0.0 Safari/537.36 Edg/139.0.0.0"
172.16.36.181 - - [22/Aug/2025:08:36:11 +0800] "GET /manager-page/live/1-2.jpg HTTP/1.1" 200 50135 "http://192.168.60.79/manager-page/home-1.php" "Mozilla/5.0 (Windows NT 10.0; Win64; x64) AppleWebKit/537.36 (KHTML, like Gecko) Chrome/139.0.0.0 Safari/537.36 Edg/139.0.0.0"
172.16.36.181 - - [22/Aug/2025:08:36:08 +0800] "GET /manager-page/api/cms-status1.php HTTP/1.1" 200 12 "http://192.168.60.79/manager-page/home-1.php" "Mozilla/5.0 (Windows NT 10.0; Win64; x64) AppleWebKit/537.36 (KHTML, like Gecko) Chrome/139.0.0.0 Safari/537.36 Edg/139.0.0.0"
172.16.36.181 - - [22/Aug/2025:08:36:08 +0800] "GET /manager-page/api/lp-status1.php HTTP/1.1" 200 1 "http://192.168.60.79/manager-page/home-1.php" "Mozilla/5.0 (Windows NT 10.0; Win64; x64) AppleWebKit/537.36 (KHTML, like Gecko) Chrome/139.0.0.0 Safari/537.36 Edg/139.0.0.0"
172.16.36.181 - - [22/Aug/2025:08:36:13 +0800] "GET /manager-page/api/snapshot.php?id=11&t=0.822996307546454 HTTP/1.1" 200 48181 "http://192.168.60.79/manager-page/home-1.php" "Mozilla/5.0 (Windows NT 10.0; Win64; x64) AppleWebKit/537.36 (KHTML, like Gecko) Chrome/139.0.0.0 Safari/537.36 Edg/139.0.0.0"
172.16.36.181 - - [22/Aug/2025:08:36:13 +0800] "GET /manager-page/api/snapshot.php?id=12&t=0.13154704179635668 HTTP/1.1" 500 - "http://192.168.60.79/manager-page/home-1.php" "Mozilla/5.0 (Windows NT 10.0; Win64; x64) AppleWebKit/537.36 (KHTML, like Gecko) Chrome/139.0.0.0 Safari/537.36 Edg/139.0.0.0"
172.16.36.181 - - [22/Aug/2025:08:36:18 +0800] "GET /manager-page/api/snapshot.php?id=12&t=0.026917148568030624 HTTP/1.1" 200 50107 "http://192.168.60.79/manager-page/home-1.php" "Mozilla/5.0 (Windows NT 10.0; Win64; x64) AppleWebKit/537.36 (KHTML, like Gecko) Chrome/139.0.0.0 Safari/537.36 Edg/139.0.0.0"
172.16.36.181 - - [22/Aug/2025:08:36:18 +0800] "GET /manager-page/api/snapshot.php?id=11&t=0.309320656664859 HTTP/1.1" 200 48094 "http://192.168.60.79/manager-page/home-1.php" "Mozilla/5.0 (Windows NT 10.0; Win64; x64) AppleWebKit/537.36 (KHTML, like Gecko) Chrome/139.0.0.0 Safari/537.36 Edg/139.0.0.0"
172.16.36.181 - - [22/Aug/2025:08:36:23 +0800] "GET /manager-page/api/snapshot.php?id=11&t=0.6983829713475751 HTTP/1.1" 500 - "http://192.168.60.79/manager-page/home-1.php" "Mozilla/5.0 (Windows NT 10.0; Win64; x64) AppleWebKit/537.36 (KHTML, like Gecko) Chrome/139.0.0.0 Safari/537.36 Edg/139.0.0.0"
172.16.36.181 - - [22/Aug/2025:08:36:23 +0800] "GET /manager-page/api/snapshot.php?id=12&t=0.5535613566669001 HTTP/1.1" 500 - "http://192.168.60.79/manager-page/home-1.php" "Mozilla/5.0 (Windows NT 10.0; Win64; x64) AppleWebKit/537.36 (KHTML, like Gecko) Chrome/139.0.0.0 Safari/537.36 Edg/139.0.0.0"
172.16.36.181 - - [22/Aug/2025:08:36:28 +0800] "GET /manager-page/api/snapshot.php?id=11&t=0.7681806068147802 HTTP/1.1" 500 - "http://192.168.60.79/manager-page/home-1.php" "Mozilla/5.0 (Windows NT 10.0; Win64; x64) AppleWebKit/537.36 (KHTML, like Gecko) Chrome/139.0.0.0 Safari/537.36 Edg/139.0.0.0"
172.16.36.181 - - [22/Aug/2025:08:36:28 +0800] "GET /manager-page/api/snapshot.php?id=12&t=0.5431781719031841 HTTP/1.1" 500 - "http://192.168.60.79/manager-page/home-1.php" "Mozilla/5.0 (Windows NT 10.0; Win64; x64) AppleWebKit/537.36 (KHTML, like Gecko) Chrome/139.0.0.0 Safari/537.36 Edg/139.0.0.0"
172.16.36.181 - - [22/Aug/2025:08:36:33 +0800] "GET /manager-page/api/snapshot.php?id=11&t=0.22382026487080542 HTTP/1.1" 200 48190 "http://192.168.60.79/manager-page/home-1.php" "Mozilla/5.0 (Windows NT 10.0; Win64; x64) AppleWebKit/537.36 (KHTML, like Gecko) Chrome/139.0.0.0 Safari/537.36 Edg/139.0.0.0"
172.16.36.181 - - [22/Aug/2025:08:36:33 +0800] "GET /manager-page/api/snapshot.php?id=12&t=0.09848459598993786 HTTP/1.1" 200 50260 "http://192.168.60.79/manager-page/home-1.php" "Mozilla/5.0 (Windows NT 10.0; Win64; x64) AppleWebKit/537.36 (KHTML, like Gecko) Chrome/139.0.0.0 Safari/537.36 Edg/139.0.0.0"
172.16.36.181 - - [22/Aug/2025:08:36:38 +0800] "GET /manager-page/api/snapshot.php?id=12&t=0.5931392661498937 HTTP/1.1" 500 - "http://192.168.60.79/manager-page/home-1.php" "Mozilla/5.0 (Windows NT 10.0; Win64; x64) AppleWebKit/537.36 (KHTML, like Gecko) Chrome/139.0.0.0 Safari/537.36 Edg/139.0.0.0"
172.16.36.181 - - [22/Aug/2025:08:36:38 +0800] "GET /manager-page/api/snapshot.php?id=11&t=0.27311258277158346 HTTP/1.1" 500 - "http://192.168.60.79/manager-page/home-1.php" "Mozilla/5.0 (Windows NT 10.0; Win64; x64) AppleWebKit/537.36 (KHTML, like Gecko) Chrome/139.0.0.0 Safari/537.36 Edg/139.0.0.0"
172.16.36.181 - - [22/Aug/2025:08:36:43 +0800] "GET /manager-page/api/snapshot.php?id=11&t=0.17835700492635165 HTTP/1.1" 200 48141 "http://192.168.60.79/manager-page/home-1.php" "Mozilla/5.0 (Windows NT 10.0; Win64; x64) AppleWebKit/537.36 (KHTML, like Gecko) Chrome/139.0.0.0 Safari/537.36 Edg/139.0.0.0"
172.16.36.181 - - [22/Aug/2025:08:36:43 +0800] "GET /manager-page/api/snapshot.php?id=12&t=0.5069487372967185 HTTP/1.1" 500 - "http://192.168.60.79/manager-page/home-1.php" "Mozilla/5.0 (Windows NT 10.0; Win64; x64) AppleWebKit/537.36 (KHTML, like Gecko) Chrome/139.0.0.0 Safari/537.36 Edg/139.0.0.0"
172.16.36.181 - - [22/Aug/2025:08:36:53 +0800] "GET /manager-page/api/snapshot.php?id=11&t=0.6607190737511381 HTTP/1.1" 200 48167 "http://192.168.60.79/manager-page/home-1.php" "Mozilla/5.0 (Windows NT 10.0; Win64; x64) AppleWebKit/537.36 (KHTML, like Gecko) Chrome/139.0.0.0 Safari/537.36 Edg/139.0.0.0"
172.16.36.181 - - [22/Aug/2025:08:36:53 +0800] "GET /manager-page/api/snapshot.php?id=12&t=0.9675939375385577 HTTP/1.1" 200 50161 "http://192.168.60.79/manager-page/home-1.php" "Mozilla/5.0 (Windows NT 10.0; Win64; x64) AppleWebKit/537.36 (KHTML, like Gecko) Chrome/139.0.0.0 Safari/537.36 Edg/139.0.0.0"
172.16.36.181 - - [22/Aug/2025:08:36:48 +0800] "GET /manager-page/api/snapshot.php?id=12&t=0.3762836932120872 HTTP/1.1" 500 - "http://192.168.60.79/manager-page/home-1.php" "Mozilla/5.0 (Windows NT 10.0; Win64; x64) AppleWebKit/537.36 (KHTML, like Gecko) Chrome/139.0.0.0 Safari/537.36 Edg/139.0.0.0"
172.16.36.181 - - [22/Aug/2025:08:36:48 +0800] "GET /manager-page/api/snapshot.php?id=11&t=0.5302400793046884 HTTP/1.1" 500 - "http://192.168.60.79/manager-page/home-1.php" "Mozilla/5.0 (Windows NT 10.0; Win64; x64) AppleWebKit/537.36 (KHTML, like Gecko) Chrome/139.0.0.0 Safari/537.36 Edg/139.0.0.0"
172.16.36.181 - - [22/Aug/2025:08:36:58 +0800] "GET /manager-page/api/snapshot.php?id=12&t=0.6528675675706325 HTTP/1.1" 500 - "http://192.168.60.79/manager-page/home-1.php" "Mozilla/5.0 (Windows NT 10.0; Win64; x64) AppleWebKit/537.36 (KHTML, like Gecko) Chrome/139.0.0.0 Safari/537.36 Edg/139.0.0.0"
172.16.36.181 - - [22/Aug/2025:08:36:58 +0800] "GET /manager-page/api/snapshot.php?id=11&t=0.2860856166445964 HTTP/1.1" 500 - "http://192.168.60.79/manager-page/home-1.php" "Mozilla/5.0 (Windows NT 10.0; Win64; x64) AppleWebKit/537.36 (KHTML, like Gecko) Chrome/139.0.0.0 Safari/537.36 Edg/139.0.0.0"
172.16.36.181 - - [22/Aug/2025:08:37:04 +0800] "GET /manager-page/api/snapshot.php?id=11&t=0.13579235079943874 HTTP/1.1" 200 48240 "http://192.168.60.79/manager-page/home-1.php" "Mozilla/5.0 (Windows NT 10.0; Win64; x64) AppleWebKit/537.36 (KHTML, like Gecko) Chrome/139.0.0.0 Safari/537.36 Edg/139.0.0.0"
172.16.36.181 - - [22/Aug/2025:08:37:04 +0800] "GET /manager-page/api/snapshot.php?id=12&t=0.13063045058811507 HTTP/1.1" 200 50214 "http://192.168.60.79/manager-page/home-1.php" "Mozilla/5.0 (Windows NT 10.0; Win64; x64) AppleWebKit/537.36 (KHTML, like Gecko) Chrome/139.0.0.0 Safari/537.36 Edg/139.0.0.0"
172.16.36.181 - - [22/Aug/2025:08:37:09 +0800] "GET /manager-page/api/snapshot.php?id=11&t=0.03206694662774423 HTTP/1.1" 200 48292 "http://192.168.60.79/manager-page/home-1.php" "Mozilla/5.0 (Windows NT 10.0; Win64; x64) AppleWebKit/537.36 (KHTML, like Gecko) Chrome/139.0.0.0 Safari/537.36 Edg/139.0.0.0"
127.0.0.1 - - [22/Aug/2025:08:37:00 +0800] "GET /robot/alarm-history-in.php HTTP/1.1" 200 - "-" "python-requests/2.28.1"
172.16.36.181 - - [22/Aug/2025:08:37:09 +0800] "GET /manager-page/api/snapshot.php?id=12&t=0.13978112235386608 HTTP/1.1" 200 49941 "http://192.168.60.79/manager-page/home-1.php" "Mozilla/5.0 (Windows NT 10.0; Win64; x64) AppleWebKit/537.36 (KHTML, like Gecko) Chrome/139.0.0.0 Safari/537.36 Edg/139.0.0.0"
172.16.36.181 - - [22/Aug/2025:08:37:14 +0800] "GET /manager-page/api/snapshot.php?id=12&t=0.08049526410989805 HTTP/1.1" 200 50018 "http://192.168.60.79/manager-page/home-1.php" "Mozilla/5.0 (Windows NT 10.0; Win64; x64) AppleWebKit/537.36 (KHTML, like Gecko) Chrome/139.0.0.0 Safari/537.36 Edg/139.0.0.0"
172.16.36.181 - - [22/Aug/2025:08:37:14 +0800] "GET /manager-page/api/snapshot.php?id=11&t=0.000872155542350761 HTTP/1.1" 500 - "http://192.168.60.79/manager-page/home-1.php" "Mozilla/5.0 (Windows NT 10.0; Win64; x64) AppleWebKit/537.36 (KHTML, like Gecko) Chrome/139.0.0.0 Safari/537.36 Edg/139.0.0.0"
172.16.36.181 - - [22/Aug/2025:08:37:19 +0800] "GET /manager-page/api/snapshot.php?id=11&t=0.8417757469522507 HTTP/1.1" 200 48419 "http://192.168.60.79/manager-page/home-1.php" "Mozilla/5.0 (Windows NT 10.0; Win64; x64) AppleWebKit/537.36 (KHTML, like Gecko) Chrome/139.0.0.0 Safari/537.36 Edg/139.0.0.0"
172.16.36.181 - - [22/Aug/2025:08:37:19 +0800] "GET /manager-page/api/snapshot.php?id=12&t=0.8722652330351087 HTTP/1.1" 200 50217 "http://192.168.60.79/manager-page/home-1.php" "Mozilla/5.0 (Windows NT 10.0; Win64; x64) AppleWebKit/537.36 (KHTML, like Gecko) Chrome/139.0.0.0 Safari/537.36 Edg/139.0.0.0"
172.16.36.181 - - [22/Aug/2025:08:37:24 +0800] "GET /manager-page/api/snapshot.php?id=12&t=0.7050990110610554 HTTP/1.1" 200 50385 "http://192.168.60.79/manager-page/home-1.php" "Mozilla/5.0 (Windows NT 10.0; Win64; x64) AppleWebKit/537.36 (KHTML, like Gecko) Chrome/139.0.0.0 Safari/537.36 Edg/139.0.0.0"
172.16.36.181 - - [22/Aug/2025:08:37:24 +0800] "GET /manager-page/api/snapshot.php?id=11&t=0.3738502671603302 HTTP/1.1" 200 48121 "http://192.168.60.79/manager-page/home-1.php" "Mozilla/5.0 (Windows NT 10.0; Win64; x64) AppleWebKit/537.36 (KHTML, like Gecko) Chrome/139.0.0.0 Safari/537.36 Edg/139.0.0.0"
172.16.36.181 - - [22/Aug/2025:08:37:29 +0800] "GET /manager-page/api/snapshot.php?id=11&t=0.3893926779759367 HTTP/1.1" 200 48279 "http://192.168.60.79/manager-page/home-1.php" "Mozilla/5.0 (Windows NT 10.0; Win64; x64) AppleWebKit/537.36 (KHTML, like Gecko) Chrome/139.0.0.0 Safari/537.36 Edg/139.0.0.0"
172.16.36.181 - - [22/Aug/2025:08:37:29 +0800] "GET /manager-page/api/snapshot.php?id=12&t=0.7580926517190737 HTTP/1.1" 200 50251 "http://192.168.60.79/manager-page/home-1.php" "Mozilla/5.0 (Windows NT 10.0; Win64; x64) AppleWebKit/537.36 (KHTML, like Gecko) Chrome/139.0.0.0 Safari/537.36 Edg/139.0.0.0"
172.16.36.181 - - [22/Aug/2025:08:37:34 +0800] "GET /manager-page/api/snapshot.php?id=11&t=0.4891803099451012 HTTP/1.1" 500 - "http://192.168.60.79/manager-page/home-1.php" "Mozilla/5.0 (Windows NT 10.0; Win64; x64) AppleWebKit/537.36 (KHTML, like Gecko) Chrome/139.0.0.0 Safari/537.36 Edg/139.0.0.0"
172.16.36.181 - - [22/Aug/2025:08:37:34 +0800] "GET /manager-page/api/snapshot.php?id=12&t=0.34834276419876053 HTTP/1.1" 500 - "http://192.168.60.79/manager-page/home-1.php" "Mozilla/5.0 (Windows NT 10.0; Win64; x64) AppleWebKit/537.36 (KHTML, like Gecko) Chrome/139.0.0.0 Safari/537.36 Edg/139.0.0.0"
172.16.36.181 - - [22/Aug/2025:08:37:39 +0800] "GET /manager-page/api/snapshot.php?id=11&t=0.09836664666461603 HTTP/1.1" 200 48270 "http://192.168.60.79/manager-page/home-1.php" "Mozilla/5.0 (Windows NT 10.0; Win64; x64) AppleWebKit/537.36 (KHTML, like Gecko) Chrome/139.0.0.0 Safari/537.36 Edg/139.0.0.0"
172.16.36.181 - - [22/Aug/2025:08:37:39 +0800] "GET /manager-page/api/snapshot.php?id=12&t=0.748007893327911 HTTP/1.1" 500 - "http://192.168.60.79/manager-page/home-1.php" "Mozilla/5.0 (Windows NT 10.0; Win64; x64) AppleWebKit/537.36 (KHTML, like Gecko) Chrome/139.0.0.0 Safari/537.36 Edg/139.0.0.0"
172.16.36.181 - - [22/Aug/2025:08:37:44 +0800] "GET /manager-page/api/snapshot.php?id=11&t=0.5267874153944856 HTTP/1.1" 200 48261 "http://192.168.60.79/manager-page/home-1.php" "Mozilla/5.0 (Windows NT 10.0; Win64; x64) AppleWebKit/537.36 (KHTML, like Gecko) Chrome/139.0.0.0 Safari/537.36 Edg/139.0.0.0"
172.16.36.181 - - [22/Aug/2025:08:37:44 +0800] "GET /manager-page/api/snapshot.php?id=12&t=0.8454934218109894 HTTP/1.1" 200 50318 "http://192.168.60.79/manager-page/home-1.php" "Mozilla/5.0 (Windows NT 10.0; Win64; x64) AppleWebKit/537.36 (KHTML, like Gecko) Chrome/139.0.0.0 Safari/537.36 Edg/139.0.0.0"
172.16.36.181 - - [22/Aug/2025:08:37:49 +0800] "GET /manager-page/api/snapshot.php?id=12&t=0.6449425684518449 HTTP/1.1" 500 - "http://192.168.60.79/manager-page/home-1.php" "Mozilla/5.0 (Windows NT 10.0; Win64; x64) AppleWebKit/537.36 (KHTML, like Gecko) Chrome/139.0.0.0 Safari/537.36 Edg/139.0.0.0"
172.16.36.181 - - [22/Aug/2025:08:37:49 +0800] "GET /manager-page/api/snapshot.php?id=11&t=0.12033966202477853 HTTP/1.1" 500 - "http://192.168.60.79/manager-page/home-1.php" "Mozilla/5.0 (Windows NT 10.0; Win64; x64) AppleWebKit/537.36 (KHTML, like Gecko) Chrome/139.0.0.0 Safari/537.36 Edg/139.0.0.0"
172.16.36.181 - - [22/Aug/2025:08:37:54 +0800] "GET /manager-page/api/snapshot.php?id=12&t=0.7683393440835133 HTTP/1.1" 500 - "http://192.168.60.79/manager-page/home-1.php" "Mozilla/5.0 (Windows NT 10.0; Win64; x64) AppleWebKit/537.36 (KHTML, like Gecko) Chrome/139.0.0.0 Safari/537.36 Edg/139.0.0.0"
172.16.36.181 - - [22/Aug/2025:08:37:54 +0800] "GET /manager-page/api/snapshot.php?id=11&t=0.9380483981072776 HTTP/1.1" 500 - "http://192.168.60.79/manager-page/home-1.php" "Mozilla/5.0 (Windows NT 10.0; Win64; x64) AppleWebKit/537.36 (KHTML, like Gecko) Chrome/139.0.0.0 Safari/537.36 Edg/139.0.0.0"
172.16.36.181 - - [22/Aug/2025:08:37:59 +0800] "GET /manager-page/api/snapshot.php?id=12&t=0.9709431110712813 HTTP/1.1" 200 50360 "http://192.168.60.79/manager-page/home-1.php" "Mozilla/5.0 (Windows NT 10.0; Win64; x64) AppleWebKit/537.36 (KHTML, like Gecko) Chrome/139.0.0.0 Safari/537.36 Edg/139.0.0.0"
127.0.0.1 - - [22/Aug/2025:08:38:00 +0800] "GET /robot/alarm-history-in.php HTTP/1.1" 200 - "-" "python-requests/2.28.1"
172.16.36.181 - - [22/Aug/2025:08:37:59 +0800] "GET /manager-page/api/snapshot.php?id=11&t=0.10192527553192265 HTTP/1.1" 200 48428 "http://192.168.60.79/manager-page/home-1.php" "Mozilla/5.0 (Windows NT 10.0; Win64; x64) AppleWebKit/537.36 (KHTML, like Gecko) Chrome/139.0.0.0 Safari/537.36 Edg/139.0.0.0"
127.0.0.1 - - [22/Aug/2025:08:38:17 +0800] "POST /robot/et-7026-in.php HTTP/1.1" 200 - "-" "python-requests/2.32.2"
111.70.30.252 - - [22/Aug/2025:08:38:30 +0800] "POST /robot/lora-in.php HTTP/1.1" 200 - "-" "python-requests/2.21.0"
127.0.0.1 - - [22/Aug/2025:08:38:36 +0800] "POST /robot/et-7026-in.php HTTP/1.1" 200 - "-" "python-requests/2.32.2"
127.0.0.1 - - [22/Aug/2025:08:38:39 +0800] "GET /get-setting.json HTTP/1.1" 200 2314 "-" "python-requests/2.31.0"
127.0.0.1 - - [22/Aug/2025:08:38:39 +0800] "POST /robot/lora-in.php HTTP/1.1" 200 - "-" "python-requests/2.31.0"
127.0.0.1 - - [22/Aug/2025:08:38:49 +0800] "POST /robot/lora-in.php HTTP/1.1" 200 - "-" "python-requests/2.31.0"
127.0.0.1 - - [22/Aug/2025:08:38:50 +0800] "POST /robot/lora-in.php HTTP/1.1" 200 - "-" "python-requests/2.31.0"
172.16.36.181 - - [22/Aug/2025:08:38:56 +0800] "GET /manager-page/api/snapshot.php?id=12&t=0.8130964394467537 HTTP/1.1" 200 50373 "http://192.168.60.79/manager-page/home-1.php" "Mozilla/5.0 (Windows NT 10.0; Win64; x64) AppleWebKit/537.36 (KHTML, like Gecko) Chrome/139.0.0.0 Safari/537.36 Edg/139.0.0.0"
172.16.36.181 - - [22/Aug/2025:08:38:56 +0800] "GET /manager-page/api/snapshot.php?id=11&t=0.3881471761370703 HTTP/1.1" 200 48705 "http://192.168.60.79/manager-page/home-1.php" "Mozilla/5.0 (Windows NT 10.0; Win64; x64) AppleWebKit/537.36 (KHTML, like Gecko) Chrome/139.0.0.0 Safari/537.36 Edg/139.0.0.0"
127.0.0.1 - - [22/Aug/2025:08:39:00 +0800] "GET /robot/alarm-history-in.php HTTP/1.1" 200 - "-" "python-requests/2.28.1"
127.0.0.1 - - [22/Aug/2025:08:39:00 +0800] "POST /robot/lora-in.php HTTP/1.1" 200 - "-" "python-requests/2.31.0"
127.0.0.1 - - [22/Aug/2025:08:39:40 +0800] "POST /robot/et-7026-in.php HTTP/1.1" 200 - "-" "python-requests/2.32.2"
172.16.36.181 - - [22/Aug/2025:08:39:56 +0800] "GET /manager-page/api/snapshot.php?id=12&t=0.8775382492250795 HTTP/1.1" 200 50374 "http://192.168.60.79/manager-page/home-1.php" "Mozilla/5.0 (Windows NT 10.0; Win64; x64) AppleWebKit/537.36 (KHTML, like Gecko) Chrome/139.0.0.0 Safari/537.36 Edg/139.0.0.0"
172.16.36.181 - - [22/Aug/2025:08:39:56 +0800] "GET /manager-page/api/snapshot.php?id=11&t=0.313318000784945 HTTP/1.1" 200 48034 "http://192.168.60.79/manager-page/home-1.php" "Mozilla/5.0 (Windows NT 10.0; Win64; x64) AppleWebKit/537.36 (KHTML, like Gecko) Chrome/139.0.0.0 Safari/537.36 Edg/139.0.0.0"
127.0.0.1 - - [22/Aug/2025:08:39:23 +0800] "POST /robot/lora-in.php HTTP/1.1" 200 - "-" "python-requests/2.31.0"
127.0.0.1 - - [22/Aug/2025:08:40:00 +0800] "GET /robot/alarm-history-in.php HTTP/1.1" 200 - "-" "python-requests/2.28.1"
127.0.0.1 - - [22/Aug/2025:08:39:40 +0800] "POST /robot/lora-in.php HTTP/1.1" 200 - "-" "python-requests/2.31.0"
111.70.30.251 - - [22/Aug/2025:08:40:16 +0800] "POST /robot/lora-in.php HTTP/1.1" 200 - "-" "python-requests/2.21.0"
127.0.0.1 - - [22/Aug/2025:08:39:59 +0800] "POST /robot/lora-in.php HTTP/1.1" 200 - "-" "python-requests/2.31.0"
127.0.0.1 - - [22/Aug/2025:08:40:16 +0800] "POST /robot/lora-in.php HTTP/1.1" 200 - "-" "python-requests/2.31.0"
172.16.36.181 - - [22/Aug/2025:08:40:56 +0800] "GET /manager-page/api/snapshot.php?id=12&t=0.1164144966198345 HTTP/1.1" 200 50411 "http://192.168.60.79/manager-page/home-1.php" "Mozilla/5.0 (Windows NT 10.0; Win64; x64) AppleWebKit/537.36 (KHTML, like Gecko) Chrome/139.0.0.0 Safari/537.36 Edg/139.0.0.0"
172.16.36.181 - - [22/Aug/2025:08:40:56 +0800] "GET /manager-page/api/snapshot.php?id=11&t=0.43180571407955015 HTTP/1.1" 200 48128 "http://192.168.60.79/manager-page/home-1.php" "Mozilla/5.0 (Windows NT 10.0; Win64; x64) AppleWebKit/537.36 (KHTML, like Gecko) Chrome/139.0.0.0 Safari/537.36 Edg/139.0.0.0"
127.0.0.1 - - [22/Aug/2025:08:41:00 +0800] "GET /robot/alarm-history-in.php HTTP/1.1" 200 - "-" "python-requests/2.28.1"
111.70.30.253 - - [22/Aug/2025:08:41:42 +0800] "POST /robot/lora-in.php HTTP/1.1" 200 - "-" "python-requests/2.21.0"
172.16.36.181 - - [22/Aug/2025:08:41:56 +0800] "GET /manager-page/api/snapshot.php?id=12&t=0.6949136367444564 HTTP/1.1" 200 50742 "http://192.168.60.79/manager-page/home-1.php" "Mozilla/5.0 (Windows NT 10.0; Win64; x64) AppleWebKit/537.36 (KHTML, like Gecko) Chrome/139.0.0.0 Safari/537.36 Edg/139.0.0.0"
172.16.36.181 - - [22/Aug/2025:08:41:56 +0800] "GET /manager-page/api/snapshot.php?id=11&t=0.7325216274497753 HTTP/1.1" 200 48223 "http://192.168.60.79/manager-page/home-1.php" "Mozilla/5.0 (Windows NT 10.0; Win64; x64) AppleWebKit/537.36 (KHTML, like Gecko) Chrome/139.0.0.0 Safari/537.36 Edg/139.0.0.0"
127.0.0.1 - - [22/Aug/2025:08:42:00 +0800] "GET /robot/alarm-history-in.php HTTP/1.1" 200 - "-" "python-requests/2.28.1"
172.16.36.181 - - [22/Aug/2025:08:42:56 +0800] "GET /manager-page/api/snapshot.php?id=11&t=0.40085821458697857 HTTP/1.1" 200 48157 "http://192.168.60.79/manager-page/home-1.php" "Mozilla/5.0 (Windows NT 10.0; Win64; x64) AppleWebKit/537.36 (KHTML, like Gecko) Chrome/139.0.0.0 Safari/537.36 Edg/139.0.0.0"
172.16.36.181 - - [22/Aug/2025:08:42:56 +0800] "GET /manager-page/api/snapshot.php?id=12&t=0.5895723409869746 HTTP/1.1" 200 50530 "http://192.168.60.79/manager-page/home-1.php" "Mozilla/5.0 (Windows NT 10.0; Win64; x64) AppleWebKit/537.36 (KHTML, like Gecko) Chrome/139.0.0.0 Safari/537.36 Edg/139.0.0.0"
127.0.0.1 - - [22/Aug/2025:08:43:00 +0800] "GET /robot/alarm-history-in.php HTTP/1.1" 200 - "-" "python-requests/2.28.1"
111.70.30.250 - - [22/Aug/2025:08:43:04 +0800] "POST /robot/lora-in.php HTTP/1.1" 200 - "-" "python-requests/2.21.0"
127.0.0.1 - - [22/Aug/2025:08:43:25 +0800] "POST /robot/et-7026-in.php HTTP/1.1" 200 - "-" "python-requests/2.32.2"
172.16.36.181 - - [22/Aug/2025:08:43:56 +0800] "GET /manager-page/api/snapshot.php?id=11&t=0.5528553118766036 HTTP/1.1" 200 48030 "http://192.168.60.79/manager-page/home-1.php" "Mozilla/5.0 (Windows NT 10.0; Win64; x64) AppleWebKit/537.36 (KHTML, like Gecko) Chrome/139.0.0.0 Safari/537.36 Edg/139.0.0.0"
127.0.0.1 - - [22/Aug/2025:08:44:00 +0800] "GET /robot/alarm-history-in.php HTTP/1.1" 200 - "-" "python-requests/2.28.1"
172.16.36.181 - - [22/Aug/2025:08:43:56 +0800] "GET /manager-page/api/snapshot.php?id=12&t=0.484625983738888 HTTP/1.1" 500 - "http://192.168.60.79/manager-page/home-1.php" "Mozilla/5.0 (Windows NT 10.0; Win64; x64) AppleWebKit/537.36 (KHTML, like Gecko) Chrome/139.0.0.0 Safari/537.36 Edg/139.0.0.0"
172.16.36.181 - - [22/Aug/2025:08:44:22 +0800] "GET /manager-page/live/1-2.jpg HTTP/1.1" 200 50578 "http://192.168.60.79/manager-page/home-1.php" "Mozilla/5.0 (Windows NT 10.0; Win64; x64) AppleWebKit/537.36 (KHTML, like Gecko) Chrome/139.0.0.0 Safari/537.36 Edg/139.0.0.0"
172.16.36.181 - - [22/Aug/2025:08:44:56 +0800] "GET /manager-page/api/snapshot.php?id=12&t=0.23010398102411878 HTTP/1.1" 200 50419 "http://192.168.60.79/manager-page/home-1.php" "Mozilla/5.0 (Windows NT 10.0; Win64; x64) AppleWebKit/537.36 (KHTML, like Gecko) Chrome/139.0.0.0 Safari/537.36 Edg/139.0.0.0"
172.16.36.181 - - [22/Aug/2025:08:44:56 +0800] "GET /manager-page/api/snapshot.php?id=11&t=0.36887665836790784 HTTP/1.1" 500 - "http://192.168.60.79/manager-page/home-1.php" "Mozilla/5.0 (Windows NT 10.0; Win64; x64) AppleWebKit/537.36 (KHTML, like Gecko) Chrome/139.0.0.0 Safari/537.36 Edg/139.0.0.0"
127.0.0.1 - - [22/Aug/2025:08:45:00 +0800] "GET /robot/alarm-history-in.php HTTP/1.1" 200 - "-" "python-requests/2.28.1"
172.16.36.181 - - [22/Aug/2025:08:45:19 +0800] "GET /manager-page/live/1-1.jpg HTTP/1.1" 200 48103 "http://192.168.60.79/manager-page/home-1.php" "Mozilla/5.0 (Windows NT 10.0; Win64; x64) AppleWebKit/537.36 (KHTML, like Gecko) Chrome/139.0.0.0 Safari/537.36 Edg/139.0.0.0"
172.16.36.181 - - [22/Aug/2025:08:45:56 +0800] "GET /manager-page/api/snapshot.php?id=11&t=0.5325708299935099 HTTP/1.1" 200 48037 "http://192.168.60.79/manager-page/home-1.php" "Mozilla/5.0 (Windows NT 10.0; Win64; x64) AppleWebKit/537.36 (KHTML, like Gecko) Chrome/139.0.0.0 Safari/537.36 Edg/139.0.0.0"
172.16.36.181 - - [22/Aug/2025:08:45:56 +0800] "GET /manager-page/api/snapshot.php?id=12&t=0.5121290914906563 HTTP/1.1" 200 50432 "http://192.168.60.79/manager-page/home-1.php" "Mozilla/5.0 (Windows NT 10.0; Win64; x64) AppleWebKit/537.36 (KHTML, like Gecko) Chrome/139.0.0.0 Safari/537.36 Edg/139.0.0.0"
127.0.0.1 - - [22/Aug/2025:08:46:00 +0800] "GET /robot/alarm-history-in.php HTTP/1.1" 200 - "-" "python-requests/2.28.1"
172.16.36.181 - - [22/Aug/2025:08:46:56 +0800] "GET /manager-page/api/snapshot.php?id=11&t=0.8371659354833093 HTTP/1.1" 200 48148 "http://192.168.60.79/manager-page/home-1.php" "Mozilla/5.0 (Windows NT 10.0; Win64; x64) AppleWebKit/537.36 (KHTML, like Gecko) Chrome/139.0.0.0 Safari/537.36 Edg/139.0.0.0"
172.16.36.181 - - [22/Aug/2025:08:46:56 +0800] "GET /manager-page/api/snapshot.php?id=12&t=0.4141011532788582 HTTP/1.1" 200 50828 "http://192.168.60.79/manager-page/home-1.php" "Mozilla/5.0 (Windows NT 10.0; Win64; x64) AppleWebKit/537.36 (KHTML, like Gecko) Chrome/139.0.0.0 Safari/537.36 Edg/139.0.0.0"
127.0.0.1 - - [22/Aug/2025:08:47:00 +0800] "GET /robot/alarm-history-in.php HTTP/1.1" 200 - "-" "python-requests/2.28.1"
111.70.30.252 - - [22/Aug/2025:08:47:39 +0800] "POST /robot/lora-in.php HTTP/1.1" 200 - "-" "python-requests/2.21.0"
172.16.36.181 - - [22/Aug/2025:08:47:56 +0800] "GET /manager-page/api/snapshot.php?id=12&t=0.41147016403966086 HTTP/1.1" 200 50508 "http://192.168.60.79/manager-page/home-1.php" "Mozilla/5.0 (Windows NT 10.0; Win64; x64) AppleWebKit/537.36 (KHTML, like Gecko) Chrome/139.0.0.0 Safari/537.36 Edg/139.0.0.0"
172.16.36.181 - - [22/Aug/2025:08:47:56 +0800] "GET /manager-page/api/snapshot.php?id=11&t=0.472199650801972 HTTP/1.1" 200 48018 "http://192.168.60.79/manager-page/home-1.php" "Mozilla/5.0 (Windows NT 10.0; Win64; x64) AppleWebKit/537.36 (KHTML, like Gecko) Chrome/139.0.0.0 Safari/537.36 Edg/139.0.0.0"
127.0.0.1 - - [22/Aug/2025:08:48:00 +0800] "GET /robot/alarm-history-in.php HTTP/1.1" 200 - "-" "python-requests/2.28.1"
127.0.0.1 - - [22/Aug/2025:08:48:19 +0800] "POST /robot/et-7026-in.php HTTP/1.1" 200 - "-" "python-requests/2.32.2"
127.0.0.1 - - [22/Aug/2025:08:48:39 +0800] "GET /get-setting.json HTTP/1.1" 200 2314 "-" "python-requests/2.31.0"
127.0.0.1 - - [22/Aug/2025:08:48:38 +0800] "POST /robot/et-7026-in.php HTTP/1.1" 200 - "-" "python-requests/2.32.2"
172.16.36.181 - - [22/Aug/2025:08:48:56 +0800] "GET /manager-page/api/snapshot.php?id=12&t=0.7722650023196734 HTTP/1.1" 200 50552 "http://192.168.60.79/manager-page/home-1.php" "Mozilla/5.0 (Windows NT 10.0; Win64; x64) AppleWebKit/537.36 (KHTML, like Gecko) Chrome/139.0.0.0 Safari/537.36 Edg/139.0.0.0"
172.16.36.181 - - [22/Aug/2025:08:48:56 +0800] "GET /manager-page/api/snapshot.php?id=11&t=0.7988601735697938 HTTP/1.1" 200 48320 "http://192.168.60.79/manager-page/home-1.php" "Mozilla/5.0 (Windows NT 10.0; Win64; x64) AppleWebKit/537.36 (KHTML, like Gecko) Chrome/139.0.0.0 Safari/537.36 Edg/139.0.0.0"
127.0.0.1 - - [22/Aug/2025:08:49:00 +0800] "GET /robot/alarm-history-in.php HTTP/1.1" 200 - "-" "python-requests/2.28.1"
111.70.30.251 - - [22/Aug/2025:08:48:52 +0800] "POST /robot/lora-in.php HTTP/1.1" 200 - "-" "python-requests/2.21.0"
127.0.0.1 - - [22/Aug/2025:08:48:42 +0800] "POST /robot/lora-in.php HTTP/1.1" 200 - "-" "python-requests/2.31.0"
172.16.36.181 - - [22/Aug/2025:08:49:29 +0800] "GET /manager-page/api/snapshot.php?id=12&t=0.8990852486617302 HTTP/1.1" 200 50591 "http://192.168.60.79/manager-page/home-1.php" "Mozilla/5.0 (Windows NT 10.0; Win64; x64) AppleWebKit/537.36 (KHTML, like Gecko) Chrome/139.0.0.0 Safari/537.36 Edg/139.0.0.0"
172.16.36.181 - - [22/Aug/2025:08:49:29 +0800] "GET /manager-page/api/snapshot.php?id=11&t=0.5866972948442635 HTTP/1.1" 200 48156 "http://192.168.60.79/manager-page/home-1.php" "Mozilla/5.0 (Windows NT 10.0; Win64; x64) AppleWebKit/537.36 (KHTML, like Gecko) Chrome/139.0.0.0 Safari/537.36 Edg/139.0.0.0"
127.0.0.1 - - [22/Aug/2025:08:49:02 +0800] "POST /robot/lora-in.php HTTP/1.1" 200 - "-" "python-requests/2.31.0"
172.16.36.181 - - [22/Aug/2025:08:49:34 +0800] "GET /manager-page/api/snapshot.php?id=12&t=0.9990699926530928 HTTP/1.1" 200 50759 "http://192.168.60.79/manager-page/home-1.php" "Mozilla/5.0 (Windows NT 10.0; Win64; x64) AppleWebKit/537.36 (KHTML, like Gecko) Chrome/139.0.0.0 Safari/537.36 Edg/139.0.0.0"
172.16.36.181 - - [22/Aug/2025:08:49:34 +0800] "GET /manager-page/api/snapshot.php?id=11&t=0.568471059954061 HTTP/1.1" 200 48606 "http://192.168.60.79/manager-page/home-1.php" "Mozilla/5.0 (Windows NT 10.0; Win64; x64) AppleWebKit/537.36 (KHTML, like Gecko) Chrome/139.0.0.0 Safari/537.36 Edg/139.0.0.0"
172.16.36.181 - - [22/Aug/2025:08:49:39 +0800] "GET /manager-page/api/snapshot.php?id=12&t=0.05569703594724673 HTTP/1.1" 200 50748 "http://192.168.60.79/manager-page/home-1.php" "Mozilla/5.0 (Windows NT 10.0; Win64; x64) AppleWebKit/537.36 (KHTML, like Gecko) Chrome/139.0.0.0 Safari/537.36 Edg/139.0.0.0"
172.16.36.181 - - [22/Aug/2025:08:49:39 +0800] "GET /manager-page/api/snapshot.php?id=11&t=0.4079778223337467 HTTP/1.1" 500 - "http://192.168.60.79/manager-page/home-1.php" "Mozilla/5.0 (Windows NT 10.0; Win64; x64) AppleWebKit/537.36 (KHTML, like Gecko) Chrome/139.0.0.0 Safari/537.36 Edg/139.0.0.0"
172.16.36.181 - - [22/Aug/2025:08:49:44 +0800] "GET /manager-page/api/snapshot.php?id=11&t=0.2574070877568062 HTTP/1.1" 200 48261 "http://192.168.60.79/manager-page/home-1.php" "Mozilla/5.0 (Windows NT 10.0; Win64; x64) AppleWebKit/537.36 (KHTML, like Gecko) Chrome/139.0.0.0 Safari/537.36 Edg/139.0.0.0"
127.0.0.1 - - [22/Aug/2025:08:49:41 +0800] "POST /robot/et-7026-in.php HTTP/1.1" 200 - "-" "python-requests/2.32.2"
172.16.36.181 - - [22/Aug/2025:08:49:44 +0800] "GET /manager-page/api/snapshot.php?id=12&t=0.7775951068453656 HTTP/1.1" 200 50662 "http://192.168.60.79/manager-page/home-1.php" "Mozilla/5.0 (Windows NT 10.0; Win64; x64) AppleWebKit/537.36 (KHTML, like Gecko) Chrome/139.0.0.0 Safari/537.36 Edg/139.0.0.0"
172.16.36.181 - - [22/Aug/2025:08:49:49 +0800] "GET /manager-page/api/snapshot.php?id=11&t=0.2920541522059604 HTTP/1.1" 200 48390 "http://192.168.60.79/manager-page/home-1.php" "Mozilla/5.0 (Windows NT 10.0; Win64; x64) AppleWebKit/537.36 (KHTML, like Gecko) Chrome/139.0.0.0 Safari/537.36 Edg/139.0.0.0"
172.16.36.181 - - [22/Aug/2025:08:49:49 +0800] "GET /manager-page/api/snapshot.php?id=12&t=0.4126844277809576 HTTP/1.1" 200 50737 "http://192.168.60.79/manager-page/home-1.php" "Mozilla/5.0 (Windows NT 10.0; Win64; x64) AppleWebKit/537.36 (KHTML, like Gecko) Chrome/139.0.0.0 Safari/537.36 Edg/139.0.0.0"
172.16.36.181 - - [22/Aug/2025:08:49:54 +0800] "GET /manager-page/api/snapshot.php?id=12&t=0.2187264118909883 HTTP/1.1" 200 50701 "http://192.168.60.79/manager-page/home-1.php" "Mozilla/5.0 (Windows NT 10.0; Win64; x64) AppleWebKit/537.36 (KHTML, like Gecko) Chrome/139.0.0.0 Safari/537.36 Edg/139.0.0.0"
127.0.0.1 - - [22/Aug/2025:08:49:23 +0800] "POST /robot/lora-in.php HTTP/1.1" 200 - "-" "python-requests/2.31.0"
172.16.36.181 - - [22/Aug/2025:08:49:54 +0800] "GET /manager-page/api/snapshot.php?id=11&t=0.49487678605066243 HTTP/1.1" 200 48236 "http://192.168.60.79/manager-page/home-1.php" "Mozilla/5.0 (Windows NT 10.0; Win64; x64) AppleWebKit/537.36 (KHTML, like Gecko) Chrome/139.0.0.0 Safari/537.36 Edg/139.0.0.0"
172.16.36.181 - - [22/Aug/2025:08:49:59 +0800] "GET /manager-page/api/snapshot.php?id=11&t=0.7566083115516111 HTTP/1.1" 200 48236 "http://192.168.60.79/manager-page/home-1.php" "Mozilla/5.0 (Windows NT 10.0; Win64; x64) AppleWebKit/537.36 (KHTML, like Gecko) Chrome/139.0.0.0 Safari/537.36 Edg/139.0.0.0"
172.16.36.181 - - [22/Aug/2025:08:49:59 +0800] "GET /manager-page/api/snapshot.php?id=12&t=0.5582197274350641 HTTP/1.1" 200 50208 "http://192.168.60.79/manager-page/home-1.php" "Mozilla/5.0 (Windows NT 10.0; Win64; x64) AppleWebKit/537.36 (KHTML, like Gecko) Chrome/139.0.0.0 Safari/537.36 Edg/139.0.0.0"
127.0.0.1 - - [22/Aug/2025:08:50:00 +0800] "GET /robot/alarm-history-in.php HTTP/1.1" 200 - "-" "python-requests/2.28.1"
172.16.36.181 - - [22/Aug/2025:08:50:04 +0800] "GET /manager-page/api/snapshot.php?id=12&t=0.007413956654721443 HTTP/1.1" 200 50634 "http://192.168.60.79/manager-page/home-1.php" "Mozilla/5.0 (Windows NT 10.0; Win64; x64) AppleWebKit/537.36 (KHTML, like Gecko) Chrome/139.0.0.0 Safari/537.36 Edg/139.0.0.0"
172.16.36.181 - - [22/Aug/2025:08:50:04 +0800] "GET /manager-page/api/snapshot.php?id=11&t=0.2877830299447083 HTTP/1.1" 200 48143 "http://192.168.60.79/manager-page/home-1.php" "Mozilla/5.0 (Windows NT 10.0; Win64; x64) AppleWebKit/537.36 (KHTML, like Gecko) Chrome/139.0.0.0 Safari/537.36 Edg/139.0.0.0"
172.16.36.181 - - [22/Aug/2025:08:50:09 +0800] "GET /manager-page/api/snapshot.php?id=11&t=0.3410724546290964 HTTP/1.1" 200 48112 "http://192.168.60.79/manager-page/home-1.php" "Mozilla/5.0 (Windows NT 10.0; Win64; x64) AppleWebKit/537.36 (KHTML, like Gecko) Chrome/139.0.0.0 Safari/537.36 Edg/139.0.0.0"
172.16.36.181 - - [22/Aug/2025:08:50:09 +0800] "GET /manager-page/api/snapshot.php?id=12&t=0.4021433816661969 HTTP/1.1" 200 50596 "http://192.168.60.79/manager-page/home-1.php" "Mozilla/5.0 (Windows NT 10.0; Win64; x64) AppleWebKit/537.36 (KHTML, like Gecko) Chrome/139.0.0.0 Safari/537.36 Edg/139.0.0.0"
172.16.36.181 - - [22/Aug/2025:08:50:14 +0800] "GET /manager-page/api/snapshot.php?id=11&t=0.8587766785540882 HTTP/1.1" 200 48111 "http://192.168.60.79/manager-page/home-1.php" "Mozilla/5.0 (Windows NT 10.0; Win64; x64) AppleWebKit/537.36 (KHTML, like Gecko) Chrome/139.0.0.0 Safari/537.36 Edg/139.0.0.0"
172.16.36.181 - - [22/Aug/2025:08:50:14 +0800] "GET /manager-page/api/snapshot.php?id=12&t=0.6934136211235046 HTTP/1.1" 200 50567 "http://192.168.60.79/manager-page/home-1.php" "Mozilla/5.0 (Windows NT 10.0; Win64; x64) AppleWebKit/537.36 (KHTML, like Gecko) Chrome/139.0.0.0 Safari/537.36 Edg/139.0.0.0"
127.0.0.1 - - [22/Aug/2025:08:49:48 +0800] "POST /robot/lora-in.php HTTP/1.1" 200 - "-" "python-requests/2.31.0"
127.0.0.1 - - [22/Aug/2025:08:50:08 +0800] "POST /robot/lora-in.php HTTP/1.1" 200 - "-" "python-requests/2.31.0"
172.16.36.181 - - [22/Aug/2025:08:50:19 +0800] "GET /manager-page/api/snapshot.php?id=11&t=0.2657088257220477 HTTP/1.1" 200 48129 "http://192.168.60.79/manager-page/home-1.php" "Mozilla/5.0 (Windows NT 10.0; Win64; x64) AppleWebKit/537.36 (KHTML, like Gecko) Chrome/139.0.0.0 Safari/537.36 Edg/139.0.0.0"
172.16.36.181 - - [22/Aug/2025:08:50:19 +0800] "GET /manager-page/api/snapshot.php?id=12&t=0.382641503795197 HTTP/1.1" 200 50668 "http://192.168.60.79/manager-page/home-1.php" "Mozilla/5.0 (Windows NT 10.0; Win64; x64) AppleWebKit/537.36 (KHTML, like Gecko) Chrome/139.0.0.0 Safari/537.36 Edg/139.0.0.0"
172.16.36.181 - - [22/Aug/2025:08:50:24 +0800] "GET /manager-page/api/snapshot.php?id=11&t=0.32834761682751046 HTTP/1.1" 200 48028 "http://192.168.60.79/manager-page/home-1.php" "Mozilla/5.0 (Windows NT 10.0; Win64; x64) AppleWebKit/537.36 (KHTML, like Gecko) Chrome/139.0.0.0 Safari/537.36 Edg/139.0.0.0"
172.16.36.181 - - [22/Aug/2025:08:50:24 +0800] "GET /manager-page/api/snapshot.php?id=12&t=0.7856739744814465 HTTP/1.1" 200 50676 "http://192.168.60.79/manager-page/home-1.php" "Mozilla/5.0 (Windows NT 10.0; Win64; x64) AppleWebKit/537.36 (KHTML, like Gecko) Chrome/139.0.0.0 Safari/537.36 Edg/139.0.0.0"
172.16.36.181 - - [22/Aug/2025:08:50:29 +0800] "GET /manager-page/api/snapshot.php?id=11&t=0.7218206105281549 HTTP/1.1" 200 48115 "http://192.168.60.79/manager-page/home-1.php" "Mozilla/5.0 (Windows NT 10.0; Win64; x64) AppleWebKit/537.36 (KHTML, like Gecko) Chrome/139.0.0.0 Safari/537.36 Edg/139.0.0.0"
111.70.30.253 - - [22/Aug/2025:08:50:26 +0800] "POST /robot/lora-in.php HTTP/1.1" 200 - "-" "python-requests/2.21.0"
172.16.36.181 - - [22/Aug/2025:08:50:29 +0800] "GET /manager-page/api/snapshot.php?id=12&t=0.5686106535006179 HTTP/1.1" 200 50662 "http://192.168.60.79/manager-page/home-1.php" "Mozilla/5.0 (Windows NT 10.0; Win64; x64) AppleWebKit/537.36 (KHTML, like Gecko) Chrome/139.0.0.0 Safari/537.36 Edg/139.0.0.0"
127.0.0.1 - - [22/Aug/2025:08:50:27 +0800] "POST /robot/lora-in.php HTTP/1.1" 200 - "-" "python-requests/2.31.0"
172.16.36.181 - - [22/Aug/2025:08:50:56 +0800] "GET /manager-page/api/snapshot.php?id=11&t=0.016460797486795853 HTTP/1.1" 200 48182 "http://192.168.60.79/manager-page/home-1.php" "Mozilla/5.0 (Windows NT 10.0; Win64; x64) AppleWebKit/537.36 (KHTML, like Gecko) Chrome/139.0.0.0 Safari/537.36 Edg/139.0.0.0"
172.16.36.181 - - [22/Aug/2025:08:50:56 +0800] "GET /manager-page/api/snapshot.php?id=12&t=0.6526788709216843 HTTP/1.1" 200 50801 "http://192.168.60.79/manager-page/home-1.php" "Mozilla/5.0 (Windows NT 10.0; Win64; x64) AppleWebKit/537.36 (KHTML, like Gecko) Chrome/139.0.0.0 Safari/537.36 Edg/139.0.0.0"
127.0.0.1 - - [22/Aug/2025:08:51:00 +0800] "GET /robot/alarm-history-in.php HTTP/1.1" 200 - "-" "python-requests/2.28.1"
127.0.0.1 - - [22/Aug/2025:08:50:48 +0800] "POST /robot/lora-in.php HTTP/1.1" 200 - "-" "python-requests/2.31.0"
127.0.0.1 - - [22/Aug/2025:08:51:11 +0800] "POST /robot/lora-in.php HTTP/1.1" 200 - "-" "python-requests/2.31.0"
111.70.30.250 - - [22/Aug/2025:08:51:39 +0800] "POST /robot/lora-in.php HTTP/1.1" 200 - "-" "python-requests/2.21.0"
172.16.36.181 - - [22/Aug/2025:08:51:56 +0800] "GET /manager-page/api/snapshot.php?id=11&t=0.7696749447678377 HTTP/1.1" 200 48219 "http://192.168.60.79/manager-page/home-1.php" "Mozilla/5.0 (Windows NT 10.0; Win64; x64) AppleWebKit/537.36 (KHTML, like Gecko) Chrome/139.0.0.0 Safari/537.36 Edg/139.0.0.0"
172.16.36.181 - - [22/Aug/2025:08:51:56 +0800] "GET /manager-page/api/snapshot.php?id=12&t=0.9464323000680587 HTTP/1.1" 200 50828 "http://192.168.60.79/manager-page/home-1.php" "Mozilla/5.0 (Windows NT 10.0; Win64; x64) AppleWebKit/537.36 (KHTML, like Gecko) Chrome/139.0.0.0 Safari/537.36 Edg/139.0.0.0"
127.0.0.1 - - [22/Aug/2025:08:52:00 +0800] "GET /robot/alarm-history-in.php HTTP/1.1" 200 - "-" "python-requests/2.28.1"
172.16.36.181 - - [22/Aug/2025:08:52:56 +0800] "GET /manager-page/api/snapshot.php?id=12&t=0.8949481063706042 HTTP/1.1" 200 50770 "http://192.168.60.79/manager-page/home-1.php" "Mozilla/5.0 (Windows NT 10.0; Win64; x64) AppleWebKit/537.36 (KHTML, like Gecko) Chrome/139.0.0.0 Safari/537.36 Edg/139.0.0.0"
172.16.36.181 - - [22/Aug/2025:08:52:56 +0800] "GET /manager-page/api/snapshot.php?id=11&t=0.8102936708300312 HTTP/1.1" 200 48246 "http://192.168.60.79/manager-page/home-1.php" "Mozilla/5.0 (Windows NT 10.0; Win64; x64) AppleWebKit/537.36 (KHTML, like Gecko) Chrome/139.0.0.0 Safari/537.36 Edg/139.0.0.0"
127.0.0.1 - - [22/Aug/2025:08:53:00 +0800] "GET /robot/alarm-history-in.php HTTP/1.1" 200 - "-" "python-requests/2.28.1"
127.0.0.1 - - [22/Aug/2025:08:53:26 +0800] "POST /robot/et-7026-in.php HTTP/1.1" 200 - "-" "python-requests/2.32.2"
172.16.36.181 - - [22/Aug/2025:08:53:56 +0800] "GET /manager-page/api/snapshot.php?id=12&t=0.9746377179402554 HTTP/1.1" 200 50800 "http://192.168.60.79/manager-page/home-1.php" "Mozilla/5.0 (Windows NT 10.0; Win64; x64) AppleWebKit/537.36 (KHTML, like Gecko) Chrome/139.0.0.0 Safari/537.36 Edg/139.0.0.0"
172.16.36.181 - - [22/Aug/2025:08:53:56 +0800] "GET /manager-page/api/snapshot.php?id=11&t=0.8695473619418739 HTTP/1.1" 200 48291 "http://192.168.60.79/manager-page/home-1.php" "Mozilla/5.0 (Windows NT 10.0; Win64; x64) AppleWebKit/537.36 (KHTML, like Gecko) Chrome/139.0.0.0 Safari/537.36 Edg/139.0.0.0"
127.0.0.1 - - [22/Aug/2025:08:54:00 +0800] "GET /robot/alarm-history-in.php HTTP/1.1" 200 - "-" "python-requests/2.28.1"
