127.0.0.1 - - [09/Apr/2025:12:14:50 +0800] "GET /manager-page/api/snapshot.php?id=42&t=0.4278859308595604 HTTP/1.1" 200 48398 "http://127.0.0.1/manager-page/home-4.php" "Mozilla/5.0 (Windows NT 10.0; Win64; x64) AppleWebKit/537.36 (KHTML, like Gecko) Chrome/119.0.0.0 Safari/537.36"
127.0.0.1 - - [09/Apr/2025:12:15:00 +0800] "GET /robot/alarm-history-in.php HTTP/1.1" 200 - "-" "python-requests/2.28.1"
111.70.30.252 - - [09/Apr/2025:12:15:21 +0800] "POST /robot/lora-in.php HTTP/1.1" 200 - "-" "python-requests/2.21.0"
127.0.0.1 - - [09/Apr/2025:12:15:43 +0800] "POST /robot/et-7026-in.php HTTP/1.1" 200 - "-" "python-requests/2.32.2"
111.70.30.251 - - [09/Apr/2025:12:15:30 +0800] "POST /robot/lora-in.php HTTP/1.1" 200 - "-" "python-requests/2.21.0"
111.70.30.251 - - [09/Apr/2025:12:15:41 +0800] "POST /robot/lora-in.php HTTP/1.1" 200 - "-" "python-requests/2.21.0"
127.0.0.1 - - [09/Apr/2025:12:16:00 +0800] "GET /robot/alarm-history-in.php HTTP/1.1" 200 - "-" "python-requests/2.28.1"
127.0.0.1 - - [09/Apr/2025:12:17:00 +0800] "GET /robot/alarm-history-in.php HTTP/1.1" 200 - "-" "python-requests/2.28.1"
111.70.30.250 - - [09/Apr/2025:12:17:54 +0800] "POST /robot/lora-in.php HTTP/1.1" 200 - "-" "python-requests/2.21.0"
127.0.0.1 - - [09/Apr/2025:12:18:00 +0800] "GET /robot/alarm-history-in.php HTTP/1.1" 200 - "-" "python-requests/2.28.1"
127.0.0.1 - - [09/Apr/2025:12:19:00 +0800] "GET /robot/alarm-history-in.php HTTP/1.1" 200 - "-" "python-requests/2.28.1"
111.70.30.251 - - [09/Apr/2025:12:19:29 +0800] "POST /robot/lora-in.php HTTP/1.1" 200 - "-" "python-requests/2.21.0"
127.0.0.1 - - [09/Apr/2025:12:20:00 +0800] "GET /robot/alarm-history-in.php HTTP/1.1" 200 - "-" "python-requests/2.28.1"
127.0.0.1 - - [09/Apr/2025:12:21:00 +0800] "GET /robot/alarm-history-in.php HTTP/1.1" 200 - "-" "python-requests/2.28.1"
127.0.0.1 - - [09/Apr/2025:12:22:00 +0800] "GET /robot/alarm-history-in.php HTTP/1.1" 200 - "-" "python-requests/2.28.1"
127.0.0.1 - - [09/Apr/2025:12:22:17 +0800] "POST /robot/et-7026-in.php HTTP/1.1" 200 - "-" "python-requests/2.32.2"
127.0.0.1 - - [09/Apr/2025:12:22:34 +0800] "POST /robot/et-7026-in.php HTTP/1.1" 200 - "-" "python-requests/2.32.2"
127.0.0.1 - - [09/Apr/2025:12:23:00 +0800] "GET /robot/alarm-history-in.php HTTP/1.1" 200 - "-" "python-requests/2.28.1"
111.70.30.253 - - [09/Apr/2025:12:23:06 +0800] "POST /robot/lora-in.php HTTP/1.1" 200 - "-" "python-requests/2.21.0"
111.70.30.251 - - [09/Apr/2025:12:23:27 +0800] "POST /robot/lora-in.php HTTP/1.1" 200 - "-" "python-requests/2.21.0"
111.70.30.251 - - [09/Apr/2025:12:24:00 +0800] "POST /robot/lora-in.php HTTP/1.1" 200 - "-" "python-requests/2.21.0"
127.0.0.1 - - [09/Apr/2025:12:24:00 +0800] "GET /robot/alarm-history-in.php HTTP/1.1" 200 - "-" "python-requests/2.28.1"
111.70.30.252 - - [09/Apr/2025:12:24:31 +0800] "POST /robot/lora-in.php HTTP/1.1" 200 - "-" "python-requests/2.21.0"
127.0.0.1 - - [09/Apr/2025:12:24:53 +0800] "POST /robot/et-7026-in.php HTTP/1.1" 200 - "-" "python-requests/2.32.2"
127.0.0.1 - - [09/Apr/2025:12:25:00 +0800] "GET /robot/alarm-history-in.php HTTP/1.1" 200 - "-" "python-requests/2.28.1"
127.0.0.1 - - [09/Apr/2025:12:25:45 +0800] "POST /robot/et-7026-in.php HTTP/1.1" 200 - "-" "python-requests/2.32.2"
127.0.0.1 - - [09/Apr/2025:12:26:00 +0800] "GET /robot/alarm-history-in.php HTTP/1.1" 200 - "-" "python-requests/2.28.1"
111.70.30.250 - - [09/Apr/2025:12:26:30 +0800] "POST /robot/lora-in.php HTTP/1.1" 200 - "-" "python-requests/2.21.0"
127.0.0.1 - - [09/Apr/2025:12:26:33 +0800] "GET /manager-page/api/snapshot.php?id=41&t=0.8911190194186811 HTTP/1.1" 200 46055 "http://127.0.0.1/manager-page/home-4.php" "Mozilla/5.0 (Windows NT 10.0; Win64; x64) AppleWebKit/537.36 (KHTML, like Gecko) Chrome/119.0.0.0 Safari/537.36"
127.0.0.1 - - [09/Apr/2025:12:26:33 +0800] "GET /manager-page/api/snapshot.php?id=42&t=0.5365750794102695 HTTP/1.1" 200 47313 "http://127.0.0.1/manager-page/home-4.php" "Mozilla/5.0 (Windows NT 10.0; Win64; x64) AppleWebKit/537.36 (KHTML, like Gecko) Chrome/119.0.0.0 Safari/537.36"
127.0.0.1 - - [09/Apr/2025:12:27:00 +0800] "GET /robot/alarm-history-in.php HTTP/1.1" 200 - "-" "python-requests/2.28.1"
111.70.30.251 - - [09/Apr/2025:12:27:27 +0800] "POST /robot/lora-in.php HTTP/1.1" 200 - "-" "python-requests/2.21.0"
127.0.0.1 - - [09/Apr/2025:12:28:00 +0800] "GET /robot/alarm-history-in.php HTTP/1.1" 200 - "-" "python-requests/2.28.1"
127.0.0.1 - - [09/Apr/2025:12:29:00 +0800] "GET /robot/alarm-history-in.php HTTP/1.1" 200 - "-" "python-requests/2.28.1"
127.0.0.1 - - [09/Apr/2025:12:30:00 +0800] "GET /robot/alarm-history-in.php HTTP/1.1" 200 - "-" "python-requests/2.28.1"
127.0.0.1 - - [09/Apr/2025:12:31:00 +0800] "GET /robot/alarm-history-in.php HTTP/1.1" 200 - "-" "python-requests/2.28.1"
111.70.30.253 - - [09/Apr/2025:12:31:51 +0800] "POST /robot/lora-in.php HTTP/1.1" 200 - "-" "python-requests/2.21.0"
127.0.0.1 - - [09/Apr/2025:12:32:00 +0800] "GET /robot/alarm-history-in.php HTTP/1.1" 200 - "-" "python-requests/2.28.1"
127.0.0.1 - - [09/Apr/2025:12:32:19 +0800] "POST /robot/et-7026-in.php HTTP/1.1" 200 - "-" "python-requests/2.32.2"
111.70.30.251 - - [09/Apr/2025:12:32:24 +0800] "POST /robot/lora-in.php HTTP/1.1" 200 - "-" "python-requests/2.21.0"
127.0.0.1 - - [09/Apr/2025:12:32:36 +0800] "POST /robot/et-7026-in.php HTTP/1.1" 200 - "-" "python-requests/2.32.2"
127.0.0.1 - - [09/Apr/2025:12:33:00 +0800] "GET /robot/alarm-history-in.php HTTP/1.1" 200 - "-" "python-requests/2.28.1"
111.70.30.252 - - [09/Apr/2025:12:33:42 +0800] "POST /robot/lora-in.php HTTP/1.1" 200 - "-" "python-requests/2.21.0"
111.70.30.251 - - [09/Apr/2025:12:33:58 +0800] "POST /robot/lora-in.php HTTP/1.1" 200 - "-" "python-requests/2.21.0"
127.0.0.1 - - [09/Apr/2025:12:34:00 +0800] "GET /robot/alarm-history-in.php HTTP/1.1" 200 - "-" "python-requests/2.28.1"
127.0.0.1 - - [09/Apr/2025:12:34:52 +0800] "POST /robot/et-7026-in.php HTTP/1.1" 200 - "-" "python-requests/2.32.2"
127.0.0.1 - - [09/Apr/2025:12:35:00 +0800] "GET /robot/alarm-history-in.php HTTP/1.1" 200 - "-" "python-requests/2.28.1"
111.70.30.250 - - [09/Apr/2025:12:35:05 +0800] "POST /robot/lora-in.php HTTP/1.1" 200 - "-" "python-requests/2.21.0"
127.0.0.1 - - [09/Apr/2025:12:35:46 +0800] "POST /robot/et-7026-in.php HTTP/1.1" 200 - "-" "python-requests/2.32.2"
127.0.0.1 - - [09/Apr/2025:12:35:50 +0800] "GET /manager-page/api/cms-on2-rdws.php?token=7654354354675426652656 HTTP/1.1" 200 2 "-" "-"
111.70.30.251 - - [09/Apr/2025:12:35:24 +0800] "POST /robot/lora-in.php HTTP/1.1" 200 149 "-" "python-requests/2.21.0"
127.0.0.1 - - [09/Apr/2025:12:36:00 +0800] "GET /robot/alarm-history-in.php HTTP/1.1" 200 - "-" "python-requests/2.28.1"
127.0.0.1 - - [09/Apr/2025:12:37:00 +0800] "GET /robot/alarm-history-in.php HTTP/1.1" 200 - "-" "python-requests/2.28.1"
127.0.0.1 - - [09/Apr/2025:12:38:00 +0800] "GET /robot/alarm-history-in.php HTTP/1.1" 200 - "-" "python-requests/2.28.1"
127.0.0.1 - - [09/Apr/2025:12:39:00 +0800] "GET /robot/alarm-history-in.php HTTP/1.1" 200 - "-" "python-requests/2.28.1"
127.0.0.1 - - [09/Apr/2025:12:39:32 +0800] "GET /manager-page/api/cms-on2-rdws.php?token=7654354354675426652656 HTTP/1.1" 200 2 "-" "-"
111.70.30.251 - - [09/Apr/2025:12:39:23 +0800] "POST /robot/lora-in.php HTTP/1.1" 200 149 "-" "python-requests/2.21.0"
127.0.0.1 - - [09/Apr/2025:12:40:00 +0800] "GET /robot/alarm-history-in.php HTTP/1.1" 200 - "-" "python-requests/2.28.1"
111.70.30.253 - - [09/Apr/2025:12:40:36 +0800] "POST /robot/lora-in.php HTTP/1.1" 200 - "-" "python-requests/2.21.0"
111.70.30.251 - - [09/Apr/2025:12:40:47 +0800] "POST /robot/lora-in.php HTTP/1.1" 200 - "-" "python-requests/2.21.0"
127.0.0.1 - - [09/Apr/2025:12:41:00 +0800] "GET /robot/alarm-history-in.php HTTP/1.1" 200 - "-" "python-requests/2.28.1"
127.0.0.1 - - [09/Apr/2025:12:42:00 +0800] "GET /robot/alarm-history-in.php HTTP/1.1" 200 - "-" "python-requests/2.28.1"
127.0.0.1 - - [09/Apr/2025:12:42:21 +0800] "POST /robot/et-7026-in.php HTTP/1.1" 200 - "-" "python-requests/2.32.2"
127.0.0.1 - - [09/Apr/2025:12:42:38 +0800] "POST /robot/et-7026-in.php HTTP/1.1" 200 - "-" "python-requests/2.32.2"
127.0.0.1 - - [09/Apr/2025:12:43:00 +0800] "GET /robot/alarm-history-in.php HTTP/1.1" 200 - "-" "python-requests/2.28.1"
111.70.30.252 - - [09/Apr/2025:12:42:54 +0800] "POST /robot/lora-in.php HTTP/1.1" 200 - "-" "python-requests/2.21.0"
111.70.30.251 - - [09/Apr/2025:12:43:21 +0800] "POST /robot/lora-in.php HTTP/1.1" 200 - "-" "python-requests/2.21.0"
111.70.30.250 - - [09/Apr/2025:12:43:40 +0800] "POST /robot/lora-in.php HTTP/1.1" 200 - "-" "python-requests/2.21.0"
111.70.30.251 - - [09/Apr/2025:12:43:54 +0800] "POST /robot/lora-in.php HTTP/1.1" 200 - "-" "python-requests/2.21.0"
127.0.0.1 - - [09/Apr/2025:12:44:00 +0800] "GET /robot/alarm-history-in.php HTTP/1.1" 200 - "-" "python-requests/2.28.1"
127.0.0.1 - - [09/Apr/2025:12:44:55 +0800] "POST /robot/et-7026-in.php HTTP/1.1" 200 - "-" "python-requests/2.32.2"
127.0.0.1 - - [09/Apr/2025:12:45:00 +0800] "GET /robot/alarm-history-in.php HTTP/1.1" 200 - "-" "python-requests/2.28.1"
127.0.0.1 - - [09/Apr/2025:12:45:48 +0800] "POST /robot/et-7026-in.php HTTP/1.1" 200 - "-" "python-requests/2.32.2"
127.0.0.1 - - [09/Apr/2025:12:46:00 +0800] "GET /robot/alarm-history-in.php HTTP/1.1" 200 - "-" "python-requests/2.28.1"
127.0.0.1 - - [09/Apr/2025:12:47:00 +0800] "GET /robot/alarm-history-in.php HTTP/1.1" 200 - "-" "python-requests/2.28.1"
127.0.0.1 - - [09/Apr/2025:12:47:06 +0800] "GET /manager-page/api/snapshot.php?id=41&t=0.12523857385355264 HTTP/1.1" 200 47595 "http://127.0.0.1/manager-page/home-4.php" "Mozilla/5.0 (Windows NT 10.0; Win64; x64) AppleWebKit/537.36 (KHTML, like Gecko) Chrome/119.0.0.0 Safari/537.36"
127.0.0.1 - - [09/Apr/2025:12:47:06 +0800] "GET /manager-page/api/snapshot.php?id=42&t=0.932972822113276 HTTP/1.1" 200 48918 "http://127.0.0.1/manager-page/home-4.php" "Mozilla/5.0 (Windows NT 10.0; Win64; x64) AppleWebKit/537.36 (KHTML, like Gecko) Chrome/119.0.0.0 Safari/537.36"
127.0.0.1 - - [09/Apr/2025:12:47:08 +0800] "GET /manager-page/api/snapshot.php?id=42&t=0.258208284120262 HTTP/1.1" 200 48933 "http://127.0.0.1/manager-page/home-4.php" "Mozilla/5.0 (Windows NT 10.0; Win64; x64) AppleWebKit/537.36 (KHTML, like Gecko) Chrome/119.0.0.0 Safari/537.36"
127.0.0.1 - - [09/Apr/2025:12:47:08 +0800] "GET /manager-page/api/snapshot.php?id=41&t=0.7466391855763677 HTTP/1.1" 200 47571 "http://127.0.0.1/manager-page/home-4.php" "Mozilla/5.0 (Windows NT 10.0; Win64; x64) AppleWebKit/537.36 (KHTML, like Gecko) Chrome/119.0.0.0 Safari/537.36"
127.0.0.1 - - [09/Apr/2025:12:47:13 +0800] "GET /manager-page/api/snapshot.php?id=41&t=0.44687659263707724 HTTP/1.1" 200 47661 "http://127.0.0.1/manager-page/home-4.php" "Mozilla/5.0 (Windows NT 10.0; Win64; x64) AppleWebKit/537.36 (KHTML, like Gecko) Chrome/119.0.0.0 Safari/537.36"
127.0.0.1 - - [09/Apr/2025:12:47:13 +0800] "GET /manager-page/api/snapshot.php?id=42&t=0.006678008377658307 HTTP/1.1" 200 48895 "http://127.0.0.1/manager-page/home-4.php" "Mozilla/5.0 (Windows NT 10.0; Win64; x64) AppleWebKit/537.36 (KHTML, like Gecko) Chrome/119.0.0.0 Safari/537.36"
127.0.0.1 - - [09/Apr/2025:12:47:18 +0800] "GET /manager-page/api/snapshot.php?id=41&t=0.8173628612088337 HTTP/1.1" 200 47644 "http://127.0.0.1/manager-page/home-4.php" "Mozilla/5.0 (Windows NT 10.0; Win64; x64) AppleWebKit/537.36 (KHTML, like Gecko) Chrome/119.0.0.0 Safari/537.36"
127.0.0.1 - - [09/Apr/2025:12:47:18 +0800] "GET /manager-page/api/snapshot.php?id=42&t=0.7996575963864203 HTTP/1.1" 200 48873 "http://127.0.0.1/manager-page/home-4.php" "Mozilla/5.0 (Windows NT 10.0; Win64; x64) AppleWebKit/537.36 (KHTML, like Gecko) Chrome/119.0.0.0 Safari/537.36"
127.0.0.1 - - [09/Apr/2025:12:47:23 +0800] "GET /manager-page/api/snapshot.php?id=41&t=0.10815465740033048 HTTP/1.1" 200 47719 "http://127.0.0.1/manager-page/home-4.php" "Mozilla/5.0 (Windows NT 10.0; Win64; x64) AppleWebKit/537.36 (KHTML, like Gecko) Chrome/119.0.0.0 Safari/537.36"
127.0.0.1 - - [09/Apr/2025:12:47:23 +0800] "GET /manager-page/api/snapshot.php?id=42&t=0.14233564746639837 HTTP/1.1" 200 48920 "http://127.0.0.1/manager-page/home-4.php" "Mozilla/5.0 (Windows NT 10.0; Win64; x64) AppleWebKit/537.36 (KHTML, like Gecko) Chrome/119.0.0.0 Safari/537.36"
127.0.0.1 - - [09/Apr/2025:12:47:25 +0800] "GET /manager-page/api/cms-on2-rdws.php?token=7654354354675426652656 HTTP/1.1" 200 2 "-" "-"
111.70.30.251 - - [09/Apr/2025:12:47:21 +0800] "POST /robot/lora-in.php HTTP/1.1" 200 149 "-" "python-requests/2.21.0"
127.0.0.1 - - [09/Apr/2025:12:47:28 +0800] "GET /manager-page/api/snapshot.php?id=41&t=0.09647073198411449 HTTP/1.1" 200 47769 "http://127.0.0.1/manager-page/home-4.php" "Mozilla/5.0 (Windows NT 10.0; Win64; x64) AppleWebKit/537.36 (KHTML, like Gecko) Chrome/119.0.0.0 Safari/537.36"
127.0.0.1 - - [09/Apr/2025:12:47:28 +0800] "GET /manager-page/api/snapshot.php?id=42&t=0.8227591432552974 HTTP/1.1" 200 48902 "http://127.0.0.1/manager-page/home-4.php" "Mozilla/5.0 (Windows NT 10.0; Win64; x64) AppleWebKit/537.36 (KHTML, like Gecko) Chrome/119.0.0.0 Safari/537.36"
127.0.0.1 - - [09/Apr/2025:12:47:33 +0800] "GET /manager-page/api/snapshot.php?id=41&t=0.2247589768879925 HTTP/1.1" 200 47860 "http://127.0.0.1/manager-page/home-4.php" "Mozilla/5.0 (Windows NT 10.0; Win64; x64) AppleWebKit/537.36 (KHTML, like Gecko) Chrome/119.0.0.0 Safari/537.36"
127.0.0.1 - - [09/Apr/2025:12:47:33 +0800] "GET /manager-page/api/snapshot.php?id=42&t=0.39289588469043735 HTTP/1.1" 200 48942 "http://127.0.0.1/manager-page/home-4.php" "Mozilla/5.0 (Windows NT 10.0; Win64; x64) AppleWebKit/537.36 (KHTML, like Gecko) Chrome/119.0.0.0 Safari/537.36"
127.0.0.1 - - [09/Apr/2025:12:47:38 +0800] "GET /manager-page/api/snapshot.php?id=41&t=0.36864066275674934 HTTP/1.1" 200 48456 "http://127.0.0.1/manager-page/home-4.php" "Mozilla/5.0 (Windows NT 10.0; Win64; x64) AppleWebKit/537.36 (KHTML, like Gecko) Chrome/119.0.0.0 Safari/537.36"
127.0.0.1 - - [09/Apr/2025:12:47:38 +0800] "GET /manager-page/api/snapshot.php?id=42&t=0.8390655424574169 HTTP/1.1" 200 48963 "http://127.0.0.1/manager-page/home-4.php" "Mozilla/5.0 (Windows NT 10.0; Win64; x64) AppleWebKit/537.36 (KHTML, like Gecko) Chrome/119.0.0.0 Safari/537.36"
127.0.0.1 - - [09/Apr/2025:12:47:43 +0800] "GET /manager-page/api/snapshot.php?id=41&t=0.08701999431189189 HTTP/1.1" 200 48440 "http://127.0.0.1/manager-page/home-4.php" "Mozilla/5.0 (Windows NT 10.0; Win64; x64) AppleWebKit/537.36 (KHTML, like Gecko) Chrome/119.0.0.0 Safari/537.36"
127.0.0.1 - - [09/Apr/2025:12:47:43 +0800] "GET /manager-page/api/snapshot.php?id=42&t=0.7185918649189225 HTTP/1.1" 200 49019 "http://127.0.0.1/manager-page/home-4.php" "Mozilla/5.0 (Windows NT 10.0; Win64; x64) AppleWebKit/537.36 (KHTML, like Gecko) Chrome/119.0.0.0 Safari/537.36"
127.0.0.1 - - [09/Apr/2025:12:47:48 +0800] "GET /manager-page/api/snapshot.php?id=41&t=0.5768892998385642 HTTP/1.1" 200 47979 "http://127.0.0.1/manager-page/home-4.php" "Mozilla/5.0 (Windows NT 10.0; Win64; x64) AppleWebKit/537.36 (KHTML, like Gecko) Chrome/119.0.0.0 Safari/537.36"
127.0.0.1 - - [09/Apr/2025:12:47:48 +0800] "GET /manager-page/api/snapshot.php?id=42&t=0.7855071934396516 HTTP/1.1" 200 48997 "http://127.0.0.1/manager-page/home-4.php" "Mozilla/5.0 (Windows NT 10.0; Win64; x64) AppleWebKit/537.36 (KHTML, like Gecko) Chrome/119.0.0.0 Safari/537.36"
127.0.0.1 - - [09/Apr/2025:12:48:00 +0800] "GET /robot/alarm-history-in.php HTTP/1.1" 200 - "-" "python-requests/2.28.1"
127.0.0.1 - - [09/Apr/2025:12:47:50 +0800] "GET /manager-page/home-4.php HTTP/1.1" 200 30150 "http://127.0.0.1/manager-page/home-3.php" "Mozilla/5.0 (Windows NT 10.0; Win64; x64) AppleWebKit/537.36 (KHTML, like Gecko) Chrome/119.0.0.0 Safari/537.36"
127.0.0.1 - - [09/Apr/2025:12:48:38 +0800] "GET /manager-page/alarm/4-1.jpg?t=1205903535 HTTP/1.1" 200 436474 "http://127.0.0.1/manager-page/home-4.php" "Mozilla/5.0 (Windows NT 10.0; Win64; x64) AppleWebKit/537.36 (KHTML, like Gecko) Chrome/119.0.0.0 Safari/537.36"
127.0.0.1 - - [09/Apr/2025:12:48:38 +0800] "GET /manager-page/alarm/4-2.jpg?t=261313483 HTTP/1.1" 200 543160 "http://127.0.0.1/manager-page/home-4.php" "Mozilla/5.0 (Windows NT 10.0; Win64; x64) AppleWebKit/537.36 (KHTML, like Gecko) Chrome/119.0.0.0 Safari/537.36"
127.0.0.1 - - [09/Apr/2025:12:48:38 +0800] "GET /manager-page/api/snapshot.php?id=41 HTTP/1.1" 200 49494 "http://127.0.0.1/manager-page/home-4.php" "Mozilla/5.0 (Windows NT 10.0; Win64; x64) AppleWebKit/537.36 (KHTML, like Gecko) Chrome/119.0.0.0 Safari/537.36"
127.0.0.1 - - [09/Apr/2025:12:48:38 +0800] "GET /manager-page/api/cms-status4.php HTTP/1.1" 200 12 "http://127.0.0.1/manager-page/home-4.php" "Mozilla/5.0 (Windows NT 10.0; Win64; x64) AppleWebKit/537.36 (KHTML, like Gecko) Chrome/119.0.0.0 Safari/537.36"
127.0.0.1 - - [09/Apr/2025:12:48:38 +0800] "GET /manager-page/api/snapshot.php?id=42 HTTP/1.1" 200 49257 "http://127.0.0.1/manager-page/home-4.php" "Mozilla/5.0 (Windows NT 10.0; Win64; x64) AppleWebKit/537.36 (KHTML, like Gecko) Chrome/119.0.0.0 Safari/537.36"
127.0.0.1 - - [09/Apr/2025:12:48:38 +0800] "GET /manager-page/api/lp-status4.php HTTP/1.1" 200 1 "http://127.0.0.1/manager-page/home-4.php" "Mozilla/5.0 (Windows NT 10.0; Win64; x64) AppleWebKit/537.36 (KHTML, like Gecko) Chrome/119.0.0.0 Safari/537.36"
127.0.0.1 - - [09/Apr/2025:12:48:39 +0800] "GET /manager-page/api/snapshot.php?id=41&t=0.7394444071498916 HTTP/1.1" 200 49457 "http://127.0.0.1/manager-page/home-4.php" "Mozilla/5.0 (Windows NT 10.0; Win64; x64) AppleWebKit/537.36 (KHTML, like Gecko) Chrome/119.0.0.0 Safari/537.36"
127.0.0.1 - - [09/Apr/2025:12:48:39 +0800] "GET /manager-page/api/snapshot.php?id=42&t=0.4429761510891792 HTTP/1.1" 200 49267 "http://127.0.0.1/manager-page/home-4.php" "Mozilla/5.0 (Windows NT 10.0; Win64; x64) AppleWebKit/537.36 (KHTML, like Gecko) Chrome/119.0.0.0 Safari/537.36"
127.0.0.1 - - [09/Apr/2025:12:48:43 +0800] "GET /manager-page/api/snapshot.php?id=41&t=0.37370640947761435 HTTP/1.1" 200 49466 "http://127.0.0.1/manager-page/home-4.php" "Mozilla/5.0 (Windows NT 10.0; Win64; x64) AppleWebKit/537.36 (KHTML, like Gecko) Chrome/119.0.0.0 Safari/537.36"
127.0.0.1 - - [09/Apr/2025:12:48:43 +0800] "GET /manager-page/api/snapshot.php?id=42&t=0.050748602574575585 HTTP/1.1" 200 49231 "http://127.0.0.1/manager-page/home-4.php" "Mozilla/5.0 (Windows NT 10.0; Win64; x64) AppleWebKit/537.36 (KHTML, like Gecko) Chrome/119.0.0.0 Safari/537.36"
127.0.0.1 - - [09/Apr/2025:12:48:48 +0800] "GET /manager-page/api/snapshot.php?id=41&t=0.3087588680721107 HTTP/1.1" 200 49580 "http://127.0.0.1/manager-page/home-4.php" "Mozilla/5.0 (Windows NT 10.0; Win64; x64) AppleWebKit/537.36 (KHTML, like Gecko) Chrome/119.0.0.0 Safari/537.36"
127.0.0.1 - - [09/Apr/2025:12:48:48 +0800] "GET /manager-page/api/snapshot.php?id=42&t=0.01384916924269719 HTTP/1.1" 200 49245 "http://127.0.0.1/manager-page/home-4.php" "Mozilla/5.0 (Windows NT 10.0; Win64; x64) AppleWebKit/537.36 (KHTML, like Gecko) Chrome/119.0.0.0 Safari/537.36"
127.0.0.1 - - [09/Apr/2025:12:49:00 +0800] "GET /robot/alarm-history-in.php HTTP/1.1" 200 - "-" "python-requests/2.28.1"
111.70.30.251 - - [09/Apr/2025:12:49:08 +0800] "POST /robot/lora-in.php HTTP/1.1" 200 - "-" "python-requests/2.21.0"
127.0.0.1 - - [09/Apr/2025:12:49:13 +0800] "GET /manager-page/api/snapshot.php?id=41&t=0.16268973292496147 HTTP/1.1" 200 49246 "http://127.0.0.1/manager-page/home-4.php" "Mozilla/5.0 (Windows NT 10.0; Win64; x64) AppleWebKit/537.36 (KHTML, like Gecko) Chrome/119.0.0.0 Safari/537.36"
127.0.0.1 - - [09/Apr/2025:12:49:13 +0800] "GET /manager-page/api/snapshot.php?id=42&t=0.3647654612082627 HTTP/1.1" 200 49235 "http://127.0.0.1/manager-page/home-4.php" "Mozilla/5.0 (Windows NT 10.0; Win64; x64) AppleWebKit/537.36 (KHTML, like Gecko) Chrome/119.0.0.0 Safari/537.36"
127.0.0.1 - - [09/Apr/2025:12:49:17 +0800] "GET /manager-page/api/snapshot.php?id=42&t=0.12373287373401998 HTTP/1.1" 200 49102 "http://127.0.0.1/manager-page/home-4.php" "Mozilla/5.0 (Windows NT 10.0; Win64; x64) AppleWebKit/537.36 (KHTML, like Gecko) Chrome/119.0.0.0 Safari/537.36"
127.0.0.1 - - [09/Apr/2025:12:49:17 +0800] "GET /manager-page/api/snapshot.php?id=41&t=0.8197888904739521 HTTP/1.1" 200 48041 "http://127.0.0.1/manager-page/home-4.php" "Mozilla/5.0 (Windows NT 10.0; Win64; x64) AppleWebKit/537.36 (KHTML, like Gecko) Chrome/119.0.0.0 Safari/537.36"
127.0.0.1 - - [09/Apr/2025:12:49:18 +0800] "GET /manager-page/alarm/1-1.jpg?t=1970005494 HTTP/1.1" 200 322868 "http://127.0.0.1/manager-page/home-1.php" "Mozilla/5.0 (Windows NT 10.0; Win64; x64) AppleWebKit/537.36 (KHTML, like Gecko) Chrome/119.0.0.0 Safari/537.36"
127.0.0.1 - - [09/Apr/2025:12:49:18 +0800] "GET /manager-page/alarm/1-2.jpg?t=55945381 HTTP/1.1" 200 282261 "http://127.0.0.1/manager-page/home-1.php" "Mozilla/5.0 (Windows NT 10.0; Win64; x64) AppleWebKit/537.36 (KHTML, like Gecko) Chrome/119.0.0.0 Safari/537.36"
127.0.0.1 - - [09/Apr/2025:12:49:18 +0800] "GET /manager-page/home-1.php HTTP/1.1" 200 30140 "http://127.0.0.1/manager-page/home-4.php" "Mozilla/5.0 (Windows NT 10.0; Win64; x64) AppleWebKit/537.36 (KHTML, like Gecko) Chrome/119.0.0.0 Safari/537.36"
127.0.0.1 - - [09/Apr/2025:12:49:18 +0800] "GET /manager-page/api/snapshot.php?id=11 HTTP/1.1" 200 42228 "http://127.0.0.1/manager-page/home-1.php" "Mozilla/5.0 (Windows NT 10.0; Win64; x64) AppleWebKit/537.36 (KHTML, like Gecko) Chrome/119.0.0.0 Safari/537.36"
127.0.0.1 - - [09/Apr/2025:12:49:18 +0800] "GET /manager-page/api/snapshot.php?id=12 HTTP/1.1" 200 42389 "http://127.0.0.1/manager-page/home-1.php" "Mozilla/5.0 (Windows NT 10.0; Win64; x64) AppleWebKit/537.36 (KHTML, like Gecko) Chrome/119.0.0.0 Safari/537.36"
127.0.0.1 - - [09/Apr/2025:12:49:20 +0800] "GET /manager-page/api/cms-status1.php HTTP/1.1" 200 12 "http://127.0.0.1/manager-page/home-1.php" "Mozilla/5.0 (Windows NT 10.0; Win64; x64) AppleWebKit/537.36 (KHTML, like Gecko) Chrome/119.0.0.0 Safari/537.36"
127.0.0.1 - - [09/Apr/2025:12:49:20 +0800] "GET /manager-page/api/lp-status1.php HTTP/1.1" 200 1 "http://127.0.0.1/manager-page/home-1.php" "Mozilla/5.0 (Windows NT 10.0; Win64; x64) AppleWebKit/537.36 (KHTML, like Gecko) Chrome/119.0.0.0 Safari/537.36"
111.70.30.253 - - [09/Apr/2025:12:49:21 +0800] "POST /robot/lora-in.php HTTP/1.1" 200 - "-" "python-requests/2.21.0"
127.0.0.1 - - [09/Apr/2025:12:49:25 +0800] "GET /manager-page/api/snapshot.php?id=12&t=0.6883808068949517 HTTP/1.1" 200 42325 "http://127.0.0.1/manager-page/home-1.php" "Mozilla/5.0 (Windows NT 10.0; Win64; x64) AppleWebKit/537.36 (KHTML, like Gecko) Chrome/119.0.0.0 Safari/537.36"
127.0.0.1 - - [09/Apr/2025:12:49:25 +0800] "GET /manager-page/api/snapshot.php?id=11&t=0.21717348876993903 HTTP/1.1" 200 42269 "http://127.0.0.1/manager-page/home-1.php" "Mozilla/5.0 (Windows NT 10.0; Win64; x64) AppleWebKit/537.36 (KHTML, like Gecko) Chrome/119.0.0.0 Safari/537.36"
127.0.0.1 - - [09/Apr/2025:12:49:30 +0800] "GET /manager-page/api/snapshot.php?id=12&t=0.9440033210671843 HTTP/1.1" 200 42335 "http://127.0.0.1/manager-page/home-1.php" "Mozilla/5.0 (Windows NT 10.0; Win64; x64) AppleWebKit/537.36 (KHTML, like Gecko) Chrome/119.0.0.0 Safari/537.36"
127.0.0.1 - - [09/Apr/2025:12:49:30 +0800] "GET /manager-page/api/snapshot.php?id=11&t=0.5555089756753806 HTTP/1.1" 200 42211 "http://127.0.0.1/manager-page/home-1.php" "Mozilla/5.0 (Windows NT 10.0; Win64; x64) AppleWebKit/537.36 (KHTML, like Gecko) Chrome/119.0.0.0 Safari/537.36"
127.0.0.1 - - [09/Apr/2025:12:49:54 +0800] "GET /manager-page/alarm/4-1.jpg?t=540330382 HTTP/1.1" 200 436474 "http://127.0.0.1/manager-page/home-4.php" "Mozilla/5.0 (Windows NT 10.0; Win64; x64) AppleWebKit/537.36 (KHTML, like Gecko) Chrome/119.0.0.0 Safari/537.36"
127.0.0.1 - - [09/Apr/2025:12:49:54 +0800] "GET /manager-page/alarm/4-2.jpg?t=1553213499 HTTP/1.1" 200 543160 "http://127.0.0.1/manager-page/home-4.php" "Mozilla/5.0 (Windows NT 10.0; Win64; x64) AppleWebKit/537.36 (KHTML, like Gecko) Chrome/119.0.0.0 Safari/537.36"
127.0.0.1 - - [09/Apr/2025:12:49:32 +0800] "GET /manager-page/home-4.php HTTP/1.1" 200 30150 "http://127.0.0.1/manager-page/home-1.php" "Mozilla/5.0 (Windows NT 10.0; Win64; x64) AppleWebKit/537.36 (KHTML, like Gecko) Chrome/119.0.0.0 Safari/537.36"
127.0.0.1 - - [09/Apr/2025:12:49:35 +0800] "GET /manager-page/api/snapshot.php?id=11&t=0.39494718355962477 HTTP/1.1" 500 - "http://127.0.0.1/manager-page/home-1.php" "Mozilla/5.0 (Windows NT 10.0; Win64; x64) AppleWebKit/537.36 (KHTML, like Gecko) Chrome/119.0.0.0 Safari/537.36"
127.0.0.1 - - [09/Apr/2025:12:49:35 +0800] "GET /manager-page/api/snapshot.php?id=12&t=0.9922820826596508 HTTP/1.1" 500 - "http://127.0.0.1/manager-page/home-1.php" "Mozilla/5.0 (Windows NT 10.0; Win64; x64) AppleWebKit/537.36 (KHTML, like Gecko) Chrome/119.0.0.0 Safari/537.36"
127.0.0.1 - - [09/Apr/2025:12:50:00 +0800] "GET /robot/alarm-history-in.php HTTP/1.1" 200 - "-" "python-requests/2.28.1"
127.0.0.1 - - [09/Apr/2025:12:49:54 +0800] "GET /manager-page/api/snapshot.php?id=42 HTTP/1.1" 500 - "http://127.0.0.1/manager-page/home-4.php" "Mozilla/5.0 (Windows NT 10.0; Win64; x64) AppleWebKit/537.36 (KHTML, like Gecko) Chrome/119.0.0.0 Safari/537.36"
127.0.0.1 - - [09/Apr/2025:12:49:54 +0800] "GET /manager-page/api/snapshot.php?id=41 HTTP/1.1" 500 - "http://127.0.0.1/manager-page/home-4.php" "Mozilla/5.0 (Windows NT 10.0; Win64; x64) AppleWebKit/537.36 (KHTML, like Gecko) Chrome/119.0.0.0 Safari/537.36"
127.0.0.1 - - [09/Apr/2025:12:50:04 +0800] "GET /manager-page/api/lp-status4.php HTTP/1.1" 200 1 "http://127.0.0.1/manager-page/home-4.php" "Mozilla/5.0 (Windows NT 10.0; Win64; x64) AppleWebKit/537.36 (KHTML, like Gecko) Chrome/119.0.0.0 Safari/537.36"
127.0.0.1 - - [09/Apr/2025:12:50:04 +0800] "GET /manager-page/api/cms-status4.php HTTP/1.1" 200 12 "http://127.0.0.1/manager-page/home-4.php" "Mozilla/5.0 (Windows NT 10.0; Win64; x64) AppleWebKit/537.36 (KHTML, like Gecko) Chrome/119.0.0.0 Safari/537.36"
127.0.0.1 - - [09/Apr/2025:12:50:07 +0800] "GET /manager-page/live/4-2.jpg HTTP/1.1" 200 48224 "http://127.0.0.1/manager-page/home-4.php" "Mozilla/5.0 (Windows NT 10.0; Win64; x64) AppleWebKit/537.36 (KHTML, like Gecko) Chrome/119.0.0.0 Safari/537.36"
127.0.0.1 - - [09/Apr/2025:12:50:08 +0800] "GET /manager-page/live/4-1.jpg HTTP/1.1" 200 47167 "http://127.0.0.1/manager-page/home-4.php" "Mozilla/5.0 (Windows NT 10.0; Win64; x64) AppleWebKit/537.36 (KHTML, like Gecko) Chrome/119.0.0.0 Safari/537.36"
127.0.0.1 - - [09/Apr/2025:12:50:09 +0800] "GET /manager-page/api/snapshot.php?id=42&t=0.39496523484567914 HTTP/1.1" 200 49002 "http://127.0.0.1/manager-page/home-4.php" "Mozilla/5.0 (Windows NT 10.0; Win64; x64) AppleWebKit/537.36 (KHTML, like Gecko) Chrome/119.0.0.0 Safari/537.36"
127.0.0.1 - - [09/Apr/2025:12:50:09 +0800] "GET /manager-page/api/snapshot.php?id=41&t=0.08181179017267959 HTTP/1.1" 200 47758 "http://127.0.0.1/manager-page/home-4.php" "Mozilla/5.0 (Windows NT 10.0; Win64; x64) AppleWebKit/537.36 (KHTML, like Gecko) Chrome/119.0.0.0 Safari/537.36"
127.0.0.1 - - [09/Apr/2025:12:50:14 +0800] "GET /manager-page/api/snapshot.php?id=42&t=0.5905540865469838 HTTP/1.1" 200 48925 "http://127.0.0.1/manager-page/home-4.php" "Mozilla/5.0 (Windows NT 10.0; Win64; x64) AppleWebKit/537.36 (KHTML, like Gecko) Chrome/119.0.0.0 Safari/537.36"
127.0.0.1 - - [09/Apr/2025:12:50:14 +0800] "GET /manager-page/api/snapshot.php?id=41&t=0.3053653537094443 HTTP/1.1" 200 48108 "http://127.0.0.1/manager-page/home-4.php" "Mozilla/5.0 (Windows NT 10.0; Win64; x64) AppleWebKit/537.36 (KHTML, like Gecko) Chrome/119.0.0.0 Safari/537.36"
127.0.0.1 - - [09/Apr/2025:12:50:19 +0800] "GET /manager-page/api/snapshot.php?id=42&t=0.03476752393604854 HTTP/1.1" 200 49075 "http://127.0.0.1/manager-page/home-4.php" "Mozilla/5.0 (Windows NT 10.0; Win64; x64) AppleWebKit/537.36 (KHTML, like Gecko) Chrome/119.0.0.0 Safari/537.36"
127.0.0.1 - - [09/Apr/2025:12:50:19 +0800] "GET /manager-page/api/snapshot.php?id=41&t=0.7457625157708734 HTTP/1.1" 200 47679 "http://127.0.0.1/manager-page/home-4.php" "Mozilla/5.0 (Windows NT 10.0; Win64; x64) AppleWebKit/537.36 (KHTML, like Gecko) Chrome/119.0.0.0 Safari/537.36"
127.0.0.1 - - [09/Apr/2025:12:50:24 +0800] "GET /manager-page/api/snapshot.php?id=41&t=0.0019487992160582834 HTTP/1.1" 200 48212 "http://127.0.0.1/manager-page/home-4.php" "Mozilla/5.0 (Windows NT 10.0; Win64; x64) AppleWebKit/537.36 (KHTML, like Gecko) Chrome/119.0.0.0 Safari/537.36"
127.0.0.1 - - [09/Apr/2025:12:50:24 +0800] "GET /manager-page/api/snapshot.php?id=42&t=0.3947667393774432 HTTP/1.1" 200 48644 "http://127.0.0.1/manager-page/home-4.php" "Mozilla/5.0 (Windows NT 10.0; Win64; x64) AppleWebKit/537.36 (KHTML, like Gecko) Chrome/119.0.0.0 Safari/537.36"
127.0.0.1 - - [09/Apr/2025:12:50:29 +0800] "GET /manager-page/api/snapshot.php?id=41&t=0.4460101236424181 HTTP/1.1" 200 49080 "http://127.0.0.1/manager-page/home-4.php" "Mozilla/5.0 (Windows NT 10.0; Win64; x64) AppleWebKit/537.36 (KHTML, like Gecko) Chrome/119.0.0.0 Safari/537.36"
127.0.0.1 - - [09/Apr/2025:12:50:29 +0800] "GET /manager-page/api/snapshot.php?id=42&t=0.4030530974498674 HTTP/1.1" 200 49204 "http://127.0.0.1/manager-page/home-4.php" "Mozilla/5.0 (Windows NT 10.0; Win64; x64) AppleWebKit/537.36 (KHTML, like Gecko) Chrome/119.0.0.0 Safari/537.36"
127.0.0.1 - - [09/Apr/2025:12:50:32 +0800] "GET /manager-page/alarm/3-2.jpg?t=497633769 HTTP/1.1" 200 187208 "http://127.0.0.1/manager-page/home-3.php" "Mozilla/5.0 (Windows NT 10.0; Win64; x64) AppleWebKit/537.36 (KHTML, like Gecko) Chrome/119.0.0.0 Safari/537.36"
127.0.0.1 - - [09/Apr/2025:12:50:32 +0800] "GET /manager-page/alarm/3-1.jpg?t=1899704753 HTTP/1.1" 200 520364 "http://127.0.0.1/manager-page/home-3.php" "Mozilla/5.0 (Windows NT 10.0; Win64; x64) AppleWebKit/537.36 (KHTML, like Gecko) Chrome/119.0.0.0 Safari/537.36"
127.0.0.1 - - [09/Apr/2025:12:50:32 +0800] "GET /manager-page/home-3.php HTTP/1.1" 200 30148 "http://127.0.0.1/manager-page/home-4.php" "Mozilla/5.0 (Windows NT 10.0; Win64; x64) AppleWebKit/537.36 (KHTML, like Gecko) Chrome/119.0.0.0 Safari/537.36"
127.0.0.1 - - [09/Apr/2025:12:50:32 +0800] "GET /manager-page/api/snapshot.php?id=31 HTTP/1.1" 200 46695 "http://127.0.0.1/manager-page/home-3.php" "Mozilla/5.0 (Windows NT 10.0; Win64; x64) AppleWebKit/537.36 (KHTML, like Gecko) Chrome/119.0.0.0 Safari/537.36"
127.0.0.1 - - [09/Apr/2025:12:50:32 +0800] "GET /manager-page/api/snapshot.php?id=32 HTTP/1.1" 200 46822 "http://127.0.0.1/manager-page/home-3.php" "Mozilla/5.0 (Windows NT 10.0; Win64; x64) AppleWebKit/537.36 (KHTML, like Gecko) Chrome/119.0.0.0 Safari/537.36"
127.0.0.1 - - [09/Apr/2025:12:50:36 +0800] "GET /manager-page/api/cms-status3.php HTTP/1.1" 200 12 "http://127.0.0.1/manager-page/home-3.php" "Mozilla/5.0 (Windows NT 10.0; Win64; x64) AppleWebKit/537.36 (KHTML, like Gecko) Chrome/119.0.0.0 Safari/537.36"
127.0.0.1 - - [09/Apr/2025:12:50:36 +0800] "GET /manager-page/api/lp-status3.php HTTP/1.1" 200 1 "http://127.0.0.1/manager-page/home-3.php" "Mozilla/5.0 (Windows NT 10.0; Win64; x64) AppleWebKit/537.36 (KHTML, like Gecko) Chrome/119.0.0.0 Safari/537.36"
127.0.0.1 - - [09/Apr/2025:12:50:41 +0800] "GET /manager-page/api/snapshot.php?id=31&t=0.7829641992135381 HTTP/1.1" 200 46651 "http://127.0.0.1/manager-page/home-3.php" "Mozilla/5.0 (Windows NT 10.0; Win64; x64) AppleWebKit/537.36 (KHTML, like Gecko) Chrome/119.0.0.0 Safari/537.36"
127.0.0.1 - - [09/Apr/2025:12:50:41 +0800] "GET /manager-page/api/snapshot.php?id=32&t=0.7905600348134738 HTTP/1.1" 200 46734 "http://127.0.0.1/manager-page/home-3.php" "Mozilla/5.0 (Windows NT 10.0; Win64; x64) AppleWebKit/537.36 (KHTML, like Gecko) Chrome/119.0.0.0 Safari/537.36"
127.0.0.1 - - [09/Apr/2025:12:50:46 +0800] "GET /manager-page/api/snapshot.php?id=32&t=0.6589183075172933 HTTP/1.1" 200 46770 "http://127.0.0.1/manager-page/home-3.php" "Mozilla/5.0 (Windows NT 10.0; Win64; x64) AppleWebKit/537.36 (KHTML, like Gecko) Chrome/119.0.0.0 Safari/537.36"
127.0.0.1 - - [09/Apr/2025:12:50:46 +0800] "GET /manager-page/api/snapshot.php?id=31&t=0.00021743872675150655 HTTP/1.1" 200 46816 "http://127.0.0.1/manager-page/home-3.php" "Mozilla/5.0 (Windows NT 10.0; Win64; x64) AppleWebKit/537.36 (KHTML, like Gecko) Chrome/119.0.0.0 Safari/537.36"
127.0.0.1 - - [09/Apr/2025:12:50:51 +0800] "GET /manager-page/api/snapshot.php?id=32&t=0.35018495317534937 HTTP/1.1" 200 46796 "http://127.0.0.1/manager-page/home-3.php" "Mozilla/5.0 (Windows NT 10.0; Win64; x64) AppleWebKit/537.36 (KHTML, like Gecko) Chrome/119.0.0.0 Safari/537.36"
127.0.0.1 - - [09/Apr/2025:12:50:51 +0800] "GET /manager-page/api/snapshot.php?id=31&t=0.7410174706375909 HTTP/1.1" 200 46772 "http://127.0.0.1/manager-page/home-3.php" "Mozilla/5.0 (Windows NT 10.0; Win64; x64) AppleWebKit/537.36 (KHTML, like Gecko) Chrome/119.0.0.0 Safari/537.36"
127.0.0.1 - - [09/Apr/2025:12:50:56 +0800] "GET /manager-page/api/snapshot.php?id=31&t=0.84232535385714 HTTP/1.1" 200 46766 "http://127.0.0.1/manager-page/home-3.php" "Mozilla/5.0 (Windows NT 10.0; Win64; x64) AppleWebKit/537.36 (KHTML, like Gecko) Chrome/119.0.0.0 Safari/537.36"
127.0.0.1 - - [09/Apr/2025:12:50:56 +0800] "GET /manager-page/api/snapshot.php?id=32&t=0.2837829322718495 HTTP/1.1" 200 46827 "http://127.0.0.1/manager-page/home-3.php" "Mozilla/5.0 (Windows NT 10.0; Win64; x64) AppleWebKit/537.36 (KHTML, like Gecko) Chrome/119.0.0.0 Safari/537.36"
127.0.0.1 - - [09/Apr/2025:12:51:00 +0800] "GET /robot/alarm-history-in.php HTTP/1.1" 200 - "-" "python-requests/2.28.1"
127.0.0.1 - - [09/Apr/2025:12:51:01 +0800] "GET /manager-page/api/snapshot.php?id=32&t=0.5574688518691009 HTTP/1.1" 200 46781 "http://127.0.0.1/manager-page/home-3.php" "Mozilla/5.0 (Windows NT 10.0; Win64; x64) AppleWebKit/537.36 (KHTML, like Gecko) Chrome/119.0.0.0 Safari/537.36"
127.0.0.1 - - [09/Apr/2025:12:51:01 +0800] "GET /manager-page/api/snapshot.php?id=31&t=0.42863725998217883 HTTP/1.1" 200 46794 "http://127.0.0.1/manager-page/home-3.php" "Mozilla/5.0 (Windows NT 10.0; Win64; x64) AppleWebKit/537.36 (KHTML, like Gecko) Chrome/119.0.0.0 Safari/537.36"
127.0.0.1 - - [09/Apr/2025:12:51:06 +0800] "GET /manager-page/api/snapshot.php?id=32&t=0.4518152602949015 HTTP/1.1" 200 46721 "http://127.0.0.1/manager-page/home-3.php" "Mozilla/5.0 (Windows NT 10.0; Win64; x64) AppleWebKit/537.36 (KHTML, like Gecko) Chrome/119.0.0.0 Safari/537.36"
127.0.0.1 - - [09/Apr/2025:12:51:06 +0800] "GET /manager-page/api/snapshot.php?id=31&t=0.9003014589965594 HTTP/1.1" 200 46690 "http://127.0.0.1/manager-page/home-3.php" "Mozilla/5.0 (Windows NT 10.0; Win64; x64) AppleWebKit/537.36 (KHTML, like Gecko) Chrome/119.0.0.0 Safari/537.36"
127.0.0.1 - - [09/Apr/2025:12:51:11 +0800] "GET /manager-page/api/snapshot.php?id=31&t=0.35870716628496746 HTTP/1.1" 200 46832 "http://127.0.0.1/manager-page/home-3.php" "Mozilla/5.0 (Windows NT 10.0; Win64; x64) AppleWebKit/537.36 (KHTML, like Gecko) Chrome/119.0.0.0 Safari/537.36"
127.0.0.1 - - [09/Apr/2025:12:51:11 +0800] "GET /manager-page/api/snapshot.php?id=32&t=0.024599096829020395 HTTP/1.1" 200 46774 "http://127.0.0.1/manager-page/home-3.php" "Mozilla/5.0 (Windows NT 10.0; Win64; x64) AppleWebKit/537.36 (KHTML, like Gecko) Chrome/119.0.0.0 Safari/537.36"
127.0.0.1 - - [09/Apr/2025:12:51:16 +0800] "GET /manager-page/api/snapshot.php?id=32&t=0.7305087571140472 HTTP/1.1" 200 46761 "http://127.0.0.1/manager-page/home-3.php" "Mozilla/5.0 (Windows NT 10.0; Win64; x64) AppleWebKit/537.36 (KHTML, like Gecko) Chrome/119.0.0.0 Safari/537.36"
127.0.0.1 - - [09/Apr/2025:12:51:16 +0800] "GET /manager-page/api/snapshot.php?id=31&t=0.15553503962486537 HTTP/1.1" 200 46884 "http://127.0.0.1/manager-page/home-3.php" "Mozilla/5.0 (Windows NT 10.0; Win64; x64) AppleWebKit/537.36 (KHTML, like Gecko) Chrome/119.0.0.0 Safari/537.36"
127.0.0.1 - - [09/Apr/2025:12:51:21 +0800] "GET /manager-page/api/snapshot.php?id=31&t=0.18654807800050488 HTTP/1.1" 200 46801 "http://127.0.0.1/manager-page/home-3.php" "Mozilla/5.0 (Windows NT 10.0; Win64; x64) AppleWebKit/537.36 (KHTML, like Gecko) Chrome/119.0.0.0 Safari/537.36"
127.0.0.1 - - [09/Apr/2025:12:51:21 +0800] "GET /manager-page/api/snapshot.php?id=32&t=0.6677717260033535 HTTP/1.1" 200 46735 "http://127.0.0.1/manager-page/home-3.php" "Mozilla/5.0 (Windows NT 10.0; Win64; x64) AppleWebKit/537.36 (KHTML, like Gecko) Chrome/119.0.0.0 Safari/537.36"
127.0.0.1 - - [09/Apr/2025:12:51:24 +0800] "GET /manager-page/home-1.php HTTP/1.1" 200 21139 "http://127.0.0.1/manager-page/home-3.php" "Mozilla/5.0 (Windows NT 10.0; Win64; x64) AppleWebKit/537.36 (KHTML, like Gecko) Chrome/119.0.0.0 Safari/537.36"
127.0.0.1 - - [09/Apr/2025:12:51:41 +0800] "GET /manager-page/alarm/1-1.jpg?t=412683565 HTTP/1.1" 200 322868 "http://127.0.0.1/manager-page/home-1.php" "Mozilla/5.0 (Windows NT 10.0; Win64; x64) AppleWebKit/537.36 (KHTML, like Gecko) Chrome/119.0.0.0 Safari/537.36"
127.0.0.1 - - [09/Apr/2025:12:51:41 +0800] "GET /manager-page/alarm/1-2.jpg?t=1821253016 HTTP/1.1" 200 282261 "http://127.0.0.1/manager-page/home-1.php" "Mozilla/5.0 (Windows NT 10.0; Win64; x64) AppleWebKit/537.36 (KHTML, like Gecko) Chrome/119.0.0.0 Safari/537.36"
127.0.0.1 - - [09/Apr/2025:12:51:25 +0800] "GET /manager-page/home-1.php HTTP/1.1" 200 30139 "http://127.0.0.1/manager-page/home-3.php" "Mozilla/5.0 (Windows NT 10.0; Win64; x64) AppleWebKit/537.36 (KHTML, like Gecko) Chrome/119.0.0.0 Safari/537.36"
127.0.0.1 - - [09/Apr/2025:12:51:26 +0800] "GET /manager-page/api/snapshot.php?id=32&t=0.02760481582894392 HTTP/1.1" 500 - "http://127.0.0.1/manager-page/home-3.php" "Mozilla/5.0 (Windows NT 10.0; Win64; x64) AppleWebKit/537.36 (KHTML, like Gecko) Chrome/119.0.0.0 Safari/537.36"
127.0.0.1 - - [09/Apr/2025:12:51:26 +0800] "GET /manager-page/api/snapshot.php?id=31&t=0.34172389762896693 HTTP/1.1" 500 - "http://127.0.0.1/manager-page/home-3.php" "Mozilla/5.0 (Windows NT 10.0; Win64; x64) AppleWebKit/537.36 (KHTML, like Gecko) Chrome/119.0.0.0 Safari/537.36"
127.0.0.1 - - [09/Apr/2025:12:51:31 +0800] "GET /manager-page/api/snapshot.php?id=31&t=0.03889493347197126 HTTP/1.1" 500 - "http://127.0.0.1/manager-page/home-3.php" "Mozilla/5.0 (Windows NT 10.0; Win64; x64) AppleWebKit/537.36 (KHTML, like Gecko) Chrome/119.0.0.0 Safari/537.36"
127.0.0.1 - - [09/Apr/2025:12:51:31 +0800] "GET /manager-page/api/snapshot.php?id=32&t=0.5172072101916649 HTTP/1.1" 500 - "http://127.0.0.1/manager-page/home-3.php" "Mozilla/5.0 (Windows NT 10.0; Win64; x64) AppleWebKit/537.36 (KHTML, like Gecko) Chrome/119.0.0.0 Safari/537.36"
127.0.0.1 - - [09/Apr/2025:12:51:36 +0800] "GET /manager-page/api/snapshot.php?id=31&t=0.040481511412595594 HTTP/1.1" 500 - "http://127.0.0.1/manager-page/home-3.php" "Mozilla/5.0 (Windows NT 10.0; Win64; x64) AppleWebKit/537.36 (KHTML, like Gecko) Chrome/119.0.0.0 Safari/537.36"
127.0.0.1 - - [09/Apr/2025:12:51:36 +0800] "GET /manager-page/api/snapshot.php?id=32&t=0.9854690369624839 HTTP/1.1" 500 - "http://127.0.0.1/manager-page/home-3.php" "Mozilla/5.0 (Windows NT 10.0; Win64; x64) AppleWebKit/537.36 (KHTML, like Gecko) Chrome/119.0.0.0 Safari/537.36"
127.0.0.1 - - [09/Apr/2025:12:51:41 +0800] "GET /manager-page/api/snapshot.php?id=32&t=0.6547616733538961 HTTP/1.1" 500 - "http://127.0.0.1/manager-page/home-3.php" "Mozilla/5.0 (Windows NT 10.0; Win64; x64) AppleWebKit/537.36 (KHTML, like Gecko) Chrome/119.0.0.0 Safari/537.36"
127.0.0.1 - - [09/Apr/2025:12:51:41 +0800] "GET /manager-page/api/snapshot.php?id=31&t=0.3477288107969194 HTTP/1.1" 500 - "http://127.0.0.1/manager-page/home-3.php" "Mozilla/5.0 (Windows NT 10.0; Win64; x64) AppleWebKit/537.36 (KHTML, like Gecko) Chrome/119.0.0.0 Safari/537.36"
127.0.0.1 - - [09/Apr/2025:12:51:41 +0800] "GET /manager-page/api/snapshot.php?id=11 HTTP/1.1" 500 - "http://127.0.0.1/manager-page/home-1.php" "Mozilla/5.0 (Windows NT 10.0; Win64; x64) AppleWebKit/537.36 (KHTML, like Gecko) Chrome/119.0.0.0 Safari/537.36"
127.0.0.1 - - [09/Apr/2025:12:51:41 +0800] "GET /manager-page/api/snapshot.php?id=12 HTTP/1.1" 500 - "http://127.0.0.1/manager-page/home-1.php" "Mozilla/5.0 (Windows NT 10.0; Win64; x64) AppleWebKit/537.36 (KHTML, like Gecko) Chrome/119.0.0.0 Safari/537.36"
127.0.0.1 - - [09/Apr/2025:12:51:47 +0800] "GET /manager-page/live/1-1.jpg HTTP/1.1" 200 43100 "http://127.0.0.1/manager-page/home-1.php" "Mozilla/5.0 (Windows NT 10.0; Win64; x64) AppleWebKit/537.36 (KHTML, like Gecko) Chrome/119.0.0.0 Safari/537.36"
127.0.0.1 - - [09/Apr/2025:12:51:47 +0800] "GET /manager-page/live/1-2.jpg HTTP/1.1" 200 43433 "http://127.0.0.1/manager-page/home-1.php" "Mozilla/5.0 (Windows NT 10.0; Win64; x64) AppleWebKit/537.36 (KHTML, like Gecko) Chrome/119.0.0.0 Safari/537.36"
127.0.0.1 - - [09/Apr/2025:12:51:46 +0800] "GET /manager-page/api/cms-status1.php HTTP/1.1" 200 12 "http://127.0.0.1/manager-page/home-1.php" "Mozilla/5.0 (Windows NT 10.0; Win64; x64) AppleWebKit/537.36 (KHTML, like Gecko) Chrome/119.0.0.0 Safari/537.36"
127.0.0.1 - - [09/Apr/2025:12:51:44 +0800] "GET /manager-page/api/cms-on2-rdws.php?token=7654354354675426652656 HTTP/1.1" 200 2 "-" "-"
111.70.30.251 - - [09/Apr/2025:12:51:19 +0800] "POST /robot/lora-in.php HTTP/1.1" 200 149 "-" "python-requests/2.21.0"
127.0.0.1 - - [09/Apr/2025:12:51:46 +0800] "GET /manager-page/api/lp-status1.php HTTP/1.1" 200 1 "http://127.0.0.1/manager-page/home-1.php" "Mozilla/5.0 (Windows NT 10.0; Win64; x64) AppleWebKit/537.36 (KHTML, like Gecko) Chrome/119.0.0.0 Safari/537.36"
127.0.0.1 - - [09/Apr/2025:12:51:51 +0800] "GET /manager-page/api/snapshot.php?id=12&t=0.9760648048360927 HTTP/1.1" 200 41860 "http://127.0.0.1/manager-page/home-1.php" "Mozilla/5.0 (Windows NT 10.0; Win64; x64) AppleWebKit/537.36 (KHTML, like Gecko) Chrome/119.0.0.0 Safari/537.36"
127.0.0.1 - - [09/Apr/2025:12:51:51 +0800] "GET /manager-page/api/snapshot.php?id=11&t=0.36314212193661866 HTTP/1.1" 200 41424 "http://127.0.0.1/manager-page/home-1.php" "Mozilla/5.0 (Windows NT 10.0; Win64; x64) AppleWebKit/537.36 (KHTML, like Gecko) Chrome/119.0.0.0 Safari/537.36"
127.0.0.1 - - [09/Apr/2025:12:51:56 +0800] "GET /manager-page/api/snapshot.php?id=11&t=0.872253355748736 HTTP/1.1" 200 41496 "http://127.0.0.1/manager-page/home-1.php" "Mozilla/5.0 (Windows NT 10.0; Win64; x64) AppleWebKit/537.36 (KHTML, like Gecko) Chrome/119.0.0.0 Safari/537.36"
127.0.0.1 - - [09/Apr/2025:12:51:56 +0800] "GET /manager-page/api/snapshot.php?id=12&t=0.6175751353401391 HTTP/1.1" 200 41818 "http://127.0.0.1/manager-page/home-1.php" "Mozilla/5.0 (Windows NT 10.0; Win64; x64) AppleWebKit/537.36 (KHTML, like Gecko) Chrome/119.0.0.0 Safari/537.36"
127.0.0.1 - - [09/Apr/2025:12:52:00 +0800] "GET /robot/alarm-history-in.php HTTP/1.1" 200 - "-" "python-requests/2.28.1"
127.0.0.1 - - [09/Apr/2025:12:52:01 +0800] "GET /manager-page/api/snapshot.php?id=12&t=0.5317649238749211 HTTP/1.1" 200 41797 "http://127.0.0.1/manager-page/home-1.php" "Mozilla/5.0 (Windows NT 10.0; Win64; x64) AppleWebKit/537.36 (KHTML, like Gecko) Chrome/119.0.0.0 Safari/537.36"
127.0.0.1 - - [09/Apr/2025:12:52:01 +0800] "GET /manager-page/api/snapshot.php?id=11&t=0.40871145294642974 HTTP/1.1" 200 41491 "http://127.0.0.1/manager-page/home-1.php" "Mozilla/5.0 (Windows NT 10.0; Win64; x64) AppleWebKit/537.36 (KHTML, like Gecko) Chrome/119.0.0.0 Safari/537.36"
111.70.30.252 - - [09/Apr/2025:12:52:05 +0800] "POST /robot/lora-in.php HTTP/1.1" 200 - "-" "python-requests/2.21.0"
127.0.0.1 - - [09/Apr/2025:12:52:06 +0800] "GET /manager-page/api/snapshot.php?id=12&t=0.31944903826456117 HTTP/1.1" 200 41713 "http://127.0.0.1/manager-page/home-1.php" "Mozilla/5.0 (Windows NT 10.0; Win64; x64) AppleWebKit/537.36 (KHTML, like Gecko) Chrome/119.0.0.0 Safari/537.36"
127.0.0.1 - - [09/Apr/2025:12:52:06 +0800] "GET /manager-page/api/snapshot.php?id=11&t=0.10907375599503566 HTTP/1.1" 200 41514 "http://127.0.0.1/manager-page/home-1.php" "Mozilla/5.0 (Windows NT 10.0; Win64; x64) AppleWebKit/537.36 (KHTML, like Gecko) Chrome/119.0.0.0 Safari/537.36"
127.0.0.1 - - [09/Apr/2025:12:52:11 +0800] "GET /manager-page/api/snapshot.php?id=11&t=0.1496770887064376 HTTP/1.1" 200 41475 "http://127.0.0.1/manager-page/home-1.php" "Mozilla/5.0 (Windows NT 10.0; Win64; x64) AppleWebKit/537.36 (KHTML, like Gecko) Chrome/119.0.0.0 Safari/537.36"
127.0.0.1 - - [09/Apr/2025:12:52:11 +0800] "GET /manager-page/api/snapshot.php?id=12&t=0.3727340889125712 HTTP/1.1" 200 41633 "http://127.0.0.1/manager-page/home-1.php" "Mozilla/5.0 (Windows NT 10.0; Win64; x64) AppleWebKit/537.36 (KHTML, like Gecko) Chrome/119.0.0.0 Safari/537.36"
111.70.30.250 - - [09/Apr/2025:12:52:15 +0800] "POST /robot/lora-in.php HTTP/1.1" 200 - "-" "python-requests/2.21.0"
127.0.0.1 - - [09/Apr/2025:12:52:16 +0800] "GET /manager-page/api/snapshot.php?id=12&t=0.2926529240791329 HTTP/1.1" 200 41577 "http://127.0.0.1/manager-page/home-1.php" "Mozilla/5.0 (Windows NT 10.0; Win64; x64) AppleWebKit/537.36 (KHTML, like Gecko) Chrome/119.0.0.0 Safari/537.36"
127.0.0.1 - - [09/Apr/2025:12:52:16 +0800] "GET /manager-page/api/snapshot.php?id=11&t=0.7402257641186873 HTTP/1.1" 200 41390 "http://127.0.0.1/manager-page/home-1.php" "Mozilla/5.0 (Windows NT 10.0; Win64; x64) AppleWebKit/537.36 (KHTML, like Gecko) Chrome/119.0.0.0 Safari/537.36"
127.0.0.1 - - [09/Apr/2025:12:52:21 +0800] "GET /manager-page/api/snapshot.php?id=11&t=0.552719888705425 HTTP/1.1" 200 41430 "http://127.0.0.1/manager-page/home-1.php" "Mozilla/5.0 (Windows NT 10.0; Win64; x64) AppleWebKit/537.36 (KHTML, like Gecko) Chrome/119.0.0.0 Safari/537.36"
127.0.0.1 - - [09/Apr/2025:12:52:21 +0800] "GET /manager-page/api/snapshot.php?id=12&t=0.6809438959579992 HTTP/1.1" 200 41633 "http://127.0.0.1/manager-page/home-1.php" "Mozilla/5.0 (Windows NT 10.0; Win64; x64) AppleWebKit/537.36 (KHTML, like Gecko) Chrome/119.0.0.0 Safari/537.36"
127.0.0.1 - - [09/Apr/2025:12:52:23 +0800] "POST /robot/et-7026-in.php HTTP/1.1" 200 - "-" "python-requests/2.32.2"
127.0.0.1 - - [09/Apr/2025:12:52:26 +0800] "GET /manager-page/api/snapshot.php?id=11&t=0.3581013048566135 HTTP/1.1" 200 41410 "http://127.0.0.1/manager-page/home-1.php" "Mozilla/5.0 (Windows NT 10.0; Win64; x64) AppleWebKit/537.36 (KHTML, like Gecko) Chrome/119.0.0.0 Safari/537.36"
127.0.0.1 - - [09/Apr/2025:12:52:26 +0800] "GET /manager-page/api/snapshot.php?id=12&t=0.38698108072205084 HTTP/1.1" 200 41999 "http://127.0.0.1/manager-page/home-1.php" "Mozilla/5.0 (Windows NT 10.0; Win64; x64) AppleWebKit/537.36 (KHTML, like Gecko) Chrome/119.0.0.0 Safari/537.36"
127.0.0.1 - - [09/Apr/2025:12:52:31 +0800] "GET /manager-page/api/snapshot.php?id=12&t=0.4682093766419988 HTTP/1.1" 200 41417 "http://127.0.0.1/manager-page/home-1.php" "Mozilla/5.0 (Windows NT 10.0; Win64; x64) AppleWebKit/537.36 (KHTML, like Gecko) Chrome/119.0.0.0 Safari/537.36"
127.0.0.1 - - [09/Apr/2025:12:52:31 +0800] "GET /manager-page/api/snapshot.php?id=11&t=0.9721716346058862 HTTP/1.1" 200 41450 "http://127.0.0.1/manager-page/home-1.php" "Mozilla/5.0 (Windows NT 10.0; Win64; x64) AppleWebKit/537.36 (KHTML, like Gecko) Chrome/119.0.0.0 Safari/537.36"
127.0.0.1 - - [09/Apr/2025:12:52:36 +0800] "GET /manager-page/api/snapshot.php?id=11&t=0.2799116114995448 HTTP/1.1" 200 41385 "http://127.0.0.1/manager-page/home-1.php" "Mozilla/5.0 (Windows NT 10.0; Win64; x64) AppleWebKit/537.36 (KHTML, like Gecko) Chrome/119.0.0.0 Safari/537.36"
127.0.0.1 - - [09/Apr/2025:12:52:36 +0800] "GET /manager-page/api/snapshot.php?id=12&t=0.7342054301409706 HTTP/1.1" 200 41437 "http://127.0.0.1/manager-page/home-1.php" "Mozilla/5.0 (Windows NT 10.0; Win64; x64) AppleWebKit/537.36 (KHTML, like Gecko) Chrome/119.0.0.0 Safari/537.36"
127.0.0.1 - - [09/Apr/2025:12:52:38 +0800] "POST /robot/et-7026-in.php HTTP/1.1" 200 - "-" "python-requests/2.32.2"
127.0.0.1 - - [09/Apr/2025:12:52:41 +0800] "GET /manager-page/api/snapshot.php?id=11&t=0.7749810489949378 HTTP/1.1" 200 41310 "http://127.0.0.1/manager-page/home-1.php" "Mozilla/5.0 (Windows NT 10.0; Win64; x64) AppleWebKit/537.36 (KHTML, like Gecko) Chrome/119.0.0.0 Safari/537.36"
127.0.0.1 - - [09/Apr/2025:12:52:41 +0800] "GET /manager-page/api/snapshot.php?id=12&t=0.7119661326625819 HTTP/1.1" 200 41454 "http://127.0.0.1/manager-page/home-1.php" "Mozilla/5.0 (Windows NT 10.0; Win64; x64) AppleWebKit/537.36 (KHTML, like Gecko) Chrome/119.0.0.0 Safari/537.36"
127.0.0.1 - - [09/Apr/2025:12:52:46 +0800] "GET /manager-page/api/snapshot.php?id=12&t=0.7056674761229678 HTTP/1.1" 200 41412 "http://127.0.0.1/manager-page/home-1.php" "Mozilla/5.0 (Windows NT 10.0; Win64; x64) AppleWebKit/537.36 (KHTML, like Gecko) Chrome/119.0.0.0 Safari/537.36"
127.0.0.1 - - [09/Apr/2025:12:52:46 +0800] "GET /manager-page/api/snapshot.php?id=11&t=0.8398973528055262 HTTP/1.1" 200 41583 "http://127.0.0.1/manager-page/home-1.php" "Mozilla/5.0 (Windows NT 10.0; Win64; x64) AppleWebKit/537.36 (KHTML, like Gecko) Chrome/119.0.0.0 Safari/537.36"
127.0.0.1 - - [09/Apr/2025:12:52:51 +0800] "GET /manager-page/api/snapshot.php?id=11&t=0.9113773754600774 HTTP/1.1" 200 41172 "http://127.0.0.1/manager-page/home-1.php" "Mozilla/5.0 (Windows NT 10.0; Win64; x64) AppleWebKit/537.36 (KHTML, like Gecko) Chrome/119.0.0.0 Safari/537.36"
127.0.0.1 - - [09/Apr/2025:12:52:51 +0800] "GET /manager-page/api/snapshot.php?id=12&t=0.008514806556723542 HTTP/1.1" 200 41290 "http://127.0.0.1/manager-page/home-1.php" "Mozilla/5.0 (Windows NT 10.0; Win64; x64) AppleWebKit/537.36 (KHTML, like Gecko) Chrome/119.0.0.0 Safari/537.36"
127.0.0.1 - - [09/Apr/2025:12:52:56 +0800] "GET /manager-page/api/snapshot.php?id=12&t=0.20614414215623533 HTTP/1.1" 200 41314 "http://127.0.0.1/manager-page/home-1.php" "Mozilla/5.0 (Windows NT 10.0; Win64; x64) AppleWebKit/537.36 (KHTML, like Gecko) Chrome/119.0.0.0 Safari/537.36"
127.0.0.1 - - [09/Apr/2025:12:52:56 +0800] "GET /manager-page/api/snapshot.php?id=11&t=0.31449386290637005 HTTP/1.1" 200 41187 "http://127.0.0.1/manager-page/home-1.php" "Mozilla/5.0 (Windows NT 10.0; Win64; x64) AppleWebKit/537.36 (KHTML, like Gecko) Chrome/119.0.0.0 Safari/537.36"
127.0.0.1 - - [09/Apr/2025:12:53:00 +0800] "GET /robot/alarm-history-in.php HTTP/1.1" 200 - "-" "python-requests/2.28.1"
