172.16.36.181 - - [28/May/2025:11:04:13 +0800] "GET /manager-page/api/snapshot.php?id=42&t=0.6297825405344943 HTTP/1.1" 200 51518 "http://192.168.60.79/manager-page/home-4.php" "Mozilla/5.0 (Windows NT 10.0; Win64; x64) AppleWebKit/537.36 (KHTML, like Gecko) Chrome/136.0.0.0 Safari/537.36 Edg/136.0.0.0"
172.16.36.181 - - [28/May/2025:11:04:18 +0800] "GET /manager-page/api/snapshot.php?id=41&t=0.8442366577507522 HTTP/1.1" 200 47947 "http://192.168.60.79/manager-page/home-4.php" "Mozilla/5.0 (Windows NT 10.0; Win64; x64) AppleWebKit/537.36 (KHTML, like Gecko) Chrome/136.0.0.0 Safari/537.36 Edg/136.0.0.0"
172.16.36.181 - - [28/May/2025:11:04:18 +0800] "GET /manager-page/api/snapshot.php?id=42&t=0.08725517217123302 HTTP/1.1" 200 51523 "http://192.168.60.79/manager-page/home-4.php" "Mozilla/5.0 (Windows NT 10.0; Win64; x64) AppleWebKit/537.36 (KHTML, like Gecko) Chrome/136.0.0.0 Safari/537.36 Edg/136.0.0.0"
172.16.36.181 - - [28/May/2025:11:04:23 +0800] "GET /manager-page/api/snapshot.php?id=42&t=0.7509520046383911 HTTP/1.1" 200 51533 "http://192.168.60.79/manager-page/home-4.php" "Mozilla/5.0 (Windows NT 10.0; Win64; x64) AppleWebKit/537.36 (KHTML, like Gecko) Chrome/136.0.0.0 Safari/537.36 Edg/136.0.0.0"
172.16.36.181 - - [28/May/2025:11:04:23 +0800] "GET /manager-page/api/snapshot.php?id=41&t=0.15644716018359572 HTTP/1.1" 200 47979 "http://192.168.60.79/manager-page/home-4.php" "Mozilla/5.0 (Windows NT 10.0; Win64; x64) AppleWebKit/537.36 (KHTML, like Gecko) Chrome/136.0.0.0 Safari/537.36 Edg/136.0.0.0"
172.16.36.181 - - [28/May/2025:11:04:28 +0800] "GET /manager-page/api/snapshot.php?id=41&t=0.38219506009310344 HTTP/1.1" 200 47989 "http://192.168.60.79/manager-page/home-4.php" "Mozilla/5.0 (Windows NT 10.0; Win64; x64) AppleWebKit/537.36 (KHTML, like Gecko) Chrome/136.0.0.0 Safari/537.36 Edg/136.0.0.0"
172.16.36.181 - - [28/May/2025:11:04:28 +0800] "GET /manager-page/api/snapshot.php?id=42&t=0.1482841391630887 HTTP/1.1" 200 51547 "http://192.168.60.79/manager-page/home-4.php" "Mozilla/5.0 (Windows NT 10.0; Win64; x64) AppleWebKit/537.36 (KHTML, like Gecko) Chrome/136.0.0.0 Safari/537.36 Edg/136.0.0.0"
172.16.36.181 - - [28/May/2025:11:04:33 +0800] "GET /manager-page/api/snapshot.php?id=42&t=0.9872852381927408 HTTP/1.1" 200 51632 "http://192.168.60.79/manager-page/home-4.php" "Mozilla/5.0 (Windows NT 10.0; Win64; x64) AppleWebKit/537.36 (KHTML, like Gecko) Chrome/136.0.0.0 Safari/537.36 Edg/136.0.0.0"
172.16.36.181 - - [28/May/2025:11:04:33 +0800] "GET /manager-page/api/snapshot.php?id=41&t=0.006425532292741787 HTTP/1.1" 200 47985 "http://192.168.60.79/manager-page/home-4.php" "Mozilla/5.0 (Windows NT 10.0; Win64; x64) AppleWebKit/537.36 (KHTML, like Gecko) Chrome/136.0.0.0 Safari/537.36 Edg/136.0.0.0"
172.16.36.181 - - [28/May/2025:11:04:38 +0800] "GET /manager-page/api/snapshot.php?id=41&t=0.9113030528259687 HTTP/1.1" 200 48020 "http://192.168.60.79/manager-page/home-4.php" "Mozilla/5.0 (Windows NT 10.0; Win64; x64) AppleWebKit/537.36 (KHTML, like Gecko) Chrome/136.0.0.0 Safari/537.36 Edg/136.0.0.0"
172.16.36.181 - - [28/May/2025:11:04:38 +0800] "GET /manager-page/api/snapshot.php?id=42&t=0.8551311265260094 HTTP/1.1" 200 51569 "http://192.168.60.79/manager-page/home-4.php" "Mozilla/5.0 (Windows NT 10.0; Win64; x64) AppleWebKit/537.36 (KHTML, like Gecko) Chrome/136.0.0.0 Safari/537.36 Edg/136.0.0.0"
172.16.36.181 - - [28/May/2025:11:04:43 +0800] "GET /manager-page/api/snapshot.php?id=42&t=0.49963913804303817 HTTP/1.1" 200 51592 "http://192.168.60.79/manager-page/home-4.php" "Mozilla/5.0 (Windows NT 10.0; Win64; x64) AppleWebKit/537.36 (KHTML, like Gecko) Chrome/136.0.0.0 Safari/537.36 Edg/136.0.0.0"
172.16.36.181 - - [28/May/2025:11:04:43 +0800] "GET /manager-page/api/snapshot.php?id=41&t=0.483778987301994 HTTP/1.1" 200 47933 "http://192.168.60.79/manager-page/home-4.php" "Mozilla/5.0 (Windows NT 10.0; Win64; x64) AppleWebKit/537.36 (KHTML, like Gecko) Chrome/136.0.0.0 Safari/537.36 Edg/136.0.0.0"
172.16.36.181 - - [28/May/2025:11:04:48 +0800] "GET /manager-page/api/snapshot.php?id=42&t=0.13560622218565765 HTTP/1.1" 200 51638 "http://192.168.60.79/manager-page/home-4.php" "Mozilla/5.0 (Windows NT 10.0; Win64; x64) AppleWebKit/537.36 (KHTML, like Gecko) Chrome/136.0.0.0 Safari/537.36 Edg/136.0.0.0"
172.16.36.181 - - [28/May/2025:11:04:48 +0800] "GET /manager-page/api/snapshot.php?id=41&t=0.17936052840782302 HTTP/1.1" 200 48035 "http://192.168.60.79/manager-page/home-4.php" "Mozilla/5.0 (Windows NT 10.0; Win64; x64) AppleWebKit/537.36 (KHTML, like Gecko) Chrome/136.0.0.0 Safari/537.36 Edg/136.0.0.0"
172.16.36.181 - - [28/May/2025:11:04:53 +0800] "GET /manager-page/api/snapshot.php?id=41&t=0.7635141369685993 HTTP/1.1" 200 48120 "http://192.168.60.79/manager-page/home-4.php" "Mozilla/5.0 (Windows NT 10.0; Win64; x64) AppleWebKit/537.36 (KHTML, like Gecko) Chrome/136.0.0.0 Safari/537.36 Edg/136.0.0.0"
172.16.36.181 - - [28/May/2025:11:04:53 +0800] "GET /manager-page/api/snapshot.php?id=42&t=0.9722565529646203 HTTP/1.1" 200 51721 "http://192.168.60.79/manager-page/home-4.php" "Mozilla/5.0 (Windows NT 10.0; Win64; x64) AppleWebKit/537.36 (KHTML, like Gecko) Chrome/136.0.0.0 Safari/537.36 Edg/136.0.0.0"
172.16.36.181 - - [28/May/2025:11:04:58 +0800] "GET /manager-page/api/snapshot.php?id=41&t=0.9958305086452542 HTTP/1.1" 200 48120 "http://192.168.60.79/manager-page/home-4.php" "Mozilla/5.0 (Windows NT 10.0; Win64; x64) AppleWebKit/537.36 (KHTML, like Gecko) Chrome/136.0.0.0 Safari/537.36 Edg/136.0.0.0"
172.16.36.181 - - [28/May/2025:11:04:58 +0800] "GET /manager-page/api/snapshot.php?id=42&t=0.8115921960269579 HTTP/1.1" 200 51703 "http://192.168.60.79/manager-page/home-4.php" "Mozilla/5.0 (Windows NT 10.0; Win64; x64) AppleWebKit/537.36 (KHTML, like Gecko) Chrome/136.0.0.0 Safari/537.36 Edg/136.0.0.0"
127.0.0.1 - - [28/May/2025:11:05:00 +0800] "GET /robot/alarm-history-in.php HTTP/1.1" 200 - "-" "python-requests/2.28.1"
172.16.36.181 - - [28/May/2025:11:05:03 +0800] "GET /manager-page/api/snapshot.php?id=42&t=0.12907183681706103 HTTP/1.1" 200 51681 "http://192.168.60.79/manager-page/home-4.php" "Mozilla/5.0 (Windows NT 10.0; Win64; x64) AppleWebKit/537.36 (KHTML, like Gecko) Chrome/136.0.0.0 Safari/537.36 Edg/136.0.0.0"
172.16.36.181 - - [28/May/2025:11:05:03 +0800] "GET /manager-page/api/snapshot.php?id=41&t=0.8914365568762795 HTTP/1.1" 200 48092 "http://192.168.60.79/manager-page/home-4.php" "Mozilla/5.0 (Windows NT 10.0; Win64; x64) AppleWebKit/537.36 (KHTML, like Gecko) Chrome/136.0.0.0 Safari/537.36 Edg/136.0.0.0"
172.16.36.181 - - [28/May/2025:11:05:08 +0800] "GET /manager-page/api/snapshot.php?id=42&t=0.15328091491628737 HTTP/1.1" 200 51667 "http://192.168.60.79/manager-page/home-4.php" "Mozilla/5.0 (Windows NT 10.0; Win64; x64) AppleWebKit/537.36 (KHTML, like Gecko) Chrome/136.0.0.0 Safari/537.36 Edg/136.0.0.0"
172.16.36.181 - - [28/May/2025:11:05:08 +0800] "GET /manager-page/api/snapshot.php?id=41&t=0.5171307629738753 HTTP/1.1" 200 48107 "http://192.168.60.79/manager-page/home-4.php" "Mozilla/5.0 (Windows NT 10.0; Win64; x64) AppleWebKit/537.36 (KHTML, like Gecko) Chrome/136.0.0.0 Safari/537.36 Edg/136.0.0.0"
172.16.36.181 - - [28/May/2025:11:05:13 +0800] "GET /manager-page/api/snapshot.php?id=42&t=0.8450121473567968 HTTP/1.1" 200 51693 "http://192.168.60.79/manager-page/home-4.php" "Mozilla/5.0 (Windows NT 10.0; Win64; x64) AppleWebKit/537.36 (KHTML, like Gecko) Chrome/136.0.0.0 Safari/537.36 Edg/136.0.0.0"
172.16.36.181 - - [28/May/2025:11:05:13 +0800] "GET /manager-page/api/snapshot.php?id=41&t=0.3422931381484331 HTTP/1.1" 200 48157 "http://192.168.60.79/manager-page/home-4.php" "Mozilla/5.0 (Windows NT 10.0; Win64; x64) AppleWebKit/537.36 (KHTML, like Gecko) Chrome/136.0.0.0 Safari/537.36 Edg/136.0.0.0"
172.16.36.181 - - [28/May/2025:11:05:18 +0800] "GET /manager-page/api/snapshot.php?id=42&t=0.30447413499461096 HTTP/1.1" 200 51649 "http://192.168.60.79/manager-page/home-4.php" "Mozilla/5.0 (Windows NT 10.0; Win64; x64) AppleWebKit/537.36 (KHTML, like Gecko) Chrome/136.0.0.0 Safari/537.36 Edg/136.0.0.0"
172.16.36.181 - - [28/May/2025:11:05:18 +0800] "GET /manager-page/api/snapshot.php?id=41&t=0.7480973230871873 HTTP/1.1" 200 48180 "http://192.168.60.79/manager-page/home-4.php" "Mozilla/5.0 (Windows NT 10.0; Win64; x64) AppleWebKit/537.36 (KHTML, like Gecko) Chrome/136.0.0.0 Safari/537.36 Edg/136.0.0.0"
127.0.0.1 - - [28/May/2025:11:05:23 +0800] "POST /robot/et-7026-in.php HTTP/1.1" 200 - "-" "python-requests/2.32.2"
172.16.36.181 - - [28/May/2025:11:05:23 +0800] "GET /manager-page/api/snapshot.php?id=41&t=0.0400468074689323 HTTP/1.1" 200 48158 "http://192.168.60.79/manager-page/home-4.php" "Mozilla/5.0 (Windows NT 10.0; Win64; x64) AppleWebKit/537.36 (KHTML, like Gecko) Chrome/136.0.0.0 Safari/537.36 Edg/136.0.0.0"
172.16.36.181 - - [28/May/2025:11:05:23 +0800] "GET /manager-page/api/snapshot.php?id=42&t=0.739091274575369 HTTP/1.1" 200 51660 "http://192.168.60.79/manager-page/home-4.php" "Mozilla/5.0 (Windows NT 10.0; Win64; x64) AppleWebKit/537.36 (KHTML, like Gecko) Chrome/136.0.0.0 Safari/537.36 Edg/136.0.0.0"
172.16.36.181 - - [28/May/2025:11:05:28 +0800] "GET /manager-page/api/snapshot.php?id=41&t=0.5408025072097751 HTTP/1.1" 200 48174 "http://192.168.60.79/manager-page/home-4.php" "Mozilla/5.0 (Windows NT 10.0; Win64; x64) AppleWebKit/537.36 (KHTML, like Gecko) Chrome/136.0.0.0 Safari/537.36 Edg/136.0.0.0"
172.16.36.181 - - [28/May/2025:11:05:28 +0800] "GET /manager-page/api/snapshot.php?id=42&t=0.265948349293857 HTTP/1.1" 200 51727 "http://192.168.60.79/manager-page/home-4.php" "Mozilla/5.0 (Windows NT 10.0; Win64; x64) AppleWebKit/537.36 (KHTML, like Gecko) Chrome/136.0.0.0 Safari/537.36 Edg/136.0.0.0"
111.70.30.253 - - [28/May/2025:11:05:29 +0800] "POST /robot/lora-in.php HTTP/1.1" 200 - "-" "python-requests/2.21.0"
172.16.36.181 - - [28/May/2025:11:05:33 +0800] "GET /manager-page/api/snapshot.php?id=42&t=0.2002205066558942 HTTP/1.1" 200 51734 "http://192.168.60.79/manager-page/home-4.php" "Mozilla/5.0 (Windows NT 10.0; Win64; x64) AppleWebKit/537.36 (KHTML, like Gecko) Chrome/136.0.0.0 Safari/537.36 Edg/136.0.0.0"
172.16.36.181 - - [28/May/2025:11:05:33 +0800] "GET /manager-page/api/snapshot.php?id=41&t=0.36759419017102324 HTTP/1.1" 200 48263 "http://192.168.60.79/manager-page/home-4.php" "Mozilla/5.0 (Windows NT 10.0; Win64; x64) AppleWebKit/537.36 (KHTML, like Gecko) Chrome/136.0.0.0 Safari/537.36 Edg/136.0.0.0"
111.70.30.251 - - [28/May/2025:11:05:34 +0800] "POST /robot/lora-in.php HTTP/1.1" 200 - "-" "python-requests/2.21.0"
172.16.36.181 - - [28/May/2025:11:05:38 +0800] "GET /manager-page/api/snapshot.php?id=42&t=0.31809521364893156 HTTP/1.1" 200 51653 "http://192.168.60.79/manager-page/home-4.php" "Mozilla/5.0 (Windows NT 10.0; Win64; x64) AppleWebKit/537.36 (KHTML, like Gecko) Chrome/136.0.0.0 Safari/537.36 Edg/136.0.0.0"
172.16.36.181 - - [28/May/2025:11:05:38 +0800] "GET /manager-page/api/snapshot.php?id=41&t=0.4374739517863122 HTTP/1.1" 200 48294 "http://192.168.60.79/manager-page/home-4.php" "Mozilla/5.0 (Windows NT 10.0; Win64; x64) AppleWebKit/537.36 (KHTML, like Gecko) Chrome/136.0.0.0 Safari/537.36 Edg/136.0.0.0"
172.16.36.181 - - [28/May/2025:11:05:43 +0800] "GET /manager-page/api/snapshot.php?id=41&t=0.8544499744564181 HTTP/1.1" 200 48320 "http://192.168.60.79/manager-page/home-4.php" "Mozilla/5.0 (Windows NT 10.0; Win64; x64) AppleWebKit/537.36 (KHTML, like Gecko) Chrome/136.0.0.0 Safari/537.36 Edg/136.0.0.0"
172.16.36.181 - - [28/May/2025:11:05:43 +0800] "GET /manager-page/api/snapshot.php?id=42&t=0.5901378527060516 HTTP/1.1" 200 51629 "http://192.168.60.79/manager-page/home-4.php" "Mozilla/5.0 (Windows NT 10.0; Win64; x64) AppleWebKit/537.36 (KHTML, like Gecko) Chrome/136.0.0.0 Safari/537.36 Edg/136.0.0.0"
172.16.36.181 - - [28/May/2025:11:05:48 +0800] "GET /manager-page/api/snapshot.php?id=41&t=0.9111808114348483 HTTP/1.1" 200 48313 "http://192.168.60.79/manager-page/home-4.php" "Mozilla/5.0 (Windows NT 10.0; Win64; x64) AppleWebKit/537.36 (KHTML, like Gecko) Chrome/136.0.0.0 Safari/537.36 Edg/136.0.0.0"
172.16.36.181 - - [28/May/2025:11:05:48 +0800] "GET /manager-page/api/snapshot.php?id=42&t=0.37721766473449037 HTTP/1.1" 200 51674 "http://192.168.60.79/manager-page/home-4.php" "Mozilla/5.0 (Windows NT 10.0; Win64; x64) AppleWebKit/537.36 (KHTML, like Gecko) Chrome/136.0.0.0 Safari/537.36 Edg/136.0.0.0"
172.16.36.181 - - [28/May/2025:11:05:53 +0800] "GET /manager-page/api/snapshot.php?id=42&t=0.11481463304531847 HTTP/1.1" 200 51693 "http://192.168.60.79/manager-page/home-4.php" "Mozilla/5.0 (Windows NT 10.0; Win64; x64) AppleWebKit/537.36 (KHTML, like Gecko) Chrome/136.0.0.0 Safari/537.36 Edg/136.0.0.0"
172.16.36.181 - - [28/May/2025:11:05:53 +0800] "GET /manager-page/api/snapshot.php?id=41&t=0.5583691630226861 HTTP/1.1" 200 48347 "http://192.168.60.79/manager-page/home-4.php" "Mozilla/5.0 (Windows NT 10.0; Win64; x64) AppleWebKit/537.36 (KHTML, like Gecko) Chrome/136.0.0.0 Safari/537.36 Edg/136.0.0.0"
172.16.36.181 - - [28/May/2025:11:05:58 +0800] "GET /manager-page/api/snapshot.php?id=42&t=0.08223751408741109 HTTP/1.1" 200 51662 "http://192.168.60.79/manager-page/home-4.php" "Mozilla/5.0 (Windows NT 10.0; Win64; x64) AppleWebKit/537.36 (KHTML, like Gecko) Chrome/136.0.0.0 Safari/537.36 Edg/136.0.0.0"
172.16.36.181 - - [28/May/2025:11:05:58 +0800] "GET /manager-page/api/snapshot.php?id=41&t=0.2994471635864613 HTTP/1.1" 200 48306 "http://192.168.60.79/manager-page/home-4.php" "Mozilla/5.0 (Windows NT 10.0; Win64; x64) AppleWebKit/537.36 (KHTML, like Gecko) Chrome/136.0.0.0 Safari/537.36 Edg/136.0.0.0"
127.0.0.1 - - [28/May/2025:11:06:00 +0800] "GET /robot/alarm-history-in.php HTTP/1.1" 200 - "-" "python-requests/2.28.1"
172.16.36.181 - - [28/May/2025:11:06:03 +0800] "GET /manager-page/api/snapshot.php?id=41&t=0.22757892492453735 HTTP/1.1" 200 48254 "http://192.168.60.79/manager-page/home-4.php" "Mozilla/5.0 (Windows NT 10.0; Win64; x64) AppleWebKit/537.36 (KHTML, like Gecko) Chrome/136.0.0.0 Safari/537.36 Edg/136.0.0.0"
172.16.36.181 - - [28/May/2025:11:06:03 +0800] "GET /manager-page/api/snapshot.php?id=42&t=0.47810367735302817 HTTP/1.1" 200 51648 "http://192.168.60.79/manager-page/home-4.php" "Mozilla/5.0 (Windows NT 10.0; Win64; x64) AppleWebKit/537.36 (KHTML, like Gecko) Chrome/136.0.0.0 Safari/537.36 Edg/136.0.0.0"
172.16.36.181 - - [28/May/2025:11:06:08 +0800] "GET /manager-page/api/snapshot.php?id=41&t=0.3285511826330938 HTTP/1.1" 200 48226 "http://192.168.60.79/manager-page/home-4.php" "Mozilla/5.0 (Windows NT 10.0; Win64; x64) AppleWebKit/537.36 (KHTML, like Gecko) Chrome/136.0.0.0 Safari/537.36 Edg/136.0.0.0"
172.16.36.181 - - [28/May/2025:11:06:08 +0800] "GET /manager-page/api/snapshot.php?id=42&t=0.565760820484306 HTTP/1.1" 200 51651 "http://192.168.60.79/manager-page/home-4.php" "Mozilla/5.0 (Windows NT 10.0; Win64; x64) AppleWebKit/537.36 (KHTML, like Gecko) Chrome/136.0.0.0 Safari/537.36 Edg/136.0.0.0"
172.16.36.181 - - [28/May/2025:11:06:13 +0800] "GET /manager-page/api/snapshot.php?id=41&t=0.9621823069749911 HTTP/1.1" 200 48178 "http://192.168.60.79/manager-page/home-4.php" "Mozilla/5.0 (Windows NT 10.0; Win64; x64) AppleWebKit/537.36 (KHTML, like Gecko) Chrome/136.0.0.0 Safari/537.36 Edg/136.0.0.0"
172.16.36.181 - - [28/May/2025:11:06:13 +0800] "GET /manager-page/api/snapshot.php?id=42&t=0.2451686078116696 HTTP/1.1" 200 51687 "http://192.168.60.79/manager-page/home-4.php" "Mozilla/5.0 (Windows NT 10.0; Win64; x64) AppleWebKit/537.36 (KHTML, like Gecko) Chrome/136.0.0.0 Safari/537.36 Edg/136.0.0.0"
172.16.36.181 - - [28/May/2025:11:06:18 +0800] "GET /manager-page/api/snapshot.php?id=42&t=0.08884930361542787 HTTP/1.1" 200 51597 "http://192.168.60.79/manager-page/home-4.php" "Mozilla/5.0 (Windows NT 10.0; Win64; x64) AppleWebKit/537.36 (KHTML, like Gecko) Chrome/136.0.0.0 Safari/537.36 Edg/136.0.0.0"
172.16.36.181 - - [28/May/2025:11:06:18 +0800] "GET /manager-page/api/snapshot.php?id=41&t=0.8236618164395298 HTTP/1.1" 200 48198 "http://192.168.60.79/manager-page/home-4.php" "Mozilla/5.0 (Windows NT 10.0; Win64; x64) AppleWebKit/537.36 (KHTML, like Gecko) Chrome/136.0.0.0 Safari/537.36 Edg/136.0.0.0"
172.16.36.181 - - [28/May/2025:11:06:23 +0800] "GET /manager-page/api/snapshot.php?id=41&t=0.16508125427925902 HTTP/1.1" 200 48252 "http://192.168.60.79/manager-page/home-4.php" "Mozilla/5.0 (Windows NT 10.0; Win64; x64) AppleWebKit/537.36 (KHTML, like Gecko) Chrome/136.0.0.0 Safari/537.36 Edg/136.0.0.0"
172.16.36.181 - - [28/May/2025:11:06:23 +0800] "GET /manager-page/api/snapshot.php?id=42&t=0.17543459687526652 HTTP/1.1" 200 51632 "http://192.168.60.79/manager-page/home-4.php" "Mozilla/5.0 (Windows NT 10.0; Win64; x64) AppleWebKit/537.36 (KHTML, like Gecko) Chrome/136.0.0.0 Safari/537.36 Edg/136.0.0.0"
172.16.36.181 - - [28/May/2025:11:06:28 +0800] "GET /manager-page/api/snapshot.php?id=41&t=0.6758726442612183 HTTP/1.1" 200 48277 "http://192.168.60.79/manager-page/home-4.php" "Mozilla/5.0 (Windows NT 10.0; Win64; x64) AppleWebKit/537.36 (KHTML, like Gecko) Chrome/136.0.0.0 Safari/537.36 Edg/136.0.0.0"
172.16.36.181 - - [28/May/2025:11:06:28 +0800] "GET /manager-page/api/snapshot.php?id=42&t=0.04776877809199709 HTTP/1.1" 200 51696 "http://192.168.60.79/manager-page/home-4.php" "Mozilla/5.0 (Windows NT 10.0; Win64; x64) AppleWebKit/537.36 (KHTML, like Gecko) Chrome/136.0.0.0 Safari/537.36 Edg/136.0.0.0"
172.16.36.181 - - [28/May/2025:11:06:33 +0800] "GET /manager-page/api/snapshot.php?id=41&t=0.33830332366816573 HTTP/1.1" 200 48251 "http://192.168.60.79/manager-page/home-4.php" "Mozilla/5.0 (Windows NT 10.0; Win64; x64) AppleWebKit/537.36 (KHTML, like Gecko) Chrome/136.0.0.0 Safari/537.36 Edg/136.0.0.0"
172.16.36.181 - - [28/May/2025:11:06:33 +0800] "GET /manager-page/api/snapshot.php?id=42&t=0.7848307575534262 HTTP/1.1" 200 51643 "http://192.168.60.79/manager-page/home-4.php" "Mozilla/5.0 (Windows NT 10.0; Win64; x64) AppleWebKit/537.36 (KHTML, like Gecko) Chrome/136.0.0.0 Safari/537.36 Edg/136.0.0.0"
172.16.36.181 - - [28/May/2025:11:06:38 +0800] "GET /manager-page/api/snapshot.php?id=42&t=0.5532032841388814 HTTP/1.1" 200 51690 "http://192.168.60.79/manager-page/home-4.php" "Mozilla/5.0 (Windows NT 10.0; Win64; x64) AppleWebKit/537.36 (KHTML, like Gecko) Chrome/136.0.0.0 Safari/537.36 Edg/136.0.0.0"
172.16.36.181 - - [28/May/2025:11:06:38 +0800] "GET /manager-page/api/snapshot.php?id=41&t=0.23341568079341735 HTTP/1.1" 200 48281 "http://192.168.60.79/manager-page/home-4.php" "Mozilla/5.0 (Windows NT 10.0; Win64; x64) AppleWebKit/537.36 (KHTML, like Gecko) Chrome/136.0.0.0 Safari/537.36 Edg/136.0.0.0"
172.16.36.181 - - [28/May/2025:11:06:43 +0800] "GET /manager-page/api/snapshot.php?id=42&t=0.13422471069796693 HTTP/1.1" 200 51667 "http://192.168.60.79/manager-page/home-4.php" "Mozilla/5.0 (Windows NT 10.0; Win64; x64) AppleWebKit/537.36 (KHTML, like Gecko) Chrome/136.0.0.0 Safari/537.36 Edg/136.0.0.0"
172.16.36.181 - - [28/May/2025:11:06:43 +0800] "GET /manager-page/api/snapshot.php?id=41&t=0.830623553593785 HTTP/1.1" 200 48305 "http://192.168.60.79/manager-page/home-4.php" "Mozilla/5.0 (Windows NT 10.0; Win64; x64) AppleWebKit/537.36 (KHTML, like Gecko) Chrome/136.0.0.0 Safari/537.36 Edg/136.0.0.0"
172.16.36.181 - - [28/May/2025:11:06:48 +0800] "GET /manager-page/api/snapshot.php?id=42&t=0.7144225255576725 HTTP/1.1" 200 51607 "http://192.168.60.79/manager-page/home-4.php" "Mozilla/5.0 (Windows NT 10.0; Win64; x64) AppleWebKit/537.36 (KHTML, like Gecko) Chrome/136.0.0.0 Safari/537.36 Edg/136.0.0.0"
172.16.36.181 - - [28/May/2025:11:06:48 +0800] "GET /manager-page/api/snapshot.php?id=41&t=0.0932171201026969 HTTP/1.1" 200 48338 "http://192.168.60.79/manager-page/home-4.php" "Mozilla/5.0 (Windows NT 10.0; Win64; x64) AppleWebKit/537.36 (KHTML, like Gecko) Chrome/136.0.0.0 Safari/537.36 Edg/136.0.0.0"
172.16.36.181 - - [28/May/2025:11:06:53 +0800] "GET /manager-page/api/snapshot.php?id=42&t=0.7576359736981293 HTTP/1.1" 200 51680 "http://192.168.60.79/manager-page/home-4.php" "Mozilla/5.0 (Windows NT 10.0; Win64; x64) AppleWebKit/537.36 (KHTML, like Gecko) Chrome/136.0.0.0 Safari/537.36 Edg/136.0.0.0"
172.16.36.181 - - [28/May/2025:11:06:53 +0800] "GET /manager-page/api/snapshot.php?id=41&t=0.2801407457125984 HTTP/1.1" 200 48281 "http://192.168.60.79/manager-page/home-4.php" "Mozilla/5.0 (Windows NT 10.0; Win64; x64) AppleWebKit/537.36 (KHTML, like Gecko) Chrome/136.0.0.0 Safari/537.36 Edg/136.0.0.0"
172.16.36.181 - - [28/May/2025:11:06:58 +0800] "GET /manager-page/api/snapshot.php?id=42&t=0.7328467528439927 HTTP/1.1" 200 51679 "http://192.168.60.79/manager-page/home-4.php" "Mozilla/5.0 (Windows NT 10.0; Win64; x64) AppleWebKit/537.36 (KHTML, like Gecko) Chrome/136.0.0.0 Safari/537.36 Edg/136.0.0.0"
172.16.36.181 - - [28/May/2025:11:06:58 +0800] "GET /manager-page/api/snapshot.php?id=41&t=0.3450789293646537 HTTP/1.1" 200 48316 "http://192.168.60.79/manager-page/home-4.php" "Mozilla/5.0 (Windows NT 10.0; Win64; x64) AppleWebKit/537.36 (KHTML, like Gecko) Chrome/136.0.0.0 Safari/537.36 Edg/136.0.0.0"
127.0.0.1 - - [28/May/2025:11:07:00 +0800] "GET /robot/alarm-history-in.php HTTP/1.1" 200 - "-" "python-requests/2.28.1"
172.16.36.181 - - [28/May/2025:11:07:03 +0800] "GET /manager-page/api/snapshot.php?id=41&t=0.298691950614152 HTTP/1.1" 200 48234 "http://192.168.60.79/manager-page/home-4.php" "Mozilla/5.0 (Windows NT 10.0; Win64; x64) AppleWebKit/537.36 (KHTML, like Gecko) Chrome/136.0.0.0 Safari/537.36 Edg/136.0.0.0"
172.16.36.181 - - [28/May/2025:11:07:03 +0800] "GET /manager-page/api/snapshot.php?id=42&t=0.429121804522522 HTTP/1.1" 200 51542 "http://192.168.60.79/manager-page/home-4.php" "Mozilla/5.0 (Windows NT 10.0; Win64; x64) AppleWebKit/537.36 (KHTML, like Gecko) Chrome/136.0.0.0 Safari/537.36 Edg/136.0.0.0"
172.16.36.181 - - [28/May/2025:11:07:08 +0800] "GET /manager-page/api/snapshot.php?id=42&t=0.28960311774164715 HTTP/1.1" 200 51594 "http://192.168.60.79/manager-page/home-4.php" "Mozilla/5.0 (Windows NT 10.0; Win64; x64) AppleWebKit/537.36 (KHTML, like Gecko) Chrome/136.0.0.0 Safari/537.36 Edg/136.0.0.0"
172.16.36.181 - - [28/May/2025:11:07:08 +0800] "GET /manager-page/api/snapshot.php?id=41&t=0.12590277268967498 HTTP/1.1" 200 48296 "http://192.168.60.79/manager-page/home-4.php" "Mozilla/5.0 (Windows NT 10.0; Win64; x64) AppleWebKit/537.36 (KHTML, like Gecko) Chrome/136.0.0.0 Safari/537.36 Edg/136.0.0.0"
172.16.36.181 - - [28/May/2025:11:07:13 +0800] "GET /manager-page/api/snapshot.php?id=41&t=0.9460765831943414 HTTP/1.1" 200 48275 "http://192.168.60.79/manager-page/home-4.php" "Mozilla/5.0 (Windows NT 10.0; Win64; x64) AppleWebKit/537.36 (KHTML, like Gecko) Chrome/136.0.0.0 Safari/537.36 Edg/136.0.0.0"
172.16.36.181 - - [28/May/2025:11:07:13 +0800] "GET /manager-page/api/snapshot.php?id=42&t=0.5251891903534261 HTTP/1.1" 200 51686 "http://192.168.60.79/manager-page/home-4.php" "Mozilla/5.0 (Windows NT 10.0; Win64; x64) AppleWebKit/537.36 (KHTML, like Gecko) Chrome/136.0.0.0 Safari/537.36 Edg/136.0.0.0"
172.16.36.181 - - [28/May/2025:11:07:18 +0800] "GET /manager-page/api/snapshot.php?id=42&t=0.0001739963363486252 HTTP/1.1" 200 51672 "http://192.168.60.79/manager-page/home-4.php" "Mozilla/5.0 (Windows NT 10.0; Win64; x64) AppleWebKit/537.36 (KHTML, like Gecko) Chrome/136.0.0.0 Safari/537.36 Edg/136.0.0.0"
172.16.36.181 - - [28/May/2025:11:07:18 +0800] "GET /manager-page/api/snapshot.php?id=41&t=0.06323819069170267 HTTP/1.1" 200 48277 "http://192.168.60.79/manager-page/home-4.php" "Mozilla/5.0 (Windows NT 10.0; Win64; x64) AppleWebKit/537.36 (KHTML, like Gecko) Chrome/136.0.0.0 Safari/537.36 Edg/136.0.0.0"
172.16.36.181 - - [28/May/2025:11:07:23 +0800] "GET /manager-page/api/snapshot.php?id=42&t=0.190595274803819 HTTP/1.1" 200 51595 "http://192.168.60.79/manager-page/home-4.php" "Mozilla/5.0 (Windows NT 10.0; Win64; x64) AppleWebKit/537.36 (KHTML, like Gecko) Chrome/136.0.0.0 Safari/537.36 Edg/136.0.0.0"
172.16.36.181 - - [28/May/2025:11:07:23 +0800] "GET /manager-page/api/snapshot.php?id=41&t=0.23741676518028232 HTTP/1.1" 200 48228 "http://192.168.60.79/manager-page/home-4.php" "Mozilla/5.0 (Windows NT 10.0; Win64; x64) AppleWebKit/537.36 (KHTML, like Gecko) Chrome/136.0.0.0 Safari/537.36 Edg/136.0.0.0"
172.16.36.181 - - [28/May/2025:11:07:28 +0800] "GET /manager-page/api/snapshot.php?id=42&t=0.2791200639555308 HTTP/1.1" 200 51586 "http://192.168.60.79/manager-page/home-4.php" "Mozilla/5.0 (Windows NT 10.0; Win64; x64) AppleWebKit/537.36 (KHTML, like Gecko) Chrome/136.0.0.0 Safari/537.36 Edg/136.0.0.0"
172.16.36.181 - - [28/May/2025:11:07:28 +0800] "GET /manager-page/api/snapshot.php?id=41&t=0.7287999049861266 HTTP/1.1" 200 48274 "http://192.168.60.79/manager-page/home-4.php" "Mozilla/5.0 (Windows NT 10.0; Win64; x64) AppleWebKit/537.36 (KHTML, like Gecko) Chrome/136.0.0.0 Safari/537.36 Edg/136.0.0.0"
172.16.36.181 - - [28/May/2025:11:07:33 +0800] "GET /manager-page/api/snapshot.php?id=41&t=0.7161910881968261 HTTP/1.1" 200 48334 "http://192.168.60.79/manager-page/home-4.php" "Mozilla/5.0 (Windows NT 10.0; Win64; x64) AppleWebKit/537.36 (KHTML, like Gecko) Chrome/136.0.0.0 Safari/537.36 Edg/136.0.0.0"
172.16.36.181 - - [28/May/2025:11:07:33 +0800] "GET /manager-page/api/snapshot.php?id=42&t=0.5548394313767189 HTTP/1.1" 200 51597 "http://192.168.60.79/manager-page/home-4.php" "Mozilla/5.0 (Windows NT 10.0; Win64; x64) AppleWebKit/537.36 (KHTML, like Gecko) Chrome/136.0.0.0 Safari/537.36 Edg/136.0.0.0"
172.16.36.181 - - [28/May/2025:11:07:38 +0800] "GET /manager-page/api/snapshot.php?id=42&t=0.35376182009184465 HTTP/1.1" 200 51645 "http://192.168.60.79/manager-page/home-4.php" "Mozilla/5.0 (Windows NT 10.0; Win64; x64) AppleWebKit/537.36 (KHTML, like Gecko) Chrome/136.0.0.0 Safari/537.36 Edg/136.0.0.0"
172.16.36.181 - - [28/May/2025:11:07:38 +0800] "GET /manager-page/api/snapshot.php?id=41&t=0.9354086919471832 HTTP/1.1" 200 48238 "http://192.168.60.79/manager-page/home-4.php" "Mozilla/5.0 (Windows NT 10.0; Win64; x64) AppleWebKit/537.36 (KHTML, like Gecko) Chrome/136.0.0.0 Safari/537.36 Edg/136.0.0.0"
172.16.36.181 - - [28/May/2025:11:07:43 +0800] "GET /manager-page/api/snapshot.php?id=41&t=0.7089118960389643 HTTP/1.1" 200 48222 "http://192.168.60.79/manager-page/home-4.php" "Mozilla/5.0 (Windows NT 10.0; Win64; x64) AppleWebKit/537.36 (KHTML, like Gecko) Chrome/136.0.0.0 Safari/537.36 Edg/136.0.0.0"
172.16.36.181 - - [28/May/2025:11:07:43 +0800] "GET /manager-page/api/snapshot.php?id=42&t=0.6903768029726298 HTTP/1.1" 200 51653 "http://192.168.60.79/manager-page/home-4.php" "Mozilla/5.0 (Windows NT 10.0; Win64; x64) AppleWebKit/537.36 (KHTML, like Gecko) Chrome/136.0.0.0 Safari/537.36 Edg/136.0.0.0"
172.16.36.181 - - [28/May/2025:11:07:48 +0800] "GET /manager-page/api/snapshot.php?id=41&t=0.6650173291442995 HTTP/1.1" 200 48302 "http://192.168.60.79/manager-page/home-4.php" "Mozilla/5.0 (Windows NT 10.0; Win64; x64) AppleWebKit/537.36 (KHTML, like Gecko) Chrome/136.0.0.0 Safari/537.36 Edg/136.0.0.0"
172.16.36.181 - - [28/May/2025:11:07:48 +0800] "GET /manager-page/api/snapshot.php?id=42&t=0.1822186951320992 HTTP/1.1" 200 51595 "http://192.168.60.79/manager-page/home-4.php" "Mozilla/5.0 (Windows NT 10.0; Win64; x64) AppleWebKit/537.36 (KHTML, like Gecko) Chrome/136.0.0.0 Safari/537.36 Edg/136.0.0.0"
172.16.36.181 - - [28/May/2025:11:07:53 +0800] "GET /manager-page/api/snapshot.php?id=41&t=0.804553900576237 HTTP/1.1" 200 48276 "http://192.168.60.79/manager-page/home-4.php" "Mozilla/5.0 (Windows NT 10.0; Win64; x64) AppleWebKit/537.36 (KHTML, like Gecko) Chrome/136.0.0.0 Safari/537.36 Edg/136.0.0.0"
172.16.36.181 - - [28/May/2025:11:07:53 +0800] "GET /manager-page/api/snapshot.php?id=42&t=0.17702362593950471 HTTP/1.1" 200 51568 "http://192.168.60.79/manager-page/home-4.php" "Mozilla/5.0 (Windows NT 10.0; Win64; x64) AppleWebKit/537.36 (KHTML, like Gecko) Chrome/136.0.0.0 Safari/537.36 Edg/136.0.0.0"
172.16.36.181 - - [28/May/2025:11:07:58 +0800] "GET /manager-page/api/snapshot.php?id=41&t=0.6833700306441683 HTTP/1.1" 200 48294 "http://192.168.60.79/manager-page/home-4.php" "Mozilla/5.0 (Windows NT 10.0; Win64; x64) AppleWebKit/537.36 (KHTML, like Gecko) Chrome/136.0.0.0 Safari/537.36 Edg/136.0.0.0"
172.16.36.181 - - [28/May/2025:11:07:58 +0800] "GET /manager-page/api/snapshot.php?id=42&t=0.4133471150150937 HTTP/1.1" 200 51468 "http://192.168.60.79/manager-page/home-4.php" "Mozilla/5.0 (Windows NT 10.0; Win64; x64) AppleWebKit/537.36 (KHTML, like Gecko) Chrome/136.0.0.0 Safari/537.36 Edg/136.0.0.0"
127.0.0.1 - - [28/May/2025:11:08:00 +0800] "GET /robot/alarm-history-in.php HTTP/1.1" 200 - "-" "python-requests/2.28.1"
172.16.36.181 - - [28/May/2025:11:08:03 +0800] "GET /manager-page/api/snapshot.php?id=42&t=0.5311377803714342 HTTP/1.1" 200 51589 "http://192.168.60.79/manager-page/home-4.php" "Mozilla/5.0 (Windows NT 10.0; Win64; x64) AppleWebKit/537.36 (KHTML, like Gecko) Chrome/136.0.0.0 Safari/537.36 Edg/136.0.0.0"
172.16.36.181 - - [28/May/2025:11:08:03 +0800] "GET /manager-page/api/snapshot.php?id=41&t=0.2969880752048214 HTTP/1.1" 200 48259 "http://192.168.60.79/manager-page/home-4.php" "Mozilla/5.0 (Windows NT 10.0; Win64; x64) AppleWebKit/537.36 (KHTML, like Gecko) Chrome/136.0.0.0 Safari/537.36 Edg/136.0.0.0"
111.70.30.251 - - [28/May/2025:11:08:08 +0800] "POST /robot/lora-in.php HTTP/1.1" 200 - "-" "python-requests/2.21.0"
172.16.36.181 - - [28/May/2025:11:08:08 +0800] "GET /manager-page/api/snapshot.php?id=41&t=0.5460679830079375 HTTP/1.1" 200 48299 "http://192.168.60.79/manager-page/home-4.php" "Mozilla/5.0 (Windows NT 10.0; Win64; x64) AppleWebKit/537.36 (KHTML, like Gecko) Chrome/136.0.0.0 Safari/537.36 Edg/136.0.0.0"
172.16.36.181 - - [28/May/2025:11:08:08 +0800] "GET /manager-page/api/snapshot.php?id=42&t=0.8819974576930046 HTTP/1.1" 200 51555 "http://192.168.60.79/manager-page/home-4.php" "Mozilla/5.0 (Windows NT 10.0; Win64; x64) AppleWebKit/537.36 (KHTML, like Gecko) Chrome/136.0.0.0 Safari/537.36 Edg/136.0.0.0"
172.16.36.181 - - [28/May/2025:11:08:13 +0800] "GET /manager-page/api/snapshot.php?id=42&t=0.1002590180133196 HTTP/1.1" 200 51587 "http://192.168.60.79/manager-page/home-4.php" "Mozilla/5.0 (Windows NT 10.0; Win64; x64) AppleWebKit/537.36 (KHTML, like Gecko) Chrome/136.0.0.0 Safari/537.36 Edg/136.0.0.0"
172.16.36.181 - - [28/May/2025:11:08:13 +0800] "GET /manager-page/api/snapshot.php?id=41&t=0.9552865766674284 HTTP/1.1" 200 48204 "http://192.168.60.79/manager-page/home-4.php" "Mozilla/5.0 (Windows NT 10.0; Win64; x64) AppleWebKit/537.36 (KHTML, like Gecko) Chrome/136.0.0.0 Safari/537.36 Edg/136.0.0.0"
172.16.36.181 - - [28/May/2025:11:08:18 +0800] "GET /manager-page/alarm/1-2.jpg?t=1776108080 HTTP/1.1" 200 495492 "http://192.168.60.79/manager-page/home-1.php" "Mozilla/5.0 (Windows NT 10.0; Win64; x64) AppleWebKit/537.36 (KHTML, like Gecko) Chrome/136.0.0.0 Safari/537.36 Edg/136.0.0.0"
172.16.36.181 - - [28/May/2025:11:08:18 +0800] "GET /manager-page/alarm/1-1.jpg?t=1285954154 HTTP/1.1" 200 322868 "http://192.168.60.79/manager-page/home-1.php" "Mozilla/5.0 (Windows NT 10.0; Win64; x64) AppleWebKit/537.36 (KHTML, like Gecko) Chrome/136.0.0.0 Safari/537.36 Edg/136.0.0.0"
172.16.36.181 - - [28/May/2025:11:08:17 +0800] "GET /manager-page/home-1.php HTTP/1.1" 200 27473 "http://192.168.60.79/manager-page/home-4.php" "Mozilla/5.0 (Windows NT 10.0; Win64; x64) AppleWebKit/537.36 (KHTML, like Gecko) Chrome/136.0.0.0 Safari/537.36 Edg/136.0.0.0"
172.16.36.181 - - [28/May/2025:11:08:18 +0800] "GET /manager-page/api/snapshot.php?id=11 HTTP/1.1" 200 42666 "http://192.168.60.79/manager-page/home-1.php" "Mozilla/5.0 (Windows NT 10.0; Win64; x64) AppleWebKit/537.36 (KHTML, like Gecko) Chrome/136.0.0.0 Safari/537.36 Edg/136.0.0.0"
172.16.36.181 - - [28/May/2025:11:08:18 +0800] "GET /manager-page/api/snapshot.php?id=12 HTTP/1.1" 500 - "http://192.168.60.79/manager-page/home-1.php" "Mozilla/5.0 (Windows NT 10.0; Win64; x64) AppleWebKit/537.36 (KHTML, like Gecko) Chrome/136.0.0.0 Safari/537.36 Edg/136.0.0.0"
172.16.36.181 - - [28/May/2025:11:08:23 +0800] "GET /manager-page/live/1-2.jpg HTTP/1.1" 200 47084 "http://192.168.60.79/manager-page/home-1.php" "Mozilla/5.0 (Windows NT 10.0; Win64; x64) AppleWebKit/537.36 (KHTML, like Gecko) Chrome/136.0.0.0 Safari/537.36 Edg/136.0.0.0"
172.16.36.181 - - [28/May/2025:11:08:22 +0800] "GET /manager-page/api/lp-status1.php HTTP/1.1" 200 1 "http://192.168.60.79/manager-page/home-1.php" "Mozilla/5.0 (Windows NT 10.0; Win64; x64) AppleWebKit/537.36 (KHTML, like Gecko) Chrome/136.0.0.0 Safari/537.36 Edg/136.0.0.0"
172.16.36.181 - - [28/May/2025:11:08:22 +0800] "GET /manager-page/api/cms-status1.php HTTP/1.1" 200 12 "http://192.168.60.79/manager-page/home-1.php" "Mozilla/5.0 (Windows NT 10.0; Win64; x64) AppleWebKit/537.36 (KHTML, like Gecko) Chrome/136.0.0.0 Safari/537.36 Edg/136.0.0.0"
172.16.36.181 - - [28/May/2025:11:08:27 +0800] "GET /manager-page/api/snapshot.php?id=11&t=0.6197432627445567 HTTP/1.1" 200 42872 "http://192.168.60.79/manager-page/home-1.php" "Mozilla/5.0 (Windows NT 10.0; Win64; x64) AppleWebKit/537.36 (KHTML, like Gecko) Chrome/136.0.0.0 Safari/537.36 Edg/136.0.0.0"
172.16.36.181 - - [28/May/2025:11:08:27 +0800] "GET /manager-page/api/snapshot.php?id=12&t=0.09285264452209774 HTTP/1.1" 200 47478 "http://192.168.60.79/manager-page/home-1.php" "Mozilla/5.0 (Windows NT 10.0; Win64; x64) AppleWebKit/537.36 (KHTML, like Gecko) Chrome/136.0.0.0 Safari/537.36 Edg/136.0.0.0"
172.16.36.181 - - [28/May/2025:11:08:32 +0800] "GET /manager-page/api/snapshot.php?id=11&t=0.6789097956771194 HTTP/1.1" 200 42624 "http://192.168.60.79/manager-page/home-1.php" "Mozilla/5.0 (Windows NT 10.0; Win64; x64) AppleWebKit/537.36 (KHTML, like Gecko) Chrome/136.0.0.0 Safari/537.36 Edg/136.0.0.0"
172.16.36.181 - - [28/May/2025:11:08:32 +0800] "GET /manager-page/api/snapshot.php?id=12&t=0.6043404493219382 HTTP/1.1" 200 46992 "http://192.168.60.79/manager-page/home-1.php" "Mozilla/5.0 (Windows NT 10.0; Win64; x64) AppleWebKit/537.36 (KHTML, like Gecko) Chrome/136.0.0.0 Safari/537.36 Edg/136.0.0.0"
111.70.30.250 - - [28/May/2025:11:08:37 +0800] "POST /robot/lora-in.php HTTP/1.1" 200 - "-" "python-requests/2.21.0"
172.16.36.181 - - [28/May/2025:11:08:37 +0800] "GET /manager-page/api/snapshot.php?id=12&t=0.012802513769620938 HTTP/1.1" 200 46983 "http://192.168.60.79/manager-page/home-1.php" "Mozilla/5.0 (Windows NT 10.0; Win64; x64) AppleWebKit/537.36 (KHTML, like Gecko) Chrome/136.0.0.0 Safari/537.36 Edg/136.0.0.0"
172.16.36.181 - - [28/May/2025:11:08:37 +0800] "GET /manager-page/api/snapshot.php?id=11&t=0.8634043831608286 HTTP/1.1" 200 42721 "http://192.168.60.79/manager-page/home-1.php" "Mozilla/5.0 (Windows NT 10.0; Win64; x64) AppleWebKit/537.36 (KHTML, like Gecko) Chrome/136.0.0.0 Safari/537.36 Edg/136.0.0.0"
172.16.36.181 - - [28/May/2025:11:08:42 +0800] "GET /manager-page/api/snapshot.php?id=11&t=0.6141233758394903 HTTP/1.1" 200 42795 "http://192.168.60.79/manager-page/home-1.php" "Mozilla/5.0 (Windows NT 10.0; Win64; x64) AppleWebKit/537.36 (KHTML, like Gecko) Chrome/136.0.0.0 Safari/537.36 Edg/136.0.0.0"
172.16.36.181 - - [28/May/2025:11:08:42 +0800] "GET /manager-page/api/snapshot.php?id=12&t=0.07831436883873277 HTTP/1.1" 200 47125 "http://192.168.60.79/manager-page/home-1.php" "Mozilla/5.0 (Windows NT 10.0; Win64; x64) AppleWebKit/537.36 (KHTML, like Gecko) Chrome/136.0.0.0 Safari/537.36 Edg/136.0.0.0"
172.16.36.181 - - [28/May/2025:11:08:47 +0800] "GET /manager-page/api/snapshot.php?id=11&t=0.6936422850296216 HTTP/1.1" 200 42680 "http://192.168.60.79/manager-page/home-1.php" "Mozilla/5.0 (Windows NT 10.0; Win64; x64) AppleWebKit/537.36 (KHTML, like Gecko) Chrome/136.0.0.0 Safari/537.36 Edg/136.0.0.0"
172.16.36.181 - - [28/May/2025:11:08:47 +0800] "GET /manager-page/api/snapshot.php?id=12&t=0.6738742632400628 HTTP/1.1" 200 47010 "http://192.168.60.79/manager-page/home-1.php" "Mozilla/5.0 (Windows NT 10.0; Win64; x64) AppleWebKit/537.36 (KHTML, like Gecko) Chrome/136.0.0.0 Safari/537.36 Edg/136.0.0.0"
172.16.36.181 - - [28/May/2025:11:08:52 +0800] "GET /manager-page/api/snapshot.php?id=12&t=0.9191870974523759 HTTP/1.1" 200 47245 "http://192.168.60.79/manager-page/home-1.php" "Mozilla/5.0 (Windows NT 10.0; Win64; x64) AppleWebKit/537.36 (KHTML, like Gecko) Chrome/136.0.0.0 Safari/537.36 Edg/136.0.0.0"
172.16.36.181 - - [28/May/2025:11:08:52 +0800] "GET /manager-page/api/snapshot.php?id=11&t=0.48034589360474944 HTTP/1.1" 200 42789 "http://192.168.60.79/manager-page/home-1.php" "Mozilla/5.0 (Windows NT 10.0; Win64; x64) AppleWebKit/537.36 (KHTML, like Gecko) Chrome/136.0.0.0 Safari/537.36 Edg/136.0.0.0"
172.16.36.181 - - [28/May/2025:11:08:57 +0800] "GET /manager-page/api/snapshot.php?id=11&t=0.5732189430966083 HTTP/1.1" 200 42848 "http://192.168.60.79/manager-page/home-1.php" "Mozilla/5.0 (Windows NT 10.0; Win64; x64) AppleWebKit/537.36 (KHTML, like Gecko) Chrome/136.0.0.0 Safari/537.36 Edg/136.0.0.0"
172.16.36.181 - - [28/May/2025:11:08:57 +0800] "GET /manager-page/api/snapshot.php?id=12&t=0.3818611019236795 HTTP/1.1" 200 47023 "http://192.168.60.79/manager-page/home-1.php" "Mozilla/5.0 (Windows NT 10.0; Win64; x64) AppleWebKit/537.36 (KHTML, like Gecko) Chrome/136.0.0.0 Safari/537.36 Edg/136.0.0.0"
127.0.0.1 - - [28/May/2025:11:09:00 +0800] "GET /robot/alarm-history-in.php HTTP/1.1" 200 - "-" "python-requests/2.28.1"
172.16.36.181 - - [28/May/2025:11:09:02 +0800] "GET /manager-page/api/snapshot.php?id=12&t=0.3498848953860024 HTTP/1.1" 200 47029 "http://192.168.60.79/manager-page/home-1.php" "Mozilla/5.0 (Windows NT 10.0; Win64; x64) AppleWebKit/537.36 (KHTML, like Gecko) Chrome/136.0.0.0 Safari/537.36 Edg/136.0.0.0"
172.16.36.181 - - [28/May/2025:11:09:02 +0800] "GET /manager-page/api/snapshot.php?id=11&t=0.01497780562602058 HTTP/1.1" 200 42829 "http://192.168.60.79/manager-page/home-1.php" "Mozilla/5.0 (Windows NT 10.0; Win64; x64) AppleWebKit/537.36 (KHTML, like Gecko) Chrome/136.0.0.0 Safari/537.36 Edg/136.0.0.0"
172.16.36.181 - - [28/May/2025:11:09:07 +0800] "GET /manager-page/api/snapshot.php?id=12&t=0.8557626589240231 HTTP/1.1" 200 47038 "http://192.168.60.79/manager-page/home-1.php" "Mozilla/5.0 (Windows NT 10.0; Win64; x64) AppleWebKit/537.36 (KHTML, like Gecko) Chrome/136.0.0.0 Safari/537.36 Edg/136.0.0.0"
172.16.36.181 - - [28/May/2025:11:09:07 +0800] "GET /manager-page/api/snapshot.php?id=11&t=0.9925939610058514 HTTP/1.1" 200 42859 "http://192.168.60.79/manager-page/home-1.php" "Mozilla/5.0 (Windows NT 10.0; Win64; x64) AppleWebKit/537.36 (KHTML, like Gecko) Chrome/136.0.0.0 Safari/537.36 Edg/136.0.0.0"
172.16.36.181 - - [28/May/2025:11:09:12 +0800] "GET /manager-page/api/snapshot.php?id=12&t=0.17833589058908195 HTTP/1.1" 200 47016 "http://192.168.60.79/manager-page/home-1.php" "Mozilla/5.0 (Windows NT 10.0; Win64; x64) AppleWebKit/537.36 (KHTML, like Gecko) Chrome/136.0.0.0 Safari/537.36 Edg/136.0.0.0"
172.16.36.181 - - [28/May/2025:11:09:12 +0800] "GET /manager-page/api/snapshot.php?id=11&t=0.08716502196603948 HTTP/1.1" 200 42818 "http://192.168.60.79/manager-page/home-1.php" "Mozilla/5.0 (Windows NT 10.0; Win64; x64) AppleWebKit/537.36 (KHTML, like Gecko) Chrome/136.0.0.0 Safari/537.36 Edg/136.0.0.0"
172.16.36.181 - - [28/May/2025:11:09:17 +0800] "GET /manager-page/api/snapshot.php?id=11&t=0.06852342676896228 HTTP/1.1" 200 42823 "http://192.168.60.79/manager-page/home-1.php" "Mozilla/5.0 (Windows NT 10.0; Win64; x64) AppleWebKit/537.36 (KHTML, like Gecko) Chrome/136.0.0.0 Safari/537.36 Edg/136.0.0.0"
172.16.36.181 - - [28/May/2025:11:09:17 +0800] "GET /manager-page/api/snapshot.php?id=12&t=0.96624693808235 HTTP/1.1" 200 47022 "http://192.168.60.79/manager-page/home-1.php" "Mozilla/5.0 (Windows NT 10.0; Win64; x64) AppleWebKit/537.36 (KHTML, like Gecko) Chrome/136.0.0.0 Safari/537.36 Edg/136.0.0.0"
172.16.36.181 - - [28/May/2025:11:09:22 +0800] "GET /manager-page/api/snapshot.php?id=11&t=0.06785738074972492 HTTP/1.1" 200 42825 "http://192.168.60.79/manager-page/home-1.php" "Mozilla/5.0 (Windows NT 10.0; Win64; x64) AppleWebKit/537.36 (KHTML, like Gecko) Chrome/136.0.0.0 Safari/537.36 Edg/136.0.0.0"
172.16.36.181 - - [28/May/2025:11:09:22 +0800] "GET /manager-page/api/snapshot.php?id=12&t=0.5567205438885855 HTTP/1.1" 200 47051 "http://192.168.60.79/manager-page/home-1.php" "Mozilla/5.0 (Windows NT 10.0; Win64; x64) AppleWebKit/537.36 (KHTML, like Gecko) Chrome/136.0.0.0 Safari/537.36 Edg/136.0.0.0"
172.16.36.181 - - [28/May/2025:11:09:27 +0800] "GET /manager-page/api/snapshot.php?id=11&t=0.3153809082698972 HTTP/1.1" 200 42862 "http://192.168.60.79/manager-page/home-1.php" "Mozilla/5.0 (Windows NT 10.0; Win64; x64) AppleWebKit/537.36 (KHTML, like Gecko) Chrome/136.0.0.0 Safari/537.36 Edg/136.0.0.0"
172.16.36.181 - - [28/May/2025:11:09:27 +0800] "GET /manager-page/api/snapshot.php?id=12&t=0.632195651498568 HTTP/1.1" 200 47064 "http://192.168.60.79/manager-page/home-1.php" "Mozilla/5.0 (Windows NT 10.0; Win64; x64) AppleWebKit/537.36 (KHTML, like Gecko) Chrome/136.0.0.0 Safari/537.36 Edg/136.0.0.0"
172.16.36.181 - - [28/May/2025:11:09:32 +0800] "GET /manager-page/api/snapshot.php?id=12&t=0.8733240566712346 HTTP/1.1" 200 47157 "http://192.168.60.79/manager-page/home-1.php" "Mozilla/5.0 (Windows NT 10.0; Win64; x64) AppleWebKit/537.36 (KHTML, like Gecko) Chrome/136.0.0.0 Safari/537.36 Edg/136.0.0.0"
172.16.36.181 - - [28/May/2025:11:09:32 +0800] "GET /manager-page/api/snapshot.php?id=11&t=0.3334732820324483 HTTP/1.1" 200 42928 "http://192.168.60.79/manager-page/home-1.php" "Mozilla/5.0 (Windows NT 10.0; Win64; x64) AppleWebKit/537.36 (KHTML, like Gecko) Chrome/136.0.0.0 Safari/537.36 Edg/136.0.0.0"
172.16.36.181 - - [28/May/2025:11:09:37 +0800] "GET /manager-page/api/snapshot.php?id=11&t=0.453050491036178 HTTP/1.1" 200 42965 "http://192.168.60.79/manager-page/home-1.php" "Mozilla/5.0 (Windows NT 10.0; Win64; x64) AppleWebKit/537.36 (KHTML, like Gecko) Chrome/136.0.0.0 Safari/537.36 Edg/136.0.0.0"
172.16.36.181 - - [28/May/2025:11:09:37 +0800] "GET /manager-page/api/snapshot.php?id=12&t=0.19252879783915022 HTTP/1.1" 200 47676 "http://192.168.60.79/manager-page/home-1.php" "Mozilla/5.0 (Windows NT 10.0; Win64; x64) AppleWebKit/537.36 (KHTML, like Gecko) Chrome/136.0.0.0 Safari/537.36 Edg/136.0.0.0"
172.16.36.181 - - [28/May/2025:11:09:42 +0800] "GET /manager-page/api/snapshot.php?id=11&t=0.7467954147711452 HTTP/1.1" 200 44576 "http://192.168.60.79/manager-page/home-1.php" "Mozilla/5.0 (Windows NT 10.0; Win64; x64) AppleWebKit/537.36 (KHTML, like Gecko) Chrome/136.0.0.0 Safari/537.36 Edg/136.0.0.0"
172.16.36.181 - - [28/May/2025:11:09:42 +0800] "GET /manager-page/api/snapshot.php?id=12&t=0.14056797958697953 HTTP/1.1" 200 47122 "http://192.168.60.79/manager-page/home-1.php" "Mozilla/5.0 (Windows NT 10.0; Win64; x64) AppleWebKit/537.36 (KHTML, like Gecko) Chrome/136.0.0.0 Safari/537.36 Edg/136.0.0.0"
172.16.36.181 - - [28/May/2025:11:09:47 +0800] "GET /manager-page/api/snapshot.php?id=12&t=0.5122015588119417 HTTP/1.1" 200 47107 "http://192.168.60.79/manager-page/home-1.php" "Mozilla/5.0 (Windows NT 10.0; Win64; x64) AppleWebKit/537.36 (KHTML, like Gecko) Chrome/136.0.0.0 Safari/537.36 Edg/136.0.0.0"
172.16.36.181 - - [28/May/2025:11:09:47 +0800] "GET /manager-page/api/snapshot.php?id=11&t=0.7222436835090813 HTTP/1.1" 200 42921 "http://192.168.60.79/manager-page/home-1.php" "Mozilla/5.0 (Windows NT 10.0; Win64; x64) AppleWebKit/537.36 (KHTML, like Gecko) Chrome/136.0.0.0 Safari/537.36 Edg/136.0.0.0"
172.16.36.181 - - [28/May/2025:11:09:52 +0800] "GET /manager-page/api/snapshot.php?id=12&t=0.267699216392454 HTTP/1.1" 200 47083 "http://192.168.60.79/manager-page/home-1.php" "Mozilla/5.0 (Windows NT 10.0; Win64; x64) AppleWebKit/537.36 (KHTML, like Gecko) Chrome/136.0.0.0 Safari/537.36 Edg/136.0.0.0"
172.16.36.181 - - [28/May/2025:11:09:52 +0800] "GET /manager-page/api/snapshot.php?id=11&t=0.055924321368833296 HTTP/1.1" 200 42967 "http://192.168.60.79/manager-page/home-1.php" "Mozilla/5.0 (Windows NT 10.0; Win64; x64) AppleWebKit/537.36 (KHTML, like Gecko) Chrome/136.0.0.0 Safari/537.36 Edg/136.0.0.0"
111.70.30.252 - - [28/May/2025:11:09:59 +0800] "POST /robot/lora-in.php HTTP/1.1" 200 - "-" "python-requests/2.21.0"
127.0.0.1 - - [28/May/2025:11:10:00 +0800] "GET /robot/alarm-history-in.php HTTP/1.1" 200 - "-" "python-requests/2.28.1"
172.16.36.181 - - [28/May/2025:11:10:15 +0800] "GET /manager-page/api/snapshot.php?id=12&t=0.3638306756405343 HTTP/1.1" 200 47043 "http://192.168.60.79/manager-page/home-1.php" "Mozilla/5.0 (Windows NT 10.0; Win64; x64) AppleWebKit/537.36 (KHTML, like Gecko) Chrome/136.0.0.0 Safari/537.36 Edg/136.0.0.0"
172.16.36.181 - - [28/May/2025:11:10:15 +0800] "GET /manager-page/api/snapshot.php?id=11&t=0.9500672490710254 HTTP/1.1" 200 42871 "http://192.168.60.79/manager-page/home-1.php" "Mozilla/5.0 (Windows NT 10.0; Win64; x64) AppleWebKit/537.36 (KHTML, like Gecko) Chrome/136.0.0.0 Safari/537.36 Edg/136.0.0.0"
127.0.0.1 - - [28/May/2025:11:11:00 +0800] "GET /robot/alarm-history-in.php HTTP/1.1" 200 - "-" "python-requests/2.28.1"
172.16.36.181 - - [28/May/2025:11:11:15 +0800] "GET /manager-page/api/snapshot.php?id=12&t=0.2189808574583424 HTTP/1.1" 200 47081 "http://192.168.60.79/manager-page/home-1.php" "Mozilla/5.0 (Windows NT 10.0; Win64; x64) AppleWebKit/537.36 (KHTML, like Gecko) Chrome/136.0.0.0 Safari/537.36 Edg/136.0.0.0"
172.16.36.181 - - [28/May/2025:11:11:15 +0800] "GET /manager-page/api/snapshot.php?id=11&t=0.9676295936321753 HTTP/1.1" 200 42945 "http://192.168.60.79/manager-page/home-1.php" "Mozilla/5.0 (Windows NT 10.0; Win64; x64) AppleWebKit/537.36 (KHTML, like Gecko) Chrome/136.0.0.0 Safari/537.36 Edg/136.0.0.0"
127.0.0.1 - - [28/May/2025:11:11:36 +0800] "GET /get-setting.json HTTP/1.1" 200 2315 "-" "python-requests/2.31.0"
127.0.0.1 - - [28/May/2025:11:11:36 +0800] "POST /robot/lora-in.php HTTP/1.1" 200 - "-" "python-requests/2.31.0"
127.0.0.1 - - [28/May/2025:11:11:43 +0800] "POST /robot/lora-in.php HTTP/1.1" 200 - "-" "python-requests/2.31.0"
127.0.0.1 - - [28/May/2025:11:11:47 +0800] "POST /robot/lora-in.php HTTP/1.1" 200 - "-" "python-requests/2.31.0"
127.0.0.1 - - [28/May/2025:11:12:00 +0800] "GET /robot/alarm-history-in.php HTTP/1.1" 200 - "-" "python-requests/2.28.1"
127.0.0.1 - - [28/May/2025:11:12:01 +0800] "POST /robot/lora-in.php HTTP/1.1" 200 - "-" "python-requests/2.31.0"
127.0.0.1 - - [28/May/2025:11:12:08 +0800] "POST /robot/lora-in.php HTTP/1.1" 200 - "-" "python-requests/2.31.0"
172.16.36.181 - - [28/May/2025:11:12:15 +0800] "GET /manager-page/api/snapshot.php?id=12&t=0.2570585064109653 HTTP/1.1" 200 47146 "http://192.168.60.79/manager-page/home-1.php" "Mozilla/5.0 (Windows NT 10.0; Win64; x64) AppleWebKit/537.36 (KHTML, like Gecko) Chrome/136.0.0.0 Safari/537.36 Edg/136.0.0.0"
172.16.36.181 - - [28/May/2025:11:12:15 +0800] "GET /manager-page/api/snapshot.php?id=11&t=0.44862899062091255 HTTP/1.1" 200 43037 "http://192.168.60.79/manager-page/home-1.php" "Mozilla/5.0 (Windows NT 10.0; Win64; x64) AppleWebKit/537.36 (KHTML, like Gecko) Chrome/136.0.0.0 Safari/537.36 Edg/136.0.0.0"
127.0.0.1 - - [28/May/2025:11:12:18 +0800] "POST /robot/lora-in.php HTTP/1.1" 200 - "-" "python-requests/2.31.0"
127.0.0.1 - - [28/May/2025:11:12:27 +0800] "POST /robot/lora-in.php HTTP/1.1" 200 - "-" "python-requests/2.31.0"
127.0.0.1 - - [28/May/2025:11:12:37 +0800] "POST /robot/et-7026-in.php HTTP/1.1" 200 - "-" "python-requests/2.32.2"
127.0.0.1 - - [28/May/2025:11:12:49 +0800] "POST /robot/et-7026-in.php HTTP/1.1" 200 - "-" "python-requests/2.32.2"
127.0.0.1 - - [28/May/2025:11:13:00 +0800] "GET /robot/alarm-history-in.php HTTP/1.1" 200 - "-" "python-requests/2.28.1"
172.16.36.181 - - [28/May/2025:11:13:15 +0800] "GET /manager-page/api/snapshot.php?id=11&t=0.7687950096304312 HTTP/1.1" 200 43043 "http://192.168.60.79/manager-page/home-1.php" "Mozilla/5.0 (Windows NT 10.0; Win64; x64) AppleWebKit/537.36 (KHTML, like Gecko) Chrome/136.0.0.0 Safari/537.36 Edg/136.0.0.0"
172.16.36.181 - - [28/May/2025:11:13:15 +0800] "GET /manager-page/api/snapshot.php?id=12&t=0.7983043535437548 HTTP/1.1" 200 47053 "http://192.168.60.79/manager-page/home-1.php" "Mozilla/5.0 (Windows NT 10.0; Win64; x64) AppleWebKit/537.36 (KHTML, like Gecko) Chrome/136.0.0.0 Safari/537.36 Edg/136.0.0.0"
127.0.0.1 - - [28/May/2025:11:13:29 +0800] "POST /robot/et-7026-in.php HTTP/1.1" 200 - "-" "python-requests/2.32.2"
127.0.0.1 - - [28/May/2025:11:14:00 +0800] "GET /robot/alarm-history-in.php HTTP/1.1" 200 - "-" "python-requests/2.28.1"
111.70.30.251 - - [28/May/2025:11:14:09 +0800] "POST /robot/lora-in.php HTTP/1.1" 200 - "-" "python-requests/2.21.0"
111.70.30.253 - - [28/May/2025:11:14:13 +0800] "POST /robot/lora-in.php HTTP/1.1" 200 - "-" "python-requests/2.21.0"
172.16.36.181 - - [28/May/2025:11:14:15 +0800] "GET /manager-page/api/snapshot.php?id=11&t=0.7566956026218646 HTTP/1.1" 200 43006 "http://192.168.60.79/manager-page/home-1.php" "Mozilla/5.0 (Windows NT 10.0; Win64; x64) AppleWebKit/537.36 (KHTML, like Gecko) Chrome/136.0.0.0 Safari/537.36 Edg/136.0.0.0"
172.16.36.181 - - [28/May/2025:11:14:15 +0800] "GET /manager-page/api/snapshot.php?id=12&t=0.20466342268575277 HTTP/1.1" 200 46999 "http://192.168.60.79/manager-page/home-1.php" "Mozilla/5.0 (Windows NT 10.0; Win64; x64) AppleWebKit/537.36 (KHTML, like Gecko) Chrome/136.0.0.0 Safari/537.36 Edg/136.0.0.0"
127.0.0.1 - - [28/May/2025:11:15:00 +0800] "GET /robot/alarm-history-in.php HTTP/1.1" 200 - "-" "python-requests/2.28.1"
172.16.36.181 - - [28/May/2025:11:15:15 +0800] "GET /manager-page/api/snapshot.php?id=11&t=0.4307642707516677 HTTP/1.1" 200 42939 "http://192.168.60.79/manager-page/home-1.php" "Mozilla/5.0 (Windows NT 10.0; Win64; x64) AppleWebKit/537.36 (KHTML, like Gecko) Chrome/136.0.0.0 Safari/537.36 Edg/136.0.0.0"
