127.0.0.1 - - [29/Jul/2025:08:53:03 +0800] "GET /manager-page/api/snapshot.php?id=11&t=0.13928992353364356 HTTP/1.1" 500 - "http://127.0.0.1/manager-page/home-1.php" "Mozilla/5.0 (Windows NT 10.0; Win64; x64) AppleWebKit/537.36 (KHTML, like Gecko) Chrome/119.0.0.0 Safari/537.36"
111.70.30.250 - - [29/Jul/2025:08:53:43 +0800] "POST /robot/lora-in.php HTTP/1.1" 200 - "-" "python-requests/2.21.0"
172.16.36.181 - - [29/Jul/2025:08:53:52 +0800] "GET /manager-page/alarm/1-2.jpg?t=779227654 HTTP/1.1" 200 495492 "http://192.168.60.79/manager-page/home-1.php" "Mozilla/5.0 (Windows NT 10.0; Win64; x64) AppleWebKit/537.36 (KHTML, like Gecko) Chrome/138.0.0.0 Safari/537.36 Edg/138.0.0.0"
172.16.36.181 - - [29/Jul/2025:08:53:52 +0800] "GET /manager-page/alarm/1-1.jpg?t=744678122 HTTP/1.1" 200 322868 "http://192.168.60.79/manager-page/home-1.php" "Mozilla/5.0 (Windows NT 10.0; Win64; x64) AppleWebKit/537.36 (KHTML, like Gecko) Chrome/138.0.0.0 Safari/537.36 Edg/138.0.0.0"
172.16.36.181 - - [29/Jul/2025:08:52:55 +0800] "GET /manager-page/home-1.php HTTP/1.1" 200 27473 "http://192.168.60.79/manager-page/login.php" "Mozilla/5.0 (Windows NT 10.0; Win64; x64) AppleWebKit/537.36 (KHTML, like Gecko) Chrome/138.0.0.0 Safari/537.36 Edg/138.0.0.0"
172.16.36.181 - - [29/Jul/2025:08:53:52 +0800] "GET /manager-page/api/snapshot.php?id=11 HTTP/1.1" 200 43413 "http://192.168.60.79/manager-page/home-1.php" "Mozilla/5.0 (Windows NT 10.0; Win64; x64) AppleWebKit/537.36 (KHTML, like Gecko) Chrome/138.0.0.0 Safari/537.36 Edg/138.0.0.0"
172.16.36.181 - - [29/Jul/2025:08:53:52 +0800] "GET /manager-page/api/snapshot.php?id=12 HTTP/1.1" 200 40910 "http://192.168.60.79/manager-page/home-1.php" "Mozilla/5.0 (Windows NT 10.0; Win64; x64) AppleWebKit/537.36 (KHTML, like Gecko) Chrome/138.0.0.0 Safari/537.36 Edg/138.0.0.0"
172.16.36.181 - - [29/Jul/2025:08:53:56 +0800] "GET /manager-page/api/cms-status1.php HTTP/1.1" 200 12 "http://192.168.60.79/manager-page/home-1.php" "Mozilla/5.0 (Windows NT 10.0; Win64; x64) AppleWebKit/537.36 (KHTML, like Gecko) Chrome/138.0.0.0 Safari/537.36 Edg/138.0.0.0"
172.16.36.181 - - [29/Jul/2025:08:53:56 +0800] "GET /manager-page/api/lp-status1.php HTTP/1.1" 200 1 "http://192.168.60.79/manager-page/home-1.php" "Mozilla/5.0 (Windows NT 10.0; Win64; x64) AppleWebKit/537.36 (KHTML, like Gecko) Chrome/138.0.0.0 Safari/537.36 Edg/138.0.0.0"
127.0.0.1 - - [29/Jul/2025:08:54:00 +0800] "GET /robot/alarm-history-in.php HTTP/1.1" 200 - "-" "python-requests/2.28.1"
172.16.36.181 - - [29/Jul/2025:08:54:01 +0800] "GET /manager-page/api/snapshot.php?id=11&t=0.36135199207111557 HTTP/1.1" 200 43355 "http://192.168.60.79/manager-page/home-1.php" "Mozilla/5.0 (Windows NT 10.0; Win64; x64) AppleWebKit/537.36 (KHTML, like Gecko) Chrome/138.0.0.0 Safari/537.36 Edg/138.0.0.0"
172.16.36.181 - - [29/Jul/2025:08:54:01 +0800] "GET /manager-page/api/snapshot.php?id=12&t=0.9736520384153907 HTTP/1.1" 200 40921 "http://192.168.60.79/manager-page/home-1.php" "Mozilla/5.0 (Windows NT 10.0; Win64; x64) AppleWebKit/537.36 (KHTML, like Gecko) Chrome/138.0.0.0 Safari/537.36 Edg/138.0.0.0"
127.0.0.1 - - [29/Jul/2025:08:54:03 +0800] "GET /manager-page/api/snapshot.php?id=11&t=0.06912698573477494 HTTP/1.1" 200 43387 "http://127.0.0.1/manager-page/home-1.php" "Mozilla/5.0 (Windows NT 10.0; Win64; x64) AppleWebKit/537.36 (KHTML, like Gecko) Chrome/119.0.0.0 Safari/537.36"
127.0.0.1 - - [29/Jul/2025:08:54:03 +0800] "GET /manager-page/api/snapshot.php?id=12&t=0.30626371610545156 HTTP/1.1" 200 40919 "http://127.0.0.1/manager-page/home-1.php" "Mozilla/5.0 (Windows NT 10.0; Win64; x64) AppleWebKit/537.36 (KHTML, like Gecko) Chrome/119.0.0.0 Safari/537.36"
172.16.36.181 - - [29/Jul/2025:08:54:06 +0800] "GET /manager-page/api/snapshot.php?id=11&t=0.12560648000953167 HTTP/1.1" 200 43560 "http://192.168.60.79/manager-page/home-1.php" "Mozilla/5.0 (Windows NT 10.0; Win64; x64) AppleWebKit/537.36 (KHTML, like Gecko) Chrome/138.0.0.0 Safari/537.36 Edg/138.0.0.0"
172.16.36.181 - - [29/Jul/2025:08:54:06 +0800] "GET /manager-page/api/snapshot.php?id=12&t=0.37355166989348865 HTTP/1.1" 200 40886 "http://192.168.60.79/manager-page/home-1.php" "Mozilla/5.0 (Windows NT 10.0; Win64; x64) AppleWebKit/537.36 (KHTML, like Gecko) Chrome/138.0.0.0 Safari/537.36 Edg/138.0.0.0"
172.16.36.181 - - [29/Jul/2025:08:54:11 +0800] "GET /manager-page/api/snapshot.php?id=11&t=0.09422259386415355 HTTP/1.1" 200 43491 "http://192.168.60.79/manager-page/home-1.php" "Mozilla/5.0 (Windows NT 10.0; Win64; x64) AppleWebKit/537.36 (KHTML, like Gecko) Chrome/138.0.0.0 Safari/537.36 Edg/138.0.0.0"
172.16.36.181 - - [29/Jul/2025:08:54:11 +0800] "GET /manager-page/api/snapshot.php?id=12&t=0.227298675832464 HTTP/1.1" 200 40887 "http://192.168.60.79/manager-page/home-1.php" "Mozilla/5.0 (Windows NT 10.0; Win64; x64) AppleWebKit/537.36 (KHTML, like Gecko) Chrome/138.0.0.0 Safari/537.36 Edg/138.0.0.0"
172.16.36.181 - - [29/Jul/2025:08:54:16 +0800] "GET /manager-page/api/snapshot.php?id=11&t=0.11191978982254591 HTTP/1.1" 200 43583 "http://192.168.60.79/manager-page/home-1.php" "Mozilla/5.0 (Windows NT 10.0; Win64; x64) AppleWebKit/537.36 (KHTML, like Gecko) Chrome/138.0.0.0 Safari/537.36 Edg/138.0.0.0"
172.16.36.181 - - [29/Jul/2025:08:54:16 +0800] "GET /manager-page/api/snapshot.php?id=12&t=0.21217156237625479 HTTP/1.1" 200 40919 "http://192.168.60.79/manager-page/home-1.php" "Mozilla/5.0 (Windows NT 10.0; Win64; x64) AppleWebKit/537.36 (KHTML, like Gecko) Chrome/138.0.0.0 Safari/537.36 Edg/138.0.0.0"
172.16.36.181 - - [29/Jul/2025:08:54:21 +0800] "GET /manager-page/api/snapshot.php?id=11&t=0.634136144363852 HTTP/1.1" 200 43573 "http://192.168.60.79/manager-page/home-1.php" "Mozilla/5.0 (Windows NT 10.0; Win64; x64) AppleWebKit/537.36 (KHTML, like Gecko) Chrome/138.0.0.0 Safari/537.36 Edg/138.0.0.0"
172.16.36.181 - - [29/Jul/2025:08:54:21 +0800] "GET /manager-page/api/snapshot.php?id=12&t=0.41688561381140865 HTTP/1.1" 200 40904 "http://192.168.60.79/manager-page/home-1.php" "Mozilla/5.0 (Windows NT 10.0; Win64; x64) AppleWebKit/537.36 (KHTML, like Gecko) Chrome/138.0.0.0 Safari/537.36 Edg/138.0.0.0"
172.16.36.181 - - [29/Jul/2025:08:54:26 +0800] "GET /manager-page/api/snapshot.php?id=12&t=0.5869960833268786 HTTP/1.1" 200 40955 "http://192.168.60.79/manager-page/home-1.php" "Mozilla/5.0 (Windows NT 10.0; Win64; x64) AppleWebKit/537.36 (KHTML, like Gecko) Chrome/138.0.0.0 Safari/537.36 Edg/138.0.0.0"
172.16.36.181 - - [29/Jul/2025:08:54:26 +0800] "GET /manager-page/api/snapshot.php?id=11&t=0.963352351656077 HTTP/1.1" 200 43602 "http://192.168.60.79/manager-page/home-1.php" "Mozilla/5.0 (Windows NT 10.0; Win64; x64) AppleWebKit/537.36 (KHTML, like Gecko) Chrome/138.0.0.0 Safari/537.36 Edg/138.0.0.0"
172.16.36.181 - - [29/Jul/2025:08:54:31 +0800] "GET /manager-page/api/snapshot.php?id=12&t=0.6085457617953506 HTTP/1.1" 200 40945 "http://192.168.60.79/manager-page/home-1.php" "Mozilla/5.0 (Windows NT 10.0; Win64; x64) AppleWebKit/537.36 (KHTML, like Gecko) Chrome/138.0.0.0 Safari/537.36 Edg/138.0.0.0"
172.16.36.181 - - [29/Jul/2025:08:54:31 +0800] "GET /manager-page/api/snapshot.php?id=11&t=0.8322603357156686 HTTP/1.1" 200 43564 "http://192.168.60.79/manager-page/home-1.php" "Mozilla/5.0 (Windows NT 10.0; Win64; x64) AppleWebKit/537.36 (KHTML, like Gecko) Chrome/138.0.0.0 Safari/537.36 Edg/138.0.0.0"
172.16.36.181 - - [29/Jul/2025:08:54:36 +0800] "GET /manager-page/api/snapshot.php?id=12&t=0.9946303919275545 HTTP/1.1" 200 40953 "http://192.168.60.79/manager-page/home-1.php" "Mozilla/5.0 (Windows NT 10.0; Win64; x64) AppleWebKit/537.36 (KHTML, like Gecko) Chrome/138.0.0.0 Safari/537.36 Edg/138.0.0.0"
172.16.36.181 - - [29/Jul/2025:08:54:36 +0800] "GET /manager-page/api/snapshot.php?id=11&t=0.07467870313967595 HTTP/1.1" 200 43508 "http://192.168.60.79/manager-page/home-1.php" "Mozilla/5.0 (Windows NT 10.0; Win64; x64) AppleWebKit/537.36 (KHTML, like Gecko) Chrome/138.0.0.0 Safari/537.36 Edg/138.0.0.0"
111.70.30.252 - - [29/Jul/2025:08:54:38 +0800] "POST /robot/lora-in.php HTTP/1.1" 200 - "-" "python-requests/2.21.0"
172.16.36.181 - - [29/Jul/2025:08:54:41 +0800] "GET /manager-page/api/snapshot.php?id=12&t=0.9196468003956995 HTTP/1.1" 200 41003 "http://192.168.60.79/manager-page/home-1.php" "Mozilla/5.0 (Windows NT 10.0; Win64; x64) AppleWebKit/537.36 (KHTML, like Gecko) Chrome/138.0.0.0 Safari/537.36 Edg/138.0.0.0"
172.16.36.181 - - [29/Jul/2025:08:54:41 +0800] "GET /manager-page/api/snapshot.php?id=11&t=0.5781992048625161 HTTP/1.1" 200 44432 "http://192.168.60.79/manager-page/home-1.php" "Mozilla/5.0 (Windows NT 10.0; Win64; x64) AppleWebKit/537.36 (KHTML, like Gecko) Chrome/138.0.0.0 Safari/537.36 Edg/138.0.0.0"
172.16.36.181 - - [29/Jul/2025:08:54:46 +0800] "GET /manager-page/api/snapshot.php?id=11&t=0.06953268435244286 HTTP/1.1" 200 43707 "http://192.168.60.79/manager-page/home-1.php" "Mozilla/5.0 (Windows NT 10.0; Win64; x64) AppleWebKit/537.36 (KHTML, like Gecko) Chrome/138.0.0.0 Safari/537.36 Edg/138.0.0.0"
172.16.36.181 - - [29/Jul/2025:08:54:46 +0800] "GET /manager-page/api/snapshot.php?id=12&t=0.8337311967298492 HTTP/1.1" 200 41141 "http://192.168.60.79/manager-page/home-1.php" "Mozilla/5.0 (Windows NT 10.0; Win64; x64) AppleWebKit/537.36 (KHTML, like Gecko) Chrome/138.0.0.0 Safari/537.36 Edg/138.0.0.0"
172.16.36.181 - - [29/Jul/2025:08:54:51 +0800] "GET /manager-page/api/snapshot.php?id=12&t=0.6642927794336707 HTTP/1.1" 200 41749 "http://192.168.60.79/manager-page/home-1.php" "Mozilla/5.0 (Windows NT 10.0; Win64; x64) AppleWebKit/537.36 (KHTML, like Gecko) Chrome/138.0.0.0 Safari/537.36 Edg/138.0.0.0"
172.16.36.181 - - [29/Jul/2025:08:54:51 +0800] "GET /manager-page/api/snapshot.php?id=11&t=0.7741858971183069 HTTP/1.1" 200 43981 "http://192.168.60.79/manager-page/home-1.php" "Mozilla/5.0 (Windows NT 10.0; Win64; x64) AppleWebKit/537.36 (KHTML, like Gecko) Chrome/138.0.0.0 Safari/537.36 Edg/138.0.0.0"
172.16.36.181 - - [29/Jul/2025:08:54:56 +0800] "GET /manager-page/api/snapshot.php?id=11&t=0.8228764229391617 HTTP/1.1" 200 43774 "http://192.168.60.79/manager-page/home-1.php" "Mozilla/5.0 (Windows NT 10.0; Win64; x64) AppleWebKit/537.36 (KHTML, like Gecko) Chrome/138.0.0.0 Safari/537.36 Edg/138.0.0.0"
172.16.36.181 - - [29/Jul/2025:08:54:56 +0800] "GET /manager-page/api/snapshot.php?id=12&t=0.4128707726900578 HTTP/1.1" 200 41068 "http://192.168.60.79/manager-page/home-1.php" "Mozilla/5.0 (Windows NT 10.0; Win64; x64) AppleWebKit/537.36 (KHTML, like Gecko) Chrome/138.0.0.0 Safari/537.36 Edg/138.0.0.0"
127.0.0.1 - - [29/Jul/2025:08:55:00 +0800] "GET /robot/alarm-history-in.php HTTP/1.1" 200 - "-" "python-requests/2.28.1"
172.16.36.181 - - [29/Jul/2025:08:55:01 +0800] "GET /manager-page/api/snapshot.php?id=11&t=0.6925288486821647 HTTP/1.1" 200 45846 "http://192.168.60.79/manager-page/home-1.php" "Mozilla/5.0 (Windows NT 10.0; Win64; x64) AppleWebKit/537.36 (KHTML, like Gecko) Chrome/138.0.0.0 Safari/537.36 Edg/138.0.0.0"
172.16.36.181 - - [29/Jul/2025:08:55:01 +0800] "GET /manager-page/api/snapshot.php?id=12&t=0.3571524040713667 HTTP/1.1" 200 40977 "http://192.168.60.79/manager-page/home-1.php" "Mozilla/5.0 (Windows NT 10.0; Win64; x64) AppleWebKit/537.36 (KHTML, like Gecko) Chrome/138.0.0.0 Safari/537.36 Edg/138.0.0.0"
127.0.0.1 - - [29/Jul/2025:08:55:03 +0800] "GET /manager-page/api/snapshot.php?id=12&t=0.14817004424011437 HTTP/1.1" 200 40881 "http://127.0.0.1/manager-page/home-1.php" "Mozilla/5.0 (Windows NT 10.0; Win64; x64) AppleWebKit/537.36 (KHTML, like Gecko) Chrome/119.0.0.0 Safari/537.36"
127.0.0.1 - - [29/Jul/2025:08:55:03 +0800] "GET /manager-page/api/snapshot.php?id=11&t=0.0025649515395513856 HTTP/1.1" 200 43718 "http://127.0.0.1/manager-page/home-1.php" "Mozilla/5.0 (Windows NT 10.0; Win64; x64) AppleWebKit/537.36 (KHTML, like Gecko) Chrome/119.0.0.0 Safari/537.36"
172.16.36.181 - - [29/Jul/2025:08:55:06 +0800] "GET /manager-page/api/snapshot.php?id=12&t=0.3191284631962792 HTTP/1.1" 200 40886 "http://192.168.60.79/manager-page/home-1.php" "Mozilla/5.0 (Windows NT 10.0; Win64; x64) AppleWebKit/537.36 (KHTML, like Gecko) Chrome/138.0.0.0 Safari/537.36 Edg/138.0.0.0"
172.16.36.181 - - [29/Jul/2025:08:55:06 +0800] "GET /manager-page/api/snapshot.php?id=11&t=0.6193713492988236 HTTP/1.1" 200 43706 "http://192.168.60.79/manager-page/home-1.php" "Mozilla/5.0 (Windows NT 10.0; Win64; x64) AppleWebKit/537.36 (KHTML, like Gecko) Chrome/138.0.0.0 Safari/537.36 Edg/138.0.0.0"
172.16.36.181 - - [29/Jul/2025:08:55:11 +0800] "GET /manager-page/api/snapshot.php?id=11&t=0.5534040045876963 HTTP/1.1" 200 43676 "http://192.168.60.79/manager-page/home-1.php" "Mozilla/5.0 (Windows NT 10.0; Win64; x64) AppleWebKit/537.36 (KHTML, like Gecko) Chrome/138.0.0.0 Safari/537.36 Edg/138.0.0.0"
172.16.36.181 - - [29/Jul/2025:08:55:11 +0800] "GET /manager-page/api/snapshot.php?id=12&t=0.09424254494965134 HTTP/1.1" 200 40900 "http://192.168.60.79/manager-page/home-1.php" "Mozilla/5.0 (Windows NT 10.0; Win64; x64) AppleWebKit/537.36 (KHTML, like Gecko) Chrome/138.0.0.0 Safari/537.36 Edg/138.0.0.0"
172.16.36.181 - - [29/Jul/2025:08:55:16 +0800] "GET /manager-page/api/snapshot.php?id=11&t=0.7357447342113489 HTTP/1.1" 200 43768 "http://192.168.60.79/manager-page/home-1.php" "Mozilla/5.0 (Windows NT 10.0; Win64; x64) AppleWebKit/537.36 (KHTML, like Gecko) Chrome/138.0.0.0 Safari/537.36 Edg/138.0.0.0"
172.16.36.181 - - [29/Jul/2025:08:55:16 +0800] "GET /manager-page/api/snapshot.php?id=12&t=0.7962205930030924 HTTP/1.1" 200 41493 "http://192.168.60.79/manager-page/home-1.php" "Mozilla/5.0 (Windows NT 10.0; Win64; x64) AppleWebKit/537.36 (KHTML, like Gecko) Chrome/138.0.0.0 Safari/537.36 Edg/138.0.0.0"
172.16.36.181 - - [29/Jul/2025:08:55:21 +0800] "GET /manager-page/api/snapshot.php?id=12&t=0.002736631431150993 HTTP/1.1" 200 41019 "http://192.168.60.79/manager-page/home-1.php" "Mozilla/5.0 (Windows NT 10.0; Win64; x64) AppleWebKit/537.36 (KHTML, like Gecko) Chrome/138.0.0.0 Safari/537.36 Edg/138.0.0.0"
172.16.36.181 - - [29/Jul/2025:08:55:21 +0800] "GET /manager-page/api/snapshot.php?id=11&t=0.2982440273433088 HTTP/1.1" 200 43744 "http://192.168.60.79/manager-page/home-1.php" "Mozilla/5.0 (Windows NT 10.0; Win64; x64) AppleWebKit/537.36 (KHTML, like Gecko) Chrome/138.0.0.0 Safari/537.36 Edg/138.0.0.0"
172.16.36.181 - - [29/Jul/2025:08:55:26 +0800] "GET /manager-page/api/snapshot.php?id=11&t=0.46505799698352823 HTTP/1.1" 200 43956 "http://192.168.60.79/manager-page/home-1.php" "Mozilla/5.0 (Windows NT 10.0; Win64; x64) AppleWebKit/537.36 (KHTML, like Gecko) Chrome/138.0.0.0 Safari/537.36 Edg/138.0.0.0"
172.16.36.181 - - [29/Jul/2025:08:55:26 +0800] "GET /manager-page/api/snapshot.php?id=12&t=0.31975104212754213 HTTP/1.1" 200 41023 "http://192.168.60.79/manager-page/home-1.php" "Mozilla/5.0 (Windows NT 10.0; Win64; x64) AppleWebKit/537.36 (KHTML, like Gecko) Chrome/138.0.0.0 Safari/537.36 Edg/138.0.0.0"
172.16.36.181 - - [29/Jul/2025:08:55:31 +0800] "GET /manager-page/api/snapshot.php?id=12&t=0.3191252623309687 HTTP/1.1" 200 40974 "http://192.168.60.79/manager-page/home-1.php" "Mozilla/5.0 (Windows NT 10.0; Win64; x64) AppleWebKit/537.36 (KHTML, like Gecko) Chrome/138.0.0.0 Safari/537.36 Edg/138.0.0.0"
172.16.36.181 - - [29/Jul/2025:08:55:31 +0800] "GET /manager-page/api/snapshot.php?id=11&t=0.7301871311949987 HTTP/1.1" 200 44395 "http://192.168.60.79/manager-page/home-1.php" "Mozilla/5.0 (Windows NT 10.0; Win64; x64) AppleWebKit/537.36 (KHTML, like Gecko) Chrome/138.0.0.0 Safari/537.36 Edg/138.0.0.0"
127.0.0.1 - - [29/Jul/2025:08:55:33 +0800] "POST /robot/et-7026-in.php HTTP/1.1" 200 - "-" "python-requests/2.32.2"
172.16.36.181 - - [29/Jul/2025:08:55:36 +0800] "GET /manager-page/api/snapshot.php?id=11&t=0.24194584353226634 HTTP/1.1" 200 44622 "http://192.168.60.79/manager-page/home-1.php" "Mozilla/5.0 (Windows NT 10.0; Win64; x64) AppleWebKit/537.36 (KHTML, like Gecko) Chrome/138.0.0.0 Safari/537.36 Edg/138.0.0.0"
172.16.36.181 - - [29/Jul/2025:08:55:36 +0800] "GET /manager-page/api/snapshot.php?id=12&t=0.7412574074717592 HTTP/1.1" 200 41065 "http://192.168.60.79/manager-page/home-1.php" "Mozilla/5.0 (Windows NT 10.0; Win64; x64) AppleWebKit/537.36 (KHTML, like Gecko) Chrome/138.0.0.0 Safari/537.36 Edg/138.0.0.0"
172.16.36.181 - - [29/Jul/2025:08:55:41 +0800] "GET /manager-page/api/snapshot.php?id=12&t=0.8596554786757047 HTTP/1.1" 200 40863 "http://192.168.60.79/manager-page/home-1.php" "Mozilla/5.0 (Windows NT 10.0; Win64; x64) AppleWebKit/537.36 (KHTML, like Gecko) Chrome/138.0.0.0 Safari/537.36 Edg/138.0.0.0"
172.16.36.181 - - [29/Jul/2025:08:55:41 +0800] "GET /manager-page/api/snapshot.php?id=11&t=0.6975068090190203 HTTP/1.1" 200 43750 "http://192.168.60.79/manager-page/home-1.php" "Mozilla/5.0 (Windows NT 10.0; Win64; x64) AppleWebKit/537.36 (KHTML, like Gecko) Chrome/138.0.0.0 Safari/537.36 Edg/138.0.0.0"
172.16.36.181 - - [29/Jul/2025:08:55:46 +0800] "GET /manager-page/api/snapshot.php?id=11&t=0.7015946940631252 HTTP/1.1" 200 43740 "http://192.168.60.79/manager-page/home-1.php" "Mozilla/5.0 (Windows NT 10.0; Win64; x64) AppleWebKit/537.36 (KHTML, like Gecko) Chrome/138.0.0.0 Safari/537.36 Edg/138.0.0.0"
172.16.36.181 - - [29/Jul/2025:08:55:46 +0800] "GET /manager-page/api/snapshot.php?id=12&t=0.1864227355409117 HTTP/1.1" 200 40802 "http://192.168.60.79/manager-page/home-1.php" "Mozilla/5.0 (Windows NT 10.0; Win64; x64) AppleWebKit/537.36 (KHTML, like Gecko) Chrome/138.0.0.0 Safari/537.36 Edg/138.0.0.0"
172.16.36.181 - - [29/Jul/2025:08:55:51 +0800] "GET /manager-page/api/snapshot.php?id=11&t=0.2795802185720261 HTTP/1.1" 200 43714 "http://192.168.60.79/manager-page/home-1.php" "Mozilla/5.0 (Windows NT 10.0; Win64; x64) AppleWebKit/537.36 (KHTML, like Gecko) Chrome/138.0.0.0 Safari/537.36 Edg/138.0.0.0"
172.16.36.181 - - [29/Jul/2025:08:55:51 +0800] "GET /manager-page/api/snapshot.php?id=12&t=0.4841206165812585 HTTP/1.1" 200 40812 "http://192.168.60.79/manager-page/home-1.php" "Mozilla/5.0 (Windows NT 10.0; Win64; x64) AppleWebKit/537.36 (KHTML, like Gecko) Chrome/138.0.0.0 Safari/537.36 Edg/138.0.0.0"
172.16.36.181 - - [29/Jul/2025:08:55:56 +0800] "GET /manager-page/api/snapshot.php?id=11&t=0.46896019784638 HTTP/1.1" 200 43772 "http://192.168.60.79/manager-page/home-1.php" "Mozilla/5.0 (Windows NT 10.0; Win64; x64) AppleWebKit/537.36 (KHTML, like Gecko) Chrome/138.0.0.0 Safari/537.36 Edg/138.0.0.0"
172.16.36.181 - - [29/Jul/2025:08:55:56 +0800] "GET /manager-page/api/snapshot.php?id=12&t=0.848830324914864 HTTP/1.1" 200 40790 "http://192.168.60.79/manager-page/home-1.php" "Mozilla/5.0 (Windows NT 10.0; Win64; x64) AppleWebKit/537.36 (KHTML, like Gecko) Chrome/138.0.0.0 Safari/537.36 Edg/138.0.0.0"
127.0.0.1 - - [29/Jul/2025:08:56:00 +0800] "GET /robot/alarm-history-in.php HTTP/1.1" 200 - "-" "python-requests/2.28.1"
172.16.36.181 - - [29/Jul/2025:08:56:01 +0800] "GET /manager-page/api/snapshot.php?id=11&t=0.8848941641791382 HTTP/1.1" 200 43668 "http://192.168.60.79/manager-page/home-1.php" "Mozilla/5.0 (Windows NT 10.0; Win64; x64) AppleWebKit/537.36 (KHTML, like Gecko) Chrome/138.0.0.0 Safari/537.36 Edg/138.0.0.0"
172.16.36.181 - - [29/Jul/2025:08:56:01 +0800] "GET /manager-page/api/snapshot.php?id=12&t=0.4331797757774769 HTTP/1.1" 200 40763 "http://192.168.60.79/manager-page/home-1.php" "Mozilla/5.0 (Windows NT 10.0; Win64; x64) AppleWebKit/537.36 (KHTML, like Gecko) Chrome/138.0.0.0 Safari/537.36 Edg/138.0.0.0"
127.0.0.1 - - [29/Jul/2025:08:56:03 +0800] "GET /manager-page/api/snapshot.php?id=11&t=0.6167022849663346 HTTP/1.1" 200 43666 "http://127.0.0.1/manager-page/home-1.php" "Mozilla/5.0 (Windows NT 10.0; Win64; x64) AppleWebKit/537.36 (KHTML, like Gecko) Chrome/119.0.0.0 Safari/537.36"
127.0.0.1 - - [29/Jul/2025:08:56:03 +0800] "GET /manager-page/api/snapshot.php?id=12&t=0.7463108333762245 HTTP/1.1" 200 40771 "http://127.0.0.1/manager-page/home-1.php" "Mozilla/5.0 (Windows NT 10.0; Win64; x64) AppleWebKit/537.36 (KHTML, like Gecko) Chrome/119.0.0.0 Safari/537.36"
172.16.36.181 - - [29/Jul/2025:08:56:06 +0800] "GET /manager-page/api/snapshot.php?id=11&t=0.8267018049051468 HTTP/1.1" 200 43734 "http://192.168.60.79/manager-page/home-1.php" "Mozilla/5.0 (Windows NT 10.0; Win64; x64) AppleWebKit/537.36 (KHTML, like Gecko) Chrome/138.0.0.0 Safari/537.36 Edg/138.0.0.0"
172.16.36.181 - - [29/Jul/2025:08:56:06 +0800] "GET /manager-page/api/snapshot.php?id=12&t=0.42337594234486975 HTTP/1.1" 200 40597 "http://192.168.60.79/manager-page/home-1.php" "Mozilla/5.0 (Windows NT 10.0; Win64; x64) AppleWebKit/537.36 (KHTML, like Gecko) Chrome/138.0.0.0 Safari/537.36 Edg/138.0.0.0"
172.16.36.181 - - [29/Jul/2025:08:56:11 +0800] "GET /manager-page/api/snapshot.php?id=11&t=0.04413815799508958 HTTP/1.1" 200 43708 "http://192.168.60.79/manager-page/home-1.php" "Mozilla/5.0 (Windows NT 10.0; Win64; x64) AppleWebKit/537.36 (KHTML, like Gecko) Chrome/138.0.0.0 Safari/537.36 Edg/138.0.0.0"
172.16.36.181 - - [29/Jul/2025:08:56:11 +0800] "GET /manager-page/api/snapshot.php?id=12&t=0.45933450140045884 HTTP/1.1" 200 40612 "http://192.168.60.79/manager-page/home-1.php" "Mozilla/5.0 (Windows NT 10.0; Win64; x64) AppleWebKit/537.36 (KHTML, like Gecko) Chrome/138.0.0.0 Safari/537.36 Edg/138.0.0.0"
172.16.36.181 - - [29/Jul/2025:08:56:16 +0800] "GET /manager-page/api/snapshot.php?id=11&t=0.7490784829023321 HTTP/1.1" 200 43736 "http://192.168.60.79/manager-page/home-1.php" "Mozilla/5.0 (Windows NT 10.0; Win64; x64) AppleWebKit/537.36 (KHTML, like Gecko) Chrome/138.0.0.0 Safari/537.36 Edg/138.0.0.0"
172.16.36.181 - - [29/Jul/2025:08:56:16 +0800] "GET /manager-page/api/snapshot.php?id=12&t=0.027448511369252193 HTTP/1.1" 200 40612 "http://192.168.60.79/manager-page/home-1.php" "Mozilla/5.0 (Windows NT 10.0; Win64; x64) AppleWebKit/537.36 (KHTML, like Gecko) Chrome/138.0.0.0 Safari/537.36 Edg/138.0.0.0"
172.16.36.181 - - [29/Jul/2025:08:56:21 +0800] "GET /manager-page/api/snapshot.php?id=11&t=0.39390156980449653 HTTP/1.1" 200 43675 "http://192.168.60.79/manager-page/home-1.php" "Mozilla/5.0 (Windows NT 10.0; Win64; x64) AppleWebKit/537.36 (KHTML, like Gecko) Chrome/138.0.0.0 Safari/537.36 Edg/138.0.0.0"
172.16.36.181 - - [29/Jul/2025:08:56:21 +0800] "GET /manager-page/api/snapshot.php?id=12&t=0.24998502255644017 HTTP/1.1" 200 40604 "http://192.168.60.79/manager-page/home-1.php" "Mozilla/5.0 (Windows NT 10.0; Win64; x64) AppleWebKit/537.36 (KHTML, like Gecko) Chrome/138.0.0.0 Safari/537.36 Edg/138.0.0.0"
172.16.36.181 - - [29/Jul/2025:08:56:26 +0800] "GET /manager-page/api/snapshot.php?id=12&t=0.7868210777725613 HTTP/1.1" 200 40667 "http://192.168.60.79/manager-page/home-1.php" "Mozilla/5.0 (Windows NT 10.0; Win64; x64) AppleWebKit/537.36 (KHTML, like Gecko) Chrome/138.0.0.0 Safari/537.36 Edg/138.0.0.0"
172.16.36.181 - - [29/Jul/2025:08:56:26 +0800] "GET /manager-page/api/snapshot.php?id=11&t=0.37880173130671524 HTTP/1.1" 200 43913 "http://192.168.60.79/manager-page/home-1.php" "Mozilla/5.0 (Windows NT 10.0; Win64; x64) AppleWebKit/537.36 (KHTML, like Gecko) Chrome/138.0.0.0 Safari/537.36 Edg/138.0.0.0"
172.16.36.181 - - [29/Jul/2025:08:56:31 +0800] "GET /manager-page/api/snapshot.php?id=11&t=0.8894119607956071 HTTP/1.1" 200 43873 "http://192.168.60.79/manager-page/home-1.php" "Mozilla/5.0 (Windows NT 10.0; Win64; x64) AppleWebKit/537.36 (KHTML, like Gecko) Chrome/138.0.0.0 Safari/537.36 Edg/138.0.0.0"
172.16.36.181 - - [29/Jul/2025:08:56:31 +0800] "GET /manager-page/api/snapshot.php?id=12&t=0.14829028359205365 HTTP/1.1" 200 40606 "http://192.168.60.79/manager-page/home-1.php" "Mozilla/5.0 (Windows NT 10.0; Win64; x64) AppleWebKit/537.36 (KHTML, like Gecko) Chrome/138.0.0.0 Safari/537.36 Edg/138.0.0.0"
172.16.36.181 - - [29/Jul/2025:08:56:36 +0800] "GET /manager-page/api/snapshot.php?id=12&t=0.1603545029151362 HTTP/1.1" 200 40500 "http://192.168.60.79/manager-page/home-1.php" "Mozilla/5.0 (Windows NT 10.0; Win64; x64) AppleWebKit/537.36 (KHTML, like Gecko) Chrome/138.0.0.0 Safari/537.36 Edg/138.0.0.0"
172.16.36.181 - - [29/Jul/2025:08:56:36 +0800] "GET /manager-page/api/snapshot.php?id=11&t=0.32621617138714876 HTTP/1.1" 200 43654 "http://192.168.60.79/manager-page/home-1.php" "Mozilla/5.0 (Windows NT 10.0; Win64; x64) AppleWebKit/537.36 (KHTML, like Gecko) Chrome/138.0.0.0 Safari/537.36 Edg/138.0.0.0"
172.16.36.181 - - [29/Jul/2025:08:56:41 +0800] "GET /manager-page/api/snapshot.php?id=12&t=0.2594639886706822 HTTP/1.1" 200 40469 "http://192.168.60.79/manager-page/home-1.php" "Mozilla/5.0 (Windows NT 10.0; Win64; x64) AppleWebKit/537.36 (KHTML, like Gecko) Chrome/138.0.0.0 Safari/537.36 Edg/138.0.0.0"
172.16.36.181 - - [29/Jul/2025:08:56:41 +0800] "GET /manager-page/api/snapshot.php?id=11&t=0.8575894341137281 HTTP/1.1" 200 43638 "http://192.168.60.79/manager-page/home-1.php" "Mozilla/5.0 (Windows NT 10.0; Win64; x64) AppleWebKit/537.36 (KHTML, like Gecko) Chrome/138.0.0.0 Safari/537.36 Edg/138.0.0.0"
172.16.36.181 - - [29/Jul/2025:08:56:46 +0800] "GET /manager-page/api/snapshot.php?id=12&t=0.47736352806747284 HTTP/1.1" 200 40495 "http://192.168.60.79/manager-page/home-1.php" "Mozilla/5.0 (Windows NT 10.0; Win64; x64) AppleWebKit/537.36 (KHTML, like Gecko) Chrome/138.0.0.0 Safari/537.36 Edg/138.0.0.0"
172.16.36.181 - - [29/Jul/2025:08:56:46 +0800] "GET /manager-page/api/snapshot.php?id=11&t=0.7303022309563041 HTTP/1.1" 200 43672 "http://192.168.60.79/manager-page/home-1.php" "Mozilla/5.0 (Windows NT 10.0; Win64; x64) AppleWebKit/537.36 (KHTML, like Gecko) Chrome/138.0.0.0 Safari/537.36 Edg/138.0.0.0"
172.16.36.181 - - [29/Jul/2025:08:56:51 +0800] "GET /manager-page/api/snapshot.php?id=12&t=0.85102998810007 HTTP/1.1" 200 40473 "http://192.168.60.79/manager-page/home-1.php" "Mozilla/5.0 (Windows NT 10.0; Win64; x64) AppleWebKit/537.36 (KHTML, like Gecko) Chrome/138.0.0.0 Safari/537.36 Edg/138.0.0.0"
172.16.36.181 - - [29/Jul/2025:08:56:51 +0800] "GET /manager-page/api/snapshot.php?id=11&t=0.3302992080852226 HTTP/1.1" 200 43618 "http://192.168.60.79/manager-page/home-1.php" "Mozilla/5.0 (Windows NT 10.0; Win64; x64) AppleWebKit/537.36 (KHTML, like Gecko) Chrome/138.0.0.0 Safari/537.36 Edg/138.0.0.0"
172.16.36.181 - - [29/Jul/2025:08:56:56 +0800] "GET /manager-page/api/snapshot.php?id=11&t=0.27665994106801717 HTTP/1.1" 200 43635 "http://192.168.60.79/manager-page/home-1.php" "Mozilla/5.0 (Windows NT 10.0; Win64; x64) AppleWebKit/537.36 (KHTML, like Gecko) Chrome/138.0.0.0 Safari/537.36 Edg/138.0.0.0"
172.16.36.181 - - [29/Jul/2025:08:56:56 +0800] "GET /manager-page/api/snapshot.php?id=12&t=0.8586448751709624 HTTP/1.1" 200 40420 "http://192.168.60.79/manager-page/home-1.php" "Mozilla/5.0 (Windows NT 10.0; Win64; x64) AppleWebKit/537.36 (KHTML, like Gecko) Chrome/138.0.0.0 Safari/537.36 Edg/138.0.0.0"
127.0.0.1 - - [29/Jul/2025:08:56:59 +0800] "POST /robot/et-7026-in.php HTTP/1.1" 200 - "-" "python-requests/2.32.2"
127.0.0.1 - - [29/Jul/2025:08:57:00 +0800] "GET /robot/alarm-history-in.php HTTP/1.1" 200 - "-" "python-requests/2.28.1"
172.16.36.181 - - [29/Jul/2025:08:57:01 +0800] "GET /manager-page/api/snapshot.php?id=12&t=0.5163880697334015 HTTP/1.1" 200 43416 "http://192.168.60.79/manager-page/home-1.php" "Mozilla/5.0 (Windows NT 10.0; Win64; x64) AppleWebKit/537.36 (KHTML, like Gecko) Chrome/138.0.0.0 Safari/537.36 Edg/138.0.0.0"
172.16.36.181 - - [29/Jul/2025:08:57:01 +0800] "GET /manager-page/api/snapshot.php?id=11&t=0.28180287273332283 HTTP/1.1" 200 43671 "http://192.168.60.79/manager-page/home-1.php" "Mozilla/5.0 (Windows NT 10.0; Win64; x64) AppleWebKit/537.36 (KHTML, like Gecko) Chrome/138.0.0.0 Safari/537.36 Edg/138.0.0.0"
127.0.0.1 - - [29/Jul/2025:08:57:03 +0800] "GET /manager-page/api/snapshot.php?id=11&t=0.48734633539540506 HTTP/1.1" 200 43661 "http://127.0.0.1/manager-page/home-1.php" "Mozilla/5.0 (Windows NT 10.0; Win64; x64) AppleWebKit/537.36 (KHTML, like Gecko) Chrome/119.0.0.0 Safari/537.36"
127.0.0.1 - - [29/Jul/2025:08:57:03 +0800] "GET /manager-page/api/snapshot.php?id=12&t=0.15608094829083896 HTTP/1.1" 200 40688 "http://127.0.0.1/manager-page/home-1.php" "Mozilla/5.0 (Windows NT 10.0; Win64; x64) AppleWebKit/537.36 (KHTML, like Gecko) Chrome/119.0.0.0 Safari/537.36"
172.16.36.181 - - [29/Jul/2025:08:57:06 +0800] "GET /manager-page/api/snapshot.php?id=12&t=0.20172464909500964 HTTP/1.1" 200 40118 "http://192.168.60.79/manager-page/home-1.php" "Mozilla/5.0 (Windows NT 10.0; Win64; x64) AppleWebKit/537.36 (KHTML, like Gecko) Chrome/138.0.0.0 Safari/537.36 Edg/138.0.0.0"
172.16.36.181 - - [29/Jul/2025:08:57:06 +0800] "GET /manager-page/api/snapshot.php?id=11&t=0.7139033651110462 HTTP/1.1" 200 43893 "http://192.168.60.79/manager-page/home-1.php" "Mozilla/5.0 (Windows NT 10.0; Win64; x64) AppleWebKit/537.36 (KHTML, like Gecko) Chrome/138.0.0.0 Safari/537.36 Edg/138.0.0.0"
172.16.36.181 - - [29/Jul/2025:08:57:11 +0800] "GET /manager-page/api/snapshot.php?id=11&t=0.45996939421214944 HTTP/1.1" 200 43621 "http://192.168.60.79/manager-page/home-1.php" "Mozilla/5.0 (Windows NT 10.0; Win64; x64) AppleWebKit/537.36 (KHTML, like Gecko) Chrome/138.0.0.0 Safari/537.36 Edg/138.0.0.0"
172.16.36.181 - - [29/Jul/2025:08:57:11 +0800] "GET /manager-page/api/snapshot.php?id=12&t=0.4676343434593283 HTTP/1.1" 200 40083 "http://192.168.60.79/manager-page/home-1.php" "Mozilla/5.0 (Windows NT 10.0; Win64; x64) AppleWebKit/537.36 (KHTML, like Gecko) Chrome/138.0.0.0 Safari/537.36 Edg/138.0.0.0"
172.16.36.181 - - [29/Jul/2025:08:57:16 +0800] "GET /manager-page/api/snapshot.php?id=11&t=0.4505886366526416 HTTP/1.1" 200 43535 "http://192.168.60.79/manager-page/home-1.php" "Mozilla/5.0 (Windows NT 10.0; Win64; x64) AppleWebKit/537.36 (KHTML, like Gecko) Chrome/138.0.0.0 Safari/537.36 Edg/138.0.0.0"
172.16.36.181 - - [29/Jul/2025:08:57:16 +0800] "GET /manager-page/api/snapshot.php?id=12&t=0.23744549981731633 HTTP/1.1" 200 39976 "http://192.168.60.79/manager-page/home-1.php" "Mozilla/5.0 (Windows NT 10.0; Win64; x64) AppleWebKit/537.36 (KHTML, like Gecko) Chrome/138.0.0.0 Safari/537.36 Edg/138.0.0.0"
172.16.36.181 - - [29/Jul/2025:08:57:21 +0800] "GET /manager-page/api/snapshot.php?id=12&t=0.00035330336479078017 HTTP/1.1" 200 39937 "http://192.168.60.79/manager-page/home-1.php" "Mozilla/5.0 (Windows NT 10.0; Win64; x64) AppleWebKit/537.36 (KHTML, like Gecko) Chrome/138.0.0.0 Safari/537.36 Edg/138.0.0.0"
172.16.36.181 - - [29/Jul/2025:08:57:21 +0800] "GET /manager-page/api/snapshot.php?id=11&t=0.5231417168329724 HTTP/1.1" 500 - "http://192.168.60.79/manager-page/home-1.php" "Mozilla/5.0 (Windows NT 10.0; Win64; x64) AppleWebKit/537.36 (KHTML, like Gecko) Chrome/138.0.0.0 Safari/537.36 Edg/138.0.0.0"
172.16.36.181 - - [29/Jul/2025:08:57:26 +0800] "GET /manager-page/api/snapshot.php?id=11&t=0.8808594217916323 HTTP/1.1" 500 - "http://192.168.60.79/manager-page/home-1.php" "Mozilla/5.0 (Windows NT 10.0; Win64; x64) AppleWebKit/537.36 (KHTML, like Gecko) Chrome/138.0.0.0 Safari/537.36 Edg/138.0.0.0"
172.16.36.181 - - [29/Jul/2025:08:57:26 +0800] "GET /manager-page/api/snapshot.php?id=12&t=0.1012440884887178 HTTP/1.1" 500 - "http://192.168.60.79/manager-page/home-1.php" "Mozilla/5.0 (Windows NT 10.0; Win64; x64) AppleWebKit/537.36 (KHTML, like Gecko) Chrome/138.0.0.0 Safari/537.36 Edg/138.0.0.0"
172.16.36.181 - - [29/Jul/2025:08:57:45 +0800] "GET /manager-page/live/1-1.jpg HTTP/1.1" 200 42536 "http://192.168.60.79/manager-page/home-1.php" "Mozilla/5.0 (Windows NT 10.0; Win64; x64) AppleWebKit/537.36 (KHTML, like Gecko) Chrome/138.0.0.0 Safari/537.36 Edg/138.0.0.0"
172.16.36.181 - - [29/Jul/2025:08:57:50 +0800] "GET /manager-page/live/1-2.jpg HTTP/1.1" 200 41209 "http://192.168.60.79/manager-page/home-1.php" "Mozilla/5.0 (Windows NT 10.0; Win64; x64) AppleWebKit/537.36 (KHTML, like Gecko) Chrome/138.0.0.0 Safari/537.36 Edg/138.0.0.0"
127.0.0.1 - - [29/Jul/2025:08:58:00 +0800] "GET /robot/alarm-history-in.php HTTP/1.1" 200 - "-" "python-requests/2.28.1"
127.0.0.1 - - [29/Jul/2025:08:58:03 +0800] "GET /manager-page/api/snapshot.php?id=11&t=0.272933020679466 HTTP/1.1" 200 43428 "http://127.0.0.1/manager-page/home-1.php" "Mozilla/5.0 (Windows NT 10.0; Win64; x64) AppleWebKit/537.36 (KHTML, like Gecko) Chrome/119.0.0.0 Safari/537.36"
127.0.0.1 - - [29/Jul/2025:08:58:03 +0800] "GET /manager-page/api/snapshot.php?id=12&t=0.051861695677673625 HTTP/1.1" 500 - "http://127.0.0.1/manager-page/home-1.php" "Mozilla/5.0 (Windows NT 10.0; Win64; x64) AppleWebKit/537.36 (KHTML, like Gecko) Chrome/119.0.0.0 Safari/537.36"
172.16.36.181 - - [29/Jul/2025:08:58:24 +0800] "GET /manager-page/api/snapshot.php?id=12&t=0.2789216574567933 HTTP/1.1" 500 - "http://192.168.60.79/manager-page/home-1.php" "Mozilla/5.0 (Windows NT 10.0; Win64; x64) AppleWebKit/537.36 (KHTML, like Gecko) Chrome/138.0.0.0 Safari/537.36 Edg/138.0.0.0"
111.70.30.253 - - [29/Jul/2025:08:58:06 +0800] "POST /robot/lora-in.php HTTP/1.1" 200 - "-" "python-requests/2.21.0"
172.16.36.181 - - [29/Jul/2025:08:58:24 +0800] "GET /manager-page/api/snapshot.php?id=11&t=0.17569671038865398 HTTP/1.1" 500 - "http://192.168.60.79/manager-page/home-1.php" "Mozilla/5.0 (Windows NT 10.0; Win64; x64) AppleWebKit/537.36 (KHTML, like Gecko) Chrome/138.0.0.0 Safari/537.36 Edg/138.0.0.0"
127.0.0.1 - - [29/Jul/2025:08:59:00 +0800] "GET /robot/alarm-history-in.php HTTP/1.1" 200 - "-" "python-requests/2.28.1"
127.0.0.1 - - [29/Jul/2025:08:59:03 +0800] "GET /manager-page/api/snapshot.php?id=12&t=0.43369321596729393 HTTP/1.1" 200 38927 "http://127.0.0.1/manager-page/home-1.php" "Mozilla/5.0 (Windows NT 10.0; Win64; x64) AppleWebKit/537.36 (KHTML, like Gecko) Chrome/119.0.0.0 Safari/537.36"
127.0.0.1 - - [29/Jul/2025:08:59:03 +0800] "GET /manager-page/api/snapshot.php?id=11&t=0.01479343106912423 HTTP/1.1" 500 - "http://127.0.0.1/manager-page/home-1.php" "Mozilla/5.0 (Windows NT 10.0; Win64; x64) AppleWebKit/537.36 (KHTML, like Gecko) Chrome/119.0.0.0 Safari/537.36"
127.0.0.1 - - [29/Jul/2025:08:59:06 +0800] "POST /robot/et-7026-in.php HTTP/1.1" 200 - "-" "python-requests/2.32.2"
127.0.0.1 - - [29/Jul/2025:08:59:21 +0800] "POST /robot/et-7026-in.php HTTP/1.1" 200 - "-" "python-requests/2.32.2"
172.16.36.181 - - [29/Jul/2025:08:59:24 +0800] "GET /manager-page/api/snapshot.php?id=12&t=0.9615274684207951 HTTP/1.1" 500 - "http://192.168.60.79/manager-page/home-1.php" "Mozilla/5.0 (Windows NT 10.0; Win64; x64) AppleWebKit/537.36 (KHTML, like Gecko) Chrome/138.0.0.0 Safari/537.36 Edg/138.0.0.0"
172.16.36.181 - - [29/Jul/2025:08:59:24 +0800] "GET /manager-page/api/snapshot.php?id=11&t=0.6983785449224849 HTTP/1.1" 500 - "http://192.168.60.79/manager-page/home-1.php" "Mozilla/5.0 (Windows NT 10.0; Win64; x64) AppleWebKit/537.36 (KHTML, like Gecko) Chrome/138.0.0.0 Safari/537.36 Edg/138.0.0.0"
111.70.30.251 - - [29/Jul/2025:08:59:32 +0800] "POST /robot/lora-in.php HTTP/1.1" 200 - "-" "python-requests/2.21.0"
127.0.0.1 - - [29/Jul/2025:09:00:00 +0800] "GET /robot/alarm-history-in.php HTTP/1.1" 200 - "-" "python-requests/2.28.1"
127.0.0.1 - - [29/Jul/2025:09:00:03 +0800] "GET /manager-page/api/snapshot.php?id=11&t=0.9469794773650411 HTTP/1.1" 200 43409 "http://127.0.0.1/manager-page/home-1.php" "Mozilla/5.0 (Windows NT 10.0; Win64; x64) AppleWebKit/537.36 (KHTML, like Gecko) Chrome/119.0.0.0 Safari/537.36"
127.0.0.1 - - [29/Jul/2025:09:00:03 +0800] "GET /manager-page/api/snapshot.php?id=12&t=0.3735933018765176 HTTP/1.1" 200 38912 "http://127.0.0.1/manager-page/home-1.php" "Mozilla/5.0 (Windows NT 10.0; Win64; x64) AppleWebKit/537.36 (KHTML, like Gecko) Chrome/119.0.0.0 Safari/537.36"
127.0.0.1 - - [29/Jul/2025:09:00:18 +0800] "GET /get-setting.json HTTP/1.1" 200 2314 "-" "python-requests/2.31.0"
172.16.36.181 - - [29/Jul/2025:09:00:24 +0800] "GET /manager-page/api/snapshot.php?id=12&t=0.920945362910066 HTTP/1.1" 200 38208 "http://192.168.60.79/manager-page/home-1.php" "Mozilla/5.0 (Windows NT 10.0; Win64; x64) AppleWebKit/537.36 (KHTML, like Gecko) Chrome/138.0.0.0 Safari/537.36 Edg/138.0.0.0"
172.16.36.181 - - [29/Jul/2025:09:00:24 +0800] "GET /manager-page/api/snapshot.php?id=11&t=0.743783829047928 HTTP/1.1" 500 - "http://192.168.60.79/manager-page/home-1.php" "Mozilla/5.0 (Windows NT 10.0; Win64; x64) AppleWebKit/537.36 (KHTML, like Gecko) Chrome/138.0.0.0 Safari/537.36 Edg/138.0.0.0"
127.0.0.1 - - [29/Jul/2025:09:01:00 +0800] "GET /robot/alarm-history-in.php HTTP/1.1" 200 - "-" "python-requests/2.28.1"
127.0.0.1 - - [29/Jul/2025:09:01:03 +0800] "GET /manager-page/api/snapshot.php?id=12&t=0.7065479029289414 HTTP/1.1" 200 37960 "http://127.0.0.1/manager-page/home-1.php" "Mozilla/5.0 (Windows NT 10.0; Win64; x64) AppleWebKit/537.36 (KHTML, like Gecko) Chrome/119.0.0.0 Safari/537.36"
127.0.0.1 - - [29/Jul/2025:09:01:03 +0800] "GET /manager-page/api/snapshot.php?id=11&t=0.5598522585875971 HTTP/1.1" 500 - "http://127.0.0.1/manager-page/home-1.php" "Mozilla/5.0 (Windows NT 10.0; Win64; x64) AppleWebKit/537.36 (KHTML, like Gecko) Chrome/119.0.0.0 Safari/537.36"
127.0.0.1 - - [29/Jul/2025:09:00:25 +0800] "POST /robot/lora-in.php HTTP/1.1" 500 - "-" "python-requests/2.31.0"
172.16.36.181 - - [29/Jul/2025:09:01:24 +0800] "GET /manager-page/api/snapshot.php?id=12&t=0.05415932284306968 HTTP/1.1" 200 37933 "http://192.168.60.79/manager-page/home-1.php" "Mozilla/5.0 (Windows NT 10.0; Win64; x64) AppleWebKit/537.36 (KHTML, like Gecko) Chrome/138.0.0.0 Safari/537.36 Edg/138.0.0.0"
172.16.36.181 - - [29/Jul/2025:09:01:24 +0800] "GET /manager-page/api/snapshot.php?id=11&t=0.6960360889876225 HTTP/1.1" 500 - "http://192.168.60.79/manager-page/home-1.php" "Mozilla/5.0 (Windows NT 10.0; Win64; x64) AppleWebKit/537.36 (KHTML, like Gecko) Chrome/138.0.0.0 Safari/537.36 Edg/138.0.0.0"
127.0.0.1 - - [29/Jul/2025:09:00:44 +0800] "POST /robot/lora-in.php HTTP/1.1" 200 - "-" "python-requests/2.31.0"
127.0.0.1 - - [29/Jul/2025:09:01:03 +0800] "POST /robot/lora-in.php HTTP/1.1" 200 - "-" "python-requests/2.31.0"
127.0.0.1 - - [29/Jul/2025:09:02:03 +0800] "GET /manager-page/api/snapshot.php?id=11&t=0.140116822171928 HTTP/1.1" 200 42418 "http://127.0.0.1/manager-page/home-1.php" "Mozilla/5.0 (Windows NT 10.0; Win64; x64) AppleWebKit/537.36 (KHTML, like Gecko) Chrome/119.0.0.0 Safari/537.36"
127.0.0.1 - - [29/Jul/2025:09:02:00 +0800] "GET /robot/alarm-history-in.php HTTP/1.1" 200 - "-" "python-requests/2.28.1"
127.0.0.1 - - [29/Jul/2025:09:01:22 +0800] "POST /robot/lora-in.php HTTP/1.1" 200 - "-" "python-requests/2.31.0"
127.0.0.1 - - [29/Jul/2025:09:01:47 +0800] "POST /robot/lora-in.php HTTP/1.1" 200 - "-" "python-requests/2.31.0"
127.0.0.1 - - [29/Jul/2025:09:02:03 +0800] "GET /manager-page/api/snapshot.php?id=12&t=0.8973187741503745 HTTP/1.1" 200 37656 "http://127.0.0.1/manager-page/home-1.php" "Mozilla/5.0 (Windows NT 10.0; Win64; x64) AppleWebKit/537.36 (KHTML, like Gecko) Chrome/119.0.0.0 Safari/537.36"
127.0.0.1 - - [29/Jul/2025:09:02:05 +0800] "POST /robot/lora-in.php HTTP/1.1" 200 - "-" "python-requests/2.31.0"
111.70.30.250 - - [29/Jul/2025:09:02:18 +0800] "POST /robot/lora-in.php HTTP/1.1" 200 - "-" "python-requests/2.21.0"
127.0.0.1 - - [29/Jul/2025:09:02:23 +0800] "POST /robot/lora-in.php HTTP/1.1" 200 - "-" "python-requests/2.31.0"
172.16.36.181 - - [29/Jul/2025:09:02:24 +0800] "GET /manager-page/api/snapshot.php?id=11&t=0.7867034033828477 HTTP/1.1" 200 42320 "http://192.168.60.79/manager-page/home-1.php" "Mozilla/5.0 (Windows NT 10.0; Win64; x64) AppleWebKit/537.36 (KHTML, like Gecko) Chrome/138.0.0.0 Safari/537.36 Edg/138.0.0.0"
172.16.36.181 - - [29/Jul/2025:09:02:24 +0800] "GET /manager-page/api/snapshot.php?id=12&t=0.7439770078292643 HTTP/1.1" 200 37612 "http://192.168.60.79/manager-page/home-1.php" "Mozilla/5.0 (Windows NT 10.0; Win64; x64) AppleWebKit/537.36 (KHTML, like Gecko) Chrome/138.0.0.0 Safari/537.36 Edg/138.0.0.0"
127.0.0.1 - - [29/Jul/2025:09:02:26 +0800] "POST /robot/lora-in.php HTTP/1.1" 200 - "-" "python-requests/2.31.0"
127.0.0.1 - - [29/Jul/2025:09:03:00 +0800] "GET /robot/alarm-history-in.php HTTP/1.1" 200 - "-" "python-requests/2.28.1"
127.0.0.1 - - [29/Jul/2025:09:03:03 +0800] "GET /manager-page/api/snapshot.php?id=11&t=0.7139910983976365 HTTP/1.1" 200 43724 "http://127.0.0.1/manager-page/home-1.php" "Mozilla/5.0 (Windows NT 10.0; Win64; x64) AppleWebKit/537.36 (KHTML, like Gecko) Chrome/119.0.0.0 Safari/537.36"
127.0.0.1 - - [29/Jul/2025:09:03:03 +0800] "GET /manager-page/api/snapshot.php?id=12&t=0.9773690296756481 HTTP/1.1" 200 37428 "http://127.0.0.1/manager-page/home-1.php" "Mozilla/5.0 (Windows NT 10.0; Win64; x64) AppleWebKit/537.36 (KHTML, like Gecko) Chrome/119.0.0.0 Safari/537.36"
172.16.36.181 - - [29/Jul/2025:09:03:24 +0800] "GET /manager-page/api/snapshot.php?id=12&t=0.23276447592000804 HTTP/1.1" 200 37454 "http://192.168.60.79/manager-page/home-1.php" "Mozilla/5.0 (Windows NT 10.0; Win64; x64) AppleWebKit/537.36 (KHTML, like Gecko) Chrome/138.0.0.0 Safari/537.36 Edg/138.0.0.0"
172.16.36.181 - - [29/Jul/2025:09:03:24 +0800] "GET /manager-page/api/snapshot.php?id=11&t=0.4540528073791259 HTTP/1.1" 200 42928 "http://192.168.60.79/manager-page/home-1.php" "Mozilla/5.0 (Windows NT 10.0; Win64; x64) AppleWebKit/537.36 (KHTML, like Gecko) Chrome/138.0.0.0 Safari/537.36 Edg/138.0.0.0"
127.0.0.1 - - [29/Jul/2025:09:04:00 +0800] "GET /robot/alarm-history-in.php HTTP/1.1" 200 - "-" "python-requests/2.28.1"
127.0.0.1 - - [29/Jul/2025:09:04:03 +0800] "GET /manager-page/api/snapshot.php?id=11&t=0.6079163362092312 HTTP/1.1" 200 42702 "http://127.0.0.1/manager-page/home-1.php" "Mozilla/5.0 (Windows NT 10.0; Win64; x64) AppleWebKit/537.36 (KHTML, like Gecko) Chrome/119.0.0.0 Safari/537.36"
127.0.0.1 - - [29/Jul/2025:09:04:03 +0800] "GET /manager-page/api/snapshot.php?id=12&t=0.31092467068138974 HTTP/1.1" 200 37616 "http://127.0.0.1/manager-page/home-1.php" "Mozilla/5.0 (Windows NT 10.0; Win64; x64) AppleWebKit/537.36 (KHTML, like Gecko) Chrome/119.0.0.0 Safari/537.36"
172.16.36.181 - - [29/Jul/2025:09:04:24 +0800] "GET /manager-page/api/snapshot.php?id=12&t=0.4355389158626046 HTTP/1.1" 200 37777 "http://192.168.60.79/manager-page/home-1.php" "Mozilla/5.0 (Windows NT 10.0; Win64; x64) AppleWebKit/537.36 (KHTML, like Gecko) Chrome/138.0.0.0 Safari/537.36 Edg/138.0.0.0"
172.16.36.181 - - [29/Jul/2025:09:04:24 +0800] "GET /manager-page/api/snapshot.php?id=11&t=0.43372835248425534 HTTP/1.1" 200 43139 "http://192.168.60.79/manager-page/home-1.php" "Mozilla/5.0 (Windows NT 10.0; Win64; x64) AppleWebKit/537.36 (KHTML, like Gecko) Chrome/138.0.0.0 Safari/537.36 Edg/138.0.0.0"
127.0.0.1 - - [29/Jul/2025:09:05:00 +0800] "GET /robot/alarm-history-in.php HTTP/1.1" 200 - "-" "python-requests/2.28.1"
127.0.0.1 - - [29/Jul/2025:09:05:03 +0800] "GET /manager-page/api/snapshot.php?id=11&t=0.640249427349183 HTTP/1.1" 500 - "http://127.0.0.1/manager-page/home-1.php" "Mozilla/5.0 (Windows NT 10.0; Win64; x64) AppleWebKit/537.36 (KHTML, like Gecko) Chrome/119.0.0.0 Safari/537.36"
127.0.0.1 - - [29/Jul/2025:09:05:03 +0800] "GET /manager-page/api/snapshot.php?id=12&t=0.6619444214937158 HTTP/1.1" 500 - "http://127.0.0.1/manager-page/home-1.php" "Mozilla/5.0 (Windows NT 10.0; Win64; x64) AppleWebKit/537.36 (KHTML, like Gecko) Chrome/119.0.0.0 Safari/537.36"
172.16.36.181 - - [29/Jul/2025:09:05:24 +0800] "GET /manager-page/api/snapshot.php?id=11&t=0.5098225488110519 HTTP/1.1" 200 42893 "http://192.168.60.79/manager-page/home-1.php" "Mozilla/5.0 (Windows NT 10.0; Win64; x64) AppleWebKit/537.36 (KHTML, like Gecko) Chrome/138.0.0.0 Safari/537.36 Edg/138.0.0.0"
172.16.36.181 - - [29/Jul/2025:09:05:24 +0800] "GET /manager-page/api/snapshot.php?id=12&t=0.34656199313211833 HTTP/1.1" 500 - "http://192.168.60.79/manager-page/home-1.php" "Mozilla/5.0 (Windows NT 10.0; Win64; x64) AppleWebKit/537.36 (KHTML, like Gecko) Chrome/138.0.0.0 Safari/537.36 Edg/138.0.0.0"
127.0.0.1 - - [29/Jul/2025:09:05:35 +0800] "POST /robot/et-7026-in.php HTTP/1.1" 200 - "-" "python-requests/2.32.2"
127.0.0.1 - - [29/Jul/2025:09:06:00 +0800] "GET /robot/alarm-history-in.php HTTP/1.1" 200 - "-" "python-requests/2.28.1"
127.0.0.1 - - [29/Jul/2025:09:06:03 +0800] "GET /manager-page/api/snapshot.php?id=11&t=0.7687070138557359 HTTP/1.1" 200 42630 "http://127.0.0.1/manager-page/home-1.php" "Mozilla/5.0 (Windows NT 10.0; Win64; x64) AppleWebKit/537.36 (KHTML, like Gecko) Chrome/119.0.0.0 Safari/537.36"
127.0.0.1 - - [29/Jul/2025:09:06:03 +0800] "GET /manager-page/api/snapshot.php?id=12&t=0.30919970693375176 HTTP/1.1" 500 - "http://127.0.0.1/manager-page/home-1.php" "Mozilla/5.0 (Windows NT 10.0; Win64; x64) AppleWebKit/537.36 (KHTML, like Gecko) Chrome/119.0.0.0 Safari/537.36"
172.16.36.181 - - [29/Jul/2025:09:06:24 +0800] "GET /manager-page/api/snapshot.php?id=12&t=0.9688978367252457 HTTP/1.1" 500 - "http://192.168.60.79/manager-page/home-1.php" "Mozilla/5.0 (Windows NT 10.0; Win64; x64) AppleWebKit/537.36 (KHTML, like Gecko) Chrome/138.0.0.0 Safari/537.36 Edg/138.0.0.0"
172.16.36.181 - - [29/Jul/2025:09:06:24 +0800] "GET /manager-page/api/snapshot.php?id=11&t=0.5166417800232768 HTTP/1.1" 500 - "http://192.168.60.79/manager-page/home-1.php" "Mozilla/5.0 (Windows NT 10.0; Win64; x64) AppleWebKit/537.36 (KHTML, like Gecko) Chrome/138.0.0.0 Safari/537.36 Edg/138.0.0.0"
127.0.0.1 - - [29/Jul/2025:09:07:00 +0800] "GET /robot/alarm-history-in.php HTTP/1.1" 200 - "-" "python-requests/2.28.1"
127.0.0.1 - - [29/Jul/2025:09:07:03 +0800] "GET /manager-page/api/snapshot.php?id=11&t=0.7959760726282548 HTTP/1.1" 200 42994 "http://127.0.0.1/manager-page/home-1.php" "Mozilla/5.0 (Windows NT 10.0; Win64; x64) AppleWebKit/537.36 (KHTML, like Gecko) Chrome/119.0.0.0 Safari/537.36"
127.0.0.1 - - [29/Jul/2025:09:07:02 +0800] "POST /robot/et-7026-in.php HTTP/1.1" 200 - "-" "python-requests/2.32.2"
127.0.0.1 - - [29/Jul/2025:09:07:03 +0800] "GET /manager-page/api/snapshot.php?id=12&t=0.9507325252085821 HTTP/1.1" 200 37688 "http://127.0.0.1/manager-page/home-1.php" "Mozilla/5.0 (Windows NT 10.0; Win64; x64) AppleWebKit/537.36 (KHTML, like Gecko) Chrome/119.0.0.0 Safari/537.36"
172.16.36.181 - - [29/Jul/2025:09:07:24 +0800] "GET /manager-page/api/snapshot.php?id=11&t=0.8214555596965005 HTTP/1.1" 200 43936 "http://192.168.60.79/manager-page/home-1.php" "Mozilla/5.0 (Windows NT 10.0; Win64; x64) AppleWebKit/537.36 (KHTML, like Gecko) Chrome/138.0.0.0 Safari/537.36 Edg/138.0.0.0"
172.16.36.181 - - [29/Jul/2025:09:07:24 +0800] "GET /manager-page/api/snapshot.php?id=12&t=0.6148472685125442 HTTP/1.1" 500 - "http://192.168.60.79/manager-page/home-1.php" "Mozilla/5.0 (Windows NT 10.0; Win64; x64) AppleWebKit/537.36 (KHTML, like Gecko) Chrome/138.0.0.0 Safari/537.36 Edg/138.0.0.0"
111.70.30.253 - - [29/Jul/2025:09:07:23 +0800] "POST /robot/lora-in.php HTTP/1.1" 200 - "-" "python-requests/2.21.0"
127.0.0.1 - - [29/Jul/2025:09:08:00 +0800] "GET /robot/alarm-history-in.php HTTP/1.1" 200 - "-" "python-requests/2.28.1"
127.0.0.1 - - [29/Jul/2025:09:08:03 +0800] "GET /manager-page/api/snapshot.php?id=11&t=0.05529883064115215 HTTP/1.1" 500 - "http://127.0.0.1/manager-page/home-1.php" "Mozilla/5.0 (Windows NT 10.0; Win64; x64) AppleWebKit/537.36 (KHTML, like Gecko) Chrome/119.0.0.0 Safari/537.36"
127.0.0.1 - - [29/Jul/2025:09:08:03 +0800] "GET /manager-page/api/snapshot.php?id=12&t=0.4245095932418721 HTTP/1.1" 500 - "http://127.0.0.1/manager-page/home-1.php" "Mozilla/5.0 (Windows NT 10.0; Win64; x64) AppleWebKit/537.36 (KHTML, like Gecko) Chrome/119.0.0.0 Safari/537.36"
111.70.30.251 - - [29/Jul/2025:09:08:08 +0800] "POST /robot/lora-in.php HTTP/1.1" 200 - "-" "python-requests/2.21.0"
172.16.36.181 - - [29/Jul/2025:09:08:24 +0800] "GET /manager-page/api/snapshot.php?id=11&t=0.5725166638078194 HTTP/1.1" 200 43459 "http://192.168.60.79/manager-page/home-1.php" "Mozilla/5.0 (Windows NT 10.0; Win64; x64) AppleWebKit/537.36 (KHTML, like Gecko) Chrome/138.0.0.0 Safari/537.36 Edg/138.0.0.0"
172.16.36.181 - - [29/Jul/2025:09:08:24 +0800] "GET /manager-page/api/snapshot.php?id=12&t=0.27323773969736187 HTTP/1.1" 500 - "http://192.168.60.79/manager-page/home-1.php" "Mozilla/5.0 (Windows NT 10.0; Win64; x64) AppleWebKit/537.36 (KHTML, like Gecko) Chrome/138.0.0.0 Safari/537.36 Edg/138.0.0.0"
127.0.0.1 - - [29/Jul/2025:09:09:03 +0800] "GET /manager-page/api/snapshot.php?id=11&t=0.7257350512323741 HTTP/1.1" 200 43256 "http://127.0.0.1/manager-page/home-1.php" "Mozilla/5.0 (Windows NT 10.0; Win64; x64) AppleWebKit/537.36 (KHTML, like Gecko) Chrome/119.0.0.0 Safari/537.36"
127.0.0.1 - - [29/Jul/2025:09:09:00 +0800] "GET /robot/alarm-history-in.php HTTP/1.1" 200 - "-" "python-requests/2.28.1"
127.0.0.1 - - [29/Jul/2025:09:09:03 +0800] "GET /manager-page/api/snapshot.php?id=12&t=0.926620628833948 HTTP/1.1" 500 - "http://127.0.0.1/manager-page/home-1.php" "Mozilla/5.0 (Windows NT 10.0; Win64; x64) AppleWebKit/537.36 (KHTML, like Gecko) Chrome/119.0.0.0 Safari/537.36"
127.0.0.1 - - [29/Jul/2025:09:09:08 +0800] "POST /robot/et-7026-in.php HTTP/1.1" 200 - "-" "python-requests/2.32.2"
127.0.0.1 - - [29/Jul/2025:09:09:24 +0800] "POST /robot/et-7026-in.php HTTP/1.1" 200 - "-" "python-requests/2.32.2"
172.16.36.181 - - [29/Jul/2025:09:09:24 +0800] "GET /manager-page/api/snapshot.php?id=11&t=0.14200496078523916 HTTP/1.1" 200 42956 "http://192.168.60.79/manager-page/home-1.php" "Mozilla/5.0 (Windows NT 10.0; Win64; x64) AppleWebKit/537.36 (KHTML, like Gecko) Chrome/138.0.0.0 Safari/537.36 Edg/138.0.0.0"
172.16.36.181 - - [29/Jul/2025:09:09:24 +0800] "GET /manager-page/api/snapshot.php?id=12&t=0.8327171451024126 HTTP/1.1" 500 - "http://192.168.60.79/manager-page/home-1.php" "Mozilla/5.0 (Windows NT 10.0; Win64; x64) AppleWebKit/537.36 (KHTML, like Gecko) Chrome/138.0.0.0 Safari/537.36 Edg/138.0.0.0"
127.0.0.1 - - [29/Jul/2025:09:10:00 +0800] "GET /robot/alarm-history-in.php HTTP/1.1" 200 - "-" "python-requests/2.28.1"
127.0.0.1 - - [29/Jul/2025:09:10:03 +0800] "GET /manager-page/api/snapshot.php?id=12&t=0.9278546715645277 HTTP/1.1" 200 37613 "http://127.0.0.1/manager-page/home-1.php" "Mozilla/5.0 (Windows NT 10.0; Win64; x64) AppleWebKit/537.36 (KHTML, like Gecko) Chrome/119.0.0.0 Safari/537.36"
