172.16.36.181 - - [25/Jun/2025:08:41:23 +0800] "GET /manager-page/api/snapshot.php?id=12&t=0.1807431952135342 HTTP/1.1" 500 - "http://192.168.60.79/manager-page/home-1.php" "Mozilla/5.0 (Windows NT 10.0; Win64; x64) AppleWebKit/537.36 (KHTML, like Gecko) Chrome/137.0.0.0 Safari/537.36 Edg/137.0.0.0"
172.16.36.181 - - [25/Jun/2025:08:41:44 +0800] "GET /manager-page/alarm/2-2.jpg?t=1174849667 HTTP/1.1" 200 514549 "http://192.168.60.79/manager-page/home-2.php" "Mozilla/5.0 (Windows NT 10.0; Win64; x64) AppleWebKit/537.36 (KHTML, like Gecko) Chrome/137.0.0.0 Safari/537.36 Edg/137.0.0.0"
172.16.36.181 - - [25/Jun/2025:08:41:44 +0800] "GET /manager-page/alarm/2-1.jpg?t=457051165 HTTP/1.1" 200 186230 "http://192.168.60.79/manager-page/home-2.php" "Mozilla/5.0 (Windows NT 10.0; Win64; x64) AppleWebKit/537.36 (KHTML, like Gecko) Chrome/137.0.0.0 Safari/537.36 Edg/137.0.0.0"
172.16.36.181 - - [25/Jun/2025:08:41:27 +0800] "GET /manager-page/home-2.php HTTP/1.1" 200 27469 "http://192.168.60.79/manager-page/home-1.php" "Mozilla/5.0 (Windows NT 10.0; Win64; x64) AppleWebKit/537.36 (KHTML, like Gecko) Chrome/137.0.0.0 Safari/537.36 Edg/137.0.0.0"
172.16.36.181 - - [25/Jun/2025:08:41:28 +0800] "GET /manager-page/api/snapshot.php?id=12&t=0.08437981900886471 HTTP/1.1" 500 - "http://192.168.60.79/manager-page/home-1.php" "Mozilla/5.0 (Windows NT 10.0; Win64; x64) AppleWebKit/537.36 (KHTML, like Gecko) Chrome/137.0.0.0 Safari/537.36 Edg/137.0.0.0"
127.0.0.1 - - [25/Jun/2025:08:41:54 +0800] "GET /get-setting.json HTTP/1.1" 200 2314 "-" "python-requests/2.31.0"
172.16.36.181 - - [25/Jun/2025:08:41:28 +0800] "GET /manager-page/api/snapshot.php?id=11&t=0.009126846199812744 HTTP/1.1" 500 - "http://192.168.60.79/manager-page/home-1.php" "Mozilla/5.0 (Windows NT 10.0; Win64; x64) AppleWebKit/537.36 (KHTML, like Gecko) Chrome/137.0.0.0 Safari/537.36 Edg/137.0.0.0"
172.16.36.181 - - [25/Jun/2025:08:41:33 +0800] "GET /manager-page/api/snapshot.php?id=11&t=0.10618019703794768 HTTP/1.1" 500 - "http://192.168.60.79/manager-page/home-1.php" "Mozilla/5.0 (Windows NT 10.0; Win64; x64) AppleWebKit/537.36 (KHTML, like Gecko) Chrome/137.0.0.0 Safari/537.36 Edg/137.0.0.0"
172.16.36.181 - - [25/Jun/2025:08:41:33 +0800] "GET /manager-page/api/snapshot.php?id=12&t=0.29173699211977844 HTTP/1.1" 500 - "http://192.168.60.79/manager-page/home-1.php" "Mozilla/5.0 (Windows NT 10.0; Win64; x64) AppleWebKit/537.36 (KHTML, like Gecko) Chrome/137.0.0.0 Safari/537.36 Edg/137.0.0.0"
172.16.36.181 - - [25/Jun/2025:08:41:44 +0800] "GET /manager-page/api/snapshot.php?id=21 HTTP/1.1" 500 - "http://192.168.60.79/manager-page/home-2.php" "Mozilla/5.0 (Windows NT 10.0; Win64; x64) AppleWebKit/537.36 (KHTML, like Gecko) Chrome/137.0.0.0 Safari/537.36 Edg/137.0.0.0"
172.16.36.181 - - [25/Jun/2025:08:41:44 +0800] "GET /manager-page/api/snapshot.php?id=22 HTTP/1.1" 500 - "http://192.168.60.79/manager-page/home-2.php" "Mozilla/5.0 (Windows NT 10.0; Win64; x64) AppleWebKit/537.36 (KHTML, like Gecko) Chrome/137.0.0.0 Safari/537.36 Edg/137.0.0.0"
172.16.36.181 - - [25/Jun/2025:08:41:52 +0800] "GET /manager-page/api/lp-status2.php HTTP/1.1" 500 - "http://192.168.60.79/manager-page/home-2.php" "Mozilla/5.0 (Windows NT 10.0; Win64; x64) AppleWebKit/537.36 (KHTML, like Gecko) Chrome/137.0.0.0 Safari/537.36 Edg/137.0.0.0"
111.70.30.253 - - [25/Jun/2025:08:41:54 +0800] "POST /robot/lora-in.php HTTP/1.1" 200 - "-" "python-requests/2.21.0"
172.16.36.181 - - [25/Jun/2025:08:41:52 +0800] "GET /manager-page/api/cms-status2.php HTTP/1.1" 200 12 "http://192.168.60.79/manager-page/home-2.php" "Mozilla/5.0 (Windows NT 10.0; Win64; x64) AppleWebKit/537.36 (KHTML, like Gecko) Chrome/137.0.0.0 Safari/537.36 Edg/137.0.0.0"
172.16.36.181 - - [25/Jun/2025:08:41:57 +0800] "GET /manager-page/api/snapshot.php?id=22&t=0.8540369421500338 HTTP/1.1" 200 40864 "http://192.168.60.79/manager-page/home-2.php" "Mozilla/5.0 (Windows NT 10.0; Win64; x64) AppleWebKit/537.36 (KHTML, like Gecko) Chrome/137.0.0.0 Safari/537.36 Edg/137.0.0.0"
127.0.0.1 - - [25/Jun/2025:08:42:00 +0800] "GET /robot/alarm-history-in.php HTTP/1.1" 200 - "-" "python-requests/2.28.1"
172.16.36.181 - - [25/Jun/2025:08:41:57 +0800] "GET /manager-page/api/snapshot.php?id=21&t=0.4615903054184546 HTTP/1.1" 200 47645 "http://192.168.60.79/manager-page/home-2.php" "Mozilla/5.0 (Windows NT 10.0; Win64; x64) AppleWebKit/537.36 (KHTML, like Gecko) Chrome/137.0.0.0 Safari/537.36 Edg/137.0.0.0"
111.70.30.251 - - [25/Jun/2025:08:42:00 +0800] "POST /robot/lora-in.php HTTP/1.1" 200 - "-" "python-requests/2.21.0"
127.0.0.1 - - [25/Jun/2025:08:41:55 +0800] "POST /robot/lora-in.php HTTP/1.1" 200 - "-" "python-requests/2.31.0"
172.16.36.181 - - [25/Jun/2025:08:42:02 +0800] "GET /manager-page/api/snapshot.php?id=21&t=0.4992191583231135 HTTP/1.1" 200 47635 "http://192.168.60.79/manager-page/home-2.php" "Mozilla/5.0 (Windows NT 10.0; Win64; x64) AppleWebKit/537.36 (KHTML, like Gecko) Chrome/137.0.0.0 Safari/537.36 Edg/137.0.0.0"
172.16.36.181 - - [25/Jun/2025:08:42:02 +0800] "GET /manager-page/api/snapshot.php?id=22&t=0.24057157010374286 HTTP/1.1" 200 40849 "http://192.168.60.79/manager-page/home-2.php" "Mozilla/5.0 (Windows NT 10.0; Win64; x64) AppleWebKit/537.36 (KHTML, like Gecko) Chrome/137.0.0.0 Safari/537.36 Edg/137.0.0.0"
172.16.36.181 - - [25/Jun/2025:08:42:11 +0800] "GET /manager-page/alarm/3-2.jpg?t=1861791361 HTTP/1.1" 200 187208 "http://192.168.60.79/manager-page/home-3.php" "Mozilla/5.0 (Windows NT 10.0; Win64; x64) AppleWebKit/537.36 (KHTML, like Gecko) Chrome/137.0.0.0 Safari/537.36 Edg/137.0.0.0"
172.16.36.181 - - [25/Jun/2025:08:42:11 +0800] "GET /manager-page/alarm/3-1.jpg?t=470071414 HTTP/1.1" 200 520364 "http://192.168.60.79/manager-page/home-3.php" "Mozilla/5.0 (Windows NT 10.0; Win64; x64) AppleWebKit/537.36 (KHTML, like Gecko) Chrome/137.0.0.0 Safari/537.36 Edg/137.0.0.0"
127.0.0.1 - - [25/Jun/2025:08:42:10 +0800] "POST /robot/lora-in.php HTTP/1.1" 200 - "-" "python-requests/2.31.0"
172.16.36.181 - - [25/Jun/2025:08:42:06 +0800] "GET /manager-page/home-3.php HTTP/1.1" 200 27481 "http://192.168.60.79/manager-page/home-2.php" "Mozilla/5.0 (Windows NT 10.0; Win64; x64) AppleWebKit/537.36 (KHTML, like Gecko) Chrome/137.0.0.0 Safari/537.36 Edg/137.0.0.0"
172.16.36.181 - - [25/Jun/2025:08:42:07 +0800] "GET /manager-page/api/snapshot.php?id=21&t=0.45280935694196833 HTTP/1.1" 200 48063 "http://192.168.60.79/manager-page/home-2.php" "Mozilla/5.0 (Windows NT 10.0; Win64; x64) AppleWebKit/537.36 (KHTML, like Gecko) Chrome/137.0.0.0 Safari/537.36 Edg/137.0.0.0"
172.16.36.181 - - [25/Jun/2025:08:42:13 +0800] "GET /manager-page/img/locpic_03.jpg HTTP/1.1" 304 - "http://192.168.60.79/manager-page/home-3.php" "Mozilla/5.0 (Windows NT 10.0; Win64; x64) AppleWebKit/537.36 (KHTML, like Gecko) Chrome/137.0.0.0 Safari/537.36 Edg/137.0.0.0"
172.16.36.181 - - [25/Jun/2025:08:42:07 +0800] "GET /manager-page/api/snapshot.php?id=22&t=0.7470637491260246 HTTP/1.1" 200 42660 "http://192.168.60.79/manager-page/home-2.php" "Mozilla/5.0 (Windows NT 10.0; Win64; x64) AppleWebKit/537.36 (KHTML, like Gecko) Chrome/137.0.0.0 Safari/537.36 Edg/137.0.0.0"
172.16.36.181 - - [25/Jun/2025:08:42:11 +0800] "GET /manager-page/api/snapshot.php?id=31 HTTP/1.1" 500 - "http://192.168.60.79/manager-page/home-3.php" "Mozilla/5.0 (Windows NT 10.0; Win64; x64) AppleWebKit/537.36 (KHTML, like Gecko) Chrome/137.0.0.0 Safari/537.36 Edg/137.0.0.0"
172.16.36.181 - - [25/Jun/2025:08:42:11 +0800] "GET /manager-page/api/snapshot.php?id=32 HTTP/1.1" 500 - "http://192.168.60.79/manager-page/home-3.php" "Mozilla/5.0 (Windows NT 10.0; Win64; x64) AppleWebKit/537.36 (KHTML, like Gecko) Chrome/137.0.0.0 Safari/537.36 Edg/137.0.0.0"
127.0.0.1 - - [25/Jun/2025:08:42:15 +0800] "POST /robot/et-7026-in.php HTTP/1.1" 200 - "-" "python-requests/2.32.2"
172.16.36.181 - - [25/Jun/2025:08:42:13 +0800] "GET /manager-page/api/lp-status3.php HTTP/1.1" 200 1 "http://192.168.60.79/manager-page/home-3.php" "Mozilla/5.0 (Windows NT 10.0; Win64; x64) AppleWebKit/537.36 (KHTML, like Gecko) Chrome/137.0.0.0 Safari/537.36 Edg/137.0.0.0"
172.16.36.181 - - [25/Jun/2025:08:42:16 +0800] "GET /manager-page/live/3-1.jpg HTTP/1.1" 200 56519 "http://192.168.60.79/manager-page/home-3.php" "Mozilla/5.0 (Windows NT 10.0; Win64; x64) AppleWebKit/537.36 (KHTML, like Gecko) Chrome/137.0.0.0 Safari/537.36 Edg/137.0.0.0"
172.16.36.181 - - [25/Jun/2025:08:42:17 +0800] "GET /manager-page/live/3-2.jpg HTTP/1.1" 200 46627 "http://192.168.60.79/manager-page/home-3.php" "Mozilla/5.0 (Windows NT 10.0; Win64; x64) AppleWebKit/537.36 (KHTML, like Gecko) Chrome/137.0.0.0 Safari/537.36 Edg/137.0.0.0"
172.16.36.181 - - [25/Jun/2025:08:42:13 +0800] "GET /manager-page/api/cms-status3.php HTTP/1.1" 200 12 "http://192.168.60.79/manager-page/home-3.php" "Mozilla/5.0 (Windows NT 10.0; Win64; x64) AppleWebKit/537.36 (KHTML, like Gecko) Chrome/137.0.0.0 Safari/537.36 Edg/137.0.0.0"
127.0.0.1 - - [25/Jun/2025:08:42:15 +0800] "POST /robot/lora-in.php HTTP/1.1" 200 - "-" "python-requests/2.31.0"
172.16.36.181 - - [25/Jun/2025:08:42:18 +0800] "GET /manager-page/api/snapshot.php?id=31&t=0.6772708868473973 HTTP/1.1" 200 56674 "http://192.168.60.79/manager-page/home-3.php" "Mozilla/5.0 (Windows NT 10.0; Win64; x64) AppleWebKit/537.36 (KHTML, like Gecko) Chrome/137.0.0.0 Safari/537.36 Edg/137.0.0.0"
172.16.36.181 - - [25/Jun/2025:08:42:18 +0800] "GET /manager-page/api/snapshot.php?id=32&t=0.2468001958482171 HTTP/1.1" 200 47776 "http://192.168.60.79/manager-page/home-3.php" "Mozilla/5.0 (Windows NT 10.0; Win64; x64) AppleWebKit/537.36 (KHTML, like Gecko) Chrome/137.0.0.0 Safari/537.36 Edg/137.0.0.0"
127.0.0.1 - - [25/Jun/2025:08:42:21 +0800] "POST /robot/lora-in.php HTTP/1.1" 200 - "-" "python-requests/2.31.0"
172.16.36.181 - - [25/Jun/2025:08:42:22 +0800] "GET /manager-page/alarm/4-1.jpg?t=584768982 HTTP/1.1" 200 436474 "http://192.168.60.79/manager-page/home-4.php" "Mozilla/5.0 (Windows NT 10.0; Win64; x64) AppleWebKit/537.36 (KHTML, like Gecko) Chrome/137.0.0.0 Safari/537.36 Edg/137.0.0.0"
172.16.36.181 - - [25/Jun/2025:08:42:22 +0800] "GET /manager-page/alarm/4-2.jpg?t=934779829 HTTP/1.1" 200 543160 "http://192.168.60.79/manager-page/home-4.php" "Mozilla/5.0 (Windows NT 10.0; Win64; x64) AppleWebKit/537.36 (KHTML, like Gecko) Chrome/137.0.0.0 Safari/537.36 Edg/137.0.0.0"
172.16.36.181 - - [25/Jun/2025:08:42:20 +0800] "GET /manager-page/home-4.php HTTP/1.1" 200 27482 "http://192.168.60.79/manager-page/home-3.php" "Mozilla/5.0 (Windows NT 10.0; Win64; x64) AppleWebKit/537.36 (KHTML, like Gecko) Chrome/137.0.0.0 Safari/537.36 Edg/137.0.0.0"
172.16.36.181 - - [25/Jun/2025:08:42:22 +0800] "GET /manager-page/api/snapshot.php?id=42 HTTP/1.1" 200 57060 "http://192.168.60.79/manager-page/home-4.php" "Mozilla/5.0 (Windows NT 10.0; Win64; x64) AppleWebKit/537.36 (KHTML, like Gecko) Chrome/137.0.0.0 Safari/537.36 Edg/137.0.0.0"
172.16.36.181 - - [25/Jun/2025:08:42:22 +0800] "GET /manager-page/api/snapshot.php?id=41 HTTP/1.1" 200 54919 "http://192.168.60.79/manager-page/home-4.php" "Mozilla/5.0 (Windows NT 10.0; Win64; x64) AppleWebKit/537.36 (KHTML, like Gecko) Chrome/137.0.0.0 Safari/537.36 Edg/137.0.0.0"
172.16.36.181 - - [25/Jun/2025:08:42:26 +0800] "GET /manager-page/api/lp-status4.php HTTP/1.1" 200 1 "http://192.168.60.79/manager-page/home-4.php" "Mozilla/5.0 (Windows NT 10.0; Win64; x64) AppleWebKit/537.36 (KHTML, like Gecko) Chrome/137.0.0.0 Safari/537.36 Edg/137.0.0.0"
172.16.36.181 - - [25/Jun/2025:08:42:26 +0800] "GET /manager-page/api/cms-status4.php HTTP/1.1" 200 12 "http://192.168.60.79/manager-page/home-4.php" "Mozilla/5.0 (Windows NT 10.0; Win64; x64) AppleWebKit/537.36 (KHTML, like Gecko) Chrome/137.0.0.0 Safari/537.36 Edg/137.0.0.0"
127.0.0.1 - - [25/Jun/2025:08:42:30 +0800] "POST /robot/lora-in.php HTTP/1.1" 200 - "-" "python-requests/2.31.0"
172.16.36.181 - - [25/Jun/2025:08:42:31 +0800] "GET /manager-page/api/snapshot.php?id=41&t=0.6453250784319128 HTTP/1.1" 200 54970 "http://192.168.60.79/manager-page/home-4.php" "Mozilla/5.0 (Windows NT 10.0; Win64; x64) AppleWebKit/537.36 (KHTML, like Gecko) Chrome/137.0.0.0 Safari/537.36 Edg/137.0.0.0"
172.16.36.181 - - [25/Jun/2025:08:42:31 +0800] "GET /manager-page/api/snapshot.php?id=42&t=0.6643189637359892 HTTP/1.1" 200 57077 "http://192.168.60.79/manager-page/home-4.php" "Mozilla/5.0 (Windows NT 10.0; Win64; x64) AppleWebKit/537.36 (KHTML, like Gecko) Chrome/137.0.0.0 Safari/537.36 Edg/137.0.0.0"
172.16.36.181 - - [25/Jun/2025:08:42:40 +0800] "GET /manager-page/alarm/1-1.jpg?t=207654988 HTTP/1.1" 200 322868 "http://192.168.60.79/manager-page/home-1.php" "Mozilla/5.0 (Windows NT 10.0; Win64; x64) AppleWebKit/537.36 (KHTML, like Gecko) Chrome/137.0.0.0 Safari/537.36 Edg/137.0.0.0"
172.16.36.181 - - [25/Jun/2025:08:42:40 +0800] "GET /manager-page/alarm/1-2.jpg?t=930939690 HTTP/1.1" 200 495492 "http://192.168.60.79/manager-page/home-1.php" "Mozilla/5.0 (Windows NT 10.0; Win64; x64) AppleWebKit/537.36 (KHTML, like Gecko) Chrome/137.0.0.0 Safari/537.36 Edg/137.0.0.0"
127.0.0.1 - - [25/Jun/2025:08:42:40 +0800] "POST /robot/et-7026-in.php HTTP/1.1" 200 - "-" "python-requests/2.32.2"
172.16.36.181 - - [25/Jun/2025:08:42:33 +0800] "GET /manager-page/home-1.php HTTP/1.1" 200 27471 "http://192.168.60.79/manager-page/home-4.php" "Mozilla/5.0 (Windows NT 10.0; Win64; x64) AppleWebKit/537.36 (KHTML, like Gecko) Chrome/137.0.0.0 Safari/537.36 Edg/137.0.0.0"
172.16.36.181 - - [25/Jun/2025:08:42:36 +0800] "GET /manager-page/api/snapshot.php?id=41&t=0.4946611456231541 HTTP/1.1" 500 - "http://192.168.60.79/manager-page/home-4.php" "Mozilla/5.0 (Windows NT 10.0; Win64; x64) AppleWebKit/537.36 (KHTML, like Gecko) Chrome/137.0.0.0 Safari/537.36 Edg/137.0.0.0"
172.16.36.181 - - [25/Jun/2025:08:42:36 +0800] "GET /manager-page/api/snapshot.php?id=42&t=0.001820067303922368 HTTP/1.1" 500 - "http://192.168.60.79/manager-page/home-4.php" "Mozilla/5.0 (Windows NT 10.0; Win64; x64) AppleWebKit/537.36 (KHTML, like Gecko) Chrome/137.0.0.0 Safari/537.36 Edg/137.0.0.0"
172.16.36.181 - - [25/Jun/2025:08:42:40 +0800] "GET /manager-page/api/snapshot.php?id=11 HTTP/1.1" 500 - "http://192.168.60.79/manager-page/home-1.php" "Mozilla/5.0 (Windows NT 10.0; Win64; x64) AppleWebKit/537.36 (KHTML, like Gecko) Chrome/137.0.0.0 Safari/537.36 Edg/137.0.0.0"
172.16.36.181 - - [25/Jun/2025:08:42:40 +0800] "GET /manager-page/api/snapshot.php?id=12 HTTP/1.1" 500 - "http://192.168.60.79/manager-page/home-1.php" "Mozilla/5.0 (Windows NT 10.0; Win64; x64) AppleWebKit/537.36 (KHTML, like Gecko) Chrome/137.0.0.0 Safari/537.36 Edg/137.0.0.0"
172.16.36.181 - - [25/Jun/2025:08:42:47 +0800] "GET /manager-page/live/1-2.jpg HTTP/1.1" 200 46412 "http://192.168.60.79/manager-page/home-1.php" "Mozilla/5.0 (Windows NT 10.0; Win64; x64) AppleWebKit/537.36 (KHTML, like Gecko) Chrome/137.0.0.0 Safari/537.36 Edg/137.0.0.0"
172.16.36.181 - - [25/Jun/2025:08:42:47 +0800] "GET /manager-page/live/1-1.jpg HTTP/1.1" 200 45949 "http://192.168.60.79/manager-page/home-1.php" "Mozilla/5.0 (Windows NT 10.0; Win64; x64) AppleWebKit/537.36 (KHTML, like Gecko) Chrome/137.0.0.0 Safari/537.36 Edg/137.0.0.0"
127.0.0.1 - - [25/Jun/2025:08:42:44 +0800] "POST /robot/lora-in.php HTTP/1.1" 200 - "-" "python-requests/2.31.0"
172.16.36.181 - - [25/Jun/2025:08:42:44 +0800] "GET /manager-page/api/cms-status1.php HTTP/1.1" 200 12 "http://192.168.60.79/manager-page/home-1.php" "Mozilla/5.0 (Windows NT 10.0; Win64; x64) AppleWebKit/537.36 (KHTML, like Gecko) Chrome/137.0.0.0 Safari/537.36 Edg/137.0.0.0"
172.16.36.181 - - [25/Jun/2025:08:42:44 +0800] "GET /manager-page/api/lp-status1.php HTTP/1.1" 200 1 "http://192.168.60.79/manager-page/home-1.php" "Mozilla/5.0 (Windows NT 10.0; Win64; x64) AppleWebKit/537.36 (KHTML, like Gecko) Chrome/137.0.0.0 Safari/537.36 Edg/137.0.0.0"
172.16.36.181 - - [25/Jun/2025:08:42:49 +0800] "GET /manager-page/api/snapshot.php?id=11&t=0.6223566951617291 HTTP/1.1" 200 42284 "http://192.168.60.79/manager-page/home-1.php" "Mozilla/5.0 (Windows NT 10.0; Win64; x64) AppleWebKit/537.36 (KHTML, like Gecko) Chrome/137.0.0.0 Safari/537.36 Edg/137.0.0.0"
127.0.0.1 - - [25/Jun/2025:08:42:52 +0800] "POST /robot/lora-in.php HTTP/1.1" 200 - "-" "python-requests/2.31.0"
172.16.36.181 - - [25/Jun/2025:08:42:49 +0800] "GET /manager-page/api/snapshot.php?id=12&t=0.42844847941638486 HTTP/1.1" 200 45279 "http://192.168.60.79/manager-page/home-1.php" "Mozilla/5.0 (Windows NT 10.0; Win64; x64) AppleWebKit/537.36 (KHTML, like Gecko) Chrome/137.0.0.0 Safari/537.36 Edg/137.0.0.0"
172.16.36.181 - - [25/Jun/2025:08:42:54 +0800] "GET /manager-page/api/snapshot.php?id=11&t=0.8217600736000977 HTTP/1.1" 200 41966 "http://192.168.60.79/manager-page/home-1.php" "Mozilla/5.0 (Windows NT 10.0; Win64; x64) AppleWebKit/537.36 (KHTML, like Gecko) Chrome/137.0.0.0 Safari/537.36 Edg/137.0.0.0"
172.16.36.181 - - [25/Jun/2025:08:42:54 +0800] "GET /manager-page/api/snapshot.php?id=12&t=0.6973085466063169 HTTP/1.1" 200 45215 "http://192.168.60.79/manager-page/home-1.php" "Mozilla/5.0 (Windows NT 10.0; Win64; x64) AppleWebKit/537.36 (KHTML, like Gecko) Chrome/137.0.0.0 Safari/537.36 Edg/137.0.0.0"
172.16.36.181 - - [25/Jun/2025:08:42:59 +0800] "GET /manager-page/api/snapshot.php?id=11&t=0.3029909344858073 HTTP/1.1" 200 42072 "http://192.168.60.79/manager-page/home-1.php" "Mozilla/5.0 (Windows NT 10.0; Win64; x64) AppleWebKit/537.36 (KHTML, like Gecko) Chrome/137.0.0.0 Safari/537.36 Edg/137.0.0.0"
127.0.0.1 - - [25/Jun/2025:08:43:00 +0800] "GET /robot/alarm-history-in.php HTTP/1.1" 200 - "-" "python-requests/2.28.1"
172.16.36.181 - - [25/Jun/2025:08:42:59 +0800] "GET /manager-page/api/snapshot.php?id=12&t=0.9318027578281087 HTTP/1.1" 200 45251 "http://192.168.60.79/manager-page/home-1.php" "Mozilla/5.0 (Windows NT 10.0; Win64; x64) AppleWebKit/537.36 (KHTML, like Gecko) Chrome/137.0.0.0 Safari/537.36 Edg/137.0.0.0"
172.16.36.181 - - [25/Jun/2025:08:43:04 +0800] "GET /manager-page/api/snapshot.php?id=12&t=0.11861497559324286 HTTP/1.1" 200 45188 "http://192.168.60.79/manager-page/home-1.php" "Mozilla/5.0 (Windows NT 10.0; Win64; x64) AppleWebKit/537.36 (KHTML, like Gecko) Chrome/137.0.0.0 Safari/537.36 Edg/137.0.0.0"
172.16.36.181 - - [25/Jun/2025:08:43:04 +0800] "GET /manager-page/api/snapshot.php?id=11&t=0.47134350040112216 HTTP/1.1" 200 42101 "http://192.168.60.79/manager-page/home-1.php" "Mozilla/5.0 (Windows NT 10.0; Win64; x64) AppleWebKit/537.36 (KHTML, like Gecko) Chrome/137.0.0.0 Safari/537.36 Edg/137.0.0.0"
172.16.36.181 - - [25/Jun/2025:08:43:09 +0800] "GET /manager-page/api/snapshot.php?id=12&t=0.4136266195143258 HTTP/1.1" 500 - "http://192.168.60.79/manager-page/home-1.php" "Mozilla/5.0 (Windows NT 10.0; Win64; x64) AppleWebKit/537.36 (KHTML, like Gecko) Chrome/137.0.0.0 Safari/537.36 Edg/137.0.0.0"
172.16.36.181 - - [25/Jun/2025:08:43:09 +0800] "GET /manager-page/api/snapshot.php?id=11&t=0.9002423884849182 HTTP/1.1" 500 - "http://192.168.60.79/manager-page/home-1.php" "Mozilla/5.0 (Windows NT 10.0; Win64; x64) AppleWebKit/537.36 (KHTML, like Gecko) Chrome/137.0.0.0 Safari/537.36 Edg/137.0.0.0"
172.16.36.181 - - [25/Jun/2025:08:43:14 +0800] "GET /manager-page/api/snapshot.php?id=11&t=0.1784843961436785 HTTP/1.1" 200 42069 "http://192.168.60.79/manager-page/home-1.php" "Mozilla/5.0 (Windows NT 10.0; Win64; x64) AppleWebKit/537.36 (KHTML, like Gecko) Chrome/137.0.0.0 Safari/537.36 Edg/137.0.0.0"
127.0.0.1 - - [25/Jun/2025:08:42:58 +0800] "POST /robot/lora-in.php HTTP/1.1" 200 - "-" "python-requests/2.31.0"
172.16.36.181 - - [25/Jun/2025:08:43:14 +0800] "GET /manager-page/api/snapshot.php?id=12&t=0.4638947483975082 HTTP/1.1" 200 45229 "http://192.168.60.79/manager-page/home-1.php" "Mozilla/5.0 (Windows NT 10.0; Win64; x64) AppleWebKit/537.36 (KHTML, like Gecko) Chrome/137.0.0.0 Safari/537.36 Edg/137.0.0.0"
172.16.36.181 - - [25/Jun/2025:08:43:19 +0800] "GET /manager-page/api/snapshot.php?id=12&t=0.6697878829094023 HTTP/1.1" 200 45299 "http://192.168.60.79/manager-page/home-1.php" "Mozilla/5.0 (Windows NT 10.0; Win64; x64) AppleWebKit/537.36 (KHTML, like Gecko) Chrome/137.0.0.0 Safari/537.36 Edg/137.0.0.0"
172.16.36.181 - - [25/Jun/2025:08:43:19 +0800] "GET /manager-page/api/snapshot.php?id=11&t=0.13909905819169277 HTTP/1.1" 500 - "http://192.168.60.79/manager-page/home-1.php" "Mozilla/5.0 (Windows NT 10.0; Win64; x64) AppleWebKit/537.36 (KHTML, like Gecko) Chrome/137.0.0.0 Safari/537.36 Edg/137.0.0.0"
111.70.30.250 - - [25/Jun/2025:08:43:28 +0800] "POST /robot/lora-in.php HTTP/1.1" 200 - "-" "python-requests/2.21.0"
172.16.36.181 - - [25/Jun/2025:08:43:24 +0800] "GET /manager-page/api/snapshot.php?id=12&t=0.8507840428021695 HTTP/1.1" 200 45270 "http://192.168.60.79/manager-page/home-1.php" "Mozilla/5.0 (Windows NT 10.0; Win64; x64) AppleWebKit/537.36 (KHTML, like Gecko) Chrome/137.0.0.0 Safari/537.36 Edg/137.0.0.0"
172.16.36.181 - - [25/Jun/2025:08:43:24 +0800] "GET /manager-page/api/snapshot.php?id=11&t=0.6303467944724517 HTTP/1.1" 500 - "http://192.168.60.79/manager-page/home-1.php" "Mozilla/5.0 (Windows NT 10.0; Win64; x64) AppleWebKit/537.36 (KHTML, like Gecko) Chrome/137.0.0.0 Safari/537.36 Edg/137.0.0.0"
172.16.36.181 - - [25/Jun/2025:08:43:29 +0800] "GET /manager-page/api/snapshot.php?id=11&t=0.4271711212526954 HTTP/1.1" 200 42070 "http://192.168.60.79/manager-page/home-1.php" "Mozilla/5.0 (Windows NT 10.0; Win64; x64) AppleWebKit/537.36 (KHTML, like Gecko) Chrome/137.0.0.0 Safari/537.36 Edg/137.0.0.0"
172.16.36.181 - - [25/Jun/2025:08:43:29 +0800] "GET /manager-page/api/snapshot.php?id=12&t=0.9098660184450679 HTTP/1.1" 200 45240 "http://192.168.60.79/manager-page/home-1.php" "Mozilla/5.0 (Windows NT 10.0; Win64; x64) AppleWebKit/537.36 (KHTML, like Gecko) Chrome/137.0.0.0 Safari/537.36 Edg/137.0.0.0"
172.16.36.181 - - [25/Jun/2025:08:43:34 +0800] "GET /manager-page/api/snapshot.php?id=11&t=0.14203794389907776 HTTP/1.1" 200 42060 "http://192.168.60.79/manager-page/home-1.php" "Mozilla/5.0 (Windows NT 10.0; Win64; x64) AppleWebKit/537.36 (KHTML, like Gecko) Chrome/137.0.0.0 Safari/537.36 Edg/137.0.0.0"
172.16.36.181 - - [25/Jun/2025:08:43:34 +0800] "GET /manager-page/api/snapshot.php?id=12&t=0.8809970827878995 HTTP/1.1" 200 45212 "http://192.168.60.79/manager-page/home-1.php" "Mozilla/5.0 (Windows NT 10.0; Win64; x64) AppleWebKit/537.36 (KHTML, like Gecko) Chrome/137.0.0.0 Safari/537.36 Edg/137.0.0.0"
172.16.36.181 - - [25/Jun/2025:08:43:39 +0800] "GET /manager-page/api/snapshot.php?id=11&t=0.25969475865468017 HTTP/1.1" 200 42013 "http://192.168.60.79/manager-page/home-1.php" "Mozilla/5.0 (Windows NT 10.0; Win64; x64) AppleWebKit/537.36 (KHTML, like Gecko) Chrome/137.0.0.0 Safari/537.36 Edg/137.0.0.0"
111.70.30.252 - - [25/Jun/2025:08:43:36 +0800] "POST /robot/lora-in.php HTTP/1.1" 200 - "-" "python-requests/2.21.0"
172.16.36.181 - - [25/Jun/2025:08:43:39 +0800] "GET /manager-page/api/snapshot.php?id=12&t=0.2566708187935196 HTTP/1.1" 200 45238 "http://192.168.60.79/manager-page/home-1.php" "Mozilla/5.0 (Windows NT 10.0; Win64; x64) AppleWebKit/537.36 (KHTML, like Gecko) Chrome/137.0.0.0 Safari/537.36 Edg/137.0.0.0"
172.16.36.181 - - [25/Jun/2025:08:43:44 +0800] "GET /manager-page/api/snapshot.php?id=11&t=0.059831267512756914 HTTP/1.1" 200 42042 "http://192.168.60.79/manager-page/home-1.php" "Mozilla/5.0 (Windows NT 10.0; Win64; x64) AppleWebKit/537.36 (KHTML, like Gecko) Chrome/137.0.0.0 Safari/537.36 Edg/137.0.0.0"
172.16.36.181 - - [25/Jun/2025:08:43:44 +0800] "GET /manager-page/api/snapshot.php?id=12&t=0.1018345751613482 HTTP/1.1" 200 45533 "http://192.168.60.79/manager-page/home-1.php" "Mozilla/5.0 (Windows NT 10.0; Win64; x64) AppleWebKit/537.36 (KHTML, like Gecko) Chrome/137.0.0.0 Safari/537.36 Edg/137.0.0.0"
172.16.36.181 - - [25/Jun/2025:08:43:49 +0800] "GET /manager-page/api/snapshot.php?id=12&t=0.26299898139845646 HTTP/1.1" 200 45378 "http://192.168.60.79/manager-page/home-1.php" "Mozilla/5.0 (Windows NT 10.0; Win64; x64) AppleWebKit/537.36 (KHTML, like Gecko) Chrome/137.0.0.0 Safari/537.36 Edg/137.0.0.0"
172.16.36.181 - - [25/Jun/2025:08:43:49 +0800] "GET /manager-page/api/snapshot.php?id=11&t=0.010686051094283888 HTTP/1.1" 200 42705 "http://192.168.60.79/manager-page/home-1.php" "Mozilla/5.0 (Windows NT 10.0; Win64; x64) AppleWebKit/537.36 (KHTML, like Gecko) Chrome/137.0.0.0 Safari/537.36 Edg/137.0.0.0"
172.16.36.181 - - [25/Jun/2025:08:43:54 +0800] "GET /manager-page/api/snapshot.php?id=11&t=0.8490684743503131 HTTP/1.1" 200 41909 "http://192.168.60.79/manager-page/home-1.php" "Mozilla/5.0 (Windows NT 10.0; Win64; x64) AppleWebKit/537.36 (KHTML, like Gecko) Chrome/137.0.0.0 Safari/537.36 Edg/137.0.0.0"
172.16.36.181 - - [25/Jun/2025:08:43:54 +0800] "GET /manager-page/api/snapshot.php?id=12&t=0.42811488713739254 HTTP/1.1" 200 45265 "http://192.168.60.79/manager-page/home-1.php" "Mozilla/5.0 (Windows NT 10.0; Win64; x64) AppleWebKit/537.36 (KHTML, like Gecko) Chrome/137.0.0.0 Safari/537.36 Edg/137.0.0.0"
127.0.0.1 - - [25/Jun/2025:08:44:00 +0800] "GET /robot/alarm-history-in.php HTTP/1.1" 200 - "-" "python-requests/2.28.1"
172.16.36.181 - - [25/Jun/2025:08:43:59 +0800] "GET /manager-page/api/snapshot.php?id=11&t=0.9563005268940127 HTTP/1.1" 200 41936 "http://192.168.60.79/manager-page/home-1.php" "Mozilla/5.0 (Windows NT 10.0; Win64; x64) AppleWebKit/537.36 (KHTML, like Gecko) Chrome/137.0.0.0 Safari/537.36 Edg/137.0.0.0"
172.16.36.181 - - [25/Jun/2025:08:43:59 +0800] "GET /manager-page/api/snapshot.php?id=12&t=0.8449352090339307 HTTP/1.1" 200 45212 "http://192.168.60.79/manager-page/home-1.php" "Mozilla/5.0 (Windows NT 10.0; Win64; x64) AppleWebKit/537.36 (KHTML, like Gecko) Chrome/137.0.0.0 Safari/537.36 Edg/137.0.0.0"
172.16.36.181 - - [25/Jun/2025:08:44:04 +0800] "GET /manager-page/api/snapshot.php?id=11&t=0.1726986172877536 HTTP/1.1" 200 41995 "http://192.168.60.79/manager-page/home-1.php" "Mozilla/5.0 (Windows NT 10.0; Win64; x64) AppleWebKit/537.36 (KHTML, like Gecko) Chrome/137.0.0.0 Safari/537.36 Edg/137.0.0.0"
172.16.36.181 - - [25/Jun/2025:08:44:04 +0800] "GET /manager-page/api/snapshot.php?id=12&t=0.006117935250339879 HTTP/1.1" 200 45222 "http://192.168.60.79/manager-page/home-1.php" "Mozilla/5.0 (Windows NT 10.0; Win64; x64) AppleWebKit/537.36 (KHTML, like Gecko) Chrome/137.0.0.0 Safari/537.36 Edg/137.0.0.0"
172.16.36.181 - - [25/Jun/2025:08:44:09 +0800] "GET /manager-page/api/snapshot.php?id=11&t=0.18861080609679703 HTTP/1.1" 200 41957 "http://192.168.60.79/manager-page/home-1.php" "Mozilla/5.0 (Windows NT 10.0; Win64; x64) AppleWebKit/537.36 (KHTML, like Gecko) Chrome/137.0.0.0 Safari/537.36 Edg/137.0.0.0"
172.16.36.181 - - [25/Jun/2025:08:44:09 +0800] "GET /manager-page/api/snapshot.php?id=12&t=0.27012234413741854 HTTP/1.1" 200 45246 "http://192.168.60.79/manager-page/home-1.php" "Mozilla/5.0 (Windows NT 10.0; Win64; x64) AppleWebKit/537.36 (KHTML, like Gecko) Chrome/137.0.0.0 Safari/537.36 Edg/137.0.0.0"
172.16.36.181 - - [25/Jun/2025:08:44:14 +0800] "GET /manager-page/api/snapshot.php?id=12&t=0.10334589839752739 HTTP/1.1" 200 45350 "http://192.168.60.79/manager-page/home-1.php" "Mozilla/5.0 (Windows NT 10.0; Win64; x64) AppleWebKit/537.36 (KHTML, like Gecko) Chrome/137.0.0.0 Safari/537.36 Edg/137.0.0.0"
172.16.36.181 - - [25/Jun/2025:08:44:14 +0800] "GET /manager-page/api/snapshot.php?id=11&t=0.3973355371736199 HTTP/1.1" 200 41957 "http://192.168.60.79/manager-page/home-1.php" "Mozilla/5.0 (Windows NT 10.0; Win64; x64) AppleWebKit/537.36 (KHTML, like Gecko) Chrome/137.0.0.0 Safari/537.36 Edg/137.0.0.0"
172.16.36.181 - - [25/Jun/2025:08:44:19 +0800] "GET /manager-page/api/snapshot.php?id=12&t=0.2703406584424728 HTTP/1.1" 200 45084 "http://192.168.60.79/manager-page/home-1.php" "Mozilla/5.0 (Windows NT 10.0; Win64; x64) AppleWebKit/537.36 (KHTML, like Gecko) Chrome/137.0.0.0 Safari/537.36 Edg/137.0.0.0"
172.16.36.181 - - [25/Jun/2025:08:44:19 +0800] "GET /manager-page/api/snapshot.php?id=11&t=0.5630589648639445 HTTP/1.1" 200 41970 "http://192.168.60.79/manager-page/home-1.php" "Mozilla/5.0 (Windows NT 10.0; Win64; x64) AppleWebKit/537.36 (KHTML, like Gecko) Chrome/137.0.0.0 Safari/537.36 Edg/137.0.0.0"
172.16.36.181 - - [25/Jun/2025:08:44:24 +0800] "GET /manager-page/api/snapshot.php?id=11&t=0.7483014364287189 HTTP/1.1" 200 42218 "http://192.168.60.79/manager-page/home-1.php" "Mozilla/5.0 (Windows NT 10.0; Win64; x64) AppleWebKit/537.36 (KHTML, like Gecko) Chrome/137.0.0.0 Safari/537.36 Edg/137.0.0.0"
172.16.36.181 - - [25/Jun/2025:08:44:24 +0800] "GET /manager-page/api/snapshot.php?id=12&t=0.3056050187914917 HTTP/1.1" 200 45301 "http://192.168.60.79/manager-page/home-1.php" "Mozilla/5.0 (Windows NT 10.0; Win64; x64) AppleWebKit/537.36 (KHTML, like Gecko) Chrome/137.0.0.0 Safari/537.36 Edg/137.0.0.0"
172.16.36.181 - - [25/Jun/2025:08:44:29 +0800] "GET /manager-page/api/snapshot.php?id=11&t=0.7900806944495361 HTTP/1.1" 200 41890 "http://192.168.60.79/manager-page/home-1.php" "Mozilla/5.0 (Windows NT 10.0; Win64; x64) AppleWebKit/537.36 (KHTML, like Gecko) Chrome/137.0.0.0 Safari/537.36 Edg/137.0.0.0"
172.16.36.181 - - [25/Jun/2025:08:44:29 +0800] "GET /manager-page/api/snapshot.php?id=12&t=0.8753432503011129 HTTP/1.1" 200 45313 "http://192.168.60.79/manager-page/home-1.php" "Mozilla/5.0 (Windows NT 10.0; Win64; x64) AppleWebKit/537.36 (KHTML, like Gecko) Chrome/137.0.0.0 Safari/537.36 Edg/137.0.0.0"
172.16.36.181 - - [25/Jun/2025:08:44:34 +0800] "GET /manager-page/api/snapshot.php?id=11&t=0.8382511123842159 HTTP/1.1" 200 41893 "http://192.168.60.79/manager-page/home-1.php" "Mozilla/5.0 (Windows NT 10.0; Win64; x64) AppleWebKit/537.36 (KHTML, like Gecko) Chrome/137.0.0.0 Safari/537.36 Edg/137.0.0.0"
172.16.36.181 - - [25/Jun/2025:08:44:34 +0800] "GET /manager-page/api/snapshot.php?id=12&t=0.6774740945239404 HTTP/1.1" 200 45285 "http://192.168.60.79/manager-page/home-1.php" "Mozilla/5.0 (Windows NT 10.0; Win64; x64) AppleWebKit/537.36 (KHTML, like Gecko) Chrome/137.0.0.0 Safari/537.36 Edg/137.0.0.0"
172.16.36.181 - - [25/Jun/2025:08:44:39 +0800] "GET /manager-page/api/snapshot.php?id=11&t=0.26020899107309536 HTTP/1.1" 200 41848 "http://192.168.60.79/manager-page/home-1.php" "Mozilla/5.0 (Windows NT 10.0; Win64; x64) AppleWebKit/537.36 (KHTML, like Gecko) Chrome/137.0.0.0 Safari/537.36 Edg/137.0.0.0"
172.16.36.181 - - [25/Jun/2025:08:44:39 +0800] "GET /manager-page/api/snapshot.php?id=12&t=0.8595478776712524 HTTP/1.1" 200 45158 "http://192.168.60.79/manager-page/home-1.php" "Mozilla/5.0 (Windows NT 10.0; Win64; x64) AppleWebKit/537.36 (KHTML, like Gecko) Chrome/137.0.0.0 Safari/537.36 Edg/137.0.0.0"
172.16.36.181 - - [25/Jun/2025:08:44:44 +0800] "GET /manager-page/api/snapshot.php?id=11&t=0.6022779963549381 HTTP/1.1" 200 41863 "http://192.168.60.79/manager-page/home-1.php" "Mozilla/5.0 (Windows NT 10.0; Win64; x64) AppleWebKit/537.36 (KHTML, like Gecko) Chrome/137.0.0.0 Safari/537.36 Edg/137.0.0.0"
172.16.36.181 - - [25/Jun/2025:08:44:44 +0800] "GET /manager-page/api/snapshot.php?id=12&t=0.15027169900286874 HTTP/1.1" 200 45199 "http://192.168.60.79/manager-page/home-1.php" "Mozilla/5.0 (Windows NT 10.0; Win64; x64) AppleWebKit/537.36 (KHTML, like Gecko) Chrome/137.0.0.0 Safari/537.36 Edg/137.0.0.0"
172.16.36.181 - - [25/Jun/2025:08:44:49 +0800] "GET /manager-page/api/snapshot.php?id=11&t=0.6042883577250296 HTTP/1.1" 200 41859 "http://192.168.60.79/manager-page/home-1.php" "Mozilla/5.0 (Windows NT 10.0; Win64; x64) AppleWebKit/537.36 (KHTML, like Gecko) Chrome/137.0.0.0 Safari/537.36 Edg/137.0.0.0"
172.16.36.181 - - [25/Jun/2025:08:44:49 +0800] "GET /manager-page/api/snapshot.php?id=12&t=0.8359663983777217 HTTP/1.1" 200 45261 "http://192.168.60.79/manager-page/home-1.php" "Mozilla/5.0 (Windows NT 10.0; Win64; x64) AppleWebKit/537.36 (KHTML, like Gecko) Chrome/137.0.0.0 Safari/537.36 Edg/137.0.0.0"
172.16.36.181 - - [25/Jun/2025:08:44:54 +0800] "GET /manager-page/api/snapshot.php?id=11&t=0.6583008636753308 HTTP/1.1" 200 41901 "http://192.168.60.79/manager-page/home-1.php" "Mozilla/5.0 (Windows NT 10.0; Win64; x64) AppleWebKit/537.36 (KHTML, like Gecko) Chrome/137.0.0.0 Safari/537.36 Edg/137.0.0.0"
172.16.36.181 - - [25/Jun/2025:08:44:54 +0800] "GET /manager-page/api/snapshot.php?id=12&t=0.1715473334429224 HTTP/1.1" 200 45389 "http://192.168.60.79/manager-page/home-1.php" "Mozilla/5.0 (Windows NT 10.0; Win64; x64) AppleWebKit/537.36 (KHTML, like Gecko) Chrome/137.0.0.0 Safari/537.36 Edg/137.0.0.0"
172.16.36.181 - - [25/Jun/2025:08:44:59 +0800] "GET /manager-page/api/snapshot.php?id=11&t=0.706851746698907 HTTP/1.1" 200 41813 "http://192.168.60.79/manager-page/home-1.php" "Mozilla/5.0 (Windows NT 10.0; Win64; x64) AppleWebKit/537.36 (KHTML, like Gecko) Chrome/137.0.0.0 Safari/537.36 Edg/137.0.0.0"
172.16.36.181 - - [25/Jun/2025:08:44:59 +0800] "GET /manager-page/api/snapshot.php?id=12&t=0.1576622385809403 HTTP/1.1" 200 45335 "http://192.168.60.79/manager-page/home-1.php" "Mozilla/5.0 (Windows NT 10.0; Win64; x64) AppleWebKit/537.36 (KHTML, like Gecko) Chrome/137.0.0.0 Safari/537.36 Edg/137.0.0.0"
127.0.0.1 - - [25/Jun/2025:08:45:00 +0800] "GET /robot/alarm-history-in.php HTTP/1.1" 200 - "-" "python-requests/2.28.1"
172.16.36.181 - - [25/Jun/2025:08:45:04 +0800] "GET /manager-page/api/snapshot.php?id=11&t=0.25792489884704306 HTTP/1.1" 200 43352 "http://192.168.60.79/manager-page/home-1.php" "Mozilla/5.0 (Windows NT 10.0; Win64; x64) AppleWebKit/537.36 (KHTML, like Gecko) Chrome/137.0.0.0 Safari/537.36 Edg/137.0.0.0"
172.16.36.181 - - [25/Jun/2025:08:45:04 +0800] "GET /manager-page/api/snapshot.php?id=12&t=0.8988942561082564 HTTP/1.1" 200 45335 "http://192.168.60.79/manager-page/home-1.php" "Mozilla/5.0 (Windows NT 10.0; Win64; x64) AppleWebKit/537.36 (KHTML, like Gecko) Chrome/137.0.0.0 Safari/537.36 Edg/137.0.0.0"
172.16.36.181 - - [25/Jun/2025:08:45:09 +0800] "GET /manager-page/api/snapshot.php?id=11&t=0.20262248431016683 HTTP/1.1" 200 41986 "http://192.168.60.79/manager-page/home-1.php" "Mozilla/5.0 (Windows NT 10.0; Win64; x64) AppleWebKit/537.36 (KHTML, like Gecko) Chrome/137.0.0.0 Safari/537.36 Edg/137.0.0.0"
172.16.36.181 - - [25/Jun/2025:08:45:09 +0800] "GET /manager-page/api/snapshot.php?id=12&t=0.34926576012355603 HTTP/1.1" 200 45396 "http://192.168.60.79/manager-page/home-1.php" "Mozilla/5.0 (Windows NT 10.0; Win64; x64) AppleWebKit/537.36 (KHTML, like Gecko) Chrome/137.0.0.0 Safari/537.36 Edg/137.0.0.0"
172.16.36.181 - - [25/Jun/2025:08:45:14 +0800] "GET /manager-page/api/snapshot.php?id=11&t=0.17744735249186727 HTTP/1.1" 200 41763 "http://192.168.60.79/manager-page/home-1.php" "Mozilla/5.0 (Windows NT 10.0; Win64; x64) AppleWebKit/537.36 (KHTML, like Gecko) Chrome/137.0.0.0 Safari/537.36 Edg/137.0.0.0"
172.16.36.181 - - [25/Jun/2025:08:45:14 +0800] "GET /manager-page/api/snapshot.php?id=12&t=0.346060773625153 HTTP/1.1" 200 45424 "http://192.168.60.79/manager-page/home-1.php" "Mozilla/5.0 (Windows NT 10.0; Win64; x64) AppleWebKit/537.36 (KHTML, like Gecko) Chrome/137.0.0.0 Safari/537.36 Edg/137.0.0.0"
172.16.36.181 - - [25/Jun/2025:08:45:19 +0800] "GET /manager-page/api/snapshot.php?id=11&t=0.7771333097631394 HTTP/1.1" 200 41766 "http://192.168.60.79/manager-page/home-1.php" "Mozilla/5.0 (Windows NT 10.0; Win64; x64) AppleWebKit/537.36 (KHTML, like Gecko) Chrome/137.0.0.0 Safari/537.36 Edg/137.0.0.0"
172.16.36.181 - - [25/Jun/2025:08:45:19 +0800] "GET /manager-page/api/snapshot.php?id=12&t=0.09955293270700727 HTTP/1.1" 200 45276 "http://192.168.60.79/manager-page/home-1.php" "Mozilla/5.0 (Windows NT 10.0; Win64; x64) AppleWebKit/537.36 (KHTML, like Gecko) Chrome/137.0.0.0 Safari/537.36 Edg/137.0.0.0"
172.16.36.181 - - [25/Jun/2025:08:45:24 +0800] "GET /manager-page/api/snapshot.php?id=11&t=0.7572972915662289 HTTP/1.1" 200 41735 "http://192.168.60.79/manager-page/home-1.php" "Mozilla/5.0 (Windows NT 10.0; Win64; x64) AppleWebKit/537.36 (KHTML, like Gecko) Chrome/137.0.0.0 Safari/537.36 Edg/137.0.0.0"
172.16.36.181 - - [25/Jun/2025:08:45:24 +0800] "GET /manager-page/api/snapshot.php?id=12&t=0.40789186508937014 HTTP/1.1" 200 45250 "http://192.168.60.79/manager-page/home-1.php" "Mozilla/5.0 (Windows NT 10.0; Win64; x64) AppleWebKit/537.36 (KHTML, like Gecko) Chrome/137.0.0.0 Safari/537.36 Edg/137.0.0.0"
172.16.36.181 - - [25/Jun/2025:08:45:29 +0800] "GET /manager-page/api/snapshot.php?id=12&t=0.022228309851783923 HTTP/1.1" 200 45354 "http://192.168.60.79/manager-page/home-1.php" "Mozilla/5.0 (Windows NT 10.0; Win64; x64) AppleWebKit/537.36 (KHTML, like Gecko) Chrome/137.0.0.0 Safari/537.36 Edg/137.0.0.0"
172.16.36.181 - - [25/Jun/2025:08:45:29 +0800] "GET /manager-page/api/snapshot.php?id=11&t=0.9930267210829563 HTTP/1.1" 200 43409 "http://192.168.60.79/manager-page/home-1.php" "Mozilla/5.0 (Windows NT 10.0; Win64; x64) AppleWebKit/537.36 (KHTML, like Gecko) Chrome/137.0.0.0 Safari/537.36 Edg/137.0.0.0"
172.16.36.181 - - [25/Jun/2025:08:45:34 +0800] "GET /manager-page/api/snapshot.php?id=11&t=0.6629258777025024 HTTP/1.1" 200 41724 "http://192.168.60.79/manager-page/home-1.php" "Mozilla/5.0 (Windows NT 10.0; Win64; x64) AppleWebKit/537.36 (KHTML, like Gecko) Chrome/137.0.0.0 Safari/537.36 Edg/137.0.0.0"
172.16.36.181 - - [25/Jun/2025:08:45:34 +0800] "GET /manager-page/api/snapshot.php?id=12&t=0.9585782705698243 HTTP/1.1" 200 45273 "http://192.168.60.79/manager-page/home-1.php" "Mozilla/5.0 (Windows NT 10.0; Win64; x64) AppleWebKit/537.36 (KHTML, like Gecko) Chrome/137.0.0.0 Safari/537.36 Edg/137.0.0.0"
172.16.36.181 - - [25/Jun/2025:08:45:39 +0800] "GET /manager-page/api/snapshot.php?id=11&t=0.4244806992247314 HTTP/1.1" 200 41782 "http://192.168.60.79/manager-page/home-1.php" "Mozilla/5.0 (Windows NT 10.0; Win64; x64) AppleWebKit/537.36 (KHTML, like Gecko) Chrome/137.0.0.0 Safari/537.36 Edg/137.0.0.0"
172.16.36.181 - - [25/Jun/2025:08:45:39 +0800] "GET /manager-page/api/snapshot.php?id=12&t=0.5337755761182595 HTTP/1.1" 200 45234 "http://192.168.60.79/manager-page/home-1.php" "Mozilla/5.0 (Windows NT 10.0; Win64; x64) AppleWebKit/537.36 (KHTML, like Gecko) Chrome/137.0.0.0 Safari/537.36 Edg/137.0.0.0"
172.16.36.181 - - [25/Jun/2025:08:45:44 +0800] "GET /manager-page/api/snapshot.php?id=11&t=0.43872446770374507 HTTP/1.1" 200 41807 "http://192.168.60.79/manager-page/home-1.php" "Mozilla/5.0 (Windows NT 10.0; Win64; x64) AppleWebKit/537.36 (KHTML, like Gecko) Chrome/137.0.0.0 Safari/537.36 Edg/137.0.0.0"
172.16.36.181 - - [25/Jun/2025:08:45:44 +0800] "GET /manager-page/api/snapshot.php?id=12&t=0.5550532894599165 HTTP/1.1" 200 45219 "http://192.168.60.79/manager-page/home-1.php" "Mozilla/5.0 (Windows NT 10.0; Win64; x64) AppleWebKit/537.36 (KHTML, like Gecko) Chrome/137.0.0.0 Safari/537.36 Edg/137.0.0.0"
172.16.36.181 - - [25/Jun/2025:08:45:49 +0800] "GET /manager-page/api/snapshot.php?id=11&t=0.8176081399605877 HTTP/1.1" 200 41920 "http://192.168.60.79/manager-page/home-1.php" "Mozilla/5.0 (Windows NT 10.0; Win64; x64) AppleWebKit/537.36 (KHTML, like Gecko) Chrome/137.0.0.0 Safari/537.36 Edg/137.0.0.0"
172.16.36.181 - - [25/Jun/2025:08:45:49 +0800] "GET /manager-page/api/snapshot.php?id=12&t=0.3891297861829437 HTTP/1.1" 200 47098 "http://192.168.60.79/manager-page/home-1.php" "Mozilla/5.0 (Windows NT 10.0; Win64; x64) AppleWebKit/537.36 (KHTML, like Gecko) Chrome/137.0.0.0 Safari/537.36 Edg/137.0.0.0"
172.16.36.181 - - [25/Jun/2025:08:45:54 +0800] "GET /manager-page/api/snapshot.php?id=12&t=0.17634420943646512 HTTP/1.1" 200 45391 "http://192.168.60.79/manager-page/home-1.php" "Mozilla/5.0 (Windows NT 10.0; Win64; x64) AppleWebKit/537.36 (KHTML, like Gecko) Chrome/137.0.0.0 Safari/537.36 Edg/137.0.0.0"
172.16.36.181 - - [25/Jun/2025:08:45:54 +0800] "GET /manager-page/api/snapshot.php?id=11&t=0.23666233488887856 HTTP/1.1" 200 41923 "http://192.168.60.79/manager-page/home-1.php" "Mozilla/5.0 (Windows NT 10.0; Win64; x64) AppleWebKit/537.36 (KHTML, like Gecko) Chrome/137.0.0.0 Safari/537.36 Edg/137.0.0.0"
172.16.36.181 - - [25/Jun/2025:08:45:59 +0800] "GET /manager-page/api/snapshot.php?id=12&t=0.8837274641078591 HTTP/1.1" 200 45295 "http://192.168.60.79/manager-page/home-1.php" "Mozilla/5.0 (Windows NT 10.0; Win64; x64) AppleWebKit/537.36 (KHTML, like Gecko) Chrome/137.0.0.0 Safari/537.36 Edg/137.0.0.0"
127.0.0.1 - - [25/Jun/2025:08:46:00 +0800] "GET /robot/alarm-history-in.php HTTP/1.1" 200 - "-" "python-requests/2.28.1"
172.16.36.181 - - [25/Jun/2025:08:45:59 +0800] "GET /manager-page/api/snapshot.php?id=11&t=0.5367819782613885 HTTP/1.1" 200 41838 "http://192.168.60.79/manager-page/home-1.php" "Mozilla/5.0 (Windows NT 10.0; Win64; x64) AppleWebKit/537.36 (KHTML, like Gecko) Chrome/137.0.0.0 Safari/537.36 Edg/137.0.0.0"
172.16.36.181 - - [25/Jun/2025:08:46:04 +0800] "GET /manager-page/api/snapshot.php?id=11&t=0.09618704943385681 HTTP/1.1" 200 41727 "http://192.168.60.79/manager-page/home-1.php" "Mozilla/5.0 (Windows NT 10.0; Win64; x64) AppleWebKit/537.36 (KHTML, like Gecko) Chrome/137.0.0.0 Safari/537.36 Edg/137.0.0.0"
172.16.36.181 - - [25/Jun/2025:08:46:04 +0800] "GET /manager-page/api/snapshot.php?id=12&t=0.1633292229013008 HTTP/1.1" 200 45393 "http://192.168.60.79/manager-page/home-1.php" "Mozilla/5.0 (Windows NT 10.0; Win64; x64) AppleWebKit/537.36 (KHTML, like Gecko) Chrome/137.0.0.0 Safari/537.36 Edg/137.0.0.0"
172.16.36.181 - - [25/Jun/2025:08:46:09 +0800] "GET /manager-page/api/snapshot.php?id=11&t=0.5693766626408534 HTTP/1.1" 200 41880 "http://192.168.60.79/manager-page/home-1.php" "Mozilla/5.0 (Windows NT 10.0; Win64; x64) AppleWebKit/537.36 (KHTML, like Gecko) Chrome/137.0.0.0 Safari/537.36 Edg/137.0.0.0"
172.16.36.181 - - [25/Jun/2025:08:46:09 +0800] "GET /manager-page/api/snapshot.php?id=12&t=0.8261276983832606 HTTP/1.1" 200 45378 "http://192.168.60.79/manager-page/home-1.php" "Mozilla/5.0 (Windows NT 10.0; Win64; x64) AppleWebKit/537.36 (KHTML, like Gecko) Chrome/137.0.0.0 Safari/537.36 Edg/137.0.0.0"
172.16.36.181 - - [25/Jun/2025:08:46:14 +0800] "GET /manager-page/api/snapshot.php?id=11&t=0.3244154535704301 HTTP/1.1" 200 41757 "http://192.168.60.79/manager-page/home-1.php" "Mozilla/5.0 (Windows NT 10.0; Win64; x64) AppleWebKit/537.36 (KHTML, like Gecko) Chrome/137.0.0.0 Safari/537.36 Edg/137.0.0.0"
172.16.36.181 - - [25/Jun/2025:08:46:14 +0800] "GET /manager-page/api/snapshot.php?id=12&t=0.9841459372569415 HTTP/1.1" 200 45262 "http://192.168.60.79/manager-page/home-1.php" "Mozilla/5.0 (Windows NT 10.0; Win64; x64) AppleWebKit/537.36 (KHTML, like Gecko) Chrome/137.0.0.0 Safari/537.36 Edg/137.0.0.0"
172.16.36.181 - - [25/Jun/2025:08:46:19 +0800] "GET /manager-page/api/snapshot.php?id=11&t=0.7598610420137408 HTTP/1.1" 200 41789 "http://192.168.60.79/manager-page/home-1.php" "Mozilla/5.0 (Windows NT 10.0; Win64; x64) AppleWebKit/537.36 (KHTML, like Gecko) Chrome/137.0.0.0 Safari/537.36 Edg/137.0.0.0"
172.16.36.181 - - [25/Jun/2025:08:46:19 +0800] "GET /manager-page/api/snapshot.php?id=12&t=0.34265594873963645 HTTP/1.1" 200 45882 "http://192.168.60.79/manager-page/home-1.php" "Mozilla/5.0 (Windows NT 10.0; Win64; x64) AppleWebKit/537.36 (KHTML, like Gecko) Chrome/137.0.0.0 Safari/537.36 Edg/137.0.0.0"
172.16.36.181 - - [25/Jun/2025:08:46:24 +0800] "GET /manager-page/api/snapshot.php?id=11&t=0.4660615783387333 HTTP/1.1" 200 42854 "http://192.168.60.79/manager-page/home-1.php" "Mozilla/5.0 (Windows NT 10.0; Win64; x64) AppleWebKit/537.36 (KHTML, like Gecko) Chrome/137.0.0.0 Safari/537.36 Edg/137.0.0.0"
172.16.36.181 - - [25/Jun/2025:08:46:24 +0800] "GET /manager-page/api/snapshot.php?id=12&t=0.08968451153852941 HTTP/1.1" 200 45436 "http://192.168.60.79/manager-page/home-1.php" "Mozilla/5.0 (Windows NT 10.0; Win64; x64) AppleWebKit/537.36 (KHTML, like Gecko) Chrome/137.0.0.0 Safari/537.36 Edg/137.0.0.0"
172.16.36.181 - - [25/Jun/2025:08:46:29 +0800] "GET /manager-page/api/snapshot.php?id=11&t=0.9722640036418699 HTTP/1.1" 200 41715 "http://192.168.60.79/manager-page/home-1.php" "Mozilla/5.0 (Windows NT 10.0; Win64; x64) AppleWebKit/537.36 (KHTML, like Gecko) Chrome/137.0.0.0 Safari/537.36 Edg/137.0.0.0"
172.16.36.181 - - [25/Jun/2025:08:46:29 +0800] "GET /manager-page/api/snapshot.php?id=12&t=0.9187979722154607 HTTP/1.1" 200 45298 "http://192.168.60.79/manager-page/home-1.php" "Mozilla/5.0 (Windows NT 10.0; Win64; x64) AppleWebKit/537.36 (KHTML, like Gecko) Chrome/137.0.0.0 Safari/537.36 Edg/137.0.0.0"
172.16.36.181 - - [25/Jun/2025:08:46:34 +0800] "GET /manager-page/api/snapshot.php?id=11&t=0.6909749075778228 HTTP/1.1" 200 41665 "http://192.168.60.79/manager-page/home-1.php" "Mozilla/5.0 (Windows NT 10.0; Win64; x64) AppleWebKit/537.36 (KHTML, like Gecko) Chrome/137.0.0.0 Safari/537.36 Edg/137.0.0.0"
172.16.36.181 - - [25/Jun/2025:08:46:34 +0800] "GET /manager-page/api/snapshot.php?id=12&t=0.07440272385747515 HTTP/1.1" 200 45302 "http://192.168.60.79/manager-page/home-1.php" "Mozilla/5.0 (Windows NT 10.0; Win64; x64) AppleWebKit/537.36 (KHTML, like Gecko) Chrome/137.0.0.0 Safari/537.36 Edg/137.0.0.0"
172.16.36.181 - - [25/Jun/2025:08:46:39 +0800] "GET /manager-page/api/snapshot.php?id=11&t=0.1238716525729825 HTTP/1.1" 200 41657 "http://192.168.60.79/manager-page/home-1.php" "Mozilla/5.0 (Windows NT 10.0; Win64; x64) AppleWebKit/537.36 (KHTML, like Gecko) Chrome/137.0.0.0 Safari/537.36 Edg/137.0.0.0"
172.16.36.181 - - [25/Jun/2025:08:46:39 +0800] "GET /manager-page/api/snapshot.php?id=12&t=0.8620110527095055 HTTP/1.1" 200 45255 "http://192.168.60.79/manager-page/home-1.php" "Mozilla/5.0 (Windows NT 10.0; Win64; x64) AppleWebKit/537.36 (KHTML, like Gecko) Chrome/137.0.0.0 Safari/537.36 Edg/137.0.0.0"
172.16.36.181 - - [25/Jun/2025:08:46:44 +0800] "GET /manager-page/api/snapshot.php?id=12&t=0.05907395501547874 HTTP/1.1" 200 45241 "http://192.168.60.79/manager-page/home-1.php" "Mozilla/5.0 (Windows NT 10.0; Win64; x64) AppleWebKit/537.36 (KHTML, like Gecko) Chrome/137.0.0.0 Safari/537.36 Edg/137.0.0.0"
172.16.36.181 - - [25/Jun/2025:08:46:44 +0800] "GET /manager-page/api/snapshot.php?id=11&t=0.5775223154381433 HTTP/1.1" 200 41666 "http://192.168.60.79/manager-page/home-1.php" "Mozilla/5.0 (Windows NT 10.0; Win64; x64) AppleWebKit/537.36 (KHTML, like Gecko) Chrome/137.0.0.0 Safari/537.36 Edg/137.0.0.0"
172.16.36.181 - - [25/Jun/2025:08:46:49 +0800] "GET /manager-page/api/snapshot.php?id=12&t=0.6325211958680138 HTTP/1.1" 200 45263 "http://192.168.60.79/manager-page/home-1.php" "Mozilla/5.0 (Windows NT 10.0; Win64; x64) AppleWebKit/537.36 (KHTML, like Gecko) Chrome/137.0.0.0 Safari/537.36 Edg/137.0.0.0"
172.16.36.181 - - [25/Jun/2025:08:46:49 +0800] "GET /manager-page/api/snapshot.php?id=11&t=0.9523960869256357 HTTP/1.1" 200 41703 "http://192.168.60.79/manager-page/home-1.php" "Mozilla/5.0 (Windows NT 10.0; Win64; x64) AppleWebKit/537.36 (KHTML, like Gecko) Chrome/137.0.0.0 Safari/537.36 Edg/137.0.0.0"
172.16.36.181 - - [25/Jun/2025:08:46:54 +0800] "GET /manager-page/api/snapshot.php?id=12&t=0.5168135206042748 HTTP/1.1" 200 45279 "http://192.168.60.79/manager-page/home-1.php" "Mozilla/5.0 (Windows NT 10.0; Win64; x64) AppleWebKit/537.36 (KHTML, like Gecko) Chrome/137.0.0.0 Safari/537.36 Edg/137.0.0.0"
172.16.36.181 - - [25/Jun/2025:08:46:54 +0800] "GET /manager-page/api/snapshot.php?id=11&t=0.1765353079200741 HTTP/1.1" 200 41653 "http://192.168.60.79/manager-page/home-1.php" "Mozilla/5.0 (Windows NT 10.0; Win64; x64) AppleWebKit/537.36 (KHTML, like Gecko) Chrome/137.0.0.0 Safari/537.36 Edg/137.0.0.0"
172.16.36.181 - - [25/Jun/2025:08:46:59 +0800] "GET /manager-page/api/snapshot.php?id=12&t=0.7066751896032625 HTTP/1.1" 200 45253 "http://192.168.60.79/manager-page/home-1.php" "Mozilla/5.0 (Windows NT 10.0; Win64; x64) AppleWebKit/537.36 (KHTML, like Gecko) Chrome/137.0.0.0 Safari/537.36 Edg/137.0.0.0"
172.16.36.181 - - [25/Jun/2025:08:46:59 +0800] "GET /manager-page/api/snapshot.php?id=11&t=0.08880302299633802 HTTP/1.1" 200 41611 "http://192.168.60.79/manager-page/home-1.php" "Mozilla/5.0 (Windows NT 10.0; Win64; x64) AppleWebKit/537.36 (KHTML, like Gecko) Chrome/137.0.0.0 Safari/537.36 Edg/137.0.0.0"
127.0.0.1 - - [25/Jun/2025:08:47:00 +0800] "GET /robot/alarm-history-in.php HTTP/1.1" 200 - "-" "python-requests/2.28.1"
172.16.36.181 - - [25/Jun/2025:08:47:04 +0800] "GET /manager-page/api/snapshot.php?id=11&t=0.33904969161225906 HTTP/1.1" 200 41624 "http://192.168.60.79/manager-page/home-1.php" "Mozilla/5.0 (Windows NT 10.0; Win64; x64) AppleWebKit/537.36 (KHTML, like Gecko) Chrome/137.0.0.0 Safari/537.36 Edg/137.0.0.0"
172.16.36.181 - - [25/Jun/2025:08:47:04 +0800] "GET /manager-page/api/snapshot.php?id=12&t=0.03131400521510452 HTTP/1.1" 200 45240 "http://192.168.60.79/manager-page/home-1.php" "Mozilla/5.0 (Windows NT 10.0; Win64; x64) AppleWebKit/537.36 (KHTML, like Gecko) Chrome/137.0.0.0 Safari/537.36 Edg/137.0.0.0"
127.0.0.1 - - [25/Jun/2025:08:47:06 +0800] "POST /robot/et-7026-in.php HTTP/1.1" 200 - "-" "python-requests/2.32.2"
172.16.36.181 - - [25/Jun/2025:08:47:09 +0800] "GET /manager-page/api/snapshot.php?id=11&t=0.6682110977127045 HTTP/1.1" 200 41664 "http://192.168.60.79/manager-page/home-1.php" "Mozilla/5.0 (Windows NT 10.0; Win64; x64) AppleWebKit/537.36 (KHTML, like Gecko) Chrome/137.0.0.0 Safari/537.36 Edg/137.0.0.0"
172.16.36.181 - - [25/Jun/2025:08:47:09 +0800] "GET /manager-page/api/snapshot.php?id=12&t=0.5595710483822656 HTTP/1.1" 200 45250 "http://192.168.60.79/manager-page/home-1.php" "Mozilla/5.0 (Windows NT 10.0; Win64; x64) AppleWebKit/537.36 (KHTML, like Gecko) Chrome/137.0.0.0 Safari/537.36 Edg/137.0.0.0"
172.16.36.181 - - [25/Jun/2025:08:47:14 +0800] "GET /manager-page/api/snapshot.php?id=11&t=0.37854889251942747 HTTP/1.1" 200 41640 "http://192.168.60.79/manager-page/home-1.php" "Mozilla/5.0 (Windows NT 10.0; Win64; x64) AppleWebKit/537.36 (KHTML, like Gecko) Chrome/137.0.0.0 Safari/537.36 Edg/137.0.0.0"
172.16.36.181 - - [25/Jun/2025:08:47:14 +0800] "GET /manager-page/api/snapshot.php?id=12&t=0.8766610695824042 HTTP/1.1" 200 45238 "http://192.168.60.79/manager-page/home-1.php" "Mozilla/5.0 (Windows NT 10.0; Win64; x64) AppleWebKit/537.36 (KHTML, like Gecko) Chrome/137.0.0.0 Safari/537.36 Edg/137.0.0.0"
