172.16.36.181 - - [25/Jul/2025:15:56:33 +0800] "GET /manager-page/api/snapshot.php?id=42&t=0.4356667139015751 HTTP/1.1" 200 52454 "http://192.168.60.79/manager-page/home-4.php" "Mozilla/5.0 (Windows NT 10.0; Win64; x64) AppleWebKit/537.36 (KHTML, like Gecko) Chrome/138.0.0.0 Safari/537.36 Edg/138.0.0.0"
127.0.0.1 - - [25/Jul/2025:15:57:00 +0800] "GET /robot/alarm-history-in.php HTTP/1.1" 200 - "-" "python-requests/2.28.1"
172.16.36.181 - - [25/Jul/2025:15:57:33 +0800] "GET /manager-page/api/snapshot.php?id=42&t=0.5209877751580279 HTTP/1.1" 200 52803 "http://192.168.60.79/manager-page/home-4.php" "Mozilla/5.0 (Windows NT 10.0; Win64; x64) AppleWebKit/537.36 (KHTML, like Gecko) Chrome/138.0.0.0 Safari/537.36 Edg/138.0.0.0"
172.16.36.181 - - [25/Jul/2025:15:57:33 +0800] "GET /manager-page/api/snapshot.php?id=41&t=0.8639719895333131 HTTP/1.1" 200 51955 "http://192.168.60.79/manager-page/home-4.php" "Mozilla/5.0 (Windows NT 10.0; Win64; x64) AppleWebKit/537.36 (KHTML, like Gecko) Chrome/138.0.0.0 Safari/537.36 Edg/138.0.0.0"
111.70.30.251 - - [25/Jul/2025:15:57:36 +0800] "POST /robot/lora-in.php HTTP/1.1" 200 - "-" "python-requests/2.21.0"
127.0.0.1 - - [25/Jul/2025:15:58:00 +0800] "GET /robot/alarm-history-in.php HTTP/1.1" 200 - "-" "python-requests/2.28.1"
127.0.0.1 - - [25/Jul/2025:15:58:12 +0800] "GET /get-setting.json HTTP/1.1" 200 2314 "-" "python-requests/2.31.0"
127.0.0.1 - - [25/Jul/2025:15:58:12 +0800] "POST /robot/lora-in.php HTTP/1.1" 200 - "-" "python-requests/2.31.0"
127.0.0.1 - - [25/Jul/2025:15:58:17 +0800] "POST /robot/lora-in.php HTTP/1.1" 200 - "-" "python-requests/2.31.0"
127.0.0.1 - - [25/Jul/2025:15:58:26 +0800] "POST /robot/lora-in.php HTTP/1.1" 200 - "-" "python-requests/2.31.0"
127.0.0.1 - - [25/Jul/2025:15:58:29 +0800] "POST /robot/lora-in.php HTTP/1.1" 200 - "-" "python-requests/2.31.0"
172.16.36.181 - - [25/Jul/2025:15:58:33 +0800] "GET /manager-page/api/snapshot.php?id=41&t=0.9620993948742119 HTTP/1.1" 500 - "http://192.168.60.79/manager-page/home-4.php" "Mozilla/5.0 (Windows NT 10.0; Win64; x64) AppleWebKit/537.36 (KHTML, like Gecko) Chrome/138.0.0.0 Safari/537.36 Edg/138.0.0.0"
172.16.36.181 - - [25/Jul/2025:15:58:33 +0800] "GET /manager-page/api/snapshot.php?id=42&t=0.7815708792885512 HTTP/1.1" 500 - "http://192.168.60.79/manager-page/home-4.php" "Mozilla/5.0 (Windows NT 10.0; Win64; x64) AppleWebKit/537.36 (KHTML, like Gecko) Chrome/138.0.0.0 Safari/537.36 Edg/138.0.0.0"
127.0.0.1 - - [25/Jul/2025:15:58:38 +0800] "POST /robot/lora-in.php HTTP/1.1" 200 - "-" "python-requests/2.31.0"
172.16.36.181 - - [25/Jul/2025:15:58:38 +0800] "GET /manager-page/live/4-1.jpg HTTP/1.1" 200 51340 "http://192.168.60.79/manager-page/home-4.php" "Mozilla/5.0 (Windows NT 10.0; Win64; x64) AppleWebKit/537.36 (KHTML, like Gecko) Chrome/138.0.0.0 Safari/537.36 Edg/138.0.0.0"
172.16.36.181 - - [25/Jul/2025:15:58:38 +0800] "GET /manager-page/live/4-2.jpg HTTP/1.1" 200 52816 "http://192.168.60.79/manager-page/home-4.php" "Mozilla/5.0 (Windows NT 10.0; Win64; x64) AppleWebKit/537.36 (KHTML, like Gecko) Chrome/138.0.0.0 Safari/537.36 Edg/138.0.0.0"
127.0.0.1 - - [25/Jul/2025:15:58:47 +0800] "POST /robot/lora-in.php HTTP/1.1" 200 - "-" "python-requests/2.31.0"
127.0.0.1 - - [25/Jul/2025:15:58:49 +0800] "POST /robot/lora-in.php HTTP/1.1" 200 - "-" "python-requests/2.31.0"
127.0.0.1 - - [25/Jul/2025:15:58:58 +0800] "POST /robot/lora-in.php HTTP/1.1" 200 - "-" "python-requests/2.31.0"
127.0.0.1 - - [25/Jul/2025:15:59:00 +0800] "GET /robot/alarm-history-in.php HTTP/1.1" 200 - "-" "python-requests/2.28.1"
172.16.36.181 - - [25/Jul/2025:15:59:33 +0800] "GET /manager-page/api/snapshot.php?id=42&t=0.7491391911517664 HTTP/1.1" 200 52863 "http://192.168.60.79/manager-page/home-4.php" "Mozilla/5.0 (Windows NT 10.0; Win64; x64) AppleWebKit/537.36 (KHTML, like Gecko) Chrome/138.0.0.0 Safari/537.36 Edg/138.0.0.0"
172.16.36.181 - - [25/Jul/2025:15:59:33 +0800] "GET /manager-page/api/snapshot.php?id=41&t=0.4560817827459376 HTTP/1.1" 200 52047 "http://192.168.60.79/manager-page/home-4.php" "Mozilla/5.0 (Windows NT 10.0; Win64; x64) AppleWebKit/537.36 (KHTML, like Gecko) Chrome/138.0.0.0 Safari/537.36 Edg/138.0.0.0"
127.0.0.1 - - [25/Jul/2025:16:00:00 +0800] "GET /robot/alarm-history-in.php HTTP/1.1" 200 - "-" "python-requests/2.28.1"
172.16.36.181 - - [25/Jul/2025:16:00:33 +0800] "GET /manager-page/api/snapshot.php?id=42&t=0.9612866169913711 HTTP/1.1" 200 52920 "http://192.168.60.79/manager-page/home-4.php" "Mozilla/5.0 (Windows NT 10.0; Win64; x64) AppleWebKit/537.36 (KHTML, like Gecko) Chrome/138.0.0.0 Safari/537.36 Edg/138.0.0.0"
172.16.36.181 - - [25/Jul/2025:16:00:33 +0800] "GET /manager-page/api/snapshot.php?id=41&t=0.823592794041922 HTTP/1.1" 200 51792 "http://192.168.60.79/manager-page/home-4.php" "Mozilla/5.0 (Windows NT 10.0; Win64; x64) AppleWebKit/537.36 (KHTML, like Gecko) Chrome/138.0.0.0 Safari/537.36 Edg/138.0.0.0"
127.0.0.1 - - [25/Jul/2025:16:01:00 +0800] "GET /robot/alarm-history-in.php HTTP/1.1" 200 - "-" "python-requests/2.28.1"
111.70.30.250 - - [25/Jul/2025:16:01:29 +0800] "POST /robot/lora-in.php HTTP/1.1" 200 - "-" "python-requests/2.21.0"
172.16.36.181 - - [25/Jul/2025:16:01:33 +0800] "GET /manager-page/api/snapshot.php?id=41&t=0.7800021038533388 HTTP/1.1" 200 51497 "http://192.168.60.79/manager-page/home-4.php" "Mozilla/5.0 (Windows NT 10.0; Win64; x64) AppleWebKit/537.36 (KHTML, like Gecko) Chrome/138.0.0.0 Safari/537.36 Edg/138.0.0.0"
172.16.36.181 - - [25/Jul/2025:16:01:33 +0800] "GET /manager-page/api/snapshot.php?id=42&t=0.93239172457248 HTTP/1.1" 200 52408 "http://192.168.60.79/manager-page/home-4.php" "Mozilla/5.0 (Windows NT 10.0; Win64; x64) AppleWebKit/537.36 (KHTML, like Gecko) Chrome/138.0.0.0 Safari/537.36 Edg/138.0.0.0"
127.0.0.1 - - [25/Jul/2025:16:01:59 +0800] "POST /robot/et-7026-in.php HTTP/1.1" 200 - "-" "python-requests/2.32.2"
127.0.0.1 - - [25/Jul/2025:16:02:00 +0800] "GET /robot/alarm-history-in.php HTTP/1.1" 200 - "-" "python-requests/2.28.1"
111.70.30.253 - - [25/Jul/2025:16:02:18 +0800] "POST /robot/lora-in.php HTTP/1.1" 200 - "-" "python-requests/2.21.0"
172.16.36.181 - - [25/Jul/2025:16:02:33 +0800] "GET /manager-page/api/snapshot.php?id=42&t=0.0506748126576656 HTTP/1.1" 200 52676 "http://192.168.60.79/manager-page/home-4.php" "Mozilla/5.0 (Windows NT 10.0; Win64; x64) AppleWebKit/537.36 (KHTML, like Gecko) Chrome/138.0.0.0 Safari/537.36 Edg/138.0.0.0"
172.16.36.181 - - [25/Jul/2025:16:02:33 +0800] "GET /manager-page/api/snapshot.php?id=41&t=0.756898177772669 HTTP/1.1" 200 51530 "http://192.168.60.79/manager-page/home-4.php" "Mozilla/5.0 (Windows NT 10.0; Win64; x64) AppleWebKit/537.36 (KHTML, like Gecko) Chrome/138.0.0.0 Safari/537.36 Edg/138.0.0.0"
127.0.0.1 - - [25/Jul/2025:16:02:56 +0800] "POST /robot/et-7026-in.php HTTP/1.1" 200 - "-" "python-requests/2.32.2"
127.0.0.1 - - [25/Jul/2025:16:03:00 +0800] "GET /robot/alarm-history-in.php HTTP/1.1" 200 - "-" "python-requests/2.28.1"
172.16.36.181 - - [25/Jul/2025:16:03:33 +0800] "GET /manager-page/api/snapshot.php?id=41&t=0.8637667969499517 HTTP/1.1" 200 51932 "http://192.168.60.79/manager-page/home-4.php" "Mozilla/5.0 (Windows NT 10.0; Win64; x64) AppleWebKit/537.36 (KHTML, like Gecko) Chrome/138.0.0.0 Safari/537.36 Edg/138.0.0.0"
172.16.36.181 - - [25/Jul/2025:16:03:33 +0800] "GET /manager-page/api/snapshot.php?id=42&t=0.9972069480832672 HTTP/1.1" 200 53085 "http://192.168.60.79/manager-page/home-4.php" "Mozilla/5.0 (Windows NT 10.0; Win64; x64) AppleWebKit/537.36 (KHTML, like Gecko) Chrome/138.0.0.0 Safari/537.36 Edg/138.0.0.0"
127.0.0.1 - - [25/Jul/2025:16:03:49 +0800] "POST /robot/et-7026-in.php HTTP/1.1" 200 - "-" "python-requests/2.32.2"
127.0.0.1 - - [25/Jul/2025:16:04:00 +0800] "GET /robot/alarm-history-in.php HTTP/1.1" 200 - "-" "python-requests/2.28.1"
172.16.36.181 - - [25/Jul/2025:16:04:33 +0800] "GET /manager-page/api/snapshot.php?id=42&t=0.16026880916711006 HTTP/1.1" 200 53065 "http://192.168.60.79/manager-page/home-4.php" "Mozilla/5.0 (Windows NT 10.0; Win64; x64) AppleWebKit/537.36 (KHTML, like Gecko) Chrome/138.0.0.0 Safari/537.36 Edg/138.0.0.0"
127.0.0.1 - - [25/Jul/2025:16:04:33 +0800] "POST /robot/et-7026-in.php HTTP/1.1" 200 - "-" "python-requests/2.32.2"
172.16.36.181 - - [25/Jul/2025:16:04:33 +0800] "GET /manager-page/api/snapshot.php?id=41&t=0.8777941180745396 HTTP/1.1" 200 51836 "http://192.168.60.79/manager-page/home-4.php" "Mozilla/5.0 (Windows NT 10.0; Win64; x64) AppleWebKit/537.36 (KHTML, like Gecko) Chrome/138.0.0.0 Safari/537.36 Edg/138.0.0.0"
111.70.30.252 - - [25/Jul/2025:16:04:40 +0800] "POST /robot/lora-in.php HTTP/1.1" 200 - "-" "python-requests/2.21.0"
127.0.0.1 - - [25/Jul/2025:16:05:00 +0800] "GET /robot/alarm-history-in.php HTTP/1.1" 200 - "-" "python-requests/2.28.1"
172.16.36.181 - - [25/Jul/2025:16:05:33 +0800] "GET /manager-page/api/snapshot.php?id=41&t=0.3232893475561557 HTTP/1.1" 200 51686 "http://192.168.60.79/manager-page/home-4.php" "Mozilla/5.0 (Windows NT 10.0; Win64; x64) AppleWebKit/537.36 (KHTML, like Gecko) Chrome/138.0.0.0 Safari/537.36 Edg/138.0.0.0"
172.16.36.181 - - [25/Jul/2025:16:05:33 +0800] "GET /manager-page/api/snapshot.php?id=42&t=0.8171317181181761 HTTP/1.1" 200 53056 "http://192.168.60.79/manager-page/home-4.php" "Mozilla/5.0 (Windows NT 10.0; Win64; x64) AppleWebKit/537.36 (KHTML, like Gecko) Chrome/138.0.0.0 Safari/537.36 Edg/138.0.0.0"
127.0.0.1 - - [25/Jul/2025:16:06:00 +0800] "GET /robot/alarm-history-in.php HTTP/1.1" 200 - "-" "python-requests/2.28.1"
111.70.30.251 - - [25/Jul/2025:16:06:12 +0800] "POST /robot/lora-in.php HTTP/1.1" 200 - "-" "python-requests/2.21.0"
172.16.36.181 - - [25/Jul/2025:16:06:33 +0800] "GET /manager-page/api/snapshot.php?id=42&t=0.27679332031012294 HTTP/1.1" 200 52831 "http://192.168.60.79/manager-page/home-4.php" "Mozilla/5.0 (Windows NT 10.0; Win64; x64) AppleWebKit/537.36 (KHTML, like Gecko) Chrome/138.0.0.0 Safari/537.36 Edg/138.0.0.0"
172.16.36.181 - - [25/Jul/2025:16:06:33 +0800] "GET /manager-page/api/snapshot.php?id=41&t=0.24526664481725535 HTTP/1.1" 200 51687 "http://192.168.60.79/manager-page/home-4.php" "Mozilla/5.0 (Windows NT 10.0; Win64; x64) AppleWebKit/537.36 (KHTML, like Gecko) Chrome/138.0.0.0 Safari/537.36 Edg/138.0.0.0"
127.0.0.1 - - [25/Jul/2025:16:07:00 +0800] "GET /robot/alarm-history-in.php HTTP/1.1" 200 - "-" "python-requests/2.28.1"
172.16.36.181 - - [25/Jul/2025:16:07:33 +0800] "GET /manager-page/api/snapshot.php?id=41&t=0.5360016753647714 HTTP/1.1" 200 51561 "http://192.168.60.79/manager-page/home-4.php" "Mozilla/5.0 (Windows NT 10.0; Win64; x64) AppleWebKit/537.36 (KHTML, like Gecko) Chrome/138.0.0.0 Safari/537.36 Edg/138.0.0.0"
172.16.36.181 - - [25/Jul/2025:16:07:33 +0800] "GET /manager-page/api/snapshot.php?id=42&t=0.16916655219860866 HTTP/1.1" 200 52725 "http://192.168.60.79/manager-page/home-4.php" "Mozilla/5.0 (Windows NT 10.0; Win64; x64) AppleWebKit/537.36 (KHTML, like Gecko) Chrome/138.0.0.0 Safari/537.36 Edg/138.0.0.0"
127.0.0.1 - - [25/Jul/2025:16:08:00 +0800] "GET /robot/alarm-history-in.php HTTP/1.1" 200 - "-" "python-requests/2.28.1"
127.0.0.1 - - [25/Jul/2025:16:08:12 +0800] "GET /get-setting.json HTTP/1.1" 200 2314 "-" "python-requests/2.31.0"
127.0.0.1 - - [25/Jul/2025:16:08:12 +0800] "POST /robot/lora-in.php HTTP/1.1" 200 - "-" "python-requests/2.31.0"
127.0.0.1 - - [25/Jul/2025:16:08:22 +0800] "POST /robot/lora-in.php HTTP/1.1" 200 - "-" "python-requests/2.31.0"
127.0.0.1 - - [25/Jul/2025:16:08:27 +0800] "POST /robot/lora-in.php HTTP/1.1" 200 - "-" "python-requests/2.31.0"
172.16.36.181 - - [25/Jul/2025:16:08:33 +0800] "GET /manager-page/api/snapshot.php?id=41&t=0.7521886094294234 HTTP/1.1" 200 51465 "http://192.168.60.79/manager-page/home-4.php" "Mozilla/5.0 (Windows NT 10.0; Win64; x64) AppleWebKit/537.36 (KHTML, like Gecko) Chrome/138.0.0.0 Safari/537.36 Edg/138.0.0.0"
172.16.36.181 - - [25/Jul/2025:16:08:33 +0800] "GET /manager-page/api/snapshot.php?id=42&t=0.329922407728529 HTTP/1.1" 200 52951 "http://192.168.60.79/manager-page/home-4.php" "Mozilla/5.0 (Windows NT 10.0; Win64; x64) AppleWebKit/537.36 (KHTML, like Gecko) Chrome/138.0.0.0 Safari/537.36 Edg/138.0.0.0"
127.0.0.1 - - [25/Jul/2025:16:08:37 +0800] "POST /robot/lora-in.php HTTP/1.1" 200 - "-" "python-requests/2.31.0"
127.0.0.1 - - [25/Jul/2025:16:08:38 +0800] "POST /robot/lora-in.php HTTP/1.1" 200 - "-" "python-requests/2.31.0"
127.0.0.1 - - [25/Jul/2025:16:08:47 +0800] "POST /robot/lora-in.php HTTP/1.1" 200 - "-" "python-requests/2.31.0"
127.0.0.1 - - [25/Jul/2025:16:08:57 +0800] "POST /robot/lora-in.php HTTP/1.1" 200 - "-" "python-requests/2.31.0"
127.0.0.1 - - [25/Jul/2025:16:09:00 +0800] "GET /robot/alarm-history-in.php HTTP/1.1" 200 - "-" "python-requests/2.28.1"
127.0.0.1 - - [25/Jul/2025:16:09:05 +0800] "POST /robot/lora-in.php HTTP/1.1" 200 - "-" "python-requests/2.31.0"
172.16.36.181 - - [25/Jul/2025:16:09:33 +0800] "GET /manager-page/api/snapshot.php?id=41&t=0.6656557612923683 HTTP/1.1" 200 51086 "http://192.168.60.79/manager-page/home-4.php" "Mozilla/5.0 (Windows NT 10.0; Win64; x64) AppleWebKit/537.36 (KHTML, like Gecko) Chrome/138.0.0.0 Safari/537.36 Edg/138.0.0.0"
172.16.36.181 - - [25/Jul/2025:16:09:33 +0800] "GET /manager-page/api/snapshot.php?id=42&t=0.5457335066329193 HTTP/1.1" 200 52708 "http://192.168.60.79/manager-page/home-4.php" "Mozilla/5.0 (Windows NT 10.0; Win64; x64) AppleWebKit/537.36 (KHTML, like Gecko) Chrome/138.0.0.0 Safari/537.36 Edg/138.0.0.0"
127.0.0.1 - - [25/Jul/2025:16:10:00 +0800] "GET /robot/alarm-history-in.php HTTP/1.1" 200 - "-" "python-requests/2.28.1"
111.70.30.250 - - [25/Jul/2025:16:10:04 +0800] "POST /robot/lora-in.php HTTP/1.1" 200 - "-" "python-requests/2.21.0"
172.16.36.181 - - [25/Jul/2025:16:10:33 +0800] "GET /manager-page/api/snapshot.php?id=42&t=0.36508454496459364 HTTP/1.1" 200 52893 "http://192.168.60.79/manager-page/home-4.php" "Mozilla/5.0 (Windows NT 10.0; Win64; x64) AppleWebKit/537.36 (KHTML, like Gecko) Chrome/138.0.0.0 Safari/537.36 Edg/138.0.0.0"
172.16.36.181 - - [25/Jul/2025:16:10:33 +0800] "GET /manager-page/api/snapshot.php?id=41&t=0.9558383028135888 HTTP/1.1" 200 51076 "http://192.168.60.79/manager-page/home-4.php" "Mozilla/5.0 (Windows NT 10.0; Win64; x64) AppleWebKit/537.36 (KHTML, like Gecko) Chrome/138.0.0.0 Safari/537.36 Edg/138.0.0.0"
127.0.0.1 - - [25/Jul/2025:16:11:00 +0800] "GET /robot/alarm-history-in.php HTTP/1.1" 200 - "-" "python-requests/2.28.1"
111.70.30.253 - - [25/Jul/2025:16:11:02 +0800] "POST /robot/lora-in.php HTTP/1.1" 200 - "-" "python-requests/2.21.0"
172.16.36.181 - - [25/Jul/2025:16:11:33 +0800] "GET /manager-page/api/snapshot.php?id=41&t=0.1998941427662556 HTTP/1.1" 200 51312 "http://192.168.60.79/manager-page/home-4.php" "Mozilla/5.0 (Windows NT 10.0; Win64; x64) AppleWebKit/537.36 (KHTML, like Gecko) Chrome/138.0.0.0 Safari/537.36 Edg/138.0.0.0"
172.16.36.181 - - [25/Jul/2025:16:11:33 +0800] "GET /manager-page/api/snapshot.php?id=42&t=0.145669852879598 HTTP/1.1" 200 53010 "http://192.168.60.79/manager-page/home-4.php" "Mozilla/5.0 (Windows NT 10.0; Win64; x64) AppleWebKit/537.36 (KHTML, like Gecko) Chrome/138.0.0.0 Safari/537.36 Edg/138.0.0.0"
127.0.0.1 - - [25/Jul/2025:16:12:00 +0800] "GET /robot/alarm-history-in.php HTTP/1.1" 200 - "-" "python-requests/2.28.1"
127.0.0.1 - - [25/Jul/2025:16:12:00 +0800] "POST /robot/et-7026-in.php HTTP/1.1" 200 - "-" "python-requests/2.32.2"
172.16.36.181 - - [25/Jul/2025:16:12:33 +0800] "GET /manager-page/api/snapshot.php?id=41&t=0.9955758940065584 HTTP/1.1" 200 51425 "http://192.168.60.79/manager-page/home-4.php" "Mozilla/5.0 (Windows NT 10.0; Win64; x64) AppleWebKit/537.36 (KHTML, like Gecko) Chrome/138.0.0.0 Safari/537.36 Edg/138.0.0.0"
172.16.36.181 - - [25/Jul/2025:16:12:33 +0800] "GET /manager-page/api/snapshot.php?id=42&t=0.9212463126790511 HTTP/1.1" 200 53053 "http://192.168.60.79/manager-page/home-4.php" "Mozilla/5.0 (Windows NT 10.0; Win64; x64) AppleWebKit/537.36 (KHTML, like Gecko) Chrome/138.0.0.0 Safari/537.36 Edg/138.0.0.0"
127.0.0.1 - - [25/Jul/2025:16:12:58 +0800] "POST /robot/et-7026-in.php HTTP/1.1" 200 - "-" "python-requests/2.32.2"
127.0.0.1 - - [25/Jul/2025:16:13:00 +0800] "GET /robot/alarm-history-in.php HTTP/1.1" 200 - "-" "python-requests/2.28.1"
172.16.36.181 - - [25/Jul/2025:16:13:33 +0800] "GET /manager-page/api/snapshot.php?id=42&t=0.474750507216002 HTTP/1.1" 200 52603 "http://192.168.60.79/manager-page/home-4.php" "Mozilla/5.0 (Windows NT 10.0; Win64; x64) AppleWebKit/537.36 (KHTML, like Gecko) Chrome/138.0.0.0 Safari/537.36 Edg/138.0.0.0"
172.16.36.181 - - [25/Jul/2025:16:13:33 +0800] "GET /manager-page/api/snapshot.php?id=41&t=0.4589840622924427 HTTP/1.1" 200 51037 "http://192.168.60.79/manager-page/home-4.php" "Mozilla/5.0 (Windows NT 10.0; Win64; x64) AppleWebKit/537.36 (KHTML, like Gecko) Chrome/138.0.0.0 Safari/537.36 Edg/138.0.0.0"
127.0.0.1 - - [25/Jul/2025:16:13:51 +0800] "POST /robot/et-7026-in.php HTTP/1.1" 200 - "-" "python-requests/2.32.2"
111.70.30.252 - - [25/Jul/2025:16:13:51 +0800] "POST /robot/lora-in.php HTTP/1.1" 200 - "-" "python-requests/2.21.0"
127.0.0.1 - - [25/Jul/2025:16:14:00 +0800] "GET /robot/alarm-history-in.php HTTP/1.1" 200 - "-" "python-requests/2.28.1"
172.16.36.181 - - [25/Jul/2025:16:14:33 +0800] "GET /manager-page/api/snapshot.php?id=42&t=0.008510559744692281 HTTP/1.1" 200 52592 "http://192.168.60.79/manager-page/home-4.php" "Mozilla/5.0 (Windows NT 10.0; Win64; x64) AppleWebKit/537.36 (KHTML, like Gecko) Chrome/138.0.0.0 Safari/537.36 Edg/138.0.0.0"
172.16.36.181 - - [25/Jul/2025:16:14:33 +0800] "GET /manager-page/api/snapshot.php?id=41&t=0.7667205076159644 HTTP/1.1" 200 50687 "http://192.168.60.79/manager-page/home-4.php" "Mozilla/5.0 (Windows NT 10.0; Win64; x64) AppleWebKit/537.36 (KHTML, like Gecko) Chrome/138.0.0.0 Safari/537.36 Edg/138.0.0.0"
127.0.0.1 - - [25/Jul/2025:16:14:36 +0800] "POST /robot/et-7026-in.php HTTP/1.1" 200 - "-" "python-requests/2.32.2"
111.70.30.251 - - [25/Jul/2025:16:14:48 +0800] "POST /robot/lora-in.php HTTP/1.1" 200 - "-" "python-requests/2.21.0"
127.0.0.1 - - [25/Jul/2025:16:15:01 +0800] "GET /robot/alarm-history-in.php HTTP/1.1" 200 - "-" "python-requests/2.28.1"
172.16.36.181 - - [25/Jul/2025:16:15:33 +0800] "GET /manager-page/api/snapshot.php?id=42&t=0.6397363689264493 HTTP/1.1" 200 52475 "http://192.168.60.79/manager-page/home-4.php" "Mozilla/5.0 (Windows NT 10.0; Win64; x64) AppleWebKit/537.36 (KHTML, like Gecko) Chrome/138.0.0.0 Safari/537.36 Edg/138.0.0.0"
172.16.36.181 - - [25/Jul/2025:16:15:33 +0800] "GET /manager-page/api/snapshot.php?id=41&t=0.24469828270704963 HTTP/1.1" 200 50649 "http://192.168.60.79/manager-page/home-4.php" "Mozilla/5.0 (Windows NT 10.0; Win64; x64) AppleWebKit/537.36 (KHTML, like Gecko) Chrome/138.0.0.0 Safari/537.36 Edg/138.0.0.0"
127.0.0.1 - - [25/Jul/2025:16:16:00 +0800] "GET /robot/alarm-history-in.php HTTP/1.1" 200 - "-" "python-requests/2.28.1"
172.16.36.181 - - [25/Jul/2025:16:16:33 +0800] "GET /manager-page/api/snapshot.php?id=42&t=0.7609357695603381 HTTP/1.1" 200 52602 "http://192.168.60.79/manager-page/home-4.php" "Mozilla/5.0 (Windows NT 10.0; Win64; x64) AppleWebKit/537.36 (KHTML, like Gecko) Chrome/138.0.0.0 Safari/537.36 Edg/138.0.0.0"
172.16.36.181 - - [25/Jul/2025:16:16:33 +0800] "GET /manager-page/api/snapshot.php?id=41&t=0.5127924821123913 HTTP/1.1" 200 51093 "http://192.168.60.79/manager-page/home-4.php" "Mozilla/5.0 (Windows NT 10.0; Win64; x64) AppleWebKit/537.36 (KHTML, like Gecko) Chrome/138.0.0.0 Safari/537.36 Edg/138.0.0.0"
127.0.0.1 - - [25/Jul/2025:16:17:00 +0800] "GET /robot/alarm-history-in.php HTTP/1.1" 200 - "-" "python-requests/2.28.1"
172.16.36.181 - - [25/Jul/2025:16:17:33 +0800] "GET /manager-page/api/snapshot.php?id=41&t=0.9848440576250571 HTTP/1.1" 200 50863 "http://192.168.60.79/manager-page/home-4.php" "Mozilla/5.0 (Windows NT 10.0; Win64; x64) AppleWebKit/537.36 (KHTML, like Gecko) Chrome/138.0.0.0 Safari/537.36 Edg/138.0.0.0"
172.16.36.181 - - [25/Jul/2025:16:17:33 +0800] "GET /manager-page/api/snapshot.php?id=42&t=0.2655858384375951 HTTP/1.1" 200 53067 "http://192.168.60.79/manager-page/home-4.php" "Mozilla/5.0 (Windows NT 10.0; Win64; x64) AppleWebKit/537.36 (KHTML, like Gecko) Chrome/138.0.0.0 Safari/537.36 Edg/138.0.0.0"
127.0.0.1 - - [25/Jul/2025:16:18:00 +0800] "GET /robot/alarm-history-in.php HTTP/1.1" 200 - "-" "python-requests/2.28.1"
127.0.0.1 - - [25/Jul/2025:16:18:12 +0800] "GET /get-setting.json HTTP/1.1" 200 2314 "-" "python-requests/2.31.0"
127.0.0.1 - - [25/Jul/2025:16:18:12 +0800] "POST /robot/lora-in.php HTTP/1.1" 200 - "-" "python-requests/2.31.0"
127.0.0.1 - - [25/Jul/2025:16:18:14 +0800] "POST /robot/lora-in.php HTTP/1.1" 200 - "-" "python-requests/2.31.0"
127.0.0.1 - - [25/Jul/2025:16:18:21 +0800] "POST /robot/lora-in.php HTTP/1.1" 200 - "-" "python-requests/2.31.0"
127.0.0.1 - - [25/Jul/2025:16:18:25 +0800] "POST /robot/lora-in.php HTTP/1.1" 200 - "-" "python-requests/2.31.0"
127.0.0.1 - - [25/Jul/2025:16:18:31 +0800] "POST /robot/lora-in.php HTTP/1.1" 200 - "-" "python-requests/2.31.0"
172.16.36.181 - - [25/Jul/2025:16:18:33 +0800] "GET /manager-page/api/snapshot.php?id=41&t=0.8570894471080994 HTTP/1.1" 200 50744 "http://192.168.60.79/manager-page/home-4.php" "Mozilla/5.0 (Windows NT 10.0; Win64; x64) AppleWebKit/537.36 (KHTML, like Gecko) Chrome/138.0.0.0 Safari/537.36 Edg/138.0.0.0"
172.16.36.181 - - [25/Jul/2025:16:18:33 +0800] "GET /manager-page/api/snapshot.php?id=42&t=0.804460088442375 HTTP/1.1" 200 52276 "http://192.168.60.79/manager-page/home-4.php" "Mozilla/5.0 (Windows NT 10.0; Win64; x64) AppleWebKit/537.36 (KHTML, like Gecko) Chrome/138.0.0.0 Safari/537.36 Edg/138.0.0.0"
127.0.0.1 - - [25/Jul/2025:16:18:37 +0800] "POST /robot/lora-in.php HTTP/1.1" 200 - "-" "python-requests/2.31.0"
127.0.0.1 - - [25/Jul/2025:16:18:39 +0800] "POST /robot/lora-in.php HTTP/1.1" 200 - "-" "python-requests/2.31.0"
111.70.30.250 - - [25/Jul/2025:16:18:40 +0800] "POST /robot/lora-in.php HTTP/1.1" 200 - "-" "python-requests/2.21.0"
127.0.0.1 - - [25/Jul/2025:16:18:45 +0800] "POST /robot/lora-in.php HTTP/1.1" 200 - "-" "python-requests/2.31.0"
127.0.0.1 - - [25/Jul/2025:16:19:00 +0800] "GET /robot/alarm-history-in.php HTTP/1.1" 200 - "-" "python-requests/2.28.1"
172.16.36.181 - - [25/Jul/2025:16:19:33 +0800] "GET /manager-page/api/snapshot.php?id=42&t=0.26956440260650816 HTTP/1.1" 200 52780 "http://192.168.60.79/manager-page/home-4.php" "Mozilla/5.0 (Windows NT 10.0; Win64; x64) AppleWebKit/537.36 (KHTML, like Gecko) Chrome/138.0.0.0 Safari/537.36 Edg/138.0.0.0"
172.16.36.181 - - [25/Jul/2025:16:19:33 +0800] "GET /manager-page/api/snapshot.php?id=41&t=0.5717348478612087 HTTP/1.1" 200 51335 "http://192.168.60.79/manager-page/home-4.php" "Mozilla/5.0 (Windows NT 10.0; Win64; x64) AppleWebKit/537.36 (KHTML, like Gecko) Chrome/138.0.0.0 Safari/537.36 Edg/138.0.0.0"
111.70.30.253 - - [25/Jul/2025:16:19:47 +0800] "POST /robot/lora-in.php HTTP/1.1" 200 - "-" "python-requests/2.21.0"
127.0.0.1 - - [25/Jul/2025:16:20:00 +0800] "GET /robot/alarm-history-in.php HTTP/1.1" 200 - "-" "python-requests/2.28.1"
172.16.36.181 - - [25/Jul/2025:16:20:33 +0800] "GET /manager-page/api/snapshot.php?id=41&t=0.15654635396660044 HTTP/1.1" 200 52054 "http://192.168.60.79/manager-page/home-4.php" "Mozilla/5.0 (Windows NT 10.0; Win64; x64) AppleWebKit/537.36 (KHTML, like Gecko) Chrome/138.0.0.0 Safari/537.36 Edg/138.0.0.0"
172.16.36.181 - - [25/Jul/2025:16:20:33 +0800] "GET /manager-page/api/snapshot.php?id=42&t=0.8334232234815901 HTTP/1.1" 200 53182 "http://192.168.60.79/manager-page/home-4.php" "Mozilla/5.0 (Windows NT 10.0; Win64; x64) AppleWebKit/537.36 (KHTML, like Gecko) Chrome/138.0.0.0 Safari/537.36 Edg/138.0.0.0"
127.0.0.1 - - [25/Jul/2025:16:21:00 +0800] "GET /robot/alarm-history-in.php HTTP/1.1" 200 - "-" "python-requests/2.28.1"
172.16.36.181 - - [25/Jul/2025:16:21:33 +0800] "GET /manager-page/api/snapshot.php?id=42&t=0.13659809222517527 HTTP/1.1" 200 53209 "http://192.168.60.79/manager-page/home-4.php" "Mozilla/5.0 (Windows NT 10.0; Win64; x64) AppleWebKit/537.36 (KHTML, like Gecko) Chrome/138.0.0.0 Safari/537.36 Edg/138.0.0.0"
172.16.36.181 - - [25/Jul/2025:16:21:33 +0800] "GET /manager-page/api/snapshot.php?id=41&t=0.18270299749147312 HTTP/1.1" 200 51864 "http://192.168.60.79/manager-page/home-4.php" "Mozilla/5.0 (Windows NT 10.0; Win64; x64) AppleWebKit/537.36 (KHTML, like Gecko) Chrome/138.0.0.0 Safari/537.36 Edg/138.0.0.0"
127.0.0.1 - - [25/Jul/2025:16:22:00 +0800] "GET /robot/alarm-history-in.php HTTP/1.1" 200 - "-" "python-requests/2.28.1"
127.0.0.1 - - [25/Jul/2025:16:22:01 +0800] "POST /robot/et-7026-in.php HTTP/1.1" 200 - "-" "python-requests/2.32.2"
172.16.36.181 - - [25/Jul/2025:16:22:33 +0800] "GET /manager-page/api/snapshot.php?id=42&t=0.7727911960989134 HTTP/1.1" 200 53352 "http://192.168.60.79/manager-page/home-4.php" "Mozilla/5.0 (Windows NT 10.0; Win64; x64) AppleWebKit/537.36 (KHTML, like Gecko) Chrome/138.0.0.0 Safari/537.36 Edg/138.0.0.0"
172.16.36.181 - - [25/Jul/2025:16:22:33 +0800] "GET /manager-page/api/snapshot.php?id=41&t=0.5619689840254766 HTTP/1.1" 200 51435 "http://192.168.60.79/manager-page/home-4.php" "Mozilla/5.0 (Windows NT 10.0; Win64; x64) AppleWebKit/537.36 (KHTML, like Gecko) Chrome/138.0.0.0 Safari/537.36 Edg/138.0.0.0"
127.0.0.1 - - [25/Jul/2025:16:23:00 +0800] "GET /robot/alarm-history-in.php HTTP/1.1" 200 - "-" "python-requests/2.28.1"
127.0.0.1 - - [25/Jul/2025:16:23:01 +0800] "POST /robot/et-7026-in.php HTTP/1.1" 200 - "-" "python-requests/2.32.2"
111.70.30.252 - - [25/Jul/2025:16:23:03 +0800] "POST /robot/lora-in.php HTTP/1.1" 200 - "-" "python-requests/2.21.0"
111.70.30.251 - - [25/Jul/2025:16:23:23 +0800] "POST /robot/lora-in.php HTTP/1.1" 200 - "-" "python-requests/2.21.0"
172.16.36.181 - - [25/Jul/2025:16:23:33 +0800] "GET /manager-page/api/snapshot.php?id=41&t=0.9997533214762451 HTTP/1.1" 200 51279 "http://192.168.60.79/manager-page/home-4.php" "Mozilla/5.0 (Windows NT 10.0; Win64; x64) AppleWebKit/537.36 (KHTML, like Gecko) Chrome/138.0.0.0 Safari/537.36 Edg/138.0.0.0"
172.16.36.181 - - [25/Jul/2025:16:23:33 +0800] "GET /manager-page/api/snapshot.php?id=42&t=0.5707398243947479 HTTP/1.1" 200 53299 "http://192.168.60.79/manager-page/home-4.php" "Mozilla/5.0 (Windows NT 10.0; Win64; x64) AppleWebKit/537.36 (KHTML, like Gecko) Chrome/138.0.0.0 Safari/537.36 Edg/138.0.0.0"
127.0.0.1 - - [25/Jul/2025:16:23:53 +0800] "POST /robot/et-7026-in.php HTTP/1.1" 200 - "-" "python-requests/2.32.2"
127.0.0.1 - - [25/Jul/2025:16:24:00 +0800] "GET /robot/alarm-history-in.php HTTP/1.1" 200 - "-" "python-requests/2.28.1"
172.16.36.181 - - [25/Jul/2025:16:24:33 +0800] "GET /manager-page/api/snapshot.php?id=42&t=0.6892655898561088 HTTP/1.1" 200 53110 "http://192.168.60.79/manager-page/home-4.php" "Mozilla/5.0 (Windows NT 10.0; Win64; x64) AppleWebKit/537.36 (KHTML, like Gecko) Chrome/138.0.0.0 Safari/537.36 Edg/138.0.0.0"
172.16.36.181 - - [25/Jul/2025:16:24:33 +0800] "GET /manager-page/api/snapshot.php?id=41&t=0.9578829523019566 HTTP/1.1" 200 51397 "http://192.168.60.79/manager-page/home-4.php" "Mozilla/5.0 (Windows NT 10.0; Win64; x64) AppleWebKit/537.36 (KHTML, like Gecko) Chrome/138.0.0.0 Safari/537.36 Edg/138.0.0.0"
127.0.0.1 - - [25/Jul/2025:16:24:38 +0800] "POST /robot/et-7026-in.php HTTP/1.1" 200 - "-" "python-requests/2.32.2"
127.0.0.1 - - [25/Jul/2025:16:25:00 +0800] "GET /robot/alarm-history-in.php HTTP/1.1" 200 - "-" "python-requests/2.28.1"
172.16.36.181 - - [25/Jul/2025:16:25:33 +0800] "GET /manager-page/api/snapshot.php?id=42&t=0.33103776507493266 HTTP/1.1" 200 53022 "http://192.168.60.79/manager-page/home-4.php" "Mozilla/5.0 (Windows NT 10.0; Win64; x64) AppleWebKit/537.36 (KHTML, like Gecko) Chrome/138.0.0.0 Safari/537.36 Edg/138.0.0.0"
172.16.36.181 - - [25/Jul/2025:16:25:33 +0800] "GET /manager-page/api/snapshot.php?id=41&t=0.9358378252206255 HTTP/1.1" 200 50985 "http://192.168.60.79/manager-page/home-4.php" "Mozilla/5.0 (Windows NT 10.0; Win64; x64) AppleWebKit/537.36 (KHTML, like Gecko) Chrome/138.0.0.0 Safari/537.36 Edg/138.0.0.0"
127.0.0.1 - - [25/Jul/2025:16:26:00 +0800] "GET /robot/alarm-history-in.php HTTP/1.1" 200 - "-" "python-requests/2.28.1"
172.16.36.181 - - [25/Jul/2025:16:26:33 +0800] "GET /manager-page/api/snapshot.php?id=42&t=0.5584536102159742 HTTP/1.1" 200 52947 "http://192.168.60.79/manager-page/home-4.php" "Mozilla/5.0 (Windows NT 10.0; Win64; x64) AppleWebKit/537.36 (KHTML, like Gecko) Chrome/138.0.0.0 Safari/537.36 Edg/138.0.0.0"
172.16.36.181 - - [25/Jul/2025:16:26:33 +0800] "GET /manager-page/api/snapshot.php?id=41&t=0.7121999326610993 HTTP/1.1" 200 50851 "http://192.168.60.79/manager-page/home-4.php" "Mozilla/5.0 (Windows NT 10.0; Win64; x64) AppleWebKit/537.36 (KHTML, like Gecko) Chrome/138.0.0.0 Safari/537.36 Edg/138.0.0.0"
127.0.0.1 - - [25/Jul/2025:16:27:00 +0800] "GET /robot/alarm-history-in.php HTTP/1.1" 200 - "-" "python-requests/2.28.1"
111.70.30.250 - - [25/Jul/2025:16:27:15 +0800] "POST /robot/lora-in.php HTTP/1.1" 200 - "-" "python-requests/2.21.0"
172.16.36.181 - - [25/Jul/2025:16:27:33 +0800] "GET /manager-page/api/snapshot.php?id=42&t=0.6133157891493398 HTTP/1.1" 200 51720 "http://192.168.60.79/manager-page/home-4.php" "Mozilla/5.0 (Windows NT 10.0; Win64; x64) AppleWebKit/537.36 (KHTML, like Gecko) Chrome/138.0.0.0 Safari/537.36 Edg/138.0.0.0"
172.16.36.181 - - [25/Jul/2025:16:27:33 +0800] "GET /manager-page/api/snapshot.php?id=41&t=0.6863810527481434 HTTP/1.1" 200 49909 "http://192.168.60.79/manager-page/home-4.php" "Mozilla/5.0 (Windows NT 10.0; Win64; x64) AppleWebKit/537.36 (KHTML, like Gecko) Chrome/138.0.0.0 Safari/537.36 Edg/138.0.0.0"
127.0.0.1 - - [25/Jul/2025:16:28:00 +0800] "GET /robot/alarm-history-in.php HTTP/1.1" 200 - "-" "python-requests/2.28.1"
127.0.0.1 - - [25/Jul/2025:16:28:12 +0800] "GET /get-setting.json HTTP/1.1" 200 2314 "-" "python-requests/2.31.0"
127.0.0.1 - - [25/Jul/2025:16:28:12 +0800] "POST /robot/lora-in.php HTTP/1.1" 200 - "-" "python-requests/2.31.0"
127.0.0.1 - - [25/Jul/2025:16:28:15 +0800] "POST /robot/lora-in.php HTTP/1.1" 200 - "-" "python-requests/2.31.0"
127.0.0.1 - - [25/Jul/2025:16:28:20 +0800] "POST /robot/lora-in.php HTTP/1.1" 200 - "-" "python-requests/2.31.0"
127.0.0.1 - - [25/Jul/2025:16:28:26 +0800] "POST /robot/lora-in.php HTTP/1.1" 200 - "-" "python-requests/2.31.0"
127.0.0.1 - - [25/Jul/2025:16:28:30 +0800] "POST /robot/lora-in.php HTTP/1.1" 200 - "-" "python-requests/2.31.0"
111.70.30.253 - - [25/Jul/2025:16:28:32 +0800] "POST /robot/lora-in.php HTTP/1.1" 200 - "-" "python-requests/2.21.0"
172.16.36.181 - - [25/Jul/2025:16:28:33 +0800] "GET /manager-page/api/snapshot.php?id=42&t=0.7570678531536199 HTTP/1.1" 200 52073 "http://192.168.60.79/manager-page/home-4.php" "Mozilla/5.0 (Windows NT 10.0; Win64; x64) AppleWebKit/537.36 (KHTML, like Gecko) Chrome/138.0.0.0 Safari/537.36 Edg/138.0.0.0"
172.16.36.181 - - [25/Jul/2025:16:28:33 +0800] "GET /manager-page/api/snapshot.php?id=41&t=0.18700791775189218 HTTP/1.1" 200 48849 "http://192.168.60.79/manager-page/home-4.php" "Mozilla/5.0 (Windows NT 10.0; Win64; x64) AppleWebKit/537.36 (KHTML, like Gecko) Chrome/138.0.0.0 Safari/537.36 Edg/138.0.0.0"
127.0.0.1 - - [25/Jul/2025:16:28:36 +0800] "POST /robot/lora-in.php HTTP/1.1" 200 - "-" "python-requests/2.31.0"
127.0.0.1 - - [25/Jul/2025:16:28:41 +0800] "POST /robot/lora-in.php HTTP/1.1" 200 - "-" "python-requests/2.31.0"
127.0.0.1 - - [25/Jul/2025:16:28:43 +0800] "POST /robot/lora-in.php HTTP/1.1" 200 - "-" "python-requests/2.31.0"
127.0.0.1 - - [25/Jul/2025:16:29:00 +0800] "GET /robot/alarm-history-in.php HTTP/1.1" 200 - "-" "python-requests/2.28.1"
172.16.36.181 - - [25/Jul/2025:16:29:33 +0800] "GET /manager-page/api/snapshot.php?id=42&t=0.7392682129804918 HTTP/1.1" 200 52563 "http://192.168.60.79/manager-page/home-4.php" "Mozilla/5.0 (Windows NT 10.0; Win64; x64) AppleWebKit/537.36 (KHTML, like Gecko) Chrome/138.0.0.0 Safari/537.36 Edg/138.0.0.0"
172.16.36.181 - - [25/Jul/2025:16:29:33 +0800] "GET /manager-page/api/snapshot.php?id=41&t=0.2590829936157685 HTTP/1.1" 200 50066 "http://192.168.60.79/manager-page/home-4.php" "Mozilla/5.0 (Windows NT 10.0; Win64; x64) AppleWebKit/537.36 (KHTML, like Gecko) Chrome/138.0.0.0 Safari/537.36 Edg/138.0.0.0"
127.0.0.1 - - [25/Jul/2025:16:30:00 +0800] "GET /robot/alarm-history-in.php HTTP/1.1" 200 - "-" "python-requests/2.28.1"
172.16.36.181 - - [25/Jul/2025:16:30:33 +0800] "GET /manager-page/api/snapshot.php?id=41&t=0.4884337792653747 HTTP/1.1" 200 48510 "http://192.168.60.79/manager-page/home-4.php" "Mozilla/5.0 (Windows NT 10.0; Win64; x64) AppleWebKit/537.36 (KHTML, like Gecko) Chrome/138.0.0.0 Safari/537.36 Edg/138.0.0.0"
172.16.36.181 - - [25/Jul/2025:16:30:33 +0800] "GET /manager-page/api/snapshot.php?id=42&t=0.08893857456425935 HTTP/1.1" 200 52343 "http://192.168.60.79/manager-page/home-4.php" "Mozilla/5.0 (Windows NT 10.0; Win64; x64) AppleWebKit/537.36 (KHTML, like Gecko) Chrome/138.0.0.0 Safari/537.36 Edg/138.0.0.0"
127.0.0.1 - - [25/Jul/2025:16:31:00 +0800] "GET /robot/alarm-history-in.php HTTP/1.1" 200 - "-" "python-requests/2.28.1"
172.16.36.181 - - [25/Jul/2025:16:31:33 +0800] "GET /manager-page/api/snapshot.php?id=41&t=0.8975878423174658 HTTP/1.1" 200 49243 "http://192.168.60.79/manager-page/home-4.php" "Mozilla/5.0 (Windows NT 10.0; Win64; x64) AppleWebKit/537.36 (KHTML, like Gecko) Chrome/138.0.0.0 Safari/537.36 Edg/138.0.0.0"
172.16.36.181 - - [25/Jul/2025:16:31:33 +0800] "GET /manager-page/api/snapshot.php?id=42&t=0.9895271129737684 HTTP/1.1" 200 51543 "http://192.168.60.79/manager-page/home-4.php" "Mozilla/5.0 (Windows NT 10.0; Win64; x64) AppleWebKit/537.36 (KHTML, like Gecko) Chrome/138.0.0.0 Safari/537.36 Edg/138.0.0.0"
111.70.30.251 - - [25/Jul/2025:16:32:00 +0800] "POST /robot/lora-in.php HTTP/1.1" 200 - "-" "python-requests/2.21.0"
127.0.0.1 - - [25/Jul/2025:16:32:00 +0800] "GET /robot/alarm-history-in.php HTTP/1.1" 200 - "-" "python-requests/2.28.1"
127.0.0.1 - - [25/Jul/2025:16:32:02 +0800] "POST /robot/et-7026-in.php HTTP/1.1" 200 - "-" "python-requests/2.32.2"
111.70.30.252 - - [25/Jul/2025:16:32:15 +0800] "POST /robot/lora-in.php HTTP/1.1" 200 - "-" "python-requests/2.21.0"
172.16.36.181 - - [25/Jul/2025:16:32:33 +0800] "GET /manager-page/api/snapshot.php?id=41&t=0.006828677444881137 HTTP/1.1" 200 49053 "http://192.168.60.79/manager-page/home-4.php" "Mozilla/5.0 (Windows NT 10.0; Win64; x64) AppleWebKit/537.36 (KHTML, like Gecko) Chrome/138.0.0.0 Safari/537.36 Edg/138.0.0.0"
172.16.36.181 - - [25/Jul/2025:16:32:33 +0800] "GET /manager-page/api/snapshot.php?id=42&t=0.6727432388992793 HTTP/1.1" 200 51531 "http://192.168.60.79/manager-page/home-4.php" "Mozilla/5.0 (Windows NT 10.0; Win64; x64) AppleWebKit/537.36 (KHTML, like Gecko) Chrome/138.0.0.0 Safari/537.36 Edg/138.0.0.0"
127.0.0.1 - - [25/Jul/2025:16:33:00 +0800] "GET /robot/alarm-history-in.php HTTP/1.1" 200 - "-" "python-requests/2.28.1"
127.0.0.1 - - [25/Jul/2025:16:33:03 +0800] "POST /robot/et-7026-in.php HTTP/1.1" 200 - "-" "python-requests/2.32.2"
172.16.36.181 - - [25/Jul/2025:16:33:33 +0800] "GET /manager-page/api/snapshot.php?id=41&t=0.2815161820440699 HTTP/1.1" 200 47710 "http://192.168.60.79/manager-page/home-4.php" "Mozilla/5.0 (Windows NT 10.0; Win64; x64) AppleWebKit/537.36 (KHTML, like Gecko) Chrome/138.0.0.0 Safari/537.36 Edg/138.0.0.0"
172.16.36.181 - - [25/Jul/2025:16:33:33 +0800] "GET /manager-page/api/snapshot.php?id=42&t=0.6467494140903242 HTTP/1.1" 200 51332 "http://192.168.60.79/manager-page/home-4.php" "Mozilla/5.0 (Windows NT 10.0; Win64; x64) AppleWebKit/537.36 (KHTML, like Gecko) Chrome/138.0.0.0 Safari/537.36 Edg/138.0.0.0"
127.0.0.1 - - [25/Jul/2025:16:33:56 +0800] "POST /robot/et-7026-in.php HTTP/1.1" 200 - "-" "python-requests/2.32.2"
127.0.0.1 - - [25/Jul/2025:16:34:00 +0800] "GET /robot/alarm-history-in.php HTTP/1.1" 200 - "-" "python-requests/2.28.1"
172.16.36.181 - - [25/Jul/2025:16:34:33 +0800] "GET /manager-page/api/snapshot.php?id=42&t=0.7310862534260175 HTTP/1.1" 200 51392 "http://192.168.60.79/manager-page/home-4.php" "Mozilla/5.0 (Windows NT 10.0; Win64; x64) AppleWebKit/537.36 (KHTML, like Gecko) Chrome/138.0.0.0 Safari/537.36 Edg/138.0.0.0"
172.16.36.181 - - [25/Jul/2025:16:34:33 +0800] "GET /manager-page/api/snapshot.php?id=41&t=0.8759083179565044 HTTP/1.1" 200 48379 "http://192.168.60.79/manager-page/home-4.php" "Mozilla/5.0 (Windows NT 10.0; Win64; x64) AppleWebKit/537.36 (KHTML, like Gecko) Chrome/138.0.0.0 Safari/537.36 Edg/138.0.0.0"
127.0.0.1 - - [25/Jul/2025:16:34:41 +0800] "POST /robot/et-7026-in.php HTTP/1.1" 200 - "-" "python-requests/2.32.2"
127.0.0.1 - - [25/Jul/2025:16:35:00 +0800] "GET /robot/alarm-history-in.php HTTP/1.1" 200 - "-" "python-requests/2.28.1"
172.16.36.181 - - [25/Jul/2025:16:35:33 +0800] "GET /manager-page/api/snapshot.php?id=42&t=0.733560537395831 HTTP/1.1" 200 50788 "http://192.168.60.79/manager-page/home-4.php" "Mozilla/5.0 (Windows NT 10.0; Win64; x64) AppleWebKit/537.36 (KHTML, like Gecko) Chrome/138.0.0.0 Safari/537.36 Edg/138.0.0.0"
172.16.36.181 - - [25/Jul/2025:16:35:33 +0800] "GET /manager-page/api/snapshot.php?id=41&t=0.7891078670820977 HTTP/1.1" 200 47519 "http://192.168.60.79/manager-page/home-4.php" "Mozilla/5.0 (Windows NT 10.0; Win64; x64) AppleWebKit/537.36 (KHTML, like Gecko) Chrome/138.0.0.0 Safari/537.36 Edg/138.0.0.0"
111.70.30.250 - - [25/Jul/2025:16:35:50 +0800] "POST /robot/lora-in.php HTTP/1.1" 200 - "-" "python-requests/2.21.0"
127.0.0.1 - - [25/Jul/2025:16:36:00 +0800] "GET /robot/alarm-history-in.php HTTP/1.1" 200 - "-" "python-requests/2.28.1"
172.16.36.181 - - [25/Jul/2025:16:36:33 +0800] "GET /manager-page/api/snapshot.php?id=42&t=0.9945133457729255 HTTP/1.1" 200 52597 "http://192.168.60.79/manager-page/home-4.php" "Mozilla/5.0 (Windows NT 10.0; Win64; x64) AppleWebKit/537.36 (KHTML, like Gecko) Chrome/138.0.0.0 Safari/537.36 Edg/138.0.0.0"
172.16.36.181 - - [25/Jul/2025:16:36:33 +0800] "GET /manager-page/api/snapshot.php?id=41&t=0.8694018942064838 HTTP/1.1" 200 49787 "http://192.168.60.79/manager-page/home-4.php" "Mozilla/5.0 (Windows NT 10.0; Win64; x64) AppleWebKit/537.36 (KHTML, like Gecko) Chrome/138.0.0.0 Safari/537.36 Edg/138.0.0.0"
127.0.0.1 - - [25/Jul/2025:16:37:00 +0800] "GET /robot/alarm-history-in.php HTTP/1.1" 200 - "-" "python-requests/2.28.1"
172.16.36.181 - - [25/Jul/2025:16:37:13 +0800] "GET /manager-page/api/snapshot.php?id=42&t=0.01794925641203582 HTTP/1.1" 200 52027 "http://192.168.60.79/manager-page/home-4.php" "Mozilla/5.0 (Windows NT 10.0; Win64; x64) AppleWebKit/537.36 (KHTML, like Gecko) Chrome/138.0.0.0 Safari/537.36 Edg/138.0.0.0"
172.16.36.181 - - [25/Jul/2025:16:37:13 +0800] "GET /manager-page/api/snapshot.php?id=41&t=0.7368682160341067 HTTP/1.1" 200 49527 "http://192.168.60.79/manager-page/home-4.php" "Mozilla/5.0 (Windows NT 10.0; Win64; x64) AppleWebKit/537.36 (KHTML, like Gecko) Chrome/138.0.0.0 Safari/537.36 Edg/138.0.0.0"
172.16.36.181 - - [25/Jul/2025:16:37:13 +0800] "GET /manager-page/api/snapshot.php?id=41&t=0.22520774677898214 HTTP/1.1" 200 49597 "http://192.168.60.79/manager-page/home-4.php" "Mozilla/5.0 (Windows NT 10.0; Win64; x64) AppleWebKit/537.36 (KHTML, like Gecko) Chrome/138.0.0.0 Safari/537.36 Edg/138.0.0.0"
172.16.36.181 - - [25/Jul/2025:16:37:13 +0800] "GET /manager-page/api/snapshot.php?id=42&t=0.7297399677031966 HTTP/1.1" 200 51997 "http://192.168.60.79/manager-page/home-4.php" "Mozilla/5.0 (Windows NT 10.0; Win64; x64) AppleWebKit/537.36 (KHTML, like Gecko) Chrome/138.0.0.0 Safari/537.36 Edg/138.0.0.0"
111.70.30.253 - - [25/Jul/2025:16:37:17 +0800] "POST /robot/lora-in.php HTTP/1.1" 200 - "-" "python-requests/2.21.0"
172.16.36.181 - - [25/Jul/2025:16:37:18 +0800] "GET /manager-page/api/snapshot.php?id=42&t=0.9623614181264197 HTTP/1.1" 200 51929 "http://192.168.60.79/manager-page/home-4.php" "Mozilla/5.0 (Windows NT 10.0; Win64; x64) AppleWebKit/537.36 (KHTML, like Gecko) Chrome/138.0.0.0 Safari/537.36 Edg/138.0.0.0"
172.16.36.181 - - [25/Jul/2025:16:37:18 +0800] "GET /manager-page/api/snapshot.php?id=41&t=0.9859800930689416 HTTP/1.1" 200 49588 "http://192.168.60.79/manager-page/home-4.php" "Mozilla/5.0 (Windows NT 10.0; Win64; x64) AppleWebKit/537.36 (KHTML, like Gecko) Chrome/138.0.0.0 Safari/537.36 Edg/138.0.0.0"
172.16.36.181 - - [25/Jul/2025:16:37:23 +0800] "GET /manager-page/api/snapshot.php?id=42&t=0.19157228211758948 HTTP/1.1" 200 51997 "http://192.168.60.79/manager-page/home-4.php" "Mozilla/5.0 (Windows NT 10.0; Win64; x64) AppleWebKit/537.36 (KHTML, like Gecko) Chrome/138.0.0.0 Safari/537.36 Edg/138.0.0.0"
172.16.36.181 - - [25/Jul/2025:16:37:23 +0800] "GET /manager-page/api/snapshot.php?id=41&t=0.00033784384550494817 HTTP/1.1" 200 49479 "http://192.168.60.79/manager-page/home-4.php" "Mozilla/5.0 (Windows NT 10.0; Win64; x64) AppleWebKit/537.36 (KHTML, like Gecko) Chrome/138.0.0.0 Safari/537.36 Edg/138.0.0.0"
172.16.36.181 - - [25/Jul/2025:16:37:26 +0800] "GET /manager-page/alarm/1-1.jpg?t=265344410 HTTP/1.1" 200 322868 "http://192.168.60.79/manager-page/home-1.php" "Mozilla/5.0 (Windows NT 10.0; Win64; x64) AppleWebKit/537.36 (KHTML, like Gecko) Chrome/138.0.0.0 Safari/537.36 Edg/138.0.0.0"
172.16.36.181 - - [25/Jul/2025:16:37:26 +0800] "GET /manager-page/alarm/1-2.jpg?t=882555039 HTTP/1.1" 200 495492 "http://192.168.60.79/manager-page/home-1.php" "Mozilla/5.0 (Windows NT 10.0; Win64; x64) AppleWebKit/537.36 (KHTML, like Gecko) Chrome/138.0.0.0 Safari/537.36 Edg/138.0.0.0"
172.16.36.181 - - [25/Jul/2025:16:37:26 +0800] "GET /manager-page/home-1.php HTTP/1.1" 200 27472 "http://192.168.60.79/manager-page/home-4.php" "Mozilla/5.0 (Windows NT 10.0; Win64; x64) AppleWebKit/537.36 (KHTML, like Gecko) Chrome/138.0.0.0 Safari/537.36 Edg/138.0.0.0"
172.16.36.181 - - [25/Jul/2025:16:37:26 +0800] "GET /manager-page/api/snapshot.php?id=11 HTTP/1.1" 200 28968 "http://192.168.60.79/manager-page/home-1.php" "Mozilla/5.0 (Windows NT 10.0; Win64; x64) AppleWebKit/537.36 (KHTML, like Gecko) Chrome/138.0.0.0 Safari/537.36 Edg/138.0.0.0"
172.16.36.181 - - [25/Jul/2025:16:37:26 +0800] "GET /manager-page/api/snapshot.php?id=12 HTTP/1.1" 200 43652 "http://192.168.60.79/manager-page/home-1.php" "Mozilla/5.0 (Windows NT 10.0; Win64; x64) AppleWebKit/537.36 (KHTML, like Gecko) Chrome/138.0.0.0 Safari/537.36 Edg/138.0.0.0"
172.16.36.181 - - [25/Jul/2025:16:37:28 +0800] "GET /manager-page/api/lp-status1.php HTTP/1.1" 200 1 "http://192.168.60.79/manager-page/home-1.php" "Mozilla/5.0 (Windows NT 10.0; Win64; x64) AppleWebKit/537.36 (KHTML, like Gecko) Chrome/138.0.0.0 Safari/537.36 Edg/138.0.0.0"
172.16.36.181 - - [25/Jul/2025:16:37:28 +0800] "GET /manager-page/api/cms-status1.php HTTP/1.1" 200 12 "http://192.168.60.79/manager-page/home-1.php" "Mozilla/5.0 (Windows NT 10.0; Win64; x64) AppleWebKit/537.36 (KHTML, like Gecko) Chrome/138.0.0.0 Safari/537.36 Edg/138.0.0.0"
172.16.36.181 - - [25/Jul/2025:16:37:33 +0800] "GET /manager-page/api/snapshot.php?id=12&t=0.8662079068809035 HTTP/1.1" 200 43672 "http://192.168.60.79/manager-page/home-1.php" "Mozilla/5.0 (Windows NT 10.0; Win64; x64) AppleWebKit/537.36 (KHTML, like Gecko) Chrome/138.0.0.0 Safari/537.36 Edg/138.0.0.0"
172.16.36.181 - - [25/Jul/2025:16:37:33 +0800] "GET /manager-page/api/snapshot.php?id=11&t=0.8954900384234417 HTTP/1.1" 200 28675 "http://192.168.60.79/manager-page/home-1.php" "Mozilla/5.0 (Windows NT 10.0; Win64; x64) AppleWebKit/537.36 (KHTML, like Gecko) Chrome/138.0.0.0 Safari/537.36 Edg/138.0.0.0"
172.16.36.181 - - [25/Jul/2025:16:37:38 +0800] "GET /manager-page/api/snapshot.php?id=12&t=0.7181966210811882 HTTP/1.1" 200 43664 "http://192.168.60.79/manager-page/home-1.php" "Mozilla/5.0 (Windows NT 10.0; Win64; x64) AppleWebKit/537.36 (KHTML, like Gecko) Chrome/138.0.0.0 Safari/537.36 Edg/138.0.0.0"
172.16.36.181 - - [25/Jul/2025:16:37:38 +0800] "GET /manager-page/api/snapshot.php?id=11&t=0.50668725055452 HTTP/1.1" 200 28741 "http://192.168.60.79/manager-page/home-1.php" "Mozilla/5.0 (Windows NT 10.0; Win64; x64) AppleWebKit/537.36 (KHTML, like Gecko) Chrome/138.0.0.0 Safari/537.36 Edg/138.0.0.0"
172.16.36.181 - - [25/Jul/2025:16:37:43 +0800] "GET /manager-page/api/snapshot.php?id=12&t=0.0793947029831642 HTTP/1.1" 200 43765 "http://192.168.60.79/manager-page/home-1.php" "Mozilla/5.0 (Windows NT 10.0; Win64; x64) AppleWebKit/537.36 (KHTML, like Gecko) Chrome/138.0.0.0 Safari/537.36 Edg/138.0.0.0"
172.16.36.181 - - [25/Jul/2025:16:37:43 +0800] "GET /manager-page/api/snapshot.php?id=11&t=0.6637633589589633 HTTP/1.1" 200 28844 "http://192.168.60.79/manager-page/home-1.php" "Mozilla/5.0 (Windows NT 10.0; Win64; x64) AppleWebKit/537.36 (KHTML, like Gecko) Chrome/138.0.0.0 Safari/537.36 Edg/138.0.0.0"
172.16.36.181 - - [25/Jul/2025:16:37:48 +0800] "GET /manager-page/api/snapshot.php?id=11&t=0.6615135767060127 HTTP/1.1" 200 28979 "http://192.168.60.79/manager-page/home-1.php" "Mozilla/5.0 (Windows NT 10.0; Win64; x64) AppleWebKit/537.36 (KHTML, like Gecko) Chrome/138.0.0.0 Safari/537.36 Edg/138.0.0.0"
172.16.36.181 - - [25/Jul/2025:16:37:48 +0800] "GET /manager-page/api/snapshot.php?id=12&t=0.9361033824677932 HTTP/1.1" 200 43677 "http://192.168.60.79/manager-page/home-1.php" "Mozilla/5.0 (Windows NT 10.0; Win64; x64) AppleWebKit/537.36 (KHTML, like Gecko) Chrome/138.0.0.0 Safari/537.36 Edg/138.0.0.0"
172.16.36.181 - - [25/Jul/2025:16:37:53 +0800] "GET /manager-page/api/snapshot.php?id=12&t=0.9242490499503396 HTTP/1.1" 200 43651 "http://192.168.60.79/manager-page/home-1.php" "Mozilla/5.0 (Windows NT 10.0; Win64; x64) AppleWebKit/537.36 (KHTML, like Gecko) Chrome/138.0.0.0 Safari/537.36 Edg/138.0.0.0"
172.16.36.181 - - [25/Jul/2025:16:37:53 +0800] "GET /manager-page/api/snapshot.php?id=11&t=0.9777421637879846 HTTP/1.1" 200 29084 "http://192.168.60.79/manager-page/home-1.php" "Mozilla/5.0 (Windows NT 10.0; Win64; x64) AppleWebKit/537.36 (KHTML, like Gecko) Chrome/138.0.0.0 Safari/537.36 Edg/138.0.0.0"
172.16.36.181 - - [25/Jul/2025:16:37:58 +0800] "GET /manager-page/api/snapshot.php?id=11&t=0.9658678628435104 HTTP/1.1" 200 29186 "http://192.168.60.79/manager-page/home-1.php" "Mozilla/5.0 (Windows NT 10.0; Win64; x64) AppleWebKit/537.36 (KHTML, like Gecko) Chrome/138.0.0.0 Safari/537.36 Edg/138.0.0.0"
172.16.36.181 - - [25/Jul/2025:16:37:58 +0800] "GET /manager-page/api/snapshot.php?id=12&t=0.25879637598881766 HTTP/1.1" 200 43782 "http://192.168.60.79/manager-page/home-1.php" "Mozilla/5.0 (Windows NT 10.0; Win64; x64) AppleWebKit/537.36 (KHTML, like Gecko) Chrome/138.0.0.0 Safari/537.36 Edg/138.0.0.0"
127.0.0.1 - - [25/Jul/2025:16:38:00 +0800] "GET /robot/alarm-history-in.php HTTP/1.1" 200 - "-" "python-requests/2.28.1"
172.16.36.181 - - [25/Jul/2025:16:38:03 +0800] "GET /manager-page/api/snapshot.php?id=11&t=0.41376457965683033 HTTP/1.1" 200 29174 "http://192.168.60.79/manager-page/home-1.php" "Mozilla/5.0 (Windows NT 10.0; Win64; x64) AppleWebKit/537.36 (KHTML, like Gecko) Chrome/138.0.0.0 Safari/537.36 Edg/138.0.0.0"
172.16.36.181 - - [25/Jul/2025:16:38:03 +0800] "GET /manager-page/api/snapshot.php?id=12&t=0.5206997016803541 HTTP/1.1" 200 43849 "http://192.168.60.79/manager-page/home-1.php" "Mozilla/5.0 (Windows NT 10.0; Win64; x64) AppleWebKit/537.36 (KHTML, like Gecko) Chrome/138.0.0.0 Safari/537.36 Edg/138.0.0.0"
172.16.36.181 - - [25/Jul/2025:16:38:08 +0800] "GET /manager-page/api/snapshot.php?id=11&t=0.8219362789731612 HTTP/1.1" 200 29170 "http://192.168.60.79/manager-page/home-1.php" "Mozilla/5.0 (Windows NT 10.0; Win64; x64) AppleWebKit/537.36 (KHTML, like Gecko) Chrome/138.0.0.0 Safari/537.36 Edg/138.0.0.0"
172.16.36.181 - - [25/Jul/2025:16:38:08 +0800] "GET /manager-page/api/snapshot.php?id=12&t=0.9929092717532045 HTTP/1.1" 200 43842 "http://192.168.60.79/manager-page/home-1.php" "Mozilla/5.0 (Windows NT 10.0; Win64; x64) AppleWebKit/537.36 (KHTML, like Gecko) Chrome/138.0.0.0 Safari/537.36 Edg/138.0.0.0"
127.0.0.1 - - [25/Jul/2025:16:38:12 +0800] "GET /get-setting.json HTTP/1.1" 200 2314 "-" "python-requests/2.31.0"
127.0.0.1 - - [25/Jul/2025:16:38:12 +0800] "POST /robot/lora-in.php HTTP/1.1" 200 - "-" "python-requests/2.31.0"
172.16.36.181 - - [25/Jul/2025:16:38:13 +0800] "GET /manager-page/api/snapshot.php?id=12&t=0.7664355738489111 HTTP/1.1" 200 43912 "http://192.168.60.79/manager-page/home-1.php" "Mozilla/5.0 (Windows NT 10.0; Win64; x64) AppleWebKit/537.36 (KHTML, like Gecko) Chrome/138.0.0.0 Safari/537.36 Edg/138.0.0.0"
172.16.36.181 - - [25/Jul/2025:16:38:13 +0800] "GET /manager-page/api/snapshot.php?id=11&t=0.6720655561826745 HTTP/1.1" 200 29197 "http://192.168.60.79/manager-page/home-1.php" "Mozilla/5.0 (Windows NT 10.0; Win64; x64) AppleWebKit/537.36 (KHTML, like Gecko) Chrome/138.0.0.0 Safari/537.36 Edg/138.0.0.0"
172.16.36.181 - - [25/Jul/2025:16:38:18 +0800] "GET /manager-page/api/snapshot.php?id=12&t=0.1664345771159158 HTTP/1.1" 200 43952 "http://192.168.60.79/manager-page/home-1.php" "Mozilla/5.0 (Windows NT 10.0; Win64; x64) AppleWebKit/537.36 (KHTML, like Gecko) Chrome/138.0.0.0 Safari/537.36 Edg/138.0.0.0"
172.16.36.181 - - [25/Jul/2025:16:38:18 +0800] "GET /manager-page/api/snapshot.php?id=11&t=0.509754170791736 HTTP/1.1" 200 29283 "http://192.168.60.79/manager-page/home-1.php" "Mozilla/5.0 (Windows NT 10.0; Win64; x64) AppleWebKit/537.36 (KHTML, like Gecko) Chrome/138.0.0.0 Safari/537.36 Edg/138.0.0.0"
127.0.0.1 - - [25/Jul/2025:16:38:22 +0800] "POST /robot/lora-in.php HTTP/1.1" 200 - "-" "python-requests/2.31.0"
172.16.36.181 - - [25/Jul/2025:16:38:23 +0800] "GET /manager-page/api/snapshot.php?id=12&t=0.2677739829615421 HTTP/1.1" 200 44053 "http://192.168.60.79/manager-page/home-1.php" "Mozilla/5.0 (Windows NT 10.0; Win64; x64) AppleWebKit/537.36 (KHTML, like Gecko) Chrome/138.0.0.0 Safari/537.36 Edg/138.0.0.0"
172.16.36.181 - - [25/Jul/2025:16:38:23 +0800] "GET /manager-page/api/snapshot.php?id=11&t=0.5930625494637314 HTTP/1.1" 200 29393 "http://192.168.60.79/manager-page/home-1.php" "Mozilla/5.0 (Windows NT 10.0; Win64; x64) AppleWebKit/537.36 (KHTML, like Gecko) Chrome/138.0.0.0 Safari/537.36 Edg/138.0.0.0"
