127.0.0.1 - - [13/Mar/2025:08:55:57 +0800] "GET /manager-page/api/snapshot.php?id=22&t=0.5270061986330639 HTTP/1.1" 200 44862 "http://127.0.0.1/manager-page/home-2.php" "Mozilla/5.0 (Windows NT 10.0; Win64; x64) AppleWebKit/537.36 (KHTML, like Gecko) Chrome/119.0.0.0 Safari/537.36"
127.0.0.1 - - [13/Mar/2025:08:55:57 +0800] "GET /manager-page/api/snapshot.php?id=21&t=0.6720690566736485 HTTP/1.1" 500 - "http://127.0.0.1/manager-page/home-2.php" "Mozilla/5.0 (Windows NT 10.0; Win64; x64) AppleWebKit/537.36 (KHTML, like Gecko) Chrome/119.0.0.0 Safari/537.36"
127.0.0.1 - - [13/Mar/2025:08:56:00 +0800] "GET /robot/alarm-history-in.php HTTP/1.1" 200 - "-" "python-requests/2.28.1"
127.0.0.1 - - [13/Mar/2025:08:56:08 +0800] "POST /robot/et-7026-in.php HTTP/1.1" 200 - "-" "python-requests/2.32.2"
111.70.30.252 - - [13/Mar/2025:08:56:49 +0800] "POST /robot/lora-in.php HTTP/1.1" 200 - "-" "python-requests/2.21.0"
127.0.0.1 - - [13/Mar/2025:08:57:00 +0800] "GET /robot/alarm-history-in.php HTTP/1.1" 200 - "-" "python-requests/2.28.1"
127.0.0.1 - - [13/Mar/2025:08:56:57 +0800] "GET /manager-page/api/snapshot.php?id=21&t=0.954738005320845 HTTP/1.1" 200 - "http://127.0.0.1/manager-page/home-2.php" "Mozilla/5.0 (Windows NT 10.0; Win64; x64) AppleWebKit/537.36 (KHTML, like Gecko) Chrome/119.0.0.0 Safari/537.36"
127.0.0.1 - - [13/Mar/2025:08:56:57 +0800] "GET /manager-page/api/snapshot.php?id=22&t=0.8531362604832058 HTTP/1.1" 500 - "http://127.0.0.1/manager-page/home-2.php" "Mozilla/5.0 (Windows NT 10.0; Win64; x64) AppleWebKit/537.36 (KHTML, like Gecko) Chrome/119.0.0.0 Safari/537.36"
127.0.0.1 - - [13/Mar/2025:08:57:57 +0800] "GET /manager-page/api/snapshot.php?id=22&t=0.9683869013761883 HTTP/1.1" 200 44681 "http://127.0.0.1/manager-page/home-2.php" "Mozilla/5.0 (Windows NT 10.0; Win64; x64) AppleWebKit/537.36 (KHTML, like Gecko) Chrome/119.0.0.0 Safari/537.36"
127.0.0.1 - - [13/Mar/2025:08:58:00 +0800] "GET /robot/alarm-history-in.php HTTP/1.1" 200 - "-" "python-requests/2.28.1"
127.0.0.1 - - [13/Mar/2025:08:57:57 +0800] "GET /manager-page/api/snapshot.php?id=21&t=0.21160758666050516 HTTP/1.1" 500 - "http://127.0.0.1/manager-page/home-2.php" "Mozilla/5.0 (Windows NT 10.0; Win64; x64) AppleWebKit/537.36 (KHTML, like Gecko) Chrome/119.0.0.0 Safari/537.36"
111.70.30.251 - - [13/Mar/2025:08:58:04 +0800] "POST /robot/lora-in.php HTTP/1.1" 200 - "-" "python-requests/2.21.0"
127.0.0.1 - - [13/Mar/2025:08:59:00 +0800] "GET /robot/alarm-history-in.php HTTP/1.1" 200 - "-" "python-requests/2.28.1"
127.0.0.1 - - [13/Mar/2025:08:58:57 +0800] "GET /manager-page/api/snapshot.php?id=21&t=0.7651089439706371 HTTP/1.1" 200 - "http://127.0.0.1/manager-page/home-2.php" "Mozilla/5.0 (Windows NT 10.0; Win64; x64) AppleWebKit/537.36 (KHTML, like Gecko) Chrome/119.0.0.0 Safari/537.36"
127.0.0.1 - - [13/Mar/2025:08:58:57 +0800] "GET /manager-page/api/snapshot.php?id=22&t=0.09966423255827017 HTTP/1.1" 500 - "http://127.0.0.1/manager-page/home-2.php" "Mozilla/5.0 (Windows NT 10.0; Win64; x64) AppleWebKit/537.36 (KHTML, like Gecko) Chrome/119.0.0.0 Safari/537.36"
127.0.0.1 - - [13/Mar/2025:08:59:57 +0800] "GET /manager-page/api/snapshot.php?id=22&t=0.3318879737650866 HTTP/1.1" 200 44238 "http://127.0.0.1/manager-page/home-2.php" "Mozilla/5.0 (Windows NT 10.0; Win64; x64) AppleWebKit/537.36 (KHTML, like Gecko) Chrome/119.0.0.0 Safari/537.36"
127.0.0.1 - - [13/Mar/2025:09:00:00 +0800] "GET /robot/alarm-history-in.php HTTP/1.1" 200 - "-" "python-requests/2.28.1"
127.0.0.1 - - [13/Mar/2025:08:59:57 +0800] "GET /manager-page/api/snapshot.php?id=21&t=0.31967145741537006 HTTP/1.1" 500 - "http://127.0.0.1/manager-page/home-2.php" "Mozilla/5.0 (Windows NT 10.0; Win64; x64) AppleWebKit/537.36 (KHTML, like Gecko) Chrome/119.0.0.0 Safari/537.36"
127.0.0.1 - - [13/Mar/2025:09:00:57 +0800] "GET /manager-page/api/snapshot.php?id=22&t=0.7446015138717512 HTTP/1.1" 200 44530 "http://127.0.0.1/manager-page/home-2.php" "Mozilla/5.0 (Windows NT 10.0; Win64; x64) AppleWebKit/537.36 (KHTML, like Gecko) Chrome/119.0.0.0 Safari/537.36"
127.0.0.1 - - [13/Mar/2025:09:01:00 +0800] "GET /robot/alarm-history-in.php HTTP/1.1" 200 - "-" "python-requests/2.28.1"
127.0.0.1 - - [13/Mar/2025:09:00:57 +0800] "GET /manager-page/api/snapshot.php?id=21&t=0.8641377501685532 HTTP/1.1" 500 - "http://127.0.0.1/manager-page/home-2.php" "Mozilla/5.0 (Windows NT 10.0; Win64; x64) AppleWebKit/537.36 (KHTML, like Gecko) Chrome/119.0.0.0 Safari/537.36"
127.0.0.1 - - [13/Mar/2025:09:02:00 +0800] "GET /robot/alarm-history-in.php HTTP/1.1" 200 - "-" "python-requests/2.28.1"
127.0.0.1 - - [13/Mar/2025:09:01:57 +0800] "GET /manager-page/api/snapshot.php?id=21&t=0.9005530500662726 HTTP/1.1" 200 - "http://127.0.0.1/manager-page/home-2.php" "Mozilla/5.0 (Windows NT 10.0; Win64; x64) AppleWebKit/537.36 (KHTML, like Gecko) Chrome/119.0.0.0 Safari/537.36"
127.0.0.1 - - [13/Mar/2025:09:01:57 +0800] "GET /manager-page/api/snapshot.php?id=22&t=0.2985830402381955 HTTP/1.1" 500 - "http://127.0.0.1/manager-page/home-2.php" "Mozilla/5.0 (Windows NT 10.0; Win64; x64) AppleWebKit/537.36 (KHTML, like Gecko) Chrome/119.0.0.0 Safari/537.36"
111.70.30.251 - - [13/Mar/2025:09:02:03 +0800] "POST /robot/lora-in.php HTTP/1.1" 200 - "-" "python-requests/2.21.0"
127.0.0.1 - - [13/Mar/2025:09:02:57 +0800] "GET /manager-page/api/snapshot.php?id=22&t=0.5913518814800267 HTTP/1.1" 200 44974 "http://127.0.0.1/manager-page/home-2.php" "Mozilla/5.0 (Windows NT 10.0; Win64; x64) AppleWebKit/537.36 (KHTML, like Gecko) Chrome/119.0.0.0 Safari/537.36"
127.0.0.1 - - [13/Mar/2025:09:03:00 +0800] "GET /robot/alarm-history-in.php HTTP/1.1" 200 - "-" "python-requests/2.28.1"
111.70.30.250 - - [13/Mar/2025:09:03:00 +0800] "POST /robot/lora-in.php HTTP/1.1" 200 - "-" "python-requests/2.21.0"
127.0.0.1 - - [13/Mar/2025:09:02:57 +0800] "GET /manager-page/api/snapshot.php?id=21&t=0.7684957302865498 HTTP/1.1" 500 - "http://127.0.0.1/manager-page/home-2.php" "Mozilla/5.0 (Windows NT 10.0; Win64; x64) AppleWebKit/537.36 (KHTML, like Gecko) Chrome/119.0.0.0 Safari/537.36"
127.0.0.1 - - [13/Mar/2025:09:03:57 +0800] "GET /manager-page/api/snapshot.php?id=22&t=0.994963396198947 HTTP/1.1" 200 44881 "http://127.0.0.1/manager-page/home-2.php" "Mozilla/5.0 (Windows NT 10.0; Win64; x64) AppleWebKit/537.36 (KHTML, like Gecko) Chrome/119.0.0.0 Safari/537.36"
111.70.30.253 - - [13/Mar/2025:09:03:58 +0800] "POST /robot/lora-in.php HTTP/1.1" 200 - "-" "python-requests/2.21.0"
127.0.0.1 - - [13/Mar/2025:09:04:00 +0800] "GET /robot/alarm-history-in.php HTTP/1.1" 200 - "-" "python-requests/2.28.1"
127.0.0.1 - - [13/Mar/2025:09:03:57 +0800] "GET /manager-page/api/snapshot.php?id=21&t=0.5562314827619912 HTTP/1.1" 500 - "http://127.0.0.1/manager-page/home-2.php" "Mozilla/5.0 (Windows NT 10.0; Win64; x64) AppleWebKit/537.36 (KHTML, like Gecko) Chrome/119.0.0.0 Safari/537.36"
127.0.0.1 - - [13/Mar/2025:09:04:50 +0800] "POST /robot/lora-in.php HTTP/1.1" 200 - "-" "python-requests/2.31.0"
127.0.0.1 - - [13/Mar/2025:09:04:57 +0800] "GET /manager-page/api/snapshot.php?id=22&t=0.37006595420844035 HTTP/1.1" 200 44789 "http://127.0.0.1/manager-page/home-2.php" "Mozilla/5.0 (Windows NT 10.0; Win64; x64) AppleWebKit/537.36 (KHTML, like Gecko) Chrome/119.0.0.0 Safari/537.36"
127.0.0.1 - - [13/Mar/2025:09:04:59 +0800] "POST /robot/lora-in.php HTTP/1.1" 200 - "-" "python-requests/2.31.0"
127.0.0.1 - - [13/Mar/2025:09:05:00 +0800] "POST /robot/et-7026-in.php HTTP/1.1" 200 - "-" "python-requests/2.32.2"
127.0.0.1 - - [13/Mar/2025:09:05:01 +0800] "GET /robot/alarm-history-in.php HTTP/1.1" 200 - "-" "python-requests/2.28.1"
127.0.0.1 - - [13/Mar/2025:09:05:01 +0800] "POST /robot/et-7026-in.php HTTP/1.1" 200 - "-" "python-requests/2.32.2"
127.0.0.1 - - [13/Mar/2025:09:04:57 +0800] "GET /manager-page/api/snapshot.php?id=21&t=0.5988982811133634 HTTP/1.1" 500 - "http://127.0.0.1/manager-page/home-2.php" "Mozilla/5.0 (Windows NT 10.0; Win64; x64) AppleWebKit/537.36 (KHTML, like Gecko) Chrome/119.0.0.0 Safari/537.36"
127.0.0.1 - - [13/Mar/2025:09:05:14 +0800] "POST /robot/lora-in.php HTTP/1.1" 200 - "-" "python-requests/2.31.0"
127.0.0.1 - - [13/Mar/2025:09:05:18 +0800] "POST /robot/lora-in.php HTTP/1.1" 200 - "-" "python-requests/2.31.0"
127.0.0.1 - - [13/Mar/2025:09:05:27 +0800] "POST /robot/lora-in.php HTTP/1.1" 200 - "-" "python-requests/2.31.0"
127.0.0.1 - - [13/Mar/2025:09:05:30 +0800] "POST /robot/lora-in.php HTTP/1.1" 200 - "-" "python-requests/2.31.0"
127.0.0.1 - - [13/Mar/2025:09:05:34 +0800] "POST /robot/lora-in.php HTTP/1.1" 200 - "-" "python-requests/2.31.0"
127.0.0.1 - - [13/Mar/2025:09:05:39 +0800] "POST /robot/et-7026-in.php HTTP/1.1" 200 - "-" "python-requests/2.32.2"
111.70.30.252 - - [13/Mar/2025:09:06:01 +0800] "POST /robot/lora-in.php HTTP/1.1" 200 - "-" "python-requests/2.21.0"
111.70.30.251 - - [13/Mar/2025:09:06:01 +0800] "POST /robot/lora-in.php HTTP/1.1" 200 - "-" "python-requests/2.21.0"
127.0.0.1 - - [13/Mar/2025:09:05:57 +0800] "GET /manager-page/api/snapshot.php?id=21&t=0.6095909308124088 HTTP/1.1" 200 - "http://127.0.0.1/manager-page/home-2.php" "Mozilla/5.0 (Windows NT 10.0; Win64; x64) AppleWebKit/537.36 (KHTML, like Gecko) Chrome/119.0.0.0 Safari/537.36"
127.0.0.1 - - [13/Mar/2025:09:05:57 +0800] "GET /manager-page/api/snapshot.php?id=22&t=0.6954663324740362 HTTP/1.1" 500 - "http://127.0.0.1/manager-page/home-2.php" "Mozilla/5.0 (Windows NT 10.0; Win64; x64) AppleWebKit/537.36 (KHTML, like Gecko) Chrome/119.0.0.0 Safari/537.36"
127.0.0.1 - - [13/Mar/2025:09:06:08 +0800] "POST /robot/et-7026-in.php HTTP/1.1" 200 - "-" "python-requests/2.32.2"
127.0.0.1 - - [13/Mar/2025:09:06:00 +0800] "GET /robot/alarm-history-in.php HTTP/1.1" 200 - "-" "python-requests/2.28.1"
127.0.0.1 - - [13/Mar/2025:09:07:00 +0800] "GET /robot/alarm-history-in.php HTTP/1.1" 200 - "-" "python-requests/2.28.1"
127.0.0.1 - - [13/Mar/2025:09:06:57 +0800] "GET /manager-page/api/snapshot.php?id=21&t=0.05622543412197856 HTTP/1.1" 500 - "http://127.0.0.1/manager-page/home-2.php" "Mozilla/5.0 (Windows NT 10.0; Win64; x64) AppleWebKit/537.36 (KHTML, like Gecko) Chrome/119.0.0.0 Safari/537.36"
127.0.0.1 - - [13/Mar/2025:09:06:57 +0800] "GET /manager-page/api/snapshot.php?id=22&t=0.8074782429473859 HTTP/1.1" 500 - "http://127.0.0.1/manager-page/home-2.php" "Mozilla/5.0 (Windows NT 10.0; Win64; x64) AppleWebKit/537.36 (KHTML, like Gecko) Chrome/119.0.0.0 Safari/537.36"
127.0.0.1 - - [13/Mar/2025:09:07:57 +0800] "GET /manager-page/api/snapshot.php?id=21&t=0.664335658198355 HTTP/1.1" 200 - "http://127.0.0.1/manager-page/home-2.php" "Mozilla/5.0 (Windows NT 10.0; Win64; x64) AppleWebKit/537.36 (KHTML, like Gecko) Chrome/119.0.0.0 Safari/537.36"
127.0.0.1 - - [13/Mar/2025:09:07:57 +0800] "GET /manager-page/api/snapshot.php?id=22&t=0.14551654546746406 HTTP/1.1" 500 - "http://127.0.0.1/manager-page/home-2.php" "Mozilla/5.0 (Windows NT 10.0; Win64; x64) AppleWebKit/537.36 (KHTML, like Gecko) Chrome/119.0.0.0 Safari/537.36"
127.0.0.1 - - [13/Mar/2025:09:08:00 +0800] "GET /robot/alarm-history-in.php HTTP/1.1" 200 - "-" "python-requests/2.28.1"
127.0.0.1 - - [13/Mar/2025:09:09:00 +0800] "GET /robot/alarm-history-in.php HTTP/1.1" 200 - "-" "python-requests/2.28.1"
127.0.0.1 - - [13/Mar/2025:09:08:57 +0800] "GET /manager-page/api/snapshot.php?id=21&t=0.862676063336759 HTTP/1.1" 200 - "http://127.0.0.1/manager-page/home-2.php" "Mozilla/5.0 (Windows NT 10.0; Win64; x64) AppleWebKit/537.36 (KHTML, like Gecko) Chrome/119.0.0.0 Safari/537.36"
127.0.0.1 - - [13/Mar/2025:09:08:57 +0800] "GET /manager-page/api/snapshot.php?id=22&t=0.7811128191819607 HTTP/1.1" 500 - "http://127.0.0.1/manager-page/home-2.php" "Mozilla/5.0 (Windows NT 10.0; Win64; x64) AppleWebKit/537.36 (KHTML, like Gecko) Chrome/119.0.0.0 Safari/537.36"
172.16.36.181 - - [13/Mar/2025:09:09:16 +0800] "GET /manager-page/home-3.php HTTP/1.1" 302 - "-" "Mozilla/5.0 (Windows NT 10.0; Win64; x64) AppleWebKit/537.36 (KHTML, like Gecko) Chrome/134.0.0.0 Safari/537.36 Edg/134.0.0.0"
172.16.36.181 - - [13/Mar/2025:09:09:16 +0800] "GET /manager-page/login.php HTTP/1.1" 200 2365 "-" "Mozilla/5.0 (Windows NT 10.0; Win64; x64) AppleWebKit/537.36 (KHTML, like Gecko) Chrome/134.0.0.0 Safari/537.36 Edg/134.0.0.0"
172.16.36.181 - - [13/Mar/2025:09:09:16 +0800] "GET /manager-page/js/jquery-3.6.0.js HTTP/1.1" 200 89502 "http://192.168.60.79/manager-page/login.php" "Mozilla/5.0 (Windows NT 10.0; Win64; x64) AppleWebKit/537.36 (KHTML, like Gecko) Chrome/134.0.0.0 Safari/537.36 Edg/134.0.0.0"
172.16.36.181 - - [13/Mar/2025:09:09:16 +0800] "GET /manager-page/js/leaflet-1.9.3.js HTTP/1.1" 200 146720 "http://192.168.60.79/manager-page/login.php" "Mozilla/5.0 (Windows NT 10.0; Win64; x64) AppleWebKit/537.36 (KHTML, like Gecko) Chrome/134.0.0.0 Safari/537.36 Edg/134.0.0.0"
172.16.36.181 - - [13/Mar/2025:09:09:16 +0800] "GET /manager-page/js/chart-2.9.4.js HTTP/1.1" 200 226501 "http://192.168.60.79/manager-page/login.php" "Mozilla/5.0 (Windows NT 10.0; Win64; x64) AppleWebKit/537.36 (KHTML, like Gecko) Chrome/134.0.0.0 Safari/537.36 Edg/134.0.0.0"
172.16.36.181 - - [13/Mar/2025:09:09:16 +0800] "GET /favicon.ico HTTP/1.1" 404 196 "http://192.168.60.79/manager-page/login.php" "Mozilla/5.0 (Windows NT 10.0; Win64; x64) AppleWebKit/537.36 (KHTML, like Gecko) Chrome/134.0.0.0 Safari/537.36 Edg/134.0.0.0"
172.16.36.181 - - [13/Mar/2025:09:09:20 +0800] "POST /manager-page/login.php HTTP/1.1" 302 - "http://192.168.60.79/manager-page/login.php" "Mozilla/5.0 (Windows NT 10.0; Win64; x64) AppleWebKit/537.36 (KHTML, like Gecko) Chrome/134.0.0.0 Safari/537.36 Edg/134.0.0.0"
172.16.36.181 - - [13/Mar/2025:09:09:20 +0800] "GET /manager-page/home.php HTTP/1.1" 302 - "http://192.168.60.79/manager-page/login.php" "Mozilla/5.0 (Windows NT 10.0; Win64; x64) AppleWebKit/537.36 (KHTML, like Gecko) Chrome/134.0.0.0 Safari/537.36 Edg/134.0.0.0"
172.16.36.181 - - [13/Mar/2025:09:09:20 +0800] "GET /manager-page/img/map-marker.png HTTP/1.1" 200 1752 "http://192.168.60.79/manager-page/home-1.php" "Mozilla/5.0 (Windows NT 10.0; Win64; x64) AppleWebKit/537.36 (KHTML, like Gecko) Chrome/134.0.0.0 Safari/537.36 Edg/134.0.0.0"
172.16.36.181 - - [13/Mar/2025:09:09:21 +0800] "GET /manager-page/alarm/1-2.jpg?t=1647347818 HTTP/1.1" 200 282261 "http://192.168.60.79/manager-page/home-1.php" "Mozilla/5.0 (Windows NT 10.0; Win64; x64) AppleWebKit/537.36 (KHTML, like Gecko) Chrome/134.0.0.0 Safari/537.36 Edg/134.0.0.0"
172.16.36.181 - - [13/Mar/2025:09:09:21 +0800] "GET /manager-page/alarm/1-1.jpg?t=633213840 HTTP/1.1" 200 322868 "http://192.168.60.79/manager-page/home-1.php" "Mozilla/5.0 (Windows NT 10.0; Win64; x64) AppleWebKit/537.36 (KHTML, like Gecko) Chrome/134.0.0.0 Safari/537.36 Edg/134.0.0.0"
172.16.36.181 - - [13/Mar/2025:09:09:20 +0800] "GET /manager-page/home-1.php HTTP/1.1" 200 27474 "http://192.168.60.79/manager-page/login.php" "Mozilla/5.0 (Windows NT 10.0; Win64; x64) AppleWebKit/537.36 (KHTML, like Gecko) Chrome/134.0.0.0 Safari/537.36 Edg/134.0.0.0"
172.16.36.181 - - [13/Mar/2025:09:09:21 +0800] "GET /manager-page/api/snapshot.php?id=11 HTTP/1.1" 200 40580 "http://192.168.60.79/manager-page/home-1.php" "Mozilla/5.0 (Windows NT 10.0; Win64; x64) AppleWebKit/537.36 (KHTML, like Gecko) Chrome/134.0.0.0 Safari/537.36 Edg/134.0.0.0"
172.16.36.181 - - [13/Mar/2025:09:09:21 +0800] "GET /manager-page/api/snapshot.php?id=12 HTTP/1.1" 200 41043 "http://192.168.60.79/manager-page/home-1.php" "Mozilla/5.0 (Windows NT 10.0; Win64; x64) AppleWebKit/537.36 (KHTML, like Gecko) Chrome/134.0.0.0 Safari/537.36 Edg/134.0.0.0"
172.16.36.181 - - [13/Mar/2025:09:09:22 +0800] "GET /manager-page/api/lp-status1.php HTTP/1.1" 200 1 "http://192.168.60.79/manager-page/home-1.php" "Mozilla/5.0 (Windows NT 10.0; Win64; x64) AppleWebKit/537.36 (KHTML, like Gecko) Chrome/134.0.0.0 Safari/537.36 Edg/134.0.0.0"
172.16.36.181 - - [13/Mar/2025:09:09:22 +0800] "GET /manager-page/api/cms-status1.php HTTP/1.1" 200 12 "http://192.168.60.79/manager-page/home-1.php" "Mozilla/5.0 (Windows NT 10.0; Win64; x64) AppleWebKit/537.36 (KHTML, like Gecko) Chrome/134.0.0.0 Safari/537.36 Edg/134.0.0.0"
172.16.36.181 - - [13/Mar/2025:09:09:28 +0800] "GET /manager-page/api/snapshot.php?id=11&t=0.09455655303736621 HTTP/1.1" 200 40664 "http://192.168.60.79/manager-page/home-1.php" "Mozilla/5.0 (Windows NT 10.0; Win64; x64) AppleWebKit/537.36 (KHTML, like Gecko) Chrome/134.0.0.0 Safari/537.36 Edg/134.0.0.0"
172.16.36.181 - - [13/Mar/2025:09:09:28 +0800] "GET /manager-page/api/snapshot.php?id=12&t=0.23627230984674386 HTTP/1.1" 200 41288 "http://192.168.60.79/manager-page/home-1.php" "Mozilla/5.0 (Windows NT 10.0; Win64; x64) AppleWebKit/537.36 (KHTML, like Gecko) Chrome/134.0.0.0 Safari/537.36 Edg/134.0.0.0"
172.16.36.181 - - [13/Mar/2025:09:09:33 +0800] "GET /manager-page/api/snapshot.php?id=12&t=0.6657726022145432 HTTP/1.1" 200 41348 "http://192.168.60.79/manager-page/home-1.php" "Mozilla/5.0 (Windows NT 10.0; Win64; x64) AppleWebKit/537.36 (KHTML, like Gecko) Chrome/134.0.0.0 Safari/537.36 Edg/134.0.0.0"
172.16.36.181 - - [13/Mar/2025:09:09:33 +0800] "GET /manager-page/api/snapshot.php?id=11&t=0.9629961041763953 HTTP/1.1" 200 40770 "http://192.168.60.79/manager-page/home-1.php" "Mozilla/5.0 (Windows NT 10.0; Win64; x64) AppleWebKit/537.36 (KHTML, like Gecko) Chrome/134.0.0.0 Safari/537.36 Edg/134.0.0.0"
172.16.36.181 - - [13/Mar/2025:09:09:38 +0800] "GET /manager-page/api/snapshot.php?id=11&t=0.2952482809263379 HTTP/1.1" 200 40896 "http://192.168.60.79/manager-page/home-1.php" "Mozilla/5.0 (Windows NT 10.0; Win64; x64) AppleWebKit/537.36 (KHTML, like Gecko) Chrome/134.0.0.0 Safari/537.36 Edg/134.0.0.0"
172.16.36.181 - - [13/Mar/2025:09:09:38 +0800] "GET /manager-page/api/snapshot.php?id=12&t=0.017193901126743683 HTTP/1.1" 200 41663 "http://192.168.60.79/manager-page/home-1.php" "Mozilla/5.0 (Windows NT 10.0; Win64; x64) AppleWebKit/537.36 (KHTML, like Gecko) Chrome/134.0.0.0 Safari/537.36 Edg/134.0.0.0"
172.16.36.181 - - [13/Mar/2025:09:09:43 +0800] "GET /manager-page/api/snapshot.php?id=12&t=0.45359157036160624 HTTP/1.1" 200 41805 "http://192.168.60.79/manager-page/home-1.php" "Mozilla/5.0 (Windows NT 10.0; Win64; x64) AppleWebKit/537.36 (KHTML, like Gecko) Chrome/134.0.0.0 Safari/537.36 Edg/134.0.0.0"
172.16.36.181 - - [13/Mar/2025:09:09:43 +0800] "GET /manager-page/api/snapshot.php?id=11&t=0.5634904949465325 HTTP/1.1" 200 40819 "http://192.168.60.79/manager-page/home-1.php" "Mozilla/5.0 (Windows NT 10.0; Win64; x64) AppleWebKit/537.36 (KHTML, like Gecko) Chrome/134.0.0.0 Safari/537.36 Edg/134.0.0.0"
172.16.36.181 - - [13/Mar/2025:09:09:48 +0800] "GET /manager-page/api/snapshot.php?id=11&t=0.30032463778498975 HTTP/1.1" 200 40664 "http://192.168.60.79/manager-page/home-1.php" "Mozilla/5.0 (Windows NT 10.0; Win64; x64) AppleWebKit/537.36 (KHTML, like Gecko) Chrome/134.0.0.0 Safari/537.36 Edg/134.0.0.0"
172.16.36.181 - - [13/Mar/2025:09:09:48 +0800] "GET /manager-page/api/snapshot.php?id=12&t=0.7016579561810083 HTTP/1.1" 200 41884 "http://192.168.60.79/manager-page/home-1.php" "Mozilla/5.0 (Windows NT 10.0; Win64; x64) AppleWebKit/537.36 (KHTML, like Gecko) Chrome/134.0.0.0 Safari/537.36 Edg/134.0.0.0"
172.16.36.181 - - [13/Mar/2025:09:09:53 +0800] "GET /manager-page/api/snapshot.php?id=12&t=0.5987141454611773 HTTP/1.1" 200 41970 "http://192.168.60.79/manager-page/home-1.php" "Mozilla/5.0 (Windows NT 10.0; Win64; x64) AppleWebKit/537.36 (KHTML, like Gecko) Chrome/134.0.0.0 Safari/537.36 Edg/134.0.0.0"
172.16.36.181 - - [13/Mar/2025:09:09:53 +0800] "GET /manager-page/api/snapshot.php?id=11&t=0.43723518428136954 HTTP/1.1" 200 40499 "http://192.168.60.79/manager-page/home-1.php" "Mozilla/5.0 (Windows NT 10.0; Win64; x64) AppleWebKit/537.36 (KHTML, like Gecko) Chrome/134.0.0.0 Safari/537.36 Edg/134.0.0.0"
172.16.36.181 - - [13/Mar/2025:09:09:58 +0800] "GET /manager-page/api/snapshot.php?id=11&t=0.9848213245691879 HTTP/1.1" 200 41085 "http://192.168.60.79/manager-page/home-1.php" "Mozilla/5.0 (Windows NT 10.0; Win64; x64) AppleWebKit/537.36 (KHTML, like Gecko) Chrome/134.0.0.0 Safari/537.36 Edg/134.0.0.0"
172.16.36.181 - - [13/Mar/2025:09:09:58 +0800] "GET /manager-page/api/snapshot.php?id=12&t=0.7872507184827477 HTTP/1.1" 200 42320 "http://192.168.60.79/manager-page/home-1.php" "Mozilla/5.0 (Windows NT 10.0; Win64; x64) AppleWebKit/537.36 (KHTML, like Gecko) Chrome/134.0.0.0 Safari/537.36 Edg/134.0.0.0"
127.0.0.1 - - [13/Mar/2025:09:10:00 +0800] "GET /robot/alarm-history-in.php HTTP/1.1" 200 - "-" "python-requests/2.28.1"
111.70.30.251 - - [13/Mar/2025:09:10:00 +0800] "POST /robot/lora-in.php HTTP/1.1" 200 - "-" "python-requests/2.21.0"
127.0.0.1 - - [13/Mar/2025:09:09:57 +0800] "GET /manager-page/api/snapshot.php?id=21&t=0.7823673279024266 HTTP/1.1" 200 - "http://127.0.0.1/manager-page/home-2.php" "Mozilla/5.0 (Windows NT 10.0; Win64; x64) AppleWebKit/537.36 (KHTML, like Gecko) Chrome/119.0.0.0 Safari/537.36"
127.0.0.1 - - [13/Mar/2025:09:09:57 +0800] "GET /manager-page/api/snapshot.php?id=22&t=0.319294734864233 HTTP/1.1" 500 - "http://127.0.0.1/manager-page/home-2.php" "Mozilla/5.0 (Windows NT 10.0; Win64; x64) AppleWebKit/537.36 (KHTML, like Gecko) Chrome/119.0.0.0 Safari/537.36"
172.16.36.181 - - [13/Mar/2025:09:10:03 +0800] "GET /manager-page/api/snapshot.php?id=12&t=0.3922827465065788 HTTP/1.1" 200 42251 "http://192.168.60.79/manager-page/home-1.php" "Mozilla/5.0 (Windows NT 10.0; Win64; x64) AppleWebKit/537.36 (KHTML, like Gecko) Chrome/134.0.0.0 Safari/537.36 Edg/134.0.0.0"
172.16.36.181 - - [13/Mar/2025:09:10:03 +0800] "GET /manager-page/api/snapshot.php?id=11&t=0.5093719623731292 HTTP/1.1" 200 41200 "http://192.168.60.79/manager-page/home-1.php" "Mozilla/5.0 (Windows NT 10.0; Win64; x64) AppleWebKit/537.36 (KHTML, like Gecko) Chrome/134.0.0.0 Safari/537.36 Edg/134.0.0.0"
172.16.36.181 - - [13/Mar/2025:09:10:08 +0800] "GET /manager-page/api/snapshot.php?id=11&t=0.5877247380554194 HTTP/1.1" 200 41200 "http://192.168.60.79/manager-page/home-1.php" "Mozilla/5.0 (Windows NT 10.0; Win64; x64) AppleWebKit/537.36 (KHTML, like Gecko) Chrome/134.0.0.0 Safari/537.36 Edg/134.0.0.0"
172.16.36.181 - - [13/Mar/2025:09:10:08 +0800] "GET /manager-page/api/snapshot.php?id=12&t=0.3638501983308855 HTTP/1.1" 200 42243 "http://192.168.60.79/manager-page/home-1.php" "Mozilla/5.0 (Windows NT 10.0; Win64; x64) AppleWebKit/537.36 (KHTML, like Gecko) Chrome/134.0.0.0 Safari/537.36 Edg/134.0.0.0"
172.16.36.181 - - [13/Mar/2025:09:10:13 +0800] "GET /manager-page/api/snapshot.php?id=11&t=0.39524587173736836 HTTP/1.1" 200 41805 "http://192.168.60.79/manager-page/home-1.php" "Mozilla/5.0 (Windows NT 10.0; Win64; x64) AppleWebKit/537.36 (KHTML, like Gecko) Chrome/134.0.0.0 Safari/537.36 Edg/134.0.0.0"
172.16.36.181 - - [13/Mar/2025:09:10:13 +0800] "GET /manager-page/api/snapshot.php?id=12&t=0.4131575011691717 HTTP/1.1" 200 42156 "http://192.168.60.79/manager-page/home-1.php" "Mozilla/5.0 (Windows NT 10.0; Win64; x64) AppleWebKit/537.36 (KHTML, like Gecko) Chrome/134.0.0.0 Safari/537.36 Edg/134.0.0.0"
172.16.36.181 - - [13/Mar/2025:09:10:18 +0800] "GET /manager-page/api/snapshot.php?id=11&t=0.230323339863588 HTTP/1.1" 200 41183 "http://192.168.60.79/manager-page/home-1.php" "Mozilla/5.0 (Windows NT 10.0; Win64; x64) AppleWebKit/537.36 (KHTML, like Gecko) Chrome/134.0.0.0 Safari/537.36 Edg/134.0.0.0"
172.16.36.181 - - [13/Mar/2025:09:10:18 +0800] "GET /manager-page/api/snapshot.php?id=12&t=0.8297931586270288 HTTP/1.1" 200 43166 "http://192.168.60.79/manager-page/home-1.php" "Mozilla/5.0 (Windows NT 10.0; Win64; x64) AppleWebKit/537.36 (KHTML, like Gecko) Chrome/134.0.0.0 Safari/537.36 Edg/134.0.0.0"
172.16.36.181 - - [13/Mar/2025:09:10:23 +0800] "GET /manager-page/api/snapshot.php?id=11&t=0.2512107709554048 HTTP/1.1" 200 40902 "http://192.168.60.79/manager-page/home-1.php" "Mozilla/5.0 (Windows NT 10.0; Win64; x64) AppleWebKit/537.36 (KHTML, like Gecko) Chrome/134.0.0.0 Safari/537.36 Edg/134.0.0.0"
172.16.36.181 - - [13/Mar/2025:09:10:23 +0800] "GET /manager-page/api/snapshot.php?id=12&t=0.8940358688083214 HTTP/1.1" 200 42162 "http://192.168.60.79/manager-page/home-1.php" "Mozilla/5.0 (Windows NT 10.0; Win64; x64) AppleWebKit/537.36 (KHTML, like Gecko) Chrome/134.0.0.0 Safari/537.36 Edg/134.0.0.0"
127.0.0.1 - - [13/Mar/2025:09:10:57 +0800] "GET /manager-page/api/snapshot.php?id=21&t=0.09175474128463823 HTTP/1.1" 200 - "http://127.0.0.1/manager-page/home-2.php" "Mozilla/5.0 (Windows NT 10.0; Win64; x64) AppleWebKit/537.36 (KHTML, like Gecko) Chrome/119.0.0.0 Safari/537.36"
127.0.0.1 - - [13/Mar/2025:09:10:57 +0800] "GET /manager-page/api/snapshot.php?id=22&t=0.34524442191766247 HTTP/1.1" 500 - "http://127.0.0.1/manager-page/home-2.php" "Mozilla/5.0 (Windows NT 10.0; Win64; x64) AppleWebKit/537.36 (KHTML, like Gecko) Chrome/119.0.0.0 Safari/537.36"
127.0.0.1 - - [13/Mar/2025:09:11:00 +0800] "GET /robot/alarm-history-in.php HTTP/1.1" 200 - "-" "python-requests/2.28.1"
172.16.36.181 - - [13/Mar/2025:09:11:04 +0800] "GET /manager-page/api/snapshot.php?id=12&t=0.8999601081904318 HTTP/1.1" 200 40927 "http://192.168.60.79/manager-page/home-1.php" "Mozilla/5.0 (Windows NT 10.0; Win64; x64) AppleWebKit/537.36 (KHTML, like Gecko) Chrome/134.0.0.0 Safari/537.36 Edg/134.0.0.0"
172.16.36.181 - - [13/Mar/2025:09:11:04 +0800] "GET /manager-page/api/snapshot.php?id=11&t=0.5724571003157708 HTTP/1.1" 200 40088 "http://192.168.60.79/manager-page/home-1.php" "Mozilla/5.0 (Windows NT 10.0; Win64; x64) AppleWebKit/537.36 (KHTML, like Gecko) Chrome/134.0.0.0 Safari/537.36 Edg/134.0.0.0"
111.70.30.250 - - [13/Mar/2025:09:11:35 +0800] "POST /robot/lora-in.php HTTP/1.1" 200 - "-" "python-requests/2.21.0"
127.0.0.1 - - [13/Mar/2025:09:12:00 +0800] "GET /robot/alarm-history-in.php HTTP/1.1" 200 - "-" "python-requests/2.28.1"
127.0.0.1 - - [13/Mar/2025:09:11:57 +0800] "GET /manager-page/api/snapshot.php?id=21&t=0.12253359717344448 HTTP/1.1" 200 - "http://127.0.0.1/manager-page/home-2.php" "Mozilla/5.0 (Windows NT 10.0; Win64; x64) AppleWebKit/537.36 (KHTML, like Gecko) Chrome/119.0.0.0 Safari/537.36"
127.0.0.1 - - [13/Mar/2025:09:11:57 +0800] "GET /manager-page/api/snapshot.php?id=22&t=0.7718363416654341 HTTP/1.1" 500 - "http://127.0.0.1/manager-page/home-2.php" "Mozilla/5.0 (Windows NT 10.0; Win64; x64) AppleWebKit/537.36 (KHTML, like Gecko) Chrome/119.0.0.0 Safari/537.36"
172.16.36.181 - - [13/Mar/2025:09:12:04 +0800] "GET /manager-page/api/snapshot.php?id=11&t=0.659297926425557 HTTP/1.1" 200 40949 "http://192.168.60.79/manager-page/home-1.php" "Mozilla/5.0 (Windows NT 10.0; Win64; x64) AppleWebKit/537.36 (KHTML, like Gecko) Chrome/134.0.0.0 Safari/537.36 Edg/134.0.0.0"
172.16.36.181 - - [13/Mar/2025:09:12:04 +0800] "GET /manager-page/api/snapshot.php?id=12&t=0.3018097895678258 HTTP/1.1" 200 39579 "http://192.168.60.79/manager-page/home-1.php" "Mozilla/5.0 (Windows NT 10.0; Win64; x64) AppleWebKit/537.36 (KHTML, like Gecko) Chrome/134.0.0.0 Safari/537.36 Edg/134.0.0.0"
111.70.30.253 - - [13/Mar/2025:09:12:43 +0800] "POST /robot/lora-in.php HTTP/1.1" 200 - "-" "python-requests/2.21.0"
127.0.0.1 - - [13/Mar/2025:09:12:57 +0800] "GET /manager-page/api/snapshot.php?id=22&t=0.7569927866338662 HTTP/1.1" 200 44448 "http://127.0.0.1/manager-page/home-2.php" "Mozilla/5.0 (Windows NT 10.0; Win64; x64) AppleWebKit/537.36 (KHTML, like Gecko) Chrome/119.0.0.0 Safari/537.36"
127.0.0.1 - - [13/Mar/2025:09:13:00 +0800] "GET /robot/alarm-history-in.php HTTP/1.1" 200 - "-" "python-requests/2.28.1"
127.0.0.1 - - [13/Mar/2025:09:12:57 +0800] "GET /manager-page/api/snapshot.php?id=21&t=0.729222700188005 HTTP/1.1" 500 - "http://127.0.0.1/manager-page/home-2.php" "Mozilla/5.0 (Windows NT 10.0; Win64; x64) AppleWebKit/537.36 (KHTML, like Gecko) Chrome/119.0.0.0 Safari/537.36"
172.16.36.181 - - [13/Mar/2025:09:13:04 +0800] "GET /manager-page/api/snapshot.php?id=11&t=0.6870333302755396 HTTP/1.1" 200 41641 "http://192.168.60.79/manager-page/home-1.php" "Mozilla/5.0 (Windows NT 10.0; Win64; x64) AppleWebKit/537.36 (KHTML, like Gecko) Chrome/134.0.0.0 Safari/537.36 Edg/134.0.0.0"
172.16.36.181 - - [13/Mar/2025:09:13:04 +0800] "GET /manager-page/api/snapshot.php?id=12&t=0.5365611817658278 HTTP/1.1" 200 40140 "http://192.168.60.79/manager-page/home-1.php" "Mozilla/5.0 (Windows NT 10.0; Win64; x64) AppleWebKit/537.36 (KHTML, like Gecko) Chrome/134.0.0.0 Safari/537.36 Edg/134.0.0.0"
127.0.0.1 - - [13/Mar/2025:09:13:57 +0800] "GET /manager-page/api/snapshot.php?id=22&t=0.827217037704093 HTTP/1.1" 200 45097 "http://127.0.0.1/manager-page/home-2.php" "Mozilla/5.0 (Windows NT 10.0; Win64; x64) AppleWebKit/537.36 (KHTML, like Gecko) Chrome/119.0.0.0 Safari/537.36"
111.70.30.251 - - [13/Mar/2025:09:13:59 +0800] "POST /robot/lora-in.php HTTP/1.1" 200 - "-" "python-requests/2.21.0"
127.0.0.1 - - [13/Mar/2025:09:13:57 +0800] "GET /manager-page/api/snapshot.php?id=21&t=0.4057523145953468 HTTP/1.1" 500 - "http://127.0.0.1/manager-page/home-2.php" "Mozilla/5.0 (Windows NT 10.0; Win64; x64) AppleWebKit/537.36 (KHTML, like Gecko) Chrome/119.0.0.0 Safari/537.36"
172.16.36.181 - - [13/Mar/2025:09:14:04 +0800] "GET /manager-page/api/snapshot.php?id=11&t=0.04943515830862144 HTTP/1.1" 200 42923 "http://192.168.60.79/manager-page/home-1.php" "Mozilla/5.0 (Windows NT 10.0; Win64; x64) AppleWebKit/537.36 (KHTML, like Gecko) Chrome/134.0.0.0 Safari/537.36 Edg/134.0.0.0"
172.16.36.181 - - [13/Mar/2025:09:14:04 +0800] "GET /manager-page/api/snapshot.php?id=12&t=0.692565704085411 HTTP/1.1" 200 41906 "http://192.168.60.79/manager-page/home-1.php" "Mozilla/5.0 (Windows NT 10.0; Win64; x64) AppleWebKit/537.36 (KHTML, like Gecko) Chrome/134.0.0.0 Safari/537.36 Edg/134.0.0.0"
127.0.0.1 - - [13/Mar/2025:09:14:00 +0800] "GET /robot/alarm-history-in.php HTTP/1.1" 200 - "-" "python-requests/2.28.1"
127.0.0.1 - - [13/Mar/2025:09:14:50 +0800] "POST /robot/lora-in.php HTTP/1.1" 200 - "-" "python-requests/2.31.0"
127.0.0.1 - - [13/Mar/2025:09:14:56 +0800] "POST /robot/lora-in.php HTTP/1.1" 200 - "-" "python-requests/2.31.0"
127.0.0.1 - - [13/Mar/2025:09:14:57 +0800] "GET /manager-page/api/snapshot.php?id=22&t=0.7684252364254505 HTTP/1.1" 200 45394 "http://127.0.0.1/manager-page/home-2.php" "Mozilla/5.0 (Windows NT 10.0; Win64; x64) AppleWebKit/537.36 (KHTML, like Gecko) Chrome/119.0.0.0 Safari/537.36"
127.0.0.1 - - [13/Mar/2025:09:15:00 +0800] "GET /robot/alarm-history-in.php HTTP/1.1" 200 - "-" "python-requests/2.28.1"
127.0.0.1 - - [13/Mar/2025:09:14:57 +0800] "GET /manager-page/api/snapshot.php?id=21&t=0.010203684927457601 HTTP/1.1" 500 - "http://127.0.0.1/manager-page/home-2.php" "Mozilla/5.0 (Windows NT 10.0; Win64; x64) AppleWebKit/537.36 (KHTML, like Gecko) Chrome/119.0.0.0 Safari/537.36"
127.0.0.1 - - [13/Mar/2025:09:15:02 +0800] "POST /robot/et-7026-in.php HTTP/1.1" 200 - "-" "python-requests/2.32.2"
127.0.0.1 - - [13/Mar/2025:09:15:04 +0800] "POST /robot/et-7026-in.php HTTP/1.1" 200 - "-" "python-requests/2.32.2"
172.16.36.181 - - [13/Mar/2025:09:15:04 +0800] "GET /manager-page/api/snapshot.php?id=12&t=0.4950910352653075 HTTP/1.1" 200 39727 "http://192.168.60.79/manager-page/home-1.php" "Mozilla/5.0 (Windows NT 10.0; Win64; x64) AppleWebKit/537.36 (KHTML, like Gecko) Chrome/134.0.0.0 Safari/537.36 Edg/134.0.0.0"
172.16.36.181 - - [13/Mar/2025:09:15:04 +0800] "GET /manager-page/api/snapshot.php?id=11&t=0.31819414189022566 HTTP/1.1" 200 40183 "http://192.168.60.79/manager-page/home-1.php" "Mozilla/5.0 (Windows NT 10.0; Win64; x64) AppleWebKit/537.36 (KHTML, like Gecko) Chrome/134.0.0.0 Safari/537.36 Edg/134.0.0.0"
111.70.30.252 - - [13/Mar/2025:09:15:15 +0800] "POST /robot/lora-in.php HTTP/1.1" 200 - "-" "python-requests/2.21.0"
127.0.0.1 - - [13/Mar/2025:09:15:16 +0800] "POST /robot/lora-in.php HTTP/1.1" 200 - "-" "python-requests/2.31.0"
127.0.0.1 - - [13/Mar/2025:09:15:24 +0800] "POST /robot/lora-in.php HTTP/1.1" 200 - "-" "python-requests/2.31.0"
127.0.0.1 - - [13/Mar/2025:09:15:29 +0800] "POST /robot/lora-in.php HTTP/1.1" 200 - "-" "python-requests/2.31.0"
127.0.0.1 - - [13/Mar/2025:09:15:37 +0800] "POST /robot/lora-in.php HTTP/1.1" 200 - "-" "python-requests/2.31.0"
127.0.0.1 - - [13/Mar/2025:09:15:41 +0800] "POST /robot/et-7026-in.php HTTP/1.1" 200 - "-" "python-requests/2.32.2"
127.0.0.1 - - [13/Mar/2025:09:15:43 +0800] "POST /robot/lora-in.php HTTP/1.1" 200 - "-" "python-requests/2.31.0"
127.0.0.1 - - [13/Mar/2025:09:15:57 +0800] "GET /manager-page/api/snapshot.php?id=22&t=0.2102785473512545 HTTP/1.1" 200 45166 "http://127.0.0.1/manager-page/home-2.php" "Mozilla/5.0 (Windows NT 10.0; Win64; x64) AppleWebKit/537.36 (KHTML, like Gecko) Chrome/119.0.0.0 Safari/537.36"
127.0.0.1 - - [13/Mar/2025:09:16:00 +0800] "GET /robot/alarm-history-in.php HTTP/1.1" 200 - "-" "python-requests/2.28.1"
127.0.0.1 - - [13/Mar/2025:09:15:57 +0800] "GET /manager-page/api/snapshot.php?id=21&t=0.7366513585411423 HTTP/1.1" 500 - "http://127.0.0.1/manager-page/home-2.php" "Mozilla/5.0 (Windows NT 10.0; Win64; x64) AppleWebKit/537.36 (KHTML, like Gecko) Chrome/119.0.0.0 Safari/537.36"
172.16.36.181 - - [13/Mar/2025:09:16:04 +0800] "GET /manager-page/api/snapshot.php?id=12&t=0.9195141485942095 HTTP/1.1" 200 40405 "http://192.168.60.79/manager-page/home-1.php" "Mozilla/5.0 (Windows NT 10.0; Win64; x64) AppleWebKit/537.36 (KHTML, like Gecko) Chrome/134.0.0.0 Safari/537.36 Edg/134.0.0.0"
172.16.36.181 - - [13/Mar/2025:09:16:04 +0800] "GET /manager-page/api/snapshot.php?id=11&t=0.17161297991265956 HTTP/1.1" 200 40545 "http://192.168.60.79/manager-page/home-1.php" "Mozilla/5.0 (Windows NT 10.0; Win64; x64) AppleWebKit/537.36 (KHTML, like Gecko) Chrome/134.0.0.0 Safari/537.36 Edg/134.0.0.0"
172.16.36.181 - - [13/Mar/2025:09:16:08 +0800] "GET /manager-page/api/snapshot.php?id=12&t=0.5332507862839557 HTTP/1.1" 200 38850 "http://192.168.60.79/manager-page/home-1.php" "Mozilla/5.0 (Windows NT 10.0; Win64; x64) AppleWebKit/537.36 (KHTML, like Gecko) Chrome/134.0.0.0 Safari/537.36 Edg/134.0.0.0"
172.16.36.181 - - [13/Mar/2025:09:16:08 +0800] "GET /manager-page/api/snapshot.php?id=11&t=0.6726918726899087 HTTP/1.1" 200 40300 "http://192.168.60.79/manager-page/home-1.php" "Mozilla/5.0 (Windows NT 10.0; Win64; x64) AppleWebKit/537.36 (KHTML, like Gecko) Chrome/134.0.0.0 Safari/537.36 Edg/134.0.0.0"
127.0.0.1 - - [13/Mar/2025:09:16:10 +0800] "POST /robot/et-7026-in.php HTTP/1.1" 200 - "-" "python-requests/2.32.2"
172.16.36.181 - - [13/Mar/2025:09:16:13 +0800] "GET /manager-page/api/snapshot.php?id=11&t=0.5015087895233452 HTTP/1.1" 200 40432 "http://192.168.60.79/manager-page/home-1.php" "Mozilla/5.0 (Windows NT 10.0; Win64; x64) AppleWebKit/537.36 (KHTML, like Gecko) Chrome/134.0.0.0 Safari/537.36 Edg/134.0.0.0"
172.16.36.181 - - [13/Mar/2025:09:16:13 +0800] "GET /manager-page/api/snapshot.php?id=12&t=0.39736275996331716 HTTP/1.1" 200 38802 "http://192.168.60.79/manager-page/home-1.php" "Mozilla/5.0 (Windows NT 10.0; Win64; x64) AppleWebKit/537.36 (KHTML, like Gecko) Chrome/134.0.0.0 Safari/537.36 Edg/134.0.0.0"
172.16.36.181 - - [13/Mar/2025:09:16:18 +0800] "GET /manager-page/api/snapshot.php?id=11&t=0.6888336341587957 HTTP/1.1" 200 40421 "http://192.168.60.79/manager-page/home-1.php" "Mozilla/5.0 (Windows NT 10.0; Win64; x64) AppleWebKit/537.36 (KHTML, like Gecko) Chrome/134.0.0.0 Safari/537.36 Edg/134.0.0.0"
172.16.36.181 - - [13/Mar/2025:09:16:18 +0800] "GET /manager-page/api/snapshot.php?id=12&t=0.484589894244962 HTTP/1.1" 200 38692 "http://192.168.60.79/manager-page/home-1.php" "Mozilla/5.0 (Windows NT 10.0; Win64; x64) AppleWebKit/537.36 (KHTML, like Gecko) Chrome/134.0.0.0 Safari/537.36 Edg/134.0.0.0"
172.16.36.181 - - [13/Mar/2025:09:16:23 +0800] "GET /manager-page/api/snapshot.php?id=12&t=0.9976322126430532 HTTP/1.1" 200 38756 "http://192.168.60.79/manager-page/home-1.php" "Mozilla/5.0 (Windows NT 10.0; Win64; x64) AppleWebKit/537.36 (KHTML, like Gecko) Chrome/134.0.0.0 Safari/537.36 Edg/134.0.0.0"
172.16.36.181 - - [13/Mar/2025:09:16:23 +0800] "GET /manager-page/api/snapshot.php?id=11&t=0.047676652869286906 HTTP/1.1" 200 40182 "http://192.168.60.79/manager-page/home-1.php" "Mozilla/5.0 (Windows NT 10.0; Win64; x64) AppleWebKit/537.36 (KHTML, like Gecko) Chrome/134.0.0.0 Safari/537.36 Edg/134.0.0.0"
172.16.36.181 - - [13/Mar/2025:09:16:28 +0800] "GET /manager-page/api/snapshot.php?id=12&t=0.30315232895014677 HTTP/1.1" 200 38432 "http://192.168.60.79/manager-page/home-1.php" "Mozilla/5.0 (Windows NT 10.0; Win64; x64) AppleWebKit/537.36 (KHTML, like Gecko) Chrome/134.0.0.0 Safari/537.36 Edg/134.0.0.0"
172.16.36.181 - - [13/Mar/2025:09:16:28 +0800] "GET /manager-page/api/snapshot.php?id=11&t=0.7489252448607684 HTTP/1.1" 200 40002 "http://192.168.60.79/manager-page/home-1.php" "Mozilla/5.0 (Windows NT 10.0; Win64; x64) AppleWebKit/537.36 (KHTML, like Gecko) Chrome/134.0.0.0 Safari/537.36 Edg/134.0.0.0"
172.16.36.181 - - [13/Mar/2025:09:16:33 +0800] "GET /manager-page/api/snapshot.php?id=11&t=0.4794305006971098 HTTP/1.1" 200 39844 "http://192.168.60.79/manager-page/home-1.php" "Mozilla/5.0 (Windows NT 10.0; Win64; x64) AppleWebKit/537.36 (KHTML, like Gecko) Chrome/134.0.0.0 Safari/537.36 Edg/134.0.0.0"
172.16.36.181 - - [13/Mar/2025:09:16:33 +0800] "GET /manager-page/api/snapshot.php?id=12&t=0.15737785371562096 HTTP/1.1" 200 37959 "http://192.168.60.79/manager-page/home-1.php" "Mozilla/5.0 (Windows NT 10.0; Win64; x64) AppleWebKit/537.36 (KHTML, like Gecko) Chrome/134.0.0.0 Safari/537.36 Edg/134.0.0.0"
172.16.36.181 - - [13/Mar/2025:09:16:38 +0800] "GET /manager-page/api/snapshot.php?id=11&t=0.3423159147208872 HTTP/1.1" 200 39449 "http://192.168.60.79/manager-page/home-1.php" "Mozilla/5.0 (Windows NT 10.0; Win64; x64) AppleWebKit/537.36 (KHTML, like Gecko) Chrome/134.0.0.0 Safari/537.36 Edg/134.0.0.0"
172.16.36.181 - - [13/Mar/2025:09:16:38 +0800] "GET /manager-page/api/snapshot.php?id=12&t=0.17880574715291742 HTTP/1.1" 200 37680 "http://192.168.60.79/manager-page/home-1.php" "Mozilla/5.0 (Windows NT 10.0; Win64; x64) AppleWebKit/537.36 (KHTML, like Gecko) Chrome/134.0.0.0 Safari/537.36 Edg/134.0.0.0"
172.16.36.181 - - [13/Mar/2025:09:16:43 +0800] "GET /manager-page/api/snapshot.php?id=12&t=0.3553598887890015 HTTP/1.1" 200 37499 "http://192.168.60.79/manager-page/home-1.php" "Mozilla/5.0 (Windows NT 10.0; Win64; x64) AppleWebKit/537.36 (KHTML, like Gecko) Chrome/134.0.0.0 Safari/537.36 Edg/134.0.0.0"
172.16.36.181 - - [13/Mar/2025:09:16:43 +0800] "GET /manager-page/api/snapshot.php?id=11&t=0.7242885544236946 HTTP/1.1" 200 38956 "http://192.168.60.79/manager-page/home-1.php" "Mozilla/5.0 (Windows NT 10.0; Win64; x64) AppleWebKit/537.36 (KHTML, like Gecko) Chrome/134.0.0.0 Safari/537.36 Edg/134.0.0.0"
172.16.36.181 - - [13/Mar/2025:09:16:48 +0800] "GET /manager-page/api/snapshot.php?id=11&t=0.09097778277649238 HTTP/1.1" 200 38694 "http://192.168.60.79/manager-page/home-1.php" "Mozilla/5.0 (Windows NT 10.0; Win64; x64) AppleWebKit/537.36 (KHTML, like Gecko) Chrome/134.0.0.0 Safari/537.36 Edg/134.0.0.0"
172.16.36.181 - - [13/Mar/2025:09:16:48 +0800] "GET /manager-page/api/snapshot.php?id=12&t=0.2548002062980905 HTTP/1.1" 200 37390 "http://192.168.60.79/manager-page/home-1.php" "Mozilla/5.0 (Windows NT 10.0; Win64; x64) AppleWebKit/537.36 (KHTML, like Gecko) Chrome/134.0.0.0 Safari/537.36 Edg/134.0.0.0"
172.16.36.181 - - [13/Mar/2025:09:16:53 +0800] "GET /manager-page/api/snapshot.php?id=11&t=0.026213683546504774 HTTP/1.1" 200 38304 "http://192.168.60.79/manager-page/home-1.php" "Mozilla/5.0 (Windows NT 10.0; Win64; x64) AppleWebKit/537.36 (KHTML, like Gecko) Chrome/134.0.0.0 Safari/537.36 Edg/134.0.0.0"
172.16.36.181 - - [13/Mar/2025:09:16:53 +0800] "GET /manager-page/api/snapshot.php?id=12&t=0.2681200519086919 HTTP/1.1" 200 35889 "http://192.168.60.79/manager-page/home-1.php" "Mozilla/5.0 (Windows NT 10.0; Win64; x64) AppleWebKit/537.36 (KHTML, like Gecko) Chrome/134.0.0.0 Safari/537.36 Edg/134.0.0.0"
172.16.36.181 - - [13/Mar/2025:09:16:58 +0800] "GET /manager-page/api/snapshot.php?id=11&t=0.8994879295687706 HTTP/1.1" 200 37879 "http://192.168.60.79/manager-page/home-1.php" "Mozilla/5.0 (Windows NT 10.0; Win64; x64) AppleWebKit/537.36 (KHTML, like Gecko) Chrome/134.0.0.0 Safari/537.36 Edg/134.0.0.0"
172.16.36.181 - - [13/Mar/2025:09:16:58 +0800] "GET /manager-page/api/snapshot.php?id=12&t=0.559835097618534 HTTP/1.1" 200 36513 "http://192.168.60.79/manager-page/home-1.php" "Mozilla/5.0 (Windows NT 10.0; Win64; x64) AppleWebKit/537.36 (KHTML, like Gecko) Chrome/134.0.0.0 Safari/537.36 Edg/134.0.0.0"
127.0.0.1 - - [13/Mar/2025:09:17:00 +0800] "GET /robot/alarm-history-in.php HTTP/1.1" 200 - "-" "python-requests/2.28.1"
127.0.0.1 - - [13/Mar/2025:09:16:57 +0800] "GET /manager-page/api/snapshot.php?id=21&t=0.9390208093137757 HTTP/1.1" 200 - "http://127.0.0.1/manager-page/home-2.php" "Mozilla/5.0 (Windows NT 10.0; Win64; x64) AppleWebKit/537.36 (KHTML, like Gecko) Chrome/119.0.0.0 Safari/537.36"
127.0.0.1 - - [13/Mar/2025:09:16:57 +0800] "GET /manager-page/api/snapshot.php?id=22&t=0.80913305775221 HTTP/1.1" 500 - "http://127.0.0.1/manager-page/home-2.php" "Mozilla/5.0 (Windows NT 10.0; Win64; x64) AppleWebKit/537.36 (KHTML, like Gecko) Chrome/119.0.0.0 Safari/537.36"
172.16.36.181 - - [13/Mar/2025:09:17:03 +0800] "GET /manager-page/api/snapshot.php?id=11&t=0.11179202308243896 HTTP/1.1" 200 36671 "http://192.168.60.79/manager-page/home-1.php" "Mozilla/5.0 (Windows NT 10.0; Win64; x64) AppleWebKit/537.36 (KHTML, like Gecko) Chrome/134.0.0.0 Safari/537.36 Edg/134.0.0.0"
172.16.36.181 - - [13/Mar/2025:09:17:03 +0800] "GET /manager-page/api/snapshot.php?id=12&t=0.8081309037204385 HTTP/1.1" 200 37400 "http://192.168.60.79/manager-page/home-1.php" "Mozilla/5.0 (Windows NT 10.0; Win64; x64) AppleWebKit/537.36 (KHTML, like Gecko) Chrome/134.0.0.0 Safari/537.36 Edg/134.0.0.0"
172.16.36.181 - - [13/Mar/2025:09:17:08 +0800] "GET /manager-page/api/snapshot.php?id=11&t=0.18316697916386193 HTTP/1.1" 200 35438 "http://192.168.60.79/manager-page/home-1.php" "Mozilla/5.0 (Windows NT 10.0; Win64; x64) AppleWebKit/537.36 (KHTML, like Gecko) Chrome/134.0.0.0 Safari/537.36 Edg/134.0.0.0"
172.16.36.181 - - [13/Mar/2025:09:17:08 +0800] "GET /manager-page/api/snapshot.php?id=12&t=0.8533622298567651 HTTP/1.1" 200 36225 "http://192.168.60.79/manager-page/home-1.php" "Mozilla/5.0 (Windows NT 10.0; Win64; x64) AppleWebKit/537.36 (KHTML, like Gecko) Chrome/134.0.0.0 Safari/537.36 Edg/134.0.0.0"
111.70.30.251 - - [13/Mar/2025:09:17:57 +0800] "POST /robot/lora-in.php HTTP/1.1" 200 - "-" "python-requests/2.21.0"
127.0.0.1 - - [13/Mar/2025:09:18:00 +0800] "GET /robot/alarm-history-in.php HTTP/1.1" 200 - "-" "python-requests/2.28.1"
127.0.0.1 - - [13/Mar/2025:09:17:57 +0800] "GET /manager-page/api/snapshot.php?id=21&t=0.793316597275681 HTTP/1.1" 200 - "http://127.0.0.1/manager-page/home-2.php" "Mozilla/5.0 (Windows NT 10.0; Win64; x64) AppleWebKit/537.36 (KHTML, like Gecko) Chrome/119.0.0.0 Safari/537.36"
127.0.0.1 - - [13/Mar/2025:09:17:57 +0800] "GET /manager-page/api/snapshot.php?id=22&t=0.8866593720332083 HTTP/1.1" 500 - "http://127.0.0.1/manager-page/home-2.php" "Mozilla/5.0 (Windows NT 10.0; Win64; x64) AppleWebKit/537.36 (KHTML, like Gecko) Chrome/119.0.0.0 Safari/537.36"
172.16.36.181 - - [13/Mar/2025:09:18:04 +0800] "GET /manager-page/api/snapshot.php?id=11&t=0.5891075592340882 HTTP/1.1" 200 33781 "http://192.168.60.79/manager-page/home-1.php" "Mozilla/5.0 (Windows NT 10.0; Win64; x64) AppleWebKit/537.36 (KHTML, like Gecko) Chrome/134.0.0.0 Safari/537.36 Edg/134.0.0.0"
172.16.36.181 - - [13/Mar/2025:09:18:04 +0800] "GET /manager-page/api/snapshot.php?id=12&t=0.7463356110510226 HTTP/1.1" 200 36327 "http://192.168.60.79/manager-page/home-1.php" "Mozilla/5.0 (Windows NT 10.0; Win64; x64) AppleWebKit/537.36 (KHTML, like Gecko) Chrome/134.0.0.0 Safari/537.36 Edg/134.0.0.0"
127.0.0.1 - - [13/Mar/2025:09:19:00 +0800] "GET /robot/alarm-history-in.php HTTP/1.1" 200 - "-" "python-requests/2.28.1"
127.0.0.1 - - [13/Mar/2025:09:18:57 +0800] "GET /manager-page/api/snapshot.php?id=21&t=0.7469111191445972 HTTP/1.1" 200 - "http://127.0.0.1/manager-page/home-2.php" "Mozilla/5.0 (Windows NT 10.0; Win64; x64) AppleWebKit/537.36 (KHTML, like Gecko) Chrome/119.0.0.0 Safari/537.36"
127.0.0.1 - - [13/Mar/2025:09:18:57 +0800] "GET /manager-page/api/snapshot.php?id=22&t=0.8220483733901403 HTTP/1.1" 500 - "http://127.0.0.1/manager-page/home-2.php" "Mozilla/5.0 (Windows NT 10.0; Win64; x64) AppleWebKit/537.36 (KHTML, like Gecko) Chrome/119.0.0.0 Safari/537.36"
172.16.36.181 - - [13/Mar/2025:09:19:04 +0800] "GET /manager-page/api/snapshot.php?id=11&t=0.9985815039630936 HTTP/1.1" 200 35106 "http://192.168.60.79/manager-page/home-1.php" "Mozilla/5.0 (Windows NT 10.0; Win64; x64) AppleWebKit/537.36 (KHTML, like Gecko) Chrome/134.0.0.0 Safari/537.36 Edg/134.0.0.0"
172.16.36.181 - - [13/Mar/2025:09:19:04 +0800] "GET /manager-page/api/snapshot.php?id=12&t=0.49470272568605544 HTTP/1.1" 200 38124 "http://192.168.60.79/manager-page/home-1.php" "Mozilla/5.0 (Windows NT 10.0; Win64; x64) AppleWebKit/537.36 (KHTML, like Gecko) Chrome/134.0.0.0 Safari/537.36 Edg/134.0.0.0"
127.0.0.1 - - [13/Mar/2025:09:20:00 +0800] "GET /robot/alarm-history-in.php HTTP/1.1" 200 - "-" "python-requests/2.28.1"
127.0.0.1 - - [13/Mar/2025:09:19:57 +0800] "GET /manager-page/api/snapshot.php?id=21&t=0.9766354073083472 HTTP/1.1" 200 - "http://127.0.0.1/manager-page/home-2.php" "Mozilla/5.0 (Windows NT 10.0; Win64; x64) AppleWebKit/537.36 (KHTML, like Gecko) Chrome/119.0.0.0 Safari/537.36"
127.0.0.1 - - [13/Mar/2025:09:19:57 +0800] "GET /manager-page/api/snapshot.php?id=22&t=0.6255570092790856 HTTP/1.1" 500 - "http://127.0.0.1/manager-page/home-2.php" "Mozilla/5.0 (Windows NT 10.0; Win64; x64) AppleWebKit/537.36 (KHTML, like Gecko) Chrome/119.0.0.0 Safari/537.36"
172.16.36.181 - - [13/Mar/2025:09:20:04 +0800] "GET /manager-page/api/snapshot.php?id=11&t=0.14992554830333105 HTTP/1.1" 200 35400 "http://192.168.60.79/manager-page/home-1.php" "Mozilla/5.0 (Windows NT 10.0; Win64; x64) AppleWebKit/537.36 (KHTML, like Gecko) Chrome/134.0.0.0 Safari/537.36 Edg/134.0.0.0"
172.16.36.181 - - [13/Mar/2025:09:20:04 +0800] "GET /manager-page/api/snapshot.php?id=12&t=0.6351493570770874 HTTP/1.1" 200 39024 "http://192.168.60.79/manager-page/home-1.php" "Mozilla/5.0 (Windows NT 10.0; Win64; x64) AppleWebKit/537.36 (KHTML, like Gecko) Chrome/134.0.0.0 Safari/537.36 Edg/134.0.0.0"
111.70.30.250 - - [13/Mar/2025:09:20:11 +0800] "POST /robot/lora-in.php HTTP/1.1" 200 - "-" "python-requests/2.21.0"
127.0.0.1 - - [13/Mar/2025:09:21:00 +0800] "GET /robot/alarm-history-in.php HTTP/1.1" 200 - "-" "python-requests/2.28.1"
127.0.0.1 - - [13/Mar/2025:09:20:57 +0800] "GET /manager-page/api/snapshot.php?id=21&t=0.35987139027727033 HTTP/1.1" 500 - "http://127.0.0.1/manager-page/home-2.php" "Mozilla/5.0 (Windows NT 10.0; Win64; x64) AppleWebKit/537.36 (KHTML, like Gecko) Chrome/119.0.0.0 Safari/537.36"
127.0.0.1 - - [13/Mar/2025:09:20:57 +0800] "GET /manager-page/api/snapshot.php?id=22&t=0.865338698732794 HTTP/1.1" 500 - "http://127.0.0.1/manager-page/home-2.php" "Mozilla/5.0 (Windows NT 10.0; Win64; x64) AppleWebKit/537.36 (KHTML, like Gecko) Chrome/119.0.0.0 Safari/537.36"
172.16.36.181 - - [13/Mar/2025:09:21:04 +0800] "GET /manager-page/api/snapshot.php?id=11&t=0.2016180415628206 HTTP/1.1" 200 35378 "http://192.168.60.79/manager-page/home-1.php" "Mozilla/5.0 (Windows NT 10.0; Win64; x64) AppleWebKit/537.36 (KHTML, like Gecko) Chrome/134.0.0.0 Safari/537.36 Edg/134.0.0.0"
172.16.36.181 - - [13/Mar/2025:09:21:04 +0800] "GET /manager-page/api/snapshot.php?id=12&t=0.2994799454152688 HTTP/1.1" 200 38948 "http://192.168.60.79/manager-page/home-1.php" "Mozilla/5.0 (Windows NT 10.0; Win64; x64) AppleWebKit/537.36 (KHTML, like Gecko) Chrome/134.0.0.0 Safari/537.36 Edg/134.0.0.0"
111.70.30.253 - - [13/Mar/2025:09:21:29 +0800] "POST /robot/lora-in.php HTTP/1.1" 200 - "-" "python-requests/2.21.0"
111.70.30.251 - - [13/Mar/2025:09:21:56 +0800] "POST /robot/lora-in.php HTTP/1.1" 200 - "-" "python-requests/2.21.0"
127.0.0.1 - - [13/Mar/2025:09:21:57 +0800] "GET /manager-page/api/snapshot.php?id=22&t=0.41610339757137815 HTTP/1.1" 200 45299 "http://127.0.0.1/manager-page/home-2.php" "Mozilla/5.0 (Windows NT 10.0; Win64; x64) AppleWebKit/537.36 (KHTML, like Gecko) Chrome/119.0.0.0 Safari/537.36"
127.0.0.1 - - [13/Mar/2025:09:22:00 +0800] "GET /robot/alarm-history-in.php HTTP/1.1" 200 - "-" "python-requests/2.28.1"
127.0.0.1 - - [13/Mar/2025:09:21:57 +0800] "GET /manager-page/api/snapshot.php?id=21&t=0.9889286144397311 HTTP/1.1" 500 - "http://127.0.0.1/manager-page/home-2.php" "Mozilla/5.0 (Windows NT 10.0; Win64; x64) AppleWebKit/537.36 (KHTML, like Gecko) Chrome/119.0.0.0 Safari/537.36"
172.16.36.181 - - [13/Mar/2025:09:22:04 +0800] "GET /manager-page/api/snapshot.php?id=12&t=0.15204769162992693 HTTP/1.1" 200 39682 "http://192.168.60.79/manager-page/home-1.php" "Mozilla/5.0 (Windows NT 10.0; Win64; x64) AppleWebKit/537.36 (KHTML, like Gecko) Chrome/134.0.0.0 Safari/537.36 Edg/134.0.0.0"
172.16.36.181 - - [13/Mar/2025:09:22:04 +0800] "GET /manager-page/api/snapshot.php?id=11&t=0.06731872914765447 HTTP/1.1" 200 35997 "http://192.168.60.79/manager-page/home-1.php" "Mozilla/5.0 (Windows NT 10.0; Win64; x64) AppleWebKit/537.36 (KHTML, like Gecko) Chrome/134.0.0.0 Safari/537.36 Edg/134.0.0.0"
127.0.0.1 - - [13/Mar/2025:09:23:00 +0800] "GET /robot/alarm-history-in.php HTTP/1.1" 200 - "-" "python-requests/2.28.1"
127.0.0.1 - - [13/Mar/2025:09:22:57 +0800] "GET /manager-page/api/snapshot.php?id=21&t=0.27889535612899863 HTTP/1.1" 500 - "http://127.0.0.1/manager-page/home-2.php" "Mozilla/5.0 (Windows NT 10.0; Win64; x64) AppleWebKit/537.36 (KHTML, like Gecko) Chrome/119.0.0.0 Safari/537.36"
127.0.0.1 - - [13/Mar/2025:09:22:57 +0800] "GET /manager-page/api/snapshot.php?id=22&t=0.6054398674139259 HTTP/1.1" 500 - "http://127.0.0.1/manager-page/home-2.php" "Mozilla/5.0 (Windows NT 10.0; Win64; x64) AppleWebKit/537.36 (KHTML, like Gecko) Chrome/119.0.0.0 Safari/537.36"
