172.16.36.181 - - [26/Jun/2025:09:20:12 +0800] "GET /manager-page/api/snapshot.php?id=12&t=0.5561946774665879 HTTP/1.1" 200 46417 "http://192.168.60.79/manager-page/home-1.php" "Mozilla/5.0 (Windows NT 10.0; Win64; x64) AppleWebKit/537.36 (KHTML, like Gecko) Chrome/137.0.0.0 Safari/537.36 Edg/137.0.0.0"
172.16.36.181 - - [26/Jun/2025:09:20:17 +0800] "GET /manager-page/api/snapshot.php?id=11&t=0.24265222649790963 HTTP/1.1" 200 43416 "http://192.168.60.79/manager-page/home-1.php" "Mozilla/5.0 (Windows NT 10.0; Win64; x64) AppleWebKit/537.36 (KHTML, like Gecko) Chrome/137.0.0.0 Safari/537.36 Edg/137.0.0.0"
172.16.36.181 - - [26/Jun/2025:09:20:17 +0800] "GET /manager-page/api/snapshot.php?id=12&t=0.3968442482500866 HTTP/1.1" 200 46463 "http://192.168.60.79/manager-page/home-1.php" "Mozilla/5.0 (Windows NT 10.0; Win64; x64) AppleWebKit/537.36 (KHTML, like Gecko) Chrome/137.0.0.0 Safari/537.36 Edg/137.0.0.0"
172.16.36.181 - - [26/Jun/2025:09:20:22 +0800] "GET /manager-page/api/snapshot.php?id=11&t=0.9914969980517576 HTTP/1.1" 200 43444 "http://192.168.60.79/manager-page/home-1.php" "Mozilla/5.0 (Windows NT 10.0; Win64; x64) AppleWebKit/537.36 (KHTML, like Gecko) Chrome/137.0.0.0 Safari/537.36 Edg/137.0.0.0"
172.16.36.181 - - [26/Jun/2025:09:20:22 +0800] "GET /manager-page/api/snapshot.php?id=12&t=0.0456773731655592 HTTP/1.1" 200 45574 "http://192.168.60.79/manager-page/home-1.php" "Mozilla/5.0 (Windows NT 10.0; Win64; x64) AppleWebKit/537.36 (KHTML, like Gecko) Chrome/137.0.0.0 Safari/537.36 Edg/137.0.0.0"
172.16.36.181 - - [26/Jun/2025:09:20:27 +0800] "GET /manager-page/api/snapshot.php?id=11&t=0.44264930821771264 HTTP/1.1" 200 43596 "http://192.168.60.79/manager-page/home-1.php" "Mozilla/5.0 (Windows NT 10.0; Win64; x64) AppleWebKit/537.36 (KHTML, like Gecko) Chrome/137.0.0.0 Safari/537.36 Edg/137.0.0.0"
172.16.36.181 - - [26/Jun/2025:09:20:27 +0800] "GET /manager-page/api/snapshot.php?id=12&t=0.8552228957690461 HTTP/1.1" 200 47059 "http://192.168.60.79/manager-page/home-1.php" "Mozilla/5.0 (Windows NT 10.0; Win64; x64) AppleWebKit/537.36 (KHTML, like Gecko) Chrome/137.0.0.0 Safari/537.36 Edg/137.0.0.0"
172.16.36.181 - - [26/Jun/2025:09:20:32 +0800] "GET /manager-page/api/snapshot.php?id=12&t=0.566619021013544 HTTP/1.1" 200 46959 "http://192.168.60.79/manager-page/home-1.php" "Mozilla/5.0 (Windows NT 10.0; Win64; x64) AppleWebKit/537.36 (KHTML, like Gecko) Chrome/137.0.0.0 Safari/537.36 Edg/137.0.0.0"
172.16.36.181 - - [26/Jun/2025:09:20:32 +0800] "GET /manager-page/api/snapshot.php?id=11&t=0.5689629586873921 HTTP/1.1" 200 44603 "http://192.168.60.79/manager-page/home-1.php" "Mozilla/5.0 (Windows NT 10.0; Win64; x64) AppleWebKit/537.36 (KHTML, like Gecko) Chrome/137.0.0.0 Safari/537.36 Edg/137.0.0.0"
172.16.36.181 - - [26/Jun/2025:09:20:37 +0800] "GET /manager-page/api/snapshot.php?id=12&t=0.8097808120467151 HTTP/1.1" 200 46662 "http://192.168.60.79/manager-page/home-1.php" "Mozilla/5.0 (Windows NT 10.0; Win64; x64) AppleWebKit/537.36 (KHTML, like Gecko) Chrome/137.0.0.0 Safari/537.36 Edg/137.0.0.0"
172.16.36.181 - - [26/Jun/2025:09:20:37 +0800] "GET /manager-page/api/snapshot.php?id=11&t=0.570642182021207 HTTP/1.1" 200 43753 "http://192.168.60.79/manager-page/home-1.php" "Mozilla/5.0 (Windows NT 10.0; Win64; x64) AppleWebKit/537.36 (KHTML, like Gecko) Chrome/137.0.0.0 Safari/537.36 Edg/137.0.0.0"
172.16.36.181 - - [26/Jun/2025:09:20:42 +0800] "GET /manager-page/api/snapshot.php?id=11&t=0.6580970236708892 HTTP/1.1" 200 43573 "http://192.168.60.79/manager-page/home-1.php" "Mozilla/5.0 (Windows NT 10.0; Win64; x64) AppleWebKit/537.36 (KHTML, like Gecko) Chrome/137.0.0.0 Safari/537.36 Edg/137.0.0.0"
172.16.36.181 - - [26/Jun/2025:09:20:42 +0800] "GET /manager-page/api/snapshot.php?id=12&t=0.8666453039777814 HTTP/1.1" 200 46602 "http://192.168.60.79/manager-page/home-1.php" "Mozilla/5.0 (Windows NT 10.0; Win64; x64) AppleWebKit/537.36 (KHTML, like Gecko) Chrome/137.0.0.0 Safari/537.36 Edg/137.0.0.0"
172.16.36.181 - - [26/Jun/2025:09:20:47 +0800] "GET /manager-page/api/snapshot.php?id=12&t=0.5935240400070508 HTTP/1.1" 200 46609 "http://192.168.60.79/manager-page/home-1.php" "Mozilla/5.0 (Windows NT 10.0; Win64; x64) AppleWebKit/537.36 (KHTML, like Gecko) Chrome/137.0.0.0 Safari/537.36 Edg/137.0.0.0"
172.16.36.181 - - [26/Jun/2025:09:20:47 +0800] "GET /manager-page/api/snapshot.php?id=11&t=0.7839569733844272 HTTP/1.1" 200 43525 "http://192.168.60.79/manager-page/home-1.php" "Mozilla/5.0 (Windows NT 10.0; Win64; x64) AppleWebKit/537.36 (KHTML, like Gecko) Chrome/137.0.0.0 Safari/537.36 Edg/137.0.0.0"
172.16.36.181 - - [26/Jun/2025:09:20:52 +0800] "GET /manager-page/api/snapshot.php?id=11&t=0.685194723381884 HTTP/1.1" 200 43543 "http://192.168.60.79/manager-page/home-1.php" "Mozilla/5.0 (Windows NT 10.0; Win64; x64) AppleWebKit/537.36 (KHTML, like Gecko) Chrome/137.0.0.0 Safari/537.36 Edg/137.0.0.0"
172.16.36.181 - - [26/Jun/2025:09:20:52 +0800] "GET /manager-page/api/snapshot.php?id=12&t=0.28034990996232867 HTTP/1.1" 200 46557 "http://192.168.60.79/manager-page/home-1.php" "Mozilla/5.0 (Windows NT 10.0; Win64; x64) AppleWebKit/537.36 (KHTML, like Gecko) Chrome/137.0.0.0 Safari/537.36 Edg/137.0.0.0"
172.16.36.181 - - [26/Jun/2025:09:20:57 +0800] "GET /manager-page/api/snapshot.php?id=12&t=0.254634188770253 HTTP/1.1" 200 46565 "http://192.168.60.79/manager-page/home-1.php" "Mozilla/5.0 (Windows NT 10.0; Win64; x64) AppleWebKit/537.36 (KHTML, like Gecko) Chrome/137.0.0.0 Safari/537.36 Edg/137.0.0.0"
172.16.36.181 - - [26/Jun/2025:09:20:57 +0800] "GET /manager-page/api/snapshot.php?id=11&t=0.3845480134989451 HTTP/1.1" 200 43552 "http://192.168.60.79/manager-page/home-1.php" "Mozilla/5.0 (Windows NT 10.0; Win64; x64) AppleWebKit/537.36 (KHTML, like Gecko) Chrome/137.0.0.0 Safari/537.36 Edg/137.0.0.0"
127.0.0.1 - - [26/Jun/2025:09:21:00 +0800] "GET /robot/alarm-history-in.php HTTP/1.1" 200 - "-" "python-requests/2.28.1"
172.16.36.181 - - [26/Jun/2025:09:21:02 +0800] "GET /manager-page/api/snapshot.php?id=11&t=0.9427079940421078 HTTP/1.1" 200 43612 "http://192.168.60.79/manager-page/home-1.php" "Mozilla/5.0 (Windows NT 10.0; Win64; x64) AppleWebKit/537.36 (KHTML, like Gecko) Chrome/137.0.0.0 Safari/537.36 Edg/137.0.0.0"
172.16.36.181 - - [26/Jun/2025:09:21:02 +0800] "GET /manager-page/api/snapshot.php?id=12&t=0.4188213177503488 HTTP/1.1" 200 46622 "http://192.168.60.79/manager-page/home-1.php" "Mozilla/5.0 (Windows NT 10.0; Win64; x64) AppleWebKit/537.36 (KHTML, like Gecko) Chrome/137.0.0.0 Safari/537.36 Edg/137.0.0.0"
172.16.36.181 - - [26/Jun/2025:09:21:07 +0800] "GET /manager-page/api/snapshot.php?id=11&t=0.33904287808649247 HTTP/1.1" 200 43605 "http://192.168.60.79/manager-page/home-1.php" "Mozilla/5.0 (Windows NT 10.0; Win64; x64) AppleWebKit/537.36 (KHTML, like Gecko) Chrome/137.0.0.0 Safari/537.36 Edg/137.0.0.0"
172.16.36.181 - - [26/Jun/2025:09:21:07 +0800] "GET /manager-page/api/snapshot.php?id=12&t=0.8139325294789835 HTTP/1.1" 200 46548 "http://192.168.60.79/manager-page/home-1.php" "Mozilla/5.0 (Windows NT 10.0; Win64; x64) AppleWebKit/537.36 (KHTML, like Gecko) Chrome/137.0.0.0 Safari/537.36 Edg/137.0.0.0"
172.16.36.181 - - [26/Jun/2025:09:21:12 +0800] "GET /manager-page/api/snapshot.php?id=11&t=0.4720487586711126 HTTP/1.1" 200 43650 "http://192.168.60.79/manager-page/home-1.php" "Mozilla/5.0 (Windows NT 10.0; Win64; x64) AppleWebKit/537.36 (KHTML, like Gecko) Chrome/137.0.0.0 Safari/537.36 Edg/137.0.0.0"
172.16.36.181 - - [26/Jun/2025:09:21:12 +0800] "GET /manager-page/api/snapshot.php?id=12&t=0.8793132647974098 HTTP/1.1" 200 46541 "http://192.168.60.79/manager-page/home-1.php" "Mozilla/5.0 (Windows NT 10.0; Win64; x64) AppleWebKit/537.36 (KHTML, like Gecko) Chrome/137.0.0.0 Safari/537.36 Edg/137.0.0.0"
172.16.36.181 - - [26/Jun/2025:09:21:17 +0800] "GET /manager-page/api/snapshot.php?id=11&t=0.3089685248455687 HTTP/1.1" 200 43660 "http://192.168.60.79/manager-page/home-1.php" "Mozilla/5.0 (Windows NT 10.0; Win64; x64) AppleWebKit/537.36 (KHTML, like Gecko) Chrome/137.0.0.0 Safari/537.36 Edg/137.0.0.0"
172.16.36.181 - - [26/Jun/2025:09:21:17 +0800] "GET /manager-page/api/snapshot.php?id=12&t=0.7097106108811608 HTTP/1.1" 200 46532 "http://192.168.60.79/manager-page/home-1.php" "Mozilla/5.0 (Windows NT 10.0; Win64; x64) AppleWebKit/537.36 (KHTML, like Gecko) Chrome/137.0.0.0 Safari/537.36 Edg/137.0.0.0"
172.16.36.181 - - [26/Jun/2025:09:21:22 +0800] "GET /manager-page/api/snapshot.php?id=11&t=0.5387925446723616 HTTP/1.1" 200 43696 "http://192.168.60.79/manager-page/home-1.php" "Mozilla/5.0 (Windows NT 10.0; Win64; x64) AppleWebKit/537.36 (KHTML, like Gecko) Chrome/137.0.0.0 Safari/537.36 Edg/137.0.0.0"
172.16.36.181 - - [26/Jun/2025:09:21:22 +0800] "GET /manager-page/api/snapshot.php?id=12&t=0.8654173471917734 HTTP/1.1" 200 46697 "http://192.168.60.79/manager-page/home-1.php" "Mozilla/5.0 (Windows NT 10.0; Win64; x64) AppleWebKit/537.36 (KHTML, like Gecko) Chrome/137.0.0.0 Safari/537.36 Edg/137.0.0.0"
172.16.36.181 - - [26/Jun/2025:09:21:27 +0800] "GET /manager-page/api/snapshot.php?id=12&t=0.766146613998456 HTTP/1.1" 200 46598 "http://192.168.60.79/manager-page/home-1.php" "Mozilla/5.0 (Windows NT 10.0; Win64; x64) AppleWebKit/537.36 (KHTML, like Gecko) Chrome/137.0.0.0 Safari/537.36 Edg/137.0.0.0"
172.16.36.181 - - [26/Jun/2025:09:21:27 +0800] "GET /manager-page/api/snapshot.php?id=11&t=0.5161399619030824 HTTP/1.1" 200 43679 "http://192.168.60.79/manager-page/home-1.php" "Mozilla/5.0 (Windows NT 10.0; Win64; x64) AppleWebKit/537.36 (KHTML, like Gecko) Chrome/137.0.0.0 Safari/537.36 Edg/137.0.0.0"
172.16.36.181 - - [26/Jun/2025:09:21:32 +0800] "GET /manager-page/api/snapshot.php?id=11&t=0.09786180828592772 HTTP/1.1" 200 43716 "http://192.168.60.79/manager-page/home-1.php" "Mozilla/5.0 (Windows NT 10.0; Win64; x64) AppleWebKit/537.36 (KHTML, like Gecko) Chrome/137.0.0.0 Safari/537.36 Edg/137.0.0.0"
172.16.36.181 - - [26/Jun/2025:09:21:32 +0800] "GET /manager-page/api/snapshot.php?id=12&t=0.10370788333898828 HTTP/1.1" 200 46630 "http://192.168.60.79/manager-page/home-1.php" "Mozilla/5.0 (Windows NT 10.0; Win64; x64) AppleWebKit/537.36 (KHTML, like Gecko) Chrome/137.0.0.0 Safari/537.36 Edg/137.0.0.0"
172.16.36.181 - - [26/Jun/2025:09:21:37 +0800] "GET /manager-page/api/snapshot.php?id=12&t=0.031490066153157636 HTTP/1.1" 200 46598 "http://192.168.60.79/manager-page/home-1.php" "Mozilla/5.0 (Windows NT 10.0; Win64; x64) AppleWebKit/537.36 (KHTML, like Gecko) Chrome/137.0.0.0 Safari/537.36 Edg/137.0.0.0"
172.16.36.181 - - [26/Jun/2025:09:21:37 +0800] "GET /manager-page/api/snapshot.php?id=11&t=0.7524436428825928 HTTP/1.1" 200 43729 "http://192.168.60.79/manager-page/home-1.php" "Mozilla/5.0 (Windows NT 10.0; Win64; x64) AppleWebKit/537.36 (KHTML, like Gecko) Chrome/137.0.0.0 Safari/537.36 Edg/137.0.0.0"
172.16.36.181 - - [26/Jun/2025:09:21:42 +0800] "GET /manager-page/api/snapshot.php?id=11&t=0.3018111614156104 HTTP/1.1" 200 43742 "http://192.168.60.79/manager-page/home-1.php" "Mozilla/5.0 (Windows NT 10.0; Win64; x64) AppleWebKit/537.36 (KHTML, like Gecko) Chrome/137.0.0.0 Safari/537.36 Edg/137.0.0.0"
172.16.36.181 - - [26/Jun/2025:09:21:42 +0800] "GET /manager-page/api/snapshot.php?id=12&t=0.08103755952111213 HTTP/1.1" 200 46624 "http://192.168.60.79/manager-page/home-1.php" "Mozilla/5.0 (Windows NT 10.0; Win64; x64) AppleWebKit/537.36 (KHTML, like Gecko) Chrome/137.0.0.0 Safari/537.36 Edg/137.0.0.0"
172.16.36.181 - - [26/Jun/2025:09:21:47 +0800] "GET /manager-page/api/snapshot.php?id=11&t=0.38272049651330864 HTTP/1.1" 200 43762 "http://192.168.60.79/manager-page/home-1.php" "Mozilla/5.0 (Windows NT 10.0; Win64; x64) AppleWebKit/537.36 (KHTML, like Gecko) Chrome/137.0.0.0 Safari/537.36 Edg/137.0.0.0"
172.16.36.181 - - [26/Jun/2025:09:21:47 +0800] "GET /manager-page/api/snapshot.php?id=12&t=0.04470127737778695 HTTP/1.1" 200 46608 "http://192.168.60.79/manager-page/home-1.php" "Mozilla/5.0 (Windows NT 10.0; Win64; x64) AppleWebKit/537.36 (KHTML, like Gecko) Chrome/137.0.0.0 Safari/537.36 Edg/137.0.0.0"
172.16.36.181 - - [26/Jun/2025:09:21:52 +0800] "GET /manager-page/api/snapshot.php?id=11&t=0.6586479852364867 HTTP/1.1" 200 43758 "http://192.168.60.79/manager-page/home-1.php" "Mozilla/5.0 (Windows NT 10.0; Win64; x64) AppleWebKit/537.36 (KHTML, like Gecko) Chrome/137.0.0.0 Safari/537.36 Edg/137.0.0.0"
172.16.36.181 - - [26/Jun/2025:09:21:52 +0800] "GET /manager-page/api/snapshot.php?id=12&t=0.4028240167308835 HTTP/1.1" 200 46639 "http://192.168.60.79/manager-page/home-1.php" "Mozilla/5.0 (Windows NT 10.0; Win64; x64) AppleWebKit/537.36 (KHTML, like Gecko) Chrome/137.0.0.0 Safari/537.36 Edg/137.0.0.0"
172.16.36.181 - - [26/Jun/2025:09:21:55 +0800] "GET /manager-page/alarm/4-2.jpg?t=984400309 HTTP/1.1" 200 543160 "http://192.168.60.79/manager-page/home-4.php" "Mozilla/5.0 (Windows NT 10.0; Win64; x64) AppleWebKit/537.36 (KHTML, like Gecko) Chrome/137.0.0.0 Safari/537.36 Edg/137.0.0.0"
172.16.36.181 - - [26/Jun/2025:09:21:55 +0800] "GET /manager-page/alarm/4-1.jpg?t=764274910 HTTP/1.1" 200 436474 "http://192.168.60.79/manager-page/home-4.php" "Mozilla/5.0 (Windows NT 10.0; Win64; x64) AppleWebKit/537.36 (KHTML, like Gecko) Chrome/137.0.0.0 Safari/537.36 Edg/137.0.0.0"
127.0.0.1 - - [26/Jun/2025:09:21:55 +0800] "GET /get-setting.json HTTP/1.1" 200 2314 "-" "python-requests/2.31.0"
127.0.0.1 - - [26/Jun/2025:09:21:55 +0800] "POST /robot/lora-in.php HTTP/1.1" 200 - "-" "python-requests/2.31.0"
172.16.36.181 - - [26/Jun/2025:09:21:55 +0800] "GET /manager-page/home-4.php HTTP/1.1" 200 27482 "http://192.168.60.79/manager-page/home-1.php" "Mozilla/5.0 (Windows NT 10.0; Win64; x64) AppleWebKit/537.36 (KHTML, like Gecko) Chrome/137.0.0.0 Safari/537.36 Edg/137.0.0.0"
172.16.36.181 - - [26/Jun/2025:09:21:55 +0800] "GET /manager-page/api/snapshot.php?id=41 HTTP/1.1" 200 50206 "http://192.168.60.79/manager-page/home-4.php" "Mozilla/5.0 (Windows NT 10.0; Win64; x64) AppleWebKit/537.36 (KHTML, like Gecko) Chrome/137.0.0.0 Safari/537.36 Edg/137.0.0.0"
172.16.36.181 - - [26/Jun/2025:09:21:55 +0800] "GET /manager-page/api/snapshot.php?id=42 HTTP/1.1" 200 52115 "http://192.168.60.79/manager-page/home-4.php" "Mozilla/5.0 (Windows NT 10.0; Win64; x64) AppleWebKit/537.36 (KHTML, like Gecko) Chrome/137.0.0.0 Safari/537.36 Edg/137.0.0.0"
172.16.36.181 - - [26/Jun/2025:09:21:57 +0800] "GET /manager-page/api/cms-status4.php HTTP/1.1" 200 12 "http://192.168.60.79/manager-page/home-4.php" "Mozilla/5.0 (Windows NT 10.0; Win64; x64) AppleWebKit/537.36 (KHTML, like Gecko) Chrome/137.0.0.0 Safari/537.36 Edg/137.0.0.0"
172.16.36.181 - - [26/Jun/2025:09:21:57 +0800] "GET /manager-page/api/lp-status4.php HTTP/1.1" 200 1 "http://192.168.60.79/manager-page/home-4.php" "Mozilla/5.0 (Windows NT 10.0; Win64; x64) AppleWebKit/537.36 (KHTML, like Gecko) Chrome/137.0.0.0 Safari/537.36 Edg/137.0.0.0"
127.0.0.1 - - [26/Jun/2025:09:21:59 +0800] "POST /robot/lora-in.php HTTP/1.1" 200 - "-" "python-requests/2.31.0"
127.0.0.1 - - [26/Jun/2025:09:22:00 +0800] "GET /robot/alarm-history-in.php HTTP/1.1" 200 - "-" "python-requests/2.28.1"
172.16.36.181 - - [26/Jun/2025:09:22:02 +0800] "GET /manager-page/api/snapshot.php?id=42&t=0.44444577044156786 HTTP/1.1" 200 52175 "http://192.168.60.79/manager-page/home-4.php" "Mozilla/5.0 (Windows NT 10.0; Win64; x64) AppleWebKit/537.36 (KHTML, like Gecko) Chrome/137.0.0.0 Safari/537.36 Edg/137.0.0.0"
172.16.36.181 - - [26/Jun/2025:09:22:02 +0800] "GET /manager-page/api/snapshot.php?id=41&t=0.41625511724815223 HTTP/1.1" 200 50164 "http://192.168.60.79/manager-page/home-4.php" "Mozilla/5.0 (Windows NT 10.0; Win64; x64) AppleWebKit/537.36 (KHTML, like Gecko) Chrome/137.0.0.0 Safari/537.36 Edg/137.0.0.0"
172.16.36.181 - - [26/Jun/2025:09:22:07 +0800] "GET /manager-page/api/snapshot.php?id=42&t=0.03090525109626563 HTTP/1.1" 200 52138 "http://192.168.60.79/manager-page/home-4.php" "Mozilla/5.0 (Windows NT 10.0; Win64; x64) AppleWebKit/537.36 (KHTML, like Gecko) Chrome/137.0.0.0 Safari/537.36 Edg/137.0.0.0"
172.16.36.181 - - [26/Jun/2025:09:22:07 +0800] "GET /manager-page/api/snapshot.php?id=41&t=0.4978567828566707 HTTP/1.1" 200 50010 "http://192.168.60.79/manager-page/home-4.php" "Mozilla/5.0 (Windows NT 10.0; Win64; x64) AppleWebKit/537.36 (KHTML, like Gecko) Chrome/137.0.0.0 Safari/537.36 Edg/137.0.0.0"
172.16.36.181 - - [26/Jun/2025:09:22:12 +0800] "GET /manager-page/api/snapshot.php?id=41&t=0.06108134576396984 HTTP/1.1" 200 50113 "http://192.168.60.79/manager-page/home-4.php" "Mozilla/5.0 (Windows NT 10.0; Win64; x64) AppleWebKit/537.36 (KHTML, like Gecko) Chrome/137.0.0.0 Safari/537.36 Edg/137.0.0.0"
172.16.36.181 - - [26/Jun/2025:09:22:12 +0800] "GET /manager-page/api/snapshot.php?id=42&t=0.8860046763936186 HTTP/1.1" 500 - "http://192.168.60.79/manager-page/home-4.php" "Mozilla/5.0 (Windows NT 10.0; Win64; x64) AppleWebKit/537.36 (KHTML, like Gecko) Chrome/137.0.0.0 Safari/537.36 Edg/137.0.0.0"
172.16.36.181 - - [26/Jun/2025:09:22:17 +0800] "GET /manager-page/api/snapshot.php?id=41&t=0.9252783067882555 HTTP/1.1" 500 - "http://192.168.60.79/manager-page/home-4.php" "Mozilla/5.0 (Windows NT 10.0; Win64; x64) AppleWebKit/537.36 (KHTML, like Gecko) Chrome/137.0.0.0 Safari/537.36 Edg/137.0.0.0"
172.16.36.181 - - [26/Jun/2025:09:22:17 +0800] "GET /manager-page/api/snapshot.php?id=42&t=0.7846635313790912 HTTP/1.1" 500 - "http://192.168.60.79/manager-page/home-4.php" "Mozilla/5.0 (Windows NT 10.0; Win64; x64) AppleWebKit/537.36 (KHTML, like Gecko) Chrome/137.0.0.0 Safari/537.36 Edg/137.0.0.0"
111.70.30.250 - - [26/Jun/2025:09:22:15 +0800] "POST /robot/lora-in.php HTTP/1.1" 200 - "-" "python-requests/2.21.0"
172.16.36.181 - - [26/Jun/2025:09:22:22 +0800] "GET /manager-page/api/snapshot.php?id=41&t=0.36997931949437146 HTTP/1.1" 500 - "http://192.168.60.79/manager-page/home-4.php" "Mozilla/5.0 (Windows NT 10.0; Win64; x64) AppleWebKit/537.36 (KHTML, like Gecko) Chrome/137.0.0.0 Safari/537.36 Edg/137.0.0.0"
172.16.36.181 - - [26/Jun/2025:09:22:22 +0800] "GET /manager-page/api/snapshot.php?id=42&t=0.7461404993266003 HTTP/1.1" 500 - "http://192.168.60.79/manager-page/home-4.php" "Mozilla/5.0 (Windows NT 10.0; Win64; x64) AppleWebKit/537.36 (KHTML, like Gecko) Chrome/137.0.0.0 Safari/537.36 Edg/137.0.0.0"
127.0.0.1 - - [26/Jun/2025:09:22:28 +0800] "POST /robot/et-7026-in.php HTTP/1.1" 200 - "-" "python-requests/2.32.2"
172.16.36.181 - - [26/Jun/2025:09:22:27 +0800] "GET /manager-page/api/snapshot.php?id=41&t=0.23362944763122961 HTTP/1.1" 500 - "http://192.168.60.79/manager-page/home-4.php" "Mozilla/5.0 (Windows NT 10.0; Win64; x64) AppleWebKit/537.36 (KHTML, like Gecko) Chrome/137.0.0.0 Safari/537.36 Edg/137.0.0.0"
172.16.36.181 - - [26/Jun/2025:09:22:27 +0800] "GET /manager-page/api/snapshot.php?id=42&t=0.3204133318702853 HTTP/1.1" 500 - "http://192.168.60.79/manager-page/home-4.php" "Mozilla/5.0 (Windows NT 10.0; Win64; x64) AppleWebKit/537.36 (KHTML, like Gecko) Chrome/137.0.0.0 Safari/537.36 Edg/137.0.0.0"
172.16.36.181 - - [26/Jun/2025:09:22:32 +0800] "GET /manager-page/api/snapshot.php?id=41&t=0.3826023378564327 HTTP/1.1" 500 - "http://192.168.60.79/manager-page/home-4.php" "Mozilla/5.0 (Windows NT 10.0; Win64; x64) AppleWebKit/537.36 (KHTML, like Gecko) Chrome/137.0.0.0 Safari/537.36 Edg/137.0.0.0"
172.16.36.181 - - [26/Jun/2025:09:22:32 +0800] "GET /manager-page/api/snapshot.php?id=42&t=0.15732122757353584 HTTP/1.1" 500 - "http://192.168.60.79/manager-page/home-4.php" "Mozilla/5.0 (Windows NT 10.0; Win64; x64) AppleWebKit/537.36 (KHTML, like Gecko) Chrome/137.0.0.0 Safari/537.36 Edg/137.0.0.0"
172.16.36.181 - - [26/Jun/2025:09:22:37 +0800] "GET /manager-page/api/snapshot.php?id=42&t=0.05954909143154408 HTTP/1.1" 500 - "http://192.168.60.79/manager-page/home-4.php" "Mozilla/5.0 (Windows NT 10.0; Win64; x64) AppleWebKit/537.36 (KHTML, like Gecko) Chrome/137.0.0.0 Safari/537.36 Edg/137.0.0.0"
127.0.0.1 - - [26/Jun/2025:09:22:08 +0800] "POST /robot/lora-in.php HTTP/1.1" 200 - "-" "python-requests/2.31.0"
172.16.36.181 - - [26/Jun/2025:09:22:37 +0800] "GET /manager-page/api/snapshot.php?id=41&t=0.8569781271921912 HTTP/1.1" 500 - "http://192.168.60.79/manager-page/home-4.php" "Mozilla/5.0 (Windows NT 10.0; Win64; x64) AppleWebKit/537.36 (KHTML, like Gecko) Chrome/137.0.0.0 Safari/537.36 Edg/137.0.0.0"
111.70.30.252 - - [26/Jun/2025:09:22:37 +0800] "POST /robot/lora-in.php HTTP/1.1" 200 - "-" "python-requests/2.21.0"
172.16.36.181 - - [26/Jun/2025:09:22:42 +0800] "GET /manager-page/api/snapshot.php?id=41&t=0.3396001470611335 HTTP/1.1" 500 - "http://192.168.60.79/manager-page/home-4.php" "Mozilla/5.0 (Windows NT 10.0; Win64; x64) AppleWebKit/537.36 (KHTML, like Gecko) Chrome/137.0.0.0 Safari/537.36 Edg/137.0.0.0"
172.16.36.181 - - [26/Jun/2025:09:22:42 +0800] "GET /manager-page/api/snapshot.php?id=42&t=0.38301959436498456 HTTP/1.1" 500 - "http://192.168.60.79/manager-page/home-4.php" "Mozilla/5.0 (Windows NT 10.0; Win64; x64) AppleWebKit/537.36 (KHTML, like Gecko) Chrome/137.0.0.0 Safari/537.36 Edg/137.0.0.0"
172.16.36.181 - - [26/Jun/2025:09:22:47 +0800] "GET /manager-page/api/snapshot.php?id=42&t=0.5705811068771048 HTTP/1.1" 500 - "http://192.168.60.79/manager-page/home-4.php" "Mozilla/5.0 (Windows NT 10.0; Win64; x64) AppleWebKit/537.36 (KHTML, like Gecko) Chrome/137.0.0.0 Safari/537.36 Edg/137.0.0.0"
172.16.36.181 - - [26/Jun/2025:09:22:47 +0800] "GET /manager-page/api/snapshot.php?id=41&t=0.8007208071676991 HTTP/1.1" 500 - "http://192.168.60.79/manager-page/home-4.php" "Mozilla/5.0 (Windows NT 10.0; Win64; x64) AppleWebKit/537.36 (KHTML, like Gecko) Chrome/137.0.0.0 Safari/537.36 Edg/137.0.0.0"
127.0.0.1 - - [26/Jun/2025:09:22:28 +0800] "POST /robot/lora-in.php HTTP/1.1" 200 - "-" "python-requests/2.31.0"
127.0.0.1 - - [26/Jun/2025:09:23:00 +0800] "GET /robot/alarm-history-in.php HTTP/1.1" 200 - "-" "python-requests/2.28.1"
127.0.0.1 - - [26/Jun/2025:09:22:48 +0800] "POST /robot/lora-in.php HTTP/1.1" 200 - "-" "python-requests/2.31.0"
172.16.36.181 - - [26/Jun/2025:09:22:52 +0800] "GET /manager-page/api/snapshot.php?id=41&t=0.8087563002029297 HTTP/1.1" 500 - "http://192.168.60.79/manager-page/home-4.php" "Mozilla/5.0 (Windows NT 10.0; Win64; x64) AppleWebKit/537.36 (KHTML, like Gecko) Chrome/137.0.0.0 Safari/537.36 Edg/137.0.0.0"
172.16.36.181 - - [26/Jun/2025:09:22:52 +0800] "GET /manager-page/api/snapshot.php?id=42&t=0.9505722142123483 HTTP/1.1" 500 - "http://192.168.60.79/manager-page/home-4.php" "Mozilla/5.0 (Windows NT 10.0; Win64; x64) AppleWebKit/537.36 (KHTML, like Gecko) Chrome/137.0.0.0 Safari/537.36 Edg/137.0.0.0"
172.16.36.181 - - [26/Jun/2025:09:22:57 +0800] "GET /manager-page/api/snapshot.php?id=41&t=0.8117712677962426 HTTP/1.1" 500 - "http://192.168.60.79/manager-page/home-4.php" "Mozilla/5.0 (Windows NT 10.0; Win64; x64) AppleWebKit/537.36 (KHTML, like Gecko) Chrome/137.0.0.0 Safari/537.36 Edg/137.0.0.0"
172.16.36.181 - - [26/Jun/2025:09:22:57 +0800] "GET /manager-page/api/snapshot.php?id=42&t=0.6001274162724962 HTTP/1.1" 500 - "http://192.168.60.79/manager-page/home-4.php" "Mozilla/5.0 (Windows NT 10.0; Win64; x64) AppleWebKit/537.36 (KHTML, like Gecko) Chrome/137.0.0.0 Safari/537.36 Edg/137.0.0.0"
172.16.36.181 - - [26/Jun/2025:09:23:02 +0800] "GET /manager-page/api/snapshot.php?id=41&t=0.778482623971787 HTTP/1.1" 500 - "http://192.168.60.79/manager-page/home-4.php" "Mozilla/5.0 (Windows NT 10.0; Win64; x64) AppleWebKit/537.36 (KHTML, like Gecko) Chrome/137.0.0.0 Safari/537.36 Edg/137.0.0.0"
172.16.36.181 - - [26/Jun/2025:09:23:02 +0800] "GET /manager-page/api/snapshot.php?id=42&t=0.9694445909826355 HTTP/1.1" 500 - "http://192.168.60.79/manager-page/home-4.php" "Mozilla/5.0 (Windows NT 10.0; Win64; x64) AppleWebKit/537.36 (KHTML, like Gecko) Chrome/137.0.0.0 Safari/537.36 Edg/137.0.0.0"
127.0.0.1 - - [26/Jun/2025:09:23:09 +0800] "POST /robot/lora-in.php HTTP/1.1" 200 - "-" "python-requests/2.31.0"
172.16.36.181 - - [26/Jun/2025:09:23:07 +0800] "GET /manager-page/api/snapshot.php?id=42&t=0.5605991894941443 HTTP/1.1" 500 - "http://192.168.60.79/manager-page/home-4.php" "Mozilla/5.0 (Windows NT 10.0; Win64; x64) AppleWebKit/537.36 (KHTML, like Gecko) Chrome/137.0.0.0 Safari/537.36 Edg/137.0.0.0"
172.16.36.181 - - [26/Jun/2025:09:23:07 +0800] "GET /manager-page/api/snapshot.php?id=41&t=0.6842582897747089 HTTP/1.1" 500 - "http://192.168.60.79/manager-page/home-4.php" "Mozilla/5.0 (Windows NT 10.0; Win64; x64) AppleWebKit/537.36 (KHTML, like Gecko) Chrome/137.0.0.0 Safari/537.36 Edg/137.0.0.0"
172.16.36.181 - - [26/Jun/2025:09:23:12 +0800] "GET /manager-page/api/snapshot.php?id=41&t=0.07345762215651419 HTTP/1.1" 500 - "http://192.168.60.79/manager-page/home-4.php" "Mozilla/5.0 (Windows NT 10.0; Win64; x64) AppleWebKit/537.36 (KHTML, like Gecko) Chrome/137.0.0.0 Safari/537.36 Edg/137.0.0.0"
172.16.36.181 - - [26/Jun/2025:09:23:12 +0800] "GET /manager-page/api/snapshot.php?id=42&t=0.27628348579991346 HTTP/1.1" 500 - "http://192.168.60.79/manager-page/home-4.php" "Mozilla/5.0 (Windows NT 10.0; Win64; x64) AppleWebKit/537.36 (KHTML, like Gecko) Chrome/137.0.0.0 Safari/537.36 Edg/137.0.0.0"
127.0.0.1 - - [26/Jun/2025:09:23:20 +0800] "POST /robot/lora-in.php HTTP/1.1" 200 - "-" "python-requests/2.31.0"
172.16.36.181 - - [26/Jun/2025:09:23:17 +0800] "GET /manager-page/api/snapshot.php?id=41&t=0.6601530297402718 HTTP/1.1" 500 - "http://192.168.60.79/manager-page/home-4.php" "Mozilla/5.0 (Windows NT 10.0; Win64; x64) AppleWebKit/537.36 (KHTML, like Gecko) Chrome/137.0.0.0 Safari/537.36 Edg/137.0.0.0"
172.16.36.181 - - [26/Jun/2025:09:23:17 +0800] "GET /manager-page/api/snapshot.php?id=42&t=0.47265751253354726 HTTP/1.1" 500 - "http://192.168.60.79/manager-page/home-4.php" "Mozilla/5.0 (Windows NT 10.0; Win64; x64) AppleWebKit/537.36 (KHTML, like Gecko) Chrome/137.0.0.0 Safari/537.36 Edg/137.0.0.0"
127.0.0.1 - - [26/Jun/2025:09:23:21 +0800] "POST /robot/lora-in.php HTTP/1.1" 200 - "-" "python-requests/2.31.0"
172.16.36.181 - - [26/Jun/2025:09:23:22 +0800] "GET /manager-page/api/snapshot.php?id=42&t=0.26773098938058326 HTTP/1.1" 200 - "http://192.168.60.79/manager-page/home-4.php" "Mozilla/5.0 (Windows NT 10.0; Win64; x64) AppleWebKit/537.36 (KHTML, like Gecko) Chrome/137.0.0.0 Safari/537.36 Edg/137.0.0.0"
172.16.36.181 - - [26/Jun/2025:09:23:25 +0800] "GET /manager-page/live/4-2.jpg HTTP/1.1" 200 51578 "http://192.168.60.79/manager-page/home-4.php" "Mozilla/5.0 (Windows NT 10.0; Win64; x64) AppleWebKit/537.36 (KHTML, like Gecko) Chrome/137.0.0.0 Safari/537.36 Edg/137.0.0.0"
172.16.36.181 - - [26/Jun/2025:09:23:22 +0800] "GET /manager-page/api/snapshot.php?id=41&t=0.4230335642138904 HTTP/1.1" 500 - "http://192.168.60.79/manager-page/home-4.php" "Mozilla/5.0 (Windows NT 10.0; Win64; x64) AppleWebKit/537.36 (KHTML, like Gecko) Chrome/137.0.0.0 Safari/537.36 Edg/137.0.0.0"
172.16.36.181 - - [26/Jun/2025:09:23:27 +0800] "GET /manager-page/api/snapshot.php?id=42&t=0.21295742713703747 HTTP/1.1" 200 - "http://192.168.60.79/manager-page/home-4.php" "Mozilla/5.0 (Windows NT 10.0; Win64; x64) AppleWebKit/537.36 (KHTML, like Gecko) Chrome/137.0.0.0 Safari/537.36 Edg/137.0.0.0"
172.16.36.181 - - [26/Jun/2025:09:23:27 +0800] "GET /manager-page/api/snapshot.php?id=41&t=0.07204392305088347 HTTP/1.1" 500 - "http://192.168.60.79/manager-page/home-4.php" "Mozilla/5.0 (Windows NT 10.0; Win64; x64) AppleWebKit/537.36 (KHTML, like Gecko) Chrome/137.0.0.0 Safari/537.36 Edg/137.0.0.0"
172.16.36.181 - - [26/Jun/2025:09:23:32 +0800] "GET /manager-page/api/snapshot.php?id=42&t=0.8528189266440601 HTTP/1.1" 200 - "http://192.168.60.79/manager-page/home-4.php" "Mozilla/5.0 (Windows NT 10.0; Win64; x64) AppleWebKit/537.36 (KHTML, like Gecko) Chrome/137.0.0.0 Safari/537.36 Edg/137.0.0.0"
172.16.36.181 - - [26/Jun/2025:09:23:32 +0800] "GET /manager-page/api/snapshot.php?id=41&t=0.279209421742607 HTTP/1.1" 200 - "http://192.168.60.79/manager-page/home-4.php" "Mozilla/5.0 (Windows NT 10.0; Win64; x64) AppleWebKit/537.36 (KHTML, like Gecko) Chrome/137.0.0.0 Safari/537.36 Edg/137.0.0.0"
172.16.36.181 - - [26/Jun/2025:09:23:37 +0800] "GET /manager-page/api/snapshot.php?id=41&t=0.9502810754015906 HTTP/1.1" 500 - "http://192.168.60.79/manager-page/home-4.php" "Mozilla/5.0 (Windows NT 10.0; Win64; x64) AppleWebKit/537.36 (KHTML, like Gecko) Chrome/137.0.0.0 Safari/537.36 Edg/137.0.0.0"
172.16.36.181 - - [26/Jun/2025:09:23:37 +0800] "GET /manager-page/api/snapshot.php?id=42&t=0.8954874035725072 HTTP/1.1" 500 - "http://192.168.60.79/manager-page/home-4.php" "Mozilla/5.0 (Windows NT 10.0; Win64; x64) AppleWebKit/537.36 (KHTML, like Gecko) Chrome/137.0.0.0 Safari/537.36 Edg/137.0.0.0"
172.16.36.181 - - [26/Jun/2025:09:23:42 +0800] "GET /manager-page/api/snapshot.php?id=41&t=0.006501089696388518 HTTP/1.1" 200 - "http://192.168.60.79/manager-page/home-4.php" "Mozilla/5.0 (Windows NT 10.0; Win64; x64) AppleWebKit/537.36 (KHTML, like Gecko) Chrome/137.0.0.0 Safari/537.36 Edg/137.0.0.0"
172.16.36.181 - - [26/Jun/2025:09:23:42 +0800] "GET /manager-page/api/snapshot.php?id=42&t=0.1367634272141376 HTTP/1.1" 500 - "http://192.168.60.79/manager-page/home-4.php" "Mozilla/5.0 (Windows NT 10.0; Win64; x64) AppleWebKit/537.36 (KHTML, like Gecko) Chrome/137.0.0.0 Safari/537.36 Edg/137.0.0.0"
172.16.36.181 - - [26/Jun/2025:09:23:47 +0800] "GET /manager-page/api/snapshot.php?id=42&t=0.2805516016525941 HTTP/1.1" 200 - "http://192.168.60.79/manager-page/home-4.php" "Mozilla/5.0 (Windows NT 10.0; Win64; x64) AppleWebKit/537.36 (KHTML, like Gecko) Chrome/137.0.0.0 Safari/537.36 Edg/137.0.0.0"
172.16.36.181 - - [26/Jun/2025:09:23:47 +0800] "GET /manager-page/api/snapshot.php?id=41&t=0.04749836702859955 HTTP/1.1" 200 - "http://192.168.60.79/manager-page/home-4.php" "Mozilla/5.0 (Windows NT 10.0; Win64; x64) AppleWebKit/537.36 (KHTML, like Gecko) Chrome/137.0.0.0 Safari/537.36 Edg/137.0.0.0"
172.16.36.181 - - [26/Jun/2025:09:23:52 +0800] "GET /manager-page/live/4-1.jpg HTTP/1.1" 200 49344 "http://192.168.60.79/manager-page/home-4.php" "Mozilla/5.0 (Windows NT 10.0; Win64; x64) AppleWebKit/537.36 (KHTML, like Gecko) Chrome/137.0.0.0 Safari/537.36 Edg/137.0.0.0"
172.16.36.181 - - [26/Jun/2025:09:23:52 +0800] "GET /manager-page/api/snapshot.php?id=42&t=0.3706365047643895 HTTP/1.1" 200 - "http://192.168.60.79/manager-page/home-4.php" "Mozilla/5.0 (Windows NT 10.0; Win64; x64) AppleWebKit/537.36 (KHTML, like Gecko) Chrome/137.0.0.0 Safari/537.36 Edg/137.0.0.0"
172.16.36.181 - - [26/Jun/2025:09:23:52 +0800] "GET /manager-page/api/snapshot.php?id=41&t=0.2515473419910951 HTTP/1.1" 200 - "http://192.168.60.79/manager-page/home-4.php" "Mozilla/5.0 (Windows NT 10.0; Win64; x64) AppleWebKit/537.36 (KHTML, like Gecko) Chrome/137.0.0.0 Safari/537.36 Edg/137.0.0.0"
172.16.36.181 - - [26/Jun/2025:09:23:57 +0800] "GET /manager-page/api/snapshot.php?id=42&t=0.5131749994056025 HTTP/1.1" 200 - "http://192.168.60.79/manager-page/home-4.php" "Mozilla/5.0 (Windows NT 10.0; Win64; x64) AppleWebKit/537.36 (KHTML, like Gecko) Chrome/137.0.0.0 Safari/537.36 Edg/137.0.0.0"
172.16.36.181 - - [26/Jun/2025:09:23:57 +0800] "GET /manager-page/api/snapshot.php?id=41&t=0.2283386164109069 HTTP/1.1" 200 - "http://192.168.60.79/manager-page/home-4.php" "Mozilla/5.0 (Windows NT 10.0; Win64; x64) AppleWebKit/537.36 (KHTML, like Gecko) Chrome/137.0.0.0 Safari/537.36 Edg/137.0.0.0"
127.0.0.1 - - [26/Jun/2025:09:24:00 +0800] "GET /robot/alarm-history-in.php HTTP/1.1" 200 - "-" "python-requests/2.28.1"
172.16.36.181 - - [26/Jun/2025:09:24:02 +0800] "GET /manager-page/api/snapshot.php?id=41&t=0.8514489386359112 HTTP/1.1" 200 - "http://192.168.60.79/manager-page/home-4.php" "Mozilla/5.0 (Windows NT 10.0; Win64; x64) AppleWebKit/537.36 (KHTML, like Gecko) Chrome/137.0.0.0 Safari/537.36 Edg/137.0.0.0"
172.16.36.181 - - [26/Jun/2025:09:24:02 +0800] "GET /manager-page/api/snapshot.php?id=42&t=0.715609541901157 HTTP/1.1" 200 - "http://192.168.60.79/manager-page/home-4.php" "Mozilla/5.0 (Windows NT 10.0; Win64; x64) AppleWebKit/537.36 (KHTML, like Gecko) Chrome/137.0.0.0 Safari/537.36 Edg/137.0.0.0"
172.16.36.181 - - [26/Jun/2025:09:24:07 +0800] "GET /manager-page/api/snapshot.php?id=42&t=0.2873243264328974 HTTP/1.1" 200 - "http://192.168.60.79/manager-page/home-4.php" "Mozilla/5.0 (Windows NT 10.0; Win64; x64) AppleWebKit/537.36 (KHTML, like Gecko) Chrome/137.0.0.0 Safari/537.36 Edg/137.0.0.0"
172.16.36.181 - - [26/Jun/2025:09:24:07 +0800] "GET /manager-page/api/snapshot.php?id=41&t=0.8518676407864605 HTTP/1.1" 500 - "http://192.168.60.79/manager-page/home-4.php" "Mozilla/5.0 (Windows NT 10.0; Win64; x64) AppleWebKit/537.36 (KHTML, like Gecko) Chrome/137.0.0.0 Safari/537.36 Edg/137.0.0.0"
172.16.36.181 - - [26/Jun/2025:09:24:12 +0800] "GET /manager-page/api/snapshot.php?id=42&t=0.7202298939602272 HTTP/1.1" 500 - "http://192.168.60.79/manager-page/home-4.php" "Mozilla/5.0 (Windows NT 10.0; Win64; x64) AppleWebKit/537.36 (KHTML, like Gecko) Chrome/137.0.0.0 Safari/537.36 Edg/137.0.0.0"
172.16.36.181 - - [26/Jun/2025:09:24:12 +0800] "GET /manager-page/api/snapshot.php?id=41&t=0.6952212017052142 HTTP/1.1" 500 - "http://192.168.60.79/manager-page/home-4.php" "Mozilla/5.0 (Windows NT 10.0; Win64; x64) AppleWebKit/537.36 (KHTML, like Gecko) Chrome/137.0.0.0 Safari/537.36 Edg/137.0.0.0"
172.16.36.181 - - [26/Jun/2025:09:24:17 +0800] "GET /manager-page/api/snapshot.php?id=41&t=0.20264604430554067 HTTP/1.1" 500 - "http://192.168.60.79/manager-page/home-4.php" "Mozilla/5.0 (Windows NT 10.0; Win64; x64) AppleWebKit/537.36 (KHTML, like Gecko) Chrome/137.0.0.0 Safari/537.36 Edg/137.0.0.0"
172.16.36.181 - - [26/Jun/2025:09:24:17 +0800] "GET /manager-page/api/snapshot.php?id=42&t=0.6972242863802143 HTTP/1.1" 500 - "http://192.168.60.79/manager-page/home-4.php" "Mozilla/5.0 (Windows NT 10.0; Win64; x64) AppleWebKit/537.36 (KHTML, like Gecko) Chrome/137.0.0.0 Safari/537.36 Edg/137.0.0.0"
172.16.36.181 - - [26/Jun/2025:09:24:22 +0800] "GET /manager-page/api/snapshot.php?id=41&t=0.4495283302564914 HTTP/1.1" 200 - "http://192.168.60.79/manager-page/home-4.php" "Mozilla/5.0 (Windows NT 10.0; Win64; x64) AppleWebKit/537.36 (KHTML, like Gecko) Chrome/137.0.0.0 Safari/537.36 Edg/137.0.0.0"
172.16.36.181 - - [26/Jun/2025:09:24:22 +0800] "GET /manager-page/api/snapshot.php?id=42&t=0.21107613638826317 HTTP/1.1" 500 - "http://192.168.60.79/manager-page/home-4.php" "Mozilla/5.0 (Windows NT 10.0; Win64; x64) AppleWebKit/537.36 (KHTML, like Gecko) Chrome/137.0.0.0 Safari/537.36 Edg/137.0.0.0"
172.16.36.181 - - [26/Jun/2025:09:24:27 +0800] "GET /manager-page/api/snapshot.php?id=41&t=0.665135852692695 HTTP/1.1" 200 - "http://192.168.60.79/manager-page/home-4.php" "Mozilla/5.0 (Windows NT 10.0; Win64; x64) AppleWebKit/537.36 (KHTML, like Gecko) Chrome/137.0.0.0 Safari/537.36 Edg/137.0.0.0"
172.16.36.181 - - [26/Jun/2025:09:24:27 +0800] "GET /manager-page/api/snapshot.php?id=42&t=0.563245183089479 HTTP/1.1" 200 - "http://192.168.60.79/manager-page/home-4.php" "Mozilla/5.0 (Windows NT 10.0; Win64; x64) AppleWebKit/537.36 (KHTML, like Gecko) Chrome/137.0.0.0 Safari/537.36 Edg/137.0.0.0"
172.16.36.181 - - [26/Jun/2025:09:24:32 +0800] "GET /manager-page/api/snapshot.php?id=42&t=0.09057535648611748 HTTP/1.1" 200 - "http://192.168.60.79/manager-page/home-4.php" "Mozilla/5.0 (Windows NT 10.0; Win64; x64) AppleWebKit/537.36 (KHTML, like Gecko) Chrome/137.0.0.0 Safari/537.36 Edg/137.0.0.0"
172.16.36.181 - - [26/Jun/2025:09:24:32 +0800] "GET /manager-page/api/snapshot.php?id=41&t=0.6871339779438581 HTTP/1.1" 500 - "http://192.168.60.79/manager-page/home-4.php" "Mozilla/5.0 (Windows NT 10.0; Win64; x64) AppleWebKit/537.36 (KHTML, like Gecko) Chrome/137.0.0.0 Safari/537.36 Edg/137.0.0.0"
172.16.36.181 - - [26/Jun/2025:09:24:37 +0800] "GET /manager-page/api/snapshot.php?id=41&t=0.13176650995750216 HTTP/1.1" 200 - "http://192.168.60.79/manager-page/home-4.php" "Mozilla/5.0 (Windows NT 10.0; Win64; x64) AppleWebKit/537.36 (KHTML, like Gecko) Chrome/137.0.0.0 Safari/537.36 Edg/137.0.0.0"
172.16.36.181 - - [26/Jun/2025:09:24:37 +0800] "GET /manager-page/api/snapshot.php?id=42&t=0.696635556103012 HTTP/1.1" 200 - "http://192.168.60.79/manager-page/home-4.php" "Mozilla/5.0 (Windows NT 10.0; Win64; x64) AppleWebKit/537.36 (KHTML, like Gecko) Chrome/137.0.0.0 Safari/537.36 Edg/137.0.0.0"
172.16.36.181 - - [26/Jun/2025:09:24:42 +0800] "GET /manager-page/api/snapshot.php?id=41&t=0.5128361158355443 HTTP/1.1" 500 - "http://192.168.60.79/manager-page/home-4.php" "Mozilla/5.0 (Windows NT 10.0; Win64; x64) AppleWebKit/537.36 (KHTML, like Gecko) Chrome/137.0.0.0 Safari/537.36 Edg/137.0.0.0"
172.16.36.181 - - [26/Jun/2025:09:24:42 +0800] "GET /manager-page/api/snapshot.php?id=42&t=0.22188818912080255 HTTP/1.1" 500 - "http://192.168.60.79/manager-page/home-4.php" "Mozilla/5.0 (Windows NT 10.0; Win64; x64) AppleWebKit/537.36 (KHTML, like Gecko) Chrome/137.0.0.0 Safari/537.36 Edg/137.0.0.0"
172.16.36.181 - - [26/Jun/2025:09:24:47 +0800] "GET /manager-page/api/snapshot.php?id=41&t=0.70018315721968 HTTP/1.1" 200 - "http://192.168.60.79/manager-page/home-4.php" "Mozilla/5.0 (Windows NT 10.0; Win64; x64) AppleWebKit/537.36 (KHTML, like Gecko) Chrome/137.0.0.0 Safari/537.36 Edg/137.0.0.0"
172.16.36.181 - - [26/Jun/2025:09:24:47 +0800] "GET /manager-page/api/snapshot.php?id=42&t=0.9342926018272742 HTTP/1.1" 500 - "http://192.168.60.79/manager-page/home-4.php" "Mozilla/5.0 (Windows NT 10.0; Win64; x64) AppleWebKit/537.36 (KHTML, like Gecko) Chrome/137.0.0.0 Safari/537.36 Edg/137.0.0.0"
172.16.36.181 - - [26/Jun/2025:09:24:52 +0800] "GET /manager-page/api/snapshot.php?id=41&t=0.8925511503710879 HTTP/1.1" 200 - "http://192.168.60.79/manager-page/home-4.php" "Mozilla/5.0 (Windows NT 10.0; Win64; x64) AppleWebKit/537.36 (KHTML, like Gecko) Chrome/137.0.0.0 Safari/537.36 Edg/137.0.0.0"
172.16.36.181 - - [26/Jun/2025:09:24:52 +0800] "GET /manager-page/api/snapshot.php?id=42&t=0.8537105107083642 HTTP/1.1" 200 - "http://192.168.60.79/manager-page/home-4.php" "Mozilla/5.0 (Windows NT 10.0; Win64; x64) AppleWebKit/537.36 (KHTML, like Gecko) Chrome/137.0.0.0 Safari/537.36 Edg/137.0.0.0"
127.0.0.1 - - [26/Jun/2025:09:25:00 +0800] "GET /robot/alarm-history-in.php HTTP/1.1" 200 - "-" "python-requests/2.28.1"
172.16.36.181 - - [26/Jun/2025:09:24:57 +0800] "GET /manager-page/api/snapshot.php?id=42&t=0.6809029880075621 HTTP/1.1" 500 - "http://192.168.60.79/manager-page/home-4.php" "Mozilla/5.0 (Windows NT 10.0; Win64; x64) AppleWebKit/537.36 (KHTML, like Gecko) Chrome/137.0.0.0 Safari/537.36 Edg/137.0.0.0"
172.16.36.181 - - [26/Jun/2025:09:24:57 +0800] "GET /manager-page/api/snapshot.php?id=41&t=0.20455575486839117 HTTP/1.1" 500 - "http://192.168.60.79/manager-page/home-4.php" "Mozilla/5.0 (Windows NT 10.0; Win64; x64) AppleWebKit/537.36 (KHTML, like Gecko) Chrome/137.0.0.0 Safari/537.36 Edg/137.0.0.0"
172.16.36.181 - - [26/Jun/2025:09:25:02 +0800] "GET /manager-page/api/snapshot.php?id=41&t=0.9712602359770943 HTTP/1.1" 500 - "http://192.168.60.79/manager-page/home-4.php" "Mozilla/5.0 (Windows NT 10.0; Win64; x64) AppleWebKit/537.36 (KHTML, like Gecko) Chrome/137.0.0.0 Safari/537.36 Edg/137.0.0.0"
172.16.36.181 - - [26/Jun/2025:09:25:02 +0800] "GET /manager-page/api/snapshot.php?id=42&t=0.5725850781890253 HTTP/1.1" 500 - "http://192.168.60.79/manager-page/home-4.php" "Mozilla/5.0 (Windows NT 10.0; Win64; x64) AppleWebKit/537.36 (KHTML, like Gecko) Chrome/137.0.0.0 Safari/537.36 Edg/137.0.0.0"
172.16.36.181 - - [26/Jun/2025:09:25:07 +0800] "GET /manager-page/api/snapshot.php?id=41&t=0.44929243307805855 HTTP/1.1" 500 - "http://192.168.60.79/manager-page/home-4.php" "Mozilla/5.0 (Windows NT 10.0; Win64; x64) AppleWebKit/537.36 (KHTML, like Gecko) Chrome/137.0.0.0 Safari/537.36 Edg/137.0.0.0"
172.16.36.181 - - [26/Jun/2025:09:25:07 +0800] "GET /manager-page/api/snapshot.php?id=42&t=0.7265191489957762 HTTP/1.1" 500 - "http://192.168.60.79/manager-page/home-4.php" "Mozilla/5.0 (Windows NT 10.0; Win64; x64) AppleWebKit/537.36 (KHTML, like Gecko) Chrome/137.0.0.0 Safari/537.36 Edg/137.0.0.0"
172.16.36.181 - - [26/Jun/2025:09:25:12 +0800] "GET /manager-page/api/snapshot.php?id=41&t=0.4026894187249932 HTTP/1.1" 500 - "http://192.168.60.79/manager-page/home-4.php" "Mozilla/5.0 (Windows NT 10.0; Win64; x64) AppleWebKit/537.36 (KHTML, like Gecko) Chrome/137.0.0.0 Safari/537.36 Edg/137.0.0.0"
172.16.36.181 - - [26/Jun/2025:09:25:12 +0800] "GET /manager-page/api/snapshot.php?id=42&t=0.642086563028275 HTTP/1.1" 500 - "http://192.168.60.79/manager-page/home-4.php" "Mozilla/5.0 (Windows NT 10.0; Win64; x64) AppleWebKit/537.36 (KHTML, like Gecko) Chrome/137.0.0.0 Safari/537.36 Edg/137.0.0.0"
172.16.36.181 - - [26/Jun/2025:09:25:17 +0800] "GET /manager-page/api/snapshot.php?id=41&t=0.27183014474513223 HTTP/1.1" 500 - "http://192.168.60.79/manager-page/home-4.php" "Mozilla/5.0 (Windows NT 10.0; Win64; x64) AppleWebKit/537.36 (KHTML, like Gecko) Chrome/137.0.0.0 Safari/537.36 Edg/137.0.0.0"
172.16.36.181 - - [26/Jun/2025:09:25:17 +0800] "GET /manager-page/api/snapshot.php?id=42&t=0.9947781708921837 HTTP/1.1" 500 - "http://192.168.60.79/manager-page/home-4.php" "Mozilla/5.0 (Windows NT 10.0; Win64; x64) AppleWebKit/537.36 (KHTML, like Gecko) Chrome/137.0.0.0 Safari/537.36 Edg/137.0.0.0"
172.16.36.181 - - [26/Jun/2025:09:25:22 +0800] "GET /manager-page/api/snapshot.php?id=41&t=0.08837314584641676 HTTP/1.1" 500 - "http://192.168.60.79/manager-page/home-4.php" "Mozilla/5.0 (Windows NT 10.0; Win64; x64) AppleWebKit/537.36 (KHTML, like Gecko) Chrome/137.0.0.0 Safari/537.36 Edg/137.0.0.0"
172.16.36.181 - - [26/Jun/2025:09:25:22 +0800] "GET /manager-page/api/snapshot.php?id=42&t=0.7312729745219134 HTTP/1.1" 500 - "http://192.168.60.79/manager-page/home-4.php" "Mozilla/5.0 (Windows NT 10.0; Win64; x64) AppleWebKit/537.36 (KHTML, like Gecko) Chrome/137.0.0.0 Safari/537.36 Edg/137.0.0.0"
172.16.36.181 - - [26/Jun/2025:09:25:27 +0800] "GET /manager-page/api/snapshot.php?id=41&t=0.6589983725559921 HTTP/1.1" 500 - "http://192.168.60.79/manager-page/home-4.php" "Mozilla/5.0 (Windows NT 10.0; Win64; x64) AppleWebKit/537.36 (KHTML, like Gecko) Chrome/137.0.0.0 Safari/537.36 Edg/137.0.0.0"
172.16.36.181 - - [26/Jun/2025:09:25:27 +0800] "GET /manager-page/api/snapshot.php?id=42&t=0.9392703640999578 HTTP/1.1" 500 - "http://192.168.60.79/manager-page/home-4.php" "Mozilla/5.0 (Windows NT 10.0; Win64; x64) AppleWebKit/537.36 (KHTML, like Gecko) Chrome/137.0.0.0 Safari/537.36 Edg/137.0.0.0"
172.16.36.181 - - [26/Jun/2025:09:25:32 +0800] "GET /manager-page/api/snapshot.php?id=41&t=0.19015257453043866 HTTP/1.1" 500 - "http://192.168.60.79/manager-page/home-4.php" "Mozilla/5.0 (Windows NT 10.0; Win64; x64) AppleWebKit/537.36 (KHTML, like Gecko) Chrome/137.0.0.0 Safari/537.36 Edg/137.0.0.0"
172.16.36.181 - - [26/Jun/2025:09:25:32 +0800] "GET /manager-page/api/snapshot.php?id=42&t=0.05637095063844488 HTTP/1.1" 500 - "http://192.168.60.79/manager-page/home-4.php" "Mozilla/5.0 (Windows NT 10.0; Win64; x64) AppleWebKit/537.36 (KHTML, like Gecko) Chrome/137.0.0.0 Safari/537.36 Edg/137.0.0.0"
172.16.36.181 - - [26/Jun/2025:09:25:37 +0800] "GET /manager-page/api/snapshot.php?id=42&t=0.9857201330905067 HTTP/1.1" 200 - "http://192.168.60.79/manager-page/home-4.php" "Mozilla/5.0 (Windows NT 10.0; Win64; x64) AppleWebKit/537.36 (KHTML, like Gecko) Chrome/137.0.0.0 Safari/537.36 Edg/137.0.0.0"
172.16.36.181 - - [26/Jun/2025:09:25:37 +0800] "GET /manager-page/api/snapshot.php?id=41&t=0.22422182915943356 HTTP/1.1" 500 - "http://192.168.60.79/manager-page/home-4.php" "Mozilla/5.0 (Windows NT 10.0; Win64; x64) AppleWebKit/537.36 (KHTML, like Gecko) Chrome/137.0.0.0 Safari/537.36 Edg/137.0.0.0"
172.16.36.181 - - [26/Jun/2025:09:25:42 +0800] "GET /manager-page/api/snapshot.php?id=41&t=0.7728900913552879 HTTP/1.1" 200 - "http://192.168.60.79/manager-page/home-4.php" "Mozilla/5.0 (Windows NT 10.0; Win64; x64) AppleWebKit/537.36 (KHTML, like Gecko) Chrome/137.0.0.0 Safari/537.36 Edg/137.0.0.0"
127.0.0.1 - - [26/Jun/2025:09:25:49 +0800] "POST /robot/et-7026-in.php HTTP/1.1" 200 - "-" "python-requests/2.32.2"
172.16.36.181 - - [26/Jun/2025:09:25:42 +0800] "GET /manager-page/api/snapshot.php?id=42&t=0.325001527888785 HTTP/1.1" 500 - "http://192.168.60.79/manager-page/home-4.php" "Mozilla/5.0 (Windows NT 10.0; Win64; x64) AppleWebKit/537.36 (KHTML, like Gecko) Chrome/137.0.0.0 Safari/537.36 Edg/137.0.0.0"
127.0.0.1 - - [26/Jun/2025:09:25:52 +0800] "POST /robot/et-7026-in.php HTTP/1.1" 200 - "-" "python-requests/2.32.2"
172.16.36.181 - - [26/Jun/2025:09:25:47 +0800] "GET /manager-page/api/snapshot.php?id=41&t=0.22795172627261395 HTTP/1.1" 500 - "http://192.168.60.79/manager-page/home-4.php" "Mozilla/5.0 (Windows NT 10.0; Win64; x64) AppleWebKit/537.36 (KHTML, like Gecko) Chrome/137.0.0.0 Safari/537.36 Edg/137.0.0.0"
172.16.36.181 - - [26/Jun/2025:09:25:47 +0800] "GET /manager-page/api/snapshot.php?id=42&t=0.23989705182901566 HTTP/1.1" 500 - "http://192.168.60.79/manager-page/home-4.php" "Mozilla/5.0 (Windows NT 10.0; Win64; x64) AppleWebKit/537.36 (KHTML, like Gecko) Chrome/137.0.0.0 Safari/537.36 Edg/137.0.0.0"
172.16.36.181 - - [26/Jun/2025:09:25:52 +0800] "GET /manager-page/api/snapshot.php?id=41&t=0.1833144621329993 HTTP/1.1" 200 49657 "http://192.168.60.79/manager-page/home-4.php" "Mozilla/5.0 (Windows NT 10.0; Win64; x64) AppleWebKit/537.36 (KHTML, like Gecko) Chrome/137.0.0.0 Safari/537.36 Edg/137.0.0.0"
172.16.36.181 - - [26/Jun/2025:09:25:52 +0800] "GET /manager-page/api/snapshot.php?id=42&t=0.2487552371643702 HTTP/1.1" 200 51736 "http://192.168.60.79/manager-page/home-4.php" "Mozilla/5.0 (Windows NT 10.0; Win64; x64) AppleWebKit/537.36 (KHTML, like Gecko) Chrome/137.0.0.0 Safari/537.36 Edg/137.0.0.0"
172.16.36.181 - - [26/Jun/2025:09:25:57 +0800] "GET /manager-page/api/snapshot.php?id=41&t=0.5789126779132635 HTTP/1.1" 200 49682 "http://192.168.60.79/manager-page/home-4.php" "Mozilla/5.0 (Windows NT 10.0; Win64; x64) AppleWebKit/537.36 (KHTML, like Gecko) Chrome/137.0.0.0 Safari/537.36 Edg/137.0.0.0"
172.16.36.181 - - [26/Jun/2025:09:25:57 +0800] "GET /manager-page/api/snapshot.php?id=42&t=0.28253184435316914 HTTP/1.1" 200 51755 "http://192.168.60.79/manager-page/home-4.php" "Mozilla/5.0 (Windows NT 10.0; Win64; x64) AppleWebKit/537.36 (KHTML, like Gecko) Chrome/137.0.0.0 Safari/537.36 Edg/137.0.0.0"
127.0.0.1 - - [26/Jun/2025:09:26:00 +0800] "GET /robot/alarm-history-in.php HTTP/1.1" 200 - "-" "python-requests/2.28.1"
172.16.36.181 - - [26/Jun/2025:09:26:02 +0800] "GET /manager-page/api/snapshot.php?id=41&t=0.30269844136334567 HTTP/1.1" 200 49627 "http://192.168.60.79/manager-page/home-4.php" "Mozilla/5.0 (Windows NT 10.0; Win64; x64) AppleWebKit/537.36 (KHTML, like Gecko) Chrome/137.0.0.0 Safari/537.36 Edg/137.0.0.0"
172.16.36.181 - - [26/Jun/2025:09:26:02 +0800] "GET /manager-page/api/snapshot.php?id=42&t=0.48147159740641576 HTTP/1.1" 200 51723 "http://192.168.60.79/manager-page/home-4.php" "Mozilla/5.0 (Windows NT 10.0; Win64; x64) AppleWebKit/537.36 (KHTML, like Gecko) Chrome/137.0.0.0 Safari/537.36 Edg/137.0.0.0"
172.16.36.181 - - [26/Jun/2025:09:26:07 +0800] "GET /manager-page/api/snapshot.php?id=42&t=0.30483657748994675 HTTP/1.1" 200 51715 "http://192.168.60.79/manager-page/home-4.php" "Mozilla/5.0 (Windows NT 10.0; Win64; x64) AppleWebKit/537.36 (KHTML, like Gecko) Chrome/137.0.0.0 Safari/537.36 Edg/137.0.0.0"
172.16.36.181 - - [26/Jun/2025:09:26:07 +0800] "GET /manager-page/api/snapshot.php?id=41&t=0.7194946473697126 HTTP/1.1" 200 49519 "http://192.168.60.79/manager-page/home-4.php" "Mozilla/5.0 (Windows NT 10.0; Win64; x64) AppleWebKit/537.36 (KHTML, like Gecko) Chrome/137.0.0.0 Safari/537.36 Edg/137.0.0.0"
172.16.36.181 - - [26/Jun/2025:09:26:12 +0800] "GET /manager-page/api/snapshot.php?id=41&t=0.30590173251198727 HTTP/1.1" 200 49537 "http://192.168.60.79/manager-page/home-4.php" "Mozilla/5.0 (Windows NT 10.0; Win64; x64) AppleWebKit/537.36 (KHTML, like Gecko) Chrome/137.0.0.0 Safari/537.36 Edg/137.0.0.0"
172.16.36.181 - - [26/Jun/2025:09:26:12 +0800] "GET /manager-page/api/snapshot.php?id=42&t=0.7668382842272607 HTTP/1.1" 200 51746 "http://192.168.60.79/manager-page/home-4.php" "Mozilla/5.0 (Windows NT 10.0; Win64; x64) AppleWebKit/537.36 (KHTML, like Gecko) Chrome/137.0.0.0 Safari/537.36 Edg/137.0.0.0"
172.16.36.181 - - [26/Jun/2025:09:26:17 +0800] "GET /manager-page/api/snapshot.php?id=41&t=0.7316228380877281 HTTP/1.1" 200 49499 "http://192.168.60.79/manager-page/home-4.php" "Mozilla/5.0 (Windows NT 10.0; Win64; x64) AppleWebKit/537.36 (KHTML, like Gecko) Chrome/137.0.0.0 Safari/537.36 Edg/137.0.0.0"
172.16.36.181 - - [26/Jun/2025:09:26:17 +0800] "GET /manager-page/api/snapshot.php?id=42&t=0.5537658868261675 HTTP/1.1" 200 51693 "http://192.168.60.79/manager-page/home-4.php" "Mozilla/5.0 (Windows NT 10.0; Win64; x64) AppleWebKit/537.36 (KHTML, like Gecko) Chrome/137.0.0.0 Safari/537.36 Edg/137.0.0.0"
172.16.36.181 - - [26/Jun/2025:09:26:22 +0800] "GET /manager-page/api/snapshot.php?id=42&t=0.49800826661491304 HTTP/1.1" 200 51739 "http://192.168.60.79/manager-page/home-4.php" "Mozilla/5.0 (Windows NT 10.0; Win64; x64) AppleWebKit/537.36 (KHTML, like Gecko) Chrome/137.0.0.0 Safari/537.36 Edg/137.0.0.0"
172.16.36.181 - - [26/Jun/2025:09:26:22 +0800] "GET /manager-page/api/snapshot.php?id=41&t=0.8266770714712603 HTTP/1.1" 200 49461 "http://192.168.60.79/manager-page/home-4.php" "Mozilla/5.0 (Windows NT 10.0; Win64; x64) AppleWebKit/537.36 (KHTML, like Gecko) Chrome/137.0.0.0 Safari/537.36 Edg/137.0.0.0"
172.16.36.181 - - [26/Jun/2025:09:26:27 +0800] "GET /manager-page/api/snapshot.php?id=41&t=0.7504736691539557 HTTP/1.1" 200 49517 "http://192.168.60.79/manager-page/home-4.php" "Mozilla/5.0 (Windows NT 10.0; Win64; x64) AppleWebKit/537.36 (KHTML, like Gecko) Chrome/137.0.0.0 Safari/537.36 Edg/137.0.0.0"
172.16.36.181 - - [26/Jun/2025:09:26:27 +0800] "GET /manager-page/api/snapshot.php?id=42&t=0.9317074203396325 HTTP/1.1" 200 51754 "http://192.168.60.79/manager-page/home-4.php" "Mozilla/5.0 (Windows NT 10.0; Win64; x64) AppleWebKit/537.36 (KHTML, like Gecko) Chrome/137.0.0.0 Safari/537.36 Edg/137.0.0.0"
