172.16.36.181 - - [07/Nov/2025:10:20:59 +0800] "GET /manager-page/api/snapshot.php?id=12&t=0.5400293941069555 HTTP/1.1" 200 45690 "http://192.168.60.79/manager-page/home-1.php" "Mozilla/5.0 (Windows NT 10.0; Win64; x64) AppleWebKit/537.36 (KHTML, like Gecko) Chrome/142.0.0.0 Safari/537.36 Edg/142.0.0.0"
172.16.36.181 - - [07/Nov/2025:10:20:59 +0800] "GET /manager-page/api/snapshot.php?id=11&t=0.5992199707146881 HTTP/1.1" 200 26619 "http://192.168.60.79/manager-page/home-1.php" "Mozilla/5.0 (Windows NT 10.0; Win64; x64) AppleWebKit/537.36 (KHTML, like Gecko) Chrome/142.0.0.0 Safari/537.36 Edg/142.0.0.0"
127.0.0.1 - - [07/Nov/2025:10:21:00 +0800] "GET /robot/alarm-history-in.php HTTP/1.1" 200 - "-" "python-requests/2.28.1"
172.16.36.181 - - [07/Nov/2025:10:21:04 +0800] "GET /manager-page/api/snapshot.php?id=12&t=0.29199941530271434 HTTP/1.1" 200 45701 "http://192.168.60.79/manager-page/home-1.php" "Mozilla/5.0 (Windows NT 10.0; Win64; x64) AppleWebKit/537.36 (KHTML, like Gecko) Chrome/142.0.0.0 Safari/537.36 Edg/142.0.0.0"
172.16.36.181 - - [07/Nov/2025:10:21:04 +0800] "GET /manager-page/api/snapshot.php?id=11&t=0.3805199496134195 HTTP/1.1" 200 26088 "http://192.168.60.79/manager-page/home-1.php" "Mozilla/5.0 (Windows NT 10.0; Win64; x64) AppleWebKit/537.36 (KHTML, like Gecko) Chrome/142.0.0.0 Safari/537.36 Edg/142.0.0.0"
172.16.36.181 - - [07/Nov/2025:10:21:09 +0800] "GET /manager-page/api/snapshot.php?id=12&t=0.8950076501660802 HTTP/1.1" 200 45759 "http://192.168.60.79/manager-page/home-1.php" "Mozilla/5.0 (Windows NT 10.0; Win64; x64) AppleWebKit/537.36 (KHTML, like Gecko) Chrome/142.0.0.0 Safari/537.36 Edg/142.0.0.0"
172.16.36.181 - - [07/Nov/2025:10:21:09 +0800] "GET /manager-page/api/snapshot.php?id=11&t=0.9777538561752285 HTTP/1.1" 200 25499 "http://192.168.60.79/manager-page/home-1.php" "Mozilla/5.0 (Windows NT 10.0; Win64; x64) AppleWebKit/537.36 (KHTML, like Gecko) Chrome/142.0.0.0 Safari/537.36 Edg/142.0.0.0"
172.16.36.181 - - [07/Nov/2025:10:21:14 +0800] "GET /manager-page/api/snapshot.php?id=12&t=0.8727601766573556 HTTP/1.1" 200 45768 "http://192.168.60.79/manager-page/home-1.php" "Mozilla/5.0 (Windows NT 10.0; Win64; x64) AppleWebKit/537.36 (KHTML, like Gecko) Chrome/142.0.0.0 Safari/537.36 Edg/142.0.0.0"
172.16.36.181 - - [07/Nov/2025:10:21:14 +0800] "GET /manager-page/api/snapshot.php?id=11&t=0.7716876095445654 HTTP/1.1" 200 25324 "http://192.168.60.79/manager-page/home-1.php" "Mozilla/5.0 (Windows NT 10.0; Win64; x64) AppleWebKit/537.36 (KHTML, like Gecko) Chrome/142.0.0.0 Safari/537.36 Edg/142.0.0.0"
172.16.36.181 - - [07/Nov/2025:10:21:19 +0800] "GET /manager-page/api/snapshot.php?id=12&t=0.20191720173967276 HTTP/1.1" 200 45748 "http://192.168.60.79/manager-page/home-1.php" "Mozilla/5.0 (Windows NT 10.0; Win64; x64) AppleWebKit/537.36 (KHTML, like Gecko) Chrome/142.0.0.0 Safari/537.36 Edg/142.0.0.0"
172.16.36.181 - - [07/Nov/2025:10:21:19 +0800] "GET /manager-page/api/snapshot.php?id=11&t=0.6723893539781072 HTTP/1.1" 200 25176 "http://192.168.60.79/manager-page/home-1.php" "Mozilla/5.0 (Windows NT 10.0; Win64; x64) AppleWebKit/537.36 (KHTML, like Gecko) Chrome/142.0.0.0 Safari/537.36 Edg/142.0.0.0"
172.16.36.181 - - [07/Nov/2025:10:21:24 +0800] "GET /manager-page/api/snapshot.php?id=11&t=0.9852761494297292 HTTP/1.1" 200 26487 "http://192.168.60.79/manager-page/home-1.php" "Mozilla/5.0 (Windows NT 10.0; Win64; x64) AppleWebKit/537.36 (KHTML, like Gecko) Chrome/142.0.0.0 Safari/537.36 Edg/142.0.0.0"
172.16.36.181 - - [07/Nov/2025:10:21:24 +0800] "GET /manager-page/api/snapshot.php?id=12&t=0.7903281477506688 HTTP/1.1" 200 45822 "http://192.168.60.79/manager-page/home-1.php" "Mozilla/5.0 (Windows NT 10.0; Win64; x64) AppleWebKit/537.36 (KHTML, like Gecko) Chrome/142.0.0.0 Safari/537.36 Edg/142.0.0.0"
172.16.36.181 - - [07/Nov/2025:10:21:29 +0800] "GET /manager-page/api/snapshot.php?id=12&t=0.40902145813895163 HTTP/1.1" 200 46297 "http://192.168.60.79/manager-page/home-1.php" "Mozilla/5.0 (Windows NT 10.0; Win64; x64) AppleWebKit/537.36 (KHTML, like Gecko) Chrome/142.0.0.0 Safari/537.36 Edg/142.0.0.0"
172.16.36.181 - - [07/Nov/2025:10:21:29 +0800] "GET /manager-page/api/snapshot.php?id=11&t=0.06225421723141067 HTTP/1.1" 200 24964 "http://192.168.60.79/manager-page/home-1.php" "Mozilla/5.0 (Windows NT 10.0; Win64; x64) AppleWebKit/537.36 (KHTML, like Gecko) Chrome/142.0.0.0 Safari/537.36 Edg/142.0.0.0"
172.16.36.181 - - [07/Nov/2025:10:21:34 +0800] "GET /manager-page/api/snapshot.php?id=11&t=0.8739998009478279 HTTP/1.1" 200 26217 "http://192.168.60.79/manager-page/home-1.php" "Mozilla/5.0 (Windows NT 10.0; Win64; x64) AppleWebKit/537.36 (KHTML, like Gecko) Chrome/142.0.0.0 Safari/537.36 Edg/142.0.0.0"
172.16.36.181 - - [07/Nov/2025:10:21:34 +0800] "GET /manager-page/api/snapshot.php?id=12&t=0.4791098598752228 HTTP/1.1" 200 45793 "http://192.168.60.79/manager-page/home-1.php" "Mozilla/5.0 (Windows NT 10.0; Win64; x64) AppleWebKit/537.36 (KHTML, like Gecko) Chrome/142.0.0.0 Safari/537.36 Edg/142.0.0.0"
172.16.36.181 - - [07/Nov/2025:10:21:39 +0800] "GET /manager-page/api/snapshot.php?id=11&t=0.4858158646506878 HTTP/1.1" 200 25039 "http://192.168.60.79/manager-page/home-1.php" "Mozilla/5.0 (Windows NT 10.0; Win64; x64) AppleWebKit/537.36 (KHTML, like Gecko) Chrome/142.0.0.0 Safari/537.36 Edg/142.0.0.0"
172.16.36.181 - - [07/Nov/2025:10:21:39 +0800] "GET /manager-page/api/snapshot.php?id=12&t=0.802154874259222 HTTP/1.1" 200 45993 "http://192.168.60.79/manager-page/home-1.php" "Mozilla/5.0 (Windows NT 10.0; Win64; x64) AppleWebKit/537.36 (KHTML, like Gecko) Chrome/142.0.0.0 Safari/537.36 Edg/142.0.0.0"
111.70.30.253 - - [07/Nov/2025:10:21:41 +0800] "POST /robot/lora-in.php HTTP/1.1" 200 - "-" "python-requests/2.21.0"
172.16.36.181 - - [07/Nov/2025:10:21:44 +0800] "GET /manager-page/api/snapshot.php?id=11&t=0.7242728511005404 HTTP/1.1" 200 25035 "http://192.168.60.79/manager-page/home-1.php" "Mozilla/5.0 (Windows NT 10.0; Win64; x64) AppleWebKit/537.36 (KHTML, like Gecko) Chrome/142.0.0.0 Safari/537.36 Edg/142.0.0.0"
172.16.36.181 - - [07/Nov/2025:10:21:44 +0800] "GET /manager-page/api/snapshot.php?id=12&t=0.6470646642079179 HTTP/1.1" 200 45701 "http://192.168.60.79/manager-page/home-1.php" "Mozilla/5.0 (Windows NT 10.0; Win64; x64) AppleWebKit/537.36 (KHTML, like Gecko) Chrome/142.0.0.0 Safari/537.36 Edg/142.0.0.0"
172.16.36.181 - - [07/Nov/2025:10:21:49 +0800] "GET /manager-page/api/snapshot.php?id=12&t=0.06941256441430377 HTTP/1.1" 200 45724 "http://192.168.60.79/manager-page/home-1.php" "Mozilla/5.0 (Windows NT 10.0; Win64; x64) AppleWebKit/537.36 (KHTML, like Gecko) Chrome/142.0.0.0 Safari/537.36 Edg/142.0.0.0"
172.16.36.181 - - [07/Nov/2025:10:21:49 +0800] "GET /manager-page/api/snapshot.php?id=11&t=0.4976928698146652 HTTP/1.1" 200 24843 "http://192.168.60.79/manager-page/home-1.php" "Mozilla/5.0 (Windows NT 10.0; Win64; x64) AppleWebKit/537.36 (KHTML, like Gecko) Chrome/142.0.0.0 Safari/537.36 Edg/142.0.0.0"
172.16.36.181 - - [07/Nov/2025:10:21:54 +0800] "GET /manager-page/api/snapshot.php?id=12&t=0.3992037043608083 HTTP/1.1" 200 45657 "http://192.168.60.79/manager-page/home-1.php" "Mozilla/5.0 (Windows NT 10.0; Win64; x64) AppleWebKit/537.36 (KHTML, like Gecko) Chrome/142.0.0.0 Safari/537.36 Edg/142.0.0.0"
172.16.36.181 - - [07/Nov/2025:10:21:54 +0800] "GET /manager-page/api/snapshot.php?id=11&t=0.08060902080470778 HTTP/1.1" 200 24892 "http://192.168.60.79/manager-page/home-1.php" "Mozilla/5.0 (Windows NT 10.0; Win64; x64) AppleWebKit/537.36 (KHTML, like Gecko) Chrome/142.0.0.0 Safari/537.36 Edg/142.0.0.0"
172.16.36.181 - - [07/Nov/2025:10:21:59 +0800] "GET /manager-page/api/snapshot.php?id=12&t=0.24898975319002392 HTTP/1.1" 200 45647 "http://192.168.60.79/manager-page/home-1.php" "Mozilla/5.0 (Windows NT 10.0; Win64; x64) AppleWebKit/537.36 (KHTML, like Gecko) Chrome/142.0.0.0 Safari/537.36 Edg/142.0.0.0"
172.16.36.181 - - [07/Nov/2025:10:21:59 +0800] "GET /manager-page/api/snapshot.php?id=11&t=0.214616092099859 HTTP/1.1" 200 24919 "http://192.168.60.79/manager-page/home-1.php" "Mozilla/5.0 (Windows NT 10.0; Win64; x64) AppleWebKit/537.36 (KHTML, like Gecko) Chrome/142.0.0.0 Safari/537.36 Edg/142.0.0.0"
172.16.36.181 - - [07/Nov/2025:10:22:04 +0800] "GET /manager-page/api/snapshot.php?id=12&t=0.6223027741365839 HTTP/1.1" 200 45692 "http://192.168.60.79/manager-page/home-1.php" "Mozilla/5.0 (Windows NT 10.0; Win64; x64) AppleWebKit/537.36 (KHTML, like Gecko) Chrome/142.0.0.0 Safari/537.36 Edg/142.0.0.0"
172.16.36.181 - - [07/Nov/2025:10:22:04 +0800] "GET /manager-page/api/snapshot.php?id=11&t=0.6538475370877537 HTTP/1.1" 200 24898 "http://192.168.60.79/manager-page/home-1.php" "Mozilla/5.0 (Windows NT 10.0; Win64; x64) AppleWebKit/537.36 (KHTML, like Gecko) Chrome/142.0.0.0 Safari/537.36 Edg/142.0.0.0"
172.16.36.181 - - [07/Nov/2025:10:22:09 +0800] "GET /manager-page/api/snapshot.php?id=12&t=0.1665665540522514 HTTP/1.1" 200 45610 "http://192.168.60.79/manager-page/home-1.php" "Mozilla/5.0 (Windows NT 10.0; Win64; x64) AppleWebKit/537.36 (KHTML, like Gecko) Chrome/142.0.0.0 Safari/537.36 Edg/142.0.0.0"
172.16.36.181 - - [07/Nov/2025:10:22:09 +0800] "GET /manager-page/api/snapshot.php?id=11&t=0.1984092047921383 HTTP/1.1" 200 25036 "http://192.168.60.79/manager-page/home-1.php" "Mozilla/5.0 (Windows NT 10.0; Win64; x64) AppleWebKit/537.36 (KHTML, like Gecko) Chrome/142.0.0.0 Safari/537.36 Edg/142.0.0.0"
172.16.36.181 - - [07/Nov/2025:10:22:14 +0800] "GET /manager-page/api/snapshot.php?id=11&t=0.6556160150659476 HTTP/1.1" 200 24718 "http://192.168.60.79/manager-page/home-1.php" "Mozilla/5.0 (Windows NT 10.0; Win64; x64) AppleWebKit/537.36 (KHTML, like Gecko) Chrome/142.0.0.0 Safari/537.36 Edg/142.0.0.0"
172.16.36.181 - - [07/Nov/2025:10:22:14 +0800] "GET /manager-page/api/snapshot.php?id=12&t=0.1935966894918948 HTTP/1.1" 200 45651 "http://192.168.60.79/manager-page/home-1.php" "Mozilla/5.0 (Windows NT 10.0; Win64; x64) AppleWebKit/537.36 (KHTML, like Gecko) Chrome/142.0.0.0 Safari/537.36 Edg/142.0.0.0"
172.16.36.181 - - [07/Nov/2025:10:22:19 +0800] "GET /manager-page/api/snapshot.php?id=12&t=0.5422625911395454 HTTP/1.1" 200 45595 "http://192.168.60.79/manager-page/home-1.php" "Mozilla/5.0 (Windows NT 10.0; Win64; x64) AppleWebKit/537.36 (KHTML, like Gecko) Chrome/142.0.0.0 Safari/537.36 Edg/142.0.0.0"
172.16.36.181 - - [07/Nov/2025:10:22:19 +0800] "GET /manager-page/api/snapshot.php?id=11&t=0.9540210228352484 HTTP/1.1" 200 25221 "http://192.168.60.79/manager-page/home-1.php" "Mozilla/5.0 (Windows NT 10.0; Win64; x64) AppleWebKit/537.36 (KHTML, like Gecko) Chrome/142.0.0.0 Safari/537.36 Edg/142.0.0.0"
111.70.30.250 - - [07/Nov/2025:10:22:23 +0800] "POST /robot/lora-in.php HTTP/1.1" 200 - "-" "python-requests/2.21.0"
172.16.36.181 - - [07/Nov/2025:10:22:24 +0800] "GET /manager-page/api/snapshot.php?id=11&t=0.7744508649508822 HTTP/1.1" 200 25760 "http://192.168.60.79/manager-page/home-1.php" "Mozilla/5.0 (Windows NT 10.0; Win64; x64) AppleWebKit/537.36 (KHTML, like Gecko) Chrome/142.0.0.0 Safari/537.36 Edg/142.0.0.0"
172.16.36.181 - - [07/Nov/2025:10:22:24 +0800] "GET /manager-page/api/snapshot.php?id=12&t=0.19691699695762144 HTTP/1.1" 200 45573 "http://192.168.60.79/manager-page/home-1.php" "Mozilla/5.0 (Windows NT 10.0; Win64; x64) AppleWebKit/537.36 (KHTML, like Gecko) Chrome/142.0.0.0 Safari/537.36 Edg/142.0.0.0"
172.16.36.181 - - [07/Nov/2025:10:22:29 +0800] "GET /manager-page/api/snapshot.php?id=12&t=0.319698220731919 HTTP/1.1" 200 45550 "http://192.168.60.79/manager-page/home-1.php" "Mozilla/5.0 (Windows NT 10.0; Win64; x64) AppleWebKit/537.36 (KHTML, like Gecko) Chrome/142.0.0.0 Safari/537.36 Edg/142.0.0.0"
172.16.36.181 - - [07/Nov/2025:10:22:29 +0800] "GET /manager-page/api/snapshot.php?id=11&t=0.43334503228202426 HTTP/1.1" 200 25874 "http://192.168.60.79/manager-page/home-1.php" "Mozilla/5.0 (Windows NT 10.0; Win64; x64) AppleWebKit/537.36 (KHTML, like Gecko) Chrome/142.0.0.0 Safari/537.36 Edg/142.0.0.0"
172.16.36.181 - - [07/Nov/2025:10:22:34 +0800] "GET /manager-page/api/snapshot.php?id=11&t=0.948327041226756 HTTP/1.1" 200 28835 "http://192.168.60.79/manager-page/home-1.php" "Mozilla/5.0 (Windows NT 10.0; Win64; x64) AppleWebKit/537.36 (KHTML, like Gecko) Chrome/142.0.0.0 Safari/537.36 Edg/142.0.0.0"
172.16.36.181 - - [07/Nov/2025:10:22:34 +0800] "GET /manager-page/api/snapshot.php?id=12&t=0.5019953416497489 HTTP/1.1" 200 45615 "http://192.168.60.79/manager-page/home-1.php" "Mozilla/5.0 (Windows NT 10.0; Win64; x64) AppleWebKit/537.36 (KHTML, like Gecko) Chrome/142.0.0.0 Safari/537.36 Edg/142.0.0.0"
172.16.36.181 - - [07/Nov/2025:10:22:39 +0800] "GET /manager-page/api/snapshot.php?id=11&t=0.08709554562771926 HTTP/1.1" 200 29473 "http://192.168.60.79/manager-page/home-1.php" "Mozilla/5.0 (Windows NT 10.0; Win64; x64) AppleWebKit/537.36 (KHTML, like Gecko) Chrome/142.0.0.0 Safari/537.36 Edg/142.0.0.0"
172.16.36.181 - - [07/Nov/2025:10:22:39 +0800] "GET /manager-page/api/snapshot.php?id=12&t=0.8632182228370018 HTTP/1.1" 200 45618 "http://192.168.60.79/manager-page/home-1.php" "Mozilla/5.0 (Windows NT 10.0; Win64; x64) AppleWebKit/537.36 (KHTML, like Gecko) Chrome/142.0.0.0 Safari/537.36 Edg/142.0.0.0"
172.16.36.181 - - [07/Nov/2025:10:22:44 +0800] "GET /manager-page/api/snapshot.php?id=11&t=0.38070364844603255 HTTP/1.1" 200 31432 "http://192.168.60.79/manager-page/home-1.php" "Mozilla/5.0 (Windows NT 10.0; Win64; x64) AppleWebKit/537.36 (KHTML, like Gecko) Chrome/142.0.0.0 Safari/537.36 Edg/142.0.0.0"
172.16.36.181 - - [07/Nov/2025:10:22:44 +0800] "GET /manager-page/api/snapshot.php?id=12&t=0.6060230912009907 HTTP/1.1" 200 45594 "http://192.168.60.79/manager-page/home-1.php" "Mozilla/5.0 (Windows NT 10.0; Win64; x64) AppleWebKit/537.36 (KHTML, like Gecko) Chrome/142.0.0.0 Safari/537.36 Edg/142.0.0.0"
172.16.36.181 - - [07/Nov/2025:10:22:49 +0800] "GET /manager-page/api/snapshot.php?id=11&t=0.6973327737460161 HTTP/1.1" 200 26535 "http://192.168.60.79/manager-page/home-1.php" "Mozilla/5.0 (Windows NT 10.0; Win64; x64) AppleWebKit/537.36 (KHTML, like Gecko) Chrome/142.0.0.0 Safari/537.36 Edg/142.0.0.0"
172.16.36.181 - - [07/Nov/2025:10:22:49 +0800] "GET /manager-page/api/snapshot.php?id=12&t=0.7011218792115349 HTTP/1.1" 200 45622 "http://192.168.60.79/manager-page/home-1.php" "Mozilla/5.0 (Windows NT 10.0; Win64; x64) AppleWebKit/537.36 (KHTML, like Gecko) Chrome/142.0.0.0 Safari/537.36 Edg/142.0.0.0"
172.16.36.181 - - [07/Nov/2025:10:22:54 +0800] "GET /manager-page/api/snapshot.php?id=12&t=0.3339015929887462 HTTP/1.1" 200 46141 "http://192.168.60.79/manager-page/home-1.php" "Mozilla/5.0 (Windows NT 10.0; Win64; x64) AppleWebKit/537.36 (KHTML, like Gecko) Chrome/142.0.0.0 Safari/537.36 Edg/142.0.0.0"
172.16.36.181 - - [07/Nov/2025:10:22:54 +0800] "GET /manager-page/api/snapshot.php?id=11&t=0.4569444009149607 HTTP/1.1" 200 27828 "http://192.168.60.79/manager-page/home-1.php" "Mozilla/5.0 (Windows NT 10.0; Win64; x64) AppleWebKit/537.36 (KHTML, like Gecko) Chrome/142.0.0.0 Safari/537.36 Edg/142.0.0.0"
127.0.0.1 - - [07/Nov/2025:10:23:00 +0800] "GET /robot/alarm-history-in.php HTTP/1.1" 200 - "-" "python-requests/2.28.1"
172.16.36.181 - - [07/Nov/2025:10:22:59 +0800] "GET /manager-page/api/snapshot.php?id=12&t=0.24641799238637319 HTTP/1.1" 200 45361 "http://192.168.60.79/manager-page/home-1.php" "Mozilla/5.0 (Windows NT 10.0; Win64; x64) AppleWebKit/537.36 (KHTML, like Gecko) Chrome/142.0.0.0 Safari/537.36 Edg/142.0.0.0"
172.16.36.181 - - [07/Nov/2025:10:22:59 +0800] "GET /manager-page/api/snapshot.php?id=11&t=0.6067933714184791 HTTP/1.1" 200 27435 "http://192.168.60.79/manager-page/home-1.php" "Mozilla/5.0 (Windows NT 10.0; Win64; x64) AppleWebKit/537.36 (KHTML, like Gecko) Chrome/142.0.0.0 Safari/537.36 Edg/142.0.0.0"
172.16.36.181 - - [07/Nov/2025:10:23:04 +0800] "GET /manager-page/api/snapshot.php?id=11&t=0.2851856859675719 HTTP/1.1" 200 27624 "http://192.168.60.79/manager-page/home-1.php" "Mozilla/5.0 (Windows NT 10.0; Win64; x64) AppleWebKit/537.36 (KHTML, like Gecko) Chrome/142.0.0.0 Safari/537.36 Edg/142.0.0.0"
172.16.36.181 - - [07/Nov/2025:10:23:04 +0800] "GET /manager-page/api/snapshot.php?id=12&t=0.8252310330694741 HTTP/1.1" 500 - "http://192.168.60.79/manager-page/home-1.php" "Mozilla/5.0 (Windows NT 10.0; Win64; x64) AppleWebKit/537.36 (KHTML, like Gecko) Chrome/142.0.0.0 Safari/537.36 Edg/142.0.0.0"
172.16.36.181 - - [07/Nov/2025:10:23:09 +0800] "GET /manager-page/api/snapshot.php?id=12&t=0.7951669769755065 HTTP/1.1" 200 45879 "http://192.168.60.79/manager-page/home-1.php" "Mozilla/5.0 (Windows NT 10.0; Win64; x64) AppleWebKit/537.36 (KHTML, like Gecko) Chrome/142.0.0.0 Safari/537.36 Edg/142.0.0.0"
172.16.36.181 - - [07/Nov/2025:10:23:09 +0800] "GET /manager-page/api/snapshot.php?id=11&t=0.03390772032044698 HTTP/1.1" 200 29749 "http://192.168.60.79/manager-page/home-1.php" "Mozilla/5.0 (Windows NT 10.0; Win64; x64) AppleWebKit/537.36 (KHTML, like Gecko) Chrome/142.0.0.0 Safari/537.36 Edg/142.0.0.0"
172.16.36.181 - - [07/Nov/2025:10:23:14 +0800] "GET /manager-page/api/snapshot.php?id=11&t=0.0225168201103908 HTTP/1.1" 200 29713 "http://192.168.60.79/manager-page/home-1.php" "Mozilla/5.0 (Windows NT 10.0; Win64; x64) AppleWebKit/537.36 (KHTML, like Gecko) Chrome/142.0.0.0 Safari/537.36 Edg/142.0.0.0"
172.16.36.181 - - [07/Nov/2025:10:23:14 +0800] "GET /manager-page/api/snapshot.php?id=12&t=0.9085345448809703 HTTP/1.1" 200 46024 "http://192.168.60.79/manager-page/home-1.php" "Mozilla/5.0 (Windows NT 10.0; Win64; x64) AppleWebKit/537.36 (KHTML, like Gecko) Chrome/142.0.0.0 Safari/537.36 Edg/142.0.0.0"
172.16.36.181 - - [07/Nov/2025:10:23:19 +0800] "GET /manager-page/api/snapshot.php?id=11&t=0.107469077610295 HTTP/1.1" 200 29271 "http://192.168.60.79/manager-page/home-1.php" "Mozilla/5.0 (Windows NT 10.0; Win64; x64) AppleWebKit/537.36 (KHTML, like Gecko) Chrome/142.0.0.0 Safari/537.36 Edg/142.0.0.0"
172.16.36.181 - - [07/Nov/2025:10:23:19 +0800] "GET /manager-page/api/snapshot.php?id=12&t=0.08118687936530389 HTTP/1.1" 200 45892 "http://192.168.60.79/manager-page/home-1.php" "Mozilla/5.0 (Windows NT 10.0; Win64; x64) AppleWebKit/537.36 (KHTML, like Gecko) Chrome/142.0.0.0 Safari/537.36 Edg/142.0.0.0"
172.16.36.181 - - [07/Nov/2025:10:23:24 +0800] "GET /manager-page/api/snapshot.php?id=12&t=0.2094405311701486 HTTP/1.1" 200 45559 "http://192.168.60.79/manager-page/home-1.php" "Mozilla/5.0 (Windows NT 10.0; Win64; x64) AppleWebKit/537.36 (KHTML, like Gecko) Chrome/142.0.0.0 Safari/537.36 Edg/142.0.0.0"
172.16.36.181 - - [07/Nov/2025:10:23:24 +0800] "GET /manager-page/api/snapshot.php?id=11&t=0.6357347583184125 HTTP/1.1" 200 29769 "http://192.168.60.79/manager-page/home-1.php" "Mozilla/5.0 (Windows NT 10.0; Win64; x64) AppleWebKit/537.36 (KHTML, like Gecko) Chrome/142.0.0.0 Safari/537.36 Edg/142.0.0.0"
172.16.36.181 - - [07/Nov/2025:10:23:29 +0800] "GET /manager-page/api/snapshot.php?id=11&t=0.008339832072372433 HTTP/1.1" 200 38800 "http://192.168.60.79/manager-page/home-1.php" "Mozilla/5.0 (Windows NT 10.0; Win64; x64) AppleWebKit/537.36 (KHTML, like Gecko) Chrome/142.0.0.0 Safari/537.36 Edg/142.0.0.0"
172.16.36.181 - - [07/Nov/2025:10:23:29 +0800] "GET /manager-page/api/snapshot.php?id=12&t=0.33407847686859216 HTTP/1.1" 200 45444 "http://192.168.60.79/manager-page/home-1.php" "Mozilla/5.0 (Windows NT 10.0; Win64; x64) AppleWebKit/537.36 (KHTML, like Gecko) Chrome/142.0.0.0 Safari/537.36 Edg/142.0.0.0"
172.16.36.181 - - [07/Nov/2025:10:23:34 +0800] "GET /manager-page/api/snapshot.php?id=11&t=0.17006259978682303 HTTP/1.1" 200 39058 "http://192.168.60.79/manager-page/home-1.php" "Mozilla/5.0 (Windows NT 10.0; Win64; x64) AppleWebKit/537.36 (KHTML, like Gecko) Chrome/142.0.0.0 Safari/537.36 Edg/142.0.0.0"
172.16.36.181 - - [07/Nov/2025:10:23:34 +0800] "GET /manager-page/api/snapshot.php?id=12&t=0.6925341856090673 HTTP/1.1" 200 45480 "http://192.168.60.79/manager-page/home-1.php" "Mozilla/5.0 (Windows NT 10.0; Win64; x64) AppleWebKit/537.36 (KHTML, like Gecko) Chrome/142.0.0.0 Safari/537.36 Edg/142.0.0.0"
172.16.36.181 - - [07/Nov/2025:10:23:39 +0800] "GET /manager-page/api/snapshot.php?id=11&t=0.31376800433559804 HTTP/1.1" 200 38468 "http://192.168.60.79/manager-page/home-1.php" "Mozilla/5.0 (Windows NT 10.0; Win64; x64) AppleWebKit/537.36 (KHTML, like Gecko) Chrome/142.0.0.0 Safari/537.36 Edg/142.0.0.0"
172.16.36.181 - - [07/Nov/2025:10:23:39 +0800] "GET /manager-page/api/snapshot.php?id=12&t=0.30075983939161977 HTTP/1.1" 200 45475 "http://192.168.60.79/manager-page/home-1.php" "Mozilla/5.0 (Windows NT 10.0; Win64; x64) AppleWebKit/537.36 (KHTML, like Gecko) Chrome/142.0.0.0 Safari/537.36 Edg/142.0.0.0"
172.16.36.181 - - [07/Nov/2025:10:23:44 +0800] "GET /manager-page/api/snapshot.php?id=12&t=0.3459396941294228 HTTP/1.1" 200 45401 "http://192.168.60.79/manager-page/home-1.php" "Mozilla/5.0 (Windows NT 10.0; Win64; x64) AppleWebKit/537.36 (KHTML, like Gecko) Chrome/142.0.0.0 Safari/537.36 Edg/142.0.0.0"
172.16.36.181 - - [07/Nov/2025:10:23:44 +0800] "GET /manager-page/api/snapshot.php?id=11&t=0.40684909510553624 HTTP/1.1" 500 - "http://192.168.60.79/manager-page/home-1.php" "Mozilla/5.0 (Windows NT 10.0; Win64; x64) AppleWebKit/537.36 (KHTML, like Gecko) Chrome/142.0.0.0 Safari/537.36 Edg/142.0.0.0"
172.16.36.181 - - [07/Nov/2025:10:23:49 +0800] "GET /manager-page/api/snapshot.php?id=11&t=0.19591629624353568 HTTP/1.1" 200 38893 "http://192.168.60.79/manager-page/home-1.php" "Mozilla/5.0 (Windows NT 10.0; Win64; x64) AppleWebKit/537.36 (KHTML, like Gecko) Chrome/142.0.0.0 Safari/537.36 Edg/142.0.0.0"
172.16.36.181 - - [07/Nov/2025:10:23:49 +0800] "GET /manager-page/api/snapshot.php?id=12&t=0.25250985196245734 HTTP/1.1" 500 - "http://192.168.60.79/manager-page/home-1.php" "Mozilla/5.0 (Windows NT 10.0; Win64; x64) AppleWebKit/537.36 (KHTML, like Gecko) Chrome/142.0.0.0 Safari/537.36 Edg/142.0.0.0"
172.16.36.181 - - [07/Nov/2025:10:23:54 +0800] "GET /manager-page/api/snapshot.php?id=12&t=0.22239999609007033 HTTP/1.1" 500 - "http://192.168.60.79/manager-page/home-1.php" "Mozilla/5.0 (Windows NT 10.0; Win64; x64) AppleWebKit/537.36 (KHTML, like Gecko) Chrome/142.0.0.0 Safari/537.36 Edg/142.0.0.0"
172.16.36.181 - - [07/Nov/2025:10:23:54 +0800] "GET /manager-page/api/snapshot.php?id=11&t=0.10400836548727321 HTTP/1.1" 500 - "http://192.168.60.79/manager-page/home-1.php" "Mozilla/5.0 (Windows NT 10.0; Win64; x64) AppleWebKit/537.36 (KHTML, like Gecko) Chrome/142.0.0.0 Safari/537.36 Edg/142.0.0.0"
172.16.36.181 - - [07/Nov/2025:10:23:59 +0800] "GET /manager-page/api/snapshot.php?id=11&t=0.22433019948012878 HTTP/1.1" 200 41000 "http://192.168.60.79/manager-page/home-1.php" "Mozilla/5.0 (Windows NT 10.0; Win64; x64) AppleWebKit/537.36 (KHTML, like Gecko) Chrome/142.0.0.0 Safari/537.36 Edg/142.0.0.0"
172.16.36.181 - - [07/Nov/2025:10:23:59 +0800] "GET /manager-page/api/snapshot.php?id=12&t=0.9142388010096589 HTTP/1.1" 500 - "http://192.168.60.79/manager-page/home-1.php" "Mozilla/5.0 (Windows NT 10.0; Win64; x64) AppleWebKit/537.36 (KHTML, like Gecko) Chrome/142.0.0.0 Safari/537.36 Edg/142.0.0.0"
172.16.36.181 - - [07/Nov/2025:10:24:04 +0800] "GET /manager-page/api/snapshot.php?id=11&t=0.3326366572909861 HTTP/1.1" 200 40854 "http://192.168.60.79/manager-page/home-1.php" "Mozilla/5.0 (Windows NT 10.0; Win64; x64) AppleWebKit/537.36 (KHTML, like Gecko) Chrome/142.0.0.0 Safari/537.36 Edg/142.0.0.0"
172.16.36.181 - - [07/Nov/2025:10:24:04 +0800] "GET /manager-page/api/snapshot.php?id=12&t=0.595968980220413 HTTP/1.1" 500 - "http://192.168.60.79/manager-page/home-1.php" "Mozilla/5.0 (Windows NT 10.0; Win64; x64) AppleWebKit/537.36 (KHTML, like Gecko) Chrome/142.0.0.0 Safari/537.36 Edg/142.0.0.0"
172.16.36.181 - - [07/Nov/2025:10:24:09 +0800] "GET /manager-page/api/snapshot.php?id=11&t=0.24311136619175744 HTTP/1.1" 500 - "http://192.168.60.79/manager-page/home-1.php" "Mozilla/5.0 (Windows NT 10.0; Win64; x64) AppleWebKit/537.36 (KHTML, like Gecko) Chrome/142.0.0.0 Safari/537.36 Edg/142.0.0.0"
111.70.30.252 - - [07/Nov/2025:10:24:04 +0800] "POST /robot/lora-in.php HTTP/1.1" 200 - "-" "python-requests/2.21.0"
172.16.36.181 - - [07/Nov/2025:10:24:09 +0800] "GET /manager-page/api/snapshot.php?id=12&t=0.8755821318110469 HTTP/1.1" 500 - "http://192.168.60.79/manager-page/home-1.php" "Mozilla/5.0 (Windows NT 10.0; Win64; x64) AppleWebKit/537.36 (KHTML, like Gecko) Chrome/142.0.0.0 Safari/537.36 Edg/142.0.0.0"
172.16.36.181 - - [07/Nov/2025:10:24:14 +0800] "GET /manager-page/api/snapshot.php?id=11&t=0.40182777902541866 HTTP/1.1" 200 41135 "http://192.168.60.79/manager-page/home-1.php" "Mozilla/5.0 (Windows NT 10.0; Win64; x64) AppleWebKit/537.36 (KHTML, like Gecko) Chrome/142.0.0.0 Safari/537.36 Edg/142.0.0.0"
172.16.36.181 - - [07/Nov/2025:10:24:14 +0800] "GET /manager-page/api/snapshot.php?id=12&t=0.7090887071073907 HTTP/1.1" 500 - "http://192.168.60.79/manager-page/home-1.php" "Mozilla/5.0 (Windows NT 10.0; Win64; x64) AppleWebKit/537.36 (KHTML, like Gecko) Chrome/142.0.0.0 Safari/537.36 Edg/142.0.0.0"
172.16.36.181 - - [07/Nov/2025:10:24:19 +0800] "GET /manager-page/api/snapshot.php?id=11&t=0.8640726871877755 HTTP/1.1" 200 37230 "http://192.168.60.79/manager-page/home-1.php" "Mozilla/5.0 (Windows NT 10.0; Win64; x64) AppleWebKit/537.36 (KHTML, like Gecko) Chrome/142.0.0.0 Safari/537.36 Edg/142.0.0.0"
172.16.36.181 - - [07/Nov/2025:10:24:19 +0800] "GET /manager-page/api/snapshot.php?id=12&t=0.2776270134630485 HTTP/1.1" 200 45370 "http://192.168.60.79/manager-page/home-1.php" "Mozilla/5.0 (Windows NT 10.0; Win64; x64) AppleWebKit/537.36 (KHTML, like Gecko) Chrome/142.0.0.0 Safari/537.36 Edg/142.0.0.0"
172.16.36.181 - - [07/Nov/2025:10:24:24 +0800] "GET /manager-page/api/snapshot.php?id=12&t=0.6376161426689834 HTTP/1.1" 200 45341 "http://192.168.60.79/manager-page/home-1.php" "Mozilla/5.0 (Windows NT 10.0; Win64; x64) AppleWebKit/537.36 (KHTML, like Gecko) Chrome/142.0.0.0 Safari/537.36 Edg/142.0.0.0"
172.16.36.181 - - [07/Nov/2025:10:24:24 +0800] "GET /manager-page/api/snapshot.php?id=11&t=0.01656170101410115 HTTP/1.1" 200 40638 "http://192.168.60.79/manager-page/home-1.php" "Mozilla/5.0 (Windows NT 10.0; Win64; x64) AppleWebKit/537.36 (KHTML, like Gecko) Chrome/142.0.0.0 Safari/537.36 Edg/142.0.0.0"
172.16.36.181 - - [07/Nov/2025:10:24:29 +0800] "GET /manager-page/api/snapshot.php?id=11&t=0.6924904688511437 HTTP/1.1" 200 40575 "http://192.168.60.79/manager-page/home-1.php" "Mozilla/5.0 (Windows NT 10.0; Win64; x64) AppleWebKit/537.36 (KHTML, like Gecko) Chrome/142.0.0.0 Safari/537.36 Edg/142.0.0.0"
172.16.36.181 - - [07/Nov/2025:10:24:29 +0800] "GET /manager-page/api/snapshot.php?id=12&t=0.41984146508811226 HTTP/1.1" 200 45305 "http://192.168.60.79/manager-page/home-1.php" "Mozilla/5.0 (Windows NT 10.0; Win64; x64) AppleWebKit/537.36 (KHTML, like Gecko) Chrome/142.0.0.0 Safari/537.36 Edg/142.0.0.0"
172.16.36.181 - - [07/Nov/2025:10:24:34 +0800] "GET /manager-page/api/snapshot.php?id=11&t=0.4538952922732912 HTTP/1.1" 500 - "http://192.168.60.79/manager-page/home-1.php" "Mozilla/5.0 (Windows NT 10.0; Win64; x64) AppleWebKit/537.36 (KHTML, like Gecko) Chrome/142.0.0.0 Safari/537.36 Edg/142.0.0.0"
172.16.36.181 - - [07/Nov/2025:10:24:34 +0800] "GET /manager-page/api/snapshot.php?id=12&t=0.043637523607871986 HTTP/1.1" 500 - "http://192.168.60.79/manager-page/home-1.php" "Mozilla/5.0 (Windows NT 10.0; Win64; x64) AppleWebKit/537.36 (KHTML, like Gecko) Chrome/142.0.0.0 Safari/537.36 Edg/142.0.0.0"
172.16.36.181 - - [07/Nov/2025:10:24:40 +0800] "GET /manager-page/api/snapshot.php?id=12&t=0.8942095827245924 HTTP/1.1" 200 45361 "http://192.168.60.79/manager-page/home-1.php" "Mozilla/5.0 (Windows NT 10.0; Win64; x64) AppleWebKit/537.36 (KHTML, like Gecko) Chrome/142.0.0.0 Safari/537.36 Edg/142.0.0.0"
172.16.36.181 - - [07/Nov/2025:10:24:40 +0800] "GET /manager-page/api/snapshot.php?id=11&t=0.2774684690261646 HTTP/1.1" 500 - "http://192.168.60.79/manager-page/home-1.php" "Mozilla/5.0 (Windows NT 10.0; Win64; x64) AppleWebKit/537.36 (KHTML, like Gecko) Chrome/142.0.0.0 Safari/537.36 Edg/142.0.0.0"
172.16.36.181 - - [07/Nov/2025:10:24:44 +0800] "GET /manager-page/api/snapshot.php?id=12&t=0.14011327777844063 HTTP/1.1" 200 45366 "http://192.168.60.79/manager-page/home-1.php" "Mozilla/5.0 (Windows NT 10.0; Win64; x64) AppleWebKit/537.36 (KHTML, like Gecko) Chrome/142.0.0.0 Safari/537.36 Edg/142.0.0.0"
172.16.36.181 - - [07/Nov/2025:10:24:44 +0800] "GET /manager-page/api/snapshot.php?id=11&t=0.608661200945211 HTTP/1.1" 200 38351 "http://192.168.60.79/manager-page/home-1.php" "Mozilla/5.0 (Windows NT 10.0; Win64; x64) AppleWebKit/537.36 (KHTML, like Gecko) Chrome/142.0.0.0 Safari/537.36 Edg/142.0.0.0"
172.16.36.181 - - [07/Nov/2025:10:24:49 +0800] "GET /manager-page/api/snapshot.php?id=11&t=0.21835095431524 HTTP/1.1" 200 38481 "http://192.168.60.79/manager-page/home-1.php" "Mozilla/5.0 (Windows NT 10.0; Win64; x64) AppleWebKit/537.36 (KHTML, like Gecko) Chrome/142.0.0.0 Safari/537.36 Edg/142.0.0.0"
172.16.36.181 - - [07/Nov/2025:10:24:49 +0800] "GET /manager-page/api/snapshot.php?id=12&t=0.39599817309413743 HTTP/1.1" 200 45298 "http://192.168.60.79/manager-page/home-1.php" "Mozilla/5.0 (Windows NT 10.0; Win64; x64) AppleWebKit/537.36 (KHTML, like Gecko) Chrome/142.0.0.0 Safari/537.36 Edg/142.0.0.0"
127.0.0.1 - - [07/Nov/2025:10:25:27 +0800] "GET /get-setting.json HTTP/1.1" 200 2314 "-" "python-requests/2.31.0"
127.0.0.1 - - [07/Nov/2025:10:25:30 +0800] "POST /robot/lora-in.php HTTP/1.1" 200 - "-" "python-requests/2.31.0"
172.16.36.181 - - [07/Nov/2025:10:25:49 +0800] "GET /manager-page/api/snapshot.php?id=12&t=0.6248270617385328 HTTP/1.1" 200 45380 "http://192.168.60.79/manager-page/home-1.php" "Mozilla/5.0 (Windows NT 10.0; Win64; x64) AppleWebKit/537.36 (KHTML, like Gecko) Chrome/142.0.0.0 Safari/537.36 Edg/142.0.0.0"
172.16.36.181 - - [07/Nov/2025:10:25:49 +0800] "GET /manager-page/api/snapshot.php?id=11&t=0.7011368134851735 HTTP/1.1" 200 39888 "http://192.168.60.79/manager-page/home-1.php" "Mozilla/5.0 (Windows NT 10.0; Win64; x64) AppleWebKit/537.36 (KHTML, like Gecko) Chrome/142.0.0.0 Safari/537.36 Edg/142.0.0.0"
127.0.0.1 - - [07/Nov/2025:10:26:00 +0800] "GET /robot/alarm-history-in.php HTTP/1.1" 200 - "-" "python-requests/2.28.1"
127.0.0.1 - - [07/Nov/2025:10:25:40 +0800] "POST /robot/lora-in.php HTTP/1.1" 200 - "-" "python-requests/2.31.0"
172.16.36.181 - - [07/Nov/2025:10:26:49 +0800] "GET /manager-page/api/snapshot.php?id=11&t=0.5538391625767107 HTTP/1.1" 200 28313 "http://192.168.60.79/manager-page/home-1.php" "Mozilla/5.0 (Windows NT 10.0; Win64; x64) AppleWebKit/537.36 (KHTML, like Gecko) Chrome/142.0.0.0 Safari/537.36 Edg/142.0.0.0"
172.16.36.181 - - [07/Nov/2025:10:26:49 +0800] "GET /manager-page/api/snapshot.php?id=12&t=0.9082267259897143 HTTP/1.1" 200 45380 "http://192.168.60.79/manager-page/home-1.php" "Mozilla/5.0 (Windows NT 10.0; Win64; x64) AppleWebKit/537.36 (KHTML, like Gecko) Chrome/142.0.0.0 Safari/537.36 Edg/142.0.0.0"
127.0.0.1 - - [07/Nov/2025:10:26:04 +0800] "POST /robot/lora-in.php HTTP/1.1" 200 - "-" "python-requests/2.31.0"
127.0.0.1 - - [07/Nov/2025:10:26:23 +0800] "POST /robot/lora-in.php HTTP/1.1" 200 - "-" "python-requests/2.31.0"
127.0.0.1 - - [07/Nov/2025:10:26:42 +0800] "POST /robot/lora-in.php HTTP/1.1" 200 - "-" "python-requests/2.31.0"
127.0.0.1 - - [07/Nov/2025:10:27:02 +0800] "POST /robot/lora-in.php HTTP/1.1" 200 - "-" "python-requests/2.31.0"
127.0.0.1 - - [07/Nov/2025:10:27:12 +0800] "POST /robot/lora-in.php HTTP/1.1" 200 - "-" "python-requests/2.31.0"
111.70.30.251 - - [07/Nov/2025:10:27:45 +0800] "POST /robot/lora-in.php HTTP/1.1" 200 - "-" "python-requests/2.21.0"
172.16.36.181 - - [07/Nov/2025:10:27:49 +0800] "GET /manager-page/api/snapshot.php?id=12&t=0.9471496673853986 HTTP/1.1" 200 45374 "http://192.168.60.79/manager-page/home-1.php" "Mozilla/5.0 (Windows NT 10.0; Win64; x64) AppleWebKit/537.36 (KHTML, like Gecko) Chrome/142.0.0.0 Safari/537.36 Edg/142.0.0.0"
172.16.36.181 - - [07/Nov/2025:10:27:49 +0800] "GET /manager-page/api/snapshot.php?id=11&t=0.35965743351582335 HTTP/1.1" 200 33852 "http://192.168.60.79/manager-page/home-1.php" "Mozilla/5.0 (Windows NT 10.0; Win64; x64) AppleWebKit/537.36 (KHTML, like Gecko) Chrome/142.0.0.0 Safari/537.36 Edg/142.0.0.0"
127.0.0.1 - - [07/Nov/2025:10:28:00 +0800] "GET /robot/alarm-history-in.php HTTP/1.1" 200 - "-" "python-requests/2.28.1"
127.0.0.1 - - [07/Nov/2025:10:28:32 +0800] "POST /robot/et-7026-in.php HTTP/1.1" 200 - "-" "python-requests/2.32.2"
127.0.0.1 - - [07/Nov/2025:10:28:47 +0800] "POST /robot/et-7026-in.php HTTP/1.1" 200 - "-" "python-requests/2.32.2"
172.16.36.181 - - [07/Nov/2025:10:28:50 +0800] "GET /manager-page/api/snapshot.php?id=11&t=0.4320246879717079 HTTP/1.1" 200 34489 "http://192.168.60.79/manager-page/home-1.php" "Mozilla/5.0 (Windows NT 10.0; Win64; x64) AppleWebKit/537.36 (KHTML, like Gecko) Chrome/142.0.0.0 Safari/537.36 Edg/142.0.0.0"
172.16.36.181 - - [07/Nov/2025:10:28:50 +0800] "GET /manager-page/api/snapshot.php?id=12&t=0.892026122999266 HTTP/1.1" 200 45389 "http://192.168.60.79/manager-page/home-1.php" "Mozilla/5.0 (Windows NT 10.0; Win64; x64) AppleWebKit/537.36 (KHTML, like Gecko) Chrome/142.0.0.0 Safari/537.36 Edg/142.0.0.0"
127.0.0.1 - - [07/Nov/2025:10:29:09 +0800] "POST /robot/et-7026-in.php HTTP/1.1" 200 - "-" "python-requests/2.32.2"
127.0.0.1 - - [07/Nov/2025:10:29:36 +0800] "POST /robot/et-7026-in.php HTTP/1.1" 200 - "-" "python-requests/2.32.2"
172.16.36.181 - - [07/Nov/2025:10:29:49 +0800] "GET /manager-page/api/snapshot.php?id=11&t=0.3531344908510159 HTTP/1.1" 200 38434 "http://192.168.60.79/manager-page/home-1.php" "Mozilla/5.0 (Windows NT 10.0; Win64; x64) AppleWebKit/537.36 (KHTML, like Gecko) Chrome/142.0.0.0 Safari/537.36 Edg/142.0.0.0"
172.16.36.181 - - [07/Nov/2025:10:29:49 +0800] "GET /manager-page/api/snapshot.php?id=12&t=0.8585066078151056 HTTP/1.1" 200 45427 "http://192.168.60.79/manager-page/home-1.php" "Mozilla/5.0 (Windows NT 10.0; Win64; x64) AppleWebKit/537.36 (KHTML, like Gecko) Chrome/142.0.0.0 Safari/537.36 Edg/142.0.0.0"
111.70.30.253 - - [07/Nov/2025:10:30:26 +0800] "POST /robot/lora-in.php HTTP/1.1" 200 - "-" "python-requests/2.21.0"
172.16.36.181 - - [07/Nov/2025:10:30:49 +0800] "GET /manager-page/api/snapshot.php?id=12&t=0.9335920959106205 HTTP/1.1" 200 44990 "http://192.168.60.79/manager-page/home-1.php" "Mozilla/5.0 (Windows NT 10.0; Win64; x64) AppleWebKit/537.36 (KHTML, like Gecko) Chrome/142.0.0.0 Safari/537.36 Edg/142.0.0.0"
172.16.36.181 - - [07/Nov/2025:10:30:49 +0800] "GET /manager-page/api/snapshot.php?id=11&t=0.16757520068204346 HTTP/1.1" 200 32598 "http://192.168.60.79/manager-page/home-1.php" "Mozilla/5.0 (Windows NT 10.0; Win64; x64) AppleWebKit/537.36 (KHTML, like Gecko) Chrome/142.0.0.0 Safari/537.36 Edg/142.0.0.0"
111.70.30.250 - - [07/Nov/2025:10:30:58 +0800] "POST /robot/lora-in.php HTTP/1.1" 200 - "-" "python-requests/2.21.0"
172.16.36.181 - - [07/Nov/2025:10:31:49 +0800] "GET /manager-page/api/snapshot.php?id=11&t=0.07482920177007868 HTTP/1.1" 200 32266 "http://192.168.60.79/manager-page/home-1.php" "Mozilla/5.0 (Windows NT 10.0; Win64; x64) AppleWebKit/537.36 (KHTML, like Gecko) Chrome/142.0.0.0 Safari/537.36 Edg/142.0.0.0"
172.16.36.181 - - [07/Nov/2025:10:31:49 +0800] "GET /manager-page/api/snapshot.php?id=12&t=0.4027524715298958 HTTP/1.1" 200 45192 "http://192.168.60.79/manager-page/home-1.php" "Mozilla/5.0 (Windows NT 10.0; Win64; x64) AppleWebKit/537.36 (KHTML, like Gecko) Chrome/142.0.0.0 Safari/537.36 Edg/142.0.0.0"
127.0.0.1 - - [07/Nov/2025:10:32:00 +0800] "GET /robot/alarm-history-in.php HTTP/1.1" 200 - "-" "python-requests/2.28.1"
172.16.36.181 - - [07/Nov/2025:10:32:50 +0800] "GET /manager-page/api/snapshot.php?id=11&t=0.6238468790081647 HTTP/1.1" 200 34143 "http://192.168.60.79/manager-page/home-1.php" "Mozilla/5.0 (Windows NT 10.0; Win64; x64) AppleWebKit/537.36 (KHTML, like Gecko) Chrome/142.0.0.0 Safari/537.36 Edg/142.0.0.0"
172.16.36.181 - - [07/Nov/2025:10:32:50 +0800] "GET /manager-page/api/snapshot.php?id=12&t=0.67786387593995 HTTP/1.1" 200 45191 "http://192.168.60.79/manager-page/home-1.php" "Mozilla/5.0 (Windows NT 10.0; Win64; x64) AppleWebKit/537.36 (KHTML, like Gecko) Chrome/142.0.0.0 Safari/537.36 Edg/142.0.0.0"
127.0.0.1 - - [07/Nov/2025:10:33:00 +0800] "GET /robot/alarm-history-in.php HTTP/1.1" 200 - "-" "python-requests/2.28.1"
111.70.30.252 - - [07/Nov/2025:10:33:13 +0800] "POST /robot/lora-in.php HTTP/1.1" 200 - "-" "python-requests/2.21.0"
172.16.36.181 - - [07/Nov/2025:10:33:49 +0800] "GET /manager-page/api/snapshot.php?id=11&t=0.38394442967210485 HTTP/1.1" 200 30443 "http://192.168.60.79/manager-page/home-1.php" "Mozilla/5.0 (Windows NT 10.0; Win64; x64) AppleWebKit/537.36 (KHTML, like Gecko) Chrome/142.0.0.0 Safari/537.36 Edg/142.0.0.0"
172.16.36.181 - - [07/Nov/2025:10:33:49 +0800] "GET /manager-page/api/snapshot.php?id=12&t=0.8173569585132711 HTTP/1.1" 200 45080 "http://192.168.60.79/manager-page/home-1.php" "Mozilla/5.0 (Windows NT 10.0; Win64; x64) AppleWebKit/537.36 (KHTML, like Gecko) Chrome/142.0.0.0 Safari/537.36 Edg/142.0.0.0"
127.0.0.1 - - [07/Nov/2025:10:34:00 +0800] "GET /robot/alarm-history-in.php HTTP/1.1" 200 - "-" "python-requests/2.28.1"
172.16.36.181 - - [07/Nov/2025:10:34:50 +0800] "GET /manager-page/api/snapshot.php?id=12&t=0.8375470813605455 HTTP/1.1" 200 45181 "http://192.168.60.79/manager-page/home-1.php" "Mozilla/5.0 (Windows NT 10.0; Win64; x64) AppleWebKit/537.36 (KHTML, like Gecko) Chrome/142.0.0.0 Safari/537.36 Edg/142.0.0.0"
172.16.36.181 - - [07/Nov/2025:10:34:50 +0800] "GET /manager-page/api/snapshot.php?id=11&t=0.13649994950822153 HTTP/1.1" 200 36915 "http://192.168.60.79/manager-page/home-1.php" "Mozilla/5.0 (Windows NT 10.0; Win64; x64) AppleWebKit/537.36 (KHTML, like Gecko) Chrome/142.0.0.0 Safari/537.36 Edg/142.0.0.0"
127.0.0.1 - - [07/Nov/2025:10:35:00 +0800] "GET /robot/alarm-history-in.php HTTP/1.1" 200 - "-" "python-requests/2.28.1"
127.0.0.1 - - [07/Nov/2025:10:35:27 +0800] "GET /get-setting.json HTTP/1.1" 200 2314 "-" "python-requests/2.31.0"
127.0.0.1 - - [07/Nov/2025:10:35:34 +0800] "POST /robot/lora-in.php HTTP/1.1" 200 - "-" "python-requests/2.31.0"
127.0.0.1 - - [07/Nov/2025:10:35:38 +0800] "POST /robot/lora-in.php HTTP/1.1" 200 - "-" "python-requests/2.31.0"
127.0.0.1 - - [07/Nov/2025:10:35:46 +0800] "POST /robot/lora-in.php HTTP/1.1" 200 - "-" "python-requests/2.31.0"
172.16.36.181 - - [07/Nov/2025:10:35:49 +0800] "GET /manager-page/api/snapshot.php?id=12&t=0.28103284414058205 HTTP/1.1" 200 45323 "http://192.168.60.79/manager-page/home-1.php" "Mozilla/5.0 (Windows NT 10.0; Win64; x64) AppleWebKit/537.36 (KHTML, like Gecko) Chrome/142.0.0.0 Safari/537.36 Edg/142.0.0.0"
172.16.36.181 - - [07/Nov/2025:10:35:49 +0800] "GET /manager-page/api/snapshot.php?id=11&t=0.8000406289208497 HTTP/1.1" 200 40850 "http://192.168.60.79/manager-page/home-1.php" "Mozilla/5.0 (Windows NT 10.0; Win64; x64) AppleWebKit/537.36 (KHTML, like Gecko) Chrome/142.0.0.0 Safari/537.36 Edg/142.0.0.0"
127.0.0.1 - - [07/Nov/2025:10:35:57 +0800] "POST /robot/lora-in.php HTTP/1.1" 200 - "-" "python-requests/2.31.0"
127.0.0.1 - - [07/Nov/2025:10:35:59 +0800] "POST /robot/lora-in.php HTTP/1.1" 200 - "-" "python-requests/2.31.0"
127.0.0.1 - - [07/Nov/2025:10:36:00 +0800] "GET /robot/alarm-history-in.php HTTP/1.1" 200 - "-" "python-requests/2.28.1"
127.0.0.1 - - [07/Nov/2025:10:36:02 +0800] "POST /robot/lora-in.php HTTP/1.1" 200 - "-" "python-requests/2.31.0"
127.0.0.1 - - [07/Nov/2025:10:36:06 +0800] "POST /robot/lora-in.php HTTP/1.1" 200 - "-" "python-requests/2.31.0"
111.70.30.251 - - [07/Nov/2025:10:36:20 +0800] "POST /robot/lora-in.php HTTP/1.1" 200 - "-" "python-requests/2.21.0"
172.16.36.181 - - [07/Nov/2025:10:36:49 +0800] "GET /manager-page/api/snapshot.php?id=11&t=0.6954272059837422 HTTP/1.1" 200 41132 "http://192.168.60.79/manager-page/home-1.php" "Mozilla/5.0 (Windows NT 10.0; Win64; x64) AppleWebKit/537.36 (KHTML, like Gecko) Chrome/142.0.0.0 Safari/537.36 Edg/142.0.0.0"
172.16.36.181 - - [07/Nov/2025:10:36:49 +0800] "GET /manager-page/api/snapshot.php?id=12&t=0.24420914586931652 HTTP/1.1" 200 44696 "http://192.168.60.79/manager-page/home-1.php" "Mozilla/5.0 (Windows NT 10.0; Win64; x64) AppleWebKit/537.36 (KHTML, like Gecko) Chrome/142.0.0.0 Safari/537.36 Edg/142.0.0.0"
127.0.0.1 - - [07/Nov/2025:10:37:00 +0800] "GET /robot/alarm-history-in.php HTTP/1.1" 200 - "-" "python-requests/2.28.1"
172.16.36.181 - - [07/Nov/2025:10:37:49 +0800] "GET /manager-page/api/snapshot.php?id=11&t=0.5083912679225598 HTTP/1.1" 200 40546 "http://192.168.60.79/manager-page/home-1.php" "Mozilla/5.0 (Windows NT 10.0; Win64; x64) AppleWebKit/537.36 (KHTML, like Gecko) Chrome/142.0.0.0 Safari/537.36 Edg/142.0.0.0"
172.16.36.181 - - [07/Nov/2025:10:37:49 +0800] "GET /manager-page/api/snapshot.php?id=12&t=0.7788558582593982 HTTP/1.1" 200 44357 "http://192.168.60.79/manager-page/home-1.php" "Mozilla/5.0 (Windows NT 10.0; Win64; x64) AppleWebKit/537.36 (KHTML, like Gecko) Chrome/142.0.0.0 Safari/537.36 Edg/142.0.0.0"
127.0.0.1 - - [07/Nov/2025:10:38:00 +0800] "GET /robot/alarm-history-in.php HTTP/1.1" 200 - "-" "python-requests/2.28.1"
127.0.0.1 - - [07/Nov/2025:10:38:33 +0800] "POST /robot/et-7026-in.php HTTP/1.1" 200 - "-" "python-requests/2.32.2"
127.0.0.1 - - [07/Nov/2025:10:38:48 +0800] "POST /robot/et-7026-in.php HTTP/1.1" 200 - "-" "python-requests/2.32.2"
172.16.36.181 - - [07/Nov/2025:10:38:50 +0800] "GET /manager-page/api/snapshot.php?id=11&t=0.642794475790607 HTTP/1.1" 200 35045 "http://192.168.60.79/manager-page/home-1.php" "Mozilla/5.0 (Windows NT 10.0; Win64; x64) AppleWebKit/537.36 (KHTML, like Gecko) Chrome/142.0.0.0 Safari/537.36 Edg/142.0.0.0"
172.16.36.181 - - [07/Nov/2025:10:38:50 +0800] "GET /manager-page/api/snapshot.php?id=12&t=0.9040235898047788 HTTP/1.1" 200 44330 "http://192.168.60.79/manager-page/home-1.php" "Mozilla/5.0 (Windows NT 10.0; Win64; x64) AppleWebKit/537.36 (KHTML, like Gecko) Chrome/142.0.0.0 Safari/537.36 Edg/142.0.0.0"
127.0.0.1 - - [07/Nov/2025:10:39:00 +0800] "GET /robot/alarm-history-in.php HTTP/1.1" 200 - "-" "python-requests/2.28.1"
127.0.0.1 - - [07/Nov/2025:10:39:10 +0800] "POST /robot/et-7026-in.php HTTP/1.1" 200 - "-" "python-requests/2.32.2"
111.70.30.253 - - [07/Nov/2025:10:39:10 +0800] "POST /robot/lora-in.php HTTP/1.1" 200 - "-" "python-requests/2.21.0"
111.70.30.250 - - [07/Nov/2025:10:39:33 +0800] "POST /robot/lora-in.php HTTP/1.1" 200 - "-" "python-requests/2.21.0"
127.0.0.1 - - [07/Nov/2025:10:39:37 +0800] "POST /robot/et-7026-in.php HTTP/1.1" 200 - "-" "python-requests/2.32.2"
172.16.36.181 - - [07/Nov/2025:10:39:49 +0800] "GET /manager-page/api/snapshot.php?id=12&t=0.9788310433446491 HTTP/1.1" 200 44839 "http://192.168.60.79/manager-page/home-1.php" "Mozilla/5.0 (Windows NT 10.0; Win64; x64) AppleWebKit/537.36 (KHTML, like Gecko) Chrome/142.0.0.0 Safari/537.36 Edg/142.0.0.0"
172.16.36.181 - - [07/Nov/2025:10:39:49 +0800] "GET /manager-page/api/snapshot.php?id=11&t=0.9620124947512665 HTTP/1.1" 200 36950 "http://192.168.60.79/manager-page/home-1.php" "Mozilla/5.0 (Windows NT 10.0; Win64; x64) AppleWebKit/537.36 (KHTML, like Gecko) Chrome/142.0.0.0 Safari/537.36 Edg/142.0.0.0"
127.0.0.1 - - [07/Nov/2025:10:40:00 +0800] "GET /robot/alarm-history-in.php HTTP/1.1" 200 - "-" "python-requests/2.28.1"
172.16.36.181 - - [07/Nov/2025:10:40:49 +0800] "GET /manager-page/api/snapshot.php?id=11&t=0.007661706369169519 HTTP/1.1" 200 38708 "http://192.168.60.79/manager-page/home-1.php" "Mozilla/5.0 (Windows NT 10.0; Win64; x64) AppleWebKit/537.36 (KHTML, like Gecko) Chrome/142.0.0.0 Safari/537.36 Edg/142.0.0.0"
172.16.36.181 - - [07/Nov/2025:10:40:49 +0800] "GET /manager-page/api/snapshot.php?id=12&t=0.3416339960378646 HTTP/1.1" 200 44576 "http://192.168.60.79/manager-page/home-1.php" "Mozilla/5.0 (Windows NT 10.0; Win64; x64) AppleWebKit/537.36 (KHTML, like Gecko) Chrome/142.0.0.0 Safari/537.36 Edg/142.0.0.0"
127.0.0.1 - - [07/Nov/2025:10:41:00 +0800] "GET /robot/alarm-history-in.php HTTP/1.1" 200 - "-" "python-requests/2.28.1"
172.16.36.181 - - [07/Nov/2025:10:41:49 +0800] "GET /manager-page/api/snapshot.php?id=12&t=0.20961667649131832 HTTP/1.1" 200 44804 "http://192.168.60.79/manager-page/home-1.php" "Mozilla/5.0 (Windows NT 10.0; Win64; x64) AppleWebKit/537.36 (KHTML, like Gecko) Chrome/142.0.0.0 Safari/537.36 Edg/142.0.0.0"
172.16.36.181 - - [07/Nov/2025:10:41:49 +0800] "GET /manager-page/api/snapshot.php?id=11&t=0.2646609643774428 HTTP/1.1" 200 38941 "http://192.168.60.79/manager-page/home-1.php" "Mozilla/5.0 (Windows NT 10.0; Win64; x64) AppleWebKit/537.36 (KHTML, like Gecko) Chrome/142.0.0.0 Safari/537.36 Edg/142.0.0.0"
127.0.0.1 - - [07/Nov/2025:10:42:00 +0800] "GET /robot/alarm-history-in.php HTTP/1.1" 200 - "-" "python-requests/2.28.1"
111.70.30.252 - - [07/Nov/2025:10:42:23 +0800] "POST /robot/lora-in.php HTTP/1.1" 200 - "-" "python-requests/2.21.0"
172.16.36.181 - - [07/Nov/2025:10:42:49 +0800] "GET /manager-page/api/snapshot.php?id=11&t=0.3549602239931249 HTTP/1.1" 200 35555 "http://192.168.60.79/manager-page/home-1.php" "Mozilla/5.0 (Windows NT 10.0; Win64; x64) AppleWebKit/537.36 (KHTML, like Gecko) Chrome/142.0.0.0 Safari/537.36 Edg/142.0.0.0"
172.16.36.181 - - [07/Nov/2025:10:42:49 +0800] "GET /manager-page/api/snapshot.php?id=12&t=0.8754891773063995 HTTP/1.1" 200 44478 "http://192.168.60.79/manager-page/home-1.php" "Mozilla/5.0 (Windows NT 10.0; Win64; x64) AppleWebKit/537.36 (KHTML, like Gecko) Chrome/142.0.0.0 Safari/537.36 Edg/142.0.0.0"
127.0.0.1 - - [07/Nov/2025:10:43:00 +0800] "GET /robot/alarm-history-in.php HTTP/1.1" 200 - "-" "python-requests/2.28.1"
172.16.36.181 - - [07/Nov/2025:10:43:49 +0800] "GET /manager-page/api/snapshot.php?id=11&t=0.4160047619958588 HTTP/1.1" 200 34080 "http://192.168.60.79/manager-page/home-1.php" "Mozilla/5.0 (Windows NT 10.0; Win64; x64) AppleWebKit/537.36 (KHTML, like Gecko) Chrome/142.0.0.0 Safari/537.36 Edg/142.0.0.0"
172.16.36.181 - - [07/Nov/2025:10:43:49 +0800] "GET /manager-page/api/snapshot.php?id=12&t=0.5070483738435284 HTTP/1.1" 200 44517 "http://192.168.60.79/manager-page/home-1.php" "Mozilla/5.0 (Windows NT 10.0; Win64; x64) AppleWebKit/537.36 (KHTML, like Gecko) Chrome/142.0.0.0 Safari/537.36 Edg/142.0.0.0"
127.0.0.1 - - [07/Nov/2025:10:44:00 +0800] "GET /robot/alarm-history-in.php HTTP/1.1" 200 - "-" "python-requests/2.28.1"
172.16.36.181 - - [07/Nov/2025:10:44:49 +0800] "GET /manager-page/api/snapshot.php?id=11&t=0.3781170302510707 HTTP/1.1" 200 39039 "http://192.168.60.79/manager-page/home-1.php" "Mozilla/5.0 (Windows NT 10.0; Win64; x64) AppleWebKit/537.36 (KHTML, like Gecko) Chrome/142.0.0.0 Safari/537.36 Edg/142.0.0.0"
172.16.36.181 - - [07/Nov/2025:10:44:49 +0800] "GET /manager-page/api/snapshot.php?id=12&t=0.08228384892815965 HTTP/1.1" 200 44494 "http://192.168.60.79/manager-page/home-1.php" "Mozilla/5.0 (Windows NT 10.0; Win64; x64) AppleWebKit/537.36 (KHTML, like Gecko) Chrome/142.0.0.0 Safari/537.36 Edg/142.0.0.0"
111.70.30.251 - - [07/Nov/2025:10:44:56 +0800] "POST /robot/lora-in.php HTTP/1.1" 200 - "-" "python-requests/2.21.0"
127.0.0.1 - - [07/Nov/2025:10:45:27 +0800] "GET /get-setting.json HTTP/1.1" 200 2314 "-" "python-requests/2.31.0"
127.0.0.1 - - [07/Nov/2025:10:45:34 +0800] "POST /robot/lora-in.php HTTP/1.1" 200 - "-" "python-requests/2.31.0"
::1 - - [07/Nov/2025:10:45:28 +0800] "GET /phpmyadmin/ HTTP/1.1" 200 4783 "-" "Mozilla/5.0 (Windows NT 10.0; Win64; x64) AppleWebKit/537.36 (KHTML, like Gecko) Chrome/114.0.0.0 Safari/537.36 Edg/114.0.1823.82"
::1 - - [07/Nov/2025:10:45:35 +0800] "GET /phpmyadmin/themes/pmahomme/jquery/jquery-ui.css HTTP/1.1" 200 36566 "http://localhost/phpmyadmin/" "Mozilla/5.0 (Windows NT 10.0; Win64; x64) AppleWebKit/537.36 (KHTML, like Gecko) Chrome/114.0.0.0 Safari/537.36 Edg/114.0.1823.82"
::1 - - [07/Nov/2025:10:45:35 +0800] "GET /phpmyadmin/js/vendor/codemirror/addon/hint/show-hint.css?v=5.2.2 HTTP/1.1" 200 649 "http://localhost/phpmyadmin/" "Mozilla/5.0 (Windows NT 10.0; Win64; x64) AppleWebKit/537.36 (KHTML, like Gecko) Chrome/114.0.0.0 Safari/537.36 Edg/114.0.1823.82"
::1 - - [07/Nov/2025:10:45:35 +0800] "GET /phpmyadmin/js/vendor/codemirror/lib/codemirror.css?v=5.2.2 HTTP/1.1" 200 8720 "http://localhost/phpmyadmin/" "Mozilla/5.0 (Windows NT 10.0; Win64; x64) AppleWebKit/537.36 (KHTML, like Gecko) Chrome/114.0.0.0 Safari/537.36 Edg/114.0.1823.82"
::1 - - [07/Nov/2025:10:45:35 +0800] "GET /phpmyadmin/js/vendor/codemirror/addon/lint/lint.css?v=5.2.2 HTTP/1.1" 200 3035 "http://localhost/phpmyadmin/" "Mozilla/5.0 (Windows NT 10.0; Win64; x64) AppleWebKit/537.36 (KHTML, like Gecko) Chrome/114.0.0.0 Safari/537.36 Edg/114.0.1823.82"
::1 - - [07/Nov/2025:10:45:35 +0800] "GET /phpmyadmin/themes/pmahomme/css/theme.css?v=5.2.2 HTTP/1.1" 200 401476 "http://localhost/phpmyadmin/" "Mozilla/5.0 (Windows NT 10.0; Win64; x64) AppleWebKit/537.36 (KHTML, like Gecko) Chrome/114.0.0.0 Safari/537.36 Edg/114.0.1823.82"
::1 - - [07/Nov/2025:10:45:35 +0800] "GET /phpmyadmin/js/vendor/jquery/jquery.min.js?v=5.2.2 HTTP/1.1" 200 87533 "http://localhost/phpmyadmin/" "Mozilla/5.0 (Windows NT 10.0; Win64; x64) AppleWebKit/537.36 (KHTML, like Gecko) Chrome/114.0.0.0 Safari/537.36 Edg/114.0.1823.82"
::1 - - [07/Nov/2025:10:45:35 +0800] "GET /phpmyadmin/js/vendor/jquery/jquery-migrate.min.js?v=5.2.2 HTTP/1.1" 200 13992 "http://localhost/phpmyadmin/" "Mozilla/5.0 (Windows NT 10.0; Win64; x64) AppleWebKit/537.36 (KHTML, like Gecko) Chrome/114.0.0.0 Safari/537.36 Edg/114.0.1823.82"
::1 - - [07/Nov/2025:10:45:35 +0800] "GET /phpmyadmin/js/vendor/sprintf.js?v=5.2.2 HTTP/1.1" 200 7360 "http://localhost/phpmyadmin/" "Mozilla/5.0 (Windows NT 10.0; Win64; x64) AppleWebKit/537.36 (KHTML, like Gecko) Chrome/114.0.0.0 Safari/537.36 Edg/114.0.1823.82"
::1 - - [07/Nov/2025:10:45:35 +0800] "GET /phpmyadmin/js/dist/keyhandler.js?v=5.2.2 HTTP/1.1" 200 2059 "http://localhost/phpmyadmin/" "Mozilla/5.0 (Windows NT 10.0; Win64; x64) AppleWebKit/537.36 (KHTML, like Gecko) Chrome/114.0.0.0 Safari/537.36 Edg/114.0.1823.82"
