111.70.30.250 - - [15/Sep/2025:10:15:27 +0800] "POST /robot/lora-in.php HTTP/1.1" 200 - "-" "python-requests/2.21.0"
111.70.30.253 - - [15/Sep/2025:10:15:58 +0800] "POST /robot/lora-in.php HTTP/1.1" 200 - "-" "python-requests/2.21.0"
127.0.0.1 - - [15/Sep/2025:10:16:00 +0800] "GET /robot/alarm-history-in.php HTTP/1.1" 200 - "-" "python-requests/2.28.1"
127.0.0.1 - - [15/Sep/2025:10:16:16 +0800] "GET /get-setting.json HTTP/1.1" 200 2314 "-" "python-requests/2.31.0"
127.0.0.1 - - [15/Sep/2025:10:16:16 +0800] "POST /robot/lora-in.php HTTP/1.1" 200 - "-" "python-requests/2.31.0"
127.0.0.1 - - [15/Sep/2025:10:16:20 +0800] "POST /robot/lora-in.php HTTP/1.1" 200 - "-" "python-requests/2.31.0"
127.0.0.1 - - [15/Sep/2025:10:16:28 +0800] "POST /robot/lora-in.php HTTP/1.1" 200 - "-" "python-requests/2.31.0"
111.70.30.252 - - [15/Sep/2025:10:16:28 +0800] "POST /robot/lora-in.php HTTP/1.1" 200 - "-" "python-requests/2.21.0"
127.0.0.1 - - [15/Sep/2025:10:16:34 +0800] "POST /robot/lora-in.php HTTP/1.1" 200 - "-" "python-requests/2.31.0"
127.0.0.1 - - [15/Sep/2025:10:16:39 +0800] "POST /robot/lora-in.php HTTP/1.1" 200 - "-" "python-requests/2.31.0"
127.0.0.1 - - [15/Sep/2025:10:16:48 +0800] "POST /robot/lora-in.php HTTP/1.1" 200 - "-" "python-requests/2.31.0"
127.0.0.1 - - [15/Sep/2025:10:16:49 +0800] "POST /robot/lora-in.php HTTP/1.1" 200 - "-" "python-requests/2.31.0"
127.0.0.1 - - [15/Sep/2025:10:16:58 +0800] "POST /robot/lora-in.php HTTP/1.1" 200 - "-" "python-requests/2.31.0"
127.0.0.1 - - [15/Sep/2025:10:17:00 +0800] "GET /robot/alarm-history-in.php HTTP/1.1" 200 - "-" "python-requests/2.28.1"
127.0.0.1 - - [15/Sep/2025:10:18:00 +0800] "GET /robot/alarm-history-in.php HTTP/1.1" 200 - "-" "python-requests/2.28.1"
127.0.0.1 - - [15/Sep/2025:10:19:00 +0800] "GET /robot/alarm-history-in.php HTTP/1.1" 200 - "-" "python-requests/2.28.1"
127.0.0.1 - - [15/Sep/2025:10:20:00 +0800] "GET /robot/alarm-history-in.php HTTP/1.1" 200 - "-" "python-requests/2.28.1"
127.0.0.1 - - [15/Sep/2025:10:20:10 +0800] "POST /robot/et-7026-in.php HTTP/1.1" 200 - "-" "python-requests/2.32.2"
127.0.0.1 - - [15/Sep/2025:10:20:41 +0800] "POST /robot/et-7026-in.php HTTP/1.1" 200 - "-" "python-requests/2.32.2"
127.0.0.1 - - [15/Sep/2025:10:20:51 +0800] "POST /robot/et-7026-in.php HTTP/1.1" 200 - "-" "python-requests/2.32.2"
127.0.0.1 - - [15/Sep/2025:10:21:00 +0800] "GET /robot/alarm-history-in.php HTTP/1.1" 200 - "-" "python-requests/2.28.1"
127.0.0.1 - - [15/Sep/2025:10:21:14 +0800] "POST /robot/et-7026-in.php HTTP/1.1" 200 - "-" "python-requests/2.32.2"
127.0.0.1 - - [15/Sep/2025:10:22:00 +0800] "GET /robot/alarm-history-in.php HTTP/1.1" 200 - "-" "python-requests/2.28.1"
127.0.0.1 - - [15/Sep/2025:10:23:00 +0800] "GET /robot/alarm-history-in.php HTTP/1.1" 200 - "-" "python-requests/2.28.1"
111.70.30.251 - - [15/Sep/2025:10:23:30 +0800] "POST /robot/lora-in.php HTTP/1.1" 200 - "-" "python-requests/2.21.0"
127.0.0.1 - - [15/Sep/2025:10:24:00 +0800] "GET /robot/alarm-history-in.php HTTP/1.1" 200 - "-" "python-requests/2.28.1"
111.70.30.250 - - [15/Sep/2025:10:24:02 +0800] "POST /robot/lora-in.php HTTP/1.1" 200 - "-" "python-requests/2.21.0"
111.70.30.253 - - [15/Sep/2025:10:24:41 +0800] "POST /robot/lora-in.php HTTP/1.1" 200 - "-" "python-requests/2.21.0"
127.0.0.1 - - [15/Sep/2025:10:25:00 +0800] "GET /robot/alarm-history-in.php HTTP/1.1" 200 - "-" "python-requests/2.28.1"
111.70.30.252 - - [15/Sep/2025:10:25:38 +0800] "POST /robot/lora-in.php HTTP/1.1" 200 - "-" "python-requests/2.21.0"
127.0.0.1 - - [15/Sep/2025:10:26:00 +0800] "GET /robot/alarm-history-in.php HTTP/1.1" 200 - "-" "python-requests/2.28.1"
127.0.0.1 - - [15/Sep/2025:10:26:16 +0800] "GET /get-setting.json HTTP/1.1" 200 2314 "-" "python-requests/2.31.0"
127.0.0.1 - - [15/Sep/2025:10:26:16 +0800] "POST /robot/lora-in.php HTTP/1.1" 200 - "-" "python-requests/2.31.0"
127.0.0.1 - - [15/Sep/2025:10:26:19 +0800] "POST /robot/lora-in.php HTTP/1.1" 200 - "-" "python-requests/2.31.0"
127.0.0.1 - - [15/Sep/2025:10:26:26 +0800] "POST /robot/lora-in.php HTTP/1.1" 200 - "-" "python-requests/2.31.0"
127.0.0.1 - - [15/Sep/2025:10:26:33 +0800] "POST /robot/lora-in.php HTTP/1.1" 200 - "-" "python-requests/2.31.0"
127.0.0.1 - - [15/Sep/2025:10:26:38 +0800] "POST /robot/lora-in.php HTTP/1.1" 200 - "-" "python-requests/2.31.0"
127.0.0.1 - - [15/Sep/2025:10:26:48 +0800] "POST /robot/lora-in.php HTTP/1.1" 200 - "-" "python-requests/2.31.0"
127.0.0.1 - - [15/Sep/2025:10:26:55 +0800] "POST /robot/lora-in.php HTTP/1.1" 200 - "-" "python-requests/2.31.0"
127.0.0.1 - - [15/Sep/2025:10:26:56 +0800] "POST /robot/lora-in.php HTTP/1.1" 200 - "-" "python-requests/2.31.0"
127.0.0.1 - - [15/Sep/2025:10:27:00 +0800] "GET /robot/alarm-history-in.php HTTP/1.1" 200 - "-" "python-requests/2.28.1"
127.0.0.1 - - [15/Sep/2025:10:28:00 +0800] "GET /robot/alarm-history-in.php HTTP/1.1" 200 - "-" "python-requests/2.28.1"
127.0.0.1 - - [15/Sep/2025:10:29:00 +0800] "GET /robot/alarm-history-in.php HTTP/1.1" 200 - "-" "python-requests/2.28.1"
127.0.0.1 - - [15/Sep/2025:10:30:00 +0800] "GET /robot/alarm-history-in.php HTTP/1.1" 200 - "-" "python-requests/2.28.1"
127.0.0.1 - - [15/Sep/2025:10:30:13 +0800] "POST /robot/et-7026-in.php HTTP/1.1" 200 - "-" "python-requests/2.32.2"
127.0.0.1 - - [15/Sep/2025:10:30:44 +0800] "POST /robot/et-7026-in.php HTTP/1.1" 200 - "-" "python-requests/2.32.2"
127.0.0.1 - - [15/Sep/2025:10:30:54 +0800] "POST /robot/et-7026-in.php HTTP/1.1" 200 - "-" "python-requests/2.32.2"
127.0.0.1 - - [15/Sep/2025:10:31:00 +0800] "GET /robot/alarm-history-in.php HTTP/1.1" 200 - "-" "python-requests/2.28.1"
127.0.0.1 - - [15/Sep/2025:10:31:15 +0800] "POST /robot/et-7026-in.php HTTP/1.1" 200 - "-" "python-requests/2.32.2"
127.0.0.1 - - [15/Sep/2025:10:32:00 +0800] "GET /robot/alarm-history-in.php HTTP/1.1" 200 - "-" "python-requests/2.28.1"
111.70.30.251 - - [15/Sep/2025:10:32:05 +0800] "POST /robot/lora-in.php HTTP/1.1" 200 - "-" "python-requests/2.21.0"
111.70.30.250 - - [15/Sep/2025:10:32:37 +0800] "POST /robot/lora-in.php HTTP/1.1" 200 - "-" "python-requests/2.21.0"
127.0.0.1 - - [15/Sep/2025:10:33:00 +0800] "GET /robot/alarm-history-in.php HTTP/1.1" 200 - "-" "python-requests/2.28.1"
111.70.30.253 - - [15/Sep/2025:10:33:25 +0800] "POST /robot/lora-in.php HTTP/1.1" 200 - "-" "python-requests/2.21.0"
127.0.0.1 - - [15/Sep/2025:10:34:00 +0800] "GET /robot/alarm-history-in.php HTTP/1.1" 200 - "-" "python-requests/2.28.1"
111.70.30.252 - - [15/Sep/2025:10:34:48 +0800] "POST /robot/lora-in.php HTTP/1.1" 200 - "-" "python-requests/2.21.0"
127.0.0.1 - - [15/Sep/2025:10:35:00 +0800] "GET /robot/alarm-history-in.php HTTP/1.1" 200 - "-" "python-requests/2.28.1"
127.0.0.1 - - [15/Sep/2025:10:36:00 +0800] "GET /robot/alarm-history-in.php HTTP/1.1" 200 - "-" "python-requests/2.28.1"
127.0.0.1 - - [15/Sep/2025:10:36:16 +0800] "GET /get-setting.json HTTP/1.1" 200 2314 "-" "python-requests/2.31.0"
127.0.0.1 - - [15/Sep/2025:10:36:16 +0800] "POST /robot/lora-in.php HTTP/1.1" 200 - "-" "python-requests/2.31.0"
127.0.0.1 - - [15/Sep/2025:10:36:23 +0800] "POST /robot/lora-in.php HTTP/1.1" 200 - "-" "python-requests/2.31.0"
127.0.0.1 - - [15/Sep/2025:10:36:30 +0800] "POST /robot/lora-in.php HTTP/1.1" 200 - "-" "python-requests/2.31.0"
127.0.0.1 - - [15/Sep/2025:10:36:40 +0800] "POST /robot/lora-in.php HTTP/1.1" 200 - "-" "python-requests/2.31.0"
127.0.0.1 - - [15/Sep/2025:10:36:45 +0800] "POST /robot/lora-in.php HTTP/1.1" 200 - "-" "python-requests/2.31.0"
127.0.0.1 - - [15/Sep/2025:10:36:54 +0800] "POST /robot/lora-in.php HTTP/1.1" 200 - "-" "python-requests/2.31.0"
127.0.0.1 - - [15/Sep/2025:10:36:57 +0800] "POST /robot/lora-in.php HTTP/1.1" 200 - "-" "python-requests/2.31.0"
127.0.0.1 - - [15/Sep/2025:10:37:00 +0800] "GET /robot/alarm-history-in.php HTTP/1.1" 200 - "-" "python-requests/2.28.1"
127.0.0.1 - - [15/Sep/2025:10:37:04 +0800] "POST /robot/lora-in.php HTTP/1.1" 200 - "-" "python-requests/2.31.0"
127.0.0.1 - - [15/Sep/2025:10:38:00 +0800] "GET /robot/alarm-history-in.php HTTP/1.1" 200 - "-" "python-requests/2.28.1"
127.0.0.1 - - [15/Sep/2025:10:39:00 +0800] "GET /robot/alarm-history-in.php HTTP/1.1" 200 - "-" "python-requests/2.28.1"
127.0.0.1 - - [15/Sep/2025:10:40:00 +0800] "GET /robot/alarm-history-in.php HTTP/1.1" 200 - "-" "python-requests/2.28.1"
127.0.0.1 - - [15/Sep/2025:10:40:16 +0800] "POST /robot/et-7026-in.php HTTP/1.1" 200 - "-" "python-requests/2.32.2"
111.70.30.251 - - [15/Sep/2025:10:40:40 +0800] "POST /robot/lora-in.php HTTP/1.1" 200 - "-" "python-requests/2.21.0"
127.0.0.1 - - [15/Sep/2025:10:40:46 +0800] "POST /robot/et-7026-in.php HTTP/1.1" 200 - "-" "python-requests/2.32.2"
127.0.0.1 - - [15/Sep/2025:10:40:56 +0800] "POST /robot/et-7026-in.php HTTP/1.1" 200 - "-" "python-requests/2.32.2"
127.0.0.1 - - [15/Sep/2025:10:41:00 +0800] "GET /robot/alarm-history-in.php HTTP/1.1" 200 - "-" "python-requests/2.28.1"
111.70.30.250 - - [15/Sep/2025:10:41:11 +0800] "POST /robot/lora-in.php HTTP/1.1" 200 - "-" "python-requests/2.21.0"
127.0.0.1 - - [15/Sep/2025:10:41:15 +0800] "POST /robot/et-7026-in.php HTTP/1.1" 200 - "-" "python-requests/2.32.2"
127.0.0.1 - - [15/Sep/2025:10:42:00 +0800] "GET /robot/alarm-history-in.php HTTP/1.1" 200 - "-" "python-requests/2.28.1"
111.70.30.253 - - [15/Sep/2025:10:42:09 +0800] "POST /robot/lora-in.php HTTP/1.1" 200 - "-" "python-requests/2.21.0"
127.0.0.1 - - [15/Sep/2025:10:43:00 +0800] "GET /robot/alarm-history-in.php HTTP/1.1" 200 - "-" "python-requests/2.28.1"
111.70.30.252 - - [15/Sep/2025:10:43:57 +0800] "POST /robot/lora-in.php HTTP/1.1" 200 - "-" "python-requests/2.21.0"
127.0.0.1 - - [15/Sep/2025:10:44:00 +0800] "GET /robot/alarm-history-in.php HTTP/1.1" 200 - "-" "python-requests/2.28.1"
127.0.0.1 - - [15/Sep/2025:10:45:00 +0800] "GET /robot/alarm-history-in.php HTTP/1.1" 200 - "-" "python-requests/2.28.1"
127.0.0.1 - - [15/Sep/2025:10:46:00 +0800] "GET /robot/alarm-history-in.php HTTP/1.1" 200 - "-" "python-requests/2.28.1"
127.0.0.1 - - [15/Sep/2025:10:46:16 +0800] "GET /get-setting.json HTTP/1.1" 200 2314 "-" "python-requests/2.31.0"
127.0.0.1 - - [15/Sep/2025:10:46:16 +0800] "POST /robot/lora-in.php HTTP/1.1" 200 - "-" "python-requests/2.31.0"
127.0.0.1 - - [15/Sep/2025:10:46:19 +0800] "POST /robot/lora-in.php HTTP/1.1" 200 - "-" "python-requests/2.31.0"
127.0.0.1 - - [15/Sep/2025:10:46:24 +0800] "POST /robot/lora-in.php HTTP/1.1" 200 - "-" "python-requests/2.31.0"
127.0.0.1 - - [15/Sep/2025:10:46:34 +0800] "POST /robot/lora-in.php HTTP/1.1" 200 - "-" "python-requests/2.31.0"
127.0.0.1 - - [15/Sep/2025:10:46:40 +0800] "POST /robot/lora-in.php HTTP/1.1" 200 - "-" "python-requests/2.31.0"
127.0.0.1 - - [15/Sep/2025:10:46:49 +0800] "POST /robot/lora-in.php HTTP/1.1" 200 - "-" "python-requests/2.31.0"
127.0.0.1 - - [15/Sep/2025:10:46:53 +0800] "POST /robot/lora-in.php HTTP/1.1" 200 - "-" "python-requests/2.31.0"
127.0.0.1 - - [15/Sep/2025:10:46:57 +0800] "POST /robot/lora-in.php HTTP/1.1" 200 - "-" "python-requests/2.31.0"
127.0.0.1 - - [15/Sep/2025:10:47:00 +0800] "GET /robot/alarm-history-in.php HTTP/1.1" 200 - "-" "python-requests/2.28.1"
127.0.0.1 - - [15/Sep/2025:10:48:00 +0800] "GET /robot/alarm-history-in.php HTTP/1.1" 200 - "-" "python-requests/2.28.1"
127.0.0.1 - - [15/Sep/2025:10:49:00 +0800] "GET /robot/alarm-history-in.php HTTP/1.1" 200 - "-" "python-requests/2.28.1"
111.70.30.251 - - [15/Sep/2025:10:49:15 +0800] "POST /robot/lora-in.php HTTP/1.1" 200 - "-" "python-requests/2.21.0"
111.70.30.250 - - [15/Sep/2025:10:49:47 +0800] "POST /robot/lora-in.php HTTP/1.1" 200 - "-" "python-requests/2.21.0"
127.0.0.1 - - [15/Sep/2025:10:50:00 +0800] "GET /robot/alarm-history-in.php HTTP/1.1" 200 - "-" "python-requests/2.28.1"
127.0.0.1 - - [15/Sep/2025:10:50:19 +0800] "POST /robot/et-7026-in.php HTTP/1.1" 200 - "-" "python-requests/2.32.2"
127.0.0.1 - - [15/Sep/2025:10:50:47 +0800] "POST /robot/et-7026-in.php HTTP/1.1" 200 - "-" "python-requests/2.32.2"
111.70.30.253 - - [15/Sep/2025:10:50:54 +0800] "POST /robot/lora-in.php HTTP/1.1" 200 - "-" "python-requests/2.21.0"
127.0.0.1 - - [15/Sep/2025:10:50:59 +0800] "POST /robot/et-7026-in.php HTTP/1.1" 200 - "-" "python-requests/2.32.2"
127.0.0.1 - - [15/Sep/2025:10:51:00 +0800] "GET /robot/alarm-history-in.php HTTP/1.1" 200 - "-" "python-requests/2.28.1"
127.0.0.1 - - [15/Sep/2025:10:51:15 +0800] "POST /robot/et-7026-in.php HTTP/1.1" 200 - "-" "python-requests/2.32.2"
127.0.0.1 - - [15/Sep/2025:10:52:00 +0800] "GET /robot/alarm-history-in.php HTTP/1.1" 200 - "-" "python-requests/2.28.1"
127.0.0.1 - - [15/Sep/2025:10:53:00 +0800] "GET /robot/alarm-history-in.php HTTP/1.1" 200 - "-" "python-requests/2.28.1"
111.70.30.252 - - [15/Sep/2025:10:53:07 +0800] "POST /robot/lora-in.php HTTP/1.1" 200 - "-" "python-requests/2.21.0"
127.0.0.1 - - [15/Sep/2025:10:54:00 +0800] "GET /robot/alarm-history-in.php HTTP/1.1" 200 - "-" "python-requests/2.28.1"
127.0.0.1 - - [15/Sep/2025:10:55:00 +0800] "GET /robot/alarm-history-in.php HTTP/1.1" 200 - "-" "python-requests/2.28.1"
127.0.0.1 - - [15/Sep/2025:10:56:00 +0800] "GET /robot/alarm-history-in.php HTTP/1.1" 200 - "-" "python-requests/2.28.1"
127.0.0.1 - - [15/Sep/2025:10:56:16 +0800] "GET /get-setting.json HTTP/1.1" 200 2314 "-" "python-requests/2.31.0"
127.0.0.1 - - [15/Sep/2025:10:56:16 +0800] "POST /robot/lora-in.php HTTP/1.1" 200 - "-" "python-requests/2.31.0"
127.0.0.1 - - [15/Sep/2025:10:56:23 +0800] "POST /robot/lora-in.php HTTP/1.1" 200 - "-" "python-requests/2.31.0"
127.0.0.1 - - [15/Sep/2025:10:56:24 +0800] "POST /robot/lora-in.php HTTP/1.1" 200 - "-" "python-requests/2.31.0"
127.0.0.1 - - [15/Sep/2025:10:56:31 +0800] "POST /robot/lora-in.php HTTP/1.1" 200 - "-" "python-requests/2.31.0"
127.0.0.1 - - [15/Sep/2025:10:56:37 +0800] "POST /robot/lora-in.php HTTP/1.1" 200 - "-" "python-requests/2.31.0"
127.0.0.1 - - [15/Sep/2025:10:56:40 +0800] "POST /robot/lora-in.php HTTP/1.1" 200 - "-" "python-requests/2.31.0"
127.0.0.1 - - [15/Sep/2025:10:56:42 +0800] "POST /robot/lora-in.php HTTP/1.1" 200 - "-" "python-requests/2.31.0"
127.0.0.1 - - [15/Sep/2025:10:56:49 +0800] "POST /robot/lora-in.php HTTP/1.1" 200 - "-" "python-requests/2.31.0"
127.0.0.1 - - [15/Sep/2025:10:57:00 +0800] "GET /robot/alarm-history-in.php HTTP/1.1" 200 - "-" "python-requests/2.28.1"
111.70.30.251 - - [15/Sep/2025:10:57:50 +0800] "POST /robot/lora-in.php HTTP/1.1" 200 - "-" "python-requests/2.21.0"
127.0.0.1 - - [15/Sep/2025:10:58:00 +0800] "GET /robot/alarm-history-in.php HTTP/1.1" 200 - "-" "python-requests/2.28.1"
111.70.30.250 - - [15/Sep/2025:10:58:21 +0800] "POST /robot/lora-in.php HTTP/1.1" 200 - "-" "python-requests/2.21.0"
127.0.0.1 - - [15/Sep/2025:10:59:00 +0800] "GET /robot/alarm-history-in.php HTTP/1.1" 200 - "-" "python-requests/2.28.1"
127.0.0.1 - - [15/Sep/2025:10:59:29 +0800] "GET /manager-page/login.php HTTP/1.1" 200 2365 "-" "Mozilla/5.0 (Windows NT 10.0; Win64; x64) AppleWebKit/537.36 (KHTML, like Gecko) Chrome/119.0.0.0 Safari/537.36"
127.0.0.1 - - [15/Sep/2025:10:59:34 +0800] "GET /favicon.ico HTTP/1.1" 404 196 "http://127.0.0.1/manager-page/login.php" "Mozilla/5.0 (Windows NT 10.0; Win64; x64) AppleWebKit/537.36 (KHTML, like Gecko) Chrome/119.0.0.0 Safari/537.36"
111.70.30.253 - - [15/Sep/2025:10:59:37 +0800] "POST /robot/lora-in.php HTTP/1.1" 200 - "-" "python-requests/2.21.0"
127.0.0.1 - - [15/Sep/2025:10:59:42 +0800] "POST /manager-page/login.php HTTP/1.1" 302 - "http://127.0.0.1/manager-page/login.php" "Mozilla/5.0 (Windows NT 10.0; Win64; x64) AppleWebKit/537.36 (KHTML, like Gecko) Chrome/119.0.0.0 Safari/537.36"
127.0.0.1 - - [15/Sep/2025:10:59:42 +0800] "GET /manager-page/home.php HTTP/1.1" 302 - "http://127.0.0.1/manager-page/login.php" "Mozilla/5.0 (Windows NT 10.0; Win64; x64) AppleWebKit/537.36 (KHTML, like Gecko) Chrome/119.0.0.0 Safari/537.36"
127.0.0.1 - - [15/Sep/2025:10:59:42 +0800] "GET /manager-page/alarm/1-1.jpg?t=2099214429 HTTP/1.1" 200 322868 "http://127.0.0.1/manager-page/home-1.php" "Mozilla/5.0 (Windows NT 10.0; Win64; x64) AppleWebKit/537.36 (KHTML, like Gecko) Chrome/119.0.0.0 Safari/537.36"
127.0.0.1 - - [15/Sep/2025:10:59:42 +0800] "GET /manager-page/alarm/1-2.jpg?t=690782587 HTTP/1.1" 200 495492 "http://127.0.0.1/manager-page/home-1.php" "Mozilla/5.0 (Windows NT 10.0; Win64; x64) AppleWebKit/537.36 (KHTML, like Gecko) Chrome/119.0.0.0 Safari/537.36"
127.0.0.1 - - [15/Sep/2025:10:59:42 +0800] "GET /manager-page/home-1.php HTTP/1.1" 200 30149 "http://127.0.0.1/manager-page/login.php" "Mozilla/5.0 (Windows NT 10.0; Win64; x64) AppleWebKit/537.36 (KHTML, like Gecko) Chrome/119.0.0.0 Safari/537.36"
127.0.0.1 - - [15/Sep/2025:10:59:42 +0800] "GET /manager-page/api/snapshot.php?id=11 HTTP/1.1" 200 42654 "http://127.0.0.1/manager-page/home-1.php" "Mozilla/5.0 (Windows NT 10.0; Win64; x64) AppleWebKit/537.36 (KHTML, like Gecko) Chrome/119.0.0.0 Safari/537.36"
127.0.0.1 - - [15/Sep/2025:10:59:42 +0800] "GET /manager-page/api/snapshot.php?id=12 HTTP/1.1" 200 41432 "http://127.0.0.1/manager-page/home-1.php" "Mozilla/5.0 (Windows NT 10.0; Win64; x64) AppleWebKit/537.36 (KHTML, like Gecko) Chrome/119.0.0.0 Safari/537.36"
127.0.0.1 - - [15/Sep/2025:10:59:45 +0800] "GET /manager-page/api/cms-status1.php HTTP/1.1" 200 12 "http://127.0.0.1/manager-page/home-1.php" "Mozilla/5.0 (Windows NT 10.0; Win64; x64) AppleWebKit/537.36 (KHTML, like Gecko) Chrome/119.0.0.0 Safari/537.36"
127.0.0.1 - - [15/Sep/2025:10:59:45 +0800] "GET /manager-page/api/lp-status1.php HTTP/1.1" 200 1 "http://127.0.0.1/manager-page/home-1.php" "Mozilla/5.0 (Windows NT 10.0; Win64; x64) AppleWebKit/537.36 (KHTML, like Gecko) Chrome/119.0.0.0 Safari/537.36"
127.0.0.1 - - [15/Sep/2025:10:59:50 +0800] "GET /manager-page/api/snapshot.php?id=11&t=0.9249174611375266 HTTP/1.1" 200 43157 "http://127.0.0.1/manager-page/home-1.php" "Mozilla/5.0 (Windows NT 10.0; Win64; x64) AppleWebKit/537.36 (KHTML, like Gecko) Chrome/119.0.0.0 Safari/537.36"
127.0.0.1 - - [15/Sep/2025:10:59:50 +0800] "GET /manager-page/api/snapshot.php?id=12&t=0.4078075429217547 HTTP/1.1" 200 41307 "http://127.0.0.1/manager-page/home-1.php" "Mozilla/5.0 (Windows NT 10.0; Win64; x64) AppleWebKit/537.36 (KHTML, like Gecko) Chrome/119.0.0.0 Safari/537.36"
127.0.0.1 - - [15/Sep/2025:10:59:53 +0800] "GET /manager-page/api/cms-on1.php?token1=bfd0ccb6cc69cd92ce863a5ea00ec1460e72f8b23e9241c36b2344addb13df1f544261154cb1c912fddb871700675638d59280640e9d189fb342b9c3e166beb4 HTTP/1.1" 200 2 "http://127.0.0.1/manager-page/home-1.php" "Mozilla/5.0 (Windows NT 10.0; Win64; x64) AppleWebKit/537.36 (KHTML, like Gecko) Chrome/119.0.0.0 Safari/537.36"
127.0.0.1 - - [15/Sep/2025:10:59:55 +0800] "GET /manager-page/api/snapshot.php?id=11&t=0.42004906347097415 HTTP/1.1" 200 43030 "http://127.0.0.1/manager-page/home-1.php" "Mozilla/5.0 (Windows NT 10.0; Win64; x64) AppleWebKit/537.36 (KHTML, like Gecko) Chrome/119.0.0.0 Safari/537.36"
127.0.0.1 - - [15/Sep/2025:10:59:55 +0800] "GET /manager-page/api/snapshot.php?id=12&t=0.1937095161860427 HTTP/1.1" 200 41299 "http://127.0.0.1/manager-page/home-1.php" "Mozilla/5.0 (Windows NT 10.0; Win64; x64) AppleWebKit/537.36 (KHTML, like Gecko) Chrome/119.0.0.0 Safari/537.36"
127.0.0.1 - - [15/Sep/2025:11:00:00 +0800] "GET /manager-page/api/snapshot.php?id=12&t=0.836708317071446 HTTP/1.1" 200 41194 "http://127.0.0.1/manager-page/home-1.php" "Mozilla/5.0 (Windows NT 10.0; Win64; x64) AppleWebKit/537.36 (KHTML, like Gecko) Chrome/119.0.0.0 Safari/537.36"
127.0.0.1 - - [15/Sep/2025:11:00:00 +0800] "GET /robot/alarm-history-in.php HTTP/1.1" 200 - "-" "python-requests/2.28.1"
127.0.0.1 - - [15/Sep/2025:11:00:00 +0800] "GET /manager-page/api/snapshot.php?id=11&t=0.9479131292116982 HTTP/1.1" 200 42951 "http://127.0.0.1/manager-page/home-1.php" "Mozilla/5.0 (Windows NT 10.0; Win64; x64) AppleWebKit/537.36 (KHTML, like Gecko) Chrome/119.0.0.0 Safari/537.36"
127.0.0.1 - - [15/Sep/2025:11:00:05 +0800] "GET /manager-page/api/snapshot.php?id=12&t=0.2076940527703799 HTTP/1.1" 200 41121 "http://127.0.0.1/manager-page/home-1.php" "Mozilla/5.0 (Windows NT 10.0; Win64; x64) AppleWebKit/537.36 (KHTML, like Gecko) Chrome/119.0.0.0 Safari/537.36"
127.0.0.1 - - [15/Sep/2025:11:00:05 +0800] "GET /manager-page/api/snapshot.php?id=11&t=0.11337211430700789 HTTP/1.1" 200 43105 "http://127.0.0.1/manager-page/home-1.php" "Mozilla/5.0 (Windows NT 10.0; Win64; x64) AppleWebKit/537.36 (KHTML, like Gecko) Chrome/119.0.0.0 Safari/537.36"
127.0.0.1 - - [15/Sep/2025:11:00:10 +0800] "GET /manager-page/api/snapshot.php?id=11&t=0.09619810458207168 HTTP/1.1" 200 42574 "http://127.0.0.1/manager-page/home-1.php" "Mozilla/5.0 (Windows NT 10.0; Win64; x64) AppleWebKit/537.36 (KHTML, like Gecko) Chrome/119.0.0.0 Safari/537.36"
127.0.0.1 - - [15/Sep/2025:11:00:10 +0800] "GET /manager-page/api/snapshot.php?id=12&t=0.6993840478860163 HTTP/1.1" 200 41213 "http://127.0.0.1/manager-page/home-1.php" "Mozilla/5.0 (Windows NT 10.0; Win64; x64) AppleWebKit/537.36 (KHTML, like Gecko) Chrome/119.0.0.0 Safari/537.36"
127.0.0.1 - - [15/Sep/2025:11:00:15 +0800] "GET /manager-page/api/snapshot.php?id=11&t=0.8357029549557662 HTTP/1.1" 200 42977 "http://127.0.0.1/manager-page/home-1.php" "Mozilla/5.0 (Windows NT 10.0; Win64; x64) AppleWebKit/537.36 (KHTML, like Gecko) Chrome/119.0.0.0 Safari/537.36"
127.0.0.1 - - [15/Sep/2025:11:00:15 +0800] "GET /manager-page/api/snapshot.php?id=12&t=0.052837183460684 HTTP/1.1" 200 41293 "http://127.0.0.1/manager-page/home-1.php" "Mozilla/5.0 (Windows NT 10.0; Win64; x64) AppleWebKit/537.36 (KHTML, like Gecko) Chrome/119.0.0.0 Safari/537.36"
127.0.0.1 - - [15/Sep/2025:11:00:20 +0800] "GET /manager-page/api/snapshot.php?id=11&t=0.3654332784853487 HTTP/1.1" 200 43131 "http://127.0.0.1/manager-page/home-1.php" "Mozilla/5.0 (Windows NT 10.0; Win64; x64) AppleWebKit/537.36 (KHTML, like Gecko) Chrome/119.0.0.0 Safari/537.36"
127.0.0.1 - - [15/Sep/2025:11:00:20 +0800] "GET /manager-page/api/snapshot.php?id=12&t=0.43859936309230485 HTTP/1.1" 200 41257 "http://127.0.0.1/manager-page/home-1.php" "Mozilla/5.0 (Windows NT 10.0; Win64; x64) AppleWebKit/537.36 (KHTML, like Gecko) Chrome/119.0.0.0 Safari/537.36"
127.0.0.1 - - [15/Sep/2025:11:00:22 +0800] "POST /robot/et-7026-in.php HTTP/1.1" 200 - "-" "python-requests/2.32.2"
127.0.0.1 - - [15/Sep/2025:11:00:25 +0800] "GET /manager-page/api/snapshot.php?id=11&t=0.7699370276523352 HTTP/1.1" 200 43180 "http://127.0.0.1/manager-page/home-1.php" "Mozilla/5.0 (Windows NT 10.0; Win64; x64) AppleWebKit/537.36 (KHTML, like Gecko) Chrome/119.0.0.0 Safari/537.36"
127.0.0.1 - - [15/Sep/2025:11:00:25 +0800] "GET /manager-page/api/snapshot.php?id=12&t=0.6044771894480996 HTTP/1.1" 200 41635 "http://127.0.0.1/manager-page/home-1.php" "Mozilla/5.0 (Windows NT 10.0; Win64; x64) AppleWebKit/537.36 (KHTML, like Gecko) Chrome/119.0.0.0 Safari/537.36"
127.0.0.1 - - [15/Sep/2025:11:00:30 +0800] "GET /manager-page/api/snapshot.php?id=12&t=0.05961077347560417 HTTP/1.1" 200 41748 "http://127.0.0.1/manager-page/home-1.php" "Mozilla/5.0 (Windows NT 10.0; Win64; x64) AppleWebKit/537.36 (KHTML, like Gecko) Chrome/119.0.0.0 Safari/537.36"
127.0.0.1 - - [15/Sep/2025:11:00:30 +0800] "GET /manager-page/api/snapshot.php?id=11&t=0.9871370359628544 HTTP/1.1" 200 43190 "http://127.0.0.1/manager-page/home-1.php" "Mozilla/5.0 (Windows NT 10.0; Win64; x64) AppleWebKit/537.36 (KHTML, like Gecko) Chrome/119.0.0.0 Safari/537.36"
127.0.0.1 - - [15/Sep/2025:11:00:35 +0800] "GET /manager-page/api/snapshot.php?id=11&t=0.8748396839994412 HTTP/1.1" 200 43737 "http://127.0.0.1/manager-page/home-1.php" "Mozilla/5.0 (Windows NT 10.0; Win64; x64) AppleWebKit/537.36 (KHTML, like Gecko) Chrome/119.0.0.0 Safari/537.36"
127.0.0.1 - - [15/Sep/2025:11:00:35 +0800] "GET /manager-page/api/snapshot.php?id=12&t=0.9479574123886794 HTTP/1.1" 200 41300 "http://127.0.0.1/manager-page/home-1.php" "Mozilla/5.0 (Windows NT 10.0; Win64; x64) AppleWebKit/537.36 (KHTML, like Gecko) Chrome/119.0.0.0 Safari/537.36"
127.0.0.1 - - [15/Sep/2025:11:00:40 +0800] "GET /manager-page/api/snapshot.php?id=11&t=0.831267592303998 HTTP/1.1" 200 43127 "http://127.0.0.1/manager-page/home-1.php" "Mozilla/5.0 (Windows NT 10.0; Win64; x64) AppleWebKit/537.36 (KHTML, like Gecko) Chrome/119.0.0.0 Safari/537.36"
127.0.0.1 - - [15/Sep/2025:11:00:40 +0800] "GET /manager-page/api/snapshot.php?id=12&t=0.8757714956631817 HTTP/1.1" 200 41214 "http://127.0.0.1/manager-page/home-1.php" "Mozilla/5.0 (Windows NT 10.0; Win64; x64) AppleWebKit/537.36 (KHTML, like Gecko) Chrome/119.0.0.0 Safari/537.36"
127.0.0.1 - - [15/Sep/2025:11:00:45 +0800] "GET /manager-page/api/snapshot.php?id=11&t=0.9632767152037027 HTTP/1.1" 200 39656 "http://127.0.0.1/manager-page/home-1.php" "Mozilla/5.0 (Windows NT 10.0; Win64; x64) AppleWebKit/537.36 (KHTML, like Gecko) Chrome/119.0.0.0 Safari/537.36"
127.0.0.1 - - [15/Sep/2025:11:00:45 +0800] "GET /manager-page/api/snapshot.php?id=12&t=0.22945656445224372 HTTP/1.1" 200 41461 "http://127.0.0.1/manager-page/home-1.php" "Mozilla/5.0 (Windows NT 10.0; Win64; x64) AppleWebKit/537.36 (KHTML, like Gecko) Chrome/119.0.0.0 Safari/537.36"
127.0.0.1 - - [15/Sep/2025:11:00:50 +0800] "POST /robot/et-7026-in.php HTTP/1.1" 200 - "-" "python-requests/2.32.2"
127.0.0.1 - - [15/Sep/2025:11:00:50 +0800] "GET /manager-page/api/snapshot.php?id=11&t=0.7900321512043844 HTTP/1.1" 200 42988 "http://127.0.0.1/manager-page/home-1.php" "Mozilla/5.0 (Windows NT 10.0; Win64; x64) AppleWebKit/537.36 (KHTML, like Gecko) Chrome/119.0.0.0 Safari/537.36"
127.0.0.1 - - [15/Sep/2025:11:00:50 +0800] "GET /manager-page/api/snapshot.php?id=12&t=0.6827092609680008 HTTP/1.1" 200 42089 "http://127.0.0.1/manager-page/home-1.php" "Mozilla/5.0 (Windows NT 10.0; Win64; x64) AppleWebKit/537.36 (KHTML, like Gecko) Chrome/119.0.0.0 Safari/537.36"
127.0.0.1 - - [15/Sep/2025:11:00:55 +0800] "GET /manager-page/api/snapshot.php?id=12&t=0.23919002626578068 HTTP/1.1" 200 41419 "http://127.0.0.1/manager-page/home-1.php" "Mozilla/5.0 (Windows NT 10.0; Win64; x64) AppleWebKit/537.36 (KHTML, like Gecko) Chrome/119.0.0.0 Safari/537.36"
127.0.0.1 - - [15/Sep/2025:11:00:55 +0800] "GET /manager-page/api/snapshot.php?id=11&t=0.8040479017356836 HTTP/1.1" 200 43068 "http://127.0.0.1/manager-page/home-1.php" "Mozilla/5.0 (Windows NT 10.0; Win64; x64) AppleWebKit/537.36 (KHTML, like Gecko) Chrome/119.0.0.0 Safari/537.36"
127.0.0.1 - - [15/Sep/2025:11:00:59 +0800] "POST /robot/et-7026-in.php HTTP/1.1" 200 - "-" "python-requests/2.32.2"
127.0.0.1 - - [15/Sep/2025:11:01:00 +0800] "GET /manager-page/api/snapshot.php?id=11&t=0.5317758884331552 HTTP/1.1" 200 42781 "http://127.0.0.1/manager-page/home-1.php" "Mozilla/5.0 (Windows NT 10.0; Win64; x64) AppleWebKit/537.36 (KHTML, like Gecko) Chrome/119.0.0.0 Safari/537.36"
127.0.0.1 - - [15/Sep/2025:11:01:00 +0800] "GET /robot/alarm-history-in.php HTTP/1.1" 200 - "-" "python-requests/2.28.1"
127.0.0.1 - - [15/Sep/2025:11:01:00 +0800] "GET /manager-page/api/snapshot.php?id=12&t=0.05611249584172784 HTTP/1.1" 200 41567 "http://127.0.0.1/manager-page/home-1.php" "Mozilla/5.0 (Windows NT 10.0; Win64; x64) AppleWebKit/537.36 (KHTML, like Gecko) Chrome/119.0.0.0 Safari/537.36"
127.0.0.1 - - [15/Sep/2025:11:01:05 +0800] "GET /manager-page/api/snapshot.php?id=11&t=0.9377289369883095 HTTP/1.1" 200 43023 "http://127.0.0.1/manager-page/home-1.php" "Mozilla/5.0 (Windows NT 10.0; Win64; x64) AppleWebKit/537.36 (KHTML, like Gecko) Chrome/119.0.0.0 Safari/537.36"
127.0.0.1 - - [15/Sep/2025:11:01:05 +0800] "GET /manager-page/api/snapshot.php?id=12&t=0.7287946067523592 HTTP/1.1" 200 41207 "http://127.0.0.1/manager-page/home-1.php" "Mozilla/5.0 (Windows NT 10.0; Win64; x64) AppleWebKit/537.36 (KHTML, like Gecko) Chrome/119.0.0.0 Safari/537.36"
127.0.0.1 - - [15/Sep/2025:11:01:10 +0800] "GET /manager-page/api/snapshot.php?id=12&t=0.4106791121190976 HTTP/1.1" 200 40983 "http://127.0.0.1/manager-page/home-1.php" "Mozilla/5.0 (Windows NT 10.0; Win64; x64) AppleWebKit/537.36 (KHTML, like Gecko) Chrome/119.0.0.0 Safari/537.36"
127.0.0.1 - - [15/Sep/2025:11:01:10 +0800] "GET /manager-page/api/snapshot.php?id=11&t=0.7750534475572557 HTTP/1.1" 200 43118 "http://127.0.0.1/manager-page/home-1.php" "Mozilla/5.0 (Windows NT 10.0; Win64; x64) AppleWebKit/537.36 (KHTML, like Gecko) Chrome/119.0.0.0 Safari/537.36"
127.0.0.1 - - [15/Sep/2025:11:01:15 +0800] "GET /manager-page/api/snapshot.php?id=12&t=0.9051412851937854 HTTP/1.1" 200 41089 "http://127.0.0.1/manager-page/home-1.php" "Mozilla/5.0 (Windows NT 10.0; Win64; x64) AppleWebKit/537.36 (KHTML, like Gecko) Chrome/119.0.0.0 Safari/537.36"
127.0.0.1 - - [15/Sep/2025:11:01:16 +0800] "POST /robot/et-7026-in.php HTTP/1.1" 200 - "-" "python-requests/2.32.2"
127.0.0.1 - - [15/Sep/2025:11:01:15 +0800] "GET /manager-page/api/snapshot.php?id=11&t=0.8886719107612469 HTTP/1.1" 200 42880 "http://127.0.0.1/manager-page/home-1.php" "Mozilla/5.0 (Windows NT 10.0; Win64; x64) AppleWebKit/537.36 (KHTML, like Gecko) Chrome/119.0.0.0 Safari/537.36"
127.0.0.1 - - [15/Sep/2025:11:01:20 +0800] "GET /manager-page/api/snapshot.php?id=11&t=0.9255984913385311 HTTP/1.1" 200 43023 "http://127.0.0.1/manager-page/home-1.php" "Mozilla/5.0 (Windows NT 10.0; Win64; x64) AppleWebKit/537.36 (KHTML, like Gecko) Chrome/119.0.0.0 Safari/537.36"
127.0.0.1 - - [15/Sep/2025:11:01:20 +0800] "GET /manager-page/api/snapshot.php?id=12&t=0.3800004022284771 HTTP/1.1" 200 40812 "http://127.0.0.1/manager-page/home-1.php" "Mozilla/5.0 (Windows NT 10.0; Win64; x64) AppleWebKit/537.36 (KHTML, like Gecko) Chrome/119.0.0.0 Safari/537.36"
127.0.0.1 - - [15/Sep/2025:11:01:25 +0800] "GET /manager-page/api/snapshot.php?id=11&t=0.36296103212399355 HTTP/1.1" 200 42948 "http://127.0.0.1/manager-page/home-1.php" "Mozilla/5.0 (Windows NT 10.0; Win64; x64) AppleWebKit/537.36 (KHTML, like Gecko) Chrome/119.0.0.0 Safari/537.36"
127.0.0.1 - - [15/Sep/2025:11:01:25 +0800] "GET /manager-page/api/snapshot.php?id=12&t=0.2167044928453068 HTTP/1.1" 200 40727 "http://127.0.0.1/manager-page/home-1.php" "Mozilla/5.0 (Windows NT 10.0; Win64; x64) AppleWebKit/537.36 (KHTML, like Gecko) Chrome/119.0.0.0 Safari/537.36"
127.0.0.1 - - [15/Sep/2025:11:01:30 +0800] "GET /manager-page/api/snapshot.php?id=12&t=0.3105167884115576 HTTP/1.1" 200 40813 "http://127.0.0.1/manager-page/home-1.php" "Mozilla/5.0 (Windows NT 10.0; Win64; x64) AppleWebKit/537.36 (KHTML, like Gecko) Chrome/119.0.0.0 Safari/537.36"
127.0.0.1 - - [15/Sep/2025:11:01:30 +0800] "GET /manager-page/api/snapshot.php?id=11&t=0.8966756528794619 HTTP/1.1" 200 42919 "http://127.0.0.1/manager-page/home-1.php" "Mozilla/5.0 (Windows NT 10.0; Win64; x64) AppleWebKit/537.36 (KHTML, like Gecko) Chrome/119.0.0.0 Safari/537.36"
127.0.0.1 - - [15/Sep/2025:11:01:35 +0800] "GET /manager-page/api/snapshot.php?id=11&t=0.7652254593977801 HTTP/1.1" 200 42868 "http://127.0.0.1/manager-page/home-1.php" "Mozilla/5.0 (Windows NT 10.0; Win64; x64) AppleWebKit/537.36 (KHTML, like Gecko) Chrome/119.0.0.0 Safari/537.36"
127.0.0.1 - - [15/Sep/2025:11:01:35 +0800] "GET /manager-page/api/snapshot.php?id=12&t=0.7417536012217307 HTTP/1.1" 200 40879 "http://127.0.0.1/manager-page/home-1.php" "Mozilla/5.0 (Windows NT 10.0; Win64; x64) AppleWebKit/537.36 (KHTML, like Gecko) Chrome/119.0.0.0 Safari/537.36"
127.0.0.1 - - [15/Sep/2025:11:01:40 +0800] "GET /manager-page/api/snapshot.php?id=11&t=0.06991010154137633 HTTP/1.1" 200 42979 "http://127.0.0.1/manager-page/home-1.php" "Mozilla/5.0 (Windows NT 10.0; Win64; x64) AppleWebKit/537.36 (KHTML, like Gecko) Chrome/119.0.0.0 Safari/537.36"
127.0.0.1 - - [15/Sep/2025:11:01:40 +0800] "GET /manager-page/api/snapshot.php?id=12&t=0.9126950826612599 HTTP/1.1" 200 40992 "http://127.0.0.1/manager-page/home-1.php" "Mozilla/5.0 (Windows NT 10.0; Win64; x64) AppleWebKit/537.36 (KHTML, like Gecko) Chrome/119.0.0.0 Safari/537.36"
127.0.0.1 - - [15/Sep/2025:11:01:45 +0800] "GET /manager-page/api/snapshot.php?id=11&t=0.6581989900369429 HTTP/1.1" 200 42997 "http://127.0.0.1/manager-page/home-1.php" "Mozilla/5.0 (Windows NT 10.0; Win64; x64) AppleWebKit/537.36 (KHTML, like Gecko) Chrome/119.0.0.0 Safari/537.36"
127.0.0.1 - - [15/Sep/2025:11:01:45 +0800] "GET /manager-page/api/snapshot.php?id=12&t=0.2870323698208279 HTTP/1.1" 200 41080 "http://127.0.0.1/manager-page/home-1.php" "Mozilla/5.0 (Windows NT 10.0; Win64; x64) AppleWebKit/537.36 (KHTML, like Gecko) Chrome/119.0.0.0 Safari/537.36"
127.0.0.1 - - [15/Sep/2025:11:01:50 +0800] "GET /manager-page/api/snapshot.php?id=11&t=0.5271511561993443 HTTP/1.1" 200 43028 "http://127.0.0.1/manager-page/home-1.php" "Mozilla/5.0 (Windows NT 10.0; Win64; x64) AppleWebKit/537.36 (KHTML, like Gecko) Chrome/119.0.0.0 Safari/537.36"
127.0.0.1 - - [15/Sep/2025:11:01:50 +0800] "GET /manager-page/api/snapshot.php?id=12&t=0.16497062411952568 HTTP/1.1" 200 41081 "http://127.0.0.1/manager-page/home-1.php" "Mozilla/5.0 (Windows NT 10.0; Win64; x64) AppleWebKit/537.36 (KHTML, like Gecko) Chrome/119.0.0.0 Safari/537.36"
127.0.0.1 - - [15/Sep/2025:11:01:55 +0800] "GET /manager-page/api/snapshot.php?id=11&t=0.3813162806132264 HTTP/1.1" 200 43000 "http://127.0.0.1/manager-page/home-1.php" "Mozilla/5.0 (Windows NT 10.0; Win64; x64) AppleWebKit/537.36 (KHTML, like Gecko) Chrome/119.0.0.0 Safari/537.36"
127.0.0.1 - - [15/Sep/2025:11:01:55 +0800] "GET /manager-page/api/snapshot.php?id=12&t=0.8092114350550657 HTTP/1.1" 200 40834 "http://127.0.0.1/manager-page/home-1.php" "Mozilla/5.0 (Windows NT 10.0; Win64; x64) AppleWebKit/537.36 (KHTML, like Gecko) Chrome/119.0.0.0 Safari/537.36"
127.0.0.1 - - [15/Sep/2025:11:02:00 +0800] "GET /manager-page/api/snapshot.php?id=12&t=0.10916797270594714 HTTP/1.1" 200 40847 "http://127.0.0.1/manager-page/home-1.php" "Mozilla/5.0 (Windows NT 10.0; Win64; x64) AppleWebKit/537.36 (KHTML, like Gecko) Chrome/119.0.0.0 Safari/537.36"
127.0.0.1 - - [15/Sep/2025:11:02:00 +0800] "GET /robot/alarm-history-in.php HTTP/1.1" 200 - "-" "python-requests/2.28.1"
127.0.0.1 - - [15/Sep/2025:11:02:00 +0800] "GET /manager-page/api/snapshot.php?id=11&t=0.5024302220746906 HTTP/1.1" 200 43007 "http://127.0.0.1/manager-page/home-1.php" "Mozilla/5.0 (Windows NT 10.0; Win64; x64) AppleWebKit/537.36 (KHTML, like Gecko) Chrome/119.0.0.0 Safari/537.36"
127.0.0.1 - - [15/Sep/2025:11:02:05 +0800] "GET /manager-page/api/snapshot.php?id=12&t=0.851581849197339 HTTP/1.1" 200 40875 "http://127.0.0.1/manager-page/home-1.php" "Mozilla/5.0 (Windows NT 10.0; Win64; x64) AppleWebKit/537.36 (KHTML, like Gecko) Chrome/119.0.0.0 Safari/537.36"
127.0.0.1 - - [15/Sep/2025:11:02:05 +0800] "GET /manager-page/api/snapshot.php?id=11&t=0.5699284125797939 HTTP/1.1" 200 43115 "http://127.0.0.1/manager-page/home-1.php" "Mozilla/5.0 (Windows NT 10.0; Win64; x64) AppleWebKit/537.36 (KHTML, like Gecko) Chrome/119.0.0.0 Safari/537.36"
127.0.0.1 - - [15/Sep/2025:11:02:10 +0800] "GET /manager-page/api/snapshot.php?id=11&t=0.5159116759705065 HTTP/1.1" 200 43279 "http://127.0.0.1/manager-page/home-1.php" "Mozilla/5.0 (Windows NT 10.0; Win64; x64) AppleWebKit/537.36 (KHTML, like Gecko) Chrome/119.0.0.0 Safari/537.36"
127.0.0.1 - - [15/Sep/2025:11:02:10 +0800] "GET /manager-page/api/snapshot.php?id=12&t=0.753902032469534 HTTP/1.1" 200 41631 "http://127.0.0.1/manager-page/home-1.php" "Mozilla/5.0 (Windows NT 10.0; Win64; x64) AppleWebKit/537.36 (KHTML, like Gecko) Chrome/119.0.0.0 Safari/537.36"
127.0.0.1 - - [15/Sep/2025:11:02:15 +0800] "GET /manager-page/api/snapshot.php?id=11&t=0.825328539893077 HTTP/1.1" 200 43706 "http://127.0.0.1/manager-page/home-1.php" "Mozilla/5.0 (Windows NT 10.0; Win64; x64) AppleWebKit/537.36 (KHTML, like Gecko) Chrome/119.0.0.0 Safari/537.36"
127.0.0.1 - - [15/Sep/2025:11:02:15 +0800] "GET /manager-page/api/snapshot.php?id=12&t=0.5926333088461528 HTTP/1.1" 200 42842 "http://127.0.0.1/manager-page/home-1.php" "Mozilla/5.0 (Windows NT 10.0; Win64; x64) AppleWebKit/537.36 (KHTML, like Gecko) Chrome/119.0.0.0 Safari/537.36"
111.70.30.252 - - [15/Sep/2025:11:02:16 +0800] "POST /robot/lora-in.php HTTP/1.1" 200 - "-" "python-requests/2.21.0"
127.0.0.1 - - [15/Sep/2025:11:02:20 +0800] "GET /manager-page/api/snapshot.php?id=12&t=0.10960862700956087 HTTP/1.1" 200 44086 "http://127.0.0.1/manager-page/home-1.php" "Mozilla/5.0 (Windows NT 10.0; Win64; x64) AppleWebKit/537.36 (KHTML, like Gecko) Chrome/119.0.0.0 Safari/537.36"
127.0.0.1 - - [15/Sep/2025:11:02:20 +0800] "GET /manager-page/api/snapshot.php?id=11&t=0.2718390232939105 HTTP/1.1" 200 44216 "http://127.0.0.1/manager-page/home-1.php" "Mozilla/5.0 (Windows NT 10.0; Win64; x64) AppleWebKit/537.36 (KHTML, like Gecko) Chrome/119.0.0.0 Safari/537.36"
127.0.0.1 - - [15/Sep/2025:11:02:25 +0800] "GET /manager-page/api/snapshot.php?id=12&t=0.4823096370409907 HTTP/1.1" 200 44321 "http://127.0.0.1/manager-page/home-1.php" "Mozilla/5.0 (Windows NT 10.0; Win64; x64) AppleWebKit/537.36 (KHTML, like Gecko) Chrome/119.0.0.0 Safari/537.36"
127.0.0.1 - - [15/Sep/2025:11:02:25 +0800] "GET /manager-page/api/snapshot.php?id=11&t=0.2927378506438134 HTTP/1.1" 200 44968 "http://127.0.0.1/manager-page/home-1.php" "Mozilla/5.0 (Windows NT 10.0; Win64; x64) AppleWebKit/537.36 (KHTML, like Gecko) Chrome/119.0.0.0 Safari/537.36"
127.0.0.1 - - [15/Sep/2025:11:02:30 +0800] "GET /manager-page/api/snapshot.php?id=11&t=0.6608940898949809 HTTP/1.1" 200 44698 "http://127.0.0.1/manager-page/home-1.php" "Mozilla/5.0 (Windows NT 10.0; Win64; x64) AppleWebKit/537.36 (KHTML, like Gecko) Chrome/119.0.0.0 Safari/537.36"
127.0.0.1 - - [15/Sep/2025:11:02:30 +0800] "GET /manager-page/api/snapshot.php?id=12&t=0.7968462825347811 HTTP/1.1" 200 44240 "http://127.0.0.1/manager-page/home-1.php" "Mozilla/5.0 (Windows NT 10.0; Win64; x64) AppleWebKit/537.36 (KHTML, like Gecko) Chrome/119.0.0.0 Safari/537.36"
127.0.0.1 - - [15/Sep/2025:11:02:35 +0800] "GET /manager-page/api/snapshot.php?id=12&t=0.9262695460625121 HTTP/1.1" 200 42734 "http://127.0.0.1/manager-page/home-1.php" "Mozilla/5.0 (Windows NT 10.0; Win64; x64) AppleWebKit/537.36 (KHTML, like Gecko) Chrome/119.0.0.0 Safari/537.36"
127.0.0.1 - - [15/Sep/2025:11:02:35 +0800] "GET /manager-page/api/snapshot.php?id=11&t=0.22291783796266307 HTTP/1.1" 200 44485 "http://127.0.0.1/manager-page/home-1.php" "Mozilla/5.0 (Windows NT 10.0; Win64; x64) AppleWebKit/537.36 (KHTML, like Gecko) Chrome/119.0.0.0 Safari/537.36"
127.0.0.1 - - [15/Sep/2025:11:02:40 +0800] "GET /manager-page/api/snapshot.php?id=11&t=0.5039972463650315 HTTP/1.1" 200 43161 "http://127.0.0.1/manager-page/home-1.php" "Mozilla/5.0 (Windows NT 10.0; Win64; x64) AppleWebKit/537.36 (KHTML, like Gecko) Chrome/119.0.0.0 Safari/537.36"
127.0.0.1 - - [15/Sep/2025:11:02:40 +0800] "GET /manager-page/api/snapshot.php?id=12&t=0.3689639802645157 HTTP/1.1" 200 41801 "http://127.0.0.1/manager-page/home-1.php" "Mozilla/5.0 (Windows NT 10.0; Win64; x64) AppleWebKit/537.36 (KHTML, like Gecko) Chrome/119.0.0.0 Safari/537.36"
127.0.0.1 - - [15/Sep/2025:11:02:45 +0800] "GET /manager-page/api/snapshot.php?id=12&t=0.17856342285606175 HTTP/1.1" 200 41628 "http://127.0.0.1/manager-page/home-1.php" "Mozilla/5.0 (Windows NT 10.0; Win64; x64) AppleWebKit/537.36 (KHTML, like Gecko) Chrome/119.0.0.0 Safari/537.36"
127.0.0.1 - - [15/Sep/2025:11:02:45 +0800] "GET /manager-page/api/snapshot.php?id=11&t=0.990062014209351 HTTP/1.1" 200 42847 "http://127.0.0.1/manager-page/home-1.php" "Mozilla/5.0 (Windows NT 10.0; Win64; x64) AppleWebKit/537.36 (KHTML, like Gecko) Chrome/119.0.0.0 Safari/537.36"
127.0.0.1 - - [15/Sep/2025:11:02:50 +0800] "GET /manager-page/api/snapshot.php?id=12&t=0.9132084132702873 HTTP/1.1" 200 41223 "http://127.0.0.1/manager-page/home-1.php" "Mozilla/5.0 (Windows NT 10.0; Win64; x64) AppleWebKit/537.36 (KHTML, like Gecko) Chrome/119.0.0.0 Safari/537.36"
127.0.0.1 - - [15/Sep/2025:11:02:50 +0800] "GET /manager-page/api/snapshot.php?id=11&t=0.6358768278921318 HTTP/1.1" 200 42431 "http://127.0.0.1/manager-page/home-1.php" "Mozilla/5.0 (Windows NT 10.0; Win64; x64) AppleWebKit/537.36 (KHTML, like Gecko) Chrome/119.0.0.0 Safari/537.36"
127.0.0.1 - - [15/Sep/2025:11:02:50 +0800] "GET /manager-page/api/cms-off1.php?token1=bfd0ccb6cc69cd92ce863a5ea00ec1460e72f8b23e9241c36b2344addb13df1f544261154cb1c912fddb871700675638d59280640e9d189fb342b9c3e166beb4 HTTP/1.1" 200 2 "http://127.0.0.1/manager-page/home-1.php" "Mozilla/5.0 (Windows NT 10.0; Win64; x64) AppleWebKit/537.36 (KHTML, like Gecko) Chrome/119.0.0.0 Safari/537.36"
127.0.0.1 - - [15/Sep/2025:11:02:55 +0800] "GET /manager-page/api/snapshot.php?id=12&t=0.09007761096418943 HTTP/1.1" 200 41225 "http://127.0.0.1/manager-page/home-1.php" "Mozilla/5.0 (Windows NT 10.0; Win64; x64) AppleWebKit/537.36 (KHTML, like Gecko) Chrome/119.0.0.0 Safari/537.36"
127.0.0.1 - - [15/Sep/2025:11:02:55 +0800] "GET /manager-page/api/snapshot.php?id=11&t=0.22802024398601928 HTTP/1.1" 200 42382 "http://127.0.0.1/manager-page/home-1.php" "Mozilla/5.0 (Windows NT 10.0; Win64; x64) AppleWebKit/537.36 (KHTML, like Gecko) Chrome/119.0.0.0 Safari/537.36"
127.0.0.1 - - [15/Sep/2025:11:03:00 +0800] "GET /robot/alarm-history-in.php HTTP/1.1" 200 - "-" "python-requests/2.28.1"
127.0.0.1 - - [15/Sep/2025:11:03:00 +0800] "GET /manager-page/api/snapshot.php?id=11&t=0.7291047088626137 HTTP/1.1" 200 42381 "http://127.0.0.1/manager-page/home-1.php" "Mozilla/5.0 (Windows NT 10.0; Win64; x64) AppleWebKit/537.36 (KHTML, like Gecko) Chrome/119.0.0.0 Safari/537.36"
127.0.0.1 - - [15/Sep/2025:11:03:00 +0800] "GET /manager-page/api/snapshot.php?id=12&t=0.887748278173424 HTTP/1.1" 200 41053 "http://127.0.0.1/manager-page/home-1.php" "Mozilla/5.0 (Windows NT 10.0; Win64; x64) AppleWebKit/537.36 (KHTML, like Gecko) Chrome/119.0.0.0 Safari/537.36"
127.0.0.1 - - [15/Sep/2025:11:03:05 +0800] "GET /manager-page/api/snapshot.php?id=12&t=0.7126236169246731 HTTP/1.1" 200 41171 "http://127.0.0.1/manager-page/home-1.php" "Mozilla/5.0 (Windows NT 10.0; Win64; x64) AppleWebKit/537.36 (KHTML, like Gecko) Chrome/119.0.0.0 Safari/537.36"
127.0.0.1 - - [15/Sep/2025:11:03:05 +0800] "GET /manager-page/api/snapshot.php?id=11&t=0.4752739818327514 HTTP/1.1" 200 41926 "http://127.0.0.1/manager-page/home-1.php" "Mozilla/5.0 (Windows NT 10.0; Win64; x64) AppleWebKit/537.36 (KHTML, like Gecko) Chrome/119.0.0.0 Safari/537.36"
127.0.0.1 - - [15/Sep/2025:11:03:10 +0800] "GET /manager-page/api/snapshot.php?id=11&t=0.6154474403167529 HTTP/1.1" 200 42752 "http://127.0.0.1/manager-page/home-1.php" "Mozilla/5.0 (Windows NT 10.0; Win64; x64) AppleWebKit/537.36 (KHTML, like Gecko) Chrome/119.0.0.0 Safari/537.36"
127.0.0.1 - - [15/Sep/2025:11:03:10 +0800] "GET /manager-page/api/snapshot.php?id=12&t=0.952513914650926 HTTP/1.1" 200 41201 "http://127.0.0.1/manager-page/home-1.php" "Mozilla/5.0 (Windows NT 10.0; Win64; x64) AppleWebKit/537.36 (KHTML, like Gecko) Chrome/119.0.0.0 Safari/537.36"
127.0.0.1 - - [15/Sep/2025:11:03:15 +0800] "GET /manager-page/api/snapshot.php?id=12&t=0.7354379065161607 HTTP/1.1" 200 42538 "http://127.0.0.1/manager-page/home-1.php" "Mozilla/5.0 (Windows NT 10.0; Win64; x64) AppleWebKit/537.36 (KHTML, like Gecko) Chrome/119.0.0.0 Safari/537.36"
127.0.0.1 - - [15/Sep/2025:11:03:15 +0800] "GET /manager-page/api/snapshot.php?id=11&t=0.0070611758072860464 HTTP/1.1" 200 42750 "http://127.0.0.1/manager-page/home-1.php" "Mozilla/5.0 (Windows NT 10.0; Win64; x64) AppleWebKit/537.36 (KHTML, like Gecko) Chrome/119.0.0.0 Safari/537.36"
127.0.0.1 - - [15/Sep/2025:11:03:20 +0800] "GET /manager-page/api/snapshot.php?id=11&t=0.31700491005187414 HTTP/1.1" 200 42522 "http://127.0.0.1/manager-page/home-1.php" "Mozilla/5.0 (Windows NT 10.0; Win64; x64) AppleWebKit/537.36 (KHTML, like Gecko) Chrome/119.0.0.0 Safari/537.36"
127.0.0.1 - - [15/Sep/2025:11:03:20 +0800] "GET /manager-page/api/snapshot.php?id=12&t=0.48609668811366724 HTTP/1.1" 200 40891 "http://127.0.0.1/manager-page/home-1.php" "Mozilla/5.0 (Windows NT 10.0; Win64; x64) AppleWebKit/537.36 (KHTML, like Gecko) Chrome/119.0.0.0 Safari/537.36"
127.0.0.1 - - [15/Sep/2025:11:03:25 +0800] "GET /manager-page/api/snapshot.php?id=11&t=0.4469117369721327 HTTP/1.1" 200 43376 "http://127.0.0.1/manager-page/home-1.php" "Mozilla/5.0 (Windows NT 10.0; Win64; x64) AppleWebKit/537.36 (KHTML, like Gecko) Chrome/119.0.0.0 Safari/537.36"
127.0.0.1 - - [15/Sep/2025:11:03:25 +0800] "GET /manager-page/api/snapshot.php?id=12&t=0.14003946527689104 HTTP/1.1" 200 40818 "http://127.0.0.1/manager-page/home-1.php" "Mozilla/5.0 (Windows NT 10.0; Win64; x64) AppleWebKit/537.36 (KHTML, like Gecko) Chrome/119.0.0.0 Safari/537.36"
127.0.0.1 - - [15/Sep/2025:11:03:30 +0800] "GET /manager-page/api/snapshot.php?id=11&t=0.9082978634241048 HTTP/1.1" 200 43270 "http://127.0.0.1/manager-page/home-1.php" "Mozilla/5.0 (Windows NT 10.0; Win64; x64) AppleWebKit/537.36 (KHTML, like Gecko) Chrome/119.0.0.0 Safari/537.36"
127.0.0.1 - - [15/Sep/2025:11:03:30 +0800] "GET /manager-page/api/snapshot.php?id=12&t=0.5495504475850779 HTTP/1.1" 200 41308 "http://127.0.0.1/manager-page/home-1.php" "Mozilla/5.0 (Windows NT 10.0; Win64; x64) AppleWebKit/537.36 (KHTML, like Gecko) Chrome/119.0.0.0 Safari/537.36"
127.0.0.1 - - [15/Sep/2025:11:03:35 +0800] "GET /manager-page/api/snapshot.php?id=11&t=0.07146626263202283 HTTP/1.1" 200 43000 "http://127.0.0.1/manager-page/home-1.php" "Mozilla/5.0 (Windows NT 10.0; Win64; x64) AppleWebKit/537.36 (KHTML, like Gecko) Chrome/119.0.0.0 Safari/537.36"
127.0.0.1 - - [15/Sep/2025:11:03:35 +0800] "GET /manager-page/api/snapshot.php?id=12&t=0.9327979610231831 HTTP/1.1" 200 41114 "http://127.0.0.1/manager-page/home-1.php" "Mozilla/5.0 (Windows NT 10.0; Win64; x64) AppleWebKit/537.36 (KHTML, like Gecko) Chrome/119.0.0.0 Safari/537.36"
127.0.0.1 - - [15/Sep/2025:11:03:40 +0800] "GET /manager-page/api/snapshot.php?id=12&t=0.4168002914142075 HTTP/1.1" 200 41044 "http://127.0.0.1/manager-page/home-1.php" "Mozilla/5.0 (Windows NT 10.0; Win64; x64) AppleWebKit/537.36 (KHTML, like Gecko) Chrome/119.0.0.0 Safari/537.36"
127.0.0.1 - - [15/Sep/2025:11:03:40 +0800] "GET /manager-page/api/snapshot.php?id=11&t=0.774224070227703 HTTP/1.1" 200 42557 "http://127.0.0.1/manager-page/home-1.php" "Mozilla/5.0 (Windows NT 10.0; Win64; x64) AppleWebKit/537.36 (KHTML, like Gecko) Chrome/119.0.0.0 Safari/537.36"
127.0.0.1 - - [15/Sep/2025:11:03:45 +0800] "GET /manager-page/api/snapshot.php?id=11&t=0.49495957149540737 HTTP/1.1" 200 43294 "http://127.0.0.1/manager-page/home-1.php" "Mozilla/5.0 (Windows NT 10.0; Win64; x64) AppleWebKit/537.36 (KHTML, like Gecko) Chrome/119.0.0.0 Safari/537.36"
127.0.0.1 - - [15/Sep/2025:11:03:45 +0800] "GET /manager-page/api/snapshot.php?id=12&t=0.12155950586073883 HTTP/1.1" 200 40927 "http://127.0.0.1/manager-page/home-1.php" "Mozilla/5.0 (Windows NT 10.0; Win64; x64) AppleWebKit/537.36 (KHTML, like Gecko) Chrome/119.0.0.0 Safari/537.36"
127.0.0.1 - - [15/Sep/2025:11:03:50 +0800] "GET /manager-page/api/snapshot.php?id=11&t=0.6250536151503558 HTTP/1.1" 200 42871 "http://127.0.0.1/manager-page/home-1.php" "Mozilla/5.0 (Windows NT 10.0; Win64; x64) AppleWebKit/537.36 (KHTML, like Gecko) Chrome/119.0.0.0 Safari/537.36"
127.0.0.1 - - [15/Sep/2025:11:03:50 +0800] "GET /manager-page/api/snapshot.php?id=12&t=0.015242783810501814 HTTP/1.1" 200 41071 "http://127.0.0.1/manager-page/home-1.php" "Mozilla/5.0 (Windows NT 10.0; Win64; x64) AppleWebKit/537.36 (KHTML, like Gecko) Chrome/119.0.0.0 Safari/537.36"
127.0.0.1 - - [15/Sep/2025:11:03:55 +0800] "GET /manager-page/api/snapshot.php?id=11&t=0.8644377583094349 HTTP/1.1" 200 43546 "http://127.0.0.1/manager-page/home-1.php" "Mozilla/5.0 (Windows NT 10.0; Win64; x64) AppleWebKit/537.36 (KHTML, like Gecko) Chrome/119.0.0.0 Safari/537.36"
127.0.0.1 - - [15/Sep/2025:11:03:55 +0800] "GET /manager-page/api/snapshot.php?id=12&t=0.9624836634757421 HTTP/1.1" 200 41507 "http://127.0.0.1/manager-page/home-1.php" "Mozilla/5.0 (Windows NT 10.0; Win64; x64) AppleWebKit/537.36 (KHTML, like Gecko) Chrome/119.0.0.0 Safari/537.36"
127.0.0.1 - - [15/Sep/2025:11:04:00 +0800] "GET /manager-page/api/snapshot.php?id=12&t=0.19644144718015788 HTTP/1.1" 200 41578 "http://127.0.0.1/manager-page/home-1.php" "Mozilla/5.0 (Windows NT 10.0; Win64; x64) AppleWebKit/537.36 (KHTML, like Gecko) Chrome/119.0.0.0 Safari/537.36"
127.0.0.1 - - [15/Sep/2025:11:04:00 +0800] "GET /robot/alarm-history-in.php HTTP/1.1" 200 - "-" "python-requests/2.28.1"
127.0.0.1 - - [15/Sep/2025:11:04:00 +0800] "GET /manager-page/api/snapshot.php?id=11&t=0.5613904765809983 HTTP/1.1" 200 43442 "http://127.0.0.1/manager-page/home-1.php" "Mozilla/5.0 (Windows NT 10.0; Win64; x64) AppleWebKit/537.36 (KHTML, like Gecko) Chrome/119.0.0.0 Safari/537.36"
127.0.0.1 - - [15/Sep/2025:11:04:05 +0800] "GET /manager-page/api/snapshot.php?id=12&t=0.9988346206253662 HTTP/1.1" 200 41821 "http://127.0.0.1/manager-page/home-1.php" "Mozilla/5.0 (Windows NT 10.0; Win64; x64) AppleWebKit/537.36 (KHTML, like Gecko) Chrome/119.0.0.0 Safari/537.36"
127.0.0.1 - - [15/Sep/2025:11:04:05 +0800] "GET /manager-page/api/snapshot.php?id=11&t=0.8560066702151223 HTTP/1.1" 200 43793 "http://127.0.0.1/manager-page/home-1.php" "Mozilla/5.0 (Windows NT 10.0; Win64; x64) AppleWebKit/537.36 (KHTML, like Gecko) Chrome/119.0.0.0 Safari/537.36"
127.0.0.1 - - [15/Sep/2025:11:04:10 +0800] "GET /manager-page/api/snapshot.php?id=11&t=0.0796566237487677 HTTP/1.1" 200 43546 "http://127.0.0.1/manager-page/home-1.php" "Mozilla/5.0 (Windows NT 10.0; Win64; x64) AppleWebKit/537.36 (KHTML, like Gecko) Chrome/119.0.0.0 Safari/537.36"
127.0.0.1 - - [15/Sep/2025:11:04:10 +0800] "GET /manager-page/api/snapshot.php?id=12&t=0.43337124826006357 HTTP/1.1" 200 41814 "http://127.0.0.1/manager-page/home-1.php" "Mozilla/5.0 (Windows NT 10.0; Win64; x64) AppleWebKit/537.36 (KHTML, like Gecko) Chrome/119.0.0.0 Safari/537.36"
127.0.0.1 - - [15/Sep/2025:11:04:15 +0800] "GET /manager-page/api/snapshot.php?id=11&t=0.6576477078755232 HTTP/1.1" 200 42932 "http://127.0.0.1/manager-page/home-1.php" "Mozilla/5.0 (Windows NT 10.0; Win64; x64) AppleWebKit/537.36 (KHTML, like Gecko) Chrome/119.0.0.0 Safari/537.36"
