127.0.0.1 - - [14/May/2025:14:56:53 +0800] "POST /robot/lora-in.php HTTP/1.1" 200 - "-" "python-requests/2.31.0"
127.0.0.1 - - [14/May/2025:14:57:00 +0800] "GET /robot/alarm-history-in.php HTTP/1.1" 200 - "-" "python-requests/2.28.1"
127.0.0.1 - - [14/May/2025:14:57:05 +0800] "POST /robot/lora-in.php HTTP/1.1" 200 - "-" "python-requests/2.31.0"
127.0.0.1 - - [14/May/2025:14:57:06 +0800] "POST /robot/lora-in.php HTTP/1.1" 200 - "-" "python-requests/2.31.0"
127.0.0.1 - - [14/May/2025:14:57:13 +0800] "POST /robot/lora-in.php HTTP/1.1" 200 - "-" "python-requests/2.31.0"
127.0.0.1 - - [14/May/2025:14:57:13 +0800] "POST /robot/et-7026-in.php HTTP/1.1" 200 - "-" "python-requests/2.32.2"
127.0.0.1 - - [14/May/2025:14:57:14 +0800] "POST /robot/lora-in.php HTTP/1.1" 200 - "-" "python-requests/2.31.0"
172.16.36.181 - - [14/May/2025:14:57:33 +0800] "GET /manager-page/api/snapshot.php?id=11&t=0.3798524846419393 HTTP/1.1" 200 48591 "http://192.168.60.79/manager-page/home-1.php" "Mozilla/5.0 (Windows NT 10.0; Win64; x64) AppleWebKit/537.36 (KHTML, like Gecko) Chrome/136.0.0.0 Safari/537.36 Edg/136.0.0.0"
172.16.36.181 - - [14/May/2025:14:57:33 +0800] "GET /manager-page/api/snapshot.php?id=12&t=0.2051697528332923 HTTP/1.1" 200 8098 "http://192.168.60.79/manager-page/home-1.php" "Mozilla/5.0 (Windows NT 10.0; Win64; x64) AppleWebKit/537.36 (KHTML, like Gecko) Chrome/136.0.0.0 Safari/537.36 Edg/136.0.0.0"
127.0.0.1 - - [14/May/2025:14:58:00 +0800] "GET /robot/alarm-history-in.php HTTP/1.1" 200 - "-" "python-requests/2.28.1"
172.16.36.181 - - [14/May/2025:14:58:33 +0800] "GET /manager-page/api/snapshot.php?id=12&t=0.3309309481470898 HTTP/1.1" 200 8035 "http://192.168.60.79/manager-page/home-1.php" "Mozilla/5.0 (Windows NT 10.0; Win64; x64) AppleWebKit/537.36 (KHTML, like Gecko) Chrome/136.0.0.0 Safari/537.36 Edg/136.0.0.0"
172.16.36.181 - - [14/May/2025:14:58:33 +0800] "GET /manager-page/api/snapshot.php?id=11&t=0.624799941802473 HTTP/1.1" 200 48562 "http://192.168.60.79/manager-page/home-1.php" "Mozilla/5.0 (Windows NT 10.0; Win64; x64) AppleWebKit/537.36 (KHTML, like Gecko) Chrome/136.0.0.0 Safari/537.36 Edg/136.0.0.0"
127.0.0.1 - - [14/May/2025:14:59:00 +0800] "GET /robot/alarm-history-in.php HTTP/1.1" 200 - "-" "python-requests/2.28.1"
172.16.36.181 - - [14/May/2025:14:59:33 +0800] "GET /manager-page/api/snapshot.php?id=12&t=0.902175303484338 HTTP/1.1" 200 8448 "http://192.168.60.79/manager-page/home-1.php" "Mozilla/5.0 (Windows NT 10.0; Win64; x64) AppleWebKit/537.36 (KHTML, like Gecko) Chrome/136.0.0.0 Safari/537.36 Edg/136.0.0.0"
172.16.36.181 - - [14/May/2025:14:59:33 +0800] "GET /manager-page/api/snapshot.php?id=11&t=0.27196795440037214 HTTP/1.1" 200 48519 "http://192.168.60.79/manager-page/home-1.php" "Mozilla/5.0 (Windows NT 10.0; Win64; x64) AppleWebKit/537.36 (KHTML, like Gecko) Chrome/136.0.0.0 Safari/537.36 Edg/136.0.0.0"
127.0.0.1 - - [14/May/2025:15:00:00 +0800] "GET /robot/alarm-history-in.php HTTP/1.1" 200 - "-" "python-requests/2.28.1"
111.70.30.251 - - [14/May/2025:15:00:02 +0800] "POST /robot/lora-in.php HTTP/1.1" 200 - "-" "python-requests/2.21.0"
111.70.30.250 - - [14/May/2025:15:00:27 +0800] "POST /robot/lora-in.php HTTP/1.1" 200 - "-" "python-requests/2.21.0"
172.16.36.181 - - [14/May/2025:15:00:33 +0800] "GET /manager-page/api/snapshot.php?id=12&t=0.6113975473839846 HTTP/1.1" 200 8001 "http://192.168.60.79/manager-page/home-1.php" "Mozilla/5.0 (Windows NT 10.0; Win64; x64) AppleWebKit/537.36 (KHTML, like Gecko) Chrome/136.0.0.0 Safari/537.36 Edg/136.0.0.0"
172.16.36.181 - - [14/May/2025:15:00:33 +0800] "GET /manager-page/api/snapshot.php?id=11&t=0.12938207502198273 HTTP/1.1" 200 48442 "http://192.168.60.79/manager-page/home-1.php" "Mozilla/5.0 (Windows NT 10.0; Win64; x64) AppleWebKit/537.36 (KHTML, like Gecko) Chrome/136.0.0.0 Safari/537.36 Edg/136.0.0.0"
127.0.0.1 - - [14/May/2025:15:01:00 +0800] "GET /robot/alarm-history-in.php HTTP/1.1" 200 - "-" "python-requests/2.28.1"
172.16.36.181 - - [14/May/2025:15:01:33 +0800] "GET /manager-page/api/snapshot.php?id=12&t=0.4619579017553208 HTTP/1.1" 200 8018 "http://192.168.60.79/manager-page/home-1.php" "Mozilla/5.0 (Windows NT 10.0; Win64; x64) AppleWebKit/537.36 (KHTML, like Gecko) Chrome/136.0.0.0 Safari/537.36 Edg/136.0.0.0"
172.16.36.181 - - [14/May/2025:15:01:33 +0800] "GET /manager-page/api/snapshot.php?id=11&t=0.16728908907777262 HTTP/1.1" 200 48255 "http://192.168.60.79/manager-page/home-1.php" "Mozilla/5.0 (Windows NT 10.0; Win64; x64) AppleWebKit/537.36 (KHTML, like Gecko) Chrome/136.0.0.0 Safari/537.36 Edg/136.0.0.0"
127.0.0.1 - - [14/May/2025:15:02:00 +0800] "GET /robot/alarm-history-in.php HTTP/1.1" 200 - "-" "python-requests/2.28.1"
172.16.36.181 - - [14/May/2025:15:02:33 +0800] "GET /manager-page/api/snapshot.php?id=11&t=0.015622421834111333 HTTP/1.1" 200 48620 "http://192.168.60.79/manager-page/home-1.php" "Mozilla/5.0 (Windows NT 10.0; Win64; x64) AppleWebKit/537.36 (KHTML, like Gecko) Chrome/136.0.0.0 Safari/537.36 Edg/136.0.0.0"
172.16.36.181 - - [14/May/2025:15:02:33 +0800] "GET /manager-page/api/snapshot.php?id=12&t=0.3834437241683858 HTTP/1.1" 200 8099 "http://192.168.60.79/manager-page/home-1.php" "Mozilla/5.0 (Windows NT 10.0; Win64; x64) AppleWebKit/537.36 (KHTML, like Gecko) Chrome/136.0.0.0 Safari/537.36 Edg/136.0.0.0"
127.0.0.1 - - [14/May/2025:15:03:00 +0800] "GET /robot/alarm-history-in.php HTTP/1.1" 200 - "-" "python-requests/2.28.1"
172.16.36.181 - - [14/May/2025:15:03:33 +0800] "GET /manager-page/api/snapshot.php?id=11&t=0.1994737772148253 HTTP/1.1" 200 48428 "http://192.168.60.79/manager-page/home-1.php" "Mozilla/5.0 (Windows NT 10.0; Win64; x64) AppleWebKit/537.36 (KHTML, like Gecko) Chrome/136.0.0.0 Safari/537.36 Edg/136.0.0.0"
172.16.36.181 - - [14/May/2025:15:03:33 +0800] "GET /manager-page/api/snapshot.php?id=12&t=0.8836509823144317 HTTP/1.1" 200 8097 "http://192.168.60.79/manager-page/home-1.php" "Mozilla/5.0 (Windows NT 10.0; Win64; x64) AppleWebKit/537.36 (KHTML, like Gecko) Chrome/136.0.0.0 Safari/537.36 Edg/136.0.0.0"
111.70.30.252 - - [14/May/2025:15:03:42 +0800] "POST /robot/lora-in.php HTTP/1.1" 200 - "-" "python-requests/2.21.0"
111.70.30.251 - - [14/May/2025:15:03:59 +0800] "POST /robot/lora-in.php HTTP/1.1" 200 - "-" "python-requests/2.21.0"
127.0.0.1 - - [14/May/2025:15:04:00 +0800] "GET /robot/alarm-history-in.php HTTP/1.1" 200 - "-" "python-requests/2.28.1"
127.0.0.1 - - [14/May/2025:15:04:19 +0800] "POST /robot/et-7026-in.php HTTP/1.1" 200 - "-" "python-requests/2.32.2"
172.16.36.181 - - [14/May/2025:15:04:33 +0800] "GET /manager-page/api/snapshot.php?id=11&t=0.5623373234766108 HTTP/1.1" 200 48401 "http://192.168.60.79/manager-page/home-1.php" "Mozilla/5.0 (Windows NT 10.0; Win64; x64) AppleWebKit/537.36 (KHTML, like Gecko) Chrome/136.0.0.0 Safari/537.36 Edg/136.0.0.0"
172.16.36.181 - - [14/May/2025:15:04:33 +0800] "GET /manager-page/api/snapshot.php?id=12&t=0.9367441544561935 HTTP/1.1" 200 8082 "http://192.168.60.79/manager-page/home-1.php" "Mozilla/5.0 (Windows NT 10.0; Win64; x64) AppleWebKit/537.36 (KHTML, like Gecko) Chrome/136.0.0.0 Safari/537.36 Edg/136.0.0.0"
111.70.30.253 - - [14/May/2025:15:04:34 +0800] "POST /robot/lora-in.php HTTP/1.1" 200 - "-" "python-requests/2.21.0"
127.0.0.1 - - [14/May/2025:15:04:54 +0800] "POST /robot/et-7026-in.php HTTP/1.1" 200 - "-" "python-requests/2.32.2"
127.0.0.1 - - [14/May/2025:15:05:00 +0800] "GET /robot/alarm-history-in.php HTTP/1.1" 200 - "-" "python-requests/2.28.1"
172.16.36.181 - - [14/May/2025:15:05:33 +0800] "GET /manager-page/api/snapshot.php?id=11&t=0.7628197239013648 HTTP/1.1" 200 48499 "http://192.168.60.79/manager-page/home-1.php" "Mozilla/5.0 (Windows NT 10.0; Win64; x64) AppleWebKit/537.36 (KHTML, like Gecko) Chrome/136.0.0.0 Safari/537.36 Edg/136.0.0.0"
172.16.36.181 - - [14/May/2025:15:05:33 +0800] "GET /manager-page/api/snapshot.php?id=12&t=0.014207623501266808 HTTP/1.1" 200 8065 "http://192.168.60.79/manager-page/home-1.php" "Mozilla/5.0 (Windows NT 10.0; Win64; x64) AppleWebKit/537.36 (KHTML, like Gecko) Chrome/136.0.0.0 Safari/537.36 Edg/136.0.0.0"
127.0.0.1 - - [14/May/2025:15:06:00 +0800] "GET /robot/alarm-history-in.php HTTP/1.1" 200 - "-" "python-requests/2.28.1"
127.0.0.1 - - [14/May/2025:15:06:20 +0800] "POST /robot/et-7026-in.php HTTP/1.1" 200 - "-" "python-requests/2.32.2"
172.16.36.181 - - [14/May/2025:15:06:33 +0800] "GET /manager-page/api/snapshot.php?id=12&t=0.3400995737447111 HTTP/1.1" 200 8057 "http://192.168.60.79/manager-page/home-1.php" "Mozilla/5.0 (Windows NT 10.0; Win64; x64) AppleWebKit/537.36 (KHTML, like Gecko) Chrome/136.0.0.0 Safari/537.36 Edg/136.0.0.0"
172.16.36.181 - - [14/May/2025:15:06:33 +0800] "GET /manager-page/api/snapshot.php?id=11&t=0.3358926275219877 HTTP/1.1" 200 48807 "http://192.168.60.79/manager-page/home-1.php" "Mozilla/5.0 (Windows NT 10.0; Win64; x64) AppleWebKit/537.36 (KHTML, like Gecko) Chrome/136.0.0.0 Safari/537.36 Edg/136.0.0.0"
127.0.0.1 - - [14/May/2025:15:06:42 +0800] "GET /get-setting.json HTTP/1.1" 200 2315 "-" "python-requests/2.31.0"
127.0.0.1 - - [14/May/2025:15:06:54 +0800] "POST /robot/lora-in.php HTTP/1.1" 200 - "-" "python-requests/2.31.0"
127.0.0.1 - - [14/May/2025:15:07:00 +0800] "GET /robot/alarm-history-in.php HTTP/1.1" 200 - "-" "python-requests/2.28.1"
127.0.0.1 - - [14/May/2025:15:07:03 +0800] "POST /robot/lora-in.php HTTP/1.1" 200 - "-" "python-requests/2.31.0"
127.0.0.1 - - [14/May/2025:15:07:11 +0800] "POST /robot/lora-in.php HTTP/1.1" 200 - "-" "python-requests/2.31.0"
127.0.0.1 - - [14/May/2025:15:07:13 +0800] "POST /robot/lora-in.php HTTP/1.1" 200 - "-" "python-requests/2.31.0"
127.0.0.1 - - [14/May/2025:15:07:14 +0800] "POST /robot/et-7026-in.php HTTP/1.1" 200 - "-" "python-requests/2.32.2"
127.0.0.1 - - [14/May/2025:15:07:15 +0800] "POST /robot/lora-in.php HTTP/1.1" 200 - "-" "python-requests/2.31.0"
172.16.36.181 - - [14/May/2025:15:07:33 +0800] "GET /manager-page/api/snapshot.php?id=12&t=0.7674161809553437 HTTP/1.1" 200 8133 "http://192.168.60.79/manager-page/home-1.php" "Mozilla/5.0 (Windows NT 10.0; Win64; x64) AppleWebKit/537.36 (KHTML, like Gecko) Chrome/136.0.0.0 Safari/537.36 Edg/136.0.0.0"
172.16.36.181 - - [14/May/2025:15:07:33 +0800] "GET /manager-page/api/snapshot.php?id=11&t=0.06510020153588714 HTTP/1.1" 200 48350 "http://192.168.60.79/manager-page/home-1.php" "Mozilla/5.0 (Windows NT 10.0; Win64; x64) AppleWebKit/537.36 (KHTML, like Gecko) Chrome/136.0.0.0 Safari/537.36 Edg/136.0.0.0"
127.0.0.1 - - [14/May/2025:15:08:00 +0800] "GET /robot/alarm-history-in.php HTTP/1.1" 200 - "-" "python-requests/2.28.1"
111.70.30.251 - - [14/May/2025:15:08:26 +0800] "POST /robot/lora-in.php HTTP/1.1" 200 - "-" "python-requests/2.21.0"
172.16.36.181 - - [14/May/2025:15:08:33 +0800] "GET /manager-page/api/snapshot.php?id=12&t=0.7869947753605664 HTTP/1.1" 200 8031 "http://192.168.60.79/manager-page/home-1.php" "Mozilla/5.0 (Windows NT 10.0; Win64; x64) AppleWebKit/537.36 (KHTML, like Gecko) Chrome/136.0.0.0 Safari/537.36 Edg/136.0.0.0"
172.16.36.181 - - [14/May/2025:15:08:33 +0800] "GET /manager-page/api/snapshot.php?id=11&t=0.6490610181203749 HTTP/1.1" 200 48424 "http://192.168.60.79/manager-page/home-1.php" "Mozilla/5.0 (Windows NT 10.0; Win64; x64) AppleWebKit/537.36 (KHTML, like Gecko) Chrome/136.0.0.0 Safari/537.36 Edg/136.0.0.0"
127.0.0.1 - - [14/May/2025:15:09:00 +0800] "GET /robot/alarm-history-in.php HTTP/1.1" 200 - "-" "python-requests/2.28.1"
111.70.30.250 - - [14/May/2025:15:09:02 +0800] "POST /robot/lora-in.php HTTP/1.1" 200 - "-" "python-requests/2.21.0"
172.16.36.181 - - [14/May/2025:15:09:33 +0800] "GET /manager-page/api/snapshot.php?id=12&t=0.5102016658798983 HTTP/1.1" 200 8089 "http://192.168.60.79/manager-page/home-1.php" "Mozilla/5.0 (Windows NT 10.0; Win64; x64) AppleWebKit/537.36 (KHTML, like Gecko) Chrome/136.0.0.0 Safari/537.36 Edg/136.0.0.0"
172.16.36.181 - - [14/May/2025:15:09:33 +0800] "GET /manager-page/api/snapshot.php?id=11&t=0.5519426921901806 HTTP/1.1" 200 48368 "http://192.168.60.79/manager-page/home-1.php" "Mozilla/5.0 (Windows NT 10.0; Win64; x64) AppleWebKit/537.36 (KHTML, like Gecko) Chrome/136.0.0.0 Safari/537.36 Edg/136.0.0.0"
127.0.0.1 - - [14/May/2025:15:10:00 +0800] "GET /robot/alarm-history-in.php HTTP/1.1" 200 - "-" "python-requests/2.28.1"
172.16.36.181 - - [14/May/2025:15:10:33 +0800] "GET /manager-page/api/snapshot.php?id=12&t=0.26216533162294364 HTTP/1.1" 200 8060 "http://192.168.60.79/manager-page/home-1.php" "Mozilla/5.0 (Windows NT 10.0; Win64; x64) AppleWebKit/537.36 (KHTML, like Gecko) Chrome/136.0.0.0 Safari/537.36 Edg/136.0.0.0"
172.16.36.181 - - [14/May/2025:15:10:33 +0800] "GET /manager-page/api/snapshot.php?id=11&t=0.6378002970421395 HTTP/1.1" 200 48167 "http://192.168.60.79/manager-page/home-1.php" "Mozilla/5.0 (Windows NT 10.0; Win64; x64) AppleWebKit/537.36 (KHTML, like Gecko) Chrome/136.0.0.0 Safari/537.36 Edg/136.0.0.0"
127.0.0.1 - - [14/May/2025:15:11:00 +0800] "GET /robot/alarm-history-in.php HTTP/1.1" 200 - "-" "python-requests/2.28.1"
172.16.36.181 - - [14/May/2025:15:11:33 +0800] "GET /manager-page/api/snapshot.php?id=12&t=0.8477215938169727 HTTP/1.1" 200 8144 "http://192.168.60.79/manager-page/home-1.php" "Mozilla/5.0 (Windows NT 10.0; Win64; x64) AppleWebKit/537.36 (KHTML, like Gecko) Chrome/136.0.0.0 Safari/537.36 Edg/136.0.0.0"
172.16.36.181 - - [14/May/2025:15:11:33 +0800] "GET /manager-page/api/snapshot.php?id=11&t=0.7455784476021079 HTTP/1.1" 200 47809 "http://192.168.60.79/manager-page/home-1.php" "Mozilla/5.0 (Windows NT 10.0; Win64; x64) AppleWebKit/537.36 (KHTML, like Gecko) Chrome/136.0.0.0 Safari/537.36 Edg/136.0.0.0"
127.0.0.1 - - [14/May/2025:15:12:00 +0800] "GET /robot/alarm-history-in.php HTTP/1.1" 200 - "-" "python-requests/2.28.1"
172.16.36.181 - - [14/May/2025:15:12:33 +0800] "GET /manager-page/api/snapshot.php?id=11&t=0.7427153410259744 HTTP/1.1" 200 47311 "http://192.168.60.79/manager-page/home-1.php" "Mozilla/5.0 (Windows NT 10.0; Win64; x64) AppleWebKit/537.36 (KHTML, like Gecko) Chrome/136.0.0.0 Safari/537.36 Edg/136.0.0.0"
172.16.36.181 - - [14/May/2025:15:12:33 +0800] "GET /manager-page/api/snapshot.php?id=12&t=0.5567351475490169 HTTP/1.1" 200 8163 "http://192.168.60.79/manager-page/home-1.php" "Mozilla/5.0 (Windows NT 10.0; Win64; x64) AppleWebKit/537.36 (KHTML, like Gecko) Chrome/136.0.0.0 Safari/537.36 Edg/136.0.0.0"
111.70.30.251 - - [14/May/2025:15:12:34 +0800] "POST /robot/lora-in.php HTTP/1.1" 200 - "-" "python-requests/2.21.0"
111.70.30.252 - - [14/May/2025:15:12:52 +0800] "POST /robot/lora-in.php HTTP/1.1" 200 - "-" "python-requests/2.21.0"
127.0.0.1 - - [14/May/2025:15:13:00 +0800] "GET /robot/alarm-history-in.php HTTP/1.1" 200 - "-" "python-requests/2.28.1"
111.70.30.251 - - [14/May/2025:15:13:10 +0800] "POST /robot/lora-in.php HTTP/1.1" 200 - "-" "python-requests/2.21.0"
111.70.30.253 - - [14/May/2025:15:13:18 +0800] "POST /robot/lora-in.php HTTP/1.1" 200 - "-" "python-requests/2.21.0"
172.16.36.181 - - [14/May/2025:15:13:33 +0800] "GET /manager-page/api/snapshot.php?id=12&t=0.06836928289458588 HTTP/1.1" 200 8119 "http://192.168.60.79/manager-page/home-1.php" "Mozilla/5.0 (Windows NT 10.0; Win64; x64) AppleWebKit/537.36 (KHTML, like Gecko) Chrome/136.0.0.0 Safari/537.36 Edg/136.0.0.0"
172.16.36.181 - - [14/May/2025:15:13:33 +0800] "GET /manager-page/api/snapshot.php?id=11&t=0.5079989073138439 HTTP/1.1" 200 47647 "http://192.168.60.79/manager-page/home-1.php" "Mozilla/5.0 (Windows NT 10.0; Win64; x64) AppleWebKit/537.36 (KHTML, like Gecko) Chrome/136.0.0.0 Safari/537.36 Edg/136.0.0.0"
127.0.0.1 - - [14/May/2025:15:14:00 +0800] "GET /robot/alarm-history-in.php HTTP/1.1" 200 - "-" "python-requests/2.28.1"
127.0.0.1 - - [14/May/2025:15:14:21 +0800] "POST /robot/et-7026-in.php HTTP/1.1" 200 - "-" "python-requests/2.32.2"
172.16.36.181 - - [14/May/2025:15:14:33 +0800] "GET /manager-page/api/snapshot.php?id=11&t=0.8486636033319146 HTTP/1.1" 200 47421 "http://192.168.60.79/manager-page/home-1.php" "Mozilla/5.0 (Windows NT 10.0; Win64; x64) AppleWebKit/537.36 (KHTML, like Gecko) Chrome/136.0.0.0 Safari/537.36 Edg/136.0.0.0"
172.16.36.181 - - [14/May/2025:15:14:33 +0800] "GET /manager-page/api/snapshot.php?id=12&t=0.6017762808128592 HTTP/1.1" 200 8181 "http://192.168.60.79/manager-page/home-1.php" "Mozilla/5.0 (Windows NT 10.0; Win64; x64) AppleWebKit/537.36 (KHTML, like Gecko) Chrome/136.0.0.0 Safari/537.36 Edg/136.0.0.0"
127.0.0.1 - - [14/May/2025:15:14:57 +0800] "POST /robot/et-7026-in.php HTTP/1.1" 200 - "-" "python-requests/2.32.2"
127.0.0.1 - - [14/May/2025:15:15:00 +0800] "GET /robot/alarm-history-in.php HTTP/1.1" 200 - "-" "python-requests/2.28.1"
172.16.36.181 - - [14/May/2025:15:15:33 +0800] "GET /manager-page/api/snapshot.php?id=12&t=0.26616923092787326 HTTP/1.1" 200 8244 "http://192.168.60.79/manager-page/home-1.php" "Mozilla/5.0 (Windows NT 10.0; Win64; x64) AppleWebKit/537.36 (KHTML, like Gecko) Chrome/136.0.0.0 Safari/537.36 Edg/136.0.0.0"
172.16.36.181 - - [14/May/2025:15:15:33 +0800] "GET /manager-page/api/snapshot.php?id=11&t=0.5357830274828369 HTTP/1.1" 200 48107 "http://192.168.60.79/manager-page/home-1.php" "Mozilla/5.0 (Windows NT 10.0; Win64; x64) AppleWebKit/537.36 (KHTML, like Gecko) Chrome/136.0.0.0 Safari/537.36 Edg/136.0.0.0"
127.0.0.1 - - [14/May/2025:15:16:00 +0800] "GET /robot/alarm-history-in.php HTTP/1.1" 200 - "-" "python-requests/2.28.1"
127.0.0.1 - - [14/May/2025:15:16:23 +0800] "POST /robot/et-7026-in.php HTTP/1.1" 200 - "-" "python-requests/2.32.2"
172.16.36.181 - - [14/May/2025:15:16:33 +0800] "GET /manager-page/api/snapshot.php?id=12&t=0.5067959598998051 HTTP/1.1" 200 8157 "http://192.168.60.79/manager-page/home-1.php" "Mozilla/5.0 (Windows NT 10.0; Win64; x64) AppleWebKit/537.36 (KHTML, like Gecko) Chrome/136.0.0.0 Safari/537.36 Edg/136.0.0.0"
172.16.36.181 - - [14/May/2025:15:16:33 +0800] "GET /manager-page/api/snapshot.php?id=11&t=0.3803562728387032 HTTP/1.1" 200 48121 "http://192.168.60.79/manager-page/home-1.php" "Mozilla/5.0 (Windows NT 10.0; Win64; x64) AppleWebKit/537.36 (KHTML, like Gecko) Chrome/136.0.0.0 Safari/537.36 Edg/136.0.0.0"
127.0.0.1 - - [14/May/2025:15:16:42 +0800] "GET /get-setting.json HTTP/1.1" 200 2315 "-" "python-requests/2.31.0"
127.0.0.1 - - [14/May/2025:15:16:54 +0800] "POST /robot/lora-in.php HTTP/1.1" 200 - "-" "python-requests/2.31.0"
127.0.0.1 - - [14/May/2025:15:16:59 +0800] "POST /robot/lora-in.php HTTP/1.1" 200 - "-" "python-requests/2.31.0"
127.0.0.1 - - [14/May/2025:15:17:00 +0800] "GET /robot/alarm-history-in.php HTTP/1.1" 200 - "-" "python-requests/2.28.1"
127.0.0.1 - - [14/May/2025:15:17:09 +0800] "POST /robot/lora-in.php HTTP/1.1" 200 - "-" "python-requests/2.31.0"
127.0.0.1 - - [14/May/2025:15:17:15 +0800] "POST /robot/et-7026-in.php HTTP/1.1" 200 - "-" "python-requests/2.32.2"
127.0.0.1 - - [14/May/2025:15:17:18 +0800] "POST /robot/lora-in.php HTTP/1.1" 200 - "-" "python-requests/2.31.0"
127.0.0.1 - - [14/May/2025:15:17:20 +0800] "POST /robot/lora-in.php HTTP/1.1" 200 - "-" "python-requests/2.31.0"
172.16.36.181 - - [14/May/2025:15:17:33 +0800] "GET /manager-page/api/snapshot.php?id=12&t=0.5144540855250976 HTTP/1.1" 200 8097 "http://192.168.60.79/manager-page/home-1.php" "Mozilla/5.0 (Windows NT 10.0; Win64; x64) AppleWebKit/537.36 (KHTML, like Gecko) Chrome/136.0.0.0 Safari/537.36 Edg/136.0.0.0"
172.16.36.181 - - [14/May/2025:15:17:33 +0800] "GET /manager-page/api/snapshot.php?id=11&t=0.6650684227424423 HTTP/1.1" 200 47991 "http://192.168.60.79/manager-page/home-1.php" "Mozilla/5.0 (Windows NT 10.0; Win64; x64) AppleWebKit/537.36 (KHTML, like Gecko) Chrome/136.0.0.0 Safari/537.36 Edg/136.0.0.0"
111.70.30.250 - - [14/May/2025:15:17:37 +0800] "POST /robot/lora-in.php HTTP/1.1" 200 - "-" "python-requests/2.21.0"
127.0.0.1 - - [14/May/2025:15:18:00 +0800] "GET /robot/alarm-history-in.php HTTP/1.1" 200 - "-" "python-requests/2.28.1"
172.16.36.181 - - [14/May/2025:15:18:33 +0800] "GET /manager-page/api/snapshot.php?id=11&t=0.8483041454325003 HTTP/1.1" 200 48221 "http://192.168.60.79/manager-page/home-1.php" "Mozilla/5.0 (Windows NT 10.0; Win64; x64) AppleWebKit/537.36 (KHTML, like Gecko) Chrome/136.0.0.0 Safari/537.36 Edg/136.0.0.0"
172.16.36.181 - - [14/May/2025:15:18:33 +0800] "GET /manager-page/api/snapshot.php?id=12&t=0.3084021901784828 HTTP/1.1" 200 8182 "http://192.168.60.79/manager-page/home-1.php" "Mozilla/5.0 (Windows NT 10.0; Win64; x64) AppleWebKit/537.36 (KHTML, like Gecko) Chrome/136.0.0.0 Safari/537.36 Edg/136.0.0.0"
127.0.0.1 - - [14/May/2025:15:19:00 +0800] "GET /robot/alarm-history-in.php HTTP/1.1" 200 - "-" "python-requests/2.28.1"
172.16.36.181 - - [14/May/2025:15:19:33 +0800] "GET /manager-page/api/snapshot.php?id=12&t=0.3663095225876921 HTTP/1.1" 200 8131 "http://192.168.60.79/manager-page/home-1.php" "Mozilla/5.0 (Windows NT 10.0; Win64; x64) AppleWebKit/537.36 (KHTML, like Gecko) Chrome/136.0.0.0 Safari/537.36 Edg/136.0.0.0"
172.16.36.181 - - [14/May/2025:15:19:33 +0800] "GET /manager-page/api/snapshot.php?id=11&t=0.9332318870311039 HTTP/1.1" 200 48079 "http://192.168.60.79/manager-page/home-1.php" "Mozilla/5.0 (Windows NT 10.0; Win64; x64) AppleWebKit/537.36 (KHTML, like Gecko) Chrome/136.0.0.0 Safari/537.36 Edg/136.0.0.0"
127.0.0.1 - - [14/May/2025:15:20:00 +0800] "GET /robot/alarm-history-in.php HTTP/1.1" 200 - "-" "python-requests/2.28.1"
172.16.36.181 - - [14/May/2025:15:20:33 +0800] "GET /manager-page/api/snapshot.php?id=11&t=0.4479191012300634 HTTP/1.1" 200 47919 "http://192.168.60.79/manager-page/home-1.php" "Mozilla/5.0 (Windows NT 10.0; Win64; x64) AppleWebKit/537.36 (KHTML, like Gecko) Chrome/136.0.0.0 Safari/537.36 Edg/136.0.0.0"
172.16.36.181 - - [14/May/2025:15:20:33 +0800] "GET /manager-page/api/snapshot.php?id=12&t=0.721034478383494 HTTP/1.1" 200 8217 "http://192.168.60.79/manager-page/home-1.php" "Mozilla/5.0 (Windows NT 10.0; Win64; x64) AppleWebKit/537.36 (KHTML, like Gecko) Chrome/136.0.0.0 Safari/537.36 Edg/136.0.0.0"
127.0.0.1 - - [14/May/2025:15:21:00 +0800] "GET /robot/alarm-history-in.php HTTP/1.1" 200 - "-" "python-requests/2.28.1"
111.70.30.251 - - [14/May/2025:15:21:08 +0800] "POST /robot/lora-in.php HTTP/1.1" 200 - "-" "python-requests/2.21.0"
172.16.36.181 - - [14/May/2025:15:21:33 +0800] "GET /manager-page/api/snapshot.php?id=11&t=0.14904223945745987 HTTP/1.1" 200 47818 "http://192.168.60.79/manager-page/home-1.php" "Mozilla/5.0 (Windows NT 10.0; Win64; x64) AppleWebKit/537.36 (KHTML, like Gecko) Chrome/136.0.0.0 Safari/537.36 Edg/136.0.0.0"
111.70.30.251 - - [14/May/2025:15:21:33 +0800] "POST /robot/lora-in.php HTTP/1.1" 200 - "-" "python-requests/2.21.0"
172.16.36.181 - - [14/May/2025:15:21:33 +0800] "GET /manager-page/api/snapshot.php?id=12&t=0.8755323284144321 HTTP/1.1" 200 8219 "http://192.168.60.79/manager-page/home-1.php" "Mozilla/5.0 (Windows NT 10.0; Win64; x64) AppleWebKit/537.36 (KHTML, like Gecko) Chrome/136.0.0.0 Safari/537.36 Edg/136.0.0.0"
127.0.0.1 - - [14/May/2025:15:22:00 +0800] "GET /robot/alarm-history-in.php HTTP/1.1" 200 - "-" "python-requests/2.28.1"
111.70.30.253 - - [14/May/2025:15:22:01 +0800] "POST /robot/lora-in.php HTTP/1.1" 200 - "-" "python-requests/2.21.0"
111.70.30.252 - - [14/May/2025:15:22:03 +0800] "POST /robot/lora-in.php HTTP/1.1" 200 - "-" "python-requests/2.21.0"
172.16.36.181 - - [14/May/2025:15:22:33 +0800] "GET /manager-page/api/snapshot.php?id=12&t=0.041163378504853965 HTTP/1.1" 200 8213 "http://192.168.60.79/manager-page/home-1.php" "Mozilla/5.0 (Windows NT 10.0; Win64; x64) AppleWebKit/537.36 (KHTML, like Gecko) Chrome/136.0.0.0 Safari/537.36 Edg/136.0.0.0"
172.16.36.181 - - [14/May/2025:15:22:33 +0800] "GET /manager-page/api/snapshot.php?id=11&t=0.5960560285348082 HTTP/1.1" 200 48045 "http://192.168.60.79/manager-page/home-1.php" "Mozilla/5.0 (Windows NT 10.0; Win64; x64) AppleWebKit/537.36 (KHTML, like Gecko) Chrome/136.0.0.0 Safari/537.36 Edg/136.0.0.0"
127.0.0.1 - - [14/May/2025:15:23:00 +0800] "GET /robot/alarm-history-in.php HTTP/1.1" 200 - "-" "python-requests/2.28.1"
172.16.36.181 - - [14/May/2025:15:23:33 +0800] "GET /manager-page/api/snapshot.php?id=12&t=0.6304900438124972 HTTP/1.1" 200 8197 "http://192.168.60.79/manager-page/home-1.php" "Mozilla/5.0 (Windows NT 10.0; Win64; x64) AppleWebKit/537.36 (KHTML, like Gecko) Chrome/136.0.0.0 Safari/537.36 Edg/136.0.0.0"
172.16.36.181 - - [14/May/2025:15:23:33 +0800] "GET /manager-page/api/snapshot.php?id=11&t=0.47165249783018126 HTTP/1.1" 200 47994 "http://192.168.60.79/manager-page/home-1.php" "Mozilla/5.0 (Windows NT 10.0; Win64; x64) AppleWebKit/537.36 (KHTML, like Gecko) Chrome/136.0.0.0 Safari/537.36 Edg/136.0.0.0"
127.0.0.1 - - [14/May/2025:15:24:00 +0800] "GET /robot/alarm-history-in.php HTTP/1.1" 200 - "-" "python-requests/2.28.1"
127.0.0.1 - - [14/May/2025:15:24:22 +0800] "POST /robot/et-7026-in.php HTTP/1.1" 200 - "-" "python-requests/2.32.2"
172.16.36.181 - - [14/May/2025:15:24:33 +0800] "GET /manager-page/api/snapshot.php?id=12&t=0.43464846252746836 HTTP/1.1" 200 8194 "http://192.168.60.79/manager-page/home-1.php" "Mozilla/5.0 (Windows NT 10.0; Win64; x64) AppleWebKit/537.36 (KHTML, like Gecko) Chrome/136.0.0.0 Safari/537.36 Edg/136.0.0.0"
172.16.36.181 - - [14/May/2025:15:24:33 +0800] "GET /manager-page/api/snapshot.php?id=11&t=0.3741053967329415 HTTP/1.1" 200 48148 "http://192.168.60.79/manager-page/home-1.php" "Mozilla/5.0 (Windows NT 10.0; Win64; x64) AppleWebKit/537.36 (KHTML, like Gecko) Chrome/136.0.0.0 Safari/537.36 Edg/136.0.0.0"
127.0.0.1 - - [14/May/2025:15:24:59 +0800] "POST /robot/et-7026-in.php HTTP/1.1" 200 - "-" "python-requests/2.32.2"
127.0.0.1 - - [14/May/2025:15:25:00 +0800] "GET /robot/alarm-history-in.php HTTP/1.1" 200 - "-" "python-requests/2.28.1"
172.16.36.181 - - [14/May/2025:15:25:17 +0800] "GET /manager-page/api/snapshot.php?id=11&t=0.7640055357870037 HTTP/1.1" 200 47945 "http://192.168.60.79/manager-page/home-1.php" "Mozilla/5.0 (Windows NT 10.0; Win64; x64) AppleWebKit/537.36 (KHTML, like Gecko) Chrome/136.0.0.0 Safari/537.36 Edg/136.0.0.0"
172.16.36.181 - - [14/May/2025:15:25:17 +0800] "GET /manager-page/api/snapshot.php?id=12&t=0.23275334726564045 HTTP/1.1" 200 7971 "http://192.168.60.79/manager-page/home-1.php" "Mozilla/5.0 (Windows NT 10.0; Win64; x64) AppleWebKit/537.36 (KHTML, like Gecko) Chrome/136.0.0.0 Safari/537.36 Edg/136.0.0.0"
172.16.36.181 - - [14/May/2025:15:25:19 +0800] "GET /manager-page/api/snapshot.php?id=11&t=0.8133539148692434 HTTP/1.1" 200 47990 "http://192.168.60.79/manager-page/home-1.php" "Mozilla/5.0 (Windows NT 10.0; Win64; x64) AppleWebKit/537.36 (KHTML, like Gecko) Chrome/136.0.0.0 Safari/537.36 Edg/136.0.0.0"
172.16.36.181 - - [14/May/2025:15:25:19 +0800] "GET /manager-page/api/snapshot.php?id=12&t=0.18377122500097487 HTTP/1.1" 200 8182 "http://192.168.60.79/manager-page/home-1.php" "Mozilla/5.0 (Windows NT 10.0; Win64; x64) AppleWebKit/537.36 (KHTML, like Gecko) Chrome/136.0.0.0 Safari/537.36 Edg/136.0.0.0"
172.16.36.181 - - [14/May/2025:15:25:24 +0800] "GET /manager-page/api/snapshot.php?id=12&t=0.5500891492723098 HTTP/1.1" 200 8222 "http://192.168.60.79/manager-page/home-1.php" "Mozilla/5.0 (Windows NT 10.0; Win64; x64) AppleWebKit/537.36 (KHTML, like Gecko) Chrome/136.0.0.0 Safari/537.36 Edg/136.0.0.0"
172.16.36.181 - - [14/May/2025:15:25:24 +0800] "GET /manager-page/api/snapshot.php?id=11&t=0.6204907157886236 HTTP/1.1" 200 48025 "http://192.168.60.79/manager-page/home-1.php" "Mozilla/5.0 (Windows NT 10.0; Win64; x64) AppleWebKit/537.36 (KHTML, like Gecko) Chrome/136.0.0.0 Safari/537.36 Edg/136.0.0.0"
172.16.36.181 - - [14/May/2025:15:25:29 +0800] "GET /manager-page/api/snapshot.php?id=11&t=0.8133517216138422 HTTP/1.1" 200 48051 "http://192.168.60.79/manager-page/home-1.php" "Mozilla/5.0 (Windows NT 10.0; Win64; x64) AppleWebKit/537.36 (KHTML, like Gecko) Chrome/136.0.0.0 Safari/537.36 Edg/136.0.0.0"
172.16.36.181 - - [14/May/2025:15:25:29 +0800] "GET /manager-page/api/snapshot.php?id=12&t=0.44243516663520577 HTTP/1.1" 200 8335 "http://192.168.60.79/manager-page/home-1.php" "Mozilla/5.0 (Windows NT 10.0; Win64; x64) AppleWebKit/537.36 (KHTML, like Gecko) Chrome/136.0.0.0 Safari/537.36 Edg/136.0.0.0"
172.16.36.181 - - [14/May/2025:15:25:34 +0800] "GET /manager-page/api/snapshot.php?id=11&t=0.14974111650645094 HTTP/1.1" 200 47995 "http://192.168.60.79/manager-page/home-1.php" "Mozilla/5.0 (Windows NT 10.0; Win64; x64) AppleWebKit/537.36 (KHTML, like Gecko) Chrome/136.0.0.0 Safari/537.36 Edg/136.0.0.0"
172.16.36.181 - - [14/May/2025:15:25:34 +0800] "GET /manager-page/api/snapshot.php?id=12&t=0.9677395376710193 HTTP/1.1" 200 8210 "http://192.168.60.79/manager-page/home-1.php" "Mozilla/5.0 (Windows NT 10.0; Win64; x64) AppleWebKit/537.36 (KHTML, like Gecko) Chrome/136.0.0.0 Safari/537.36 Edg/136.0.0.0"
172.16.36.181 - - [14/May/2025:15:25:38 +0800] "GET /manager-page/alarm/1-2.jpg?t=614447926 HTTP/1.1" 200 282261 "http://192.168.60.79/manager-page/home-1.php" "Mozilla/5.0 (Windows NT 10.0; Win64; x64) AppleWebKit/537.36 (KHTML, like Gecko) Chrome/136.0.0.0 Safari/537.36 Edg/136.0.0.0"
172.16.36.181 - - [14/May/2025:15:25:38 +0800] "GET /manager-page/alarm/1-1.jpg?t=1937069654 HTTP/1.1" 200 322868 "http://192.168.60.79/manager-page/home-1.php" "Mozilla/5.0 (Windows NT 10.0; Win64; x64) AppleWebKit/537.36 (KHTML, like Gecko) Chrome/136.0.0.0 Safari/537.36 Edg/136.0.0.0"
172.16.36.181 - - [14/May/2025:15:25:38 +0800] "GET /manager-page/home-1.php HTTP/1.1" 200 27465 "http://192.168.60.79/manager-page/home-1.php" "Mozilla/5.0 (Windows NT 10.0; Win64; x64) AppleWebKit/537.36 (KHTML, like Gecko) Chrome/136.0.0.0 Safari/537.36 Edg/136.0.0.0"
172.16.36.181 - - [14/May/2025:15:25:38 +0800] "GET /manager-page/api/snapshot.php?id=12 HTTP/1.1" 200 8217 "http://192.168.60.79/manager-page/home-1.php" "Mozilla/5.0 (Windows NT 10.0; Win64; x64) AppleWebKit/537.36 (KHTML, like Gecko) Chrome/136.0.0.0 Safari/537.36 Edg/136.0.0.0"
172.16.36.181 - - [14/May/2025:15:25:38 +0800] "GET /manager-page/api/snapshot.php?id=11 HTTP/1.1" 200 48048 "http://192.168.60.79/manager-page/home-1.php" "Mozilla/5.0 (Windows NT 10.0; Win64; x64) AppleWebKit/537.36 (KHTML, like Gecko) Chrome/136.0.0.0 Safari/537.36 Edg/136.0.0.0"
172.16.36.181 - - [14/May/2025:15:25:40 +0800] "GET /manager-page/api/cms-status1.php HTTP/1.1" 200 12 "http://192.168.60.79/manager-page/home-1.php" "Mozilla/5.0 (Windows NT 10.0; Win64; x64) AppleWebKit/537.36 (KHTML, like Gecko) Chrome/136.0.0.0 Safari/537.36 Edg/136.0.0.0"
172.16.36.181 - - [14/May/2025:15:25:40 +0800] "GET /manager-page/api/lp-status1.php HTTP/1.1" 200 1 "http://192.168.60.79/manager-page/home-1.php" "Mozilla/5.0 (Windows NT 10.0; Win64; x64) AppleWebKit/537.36 (KHTML, like Gecko) Chrome/136.0.0.0 Safari/537.36 Edg/136.0.0.0"
172.16.36.181 - - [14/May/2025:15:25:45 +0800] "GET /manager-page/api/snapshot.php?id=12&t=0.0262311041477834 HTTP/1.1" 200 8195 "http://192.168.60.79/manager-page/home-1.php" "Mozilla/5.0 (Windows NT 10.0; Win64; x64) AppleWebKit/537.36 (KHTML, like Gecko) Chrome/136.0.0.0 Safari/537.36 Edg/136.0.0.0"
172.16.36.181 - - [14/May/2025:15:25:45 +0800] "GET /manager-page/api/snapshot.php?id=11&t=0.38788288659583325 HTTP/1.1" 200 47951 "http://192.168.60.79/manager-page/home-1.php" "Mozilla/5.0 (Windows NT 10.0; Win64; x64) AppleWebKit/537.36 (KHTML, like Gecko) Chrome/136.0.0.0 Safari/537.36 Edg/136.0.0.0"
172.16.36.181 - - [14/May/2025:15:25:50 +0800] "GET /manager-page/api/snapshot.php?id=12&t=0.6043226255583821 HTTP/1.1" 200 8224 "http://192.168.60.79/manager-page/home-1.php" "Mozilla/5.0 (Windows NT 10.0; Win64; x64) AppleWebKit/537.36 (KHTML, like Gecko) Chrome/136.0.0.0 Safari/537.36 Edg/136.0.0.0"
172.16.36.181 - - [14/May/2025:15:25:50 +0800] "GET /manager-page/api/snapshot.php?id=11&t=0.0020025248965123144 HTTP/1.1" 200 47960 "http://192.168.60.79/manager-page/home-1.php" "Mozilla/5.0 (Windows NT 10.0; Win64; x64) AppleWebKit/537.36 (KHTML, like Gecko) Chrome/136.0.0.0 Safari/537.36 Edg/136.0.0.0"
172.16.36.181 - - [14/May/2025:15:25:55 +0800] "GET /manager-page/api/snapshot.php?id=11&t=0.06095726307370264 HTTP/1.1" 200 48107 "http://192.168.60.79/manager-page/home-1.php" "Mozilla/5.0 (Windows NT 10.0; Win64; x64) AppleWebKit/537.36 (KHTML, like Gecko) Chrome/136.0.0.0 Safari/537.36 Edg/136.0.0.0"
172.16.36.181 - - [14/May/2025:15:25:55 +0800] "GET /manager-page/api/snapshot.php?id=12&t=0.6351708433153569 HTTP/1.1" 200 8235 "http://192.168.60.79/manager-page/home-1.php" "Mozilla/5.0 (Windows NT 10.0; Win64; x64) AppleWebKit/537.36 (KHTML, like Gecko) Chrome/136.0.0.0 Safari/537.36 Edg/136.0.0.0"
172.16.36.181 - - [14/May/2025:15:26:00 +0800] "GET /manager-page/alarm/2-2.jpg?t=930557376 HTTP/1.1" 200 476851 "http://192.168.60.79/manager-page/home-2.php" "Mozilla/5.0 (Windows NT 10.0; Win64; x64) AppleWebKit/537.36 (KHTML, like Gecko) Chrome/136.0.0.0 Safari/537.36 Edg/136.0.0.0"
172.16.36.181 - - [14/May/2025:15:26:00 +0800] "GET /manager-page/alarm/2-1.jpg?t=1275319244 HTTP/1.1" 200 488641 "http://192.168.60.79/manager-page/home-2.php" "Mozilla/5.0 (Windows NT 10.0; Win64; x64) AppleWebKit/537.36 (KHTML, like Gecko) Chrome/136.0.0.0 Safari/537.36 Edg/136.0.0.0"
127.0.0.1 - - [14/May/2025:15:26:00 +0800] "GET /robot/alarm-history-in.php HTTP/1.1" 200 - "-" "python-requests/2.28.1"
172.16.36.181 - - [14/May/2025:15:25:59 +0800] "GET /manager-page/home-2.php HTTP/1.1" 200 27471 "http://192.168.60.79/manager-page/home-1.php" "Mozilla/5.0 (Windows NT 10.0; Win64; x64) AppleWebKit/537.36 (KHTML, like Gecko) Chrome/136.0.0.0 Safari/537.36 Edg/136.0.0.0"
172.16.36.181 - - [14/May/2025:15:26:00 +0800] "GET /manager-page/api/snapshot.php?id=21 HTTP/1.1" 200 52141 "http://192.168.60.79/manager-page/home-2.php" "Mozilla/5.0 (Windows NT 10.0; Win64; x64) AppleWebKit/537.36 (KHTML, like Gecko) Chrome/136.0.0.0 Safari/537.36 Edg/136.0.0.0"
172.16.36.181 - - [14/May/2025:15:26:00 +0800] "GET /manager-page/api/snapshot.php?id=22 HTTP/1.1" 500 - "http://192.168.60.79/manager-page/home-2.php" "Mozilla/5.0 (Windows NT 10.0; Win64; x64) AppleWebKit/537.36 (KHTML, like Gecko) Chrome/136.0.0.0 Safari/537.36 Edg/136.0.0.0"
172.16.36.181 - - [14/May/2025:15:26:02 +0800] "GET /manager-page/api/lp-status2.php HTTP/1.1" 500 - "http://192.168.60.79/manager-page/home-2.php" "Mozilla/5.0 (Windows NT 10.0; Win64; x64) AppleWebKit/537.36 (KHTML, like Gecko) Chrome/136.0.0.0 Safari/537.36 Edg/136.0.0.0"
172.16.36.181 - - [14/May/2025:15:26:02 +0800] "GET /manager-page/api/cms-status2.php HTTP/1.1" 500 - "http://192.168.60.79/manager-page/home-2.php" "Mozilla/5.0 (Windows NT 10.0; Win64; x64) AppleWebKit/537.36 (KHTML, like Gecko) Chrome/136.0.0.0 Safari/537.36 Edg/136.0.0.0"
172.16.36.181 - - [14/May/2025:15:26:07 +0800] "GET /manager-page/api/snapshot.php?id=22&t=0.35164502221365324 HTTP/1.1" 500 - "http://192.168.60.79/manager-page/home-2.php" "Mozilla/5.0 (Windows NT 10.0; Win64; x64) AppleWebKit/537.36 (KHTML, like Gecko) Chrome/136.0.0.0 Safari/537.36 Edg/136.0.0.0"
172.16.36.181 - - [14/May/2025:15:26:07 +0800] "GET /manager-page/api/snapshot.php?id=21&t=0.6056154368900478 HTTP/1.1" 500 - "http://192.168.60.79/manager-page/home-2.php" "Mozilla/5.0 (Windows NT 10.0; Win64; x64) AppleWebKit/537.36 (KHTML, like Gecko) Chrome/136.0.0.0 Safari/537.36 Edg/136.0.0.0"
111.70.30.250 - - [14/May/2025:15:26:13 +0800] "POST /robot/lora-in.php HTTP/1.1" 200 - "-" "python-requests/2.21.0"
172.16.36.181 - - [14/May/2025:15:26:12 +0800] "GET /manager-page/api/snapshot.php?id=22&t=0.616430856150496 HTTP/1.1" 200 48097 "http://192.168.60.79/manager-page/home-2.php" "Mozilla/5.0 (Windows NT 10.0; Win64; x64) AppleWebKit/537.36 (KHTML, like Gecko) Chrome/136.0.0.0 Safari/537.36 Edg/136.0.0.0"
172.16.36.181 - - [14/May/2025:15:26:12 +0800] "GET /manager-page/api/snapshot.php?id=21&t=0.03319701992414181 HTTP/1.1" 200 52322 "http://192.168.60.79/manager-page/home-2.php" "Mozilla/5.0 (Windows NT 10.0; Win64; x64) AppleWebKit/537.36 (KHTML, like Gecko) Chrome/136.0.0.0 Safari/537.36 Edg/136.0.0.0"
172.16.36.181 - - [14/May/2025:15:26:13 +0800] "GET /manager-page/api/live.php?id=21 HTTP/1.1" 200 23885 "http://192.168.60.79/manager-page/home-2.php" "Mozilla/5.0 (Windows NT 10.0; Win64; x64) AppleWebKit/537.36 (KHTML, like Gecko) Chrome/136.0.0.0 Safari/537.36 Edg/136.0.0.0"
172.16.36.181 - - [14/May/2025:15:26:17 +0800] "GET /manager-page/api/snapshot.php?id=22&t=0.8810341558338441 HTTP/1.1" 200 48172 "http://192.168.60.79/manager-page/home-2.php" "Mozilla/5.0 (Windows NT 10.0; Win64; x64) AppleWebKit/537.36 (KHTML, like Gecko) Chrome/136.0.0.0 Safari/537.36 Edg/136.0.0.0"
172.16.36.181 - - [14/May/2025:15:26:17 +0800] "GET /manager-page/api/snapshot.php?id=21&t=0.33885142349627595 HTTP/1.1" 200 52264 "http://192.168.60.79/manager-page/home-2.php" "Mozilla/5.0 (Windows NT 10.0; Win64; x64) AppleWebKit/537.36 (KHTML, like Gecko) Chrome/136.0.0.0 Safari/537.36 Edg/136.0.0.0"
172.16.36.181 - - [14/May/2025:15:26:22 +0800] "GET /manager-page/api/snapshot.php?id=22&t=0.7812125137810557 HTTP/1.1" 200 48104 "http://192.168.60.79/manager-page/home-2.php" "Mozilla/5.0 (Windows NT 10.0; Win64; x64) AppleWebKit/537.36 (KHTML, like Gecko) Chrome/136.0.0.0 Safari/537.36 Edg/136.0.0.0"
172.16.36.181 - - [14/May/2025:15:26:22 +0800] "GET /manager-page/api/snapshot.php?id=21&t=0.6738877425490292 HTTP/1.1" 200 52000 "http://192.168.60.79/manager-page/home-2.php" "Mozilla/5.0 (Windows NT 10.0; Win64; x64) AppleWebKit/537.36 (KHTML, like Gecko) Chrome/136.0.0.0 Safari/537.36 Edg/136.0.0.0"
127.0.0.1 - - [14/May/2025:15:26:25 +0800] "POST /robot/et-7026-in.php HTTP/1.1" 200 - "-" "python-requests/2.32.2"
172.16.36.181 - - [14/May/2025:15:26:25 +0800] "GET /manager-page/alarm/3-2.jpg?t=1764002089 HTTP/1.1" 200 187208 "http://192.168.60.79/manager-page/home-3.php" "Mozilla/5.0 (Windows NT 10.0; Win64; x64) AppleWebKit/537.36 (KHTML, like Gecko) Chrome/136.0.0.0 Safari/537.36 Edg/136.0.0.0"
172.16.36.181 - - [14/May/2025:15:26:25 +0800] "GET /manager-page/alarm/3-1.jpg?t=1788980800 HTTP/1.1" 200 520364 "http://192.168.60.79/manager-page/home-3.php" "Mozilla/5.0 (Windows NT 10.0; Win64; x64) AppleWebKit/537.36 (KHTML, like Gecko) Chrome/136.0.0.0 Safari/537.36 Edg/136.0.0.0"
172.16.36.181 - - [14/May/2025:15:26:24 +0800] "GET /manager-page/home-3.php HTTP/1.1" 200 27481 "http://192.168.60.79/manager-page/home-2.php" "Mozilla/5.0 (Windows NT 10.0; Win64; x64) AppleWebKit/537.36 (KHTML, like Gecko) Chrome/136.0.0.0 Safari/537.36 Edg/136.0.0.0"
172.16.36.181 - - [14/May/2025:15:26:25 +0800] "GET /manager-page/api/snapshot.php?id=32 HTTP/1.1" 500 - "http://192.168.60.79/manager-page/home-3.php" "Mozilla/5.0 (Windows NT 10.0; Win64; x64) AppleWebKit/537.36 (KHTML, like Gecko) Chrome/136.0.0.0 Safari/537.36 Edg/136.0.0.0"
172.16.36.181 - - [14/May/2025:15:26:25 +0800] "GET /manager-page/api/snapshot.php?id=31 HTTP/1.1" 500 - "http://192.168.60.79/manager-page/home-3.php" "Mozilla/5.0 (Windows NT 10.0; Win64; x64) AppleWebKit/537.36 (KHTML, like Gecko) Chrome/136.0.0.0 Safari/537.36 Edg/136.0.0.0"
172.16.36.181 - - [14/May/2025:15:26:32 +0800] "GET /manager-page/live/3-1.jpg HTTP/1.1" 200 42422 "http://192.168.60.79/manager-page/home-3.php" "Mozilla/5.0 (Windows NT 10.0; Win64; x64) AppleWebKit/537.36 (KHTML, like Gecko) Chrome/136.0.0.0 Safari/537.36 Edg/136.0.0.0"
172.16.36.181 - - [14/May/2025:15:26:32 +0800] "GET /manager-page/live/3-2.jpg HTTP/1.1" 200 51417 "http://192.168.60.79/manager-page/home-3.php" "Mozilla/5.0 (Windows NT 10.0; Win64; x64) AppleWebKit/537.36 (KHTML, like Gecko) Chrome/136.0.0.0 Safari/537.36 Edg/136.0.0.0"
172.16.36.181 - - [14/May/2025:15:26:27 +0800] "GET /manager-page/api/cms-status3.php HTTP/1.1" 500 - "http://192.168.60.79/manager-page/home-3.php" "Mozilla/5.0 (Windows NT 10.0; Win64; x64) AppleWebKit/537.36 (KHTML, like Gecko) Chrome/136.0.0.0 Safari/537.36 Edg/136.0.0.0"
172.16.36.181 - - [14/May/2025:15:26:27 +0800] "GET /manager-page/api/lp-status3.php HTTP/1.1" 500 - "http://192.168.60.79/manager-page/home-3.php" "Mozilla/5.0 (Windows NT 10.0; Win64; x64) AppleWebKit/537.36 (KHTML, like Gecko) Chrome/136.0.0.0 Safari/537.36 Edg/136.0.0.0"
172.16.36.181 - - [14/May/2025:15:26:32 +0800] "GET /manager-page/api/snapshot.php?id=31&t=0.9765321982337425 HTTP/1.1" 200 45017 "http://192.168.60.79/manager-page/home-3.php" "Mozilla/5.0 (Windows NT 10.0; Win64; x64) AppleWebKit/537.36 (KHTML, like Gecko) Chrome/136.0.0.0 Safari/537.36 Edg/136.0.0.0"
172.16.36.181 - - [14/May/2025:15:26:32 +0800] "GET /manager-page/api/snapshot.php?id=32&t=0.44874207114980935 HTTP/1.1" 500 - "http://192.168.60.79/manager-page/home-3.php" "Mozilla/5.0 (Windows NT 10.0; Win64; x64) AppleWebKit/537.36 (KHTML, like Gecko) Chrome/136.0.0.0 Safari/537.36 Edg/136.0.0.0"
172.16.36.181 - - [14/May/2025:15:26:37 +0800] "GET /manager-page/api/snapshot.php?id=31&t=0.7342206467499663 HTTP/1.1" 200 45291 "http://192.168.60.79/manager-page/home-3.php" "Mozilla/5.0 (Windows NT 10.0; Win64; x64) AppleWebKit/537.36 (KHTML, like Gecko) Chrome/136.0.0.0 Safari/537.36 Edg/136.0.0.0"
172.16.36.181 - - [14/May/2025:15:26:37 +0800] "GET /manager-page/api/snapshot.php?id=32&t=0.9975780502209236 HTTP/1.1" 200 51330 "http://192.168.60.79/manager-page/home-3.php" "Mozilla/5.0 (Windows NT 10.0; Win64; x64) AppleWebKit/537.36 (KHTML, like Gecko) Chrome/136.0.0.0 Safari/537.36 Edg/136.0.0.0"
172.16.36.181 - - [14/May/2025:15:26:41 +0800] "GET /manager-page/alarm/4-2.jpg?t=876606866 HTTP/1.1" 200 543160 "http://192.168.60.79/manager-page/home-4.php" "Mozilla/5.0 (Windows NT 10.0; Win64; x64) AppleWebKit/537.36 (KHTML, like Gecko) Chrome/136.0.0.0 Safari/537.36 Edg/136.0.0.0"
172.16.36.181 - - [14/May/2025:15:26:41 +0800] "GET /manager-page/alarm/4-1.jpg?t=1129434451 HTTP/1.1" 200 436474 "http://192.168.60.79/manager-page/home-4.php" "Mozilla/5.0 (Windows NT 10.0; Win64; x64) AppleWebKit/537.36 (KHTML, like Gecko) Chrome/136.0.0.0 Safari/537.36 Edg/136.0.0.0"
127.0.0.1 - - [14/May/2025:15:26:42 +0800] "GET /get-setting.json HTTP/1.1" 200 2315 "-" "python-requests/2.31.0"
172.16.36.181 - - [14/May/2025:15:26:38 +0800] "GET /manager-page/home-4.php HTTP/1.1" 200 27483 "http://192.168.60.79/manager-page/home-3.php" "Mozilla/5.0 (Windows NT 10.0; Win64; x64) AppleWebKit/537.36 (KHTML, like Gecko) Chrome/136.0.0.0 Safari/537.36 Edg/136.0.0.0"
172.16.36.181 - - [14/May/2025:15:26:41 +0800] "GET /manager-page/api/snapshot.php?id=41 HTTP/1.1" 200 53793 "http://192.168.60.79/manager-page/home-4.php" "Mozilla/5.0 (Windows NT 10.0; Win64; x64) AppleWebKit/537.36 (KHTML, like Gecko) Chrome/136.0.0.0 Safari/537.36 Edg/136.0.0.0"
172.16.36.181 - - [14/May/2025:15:26:41 +0800] "GET /manager-page/api/snapshot.php?id=42 HTTP/1.1" 200 55715 "http://192.168.60.79/manager-page/home-4.php" "Mozilla/5.0 (Windows NT 10.0; Win64; x64) AppleWebKit/537.36 (KHTML, like Gecko) Chrome/136.0.0.0 Safari/537.36 Edg/136.0.0.0"
172.16.36.181 - - [14/May/2025:15:26:45 +0800] "GET /manager-page/api/lp-status4.php HTTP/1.1" 200 1 "http://192.168.60.79/manager-page/home-4.php" "Mozilla/5.0 (Windows NT 10.0; Win64; x64) AppleWebKit/537.36 (KHTML, like Gecko) Chrome/136.0.0.0 Safari/537.36 Edg/136.0.0.0"
172.16.36.181 - - [14/May/2025:15:26:45 +0800] "GET /manager-page/api/cms-status4.php HTTP/1.1" 200 12 "http://192.168.60.79/manager-page/home-4.php" "Mozilla/5.0 (Windows NT 10.0; Win64; x64) AppleWebKit/537.36 (KHTML, like Gecko) Chrome/136.0.0.0 Safari/537.36 Edg/136.0.0.0"
172.16.36.181 - - [14/May/2025:15:26:50 +0800] "GET /manager-page/api/snapshot.php?id=41&t=0.8846861676500463 HTTP/1.1" 200 53806 "http://192.168.60.79/manager-page/home-4.php" "Mozilla/5.0 (Windows NT 10.0; Win64; x64) AppleWebKit/537.36 (KHTML, like Gecko) Chrome/136.0.0.0 Safari/537.36 Edg/136.0.0.0"
172.16.36.181 - - [14/May/2025:15:26:50 +0800] "GET /manager-page/api/snapshot.php?id=42&t=0.041953889241640674 HTTP/1.1" 200 55618 "http://192.168.60.79/manager-page/home-4.php" "Mozilla/5.0 (Windows NT 10.0; Win64; x64) AppleWebKit/537.36 (KHTML, like Gecko) Chrome/136.0.0.0 Safari/537.36 Edg/136.0.0.0"
127.0.0.1 - - [14/May/2025:15:26:52 +0800] "POST /robot/lora-in.php HTTP/1.1" 200 - "-" "python-requests/2.31.0"
172.16.36.181 - - [14/May/2025:15:26:55 +0800] "GET /manager-page/api/snapshot.php?id=41&t=0.5265877759260827 HTTP/1.1" 200 53812 "http://192.168.60.79/manager-page/home-4.php" "Mozilla/5.0 (Windows NT 10.0; Win64; x64) AppleWebKit/537.36 (KHTML, like Gecko) Chrome/136.0.0.0 Safari/537.36 Edg/136.0.0.0"
172.16.36.181 - - [14/May/2025:15:26:55 +0800] "GET /manager-page/api/snapshot.php?id=42&t=0.864228524874044 HTTP/1.1" 200 55719 "http://192.168.60.79/manager-page/home-4.php" "Mozilla/5.0 (Windows NT 10.0; Win64; x64) AppleWebKit/537.36 (KHTML, like Gecko) Chrome/136.0.0.0 Safari/537.36 Edg/136.0.0.0"
127.0.0.1 - - [14/May/2025:15:27:00 +0800] "POST /robot/lora-in.php HTTP/1.1" 200 - "-" "python-requests/2.31.0"
127.0.0.1 - - [14/May/2025:15:27:00 +0800] "GET /robot/alarm-history-in.php HTTP/1.1" 200 - "-" "python-requests/2.28.1"
172.16.36.181 - - [14/May/2025:15:27:00 +0800] "GET /manager-page/api/snapshot.php?id=41&t=0.931561435359092 HTTP/1.1" 200 53690 "http://192.168.60.79/manager-page/home-4.php" "Mozilla/5.0 (Windows NT 10.0; Win64; x64) AppleWebKit/537.36 (KHTML, like Gecko) Chrome/136.0.0.0 Safari/537.36 Edg/136.0.0.0"
172.16.36.181 - - [14/May/2025:15:27:00 +0800] "GET /manager-page/api/snapshot.php?id=42&t=0.02687587851974782 HTTP/1.1" 200 55711 "http://192.168.60.79/manager-page/home-4.php" "Mozilla/5.0 (Windows NT 10.0; Win64; x64) AppleWebKit/537.36 (KHTML, like Gecko) Chrome/136.0.0.0 Safari/537.36 Edg/136.0.0.0"
127.0.0.1 - - [14/May/2025:15:27:08 +0800] "POST /robot/lora-in.php HTTP/1.1" 200 - "-" "python-requests/2.31.0"
127.0.0.1 - - [14/May/2025:15:27:09 +0800] "POST /robot/lora-in.php HTTP/1.1" 200 - "-" "python-requests/2.31.0"
127.0.0.1 - - [14/May/2025:15:27:16 +0800] "POST /robot/et-7026-in.php HTTP/1.1" 200 - "-" "python-requests/2.32.2"
127.0.0.1 - - [14/May/2025:15:27:16 +0800] "POST /robot/lora-in.php HTTP/1.1" 200 - "-" "python-requests/2.31.0"
127.0.0.1 - - [14/May/2025:15:28:00 +0800] "GET /robot/alarm-history-in.php HTTP/1.1" 200 - "-" "python-requests/2.28.1"
127.0.0.1 - - [14/May/2025:15:29:00 +0800] "GET /robot/alarm-history-in.php HTTP/1.1" 200 - "-" "python-requests/2.28.1"
111.70.30.251 - - [14/May/2025:15:29:43 +0800] "POST /robot/lora-in.php HTTP/1.1" 200 - "-" "python-requests/2.21.0"
111.70.30.251 - - [14/May/2025:15:29:57 +0800] "POST /robot/lora-in.php HTTP/1.1" 200 - "-" "python-requests/2.21.0"
127.0.0.1 - - [14/May/2025:15:30:00 +0800] "GET /robot/alarm-history-in.php HTTP/1.1" 200 - "-" "python-requests/2.28.1"
111.70.30.253 - - [14/May/2025:15:30:45 +0800] "POST /robot/lora-in.php HTTP/1.1" 200 - "-" "python-requests/2.21.0"
127.0.0.1 - - [14/May/2025:15:31:00 +0800] "GET /robot/alarm-history-in.php HTTP/1.1" 200 - "-" "python-requests/2.28.1"
111.70.30.252 - - [14/May/2025:15:31:14 +0800] "POST /robot/lora-in.php HTTP/1.1" 200 - "-" "python-requests/2.21.0"
127.0.0.1 - - [14/May/2025:15:32:00 +0800] "GET /robot/alarm-history-in.php HTTP/1.1" 200 - "-" "python-requests/2.28.1"
127.0.0.1 - - [14/May/2025:15:33:00 +0800] "GET /robot/alarm-history-in.php HTTP/1.1" 200 - "-" "python-requests/2.28.1"
127.0.0.1 - - [14/May/2025:15:34:00 +0800] "GET /robot/alarm-history-in.php HTTP/1.1" 200 - "-" "python-requests/2.28.1"
127.0.0.1 - - [14/May/2025:15:34:24 +0800] "POST /robot/et-7026-in.php HTTP/1.1" 200 - "-" "python-requests/2.32.2"
111.70.30.250 - - [14/May/2025:15:34:48 +0800] "POST /robot/lora-in.php HTTP/1.1" 200 - "-" "python-requests/2.21.0"
127.0.0.1 - - [14/May/2025:15:35:00 +0800] "GET /robot/alarm-history-in.php HTTP/1.1" 200 - "-" "python-requests/2.28.1"
127.0.0.1 - - [14/May/2025:15:35:02 +0800] "POST /robot/et-7026-in.php HTTP/1.1" 200 - "-" "python-requests/2.32.2"
127.0.0.1 - - [14/May/2025:15:36:00 +0800] "GET /robot/alarm-history-in.php HTTP/1.1" 200 - "-" "python-requests/2.28.1"
127.0.0.1 - - [14/May/2025:15:36:26 +0800] "POST /robot/et-7026-in.php HTTP/1.1" 200 - "-" "python-requests/2.32.2"
127.0.0.1 - - [14/May/2025:15:36:42 +0800] "GET /get-setting.json HTTP/1.1" 200 2315 "-" "python-requests/2.31.0"
127.0.0.1 - - [14/May/2025:15:37:00 +0800] "GET /robot/alarm-history-in.php HTTP/1.1" 200 - "-" "python-requests/2.28.1"
127.0.0.1 - - [14/May/2025:15:37:01 +0800] "POST /robot/lora-in.php HTTP/1.1" 200 - "-" "python-requests/2.31.0"
127.0.0.1 - - [14/May/2025:15:37:12 +0800] "POST /robot/lora-in.php HTTP/1.1" 200 - "-" "python-requests/2.31.0"
127.0.0.1 - - [14/May/2025:15:37:15 +0800] "POST /robot/lora-in.php HTTP/1.1" 200 - "-" "python-requests/2.31.0"
127.0.0.1 - - [14/May/2025:15:37:16 +0800] "POST /robot/et-7026-in.php HTTP/1.1" 200 - "-" "python-requests/2.32.2"
127.0.0.1 - - [14/May/2025:15:37:26 +0800] "POST /robot/lora-in.php HTTP/1.1" 200 - "-" "python-requests/2.31.0"
127.0.0.1 - - [14/May/2025:15:37:33 +0800] "POST /robot/lora-in.php HTTP/1.1" 200 - "-" "python-requests/2.31.0"
127.0.0.1 - - [14/May/2025:15:38:00 +0800] "GET /robot/alarm-history-in.php HTTP/1.1" 200 - "-" "python-requests/2.28.1"
111.70.30.251 - - [14/May/2025:15:38:17 +0800] "POST /robot/lora-in.php HTTP/1.1" 200 - "-" "python-requests/2.21.0"
127.0.0.1 - - [14/May/2025:15:39:00 +0800] "GET /robot/alarm-history-in.php HTTP/1.1" 200 - "-" "python-requests/2.28.1"
111.70.30.253 - - [14/May/2025:15:39:29 +0800] "POST /robot/lora-in.php HTTP/1.1" 200 - "-" "python-requests/2.21.0"
127.0.0.1 - - [14/May/2025:15:40:00 +0800] "GET /robot/alarm-history-in.php HTTP/1.1" 200 - "-" "python-requests/2.28.1"
111.70.30.252 - - [14/May/2025:15:40:25 +0800] "POST /robot/lora-in.php HTTP/1.1" 200 - "-" "python-requests/2.21.0"
127.0.0.1 - - [14/May/2025:15:41:00 +0800] "GET /robot/alarm-history-in.php HTTP/1.1" 200 - "-" "python-requests/2.28.1"
127.0.0.1 - - [14/May/2025:15:42:00 +0800] "GET /robot/alarm-history-in.php HTTP/1.1" 200 - "-" "python-requests/2.28.1"
127.0.0.1 - - [14/May/2025:15:43:00 +0800] "GET /robot/alarm-history-in.php HTTP/1.1" 200 - "-" "python-requests/2.28.1"
