172.16.36.181 - - [24/Jun/2025:09:21:07 +0800] "GET /manager-page/api/snapshot.php?id=12&t=0.20324201716790846 HTTP/1.1" 500 - "http://192.168.60.79/manager-page/home-1.php" "Mozilla/5.0 (Windows NT 10.0; Win64; x64) AppleWebKit/537.36 (KHTML, like Gecko) Chrome/137.0.0.0 Safari/537.36 Edg/137.0.0.0"
172.16.36.181 - - [24/Jun/2025:09:21:12 +0800] "GET /manager-page/api/snapshot.php?id=11&t=0.9037140844747044 HTTP/1.1" 500 - "http://192.168.60.79/manager-page/home-1.php" "Mozilla/5.0 (Windows NT 10.0; Win64; x64) AppleWebKit/537.36 (KHTML, like Gecko) Chrome/137.0.0.0 Safari/537.36 Edg/137.0.0.0"
172.16.36.181 - - [24/Jun/2025:09:21:12 +0800] "GET /manager-page/api/snapshot.php?id=12&t=0.5721525257224178 HTTP/1.1" 500 - "http://192.168.60.79/manager-page/home-1.php" "Mozilla/5.0 (Windows NT 10.0; Win64; x64) AppleWebKit/537.36 (KHTML, like Gecko) Chrome/137.0.0.0 Safari/537.36 Edg/137.0.0.0"
172.16.36.181 - - [24/Jun/2025:09:21:17 +0800] "GET /manager-page/api/snapshot.php?id=11&t=0.16867153256212164 HTTP/1.1" 500 - "http://192.168.60.79/manager-page/home-1.php" "Mozilla/5.0 (Windows NT 10.0; Win64; x64) AppleWebKit/537.36 (KHTML, like Gecko) Chrome/137.0.0.0 Safari/537.36 Edg/137.0.0.0"
172.16.36.181 - - [24/Jun/2025:09:21:17 +0800] "GET /manager-page/api/snapshot.php?id=12&t=0.6920559445794691 HTTP/1.1" 500 - "http://192.168.60.79/manager-page/home-1.php" "Mozilla/5.0 (Windows NT 10.0; Win64; x64) AppleWebKit/537.36 (KHTML, like Gecko) Chrome/137.0.0.0 Safari/537.36 Edg/137.0.0.0"
172.16.36.181 - - [24/Jun/2025:09:21:22 +0800] "GET /manager-page/api/snapshot.php?id=12&t=0.4487110009073749 HTTP/1.1" 500 - "http://192.168.60.79/manager-page/home-1.php" "Mozilla/5.0 (Windows NT 10.0; Win64; x64) AppleWebKit/537.36 (KHTML, like Gecko) Chrome/137.0.0.0 Safari/537.36 Edg/137.0.0.0"
172.16.36.181 - - [24/Jun/2025:09:21:22 +0800] "GET /manager-page/api/snapshot.php?id=11&t=0.448548902205959 HTTP/1.1" 500 - "http://192.168.60.79/manager-page/home-1.php" "Mozilla/5.0 (Windows NT 10.0; Win64; x64) AppleWebKit/537.36 (KHTML, like Gecko) Chrome/137.0.0.0 Safari/537.36 Edg/137.0.0.0"
172.16.36.181 - - [24/Jun/2025:09:21:27 +0800] "GET /manager-page/api/snapshot.php?id=11&t=0.03970754618221928 HTTP/1.1" 500 - "http://192.168.60.79/manager-page/home-1.php" "Mozilla/5.0 (Windows NT 10.0; Win64; x64) AppleWebKit/537.36 (KHTML, like Gecko) Chrome/137.0.0.0 Safari/537.36 Edg/137.0.0.0"
172.16.36.181 - - [24/Jun/2025:09:21:27 +0800] "GET /manager-page/api/snapshot.php?id=12&t=0.7373845298752181 HTTP/1.1" 500 - "http://192.168.60.79/manager-page/home-1.php" "Mozilla/5.0 (Windows NT 10.0; Win64; x64) AppleWebKit/537.36 (KHTML, like Gecko) Chrome/137.0.0.0 Safari/537.36 Edg/137.0.0.0"
172.16.36.181 - - [24/Jun/2025:09:21:32 +0800] "GET /manager-page/api/snapshot.php?id=12&t=0.3604364398869062 HTTP/1.1" 500 - "http://192.168.60.79/manager-page/home-1.php" "Mozilla/5.0 (Windows NT 10.0; Win64; x64) AppleWebKit/537.36 (KHTML, like Gecko) Chrome/137.0.0.0 Safari/537.36 Edg/137.0.0.0"
172.16.36.181 - - [24/Jun/2025:09:21:32 +0800] "GET /manager-page/api/snapshot.php?id=11&t=0.8761662648235558 HTTP/1.1" 500 - "http://192.168.60.79/manager-page/home-1.php" "Mozilla/5.0 (Windows NT 10.0; Win64; x64) AppleWebKit/537.36 (KHTML, like Gecko) Chrome/137.0.0.0 Safari/537.36 Edg/137.0.0.0"
172.16.36.181 - - [24/Jun/2025:09:21:37 +0800] "GET /manager-page/api/snapshot.php?id=12&t=0.8400482032198667 HTTP/1.1" 500 - "http://192.168.60.79/manager-page/home-1.php" "Mozilla/5.0 (Windows NT 10.0; Win64; x64) AppleWebKit/537.36 (KHTML, like Gecko) Chrome/137.0.0.0 Safari/537.36 Edg/137.0.0.0"
172.16.36.181 - - [24/Jun/2025:09:21:37 +0800] "GET /manager-page/api/snapshot.php?id=11&t=0.5966013840870726 HTTP/1.1" 500 - "http://192.168.60.79/manager-page/home-1.php" "Mozilla/5.0 (Windows NT 10.0; Win64; x64) AppleWebKit/537.36 (KHTML, like Gecko) Chrome/137.0.0.0 Safari/537.36 Edg/137.0.0.0"
127.0.0.1 - - [24/Jun/2025:09:21:53 +0800] "GET /get-setting.json HTTP/1.1" 200 2314 "-" "python-requests/2.31.0"
172.16.36.181 - - [24/Jun/2025:09:21:42 +0800] "GET /manager-page/api/snapshot.php?id=12&t=0.8581422048720321 HTTP/1.1" 500 - "http://192.168.60.79/manager-page/home-1.php" "Mozilla/5.0 (Windows NT 10.0; Win64; x64) AppleWebKit/537.36 (KHTML, like Gecko) Chrome/137.0.0.0 Safari/537.36 Edg/137.0.0.0"
172.16.36.181 - - [24/Jun/2025:09:21:42 +0800] "GET /manager-page/api/snapshot.php?id=11&t=0.6103119643138949 HTTP/1.1" 500 - "http://192.168.60.79/manager-page/home-1.php" "Mozilla/5.0 (Windows NT 10.0; Win64; x64) AppleWebKit/537.36 (KHTML, like Gecko) Chrome/137.0.0.0 Safari/537.36 Edg/137.0.0.0"
172.16.36.181 - - [24/Jun/2025:09:21:47 +0800] "GET /manager-page/api/snapshot.php?id=12&t=0.13935255390042955 HTTP/1.1" 500 - "http://192.168.60.79/manager-page/home-1.php" "Mozilla/5.0 (Windows NT 10.0; Win64; x64) AppleWebKit/537.36 (KHTML, like Gecko) Chrome/137.0.0.0 Safari/537.36 Edg/137.0.0.0"
172.16.36.181 - - [24/Jun/2025:09:21:47 +0800] "GET /manager-page/api/snapshot.php?id=11&t=0.042192495135750185 HTTP/1.1" 500 - "http://192.168.60.79/manager-page/home-1.php" "Mozilla/5.0 (Windows NT 10.0; Win64; x64) AppleWebKit/537.36 (KHTML, like Gecko) Chrome/137.0.0.0 Safari/537.36 Edg/137.0.0.0"
127.0.0.1 - - [24/Jun/2025:09:22:00 +0800] "GET /robot/alarm-history-in.php HTTP/1.1" 200 - "-" "python-requests/2.28.1"
127.0.0.1 - - [24/Jun/2025:09:21:56 +0800] "POST /robot/et-7026-in.php HTTP/1.1" 200 - "-" "python-requests/2.32.2"
172.16.36.181 - - [24/Jun/2025:09:21:52 +0800] "GET /manager-page/api/snapshot.php?id=11&t=0.06313672348930555 HTTP/1.1" 500 - "http://192.168.60.79/manager-page/home-1.php" "Mozilla/5.0 (Windows NT 10.0; Win64; x64) AppleWebKit/537.36 (KHTML, like Gecko) Chrome/137.0.0.0 Safari/537.36 Edg/137.0.0.0"
172.16.36.181 - - [24/Jun/2025:09:21:52 +0800] "GET /manager-page/api/snapshot.php?id=12&t=0.6969956792687367 HTTP/1.1" 500 - "http://192.168.60.79/manager-page/home-1.php" "Mozilla/5.0 (Windows NT 10.0; Win64; x64) AppleWebKit/537.36 (KHTML, like Gecko) Chrome/137.0.0.0 Safari/537.36 Edg/137.0.0.0"
172.16.36.181 - - [24/Jun/2025:09:21:58 +0800] "GET /manager-page/api/snapshot.php?id=12&t=0.6996364231884594 HTTP/1.1" 500 - "http://192.168.60.79/manager-page/home-1.php" "Mozilla/5.0 (Windows NT 10.0; Win64; x64) AppleWebKit/537.36 (KHTML, like Gecko) Chrome/137.0.0.0 Safari/537.36 Edg/137.0.0.0"
172.16.36.181 - - [24/Jun/2025:09:21:58 +0800] "GET /manager-page/api/snapshot.php?id=11&t=0.6997486220727982 HTTP/1.1" 500 - "http://192.168.60.79/manager-page/home-1.php" "Mozilla/5.0 (Windows NT 10.0; Win64; x64) AppleWebKit/537.36 (KHTML, like Gecko) Chrome/137.0.0.0 Safari/537.36 Edg/137.0.0.0"
172.16.36.181 - - [24/Jun/2025:09:22:03 +0800] "GET /manager-page/api/snapshot.php?id=11&t=0.972097631955914 HTTP/1.1" 500 - "http://192.168.60.79/manager-page/home-1.php" "Mozilla/5.0 (Windows NT 10.0; Win64; x64) AppleWebKit/537.36 (KHTML, like Gecko) Chrome/137.0.0.0 Safari/537.36 Edg/137.0.0.0"
172.16.36.181 - - [24/Jun/2025:09:22:03 +0800] "GET /manager-page/api/snapshot.php?id=12&t=0.5982291488427544 HTTP/1.1" 500 - "http://192.168.60.79/manager-page/home-1.php" "Mozilla/5.0 (Windows NT 10.0; Win64; x64) AppleWebKit/537.36 (KHTML, like Gecko) Chrome/137.0.0.0 Safari/537.36 Edg/137.0.0.0"
172.16.36.181 - - [24/Jun/2025:09:22:08 +0800] "GET /manager-page/api/snapshot.php?id=11&t=0.9928034096201777 HTTP/1.1" 500 - "http://192.168.60.79/manager-page/home-1.php" "Mozilla/5.0 (Windows NT 10.0; Win64; x64) AppleWebKit/537.36 (KHTML, like Gecko) Chrome/137.0.0.0 Safari/537.36 Edg/137.0.0.0"
172.16.36.181 - - [24/Jun/2025:09:22:08 +0800] "GET /manager-page/api/snapshot.php?id=12&t=0.9087515546381456 HTTP/1.1" 500 - "http://192.168.60.79/manager-page/home-1.php" "Mozilla/5.0 (Windows NT 10.0; Win64; x64) AppleWebKit/537.36 (KHTML, like Gecko) Chrome/137.0.0.0 Safari/537.36 Edg/137.0.0.0"
172.16.36.181 - - [24/Jun/2025:09:22:12 +0800] "GET /manager-page/api/snapshot.php?id=11&t=0.5579699987369539 HTTP/1.1" 500 - "http://192.168.60.79/manager-page/home-1.php" "Mozilla/5.0 (Windows NT 10.0; Win64; x64) AppleWebKit/537.36 (KHTML, like Gecko) Chrome/137.0.0.0 Safari/537.36 Edg/137.0.0.0"
172.16.36.181 - - [24/Jun/2025:09:22:12 +0800] "GET /manager-page/api/snapshot.php?id=12&t=0.8763446240568713 HTTP/1.1" 500 - "http://192.168.60.79/manager-page/home-1.php" "Mozilla/5.0 (Windows NT 10.0; Win64; x64) AppleWebKit/537.36 (KHTML, like Gecko) Chrome/137.0.0.0 Safari/537.36 Edg/137.0.0.0"
172.16.36.181 - - [24/Jun/2025:09:22:17 +0800] "GET /manager-page/api/snapshot.php?id=11&t=0.47162045082070436 HTTP/1.1" 500 - "http://192.168.60.79/manager-page/home-1.php" "Mozilla/5.0 (Windows NT 10.0; Win64; x64) AppleWebKit/537.36 (KHTML, like Gecko) Chrome/137.0.0.0 Safari/537.36 Edg/137.0.0.0"
111.70.30.251 - - [24/Jun/2025:09:22:21 +0800] "POST /robot/lora-in.php HTTP/1.1" 200 - "-" "python-requests/2.21.0"
172.16.36.181 - - [24/Jun/2025:09:22:17 +0800] "GET /manager-page/api/snapshot.php?id=12&t=0.9385027180651065 HTTP/1.1" 500 - "http://192.168.60.79/manager-page/home-1.php" "Mozilla/5.0 (Windows NT 10.0; Win64; x64) AppleWebKit/537.36 (KHTML, like Gecko) Chrome/137.0.0.0 Safari/537.36 Edg/137.0.0.0"
172.16.36.181 - - [24/Jun/2025:09:22:22 +0800] "GET /manager-page/api/snapshot.php?id=11&t=0.22761770464566555 HTTP/1.1" 500 - "http://192.168.60.79/manager-page/home-1.php" "Mozilla/5.0 (Windows NT 10.0; Win64; x64) AppleWebKit/537.36 (KHTML, like Gecko) Chrome/137.0.0.0 Safari/537.36 Edg/137.0.0.0"
172.16.36.181 - - [24/Jun/2025:09:22:22 +0800] "GET /manager-page/api/snapshot.php?id=12&t=0.8514107558639424 HTTP/1.1" 500 - "http://192.168.60.79/manager-page/home-1.php" "Mozilla/5.0 (Windows NT 10.0; Win64; x64) AppleWebKit/537.36 (KHTML, like Gecko) Chrome/137.0.0.0 Safari/537.36 Edg/137.0.0.0"
172.16.36.181 - - [24/Jun/2025:09:22:27 +0800] "GET /manager-page/api/snapshot.php?id=12&t=0.7175011873590006 HTTP/1.1" 500 - "http://192.168.60.79/manager-page/home-1.php" "Mozilla/5.0 (Windows NT 10.0; Win64; x64) AppleWebKit/537.36 (KHTML, like Gecko) Chrome/137.0.0.0 Safari/537.36 Edg/137.0.0.0"
127.0.0.1 - - [24/Jun/2025:09:22:01 +0800] "POST /robot/lora-in.php HTTP/1.1" 200 - "-" "python-requests/2.31.0"
172.16.36.181 - - [24/Jun/2025:09:22:27 +0800] "GET /manager-page/api/snapshot.php?id=11&t=0.36374303636895755 HTTP/1.1" 500 - "http://192.168.60.79/manager-page/home-1.php" "Mozilla/5.0 (Windows NT 10.0; Win64; x64) AppleWebKit/537.36 (KHTML, like Gecko) Chrome/137.0.0.0 Safari/537.36 Edg/137.0.0.0"
172.16.36.181 - - [24/Jun/2025:09:22:32 +0800] "GET /manager-page/api/snapshot.php?id=12&t=0.30637718920410395 HTTP/1.1" 500 - "http://192.168.60.79/manager-page/home-1.php" "Mozilla/5.0 (Windows NT 10.0; Win64; x64) AppleWebKit/537.36 (KHTML, like Gecko) Chrome/137.0.0.0 Safari/537.36 Edg/137.0.0.0"
172.16.36.181 - - [24/Jun/2025:09:22:32 +0800] "GET /manager-page/api/snapshot.php?id=11&t=0.852283262005827 HTTP/1.1" 500 - "http://192.168.60.79/manager-page/home-1.php" "Mozilla/5.0 (Windows NT 10.0; Win64; x64) AppleWebKit/537.36 (KHTML, like Gecko) Chrome/137.0.0.0 Safari/537.36 Edg/137.0.0.0"
172.16.36.181 - - [24/Jun/2025:09:22:41 +0800] "GET /manager-page/api/snapshot.php?id=12&t=0.7055449854919782 HTTP/1.1" 200 50773 "http://192.168.60.79/manager-page/home-1.php" "Mozilla/5.0 (Windows NT 10.0; Win64; x64) AppleWebKit/537.36 (KHTML, like Gecko) Chrome/137.0.0.0 Safari/537.36 Edg/137.0.0.0"
172.16.36.181 - - [24/Jun/2025:09:22:41 +0800] "GET /manager-page/api/snapshot.php?id=11&t=0.7098066964903064 HTTP/1.1" 500 - "http://192.168.60.79/manager-page/home-1.php" "Mozilla/5.0 (Windows NT 10.0; Win64; x64) AppleWebKit/537.36 (KHTML, like Gecko) Chrome/137.0.0.0 Safari/537.36 Edg/137.0.0.0"
127.0.0.1 - - [24/Jun/2025:09:22:18 +0800] "POST /robot/lora-in.php HTTP/1.1" 200 - "-" "python-requests/2.31.0"
111.70.30.250 - - [24/Jun/2025:09:22:47 +0800] "POST /robot/lora-in.php HTTP/1.1" 200 - "-" "python-requests/2.21.0"
127.0.0.1 - - [24/Jun/2025:09:22:40 +0800] "POST /robot/lora-in.php HTTP/1.1" 200 - "-" "python-requests/2.31.0"
127.0.0.1 - - [24/Jun/2025:09:23:00 +0800] "GET /robot/alarm-history-in.php HTTP/1.1" 200 - "-" "python-requests/2.28.1"
111.70.30.253 - - [24/Jun/2025:09:23:12 +0800] "POST /robot/lora-in.php HTTP/1.1" 200 - "-" "python-requests/2.21.0"
127.0.0.1 - - [24/Jun/2025:09:23:01 +0800] "POST /robot/lora-in.php HTTP/1.1" 200 - "-" "python-requests/2.31.0"
127.0.0.1 - - [24/Jun/2025:09:23:20 +0800] "POST /robot/lora-in.php HTTP/1.1" 200 - "-" "python-requests/2.31.0"
127.0.0.1 - - [24/Jun/2025:09:23:39 +0800] "POST /robot/lora-in.php HTTP/1.1" 200 - "-" "python-requests/2.31.0"
172.16.36.181 - - [24/Jun/2025:09:23:41 +0800] "GET /manager-page/api/snapshot.php?id=11&t=0.513471902511081 HTTP/1.1" 200 51099 "http://192.168.60.79/manager-page/home-1.php" "Mozilla/5.0 (Windows NT 10.0; Win64; x64) AppleWebKit/537.36 (KHTML, like Gecko) Chrome/137.0.0.0 Safari/537.36 Edg/137.0.0.0"
172.16.36.181 - - [24/Jun/2025:09:23:41 +0800] "GET /manager-page/api/snapshot.php?id=12&t=0.776173465592675 HTTP/1.1" 500 - "http://192.168.60.79/manager-page/home-1.php" "Mozilla/5.0 (Windows NT 10.0; Win64; x64) AppleWebKit/537.36 (KHTML, like Gecko) Chrome/137.0.0.0 Safari/537.36 Edg/137.0.0.0"
127.0.0.1 - - [24/Jun/2025:09:24:00 +0800] "GET /robot/alarm-history-in.php HTTP/1.1" 200 - "-" "python-requests/2.28.1"
127.0.0.1 - - [24/Jun/2025:09:23:44 +0800] "POST /robot/lora-in.php HTTP/1.1" 200 - "-" "python-requests/2.31.0"
127.0.0.1 - - [24/Jun/2025:09:24:06 +0800] "POST /robot/lora-in.php HTTP/1.1" 200 - "-" "python-requests/2.31.0"
172.16.36.181 - - [24/Jun/2025:09:24:42 +0800] "GET /manager-page/api/snapshot.php?id=11&t=0.0443971523129012 HTTP/1.1" 200 51023 "http://192.168.60.79/manager-page/home-1.php" "Mozilla/5.0 (Windows NT 10.0; Win64; x64) AppleWebKit/537.36 (KHTML, like Gecko) Chrome/137.0.0.0 Safari/537.36 Edg/137.0.0.0"
172.16.36.181 - - [24/Jun/2025:09:24:42 +0800] "GET /manager-page/api/snapshot.php?id=12&t=0.009671903956445349 HTTP/1.1" 200 51362 "http://192.168.60.79/manager-page/home-1.php" "Mozilla/5.0 (Windows NT 10.0; Win64; x64) AppleWebKit/537.36 (KHTML, like Gecko) Chrome/137.0.0.0 Safari/537.36 Edg/137.0.0.0"
127.0.0.1 - - [24/Jun/2025:09:25:00 +0800] "GET /robot/alarm-history-in.php HTTP/1.1" 200 - "-" "python-requests/2.28.1"
172.16.36.181 - - [24/Jun/2025:09:25:40 +0800] "GET /manager-page/api/snapshot.php?id=11&t=0.19566574469244735 HTTP/1.1" 200 51128 "http://192.168.60.79/manager-page/home-1.php" "Mozilla/5.0 (Windows NT 10.0; Win64; x64) AppleWebKit/537.36 (KHTML, like Gecko) Chrome/137.0.0.0 Safari/537.36 Edg/137.0.0.0"
172.16.36.181 - - [24/Jun/2025:09:25:40 +0800] "GET /manager-page/api/snapshot.php?id=12&t=0.0635488183076629 HTTP/1.1" 200 50531 "http://192.168.60.79/manager-page/home-1.php" "Mozilla/5.0 (Windows NT 10.0; Win64; x64) AppleWebKit/537.36 (KHTML, like Gecko) Chrome/137.0.0.0 Safari/537.36 Edg/137.0.0.0"
172.16.36.181 - - [24/Jun/2025:09:25:42 +0800] "GET /manager-page/api/snapshot.php?id=11&t=0.17744291538733858 HTTP/1.1" 200 51233 "http://192.168.60.79/manager-page/home-1.php" "Mozilla/5.0 (Windows NT 10.0; Win64; x64) AppleWebKit/537.36 (KHTML, like Gecko) Chrome/137.0.0.0 Safari/537.36 Edg/137.0.0.0"
172.16.36.181 - - [24/Jun/2025:09:25:42 +0800] "GET /manager-page/api/snapshot.php?id=12&t=0.36611728396673016 HTTP/1.1" 200 50510 "http://192.168.60.79/manager-page/home-1.php" "Mozilla/5.0 (Windows NT 10.0; Win64; x64) AppleWebKit/537.36 (KHTML, like Gecko) Chrome/137.0.0.0 Safari/537.36 Edg/137.0.0.0"
172.16.36.181 - - [24/Jun/2025:09:25:47 +0800] "GET /manager-page/api/snapshot.php?id=11&t=0.2234480725144734 HTTP/1.1" 200 51280 "http://192.168.60.79/manager-page/home-1.php" "Mozilla/5.0 (Windows NT 10.0; Win64; x64) AppleWebKit/537.36 (KHTML, like Gecko) Chrome/137.0.0.0 Safari/537.36 Edg/137.0.0.0"
172.16.36.181 - - [24/Jun/2025:09:25:47 +0800] "GET /manager-page/api/snapshot.php?id=12&t=0.05083935406904616 HTTP/1.1" 200 50539 "http://192.168.60.79/manager-page/home-1.php" "Mozilla/5.0 (Windows NT 10.0; Win64; x64) AppleWebKit/537.36 (KHTML, like Gecko) Chrome/137.0.0.0 Safari/537.36 Edg/137.0.0.0"
172.16.36.181 - - [24/Jun/2025:09:25:53 +0800] "GET /manager-page/api/snapshot.php?id=12&t=0.5264680917349971 HTTP/1.1" 200 50514 "http://192.168.60.79/manager-page/home-1.php" "Mozilla/5.0 (Windows NT 10.0; Win64; x64) AppleWebKit/537.36 (KHTML, like Gecko) Chrome/137.0.0.0 Safari/537.36 Edg/137.0.0.0"
172.16.36.181 - - [24/Jun/2025:09:25:53 +0800] "GET /manager-page/api/snapshot.php?id=11&t=0.9763945107202812 HTTP/1.1" 200 51111 "http://192.168.60.79/manager-page/home-1.php" "Mozilla/5.0 (Windows NT 10.0; Win64; x64) AppleWebKit/537.36 (KHTML, like Gecko) Chrome/137.0.0.0 Safari/537.36 Edg/137.0.0.0"
172.16.36.181 - - [24/Jun/2025:09:25:57 +0800] "GET /manager-page/api/snapshot.php?id=12&t=0.6772644535537556 HTTP/1.1" 200 50613 "http://192.168.60.79/manager-page/home-1.php" "Mozilla/5.0 (Windows NT 10.0; Win64; x64) AppleWebKit/537.36 (KHTML, like Gecko) Chrome/137.0.0.0 Safari/537.36 Edg/137.0.0.0"
172.16.36.181 - - [24/Jun/2025:09:25:57 +0800] "GET /manager-page/api/snapshot.php?id=11&t=0.15928868574970356 HTTP/1.1" 200 51225 "http://192.168.60.79/manager-page/home-1.php" "Mozilla/5.0 (Windows NT 10.0; Win64; x64) AppleWebKit/537.36 (KHTML, like Gecko) Chrome/137.0.0.0 Safari/537.36 Edg/137.0.0.0"
127.0.0.1 - - [24/Jun/2025:09:26:00 +0800] "GET /robot/alarm-history-in.php HTTP/1.1" 200 - "-" "python-requests/2.28.1"
172.16.36.181 - - [24/Jun/2025:09:26:03 +0800] "GET /manager-page/api/snapshot.php?id=12&t=0.6578338540517127 HTTP/1.1" 200 50546 "http://192.168.60.79/manager-page/home-1.php" "Mozilla/5.0 (Windows NT 10.0; Win64; x64) AppleWebKit/537.36 (KHTML, like Gecko) Chrome/137.0.0.0 Safari/537.36 Edg/137.0.0.0"
172.16.36.181 - - [24/Jun/2025:09:26:03 +0800] "GET /manager-page/api/snapshot.php?id=11&t=0.3190270457663755 HTTP/1.1" 200 51269 "http://192.168.60.79/manager-page/home-1.php" "Mozilla/5.0 (Windows NT 10.0; Win64; x64) AppleWebKit/537.36 (KHTML, like Gecko) Chrome/137.0.0.0 Safari/537.36 Edg/137.0.0.0"
172.16.36.181 - - [24/Jun/2025:09:26:07 +0800] "GET /manager-page/api/snapshot.php?id=11&t=0.24232766394082894 HTTP/1.1" 200 51122 "http://192.168.60.79/manager-page/home-1.php" "Mozilla/5.0 (Windows NT 10.0; Win64; x64) AppleWebKit/537.36 (KHTML, like Gecko) Chrome/137.0.0.0 Safari/537.36 Edg/137.0.0.0"
172.16.36.181 - - [24/Jun/2025:09:26:07 +0800] "GET /manager-page/api/snapshot.php?id=12&t=0.2323200316604589 HTTP/1.1" 200 50452 "http://192.168.60.79/manager-page/home-1.php" "Mozilla/5.0 (Windows NT 10.0; Win64; x64) AppleWebKit/537.36 (KHTML, like Gecko) Chrome/137.0.0.0 Safari/537.36 Edg/137.0.0.0"
172.16.36.181 - - [24/Jun/2025:09:26:12 +0800] "GET /manager-page/api/snapshot.php?id=12&t=0.14765893860279977 HTTP/1.1" 200 50482 "http://192.168.60.79/manager-page/home-1.php" "Mozilla/5.0 (Windows NT 10.0; Win64; x64) AppleWebKit/537.36 (KHTML, like Gecko) Chrome/137.0.0.0 Safari/537.36 Edg/137.0.0.0"
172.16.36.181 - - [24/Jun/2025:09:26:12 +0800] "GET /manager-page/api/snapshot.php?id=11&t=0.9163309260708824 HTTP/1.1" 200 51404 "http://192.168.60.79/manager-page/home-1.php" "Mozilla/5.0 (Windows NT 10.0; Win64; x64) AppleWebKit/537.36 (KHTML, like Gecko) Chrome/137.0.0.0 Safari/537.36 Edg/137.0.0.0"
172.16.36.181 - - [24/Jun/2025:09:26:17 +0800] "GET /manager-page/api/snapshot.php?id=11&t=0.790995600237747 HTTP/1.1" 200 51205 "http://192.168.60.79/manager-page/home-1.php" "Mozilla/5.0 (Windows NT 10.0; Win64; x64) AppleWebKit/537.36 (KHTML, like Gecko) Chrome/137.0.0.0 Safari/537.36 Edg/137.0.0.0"
172.16.36.181 - - [24/Jun/2025:09:26:17 +0800] "GET /manager-page/api/snapshot.php?id=12&t=0.7755779219996295 HTTP/1.1" 200 50556 "http://192.168.60.79/manager-page/home-1.php" "Mozilla/5.0 (Windows NT 10.0; Win64; x64) AppleWebKit/537.36 (KHTML, like Gecko) Chrome/137.0.0.0 Safari/537.36 Edg/137.0.0.0"
172.16.36.181 - - [24/Jun/2025:09:26:23 +0800] "GET /manager-page/api/snapshot.php?id=11&t=0.6145326577260675 HTTP/1.1" 200 51221 "http://192.168.60.79/manager-page/home-1.php" "Mozilla/5.0 (Windows NT 10.0; Win64; x64) AppleWebKit/537.36 (KHTML, like Gecko) Chrome/137.0.0.0 Safari/537.36 Edg/137.0.0.0"
172.16.36.181 - - [24/Jun/2025:09:26:23 +0800] "GET /manager-page/api/snapshot.php?id=12&t=0.6672600438176157 HTTP/1.1" 200 50530 "http://192.168.60.79/manager-page/home-1.php" "Mozilla/5.0 (Windows NT 10.0; Win64; x64) AppleWebKit/537.36 (KHTML, like Gecko) Chrome/137.0.0.0 Safari/537.36 Edg/137.0.0.0"
172.16.36.181 - - [24/Jun/2025:09:26:28 +0800] "GET /manager-page/api/snapshot.php?id=11&t=0.0502620019804948 HTTP/1.1" 200 51233 "http://192.168.60.79/manager-page/home-1.php" "Mozilla/5.0 (Windows NT 10.0; Win64; x64) AppleWebKit/537.36 (KHTML, like Gecko) Chrome/137.0.0.0 Safari/537.36 Edg/137.0.0.0"
172.16.36.181 - - [24/Jun/2025:09:26:28 +0800] "GET /manager-page/api/snapshot.php?id=12&t=0.35424363456618413 HTTP/1.1" 200 50645 "http://192.168.60.79/manager-page/home-1.php" "Mozilla/5.0 (Windows NT 10.0; Win64; x64) AppleWebKit/537.36 (KHTML, like Gecko) Chrome/137.0.0.0 Safari/537.36 Edg/137.0.0.0"
172.16.36.181 - - [24/Jun/2025:09:26:32 +0800] "GET /manager-page/api/snapshot.php?id=11&t=0.3108142734925008 HTTP/1.1" 200 51186 "http://192.168.60.79/manager-page/home-1.php" "Mozilla/5.0 (Windows NT 10.0; Win64; x64) AppleWebKit/537.36 (KHTML, like Gecko) Chrome/137.0.0.0 Safari/537.36 Edg/137.0.0.0"
172.16.36.181 - - [24/Jun/2025:09:26:32 +0800] "GET /manager-page/api/snapshot.php?id=12&t=0.9044291911242412 HTTP/1.1" 200 50570 "http://192.168.60.79/manager-page/home-1.php" "Mozilla/5.0 (Windows NT 10.0; Win64; x64) AppleWebKit/537.36 (KHTML, like Gecko) Chrome/137.0.0.0 Safari/537.36 Edg/137.0.0.0"
172.16.36.181 - - [24/Jun/2025:09:26:37 +0800] "GET /manager-page/api/snapshot.php?id=11&t=0.5055335953145437 HTTP/1.1" 200 51259 "http://192.168.60.79/manager-page/home-1.php" "Mozilla/5.0 (Windows NT 10.0; Win64; x64) AppleWebKit/537.36 (KHTML, like Gecko) Chrome/137.0.0.0 Safari/537.36 Edg/137.0.0.0"
172.16.36.181 - - [24/Jun/2025:09:26:37 +0800] "GET /manager-page/api/snapshot.php?id=12&t=0.12598601292598066 HTTP/1.1" 200 50639 "http://192.168.60.79/manager-page/home-1.php" "Mozilla/5.0 (Windows NT 10.0; Win64; x64) AppleWebKit/537.36 (KHTML, like Gecko) Chrome/137.0.0.0 Safari/537.36 Edg/137.0.0.0"
172.16.36.181 - - [24/Jun/2025:09:26:43 +0800] "GET /manager-page/api/snapshot.php?id=12&t=0.30905195811731945 HTTP/1.1" 200 50636 "http://192.168.60.79/manager-page/home-1.php" "Mozilla/5.0 (Windows NT 10.0; Win64; x64) AppleWebKit/537.36 (KHTML, like Gecko) Chrome/137.0.0.0 Safari/537.36 Edg/137.0.0.0"
172.16.36.181 - - [24/Jun/2025:09:26:43 +0800] "GET /manager-page/api/snapshot.php?id=11&t=0.8327420298100823 HTTP/1.1" 200 51141 "http://192.168.60.79/manager-page/home-1.php" "Mozilla/5.0 (Windows NT 10.0; Win64; x64) AppleWebKit/537.36 (KHTML, like Gecko) Chrome/137.0.0.0 Safari/537.36 Edg/137.0.0.0"
172.16.36.181 - - [24/Jun/2025:09:26:47 +0800] "GET /manager-page/api/snapshot.php?id=11&t=0.8215017656278719 HTTP/1.1" 200 51324 "http://192.168.60.79/manager-page/home-1.php" "Mozilla/5.0 (Windows NT 10.0; Win64; x64) AppleWebKit/537.36 (KHTML, like Gecko) Chrome/137.0.0.0 Safari/537.36 Edg/137.0.0.0"
172.16.36.181 - - [24/Jun/2025:09:26:47 +0800] "GET /manager-page/api/snapshot.php?id=12&t=0.7828789154181792 HTTP/1.1" 200 50822 "http://192.168.60.79/manager-page/home-1.php" "Mozilla/5.0 (Windows NT 10.0; Win64; x64) AppleWebKit/537.36 (KHTML, like Gecko) Chrome/137.0.0.0 Safari/537.36 Edg/137.0.0.0"
127.0.0.1 - - [24/Jun/2025:09:27:00 +0800] "GET /robot/alarm-history-in.php HTTP/1.1" 200 - "-" "python-requests/2.28.1"
111.70.30.252 - - [24/Jun/2025:09:27:30 +0800] "POST /robot/lora-in.php HTTP/1.1" 200 - "-" "python-requests/2.21.0"
172.16.36.181 - - [24/Jun/2025:09:27:41 +0800] "GET /manager-page/api/snapshot.php?id=11&t=0.08926702150535704 HTTP/1.1" 200 51233 "http://192.168.60.79/manager-page/home-1.php" "Mozilla/5.0 (Windows NT 10.0; Win64; x64) AppleWebKit/537.36 (KHTML, like Gecko) Chrome/137.0.0.0 Safari/537.36 Edg/137.0.0.0"
172.16.36.181 - - [24/Jun/2025:09:27:41 +0800] "GET /manager-page/api/snapshot.php?id=12&t=0.806840308122544 HTTP/1.1" 200 50584 "http://192.168.60.79/manager-page/home-1.php" "Mozilla/5.0 (Windows NT 10.0; Win64; x64) AppleWebKit/537.36 (KHTML, like Gecko) Chrome/137.0.0.0 Safari/537.36 Edg/137.0.0.0"
127.0.0.1 - - [24/Jun/2025:09:28:00 +0800] "GET /robot/alarm-history-in.php HTTP/1.1" 200 - "-" "python-requests/2.28.1"
172.16.36.181 - - [24/Jun/2025:09:28:41 +0800] "GET /manager-page/api/snapshot.php?id=11&t=0.9854564834707731 HTTP/1.1" 200 50976 "http://192.168.60.79/manager-page/home-1.php" "Mozilla/5.0 (Windows NT 10.0; Win64; x64) AppleWebKit/537.36 (KHTML, like Gecko) Chrome/137.0.0.0 Safari/537.36 Edg/137.0.0.0"
172.16.36.181 - - [24/Jun/2025:09:28:41 +0800] "GET /manager-page/api/snapshot.php?id=12&t=0.1681726098880958 HTTP/1.1" 200 50254 "http://192.168.60.79/manager-page/home-1.php" "Mozilla/5.0 (Windows NT 10.0; Win64; x64) AppleWebKit/537.36 (KHTML, like Gecko) Chrome/137.0.0.0 Safari/537.36 Edg/137.0.0.0"
127.0.0.1 - - [24/Jun/2025:09:28:53 +0800] "POST /robot/et-7026-in.php HTTP/1.1" 200 - "-" "python-requests/2.32.2"
127.0.0.1 - - [24/Jun/2025:09:29:00 +0800] "GET /robot/alarm-history-in.php HTTP/1.1" 200 - "-" "python-requests/2.28.1"
172.16.36.181 - - [24/Jun/2025:09:29:41 +0800] "GET /manager-page/api/snapshot.php?id=11&t=0.8541576926977811 HTTP/1.1" 200 50973 "http://192.168.60.79/manager-page/home-1.php" "Mozilla/5.0 (Windows NT 10.0; Win64; x64) AppleWebKit/537.36 (KHTML, like Gecko) Chrome/137.0.0.0 Safari/537.36 Edg/137.0.0.0"
172.16.36.181 - - [24/Jun/2025:09:29:41 +0800] "GET /manager-page/api/snapshot.php?id=12&t=0.11765205102211285 HTTP/1.1" 200 50459 "http://192.168.60.79/manager-page/home-1.php" "Mozilla/5.0 (Windows NT 10.0; Win64; x64) AppleWebKit/537.36 (KHTML, like Gecko) Chrome/137.0.0.0 Safari/537.36 Edg/137.0.0.0"
127.0.0.1 - - [24/Jun/2025:09:29:52 +0800] "POST /robot/et-7026-in.php HTTP/1.1" 200 - "-" "python-requests/2.32.2"
127.0.0.1 - - [24/Jun/2025:09:30:00 +0800] "GET /robot/alarm-history-in.php HTTP/1.1" 200 - "-" "python-requests/2.28.1"
127.0.0.1 - - [24/Jun/2025:09:30:34 +0800] "POST /robot/et-7026-in.php HTTP/1.1" 200 - "-" "python-requests/2.32.2"
172.16.36.181 - - [24/Jun/2025:09:30:41 +0800] "GET /manager-page/api/snapshot.php?id=11&t=0.36656076898164724 HTTP/1.1" 200 51069 "http://192.168.60.79/manager-page/home-1.php" "Mozilla/5.0 (Windows NT 10.0; Win64; x64) AppleWebKit/537.36 (KHTML, like Gecko) Chrome/137.0.0.0 Safari/537.36 Edg/137.0.0.0"
172.16.36.181 - - [24/Jun/2025:09:30:41 +0800] "GET /manager-page/api/snapshot.php?id=12&t=0.065819540557994 HTTP/1.1" 200 50596 "http://192.168.60.79/manager-page/home-1.php" "Mozilla/5.0 (Windows NT 10.0; Win64; x64) AppleWebKit/537.36 (KHTML, like Gecko) Chrome/137.0.0.0 Safari/537.36 Edg/137.0.0.0"
111.70.30.251 - - [24/Jun/2025:09:30:56 +0800] "POST /robot/lora-in.php HTTP/1.1" 200 - "-" "python-requests/2.21.0"
127.0.0.1 - - [24/Jun/2025:09:31:00 +0800] "GET /robot/alarm-history-in.php HTTP/1.1" 200 - "-" "python-requests/2.28.1"
111.70.30.250 - - [24/Jun/2025:09:31:22 +0800] "POST /robot/lora-in.php HTTP/1.1" 200 - "-" "python-requests/2.21.0"
172.16.36.181 - - [24/Jun/2025:09:31:41 +0800] "GET /manager-page/api/snapshot.php?id=12&t=0.043229751725930576 HTTP/1.1" 200 50875 "http://192.168.60.79/manager-page/home-1.php" "Mozilla/5.0 (Windows NT 10.0; Win64; x64) AppleWebKit/537.36 (KHTML, like Gecko) Chrome/137.0.0.0 Safari/537.36 Edg/137.0.0.0"
172.16.36.181 - - [24/Jun/2025:09:31:41 +0800] "GET /manager-page/api/snapshot.php?id=11&t=0.4188370882615071 HTTP/1.1" 200 51085 "http://192.168.60.79/manager-page/home-1.php" "Mozilla/5.0 (Windows NT 10.0; Win64; x64) AppleWebKit/537.36 (KHTML, like Gecko) Chrome/137.0.0.0 Safari/537.36 Edg/137.0.0.0"
127.0.0.1 - - [24/Jun/2025:09:31:53 +0800] "GET /get-setting.json HTTP/1.1" 200 2314 "-" "python-requests/2.31.0"
127.0.0.1 - - [24/Jun/2025:09:31:53 +0800] "POST /robot/lora-in.php HTTP/1.1" 200 - "-" "python-requests/2.31.0"
111.70.30.253 - - [24/Jun/2025:09:31:56 +0800] "POST /robot/lora-in.php HTTP/1.1" 200 - "-" "python-requests/2.21.0"
127.0.0.1 - - [24/Jun/2025:09:31:58 +0800] "POST /robot/et-7026-in.php HTTP/1.1" 200 - "-" "python-requests/2.32.2"
127.0.0.1 - - [24/Jun/2025:09:31:59 +0800] "POST /robot/lora-in.php HTTP/1.1" 200 - "-" "python-requests/2.31.0"
127.0.0.1 - - [24/Jun/2025:09:32:00 +0800] "GET /robot/alarm-history-in.php HTTP/1.1" 200 - "-" "python-requests/2.28.1"
127.0.0.1 - - [24/Jun/2025:09:32:05 +0800] "POST /robot/lora-in.php HTTP/1.1" 200 - "-" "python-requests/2.31.0"
127.0.0.1 - - [24/Jun/2025:09:32:14 +0800] "POST /robot/lora-in.php HTTP/1.1" 200 - "-" "python-requests/2.31.0"
127.0.0.1 - - [24/Jun/2025:09:32:21 +0800] "POST /robot/lora-in.php HTTP/1.1" 200 - "-" "python-requests/2.31.0"
127.0.0.1 - - [24/Jun/2025:09:32:32 +0800] "POST /robot/lora-in.php HTTP/1.1" 200 - "-" "python-requests/2.31.0"
127.0.0.1 - - [24/Jun/2025:09:32:33 +0800] "POST /robot/lora-in.php HTTP/1.1" 200 - "-" "python-requests/2.31.0"
127.0.0.1 - - [24/Jun/2025:09:32:35 +0800] "POST /robot/lora-in.php HTTP/1.1" 200 - "-" "python-requests/2.31.0"
172.16.36.181 - - [24/Jun/2025:09:32:41 +0800] "GET /manager-page/api/snapshot.php?id=11&t=0.7337019275767108 HTTP/1.1" 200 51221 "http://192.168.60.79/manager-page/home-1.php" "Mozilla/5.0 (Windows NT 10.0; Win64; x64) AppleWebKit/537.36 (KHTML, like Gecko) Chrome/137.0.0.0 Safari/537.36 Edg/137.0.0.0"
172.16.36.181 - - [24/Jun/2025:09:32:41 +0800] "GET /manager-page/api/snapshot.php?id=12&t=0.4623878508896916 HTTP/1.1" 200 50647 "http://192.168.60.79/manager-page/home-1.php" "Mozilla/5.0 (Windows NT 10.0; Win64; x64) AppleWebKit/537.36 (KHTML, like Gecko) Chrome/137.0.0.0 Safari/537.36 Edg/137.0.0.0"
127.0.0.1 - - [24/Jun/2025:09:33:01 +0800] "GET /robot/alarm-history-in.php HTTP/1.1" 200 - "-" "python-requests/2.28.1"
172.16.36.181 - - [24/Jun/2025:09:33:42 +0800] "GET /manager-page/api/snapshot.php?id=11&t=0.32974436700648935 HTTP/1.1" 200 51369 "http://192.168.60.79/manager-page/home-1.php" "Mozilla/5.0 (Windows NT 10.0; Win64; x64) AppleWebKit/537.36 (KHTML, like Gecko) Chrome/137.0.0.0 Safari/537.36 Edg/137.0.0.0"
172.16.36.181 - - [24/Jun/2025:09:33:42 +0800] "GET /manager-page/api/snapshot.php?id=12&t=0.8296886637458858 HTTP/1.1" 200 50768 "http://192.168.60.79/manager-page/home-1.php" "Mozilla/5.0 (Windows NT 10.0; Win64; x64) AppleWebKit/537.36 (KHTML, like Gecko) Chrome/137.0.0.0 Safari/537.36 Edg/137.0.0.0"
127.0.0.1 - - [24/Jun/2025:09:34:00 +0800] "GET /robot/alarm-history-in.php HTTP/1.1" 200 - "-" "python-requests/2.28.1"
172.16.36.181 - - [24/Jun/2025:09:34:41 +0800] "GET /manager-page/api/snapshot.php?id=12&t=0.40412375564181013 HTTP/1.1" 200 50784 "http://192.168.60.79/manager-page/home-1.php" "Mozilla/5.0 (Windows NT 10.0; Win64; x64) AppleWebKit/537.36 (KHTML, like Gecko) Chrome/137.0.0.0 Safari/537.36 Edg/137.0.0.0"
172.16.36.181 - - [24/Jun/2025:09:34:41 +0800] "GET /manager-page/api/snapshot.php?id=11&t=0.4611946298332461 HTTP/1.1" 200 51249 "http://192.168.60.79/manager-page/home-1.php" "Mozilla/5.0 (Windows NT 10.0; Win64; x64) AppleWebKit/537.36 (KHTML, like Gecko) Chrome/137.0.0.0 Safari/537.36 Edg/137.0.0.0"
127.0.0.1 - - [24/Jun/2025:09:35:00 +0800] "GET /robot/alarm-history-in.php HTTP/1.1" 200 - "-" "python-requests/2.28.1"
172.16.36.181 - - [24/Jun/2025:09:35:41 +0800] "GET /manager-page/api/snapshot.php?id=12&t=0.1108431502016678 HTTP/1.1" 200 50865 "http://192.168.60.79/manager-page/home-1.php" "Mozilla/5.0 (Windows NT 10.0; Win64; x64) AppleWebKit/537.36 (KHTML, like Gecko) Chrome/137.0.0.0 Safari/537.36 Edg/137.0.0.0"
172.16.36.181 - - [24/Jun/2025:09:35:41 +0800] "GET /manager-page/api/snapshot.php?id=11&t=0.7796902465592082 HTTP/1.1" 200 51393 "http://192.168.60.79/manager-page/home-1.php" "Mozilla/5.0 (Windows NT 10.0; Win64; x64) AppleWebKit/537.36 (KHTML, like Gecko) Chrome/137.0.0.0 Safari/537.36 Edg/137.0.0.0"
127.0.0.1 - - [24/Jun/2025:09:36:00 +0800] "GET /robot/alarm-history-in.php HTTP/1.1" 200 - "-" "python-requests/2.28.1"
111.70.30.252 - - [24/Jun/2025:09:36:39 +0800] "POST /robot/lora-in.php HTTP/1.1" 200 - "-" "python-requests/2.21.0"
172.16.36.181 - - [24/Jun/2025:09:36:41 +0800] "GET /manager-page/api/snapshot.php?id=11&t=0.882093814277108 HTTP/1.1" 200 51113 "http://192.168.60.79/manager-page/home-1.php" "Mozilla/5.0 (Windows NT 10.0; Win64; x64) AppleWebKit/537.36 (KHTML, like Gecko) Chrome/137.0.0.0 Safari/537.36 Edg/137.0.0.0"
172.16.36.181 - - [24/Jun/2025:09:36:41 +0800] "GET /manager-page/api/snapshot.php?id=12&t=0.8763687749908217 HTTP/1.1" 200 50559 "http://192.168.60.79/manager-page/home-1.php" "Mozilla/5.0 (Windows NT 10.0; Win64; x64) AppleWebKit/537.36 (KHTML, like Gecko) Chrome/137.0.0.0 Safari/537.36 Edg/137.0.0.0"
127.0.0.1 - - [24/Jun/2025:09:37:00 +0800] "GET /robot/alarm-history-in.php HTTP/1.1" 200 - "-" "python-requests/2.28.1"
172.16.36.181 - - [24/Jun/2025:09:37:42 +0800] "GET /manager-page/api/snapshot.php?id=12&t=0.0052486489094613065 HTTP/1.1" 200 50700 "http://192.168.60.79/manager-page/home-1.php" "Mozilla/5.0 (Windows NT 10.0; Win64; x64) AppleWebKit/537.36 (KHTML, like Gecko) Chrome/137.0.0.0 Safari/537.36 Edg/137.0.0.0"
172.16.36.181 - - [24/Jun/2025:09:37:42 +0800] "GET /manager-page/api/snapshot.php?id=11&t=0.22941830530631624 HTTP/1.1" 200 51500 "http://192.168.60.79/manager-page/home-1.php" "Mozilla/5.0 (Windows NT 10.0; Win64; x64) AppleWebKit/537.36 (KHTML, like Gecko) Chrome/137.0.0.0 Safari/537.36 Edg/137.0.0.0"
127.0.0.1 - - [24/Jun/2025:09:38:00 +0800] "GET /robot/alarm-history-in.php HTTP/1.1" 200 - "-" "python-requests/2.28.1"
172.16.36.181 - - [24/Jun/2025:09:38:41 +0800] "GET /manager-page/api/snapshot.php?id=11&t=0.48651197896243104 HTTP/1.1" 200 50921 "http://192.168.60.79/manager-page/home-1.php" "Mozilla/5.0 (Windows NT 10.0; Win64; x64) AppleWebKit/537.36 (KHTML, like Gecko) Chrome/137.0.0.0 Safari/537.36 Edg/137.0.0.0"
172.16.36.181 - - [24/Jun/2025:09:38:41 +0800] "GET /manager-page/api/snapshot.php?id=12&t=0.13801102273188415 HTTP/1.1" 200 50515 "http://192.168.60.79/manager-page/home-1.php" "Mozilla/5.0 (Windows NT 10.0; Win64; x64) AppleWebKit/537.36 (KHTML, like Gecko) Chrome/137.0.0.0 Safari/537.36 Edg/137.0.0.0"
127.0.0.1 - - [24/Jun/2025:09:38:54 +0800] "POST /robot/et-7026-in.php HTTP/1.1" 200 - "-" "python-requests/2.32.2"
127.0.0.1 - - [24/Jun/2025:09:39:00 +0800] "GET /robot/alarm-history-in.php HTTP/1.1" 200 - "-" "python-requests/2.28.1"
111.70.30.251 - - [24/Jun/2025:09:39:31 +0800] "POST /robot/lora-in.php HTTP/1.1" 200 - "-" "python-requests/2.21.0"
172.16.36.181 - - [24/Jun/2025:09:39:42 +0800] "GET /manager-page/api/snapshot.php?id=11&t=0.6878821774182031 HTTP/1.1" 200 51129 "http://192.168.60.79/manager-page/home-1.php" "Mozilla/5.0 (Windows NT 10.0; Win64; x64) AppleWebKit/537.36 (KHTML, like Gecko) Chrome/137.0.0.0 Safari/537.36 Edg/137.0.0.0"
172.16.36.181 - - [24/Jun/2025:09:39:42 +0800] "GET /manager-page/api/snapshot.php?id=12&t=0.912155804600787 HTTP/1.1" 200 50713 "http://192.168.60.79/manager-page/home-1.php" "Mozilla/5.0 (Windows NT 10.0; Win64; x64) AppleWebKit/537.36 (KHTML, like Gecko) Chrome/137.0.0.0 Safari/537.36 Edg/137.0.0.0"
127.0.0.1 - - [24/Jun/2025:09:39:53 +0800] "POST /robot/et-7026-in.php HTTP/1.1" 200 - "-" "python-requests/2.32.2"
111.70.30.250 - - [24/Jun/2025:09:39:57 +0800] "POST /robot/lora-in.php HTTP/1.1" 200 - "-" "python-requests/2.21.0"
127.0.0.1 - - [24/Jun/2025:09:40:00 +0800] "GET /robot/alarm-history-in.php HTTP/1.1" 200 - "-" "python-requests/2.28.1"
127.0.0.1 - - [24/Jun/2025:09:40:35 +0800] "POST /robot/et-7026-in.php HTTP/1.1" 200 - "-" "python-requests/2.32.2"
111.70.30.253 - - [24/Jun/2025:09:40:40 +0800] "POST /robot/lora-in.php HTTP/1.1" 200 - "-" "python-requests/2.21.0"
172.16.36.181 - - [24/Jun/2025:09:40:42 +0800] "GET /manager-page/api/snapshot.php?id=11&t=0.7498452544386258 HTTP/1.1" 200 50808 "http://192.168.60.79/manager-page/home-1.php" "Mozilla/5.0 (Windows NT 10.0; Win64; x64) AppleWebKit/537.36 (KHTML, like Gecko) Chrome/137.0.0.0 Safari/537.36 Edg/137.0.0.0"
172.16.36.181 - - [24/Jun/2025:09:40:42 +0800] "GET /manager-page/api/snapshot.php?id=12&t=0.25856805792044224 HTTP/1.1" 200 50370 "http://192.168.60.79/manager-page/home-1.php" "Mozilla/5.0 (Windows NT 10.0; Win64; x64) AppleWebKit/537.36 (KHTML, like Gecko) Chrome/137.0.0.0 Safari/537.36 Edg/137.0.0.0"
127.0.0.1 - - [24/Jun/2025:09:41:00 +0800] "GET /robot/alarm-history-in.php HTTP/1.1" 200 - "-" "python-requests/2.28.1"
172.16.36.181 - - [24/Jun/2025:09:41:42 +0800] "GET /manager-page/api/snapshot.php?id=11&t=0.9058930995756578 HTTP/1.1" 200 50914 "http://192.168.60.79/manager-page/home-1.php" "Mozilla/5.0 (Windows NT 10.0; Win64; x64) AppleWebKit/537.36 (KHTML, like Gecko) Chrome/137.0.0.0 Safari/537.36 Edg/137.0.0.0"
172.16.36.181 - - [24/Jun/2025:09:41:42 +0800] "GET /manager-page/api/snapshot.php?id=12&t=0.6276268984463709 HTTP/1.1" 200 51351 "http://192.168.60.79/manager-page/home-1.php" "Mozilla/5.0 (Windows NT 10.0; Win64; x64) AppleWebKit/537.36 (KHTML, like Gecko) Chrome/137.0.0.0 Safari/537.36 Edg/137.0.0.0"
127.0.0.1 - - [24/Jun/2025:09:41:53 +0800] "GET /get-setting.json HTTP/1.1" 200 2314 "-" "python-requests/2.31.0"
127.0.0.1 - - [24/Jun/2025:09:41:53 +0800] "POST /robot/lora-in.php HTTP/1.1" 200 - "-" "python-requests/2.31.0"
127.0.0.1 - - [24/Jun/2025:09:41:58 +0800] "POST /robot/et-7026-in.php HTTP/1.1" 200 - "-" "python-requests/2.32.2"
127.0.0.1 - - [24/Jun/2025:09:42:00 +0800] "GET /robot/alarm-history-in.php HTTP/1.1" 200 - "-" "python-requests/2.28.1"
127.0.0.1 - - [24/Jun/2025:09:42:02 +0800] "POST /robot/lora-in.php HTTP/1.1" 200 - "-" "python-requests/2.31.0"
127.0.0.1 - - [24/Jun/2025:09:42:10 +0800] "POST /robot/lora-in.php HTTP/1.1" 200 - "-" "python-requests/2.31.0"
127.0.0.1 - - [24/Jun/2025:09:42:21 +0800] "POST /robot/lora-in.php HTTP/1.1" 200 - "-" "python-requests/2.31.0"
127.0.0.1 - - [24/Jun/2025:09:42:29 +0800] "POST /robot/lora-in.php HTTP/1.1" 200 - "-" "python-requests/2.31.0"
127.0.0.1 - - [24/Jun/2025:09:42:39 +0800] "POST /robot/lora-in.php HTTP/1.1" 200 - "-" "python-requests/2.31.0"
172.16.36.181 - - [24/Jun/2025:09:42:41 +0800] "GET /manager-page/api/snapshot.php?id=11&t=0.4651661144193314 HTTP/1.1" 200 50823 "http://192.168.60.79/manager-page/home-1.php" "Mozilla/5.0 (Windows NT 10.0; Win64; x64) AppleWebKit/537.36 (KHTML, like Gecko) Chrome/137.0.0.0 Safari/537.36 Edg/137.0.0.0"
172.16.36.181 - - [24/Jun/2025:09:42:41 +0800] "GET /manager-page/api/snapshot.php?id=12&t=0.906283885115697 HTTP/1.1" 200 50659 "http://192.168.60.79/manager-page/home-1.php" "Mozilla/5.0 (Windows NT 10.0; Win64; x64) AppleWebKit/537.36 (KHTML, like Gecko) Chrome/137.0.0.0 Safari/537.36 Edg/137.0.0.0"
127.0.0.1 - - [24/Jun/2025:09:42:45 +0800] "POST /robot/lora-in.php HTTP/1.1" 200 - "-" "python-requests/2.31.0"
127.0.0.1 - - [24/Jun/2025:09:42:46 +0800] "POST /robot/lora-in.php HTTP/1.1" 200 - "-" "python-requests/2.31.0"
127.0.0.1 - - [24/Jun/2025:09:43:00 +0800] "GET /robot/alarm-history-in.php HTTP/1.1" 200 - "-" "python-requests/2.28.1"
172.16.36.181 - - [24/Jun/2025:09:43:41 +0800] "GET /manager-page/api/snapshot.php?id=11&t=0.0002836729504491764 HTTP/1.1" 200 50951 "http://192.168.60.79/manager-page/home-1.php" "Mozilla/5.0 (Windows NT 10.0; Win64; x64) AppleWebKit/537.36 (KHTML, like Gecko) Chrome/137.0.0.0 Safari/537.36 Edg/137.0.0.0"
172.16.36.181 - - [24/Jun/2025:09:43:41 +0800] "GET /manager-page/api/snapshot.php?id=12&t=0.749568980163729 HTTP/1.1" 200 50479 "http://192.168.60.79/manager-page/home-1.php" "Mozilla/5.0 (Windows NT 10.0; Win64; x64) AppleWebKit/537.36 (KHTML, like Gecko) Chrome/137.0.0.0 Safari/537.36 Edg/137.0.0.0"
127.0.0.1 - - [24/Jun/2025:09:44:00 +0800] "GET /robot/alarm-history-in.php HTTP/1.1" 200 - "-" "python-requests/2.28.1"
127.0.0.1 - - [24/Jun/2025:09:45:00 +0800] "GET /robot/alarm-history-in.php HTTP/1.1" 200 - "-" "python-requests/2.28.1"
111.70.30.252 - - [24/Jun/2025:09:45:49 +0800] "POST /robot/lora-in.php HTTP/1.1" 200 - "-" "python-requests/2.21.0"
127.0.0.1 - - [24/Jun/2025:09:46:00 +0800] "GET /robot/alarm-history-in.php HTTP/1.1" 200 - "-" "python-requests/2.28.1"
127.0.0.1 - - [24/Jun/2025:09:47:00 +0800] "GET /robot/alarm-history-in.php HTTP/1.1" 200 - "-" "python-requests/2.28.1"
127.0.0.1 - - [24/Jun/2025:09:48:00 +0800] "GET /robot/alarm-history-in.php HTTP/1.1" 200 - "-" "python-requests/2.28.1"
111.70.30.251 - - [24/Jun/2025:09:48:06 +0800] "POST /robot/lora-in.php HTTP/1.1" 200 - "-" "python-requests/2.21.0"
111.70.30.250 - - [24/Jun/2025:09:48:33 +0800] "POST /robot/lora-in.php HTTP/1.1" 200 - "-" "python-requests/2.21.0"
127.0.0.1 - - [24/Jun/2025:09:48:55 +0800] "POST /robot/et-7026-in.php HTTP/1.1" 200 - "-" "python-requests/2.32.2"
127.0.0.1 - - [24/Jun/2025:09:49:00 +0800] "GET /robot/alarm-history-in.php HTTP/1.1" 200 - "-" "python-requests/2.28.1"
111.70.30.253 - - [24/Jun/2025:09:49:23 +0800] "POST /robot/lora-in.php HTTP/1.1" 200 - "-" "python-requests/2.21.0"
127.0.0.1 - - [24/Jun/2025:09:49:54 +0800] "POST /robot/et-7026-in.php HTTP/1.1" 200 - "-" "python-requests/2.32.2"
127.0.0.1 - - [24/Jun/2025:09:50:00 +0800] "GET /robot/alarm-history-in.php HTTP/1.1" 200 - "-" "python-requests/2.28.1"
127.0.0.1 - - [24/Jun/2025:09:50:37 +0800] "POST /robot/et-7026-in.php HTTP/1.1" 200 - "-" "python-requests/2.32.2"
127.0.0.1 - - [24/Jun/2025:09:51:00 +0800] "GET /robot/alarm-history-in.php HTTP/1.1" 200 - "-" "python-requests/2.28.1"
127.0.0.1 - - [24/Jun/2025:09:51:53 +0800] "GET /get-setting.json HTTP/1.1" 200 2314 "-" "python-requests/2.31.0"
127.0.0.1 - - [24/Jun/2025:09:51:53 +0800] "POST /robot/lora-in.php HTTP/1.1" 200 - "-" "python-requests/2.31.0"
127.0.0.1 - - [24/Jun/2025:09:51:59 +0800] "POST /robot/et-7026-in.php HTTP/1.1" 200 - "-" "python-requests/2.32.2"
127.0.0.1 - - [24/Jun/2025:09:52:00 +0800] "GET /robot/alarm-history-in.php HTTP/1.1" 200 - "-" "python-requests/2.28.1"
127.0.0.1 - - [24/Jun/2025:09:52:00 +0800] "POST /robot/lora-in.php HTTP/1.1" 200 - "-" "python-requests/2.31.0"
127.0.0.1 - - [24/Jun/2025:09:52:09 +0800] "POST /robot/lora-in.php HTTP/1.1" 200 - "-" "python-requests/2.31.0"
127.0.0.1 - - [24/Jun/2025:09:52:11 +0800] "POST /robot/lora-in.php HTTP/1.1" 200 - "-" "python-requests/2.31.0"
127.0.0.1 - - [24/Jun/2025:09:53:00 +0800] "GET /robot/alarm-history-in.php HTTP/1.1" 200 - "-" "python-requests/2.28.1"
127.0.0.1 - - [24/Jun/2025:09:52:21 +0800] "POST /robot/lora-in.php HTTP/1.1" 500 - "-" "python-requests/2.31.0"
127.0.0.1 - - [24/Jun/2025:09:52:46 +0800] "POST /robot/lora-in.php HTTP/1.1" 200 - "-" "python-requests/2.31.0"
127.0.0.1 - - [24/Jun/2025:09:53:07 +0800] "POST /robot/lora-in.php HTTP/1.1" 200 - "-" "python-requests/2.31.0"
127.0.0.1 - - [24/Jun/2025:09:53:24 +0800] "POST /robot/lora-in.php HTTP/1.1" 200 - "-" "python-requests/2.31.0"
127.0.0.1 - - [24/Jun/2025:09:54:00 +0800] "GET /robot/alarm-history-in.php HTTP/1.1" 200 - "-" "python-requests/2.28.1"
111.70.30.252 - - [24/Jun/2025:09:54:58 +0800] "POST /robot/lora-in.php HTTP/1.1" 200 - "-" "python-requests/2.21.0"
127.0.0.1 - - [24/Jun/2025:09:55:00 +0800] "GET /robot/alarm-history-in.php HTTP/1.1" 200 - "-" "python-requests/2.28.1"
127.0.0.1 - - [24/Jun/2025:09:56:01 +0800] "GET /robot/alarm-history-in.php HTTP/1.1" 200 - "-" "python-requests/2.28.1"
111.70.30.251 - - [24/Jun/2025:09:56:41 +0800] "POST /robot/lora-in.php HTTP/1.1" 200 - "-" "python-requests/2.21.0"
127.0.0.1 - - [24/Jun/2025:09:57:00 +0800] "GET /robot/alarm-history-in.php HTTP/1.1" 200 - "-" "python-requests/2.28.1"
111.70.30.250 - - [24/Jun/2025:09:57:38 +0800] "POST /robot/lora-in.php HTTP/1.1" 200 - "-" "python-requests/2.21.0"
127.0.0.1 - - [24/Jun/2025:09:58:00 +0800] "GET /robot/alarm-history-in.php HTTP/1.1" 200 - "-" "python-requests/2.28.1"
111.70.30.253 - - [24/Jun/2025:09:58:07 +0800] "POST /robot/lora-in.php HTTP/1.1" 200 - "-" "python-requests/2.21.0"
172.16.36.181 - - [24/Jun/2025:09:58:46 +0800] "GET /manager-page/home-3.php HTTP/1.1" 302 - "-" "Mozilla/5.0 (Windows NT 10.0; Win64; x64) AppleWebKit/537.36 (KHTML, like Gecko) Chrome/137.0.0.0 Safari/537.36 Edg/137.0.0.0"
172.16.36.181 - - [24/Jun/2025:09:58:49 +0800] "GET /manager-page/home-3.php HTTP/1.1" 302 - "-" "Mozilla/5.0 (Windows NT 10.0; Win64; x64) AppleWebKit/537.36 (KHTML, like Gecko) Chrome/137.0.0.0 Safari/537.36 Edg/137.0.0.0"
127.0.0.1 - - [24/Jun/2025:09:58:57 +0800] "POST /robot/et-7026-in.php HTTP/1.1" 200 - "-" "python-requests/2.32.2"
172.16.36.181 - - [24/Jun/2025:09:58:59 +0800] "GET /manager-page/login.php HTTP/1.1" 200 2365 "-" "Mozilla/5.0 (Windows NT 10.0; Win64; x64) AppleWebKit/537.36 (KHTML, like Gecko) Chrome/137.0.0.0 Safari/537.36 Edg/137.0.0.0"
127.0.0.1 - - [24/Jun/2025:09:59:00 +0800] "GET /robot/alarm-history-in.php HTTP/1.1" 200 - "-" "python-requests/2.28.1"
172.16.36.181 - - [24/Jun/2025:09:59:07 +0800] "GET /favicon.ico HTTP/1.1" 404 196 "http://192.168.60.79/manager-page/login.php" "Mozilla/5.0 (Windows NT 10.0; Win64; x64) AppleWebKit/537.36 (KHTML, like Gecko) Chrome/137.0.0.0 Safari/537.36 Edg/137.0.0.0"
127.0.0.1 - - [24/Jun/2025:09:59:56 +0800] "POST /robot/et-7026-in.php HTTP/1.1" 200 - "-" "python-requests/2.32.2"
127.0.0.1 - - [24/Jun/2025:10:00:00 +0800] "GET /robot/alarm-history-in.php HTTP/1.1" 200 - "-" "python-requests/2.28.1"
127.0.0.1 - - [24/Jun/2025:10:00:38 +0800] "POST /robot/et-7026-in.php HTTP/1.1" 200 - "-" "python-requests/2.32.2"
127.0.0.1 - - [24/Jun/2025:10:01:00 +0800] "GET /robot/alarm-history-in.php HTTP/1.1" 200 - "-" "python-requests/2.28.1"
127.0.0.1 - - [24/Jun/2025:10:01:53 +0800] "GET /get-setting.json HTTP/1.1" 200 2314 "-" "python-requests/2.31.0"
172.16.36.181 - - [24/Jun/2025:10:01:30 +0800] "POST /manager-page/login.php HTTP/1.1" 302 - "http://192.168.60.79/manager-page/login.php" "Mozilla/5.0 (Windows NT 10.0; Win64; x64) AppleWebKit/537.36 (KHTML, like Gecko) Chrome/137.0.0.0 Safari/537.36 Edg/137.0.0.0"
127.0.0.1 - - [24/Jun/2025:10:02:00 +0800] "GET /robot/alarm-history-in.php HTTP/1.1" 200 - "-" "python-requests/2.28.1"
127.0.0.1 - - [24/Jun/2025:10:02:01 +0800] "POST /robot/et-7026-in.php HTTP/1.1" 200 - "-" "python-requests/2.32.2"
172.16.36.181 - - [24/Jun/2025:10:01:32 +0800] "POST /manager-page/login.php HTTP/1.1" 302 - "http://192.168.60.79/manager-page/login.php" "Mozilla/5.0 (Windows NT 10.0; Win64; x64) AppleWebKit/537.36 (KHTML, like Gecko) Chrome/137.0.0.0 Safari/537.36 Edg/137.0.0.0"
172.16.36.181 - - [24/Jun/2025:10:02:32 +0800] "POST /manager-page/login.php HTTP/1.1" 302 - "http://192.168.60.79/manager-page/login.php" "Mozilla/5.0 (Windows NT 10.0; Win64; x64) AppleWebKit/537.36 (KHTML, like Gecko) Chrome/137.0.0.0 Safari/537.36 Edg/137.0.0.0"
127.0.0.1 - - [24/Jun/2025:10:03:00 +0800] "GET /robot/alarm-history-in.php HTTP/1.1" 200 - "-" "python-requests/2.28.1"
172.16.36.181 - - [24/Jun/2025:10:03:12 +0800] "GET /manager-page/home.php HTTP/1.1" 302 - "http://192.168.60.79/manager-page/login.php" "Mozilla/5.0 (Windows NT 10.0; Win64; x64) AppleWebKit/537.36 (KHTML, like Gecko) Chrome/137.0.0.0 Safari/537.36 Edg/137.0.0.0"
127.0.0.1 - - [24/Jun/2025:10:01:59 +0800] "POST /robot/lora-in.php HTTP/1.1" 500 - "-" "python-requests/2.31.0"
127.0.0.1 - - [24/Jun/2025:10:02:25 +0800] "POST /robot/lora-in.php HTTP/1.1" 500 - "-" "python-requests/2.31.0"
127.0.0.1 - - [24/Jun/2025:10:02:43 +0800] "POST /robot/lora-in.php HTTP/1.1" 500 - "-" "python-requests/2.31.0"
127.0.0.1 - - [24/Jun/2025:10:03:05 +0800] "POST /robot/lora-in.php HTTP/1.1" 500 - "-" "python-requests/2.31.0"
127.0.0.1 - - [24/Jun/2025:10:04:00 +0800] "GET /robot/alarm-history-in.php HTTP/1.1" 200 - "-" "python-requests/2.28.1"
127.0.0.1 - - [24/Jun/2025:10:03:25 +0800] "POST /robot/lora-in.php HTTP/1.1" 500 - "-" "python-requests/2.31.0"
172.16.36.181 - - [24/Jun/2025:10:03:33 +0800] "GET /manager-page/home-1.php HTTP/1.1" 200 18473 "http://192.168.60.79/manager-page/login.php" "Mozilla/5.0 (Windows NT 10.0; Win64; x64) AppleWebKit/537.36 (KHTML, like Gecko) Chrome/137.0.0.0 Safari/537.36 Edg/137.0.0.0"
111.70.30.252 - - [24/Jun/2025:10:04:06 +0800] "POST /robot/lora-in.php HTTP/1.1" 200 - "-" "python-requests/2.21.0"
172.16.36.181 - - [24/Jun/2025:10:04:33 +0800] "GET /manager-page/alarm/1-1.jpg?t=1804509039 HTTP/1.1" 200 322868 "http://192.168.60.79/manager-page/home-1.php" "Mozilla/5.0 (Windows NT 10.0; Win64; x64) AppleWebKit/537.36 (KHTML, like Gecko) Chrome/137.0.0.0 Safari/537.36 Edg/137.0.0.0"
172.16.36.181 - - [24/Jun/2025:10:04:33 +0800] "GET /manager-page/api/snapshot.php?id=12 HTTP/1.1" 200 51181 "http://192.168.60.79/manager-page/home-1.php" "Mozilla/5.0 (Windows NT 10.0; Win64; x64) AppleWebKit/537.36 (KHTML, like Gecko) Chrome/137.0.0.0 Safari/537.36 Edg/137.0.0.0"
172.16.36.181 - - [24/Jun/2025:10:04:33 +0800] "GET /manager-page/api/snapshot.php?id=11 HTTP/1.1" 200 51255 "http://192.168.60.79/manager-page/home-1.php" "Mozilla/5.0 (Windows NT 10.0; Win64; x64) AppleWebKit/537.36 (KHTML, like Gecko) Chrome/137.0.0.0 Safari/537.36 Edg/137.0.0.0"
172.16.36.181 - - [24/Jun/2025:10:04:45 +0800] "GET /manager-page/alarm/1-2.jpg?t=1603009942 HTTP/1.1" 200 495492 "http://192.168.60.79/manager-page/home-1.php" "Mozilla/5.0 (Windows NT 10.0; Win64; x64) AppleWebKit/537.36 (KHTML, like Gecko) Chrome/137.0.0.0 Safari/537.36 Edg/137.0.0.0"
127.0.0.1 - - [24/Jun/2025:10:03:43 +0800] "POST /robot/lora-in.php HTTP/1.1" 500 - "-" "python-requests/2.31.0"
127.0.0.1 - - [24/Jun/2025:10:04:00 +0800] "POST /robot/lora-in.php HTTP/1.1" 500 - "-" "python-requests/2.31.0"
127.0.0.1 - - [24/Jun/2025:10:05:01 +0800] "GET /robot/alarm-history-in.php HTTP/1.1" 200 - "-" "python-requests/2.28.1"
