127.0.0.1 - - [25/Apr/2025:09:51:39 +0800] "GET /manager-page/api/snapshot.php?id=22&t=0.01263271911077557 HTTP/1.1" 200 46639 "http://127.0.0.1/manager-page/home-2.php" "Mozilla/5.0 (Windows NT 10.0; Win64; x64) AppleWebKit/537.36 (KHTML, like Gecko) Chrome/119.0.0.0 Safari/537.36"
127.0.0.1 - - [25/Apr/2025:09:52:00 +0800] "GET /robot/alarm-history-in.php HTTP/1.1" 200 - "-" "python-requests/2.28.1"
127.0.0.1 - - [25/Apr/2025:09:53:00 +0800] "GET /robot/alarm-history-in.php HTTP/1.1" 200 - "-" "python-requests/2.28.1"
127.0.0.1 - - [25/Apr/2025:09:53:02 +0800] "GET /manager-page/api/snapshot.php?id=22&t=0.6498607785345065 HTTP/1.1" 200 46533 "http://127.0.0.1/manager-page/home-2.php" "Mozilla/5.0 (Windows NT 10.0; Win64; x64) AppleWebKit/537.36 (KHTML, like Gecko) Chrome/119.0.0.0 Safari/537.36"
127.0.0.1 - - [25/Apr/2025:09:53:02 +0800] "GET /manager-page/api/snapshot.php?id=21&t=0.9610591748274413 HTTP/1.1" 200 50908 "http://127.0.0.1/manager-page/home-2.php" "Mozilla/5.0 (Windows NT 10.0; Win64; x64) AppleWebKit/537.36 (KHTML, like Gecko) Chrome/119.0.0.0 Safari/537.36"
127.0.0.1 - - [25/Apr/2025:09:54:00 +0800] "GET /robot/alarm-history-in.php HTTP/1.1" 200 - "-" "python-requests/2.28.1"
127.0.0.1 - - [25/Apr/2025:09:54:33 +0800] "POST /robot/et-7026-in.php HTTP/1.1" 200 - "-" "python-requests/2.32.2"
127.0.0.1 - - [25/Apr/2025:09:55:00 +0800] "GET /robot/alarm-history-in.php HTTP/1.1" 200 - "-" "python-requests/2.28.1"
127.0.0.1 - - [25/Apr/2025:09:55:10 +0800] "POST /robot/et-7026-in.php HTTP/1.1" 200 - "-" "python-requests/2.32.2"
127.0.0.1 - - [25/Apr/2025:09:56:00 +0800] "GET /robot/alarm-history-in.php HTTP/1.1" 200 - "-" "python-requests/2.28.1"
127.0.0.1 - - [25/Apr/2025:09:56:13 +0800] "POST /robot/et-7026-in.php HTTP/1.1" 200 - "-" "python-requests/2.32.2"
127.0.0.1 - - [25/Apr/2025:09:56:51 +0800] "POST /robot/et-7026-in.php HTTP/1.1" 200 - "-" "python-requests/2.32.2"
127.0.0.1 - - [25/Apr/2025:09:57:00 +0800] "GET /robot/alarm-history-in.php HTTP/1.1" 200 - "-" "python-requests/2.28.1"
127.0.0.1 - - [25/Apr/2025:09:58:00 +0800] "GET /robot/alarm-history-in.php HTTP/1.1" 200 - "-" "python-requests/2.28.1"
111.70.30.250 - - [25/Apr/2025:09:58:26 +0800] "POST /robot/lora-in.php HTTP/1.1" 200 - "-" "python-requests/2.21.0"
111.70.30.251 - - [25/Apr/2025:09:58:55 +0800] "POST /robot/lora-in.php HTTP/1.1" 200 - "-" "python-requests/2.21.0"
127.0.0.1 - - [25/Apr/2025:09:59:00 +0800] "GET /robot/alarm-history-in.php HTTP/1.1" 200 - "-" "python-requests/2.28.1"
127.0.0.1 - - [25/Apr/2025:09:59:32 +0800] "GET /get-setting.json HTTP/1.1" 200 2315 "-" "python-requests/2.31.0"
127.0.0.1 - - [25/Apr/2025:10:00:00 +0800] "GET /robot/alarm-history-in.php HTTP/1.1" 200 - "-" "python-requests/2.28.1"
127.0.0.1 - - [25/Apr/2025:09:59:53 +0800] "POST /robot/lora-in.php HTTP/1.1" 200 - "-" "python-requests/2.31.0"
127.0.0.1 - - [25/Apr/2025:09:59:37 +0800] "POST /robot/lora-in.php HTTP/1.1" 200 - "-" "python-requests/2.31.0"
127.0.0.1 - - [25/Apr/2025:10:00:10 +0800] "POST /robot/lora-in.php HTTP/1.1" 200 - "-" "python-requests/2.31.0"
111.70.30.252 - - [25/Apr/2025:10:00:40 +0800] "POST /robot/lora-in.php HTTP/1.1" 200 - "-" "python-requests/2.21.0"
127.0.0.1 - - [25/Apr/2025:10:00:42 +0800] "POST /robot/lora-in.php HTTP/1.1" 200 - "-" "python-requests/2.31.0"
111.70.30.251 - - [25/Apr/2025:10:00:58 +0800] "POST /robot/lora-in.php HTTP/1.1" 200 - "-" "python-requests/2.21.0"
127.0.0.1 - - [25/Apr/2025:10:00:59 +0800] "POST /robot/lora-in.php HTTP/1.1" 200 - "-" "python-requests/2.31.0"
127.0.0.1 - - [25/Apr/2025:10:01:00 +0800] "GET /robot/alarm-history-in.php HTTP/1.1" 200 - "-" "python-requests/2.28.1"
127.0.0.1 - - [25/Apr/2025:10:01:02 +0800] "POST /robot/lora-in.php HTTP/1.1" 200 - "-" "python-requests/2.31.0"
127.0.0.1 - - [25/Apr/2025:10:01:12 +0800] "POST /robot/lora-in.php HTTP/1.1" 200 - "-" "python-requests/2.31.0"
127.0.0.1 - - [25/Apr/2025:10:02:00 +0800] "GET /robot/alarm-history-in.php HTTP/1.1" 200 - "-" "python-requests/2.28.1"
127.0.0.1 - - [25/Apr/2025:10:03:00 +0800] "GET /robot/alarm-history-in.php HTTP/1.1" 200 - "-" "python-requests/2.28.1"
127.0.0.1 - - [25/Apr/2025:10:04:00 +0800] "GET /robot/alarm-history-in.php HTTP/1.1" 200 - "-" "python-requests/2.28.1"
172.16.36.181 - - [25/Apr/2025:10:04:29 +0800] "GET /manager-page/home-3.php HTTP/1.1" 302 - "-" "Mozilla/5.0 (Windows NT 10.0; Win64; x64) AppleWebKit/537.36 (KHTML, like Gecko) Chrome/135.0.0.0 Safari/537.36 Edg/135.0.0.0"
172.16.36.181 - - [25/Apr/2025:10:04:29 +0800] "GET /manager-page/login.php HTTP/1.1" 200 2365 "-" "Mozilla/5.0 (Windows NT 10.0; Win64; x64) AppleWebKit/537.36 (KHTML, like Gecko) Chrome/135.0.0.0 Safari/537.36 Edg/135.0.0.0"
172.16.36.181 - - [25/Apr/2025:10:04:29 +0800] "GET /favicon.ico HTTP/1.1" 404 196 "http://192.168.60.79/manager-page/login.php" "Mozilla/5.0 (Windows NT 10.0; Win64; x64) AppleWebKit/537.36 (KHTML, like Gecko) Chrome/135.0.0.0 Safari/537.36 Edg/135.0.0.0"
127.0.0.1 - - [25/Apr/2025:10:04:36 +0800] "POST /robot/et-7026-in.php HTTP/1.1" 200 - "-" "python-requests/2.32.2"
172.16.36.181 - - [25/Apr/2025:10:04:51 +0800] "POST /manager-page/login.php HTTP/1.1" 302 - "http://192.168.60.79/manager-page/login.php" "Mozilla/5.0 (Windows NT 10.0; Win64; x64) AppleWebKit/537.36 (KHTML, like Gecko) Chrome/135.0.0.0 Safari/537.36 Edg/135.0.0.0"
172.16.36.181 - - [25/Apr/2025:10:04:51 +0800] "GET /manager-page/home.php HTTP/1.1" 302 - "http://192.168.60.79/manager-page/login.php" "Mozilla/5.0 (Windows NT 10.0; Win64; x64) AppleWebKit/537.36 (KHTML, like Gecko) Chrome/135.0.0.0 Safari/537.36 Edg/135.0.0.0"
172.16.36.181 - - [25/Apr/2025:10:04:51 +0800] "GET /manager-page/alarm/1-2.jpg?t=898211890 HTTP/1.1" 200 282261 "http://192.168.60.79/manager-page/home-1.php" "Mozilla/5.0 (Windows NT 10.0; Win64; x64) AppleWebKit/537.36 (KHTML, like Gecko) Chrome/135.0.0.0 Safari/537.36 Edg/135.0.0.0"
172.16.36.181 - - [25/Apr/2025:10:04:51 +0800] "GET /manager-page/alarm/1-1.jpg?t=59052078 HTTP/1.1" 200 322868 "http://192.168.60.79/manager-page/home-1.php" "Mozilla/5.0 (Windows NT 10.0; Win64; x64) AppleWebKit/537.36 (KHTML, like Gecko) Chrome/135.0.0.0 Safari/537.36 Edg/135.0.0.0"
172.16.36.181 - - [25/Apr/2025:10:04:51 +0800] "GET /manager-page/home-1.php HTTP/1.1" 200 27469 "http://192.168.60.79/manager-page/login.php" "Mozilla/5.0 (Windows NT 10.0; Win64; x64) AppleWebKit/537.36 (KHTML, like Gecko) Chrome/135.0.0.0 Safari/537.36 Edg/135.0.0.0"
172.16.36.181 - - [25/Apr/2025:10:04:51 +0800] "GET /manager-page/api/snapshot.php?id=12 HTTP/1.1" 200 43043 "http://192.168.60.79/manager-page/home-1.php" "Mozilla/5.0 (Windows NT 10.0; Win64; x64) AppleWebKit/537.36 (KHTML, like Gecko) Chrome/135.0.0.0 Safari/537.36 Edg/135.0.0.0"
172.16.36.181 - - [25/Apr/2025:10:04:51 +0800] "GET /manager-page/api/snapshot.php?id=11 HTTP/1.1" 500 - "http://192.168.60.79/manager-page/home-1.php" "Mozilla/5.0 (Windows NT 10.0; Win64; x64) AppleWebKit/537.36 (KHTML, like Gecko) Chrome/135.0.0.0 Safari/537.36 Edg/135.0.0.0"
172.16.36.181 - - [25/Apr/2025:10:04:57 +0800] "GET /manager-page/live/1-1.jpg HTTP/1.1" 200 44150 "http://192.168.60.79/manager-page/home-1.php" "Mozilla/5.0 (Windows NT 10.0; Win64; x64) AppleWebKit/537.36 (KHTML, like Gecko) Chrome/135.0.0.0 Safari/537.36 Edg/135.0.0.0"
172.16.36.181 - - [25/Apr/2025:10:04:56 +0800] "GET /manager-page/api/cms-status1.php HTTP/1.1" 200 12 "http://192.168.60.79/manager-page/home-1.php" "Mozilla/5.0 (Windows NT 10.0; Win64; x64) AppleWebKit/537.36 (KHTML, like Gecko) Chrome/135.0.0.0 Safari/537.36 Edg/135.0.0.0"
172.16.36.181 - - [25/Apr/2025:10:04:56 +0800] "GET /manager-page/api/lp-status1.php HTTP/1.1" 200 1 "http://192.168.60.79/manager-page/home-1.php" "Mozilla/5.0 (Windows NT 10.0; Win64; x64) AppleWebKit/537.36 (KHTML, like Gecko) Chrome/135.0.0.0 Safari/537.36 Edg/135.0.0.0"
127.0.0.1 - - [25/Apr/2025:10:05:00 +0800] "GET /robot/alarm-history-in.php HTTP/1.1" 200 - "-" "python-requests/2.28.1"
172.16.36.181 - - [25/Apr/2025:10:05:01 +0800] "GET /manager-page/api/snapshot.php?id=11&t=0.7273469868262336 HTTP/1.1" 200 44620 "http://192.168.60.79/manager-page/home-1.php" "Mozilla/5.0 (Windows NT 10.0; Win64; x64) AppleWebKit/537.36 (KHTML, like Gecko) Chrome/135.0.0.0 Safari/537.36 Edg/135.0.0.0"
172.16.36.181 - - [25/Apr/2025:10:05:01 +0800] "GET /manager-page/api/snapshot.php?id=12&t=0.9411834785731987 HTTP/1.1" 200 43297 "http://192.168.60.79/manager-page/home-1.php" "Mozilla/5.0 (Windows NT 10.0; Win64; x64) AppleWebKit/537.36 (KHTML, like Gecko) Chrome/135.0.0.0 Safari/537.36 Edg/135.0.0.0"
172.16.36.181 - - [25/Apr/2025:10:05:06 +0800] "GET /manager-page/api/snapshot.php?id=12&t=0.14879756948551803 HTTP/1.1" 200 42789 "http://192.168.60.79/manager-page/home-1.php" "Mozilla/5.0 (Windows NT 10.0; Win64; x64) AppleWebKit/537.36 (KHTML, like Gecko) Chrome/135.0.0.0 Safari/537.36 Edg/135.0.0.0"
172.16.36.181 - - [25/Apr/2025:10:05:06 +0800] "GET /manager-page/api/snapshot.php?id=11&t=0.6785241251089614 HTTP/1.1" 200 44821 "http://192.168.60.79/manager-page/home-1.php" "Mozilla/5.0 (Windows NT 10.0; Win64; x64) AppleWebKit/537.36 (KHTML, like Gecko) Chrome/135.0.0.0 Safari/537.36 Edg/135.0.0.0"
172.16.36.181 - - [25/Apr/2025:10:05:11 +0800] "GET /manager-page/api/snapshot.php?id=12&t=0.4312957624955437 HTTP/1.1" 200 43740 "http://192.168.60.79/manager-page/home-1.php" "Mozilla/5.0 (Windows NT 10.0; Win64; x64) AppleWebKit/537.36 (KHTML, like Gecko) Chrome/135.0.0.0 Safari/537.36 Edg/135.0.0.0"
127.0.0.1 - - [25/Apr/2025:10:05:11 +0800] "POST /robot/et-7026-in.php HTTP/1.1" 200 - "-" "python-requests/2.32.2"
172.16.36.181 - - [25/Apr/2025:10:05:11 +0800] "GET /manager-page/api/snapshot.php?id=11&t=0.3636463688234336 HTTP/1.1" 200 44887 "http://192.168.60.79/manager-page/home-1.php" "Mozilla/5.0 (Windows NT 10.0; Win64; x64) AppleWebKit/537.36 (KHTML, like Gecko) Chrome/135.0.0.0 Safari/537.36 Edg/135.0.0.0"
172.16.36.181 - - [25/Apr/2025:10:05:16 +0800] "GET /manager-page/api/snapshot.php?id=12&t=0.07138985627602656 HTTP/1.1" 200 44535 "http://192.168.60.79/manager-page/home-1.php" "Mozilla/5.0 (Windows NT 10.0; Win64; x64) AppleWebKit/537.36 (KHTML, like Gecko) Chrome/135.0.0.0 Safari/537.36 Edg/135.0.0.0"
172.16.36.181 - - [25/Apr/2025:10:05:16 +0800] "GET /manager-page/api/snapshot.php?id=11&t=0.9719835276145808 HTTP/1.1" 200 44655 "http://192.168.60.79/manager-page/home-1.php" "Mozilla/5.0 (Windows NT 10.0; Win64; x64) AppleWebKit/537.36 (KHTML, like Gecko) Chrome/135.0.0.0 Safari/537.36 Edg/135.0.0.0"
172.16.36.181 - - [25/Apr/2025:10:05:21 +0800] "GET /manager-page/api/snapshot.php?id=11&t=0.5854342576531278 HTTP/1.1" 200 46955 "http://192.168.60.79/manager-page/home-1.php" "Mozilla/5.0 (Windows NT 10.0; Win64; x64) AppleWebKit/537.36 (KHTML, like Gecko) Chrome/135.0.0.0 Safari/537.36 Edg/135.0.0.0"
172.16.36.181 - - [25/Apr/2025:10:05:21 +0800] "GET /manager-page/api/snapshot.php?id=12&t=0.3951058251486461 HTTP/1.1" 200 42979 "http://192.168.60.79/manager-page/home-1.php" "Mozilla/5.0 (Windows NT 10.0; Win64; x64) AppleWebKit/537.36 (KHTML, like Gecko) Chrome/135.0.0.0 Safari/537.36 Edg/135.0.0.0"
172.16.36.181 - - [25/Apr/2025:10:05:26 +0800] "GET /manager-page/api/snapshot.php?id=11&t=0.6273689644324064 HTTP/1.1" 200 44428 "http://192.168.60.79/manager-page/home-1.php" "Mozilla/5.0 (Windows NT 10.0; Win64; x64) AppleWebKit/537.36 (KHTML, like Gecko) Chrome/135.0.0.0 Safari/537.36 Edg/135.0.0.0"
172.16.36.181 - - [25/Apr/2025:10:05:26 +0800] "GET /manager-page/api/snapshot.php?id=12&t=0.31013733654194564 HTTP/1.1" 200 42920 "http://192.168.60.79/manager-page/home-1.php" "Mozilla/5.0 (Windows NT 10.0; Win64; x64) AppleWebKit/537.36 (KHTML, like Gecko) Chrome/135.0.0.0 Safari/537.36 Edg/135.0.0.0"
172.16.36.181 - - [25/Apr/2025:10:05:27 +0800] "GET /manager-page/alarm/2-1.jpg?t=875183335 HTTP/1.1" 200 514937 "http://192.168.60.79/manager-page/home-2.php" "Mozilla/5.0 (Windows NT 10.0; Win64; x64) AppleWebKit/537.36 (KHTML, like Gecko) Chrome/135.0.0.0 Safari/537.36 Edg/135.0.0.0"
172.16.36.181 - - [25/Apr/2025:10:05:27 +0800] "GET /manager-page/alarm/2-2.jpg?t=1317070648 HTTP/1.1" 200 491657 "http://192.168.60.79/manager-page/home-2.php" "Mozilla/5.0 (Windows NT 10.0; Win64; x64) AppleWebKit/537.36 (KHTML, like Gecko) Chrome/135.0.0.0 Safari/537.36 Edg/135.0.0.0"
172.16.36.181 - - [25/Apr/2025:10:05:26 +0800] "GET /manager-page/home-2.php HTTP/1.1" 200 27470 "http://192.168.60.79/manager-page/home-1.php" "Mozilla/5.0 (Windows NT 10.0; Win64; x64) AppleWebKit/537.36 (KHTML, like Gecko) Chrome/135.0.0.0 Safari/537.36 Edg/135.0.0.0"
172.16.36.181 - - [25/Apr/2025:10:05:27 +0800] "GET /manager-page/api/snapshot.php?id=22 HTTP/1.1" 200 46541 "http://192.168.60.79/manager-page/home-2.php" "Mozilla/5.0 (Windows NT 10.0; Win64; x64) AppleWebKit/537.36 (KHTML, like Gecko) Chrome/135.0.0.0 Safari/537.36 Edg/135.0.0.0"
172.16.36.181 - - [25/Apr/2025:10:05:27 +0800] "GET /manager-page/api/snapshot.php?id=21 HTTP/1.1" 200 50953 "http://192.168.60.79/manager-page/home-2.php" "Mozilla/5.0 (Windows NT 10.0; Win64; x64) AppleWebKit/537.36 (KHTML, like Gecko) Chrome/135.0.0.0 Safari/537.36 Edg/135.0.0.0"
172.16.36.181 - - [25/Apr/2025:10:05:31 +0800] "GET /manager-page/api/lp-status2.php HTTP/1.1" 200 1 "http://192.168.60.79/manager-page/home-2.php" "Mozilla/5.0 (Windows NT 10.0; Win64; x64) AppleWebKit/537.36 (KHTML, like Gecko) Chrome/135.0.0.0 Safari/537.36 Edg/135.0.0.0"
172.16.36.181 - - [25/Apr/2025:10:05:31 +0800] "GET /manager-page/api/cms-status2.php HTTP/1.1" 200 12 "http://192.168.60.79/manager-page/home-2.php" "Mozilla/5.0 (Windows NT 10.0; Win64; x64) AppleWebKit/537.36 (KHTML, like Gecko) Chrome/135.0.0.0 Safari/537.36 Edg/135.0.0.0"
172.16.36.181 - - [25/Apr/2025:10:05:36 +0800] "GET /manager-page/api/snapshot.php?id=21&t=0.5200488357544252 HTTP/1.1" 200 51001 "http://192.168.60.79/manager-page/home-2.php" "Mozilla/5.0 (Windows NT 10.0; Win64; x64) AppleWebKit/537.36 (KHTML, like Gecko) Chrome/135.0.0.0 Safari/537.36 Edg/135.0.0.0"
172.16.36.181 - - [25/Apr/2025:10:05:36 +0800] "GET /manager-page/api/snapshot.php?id=22&t=0.7706380118742319 HTTP/1.1" 200 46542 "http://192.168.60.79/manager-page/home-2.php" "Mozilla/5.0 (Windows NT 10.0; Win64; x64) AppleWebKit/537.36 (KHTML, like Gecko) Chrome/135.0.0.0 Safari/537.36 Edg/135.0.0.0"
172.16.36.181 - - [25/Apr/2025:10:05:41 +0800] "GET /manager-page/api/snapshot.php?id=21&t=0.15915672892740718 HTTP/1.1" 200 50994 "http://192.168.60.79/manager-page/home-2.php" "Mozilla/5.0 (Windows NT 10.0; Win64; x64) AppleWebKit/537.36 (KHTML, like Gecko) Chrome/135.0.0.0 Safari/537.36 Edg/135.0.0.0"
172.16.36.181 - - [25/Apr/2025:10:05:41 +0800] "GET /manager-page/api/snapshot.php?id=22&t=0.6043749411161391 HTTP/1.1" 200 46498 "http://192.168.60.79/manager-page/home-2.php" "Mozilla/5.0 (Windows NT 10.0; Win64; x64) AppleWebKit/537.36 (KHTML, like Gecko) Chrome/135.0.0.0 Safari/537.36 Edg/135.0.0.0"
172.16.36.181 - - [25/Apr/2025:10:05:46 +0800] "GET /manager-page/api/snapshot.php?id=22&t=0.059351346943803396 HTTP/1.1" 200 46485 "http://192.168.60.79/manager-page/home-2.php" "Mozilla/5.0 (Windows NT 10.0; Win64; x64) AppleWebKit/537.36 (KHTML, like Gecko) Chrome/135.0.0.0 Safari/537.36 Edg/135.0.0.0"
172.16.36.181 - - [25/Apr/2025:10:05:46 +0800] "GET /manager-page/api/snapshot.php?id=21&t=0.7286008636072057 HTTP/1.1" 200 51046 "http://192.168.60.79/manager-page/home-2.php" "Mozilla/5.0 (Windows NT 10.0; Win64; x64) AppleWebKit/537.36 (KHTML, like Gecko) Chrome/135.0.0.0 Safari/537.36 Edg/135.0.0.0"
172.16.36.181 - - [25/Apr/2025:10:05:51 +0800] "GET /manager-page/api/snapshot.php?id=21&t=0.5422731933176757 HTTP/1.1" 200 51100 "http://192.168.60.79/manager-page/home-2.php" "Mozilla/5.0 (Windows NT 10.0; Win64; x64) AppleWebKit/537.36 (KHTML, like Gecko) Chrome/135.0.0.0 Safari/537.36 Edg/135.0.0.0"
172.16.36.181 - - [25/Apr/2025:10:05:51 +0800] "GET /manager-page/api/snapshot.php?id=22&t=0.0773591502479708 HTTP/1.1" 200 46491 "http://192.168.60.79/manager-page/home-2.php" "Mozilla/5.0 (Windows NT 10.0; Win64; x64) AppleWebKit/537.36 (KHTML, like Gecko) Chrome/135.0.0.0 Safari/537.36 Edg/135.0.0.0"
172.16.36.181 - - [25/Apr/2025:10:05:56 +0800] "GET /manager-page/api/snapshot.php?id=22&t=0.9035576407781823 HTTP/1.1" 200 46533 "http://192.168.60.79/manager-page/home-2.php" "Mozilla/5.0 (Windows NT 10.0; Win64; x64) AppleWebKit/537.36 (KHTML, like Gecko) Chrome/135.0.0.0 Safari/537.36 Edg/135.0.0.0"
172.16.36.181 - - [25/Apr/2025:10:05:56 +0800] "GET /manager-page/api/snapshot.php?id=21&t=0.18009802280913834 HTTP/1.1" 200 50998 "http://192.168.60.79/manager-page/home-2.php" "Mozilla/5.0 (Windows NT 10.0; Win64; x64) AppleWebKit/537.36 (KHTML, like Gecko) Chrome/135.0.0.0 Safari/537.36 Edg/135.0.0.0"
127.0.0.1 - - [25/Apr/2025:10:06:00 +0800] "GET /robot/alarm-history-in.php HTTP/1.1" 200 - "-" "python-requests/2.28.1"
172.16.36.181 - - [25/Apr/2025:10:06:01 +0800] "GET /manager-page/api/snapshot.php?id=21&t=0.9207739992468053 HTTP/1.1" 200 51127 "http://192.168.60.79/manager-page/home-2.php" "Mozilla/5.0 (Windows NT 10.0; Win64; x64) AppleWebKit/537.36 (KHTML, like Gecko) Chrome/135.0.0.0 Safari/537.36 Edg/135.0.0.0"
172.16.36.181 - - [25/Apr/2025:10:06:01 +0800] "GET /manager-page/api/snapshot.php?id=22&t=0.09684229837691027 HTTP/1.1" 200 46517 "http://192.168.60.79/manager-page/home-2.php" "Mozilla/5.0 (Windows NT 10.0; Win64; x64) AppleWebKit/537.36 (KHTML, like Gecko) Chrome/135.0.0.0 Safari/537.36 Edg/135.0.0.0"
172.16.36.181 - - [25/Apr/2025:10:06:06 +0800] "GET /manager-page/api/snapshot.php?id=22&t=0.5070826305717624 HTTP/1.1" 200 46497 "http://192.168.60.79/manager-page/home-2.php" "Mozilla/5.0 (Windows NT 10.0; Win64; x64) AppleWebKit/537.36 (KHTML, like Gecko) Chrome/135.0.0.0 Safari/537.36 Edg/135.0.0.0"
172.16.36.181 - - [25/Apr/2025:10:06:06 +0800] "GET /manager-page/api/snapshot.php?id=21&t=0.9386675372689823 HTTP/1.1" 200 51113 "http://192.168.60.79/manager-page/home-2.php" "Mozilla/5.0 (Windows NT 10.0; Win64; x64) AppleWebKit/537.36 (KHTML, like Gecko) Chrome/135.0.0.0 Safari/537.36 Edg/135.0.0.0"
172.16.36.181 - - [25/Apr/2025:10:06:11 +0800] "GET /manager-page/api/snapshot.php?id=21&t=0.21733299188728028 HTTP/1.1" 200 51138 "http://192.168.60.79/manager-page/home-2.php" "Mozilla/5.0 (Windows NT 10.0; Win64; x64) AppleWebKit/537.36 (KHTML, like Gecko) Chrome/135.0.0.0 Safari/537.36 Edg/135.0.0.0"
172.16.36.181 - - [25/Apr/2025:10:06:11 +0800] "GET /manager-page/api/snapshot.php?id=22&t=0.3874308864432745 HTTP/1.1" 200 46565 "http://192.168.60.79/manager-page/home-2.php" "Mozilla/5.0 (Windows NT 10.0; Win64; x64) AppleWebKit/537.36 (KHTML, like Gecko) Chrome/135.0.0.0 Safari/537.36 Edg/135.0.0.0"
127.0.0.1 - - [25/Apr/2025:10:06:16 +0800] "POST /robot/et-7026-in.php HTTP/1.1" 200 - "-" "python-requests/2.32.2"
172.16.36.181 - - [25/Apr/2025:10:06:16 +0800] "GET /manager-page/api/snapshot.php?id=22&t=0.1865734151324535 HTTP/1.1" 200 46561 "http://192.168.60.79/manager-page/home-2.php" "Mozilla/5.0 (Windows NT 10.0; Win64; x64) AppleWebKit/537.36 (KHTML, like Gecko) Chrome/135.0.0.0 Safari/537.36 Edg/135.0.0.0"
172.16.36.181 - - [25/Apr/2025:10:06:16 +0800] "GET /manager-page/api/snapshot.php?id=21&t=0.4484236418616604 HTTP/1.1" 200 51234 "http://192.168.60.79/manager-page/home-2.php" "Mozilla/5.0 (Windows NT 10.0; Win64; x64) AppleWebKit/537.36 (KHTML, like Gecko) Chrome/135.0.0.0 Safari/537.36 Edg/135.0.0.0"
172.16.36.181 - - [25/Apr/2025:10:06:21 +0800] "GET /manager-page/api/snapshot.php?id=21&t=0.6705788330355156 HTTP/1.1" 200 51185 "http://192.168.60.79/manager-page/home-2.php" "Mozilla/5.0 (Windows NT 10.0; Win64; x64) AppleWebKit/537.36 (KHTML, like Gecko) Chrome/135.0.0.0 Safari/537.36 Edg/135.0.0.0"
172.16.36.181 - - [25/Apr/2025:10:06:21 +0800] "GET /manager-page/api/snapshot.php?id=22&t=0.4483001188705371 HTTP/1.1" 200 46542 "http://192.168.60.79/manager-page/home-2.php" "Mozilla/5.0 (Windows NT 10.0; Win64; x64) AppleWebKit/537.36 (KHTML, like Gecko) Chrome/135.0.0.0 Safari/537.36 Edg/135.0.0.0"
172.16.36.181 - - [25/Apr/2025:10:06:26 +0800] "GET /manager-page/api/snapshot.php?id=22&t=0.09105572881252955 HTTP/1.1" 200 46553 "http://192.168.60.79/manager-page/home-2.php" "Mozilla/5.0 (Windows NT 10.0; Win64; x64) AppleWebKit/537.36 (KHTML, like Gecko) Chrome/135.0.0.0 Safari/537.36 Edg/135.0.0.0"
172.16.36.181 - - [25/Apr/2025:10:06:26 +0800] "GET /manager-page/api/snapshot.php?id=21&t=0.7075611857181943 HTTP/1.1" 200 51218 "http://192.168.60.79/manager-page/home-2.php" "Mozilla/5.0 (Windows NT 10.0; Win64; x64) AppleWebKit/537.36 (KHTML, like Gecko) Chrome/135.0.0.0 Safari/537.36 Edg/135.0.0.0"
172.16.36.181 - - [25/Apr/2025:10:06:31 +0800] "GET /manager-page/api/snapshot.php?id=22&t=0.07997734552526581 HTTP/1.1" 200 46554 "http://192.168.60.79/manager-page/home-2.php" "Mozilla/5.0 (Windows NT 10.0; Win64; x64) AppleWebKit/537.36 (KHTML, like Gecko) Chrome/135.0.0.0 Safari/537.36 Edg/135.0.0.0"
172.16.36.181 - - [25/Apr/2025:10:06:31 +0800] "GET /manager-page/api/snapshot.php?id=21&t=0.6037534740208927 HTTP/1.1" 200 51327 "http://192.168.60.79/manager-page/home-2.php" "Mozilla/5.0 (Windows NT 10.0; Win64; x64) AppleWebKit/537.36 (KHTML, like Gecko) Chrome/135.0.0.0 Safari/537.36 Edg/135.0.0.0"
172.16.36.181 - - [25/Apr/2025:10:06:36 +0800] "GET /manager-page/api/snapshot.php?id=22&t=0.5781465558096698 HTTP/1.1" 200 46516 "http://192.168.60.79/manager-page/home-2.php" "Mozilla/5.0 (Windows NT 10.0; Win64; x64) AppleWebKit/537.36 (KHTML, like Gecko) Chrome/135.0.0.0 Safari/537.36 Edg/135.0.0.0"
172.16.36.181 - - [25/Apr/2025:10:06:36 +0800] "GET /manager-page/api/snapshot.php?id=21&t=0.3233585190922349 HTTP/1.1" 200 51275 "http://192.168.60.79/manager-page/home-2.php" "Mozilla/5.0 (Windows NT 10.0; Win64; x64) AppleWebKit/537.36 (KHTML, like Gecko) Chrome/135.0.0.0 Safari/537.36 Edg/135.0.0.0"
172.16.36.181 - - [25/Apr/2025:10:06:41 +0800] "GET /manager-page/api/snapshot.php?id=22&t=0.5190786699258021 HTTP/1.1" 200 46524 "http://192.168.60.79/manager-page/home-2.php" "Mozilla/5.0 (Windows NT 10.0; Win64; x64) AppleWebKit/537.36 (KHTML, like Gecko) Chrome/135.0.0.0 Safari/537.36 Edg/135.0.0.0"
172.16.36.181 - - [25/Apr/2025:10:06:41 +0800] "GET /manager-page/api/snapshot.php?id=21&t=0.41924603915890657 HTTP/1.1" 200 51308 "http://192.168.60.79/manager-page/home-2.php" "Mozilla/5.0 (Windows NT 10.0; Win64; x64) AppleWebKit/537.36 (KHTML, like Gecko) Chrome/135.0.0.0 Safari/537.36 Edg/135.0.0.0"
172.16.36.181 - - [25/Apr/2025:10:06:46 +0800] "GET /manager-page/alarm/3-1.jpg?t=263545397 HTTP/1.1" 200 520364 "http://192.168.60.79/manager-page/home-3.php" "Mozilla/5.0 (Windows NT 10.0; Win64; x64) AppleWebKit/537.36 (KHTML, like Gecko) Chrome/135.0.0.0 Safari/537.36 Edg/135.0.0.0"
172.16.36.181 - - [25/Apr/2025:10:06:46 +0800] "GET /manager-page/alarm/3-2.jpg?t=1253931856 HTTP/1.1" 200 187208 "http://192.168.60.79/manager-page/home-3.php" "Mozilla/5.0 (Windows NT 10.0; Win64; x64) AppleWebKit/537.36 (KHTML, like Gecko) Chrome/135.0.0.0 Safari/537.36 Edg/135.0.0.0"
172.16.36.181 - - [25/Apr/2025:10:06:46 +0800] "GET /manager-page/home-3.php HTTP/1.1" 200 27480 "http://192.168.60.79/manager-page/home-2.php" "Mozilla/5.0 (Windows NT 10.0; Win64; x64) AppleWebKit/537.36 (KHTML, like Gecko) Chrome/135.0.0.0 Safari/537.36 Edg/135.0.0.0"
172.16.36.181 - - [25/Apr/2025:10:06:46 +0800] "GET /manager-page/api/snapshot.php?id=31 HTTP/1.1" 200 48675 "http://192.168.60.79/manager-page/home-3.php" "Mozilla/5.0 (Windows NT 10.0; Win64; x64) AppleWebKit/537.36 (KHTML, like Gecko) Chrome/135.0.0.0 Safari/537.36 Edg/135.0.0.0"
172.16.36.181 - - [25/Apr/2025:10:06:46 +0800] "GET /manager-page/api/snapshot.php?id=32 HTTP/1.1" 500 - "http://192.168.60.79/manager-page/home-3.php" "Mozilla/5.0 (Windows NT 10.0; Win64; x64) AppleWebKit/537.36 (KHTML, like Gecko) Chrome/135.0.0.0 Safari/537.36 Edg/135.0.0.0"
172.16.36.181 - - [25/Apr/2025:10:06:51 +0800] "GET /manager-page/live/3-2.jpg HTTP/1.1" 200 45286 "http://192.168.60.79/manager-page/home-3.php" "Mozilla/5.0 (Windows NT 10.0; Win64; x64) AppleWebKit/537.36 (KHTML, like Gecko) Chrome/135.0.0.0 Safari/537.36 Edg/135.0.0.0"
172.16.36.181 - - [25/Apr/2025:10:06:50 +0800] "GET /manager-page/api/lp-status3.php HTTP/1.1" 200 1 "http://192.168.60.79/manager-page/home-3.php" "Mozilla/5.0 (Windows NT 10.0; Win64; x64) AppleWebKit/537.36 (KHTML, like Gecko) Chrome/135.0.0.0 Safari/537.36 Edg/135.0.0.0"
172.16.36.181 - - [25/Apr/2025:10:06:50 +0800] "GET /manager-page/api/cms-status3.php HTTP/1.1" 200 12 "http://192.168.60.79/manager-page/home-3.php" "Mozilla/5.0 (Windows NT 10.0; Win64; x64) AppleWebKit/537.36 (KHTML, like Gecko) Chrome/135.0.0.0 Safari/537.36 Edg/135.0.0.0"
127.0.0.1 - - [25/Apr/2025:10:06:51 +0800] "POST /robot/et-7026-in.php HTTP/1.1" 200 - "-" "python-requests/2.32.2"
172.16.36.181 - - [25/Apr/2025:10:06:55 +0800] "GET /manager-page/api/snapshot.php?id=32&t=0.6872248920841348 HTTP/1.1" 200 45300 "http://192.168.60.79/manager-page/home-3.php" "Mozilla/5.0 (Windows NT 10.0; Win64; x64) AppleWebKit/537.36 (KHTML, like Gecko) Chrome/135.0.0.0 Safari/537.36 Edg/135.0.0.0"
172.16.36.181 - - [25/Apr/2025:10:06:55 +0800] "GET /manager-page/api/snapshot.php?id=31&t=0.04528996359994475 HTTP/1.1" 200 48632 "http://192.168.60.79/manager-page/home-3.php" "Mozilla/5.0 (Windows NT 10.0; Win64; x64) AppleWebKit/537.36 (KHTML, like Gecko) Chrome/135.0.0.0 Safari/537.36 Edg/135.0.0.0"
172.16.36.181 - - [25/Apr/2025:10:06:58 +0800] "GET /manager-page/alarm/4-2.jpg?t=1566240743 HTTP/1.1" 200 543160 "http://192.168.60.79/manager-page/home-4.php" "Mozilla/5.0 (Windows NT 10.0; Win64; x64) AppleWebKit/537.36 (KHTML, like Gecko) Chrome/135.0.0.0 Safari/537.36 Edg/135.0.0.0"
172.16.36.181 - - [25/Apr/2025:10:06:58 +0800] "GET /manager-page/alarm/4-1.jpg?t=2013066882 HTTP/1.1" 200 436474 "http://192.168.60.79/manager-page/home-4.php" "Mozilla/5.0 (Windows NT 10.0; Win64; x64) AppleWebKit/537.36 (KHTML, like Gecko) Chrome/135.0.0.0 Safari/537.36 Edg/135.0.0.0"
127.0.0.1 - - [25/Apr/2025:10:07:00 +0800] "GET /robot/alarm-history-in.php HTTP/1.1" 200 - "-" "python-requests/2.28.1"
111.70.30.250 - - [25/Apr/2025:10:07:01 +0800] "POST /robot/lora-in.php HTTP/1.1" 200 - "-" "python-requests/2.21.0"
172.16.36.181 - - [25/Apr/2025:10:06:58 +0800] "GET /manager-page/home-4.php HTTP/1.1" 200 27484 "http://192.168.60.79/manager-page/home-3.php" "Mozilla/5.0 (Windows NT 10.0; Win64; x64) AppleWebKit/537.36 (KHTML, like Gecko) Chrome/135.0.0.0 Safari/537.36 Edg/135.0.0.0"
172.16.36.181 - - [25/Apr/2025:10:07:02 +0800] "GET /manager-page/img/locpic_04.jpg HTTP/1.1" 200 95941 "http://192.168.60.79/manager-page/home-4.php" "Mozilla/5.0 (Windows NT 10.0; Win64; x64) AppleWebKit/537.36 (KHTML, like Gecko) Chrome/135.0.0.0 Safari/537.36 Edg/135.0.0.0"
172.16.36.181 - - [25/Apr/2025:10:06:58 +0800] "GET /manager-page/api/snapshot.php?id=41 HTTP/1.1" 200 47998 "http://192.168.60.79/manager-page/home-4.php" "Mozilla/5.0 (Windows NT 10.0; Win64; x64) AppleWebKit/537.36 (KHTML, like Gecko) Chrome/135.0.0.0 Safari/537.36 Edg/135.0.0.0"
172.16.36.181 - - [25/Apr/2025:10:06:58 +0800] "GET /manager-page/api/snapshot.php?id=42 HTTP/1.1" 200 50106 "http://192.168.60.79/manager-page/home-4.php" "Mozilla/5.0 (Windows NT 10.0; Win64; x64) AppleWebKit/537.36 (KHTML, like Gecko) Chrome/135.0.0.0 Safari/537.36 Edg/135.0.0.0"
172.16.36.181 - - [25/Apr/2025:10:07:02 +0800] "GET /manager-page/api/cms-status4.php HTTP/1.1" 200 12 "http://192.168.60.79/manager-page/home-4.php" "Mozilla/5.0 (Windows NT 10.0; Win64; x64) AppleWebKit/537.36 (KHTML, like Gecko) Chrome/135.0.0.0 Safari/537.36 Edg/135.0.0.0"
172.16.36.181 - - [25/Apr/2025:10:07:02 +0800] "GET /manager-page/api/lp-status4.php HTTP/1.1" 200 1 "http://192.168.60.79/manager-page/home-4.php" "Mozilla/5.0 (Windows NT 10.0; Win64; x64) AppleWebKit/537.36 (KHTML, like Gecko) Chrome/135.0.0.0 Safari/537.36 Edg/135.0.0.0"
172.16.36.181 - - [25/Apr/2025:10:07:07 +0800] "GET /manager-page/api/snapshot.php?id=42&t=0.46809503023457977 HTTP/1.1" 200 50156 "http://192.168.60.79/manager-page/home-4.php" "Mozilla/5.0 (Windows NT 10.0; Win64; x64) AppleWebKit/537.36 (KHTML, like Gecko) Chrome/135.0.0.0 Safari/537.36 Edg/135.0.0.0"
172.16.36.181 - - [25/Apr/2025:10:07:07 +0800] "GET /manager-page/api/snapshot.php?id=41&t=0.579214286106857 HTTP/1.1" 200 47931 "http://192.168.60.79/manager-page/home-4.php" "Mozilla/5.0 (Windows NT 10.0; Win64; x64) AppleWebKit/537.36 (KHTML, like Gecko) Chrome/135.0.0.0 Safari/537.36 Edg/135.0.0.0"
172.16.36.181 - - [25/Apr/2025:10:07:11 +0800] "GET /manager-page/alarm/3-2.jpg?t=616579804 HTTP/1.1" 200 187208 "http://192.168.60.79/manager-page/home-3.php" "Mozilla/5.0 (Windows NT 10.0; Win64; x64) AppleWebKit/537.36 (KHTML, like Gecko) Chrome/135.0.0.0 Safari/537.36 Edg/135.0.0.0"
172.16.36.181 - - [25/Apr/2025:10:07:11 +0800] "GET /manager-page/alarm/3-1.jpg?t=1135726679 HTTP/1.1" 200 520364 "http://192.168.60.79/manager-page/home-3.php" "Mozilla/5.0 (Windows NT 10.0; Win64; x64) AppleWebKit/537.36 (KHTML, like Gecko) Chrome/135.0.0.0 Safari/537.36 Edg/135.0.0.0"
172.16.36.181 - - [25/Apr/2025:10:07:11 +0800] "GET /manager-page/home-3.php HTTP/1.1" 200 27480 "http://192.168.60.79/manager-page/home-4.php" "Mozilla/5.0 (Windows NT 10.0; Win64; x64) AppleWebKit/537.36 (KHTML, like Gecko) Chrome/135.0.0.0 Safari/537.36 Edg/135.0.0.0"
172.16.36.181 - - [25/Apr/2025:10:07:11 +0800] "GET /manager-page/api/snapshot.php?id=31 HTTP/1.1" 500 - "http://192.168.60.79/manager-page/home-3.php" "Mozilla/5.0 (Windows NT 10.0; Win64; x64) AppleWebKit/537.36 (KHTML, like Gecko) Chrome/135.0.0.0 Safari/537.36 Edg/135.0.0.0"
172.16.36.181 - - [25/Apr/2025:10:07:11 +0800] "GET /manager-page/api/snapshot.php?id=32 HTTP/1.1" 500 - "http://192.168.60.79/manager-page/home-3.php" "Mozilla/5.0 (Windows NT 10.0; Win64; x64) AppleWebKit/537.36 (KHTML, like Gecko) Chrome/135.0.0.0 Safari/537.36 Edg/135.0.0.0"
172.16.36.181 - - [25/Apr/2025:10:07:16 +0800] "GET /manager-page/api/cms-status3.php HTTP/1.1" 200 12 "http://192.168.60.79/manager-page/home-3.php" "Mozilla/5.0 (Windows NT 10.0; Win64; x64) AppleWebKit/537.36 (KHTML, like Gecko) Chrome/135.0.0.0 Safari/537.36 Edg/135.0.0.0"
172.16.36.181 - - [25/Apr/2025:10:07:16 +0800] "GET /manager-page/live/3-1.jpg HTTP/1.1" 200 48767 "http://192.168.60.79/manager-page/home-3.php" "Mozilla/5.0 (Windows NT 10.0; Win64; x64) AppleWebKit/537.36 (KHTML, like Gecko) Chrome/135.0.0.0 Safari/537.36 Edg/135.0.0.0"
172.16.36.181 - - [25/Apr/2025:10:07:16 +0800] "GET /manager-page/live/3-2.jpg HTTP/1.1" 304 - "http://192.168.60.79/manager-page/home-3.php" "Mozilla/5.0 (Windows NT 10.0; Win64; x64) AppleWebKit/537.36 (KHTML, like Gecko) Chrome/135.0.0.0 Safari/537.36 Edg/135.0.0.0"
172.16.36.181 - - [25/Apr/2025:10:07:16 +0800] "GET /manager-page/api/lp-status3.php HTTP/1.1" 200 1 "http://192.168.60.79/manager-page/home-3.php" "Mozilla/5.0 (Windows NT 10.0; Win64; x64) AppleWebKit/537.36 (KHTML, like Gecko) Chrome/135.0.0.0 Safari/537.36 Edg/135.0.0.0"
111.70.30.251 - - [25/Apr/2025:10:07:16 +0800] "POST /robot/lora-in.php HTTP/1.1" 200 - "-" "python-requests/2.21.0"
172.16.36.181 - - [25/Apr/2025:10:07:21 +0800] "GET /manager-page/api/snapshot.php?id=31&t=0.5034636923226046 HTTP/1.1" 200 48361 "http://192.168.60.79/manager-page/home-3.php" "Mozilla/5.0 (Windows NT 10.0; Win64; x64) AppleWebKit/537.36 (KHTML, like Gecko) Chrome/135.0.0.0 Safari/537.36 Edg/135.0.0.0"
172.16.36.181 - - [25/Apr/2025:10:07:21 +0800] "GET /manager-page/api/snapshot.php?id=32&t=0.5438557346483924 HTTP/1.1" 200 45252 "http://192.168.60.79/manager-page/home-3.php" "Mozilla/5.0 (Windows NT 10.0; Win64; x64) AppleWebKit/537.36 (KHTML, like Gecko) Chrome/135.0.0.0 Safari/537.36 Edg/135.0.0.0"
172.16.36.181 - - [25/Apr/2025:10:07:26 +0800] "GET /manager-page/api/snapshot.php?id=32&t=0.6720019929565861 HTTP/1.1" 200 45092 "http://192.168.60.79/manager-page/home-3.php" "Mozilla/5.0 (Windows NT 10.0; Win64; x64) AppleWebKit/537.36 (KHTML, like Gecko) Chrome/135.0.0.0 Safari/537.36 Edg/135.0.0.0"
172.16.36.181 - - [25/Apr/2025:10:07:26 +0800] "GET /manager-page/api/snapshot.php?id=31&t=0.423800755130168 HTTP/1.1" 500 - "http://192.168.60.79/manager-page/home-3.php" "Mozilla/5.0 (Windows NT 10.0; Win64; x64) AppleWebKit/537.36 (KHTML, like Gecko) Chrome/135.0.0.0 Safari/537.36 Edg/135.0.0.0"
172.16.36.181 - - [25/Apr/2025:10:07:27 +0800] "GET /manager-page/api/live.php?id=32 HTTP/1.1" 200 1007058 "http://192.168.60.79/manager-page/home-3.php" "Mozilla/5.0 (Windows NT 10.0; Win64; x64) AppleWebKit/537.36 (KHTML, like Gecko) Chrome/135.0.0.0 Safari/537.36 Edg/135.0.0.0"
172.16.36.181 - - [25/Apr/2025:10:07:32 +0800] "GET /manager-page/api/snapshot.php?id=32&t=0.8943708248197682 HTTP/1.1" 500 - "http://192.168.60.79/manager-page/home-3.php" "Mozilla/5.0 (Windows NT 10.0; Win64; x64) AppleWebKit/537.36 (KHTML, like Gecko) Chrome/135.0.0.0 Safari/537.36 Edg/135.0.0.0"
172.16.36.181 - - [25/Apr/2025:10:07:32 +0800] "GET /manager-page/api/snapshot.php?id=31&t=0.03688082519332059 HTTP/1.1" 500 - "http://192.168.60.79/manager-page/home-3.php" "Mozilla/5.0 (Windows NT 10.0; Win64; x64) AppleWebKit/537.36 (KHTML, like Gecko) Chrome/135.0.0.0 Safari/537.36 Edg/135.0.0.0"
172.16.36.181 - - [25/Apr/2025:10:07:37 +0800] "GET /manager-page/api/snapshot.php?id=31&t=0.8922901199715623 HTTP/1.1" 500 - "http://192.168.60.79/manager-page/home-3.php" "Mozilla/5.0 (Windows NT 10.0; Win64; x64) AppleWebKit/537.36 (KHTML, like Gecko) Chrome/135.0.0.0 Safari/537.36 Edg/135.0.0.0"
172.16.36.181 - - [25/Apr/2025:10:07:37 +0800] "GET /manager-page/api/snapshot.php?id=32&t=0.6757711974915689 HTTP/1.1" 500 - "http://192.168.60.79/manager-page/home-3.php" "Mozilla/5.0 (Windows NT 10.0; Win64; x64) AppleWebKit/537.36 (KHTML, like Gecko) Chrome/135.0.0.0 Safari/537.36 Edg/135.0.0.0"
172.16.36.181 - - [25/Apr/2025:10:07:42 +0800] "GET /manager-page/api/snapshot.php?id=31&t=0.6669516424572416 HTTP/1.1" 500 - "http://192.168.60.79/manager-page/home-3.php" "Mozilla/5.0 (Windows NT 10.0; Win64; x64) AppleWebKit/537.36 (KHTML, like Gecko) Chrome/135.0.0.0 Safari/537.36 Edg/135.0.0.0"
172.16.36.181 - - [25/Apr/2025:10:07:42 +0800] "GET /manager-page/api/snapshot.php?id=32&t=0.9940531217585004 HTTP/1.1" 500 - "http://192.168.60.79/manager-page/home-3.php" "Mozilla/5.0 (Windows NT 10.0; Win64; x64) AppleWebKit/537.36 (KHTML, like Gecko) Chrome/135.0.0.0 Safari/537.36 Edg/135.0.0.0"
172.16.36.181 - - [25/Apr/2025:10:07:47 +0800] "GET /manager-page/api/snapshot.php?id=31&t=0.12205747327259775 HTTP/1.1" 500 - "http://192.168.60.79/manager-page/home-3.php" "Mozilla/5.0 (Windows NT 10.0; Win64; x64) AppleWebKit/537.36 (KHTML, like Gecko) Chrome/135.0.0.0 Safari/537.36 Edg/135.0.0.0"
172.16.36.181 - - [25/Apr/2025:10:07:47 +0800] "GET /manager-page/api/snapshot.php?id=32&t=0.6143050771315985 HTTP/1.1" 500 - "http://192.168.60.79/manager-page/home-3.php" "Mozilla/5.0 (Windows NT 10.0; Win64; x64) AppleWebKit/537.36 (KHTML, like Gecko) Chrome/135.0.0.0 Safari/537.36 Edg/135.0.0.0"
172.16.36.181 - - [25/Apr/2025:10:07:52 +0800] "GET /manager-page/api/snapshot.php?id=32&t=0.4477080597633998 HTTP/1.1" 500 - "http://192.168.60.79/manager-page/home-3.php" "Mozilla/5.0 (Windows NT 10.0; Win64; x64) AppleWebKit/537.36 (KHTML, like Gecko) Chrome/135.0.0.0 Safari/537.36 Edg/135.0.0.0"
172.16.36.181 - - [25/Apr/2025:10:07:52 +0800] "GET /manager-page/api/snapshot.php?id=31&t=0.5261932633746617 HTTP/1.1" 500 - "http://192.168.60.79/manager-page/home-3.php" "Mozilla/5.0 (Windows NT 10.0; Win64; x64) AppleWebKit/537.36 (KHTML, like Gecko) Chrome/135.0.0.0 Safari/537.36 Edg/135.0.0.0"
127.0.0.1 - - [25/Apr/2025:10:08:00 +0800] "GET /robot/alarm-history-in.php HTTP/1.1" 200 - "-" "python-requests/2.28.1"
172.16.36.181 - - [25/Apr/2025:10:07:57 +0800] "GET /manager-page/api/snapshot.php?id=32&t=0.7397483000248356 HTTP/1.1" 200 45026 "http://192.168.60.79/manager-page/home-3.php" "Mozilla/5.0 (Windows NT 10.0; Win64; x64) AppleWebKit/537.36 (KHTML, like Gecko) Chrome/135.0.0.0 Safari/537.36 Edg/135.0.0.0"
172.16.36.181 - - [25/Apr/2025:10:07:57 +0800] "GET /manager-page/api/snapshot.php?id=31&t=0.3048810633566862 HTTP/1.1" 200 47363 "http://192.168.60.79/manager-page/home-3.php" "Mozilla/5.0 (Windows NT 10.0; Win64; x64) AppleWebKit/537.36 (KHTML, like Gecko) Chrome/135.0.0.0 Safari/537.36 Edg/135.0.0.0"
172.16.36.181 - - [25/Apr/2025:10:08:01 +0800] "GET /manager-page/api/snapshot.php?id=32&t=0.27657530552252374 HTTP/1.1" 200 45049 "http://192.168.60.79/manager-page/home-3.php" "Mozilla/5.0 (Windows NT 10.0; Win64; x64) AppleWebKit/537.36 (KHTML, like Gecko) Chrome/135.0.0.0 Safari/537.36 Edg/135.0.0.0"
172.16.36.181 - - [25/Apr/2025:10:08:01 +0800] "GET /manager-page/api/snapshot.php?id=31&t=0.1626143282299235 HTTP/1.1" 200 47521 "http://192.168.60.79/manager-page/home-3.php" "Mozilla/5.0 (Windows NT 10.0; Win64; x64) AppleWebKit/537.36 (KHTML, like Gecko) Chrome/135.0.0.0 Safari/537.36 Edg/135.0.0.0"
172.16.36.181 - - [25/Apr/2025:10:08:06 +0800] "GET /manager-page/api/snapshot.php?id=32&t=0.19861825080289586 HTTP/1.1" 200 45007 "http://192.168.60.79/manager-page/home-3.php" "Mozilla/5.0 (Windows NT 10.0; Win64; x64) AppleWebKit/537.36 (KHTML, like Gecko) Chrome/135.0.0.0 Safari/537.36 Edg/135.0.0.0"
172.16.36.181 - - [25/Apr/2025:10:08:06 +0800] "GET /manager-page/api/snapshot.php?id=31&t=0.819799750437417 HTTP/1.1" 200 47586 "http://192.168.60.79/manager-page/home-3.php" "Mozilla/5.0 (Windows NT 10.0; Win64; x64) AppleWebKit/537.36 (KHTML, like Gecko) Chrome/135.0.0.0 Safari/537.36 Edg/135.0.0.0"
172.16.36.181 - - [25/Apr/2025:10:08:11 +0800] "GET /manager-page/api/snapshot.php?id=31&t=0.22942004806455452 HTTP/1.1" 200 47475 "http://192.168.60.79/manager-page/home-3.php" "Mozilla/5.0 (Windows NT 10.0; Win64; x64) AppleWebKit/537.36 (KHTML, like Gecko) Chrome/135.0.0.0 Safari/537.36 Edg/135.0.0.0"
172.16.36.181 - - [25/Apr/2025:10:08:11 +0800] "GET /manager-page/api/snapshot.php?id=32&t=0.8289090228800368 HTTP/1.1" 200 45028 "http://192.168.60.79/manager-page/home-3.php" "Mozilla/5.0 (Windows NT 10.0; Win64; x64) AppleWebKit/537.36 (KHTML, like Gecko) Chrome/135.0.0.0 Safari/537.36 Edg/135.0.0.0"
172.16.36.181 - - [25/Apr/2025:10:08:16 +0800] "GET /manager-page/api/snapshot.php?id=32&t=0.24206808441773198 HTTP/1.1" 200 45031 "http://192.168.60.79/manager-page/home-3.php" "Mozilla/5.0 (Windows NT 10.0; Win64; x64) AppleWebKit/537.36 (KHTML, like Gecko) Chrome/135.0.0.0 Safari/537.36 Edg/135.0.0.0"
172.16.36.181 - - [25/Apr/2025:10:08:16 +0800] "GET /manager-page/api/snapshot.php?id=31&t=0.6766062098290887 HTTP/1.1" 200 47483 "http://192.168.60.79/manager-page/home-3.php" "Mozilla/5.0 (Windows NT 10.0; Win64; x64) AppleWebKit/537.36 (KHTML, like Gecko) Chrome/135.0.0.0 Safari/537.36 Edg/135.0.0.0"
172.16.36.181 - - [25/Apr/2025:10:08:21 +0800] "GET /manager-page/api/snapshot.php?id=32&t=0.8604762721383106 HTTP/1.1" 200 45071 "http://192.168.60.79/manager-page/home-3.php" "Mozilla/5.0 (Windows NT 10.0; Win64; x64) AppleWebKit/537.36 (KHTML, like Gecko) Chrome/135.0.0.0 Safari/537.36 Edg/135.0.0.0"
172.16.36.181 - - [25/Apr/2025:10:08:21 +0800] "GET /manager-page/api/snapshot.php?id=31&t=0.759167352034174 HTTP/1.1" 200 47606 "http://192.168.60.79/manager-page/home-3.php" "Mozilla/5.0 (Windows NT 10.0; Win64; x64) AppleWebKit/537.36 (KHTML, like Gecko) Chrome/135.0.0.0 Safari/537.36 Edg/135.0.0.0"
172.16.36.181 - - [25/Apr/2025:10:08:27 +0800] "GET /manager-page/api/snapshot.php?id=32&t=0.4673097767201777 HTTP/1.1" 200 45408 "http://192.168.60.79/manager-page/home-3.php" "Mozilla/5.0 (Windows NT 10.0; Win64; x64) AppleWebKit/537.36 (KHTML, like Gecko) Chrome/135.0.0.0 Safari/537.36 Edg/135.0.0.0"
172.16.36.181 - - [25/Apr/2025:10:08:27 +0800] "GET /manager-page/api/snapshot.php?id=31&t=0.1402483275009675 HTTP/1.1" 200 48638 "http://192.168.60.79/manager-page/home-3.php" "Mozilla/5.0 (Windows NT 10.0; Win64; x64) AppleWebKit/537.36 (KHTML, like Gecko) Chrome/135.0.0.0 Safari/537.36 Edg/135.0.0.0"
172.16.36.181 - - [25/Apr/2025:10:08:32 +0800] "GET /manager-page/api/snapshot.php?id=32&t=0.5155955385621782 HTTP/1.1" 200 45058 "http://192.168.60.79/manager-page/home-3.php" "Mozilla/5.0 (Windows NT 10.0; Win64; x64) AppleWebKit/537.36 (KHTML, like Gecko) Chrome/135.0.0.0 Safari/537.36 Edg/135.0.0.0"
172.16.36.181 - - [25/Apr/2025:10:08:32 +0800] "GET /manager-page/api/snapshot.php?id=31&t=0.15754550512430165 HTTP/1.1" 200 47682 "http://192.168.60.79/manager-page/home-3.php" "Mozilla/5.0 (Windows NT 10.0; Win64; x64) AppleWebKit/537.36 (KHTML, like Gecko) Chrome/135.0.0.0 Safari/537.36 Edg/135.0.0.0"
172.16.36.181 - - [25/Apr/2025:10:08:37 +0800] "GET /manager-page/api/snapshot.php?id=32&t=0.04312847156962951 HTTP/1.1" 200 45054 "http://192.168.60.79/manager-page/home-3.php" "Mozilla/5.0 (Windows NT 10.0; Win64; x64) AppleWebKit/537.36 (KHTML, like Gecko) Chrome/135.0.0.0 Safari/537.36 Edg/135.0.0.0"
172.16.36.181 - - [25/Apr/2025:10:08:37 +0800] "GET /manager-page/api/snapshot.php?id=31&t=0.3730703537206307 HTTP/1.1" 200 47822 "http://192.168.60.79/manager-page/home-3.php" "Mozilla/5.0 (Windows NT 10.0; Win64; x64) AppleWebKit/537.36 (KHTML, like Gecko) Chrome/135.0.0.0 Safari/537.36 Edg/135.0.0.0"
172.16.36.181 - - [25/Apr/2025:10:08:42 +0800] "GET /manager-page/api/snapshot.php?id=31&t=0.35027981415649445 HTTP/1.1" 200 47834 "http://192.168.60.79/manager-page/home-3.php" "Mozilla/5.0 (Windows NT 10.0; Win64; x64) AppleWebKit/537.36 (KHTML, like Gecko) Chrome/135.0.0.0 Safari/537.36 Edg/135.0.0.0"
172.16.36.181 - - [25/Apr/2025:10:08:42 +0800] "GET /manager-page/api/snapshot.php?id=32&t=0.5562368467292862 HTTP/1.1" 200 45250 "http://192.168.60.79/manager-page/home-3.php" "Mozilla/5.0 (Windows NT 10.0; Win64; x64) AppleWebKit/537.36 (KHTML, like Gecko) Chrome/135.0.0.0 Safari/537.36 Edg/135.0.0.0"
172.16.36.181 - - [25/Apr/2025:10:08:47 +0800] "GET /manager-page/api/snapshot.php?id=31&t=0.2376400135034067 HTTP/1.1" 200 47859 "http://192.168.60.79/manager-page/home-3.php" "Mozilla/5.0 (Windows NT 10.0; Win64; x64) AppleWebKit/537.36 (KHTML, like Gecko) Chrome/135.0.0.0 Safari/537.36 Edg/135.0.0.0"
172.16.36.181 - - [25/Apr/2025:10:08:47 +0800] "GET /manager-page/api/snapshot.php?id=32&t=0.8639462513888098 HTTP/1.1" 200 45236 "http://192.168.60.79/manager-page/home-3.php" "Mozilla/5.0 (Windows NT 10.0; Win64; x64) AppleWebKit/537.36 (KHTML, like Gecko) Chrome/135.0.0.0 Safari/537.36 Edg/135.0.0.0"
172.16.36.181 - - [25/Apr/2025:10:08:52 +0800] "GET /manager-page/api/snapshot.php?id=32&t=0.9482382986701225 HTTP/1.1" 200 45233 "http://192.168.60.79/manager-page/home-3.php" "Mozilla/5.0 (Windows NT 10.0; Win64; x64) AppleWebKit/537.36 (KHTML, like Gecko) Chrome/135.0.0.0 Safari/537.36 Edg/135.0.0.0"
172.16.36.181 - - [25/Apr/2025:10:08:52 +0800] "GET /manager-page/api/snapshot.php?id=31&t=0.30995615509042274 HTTP/1.1" 200 47804 "http://192.168.60.79/manager-page/home-3.php" "Mozilla/5.0 (Windows NT 10.0; Win64; x64) AppleWebKit/537.36 (KHTML, like Gecko) Chrome/135.0.0.0 Safari/537.36 Edg/135.0.0.0"
172.16.36.181 - - [25/Apr/2025:10:08:57 +0800] "GET /manager-page/api/snapshot.php?id=31&t=0.9029152815999019 HTTP/1.1" 200 47842 "http://192.168.60.79/manager-page/home-3.php" "Mozilla/5.0 (Windows NT 10.0; Win64; x64) AppleWebKit/537.36 (KHTML, like Gecko) Chrome/135.0.0.0 Safari/537.36 Edg/135.0.0.0"
172.16.36.181 - - [25/Apr/2025:10:08:57 +0800] "GET /manager-page/api/snapshot.php?id=32&t=0.8122173372971219 HTTP/1.1" 200 45362 "http://192.168.60.79/manager-page/home-3.php" "Mozilla/5.0 (Windows NT 10.0; Win64; x64) AppleWebKit/537.36 (KHTML, like Gecko) Chrome/135.0.0.0 Safari/537.36 Edg/135.0.0.0"
127.0.0.1 - - [25/Apr/2025:10:09:00 +0800] "GET /robot/alarm-history-in.php HTTP/1.1" 200 - "-" "python-requests/2.28.1"
172.16.36.181 - - [25/Apr/2025:10:09:02 +0800] "GET /manager-page/api/snapshot.php?id=32&t=0.004640272138790258 HTTP/1.1" 200 45185 "http://192.168.60.79/manager-page/home-3.php" "Mozilla/5.0 (Windows NT 10.0; Win64; x64) AppleWebKit/537.36 (KHTML, like Gecko) Chrome/135.0.0.0 Safari/537.36 Edg/135.0.0.0"
172.16.36.181 - - [25/Apr/2025:10:09:02 +0800] "GET /manager-page/api/snapshot.php?id=31&t=0.634140436826998 HTTP/1.1" 200 47783 "http://192.168.60.79/manager-page/home-3.php" "Mozilla/5.0 (Windows NT 10.0; Win64; x64) AppleWebKit/537.36 (KHTML, like Gecko) Chrome/135.0.0.0 Safari/537.36 Edg/135.0.0.0"
172.16.36.181 - - [25/Apr/2025:10:09:07 +0800] "GET /manager-page/api/snapshot.php?id=31&t=0.6812875331662581 HTTP/1.1" 200 47718 "http://192.168.60.79/manager-page/home-3.php" "Mozilla/5.0 (Windows NT 10.0; Win64; x64) AppleWebKit/537.36 (KHTML, like Gecko) Chrome/135.0.0.0 Safari/537.36 Edg/135.0.0.0"
172.16.36.181 - - [25/Apr/2025:10:09:07 +0800] "GET /manager-page/api/snapshot.php?id=32&t=0.14016873237148075 HTTP/1.1" 200 45164 "http://192.168.60.79/manager-page/home-3.php" "Mozilla/5.0 (Windows NT 10.0; Win64; x64) AppleWebKit/537.36 (KHTML, like Gecko) Chrome/135.0.0.0 Safari/537.36 Edg/135.0.0.0"
172.16.36.181 - - [25/Apr/2025:10:09:12 +0800] "GET /manager-page/api/snapshot.php?id=32&t=0.9222820936103129 HTTP/1.1" 200 45204 "http://192.168.60.79/manager-page/home-3.php" "Mozilla/5.0 (Windows NT 10.0; Win64; x64) AppleWebKit/537.36 (KHTML, like Gecko) Chrome/135.0.0.0 Safari/537.36 Edg/135.0.0.0"
172.16.36.181 - - [25/Apr/2025:10:09:12 +0800] "GET /manager-page/api/snapshot.php?id=31&t=0.23888655783441004 HTTP/1.1" 200 47828 "http://192.168.60.79/manager-page/home-3.php" "Mozilla/5.0 (Windows NT 10.0; Win64; x64) AppleWebKit/537.36 (KHTML, like Gecko) Chrome/135.0.0.0 Safari/537.36 Edg/135.0.0.0"
172.16.36.181 - - [25/Apr/2025:10:09:17 +0800] "GET /manager-page/api/snapshot.php?id=31&t=0.10428688468509295 HTTP/1.1" 200 47827 "http://192.168.60.79/manager-page/home-3.php" "Mozilla/5.0 (Windows NT 10.0; Win64; x64) AppleWebKit/537.36 (KHTML, like Gecko) Chrome/135.0.0.0 Safari/537.36 Edg/135.0.0.0"
172.16.36.181 - - [25/Apr/2025:10:09:17 +0800] "GET /manager-page/api/snapshot.php?id=32&t=0.4710303015257028 HTTP/1.1" 200 44900 "http://192.168.60.79/manager-page/home-3.php" "Mozilla/5.0 (Windows NT 10.0; Win64; x64) AppleWebKit/537.36 (KHTML, like Gecko) Chrome/135.0.0.0 Safari/537.36 Edg/135.0.0.0"
172.16.36.181 - - [25/Apr/2025:10:09:22 +0800] "GET /manager-page/api/snapshot.php?id=31&t=0.6293114140813003 HTTP/1.1" 200 48404 "http://192.168.60.79/manager-page/home-3.php" "Mozilla/5.0 (Windows NT 10.0; Win64; x64) AppleWebKit/537.36 (KHTML, like Gecko) Chrome/135.0.0.0 Safari/537.36 Edg/135.0.0.0"
172.16.36.181 - - [25/Apr/2025:10:09:22 +0800] "GET /manager-page/api/snapshot.php?id=32&t=0.5806535841732549 HTTP/1.1" 200 45278 "http://192.168.60.79/manager-page/home-3.php" "Mozilla/5.0 (Windows NT 10.0; Win64; x64) AppleWebKit/537.36 (KHTML, like Gecko) Chrome/135.0.0.0 Safari/537.36 Edg/135.0.0.0"
127.0.0.1 - - [25/Apr/2025:10:09:32 +0800] "GET /get-setting.json HTTP/1.1" 200 2315 "-" "python-requests/2.31.0"
127.0.0.1 - - [25/Apr/2025:10:09:32 +0800] "POST /robot/lora-in.php HTTP/1.1" 200 - "-" "python-requests/2.31.0"
127.0.0.1 - - [25/Apr/2025:10:09:37 +0800] "POST /robot/lora-in.php HTTP/1.1" 200 - "-" "python-requests/2.31.0"
127.0.0.1 - - [25/Apr/2025:10:09:41 +0800] "POST /robot/lora-in.php HTTP/1.1" 200 - "-" "python-requests/2.31.0"
127.0.0.1 - - [25/Apr/2025:10:09:46 +0800] "POST /robot/lora-in.php HTTP/1.1" 200 - "-" "python-requests/2.31.0"
127.0.0.1 - - [25/Apr/2025:10:09:48 +0800] "POST /robot/lora-in.php HTTP/1.1" 200 - "-" "python-requests/2.31.0"
127.0.0.1 - - [25/Apr/2025:10:09:52 +0800] "POST /robot/lora-in.php HTTP/1.1" 200 - "-" "python-requests/2.31.0"
111.70.30.252 - - [25/Apr/2025:10:09:53 +0800] "POST /robot/lora-in.php HTTP/1.1" 200 - "-" "python-requests/2.21.0"
127.0.0.1 - - [25/Apr/2025:10:09:59 +0800] "POST /robot/lora-in.php HTTP/1.1" 200 - "-" "python-requests/2.31.0"
127.0.0.1 - - [25/Apr/2025:10:10:00 +0800] "GET /robot/alarm-history-in.php HTTP/1.1" 200 - "-" "python-requests/2.28.1"
172.16.36.181 - - [25/Apr/2025:10:10:10 +0800] "GET /manager-page/api/snapshot.php?id=32&t=0.24665911575762967 HTTP/1.1" 200 45724 "http://192.168.60.79/manager-page/home-3.php" "Mozilla/5.0 (Windows NT 10.0; Win64; x64) AppleWebKit/537.36 (KHTML, like Gecko) Chrome/135.0.0.0 Safari/537.36 Edg/135.0.0.0"
172.16.36.181 - - [25/Apr/2025:10:10:10 +0800] "GET /manager-page/api/snapshot.php?id=31&t=0.039929300328250816 HTTP/1.1" 200 48123 "http://192.168.60.79/manager-page/home-3.php" "Mozilla/5.0 (Windows NT 10.0; Win64; x64) AppleWebKit/537.36 (KHTML, like Gecko) Chrome/135.0.0.0 Safari/537.36 Edg/135.0.0.0"
111.70.30.251 - - [25/Apr/2025:10:10:55 +0800] "POST /robot/lora-in.php HTTP/1.1" 200 - "-" "python-requests/2.21.0"
127.0.0.1 - - [25/Apr/2025:10:11:00 +0800] "GET /robot/alarm-history-in.php HTTP/1.1" 200 - "-" "python-requests/2.28.1"
172.16.36.181 - - [25/Apr/2025:10:11:10 +0800] "GET /manager-page/api/snapshot.php?id=31&t=0.17605985331394114 HTTP/1.1" 200 48049 "http://192.168.60.79/manager-page/home-3.php" "Mozilla/5.0 (Windows NT 10.0; Win64; x64) AppleWebKit/537.36 (KHTML, like Gecko) Chrome/135.0.0.0 Safari/537.36 Edg/135.0.0.0"
172.16.36.181 - - [25/Apr/2025:10:11:10 +0800] "GET /manager-page/api/snapshot.php?id=32&t=0.7590822951832603 HTTP/1.1" 200 45719 "http://192.168.60.79/manager-page/home-3.php" "Mozilla/5.0 (Windows NT 10.0; Win64; x64) AppleWebKit/537.36 (KHTML, like Gecko) Chrome/135.0.0.0 Safari/537.36 Edg/135.0.0.0"
127.0.0.1 - - [25/Apr/2025:10:12:00 +0800] "GET /robot/alarm-history-in.php HTTP/1.1" 200 - "-" "python-requests/2.28.1"
172.16.36.181 - - [25/Apr/2025:10:12:10 +0800] "GET /manager-page/api/snapshot.php?id=31&t=0.6657265746835928 HTTP/1.1" 200 47706 "http://192.168.60.79/manager-page/home-3.php" "Mozilla/5.0 (Windows NT 10.0; Win64; x64) AppleWebKit/537.36 (KHTML, like Gecko) Chrome/135.0.0.0 Safari/537.36 Edg/135.0.0.0"
