172.16.36.181 - - [15/May/2025:08:29:53 +0800] "GET /manager-page/api/snapshot.php?id=12&t=0.33695034499101495 HTTP/1.1" 200 8017 "http://192.168.60.79/manager-page/home-1.php" "Mozilla/5.0 (Windows NT 10.0; Win64; x64) AppleWebKit/537.36 (KHTML, like Gecko) Chrome/136.0.0.0 Safari/537.36 Edg/136.0.0.0"
172.16.36.181 - - [15/May/2025:08:29:58 +0800] "GET /manager-page/api/snapshot.php?id=11&t=0.3118603614518809 HTTP/1.1" 200 51050 "http://192.168.60.79/manager-page/home-1.php" "Mozilla/5.0 (Windows NT 10.0; Win64; x64) AppleWebKit/537.36 (KHTML, like Gecko) Chrome/136.0.0.0 Safari/537.36 Edg/136.0.0.0"
172.16.36.181 - - [15/May/2025:08:29:58 +0800] "GET /manager-page/api/snapshot.php?id=12&t=0.754212003434883 HTTP/1.1" 200 8025 "http://192.168.60.79/manager-page/home-1.php" "Mozilla/5.0 (Windows NT 10.0; Win64; x64) AppleWebKit/537.36 (KHTML, like Gecko) Chrome/136.0.0.0 Safari/537.36 Edg/136.0.0.0"
127.0.0.1 - - [15/May/2025:08:30:00 +0800] "GET /robot/alarm-history-in.php HTTP/1.1" 200 - "-" "python-requests/2.28.1"
172.16.36.181 - - [15/May/2025:08:30:03 +0800] "GET /manager-page/api/snapshot.php?id=11&t=0.08692319342437893 HTTP/1.1" 200 50336 "http://192.168.60.79/manager-page/home-1.php" "Mozilla/5.0 (Windows NT 10.0; Win64; x64) AppleWebKit/537.36 (KHTML, like Gecko) Chrome/136.0.0.0 Safari/537.36 Edg/136.0.0.0"
172.16.36.181 - - [15/May/2025:08:30:03 +0800] "GET /manager-page/api/snapshot.php?id=12&t=0.18148910679686636 HTTP/1.1" 200 8051 "http://192.168.60.79/manager-page/home-1.php" "Mozilla/5.0 (Windows NT 10.0; Win64; x64) AppleWebKit/537.36 (KHTML, like Gecko) Chrome/136.0.0.0 Safari/537.36 Edg/136.0.0.0"
172.16.36.181 - - [15/May/2025:08:30:08 +0800] "GET /manager-page/api/snapshot.php?id=12&t=0.3735650299132378 HTTP/1.1" 200 8019 "http://192.168.60.79/manager-page/home-1.php" "Mozilla/5.0 (Windows NT 10.0; Win64; x64) AppleWebKit/537.36 (KHTML, like Gecko) Chrome/136.0.0.0 Safari/537.36 Edg/136.0.0.0"
172.16.36.181 - - [15/May/2025:08:30:08 +0800] "GET /manager-page/api/snapshot.php?id=11&t=0.9097220678033824 HTTP/1.1" 200 50443 "http://192.168.60.79/manager-page/home-1.php" "Mozilla/5.0 (Windows NT 10.0; Win64; x64) AppleWebKit/537.36 (KHTML, like Gecko) Chrome/136.0.0.0 Safari/537.36 Edg/136.0.0.0"
172.16.36.181 - - [15/May/2025:08:30:13 +0800] "GET /manager-page/api/snapshot.php?id=12&t=0.6862719731010312 HTTP/1.1" 200 8016 "http://192.168.60.79/manager-page/home-1.php" "Mozilla/5.0 (Windows NT 10.0; Win64; x64) AppleWebKit/537.36 (KHTML, like Gecko) Chrome/136.0.0.0 Safari/537.36 Edg/136.0.0.0"
172.16.36.181 - - [15/May/2025:08:30:13 +0800] "GET /manager-page/api/snapshot.php?id=11&t=0.37644587043340416 HTTP/1.1" 200 50335 "http://192.168.60.79/manager-page/home-1.php" "Mozilla/5.0 (Windows NT 10.0; Win64; x64) AppleWebKit/537.36 (KHTML, like Gecko) Chrome/136.0.0.0 Safari/537.36 Edg/136.0.0.0"
172.16.36.181 - - [15/May/2025:08:30:18 +0800] "GET /manager-page/api/snapshot.php?id=11&t=0.9039429615257649 HTTP/1.1" 200 50329 "http://192.168.60.79/manager-page/home-1.php" "Mozilla/5.0 (Windows NT 10.0; Win64; x64) AppleWebKit/537.36 (KHTML, like Gecko) Chrome/136.0.0.0 Safari/537.36 Edg/136.0.0.0"
172.16.36.181 - - [15/May/2025:08:30:18 +0800] "GET /manager-page/api/snapshot.php?id=12&t=0.922336535923594 HTTP/1.1" 200 8004 "http://192.168.60.79/manager-page/home-1.php" "Mozilla/5.0 (Windows NT 10.0; Win64; x64) AppleWebKit/537.36 (KHTML, like Gecko) Chrome/136.0.0.0 Safari/537.36 Edg/136.0.0.0"
172.16.36.181 - - [15/May/2025:08:30:23 +0800] "GET /manager-page/api/snapshot.php?id=12&t=0.825569884873634 HTTP/1.1" 200 8028 "http://192.168.60.79/manager-page/home-1.php" "Mozilla/5.0 (Windows NT 10.0; Win64; x64) AppleWebKit/537.36 (KHTML, like Gecko) Chrome/136.0.0.0 Safari/537.36 Edg/136.0.0.0"
172.16.36.181 - - [15/May/2025:08:30:23 +0800] "GET /manager-page/api/snapshot.php?id=11&t=0.10661173622813691 HTTP/1.1" 200 50375 "http://192.168.60.79/manager-page/home-1.php" "Mozilla/5.0 (Windows NT 10.0; Win64; x64) AppleWebKit/537.36 (KHTML, like Gecko) Chrome/136.0.0.0 Safari/537.36 Edg/136.0.0.0"
172.16.36.181 - - [15/May/2025:08:30:28 +0800] "GET /manager-page/api/snapshot.php?id=12&t=0.49636282313254454 HTTP/1.1" 200 8033 "http://192.168.60.79/manager-page/home-1.php" "Mozilla/5.0 (Windows NT 10.0; Win64; x64) AppleWebKit/537.36 (KHTML, like Gecko) Chrome/136.0.0.0 Safari/537.36 Edg/136.0.0.0"
172.16.36.181 - - [15/May/2025:08:30:28 +0800] "GET /manager-page/api/snapshot.php?id=11&t=0.5407710385006284 HTTP/1.1" 200 50462 "http://192.168.60.79/manager-page/home-1.php" "Mozilla/5.0 (Windows NT 10.0; Win64; x64) AppleWebKit/537.36 (KHTML, like Gecko) Chrome/136.0.0.0 Safari/537.36 Edg/136.0.0.0"
172.16.36.181 - - [15/May/2025:08:30:33 +0800] "GET /manager-page/api/snapshot.php?id=12&t=0.48494966263881767 HTTP/1.1" 200 8019 "http://192.168.60.79/manager-page/home-1.php" "Mozilla/5.0 (Windows NT 10.0; Win64; x64) AppleWebKit/537.36 (KHTML, like Gecko) Chrome/136.0.0.0 Safari/537.36 Edg/136.0.0.0"
172.16.36.181 - - [15/May/2025:08:30:33 +0800] "GET /manager-page/api/snapshot.php?id=11&t=0.6158874523042408 HTTP/1.1" 200 51199 "http://192.168.60.79/manager-page/home-1.php" "Mozilla/5.0 (Windows NT 10.0; Win64; x64) AppleWebKit/537.36 (KHTML, like Gecko) Chrome/136.0.0.0 Safari/537.36 Edg/136.0.0.0"
172.16.36.181 - - [15/May/2025:08:30:38 +0800] "GET /manager-page/api/snapshot.php?id=11&t=0.3565096532895655 HTTP/1.1" 200 50376 "http://192.168.60.79/manager-page/home-1.php" "Mozilla/5.0 (Windows NT 10.0; Win64; x64) AppleWebKit/537.36 (KHTML, like Gecko) Chrome/136.0.0.0 Safari/537.36 Edg/136.0.0.0"
172.16.36.181 - - [15/May/2025:08:30:38 +0800] "GET /manager-page/api/snapshot.php?id=12&t=0.23880602152332986 HTTP/1.1" 200 8027 "http://192.168.60.79/manager-page/home-1.php" "Mozilla/5.0 (Windows NT 10.0; Win64; x64) AppleWebKit/537.36 (KHTML, like Gecko) Chrome/136.0.0.0 Safari/537.36 Edg/136.0.0.0"
172.16.36.181 - - [15/May/2025:08:30:43 +0800] "GET /manager-page/api/snapshot.php?id=11&t=0.4819598333121481 HTTP/1.1" 200 50308 "http://192.168.60.79/manager-page/home-1.php" "Mozilla/5.0 (Windows NT 10.0; Win64; x64) AppleWebKit/537.36 (KHTML, like Gecko) Chrome/136.0.0.0 Safari/537.36 Edg/136.0.0.0"
172.16.36.181 - - [15/May/2025:08:30:43 +0800] "GET /manager-page/api/snapshot.php?id=12&t=0.6500352472854369 HTTP/1.1" 200 8024 "http://192.168.60.79/manager-page/home-1.php" "Mozilla/5.0 (Windows NT 10.0; Win64; x64) AppleWebKit/537.36 (KHTML, like Gecko) Chrome/136.0.0.0 Safari/537.36 Edg/136.0.0.0"
172.16.36.181 - - [15/May/2025:08:30:48 +0800] "GET /manager-page/api/snapshot.php?id=11&t=0.6237632346593629 HTTP/1.1" 200 51376 "http://192.168.60.79/manager-page/home-1.php" "Mozilla/5.0 (Windows NT 10.0; Win64; x64) AppleWebKit/537.36 (KHTML, like Gecko) Chrome/136.0.0.0 Safari/537.36 Edg/136.0.0.0"
172.16.36.181 - - [15/May/2025:08:30:48 +0800] "GET /manager-page/api/snapshot.php?id=12&t=0.482032687694563 HTTP/1.1" 200 8018 "http://192.168.60.79/manager-page/home-1.php" "Mozilla/5.0 (Windows NT 10.0; Win64; x64) AppleWebKit/537.36 (KHTML, like Gecko) Chrome/136.0.0.0 Safari/537.36 Edg/136.0.0.0"
127.0.0.1 - - [15/May/2025:08:30:50 +0800] "POST /robot/et-7026-in.php HTTP/1.1" 200 - "-" "python-requests/2.32.2"
172.16.36.181 - - [15/May/2025:08:30:53 +0800] "GET /manager-page/api/snapshot.php?id=12&t=0.41678000914549107 HTTP/1.1" 200 8033 "http://192.168.60.79/manager-page/home-1.php" "Mozilla/5.0 (Windows NT 10.0; Win64; x64) AppleWebKit/537.36 (KHTML, like Gecko) Chrome/136.0.0.0 Safari/537.36 Edg/136.0.0.0"
172.16.36.181 - - [15/May/2025:08:30:53 +0800] "GET /manager-page/api/snapshot.php?id=11&t=0.06104063028878437 HTTP/1.1" 200 50406 "http://192.168.60.79/manager-page/home-1.php" "Mozilla/5.0 (Windows NT 10.0; Win64; x64) AppleWebKit/537.36 (KHTML, like Gecko) Chrome/136.0.0.0 Safari/537.36 Edg/136.0.0.0"
172.16.36.181 - - [15/May/2025:08:30:58 +0800] "GET /manager-page/api/snapshot.php?id=12&t=0.3174004581043518 HTTP/1.1" 200 8022 "http://192.168.60.79/manager-page/home-1.php" "Mozilla/5.0 (Windows NT 10.0; Win64; x64) AppleWebKit/537.36 (KHTML, like Gecko) Chrome/136.0.0.0 Safari/537.36 Edg/136.0.0.0"
172.16.36.181 - - [15/May/2025:08:30:58 +0800] "GET /manager-page/api/snapshot.php?id=11&t=0.24350826221961908 HTTP/1.1" 200 50364 "http://192.168.60.79/manager-page/home-1.php" "Mozilla/5.0 (Windows NT 10.0; Win64; x64) AppleWebKit/537.36 (KHTML, like Gecko) Chrome/136.0.0.0 Safari/537.36 Edg/136.0.0.0"
127.0.0.1 - - [15/May/2025:08:31:00 +0800] "GET /robot/alarm-history-in.php HTTP/1.1" 200 - "-" "python-requests/2.28.1"
172.16.36.181 - - [15/May/2025:08:31:03 +0800] "GET /manager-page/api/snapshot.php?id=11&t=0.672566862418127 HTTP/1.1" 200 50380 "http://192.168.60.79/manager-page/home-1.php" "Mozilla/5.0 (Windows NT 10.0; Win64; x64) AppleWebKit/537.36 (KHTML, like Gecko) Chrome/136.0.0.0 Safari/537.36 Edg/136.0.0.0"
172.16.36.181 - - [15/May/2025:08:31:03 +0800] "GET /manager-page/api/snapshot.php?id=12&t=0.15566621474451836 HTTP/1.1" 200 8027 "http://192.168.60.79/manager-page/home-1.php" "Mozilla/5.0 (Windows NT 10.0; Win64; x64) AppleWebKit/537.36 (KHTML, like Gecko) Chrome/136.0.0.0 Safari/537.36 Edg/136.0.0.0"
172.16.36.181 - - [15/May/2025:08:31:08 +0800] "GET /manager-page/api/snapshot.php?id=11&t=0.6549388376856597 HTTP/1.1" 200 50406 "http://192.168.60.79/manager-page/home-1.php" "Mozilla/5.0 (Windows NT 10.0; Win64; x64) AppleWebKit/537.36 (KHTML, like Gecko) Chrome/136.0.0.0 Safari/537.36 Edg/136.0.0.0"
172.16.36.181 - - [15/May/2025:08:31:08 +0800] "GET /manager-page/api/snapshot.php?id=12&t=0.021154742009706795 HTTP/1.1" 200 8027 "http://192.168.60.79/manager-page/home-1.php" "Mozilla/5.0 (Windows NT 10.0; Win64; x64) AppleWebKit/537.36 (KHTML, like Gecko) Chrome/136.0.0.0 Safari/537.36 Edg/136.0.0.0"
172.16.36.181 - - [15/May/2025:08:31:13 +0800] "GET /manager-page/api/snapshot.php?id=11&t=0.37614799848408975 HTTP/1.1" 200 50465 "http://192.168.60.79/manager-page/home-1.php" "Mozilla/5.0 (Windows NT 10.0; Win64; x64) AppleWebKit/537.36 (KHTML, like Gecko) Chrome/136.0.0.0 Safari/537.36 Edg/136.0.0.0"
172.16.36.181 - - [15/May/2025:08:31:13 +0800] "GET /manager-page/api/snapshot.php?id=12&t=0.6821688169219905 HTTP/1.1" 200 8026 "http://192.168.60.79/manager-page/home-1.php" "Mozilla/5.0 (Windows NT 10.0; Win64; x64) AppleWebKit/537.36 (KHTML, like Gecko) Chrome/136.0.0.0 Safari/537.36 Edg/136.0.0.0"
172.16.36.181 - - [15/May/2025:08:31:18 +0800] "GET /manager-page/api/snapshot.php?id=12&t=0.47132376251195485 HTTP/1.1" 200 8017 "http://192.168.60.79/manager-page/home-1.php" "Mozilla/5.0 (Windows NT 10.0; Win64; x64) AppleWebKit/537.36 (KHTML, like Gecko) Chrome/136.0.0.0 Safari/537.36 Edg/136.0.0.0"
172.16.36.181 - - [15/May/2025:08:31:18 +0800] "GET /manager-page/api/snapshot.php?id=11&t=0.6206461563914186 HTTP/1.1" 200 50448 "http://192.168.60.79/manager-page/home-1.php" "Mozilla/5.0 (Windows NT 10.0; Win64; x64) AppleWebKit/537.36 (KHTML, like Gecko) Chrome/136.0.0.0 Safari/537.36 Edg/136.0.0.0"
172.16.36.181 - - [15/May/2025:08:31:23 +0800] "GET /manager-page/api/snapshot.php?id=12&t=0.7982070126146377 HTTP/1.1" 200 8045 "http://192.168.60.79/manager-page/home-1.php" "Mozilla/5.0 (Windows NT 10.0; Win64; x64) AppleWebKit/537.36 (KHTML, like Gecko) Chrome/136.0.0.0 Safari/537.36 Edg/136.0.0.0"
172.16.36.181 - - [15/May/2025:08:31:23 +0800] "GET /manager-page/api/snapshot.php?id=11&t=0.06129156517767487 HTTP/1.1" 200 50457 "http://192.168.60.79/manager-page/home-1.php" "Mozilla/5.0 (Windows NT 10.0; Win64; x64) AppleWebKit/537.36 (KHTML, like Gecko) Chrome/136.0.0.0 Safari/537.36 Edg/136.0.0.0"
172.16.36.181 - - [15/May/2025:08:31:28 +0800] "GET /manager-page/api/snapshot.php?id=12&t=0.4848703698758563 HTTP/1.1" 200 7957 "http://192.168.60.79/manager-page/home-1.php" "Mozilla/5.0 (Windows NT 10.0; Win64; x64) AppleWebKit/537.36 (KHTML, like Gecko) Chrome/136.0.0.0 Safari/537.36 Edg/136.0.0.0"
172.16.36.181 - - [15/May/2025:08:31:28 +0800] "GET /manager-page/api/snapshot.php?id=11&t=0.7764052176600659 HTTP/1.1" 200 50303 "http://192.168.60.79/manager-page/home-1.php" "Mozilla/5.0 (Windows NT 10.0; Win64; x64) AppleWebKit/537.36 (KHTML, like Gecko) Chrome/136.0.0.0 Safari/537.36 Edg/136.0.0.0"
172.16.36.181 - - [15/May/2025:08:31:33 +0800] "GET /manager-page/api/snapshot.php?id=12&t=0.6299607972979061 HTTP/1.1" 200 7977 "http://192.168.60.79/manager-page/home-1.php" "Mozilla/5.0 (Windows NT 10.0; Win64; x64) AppleWebKit/537.36 (KHTML, like Gecko) Chrome/136.0.0.0 Safari/537.36 Edg/136.0.0.0"
172.16.36.181 - - [15/May/2025:08:31:33 +0800] "GET /manager-page/api/snapshot.php?id=11&t=0.9470390419363859 HTTP/1.1" 200 50392 "http://192.168.60.79/manager-page/home-1.php" "Mozilla/5.0 (Windows NT 10.0; Win64; x64) AppleWebKit/537.36 (KHTML, like Gecko) Chrome/136.0.0.0 Safari/537.36 Edg/136.0.0.0"
172.16.36.181 - - [15/May/2025:08:31:38 +0800] "GET /manager-page/api/snapshot.php?id=11&t=0.5843443603435285 HTTP/1.1" 200 50363 "http://192.168.60.79/manager-page/home-1.php" "Mozilla/5.0 (Windows NT 10.0; Win64; x64) AppleWebKit/537.36 (KHTML, like Gecko) Chrome/136.0.0.0 Safari/537.36 Edg/136.0.0.0"
172.16.36.181 - - [15/May/2025:08:31:38 +0800] "GET /manager-page/api/snapshot.php?id=12&t=0.5344245117205083 HTTP/1.1" 200 7994 "http://192.168.60.79/manager-page/home-1.php" "Mozilla/5.0 (Windows NT 10.0; Win64; x64) AppleWebKit/537.36 (KHTML, like Gecko) Chrome/136.0.0.0 Safari/537.36 Edg/136.0.0.0"
172.16.36.181 - - [15/May/2025:08:31:43 +0800] "GET /manager-page/api/snapshot.php?id=12&t=0.28147397006470065 HTTP/1.1" 200 8000 "http://192.168.60.79/manager-page/home-1.php" "Mozilla/5.0 (Windows NT 10.0; Win64; x64) AppleWebKit/537.36 (KHTML, like Gecko) Chrome/136.0.0.0 Safari/537.36 Edg/136.0.0.0"
172.16.36.181 - - [15/May/2025:08:31:43 +0800] "GET /manager-page/api/snapshot.php?id=11&t=0.05010701044422439 HTTP/1.1" 200 50360 "http://192.168.60.79/manager-page/home-1.php" "Mozilla/5.0 (Windows NT 10.0; Win64; x64) AppleWebKit/537.36 (KHTML, like Gecko) Chrome/136.0.0.0 Safari/537.36 Edg/136.0.0.0"
172.16.36.181 - - [15/May/2025:08:31:48 +0800] "GET /manager-page/api/snapshot.php?id=11&t=0.7750709665530362 HTTP/1.1" 200 50303 "http://192.168.60.79/manager-page/home-1.php" "Mozilla/5.0 (Windows NT 10.0; Win64; x64) AppleWebKit/537.36 (KHTML, like Gecko) Chrome/136.0.0.0 Safari/537.36 Edg/136.0.0.0"
172.16.36.181 - - [15/May/2025:08:31:48 +0800] "GET /manager-page/api/snapshot.php?id=12&t=0.3255925016708271 HTTP/1.1" 200 7997 "http://192.168.60.79/manager-page/home-1.php" "Mozilla/5.0 (Windows NT 10.0; Win64; x64) AppleWebKit/537.36 (KHTML, like Gecko) Chrome/136.0.0.0 Safari/537.36 Edg/136.0.0.0"
172.16.36.181 - - [15/May/2025:08:31:53 +0800] "GET /manager-page/api/snapshot.php?id=12&t=0.5251623680700189 HTTP/1.1" 200 8006 "http://192.168.60.79/manager-page/home-1.php" "Mozilla/5.0 (Windows NT 10.0; Win64; x64) AppleWebKit/537.36 (KHTML, like Gecko) Chrome/136.0.0.0 Safari/537.36 Edg/136.0.0.0"
172.16.36.181 - - [15/May/2025:08:31:53 +0800] "GET /manager-page/api/snapshot.php?id=11&t=0.909469543904825 HTTP/1.1" 200 50469 "http://192.168.60.79/manager-page/home-1.php" "Mozilla/5.0 (Windows NT 10.0; Win64; x64) AppleWebKit/537.36 (KHTML, like Gecko) Chrome/136.0.0.0 Safari/537.36 Edg/136.0.0.0"
172.16.36.181 - - [15/May/2025:08:31:58 +0800] "GET /manager-page/api/snapshot.php?id=12&t=0.5899100523556667 HTTP/1.1" 200 7995 "http://192.168.60.79/manager-page/home-1.php" "Mozilla/5.0 (Windows NT 10.0; Win64; x64) AppleWebKit/537.36 (KHTML, like Gecko) Chrome/136.0.0.0 Safari/537.36 Edg/136.0.0.0"
172.16.36.181 - - [15/May/2025:08:31:58 +0800] "GET /manager-page/api/snapshot.php?id=11&t=0.2433556695164989 HTTP/1.1" 200 50279 "http://192.168.60.79/manager-page/home-1.php" "Mozilla/5.0 (Windows NT 10.0; Win64; x64) AppleWebKit/537.36 (KHTML, like Gecko) Chrome/136.0.0.0 Safari/537.36 Edg/136.0.0.0"
127.0.0.1 - - [15/May/2025:08:32:00 +0800] "GET /robot/alarm-history-in.php HTTP/1.1" 200 - "-" "python-requests/2.28.1"
111.70.30.251 - - [15/May/2025:08:32:02 +0800] "POST /robot/lora-in.php HTTP/1.1" 200 - "-" "python-requests/2.21.0"
172.16.36.181 - - [15/May/2025:08:32:03 +0800] "GET /manager-page/api/snapshot.php?id=11&t=0.20441217586057736 HTTP/1.1" 200 50494 "http://192.168.60.79/manager-page/home-1.php" "Mozilla/5.0 (Windows NT 10.0; Win64; x64) AppleWebKit/537.36 (KHTML, like Gecko) Chrome/136.0.0.0 Safari/537.36 Edg/136.0.0.0"
172.16.36.181 - - [15/May/2025:08:32:03 +0800] "GET /manager-page/api/snapshot.php?id=12&t=0.7111044029491247 HTTP/1.1" 200 8025 "http://192.168.60.79/manager-page/home-1.php" "Mozilla/5.0 (Windows NT 10.0; Win64; x64) AppleWebKit/537.36 (KHTML, like Gecko) Chrome/136.0.0.0 Safari/537.36 Edg/136.0.0.0"
172.16.36.181 - - [15/May/2025:08:32:08 +0800] "GET /manager-page/api/snapshot.php?id=11&t=0.06755895311176519 HTTP/1.1" 200 50332 "http://192.168.60.79/manager-page/home-1.php" "Mozilla/5.0 (Windows NT 10.0; Win64; x64) AppleWebKit/537.36 (KHTML, like Gecko) Chrome/136.0.0.0 Safari/537.36 Edg/136.0.0.0"
172.16.36.181 - - [15/May/2025:08:32:08 +0800] "GET /manager-page/api/snapshot.php?id=12&t=0.6479520809973044 HTTP/1.1" 200 8012 "http://192.168.60.79/manager-page/home-1.php" "Mozilla/5.0 (Windows NT 10.0; Win64; x64) AppleWebKit/537.36 (KHTML, like Gecko) Chrome/136.0.0.0 Safari/537.36 Edg/136.0.0.0"
172.16.36.181 - - [15/May/2025:08:32:13 +0800] "GET /manager-page/api/snapshot.php?id=12&t=0.2941872799113241 HTTP/1.1" 200 8002 "http://192.168.60.79/manager-page/home-1.php" "Mozilla/5.0 (Windows NT 10.0; Win64; x64) AppleWebKit/537.36 (KHTML, like Gecko) Chrome/136.0.0.0 Safari/537.36 Edg/136.0.0.0"
172.16.36.181 - - [15/May/2025:08:32:13 +0800] "GET /manager-page/api/snapshot.php?id=11&t=0.17041833654258465 HTTP/1.1" 200 50359 "http://192.168.60.79/manager-page/home-1.php" "Mozilla/5.0 (Windows NT 10.0; Win64; x64) AppleWebKit/537.36 (KHTML, like Gecko) Chrome/136.0.0.0 Safari/537.36 Edg/136.0.0.0"
172.16.36.181 - - [15/May/2025:08:32:18 +0800] "GET /manager-page/api/snapshot.php?id=11&t=0.3776645661596576 HTTP/1.1" 200 50490 "http://192.168.60.79/manager-page/home-1.php" "Mozilla/5.0 (Windows NT 10.0; Win64; x64) AppleWebKit/537.36 (KHTML, like Gecko) Chrome/136.0.0.0 Safari/537.36 Edg/136.0.0.0"
172.16.36.181 - - [15/May/2025:08:32:18 +0800] "GET /manager-page/api/snapshot.php?id=12&t=0.9994052444679637 HTTP/1.1" 200 8016 "http://192.168.60.79/manager-page/home-1.php" "Mozilla/5.0 (Windows NT 10.0; Win64; x64) AppleWebKit/537.36 (KHTML, like Gecko) Chrome/136.0.0.0 Safari/537.36 Edg/136.0.0.0"
172.16.36.181 - - [15/May/2025:08:32:23 +0800] "GET /manager-page/api/snapshot.php?id=11&t=0.7510438408708251 HTTP/1.1" 200 50366 "http://192.168.60.79/manager-page/home-1.php" "Mozilla/5.0 (Windows NT 10.0; Win64; x64) AppleWebKit/537.36 (KHTML, like Gecko) Chrome/136.0.0.0 Safari/537.36 Edg/136.0.0.0"
172.16.36.181 - - [15/May/2025:08:32:23 +0800] "GET /manager-page/api/snapshot.php?id=12&t=0.4829128106309666 HTTP/1.1" 200 8023 "http://192.168.60.79/manager-page/home-1.php" "Mozilla/5.0 (Windows NT 10.0; Win64; x64) AppleWebKit/537.36 (KHTML, like Gecko) Chrome/136.0.0.0 Safari/537.36 Edg/136.0.0.0"
172.16.36.181 - - [15/May/2025:08:32:28 +0800] "GET /manager-page/api/snapshot.php?id=11&t=0.7192071694770438 HTTP/1.1" 200 50362 "http://192.168.60.79/manager-page/home-1.php" "Mozilla/5.0 (Windows NT 10.0; Win64; x64) AppleWebKit/537.36 (KHTML, like Gecko) Chrome/136.0.0.0 Safari/537.36 Edg/136.0.0.0"
172.16.36.181 - - [15/May/2025:08:32:28 +0800] "GET /manager-page/api/snapshot.php?id=12&t=0.16004442203314295 HTTP/1.1" 200 8015 "http://192.168.60.79/manager-page/home-1.php" "Mozilla/5.0 (Windows NT 10.0; Win64; x64) AppleWebKit/537.36 (KHTML, like Gecko) Chrome/136.0.0.0 Safari/537.36 Edg/136.0.0.0"
172.16.36.181 - - [15/May/2025:08:32:33 +0800] "GET /manager-page/api/snapshot.php?id=11&t=0.47904335441035417 HTTP/1.1" 200 50522 "http://192.168.60.79/manager-page/home-1.php" "Mozilla/5.0 (Windows NT 10.0; Win64; x64) AppleWebKit/537.36 (KHTML, like Gecko) Chrome/136.0.0.0 Safari/537.36 Edg/136.0.0.0"
172.16.36.181 - - [15/May/2025:08:32:33 +0800] "GET /manager-page/api/snapshot.php?id=12&t=0.7863708264586508 HTTP/1.1" 200 8025 "http://192.168.60.79/manager-page/home-1.php" "Mozilla/5.0 (Windows NT 10.0; Win64; x64) AppleWebKit/537.36 (KHTML, like Gecko) Chrome/136.0.0.0 Safari/537.36 Edg/136.0.0.0"
172.16.36.181 - - [15/May/2025:08:32:38 +0800] "GET /manager-page/api/snapshot.php?id=12&t=0.5814141151271379 HTTP/1.1" 200 8012 "http://192.168.60.79/manager-page/home-1.php" "Mozilla/5.0 (Windows NT 10.0; Win64; x64) AppleWebKit/537.36 (KHTML, like Gecko) Chrome/136.0.0.0 Safari/537.36 Edg/136.0.0.0"
172.16.36.181 - - [15/May/2025:08:32:38 +0800] "GET /manager-page/api/snapshot.php?id=11&t=0.271177406667823 HTTP/1.1" 200 50463 "http://192.168.60.79/manager-page/home-1.php" "Mozilla/5.0 (Windows NT 10.0; Win64; x64) AppleWebKit/537.36 (KHTML, like Gecko) Chrome/136.0.0.0 Safari/537.36 Edg/136.0.0.0"
172.16.36.181 - - [15/May/2025:08:32:43 +0800] "GET /manager-page/api/snapshot.php?id=11&t=0.29555101417142327 HTTP/1.1" 200 50449 "http://192.168.60.79/manager-page/home-1.php" "Mozilla/5.0 (Windows NT 10.0; Win64; x64) AppleWebKit/537.36 (KHTML, like Gecko) Chrome/136.0.0.0 Safari/537.36 Edg/136.0.0.0"
172.16.36.181 - - [15/May/2025:08:32:43 +0800] "GET /manager-page/api/snapshot.php?id=12&t=0.2983452766757292 HTTP/1.1" 200 8033 "http://192.168.60.79/manager-page/home-1.php" "Mozilla/5.0 (Windows NT 10.0; Win64; x64) AppleWebKit/537.36 (KHTML, like Gecko) Chrome/136.0.0.0 Safari/537.36 Edg/136.0.0.0"
111.70.30.251 - - [15/May/2025:08:32:44 +0800] "POST /robot/lora-in.php HTTP/1.1" 200 - "-" "python-requests/2.21.0"
172.16.36.181 - - [15/May/2025:08:32:48 +0800] "GET /manager-page/api/snapshot.php?id=12&t=0.6492502485408376 HTTP/1.1" 200 8029 "http://192.168.60.79/manager-page/home-1.php" "Mozilla/5.0 (Windows NT 10.0; Win64; x64) AppleWebKit/537.36 (KHTML, like Gecko) Chrome/136.0.0.0 Safari/537.36 Edg/136.0.0.0"
172.16.36.181 - - [15/May/2025:08:32:48 +0800] "GET /manager-page/api/snapshot.php?id=11&t=0.24375417534576782 HTTP/1.1" 200 50674 "http://192.168.60.79/manager-page/home-1.php" "Mozilla/5.0 (Windows NT 10.0; Win64; x64) AppleWebKit/537.36 (KHTML, like Gecko) Chrome/136.0.0.0 Safari/537.36 Edg/136.0.0.0"
172.16.36.181 - - [15/May/2025:08:32:53 +0800] "GET /manager-page/api/snapshot.php?id=12&t=0.11117442426082935 HTTP/1.1" 200 8021 "http://192.168.60.79/manager-page/home-1.php" "Mozilla/5.0 (Windows NT 10.0; Win64; x64) AppleWebKit/537.36 (KHTML, like Gecko) Chrome/136.0.0.0 Safari/537.36 Edg/136.0.0.0"
172.16.36.181 - - [15/May/2025:08:32:53 +0800] "GET /manager-page/api/snapshot.php?id=11&t=0.06417841103095712 HTTP/1.1" 200 50520 "http://192.168.60.79/manager-page/home-1.php" "Mozilla/5.0 (Windows NT 10.0; Win64; x64) AppleWebKit/537.36 (KHTML, like Gecko) Chrome/136.0.0.0 Safari/537.36 Edg/136.0.0.0"
172.16.36.181 - - [15/May/2025:08:32:58 +0800] "GET /manager-page/api/snapshot.php?id=11&t=0.12261463118869931 HTTP/1.1" 200 50513 "http://192.168.60.79/manager-page/home-1.php" "Mozilla/5.0 (Windows NT 10.0; Win64; x64) AppleWebKit/537.36 (KHTML, like Gecko) Chrome/136.0.0.0 Safari/537.36 Edg/136.0.0.0"
172.16.36.181 - - [15/May/2025:08:32:58 +0800] "GET /manager-page/api/snapshot.php?id=12&t=0.13321258176524065 HTTP/1.1" 200 8148 "http://192.168.60.79/manager-page/home-1.php" "Mozilla/5.0 (Windows NT 10.0; Win64; x64) AppleWebKit/537.36 (KHTML, like Gecko) Chrome/136.0.0.0 Safari/537.36 Edg/136.0.0.0"
127.0.0.1 - - [15/May/2025:08:33:00 +0800] "GET /robot/alarm-history-in.php HTTP/1.1" 200 - "-" "python-requests/2.28.1"
172.16.36.181 - - [15/May/2025:08:33:03 +0800] "GET /manager-page/api/snapshot.php?id=11&t=0.6807742804498101 HTTP/1.1" 200 50522 "http://192.168.60.79/manager-page/home-1.php" "Mozilla/5.0 (Windows NT 10.0; Win64; x64) AppleWebKit/537.36 (KHTML, like Gecko) Chrome/136.0.0.0 Safari/537.36 Edg/136.0.0.0"
172.16.36.181 - - [15/May/2025:08:33:03 +0800] "GET /manager-page/api/snapshot.php?id=12&t=0.1294319245484148 HTTP/1.1" 200 8020 "http://192.168.60.79/manager-page/home-1.php" "Mozilla/5.0 (Windows NT 10.0; Win64; x64) AppleWebKit/537.36 (KHTML, like Gecko) Chrome/136.0.0.0 Safari/537.36 Edg/136.0.0.0"
172.16.36.181 - - [15/May/2025:08:33:08 +0800] "GET /manager-page/api/snapshot.php?id=12&t=0.9160452770840672 HTTP/1.1" 200 8025 "http://192.168.60.79/manager-page/home-1.php" "Mozilla/5.0 (Windows NT 10.0; Win64; x64) AppleWebKit/537.36 (KHTML, like Gecko) Chrome/136.0.0.0 Safari/537.36 Edg/136.0.0.0"
172.16.36.181 - - [15/May/2025:08:33:08 +0800] "GET /manager-page/api/snapshot.php?id=11&t=0.46481644809540656 HTTP/1.1" 200 50390 "http://192.168.60.79/manager-page/home-1.php" "Mozilla/5.0 (Windows NT 10.0; Win64; x64) AppleWebKit/537.36 (KHTML, like Gecko) Chrome/136.0.0.0 Safari/537.36 Edg/136.0.0.0"
172.16.36.181 - - [15/May/2025:08:33:13 +0800] "GET /manager-page/api/snapshot.php?id=12&t=0.6485140430347565 HTTP/1.1" 200 8008 "http://192.168.60.79/manager-page/home-1.php" "Mozilla/5.0 (Windows NT 10.0; Win64; x64) AppleWebKit/537.36 (KHTML, like Gecko) Chrome/136.0.0.0 Safari/537.36 Edg/136.0.0.0"
172.16.36.181 - - [15/May/2025:08:33:13 +0800] "GET /manager-page/api/snapshot.php?id=11&t=0.3532554833536281 HTTP/1.1" 200 50252 "http://192.168.60.79/manager-page/home-1.php" "Mozilla/5.0 (Windows NT 10.0; Win64; x64) AppleWebKit/537.36 (KHTML, like Gecko) Chrome/136.0.0.0 Safari/537.36 Edg/136.0.0.0"
172.16.36.181 - - [15/May/2025:08:33:18 +0800] "GET /manager-page/api/snapshot.php?id=12&t=0.826933443068097 HTTP/1.1" 200 8026 "http://192.168.60.79/manager-page/home-1.php" "Mozilla/5.0 (Windows NT 10.0; Win64; x64) AppleWebKit/537.36 (KHTML, like Gecko) Chrome/136.0.0.0 Safari/537.36 Edg/136.0.0.0"
172.16.36.181 - - [15/May/2025:08:33:18 +0800] "GET /manager-page/api/snapshot.php?id=11&t=0.04415332858872256 HTTP/1.1" 200 51365 "http://192.168.60.79/manager-page/home-1.php" "Mozilla/5.0 (Windows NT 10.0; Win64; x64) AppleWebKit/537.36 (KHTML, like Gecko) Chrome/136.0.0.0 Safari/537.36 Edg/136.0.0.0"
172.16.36.181 - - [15/May/2025:08:33:23 +0800] "GET /manager-page/api/snapshot.php?id=11&t=0.21110140483978423 HTTP/1.1" 200 50687 "http://192.168.60.79/manager-page/home-1.php" "Mozilla/5.0 (Windows NT 10.0; Win64; x64) AppleWebKit/537.36 (KHTML, like Gecko) Chrome/136.0.0.0 Safari/537.36 Edg/136.0.0.0"
172.16.36.181 - - [15/May/2025:08:33:23 +0800] "GET /manager-page/api/snapshot.php?id=12&t=0.3110055523669121 HTTP/1.1" 200 8050 "http://192.168.60.79/manager-page/home-1.php" "Mozilla/5.0 (Windows NT 10.0; Win64; x64) AppleWebKit/537.36 (KHTML, like Gecko) Chrome/136.0.0.0 Safari/537.36 Edg/136.0.0.0"
172.16.36.181 - - [15/May/2025:08:33:28 +0800] "GET /manager-page/api/snapshot.php?id=12&t=0.17334137466969446 HTTP/1.1" 200 8037 "http://192.168.60.79/manager-page/home-1.php" "Mozilla/5.0 (Windows NT 10.0; Win64; x64) AppleWebKit/537.36 (KHTML, like Gecko) Chrome/136.0.0.0 Safari/537.36 Edg/136.0.0.0"
172.16.36.181 - - [15/May/2025:08:33:28 +0800] "GET /manager-page/api/snapshot.php?id=11&t=0.7045657400938536 HTTP/1.1" 200 50418 "http://192.168.60.79/manager-page/home-1.php" "Mozilla/5.0 (Windows NT 10.0; Win64; x64) AppleWebKit/537.36 (KHTML, like Gecko) Chrome/136.0.0.0 Safari/537.36 Edg/136.0.0.0"
172.16.36.181 - - [15/May/2025:08:33:33 +0800] "GET /manager-page/api/snapshot.php?id=11&t=0.7341852354833122 HTTP/1.1" 200 50400 "http://192.168.60.79/manager-page/home-1.php" "Mozilla/5.0 (Windows NT 10.0; Win64; x64) AppleWebKit/537.36 (KHTML, like Gecko) Chrome/136.0.0.0 Safari/537.36 Edg/136.0.0.0"
172.16.36.181 - - [15/May/2025:08:33:33 +0800] "GET /manager-page/api/snapshot.php?id=12&t=0.03796942446865037 HTTP/1.1" 200 8025 "http://192.168.60.79/manager-page/home-1.php" "Mozilla/5.0 (Windows NT 10.0; Win64; x64) AppleWebKit/537.36 (KHTML, like Gecko) Chrome/136.0.0.0 Safari/537.36 Edg/136.0.0.0"
172.16.36.181 - - [15/May/2025:08:33:38 +0800] "GET /manager-page/api/snapshot.php?id=12&t=0.700402834525999 HTTP/1.1" 200 8035 "http://192.168.60.79/manager-page/home-1.php" "Mozilla/5.0 (Windows NT 10.0; Win64; x64) AppleWebKit/537.36 (KHTML, like Gecko) Chrome/136.0.0.0 Safari/537.36 Edg/136.0.0.0"
172.16.36.181 - - [15/May/2025:08:33:38 +0800] "GET /manager-page/api/snapshot.php?id=11&t=0.4096332614247864 HTTP/1.1" 200 50539 "http://192.168.60.79/manager-page/home-1.php" "Mozilla/5.0 (Windows NT 10.0; Win64; x64) AppleWebKit/537.36 (KHTML, like Gecko) Chrome/136.0.0.0 Safari/537.36 Edg/136.0.0.0"
172.16.36.181 - - [15/May/2025:08:33:43 +0800] "GET /manager-page/api/snapshot.php?id=11&t=0.2358877546856648 HTTP/1.1" 200 50506 "http://192.168.60.79/manager-page/home-1.php" "Mozilla/5.0 (Windows NT 10.0; Win64; x64) AppleWebKit/537.36 (KHTML, like Gecko) Chrome/136.0.0.0 Safari/537.36 Edg/136.0.0.0"
172.16.36.181 - - [15/May/2025:08:33:43 +0800] "GET /manager-page/api/snapshot.php?id=12&t=0.9374202940748204 HTTP/1.1" 200 8038 "http://192.168.60.79/manager-page/home-1.php" "Mozilla/5.0 (Windows NT 10.0; Win64; x64) AppleWebKit/537.36 (KHTML, like Gecko) Chrome/136.0.0.0 Safari/537.36 Edg/136.0.0.0"
172.16.36.181 - - [15/May/2025:08:33:48 +0800] "GET /manager-page/api/snapshot.php?id=12&t=0.7576628963039856 HTTP/1.1" 200 8035 "http://192.168.60.79/manager-page/home-1.php" "Mozilla/5.0 (Windows NT 10.0; Win64; x64) AppleWebKit/537.36 (KHTML, like Gecko) Chrome/136.0.0.0 Safari/537.36 Edg/136.0.0.0"
172.16.36.181 - - [15/May/2025:08:33:48 +0800] "GET /manager-page/api/snapshot.php?id=11&t=0.4140510234987257 HTTP/1.1" 200 51534 "http://192.168.60.79/manager-page/home-1.php" "Mozilla/5.0 (Windows NT 10.0; Win64; x64) AppleWebKit/537.36 (KHTML, like Gecko) Chrome/136.0.0.0 Safari/537.36 Edg/136.0.0.0"
172.16.36.181 - - [15/May/2025:08:33:53 +0800] "GET /manager-page/api/snapshot.php?id=12&t=0.7693463011466628 HTTP/1.1" 200 8025 "http://192.168.60.79/manager-page/home-1.php" "Mozilla/5.0 (Windows NT 10.0; Win64; x64) AppleWebKit/537.36 (KHTML, like Gecko) Chrome/136.0.0.0 Safari/537.36 Edg/136.0.0.0"
172.16.36.181 - - [15/May/2025:08:33:53 +0800] "GET /manager-page/api/snapshot.php?id=11&t=0.548239638288897 HTTP/1.1" 200 50465 "http://192.168.60.79/manager-page/home-1.php" "Mozilla/5.0 (Windows NT 10.0; Win64; x64) AppleWebKit/537.36 (KHTML, like Gecko) Chrome/136.0.0.0 Safari/537.36 Edg/136.0.0.0"
172.16.36.181 - - [15/May/2025:08:33:58 +0800] "GET /manager-page/api/snapshot.php?id=11&t=0.16336111792886765 HTTP/1.1" 200 50416 "http://192.168.60.79/manager-page/home-1.php" "Mozilla/5.0 (Windows NT 10.0; Win64; x64) AppleWebKit/537.36 (KHTML, like Gecko) Chrome/136.0.0.0 Safari/537.36 Edg/136.0.0.0"
172.16.36.181 - - [15/May/2025:08:33:58 +0800] "GET /manager-page/api/snapshot.php?id=12&t=0.7325165675277666 HTTP/1.1" 200 8032 "http://192.168.60.79/manager-page/home-1.php" "Mozilla/5.0 (Windows NT 10.0; Win64; x64) AppleWebKit/537.36 (KHTML, like Gecko) Chrome/136.0.0.0 Safari/537.36 Edg/136.0.0.0"
127.0.0.1 - - [15/May/2025:08:34:00 +0800] "GET /robot/alarm-history-in.php HTTP/1.1" 200 - "-" "python-requests/2.28.1"
172.16.36.181 - - [15/May/2025:08:34:03 +0800] "GET /manager-page/api/snapshot.php?id=12&t=0.34881134377311096 HTTP/1.1" 200 8048 "http://192.168.60.79/manager-page/home-1.php" "Mozilla/5.0 (Windows NT 10.0; Win64; x64) AppleWebKit/537.36 (KHTML, like Gecko) Chrome/136.0.0.0 Safari/537.36 Edg/136.0.0.0"
172.16.36.181 - - [15/May/2025:08:34:03 +0800] "GET /manager-page/api/snapshot.php?id=11&t=0.25855455565912266 HTTP/1.1" 200 50595 "http://192.168.60.79/manager-page/home-1.php" "Mozilla/5.0 (Windows NT 10.0; Win64; x64) AppleWebKit/537.36 (KHTML, like Gecko) Chrome/136.0.0.0 Safari/537.36 Edg/136.0.0.0"
172.16.36.181 - - [15/May/2025:08:34:08 +0800] "GET /manager-page/api/snapshot.php?id=11&t=0.9445375104954409 HTTP/1.1" 200 50497 "http://192.168.60.79/manager-page/home-1.php" "Mozilla/5.0 (Windows NT 10.0; Win64; x64) AppleWebKit/537.36 (KHTML, like Gecko) Chrome/136.0.0.0 Safari/537.36 Edg/136.0.0.0"
172.16.36.181 - - [15/May/2025:08:34:08 +0800] "GET /manager-page/api/snapshot.php?id=12&t=0.9904517331322911 HTTP/1.1" 200 8033 "http://192.168.60.79/manager-page/home-1.php" "Mozilla/5.0 (Windows NT 10.0; Win64; x64) AppleWebKit/537.36 (KHTML, like Gecko) Chrome/136.0.0.0 Safari/537.36 Edg/136.0.0.0"
172.16.36.181 - - [15/May/2025:08:34:13 +0800] "GET /manager-page/api/snapshot.php?id=12&t=0.5584951011703192 HTTP/1.1" 200 8033 "http://192.168.60.79/manager-page/home-1.php" "Mozilla/5.0 (Windows NT 10.0; Win64; x64) AppleWebKit/537.36 (KHTML, like Gecko) Chrome/136.0.0.0 Safari/537.36 Edg/136.0.0.0"
172.16.36.181 - - [15/May/2025:08:34:13 +0800] "GET /manager-page/api/snapshot.php?id=11&t=0.03991055789192488 HTTP/1.1" 200 50497 "http://192.168.60.79/manager-page/home-1.php" "Mozilla/5.0 (Windows NT 10.0; Win64; x64) AppleWebKit/537.36 (KHTML, like Gecko) Chrome/136.0.0.0 Safari/537.36 Edg/136.0.0.0"
172.16.36.181 - - [15/May/2025:08:34:18 +0800] "GET /manager-page/api/snapshot.php?id=11&t=0.4774705166744245 HTTP/1.1" 200 51438 "http://192.168.60.79/manager-page/home-1.php" "Mozilla/5.0 (Windows NT 10.0; Win64; x64) AppleWebKit/537.36 (KHTML, like Gecko) Chrome/136.0.0.0 Safari/537.36 Edg/136.0.0.0"
172.16.36.181 - - [15/May/2025:08:34:18 +0800] "GET /manager-page/api/snapshot.php?id=12&t=0.18163071327793123 HTTP/1.1" 200 8000 "http://192.168.60.79/manager-page/home-1.php" "Mozilla/5.0 (Windows NT 10.0; Win64; x64) AppleWebKit/537.36 (KHTML, like Gecko) Chrome/136.0.0.0 Safari/537.36 Edg/136.0.0.0"
172.16.36.181 - - [15/May/2025:08:34:23 +0800] "GET /manager-page/api/snapshot.php?id=11&t=0.06280449234878138 HTTP/1.1" 200 50435 "http://192.168.60.79/manager-page/home-1.php" "Mozilla/5.0 (Windows NT 10.0; Win64; x64) AppleWebKit/537.36 (KHTML, like Gecko) Chrome/136.0.0.0 Safari/537.36 Edg/136.0.0.0"
172.16.36.181 - - [15/May/2025:08:34:23 +0800] "GET /manager-page/api/snapshot.php?id=12&t=0.5865690299648446 HTTP/1.1" 200 8020 "http://192.168.60.79/manager-page/home-1.php" "Mozilla/5.0 (Windows NT 10.0; Win64; x64) AppleWebKit/537.36 (KHTML, like Gecko) Chrome/136.0.0.0 Safari/537.36 Edg/136.0.0.0"
172.16.36.181 - - [15/May/2025:08:34:28 +0800] "GET /manager-page/api/snapshot.php?id=11&t=0.0021643073833098603 HTTP/1.1" 200 50251 "http://192.168.60.79/manager-page/home-1.php" "Mozilla/5.0 (Windows NT 10.0; Win64; x64) AppleWebKit/537.36 (KHTML, like Gecko) Chrome/136.0.0.0 Safari/537.36 Edg/136.0.0.0"
172.16.36.181 - - [15/May/2025:08:34:28 +0800] "GET /manager-page/api/snapshot.php?id=12&t=0.8117764412680496 HTTP/1.1" 200 8041 "http://192.168.60.79/manager-page/home-1.php" "Mozilla/5.0 (Windows NT 10.0; Win64; x64) AppleWebKit/537.36 (KHTML, like Gecko) Chrome/136.0.0.0 Safari/537.36 Edg/136.0.0.0"
172.16.36.181 - - [15/May/2025:08:34:33 +0800] "GET /manager-page/api/snapshot.php?id=12&t=0.6007827182733143 HTTP/1.1" 200 8029 "http://192.168.60.79/manager-page/home-1.php" "Mozilla/5.0 (Windows NT 10.0; Win64; x64) AppleWebKit/537.36 (KHTML, like Gecko) Chrome/136.0.0.0 Safari/537.36 Edg/136.0.0.0"
172.16.36.181 - - [15/May/2025:08:34:33 +0800] "GET /manager-page/api/snapshot.php?id=11&t=0.8804067588634047 HTTP/1.1" 200 50519 "http://192.168.60.79/manager-page/home-1.php" "Mozilla/5.0 (Windows NT 10.0; Win64; x64) AppleWebKit/537.36 (KHTML, like Gecko) Chrome/136.0.0.0 Safari/537.36 Edg/136.0.0.0"
172.16.36.181 - - [15/May/2025:08:34:38 +0800] "GET /manager-page/api/snapshot.php?id=12&t=0.09219053058767968 HTTP/1.1" 200 8049 "http://192.168.60.79/manager-page/home-1.php" "Mozilla/5.0 (Windows NT 10.0; Win64; x64) AppleWebKit/537.36 (KHTML, like Gecko) Chrome/136.0.0.0 Safari/537.36 Edg/136.0.0.0"
172.16.36.181 - - [15/May/2025:08:34:38 +0800] "GET /manager-page/api/snapshot.php?id=11&t=0.7137871748205872 HTTP/1.1" 200 50318 "http://192.168.60.79/manager-page/home-1.php" "Mozilla/5.0 (Windows NT 10.0; Win64; x64) AppleWebKit/537.36 (KHTML, like Gecko) Chrome/136.0.0.0 Safari/537.36 Edg/136.0.0.0"
172.16.36.181 - - [15/May/2025:08:34:40 +0800] "GET /manager-page/alarm/3-2.jpg?t=1152671703 HTTP/1.1" 200 187208 "http://192.168.60.79/manager-page/home-3.php" "Mozilla/5.0 (Windows NT 10.0; Win64; x64) AppleWebKit/537.36 (KHTML, like Gecko) Chrome/136.0.0.0 Safari/537.36 Edg/136.0.0.0"
172.16.36.181 - - [15/May/2025:08:34:40 +0800] "GET /manager-page/alarm/3-1.jpg?t=1030836027 HTTP/1.1" 200 520364 "http://192.168.60.79/manager-page/home-3.php" "Mozilla/5.0 (Windows NT 10.0; Win64; x64) AppleWebKit/537.36 (KHTML, like Gecko) Chrome/136.0.0.0 Safari/537.36 Edg/136.0.0.0"
172.16.36.181 - - [15/May/2025:08:34:40 +0800] "GET /manager-page/home-3.php HTTP/1.1" 200 27482 "-" "Mozilla/5.0 (Windows NT 10.0; Win64; x64) AppleWebKit/537.36 (KHTML, like Gecko) Chrome/136.0.0.0 Safari/537.36 Edg/136.0.0.0"
172.16.36.181 - - [15/May/2025:08:34:40 +0800] "GET /manager-page/api/snapshot.php?id=32 HTTP/1.1" 500 - "http://192.168.60.79/manager-page/home-3.php" "Mozilla/5.0 (Windows NT 10.0; Win64; x64) AppleWebKit/537.36 (KHTML, like Gecko) Chrome/136.0.0.0 Safari/537.36 Edg/136.0.0.0"
172.16.36.181 - - [15/May/2025:08:34:40 +0800] "GET /manager-page/api/snapshot.php?id=31 HTTP/1.1" 500 - "http://192.168.60.79/manager-page/home-3.php" "Mozilla/5.0 (Windows NT 10.0; Win64; x64) AppleWebKit/537.36 (KHTML, like Gecko) Chrome/136.0.0.0 Safari/537.36 Edg/136.0.0.0"
172.16.36.181 - - [15/May/2025:08:34:47 +0800] "GET /manager-page/live/3-2.jpg HTTP/1.1" 200 50712 "http://192.168.60.79/manager-page/home-3.php" "Mozilla/5.0 (Windows NT 10.0; Win64; x64) AppleWebKit/537.36 (KHTML, like Gecko) Chrome/136.0.0.0 Safari/537.36 Edg/136.0.0.0"
172.16.36.181 - - [15/May/2025:08:34:47 +0800] "GET /manager-page/live/3-1.jpg HTTP/1.1" 200 58327 "http://192.168.60.79/manager-page/home-3.php" "Mozilla/5.0 (Windows NT 10.0; Win64; x64) AppleWebKit/537.36 (KHTML, like Gecko) Chrome/136.0.0.0 Safari/537.36 Edg/136.0.0.0"
172.16.36.181 - - [15/May/2025:08:34:42 +0800] "GET /manager-page/api/cms-status3.php HTTP/1.1" 500 - "http://192.168.60.79/manager-page/home-3.php" "Mozilla/5.0 (Windows NT 10.0; Win64; x64) AppleWebKit/537.36 (KHTML, like Gecko) Chrome/136.0.0.0 Safari/537.36 Edg/136.0.0.0"
172.16.36.181 - - [15/May/2025:08:34:42 +0800] "GET /manager-page/api/lp-status3.php HTTP/1.1" 500 - "http://192.168.60.79/manager-page/home-3.php" "Mozilla/5.0 (Windows NT 10.0; Win64; x64) AppleWebKit/537.36 (KHTML, like Gecko) Chrome/136.0.0.0 Safari/537.36 Edg/136.0.0.0"
172.16.36.181 - - [15/May/2025:08:34:48 +0800] "GET /manager-page/api/snapshot.php?id=31&t=0.9176417867302747 HTTP/1.1" 200 58173 "http://192.168.60.79/manager-page/home-3.php" "Mozilla/5.0 (Windows NT 10.0; Win64; x64) AppleWebKit/537.36 (KHTML, like Gecko) Chrome/136.0.0.0 Safari/537.36 Edg/136.0.0.0"
172.16.36.181 - - [15/May/2025:08:34:48 +0800] "GET /manager-page/api/snapshot.php?id=32&t=0.43186296874840224 HTTP/1.1" 500 - "http://192.168.60.79/manager-page/home-3.php" "Mozilla/5.0 (Windows NT 10.0; Win64; x64) AppleWebKit/537.36 (KHTML, like Gecko) Chrome/136.0.0.0 Safari/537.36 Edg/136.0.0.0"
172.16.36.181 - - [15/May/2025:08:34:53 +0800] "GET /manager-page/api/snapshot.php?id=31&t=0.46255897826269143 HTTP/1.1" 200 58121 "http://192.168.60.79/manager-page/home-3.php" "Mozilla/5.0 (Windows NT 10.0; Win64; x64) AppleWebKit/537.36 (KHTML, like Gecko) Chrome/136.0.0.0 Safari/537.36 Edg/136.0.0.0"
172.16.36.181 - - [15/May/2025:08:34:53 +0800] "GET /manager-page/api/snapshot.php?id=32&t=0.4549785166121091 HTTP/1.1" 500 - "http://192.168.60.79/manager-page/home-3.php" "Mozilla/5.0 (Windows NT 10.0; Win64; x64) AppleWebKit/537.36 (KHTML, like Gecko) Chrome/136.0.0.0 Safari/537.36 Edg/136.0.0.0"
172.16.36.181 - - [15/May/2025:08:34:58 +0800] "GET /manager-page/api/snapshot.php?id=31&t=0.8586079896749765 HTTP/1.1" 200 58141 "http://192.168.60.79/manager-page/home-3.php" "Mozilla/5.0 (Windows NT 10.0; Win64; x64) AppleWebKit/537.36 (KHTML, like Gecko) Chrome/136.0.0.0 Safari/537.36 Edg/136.0.0.0"
127.0.0.1 - - [15/May/2025:08:35:00 +0800] "GET /robot/alarm-history-in.php HTTP/1.1" 200 - "-" "python-requests/2.28.1"
172.16.36.181 - - [15/May/2025:08:34:58 +0800] "GET /manager-page/api/snapshot.php?id=32&t=0.8263115269322902 HTTP/1.1" 500 - "http://192.168.60.79/manager-page/home-3.php" "Mozilla/5.0 (Windows NT 10.0; Win64; x64) AppleWebKit/537.36 (KHTML, like Gecko) Chrome/136.0.0.0 Safari/537.36 Edg/136.0.0.0"
172.16.36.181 - - [15/May/2025:08:35:03 +0800] "GET /manager-page/api/snapshot.php?id=31&t=0.5870643398034217 HTTP/1.1" 200 58169 "http://192.168.60.79/manager-page/home-3.php" "Mozilla/5.0 (Windows NT 10.0; Win64; x64) AppleWebKit/537.36 (KHTML, like Gecko) Chrome/136.0.0.0 Safari/537.36 Edg/136.0.0.0"
172.16.36.181 - - [15/May/2025:08:35:03 +0800] "GET /manager-page/api/snapshot.php?id=32&t=0.41782500558162894 HTTP/1.1" 200 51452 "http://192.168.60.79/manager-page/home-3.php" "Mozilla/5.0 (Windows NT 10.0; Win64; x64) AppleWebKit/537.36 (KHTML, like Gecko) Chrome/136.0.0.0 Safari/537.36 Edg/136.0.0.0"
172.16.36.181 - - [15/May/2025:08:35:08 +0800] "GET /manager-page/api/snapshot.php?id=31&t=0.37484176610191167 HTTP/1.1" 200 58126 "http://192.168.60.79/manager-page/home-3.php" "Mozilla/5.0 (Windows NT 10.0; Win64; x64) AppleWebKit/537.36 (KHTML, like Gecko) Chrome/136.0.0.0 Safari/537.36 Edg/136.0.0.0"
172.16.36.181 - - [15/May/2025:08:35:08 +0800] "GET /manager-page/api/snapshot.php?id=32&t=0.6693670294926952 HTTP/1.1" 200 51487 "http://192.168.60.79/manager-page/home-3.php" "Mozilla/5.0 (Windows NT 10.0; Win64; x64) AppleWebKit/537.36 (KHTML, like Gecko) Chrome/136.0.0.0 Safari/537.36 Edg/136.0.0.0"
172.16.36.181 - - [15/May/2025:08:35:13 +0800] "GET /manager-page/api/snapshot.php?id=32&t=0.8248752564441715 HTTP/1.1" 200 51487 "http://192.168.60.79/manager-page/home-3.php" "Mozilla/5.0 (Windows NT 10.0; Win64; x64) AppleWebKit/537.36 (KHTML, like Gecko) Chrome/136.0.0.0 Safari/537.36 Edg/136.0.0.0"
172.16.36.181 - - [15/May/2025:08:35:13 +0800] "GET /manager-page/api/snapshot.php?id=31&t=0.33072395623488593 HTTP/1.1" 200 58246 "http://192.168.60.79/manager-page/home-3.php" "Mozilla/5.0 (Windows NT 10.0; Win64; x64) AppleWebKit/537.36 (KHTML, like Gecko) Chrome/136.0.0.0 Safari/537.36 Edg/136.0.0.0"
172.16.36.181 - - [15/May/2025:08:35:18 +0800] "GET /manager-page/api/snapshot.php?id=32&t=0.6464413529026292 HTTP/1.1" 200 51480 "http://192.168.60.79/manager-page/home-3.php" "Mozilla/5.0 (Windows NT 10.0; Win64; x64) AppleWebKit/537.36 (KHTML, like Gecko) Chrome/136.0.0.0 Safari/537.36 Edg/136.0.0.0"
172.16.36.181 - - [15/May/2025:08:35:18 +0800] "GET /manager-page/api/snapshot.php?id=31&t=0.4254407786806469 HTTP/1.1" 200 58200 "http://192.168.60.79/manager-page/home-3.php" "Mozilla/5.0 (Windows NT 10.0; Win64; x64) AppleWebKit/537.36 (KHTML, like Gecko) Chrome/136.0.0.0 Safari/537.36 Edg/136.0.0.0"
172.16.36.181 - - [15/May/2025:08:35:23 +0800] "GET /manager-page/api/snapshot.php?id=31&t=0.02868852708482883 HTTP/1.1" 200 58290 "http://192.168.60.79/manager-page/home-3.php" "Mozilla/5.0 (Windows NT 10.0; Win64; x64) AppleWebKit/537.36 (KHTML, like Gecko) Chrome/136.0.0.0 Safari/537.36 Edg/136.0.0.0"
172.16.36.181 - - [15/May/2025:08:35:23 +0800] "GET /manager-page/api/snapshot.php?id=32&t=0.9824052273101389 HTTP/1.1" 200 51548 "http://192.168.60.79/manager-page/home-3.php" "Mozilla/5.0 (Windows NT 10.0; Win64; x64) AppleWebKit/537.36 (KHTML, like Gecko) Chrome/136.0.0.0 Safari/537.36 Edg/136.0.0.0"
172.16.36.181 - - [15/May/2025:08:35:28 +0800] "GET /manager-page/api/snapshot.php?id=32&t=0.839035483397297 HTTP/1.1" 200 51570 "http://192.168.60.79/manager-page/home-3.php" "Mozilla/5.0 (Windows NT 10.0; Win64; x64) AppleWebKit/537.36 (KHTML, like Gecko) Chrome/136.0.0.0 Safari/537.36 Edg/136.0.0.0"
172.16.36.181 - - [15/May/2025:08:35:28 +0800] "GET /manager-page/api/snapshot.php?id=31&t=0.9105544189163706 HTTP/1.1" 200 58232 "http://192.168.60.79/manager-page/home-3.php" "Mozilla/5.0 (Windows NT 10.0; Win64; x64) AppleWebKit/537.36 (KHTML, like Gecko) Chrome/136.0.0.0 Safari/537.36 Edg/136.0.0.0"
172.16.36.181 - - [15/May/2025:08:35:33 +0800] "GET /manager-page/api/snapshot.php?id=31&t=0.13466538379803883 HTTP/1.1" 200 58251 "http://192.168.60.79/manager-page/home-3.php" "Mozilla/5.0 (Windows NT 10.0; Win64; x64) AppleWebKit/537.36 (KHTML, like Gecko) Chrome/136.0.0.0 Safari/537.36 Edg/136.0.0.0"
172.16.36.181 - - [15/May/2025:08:35:33 +0800] "GET /manager-page/api/snapshot.php?id=32&t=0.7331174980491076 HTTP/1.1" 200 51594 "http://192.168.60.79/manager-page/home-3.php" "Mozilla/5.0 (Windows NT 10.0; Win64; x64) AppleWebKit/537.36 (KHTML, like Gecko) Chrome/136.0.0.0 Safari/537.36 Edg/136.0.0.0"
172.16.36.181 - - [15/May/2025:08:35:38 +0800] "GET /manager-page/api/snapshot.php?id=31&t=0.404204725603006 HTTP/1.1" 200 58248 "http://192.168.60.79/manager-page/home-3.php" "Mozilla/5.0 (Windows NT 10.0; Win64; x64) AppleWebKit/537.36 (KHTML, like Gecko) Chrome/136.0.0.0 Safari/537.36 Edg/136.0.0.0"
172.16.36.181 - - [15/May/2025:08:35:38 +0800] "GET /manager-page/api/snapshot.php?id=32&t=0.42336197975508894 HTTP/1.1" 200 51599 "http://192.168.60.79/manager-page/home-3.php" "Mozilla/5.0 (Windows NT 10.0; Win64; x64) AppleWebKit/537.36 (KHTML, like Gecko) Chrome/136.0.0.0 Safari/537.36 Edg/136.0.0.0"
127.0.0.1 - - [15/May/2025:08:36:00 +0800] "GET /robot/alarm-history-in.php HTTP/1.1" 200 - "-" "python-requests/2.28.1"
172.16.36.181 - - [15/May/2025:08:36:30 +0800] "GET /manager-page/api/snapshot.php?id=32&t=0.756144828549065 HTTP/1.1" 200 51826 "http://192.168.60.79/manager-page/home-3.php" "Mozilla/5.0 (Windows NT 10.0; Win64; x64) AppleWebKit/537.36 (KHTML, like Gecko) Chrome/136.0.0.0 Safari/537.36 Edg/136.0.0.0"
172.16.36.181 - - [15/May/2025:08:36:30 +0800] "GET /manager-page/api/snapshot.php?id=31&t=0.1373262592811908 HTTP/1.1" 200 58180 "http://192.168.60.79/manager-page/home-3.php" "Mozilla/5.0 (Windows NT 10.0; Win64; x64) AppleWebKit/537.36 (KHTML, like Gecko) Chrome/136.0.0.0 Safari/537.36 Edg/136.0.0.0"
127.0.0.1 - - [15/May/2025:08:36:42 +0800] "GET /get-setting.json HTTP/1.1" 200 2315 "-" "python-requests/2.31.0"
127.0.0.1 - - [15/May/2025:08:36:55 +0800] "POST /robot/lora-in.php HTTP/1.1" 200 - "-" "python-requests/2.31.0"
127.0.0.1 - - [15/May/2025:08:37:00 +0800] "POST /robot/lora-in.php HTTP/1.1" 200 - "-" "python-requests/2.31.0"
127.0.0.1 - - [15/May/2025:08:37:00 +0800] "GET /robot/alarm-history-in.php HTTP/1.1" 200 - "-" "python-requests/2.28.1"
127.0.0.1 - - [15/May/2025:08:37:01 +0800] "POST /robot/lora-in.php HTTP/1.1" 200 - "-" "python-requests/2.31.0"
127.0.0.1 - - [15/May/2025:08:37:02 +0800] "POST /robot/lora-in.php HTTP/1.1" 200 - "-" "python-requests/2.31.0"
127.0.0.1 - - [15/May/2025:08:37:12 +0800] "POST /robot/lora-in.php HTTP/1.1" 200 - "-" "python-requests/2.31.0"
127.0.0.1 - - [15/May/2025:08:37:13 +0800] "POST /robot/et-7026-in.php HTTP/1.1" 200 - "-" "python-requests/2.32.2"
172.16.36.181 - - [15/May/2025:08:37:30 +0800] "GET /manager-page/api/snapshot.php?id=31&t=0.16376743249155146 HTTP/1.1" 200 58243 "http://192.168.60.79/manager-page/home-3.php" "Mozilla/5.0 (Windows NT 10.0; Win64; x64) AppleWebKit/537.36 (KHTML, like Gecko) Chrome/136.0.0.0 Safari/537.36 Edg/136.0.0.0"
172.16.36.181 - - [15/May/2025:08:37:30 +0800] "GET /manager-page/api/snapshot.php?id=32&t=0.9997042527301585 HTTP/1.1" 200 51933 "http://192.168.60.79/manager-page/home-3.php" "Mozilla/5.0 (Windows NT 10.0; Win64; x64) AppleWebKit/537.36 (KHTML, like Gecko) Chrome/136.0.0.0 Safari/537.36 Edg/136.0.0.0"
111.70.30.250 - - [15/May/2025:08:37:33 +0800] "POST /robot/lora-in.php HTTP/1.1" 200 - "-" "python-requests/2.21.0"
127.0.0.1 - - [15/May/2025:08:37:34 +0800] "POST /robot/et-7026-in.php HTTP/1.1" 200 - "-" "python-requests/2.32.2"
127.0.0.1 - - [15/May/2025:08:38:00 +0800] "GET /robot/alarm-history-in.php HTTP/1.1" 200 - "-" "python-requests/2.28.1"
172.16.36.181 - - [15/May/2025:08:38:30 +0800] "GET /manager-page/api/snapshot.php?id=31&t=0.18678128431333685 HTTP/1.1" 200 58317 "http://192.168.60.79/manager-page/home-3.php" "Mozilla/5.0 (Windows NT 10.0; Win64; x64) AppleWebKit/537.36 (KHTML, like Gecko) Chrome/136.0.0.0 Safari/537.36 Edg/136.0.0.0"
172.16.36.181 - - [15/May/2025:08:38:30 +0800] "GET /manager-page/api/snapshot.php?id=32&t=0.7142860176525191 HTTP/1.1" 500 - "http://192.168.60.79/manager-page/home-3.php" "Mozilla/5.0 (Windows NT 10.0; Win64; x64) AppleWebKit/537.36 (KHTML, like Gecko) Chrome/136.0.0.0 Safari/537.36 Edg/136.0.0.0"
172.16.36.181 - - [15/May/2025:08:38:35 +0800] "GET /manager-page/live/3-2.jpg HTTP/1.1" 200 51934 "http://192.168.60.79/manager-page/home-3.php" "Mozilla/5.0 (Windows NT 10.0; Win64; x64) AppleWebKit/537.36 (KHTML, like Gecko) Chrome/136.0.0.0 Safari/537.36 Edg/136.0.0.0"
127.0.0.1 - - [15/May/2025:08:39:00 +0800] "GET /robot/alarm-history-in.php HTTP/1.1" 200 - "-" "python-requests/2.28.1"
172.16.36.181 - - [15/May/2025:08:39:30 +0800] "GET /manager-page/api/snapshot.php?id=31&t=0.503708374673491 HTTP/1.1" 200 57971 "http://192.168.60.79/manager-page/home-3.php" "Mozilla/5.0 (Windows NT 10.0; Win64; x64) AppleWebKit/537.36 (KHTML, like Gecko) Chrome/136.0.0.0 Safari/537.36 Edg/136.0.0.0"
172.16.36.181 - - [15/May/2025:08:39:30 +0800] "GET /manager-page/api/snapshot.php?id=32&t=0.276851706657234 HTTP/1.1" 500 - "http://192.168.60.79/manager-page/home-3.php" "Mozilla/5.0 (Windows NT 10.0; Win64; x64) AppleWebKit/537.36 (KHTML, like Gecko) Chrome/136.0.0.0 Safari/537.36 Edg/136.0.0.0"
127.0.0.1 - - [15/May/2025:08:40:00 +0800] "GET /robot/alarm-history-in.php HTTP/1.1" 200 - "-" "python-requests/2.28.1"
111.70.30.251 - - [15/May/2025:08:40:24 +0800] "POST /robot/lora-in.php HTTP/1.1" 200 - "-" "python-requests/2.21.0"
