127.0.0.1 - - [12/Nov/2025:08:00:00 +0800] "GET /robot/alarm-history-in.php HTTP/1.1" 200 - "-" "python-requests/2.28.1"
127.0.0.1 - - [12/Nov/2025:08:00:00 +0800] "GET /manager-page/daily/send.php HTTP/1.1" 200 - "-" "python-requests/2.28.1"
127.0.0.1 - - [12/Nov/2025:08:00:00 +0800] "GET /manager-page/daily/send2.php HTTP/1.1" 200 - "-" "python-requests/2.28.1"
127.0.0.1 - - [12/Nov/2025:08:01:00 +0800] "GET /robot/alarm-history-in.php HTTP/1.1" 200 - "-" "python-requests/2.28.1"
172.16.36.181 - - [12/Nov/2025:08:01:53 +0800] "GET /manager-page/home-3.php HTTP/1.1" 302 - "-" "Mozilla/5.0 (Windows NT 10.0; Win64; x64) AppleWebKit/537.36 (KHTML, like Gecko) Chrome/142.0.0.0 Safari/537.36 Edg/142.0.0.0"
172.16.36.181 - - [12/Nov/2025:08:01:54 +0800] "GET /manager-page/login.php HTTP/1.1" 200 2365 "-" "Mozilla/5.0 (Windows NT 10.0; Win64; x64) AppleWebKit/537.36 (KHTML, like Gecko) Chrome/142.0.0.0 Safari/537.36 Edg/142.0.0.0"
172.16.36.181 - - [12/Nov/2025:08:01:54 +0800] "GET /favicon.ico HTTP/1.1" 404 196 "http://192.168.60.79/manager-page/login.php" "Mozilla/5.0 (Windows NT 10.0; Win64; x64) AppleWebKit/537.36 (KHTML, like Gecko) Chrome/142.0.0.0 Safari/537.36 Edg/142.0.0.0"
127.0.0.1 - - [12/Nov/2025:08:02:00 +0800] "GET /robot/alarm-history-in.php HTTP/1.1" 200 - "-" "python-requests/2.28.1"
172.16.36.181 - - [12/Nov/2025:08:02:17 +0800] "POST /manager-page/login.php HTTP/1.1" 302 - "http://192.168.60.79/manager-page/login.php" "Mozilla/5.0 (Windows NT 10.0; Win64; x64) AppleWebKit/537.36 (KHTML, like Gecko) Chrome/142.0.0.0 Safari/537.36 Edg/142.0.0.0"
172.16.36.181 - - [12/Nov/2025:08:02:29 +0800] "GET /manager-page/home.php HTTP/1.1" 302 - "http://192.168.60.79/manager-page/login.php" "Mozilla/5.0 (Windows NT 10.0; Win64; x64) AppleWebKit/537.36 (KHTML, like Gecko) Chrome/142.0.0.0 Safari/537.36 Edg/142.0.0.0"
172.16.36.181 - - [12/Nov/2025:08:02:48 +0800] "GET /manager-page/alarm/1-1.jpg?t=1636684602 HTTP/1.1" 200 322868 "http://192.168.60.79/manager-page/home-1.php" "Mozilla/5.0 (Windows NT 10.0; Win64; x64) AppleWebKit/537.36 (KHTML, like Gecko) Chrome/142.0.0.0 Safari/537.36 Edg/142.0.0.0"
172.16.36.181 - - [12/Nov/2025:08:02:48 +0800] "GET /manager-page/alarm/1-2.jpg?t=1640032010 HTTP/1.1" 200 495492 "http://192.168.60.79/manager-page/home-1.php" "Mozilla/5.0 (Windows NT 10.0; Win64; x64) AppleWebKit/537.36 (KHTML, like Gecko) Chrome/142.0.0.0 Safari/537.36 Edg/142.0.0.0"
172.16.36.181 - - [12/Nov/2025:08:02:30 +0800] "GET /manager-page/home-1.php HTTP/1.1" 200 27471 "http://192.168.60.79/manager-page/login.php" "Mozilla/5.0 (Windows NT 10.0; Win64; x64) AppleWebKit/537.36 (KHTML, like Gecko) Chrome/142.0.0.0 Safari/537.36 Edg/142.0.0.0"
172.16.36.181 - - [12/Nov/2025:08:02:48 +0800] "GET /manager-page/api/snapshot.php?id=11 HTTP/1.1" 200 41681 "http://192.168.60.79/manager-page/home-1.php" "Mozilla/5.0 (Windows NT 10.0; Win64; x64) AppleWebKit/537.36 (KHTML, like Gecko) Chrome/142.0.0.0 Safari/537.36 Edg/142.0.0.0"
111.70.30.251 - - [12/Nov/2025:08:02:48 +0800] "POST /robot/lora-in.php HTTP/1.1" 200 - "-" "python-requests/2.21.0"
172.16.36.181 - - [12/Nov/2025:08:02:48 +0800] "GET /manager-page/api/snapshot.php?id=12 HTTP/1.1" 200 42244 "http://192.168.60.79/manager-page/home-1.php" "Mozilla/5.0 (Windows NT 10.0; Win64; x64) AppleWebKit/537.36 (KHTML, like Gecko) Chrome/142.0.0.0 Safari/537.36 Edg/142.0.0.0"
172.16.36.181 - - [12/Nov/2025:08:02:54 +0800] "GET /manager-page/api/cms-status1.php HTTP/1.1" 200 12 "http://192.168.60.79/manager-page/home-1.php" "Mozilla/5.0 (Windows NT 10.0; Win64; x64) AppleWebKit/537.36 (KHTML, like Gecko) Chrome/142.0.0.0 Safari/537.36 Edg/142.0.0.0"
172.16.36.181 - - [12/Nov/2025:08:02:54 +0800] "GET /manager-page/api/lp-status1.php HTTP/1.1" 200 1 "http://192.168.60.79/manager-page/home-1.php" "Mozilla/5.0 (Windows NT 10.0; Win64; x64) AppleWebKit/537.36 (KHTML, like Gecko) Chrome/142.0.0.0 Safari/537.36 Edg/142.0.0.0"
172.16.36.181 - - [12/Nov/2025:08:02:59 +0800] "GET /manager-page/api/snapshot.php?id=12&t=0.08884866345953013 HTTP/1.1" 200 42162 "http://192.168.60.79/manager-page/home-1.php" "Mozilla/5.0 (Windows NT 10.0; Win64; x64) AppleWebKit/537.36 (KHTML, like Gecko) Chrome/142.0.0.0 Safari/537.36 Edg/142.0.0.0"
127.0.0.1 - - [12/Nov/2025:08:03:00 +0800] "GET /robot/alarm-history-in.php HTTP/1.1" 200 - "-" "python-requests/2.28.1"
172.16.36.181 - - [12/Nov/2025:08:02:59 +0800] "GET /manager-page/api/snapshot.php?id=11&t=0.5766345291371379 HTTP/1.1" 200 41505 "http://192.168.60.79/manager-page/home-1.php" "Mozilla/5.0 (Windows NT 10.0; Win64; x64) AppleWebKit/537.36 (KHTML, like Gecko) Chrome/142.0.0.0 Safari/537.36 Edg/142.0.0.0"
172.16.36.181 - - [12/Nov/2025:08:03:04 +0800] "GET /manager-page/api/snapshot.php?id=12&t=0.99512172588018 HTTP/1.1" 200 42163 "http://192.168.60.79/manager-page/home-1.php" "Mozilla/5.0 (Windows NT 10.0; Win64; x64) AppleWebKit/537.36 (KHTML, like Gecko) Chrome/142.0.0.0 Safari/537.36 Edg/142.0.0.0"
172.16.36.181 - - [12/Nov/2025:08:03:04 +0800] "GET /manager-page/api/snapshot.php?id=11&t=0.9781199094264346 HTTP/1.1" 200 41479 "http://192.168.60.79/manager-page/home-1.php" "Mozilla/5.0 (Windows NT 10.0; Win64; x64) AppleWebKit/537.36 (KHTML, like Gecko) Chrome/142.0.0.0 Safari/537.36 Edg/142.0.0.0"
172.16.36.181 - - [12/Nov/2025:08:03:09 +0800] "GET /manager-page/api/snapshot.php?id=11&t=0.18055059510299198 HTTP/1.1" 200 41521 "http://192.168.60.79/manager-page/home-1.php" "Mozilla/5.0 (Windows NT 10.0; Win64; x64) AppleWebKit/537.36 (KHTML, like Gecko) Chrome/142.0.0.0 Safari/537.36 Edg/142.0.0.0"
172.16.36.181 - - [12/Nov/2025:08:03:09 +0800] "GET /manager-page/api/snapshot.php?id=12&t=0.6389700711792932 HTTP/1.1" 200 42268 "http://192.168.60.79/manager-page/home-1.php" "Mozilla/5.0 (Windows NT 10.0; Win64; x64) AppleWebKit/537.36 (KHTML, like Gecko) Chrome/142.0.0.0 Safari/537.36 Edg/142.0.0.0"
172.16.36.181 - - [12/Nov/2025:08:03:14 +0800] "GET /manager-page/api/snapshot.php?id=12&t=0.8977941980050024 HTTP/1.1" 200 42272 "http://192.168.60.79/manager-page/home-1.php" "Mozilla/5.0 (Windows NT 10.0; Win64; x64) AppleWebKit/537.36 (KHTML, like Gecko) Chrome/142.0.0.0 Safari/537.36 Edg/142.0.0.0"
172.16.36.181 - - [12/Nov/2025:08:03:14 +0800] "GET /manager-page/api/snapshot.php?id=11&t=0.817295952032644 HTTP/1.1" 500 - "http://192.168.60.79/manager-page/home-1.php" "Mozilla/5.0 (Windows NT 10.0; Win64; x64) AppleWebKit/537.36 (KHTML, like Gecko) Chrome/142.0.0.0 Safari/537.36 Edg/142.0.0.0"
172.16.36.181 - - [12/Nov/2025:08:03:19 +0800] "GET /manager-page/api/snapshot.php?id=11&t=0.9549250307508454 HTTP/1.1" 200 41603 "http://192.168.60.79/manager-page/home-1.php" "Mozilla/5.0 (Windows NT 10.0; Win64; x64) AppleWebKit/537.36 (KHTML, like Gecko) Chrome/142.0.0.0 Safari/537.36 Edg/142.0.0.0"
172.16.36.181 - - [12/Nov/2025:08:03:19 +0800] "GET /manager-page/api/snapshot.php?id=12&t=0.2055449659213766 HTTP/1.1" 200 42155 "http://192.168.60.79/manager-page/home-1.php" "Mozilla/5.0 (Windows NT 10.0; Win64; x64) AppleWebKit/537.36 (KHTML, like Gecko) Chrome/142.0.0.0 Safari/537.36 Edg/142.0.0.0"
172.16.36.181 - - [12/Nov/2025:08:03:24 +0800] "GET /manager-page/api/snapshot.php?id=11&t=0.7850296535120522 HTTP/1.1" 200 41589 "http://192.168.60.79/manager-page/home-1.php" "Mozilla/5.0 (Windows NT 10.0; Win64; x64) AppleWebKit/537.36 (KHTML, like Gecko) Chrome/142.0.0.0 Safari/537.36 Edg/142.0.0.0"
172.16.36.181 - - [12/Nov/2025:08:03:24 +0800] "GET /manager-page/api/snapshot.php?id=12&t=0.8620028648391135 HTTP/1.1" 200 42189 "http://192.168.60.79/manager-page/home-1.php" "Mozilla/5.0 (Windows NT 10.0; Win64; x64) AppleWebKit/537.36 (KHTML, like Gecko) Chrome/142.0.0.0 Safari/537.36 Edg/142.0.0.0"
172.16.36.181 - - [12/Nov/2025:08:03:29 +0800] "GET /manager-page/api/snapshot.php?id=11&t=0.0072404246330135535 HTTP/1.1" 200 41578 "http://192.168.60.79/manager-page/home-1.php" "Mozilla/5.0 (Windows NT 10.0; Win64; x64) AppleWebKit/537.36 (KHTML, like Gecko) Chrome/142.0.0.0 Safari/537.36 Edg/142.0.0.0"
172.16.36.181 - - [12/Nov/2025:08:03:29 +0800] "GET /manager-page/api/snapshot.php?id=12&t=0.6057070821867282 HTTP/1.1" 500 - "http://192.168.60.79/manager-page/home-1.php" "Mozilla/5.0 (Windows NT 10.0; Win64; x64) AppleWebKit/537.36 (KHTML, like Gecko) Chrome/142.0.0.0 Safari/537.36 Edg/142.0.0.0"
172.16.36.181 - - [12/Nov/2025:08:03:34 +0800] "GET /manager-page/api/snapshot.php?id=11&t=0.9149450589548496 HTTP/1.1" 200 41509 "http://192.168.60.79/manager-page/home-1.php" "Mozilla/5.0 (Windows NT 10.0; Win64; x64) AppleWebKit/537.36 (KHTML, like Gecko) Chrome/142.0.0.0 Safari/537.36 Edg/142.0.0.0"
172.16.36.181 - - [12/Nov/2025:08:03:34 +0800] "GET /manager-page/api/snapshot.php?id=12&t=0.25497748723185987 HTTP/1.1" 500 - "http://192.168.60.79/manager-page/home-1.php" "Mozilla/5.0 (Windows NT 10.0; Win64; x64) AppleWebKit/537.36 (KHTML, like Gecko) Chrome/142.0.0.0 Safari/537.36 Edg/142.0.0.0"
172.16.36.181 - - [12/Nov/2025:08:03:39 +0800] "GET /manager-page/api/snapshot.php?id=12&t=0.07422508905159864 HTTP/1.1" 200 42215 "http://192.168.60.79/manager-page/home-1.php" "Mozilla/5.0 (Windows NT 10.0; Win64; x64) AppleWebKit/537.36 (KHTML, like Gecko) Chrome/142.0.0.0 Safari/537.36 Edg/142.0.0.0"
172.16.36.181 - - [12/Nov/2025:08:03:44 +0800] "GET /manager-page/api/snapshot.php?id=12&t=0.6389646559616947 HTTP/1.1" 200 42208 "http://192.168.60.79/manager-page/home-1.php" "Mozilla/5.0 (Windows NT 10.0; Win64; x64) AppleWebKit/537.36 (KHTML, like Gecko) Chrome/142.0.0.0 Safari/537.36 Edg/142.0.0.0"
172.16.36.181 - - [12/Nov/2025:08:03:39 +0800] "GET /manager-page/api/snapshot.php?id=11&t=0.49713478434488334 HTTP/1.1" 500 - "http://192.168.60.79/manager-page/home-1.php" "Mozilla/5.0 (Windows NT 10.0; Win64; x64) AppleWebKit/537.36 (KHTML, like Gecko) Chrome/142.0.0.0 Safari/537.36 Edg/142.0.0.0"
172.16.36.181 - - [12/Nov/2025:08:03:44 +0800] "GET /manager-page/api/snapshot.php?id=11&t=0.7138812367421563 HTTP/1.1" 200 41478 "http://192.168.60.79/manager-page/home-1.php" "Mozilla/5.0 (Windows NT 10.0; Win64; x64) AppleWebKit/537.36 (KHTML, like Gecko) Chrome/142.0.0.0 Safari/537.36 Edg/142.0.0.0"
127.0.0.1 - - [12/Nov/2025:08:03:42 +0800] "POST /robot/et-7026-in.php HTTP/1.1" 200 - "-" "python-requests/2.32.2"
172.16.36.181 - - [12/Nov/2025:08:03:49 +0800] "GET /manager-page/api/snapshot.php?id=11&t=0.22809340768348385 HTTP/1.1" 200 41393 "http://192.168.60.79/manager-page/home-1.php" "Mozilla/5.0 (Windows NT 10.0; Win64; x64) AppleWebKit/537.36 (KHTML, like Gecko) Chrome/142.0.0.0 Safari/537.36 Edg/142.0.0.0"
172.16.36.181 - - [12/Nov/2025:08:03:49 +0800] "GET /manager-page/api/snapshot.php?id=12&t=0.3246677866741634 HTTP/1.1" 200 42183 "http://192.168.60.79/manager-page/home-1.php" "Mozilla/5.0 (Windows NT 10.0; Win64; x64) AppleWebKit/537.36 (KHTML, like Gecko) Chrome/142.0.0.0 Safari/537.36 Edg/142.0.0.0"
172.16.36.181 - - [12/Nov/2025:08:03:54 +0800] "GET /manager-page/api/snapshot.php?id=11&t=0.3319468784674562 HTTP/1.1" 200 41450 "http://192.168.60.79/manager-page/home-1.php" "Mozilla/5.0 (Windows NT 10.0; Win64; x64) AppleWebKit/537.36 (KHTML, like Gecko) Chrome/142.0.0.0 Safari/537.36 Edg/142.0.0.0"
172.16.36.181 - - [12/Nov/2025:08:03:54 +0800] "GET /manager-page/api/snapshot.php?id=12&t=0.6169001581333563 HTTP/1.1" 200 42196 "http://192.168.60.79/manager-page/home-1.php" "Mozilla/5.0 (Windows NT 10.0; Win64; x64) AppleWebKit/537.36 (KHTML, like Gecko) Chrome/142.0.0.0 Safari/537.36 Edg/142.0.0.0"
172.16.36.181 - - [12/Nov/2025:08:03:59 +0800] "GET /manager-page/api/snapshot.php?id=12&t=0.2364151807360101 HTTP/1.1" 200 42219 "http://192.168.60.79/manager-page/home-1.php" "Mozilla/5.0 (Windows NT 10.0; Win64; x64) AppleWebKit/537.36 (KHTML, like Gecko) Chrome/142.0.0.0 Safari/537.36 Edg/142.0.0.0"
172.16.36.181 - - [12/Nov/2025:08:03:59 +0800] "GET /manager-page/api/snapshot.php?id=11&t=0.9049931982200813 HTTP/1.1" 500 - "http://192.168.60.79/manager-page/home-1.php" "Mozilla/5.0 (Windows NT 10.0; Win64; x64) AppleWebKit/537.36 (KHTML, like Gecko) Chrome/142.0.0.0 Safari/537.36 Edg/142.0.0.0"
127.0.0.1 - - [12/Nov/2025:08:04:00 +0800] "GET /robot/alarm-history-in.php HTTP/1.1" 200 - "-" "python-requests/2.28.1"
172.16.36.181 - - [12/Nov/2025:08:04:04 +0800] "GET /manager-page/api/snapshot.php?id=11&t=0.9202238548235837 HTTP/1.1" 200 41483 "http://192.168.60.79/manager-page/home-1.php" "Mozilla/5.0 (Windows NT 10.0; Win64; x64) AppleWebKit/537.36 (KHTML, like Gecko) Chrome/142.0.0.0 Safari/537.36 Edg/142.0.0.0"
172.16.36.181 - - [12/Nov/2025:08:04:04 +0800] "GET /manager-page/api/snapshot.php?id=12&t=0.5860640113794479 HTTP/1.1" 200 42114 "http://192.168.60.79/manager-page/home-1.php" "Mozilla/5.0 (Windows NT 10.0; Win64; x64) AppleWebKit/537.36 (KHTML, like Gecko) Chrome/142.0.0.0 Safari/537.36 Edg/142.0.0.0"
172.16.36.181 - - [12/Nov/2025:08:04:09 +0800] "GET /manager-page/api/snapshot.php?id=11&t=0.782102311809278 HTTP/1.1" 200 41625 "http://192.168.60.79/manager-page/home-1.php" "Mozilla/5.0 (Windows NT 10.0; Win64; x64) AppleWebKit/537.36 (KHTML, like Gecko) Chrome/142.0.0.0 Safari/537.36 Edg/142.0.0.0"
172.16.36.181 - - [12/Nov/2025:08:04:09 +0800] "GET /manager-page/api/snapshot.php?id=12&t=0.2646111387333646 HTTP/1.1" 500 - "http://192.168.60.79/manager-page/home-1.php" "Mozilla/5.0 (Windows NT 10.0; Win64; x64) AppleWebKit/537.36 (KHTML, like Gecko) Chrome/142.0.0.0 Safari/537.36 Edg/142.0.0.0"
172.16.36.181 - - [12/Nov/2025:08:04:14 +0800] "GET /manager-page/api/snapshot.php?id=11&t=0.3219083370104642 HTTP/1.1" 200 41602 "http://192.168.60.79/manager-page/home-1.php" "Mozilla/5.0 (Windows NT 10.0; Win64; x64) AppleWebKit/537.36 (KHTML, like Gecko) Chrome/142.0.0.0 Safari/537.36 Edg/142.0.0.0"
172.16.36.181 - - [12/Nov/2025:08:04:14 +0800] "GET /manager-page/api/snapshot.php?id=12&t=0.8094583595770557 HTTP/1.1" 200 42128 "http://192.168.60.79/manager-page/home-1.php" "Mozilla/5.0 (Windows NT 10.0; Win64; x64) AppleWebKit/537.36 (KHTML, like Gecko) Chrome/142.0.0.0 Safari/537.36 Edg/142.0.0.0"
172.16.36.181 - - [12/Nov/2025:08:04:19 +0800] "GET /manager-page/api/snapshot.php?id=11&t=0.06203062212682431 HTTP/1.1" 200 41567 "http://192.168.60.79/manager-page/home-1.php" "Mozilla/5.0 (Windows NT 10.0; Win64; x64) AppleWebKit/537.36 (KHTML, like Gecko) Chrome/142.0.0.0 Safari/537.36 Edg/142.0.0.0"
172.16.36.181 - - [12/Nov/2025:08:04:19 +0800] "GET /manager-page/api/snapshot.php?id=12&t=0.14027188866963902 HTTP/1.1" 500 - "http://192.168.60.79/manager-page/home-1.php" "Mozilla/5.0 (Windows NT 10.0; Win64; x64) AppleWebKit/537.36 (KHTML, like Gecko) Chrome/142.0.0.0 Safari/537.36 Edg/142.0.0.0"
127.0.0.1 - - [12/Nov/2025:08:04:31 +0800] "POST /robot/et-7026-in.php HTTP/1.1" 200 - "-" "python-requests/2.32.2"
172.16.36.181 - - [12/Nov/2025:08:04:39 +0800] "GET /manager-page/alarm/2-1.jpg?t=1639567780 HTTP/1.1" 200 195810 "http://192.168.60.79/manager-page/home-2.php" "Mozilla/5.0 (Windows NT 10.0; Win64; x64) AppleWebKit/537.36 (KHTML, like Gecko) Chrome/142.0.0.0 Safari/537.36 Edg/142.0.0.0"
172.16.36.181 - - [12/Nov/2025:08:04:39 +0800] "GET /manager-page/alarm/2-2.jpg?t=79813745 HTTP/1.1" 200 544111 "http://192.168.60.79/manager-page/home-2.php" "Mozilla/5.0 (Windows NT 10.0; Win64; x64) AppleWebKit/537.36 (KHTML, like Gecko) Chrome/142.0.0.0 Safari/537.36 Edg/142.0.0.0"
172.16.36.181 - - [12/Nov/2025:08:04:19 +0800] "GET /manager-page/home-2.php HTTP/1.1" 200 27468 "http://192.168.60.79/manager-page/home-1.php" "Mozilla/5.0 (Windows NT 10.0; Win64; x64) AppleWebKit/537.36 (KHTML, like Gecko) Chrome/142.0.0.0 Safari/537.36 Edg/142.0.0.0"
172.16.36.181 - - [12/Nov/2025:08:04:24 +0800] "GET /manager-page/api/snapshot.php?id=12&t=0.5782031942986138 HTTP/1.1" 500 - "http://192.168.60.79/manager-page/home-1.php" "Mozilla/5.0 (Windows NT 10.0; Win64; x64) AppleWebKit/537.36 (KHTML, like Gecko) Chrome/142.0.0.0 Safari/537.36 Edg/142.0.0.0"
172.16.36.181 - - [12/Nov/2025:08:04:24 +0800] "GET /manager-page/api/snapshot.php?id=11&t=0.2777052424467017 HTTP/1.1" 500 - "http://192.168.60.79/manager-page/home-1.php" "Mozilla/5.0 (Windows NT 10.0; Win64; x64) AppleWebKit/537.36 (KHTML, like Gecko) Chrome/142.0.0.0 Safari/537.36 Edg/142.0.0.0"
172.16.36.181 - - [12/Nov/2025:08:04:29 +0800] "GET /manager-page/api/snapshot.php?id=11&t=0.2769587738221424 HTTP/1.1" 500 - "http://192.168.60.79/manager-page/home-1.php" "Mozilla/5.0 (Windows NT 10.0; Win64; x64) AppleWebKit/537.36 (KHTML, like Gecko) Chrome/142.0.0.0 Safari/537.36 Edg/142.0.0.0"
172.16.36.181 - - [12/Nov/2025:08:04:29 +0800] "GET /manager-page/api/snapshot.php?id=12&t=0.5517275779815739 HTTP/1.1" 500 - "http://192.168.60.79/manager-page/home-1.php" "Mozilla/5.0 (Windows NT 10.0; Win64; x64) AppleWebKit/537.36 (KHTML, like Gecko) Chrome/142.0.0.0 Safari/537.36 Edg/142.0.0.0"
172.16.36.181 - - [12/Nov/2025:08:04:39 +0800] "GET /manager-page/api/snapshot.php?id=22 HTTP/1.1" 500 - "http://192.168.60.79/manager-page/home-2.php" "Mozilla/5.0 (Windows NT 10.0; Win64; x64) AppleWebKit/537.36 (KHTML, like Gecko) Chrome/142.0.0.0 Safari/537.36 Edg/142.0.0.0"
172.16.36.181 - - [12/Nov/2025:08:04:39 +0800] "GET /manager-page/api/snapshot.php?id=21 HTTP/1.1" 500 - "http://192.168.60.79/manager-page/home-2.php" "Mozilla/5.0 (Windows NT 10.0; Win64; x64) AppleWebKit/537.36 (KHTML, like Gecko) Chrome/142.0.0.0 Safari/537.36 Edg/142.0.0.0"
172.16.36.181 - - [12/Nov/2025:08:04:48 +0800] "GET /manager-page/api/lp-status2.php HTTP/1.1" 200 1 "http://192.168.60.79/manager-page/home-2.php" "Mozilla/5.0 (Windows NT 10.0; Win64; x64) AppleWebKit/537.36 (KHTML, like Gecko) Chrome/142.0.0.0 Safari/537.36 Edg/142.0.0.0"
172.16.36.181 - - [12/Nov/2025:08:04:48 +0800] "GET /manager-page/api/cms-status2.php HTTP/1.1" 200 12 "http://192.168.60.79/manager-page/home-2.php" "Mozilla/5.0 (Windows NT 10.0; Win64; x64) AppleWebKit/537.36 (KHTML, like Gecko) Chrome/142.0.0.0 Safari/537.36 Edg/142.0.0.0"
172.16.36.181 - - [12/Nov/2025:08:04:53 +0800] "GET /manager-page/api/snapshot.php?id=22&t=0.000315781093793599 HTTP/1.1" 200 40794 "http://192.168.60.79/manager-page/home-2.php" "Mozilla/5.0 (Windows NT 10.0; Win64; x64) AppleWebKit/537.36 (KHTML, like Gecko) Chrome/142.0.0.0 Safari/537.36 Edg/142.0.0.0"
172.16.36.181 - - [12/Nov/2025:08:04:53 +0800] "GET /manager-page/api/snapshot.php?id=21&t=0.12845449926774632 HTTP/1.1" 200 47557 "http://192.168.60.79/manager-page/home-2.php" "Mozilla/5.0 (Windows NT 10.0; Win64; x64) AppleWebKit/537.36 (KHTML, like Gecko) Chrome/142.0.0.0 Safari/537.36 Edg/142.0.0.0"
172.16.36.181 - - [12/Nov/2025:08:04:58 +0800] "GET /manager-page/api/snapshot.php?id=22&t=0.9691237387520923 HTTP/1.1" 200 40808 "http://192.168.60.79/manager-page/home-2.php" "Mozilla/5.0 (Windows NT 10.0; Win64; x64) AppleWebKit/537.36 (KHTML, like Gecko) Chrome/142.0.0.0 Safari/537.36 Edg/142.0.0.0"
172.16.36.181 - - [12/Nov/2025:08:04:58 +0800] "GET /manager-page/api/snapshot.php?id=21&t=0.866569040870122 HTTP/1.1" 200 47541 "http://192.168.60.79/manager-page/home-2.php" "Mozilla/5.0 (Windows NT 10.0; Win64; x64) AppleWebKit/537.36 (KHTML, like Gecko) Chrome/142.0.0.0 Safari/537.36 Edg/142.0.0.0"
127.0.0.1 - - [12/Nov/2025:08:05:00 +0800] "GET /robot/alarm-history-in.php HTTP/1.1" 200 - "-" "python-requests/2.28.1"
172.16.36.181 - - [12/Nov/2025:08:05:01 +0800] "GET /manager-page/alarm/3-2.jpg?t=55513044 HTTP/1.1" 200 13 "http://192.168.60.79/manager-page/home-3.php" "Mozilla/5.0 (Windows NT 10.0; Win64; x64) AppleWebKit/537.36 (KHTML, like Gecko) Chrome/142.0.0.0 Safari/537.36 Edg/142.0.0.0"
172.16.36.181 - - [12/Nov/2025:08:05:01 +0800] "GET /manager-page/alarm/3-1.jpg?t=850856565 HTTP/1.1" 200 520364 "http://192.168.60.79/manager-page/home-3.php" "Mozilla/5.0 (Windows NT 10.0; Win64; x64) AppleWebKit/537.36 (KHTML, like Gecko) Chrome/142.0.0.0 Safari/537.36 Edg/142.0.0.0"
172.16.36.181 - - [12/Nov/2025:08:05:01 +0800] "GET /manager-page/home-3.php HTTP/1.1" 200 27479 "http://192.168.60.79/manager-page/home-2.php" "Mozilla/5.0 (Windows NT 10.0; Win64; x64) AppleWebKit/537.36 (KHTML, like Gecko) Chrome/142.0.0.0 Safari/537.36 Edg/142.0.0.0"
172.16.36.181 - - [12/Nov/2025:08:05:01 +0800] "GET /manager-page/api/snapshot.php?id=31 HTTP/1.1" 200 44849 "http://192.168.60.79/manager-page/home-3.php" "Mozilla/5.0 (Windows NT 10.0; Win64; x64) AppleWebKit/537.36 (KHTML, like Gecko) Chrome/142.0.0.0 Safari/537.36 Edg/142.0.0.0"
172.16.36.181 - - [12/Nov/2025:08:05:01 +0800] "GET /manager-page/api/snapshot.php?id=32 HTTP/1.1" 200 45993 "http://192.168.60.79/manager-page/home-3.php" "Mozilla/5.0 (Windows NT 10.0; Win64; x64) AppleWebKit/537.36 (KHTML, like Gecko) Chrome/142.0.0.0 Safari/537.36 Edg/142.0.0.0"
172.16.36.181 - - [12/Nov/2025:08:05:03 +0800] "GET /manager-page/api/lp-status3.php HTTP/1.1" 200 1 "http://192.168.60.79/manager-page/home-3.php" "Mozilla/5.0 (Windows NT 10.0; Win64; x64) AppleWebKit/537.36 (KHTML, like Gecko) Chrome/142.0.0.0 Safari/537.36 Edg/142.0.0.0"
172.16.36.181 - - [12/Nov/2025:08:05:03 +0800] "GET /manager-page/api/cms-status3.php HTTP/1.1" 200 12 "http://192.168.60.79/manager-page/home-3.php" "Mozilla/5.0 (Windows NT 10.0; Win64; x64) AppleWebKit/537.36 (KHTML, like Gecko) Chrome/142.0.0.0 Safari/537.36 Edg/142.0.0.0"
172.16.36.181 - - [12/Nov/2025:08:05:08 +0800] "GET /manager-page/alarm/4-1.jpg?t=1557413150 HTTP/1.1" 200 436474 "http://192.168.60.79/manager-page/home-4.php" "Mozilla/5.0 (Windows NT 10.0; Win64; x64) AppleWebKit/537.36 (KHTML, like Gecko) Chrome/142.0.0.0 Safari/537.36 Edg/142.0.0.0"
172.16.36.181 - - [12/Nov/2025:08:05:08 +0800] "GET /manager-page/alarm/4-2.jpg?t=510283578 HTTP/1.1" 200 543160 "http://192.168.60.79/manager-page/home-4.php" "Mozilla/5.0 (Windows NT 10.0; Win64; x64) AppleWebKit/537.36 (KHTML, like Gecko) Chrome/142.0.0.0 Safari/537.36 Edg/142.0.0.0"
172.16.36.181 - - [12/Nov/2025:08:05:08 +0800] "GET /manager-page/home-4.php HTTP/1.1" 200 27484 "http://192.168.60.79/manager-page/home-3.php" "Mozilla/5.0 (Windows NT 10.0; Win64; x64) AppleWebKit/537.36 (KHTML, like Gecko) Chrome/142.0.0.0 Safari/537.36 Edg/142.0.0.0"
172.16.36.181 - - [12/Nov/2025:08:05:08 +0800] "GET /manager-page/api/snapshot.php?id=42 HTTP/1.1" 500 - "http://192.168.60.79/manager-page/home-4.php" "Mozilla/5.0 (Windows NT 10.0; Win64; x64) AppleWebKit/537.36 (KHTML, like Gecko) Chrome/142.0.0.0 Safari/537.36 Edg/142.0.0.0"
172.16.36.181 - - [12/Nov/2025:08:05:08 +0800] "GET /manager-page/api/snapshot.php?id=41 HTTP/1.1" 500 - "http://192.168.60.79/manager-page/home-4.php" "Mozilla/5.0 (Windows NT 10.0; Win64; x64) AppleWebKit/537.36 (KHTML, like Gecko) Chrome/142.0.0.0 Safari/537.36 Edg/142.0.0.0"
172.16.36.181 - - [12/Nov/2025:08:05:14 +0800] "GET /manager-page/live/4-2.jpg HTTP/1.1" 200 48523 "http://192.168.60.79/manager-page/home-4.php" "Mozilla/5.0 (Windows NT 10.0; Win64; x64) AppleWebKit/537.36 (KHTML, like Gecko) Chrome/142.0.0.0 Safari/537.36 Edg/142.0.0.0"
172.16.36.181 - - [12/Nov/2025:08:05:14 +0800] "GET /manager-page/live/4-1.jpg HTTP/1.1" 200 47411 "http://192.168.60.79/manager-page/home-4.php" "Mozilla/5.0 (Windows NT 10.0; Win64; x64) AppleWebKit/537.36 (KHTML, like Gecko) Chrome/142.0.0.0 Safari/537.36 Edg/142.0.0.0"
172.16.36.181 - - [12/Nov/2025:08:05:14 +0800] "GET /manager-page/api/cms-status4.php HTTP/1.1" 200 12 "http://192.168.60.79/manager-page/home-4.php" "Mozilla/5.0 (Windows NT 10.0; Win64; x64) AppleWebKit/537.36 (KHTML, like Gecko) Chrome/142.0.0.0 Safari/537.36 Edg/142.0.0.0"
172.16.36.181 - - [12/Nov/2025:08:05:14 +0800] "GET /manager-page/api/lp-status4.php HTTP/1.1" 200 1 "http://192.168.60.79/manager-page/home-4.php" "Mozilla/5.0 (Windows NT 10.0; Win64; x64) AppleWebKit/537.36 (KHTML, like Gecko) Chrome/142.0.0.0 Safari/537.36 Edg/142.0.0.0"
172.16.36.181 - - [12/Nov/2025:08:05:19 +0800] "GET /manager-page/api/snapshot.php?id=41&t=0.7579258713471817 HTTP/1.1" 200 47567 "http://192.168.60.79/manager-page/home-4.php" "Mozilla/5.0 (Windows NT 10.0; Win64; x64) AppleWebKit/537.36 (KHTML, like Gecko) Chrome/142.0.0.0 Safari/537.36 Edg/142.0.0.0"
172.16.36.181 - - [12/Nov/2025:08:05:19 +0800] "GET /manager-page/api/snapshot.php?id=42&t=0.14749122040120244 HTTP/1.1" 200 48739 "http://192.168.60.79/manager-page/home-4.php" "Mozilla/5.0 (Windows NT 10.0; Win64; x64) AppleWebKit/537.36 (KHTML, like Gecko) Chrome/142.0.0.0 Safari/537.36 Edg/142.0.0.0"
172.16.36.181 - - [12/Nov/2025:08:05:24 +0800] "GET /manager-page/api/snapshot.php?id=42&t=0.3112178401770046 HTTP/1.1" 200 48684 "http://192.168.60.79/manager-page/home-4.php" "Mozilla/5.0 (Windows NT 10.0; Win64; x64) AppleWebKit/537.36 (KHTML, like Gecko) Chrome/142.0.0.0 Safari/537.36 Edg/142.0.0.0"
172.16.36.181 - - [12/Nov/2025:08:05:24 +0800] "GET /manager-page/api/snapshot.php?id=41&t=0.11262333163540461 HTTP/1.1" 200 47567 "http://192.168.60.79/manager-page/home-4.php" "Mozilla/5.0 (Windows NT 10.0; Win64; x64) AppleWebKit/537.36 (KHTML, like Gecko) Chrome/142.0.0.0 Safari/537.36 Edg/142.0.0.0"
172.16.36.181 - - [12/Nov/2025:08:05:26 +0800] "GET /manager-page/alarm/1-2.jpg?t=139161069 HTTP/1.1" 200 495492 "http://192.168.60.79/manager-page/home-1.php" "Mozilla/5.0 (Windows NT 10.0; Win64; x64) AppleWebKit/537.36 (KHTML, like Gecko) Chrome/142.0.0.0 Safari/537.36 Edg/142.0.0.0"
172.16.36.181 - - [12/Nov/2025:08:05:26 +0800] "GET /manager-page/alarm/1-1.jpg?t=1918442786 HTTP/1.1" 200 322868 "http://192.168.60.79/manager-page/home-1.php" "Mozilla/5.0 (Windows NT 10.0; Win64; x64) AppleWebKit/537.36 (KHTML, like Gecko) Chrome/142.0.0.0 Safari/537.36 Edg/142.0.0.0"
172.16.36.181 - - [12/Nov/2025:08:05:25 +0800] "GET /manager-page/home-1.php HTTP/1.1" 200 27468 "http://192.168.60.79/manager-page/home-4.php" "Mozilla/5.0 (Windows NT 10.0; Win64; x64) AppleWebKit/537.36 (KHTML, like Gecko) Chrome/142.0.0.0 Safari/537.36 Edg/142.0.0.0"
172.16.36.181 - - [12/Nov/2025:08:05:26 +0800] "GET /manager-page/api/snapshot.php?id=11 HTTP/1.1" 500 - "http://192.168.60.79/manager-page/home-1.php" "Mozilla/5.0 (Windows NT 10.0; Win64; x64) AppleWebKit/537.36 (KHTML, like Gecko) Chrome/142.0.0.0 Safari/537.36 Edg/142.0.0.0"
172.16.36.181 - - [12/Nov/2025:08:05:26 +0800] "GET /manager-page/api/snapshot.php?id=12 HTTP/1.1" 500 - "http://192.168.60.79/manager-page/home-1.php" "Mozilla/5.0 (Windows NT 10.0; Win64; x64) AppleWebKit/537.36 (KHTML, like Gecko) Chrome/142.0.0.0 Safari/537.36 Edg/142.0.0.0"
172.16.36.181 - - [12/Nov/2025:08:05:32 +0800] "GET /manager-page/live/1-2.jpg HTTP/1.1" 200 42063 "http://192.168.60.79/manager-page/home-1.php" "Mozilla/5.0 (Windows NT 10.0; Win64; x64) AppleWebKit/537.36 (KHTML, like Gecko) Chrome/142.0.0.0 Safari/537.36 Edg/142.0.0.0"
172.16.36.181 - - [12/Nov/2025:08:05:32 +0800] "GET /manager-page/live/1-1.jpg HTTP/1.1" 200 42295 "http://192.168.60.79/manager-page/home-1.php" "Mozilla/5.0 (Windows NT 10.0; Win64; x64) AppleWebKit/537.36 (KHTML, like Gecko) Chrome/142.0.0.0 Safari/537.36 Edg/142.0.0.0"
172.16.36.181 - - [12/Nov/2025:08:05:32 +0800] "GET /manager-page/api/lp-status1.php HTTP/1.1" 200 1 "http://192.168.60.79/manager-page/home-1.php" "Mozilla/5.0 (Windows NT 10.0; Win64; x64) AppleWebKit/537.36 (KHTML, like Gecko) Chrome/142.0.0.0 Safari/537.36 Edg/142.0.0.0"
172.16.36.181 - - [12/Nov/2025:08:05:32 +0800] "GET /manager-page/api/cms-status1.php HTTP/1.1" 200 12 "http://192.168.60.79/manager-page/home-1.php" "Mozilla/5.0 (Windows NT 10.0; Win64; x64) AppleWebKit/537.36 (KHTML, like Gecko) Chrome/142.0.0.0 Safari/537.36 Edg/142.0.0.0"
172.16.36.181 - - [12/Nov/2025:08:05:38 +0800] "GET /manager-page/api/snapshot.php?id=11&t=0.3960855766161382 HTTP/1.1" 200 41872 "http://192.168.60.79/manager-page/home-1.php" "Mozilla/5.0 (Windows NT 10.0; Win64; x64) AppleWebKit/537.36 (KHTML, like Gecko) Chrome/142.0.0.0 Safari/537.36 Edg/142.0.0.0"
172.16.36.181 - - [12/Nov/2025:08:05:38 +0800] "GET /manager-page/api/snapshot.php?id=12&t=0.5553804577342509 HTTP/1.1" 200 42050 "http://192.168.60.79/manager-page/home-1.php" "Mozilla/5.0 (Windows NT 10.0; Win64; x64) AppleWebKit/537.36 (KHTML, like Gecko) Chrome/142.0.0.0 Safari/537.36 Edg/142.0.0.0"
172.16.36.181 - - [12/Nov/2025:08:05:43 +0800] "GET /manager-page/api/snapshot.php?id=11&t=0.6136844709156846 HTTP/1.1" 200 41589 "http://192.168.60.79/manager-page/home-1.php" "Mozilla/5.0 (Windows NT 10.0; Win64; x64) AppleWebKit/537.36 (KHTML, like Gecko) Chrome/142.0.0.0 Safari/537.36 Edg/142.0.0.0"
172.16.36.181 - - [12/Nov/2025:08:05:43 +0800] "GET /manager-page/api/snapshot.php?id=12&t=0.7784147059740228 HTTP/1.1" 200 41971 "http://192.168.60.79/manager-page/home-1.php" "Mozilla/5.0 (Windows NT 10.0; Win64; x64) AppleWebKit/537.36 (KHTML, like Gecko) Chrome/142.0.0.0 Safari/537.36 Edg/142.0.0.0"
172.16.36.181 - - [12/Nov/2025:08:05:48 +0800] "GET /manager-page/api/snapshot.php?id=12&t=0.4080994413589196 HTTP/1.1" 200 41990 "http://192.168.60.79/manager-page/home-1.php" "Mozilla/5.0 (Windows NT 10.0; Win64; x64) AppleWebKit/537.36 (KHTML, like Gecko) Chrome/142.0.0.0 Safari/537.36 Edg/142.0.0.0"
172.16.36.181 - - [12/Nov/2025:08:05:48 +0800] "GET /manager-page/api/snapshot.php?id=11&t=0.5709945896830801 HTTP/1.1" 200 41712 "http://192.168.60.79/manager-page/home-1.php" "Mozilla/5.0 (Windows NT 10.0; Win64; x64) AppleWebKit/537.36 (KHTML, like Gecko) Chrome/142.0.0.0 Safari/537.36 Edg/142.0.0.0"
172.16.36.181 - - [12/Nov/2025:08:05:53 +0800] "GET /manager-page/api/snapshot.php?id=11&t=0.09394775440352354 HTTP/1.1" 200 41628 "http://192.168.60.79/manager-page/home-1.php" "Mozilla/5.0 (Windows NT 10.0; Win64; x64) AppleWebKit/537.36 (KHTML, like Gecko) Chrome/142.0.0.0 Safari/537.36 Edg/142.0.0.0"
172.16.36.181 - - [12/Nov/2025:08:05:53 +0800] "GET /manager-page/api/snapshot.php?id=12&t=0.2769590870360895 HTTP/1.1" 200 41978 "http://192.168.60.79/manager-page/home-1.php" "Mozilla/5.0 (Windows NT 10.0; Win64; x64) AppleWebKit/537.36 (KHTML, like Gecko) Chrome/142.0.0.0 Safari/537.36 Edg/142.0.0.0"
172.16.36.181 - - [12/Nov/2025:08:05:58 +0800] "GET /manager-page/api/snapshot.php?id=11&t=0.2615131270587693 HTTP/1.1" 200 41654 "http://192.168.60.79/manager-page/home-1.php" "Mozilla/5.0 (Windows NT 10.0; Win64; x64) AppleWebKit/537.36 (KHTML, like Gecko) Chrome/142.0.0.0 Safari/537.36 Edg/142.0.0.0"
172.16.36.181 - - [12/Nov/2025:08:05:58 +0800] "GET /manager-page/api/snapshot.php?id=12&t=0.23786404400179773 HTTP/1.1" 200 42071 "http://192.168.60.79/manager-page/home-1.php" "Mozilla/5.0 (Windows NT 10.0; Win64; x64) AppleWebKit/537.36 (KHTML, like Gecko) Chrome/142.0.0.0 Safari/537.36 Edg/142.0.0.0"
172.16.36.181 - - [12/Nov/2025:08:06:03 +0800] "GET /manager-page/api/snapshot.php?id=11&t=0.5250534976366249 HTTP/1.1" 200 41748 "http://192.168.60.79/manager-page/home-1.php" "Mozilla/5.0 (Windows NT 10.0; Win64; x64) AppleWebKit/537.36 (KHTML, like Gecko) Chrome/142.0.0.0 Safari/537.36 Edg/142.0.0.0"
172.16.36.181 - - [12/Nov/2025:08:06:03 +0800] "GET /manager-page/api/snapshot.php?id=12&t=0.21326870288946498 HTTP/1.1" 200 42157 "http://192.168.60.79/manager-page/home-1.php" "Mozilla/5.0 (Windows NT 10.0; Win64; x64) AppleWebKit/537.36 (KHTML, like Gecko) Chrome/142.0.0.0 Safari/537.36 Edg/142.0.0.0"
172.16.36.181 - - [12/Nov/2025:08:06:08 +0800] "GET /manager-page/api/snapshot.php?id=12&t=0.612868337752869 HTTP/1.1" 200 42049 "http://192.168.60.79/manager-page/home-1.php" "Mozilla/5.0 (Windows NT 10.0; Win64; x64) AppleWebKit/537.36 (KHTML, like Gecko) Chrome/142.0.0.0 Safari/537.36 Edg/142.0.0.0"
172.16.36.181 - - [12/Nov/2025:08:06:08 +0800] "GET /manager-page/api/snapshot.php?id=11&t=0.5930159274696281 HTTP/1.1" 200 41736 "http://192.168.60.79/manager-page/home-1.php" "Mozilla/5.0 (Windows NT 10.0; Win64; x64) AppleWebKit/537.36 (KHTML, like Gecko) Chrome/142.0.0.0 Safari/537.36 Edg/142.0.0.0"
172.16.36.181 - - [12/Nov/2025:08:06:13 +0800] "GET /manager-page/api/snapshot.php?id=12&t=0.7395510244591131 HTTP/1.1" 200 42102 "http://192.168.60.79/manager-page/home-1.php" "Mozilla/5.0 (Windows NT 10.0; Win64; x64) AppleWebKit/537.36 (KHTML, like Gecko) Chrome/142.0.0.0 Safari/537.36 Edg/142.0.0.0"
172.16.36.181 - - [12/Nov/2025:08:06:13 +0800] "GET /manager-page/api/snapshot.php?id=11&t=0.5091086074241998 HTTP/1.1" 200 41902 "http://192.168.60.79/manager-page/home-1.php" "Mozilla/5.0 (Windows NT 10.0; Win64; x64) AppleWebKit/537.36 (KHTML, like Gecko) Chrome/142.0.0.0 Safari/537.36 Edg/142.0.0.0"
172.16.36.181 - - [12/Nov/2025:08:06:18 +0800] "GET /manager-page/api/snapshot.php?id=12&t=0.7158704308518135 HTTP/1.1" 200 42215 "http://192.168.60.79/manager-page/home-1.php" "Mozilla/5.0 (Windows NT 10.0; Win64; x64) AppleWebKit/537.36 (KHTML, like Gecko) Chrome/142.0.0.0 Safari/537.36 Edg/142.0.0.0"
172.16.36.181 - - [12/Nov/2025:08:06:18 +0800] "GET /manager-page/api/snapshot.php?id=11&t=0.3995261607933662 HTTP/1.1" 200 41873 "http://192.168.60.79/manager-page/home-1.php" "Mozilla/5.0 (Windows NT 10.0; Win64; x64) AppleWebKit/537.36 (KHTML, like Gecko) Chrome/142.0.0.0 Safari/537.36 Edg/142.0.0.0"
111.70.30.252 - - [12/Nov/2025:08:06:19 +0800] "POST /robot/lora-in.php HTTP/1.1" 200 - "-" "python-requests/2.21.0"
172.16.36.181 - - [12/Nov/2025:08:06:23 +0800] "GET /manager-page/api/snapshot.php?id=12&t=0.005953048563511754 HTTP/1.1" 200 42243 "http://192.168.60.79/manager-page/home-1.php" "Mozilla/5.0 (Windows NT 10.0; Win64; x64) AppleWebKit/537.36 (KHTML, like Gecko) Chrome/142.0.0.0 Safari/537.36 Edg/142.0.0.0"
172.16.36.181 - - [12/Nov/2025:08:06:23 +0800] "GET /manager-page/api/snapshot.php?id=11&t=0.48716994267911395 HTTP/1.1" 200 42209 "http://192.168.60.79/manager-page/home-1.php" "Mozilla/5.0 (Windows NT 10.0; Win64; x64) AppleWebKit/537.36 (KHTML, like Gecko) Chrome/142.0.0.0 Safari/537.36 Edg/142.0.0.0"
172.16.36.181 - - [12/Nov/2025:08:06:28 +0800] "GET /manager-page/api/snapshot.php?id=11&t=0.7132731432359929 HTTP/1.1" 200 42207 "http://192.168.60.79/manager-page/home-1.php" "Mozilla/5.0 (Windows NT 10.0; Win64; x64) AppleWebKit/537.36 (KHTML, like Gecko) Chrome/142.0.0.0 Safari/537.36 Edg/142.0.0.0"
172.16.36.181 - - [12/Nov/2025:08:06:28 +0800] "GET /manager-page/api/snapshot.php?id=12&t=0.32614718581504865 HTTP/1.1" 200 42217 "http://192.168.60.79/manager-page/home-1.php" "Mozilla/5.0 (Windows NT 10.0; Win64; x64) AppleWebKit/537.36 (KHTML, like Gecko) Chrome/142.0.0.0 Safari/537.36 Edg/142.0.0.0"
172.16.36.181 - - [12/Nov/2025:08:06:33 +0800] "GET /manager-page/api/snapshot.php?id=12&t=0.8423865944507063 HTTP/1.1" 200 42256 "http://192.168.60.79/manager-page/home-1.php" "Mozilla/5.0 (Windows NT 10.0; Win64; x64) AppleWebKit/537.36 (KHTML, like Gecko) Chrome/142.0.0.0 Safari/537.36 Edg/142.0.0.0"
172.16.36.181 - - [12/Nov/2025:08:06:33 +0800] "GET /manager-page/api/snapshot.php?id=11&t=0.4071092074142202 HTTP/1.1" 200 42330 "http://192.168.60.79/manager-page/home-1.php" "Mozilla/5.0 (Windows NT 10.0; Win64; x64) AppleWebKit/537.36 (KHTML, like Gecko) Chrome/142.0.0.0 Safari/537.36 Edg/142.0.0.0"
172.16.36.181 - - [12/Nov/2025:08:06:40 +0800] "GET /manager-page/api/snapshot.php?id=12&t=0.9244515693696297 HTTP/1.1" 200 41623 "http://192.168.60.79/manager-page/home-1.php" "Mozilla/5.0 (Windows NT 10.0; Win64; x64) AppleWebKit/537.36 (KHTML, like Gecko) Chrome/142.0.0.0 Safari/537.36 Edg/142.0.0.0"
172.16.36.181 - - [12/Nov/2025:08:06:40 +0800] "GET /manager-page/api/snapshot.php?id=11&t=0.9359238520373878 HTTP/1.1" 200 42038 "http://192.168.60.79/manager-page/home-1.php" "Mozilla/5.0 (Windows NT 10.0; Win64; x64) AppleWebKit/537.36 (KHTML, like Gecko) Chrome/142.0.0.0 Safari/537.36 Edg/142.0.0.0"
111.70.30.253 - - [12/Nov/2025:08:07:19 +0800] "POST /robot/lora-in.php HTTP/1.1" 200 - "-" "python-requests/2.21.0"
111.70.30.250 - - [12/Nov/2025:08:07:30 +0800] "POST /robot/lora-in.php HTTP/1.1" 200 - "-" "python-requests/2.21.0"
172.16.36.181 - - [12/Nov/2025:08:07:40 +0800] "GET /manager-page/api/snapshot.php?id=12&t=0.473081771732328 HTTP/1.1" 200 41978 "http://192.168.60.79/manager-page/home-1.php" "Mozilla/5.0 (Windows NT 10.0; Win64; x64) AppleWebKit/537.36 (KHTML, like Gecko) Chrome/142.0.0.0 Safari/537.36 Edg/142.0.0.0"
172.16.36.181 - - [12/Nov/2025:08:07:40 +0800] "GET /manager-page/api/snapshot.php?id=11&t=0.11433459746585994 HTTP/1.1" 200 41971 "http://192.168.60.79/manager-page/home-1.php" "Mozilla/5.0 (Windows NT 10.0; Win64; x64) AppleWebKit/537.36 (KHTML, like Gecko) Chrome/142.0.0.0 Safari/537.36 Edg/142.0.0.0"
172.16.36.181 - - [12/Nov/2025:08:08:40 +0800] "GET /manager-page/api/snapshot.php?id=11&t=0.1852996699473517 HTTP/1.1" 200 41916 "http://192.168.60.79/manager-page/home-1.php" "Mozilla/5.0 (Windows NT 10.0; Win64; x64) AppleWebKit/537.36 (KHTML, like Gecko) Chrome/142.0.0.0 Safari/537.36 Edg/142.0.0.0"
172.16.36.181 - - [12/Nov/2025:08:08:40 +0800] "GET /manager-page/api/snapshot.php?id=12&t=0.942066985821455 HTTP/1.1" 200 41793 "http://192.168.60.79/manager-page/home-1.php" "Mozilla/5.0 (Windows NT 10.0; Win64; x64) AppleWebKit/537.36 (KHTML, like Gecko) Chrome/142.0.0.0 Safari/537.36 Edg/142.0.0.0"
172.16.36.181 - - [12/Nov/2025:08:09:40 +0800] "GET /manager-page/api/snapshot.php?id=12&t=0.9642865114681322 HTTP/1.1" 200 41613 "http://192.168.60.79/manager-page/home-1.php" "Mozilla/5.0 (Windows NT 10.0; Win64; x64) AppleWebKit/537.36 (KHTML, like Gecko) Chrome/142.0.0.0 Safari/537.36 Edg/142.0.0.0"
172.16.36.181 - - [12/Nov/2025:08:09:40 +0800] "GET /manager-page/api/snapshot.php?id=11&t=0.5495211272091494 HTTP/1.1" 200 42081 "http://192.168.60.79/manager-page/home-1.php" "Mozilla/5.0 (Windows NT 10.0; Win64; x64) AppleWebKit/537.36 (KHTML, like Gecko) Chrome/142.0.0.0 Safari/537.36 Edg/142.0.0.0"
172.16.36.181 - - [12/Nov/2025:08:10:40 +0800] "GET /manager-page/api/snapshot.php?id=11&t=0.09254889831825908 HTTP/1.1" 200 41790 "http://192.168.60.79/manager-page/home-1.php" "Mozilla/5.0 (Windows NT 10.0; Win64; x64) AppleWebKit/537.36 (KHTML, like Gecko) Chrome/142.0.0.0 Safari/537.36 Edg/142.0.0.0"
172.16.36.181 - - [12/Nov/2025:08:10:40 +0800] "GET /manager-page/api/snapshot.php?id=12&t=0.33120652550803753 HTTP/1.1" 200 41673 "http://192.168.60.79/manager-page/home-1.php" "Mozilla/5.0 (Windows NT 10.0; Win64; x64) AppleWebKit/537.36 (KHTML, like Gecko) Chrome/142.0.0.0 Safari/537.36 Edg/142.0.0.0"
111.70.30.251 - - [12/Nov/2025:08:11:24 +0800] "POST /robot/lora-in.php HTTP/1.1" 200 - "-" "python-requests/2.21.0"
172.16.36.181 - - [12/Nov/2025:08:11:40 +0800] "GET /manager-page/api/snapshot.php?id=12&t=0.4742569169342238 HTTP/1.1" 200 41635 "http://192.168.60.79/manager-page/home-1.php" "Mozilla/5.0 (Windows NT 10.0; Win64; x64) AppleWebKit/537.36 (KHTML, like Gecko) Chrome/142.0.0.0 Safari/537.36 Edg/142.0.0.0"
172.16.36.181 - - [12/Nov/2025:08:11:40 +0800] "GET /manager-page/api/snapshot.php?id=11&t=0.451907538242583 HTTP/1.1" 200 41640 "http://192.168.60.79/manager-page/home-1.php" "Mozilla/5.0 (Windows NT 10.0; Win64; x64) AppleWebKit/537.36 (KHTML, like Gecko) Chrome/142.0.0.0 Safari/537.36 Edg/142.0.0.0"
172.16.36.181 - - [12/Nov/2025:08:12:40 +0800] "GET /manager-page/api/snapshot.php?id=12&t=0.7209082470184099 HTTP/1.1" 200 41093 "http://192.168.60.79/manager-page/home-1.php" "Mozilla/5.0 (Windows NT 10.0; Win64; x64) AppleWebKit/537.36 (KHTML, like Gecko) Chrome/142.0.0.0 Safari/537.36 Edg/142.0.0.0"
172.16.36.181 - - [12/Nov/2025:08:12:40 +0800] "GET /manager-page/api/snapshot.php?id=11&t=0.4445151663738567 HTTP/1.1" 200 41822 "http://192.168.60.79/manager-page/home-1.php" "Mozilla/5.0 (Windows NT 10.0; Win64; x64) AppleWebKit/537.36 (KHTML, like Gecko) Chrome/142.0.0.0 Safari/537.36 Edg/142.0.0.0"
172.16.36.181 - - [12/Nov/2025:08:13:40 +0800] "GET /manager-page/api/snapshot.php?id=11&t=0.17331348596950713 HTTP/1.1" 200 41540 "http://192.168.60.79/manager-page/home-1.php" "Mozilla/5.0 (Windows NT 10.0; Win64; x64) AppleWebKit/537.36 (KHTML, like Gecko) Chrome/142.0.0.0 Safari/537.36 Edg/142.0.0.0"
172.16.36.181 - - [12/Nov/2025:08:13:40 +0800] "GET /manager-page/api/snapshot.php?id=12&t=0.4370160080492925 HTTP/1.1" 200 41059 "http://192.168.60.79/manager-page/home-1.php" "Mozilla/5.0 (Windows NT 10.0; Win64; x64) AppleWebKit/537.36 (KHTML, like Gecko) Chrome/142.0.0.0 Safari/537.36 Edg/142.0.0.0"
172.16.36.181 - - [12/Nov/2025:08:14:40 +0800] "GET /manager-page/api/snapshot.php?id=12&t=0.13425164541412693 HTTP/1.1" 200 41502 "http://192.168.60.79/manager-page/home-1.php" "Mozilla/5.0 (Windows NT 10.0; Win64; x64) AppleWebKit/537.36 (KHTML, like Gecko) Chrome/142.0.0.0 Safari/537.36 Edg/142.0.0.0"
172.16.36.181 - - [12/Nov/2025:08:14:40 +0800] "GET /manager-page/api/snapshot.php?id=11&t=0.12695710512049085 HTTP/1.1" 200 41466 "http://192.168.60.79/manager-page/home-1.php" "Mozilla/5.0 (Windows NT 10.0; Win64; x64) AppleWebKit/537.36 (KHTML, like Gecko) Chrome/142.0.0.0 Safari/537.36 Edg/142.0.0.0"
111.70.30.252 - - [12/Nov/2025:08:15:31 +0800] "POST /robot/lora-in.php HTTP/1.1" 200 - "-" "python-requests/2.21.0"
172.16.36.181 - - [12/Nov/2025:08:15:40 +0800] "GET /manager-page/api/snapshot.php?id=11&t=0.46578722721420407 HTTP/1.1" 200 41239 "http://192.168.60.79/manager-page/home-1.php" "Mozilla/5.0 (Windows NT 10.0; Win64; x64) AppleWebKit/537.36 (KHTML, like Gecko) Chrome/142.0.0.0 Safari/537.36 Edg/142.0.0.0"
172.16.36.181 - - [12/Nov/2025:08:15:40 +0800] "GET /manager-page/api/snapshot.php?id=12&t=0.0015110173274607286 HTTP/1.1" 200 41131 "http://192.168.60.79/manager-page/home-1.php" "Mozilla/5.0 (Windows NT 10.0; Win64; x64) AppleWebKit/537.36 (KHTML, like Gecko) Chrome/142.0.0.0 Safari/537.36 Edg/142.0.0.0"
111.70.30.253 - - [12/Nov/2025:08:16:04 +0800] "POST /robot/lora-in.php HTTP/1.1" 200 - "-" "python-requests/2.21.0"
172.16.36.181 - - [12/Nov/2025:08:16:40 +0800] "GET /manager-page/api/snapshot.php?id=11&t=0.9220484026404054 HTTP/1.1" 200 41175 "http://192.168.60.79/manager-page/home-1.php" "Mozilla/5.0 (Windows NT 10.0; Win64; x64) AppleWebKit/537.36 (KHTML, like Gecko) Chrome/142.0.0.0 Safari/537.36 Edg/142.0.0.0"
172.16.36.181 - - [12/Nov/2025:08:16:40 +0800] "GET /manager-page/api/snapshot.php?id=12&t=0.9640005950942881 HTTP/1.1" 200 41674 "http://192.168.60.79/manager-page/home-1.php" "Mozilla/5.0 (Windows NT 10.0; Win64; x64) AppleWebKit/537.36 (KHTML, like Gecko) Chrome/142.0.0.0 Safari/537.36 Edg/142.0.0.0"
172.16.36.181 - - [12/Nov/2025:08:17:40 +0800] "GET /manager-page/api/snapshot.php?id=12&t=0.6528994800649566 HTTP/1.1" 200 41473 "http://192.168.60.79/manager-page/home-1.php" "Mozilla/5.0 (Windows NT 10.0; Win64; x64) AppleWebKit/537.36 (KHTML, like Gecko) Chrome/142.0.0.0 Safari/537.36 Edg/142.0.0.0"
172.16.36.181 - - [12/Nov/2025:08:17:40 +0800] "GET /manager-page/api/snapshot.php?id=11&t=0.6126523642254207 HTTP/1.1" 200 41376 "http://192.168.60.79/manager-page/home-1.php" "Mozilla/5.0 (Windows NT 10.0; Win64; x64) AppleWebKit/537.36 (KHTML, like Gecko) Chrome/142.0.0.0 Safari/537.36 Edg/142.0.0.0"
172.16.36.181 - - [12/Nov/2025:08:18:40 +0800] "GET /manager-page/api/snapshot.php?id=11&t=0.5796268803839133 HTTP/1.1" 200 41248 "http://192.168.60.79/manager-page/home-1.php" "Mozilla/5.0 (Windows NT 10.0; Win64; x64) AppleWebKit/537.36 (KHTML, like Gecko) Chrome/142.0.0.0 Safari/537.36 Edg/142.0.0.0"
172.16.36.181 - - [12/Nov/2025:08:18:40 +0800] "GET /manager-page/api/snapshot.php?id=12&t=0.899379352798227 HTTP/1.1" 200 41590 "http://192.168.60.79/manager-page/home-1.php" "Mozilla/5.0 (Windows NT 10.0; Win64; x64) AppleWebKit/537.36 (KHTML, like Gecko) Chrome/142.0.0.0 Safari/537.36 Edg/142.0.0.0"
172.16.36.181 - - [12/Nov/2025:08:19:40 +0800] "GET /manager-page/api/snapshot.php?id=12&t=0.5345761152051194 HTTP/1.1" 200 41608 "http://192.168.60.79/manager-page/home-1.php" "Mozilla/5.0 (Windows NT 10.0; Win64; x64) AppleWebKit/537.36 (KHTML, like Gecko) Chrome/142.0.0.0 Safari/537.36 Edg/142.0.0.0"
172.16.36.181 - - [12/Nov/2025:08:19:40 +0800] "GET /manager-page/api/snapshot.php?id=11&t=0.08165876880317435 HTTP/1.1" 200 41417 "http://192.168.60.79/manager-page/home-1.php" "Mozilla/5.0 (Windows NT 10.0; Win64; x64) AppleWebKit/537.36 (KHTML, like Gecko) Chrome/142.0.0.0 Safari/537.36 Edg/142.0.0.0"
111.70.30.251 - - [12/Nov/2025:08:20:00 +0800] "POST /robot/lora-in.php HTTP/1.1" 200 - "-" "python-requests/2.21.0"
172.16.36.181 - - [12/Nov/2025:08:21:01 +0800] "GET /manager-page/live/1-2.jpg HTTP/1.1" 304 - "http://192.168.60.79/manager-page/home-1.php" "Mozilla/5.0 (Windows NT 10.0; Win64; x64) AppleWebKit/537.36 (KHTML, like Gecko) Chrome/142.0.0.0 Safari/537.36 Edg/142.0.0.0"
172.16.36.181 - - [12/Nov/2025:08:21:01 +0800] "GET /manager-page/live/1-1.jpg HTTP/1.1" 304 - "http://192.168.60.79/manager-page/home-1.php" "Mozilla/5.0 (Windows NT 10.0; Win64; x64) AppleWebKit/537.36 (KHTML, like Gecko) Chrome/142.0.0.0 Safari/537.36 Edg/142.0.0.0"
172.16.36.181 - - [12/Nov/2025:08:21:40 +0800] "GET /manager-page/api/snapshot.php?id=12&t=0.8712257655529165 HTTP/1.1" 200 41741 "http://192.168.60.79/manager-page/home-1.php" "Mozilla/5.0 (Windows NT 10.0; Win64; x64) AppleWebKit/537.36 (KHTML, like Gecko) Chrome/142.0.0.0 Safari/537.36 Edg/142.0.0.0"
172.16.36.181 - - [12/Nov/2025:08:21:40 +0800] "GET /manager-page/api/snapshot.php?id=11&t=0.8552124369304418 HTTP/1.1" 200 41424 "http://192.168.60.79/manager-page/home-1.php" "Mozilla/5.0 (Windows NT 10.0; Win64; x64) AppleWebKit/537.36 (KHTML, like Gecko) Chrome/142.0.0.0 Safari/537.36 Edg/142.0.0.0"
127.0.0.1 - - [12/Nov/2025:08:22:04 +0800] "POST /robot/et-7026-in.php HTTP/1.1" 200 - "-" "python-requests/2.32.2"
127.0.0.1 - - [12/Nov/2025:08:22:04 +0800] "POST /robot/et-7026-in.php HTTP/1.1" 200 - "-" "python-requests/2.32.2"
127.0.0.1 - - [12/Nov/2025:08:22:05 +0800] "POST /robot/et-7026-in.php HTTP/1.1" 200 - "-" "python-requests/2.32.2"
127.0.0.1 - - [12/Nov/2025:08:22:05 +0800] "POST /robot/et-7026-in.php HTTP/1.1" 200 - "-" "python-requests/2.32.2"
127.0.0.1 - - [12/Nov/2025:08:22:13 +0800] "GET /get-setting.json HTTP/1.1" 200 2314 "-" "python-requests/2.31.0"
127.0.0.1 - - [12/Nov/2025:08:22:23 +0800] "POST /robot/lora-in.php HTTP/1.1" 200 - "-" "python-requests/2.31.0"
127.0.0.1 - - [12/Nov/2025:08:22:31 +0800] "POST /robot/lora-in.php HTTP/1.1" 200 - "-" "python-requests/2.31.0"
127.0.0.1 - - [12/Nov/2025:08:22:39 +0800] "POST /robot/lora-in.php HTTP/1.1" 200 - "-" "python-requests/2.31.0"
172.16.36.181 - - [12/Nov/2025:08:22:40 +0800] "GET /manager-page/api/snapshot.php?id=12&t=0.5965191784362851 HTTP/1.1" 200 42006 "http://192.168.60.79/manager-page/home-1.php" "Mozilla/5.0 (Windows NT 10.0; Win64; x64) AppleWebKit/537.36 (KHTML, like Gecko) Chrome/142.0.0.0 Safari/537.36 Edg/142.0.0.0"
172.16.36.181 - - [12/Nov/2025:08:22:40 +0800] "GET /manager-page/api/snapshot.php?id=11&t=0.7923105727882832 HTTP/1.1" 200 42798 "http://192.168.60.79/manager-page/home-1.php" "Mozilla/5.0 (Windows NT 10.0; Win64; x64) AppleWebKit/537.36 (KHTML, like Gecko) Chrome/142.0.0.0 Safari/537.36 Edg/142.0.0.0"
127.0.0.1 - - [12/Nov/2025:08:22:48 +0800] "POST /robot/lora-in.php HTTP/1.1" 200 - "-" "python-requests/2.31.0"
127.0.0.1 - - [12/Nov/2025:08:22:57 +0800] "POST /robot/lora-in.php HTTP/1.1" 200 - "-" "python-requests/2.31.0"
127.0.0.1 - - [12/Nov/2025:08:23:00 +0800] "GET /robot/alarm-history-in.php HTTP/1.1" 200 - "-" "python-requests/2.28.1"
127.0.0.1 - - [12/Nov/2025:08:23:05 +0800] "POST /robot/lora-in.php HTTP/1.1" 200 - "-" "python-requests/2.31.0"
127.0.0.1 - - [12/Nov/2025:08:23:12 +0800] "POST /robot/lora-in.php HTTP/1.1" 200 - "-" "python-requests/2.31.0"
172.16.36.181 - - [12/Nov/2025:08:23:40 +0800] "GET /manager-page/api/snapshot.php?id=12&t=0.18230828167625202 HTTP/1.1" 200 41923 "http://192.168.60.79/manager-page/home-1.php" "Mozilla/5.0 (Windows NT 10.0; Win64; x64) AppleWebKit/537.36 (KHTML, like Gecko) Chrome/142.0.0.0 Safari/537.36 Edg/142.0.0.0"
172.16.36.181 - - [12/Nov/2025:08:23:40 +0800] "GET /manager-page/api/snapshot.php?id=11&t=0.014976777929484708 HTTP/1.1" 200 41828 "http://192.168.60.79/manager-page/home-1.php" "Mozilla/5.0 (Windows NT 10.0; Win64; x64) AppleWebKit/537.36 (KHTML, like Gecko) Chrome/142.0.0.0 Safari/537.36 Edg/142.0.0.0"
127.0.0.1 - - [12/Nov/2025:08:24:00 +0800] "GET /robot/alarm-history-in.php HTTP/1.1" 200 - "-" "python-requests/2.28.1"
111.70.30.250 - - [12/Nov/2025:08:24:38 +0800] "POST /robot/lora-in.php HTTP/1.1" 200 - "-" "python-requests/2.21.0"
172.16.36.181 - - [12/Nov/2025:08:24:40 +0800] "GET /manager-page/api/snapshot.php?id=12&t=0.005999928674540689 HTTP/1.1" 200 41787 "http://192.168.60.79/manager-page/home-1.php" "Mozilla/5.0 (Windows NT 10.0; Win64; x64) AppleWebKit/537.36 (KHTML, like Gecko) Chrome/142.0.0.0 Safari/537.36 Edg/142.0.0.0"
172.16.36.181 - - [12/Nov/2025:08:24:40 +0800] "GET /manager-page/api/snapshot.php?id=11&t=0.1389968464702589 HTTP/1.1" 200 41738 "http://192.168.60.79/manager-page/home-1.php" "Mozilla/5.0 (Windows NT 10.0; Win64; x64) AppleWebKit/537.36 (KHTML, like Gecko) Chrome/142.0.0.0 Safari/537.36 Edg/142.0.0.0"
111.70.30.252 - - [12/Nov/2025:08:24:44 +0800] "POST /robot/lora-in.php HTTP/1.1" 200 - "-" "python-requests/2.21.0"
111.70.30.253 - - [12/Nov/2025:08:24:49 +0800] "POST /robot/lora-in.php HTTP/1.1" 200 - "-" "python-requests/2.21.0"
127.0.0.1 - - [12/Nov/2025:08:25:00 +0800] "GET /robot/alarm-history-in.php HTTP/1.1" 200 - "-" "python-requests/2.28.1"
172.16.36.181 - - [12/Nov/2025:08:25:40 +0800] "GET /manager-page/api/snapshot.php?id=11&t=0.8427456569084404 HTTP/1.1" 200 42021 "http://192.168.60.79/manager-page/home-1.php" "Mozilla/5.0 (Windows NT 10.0; Win64; x64) AppleWebKit/537.36 (KHTML, like Gecko) Chrome/142.0.0.0 Safari/537.36 Edg/142.0.0.0"
172.16.36.181 - - [12/Nov/2025:08:25:40 +0800] "GET /manager-page/api/snapshot.php?id=12&t=0.45159467623052496 HTTP/1.1" 200 41459 "http://192.168.60.79/manager-page/home-1.php" "Mozilla/5.0 (Windows NT 10.0; Win64; x64) AppleWebKit/537.36 (KHTML, like Gecko) Chrome/142.0.0.0 Safari/537.36 Edg/142.0.0.0"
127.0.0.1 - - [12/Nov/2025:08:26:00 +0800] "GET /robot/alarm-history-in.php HTTP/1.1" 200 - "-" "python-requests/2.28.1"
