127.0.0.1 - - [16/Dec/2025:08:00:00 +0800] "GET /robot/alarm-history-in.php HTTP/1.1" 200 - "-" "python-requests/2.28.1"
127.0.0.1 - - [16/Dec/2025:08:00:00 +0800] "GET /manager-page/daily/send.php HTTP/1.1" 200 - "-" "python-requests/2.28.1"
127.0.0.1 - - [16/Dec/2025:08:00:00 +0800] "GET /manager-page/daily/send2.php HTTP/1.1" 200 - "-" "python-requests/2.28.1"
172.16.36.181 - - [16/Dec/2025:08:00:29 +0800] "GET /manager-page/home-3.php HTTP/1.1" 302 - "-" "Mozilla/5.0 (Windows NT 10.0; Win64; x64) AppleWebKit/537.36 (KHTML, like Gecko) Chrome/143.0.0.0 Safari/537.36 Edg/143.0.0.0"
172.16.36.181 - - [16/Dec/2025:08:00:30 +0800] "GET /manager-page/login.php HTTP/1.1" 200 2365 "-" "Mozilla/5.0 (Windows NT 10.0; Win64; x64) AppleWebKit/537.36 (KHTML, like Gecko) Chrome/143.0.0.0 Safari/537.36 Edg/143.0.0.0"
172.16.36.181 - - [16/Dec/2025:08:00:30 +0800] "GET /favicon.ico HTTP/1.1" 404 196 "http://192.168.60.79/manager-page/login.php" "Mozilla/5.0 (Windows NT 10.0; Win64; x64) AppleWebKit/537.36 (KHTML, like Gecko) Chrome/143.0.0.0 Safari/537.36 Edg/143.0.0.0"
172.16.36.181 - - [16/Dec/2025:08:00:47 +0800] "POST /manager-page/login.php HTTP/1.1" 302 - "http://192.168.60.79/manager-page/login.php" "Mozilla/5.0 (Windows NT 10.0; Win64; x64) AppleWebKit/537.36 (KHTML, like Gecko) Chrome/143.0.0.0 Safari/537.36 Edg/143.0.0.0"
172.16.36.181 - - [16/Dec/2025:08:00:47 +0800] "GET /manager-page/home.php HTTP/1.1" 302 - "http://192.168.60.79/manager-page/login.php" "Mozilla/5.0 (Windows NT 10.0; Win64; x64) AppleWebKit/537.36 (KHTML, like Gecko) Chrome/143.0.0.0 Safari/537.36 Edg/143.0.0.0"
172.16.36.181 - - [16/Dec/2025:08:00:48 +0800] "GET /manager-page/alarm/1-1.jpg?t=1049772839 HTTP/1.1" 200 322868 "http://192.168.60.79/manager-page/home-1.php" "Mozilla/5.0 (Windows NT 10.0; Win64; x64) AppleWebKit/537.36 (KHTML, like Gecko) Chrome/143.0.0.0 Safari/537.36 Edg/143.0.0.0"
172.16.36.181 - - [16/Dec/2025:08:00:48 +0800] "GET /manager-page/alarm/1-2.jpg?t=1148414668 HTTP/1.1" 200 495492 "http://192.168.60.79/manager-page/home-1.php" "Mozilla/5.0 (Windows NT 10.0; Win64; x64) AppleWebKit/537.36 (KHTML, like Gecko) Chrome/143.0.0.0 Safari/537.36 Edg/143.0.0.0"
172.16.36.181 - - [16/Dec/2025:08:00:47 +0800] "GET /manager-page/home-1.php HTTP/1.1" 200 27473 "http://192.168.60.79/manager-page/login.php" "Mozilla/5.0 (Windows NT 10.0; Win64; x64) AppleWebKit/537.36 (KHTML, like Gecko) Chrome/143.0.0.0 Safari/537.36 Edg/143.0.0.0"
172.16.36.181 - - [16/Dec/2025:08:00:48 +0800] "GET /manager-page/api/snapshot.php?id=11 HTTP/1.1" 200 28485 "http://192.168.60.79/manager-page/home-1.php" "Mozilla/5.0 (Windows NT 10.0; Win64; x64) AppleWebKit/537.36 (KHTML, like Gecko) Chrome/143.0.0.0 Safari/537.36 Edg/143.0.0.0"
172.16.36.181 - - [16/Dec/2025:08:00:48 +0800] "GET /manager-page/api/snapshot.php?id=12 HTTP/1.1" 200 37516 "http://192.168.60.79/manager-page/home-1.php" "Mozilla/5.0 (Windows NT 10.0; Win64; x64) AppleWebKit/537.36 (KHTML, like Gecko) Chrome/143.0.0.0 Safari/537.36 Edg/143.0.0.0"
172.16.36.181 - - [16/Dec/2025:08:00:50 +0800] "GET /manager-page/api/cms-status1.php HTTP/1.1" 200 12 "http://192.168.60.79/manager-page/home-1.php" "Mozilla/5.0 (Windows NT 10.0; Win64; x64) AppleWebKit/537.36 (KHTML, like Gecko) Chrome/143.0.0.0 Safari/537.36 Edg/143.0.0.0"
172.16.36.181 - - [16/Dec/2025:08:00:50 +0800] "GET /manager-page/api/lp-status1.php HTTP/1.1" 200 1 "http://192.168.60.79/manager-page/home-1.php" "Mozilla/5.0 (Windows NT 10.0; Win64; x64) AppleWebKit/537.36 (KHTML, like Gecko) Chrome/143.0.0.0 Safari/537.36 Edg/143.0.0.0"
172.16.36.181 - - [16/Dec/2025:08:00:56 +0800] "GET /manager-page/api/snapshot.php?id=11&t=0.29875026783347236 HTTP/1.1" 200 28773 "http://192.168.60.79/manager-page/home-1.php" "Mozilla/5.0 (Windows NT 10.0; Win64; x64) AppleWebKit/537.36 (KHTML, like Gecko) Chrome/143.0.0.0 Safari/537.36 Edg/143.0.0.0"
172.16.36.181 - - [16/Dec/2025:08:00:56 +0800] "GET /manager-page/api/snapshot.php?id=12&t=0.1511864274246566 HTTP/1.1" 200 36666 "http://192.168.60.79/manager-page/home-1.php" "Mozilla/5.0 (Windows NT 10.0; Win64; x64) AppleWebKit/537.36 (KHTML, like Gecko) Chrome/143.0.0.0 Safari/537.36 Edg/143.0.0.0"
127.0.0.1 - - [16/Dec/2025:08:01:00 +0800] "GET /robot/alarm-history-in.php HTTP/1.1" 200 - "-" "python-requests/2.28.1"
172.16.36.181 - - [16/Dec/2025:08:01:01 +0800] "GET /manager-page/api/snapshot.php?id=12&t=0.005597881759332957 HTTP/1.1" 200 36610 "http://192.168.60.79/manager-page/home-1.php" "Mozilla/5.0 (Windows NT 10.0; Win64; x64) AppleWebKit/537.36 (KHTML, like Gecko) Chrome/143.0.0.0 Safari/537.36 Edg/143.0.0.0"
172.16.36.181 - - [16/Dec/2025:08:01:01 +0800] "GET /manager-page/api/snapshot.php?id=11&t=0.28247703733835083 HTTP/1.1" 200 28412 "http://192.168.60.79/manager-page/home-1.php" "Mozilla/5.0 (Windows NT 10.0; Win64; x64) AppleWebKit/537.36 (KHTML, like Gecko) Chrome/143.0.0.0 Safari/537.36 Edg/143.0.0.0"
172.16.36.181 - - [16/Dec/2025:08:01:06 +0800] "GET /manager-page/api/snapshot.php?id=12&t=0.1757729684110242 HTTP/1.1" 200 36683 "http://192.168.60.79/manager-page/home-1.php" "Mozilla/5.0 (Windows NT 10.0; Win64; x64) AppleWebKit/537.36 (KHTML, like Gecko) Chrome/143.0.0.0 Safari/537.36 Edg/143.0.0.0"
172.16.36.181 - - [16/Dec/2025:08:01:06 +0800] "GET /manager-page/api/snapshot.php?id=11&t=0.6679336893196375 HTTP/1.1" 200 28572 "http://192.168.60.79/manager-page/home-1.php" "Mozilla/5.0 (Windows NT 10.0; Win64; x64) AppleWebKit/537.36 (KHTML, like Gecko) Chrome/143.0.0.0 Safari/537.36 Edg/143.0.0.0"
127.0.0.1 - - [16/Dec/2025:08:01:09 +0800] "POST /robot/et-7026-in.php HTTP/1.1" 200 - "-" "python-requests/2.32.2"
172.16.36.181 - - [16/Dec/2025:08:01:11 +0800] "GET /manager-page/api/snapshot.php?id=12&t=0.9710446132836785 HTTP/1.1" 200 36671 "http://192.168.60.79/manager-page/home-1.php" "Mozilla/5.0 (Windows NT 10.0; Win64; x64) AppleWebKit/537.36 (KHTML, like Gecko) Chrome/143.0.0.0 Safari/537.36 Edg/143.0.0.0"
172.16.36.181 - - [16/Dec/2025:08:01:11 +0800] "GET /manager-page/api/snapshot.php?id=11&t=0.2847970495548705 HTTP/1.1" 200 28376 "http://192.168.60.79/manager-page/home-1.php" "Mozilla/5.0 (Windows NT 10.0; Win64; x64) AppleWebKit/537.36 (KHTML, like Gecko) Chrome/143.0.0.0 Safari/537.36 Edg/143.0.0.0"
172.16.36.181 - - [16/Dec/2025:08:01:16 +0800] "GET /manager-page/api/snapshot.php?id=11&t=0.739147788507628 HTTP/1.1" 200 28389 "http://192.168.60.79/manager-page/home-1.php" "Mozilla/5.0 (Windows NT 10.0; Win64; x64) AppleWebKit/537.36 (KHTML, like Gecko) Chrome/143.0.0.0 Safari/537.36 Edg/143.0.0.0"
172.16.36.181 - - [16/Dec/2025:08:01:16 +0800] "GET /manager-page/api/snapshot.php?id=12&t=0.9963524019085147 HTTP/1.1" 200 36733 "http://192.168.60.79/manager-page/home-1.php" "Mozilla/5.0 (Windows NT 10.0; Win64; x64) AppleWebKit/537.36 (KHTML, like Gecko) Chrome/143.0.0.0 Safari/537.36 Edg/143.0.0.0"
172.16.36.181 - - [16/Dec/2025:08:01:21 +0800] "GET /manager-page/api/snapshot.php?id=11&t=0.8459460263401541 HTTP/1.1" 200 28368 "http://192.168.60.79/manager-page/home-1.php" "Mozilla/5.0 (Windows NT 10.0; Win64; x64) AppleWebKit/537.36 (KHTML, like Gecko) Chrome/143.0.0.0 Safari/537.36 Edg/143.0.0.0"
172.16.36.181 - - [16/Dec/2025:08:01:21 +0800] "GET /manager-page/api/snapshot.php?id=12&t=0.5834971307760587 HTTP/1.1" 200 36732 "http://192.168.60.79/manager-page/home-1.php" "Mozilla/5.0 (Windows NT 10.0; Win64; x64) AppleWebKit/537.36 (KHTML, like Gecko) Chrome/143.0.0.0 Safari/537.36 Edg/143.0.0.0"
172.16.36.181 - - [16/Dec/2025:08:01:26 +0800] "GET /manager-page/api/snapshot.php?id=12&t=0.9343327240201801 HTTP/1.1" 200 36730 "http://192.168.60.79/manager-page/home-1.php" "Mozilla/5.0 (Windows NT 10.0; Win64; x64) AppleWebKit/537.36 (KHTML, like Gecko) Chrome/143.0.0.0 Safari/537.36 Edg/143.0.0.0"
172.16.36.181 - - [16/Dec/2025:08:01:26 +0800] "GET /manager-page/api/snapshot.php?id=11&t=0.5500425999640228 HTTP/1.1" 200 28393 "http://192.168.60.79/manager-page/home-1.php" "Mozilla/5.0 (Windows NT 10.0; Win64; x64) AppleWebKit/537.36 (KHTML, like Gecko) Chrome/143.0.0.0 Safari/537.36 Edg/143.0.0.0"
172.16.36.181 - - [16/Dec/2025:08:01:31 +0800] "GET /manager-page/api/snapshot.php?id=11&t=0.4894676351433104 HTTP/1.1" 200 28424 "http://192.168.60.79/manager-page/home-1.php" "Mozilla/5.0 (Windows NT 10.0; Win64; x64) AppleWebKit/537.36 (KHTML, like Gecko) Chrome/143.0.0.0 Safari/537.36 Edg/143.0.0.0"
172.16.36.181 - - [16/Dec/2025:08:01:31 +0800] "GET /manager-page/api/snapshot.php?id=12&t=0.8835189865561124 HTTP/1.1" 200 36745 "http://192.168.60.79/manager-page/home-1.php" "Mozilla/5.0 (Windows NT 10.0; Win64; x64) AppleWebKit/537.36 (KHTML, like Gecko) Chrome/143.0.0.0 Safari/537.36 Edg/143.0.0.0"
172.16.36.181 - - [16/Dec/2025:08:01:36 +0800] "GET /manager-page/api/snapshot.php?id=11&t=0.6783063648158474 HTTP/1.1" 200 28426 "http://192.168.60.79/manager-page/home-1.php" "Mozilla/5.0 (Windows NT 10.0; Win64; x64) AppleWebKit/537.36 (KHTML, like Gecko) Chrome/143.0.0.0 Safari/537.36 Edg/143.0.0.0"
172.16.36.181 - - [16/Dec/2025:08:01:36 +0800] "GET /manager-page/api/snapshot.php?id=12&t=0.8323357825154457 HTTP/1.1" 200 36788 "http://192.168.60.79/manager-page/home-1.php" "Mozilla/5.0 (Windows NT 10.0; Win64; x64) AppleWebKit/537.36 (KHTML, like Gecko) Chrome/143.0.0.0 Safari/537.36 Edg/143.0.0.0"
172.16.36.181 - - [16/Dec/2025:08:01:41 +0800] "GET /manager-page/api/snapshot.php?id=11&t=0.8398643358230826 HTTP/1.1" 200 28516 "http://192.168.60.79/manager-page/home-1.php" "Mozilla/5.0 (Windows NT 10.0; Win64; x64) AppleWebKit/537.36 (KHTML, like Gecko) Chrome/143.0.0.0 Safari/537.36 Edg/143.0.0.0"
172.16.36.181 - - [16/Dec/2025:08:01:41 +0800] "GET /manager-page/api/snapshot.php?id=12&t=0.9766558371860629 HTTP/1.1" 200 36939 "http://192.168.60.79/manager-page/home-1.php" "Mozilla/5.0 (Windows NT 10.0; Win64; x64) AppleWebKit/537.36 (KHTML, like Gecko) Chrome/143.0.0.0 Safari/537.36 Edg/143.0.0.0"
111.70.30.251 - - [16/Dec/2025:08:01:45 +0800] "POST /robot/lora-in.php HTTP/1.1" 200 - "-" "python-requests/2.21.0"
172.16.36.181 - - [16/Dec/2025:08:01:46 +0800] "GET /manager-page/api/snapshot.php?id=11&t=0.8335310185304641 HTTP/1.1" 200 28743 "http://192.168.60.79/manager-page/home-1.php" "Mozilla/5.0 (Windows NT 10.0; Win64; x64) AppleWebKit/537.36 (KHTML, like Gecko) Chrome/143.0.0.0 Safari/537.36 Edg/143.0.0.0"
172.16.36.181 - - [16/Dec/2025:08:01:46 +0800] "GET /manager-page/api/snapshot.php?id=12&t=0.13586044946626152 HTTP/1.1" 200 36565 "http://192.168.60.79/manager-page/home-1.php" "Mozilla/5.0 (Windows NT 10.0; Win64; x64) AppleWebKit/537.36 (KHTML, like Gecko) Chrome/143.0.0.0 Safari/537.36 Edg/143.0.0.0"
111.70.30.250 - - [16/Dec/2025:08:01:49 +0800] "POST /robot/lora-in.php HTTP/1.1" 200 - "-" "python-requests/2.21.0"
172.16.36.181 - - [16/Dec/2025:08:01:55 +0800] "GET /manager-page/api/snapshot.php?id=11&t=0.9119395161127105 HTTP/1.1" 200 28383 "http://192.168.60.79/manager-page/home-1.php" "Mozilla/5.0 (Windows NT 10.0; Win64; x64) AppleWebKit/537.36 (KHTML, like Gecko) Chrome/143.0.0.0 Safari/537.36 Edg/143.0.0.0"
172.16.36.181 - - [16/Dec/2025:08:01:55 +0800] "GET /manager-page/api/snapshot.php?id=12&t=0.6329306856291984 HTTP/1.1" 200 36665 "http://192.168.60.79/manager-page/home-1.php" "Mozilla/5.0 (Windows NT 10.0; Win64; x64) AppleWebKit/537.36 (KHTML, like Gecko) Chrome/143.0.0.0 Safari/537.36 Edg/143.0.0.0"
127.0.0.1 - - [16/Dec/2025:08:02:00 +0800] "GET /robot/alarm-history-in.php HTTP/1.1" 200 - "-" "python-requests/2.28.1"
127.0.0.1 - - [16/Dec/2025:08:02:09 +0800] "POST /robot/et-7026-in.php HTTP/1.1" 200 - "-" "python-requests/2.32.2"
127.0.0.1 - - [16/Dec/2025:08:02:29 +0800] "POST /robot/et-7026-in.php HTTP/1.1" 200 - "-" "python-requests/2.32.2"
172.16.36.181 - - [16/Dec/2025:08:02:55 +0800] "GET /manager-page/api/snapshot.php?id=12&t=0.6229255594586501 HTTP/1.1" 200 36718 "http://192.168.60.79/manager-page/home-1.php" "Mozilla/5.0 (Windows NT 10.0; Win64; x64) AppleWebKit/537.36 (KHTML, like Gecko) Chrome/143.0.0.0 Safari/537.36 Edg/143.0.0.0"
172.16.36.181 - - [16/Dec/2025:08:02:55 +0800] "GET /manager-page/api/snapshot.php?id=11&t=0.412658946048859 HTTP/1.1" 200 28400 "http://192.168.60.79/manager-page/home-1.php" "Mozilla/5.0 (Windows NT 10.0; Win64; x64) AppleWebKit/537.36 (KHTML, like Gecko) Chrome/143.0.0.0 Safari/537.36 Edg/143.0.0.0"
127.0.0.1 - - [16/Dec/2025:08:03:00 +0800] "GET /robot/alarm-history-in.php HTTP/1.1" 200 - "-" "python-requests/2.28.1"
172.16.36.181 - - [16/Dec/2025:08:03:55 +0800] "GET /manager-page/api/snapshot.php?id=12&t=0.8000870223987796 HTTP/1.1" 200 36761 "http://192.168.60.79/manager-page/home-1.php" "Mozilla/5.0 (Windows NT 10.0; Win64; x64) AppleWebKit/537.36 (KHTML, like Gecko) Chrome/143.0.0.0 Safari/537.36 Edg/143.0.0.0"
172.16.36.181 - - [16/Dec/2025:08:03:55 +0800] "GET /manager-page/api/snapshot.php?id=11&t=0.21189555567021146 HTTP/1.1" 200 28457 "http://192.168.60.79/manager-page/home-1.php" "Mozilla/5.0 (Windows NT 10.0; Win64; x64) AppleWebKit/537.36 (KHTML, like Gecko) Chrome/143.0.0.0 Safari/537.36 Edg/143.0.0.0"
127.0.0.1 - - [16/Dec/2025:08:04:00 +0800] "GET /robot/alarm-history-in.php HTTP/1.1" 200 - "-" "python-requests/2.28.1"
111.70.30.253 - - [16/Dec/2025:08:04:34 +0800] "POST /robot/lora-in.php HTTP/1.1" 200 - "-" "python-requests/2.21.0"
172.16.36.181 - - [16/Dec/2025:08:04:55 +0800] "GET /manager-page/api/snapshot.php?id=12&t=0.4037469730738127 HTTP/1.1" 200 36835 "http://192.168.60.79/manager-page/home-1.php" "Mozilla/5.0 (Windows NT 10.0; Win64; x64) AppleWebKit/537.36 (KHTML, like Gecko) Chrome/143.0.0.0 Safari/537.36 Edg/143.0.0.0"
172.16.36.181 - - [16/Dec/2025:08:04:55 +0800] "GET /manager-page/api/snapshot.php?id=11&t=0.7385604716809588 HTTP/1.1" 200 28463 "http://192.168.60.79/manager-page/home-1.php" "Mozilla/5.0 (Windows NT 10.0; Win64; x64) AppleWebKit/537.36 (KHTML, like Gecko) Chrome/143.0.0.0 Safari/537.36 Edg/143.0.0.0"
127.0.0.1 - - [16/Dec/2025:08:05:00 +0800] "GET /robot/alarm-history-in.php HTTP/1.1" 200 - "-" "python-requests/2.28.1"
111.70.30.252 - - [16/Dec/2025:08:05:40 +0800] "POST /robot/lora-in.php HTTP/1.1" 200 - "-" "python-requests/2.21.0"
172.16.36.181 - - [16/Dec/2025:08:05:55 +0800] "GET /manager-page/api/snapshot.php?id=12&t=0.13341616074504203 HTTP/1.1" 200 36873 "http://192.168.60.79/manager-page/home-1.php" "Mozilla/5.0 (Windows NT 10.0; Win64; x64) AppleWebKit/537.36 (KHTML, like Gecko) Chrome/143.0.0.0 Safari/537.36 Edg/143.0.0.0"
172.16.36.181 - - [16/Dec/2025:08:05:55 +0800] "GET /manager-page/api/snapshot.php?id=11&t=0.6051056686008217 HTTP/1.1" 200 28764 "http://192.168.60.79/manager-page/home-1.php" "Mozilla/5.0 (Windows NT 10.0; Win64; x64) AppleWebKit/537.36 (KHTML, like Gecko) Chrome/143.0.0.0 Safari/537.36 Edg/143.0.0.0"
127.0.0.1 - - [16/Dec/2025:08:06:00 +0800] "GET /robot/alarm-history-in.php HTTP/1.1" 200 - "-" "python-requests/2.28.1"
172.16.36.181 - - [16/Dec/2025:08:06:55 +0800] "GET /manager-page/api/snapshot.php?id=11&t=0.6906443871593329 HTTP/1.1" 200 28397 "http://192.168.60.79/manager-page/home-1.php" "Mozilla/5.0 (Windows NT 10.0; Win64; x64) AppleWebKit/537.36 (KHTML, like Gecko) Chrome/143.0.0.0 Safari/537.36 Edg/143.0.0.0"
172.16.36.181 - - [16/Dec/2025:08:06:55 +0800] "GET /manager-page/api/snapshot.php?id=12&t=0.37810408423451536 HTTP/1.1" 200 36773 "http://192.168.60.79/manager-page/home-1.php" "Mozilla/5.0 (Windows NT 10.0; Win64; x64) AppleWebKit/537.36 (KHTML, like Gecko) Chrome/143.0.0.0 Safari/537.36 Edg/143.0.0.0"
127.0.0.1 - - [16/Dec/2025:08:07:00 +0800] "GET /robot/alarm-history-in.php HTTP/1.1" 200 - "-" "python-requests/2.28.1"
127.0.0.1 - - [16/Dec/2025:08:07:32 +0800] "GET /get-setting.json HTTP/1.1" 200 2314 "-" "python-requests/2.31.0"
127.0.0.1 - - [16/Dec/2025:08:07:32 +0800] "POST /robot/lora-in.php HTTP/1.1" 200 - "-" "python-requests/2.31.0"
127.0.0.1 - - [16/Dec/2025:08:07:40 +0800] "POST /robot/lora-in.php HTTP/1.1" 200 - "-" "python-requests/2.31.0"
127.0.0.1 - - [16/Dec/2025:08:07:43 +0800] "POST /robot/lora-in.php HTTP/1.1" 200 - "-" "python-requests/2.31.0"
127.0.0.1 - - [16/Dec/2025:08:07:50 +0800] "POST /robot/lora-in.php HTTP/1.1" 200 - "-" "python-requests/2.31.0"
172.16.36.181 - - [16/Dec/2025:08:07:55 +0800] "GET /manager-page/api/snapshot.php?id=11&t=0.060952052298676396 HTTP/1.1" 200 28425 "http://192.168.60.79/manager-page/home-1.php" "Mozilla/5.0 (Windows NT 10.0; Win64; x64) AppleWebKit/537.36 (KHTML, like Gecko) Chrome/143.0.0.0 Safari/537.36 Edg/143.0.0.0"
172.16.36.181 - - [16/Dec/2025:08:07:55 +0800] "GET /manager-page/api/snapshot.php?id=12&t=0.887723511114124 HTTP/1.1" 200 36552 "http://192.168.60.79/manager-page/home-1.php" "Mozilla/5.0 (Windows NT 10.0; Win64; x64) AppleWebKit/537.36 (KHTML, like Gecko) Chrome/143.0.0.0 Safari/537.36 Edg/143.0.0.0"
127.0.0.1 - - [16/Dec/2025:08:07:58 +0800] "POST /robot/lora-in.php HTTP/1.1" 200 - "-" "python-requests/2.31.0"
127.0.0.1 - - [16/Dec/2025:08:08:00 +0800] "POST /robot/lora-in.php HTTP/1.1" 200 - "-" "python-requests/2.31.0"
127.0.0.1 - - [16/Dec/2025:08:08:00 +0800] "GET /robot/alarm-history-in.php HTTP/1.1" 200 - "-" "python-requests/2.28.1"
127.0.0.1 - - [16/Dec/2025:08:08:02 +0800] "POST /robot/lora-in.php HTTP/1.1" 200 - "-" "python-requests/2.31.0"
127.0.0.1 - - [16/Dec/2025:08:08:03 +0800] "POST /robot/lora-in.php HTTP/1.1" 200 - "-" "python-requests/2.31.0"
172.16.36.181 - - [16/Dec/2025:08:08:55 +0800] "GET /manager-page/api/snapshot.php?id=11&t=0.0760680435379516 HTTP/1.1" 200 28378 "http://192.168.60.79/manager-page/home-1.php" "Mozilla/5.0 (Windows NT 10.0; Win64; x64) AppleWebKit/537.36 (KHTML, like Gecko) Chrome/143.0.0.0 Safari/537.36 Edg/143.0.0.0"
172.16.36.181 - - [16/Dec/2025:08:08:55 +0800] "GET /manager-page/api/snapshot.php?id=12&t=0.6125844032117423 HTTP/1.1" 200 36613 "http://192.168.60.79/manager-page/home-1.php" "Mozilla/5.0 (Windows NT 10.0; Win64; x64) AppleWebKit/537.36 (KHTML, like Gecko) Chrome/143.0.0.0 Safari/537.36 Edg/143.0.0.0"
127.0.0.1 - - [16/Dec/2025:08:09:00 +0800] "GET /robot/alarm-history-in.php HTTP/1.1" 200 - "-" "python-requests/2.28.1"
172.16.36.181 - - [16/Dec/2025:08:09:55 +0800] "GET /manager-page/api/snapshot.php?id=12&t=0.07040658124042665 HTTP/1.1" 200 36445 "http://192.168.60.79/manager-page/home-1.php" "Mozilla/5.0 (Windows NT 10.0; Win64; x64) AppleWebKit/537.36 (KHTML, like Gecko) Chrome/143.0.0.0 Safari/537.36 Edg/143.0.0.0"
172.16.36.181 - - [16/Dec/2025:08:09:55 +0800] "GET /manager-page/api/snapshot.php?id=11&t=0.7313314921114563 HTTP/1.1" 200 28216 "http://192.168.60.79/manager-page/home-1.php" "Mozilla/5.0 (Windows NT 10.0; Win64; x64) AppleWebKit/537.36 (KHTML, like Gecko) Chrome/143.0.0.0 Safari/537.36 Edg/143.0.0.0"
127.0.0.1 - - [16/Dec/2025:08:09:58 +0800] "POST /robot/et-7026-in.php HTTP/1.1" 200 - "-" "python-requests/2.32.2"
127.0.0.1 - - [16/Dec/2025:08:10:00 +0800] "GET /robot/alarm-history-in.php HTTP/1.1" 200 - "-" "python-requests/2.28.1"
111.70.30.251 - - [16/Dec/2025:08:10:23 +0800] "POST /robot/lora-in.php HTTP/1.1" 200 - "-" "python-requests/2.21.0"
111.70.30.250 - - [16/Dec/2025:08:10:25 +0800] "POST /robot/lora-in.php HTTP/1.1" 200 - "-" "python-requests/2.21.0"
172.16.36.181 - - [16/Dec/2025:08:10:55 +0800] "GET /manager-page/api/snapshot.php?id=12&t=0.8251654488757306 HTTP/1.1" 200 36520 "http://192.168.60.79/manager-page/home-1.php" "Mozilla/5.0 (Windows NT 10.0; Win64; x64) AppleWebKit/537.36 (KHTML, like Gecko) Chrome/143.0.0.0 Safari/537.36 Edg/143.0.0.0"
172.16.36.181 - - [16/Dec/2025:08:10:55 +0800] "GET /manager-page/api/snapshot.php?id=11&t=0.7397856807154759 HTTP/1.1" 200 28217 "http://192.168.60.79/manager-page/home-1.php" "Mozilla/5.0 (Windows NT 10.0; Win64; x64) AppleWebKit/537.36 (KHTML, like Gecko) Chrome/143.0.0.0 Safari/537.36 Edg/143.0.0.0"
127.0.0.1 - - [16/Dec/2025:08:11:00 +0800] "GET /robot/alarm-history-in.php HTTP/1.1" 200 - "-" "python-requests/2.28.1"
127.0.0.1 - - [16/Dec/2025:08:11:12 +0800] "POST /robot/et-7026-in.php HTTP/1.1" 200 - "-" "python-requests/2.32.2"
172.16.36.181 - - [16/Dec/2025:08:11:55 +0800] "GET /manager-page/api/snapshot.php?id=12&t=0.2837276638857149 HTTP/1.1" 200 36648 "http://192.168.60.79/manager-page/home-1.php" "Mozilla/5.0 (Windows NT 10.0; Win64; x64) AppleWebKit/537.36 (KHTML, like Gecko) Chrome/143.0.0.0 Safari/537.36 Edg/143.0.0.0"
172.16.36.181 - - [16/Dec/2025:08:11:55 +0800] "GET /manager-page/api/snapshot.php?id=11&t=0.7390492946996149 HTTP/1.1" 200 28299 "http://192.168.60.79/manager-page/home-1.php" "Mozilla/5.0 (Windows NT 10.0; Win64; x64) AppleWebKit/537.36 (KHTML, like Gecko) Chrome/143.0.0.0 Safari/537.36 Edg/143.0.0.0"
127.0.0.1 - - [16/Dec/2025:08:12:00 +0800] "GET /robot/alarm-history-in.php HTTP/1.1" 200 - "-" "python-requests/2.28.1"
127.0.0.1 - - [16/Dec/2025:08:12:09 +0800] "POST /robot/et-7026-in.php HTTP/1.1" 200 - "-" "python-requests/2.32.2"
127.0.0.1 - - [16/Dec/2025:08:12:29 +0800] "POST /robot/et-7026-in.php HTTP/1.1" 200 - "-" "python-requests/2.32.2"
172.16.36.181 - - [16/Dec/2025:08:12:55 +0800] "GET /manager-page/api/snapshot.php?id=11&t=0.4506296547119194 HTTP/1.1" 200 29372 "http://192.168.60.79/manager-page/home-1.php" "Mozilla/5.0 (Windows NT 10.0; Win64; x64) AppleWebKit/537.36 (KHTML, like Gecko) Chrome/143.0.0.0 Safari/537.36 Edg/143.0.0.0"
172.16.36.181 - - [16/Dec/2025:08:12:55 +0800] "GET /manager-page/api/snapshot.php?id=12&t=0.48150804672711534 HTTP/1.1" 200 36816 "http://192.168.60.79/manager-page/home-1.php" "Mozilla/5.0 (Windows NT 10.0; Win64; x64) AppleWebKit/537.36 (KHTML, like Gecko) Chrome/143.0.0.0 Safari/537.36 Edg/143.0.0.0"
127.0.0.1 - - [16/Dec/2025:08:13:00 +0800] "GET /robot/alarm-history-in.php HTTP/1.1" 200 - "-" "python-requests/2.28.1"
111.70.30.253 - - [16/Dec/2025:08:13:21 +0800] "POST /robot/lora-in.php HTTP/1.1" 200 - "-" "python-requests/2.21.0"
172.16.36.181 - - [16/Dec/2025:08:13:55 +0800] "GET /manager-page/api/snapshot.php?id=11&t=0.7554114803111392 HTTP/1.1" 200 28329 "http://192.168.60.79/manager-page/home-1.php" "Mozilla/5.0 (Windows NT 10.0; Win64; x64) AppleWebKit/537.36 (KHTML, like Gecko) Chrome/143.0.0.0 Safari/537.36 Edg/143.0.0.0"
172.16.36.181 - - [16/Dec/2025:08:13:55 +0800] "GET /manager-page/api/snapshot.php?id=12&t=0.9744205788397601 HTTP/1.1" 200 36661 "http://192.168.60.79/manager-page/home-1.php" "Mozilla/5.0 (Windows NT 10.0; Win64; x64) AppleWebKit/537.36 (KHTML, like Gecko) Chrome/143.0.0.0 Safari/537.36 Edg/143.0.0.0"
127.0.0.1 - - [16/Dec/2025:08:14:00 +0800] "GET /robot/alarm-history-in.php HTTP/1.1" 200 - "-" "python-requests/2.28.1"
172.16.36.181 - - [16/Dec/2025:08:14:55 +0800] "GET /manager-page/api/snapshot.php?id=11&t=0.6784655553036745 HTTP/1.1" 200 28361 "http://192.168.60.79/manager-page/home-1.php" "Mozilla/5.0 (Windows NT 10.0; Win64; x64) AppleWebKit/537.36 (KHTML, like Gecko) Chrome/143.0.0.0 Safari/537.36 Edg/143.0.0.0"
111.70.30.252 - - [16/Dec/2025:08:14:56 +0800] "POST /robot/lora-in.php HTTP/1.1" 200 - "-" "python-requests/2.21.0"
172.16.36.181 - - [16/Dec/2025:08:14:55 +0800] "GET /manager-page/api/snapshot.php?id=12&t=0.360722545774834 HTTP/1.1" 200 36605 "http://192.168.60.79/manager-page/home-1.php" "Mozilla/5.0 (Windows NT 10.0; Win64; x64) AppleWebKit/537.36 (KHTML, like Gecko) Chrome/143.0.0.0 Safari/537.36 Edg/143.0.0.0"
127.0.0.1 - - [16/Dec/2025:08:15:00 +0800] "GET /robot/alarm-history-in.php HTTP/1.1" 200 - "-" "python-requests/2.28.1"
172.16.36.181 - - [16/Dec/2025:08:15:55 +0800] "GET /manager-page/api/snapshot.php?id=12&t=0.9971125800086432 HTTP/1.1" 200 36643 "http://192.168.60.79/manager-page/home-1.php" "Mozilla/5.0 (Windows NT 10.0; Win64; x64) AppleWebKit/537.36 (KHTML, like Gecko) Chrome/143.0.0.0 Safari/537.36 Edg/143.0.0.0"
172.16.36.181 - - [16/Dec/2025:08:15:55 +0800] "GET /manager-page/api/snapshot.php?id=11&t=0.2024268815984862 HTTP/1.1" 200 28390 "http://192.168.60.79/manager-page/home-1.php" "Mozilla/5.0 (Windows NT 10.0; Win64; x64) AppleWebKit/537.36 (KHTML, like Gecko) Chrome/143.0.0.0 Safari/537.36 Edg/143.0.0.0"
127.0.0.1 - - [16/Dec/2025:08:16:00 +0800] "GET /robot/alarm-history-in.php HTTP/1.1" 200 - "-" "python-requests/2.28.1"
172.16.36.181 - - [16/Dec/2025:08:16:55 +0800] "GET /manager-page/api/snapshot.php?id=12&t=0.6968844411544234 HTTP/1.1" 200 36708 "http://192.168.60.79/manager-page/home-1.php" "Mozilla/5.0 (Windows NT 10.0; Win64; x64) AppleWebKit/537.36 (KHTML, like Gecko) Chrome/143.0.0.0 Safari/537.36 Edg/143.0.0.0"
172.16.36.181 - - [16/Dec/2025:08:16:55 +0800] "GET /manager-page/api/snapshot.php?id=11&t=0.159318076609545 HTTP/1.1" 200 28430 "http://192.168.60.79/manager-page/home-1.php" "Mozilla/5.0 (Windows NT 10.0; Win64; x64) AppleWebKit/537.36 (KHTML, like Gecko) Chrome/143.0.0.0 Safari/537.36 Edg/143.0.0.0"
127.0.0.1 - - [16/Dec/2025:08:17:00 +0800] "GET /robot/alarm-history-in.php HTTP/1.1" 200 - "-" "python-requests/2.28.1"
127.0.0.1 - - [16/Dec/2025:08:17:32 +0800] "GET /get-setting.json HTTP/1.1" 200 2314 "-" "python-requests/2.31.0"
127.0.0.1 - - [16/Dec/2025:08:17:32 +0800] "POST /robot/lora-in.php HTTP/1.1" 200 - "-" "python-requests/2.31.0"
127.0.0.1 - - [16/Dec/2025:08:17:39 +0800] "POST /robot/lora-in.php HTTP/1.1" 200 - "-" "python-requests/2.31.0"
127.0.0.1 - - [16/Dec/2025:08:17:40 +0800] "POST /robot/lora-in.php HTTP/1.1" 200 - "-" "python-requests/2.31.0"
127.0.0.1 - - [16/Dec/2025:08:17:48 +0800] "POST /robot/lora-in.php HTTP/1.1" 200 - "-" "python-requests/2.31.0"
127.0.0.1 - - [16/Dec/2025:08:17:54 +0800] "POST /robot/lora-in.php HTTP/1.1" 200 - "-" "python-requests/2.31.0"
172.16.36.181 - - [16/Dec/2025:08:17:55 +0800] "GET /manager-page/api/snapshot.php?id=11&t=0.5409975130178875 HTTP/1.1" 200 28345 "http://192.168.60.79/manager-page/home-1.php" "Mozilla/5.0 (Windows NT 10.0; Win64; x64) AppleWebKit/537.36 (KHTML, like Gecko) Chrome/143.0.0.0 Safari/537.36 Edg/143.0.0.0"
172.16.36.181 - - [16/Dec/2025:08:17:55 +0800] "GET /manager-page/api/snapshot.php?id=12&t=0.008790043346100784 HTTP/1.1" 200 36672 "http://192.168.60.79/manager-page/home-1.php" "Mozilla/5.0 (Windows NT 10.0; Win64; x64) AppleWebKit/537.36 (KHTML, like Gecko) Chrome/143.0.0.0 Safari/537.36 Edg/143.0.0.0"
127.0.0.1 - - [16/Dec/2025:08:17:56 +0800] "POST /robot/lora-in.php HTTP/1.1" 200 - "-" "python-requests/2.31.0"
127.0.0.1 - - [16/Dec/2025:08:18:00 +0800] "GET /robot/alarm-history-in.php HTTP/1.1" 200 - "-" "python-requests/2.28.1"
127.0.0.1 - - [16/Dec/2025:08:18:05 +0800] "POST /robot/lora-in.php HTTP/1.1" 200 - "-" "python-requests/2.31.0"
127.0.0.1 - - [16/Dec/2025:08:18:07 +0800] "POST /robot/lora-in.php HTTP/1.1" 200 - "-" "python-requests/2.31.0"
172.16.36.181 - - [16/Dec/2025:08:18:55 +0800] "GET /manager-page/api/snapshot.php?id=11&t=0.5268938610606734 HTTP/1.1" 200 28384 "http://192.168.60.79/manager-page/home-1.php" "Mozilla/5.0 (Windows NT 10.0; Win64; x64) AppleWebKit/537.36 (KHTML, like Gecko) Chrome/143.0.0.0 Safari/537.36 Edg/143.0.0.0"
172.16.36.181 - - [16/Dec/2025:08:18:55 +0800] "GET /manager-page/api/snapshot.php?id=12&t=0.5056548145663418 HTTP/1.1" 200 36523 "http://192.168.60.79/manager-page/home-1.php" "Mozilla/5.0 (Windows NT 10.0; Win64; x64) AppleWebKit/537.36 (KHTML, like Gecko) Chrome/143.0.0.0 Safari/537.36 Edg/143.0.0.0"
111.70.30.251 - - [16/Dec/2025:08:19:00 +0800] "POST /robot/lora-in.php HTTP/1.1" 200 - "-" "python-requests/2.21.0"
111.70.30.250 - - [16/Dec/2025:08:19:01 +0800] "POST /robot/lora-in.php HTTP/1.1" 200 - "-" "python-requests/2.21.0"
127.0.0.1 - - [16/Dec/2025:08:19:00 +0800] "GET /robot/alarm-history-in.php HTTP/1.1" 200 - "-" "python-requests/2.28.1"
172.16.36.181 - - [16/Dec/2025:08:19:55 +0800] "GET /manager-page/api/snapshot.php?id=11&t=0.5779951309803183 HTTP/1.1" 200 28301 "http://192.168.60.79/manager-page/home-1.php" "Mozilla/5.0 (Windows NT 10.0; Win64; x64) AppleWebKit/537.36 (KHTML, like Gecko) Chrome/143.0.0.0 Safari/537.36 Edg/143.0.0.0"
172.16.36.181 - - [16/Dec/2025:08:19:55 +0800] "GET /manager-page/api/snapshot.php?id=12&t=0.17361059736198725 HTTP/1.1" 200 36599 "http://192.168.60.79/manager-page/home-1.php" "Mozilla/5.0 (Windows NT 10.0; Win64; x64) AppleWebKit/537.36 (KHTML, like Gecko) Chrome/143.0.0.0 Safari/537.36 Edg/143.0.0.0"
127.0.0.1 - - [16/Dec/2025:08:19:59 +0800] "POST /robot/et-7026-in.php HTTP/1.1" 200 - "-" "python-requests/2.32.2"
127.0.0.1 - - [16/Dec/2025:08:20:00 +0800] "GET /robot/alarm-history-in.php HTTP/1.1" 200 - "-" "python-requests/2.28.1"
172.16.36.181 - - [16/Dec/2025:08:20:55 +0800] "GET /manager-page/api/snapshot.php?id=11&t=0.8102758456527716 HTTP/1.1" 200 28288 "http://192.168.60.79/manager-page/home-1.php" "Mozilla/5.0 (Windows NT 10.0; Win64; x64) AppleWebKit/537.36 (KHTML, like Gecko) Chrome/143.0.0.0 Safari/537.36 Edg/143.0.0.0"
172.16.36.181 - - [16/Dec/2025:08:20:55 +0800] "GET /manager-page/api/snapshot.php?id=12&t=0.6109055874326107 HTTP/1.1" 200 36548 "http://192.168.60.79/manager-page/home-1.php" "Mozilla/5.0 (Windows NT 10.0; Win64; x64) AppleWebKit/537.36 (KHTML, like Gecko) Chrome/143.0.0.0 Safari/537.36 Edg/143.0.0.0"
127.0.0.1 - - [16/Dec/2025:08:21:00 +0800] "GET /robot/alarm-history-in.php HTTP/1.1" 200 - "-" "python-requests/2.28.1"
127.0.0.1 - - [16/Dec/2025:08:21:14 +0800] "POST /robot/et-7026-in.php HTTP/1.1" 200 - "-" "python-requests/2.32.2"
172.16.36.181 - - [16/Dec/2025:08:21:55 +0800] "GET /manager-page/api/snapshot.php?id=11&t=0.06674769619027088 HTTP/1.1" 200 28337 "http://192.168.60.79/manager-page/home-1.php" "Mozilla/5.0 (Windows NT 10.0; Win64; x64) AppleWebKit/537.36 (KHTML, like Gecko) Chrome/143.0.0.0 Safari/537.36 Edg/143.0.0.0"
172.16.36.181 - - [16/Dec/2025:08:21:55 +0800] "GET /manager-page/api/snapshot.php?id=12&t=0.9411795386307049 HTTP/1.1" 200 36539 "http://192.168.60.79/manager-page/home-1.php" "Mozilla/5.0 (Windows NT 10.0; Win64; x64) AppleWebKit/537.36 (KHTML, like Gecko) Chrome/143.0.0.0 Safari/537.36 Edg/143.0.0.0"
127.0.0.1 - - [16/Dec/2025:08:22:00 +0800] "GET /robot/alarm-history-in.php HTTP/1.1" 200 - "-" "python-requests/2.28.1"
111.70.30.253 - - [16/Dec/2025:08:22:08 +0800] "POST /robot/lora-in.php HTTP/1.1" 200 - "-" "python-requests/2.21.0"
127.0.0.1 - - [16/Dec/2025:08:22:09 +0800] "POST /robot/et-7026-in.php HTTP/1.1" 200 - "-" "python-requests/2.32.2"
127.0.0.1 - - [16/Dec/2025:08:22:30 +0800] "POST /robot/et-7026-in.php HTTP/1.1" 200 - "-" "python-requests/2.32.2"
172.16.36.181 - - [16/Dec/2025:08:22:55 +0800] "GET /manager-page/api/snapshot.php?id=12&t=0.8802191847327137 HTTP/1.1" 200 36592 "http://192.168.60.79/manager-page/home-1.php" "Mozilla/5.0 (Windows NT 10.0; Win64; x64) AppleWebKit/537.36 (KHTML, like Gecko) Chrome/143.0.0.0 Safari/537.36 Edg/143.0.0.0"
172.16.36.181 - - [16/Dec/2025:08:22:55 +0800] "GET /manager-page/api/snapshot.php?id=11&t=0.626855373283858 HTTP/1.1" 200 28326 "http://192.168.60.79/manager-page/home-1.php" "Mozilla/5.0 (Windows NT 10.0; Win64; x64) AppleWebKit/537.36 (KHTML, like Gecko) Chrome/143.0.0.0 Safari/537.36 Edg/143.0.0.0"
127.0.0.1 - - [16/Dec/2025:08:23:00 +0800] "GET /robot/alarm-history-in.php HTTP/1.1" 200 - "-" "python-requests/2.28.1"
172.16.36.181 - - [16/Dec/2025:08:23:55 +0800] "GET /manager-page/api/snapshot.php?id=11&t=0.21132820435405264 HTTP/1.1" 200 28296 "http://192.168.60.79/manager-page/home-1.php" "Mozilla/5.0 (Windows NT 10.0; Win64; x64) AppleWebKit/537.36 (KHTML, like Gecko) Chrome/143.0.0.0 Safari/537.36 Edg/143.0.0.0"
172.16.36.181 - - [16/Dec/2025:08:23:55 +0800] "GET /manager-page/api/snapshot.php?id=12&t=0.7380327487486293 HTTP/1.1" 200 36526 "http://192.168.60.79/manager-page/home-1.php" "Mozilla/5.0 (Windows NT 10.0; Win64; x64) AppleWebKit/537.36 (KHTML, like Gecko) Chrome/143.0.0.0 Safari/537.36 Edg/143.0.0.0"
111.70.30.252 - - [16/Dec/2025:08:24:10 +0800] "POST /robot/lora-in.php HTTP/1.1" 200 - "-" "python-requests/2.21.0"
127.0.0.1 - - [16/Dec/2025:08:24:00 +0800] "GET /robot/alarm-history-in.php HTTP/1.1" 200 - "-" "python-requests/2.28.1"
172.16.36.181 - - [16/Dec/2025:08:24:55 +0800] "GET /manager-page/api/snapshot.php?id=12&t=0.7404354673660297 HTTP/1.1" 200 36757 "http://192.168.60.79/manager-page/home-1.php" "Mozilla/5.0 (Windows NT 10.0; Win64; x64) AppleWebKit/537.36 (KHTML, like Gecko) Chrome/143.0.0.0 Safari/537.36 Edg/143.0.0.0"
172.16.36.181 - - [16/Dec/2025:08:24:55 +0800] "GET /manager-page/api/snapshot.php?id=11&t=0.8904408705521386 HTTP/1.1" 200 28298 "http://192.168.60.79/manager-page/home-1.php" "Mozilla/5.0 (Windows NT 10.0; Win64; x64) AppleWebKit/537.36 (KHTML, like Gecko) Chrome/143.0.0.0 Safari/537.36 Edg/143.0.0.0"
127.0.0.1 - - [16/Dec/2025:08:25:00 +0800] "GET /robot/alarm-history-in.php HTTP/1.1" 200 - "-" "python-requests/2.28.1"
172.16.36.181 - - [16/Dec/2025:08:25:55 +0800] "GET /manager-page/api/snapshot.php?id=12&t=0.7942818348322619 HTTP/1.1" 200 36919 "http://192.168.60.79/manager-page/home-1.php" "Mozilla/5.0 (Windows NT 10.0; Win64; x64) AppleWebKit/537.36 (KHTML, like Gecko) Chrome/143.0.0.0 Safari/537.36 Edg/143.0.0.0"
172.16.36.181 - - [16/Dec/2025:08:25:55 +0800] "GET /manager-page/api/snapshot.php?id=11&t=0.5114682747834659 HTTP/1.1" 200 28309 "http://192.168.60.79/manager-page/home-1.php" "Mozilla/5.0 (Windows NT 10.0; Win64; x64) AppleWebKit/537.36 (KHTML, like Gecko) Chrome/143.0.0.0 Safari/537.36 Edg/143.0.0.0"
127.0.0.1 - - [16/Dec/2025:08:26:00 +0800] "GET /robot/alarm-history-in.php HTTP/1.1" 200 - "-" "python-requests/2.28.1"
172.16.36.181 - - [16/Dec/2025:08:26:55 +0800] "GET /manager-page/api/snapshot.php?id=12&t=0.3405660843245746 HTTP/1.1" 200 36619 "http://192.168.60.79/manager-page/home-1.php" "Mozilla/5.0 (Windows NT 10.0; Win64; x64) AppleWebKit/537.36 (KHTML, like Gecko) Chrome/143.0.0.0 Safari/537.36 Edg/143.0.0.0"
172.16.36.181 - - [16/Dec/2025:08:26:55 +0800] "GET /manager-page/api/snapshot.php?id=11&t=0.9897423632910277 HTTP/1.1" 200 28197 "http://192.168.60.79/manager-page/home-1.php" "Mozilla/5.0 (Windows NT 10.0; Win64; x64) AppleWebKit/537.36 (KHTML, like Gecko) Chrome/143.0.0.0 Safari/537.36 Edg/143.0.0.0"
127.0.0.1 - - [16/Dec/2025:08:27:00 +0800] "GET /robot/alarm-history-in.php HTTP/1.1" 200 - "-" "python-requests/2.28.1"
127.0.0.1 - - [16/Dec/2025:08:27:32 +0800] "GET /get-setting.json HTTP/1.1" 200 2314 "-" "python-requests/2.31.0"
127.0.0.1 - - [16/Dec/2025:08:27:32 +0800] "POST /robot/lora-in.php HTTP/1.1" 200 - "-" "python-requests/2.31.0"
127.0.0.1 - - [16/Dec/2025:08:27:36 +0800] "POST /robot/lora-in.php HTTP/1.1" 200 - "-" "python-requests/2.31.0"
111.70.30.250 - - [16/Dec/2025:08:27:37 +0800] "POST /robot/lora-in.php HTTP/1.1" 200 - "-" "python-requests/2.21.0"
111.70.30.251 - - [16/Dec/2025:08:27:38 +0800] "POST /robot/lora-in.php HTTP/1.1" 200 - "-" "python-requests/2.21.0"
127.0.0.1 - - [16/Dec/2025:08:27:41 +0800] "POST /robot/lora-in.php HTTP/1.1" 200 - "-" "python-requests/2.31.0"
127.0.0.1 - - [16/Dec/2025:08:27:45 +0800] "POST /robot/lora-in.php HTTP/1.1" 200 - "-" "python-requests/2.31.0"
127.0.0.1 - - [16/Dec/2025:08:27:47 +0800] "POST /robot/lora-in.php HTTP/1.1" 200 - "-" "python-requests/2.31.0"
127.0.0.1 - - [16/Dec/2025:08:27:50 +0800] "POST /robot/lora-in.php HTTP/1.1" 200 - "-" "python-requests/2.31.0"
172.16.36.181 - - [16/Dec/2025:08:27:55 +0800] "GET /manager-page/api/snapshot.php?id=12&t=0.8722854401587107 HTTP/1.1" 200 36724 "http://192.168.60.79/manager-page/home-1.php" "Mozilla/5.0 (Windows NT 10.0; Win64; x64) AppleWebKit/537.36 (KHTML, like Gecko) Chrome/143.0.0.0 Safari/537.36 Edg/143.0.0.0"
172.16.36.181 - - [16/Dec/2025:08:27:55 +0800] "GET /manager-page/api/snapshot.php?id=11&t=0.09082731473739603 HTTP/1.1" 200 28258 "http://192.168.60.79/manager-page/home-1.php" "Mozilla/5.0 (Windows NT 10.0; Win64; x64) AppleWebKit/537.36 (KHTML, like Gecko) Chrome/143.0.0.0 Safari/537.36 Edg/143.0.0.0"
127.0.0.1 - - [16/Dec/2025:08:28:00 +0800] "GET /robot/alarm-history-in.php HTTP/1.1" 200 - "-" "python-requests/2.28.1"
127.0.0.1 - - [16/Dec/2025:08:28:00 +0800] "POST /robot/lora-in.php HTTP/1.1" 200 - "-" "python-requests/2.31.0"
127.0.0.1 - - [16/Dec/2025:08:28:03 +0800] "POST /robot/lora-in.php HTTP/1.1" 200 - "-" "python-requests/2.31.0"
172.16.36.181 - - [16/Dec/2025:08:28:55 +0800] "GET /manager-page/api/snapshot.php?id=12&t=0.507321002732924 HTTP/1.1" 200 36692 "http://192.168.60.79/manager-page/home-1.php" "Mozilla/5.0 (Windows NT 10.0; Win64; x64) AppleWebKit/537.36 (KHTML, like Gecko) Chrome/143.0.0.0 Safari/537.36 Edg/143.0.0.0"
172.16.36.181 - - [16/Dec/2025:08:28:55 +0800] "GET /manager-page/api/snapshot.php?id=11&t=0.3563000649309296 HTTP/1.1" 200 29923 "http://192.168.60.79/manager-page/home-1.php" "Mozilla/5.0 (Windows NT 10.0; Win64; x64) AppleWebKit/537.36 (KHTML, like Gecko) Chrome/143.0.0.0 Safari/537.36 Edg/143.0.0.0"
127.0.0.1 - - [16/Dec/2025:08:29:00 +0800] "GET /robot/alarm-history-in.php HTTP/1.1" 200 - "-" "python-requests/2.28.1"
172.16.36.181 - - [16/Dec/2025:08:29:41 +0800] "GET /manager-page/api/snapshot.php?id=11&t=0.7803288834011131 HTTP/1.1" 200 28303 "http://192.168.60.79/manager-page/home-1.php" "Mozilla/5.0 (Windows NT 10.0; Win64; x64) AppleWebKit/537.36 (KHTML, like Gecko) Chrome/143.0.0.0 Safari/537.36 Edg/143.0.0.0"
172.16.36.181 - - [16/Dec/2025:08:29:41 +0800] "GET /manager-page/api/snapshot.php?id=12&t=0.0244088471588636 HTTP/1.1" 200 36670 "http://192.168.60.79/manager-page/home-1.php" "Mozilla/5.0 (Windows NT 10.0; Win64; x64) AppleWebKit/537.36 (KHTML, like Gecko) Chrome/143.0.0.0 Safari/537.36 Edg/143.0.0.0"
172.16.36.181 - - [16/Dec/2025:08:29:46 +0800] "GET /manager-page/api/snapshot.php?id=12&t=0.5631538251077288 HTTP/1.1" 200 36675 "http://192.168.60.79/manager-page/home-1.php" "Mozilla/5.0 (Windows NT 10.0; Win64; x64) AppleWebKit/537.36 (KHTML, like Gecko) Chrome/143.0.0.0 Safari/537.36 Edg/143.0.0.0"
172.16.36.181 - - [16/Dec/2025:08:29:46 +0800] "GET /manager-page/api/snapshot.php?id=11&t=0.22142529176785575 HTTP/1.1" 200 28338 "http://192.168.60.79/manager-page/home-1.php" "Mozilla/5.0 (Windows NT 10.0; Win64; x64) AppleWebKit/537.36 (KHTML, like Gecko) Chrome/143.0.0.0 Safari/537.36 Edg/143.0.0.0"
172.16.36.181 - - [16/Dec/2025:08:29:51 +0800] "GET /manager-page/api/snapshot.php?id=12&t=0.3547097270914863 HTTP/1.1" 200 36611 "http://192.168.60.79/manager-page/home-1.php" "Mozilla/5.0 (Windows NT 10.0; Win64; x64) AppleWebKit/537.36 (KHTML, like Gecko) Chrome/143.0.0.0 Safari/537.36 Edg/143.0.0.0"
172.16.36.181 - - [16/Dec/2025:08:29:51 +0800] "GET /manager-page/api/snapshot.php?id=11&t=0.06378098988748859 HTTP/1.1" 200 28327 "http://192.168.60.79/manager-page/home-1.php" "Mozilla/5.0 (Windows NT 10.0; Win64; x64) AppleWebKit/537.36 (KHTML, like Gecko) Chrome/143.0.0.0 Safari/537.36 Edg/143.0.0.0"
172.16.36.181 - - [16/Dec/2025:08:29:56 +0800] "GET /manager-page/api/snapshot.php?id=11&t=0.01602546057194587 HTTP/1.1" 200 28336 "http://192.168.60.79/manager-page/home-1.php" "Mozilla/5.0 (Windows NT 10.0; Win64; x64) AppleWebKit/537.36 (KHTML, like Gecko) Chrome/143.0.0.0 Safari/537.36 Edg/143.0.0.0"
172.16.36.181 - - [16/Dec/2025:08:29:56 +0800] "GET /manager-page/api/snapshot.php?id=12&t=0.6837047272476129 HTTP/1.1" 200 36608 "http://192.168.60.79/manager-page/home-1.php" "Mozilla/5.0 (Windows NT 10.0; Win64; x64) AppleWebKit/537.36 (KHTML, like Gecko) Chrome/143.0.0.0 Safari/537.36 Edg/143.0.0.0"
127.0.0.1 - - [16/Dec/2025:08:29:59 +0800] "POST /robot/et-7026-in.php HTTP/1.1" 200 - "-" "python-requests/2.32.2"
127.0.0.1 - - [16/Dec/2025:08:30:00 +0800] "GET /robot/alarm-history-in.php HTTP/1.1" 200 - "-" "python-requests/2.28.1"
172.16.36.181 - - [16/Dec/2025:08:30:01 +0800] "GET /manager-page/api/snapshot.php?id=12&t=0.8741354678319498 HTTP/1.1" 200 36621 "http://192.168.60.79/manager-page/home-1.php" "Mozilla/5.0 (Windows NT 10.0; Win64; x64) AppleWebKit/537.36 (KHTML, like Gecko) Chrome/143.0.0.0 Safari/537.36 Edg/143.0.0.0"
172.16.36.181 - - [16/Dec/2025:08:30:01 +0800] "GET /manager-page/api/snapshot.php?id=11&t=0.717015041306488 HTTP/1.1" 200 28347 "http://192.168.60.79/manager-page/home-1.php" "Mozilla/5.0 (Windows NT 10.0; Win64; x64) AppleWebKit/537.36 (KHTML, like Gecko) Chrome/143.0.0.0 Safari/537.36 Edg/143.0.0.0"
172.16.36.181 - - [16/Dec/2025:08:30:06 +0800] "GET /manager-page/api/snapshot.php?id=12&t=0.8464198345205315 HTTP/1.1" 200 36648 "http://192.168.60.79/manager-page/home-1.php" "Mozilla/5.0 (Windows NT 10.0; Win64; x64) AppleWebKit/537.36 (KHTML, like Gecko) Chrome/143.0.0.0 Safari/537.36 Edg/143.0.0.0"
172.16.36.181 - - [16/Dec/2025:08:30:06 +0800] "GET /manager-page/api/snapshot.php?id=11&t=0.21313647872229846 HTTP/1.1" 200 28300 "http://192.168.60.79/manager-page/home-1.php" "Mozilla/5.0 (Windows NT 10.0; Win64; x64) AppleWebKit/537.36 (KHTML, like Gecko) Chrome/143.0.0.0 Safari/537.36 Edg/143.0.0.0"
172.16.36.181 - - [16/Dec/2025:08:30:11 +0800] "GET /manager-page/api/snapshot.php?id=12&t=0.6179207892839674 HTTP/1.1" 200 36638 "http://192.168.60.79/manager-page/home-1.php" "Mozilla/5.0 (Windows NT 10.0; Win64; x64) AppleWebKit/537.36 (KHTML, like Gecko) Chrome/143.0.0.0 Safari/537.36 Edg/143.0.0.0"
172.16.36.181 - - [16/Dec/2025:08:30:11 +0800] "GET /manager-page/api/snapshot.php?id=11&t=0.0005115187361053319 HTTP/1.1" 200 28315 "http://192.168.60.79/manager-page/home-1.php" "Mozilla/5.0 (Windows NT 10.0; Win64; x64) AppleWebKit/537.36 (KHTML, like Gecko) Chrome/143.0.0.0 Safari/537.36 Edg/143.0.0.0"
172.16.36.181 - - [16/Dec/2025:08:30:16 +0800] "GET /manager-page/api/snapshot.php?id=12&t=0.8057919086343439 HTTP/1.1" 200 36613 "http://192.168.60.79/manager-page/home-1.php" "Mozilla/5.0 (Windows NT 10.0; Win64; x64) AppleWebKit/537.36 (KHTML, like Gecko) Chrome/143.0.0.0 Safari/537.36 Edg/143.0.0.0"
172.16.36.181 - - [16/Dec/2025:08:30:16 +0800] "GET /manager-page/api/snapshot.php?id=11&t=0.1367733166886681 HTTP/1.1" 200 28309 "http://192.168.60.79/manager-page/home-1.php" "Mozilla/5.0 (Windows NT 10.0; Win64; x64) AppleWebKit/537.36 (KHTML, like Gecko) Chrome/143.0.0.0 Safari/537.36 Edg/143.0.0.0"
172.16.36.181 - - [16/Dec/2025:08:30:21 +0800] "GET /manager-page/api/snapshot.php?id=12&t=0.7567209581478965 HTTP/1.1" 200 36620 "http://192.168.60.79/manager-page/home-1.php" "Mozilla/5.0 (Windows NT 10.0; Win64; x64) AppleWebKit/537.36 (KHTML, like Gecko) Chrome/143.0.0.0 Safari/537.36 Edg/143.0.0.0"
172.16.36.181 - - [16/Dec/2025:08:30:21 +0800] "GET /manager-page/api/snapshot.php?id=11&t=0.4542388436447753 HTTP/1.1" 200 28334 "http://192.168.60.79/manager-page/home-1.php" "Mozilla/5.0 (Windows NT 10.0; Win64; x64) AppleWebKit/537.36 (KHTML, like Gecko) Chrome/143.0.0.0 Safari/537.36 Edg/143.0.0.0"
172.16.36.181 - - [16/Dec/2025:08:30:26 +0800] "GET /manager-page/api/snapshot.php?id=11&t=0.9414682709407566 HTTP/1.1" 200 28381 "http://192.168.60.79/manager-page/home-1.php" "Mozilla/5.0 (Windows NT 10.0; Win64; x64) AppleWebKit/537.36 (KHTML, like Gecko) Chrome/143.0.0.0 Safari/537.36 Edg/143.0.0.0"
172.16.36.181 - - [16/Dec/2025:08:30:26 +0800] "GET /manager-page/api/snapshot.php?id=12&t=0.4676521155132787 HTTP/1.1" 200 36644 "http://192.168.60.79/manager-page/home-1.php" "Mozilla/5.0 (Windows NT 10.0; Win64; x64) AppleWebKit/537.36 (KHTML, like Gecko) Chrome/143.0.0.0 Safari/537.36 Edg/143.0.0.0"
172.16.36.181 - - [16/Dec/2025:08:30:31 +0800] "GET /manager-page/api/snapshot.php?id=11&t=0.8884162184902035 HTTP/1.1" 200 28306 "http://192.168.60.79/manager-page/home-1.php" "Mozilla/5.0 (Windows NT 10.0; Win64; x64) AppleWebKit/537.36 (KHTML, like Gecko) Chrome/143.0.0.0 Safari/537.36 Edg/143.0.0.0"
172.16.36.181 - - [16/Dec/2025:08:30:31 +0800] "GET /manager-page/api/snapshot.php?id=12&t=0.14260157213528724 HTTP/1.1" 200 36623 "http://192.168.60.79/manager-page/home-1.php" "Mozilla/5.0 (Windows NT 10.0; Win64; x64) AppleWebKit/537.36 (KHTML, like Gecko) Chrome/143.0.0.0 Safari/537.36 Edg/143.0.0.0"
172.16.36.181 - - [16/Dec/2025:08:30:36 +0800] "GET /manager-page/api/snapshot.php?id=11&t=0.6859226713249066 HTTP/1.1" 200 28324 "http://192.168.60.79/manager-page/home-1.php" "Mozilla/5.0 (Windows NT 10.0; Win64; x64) AppleWebKit/537.36 (KHTML, like Gecko) Chrome/143.0.0.0 Safari/537.36 Edg/143.0.0.0"
172.16.36.181 - - [16/Dec/2025:08:30:36 +0800] "GET /manager-page/api/snapshot.php?id=12&t=0.5873866217581577 HTTP/1.1" 200 36608 "http://192.168.60.79/manager-page/home-1.php" "Mozilla/5.0 (Windows NT 10.0; Win64; x64) AppleWebKit/537.36 (KHTML, like Gecko) Chrome/143.0.0.0 Safari/537.36 Edg/143.0.0.0"
172.16.36.181 - - [16/Dec/2025:08:30:41 +0800] "GET /manager-page/api/snapshot.php?id=11&t=0.38600830505166495 HTTP/1.1" 200 28260 "http://192.168.60.79/manager-page/home-1.php" "Mozilla/5.0 (Windows NT 10.0; Win64; x64) AppleWebKit/537.36 (KHTML, like Gecko) Chrome/143.0.0.0 Safari/537.36 Edg/143.0.0.0"
172.16.36.181 - - [16/Dec/2025:08:30:41 +0800] "GET /manager-page/api/snapshot.php?id=12&t=0.6880879721893105 HTTP/1.1" 200 36582 "http://192.168.60.79/manager-page/home-1.php" "Mozilla/5.0 (Windows NT 10.0; Win64; x64) AppleWebKit/537.36 (KHTML, like Gecko) Chrome/143.0.0.0 Safari/537.36 Edg/143.0.0.0"
111.70.30.253 - - [16/Dec/2025:08:30:55 +0800] "POST /robot/lora-in.php HTTP/1.1" 200 - "-" "python-requests/2.21.0"
172.16.36.181 - - [16/Dec/2025:08:30:55 +0800] "GET /manager-page/api/snapshot.php?id=11&t=0.6003163211749295 HTTP/1.1" 200 28225 "http://192.168.60.79/manager-page/home-1.php" "Mozilla/5.0 (Windows NT 10.0; Win64; x64) AppleWebKit/537.36 (KHTML, like Gecko) Chrome/143.0.0.0 Safari/537.36 Edg/143.0.0.0"
172.16.36.181 - - [16/Dec/2025:08:30:55 +0800] "GET /manager-page/api/snapshot.php?id=12&t=0.4438211135976239 HTTP/1.1" 200 36540 "http://192.168.60.79/manager-page/home-1.php" "Mozilla/5.0 (Windows NT 10.0; Win64; x64) AppleWebKit/537.36 (KHTML, like Gecko) Chrome/143.0.0.0 Safari/537.36 Edg/143.0.0.0"
127.0.0.1 - - [16/Dec/2025:08:31:00 +0800] "GET /robot/alarm-history-in.php HTTP/1.1" 200 - "-" "python-requests/2.28.1"
127.0.0.1 - - [16/Dec/2025:08:31:17 +0800] "POST /robot/et-7026-in.php HTTP/1.1" 200 - "-" "python-requests/2.32.2"
172.16.36.181 - - [16/Dec/2025:08:31:55 +0800] "GET /manager-page/api/snapshot.php?id=11&t=0.3230541620938491 HTTP/1.1" 200 28364 "http://192.168.60.79/manager-page/home-1.php" "Mozilla/5.0 (Windows NT 10.0; Win64; x64) AppleWebKit/537.36 (KHTML, like Gecko) Chrome/143.0.0.0 Safari/537.36 Edg/143.0.0.0"
172.16.36.181 - - [16/Dec/2025:08:31:55 +0800] "GET /manager-page/api/snapshot.php?id=12&t=0.7106837736257703 HTTP/1.1" 200 37031 "http://192.168.60.79/manager-page/home-1.php" "Mozilla/5.0 (Windows NT 10.0; Win64; x64) AppleWebKit/537.36 (KHTML, like Gecko) Chrome/143.0.0.0 Safari/537.36 Edg/143.0.0.0"
127.0.0.1 - - [16/Dec/2025:08:32:00 +0800] "GET /robot/alarm-history-in.php HTTP/1.1" 200 - "-" "python-requests/2.28.1"
127.0.0.1 - - [16/Dec/2025:08:32:11 +0800] "POST /robot/et-7026-in.php HTTP/1.1" 200 - "-" "python-requests/2.32.2"
127.0.0.1 - - [16/Dec/2025:08:32:30 +0800] "POST /robot/et-7026-in.php HTTP/1.1" 200 - "-" "python-requests/2.32.2"
172.16.36.181 - - [16/Dec/2025:08:32:55 +0800] "GET /manager-page/api/snapshot.php?id=11&t=0.5702697591072138 HTTP/1.1" 200 28320 "http://192.168.60.79/manager-page/home-1.php" "Mozilla/5.0 (Windows NT 10.0; Win64; x64) AppleWebKit/537.36 (KHTML, like Gecko) Chrome/143.0.0.0 Safari/537.36 Edg/143.0.0.0"
172.16.36.181 - - [16/Dec/2025:08:32:55 +0800] "GET /manager-page/api/snapshot.php?id=12&t=0.38607314544753546 HTTP/1.1" 200 36537 "http://192.168.60.79/manager-page/home-1.php" "Mozilla/5.0 (Windows NT 10.0; Win64; x64) AppleWebKit/537.36 (KHTML, like Gecko) Chrome/143.0.0.0 Safari/537.36 Edg/143.0.0.0"
127.0.0.1 - - [16/Dec/2025:08:33:00 +0800] "GET /robot/alarm-history-in.php HTTP/1.1" 200 - "-" "python-requests/2.28.1"
111.70.30.252 - - [16/Dec/2025:08:33:26 +0800] "POST /robot/lora-in.php HTTP/1.1" 200 - "-" "python-requests/2.21.0"
172.16.36.181 - - [16/Dec/2025:08:33:55 +0800] "GET /manager-page/api/snapshot.php?id=12&t=0.6307000395169572 HTTP/1.1" 200 37332 "http://192.168.60.79/manager-page/home-1.php" "Mozilla/5.0 (Windows NT 10.0; Win64; x64) AppleWebKit/537.36 (KHTML, like Gecko) Chrome/143.0.0.0 Safari/537.36 Edg/143.0.0.0"
172.16.36.181 - - [16/Dec/2025:08:33:55 +0800] "GET /manager-page/api/snapshot.php?id=11&t=0.6485525766319232 HTTP/1.1" 200 28502 "http://192.168.60.79/manager-page/home-1.php" "Mozilla/5.0 (Windows NT 10.0; Win64; x64) AppleWebKit/537.36 (KHTML, like Gecko) Chrome/143.0.0.0 Safari/537.36 Edg/143.0.0.0"
127.0.0.1 - - [16/Dec/2025:08:34:00 +0800] "GET /robot/alarm-history-in.php HTTP/1.1" 200 - "-" "python-requests/2.28.1"
172.16.36.181 - - [16/Dec/2025:08:34:55 +0800] "GET /manager-page/api/snapshot.php?id=11&t=0.934317458590912 HTTP/1.1" 200 28467 "http://192.168.60.79/manager-page/home-1.php" "Mozilla/5.0 (Windows NT 10.0; Win64; x64) AppleWebKit/537.36 (KHTML, like Gecko) Chrome/143.0.0.0 Safari/537.36 Edg/143.0.0.0"
172.16.36.181 - - [16/Dec/2025:08:34:55 +0800] "GET /manager-page/api/snapshot.php?id=12&t=0.46888103630466826 HTTP/1.1" 200 36581 "http://192.168.60.79/manager-page/home-1.php" "Mozilla/5.0 (Windows NT 10.0; Win64; x64) AppleWebKit/537.36 (KHTML, like Gecko) Chrome/143.0.0.0 Safari/537.36 Edg/143.0.0.0"
127.0.0.1 - - [16/Dec/2025:08:35:00 +0800] "GET /robot/alarm-history-in.php HTTP/1.1" 200 - "-" "python-requests/2.28.1"
172.16.36.181 - - [16/Dec/2025:08:35:55 +0800] "GET /manager-page/api/snapshot.php?id=12&t=0.6979320327002968 HTTP/1.1" 200 36307 "http://192.168.60.79/manager-page/home-1.php" "Mozilla/5.0 (Windows NT 10.0; Win64; x64) AppleWebKit/537.36 (KHTML, like Gecko) Chrome/143.0.0.0 Safari/537.36 Edg/143.0.0.0"
172.16.36.181 - - [16/Dec/2025:08:35:55 +0800] "GET /manager-page/api/snapshot.php?id=11&t=0.9414190529631056 HTTP/1.1" 200 28454 "http://192.168.60.79/manager-page/home-1.php" "Mozilla/5.0 (Windows NT 10.0; Win64; x64) AppleWebKit/537.36 (KHTML, like Gecko) Chrome/143.0.0.0 Safari/537.36 Edg/143.0.0.0"
127.0.0.1 - - [16/Dec/2025:08:36:00 +0800] "GET /robot/alarm-history-in.php HTTP/1.1" 200 - "-" "python-requests/2.28.1"
