127.0.0.1 - - [03/Apr/2025:20:37:00 +0800] "GET /robot/alarm-history-in.php HTTP/1.1" 200 - "-" "python-requests/2.28.1"
111.70.30.251 - - [03/Apr/2025:20:37:02 +0800] "POST /robot/lora-in.php HTTP/1.1" 200 - "-" "python-requests/2.21.0"
111.70.30.253 - - [03/Apr/2025:20:37:07 +0800] "POST /robot/lora-in.php HTTP/1.1" 200 - "-" "python-requests/2.21.0"
127.0.0.1 - - [03/Apr/2025:20:37:13 +0800] "POST /robot/et-7026-in.php HTTP/1.1" 200 - "-" "python-requests/2.32.2"
127.0.0.1 - - [03/Apr/2025:20:37:31 +0800] "POST /robot/et-7026-in.php HTTP/1.1" 200 - "-" "python-requests/2.32.2"
127.0.0.1 - - [03/Apr/2025:20:37:40 +0800] "POST /robot/et-7026-in.php HTTP/1.1" 200 - "-" "python-requests/2.32.2"
127.0.0.1 - - [03/Apr/2025:20:37:49 +0800] "POST /robot/et-7026-in.php HTTP/1.1" 200 - "-" "python-requests/2.32.2"
127.0.0.1 - - [03/Apr/2025:20:38:00 +0800] "GET /robot/alarm-history-in.php HTTP/1.1" 200 - "-" "python-requests/2.28.1"
127.0.0.1 - - [03/Apr/2025:20:39:00 +0800] "GET /robot/alarm-history-in.php HTTP/1.1" 200 - "-" "python-requests/2.28.1"
127.0.0.1 - - [03/Apr/2025:20:40:00 +0800] "GET /robot/alarm-history-in.php HTTP/1.1" 200 - "-" "python-requests/2.28.1"
111.70.30.251 - - [03/Apr/2025:20:40:18 +0800] "POST /robot/lora-in.php HTTP/1.1" 200 - "-" "python-requests/2.21.0"
127.0.0.1 - - [03/Apr/2025:20:41:00 +0800] "GET /robot/alarm-history-in.php HTTP/1.1" 200 - "-" "python-requests/2.28.1"
127.0.0.1 - - [03/Apr/2025:20:42:00 +0800] "GET /robot/alarm-history-in.php HTTP/1.1" 200 - "-" "python-requests/2.28.1"
111.70.30.250 - - [03/Apr/2025:20:42:21 +0800] "POST /robot/lora-in.php HTTP/1.1" 200 - "-" "python-requests/2.21.0"
111.70.30.252 - - [03/Apr/2025:20:42:48 +0800] "POST /robot/lora-in.php HTTP/1.1" 200 - "-" "python-requests/2.21.0"
127.0.0.1 - - [03/Apr/2025:20:43:00 +0800] "GET /robot/alarm-history-in.php HTTP/1.1" 200 - "-" "python-requests/2.28.1"
127.0.0.1 - - [03/Apr/2025:20:44:00 +0800] "GET /robot/alarm-history-in.php HTTP/1.1" 200 - "-" "python-requests/2.28.1"
111.70.30.251 - - [03/Apr/2025:20:44:17 +0800] "POST /robot/lora-in.php HTTP/1.1" 200 - "-" "python-requests/2.21.0"
127.0.0.1 - - [03/Apr/2025:20:45:00 +0800] "GET /robot/alarm-history-in.php HTTP/1.1" 200 - "-" "python-requests/2.28.1"
111.70.30.251 - - [03/Apr/2025:20:45:29 +0800] "POST /robot/lora-in.php HTTP/1.1" 200 - "-" "python-requests/2.21.0"
111.70.30.251 - - [03/Apr/2025:20:45:37 +0800] "POST /robot/lora-in.php HTTP/1.1" 200 - "-" "python-requests/2.21.0"
111.70.30.253 - - [03/Apr/2025:20:45:53 +0800] "POST /robot/lora-in.php HTTP/1.1" 200 - "-" "python-requests/2.21.0"
127.0.0.1 - - [03/Apr/2025:20:46:00 +0800] "GET /robot/alarm-history-in.php HTTP/1.1" 200 - "-" "python-requests/2.28.1"
127.0.0.1 - - [03/Apr/2025:20:46:19 +0800] "POST /robot/lora-in.php HTTP/1.1" 200 - "-" "python-requests/2.31.0"
127.0.0.1 - - [03/Apr/2025:20:46:26 +0800] "POST /robot/lora-in.php HTTP/1.1" 200 - "-" "python-requests/2.31.0"
127.0.0.1 - - [03/Apr/2025:20:46:36 +0800] "POST /robot/lora-in.php HTTP/1.1" 200 - "-" "python-requests/2.31.0"
127.0.0.1 - - [03/Apr/2025:20:46:38 +0800] "POST /robot/lora-in.php HTTP/1.1" 200 - "-" "python-requests/2.31.0"
127.0.0.1 - - [03/Apr/2025:20:46:46 +0800] "POST /robot/lora-in.php HTTP/1.1" 200 - "-" "python-requests/2.31.0"
127.0.0.1 - - [03/Apr/2025:20:46:51 +0800] "POST /robot/lora-in.php HTTP/1.1" 200 - "-" "python-requests/2.31.0"
127.0.0.1 - - [03/Apr/2025:20:47:01 +0800] "POST /robot/lora-in.php HTTP/1.1" 200 - "-" "python-requests/2.31.0"
127.0.0.1 - - [03/Apr/2025:20:47:00 +0800] "GET /robot/alarm-history-in.php HTTP/1.1" 200 - "-" "python-requests/2.28.1"
127.0.0.1 - - [03/Apr/2025:20:47:15 +0800] "POST /robot/et-7026-in.php HTTP/1.1" 200 - "-" "python-requests/2.32.2"
127.0.0.1 - - [03/Apr/2025:20:47:32 +0800] "POST /robot/et-7026-in.php HTTP/1.1" 200 - "-" "python-requests/2.32.2"
127.0.0.1 - - [03/Apr/2025:20:47:41 +0800] "POST /robot/et-7026-in.php HTTP/1.1" 200 - "-" "python-requests/2.32.2"
127.0.0.1 - - [03/Apr/2025:20:47:52 +0800] "POST /robot/et-7026-in.php HTTP/1.1" 200 - "-" "python-requests/2.32.2"
127.0.0.1 - - [03/Apr/2025:20:48:00 +0800] "GET /robot/alarm-history-in.php HTTP/1.1" 200 - "-" "python-requests/2.28.1"
111.70.30.251 - - [03/Apr/2025:20:48:15 +0800] "POST /robot/lora-in.php HTTP/1.1" 200 - "-" "python-requests/2.21.0"
127.0.0.1 - - [03/Apr/2025:20:49:00 +0800] "GET /robot/alarm-history-in.php HTTP/1.1" 200 - "-" "python-requests/2.28.1"
127.0.0.1 - - [03/Apr/2025:20:50:00 +0800] "GET /robot/alarm-history-in.php HTTP/1.1" 200 - "-" "python-requests/2.28.1"
127.0.0.1 - - [03/Apr/2025:20:51:00 +0800] "GET /robot/alarm-history-in.php HTTP/1.1" 200 - "-" "python-requests/2.28.1"
127.0.0.1 - - [03/Apr/2025:20:52:00 +0800] "GET /robot/alarm-history-in.php HTTP/1.1" 200 - "-" "python-requests/2.28.1"
111.70.30.252 - - [03/Apr/2025:20:52:04 +0800] "POST /robot/lora-in.php HTTP/1.1" 200 - "-" "python-requests/2.21.0"
111.70.30.251 - - [03/Apr/2025:20:52:14 +0800] "POST /robot/lora-in.php HTTP/1.1" 200 - "-" "python-requests/2.21.0"
127.0.0.1 - - [03/Apr/2025:20:53:00 +0800] "GET /robot/alarm-history-in.php HTTP/1.1" 200 - "-" "python-requests/2.28.1"
111.70.30.251 - - [03/Apr/2025:20:53:45 +0800] "POST /robot/lora-in.php HTTP/1.1" 200 - "-" "python-requests/2.21.0"
127.0.0.1 - - [03/Apr/2025:20:54:00 +0800] "GET /robot/alarm-history-in.php HTTP/1.1" 200 - "-" "python-requests/2.28.1"
111.70.30.253 - - [03/Apr/2025:20:54:40 +0800] "POST /robot/lora-in.php HTTP/1.1" 200 - "-" "python-requests/2.21.0"
127.0.0.1 - - [03/Apr/2025:20:55:00 +0800] "GET /robot/alarm-history-in.php HTTP/1.1" 200 - "-" "python-requests/2.28.1"
111.70.30.251 - - [03/Apr/2025:20:55:25 +0800] "POST /robot/lora-in.php HTTP/1.1" 200 - "-" "python-requests/2.21.0"
127.0.0.1 - - [03/Apr/2025:20:56:00 +0800] "GET /robot/alarm-history-in.php HTTP/1.1" 200 - "-" "python-requests/2.28.1"
111.70.30.251 - - [03/Apr/2025:20:56:13 +0800] "POST /robot/lora-in.php HTTP/1.1" 200 - "-" "python-requests/2.21.0"
127.0.0.1 - - [03/Apr/2025:20:56:20 +0800] "POST /robot/lora-in.php HTTP/1.1" 200 - "-" "python-requests/2.31.0"
127.0.0.1 - - [03/Apr/2025:20:56:22 +0800] "POST /robot/lora-in.php HTTP/1.1" 200 - "-" "python-requests/2.31.0"
127.0.0.1 - - [03/Apr/2025:20:56:25 +0800] "POST /robot/lora-in.php HTTP/1.1" 200 - "-" "python-requests/2.31.0"
127.0.0.1 - - [03/Apr/2025:20:56:27 +0800] "POST /robot/lora-in.php HTTP/1.1" 200 - "-" "python-requests/2.31.0"
127.0.0.1 - - [03/Apr/2025:20:56:34 +0800] "POST /robot/lora-in.php HTTP/1.1" 200 - "-" "python-requests/2.31.0"
127.0.0.1 - - [03/Apr/2025:20:56:41 +0800] "POST /robot/lora-in.php HTTP/1.1" 200 - "-" "python-requests/2.31.0"
127.0.0.1 - - [03/Apr/2025:20:56:49 +0800] "POST /robot/lora-in.php HTTP/1.1" 200 - "-" "python-requests/2.31.0"
127.0.0.1 - - [03/Apr/2025:20:57:00 +0800] "GET /robot/alarm-history-in.php HTTP/1.1" 200 - "-" "python-requests/2.28.1"
127.0.0.1 - - [03/Apr/2025:20:57:18 +0800] "POST /robot/et-7026-in.php HTTP/1.1" 200 - "-" "python-requests/2.32.2"
127.0.0.1 - - [03/Apr/2025:20:57:34 +0800] "POST /robot/et-7026-in.php HTTP/1.1" 200 - "-" "python-requests/2.32.2"
127.0.0.1 - - [03/Apr/2025:20:57:43 +0800] "POST /robot/et-7026-in.php HTTP/1.1" 200 - "-" "python-requests/2.32.2"
127.0.0.1 - - [03/Apr/2025:20:57:55 +0800] "POST /robot/et-7026-in.php HTTP/1.1" 200 - "-" "python-requests/2.32.2"
127.0.0.1 - - [03/Apr/2025:20:58:00 +0800] "GET /robot/alarm-history-in.php HTTP/1.1" 200 - "-" "python-requests/2.28.1"
127.0.0.1 - - [03/Apr/2025:20:59:00 +0800] "GET /robot/alarm-history-in.php HTTP/1.1" 200 - "-" "python-requests/2.28.1"
111.70.30.250 - - [03/Apr/2025:20:59:33 +0800] "POST /robot/lora-in.php HTTP/1.1" 200 - "-" "python-requests/2.21.0"
127.0.0.1 - - [03/Apr/2025:21:00:00 +0800] "GET /robot/alarm-history-in.php HTTP/1.1" 200 - "-" "python-requests/2.28.1"
111.70.30.251 - - [03/Apr/2025:21:00:11 +0800] "POST /robot/lora-in.php HTTP/1.1" 200 - "-" "python-requests/2.21.0"
127.0.0.1 - - [03/Apr/2025:21:00:14 +0800] "GET /manager-page/login.php HTTP/1.1" 200 2365 "-" "Mozilla/5.0 (Windows NT 10.0; Win64; x64) AppleWebKit/537.36 (KHTML, like Gecko) Chrome/119.0.0.0 Safari/537.36"
127.0.0.1 - - [03/Apr/2025:21:00:15 +0800] "POST /manager-page/login.php HTTP/1.1" 302 - "http://127.0.0.1/manager-page/login.php" "Mozilla/5.0 (Windows NT 10.0; Win64; x64) AppleWebKit/537.36 (KHTML, like Gecko) Chrome/119.0.0.0 Safari/537.36"
127.0.0.1 - - [03/Apr/2025:21:00:15 +0800] "GET /manager-page/home.php HTTP/1.1" 302 - "http://127.0.0.1/manager-page/login.php" "Mozilla/5.0 (Windows NT 10.0; Win64; x64) AppleWebKit/537.36 (KHTML, like Gecko) Chrome/119.0.0.0 Safari/537.36"
127.0.0.1 - - [03/Apr/2025:21:00:15 +0800] "GET /manager-page/alarm/1-2.jpg?t=539130362 HTTP/1.1" 200 282261 "http://127.0.0.1/manager-page/home-1.php" "Mozilla/5.0 (Windows NT 10.0; Win64; x64) AppleWebKit/537.36 (KHTML, like Gecko) Chrome/119.0.0.0 Safari/537.36"
127.0.0.1 - - [03/Apr/2025:21:00:15 +0800] "GET /manager-page/alarm/1-1.jpg?t=656072043 HTTP/1.1" 200 322868 "http://127.0.0.1/manager-page/home-1.php" "Mozilla/5.0 (Windows NT 10.0; Win64; x64) AppleWebKit/537.36 (KHTML, like Gecko) Chrome/119.0.0.0 Safari/537.36"
127.0.0.1 - - [03/Apr/2025:21:00:15 +0800] "GET /manager-page/home-1.php HTTP/1.1" 200 30148 "http://127.0.0.1/manager-page/login.php" "Mozilla/5.0 (Windows NT 10.0; Win64; x64) AppleWebKit/537.36 (KHTML, like Gecko) Chrome/119.0.0.0 Safari/537.36"
127.0.0.1 - - [03/Apr/2025:21:00:15 +0800] "GET /manager-page/api/snapshot.php?id=11 HTTP/1.1" 200 13820 "http://127.0.0.1/manager-page/home-1.php" "Mozilla/5.0 (Windows NT 10.0; Win64; x64) AppleWebKit/537.36 (KHTML, like Gecko) Chrome/119.0.0.0 Safari/537.36"
127.0.0.1 - - [03/Apr/2025:21:00:15 +0800] "GET /manager-page/api/snapshot.php?id=12 HTTP/1.1" 200 26533 "http://127.0.0.1/manager-page/home-1.php" "Mozilla/5.0 (Windows NT 10.0; Win64; x64) AppleWebKit/537.36 (KHTML, like Gecko) Chrome/119.0.0.0 Safari/537.36"
127.0.0.1 - - [03/Apr/2025:21:00:19 +0800] "GET /manager-page/alarm/2-1.jpg?t=377975315 HTTP/1.1" 200 339428 "http://127.0.0.1/manager-page/home-2.php" "Mozilla/5.0 (Windows NT 10.0; Win64; x64) AppleWebKit/537.36 (KHTML, like Gecko) Chrome/119.0.0.0 Safari/537.36"
127.0.0.1 - - [03/Apr/2025:21:00:19 +0800] "GET /manager-page/alarm/2-2.jpg?t=2021104798 HTTP/1.1" 200 491657 "http://127.0.0.1/manager-page/home-2.php" "Mozilla/5.0 (Windows NT 10.0; Win64; x64) AppleWebKit/537.36 (KHTML, like Gecko) Chrome/119.0.0.0 Safari/537.36"
127.0.0.1 - - [03/Apr/2025:21:00:18 +0800] "GET /manager-page/home-2.php HTTP/1.1" 200 30148 "http://127.0.0.1/manager-page/home-1.php" "Mozilla/5.0 (Windows NT 10.0; Win64; x64) AppleWebKit/537.36 (KHTML, like Gecko) Chrome/119.0.0.0 Safari/537.36"
127.0.0.1 - - [03/Apr/2025:21:00:21 +0800] "GET /favicon.ico HTTP/1.1" 404 196 "http://127.0.0.1/manager-page/home-2.php" "Mozilla/5.0 (Windows NT 10.0; Win64; x64) AppleWebKit/537.36 (KHTML, like Gecko) Chrome/119.0.0.0 Safari/537.36"
127.0.0.1 - - [03/Apr/2025:21:00:19 +0800] "GET /manager-page/api/snapshot.php?id=21 HTTP/1.1" 200 21553 "http://127.0.0.1/manager-page/home-2.php" "Mozilla/5.0 (Windows NT 10.0; Win64; x64) AppleWebKit/537.36 (KHTML, like Gecko) Chrome/119.0.0.0 Safari/537.36"
127.0.0.1 - - [03/Apr/2025:21:00:19 +0800] "GET /manager-page/api/snapshot.php?id=22 HTTP/1.1" 200 381 "http://127.0.0.1/manager-page/home-2.php" "Mozilla/5.0 (Windows NT 10.0; Win64; x64) AppleWebKit/537.36 (KHTML, like Gecko) Chrome/119.0.0.0 Safari/537.36"
127.0.0.1 - - [03/Apr/2025:21:00:22 +0800] "GET /manager-page/live/2-2.jpg HTTP/1.1" 200 23109 "http://127.0.0.1/manager-page/home-2.php" "Mozilla/5.0 (Windows NT 10.0; Win64; x64) AppleWebKit/537.36 (KHTML, like Gecko) Chrome/119.0.0.0 Safari/537.36"
127.0.0.1 - - [03/Apr/2025:21:00:21 +0800] "GET /manager-page/api/lp-status2.php HTTP/1.1" 200 1 "http://127.0.0.1/manager-page/home-2.php" "Mozilla/5.0 (Windows NT 10.0; Win64; x64) AppleWebKit/537.36 (KHTML, like Gecko) Chrome/119.0.0.0 Safari/537.36"
127.0.0.1 - - [03/Apr/2025:21:00:21 +0800] "GET /manager-page/api/cms-status2.php HTTP/1.1" 200 12 "http://127.0.0.1/manager-page/home-2.php" "Mozilla/5.0 (Windows NT 10.0; Win64; x64) AppleWebKit/537.36 (KHTML, like Gecko) Chrome/119.0.0.0 Safari/537.36"
127.0.0.1 - - [03/Apr/2025:21:00:26 +0800] "GET /manager-page/api/snapshot.php?id=21&t=0.12941362658030275 HTTP/1.1" 200 21523 "http://127.0.0.1/manager-page/home-2.php" "Mozilla/5.0 (Windows NT 10.0; Win64; x64) AppleWebKit/537.36 (KHTML, like Gecko) Chrome/119.0.0.0 Safari/537.36"
127.0.0.1 - - [03/Apr/2025:21:00:26 +0800] "GET /manager-page/api/snapshot.php?id=22&t=0.3596850998408172 HTTP/1.1" 200 381 "http://127.0.0.1/manager-page/home-2.php" "Mozilla/5.0 (Windows NT 10.0; Win64; x64) AppleWebKit/537.36 (KHTML, like Gecko) Chrome/119.0.0.0 Safari/537.36"
127.0.0.1 - - [03/Apr/2025:21:00:31 +0800] "GET /manager-page/api/snapshot.php?id=21&t=0.997551859550436 HTTP/1.1" 200 21713 "http://127.0.0.1/manager-page/home-2.php" "Mozilla/5.0 (Windows NT 10.0; Win64; x64) AppleWebKit/537.36 (KHTML, like Gecko) Chrome/119.0.0.0 Safari/537.36"
127.0.0.1 - - [03/Apr/2025:21:00:31 +0800] "GET /manager-page/api/snapshot.php?id=22&t=0.7284430382727733 HTTP/1.1" 200 381 "http://127.0.0.1/manager-page/home-2.php" "Mozilla/5.0 (Windows NT 10.0; Win64; x64) AppleWebKit/537.36 (KHTML, like Gecko) Chrome/119.0.0.0 Safari/537.36"
127.0.0.1 - - [03/Apr/2025:21:00:36 +0800] "GET /manager-page/api/snapshot.php?id=21&t=0.575424651811006 HTTP/1.1" 200 21504 "http://127.0.0.1/manager-page/home-2.php" "Mozilla/5.0 (Windows NT 10.0; Win64; x64) AppleWebKit/537.36 (KHTML, like Gecko) Chrome/119.0.0.0 Safari/537.36"
127.0.0.1 - - [03/Apr/2025:21:00:36 +0800] "GET /manager-page/api/snapshot.php?id=22&t=0.7773115559426669 HTTP/1.1" 200 381 "http://127.0.0.1/manager-page/home-2.php" "Mozilla/5.0 (Windows NT 10.0; Win64; x64) AppleWebKit/537.36 (KHTML, like Gecko) Chrome/119.0.0.0 Safari/537.36"
127.0.0.1 - - [03/Apr/2025:21:00:41 +0800] "GET /manager-page/api/snapshot.php?id=22&t=0.1031522630555406 HTTP/1.1" 200 381 "http://127.0.0.1/manager-page/home-2.php" "Mozilla/5.0 (Windows NT 10.0; Win64; x64) AppleWebKit/537.36 (KHTML, like Gecko) Chrome/119.0.0.0 Safari/537.36"
127.0.0.1 - - [03/Apr/2025:21:00:41 +0800] "GET /manager-page/api/snapshot.php?id=21&t=0.22948925897981276 HTTP/1.1" 200 21494 "http://127.0.0.1/manager-page/home-2.php" "Mozilla/5.0 (Windows NT 10.0; Win64; x64) AppleWebKit/537.36 (KHTML, like Gecko) Chrome/119.0.0.0 Safari/537.36"
127.0.0.1 - - [03/Apr/2025:21:00:46 +0800] "GET /manager-page/api/snapshot.php?id=21&t=0.8355078646930463 HTTP/1.1" 200 21859 "http://127.0.0.1/manager-page/home-2.php" "Mozilla/5.0 (Windows NT 10.0; Win64; x64) AppleWebKit/537.36 (KHTML, like Gecko) Chrome/119.0.0.0 Safari/537.36"
127.0.0.1 - - [03/Apr/2025:21:00:46 +0800] "GET /manager-page/api/snapshot.php?id=22&t=0.6897284384350908 HTTP/1.1" 200 381 "http://127.0.0.1/manager-page/home-2.php" "Mozilla/5.0 (Windows NT 10.0; Win64; x64) AppleWebKit/537.36 (KHTML, like Gecko) Chrome/119.0.0.0 Safari/537.36"
127.0.0.1 - - [03/Apr/2025:21:00:51 +0800] "GET /manager-page/api/snapshot.php?id=21&t=0.770206287673906 HTTP/1.1" 200 21569 "http://127.0.0.1/manager-page/home-2.php" "Mozilla/5.0 (Windows NT 10.0; Win64; x64) AppleWebKit/537.36 (KHTML, like Gecko) Chrome/119.0.0.0 Safari/537.36"
127.0.0.1 - - [03/Apr/2025:21:00:51 +0800] "GET /manager-page/api/snapshot.php?id=22&t=0.895379610609925 HTTP/1.1" 200 381 "http://127.0.0.1/manager-page/home-2.php" "Mozilla/5.0 (Windows NT 10.0; Win64; x64) AppleWebKit/537.36 (KHTML, like Gecko) Chrome/119.0.0.0 Safari/537.36"
127.0.0.1 - - [03/Apr/2025:21:00:56 +0800] "GET /manager-page/api/snapshot.php?id=22&t=0.5684886068055788 HTTP/1.1" 200 381 "http://127.0.0.1/manager-page/home-2.php" "Mozilla/5.0 (Windows NT 10.0; Win64; x64) AppleWebKit/537.36 (KHTML, like Gecko) Chrome/119.0.0.0 Safari/537.36"
127.0.0.1 - - [03/Apr/2025:21:00:56 +0800] "GET /manager-page/api/snapshot.php?id=21&t=0.40453842635247983 HTTP/1.1" 200 21491 "http://127.0.0.1/manager-page/home-2.php" "Mozilla/5.0 (Windows NT 10.0; Win64; x64) AppleWebKit/537.36 (KHTML, like Gecko) Chrome/119.0.0.0 Safari/537.36"
127.0.0.1 - - [03/Apr/2025:21:01:00 +0800] "GET /robot/alarm-history-in.php HTTP/1.1" 200 - "-" "python-requests/2.28.1"
127.0.0.1 - - [03/Apr/2025:21:01:01 +0800] "GET /manager-page/api/snapshot.php?id=22&t=0.6851081093783555 HTTP/1.1" 200 381 "http://127.0.0.1/manager-page/home-2.php" "Mozilla/5.0 (Windows NT 10.0; Win64; x64) AppleWebKit/537.36 (KHTML, like Gecko) Chrome/119.0.0.0 Safari/537.36"
127.0.0.1 - - [03/Apr/2025:21:01:01 +0800] "GET /manager-page/api/snapshot.php?id=21&t=0.3785962569172101 HTTP/1.1" 200 21597 "http://127.0.0.1/manager-page/home-2.php" "Mozilla/5.0 (Windows NT 10.0; Win64; x64) AppleWebKit/537.36 (KHTML, like Gecko) Chrome/119.0.0.0 Safari/537.36"
127.0.0.1 - - [03/Apr/2025:21:01:06 +0800] "GET /manager-page/api/snapshot.php?id=22&t=0.5970132635586061 HTTP/1.1" 200 381 "http://127.0.0.1/manager-page/home-2.php" "Mozilla/5.0 (Windows NT 10.0; Win64; x64) AppleWebKit/537.36 (KHTML, like Gecko) Chrome/119.0.0.0 Safari/537.36"
127.0.0.1 - - [03/Apr/2025:21:01:06 +0800] "GET /manager-page/api/snapshot.php?id=21&t=0.04136893391809293 HTTP/1.1" 200 21505 "http://127.0.0.1/manager-page/home-2.php" "Mozilla/5.0 (Windows NT 10.0; Win64; x64) AppleWebKit/537.36 (KHTML, like Gecko) Chrome/119.0.0.0 Safari/537.36"
127.0.0.1 - - [03/Apr/2025:21:01:11 +0800] "GET /manager-page/api/snapshot.php?id=21&t=0.9224082820005608 HTTP/1.1" 200 21523 "http://127.0.0.1/manager-page/home-2.php" "Mozilla/5.0 (Windows NT 10.0; Win64; x64) AppleWebKit/537.36 (KHTML, like Gecko) Chrome/119.0.0.0 Safari/537.36"
127.0.0.1 - - [03/Apr/2025:21:01:11 +0800] "GET /manager-page/api/snapshot.php?id=22&t=0.15434912753056818 HTTP/1.1" 200 381 "http://127.0.0.1/manager-page/home-2.php" "Mozilla/5.0 (Windows NT 10.0; Win64; x64) AppleWebKit/537.36 (KHTML, like Gecko) Chrome/119.0.0.0 Safari/537.36"
127.0.0.1 - - [03/Apr/2025:21:01:16 +0800] "GET /manager-page/api/snapshot.php?id=21&t=0.5757493194063641 HTTP/1.1" 200 21534 "http://127.0.0.1/manager-page/home-2.php" "Mozilla/5.0 (Windows NT 10.0; Win64; x64) AppleWebKit/537.36 (KHTML, like Gecko) Chrome/119.0.0.0 Safari/537.36"
127.0.0.1 - - [03/Apr/2025:21:01:16 +0800] "GET /manager-page/api/snapshot.php?id=22&t=0.8359745009312611 HTTP/1.1" 200 381 "http://127.0.0.1/manager-page/home-2.php" "Mozilla/5.0 (Windows NT 10.0; Win64; x64) AppleWebKit/537.36 (KHTML, like Gecko) Chrome/119.0.0.0 Safari/537.36"
111.70.30.252 - - [03/Apr/2025:21:01:17 +0800] "POST /robot/lora-in.php HTTP/1.1" 200 - "-" "python-requests/2.21.0"
127.0.0.1 - - [03/Apr/2025:21:01:21 +0800] "GET /manager-page/api/snapshot.php?id=22&t=0.3439578999981565 HTTP/1.1" 200 381 "http://127.0.0.1/manager-page/home-2.php" "Mozilla/5.0 (Windows NT 10.0; Win64; x64) AppleWebKit/537.36 (KHTML, like Gecko) Chrome/119.0.0.0 Safari/537.36"
127.0.0.1 - - [03/Apr/2025:21:01:21 +0800] "GET /manager-page/api/snapshot.php?id=21&t=0.45250036879054245 HTTP/1.1" 200 21494 "http://127.0.0.1/manager-page/home-2.php" "Mozilla/5.0 (Windows NT 10.0; Win64; x64) AppleWebKit/537.36 (KHTML, like Gecko) Chrome/119.0.0.0 Safari/537.36"
127.0.0.1 - - [03/Apr/2025:21:01:26 +0800] "GET /manager-page/api/snapshot.php?id=21&t=0.7983600980292751 HTTP/1.1" 200 21441 "http://127.0.0.1/manager-page/home-2.php" "Mozilla/5.0 (Windows NT 10.0; Win64; x64) AppleWebKit/537.36 (KHTML, like Gecko) Chrome/119.0.0.0 Safari/537.36"
127.0.0.1 - - [03/Apr/2025:21:01:26 +0800] "GET /manager-page/api/snapshot.php?id=22&t=0.5006423090937779 HTTP/1.1" 200 381 "http://127.0.0.1/manager-page/home-2.php" "Mozilla/5.0 (Windows NT 10.0; Win64; x64) AppleWebKit/537.36 (KHTML, like Gecko) Chrome/119.0.0.0 Safari/537.36"
127.0.0.1 - - [03/Apr/2025:21:01:31 +0800] "GET /manager-page/api/snapshot.php?id=21&t=0.6670952916859687 HTTP/1.1" 200 21879 "http://127.0.0.1/manager-page/home-2.php" "Mozilla/5.0 (Windows NT 10.0; Win64; x64) AppleWebKit/537.36 (KHTML, like Gecko) Chrome/119.0.0.0 Safari/537.36"
127.0.0.1 - - [03/Apr/2025:21:01:31 +0800] "GET /manager-page/api/snapshot.php?id=22&t=0.34976249346576327 HTTP/1.1" 200 381 "http://127.0.0.1/manager-page/home-2.php" "Mozilla/5.0 (Windows NT 10.0; Win64; x64) AppleWebKit/537.36 (KHTML, like Gecko) Chrome/119.0.0.0 Safari/537.36"
127.0.0.1 - - [03/Apr/2025:21:01:36 +0800] "GET /manager-page/api/snapshot.php?id=21&t=0.4579696089236873 HTTP/1.1" 200 21558 "http://127.0.0.1/manager-page/home-2.php" "Mozilla/5.0 (Windows NT 10.0; Win64; x64) AppleWebKit/537.36 (KHTML, like Gecko) Chrome/119.0.0.0 Safari/537.36"
127.0.0.1 - - [03/Apr/2025:21:01:36 +0800] "GET /manager-page/api/snapshot.php?id=22&t=0.45464603269066894 HTTP/1.1" 200 381 "http://127.0.0.1/manager-page/home-2.php" "Mozilla/5.0 (Windows NT 10.0; Win64; x64) AppleWebKit/537.36 (KHTML, like Gecko) Chrome/119.0.0.0 Safari/537.36"
127.0.0.1 - - [03/Apr/2025:21:01:41 +0800] "GET /manager-page/api/snapshot.php?id=21&t=0.8112663994287925 HTTP/1.1" 200 21121 "http://127.0.0.1/manager-page/home-2.php" "Mozilla/5.0 (Windows NT 10.0; Win64; x64) AppleWebKit/537.36 (KHTML, like Gecko) Chrome/119.0.0.0 Safari/537.36"
127.0.0.1 - - [03/Apr/2025:21:01:41 +0800] "GET /manager-page/api/snapshot.php?id=22&t=0.2514529207617431 HTTP/1.1" 200 381 "http://127.0.0.1/manager-page/home-2.php" "Mozilla/5.0 (Windows NT 10.0; Win64; x64) AppleWebKit/537.36 (KHTML, like Gecko) Chrome/119.0.0.0 Safari/537.36"
127.0.0.1 - - [03/Apr/2025:21:01:46 +0800] "GET /manager-page/api/snapshot.php?id=22&t=0.9408190326772112 HTTP/1.1" 200 381 "http://127.0.0.1/manager-page/home-2.php" "Mozilla/5.0 (Windows NT 10.0; Win64; x64) AppleWebKit/537.36 (KHTML, like Gecko) Chrome/119.0.0.0 Safari/537.36"
127.0.0.1 - - [03/Apr/2025:21:01:46 +0800] "GET /manager-page/api/snapshot.php?id=21&t=0.6284182290843592 HTTP/1.1" 200 21462 "http://127.0.0.1/manager-page/home-2.php" "Mozilla/5.0 (Windows NT 10.0; Win64; x64) AppleWebKit/537.36 (KHTML, like Gecko) Chrome/119.0.0.0 Safari/537.36"
127.0.0.1 - - [03/Apr/2025:21:01:51 +0800] "GET /manager-page/api/snapshot.php?id=21&t=0.9281594444227261 HTTP/1.1" 200 21880 "http://127.0.0.1/manager-page/home-2.php" "Mozilla/5.0 (Windows NT 10.0; Win64; x64) AppleWebKit/537.36 (KHTML, like Gecko) Chrome/119.0.0.0 Safari/537.36"
127.0.0.1 - - [03/Apr/2025:21:01:51 +0800] "GET /manager-page/api/snapshot.php?id=22&t=0.12289702994985241 HTTP/1.1" 200 381 "http://127.0.0.1/manager-page/home-2.php" "Mozilla/5.0 (Windows NT 10.0; Win64; x64) AppleWebKit/537.36 (KHTML, like Gecko) Chrome/119.0.0.0 Safari/537.36"
127.0.0.1 - - [03/Apr/2025:21:01:56 +0800] "GET /manager-page/api/snapshot.php?id=21&t=0.6374553823221352 HTTP/1.1" 200 20708 "http://127.0.0.1/manager-page/home-2.php" "Mozilla/5.0 (Windows NT 10.0; Win64; x64) AppleWebKit/537.36 (KHTML, like Gecko) Chrome/119.0.0.0 Safari/537.36"
127.0.0.1 - - [03/Apr/2025:21:01:56 +0800] "GET /manager-page/api/snapshot.php?id=22&t=0.7067241709116183 HTTP/1.1" 200 381 "http://127.0.0.1/manager-page/home-2.php" "Mozilla/5.0 (Windows NT 10.0; Win64; x64) AppleWebKit/537.36 (KHTML, like Gecko) Chrome/119.0.0.0 Safari/537.36"
127.0.0.1 - - [03/Apr/2025:21:02:00 +0800] "GET /robot/alarm-history-in.php HTTP/1.1" 200 - "-" "python-requests/2.28.1"
127.0.0.1 - - [03/Apr/2025:21:02:01 +0800] "GET /manager-page/api/snapshot.php?id=22&t=0.22135560700526802 HTTP/1.1" 200 381 "http://127.0.0.1/manager-page/home-2.php" "Mozilla/5.0 (Windows NT 10.0; Win64; x64) AppleWebKit/537.36 (KHTML, like Gecko) Chrome/119.0.0.0 Safari/537.36"
127.0.0.1 - - [03/Apr/2025:21:02:01 +0800] "GET /manager-page/api/snapshot.php?id=21&t=0.899151914733896 HTTP/1.1" 200 22048 "http://127.0.0.1/manager-page/home-2.php" "Mozilla/5.0 (Windows NT 10.0; Win64; x64) AppleWebKit/537.36 (KHTML, like Gecko) Chrome/119.0.0.0 Safari/537.36"
127.0.0.1 - - [03/Apr/2025:21:02:06 +0800] "GET /manager-page/api/snapshot.php?id=21&t=0.8599641335365538 HTTP/1.1" 200 21848 "http://127.0.0.1/manager-page/home-2.php" "Mozilla/5.0 (Windows NT 10.0; Win64; x64) AppleWebKit/537.36 (KHTML, like Gecko) Chrome/119.0.0.0 Safari/537.36"
127.0.0.1 - - [03/Apr/2025:21:02:06 +0800] "GET /manager-page/api/snapshot.php?id=22&t=0.39716225914936576 HTTP/1.1" 200 381 "http://127.0.0.1/manager-page/home-2.php" "Mozilla/5.0 (Windows NT 10.0; Win64; x64) AppleWebKit/537.36 (KHTML, like Gecko) Chrome/119.0.0.0 Safari/537.36"
111.70.30.251 - - [03/Apr/2025:21:02:07 +0800] "POST /robot/lora-in.php HTTP/1.1" 200 - "-" "python-requests/2.21.0"
127.0.0.1 - - [03/Apr/2025:21:02:11 +0800] "GET /manager-page/api/snapshot.php?id=22&t=0.011198689239370285 HTTP/1.1" 200 381 "http://127.0.0.1/manager-page/home-2.php" "Mozilla/5.0 (Windows NT 10.0; Win64; x64) AppleWebKit/537.36 (KHTML, like Gecko) Chrome/119.0.0.0 Safari/537.36"
127.0.0.1 - - [03/Apr/2025:21:02:11 +0800] "GET /manager-page/api/snapshot.php?id=21&t=0.05256601655556414 HTTP/1.1" 200 21755 "http://127.0.0.1/manager-page/home-2.php" "Mozilla/5.0 (Windows NT 10.0; Win64; x64) AppleWebKit/537.36 (KHTML, like Gecko) Chrome/119.0.0.0 Safari/537.36"
127.0.0.1 - - [03/Apr/2025:21:02:16 +0800] "GET /manager-page/api/snapshot.php?id=21&t=0.6200811346438491 HTTP/1.1" 200 21570 "http://127.0.0.1/manager-page/home-2.php" "Mozilla/5.0 (Windows NT 10.0; Win64; x64) AppleWebKit/537.36 (KHTML, like Gecko) Chrome/119.0.0.0 Safari/537.36"
127.0.0.1 - - [03/Apr/2025:21:02:16 +0800] "GET /manager-page/api/snapshot.php?id=22&t=0.6358293586630566 HTTP/1.1" 200 381 "http://127.0.0.1/manager-page/home-2.php" "Mozilla/5.0 (Windows NT 10.0; Win64; x64) AppleWebKit/537.36 (KHTML, like Gecko) Chrome/119.0.0.0 Safari/537.36"
127.0.0.1 - - [03/Apr/2025:21:02:21 +0800] "GET /manager-page/api/snapshot.php?id=21&t=0.9337830336088253 HTTP/1.1" 200 21748 "http://127.0.0.1/manager-page/home-2.php" "Mozilla/5.0 (Windows NT 10.0; Win64; x64) AppleWebKit/537.36 (KHTML, like Gecko) Chrome/119.0.0.0 Safari/537.36"
127.0.0.1 - - [03/Apr/2025:21:02:21 +0800] "GET /manager-page/api/snapshot.php?id=22&t=0.6189560684034676 HTTP/1.1" 200 381 "http://127.0.0.1/manager-page/home-2.php" "Mozilla/5.0 (Windows NT 10.0; Win64; x64) AppleWebKit/537.36 (KHTML, like Gecko) Chrome/119.0.0.0 Safari/537.36"
127.0.0.1 - - [03/Apr/2025:21:02:26 +0800] "GET /manager-page/api/snapshot.php?id=22&t=0.3358193116948376 HTTP/1.1" 200 381 "http://127.0.0.1/manager-page/home-2.php" "Mozilla/5.0 (Windows NT 10.0; Win64; x64) AppleWebKit/537.36 (KHTML, like Gecko) Chrome/119.0.0.0 Safari/537.36"
127.0.0.1 - - [03/Apr/2025:21:02:26 +0800] "GET /manager-page/api/snapshot.php?id=21&t=0.35558881353136074 HTTP/1.1" 200 21479 "http://127.0.0.1/manager-page/home-2.php" "Mozilla/5.0 (Windows NT 10.0; Win64; x64) AppleWebKit/537.36 (KHTML, like Gecko) Chrome/119.0.0.0 Safari/537.36"
127.0.0.1 - - [03/Apr/2025:21:02:31 +0800] "GET /manager-page/api/snapshot.php?id=22&t=0.5153093895110075 HTTP/1.1" 200 381 "http://127.0.0.1/manager-page/home-2.php" "Mozilla/5.0 (Windows NT 10.0; Win64; x64) AppleWebKit/537.36 (KHTML, like Gecko) Chrome/119.0.0.0 Safari/537.36"
127.0.0.1 - - [03/Apr/2025:21:02:31 +0800] "GET /manager-page/api/snapshot.php?id=21&t=0.6316172700866449 HTTP/1.1" 200 21591 "http://127.0.0.1/manager-page/home-2.php" "Mozilla/5.0 (Windows NT 10.0; Win64; x64) AppleWebKit/537.36 (KHTML, like Gecko) Chrome/119.0.0.0 Safari/537.36"
127.0.0.1 - - [03/Apr/2025:21:02:36 +0800] "GET /manager-page/api/snapshot.php?id=22&t=0.18312915953546338 HTTP/1.1" 200 381 "http://127.0.0.1/manager-page/home-2.php" "Mozilla/5.0 (Windows NT 10.0; Win64; x64) AppleWebKit/537.36 (KHTML, like Gecko) Chrome/119.0.0.0 Safari/537.36"
127.0.0.1 - - [03/Apr/2025:21:02:36 +0800] "GET /manager-page/api/snapshot.php?id=21&t=0.08828141762108155 HTTP/1.1" 200 21532 "http://127.0.0.1/manager-page/home-2.php" "Mozilla/5.0 (Windows NT 10.0; Win64; x64) AppleWebKit/537.36 (KHTML, like Gecko) Chrome/119.0.0.0 Safari/537.36"
127.0.0.1 - - [03/Apr/2025:21:02:41 +0800] "GET /manager-page/api/snapshot.php?id=22&t=0.6336877462236383 HTTP/1.1" 200 381 "http://127.0.0.1/manager-page/home-2.php" "Mozilla/5.0 (Windows NT 10.0; Win64; x64) AppleWebKit/537.36 (KHTML, like Gecko) Chrome/119.0.0.0 Safari/537.36"
127.0.0.1 - - [03/Apr/2025:21:02:41 +0800] "GET /manager-page/api/snapshot.php?id=21&t=0.5788046924072208 HTTP/1.1" 200 21477 "http://127.0.0.1/manager-page/home-2.php" "Mozilla/5.0 (Windows NT 10.0; Win64; x64) AppleWebKit/537.36 (KHTML, like Gecko) Chrome/119.0.0.0 Safari/537.36"
127.0.0.1 - - [03/Apr/2025:21:02:46 +0800] "GET /manager-page/api/snapshot.php?id=22&t=0.2660782065615539 HTTP/1.1" 200 381 "http://127.0.0.1/manager-page/home-2.php" "Mozilla/5.0 (Windows NT 10.0; Win64; x64) AppleWebKit/537.36 (KHTML, like Gecko) Chrome/119.0.0.0 Safari/537.36"
127.0.0.1 - - [03/Apr/2025:21:02:46 +0800] "GET /manager-page/api/snapshot.php?id=21&t=0.13883520179564623 HTTP/1.1" 200 21465 "http://127.0.0.1/manager-page/home-2.php" "Mozilla/5.0 (Windows NT 10.0; Win64; x64) AppleWebKit/537.36 (KHTML, like Gecko) Chrome/119.0.0.0 Safari/537.36"
127.0.0.1 - - [03/Apr/2025:21:02:51 +0800] "GET /manager-page/api/snapshot.php?id=21&t=0.6795997370155356 HTTP/1.1" 200 21570 "http://127.0.0.1/manager-page/home-2.php" "Mozilla/5.0 (Windows NT 10.0; Win64; x64) AppleWebKit/537.36 (KHTML, like Gecko) Chrome/119.0.0.0 Safari/537.36"
127.0.0.1 - - [03/Apr/2025:21:02:51 +0800] "GET /manager-page/api/snapshot.php?id=22&t=0.7694910974726568 HTTP/1.1" 200 381 "http://127.0.0.1/manager-page/home-2.php" "Mozilla/5.0 (Windows NT 10.0; Win64; x64) AppleWebKit/537.36 (KHTML, like Gecko) Chrome/119.0.0.0 Safari/537.36"
127.0.0.1 - - [03/Apr/2025:21:02:56 +0800] "GET /manager-page/api/snapshot.php?id=21&t=0.016678622578820246 HTTP/1.1" 200 21480 "http://127.0.0.1/manager-page/home-2.php" "Mozilla/5.0 (Windows NT 10.0; Win64; x64) AppleWebKit/537.36 (KHTML, like Gecko) Chrome/119.0.0.0 Safari/537.36"
127.0.0.1 - - [03/Apr/2025:21:02:56 +0800] "GET /manager-page/api/snapshot.php?id=22&t=0.2854172632381291 HTTP/1.1" 200 381 "http://127.0.0.1/manager-page/home-2.php" "Mozilla/5.0 (Windows NT 10.0; Win64; x64) AppleWebKit/537.36 (KHTML, like Gecko) Chrome/119.0.0.0 Safari/537.36"
127.0.0.1 - - [03/Apr/2025:21:03:00 +0800] "GET /robot/alarm-history-in.php HTTP/1.1" 200 - "-" "python-requests/2.28.1"
127.0.0.1 - - [03/Apr/2025:21:03:01 +0800] "GET /manager-page/api/snapshot.php?id=21&t=0.25752628442034653 HTTP/1.1" 200 21490 "http://127.0.0.1/manager-page/home-2.php" "Mozilla/5.0 (Windows NT 10.0; Win64; x64) AppleWebKit/537.36 (KHTML, like Gecko) Chrome/119.0.0.0 Safari/537.36"
127.0.0.1 - - [03/Apr/2025:21:03:01 +0800] "GET /manager-page/api/snapshot.php?id=22&t=0.8985188493834888 HTTP/1.1" 200 381 "http://127.0.0.1/manager-page/home-2.php" "Mozilla/5.0 (Windows NT 10.0; Win64; x64) AppleWebKit/537.36 (KHTML, like Gecko) Chrome/119.0.0.0 Safari/537.36"
127.0.0.1 - - [03/Apr/2025:21:03:06 +0800] "GET /manager-page/api/snapshot.php?id=22&t=0.3796382796972335 HTTP/1.1" 200 381 "http://127.0.0.1/manager-page/home-2.php" "Mozilla/5.0 (Windows NT 10.0; Win64; x64) AppleWebKit/537.36 (KHTML, like Gecko) Chrome/119.0.0.0 Safari/537.36"
127.0.0.1 - - [03/Apr/2025:21:03:06 +0800] "GET /manager-page/api/snapshot.php?id=21&t=0.19884073188733775 HTTP/1.1" 200 21800 "http://127.0.0.1/manager-page/home-2.php" "Mozilla/5.0 (Windows NT 10.0; Win64; x64) AppleWebKit/537.36 (KHTML, like Gecko) Chrome/119.0.0.0 Safari/537.36"
127.0.0.1 - - [03/Apr/2025:21:03:11 +0800] "GET /manager-page/api/snapshot.php?id=21&t=0.029895344952491687 HTTP/1.1" 200 22014 "http://127.0.0.1/manager-page/home-2.php" "Mozilla/5.0 (Windows NT 10.0; Win64; x64) AppleWebKit/537.36 (KHTML, like Gecko) Chrome/119.0.0.0 Safari/537.36"
127.0.0.1 - - [03/Apr/2025:21:03:11 +0800] "GET /manager-page/api/snapshot.php?id=22&t=0.5356576366614927 HTTP/1.1" 200 381 "http://127.0.0.1/manager-page/home-2.php" "Mozilla/5.0 (Windows NT 10.0; Win64; x64) AppleWebKit/537.36 (KHTML, like Gecko) Chrome/119.0.0.0 Safari/537.36"
127.0.0.1 - - [03/Apr/2025:21:03:16 +0800] "GET /manager-page/api/snapshot.php?id=21&t=0.7420464993654607 HTTP/1.1" 200 21324 "http://127.0.0.1/manager-page/home-2.php" "Mozilla/5.0 (Windows NT 10.0; Win64; x64) AppleWebKit/537.36 (KHTML, like Gecko) Chrome/119.0.0.0 Safari/537.36"
127.0.0.1 - - [03/Apr/2025:21:03:16 +0800] "GET /manager-page/api/snapshot.php?id=22&t=0.7548320246472149 HTTP/1.1" 200 381 "http://127.0.0.1/manager-page/home-2.php" "Mozilla/5.0 (Windows NT 10.0; Win64; x64) AppleWebKit/537.36 (KHTML, like Gecko) Chrome/119.0.0.0 Safari/537.36"
127.0.0.1 - - [03/Apr/2025:21:03:21 +0800] "GET /manager-page/api/snapshot.php?id=22&t=0.13126432518393405 HTTP/1.1" 200 381 "http://127.0.0.1/manager-page/home-2.php" "Mozilla/5.0 (Windows NT 10.0; Win64; x64) AppleWebKit/537.36 (KHTML, like Gecko) Chrome/119.0.0.0 Safari/537.36"
127.0.0.1 - - [03/Apr/2025:21:03:21 +0800] "GET /manager-page/api/snapshot.php?id=21&t=0.09087722540775922 HTTP/1.1" 200 21574 "http://127.0.0.1/manager-page/home-2.php" "Mozilla/5.0 (Windows NT 10.0; Win64; x64) AppleWebKit/537.36 (KHTML, like Gecko) Chrome/119.0.0.0 Safari/537.36"
127.0.0.1 - - [03/Apr/2025:21:03:26 +0800] "GET /manager-page/api/snapshot.php?id=21&t=0.4393148751402749 HTTP/1.1" 200 21555 "http://127.0.0.1/manager-page/home-2.php" "Mozilla/5.0 (Windows NT 10.0; Win64; x64) AppleWebKit/537.36 (KHTML, like Gecko) Chrome/119.0.0.0 Safari/537.36"
111.70.30.253 - - [03/Apr/2025:21:03:27 +0800] "POST /robot/lora-in.php HTTP/1.1" 200 - "-" "python-requests/2.21.0"
127.0.0.1 - - [03/Apr/2025:21:03:26 +0800] "GET /manager-page/api/snapshot.php?id=22&t=0.08309975483705756 HTTP/1.1" 200 381 "http://127.0.0.1/manager-page/home-2.php" "Mozilla/5.0 (Windows NT 10.0; Win64; x64) AppleWebKit/537.36 (KHTML, like Gecko) Chrome/119.0.0.0 Safari/537.36"
127.0.0.1 - - [03/Apr/2025:21:03:31 +0800] "GET /manager-page/api/snapshot.php?id=22&t=0.7540415945358656 HTTP/1.1" 200 381 "http://127.0.0.1/manager-page/home-2.php" "Mozilla/5.0 (Windows NT 10.0; Win64; x64) AppleWebKit/537.36 (KHTML, like Gecko) Chrome/119.0.0.0 Safari/537.36"
127.0.0.1 - - [03/Apr/2025:21:03:31 +0800] "GET /manager-page/api/snapshot.php?id=21&t=0.5562122963950265 HTTP/1.1" 200 21538 "http://127.0.0.1/manager-page/home-2.php" "Mozilla/5.0 (Windows NT 10.0; Win64; x64) AppleWebKit/537.36 (KHTML, like Gecko) Chrome/119.0.0.0 Safari/537.36"
127.0.0.1 - - [03/Apr/2025:21:03:36 +0800] "GET /manager-page/api/snapshot.php?id=21&t=0.7327675768132382 HTTP/1.1" 200 21552 "http://127.0.0.1/manager-page/home-2.php" "Mozilla/5.0 (Windows NT 10.0; Win64; x64) AppleWebKit/537.36 (KHTML, like Gecko) Chrome/119.0.0.0 Safari/537.36"
127.0.0.1 - - [03/Apr/2025:21:03:36 +0800] "GET /manager-page/api/snapshot.php?id=22&t=0.23780563776120323 HTTP/1.1" 200 381 "http://127.0.0.1/manager-page/home-2.php" "Mozilla/5.0 (Windows NT 10.0; Win64; x64) AppleWebKit/537.36 (KHTML, like Gecko) Chrome/119.0.0.0 Safari/537.36"
127.0.0.1 - - [03/Apr/2025:21:03:41 +0800] "GET /manager-page/api/snapshot.php?id=22&t=0.4216454084160912 HTTP/1.1" 200 381 "http://127.0.0.1/manager-page/home-2.php" "Mozilla/5.0 (Windows NT 10.0; Win64; x64) AppleWebKit/537.36 (KHTML, like Gecko) Chrome/119.0.0.0 Safari/537.36"
127.0.0.1 - - [03/Apr/2025:21:03:41 +0800] "GET /manager-page/api/snapshot.php?id=21&t=0.3623655865481892 HTTP/1.1" 200 21433 "http://127.0.0.1/manager-page/home-2.php" "Mozilla/5.0 (Windows NT 10.0; Win64; x64) AppleWebKit/537.36 (KHTML, like Gecko) Chrome/119.0.0.0 Safari/537.36"
127.0.0.1 - - [03/Apr/2025:21:03:46 +0800] "GET /manager-page/api/snapshot.php?id=21&t=0.2142355450982203 HTTP/1.1" 200 21507 "http://127.0.0.1/manager-page/home-2.php" "Mozilla/5.0 (Windows NT 10.0; Win64; x64) AppleWebKit/537.36 (KHTML, like Gecko) Chrome/119.0.0.0 Safari/537.36"
127.0.0.1 - - [03/Apr/2025:21:03:46 +0800] "GET /manager-page/api/snapshot.php?id=22&t=0.4127160555494589 HTTP/1.1" 200 381 "http://127.0.0.1/manager-page/home-2.php" "Mozilla/5.0 (Windows NT 10.0; Win64; x64) AppleWebKit/537.36 (KHTML, like Gecko) Chrome/119.0.0.0 Safari/537.36"
127.0.0.1 - - [03/Apr/2025:21:03:51 +0800] "GET /manager-page/api/snapshot.php?id=21&t=0.08020070752491892 HTTP/1.1" 200 21683 "http://127.0.0.1/manager-page/home-2.php" "Mozilla/5.0 (Windows NT 10.0; Win64; x64) AppleWebKit/537.36 (KHTML, like Gecko) Chrome/119.0.0.0 Safari/537.36"
127.0.0.1 - - [03/Apr/2025:21:03:51 +0800] "GET /manager-page/api/snapshot.php?id=22&t=0.5995190014762644 HTTP/1.1" 200 381 "http://127.0.0.1/manager-page/home-2.php" "Mozilla/5.0 (Windows NT 10.0; Win64; x64) AppleWebKit/537.36 (KHTML, like Gecko) Chrome/119.0.0.0 Safari/537.36"
127.0.0.1 - - [03/Apr/2025:21:03:56 +0800] "GET /manager-page/api/snapshot.php?id=21&t=0.03893429228222467 HTTP/1.1" 200 21379 "http://127.0.0.1/manager-page/home-2.php" "Mozilla/5.0 (Windows NT 10.0; Win64; x64) AppleWebKit/537.36 (KHTML, like Gecko) Chrome/119.0.0.0 Safari/537.36"
127.0.0.1 - - [03/Apr/2025:21:03:56 +0800] "GET /manager-page/api/snapshot.php?id=22&t=0.3274185375129335 HTTP/1.1" 200 381 "http://127.0.0.1/manager-page/home-2.php" "Mozilla/5.0 (Windows NT 10.0; Win64; x64) AppleWebKit/537.36 (KHTML, like Gecko) Chrome/119.0.0.0 Safari/537.36"
127.0.0.1 - - [03/Apr/2025:21:04:00 +0800] "GET /robot/alarm-history-in.php HTTP/1.1" 200 - "-" "python-requests/2.28.1"
127.0.0.1 - - [03/Apr/2025:21:04:01 +0800] "GET /manager-page/api/snapshot.php?id=22&t=0.7314295339259511 HTTP/1.1" 200 381 "http://127.0.0.1/manager-page/home-2.php" "Mozilla/5.0 (Windows NT 10.0; Win64; x64) AppleWebKit/537.36 (KHTML, like Gecko) Chrome/119.0.0.0 Safari/537.36"
127.0.0.1 - - [03/Apr/2025:21:04:01 +0800] "GET /manager-page/api/snapshot.php?id=21&t=0.29361570675315574 HTTP/1.1" 200 21467 "http://127.0.0.1/manager-page/home-2.php" "Mozilla/5.0 (Windows NT 10.0; Win64; x64) AppleWebKit/537.36 (KHTML, like Gecko) Chrome/119.0.0.0 Safari/537.36"
127.0.0.1 - - [03/Apr/2025:21:04:06 +0800] "GET /manager-page/api/snapshot.php?id=21&t=0.5717912178734075 HTTP/1.1" 200 21532 "http://127.0.0.1/manager-page/home-2.php" "Mozilla/5.0 (Windows NT 10.0; Win64; x64) AppleWebKit/537.36 (KHTML, like Gecko) Chrome/119.0.0.0 Safari/537.36"
127.0.0.1 - - [03/Apr/2025:21:04:06 +0800] "GET /manager-page/api/snapshot.php?id=22&t=0.7283589333159182 HTTP/1.1" 200 381 "http://127.0.0.1/manager-page/home-2.php" "Mozilla/5.0 (Windows NT 10.0; Win64; x64) AppleWebKit/537.36 (KHTML, like Gecko) Chrome/119.0.0.0 Safari/537.36"
111.70.30.251 - - [03/Apr/2025:21:04:10 +0800] "POST /robot/lora-in.php HTTP/1.1" 200 - "-" "python-requests/2.21.0"
127.0.0.1 - - [03/Apr/2025:21:04:11 +0800] "GET /manager-page/api/snapshot.php?id=21&t=0.4872084058242152 HTTP/1.1" 200 23220 "http://127.0.0.1/manager-page/home-2.php" "Mozilla/5.0 (Windows NT 10.0; Win64; x64) AppleWebKit/537.36 (KHTML, like Gecko) Chrome/119.0.0.0 Safari/537.36"
127.0.0.1 - - [03/Apr/2025:21:04:11 +0800] "GET /manager-page/api/snapshot.php?id=22&t=0.8338759037224919 HTTP/1.1" 200 381 "http://127.0.0.1/manager-page/home-2.php" "Mozilla/5.0 (Windows NT 10.0; Win64; x64) AppleWebKit/537.36 (KHTML, like Gecko) Chrome/119.0.0.0 Safari/537.36"
127.0.0.1 - - [03/Apr/2025:21:04:16 +0800] "GET /manager-page/api/snapshot.php?id=21&t=0.3937750817557468 HTTP/1.1" 200 24703 "http://127.0.0.1/manager-page/home-2.php" "Mozilla/5.0 (Windows NT 10.0; Win64; x64) AppleWebKit/537.36 (KHTML, like Gecko) Chrome/119.0.0.0 Safari/537.36"
127.0.0.1 - - [03/Apr/2025:21:04:16 +0800] "GET /manager-page/api/snapshot.php?id=22&t=0.48284349319405995 HTTP/1.1" 200 381 "http://127.0.0.1/manager-page/home-2.php" "Mozilla/5.0 (Windows NT 10.0; Win64; x64) AppleWebKit/537.36 (KHTML, like Gecko) Chrome/119.0.0.0 Safari/537.36"
127.0.0.1 - - [03/Apr/2025:21:04:21 +0800] "GET /manager-page/api/snapshot.php?id=22&t=0.5751676482444192 HTTP/1.1" 200 381 "http://127.0.0.1/manager-page/home-2.php" "Mozilla/5.0 (Windows NT 10.0; Win64; x64) AppleWebKit/537.36 (KHTML, like Gecko) Chrome/119.0.0.0 Safari/537.36"
127.0.0.1 - - [03/Apr/2025:21:04:21 +0800] "GET /manager-page/api/snapshot.php?id=21&t=0.03056479642469534 HTTP/1.1" 200 14067 "http://127.0.0.1/manager-page/home-2.php" "Mozilla/5.0 (Windows NT 10.0; Win64; x64) AppleWebKit/537.36 (KHTML, like Gecko) Chrome/119.0.0.0 Safari/537.36"
127.0.0.1 - - [03/Apr/2025:21:04:26 +0800] "GET /manager-page/api/snapshot.php?id=22&t=0.5518085887337829 HTTP/1.1" 200 381 "http://127.0.0.1/manager-page/home-2.php" "Mozilla/5.0 (Windows NT 10.0; Win64; x64) AppleWebKit/537.36 (KHTML, like Gecko) Chrome/119.0.0.0 Safari/537.36"
127.0.0.1 - - [03/Apr/2025:21:04:26 +0800] "GET /manager-page/api/snapshot.php?id=21&t=0.9350123981449008 HTTP/1.1" 200 20902 "http://127.0.0.1/manager-page/home-2.php" "Mozilla/5.0 (Windows NT 10.0; Win64; x64) AppleWebKit/537.36 (KHTML, like Gecko) Chrome/119.0.0.0 Safari/537.36"
127.0.0.1 - - [03/Apr/2025:21:04:31 +0800] "GET /manager-page/api/snapshot.php?id=21&t=0.6977158563715562 HTTP/1.1" 200 21388 "http://127.0.0.1/manager-page/home-2.php" "Mozilla/5.0 (Windows NT 10.0; Win64; x64) AppleWebKit/537.36 (KHTML, like Gecko) Chrome/119.0.0.0 Safari/537.36"
127.0.0.1 - - [03/Apr/2025:21:04:31 +0800] "GET /manager-page/api/snapshot.php?id=22&t=0.3504980087253762 HTTP/1.1" 200 381 "http://127.0.0.1/manager-page/home-2.php" "Mozilla/5.0 (Windows NT 10.0; Win64; x64) AppleWebKit/537.36 (KHTML, like Gecko) Chrome/119.0.0.0 Safari/537.36"
127.0.0.1 - - [03/Apr/2025:21:04:36 +0800] "GET /manager-page/api/snapshot.php?id=22&t=0.3140713239748538 HTTP/1.1" 200 381 "http://127.0.0.1/manager-page/home-2.php" "Mozilla/5.0 (Windows NT 10.0; Win64; x64) AppleWebKit/537.36 (KHTML, like Gecko) Chrome/119.0.0.0 Safari/537.36"
127.0.0.1 - - [03/Apr/2025:21:04:36 +0800] "GET /manager-page/api/snapshot.php?id=21&t=0.19272421041676568 HTTP/1.1" 200 21610 "http://127.0.0.1/manager-page/home-2.php" "Mozilla/5.0 (Windows NT 10.0; Win64; x64) AppleWebKit/537.36 (KHTML, like Gecko) Chrome/119.0.0.0 Safari/537.36"
127.0.0.1 - - [03/Apr/2025:21:04:41 +0800] "GET /manager-page/api/snapshot.php?id=21&t=0.2565366181606168 HTTP/1.1" 200 21669 "http://127.0.0.1/manager-page/home-2.php" "Mozilla/5.0 (Windows NT 10.0; Win64; x64) AppleWebKit/537.36 (KHTML, like Gecko) Chrome/119.0.0.0 Safari/537.36"
127.0.0.1 - - [03/Apr/2025:21:04:41 +0800] "GET /manager-page/api/snapshot.php?id=22&t=0.7940935913996401 HTTP/1.1" 200 381 "http://127.0.0.1/manager-page/home-2.php" "Mozilla/5.0 (Windows NT 10.0; Win64; x64) AppleWebKit/537.36 (KHTML, like Gecko) Chrome/119.0.0.0 Safari/537.36"
127.0.0.1 - - [03/Apr/2025:21:04:46 +0800] "GET /manager-page/api/snapshot.php?id=22&t=0.4100097049393263 HTTP/1.1" 200 381 "http://127.0.0.1/manager-page/home-2.php" "Mozilla/5.0 (Windows NT 10.0; Win64; x64) AppleWebKit/537.36 (KHTML, like Gecko) Chrome/119.0.0.0 Safari/537.36"
127.0.0.1 - - [03/Apr/2025:21:04:46 +0800] "GET /manager-page/api/snapshot.php?id=21&t=0.07567377096492223 HTTP/1.1" 200 21423 "http://127.0.0.1/manager-page/home-2.php" "Mozilla/5.0 (Windows NT 10.0; Win64; x64) AppleWebKit/537.36 (KHTML, like Gecko) Chrome/119.0.0.0 Safari/537.36"
127.0.0.1 - - [03/Apr/2025:21:04:51 +0800] "GET /manager-page/api/snapshot.php?id=21&t=0.33219184663088974 HTTP/1.1" 200 21483 "http://127.0.0.1/manager-page/home-2.php" "Mozilla/5.0 (Windows NT 10.0; Win64; x64) AppleWebKit/537.36 (KHTML, like Gecko) Chrome/119.0.0.0 Safari/537.36"
127.0.0.1 - - [03/Apr/2025:21:04:51 +0800] "GET /manager-page/api/snapshot.php?id=22&t=0.31277423255418335 HTTP/1.1" 200 381 "http://127.0.0.1/manager-page/home-2.php" "Mozilla/5.0 (Windows NT 10.0; Win64; x64) AppleWebKit/537.36 (KHTML, like Gecko) Chrome/119.0.0.0 Safari/537.36"
127.0.0.1 - - [03/Apr/2025:21:04:56 +0800] "GET /manager-page/api/snapshot.php?id=22&t=0.21620790754275765 HTTP/1.1" 200 381 "http://127.0.0.1/manager-page/home-2.php" "Mozilla/5.0 (Windows NT 10.0; Win64; x64) AppleWebKit/537.36 (KHTML, like Gecko) Chrome/119.0.0.0 Safari/537.36"
127.0.0.1 - - [03/Apr/2025:21:04:56 +0800] "GET /manager-page/api/snapshot.php?id=21&t=0.020698785941875242 HTTP/1.1" 200 21513 "http://127.0.0.1/manager-page/home-2.php" "Mozilla/5.0 (Windows NT 10.0; Win64; x64) AppleWebKit/537.36 (KHTML, like Gecko) Chrome/119.0.0.0 Safari/537.36"
127.0.0.1 - - [03/Apr/2025:21:05:00 +0800] "GET /robot/alarm-history-in.php HTTP/1.1" 200 - "-" "python-requests/2.28.1"
127.0.0.1 - - [03/Apr/2025:21:05:01 +0800] "GET /manager-page/api/snapshot.php?id=21&t=0.5998677814006084 HTTP/1.1" 200 21565 "http://127.0.0.1/manager-page/home-2.php" "Mozilla/5.0 (Windows NT 10.0; Win64; x64) AppleWebKit/537.36 (KHTML, like Gecko) Chrome/119.0.0.0 Safari/537.36"
127.0.0.1 - - [03/Apr/2025:21:05:01 +0800] "GET /manager-page/api/snapshot.php?id=22&t=0.06395456129130861 HTTP/1.1" 200 381 "http://127.0.0.1/manager-page/home-2.php" "Mozilla/5.0 (Windows NT 10.0; Win64; x64) AppleWebKit/537.36 (KHTML, like Gecko) Chrome/119.0.0.0 Safari/537.36"
127.0.0.1 - - [03/Apr/2025:21:05:06 +0800] "GET /manager-page/api/snapshot.php?id=22&t=0.6161204514197391 HTTP/1.1" 200 381 "http://127.0.0.1/manager-page/home-2.php" "Mozilla/5.0 (Windows NT 10.0; Win64; x64) AppleWebKit/537.36 (KHTML, like Gecko) Chrome/119.0.0.0 Safari/537.36"
127.0.0.1 - - [03/Apr/2025:21:05:06 +0800] "GET /manager-page/api/snapshot.php?id=21&t=0.4979587750090184 HTTP/1.1" 200 21456 "http://127.0.0.1/manager-page/home-2.php" "Mozilla/5.0 (Windows NT 10.0; Win64; x64) AppleWebKit/537.36 (KHTML, like Gecko) Chrome/119.0.0.0 Safari/537.36"
127.0.0.1 - - [03/Apr/2025:21:05:11 +0800] "GET /manager-page/api/snapshot.php?id=22&t=0.32957966546681416 HTTP/1.1" 200 381 "http://127.0.0.1/manager-page/home-2.php" "Mozilla/5.0 (Windows NT 10.0; Win64; x64) AppleWebKit/537.36 (KHTML, like Gecko) Chrome/119.0.0.0 Safari/537.36"
127.0.0.1 - - [03/Apr/2025:21:05:11 +0800] "GET /manager-page/api/snapshot.php?id=21&t=0.34241517885104233 HTTP/1.1" 200 21571 "http://127.0.0.1/manager-page/home-2.php" "Mozilla/5.0 (Windows NT 10.0; Win64; x64) AppleWebKit/537.36 (KHTML, like Gecko) Chrome/119.0.0.0 Safari/537.36"
127.0.0.1 - - [03/Apr/2025:21:05:16 +0800] "GET /manager-page/api/snapshot.php?id=21&t=0.8742016387340925 HTTP/1.1" 200 22571 "http://127.0.0.1/manager-page/home-2.php" "Mozilla/5.0 (Windows NT 10.0; Win64; x64) AppleWebKit/537.36 (KHTML, like Gecko) Chrome/119.0.0.0 Safari/537.36"
127.0.0.1 - - [03/Apr/2025:21:05:16 +0800] "GET /manager-page/api/snapshot.php?id=22&t=0.5736969827147738 HTTP/1.1" 200 381 "http://127.0.0.1/manager-page/home-2.php" "Mozilla/5.0 (Windows NT 10.0; Win64; x64) AppleWebKit/537.36 (KHTML, like Gecko) Chrome/119.0.0.0 Safari/537.36"
127.0.0.1 - - [03/Apr/2025:21:05:21 +0800] "GET /manager-page/api/snapshot.php?id=22&t=0.605174213077281 HTTP/1.1" 200 381 "http://127.0.0.1/manager-page/home-2.php" "Mozilla/5.0 (Windows NT 10.0; Win64; x64) AppleWebKit/537.36 (KHTML, like Gecko) Chrome/119.0.0.0 Safari/537.36"
127.0.0.1 - - [03/Apr/2025:21:05:21 +0800] "GET /manager-page/api/snapshot.php?id=21&t=0.21471375035116447 HTTP/1.1" 200 22977 "http://127.0.0.1/manager-page/home-2.php" "Mozilla/5.0 (Windows NT 10.0; Win64; x64) AppleWebKit/537.36 (KHTML, like Gecko) Chrome/119.0.0.0 Safari/537.36"
111.70.30.251 - - [03/Apr/2025:21:05:23 +0800] "POST /robot/lora-in.php HTTP/1.1" 200 - "-" "python-requests/2.21.0"
127.0.0.1 - - [03/Apr/2025:21:05:26 +0800] "GET /manager-page/api/snapshot.php?id=21&t=0.2709472073608299 HTTP/1.1" 200 21637 "http://127.0.0.1/manager-page/home-2.php" "Mozilla/5.0 (Windows NT 10.0; Win64; x64) AppleWebKit/537.36 (KHTML, like Gecko) Chrome/119.0.0.0 Safari/537.36"
127.0.0.1 - - [03/Apr/2025:21:05:26 +0800] "GET /manager-page/api/snapshot.php?id=22&t=0.45173402693172604 HTTP/1.1" 200 381 "http://127.0.0.1/manager-page/home-2.php" "Mozilla/5.0 (Windows NT 10.0; Win64; x64) AppleWebKit/537.36 (KHTML, like Gecko) Chrome/119.0.0.0 Safari/537.36"
127.0.0.1 - - [03/Apr/2025:21:05:31 +0800] "GET /manager-page/api/snapshot.php?id=21&t=0.8476669713722074 HTTP/1.1" 200 22263 "http://127.0.0.1/manager-page/home-2.php" "Mozilla/5.0 (Windows NT 10.0; Win64; x64) AppleWebKit/537.36 (KHTML, like Gecko) Chrome/119.0.0.0 Safari/537.36"
127.0.0.1 - - [03/Apr/2025:21:05:31 +0800] "GET /manager-page/api/snapshot.php?id=22&t=0.5760561497233678 HTTP/1.1" 200 381 "http://127.0.0.1/manager-page/home-2.php" "Mozilla/5.0 (Windows NT 10.0; Win64; x64) AppleWebKit/537.36 (KHTML, like Gecko) Chrome/119.0.0.0 Safari/537.36"
127.0.0.1 - - [03/Apr/2025:21:05:36 +0800] "GET /manager-page/api/snapshot.php?id=22&t=0.9786231001947372 HTTP/1.1" 200 381 "http://127.0.0.1/manager-page/home-2.php" "Mozilla/5.0 (Windows NT 10.0; Win64; x64) AppleWebKit/537.36 (KHTML, like Gecko) Chrome/119.0.0.0 Safari/537.36"
127.0.0.1 - - [03/Apr/2025:21:05:36 +0800] "GET /manager-page/api/snapshot.php?id=21&t=0.9717781183982184 HTTP/1.1" 200 22219 "http://127.0.0.1/manager-page/home-2.php" "Mozilla/5.0 (Windows NT 10.0; Win64; x64) AppleWebKit/537.36 (KHTML, like Gecko) Chrome/119.0.0.0 Safari/537.36"
127.0.0.1 - - [03/Apr/2025:21:05:41 +0800] "GET /manager-page/api/snapshot.php?id=22&t=0.5819027544454956 HTTP/1.1" 200 381 "http://127.0.0.1/manager-page/home-2.php" "Mozilla/5.0 (Windows NT 10.0; Win64; x64) AppleWebKit/537.36 (KHTML, like Gecko) Chrome/119.0.0.0 Safari/537.36"
127.0.0.1 - - [03/Apr/2025:21:05:41 +0800] "GET /manager-page/api/snapshot.php?id=21&t=0.23698273250851631 HTTP/1.1" 200 21857 "http://127.0.0.1/manager-page/home-2.php" "Mozilla/5.0 (Windows NT 10.0; Win64; x64) AppleWebKit/537.36 (KHTML, like Gecko) Chrome/119.0.0.0 Safari/537.36"
127.0.0.1 - - [03/Apr/2025:21:05:46 +0800] "GET /manager-page/api/snapshot.php?id=22&t=0.679585620842331 HTTP/1.1" 200 381 "http://127.0.0.1/manager-page/home-2.php" "Mozilla/5.0 (Windows NT 10.0; Win64; x64) AppleWebKit/537.36 (KHTML, like Gecko) Chrome/119.0.0.0 Safari/537.36"
