127.0.0.1 - - [23/Jul/2025:07:59:58 +0800] "POST /robot/lora-in.php HTTP/1.1" 200 - "-" "python-requests/2.31.0"
127.0.0.1 - - [23/Jul/2025:08:00:00 +0800] "GET /robot/alarm-history-in.php HTTP/1.1" 200 - "-" "python-requests/2.28.1"
127.0.0.1 - - [23/Jul/2025:08:00:00 +0800] "GET /manager-page/daily/send.php HTTP/1.1" 200 - "-" "python-requests/2.28.1"
127.0.0.1 - - [23/Jul/2025:08:00:04 +0800] "POST /robot/lora-in.php HTTP/1.1" 200 - "-" "python-requests/2.31.0"
127.0.0.1 - - [23/Jul/2025:08:00:00 +0800] "GET /manager-page/daily/send2.php HTTP/1.1" 200 - "-" "python-requests/2.28.1"
111.70.30.251 - - [23/Jul/2025:08:00:38 +0800] "POST /robot/lora-in.php HTTP/1.1" 200 - "-" "python-requests/2.21.0"
127.0.0.1 - - [23/Jul/2025:08:01:00 +0800] "GET /robot/alarm-history-in.php HTTP/1.1" 200 - "-" "python-requests/2.28.1"
172.16.36.181 - - [23/Jul/2025:08:01:29 +0800] "GET /manager-page/home-3.php HTTP/1.1" 302 - "-" "Mozilla/5.0 (Windows NT 10.0; Win64; x64) AppleWebKit/537.36 (KHTML, like Gecko) Chrome/138.0.0.0 Safari/537.36 Edg/138.0.0.0"
172.16.36.181 - - [23/Jul/2025:08:01:29 +0800] "GET /manager-page/login.php HTTP/1.1" 200 2365 "-" "Mozilla/5.0 (Windows NT 10.0; Win64; x64) AppleWebKit/537.36 (KHTML, like Gecko) Chrome/138.0.0.0 Safari/537.36 Edg/138.0.0.0"
172.16.36.181 - - [23/Jul/2025:08:01:29 +0800] "GET /favicon.ico HTTP/1.1" 404 196 "http://192.168.60.79/manager-page/login.php" "Mozilla/5.0 (Windows NT 10.0; Win64; x64) AppleWebKit/537.36 (KHTML, like Gecko) Chrome/138.0.0.0 Safari/537.36 Edg/138.0.0.0"
172.16.36.181 - - [23/Jul/2025:08:01:41 +0800] "POST /manager-page/login.php HTTP/1.1" 302 - "http://192.168.60.79/manager-page/login.php" "Mozilla/5.0 (Windows NT 10.0; Win64; x64) AppleWebKit/537.36 (KHTML, like Gecko) Chrome/138.0.0.0 Safari/537.36 Edg/138.0.0.0"
172.16.36.181 - - [23/Jul/2025:08:01:41 +0800] "GET /manager-page/home.php HTTP/1.1" 302 - "http://192.168.60.79/manager-page/login.php" "Mozilla/5.0 (Windows NT 10.0; Win64; x64) AppleWebKit/537.36 (KHTML, like Gecko) Chrome/138.0.0.0 Safari/537.36 Edg/138.0.0.0"
172.16.36.181 - - [23/Jul/2025:08:01:42 +0800] "GET /manager-page/alarm/1-1.jpg?t=2073429040 HTTP/1.1" 200 322868 "http://192.168.60.79/manager-page/home-1.php" "Mozilla/5.0 (Windows NT 10.0; Win64; x64) AppleWebKit/537.36 (KHTML, like Gecko) Chrome/138.0.0.0 Safari/537.36 Edg/138.0.0.0"
172.16.36.181 - - [23/Jul/2025:08:01:42 +0800] "GET /manager-page/alarm/1-2.jpg?t=1417577976 HTTP/1.1" 200 495492 "http://192.168.60.79/manager-page/home-1.php" "Mozilla/5.0 (Windows NT 10.0; Win64; x64) AppleWebKit/537.36 (KHTML, like Gecko) Chrome/138.0.0.0 Safari/537.36 Edg/138.0.0.0"
172.16.36.181 - - [23/Jul/2025:08:01:42 +0800] "GET /manager-page/home-1.php HTTP/1.1" 200 27474 "http://192.168.60.79/manager-page/login.php" "Mozilla/5.0 (Windows NT 10.0; Win64; x64) AppleWebKit/537.36 (KHTML, like Gecko) Chrome/138.0.0.0 Safari/537.36 Edg/138.0.0.0"
172.16.36.181 - - [23/Jul/2025:08:01:42 +0800] "GET /manager-page/api/snapshot.php?id=11 HTTP/1.1" 200 53009 "http://192.168.60.79/manager-page/home-1.php" "Mozilla/5.0 (Windows NT 10.0; Win64; x64) AppleWebKit/537.36 (KHTML, like Gecko) Chrome/138.0.0.0 Safari/537.36 Edg/138.0.0.0"
172.16.36.181 - - [23/Jul/2025:08:01:42 +0800] "GET /manager-page/api/snapshot.php?id=12 HTTP/1.1" 200 53324 "http://192.168.60.79/manager-page/home-1.php" "Mozilla/5.0 (Windows NT 10.0; Win64; x64) AppleWebKit/537.36 (KHTML, like Gecko) Chrome/138.0.0.0 Safari/537.36 Edg/138.0.0.0"
172.16.36.181 - - [23/Jul/2025:08:01:44 +0800] "GET /manager-page/api/cms-status1.php HTTP/1.1" 200 12 "http://192.168.60.79/manager-page/home-1.php" "Mozilla/5.0 (Windows NT 10.0; Win64; x64) AppleWebKit/537.36 (KHTML, like Gecko) Chrome/138.0.0.0 Safari/537.36 Edg/138.0.0.0"
172.16.36.181 - - [23/Jul/2025:08:01:44 +0800] "GET /manager-page/api/lp-status1.php HTTP/1.1" 200 1 "http://192.168.60.79/manager-page/home-1.php" "Mozilla/5.0 (Windows NT 10.0; Win64; x64) AppleWebKit/537.36 (KHTML, like Gecko) Chrome/138.0.0.0 Safari/537.36 Edg/138.0.0.0"
172.16.36.181 - - [23/Jul/2025:08:01:49 +0800] "GET /manager-page/api/snapshot.php?id=11&t=0.37309307673346626 HTTP/1.1" 200 52907 "http://192.168.60.79/manager-page/home-1.php" "Mozilla/5.0 (Windows NT 10.0; Win64; x64) AppleWebKit/537.36 (KHTML, like Gecko) Chrome/138.0.0.0 Safari/537.36 Edg/138.0.0.0"
172.16.36.181 - - [23/Jul/2025:08:01:49 +0800] "GET /manager-page/api/snapshot.php?id=12&t=0.6663791050760135 HTTP/1.1" 200 53271 "http://192.168.60.79/manager-page/home-1.php" "Mozilla/5.0 (Windows NT 10.0; Win64; x64) AppleWebKit/537.36 (KHTML, like Gecko) Chrome/138.0.0.0 Safari/537.36 Edg/138.0.0.0"
172.16.36.181 - - [23/Jul/2025:08:01:54 +0800] "GET /manager-page/api/snapshot.php?id=11&t=0.8316029468392253 HTTP/1.1" 200 52842 "http://192.168.60.79/manager-page/home-1.php" "Mozilla/5.0 (Windows NT 10.0; Win64; x64) AppleWebKit/537.36 (KHTML, like Gecko) Chrome/138.0.0.0 Safari/537.36 Edg/138.0.0.0"
172.16.36.181 - - [23/Jul/2025:08:01:54 +0800] "GET /manager-page/api/snapshot.php?id=12&t=0.040640050580588616 HTTP/1.1" 200 53294 "http://192.168.60.79/manager-page/home-1.php" "Mozilla/5.0 (Windows NT 10.0; Win64; x64) AppleWebKit/537.36 (KHTML, like Gecko) Chrome/138.0.0.0 Safari/537.36 Edg/138.0.0.0"
127.0.0.1 - - [23/Jul/2025:08:02:00 +0800] "GET /robot/alarm-history-in.php HTTP/1.1" 200 - "-" "python-requests/2.28.1"
172.16.36.181 - - [23/Jul/2025:08:02:00 +0800] "GET /manager-page/api/snapshot.php?id=11&t=0.3246205512527278 HTTP/1.1" 200 52614 "http://192.168.60.79/manager-page/home-1.php" "Mozilla/5.0 (Windows NT 10.0; Win64; x64) AppleWebKit/537.36 (KHTML, like Gecko) Chrome/138.0.0.0 Safari/537.36 Edg/138.0.0.0"
172.16.36.181 - - [23/Jul/2025:08:02:00 +0800] "GET /manager-page/api/snapshot.php?id=12&t=0.20128350471040013 HTTP/1.1" 200 53291 "http://192.168.60.79/manager-page/home-1.php" "Mozilla/5.0 (Windows NT 10.0; Win64; x64) AppleWebKit/537.36 (KHTML, like Gecko) Chrome/138.0.0.0 Safari/537.36 Edg/138.0.0.0"
172.16.36.181 - - [23/Jul/2025:08:02:04 +0800] "GET /manager-page/api/snapshot.php?id=11&t=0.5140763386292824 HTTP/1.1" 200 52794 "http://192.168.60.79/manager-page/home-1.php" "Mozilla/5.0 (Windows NT 10.0; Win64; x64) AppleWebKit/537.36 (KHTML, like Gecko) Chrome/138.0.0.0 Safari/537.36 Edg/138.0.0.0"
172.16.36.181 - - [23/Jul/2025:08:02:04 +0800] "GET /manager-page/api/snapshot.php?id=12&t=0.4165865009288192 HTTP/1.1" 200 53266 "http://192.168.60.79/manager-page/home-1.php" "Mozilla/5.0 (Windows NT 10.0; Win64; x64) AppleWebKit/537.36 (KHTML, like Gecko) Chrome/138.0.0.0 Safari/537.36 Edg/138.0.0.0"
172.16.36.181 - - [23/Jul/2025:08:02:09 +0800] "GET /manager-page/api/snapshot.php?id=11&t=0.6694274257752428 HTTP/1.1" 200 52729 "http://192.168.60.79/manager-page/home-1.php" "Mozilla/5.0 (Windows NT 10.0; Win64; x64) AppleWebKit/537.36 (KHTML, like Gecko) Chrome/138.0.0.0 Safari/537.36 Edg/138.0.0.0"
172.16.36.181 - - [23/Jul/2025:08:02:09 +0800] "GET /manager-page/api/snapshot.php?id=12&t=0.008830996099606914 HTTP/1.1" 200 53306 "http://192.168.60.79/manager-page/home-1.php" "Mozilla/5.0 (Windows NT 10.0; Win64; x64) AppleWebKit/537.36 (KHTML, like Gecko) Chrome/138.0.0.0 Safari/537.36 Edg/138.0.0.0"
172.16.36.181 - - [23/Jul/2025:08:02:15 +0800] "GET /manager-page/api/snapshot.php?id=12&t=0.594763364297566 HTTP/1.1" 200 53272 "http://192.168.60.79/manager-page/home-1.php" "Mozilla/5.0 (Windows NT 10.0; Win64; x64) AppleWebKit/537.36 (KHTML, like Gecko) Chrome/138.0.0.0 Safari/537.36 Edg/138.0.0.0"
172.16.36.181 - - [23/Jul/2025:08:02:15 +0800] "GET /manager-page/api/snapshot.php?id=11&t=0.17680245841551223 HTTP/1.1" 200 52829 "http://192.168.60.79/manager-page/home-1.php" "Mozilla/5.0 (Windows NT 10.0; Win64; x64) AppleWebKit/537.36 (KHTML, like Gecko) Chrome/138.0.0.0 Safari/537.36 Edg/138.0.0.0"
172.16.36.181 - - [23/Jul/2025:08:02:20 +0800] "GET /manager-page/api/snapshot.php?id=12&t=0.48603950113783534 HTTP/1.1" 500 - "http://192.168.60.79/manager-page/home-1.php" "Mozilla/5.0 (Windows NT 10.0; Win64; x64) AppleWebKit/537.36 (KHTML, like Gecko) Chrome/138.0.0.0 Safari/537.36 Edg/138.0.0.0"
172.16.36.181 - - [23/Jul/2025:08:02:20 +0800] "GET /manager-page/api/snapshot.php?id=11&t=0.23764902811364985 HTTP/1.1" 500 - "http://192.168.60.79/manager-page/home-1.php" "Mozilla/5.0 (Windows NT 10.0; Win64; x64) AppleWebKit/537.36 (KHTML, like Gecko) Chrome/138.0.0.0 Safari/537.36 Edg/138.0.0.0"
172.16.36.181 - - [23/Jul/2025:08:02:25 +0800] "GET /manager-page/api/snapshot.php?id=11&t=0.32856453426832943 HTTP/1.1" 500 - "http://192.168.60.79/manager-page/home-1.php" "Mozilla/5.0 (Windows NT 10.0; Win64; x64) AppleWebKit/537.36 (KHTML, like Gecko) Chrome/138.0.0.0 Safari/537.36 Edg/138.0.0.0"
172.16.36.181 - - [23/Jul/2025:08:02:25 +0800] "GET /manager-page/api/snapshot.php?id=12&t=0.10867967626042097 HTTP/1.1" 500 - "http://192.168.60.79/manager-page/home-1.php" "Mozilla/5.0 (Windows NT 10.0; Win64; x64) AppleWebKit/537.36 (KHTML, like Gecko) Chrome/138.0.0.0 Safari/537.36 Edg/138.0.0.0"
172.16.36.181 - - [23/Jul/2025:08:02:30 +0800] "GET /manager-page/api/snapshot.php?id=11&t=0.017088567636941 HTTP/1.1" 200 52796 "http://192.168.60.79/manager-page/home-1.php" "Mozilla/5.0 (Windows NT 10.0; Win64; x64) AppleWebKit/537.36 (KHTML, like Gecko) Chrome/138.0.0.0 Safari/537.36 Edg/138.0.0.0"
172.16.36.181 - - [23/Jul/2025:08:02:30 +0800] "GET /manager-page/api/snapshot.php?id=12&t=0.682013951747623 HTTP/1.1" 500 - "http://192.168.60.79/manager-page/home-1.php" "Mozilla/5.0 (Windows NT 10.0; Win64; x64) AppleWebKit/537.36 (KHTML, like Gecko) Chrome/138.0.0.0 Safari/537.36 Edg/138.0.0.0"
172.16.36.181 - - [23/Jul/2025:08:02:35 +0800] "GET /manager-page/api/snapshot.php?id=11&t=0.6159205694770038 HTTP/1.1" 200 52834 "http://192.168.60.79/manager-page/home-1.php" "Mozilla/5.0 (Windows NT 10.0; Win64; x64) AppleWebKit/537.36 (KHTML, like Gecko) Chrome/138.0.0.0 Safari/537.36 Edg/138.0.0.0"
172.16.36.181 - - [23/Jul/2025:08:02:35 +0800] "GET /manager-page/api/snapshot.php?id=12&t=0.5841127218391192 HTTP/1.1" 200 53232 "http://192.168.60.79/manager-page/home-1.php" "Mozilla/5.0 (Windows NT 10.0; Win64; x64) AppleWebKit/537.36 (KHTML, like Gecko) Chrome/138.0.0.0 Safari/537.36 Edg/138.0.0.0"
172.16.36.181 - - [23/Jul/2025:08:02:40 +0800] "GET /manager-page/api/snapshot.php?id=11&t=0.06954683079907753 HTTP/1.1" 500 - "http://192.168.60.79/manager-page/home-1.php" "Mozilla/5.0 (Windows NT 10.0; Win64; x64) AppleWebKit/537.36 (KHTML, like Gecko) Chrome/138.0.0.0 Safari/537.36 Edg/138.0.0.0"
172.16.36.181 - - [23/Jul/2025:08:02:40 +0800] "GET /manager-page/api/snapshot.php?id=12&t=0.38292585604827833 HTTP/1.1" 500 - "http://192.168.60.79/manager-page/home-1.php" "Mozilla/5.0 (Windows NT 10.0; Win64; x64) AppleWebKit/537.36 (KHTML, like Gecko) Chrome/138.0.0.0 Safari/537.36 Edg/138.0.0.0"
172.16.36.181 - - [23/Jul/2025:08:02:45 +0800] "GET /manager-page/api/snapshot.php?id=11&t=0.14498857727357028 HTTP/1.1" 200 53062 "http://192.168.60.79/manager-page/home-1.php" "Mozilla/5.0 (Windows NT 10.0; Win64; x64) AppleWebKit/537.36 (KHTML, like Gecko) Chrome/138.0.0.0 Safari/537.36 Edg/138.0.0.0"
172.16.36.181 - - [23/Jul/2025:08:02:45 +0800] "GET /manager-page/api/snapshot.php?id=12&t=0.017297418539189202 HTTP/1.1" 200 53307 "http://192.168.60.79/manager-page/home-1.php" "Mozilla/5.0 (Windows NT 10.0; Win64; x64) AppleWebKit/537.36 (KHTML, like Gecko) Chrome/138.0.0.0 Safari/537.36 Edg/138.0.0.0"
172.16.36.181 - - [23/Jul/2025:08:02:50 +0800] "GET /manager-page/api/snapshot.php?id=12&t=0.36947651996952025 HTTP/1.1" 200 53288 "http://192.168.60.79/manager-page/home-1.php" "Mozilla/5.0 (Windows NT 10.0; Win64; x64) AppleWebKit/537.36 (KHTML, like Gecko) Chrome/138.0.0.0 Safari/537.36 Edg/138.0.0.0"
172.16.36.181 - - [23/Jul/2025:08:02:50 +0800] "GET /manager-page/api/snapshot.php?id=11&t=0.9143023246429395 HTTP/1.1" 500 - "http://192.168.60.79/manager-page/home-1.php" "Mozilla/5.0 (Windows NT 10.0; Win64; x64) AppleWebKit/537.36 (KHTML, like Gecko) Chrome/138.0.0.0 Safari/537.36 Edg/138.0.0.0"
172.16.36.181 - - [23/Jul/2025:08:02:55 +0800] "GET /manager-page/api/snapshot.php?id=11&t=0.3886276296779485 HTTP/1.1" 500 - "http://192.168.60.79/manager-page/home-1.php" "Mozilla/5.0 (Windows NT 10.0; Win64; x64) AppleWebKit/537.36 (KHTML, like Gecko) Chrome/138.0.0.0 Safari/537.36 Edg/138.0.0.0"
127.0.0.1 - - [23/Jul/2025:08:03:00 +0800] "GET /robot/alarm-history-in.php HTTP/1.1" 200 - "-" "python-requests/2.28.1"
172.16.36.181 - - [23/Jul/2025:08:02:55 +0800] "GET /manager-page/api/snapshot.php?id=12&t=0.8975373321118636 HTTP/1.1" 500 - "http://192.168.60.79/manager-page/home-1.php" "Mozilla/5.0 (Windows NT 10.0; Win64; x64) AppleWebKit/537.36 (KHTML, like Gecko) Chrome/138.0.0.0 Safari/537.36 Edg/138.0.0.0"
172.16.36.181 - - [23/Jul/2025:08:03:00 +0800] "GET /manager-page/api/snapshot.php?id=12&t=0.7735489692680826 HTTP/1.1" 500 - "http://192.168.60.79/manager-page/home-1.php" "Mozilla/5.0 (Windows NT 10.0; Win64; x64) AppleWebKit/537.36 (KHTML, like Gecko) Chrome/138.0.0.0 Safari/537.36 Edg/138.0.0.0"
172.16.36.181 - - [23/Jul/2025:08:03:00 +0800] "GET /manager-page/api/snapshot.php?id=11&t=0.194032158273871 HTTP/1.1" 500 - "http://192.168.60.79/manager-page/home-1.php" "Mozilla/5.0 (Windows NT 10.0; Win64; x64) AppleWebKit/537.36 (KHTML, like Gecko) Chrome/138.0.0.0 Safari/537.36 Edg/138.0.0.0"
172.16.36.181 - - [23/Jul/2025:08:03:05 +0800] "GET /manager-page/api/snapshot.php?id=12&t=0.6059771368524657 HTTP/1.1" 200 53312 "http://192.168.60.79/manager-page/home-1.php" "Mozilla/5.0 (Windows NT 10.0; Win64; x64) AppleWebKit/537.36 (KHTML, like Gecko) Chrome/138.0.0.0 Safari/537.36 Edg/138.0.0.0"
172.16.36.181 - - [23/Jul/2025:08:03:05 +0800] "GET /manager-page/api/snapshot.php?id=11&t=0.9583414806965938 HTTP/1.1" 500 - "http://192.168.60.79/manager-page/home-1.php" "Mozilla/5.0 (Windows NT 10.0; Win64; x64) AppleWebKit/537.36 (KHTML, like Gecko) Chrome/138.0.0.0 Safari/537.36 Edg/138.0.0.0"
172.16.36.181 - - [23/Jul/2025:08:03:10 +0800] "GET /manager-page/api/snapshot.php?id=11&t=0.2856123630942592 HTTP/1.1" 500 - "http://192.168.60.79/manager-page/home-1.php" "Mozilla/5.0 (Windows NT 10.0; Win64; x64) AppleWebKit/537.36 (KHTML, like Gecko) Chrome/138.0.0.0 Safari/537.36 Edg/138.0.0.0"
172.16.36.181 - - [23/Jul/2025:08:03:10 +0800] "GET /manager-page/api/snapshot.php?id=12&t=0.6761074658311154 HTTP/1.1" 500 - "http://192.168.60.79/manager-page/home-1.php" "Mozilla/5.0 (Windows NT 10.0; Win64; x64) AppleWebKit/537.36 (KHTML, like Gecko) Chrome/138.0.0.0 Safari/537.36 Edg/138.0.0.0"
172.16.36.181 - - [23/Jul/2025:08:03:28 +0800] "GET /manager-page/live/1-1.jpg HTTP/1.1" 200 52628 "http://192.168.60.79/manager-page/home-1.php" "Mozilla/5.0 (Windows NT 10.0; Win64; x64) AppleWebKit/537.36 (KHTML, like Gecko) Chrome/138.0.0.0 Safari/537.36 Edg/138.0.0.0"
172.16.36.181 - - [23/Jul/2025:08:03:31 +0800] "GET /manager-page/live/1-2.jpg HTTP/1.1" 200 53140 "http://192.168.60.79/manager-page/home-1.php" "Mozilla/5.0 (Windows NT 10.0; Win64; x64) AppleWebKit/537.36 (KHTML, like Gecko) Chrome/138.0.0.0 Safari/537.36 Edg/138.0.0.0"
172.16.36.181 - - [23/Jul/2025:08:03:39 +0800] "GET /manager-page/api/snapshot.php?id=11&t=0.14943108069186262 HTTP/1.1" 200 52805 "http://192.168.60.79/manager-page/home-1.php" "Mozilla/5.0 (Windows NT 10.0; Win64; x64) AppleWebKit/537.36 (KHTML, like Gecko) Chrome/138.0.0.0 Safari/537.36 Edg/138.0.0.0"
172.16.36.181 - - [23/Jul/2025:08:03:39 +0800] "GET /manager-page/api/snapshot.php?id=12&t=0.9281384231549202 HTTP/1.1" 500 - "http://192.168.60.79/manager-page/home-1.php" "Mozilla/5.0 (Windows NT 10.0; Win64; x64) AppleWebKit/537.36 (KHTML, like Gecko) Chrome/138.0.0.0 Safari/537.36 Edg/138.0.0.0"
172.16.36.181 - - [23/Jul/2025:08:03:55 +0800] "GET /manager-page/live/1-2.jpg HTTP/1.1" 200 53140 "http://192.168.60.79/manager-page/home-1.php" "Mozilla/5.0 (Windows NT 10.0; Win64; x64) AppleWebKit/537.36 (KHTML, like Gecko) Chrome/138.0.0.0 Safari/537.36 Edg/138.0.0.0"
127.0.0.1 - - [23/Jul/2025:08:04:00 +0800] "GET /robot/alarm-history-in.php HTTP/1.1" 200 - "-" "python-requests/2.28.1"
111.70.30.252 - - [23/Jul/2025:08:04:01 +0800] "POST /robot/lora-in.php HTTP/1.1" 200 - "-" "python-requests/2.21.0"
172.16.36.181 - - [23/Jul/2025:08:04:39 +0800] "GET /manager-page/api/snapshot.php?id=12&t=0.22202247722555868 HTTP/1.1" 200 53057 "http://192.168.60.79/manager-page/home-1.php" "Mozilla/5.0 (Windows NT 10.0; Win64; x64) AppleWebKit/537.36 (KHTML, like Gecko) Chrome/138.0.0.0 Safari/537.36 Edg/138.0.0.0"
172.16.36.181 - - [23/Jul/2025:08:04:39 +0800] "GET /manager-page/api/snapshot.php?id=11&t=0.32069034584084244 HTTP/1.1" 200 53044 "http://192.168.60.79/manager-page/home-1.php" "Mozilla/5.0 (Windows NT 10.0; Win64; x64) AppleWebKit/537.36 (KHTML, like Gecko) Chrome/138.0.0.0 Safari/537.36 Edg/138.0.0.0"
127.0.0.1 - - [23/Jul/2025:08:04:41 +0800] "POST /robot/et-7026-in.php HTTP/1.1" 200 - "-" "python-requests/2.32.2"
127.0.0.1 - - [23/Jul/2025:08:05:00 +0800] "GET /robot/alarm-history-in.php HTTP/1.1" 200 - "-" "python-requests/2.28.1"
111.70.30.253 - - [23/Jul/2025:08:05:25 +0800] "POST /robot/lora-in.php HTTP/1.1" 200 - "-" "python-requests/2.21.0"
172.16.36.181 - - [23/Jul/2025:08:05:39 +0800] "GET /manager-page/api/snapshot.php?id=11&t=0.49974120647229003 HTTP/1.1" 200 52967 "http://192.168.60.79/manager-page/home-1.php" "Mozilla/5.0 (Windows NT 10.0; Win64; x64) AppleWebKit/537.36 (KHTML, like Gecko) Chrome/138.0.0.0 Safari/537.36 Edg/138.0.0.0"
172.16.36.181 - - [23/Jul/2025:08:05:39 +0800] "GET /manager-page/api/snapshot.php?id=12&t=0.42274930095313534 HTTP/1.1" 500 - "http://192.168.60.79/manager-page/home-1.php" "Mozilla/5.0 (Windows NT 10.0; Win64; x64) AppleWebKit/537.36 (KHTML, like Gecko) Chrome/138.0.0.0 Safari/537.36 Edg/138.0.0.0"
172.16.36.181 - - [23/Jul/2025:08:05:58 +0800] "GET /manager-page/live/1-2.jpg HTTP/1.1" 304 - "http://192.168.60.79/manager-page/home-1.php" "Mozilla/5.0 (Windows NT 10.0; Win64; x64) AppleWebKit/537.36 (KHTML, like Gecko) Chrome/138.0.0.0 Safari/537.36 Edg/138.0.0.0"
127.0.0.1 - - [23/Jul/2025:08:06:00 +0800] "GET /robot/alarm-history-in.php HTTP/1.1" 200 - "-" "python-requests/2.28.1"
111.70.30.250 - - [23/Jul/2025:08:05:49 +0800] "POST /robot/lora-in.php HTTP/1.1" 200 - "-" "python-requests/2.21.0"
172.16.36.181 - - [23/Jul/2025:08:06:39 +0800] "GET /manager-page/api/snapshot.php?id=12&t=0.32406442090070453 HTTP/1.1" 200 53316 "http://192.168.60.79/manager-page/home-1.php" "Mozilla/5.0 (Windows NT 10.0; Win64; x64) AppleWebKit/537.36 (KHTML, like Gecko) Chrome/138.0.0.0 Safari/537.36 Edg/138.0.0.0"
172.16.36.181 - - [23/Jul/2025:08:06:39 +0800] "GET /manager-page/api/snapshot.php?id=11&t=0.3516366825544076 HTTP/1.1" 500 - "http://192.168.60.79/manager-page/home-1.php" "Mozilla/5.0 (Windows NT 10.0; Win64; x64) AppleWebKit/537.36 (KHTML, like Gecko) Chrome/138.0.0.0 Safari/537.36 Edg/138.0.0.0"
127.0.0.1 - - [23/Jul/2025:08:06:43 +0800] "POST /robot/et-7026-in.php HTTP/1.1" 200 - "-" "python-requests/2.32.2"
172.16.36.181 - - [23/Jul/2025:08:07:02 +0800] "GET /manager-page/live/1-1.jpg HTTP/1.1" 200 53114 "http://192.168.60.79/manager-page/home-1.php" "Mozilla/5.0 (Windows NT 10.0; Win64; x64) AppleWebKit/537.36 (KHTML, like Gecko) Chrome/138.0.0.0 Safari/537.36 Edg/138.0.0.0"
127.0.0.1 - - [23/Jul/2025:08:07:00 +0800] "GET /robot/alarm-history-in.php HTTP/1.1" 200 - "-" "python-requests/2.28.1"
127.0.0.1 - - [23/Jul/2025:08:07:17 +0800] "POST /robot/et-7026-in.php HTTP/1.1" 200 - "-" "python-requests/2.32.2"
172.16.36.181 - - [23/Jul/2025:08:07:39 +0800] "GET /manager-page/api/snapshot.php?id=12&t=0.7557802663651695 HTTP/1.1" 200 53358 "http://192.168.60.79/manager-page/home-1.php" "Mozilla/5.0 (Windows NT 10.0; Win64; x64) AppleWebKit/537.36 (KHTML, like Gecko) Chrome/138.0.0.0 Safari/537.36 Edg/138.0.0.0"
172.16.36.181 - - [23/Jul/2025:08:07:39 +0800] "GET /manager-page/api/snapshot.php?id=11&t=0.9377356735027133 HTTP/1.1" 200 53245 "http://192.168.60.79/manager-page/home-1.php" "Mozilla/5.0 (Windows NT 10.0; Win64; x64) AppleWebKit/537.36 (KHTML, like Gecko) Chrome/138.0.0.0 Safari/537.36 Edg/138.0.0.0"
127.0.0.1 - - [23/Jul/2025:08:08:00 +0800] "GET /robot/alarm-history-in.php HTTP/1.1" 200 - "-" "python-requests/2.28.1"
172.16.36.181 - - [23/Jul/2025:08:08:39 +0800] "GET /manager-page/api/snapshot.php?id=12&t=0.35318473494155755 HTTP/1.1" 200 53692 "http://192.168.60.79/manager-page/home-1.php" "Mozilla/5.0 (Windows NT 10.0; Win64; x64) AppleWebKit/537.36 (KHTML, like Gecko) Chrome/138.0.0.0 Safari/537.36 Edg/138.0.0.0"
172.16.36.181 - - [23/Jul/2025:08:08:39 +0800] "GET /manager-page/api/snapshot.php?id=11&t=0.8127759552583916 HTTP/1.1" 200 53426 "http://192.168.60.79/manager-page/home-1.php" "Mozilla/5.0 (Windows NT 10.0; Win64; x64) AppleWebKit/537.36 (KHTML, like Gecko) Chrome/138.0.0.0 Safari/537.36 Edg/138.0.0.0"
127.0.0.1 - - [23/Jul/2025:08:08:40 +0800] "GET /get-setting.json HTTP/1.1" 200 2314 "-" "python-requests/2.31.0"
127.0.0.1 - - [23/Jul/2025:08:08:40 +0800] "POST /robot/lora-in.php HTTP/1.1" 200 - "-" "python-requests/2.31.0"
127.0.0.1 - - [23/Jul/2025:08:08:42 +0800] "POST /robot/lora-in.php HTTP/1.1" 200 - "-" "python-requests/2.31.0"
127.0.0.1 - - [23/Jul/2025:08:08:43 +0800] "POST /robot/et-7026-in.php HTTP/1.1" 200 - "-" "python-requests/2.32.2"
127.0.0.1 - - [23/Jul/2025:08:08:44 +0800] "POST /robot/lora-in.php HTTP/1.1" 200 - "-" "python-requests/2.31.0"
127.0.0.1 - - [23/Jul/2025:08:08:53 +0800] "POST /robot/lora-in.php HTTP/1.1" 200 - "-" "python-requests/2.31.0"
127.0.0.1 - - [23/Jul/2025:08:09:00 +0800] "POST /robot/lora-in.php HTTP/1.1" 200 - "-" "python-requests/2.31.0"
127.0.0.1 - - [23/Jul/2025:08:09:00 +0800] "GET /robot/alarm-history-in.php HTTP/1.1" 200 - "-" "python-requests/2.28.1"
127.0.0.1 - - [23/Jul/2025:08:09:07 +0800] "POST /robot/lora-in.php HTTP/1.1" 200 - "-" "python-requests/2.31.0"
127.0.0.1 - - [23/Jul/2025:08:09:10 +0800] "POST /robot/lora-in.php HTTP/1.1" 200 - "-" "python-requests/2.31.0"
111.70.30.251 - - [23/Jul/2025:08:09:13 +0800] "POST /robot/lora-in.php HTTP/1.1" 200 - "-" "python-requests/2.21.0"
127.0.0.1 - - [23/Jul/2025:08:09:19 +0800] "POST /robot/lora-in.php HTTP/1.1" 200 - "-" "python-requests/2.31.0"
172.16.36.181 - - [23/Jul/2025:08:09:39 +0800] "GET /manager-page/api/snapshot.php?id=11&t=0.7525313249168797 HTTP/1.1" 200 53353 "http://192.168.60.79/manager-page/home-1.php" "Mozilla/5.0 (Windows NT 10.0; Win64; x64) AppleWebKit/537.36 (KHTML, like Gecko) Chrome/138.0.0.0 Safari/537.36 Edg/138.0.0.0"
172.16.36.181 - - [23/Jul/2025:08:09:39 +0800] "GET /manager-page/api/snapshot.php?id=12&t=0.03473527085509742 HTTP/1.1" 200 53404 "http://192.168.60.79/manager-page/home-1.php" "Mozilla/5.0 (Windows NT 10.0; Win64; x64) AppleWebKit/537.36 (KHTML, like Gecko) Chrome/138.0.0.0 Safari/537.36 Edg/138.0.0.0"
127.0.0.1 - - [23/Jul/2025:08:10:00 +0800] "GET /robot/alarm-history-in.php HTTP/1.1" 200 - "-" "python-requests/2.28.1"
172.16.36.181 - - [23/Jul/2025:08:10:39 +0800] "GET /manager-page/api/snapshot.php?id=11&t=0.727919870101896 HTTP/1.1" 200 53456 "http://192.168.60.79/manager-page/home-1.php" "Mozilla/5.0 (Windows NT 10.0; Win64; x64) AppleWebKit/537.36 (KHTML, like Gecko) Chrome/138.0.0.0 Safari/537.36 Edg/138.0.0.0"
172.16.36.181 - - [23/Jul/2025:08:10:39 +0800] "GET /manager-page/api/snapshot.php?id=12&t=0.20726365209702446 HTTP/1.1" 200 53475 "http://192.168.60.79/manager-page/home-1.php" "Mozilla/5.0 (Windows NT 10.0; Win64; x64) AppleWebKit/537.36 (KHTML, like Gecko) Chrome/138.0.0.0 Safari/537.36 Edg/138.0.0.0"
127.0.0.1 - - [23/Jul/2025:08:11:00 +0800] "GET /robot/alarm-history-in.php HTTP/1.1" 200 - "-" "python-requests/2.28.1"
172.16.36.181 - - [23/Jul/2025:08:11:39 +0800] "GET /manager-page/api/snapshot.php?id=12&t=0.1943876462532832 HTTP/1.1" 200 53413 "http://192.168.60.79/manager-page/home-1.php" "Mozilla/5.0 (Windows NT 10.0; Win64; x64) AppleWebKit/537.36 (KHTML, like Gecko) Chrome/138.0.0.0 Safari/537.36 Edg/138.0.0.0"
172.16.36.181 - - [23/Jul/2025:08:11:39 +0800] "GET /manager-page/api/snapshot.php?id=11&t=0.7792910673453467 HTTP/1.1" 200 53456 "http://192.168.60.79/manager-page/home-1.php" "Mozilla/5.0 (Windows NT 10.0; Win64; x64) AppleWebKit/537.36 (KHTML, like Gecko) Chrome/138.0.0.0 Safari/537.36 Edg/138.0.0.0"
127.0.0.1 - - [23/Jul/2025:08:12:00 +0800] "GET /robot/alarm-history-in.php HTTP/1.1" 200 - "-" "python-requests/2.28.1"
172.16.36.181 - - [23/Jul/2025:08:12:39 +0800] "GET /manager-page/api/snapshot.php?id=11&t=0.6676646900897721 HTTP/1.1" 200 53523 "http://192.168.60.79/manager-page/home-1.php" "Mozilla/5.0 (Windows NT 10.0; Win64; x64) AppleWebKit/537.36 (KHTML, like Gecko) Chrome/138.0.0.0 Safari/537.36 Edg/138.0.0.0"
172.16.36.181 - - [23/Jul/2025:08:12:39 +0800] "GET /manager-page/api/snapshot.php?id=12&t=0.3577378693654012 HTTP/1.1" 200 53370 "http://192.168.60.79/manager-page/home-1.php" "Mozilla/5.0 (Windows NT 10.0; Win64; x64) AppleWebKit/537.36 (KHTML, like Gecko) Chrome/138.0.0.0 Safari/537.36 Edg/138.0.0.0"
127.0.0.1 - - [23/Jul/2025:08:13:00 +0800] "GET /robot/alarm-history-in.php HTTP/1.1" 200 - "-" "python-requests/2.28.1"
111.70.30.252 - - [23/Jul/2025:08:13:07 +0800] "POST /robot/lora-in.php HTTP/1.1" 200 - "-" "python-requests/2.21.0"
172.16.36.181 - - [23/Jul/2025:08:13:39 +0800] "GET /manager-page/api/snapshot.php?id=11&t=0.9541463876270171 HTTP/1.1" 200 53470 "http://192.168.60.79/manager-page/home-1.php" "Mozilla/5.0 (Windows NT 10.0; Win64; x64) AppleWebKit/537.36 (KHTML, like Gecko) Chrome/138.0.0.0 Safari/537.36 Edg/138.0.0.0"
172.16.36.181 - - [23/Jul/2025:08:13:39 +0800] "GET /manager-page/api/snapshot.php?id=12&t=0.4374044836434895 HTTP/1.1" 200 54450 "http://192.168.60.79/manager-page/home-1.php" "Mozilla/5.0 (Windows NT 10.0; Win64; x64) AppleWebKit/537.36 (KHTML, like Gecko) Chrome/138.0.0.0 Safari/537.36 Edg/138.0.0.0"
127.0.0.1 - - [23/Jul/2025:08:14:00 +0800] "GET /robot/alarm-history-in.php HTTP/1.1" 200 - "-" "python-requests/2.28.1"
111.70.30.253 - - [23/Jul/2025:08:14:11 +0800] "POST /robot/lora-in.php HTTP/1.1" 200 - "-" "python-requests/2.21.0"
111.70.30.250 - - [23/Jul/2025:08:14:23 +0800] "POST /robot/lora-in.php HTTP/1.1" 200 - "-" "python-requests/2.21.0"
172.16.36.181 - - [23/Jul/2025:08:14:39 +0800] "GET /manager-page/api/snapshot.php?id=12&t=0.6666740217936994 HTTP/1.1" 200 53538 "http://192.168.60.79/manager-page/home-1.php" "Mozilla/5.0 (Windows NT 10.0; Win64; x64) AppleWebKit/537.36 (KHTML, like Gecko) Chrome/138.0.0.0 Safari/537.36 Edg/138.0.0.0"
172.16.36.181 - - [23/Jul/2025:08:14:39 +0800] "GET /manager-page/api/snapshot.php?id=11&t=0.8009627269073354 HTTP/1.1" 200 53484 "http://192.168.60.79/manager-page/home-1.php" "Mozilla/5.0 (Windows NT 10.0; Win64; x64) AppleWebKit/537.36 (KHTML, like Gecko) Chrome/138.0.0.0 Safari/537.36 Edg/138.0.0.0"
127.0.0.1 - - [23/Jul/2025:08:14:44 +0800] "POST /robot/et-7026-in.php HTTP/1.1" 200 - "-" "python-requests/2.32.2"
127.0.0.1 - - [23/Jul/2025:08:15:00 +0800] "GET /robot/alarm-history-in.php HTTP/1.1" 200 - "-" "python-requests/2.28.1"
172.16.36.181 - - [23/Jul/2025:08:15:39 +0800] "GET /manager-page/api/snapshot.php?id=12&t=0.9387923872932904 HTTP/1.1" 200 53432 "http://192.168.60.79/manager-page/home-1.php" "Mozilla/5.0 (Windows NT 10.0; Win64; x64) AppleWebKit/537.36 (KHTML, like Gecko) Chrome/138.0.0.0 Safari/537.36 Edg/138.0.0.0"
172.16.36.181 - - [23/Jul/2025:08:15:39 +0800] "GET /manager-page/api/snapshot.php?id=11&t=0.05632870355384212 HTTP/1.1" 200 53370 "http://192.168.60.79/manager-page/home-1.php" "Mozilla/5.0 (Windows NT 10.0; Win64; x64) AppleWebKit/537.36 (KHTML, like Gecko) Chrome/138.0.0.0 Safari/537.36 Edg/138.0.0.0"
127.0.0.1 - - [23/Jul/2025:08:16:00 +0800] "GET /robot/alarm-history-in.php HTTP/1.1" 200 - "-" "python-requests/2.28.1"
172.16.36.181 - - [23/Jul/2025:08:16:39 +0800] "GET /manager-page/api/snapshot.php?id=11&t=0.5929444329603337 HTTP/1.1" 200 53764 "http://192.168.60.79/manager-page/home-1.php" "Mozilla/5.0 (Windows NT 10.0; Win64; x64) AppleWebKit/537.36 (KHTML, like Gecko) Chrome/138.0.0.0 Safari/537.36 Edg/138.0.0.0"
172.16.36.181 - - [23/Jul/2025:08:16:39 +0800] "GET /manager-page/api/snapshot.php?id=12&t=0.2436299741989183 HTTP/1.1" 200 53494 "http://192.168.60.79/manager-page/home-1.php" "Mozilla/5.0 (Windows NT 10.0; Win64; x64) AppleWebKit/537.36 (KHTML, like Gecko) Chrome/138.0.0.0 Safari/537.36 Edg/138.0.0.0"
127.0.0.1 - - [23/Jul/2025:08:16:45 +0800] "POST /robot/et-7026-in.php HTTP/1.1" 200 - "-" "python-requests/2.32.2"
127.0.0.1 - - [23/Jul/2025:08:17:00 +0800] "GET /robot/alarm-history-in.php HTTP/1.1" 200 - "-" "python-requests/2.28.1"
127.0.0.1 - - [23/Jul/2025:08:17:19 +0800] "POST /robot/et-7026-in.php HTTP/1.1" 200 - "-" "python-requests/2.32.2"
172.16.36.181 - - [23/Jul/2025:08:17:39 +0800] "GET /manager-page/api/snapshot.php?id=12&t=0.32218705434190376 HTTP/1.1" 200 53430 "http://192.168.60.79/manager-page/home-1.php" "Mozilla/5.0 (Windows NT 10.0; Win64; x64) AppleWebKit/537.36 (KHTML, like Gecko) Chrome/138.0.0.0 Safari/537.36 Edg/138.0.0.0"
172.16.36.181 - - [23/Jul/2025:08:17:39 +0800] "GET /manager-page/api/snapshot.php?id=11&t=0.5224892107438776 HTTP/1.1" 200 54834 "http://192.168.60.79/manager-page/home-1.php" "Mozilla/5.0 (Windows NT 10.0; Win64; x64) AppleWebKit/537.36 (KHTML, like Gecko) Chrome/138.0.0.0 Safari/537.36 Edg/138.0.0.0"
111.70.30.251 - - [23/Jul/2025:08:17:49 +0800] "POST /robot/lora-in.php HTTP/1.1" 200 - "-" "python-requests/2.21.0"
127.0.0.1 - - [23/Jul/2025:08:18:00 +0800] "GET /robot/alarm-history-in.php HTTP/1.1" 200 - "-" "python-requests/2.28.1"
172.16.36.181 - - [23/Jul/2025:08:18:39 +0800] "GET /manager-page/api/snapshot.php?id=11&t=0.9256215839569214 HTTP/1.1" 200 53768 "http://192.168.60.79/manager-page/home-1.php" "Mozilla/5.0 (Windows NT 10.0; Win64; x64) AppleWebKit/537.36 (KHTML, like Gecko) Chrome/138.0.0.0 Safari/537.36 Edg/138.0.0.0"
172.16.36.181 - - [23/Jul/2025:08:18:39 +0800] "GET /manager-page/api/snapshot.php?id=12&t=0.048118436182355895 HTTP/1.1" 200 53376 "http://192.168.60.79/manager-page/home-1.php" "Mozilla/5.0 (Windows NT 10.0; Win64; x64) AppleWebKit/537.36 (KHTML, like Gecko) Chrome/138.0.0.0 Safari/537.36 Edg/138.0.0.0"
127.0.0.1 - - [23/Jul/2025:08:18:40 +0800] "GET /get-setting.json HTTP/1.1" 200 2314 "-" "python-requests/2.31.0"
127.0.0.1 - - [23/Jul/2025:08:18:40 +0800] "POST /robot/lora-in.php HTTP/1.1" 200 - "-" "python-requests/2.31.0"
127.0.0.1 - - [23/Jul/2025:08:18:44 +0800] "POST /robot/lora-in.php HTTP/1.1" 200 - "-" "python-requests/2.31.0"
127.0.0.1 - - [23/Jul/2025:08:18:44 +0800] "POST /robot/et-7026-in.php HTTP/1.1" 200 - "-" "python-requests/2.32.2"
127.0.0.1 - - [23/Jul/2025:08:18:46 +0800] "POST /robot/lora-in.php HTTP/1.1" 200 - "-" "python-requests/2.31.0"
127.0.0.1 - - [23/Jul/2025:08:18:56 +0800] "POST /robot/lora-in.php HTTP/1.1" 200 - "-" "python-requests/2.31.0"
127.0.0.1 - - [23/Jul/2025:08:19:00 +0800] "GET /robot/alarm-history-in.php HTTP/1.1" 200 - "-" "python-requests/2.28.1"
127.0.0.1 - - [23/Jul/2025:08:19:02 +0800] "POST /robot/lora-in.php HTTP/1.1" 200 - "-" "python-requests/2.31.0"
127.0.0.1 - - [23/Jul/2025:08:19:09 +0800] "POST /robot/lora-in.php HTTP/1.1" 200 - "-" "python-requests/2.31.0"
127.0.0.1 - - [23/Jul/2025:08:19:11 +0800] "POST /robot/lora-in.php HTTP/1.1" 200 - "-" "python-requests/2.31.0"
127.0.0.1 - - [23/Jul/2025:08:19:17 +0800] "POST /robot/lora-in.php HTTP/1.1" 200 - "-" "python-requests/2.31.0"
172.16.36.181 - - [23/Jul/2025:08:19:39 +0800] "GET /manager-page/api/snapshot.php?id=11&t=0.5861522511888132 HTTP/1.1" 200 53735 "http://192.168.60.79/manager-page/home-1.php" "Mozilla/5.0 (Windows NT 10.0; Win64; x64) AppleWebKit/537.36 (KHTML, like Gecko) Chrome/138.0.0.0 Safari/537.36 Edg/138.0.0.0"
172.16.36.181 - - [23/Jul/2025:08:19:39 +0800] "GET /manager-page/api/snapshot.php?id=12&t=0.6718962445707385 HTTP/1.1" 200 53366 "http://192.168.60.79/manager-page/home-1.php" "Mozilla/5.0 (Windows NT 10.0; Win64; x64) AppleWebKit/537.36 (KHTML, like Gecko) Chrome/138.0.0.0 Safari/537.36 Edg/138.0.0.0"
127.0.0.1 - - [23/Jul/2025:08:20:00 +0800] "GET /robot/alarm-history-in.php HTTP/1.1" 200 - "-" "python-requests/2.28.1"
172.16.36.181 - - [23/Jul/2025:08:20:39 +0800] "GET /manager-page/api/snapshot.php?id=12&t=0.43505654042577246 HTTP/1.1" 200 53381 "http://192.168.60.79/manager-page/home-1.php" "Mozilla/5.0 (Windows NT 10.0; Win64; x64) AppleWebKit/537.36 (KHTML, like Gecko) Chrome/138.0.0.0 Safari/537.36 Edg/138.0.0.0"
172.16.36.181 - - [23/Jul/2025:08:20:39 +0800] "GET /manager-page/api/snapshot.php?id=11&t=0.022887974898536445 HTTP/1.1" 200 53869 "http://192.168.60.79/manager-page/home-1.php" "Mozilla/5.0 (Windows NT 10.0; Win64; x64) AppleWebKit/537.36 (KHTML, like Gecko) Chrome/138.0.0.0 Safari/537.36 Edg/138.0.0.0"
127.0.0.1 - - [23/Jul/2025:08:21:00 +0800] "GET /robot/alarm-history-in.php HTTP/1.1" 200 - "-" "python-requests/2.28.1"
172.16.36.181 - - [23/Jul/2025:08:21:39 +0800] "GET /manager-page/api/snapshot.php?id=11&t=0.8447725413263342 HTTP/1.1" 200 53903 "http://192.168.60.79/manager-page/home-1.php" "Mozilla/5.0 (Windows NT 10.0; Win64; x64) AppleWebKit/537.36 (KHTML, like Gecko) Chrome/138.0.0.0 Safari/537.36 Edg/138.0.0.0"
172.16.36.181 - - [23/Jul/2025:08:21:39 +0800] "GET /manager-page/api/snapshot.php?id=12&t=0.42816494149283024 HTTP/1.1" 200 53673 "http://192.168.60.79/manager-page/home-1.php" "Mozilla/5.0 (Windows NT 10.0; Win64; x64) AppleWebKit/537.36 (KHTML, like Gecko) Chrome/138.0.0.0 Safari/537.36 Edg/138.0.0.0"
127.0.0.1 - - [23/Jul/2025:08:22:00 +0800] "GET /robot/alarm-history-in.php HTTP/1.1" 200 - "-" "python-requests/2.28.1"
111.70.30.252 - - [23/Jul/2025:08:22:15 +0800] "POST /robot/lora-in.php HTTP/1.1" 200 - "-" "python-requests/2.21.0"
172.16.36.181 - - [23/Jul/2025:08:22:39 +0800] "GET /manager-page/api/snapshot.php?id=12&t=0.733722577135004 HTTP/1.1" 200 53571 "http://192.168.60.79/manager-page/home-1.php" "Mozilla/5.0 (Windows NT 10.0; Win64; x64) AppleWebKit/537.36 (KHTML, like Gecko) Chrome/138.0.0.0 Safari/537.36 Edg/138.0.0.0"
172.16.36.181 - - [23/Jul/2025:08:22:39 +0800] "GET /manager-page/api/snapshot.php?id=11&t=0.7611315804659482 HTTP/1.1" 200 53941 "http://192.168.60.79/manager-page/home-1.php" "Mozilla/5.0 (Windows NT 10.0; Win64; x64) AppleWebKit/537.36 (KHTML, like Gecko) Chrome/138.0.0.0 Safari/537.36 Edg/138.0.0.0"
111.70.30.253 - - [23/Jul/2025:08:22:54 +0800] "POST /robot/lora-in.php HTTP/1.1" 200 - "-" "python-requests/2.21.0"
111.70.30.250 - - [23/Jul/2025:08:22:58 +0800] "POST /robot/lora-in.php HTTP/1.1" 200 - "-" "python-requests/2.21.0"
127.0.0.1 - - [23/Jul/2025:08:23:00 +0800] "GET /robot/alarm-history-in.php HTTP/1.1" 200 - "-" "python-requests/2.28.1"
172.16.36.181 - - [23/Jul/2025:08:23:39 +0800] "GET /manager-page/api/snapshot.php?id=12&t=0.31041142283188916 HTTP/1.1" 200 53508 "http://192.168.60.79/manager-page/home-1.php" "Mozilla/5.0 (Windows NT 10.0; Win64; x64) AppleWebKit/537.36 (KHTML, like Gecko) Chrome/138.0.0.0 Safari/537.36 Edg/138.0.0.0"
172.16.36.181 - - [23/Jul/2025:08:23:39 +0800] "GET /manager-page/api/snapshot.php?id=11&t=0.28926529875352025 HTTP/1.1" 200 54285 "http://192.168.60.79/manager-page/home-1.php" "Mozilla/5.0 (Windows NT 10.0; Win64; x64) AppleWebKit/537.36 (KHTML, like Gecko) Chrome/138.0.0.0 Safari/537.36 Edg/138.0.0.0"
127.0.0.1 - - [23/Jul/2025:08:24:00 +0800] "GET /robot/alarm-history-in.php HTTP/1.1" 200 - "-" "python-requests/2.28.1"
172.16.36.181 - - [23/Jul/2025:08:24:39 +0800] "GET /manager-page/api/snapshot.php?id=12&t=0.5746721792183301 HTTP/1.1" 200 53493 "http://192.168.60.79/manager-page/home-1.php" "Mozilla/5.0 (Windows NT 10.0; Win64; x64) AppleWebKit/537.36 (KHTML, like Gecko) Chrome/138.0.0.0 Safari/537.36 Edg/138.0.0.0"
172.16.36.181 - - [23/Jul/2025:08:24:39 +0800] "GET /manager-page/api/snapshot.php?id=11&t=0.4989971494143308 HTTP/1.1" 200 53701 "http://192.168.60.79/manager-page/home-1.php" "Mozilla/5.0 (Windows NT 10.0; Win64; x64) AppleWebKit/537.36 (KHTML, like Gecko) Chrome/138.0.0.0 Safari/537.36 Edg/138.0.0.0"
127.0.0.1 - - [23/Jul/2025:08:24:46 +0800] "POST /robot/et-7026-in.php HTTP/1.1" 200 - "-" "python-requests/2.32.2"
127.0.0.1 - - [23/Jul/2025:08:25:00 +0800] "GET /robot/alarm-history-in.php HTTP/1.1" 200 - "-" "python-requests/2.28.1"
172.16.36.181 - - [23/Jul/2025:08:25:39 +0800] "GET /manager-page/api/snapshot.php?id=12&t=0.8532822339463978 HTTP/1.1" 200 53395 "http://192.168.60.79/manager-page/home-1.php" "Mozilla/5.0 (Windows NT 10.0; Win64; x64) AppleWebKit/537.36 (KHTML, like Gecko) Chrome/138.0.0.0 Safari/537.36 Edg/138.0.0.0"
172.16.36.181 - - [23/Jul/2025:08:25:39 +0800] "GET /manager-page/api/snapshot.php?id=11&t=0.3981041355466518 HTTP/1.1" 200 53780 "http://192.168.60.79/manager-page/home-1.php" "Mozilla/5.0 (Windows NT 10.0; Win64; x64) AppleWebKit/537.36 (KHTML, like Gecko) Chrome/138.0.0.0 Safari/537.36 Edg/138.0.0.0"
127.0.0.1 - - [23/Jul/2025:08:26:00 +0800] "GET /robot/alarm-history-in.php HTTP/1.1" 200 - "-" "python-requests/2.28.1"
111.70.30.251 - - [23/Jul/2025:08:26:24 +0800] "POST /robot/lora-in.php HTTP/1.1" 200 - "-" "python-requests/2.21.0"
172.16.36.181 - - [23/Jul/2025:08:26:39 +0800] "GET /manager-page/api/snapshot.php?id=12&t=0.8226949552241344 HTTP/1.1" 200 53433 "http://192.168.60.79/manager-page/home-1.php" "Mozilla/5.0 (Windows NT 10.0; Win64; x64) AppleWebKit/537.36 (KHTML, like Gecko) Chrome/138.0.0.0 Safari/537.36 Edg/138.0.0.0"
172.16.36.181 - - [23/Jul/2025:08:26:39 +0800] "GET /manager-page/api/snapshot.php?id=11&t=0.45040950776596245 HTTP/1.1" 200 53607 "http://192.168.60.79/manager-page/home-1.php" "Mozilla/5.0 (Windows NT 10.0; Win64; x64) AppleWebKit/537.36 (KHTML, like Gecko) Chrome/138.0.0.0 Safari/537.36 Edg/138.0.0.0"
127.0.0.1 - - [23/Jul/2025:08:26:45 +0800] "POST /robot/et-7026-in.php HTTP/1.1" 200 - "-" "python-requests/2.32.2"
127.0.0.1 - - [23/Jul/2025:08:27:00 +0800] "GET /robot/alarm-history-in.php HTTP/1.1" 200 - "-" "python-requests/2.28.1"
127.0.0.1 - - [23/Jul/2025:08:27:21 +0800] "POST /robot/et-7026-in.php HTTP/1.1" 200 - "-" "python-requests/2.32.2"
172.16.36.181 - - [23/Jul/2025:08:27:39 +0800] "GET /manager-page/api/snapshot.php?id=11&t=0.464860777755164 HTTP/1.1" 200 53472 "http://192.168.60.79/manager-page/home-1.php" "Mozilla/5.0 (Windows NT 10.0; Win64; x64) AppleWebKit/537.36 (KHTML, like Gecko) Chrome/138.0.0.0 Safari/537.36 Edg/138.0.0.0"
172.16.36.181 - - [23/Jul/2025:08:27:39 +0800] "GET /manager-page/api/snapshot.php?id=12&t=0.3612672062034539 HTTP/1.1" 200 53461 "http://192.168.60.79/manager-page/home-1.php" "Mozilla/5.0 (Windows NT 10.0; Win64; x64) AppleWebKit/537.36 (KHTML, like Gecko) Chrome/138.0.0.0 Safari/537.36 Edg/138.0.0.0"
127.0.0.1 - - [23/Jul/2025:08:28:00 +0800] "GET /robot/alarm-history-in.php HTTP/1.1" 200 - "-" "python-requests/2.28.1"
172.16.36.181 - - [23/Jul/2025:08:28:39 +0800] "GET /manager-page/api/snapshot.php?id=11&t=0.007823844203298624 HTTP/1.1" 200 53792 "http://192.168.60.79/manager-page/home-1.php" "Mozilla/5.0 (Windows NT 10.0; Win64; x64) AppleWebKit/537.36 (KHTML, like Gecko) Chrome/138.0.0.0 Safari/537.36 Edg/138.0.0.0"
172.16.36.181 - - [23/Jul/2025:08:28:39 +0800] "GET /manager-page/api/snapshot.php?id=12&t=0.8954007305518126 HTTP/1.1" 200 53356 "http://192.168.60.79/manager-page/home-1.php" "Mozilla/5.0 (Windows NT 10.0; Win64; x64) AppleWebKit/537.36 (KHTML, like Gecko) Chrome/138.0.0.0 Safari/537.36 Edg/138.0.0.0"
127.0.0.1 - - [23/Jul/2025:08:28:40 +0800] "GET /get-setting.json HTTP/1.1" 200 2314 "-" "python-requests/2.31.0"
127.0.0.1 - - [23/Jul/2025:08:28:40 +0800] "POST /robot/lora-in.php HTTP/1.1" 200 - "-" "python-requests/2.31.0"
127.0.0.1 - - [23/Jul/2025:08:28:45 +0800] "POST /robot/lora-in.php HTTP/1.1" 200 - "-" "python-requests/2.31.0"
127.0.0.1 - - [23/Jul/2025:08:28:47 +0800] "POST /robot/et-7026-in.php HTTP/1.1" 200 - "-" "python-requests/2.32.2"
127.0.0.1 - - [23/Jul/2025:08:28:50 +0800] "POST /robot/lora-in.php HTTP/1.1" 200 - "-" "python-requests/2.31.0"
127.0.0.1 - - [23/Jul/2025:08:28:58 +0800] "POST /robot/lora-in.php HTTP/1.1" 200 - "-" "python-requests/2.31.0"
127.0.0.1 - - [23/Jul/2025:08:29:00 +0800] "GET /robot/alarm-history-in.php HTTP/1.1" 200 - "-" "python-requests/2.28.1"
127.0.0.1 - - [23/Jul/2025:08:29:08 +0800] "POST /robot/lora-in.php HTTP/1.1" 200 - "-" "python-requests/2.31.0"
127.0.0.1 - - [23/Jul/2025:08:29:10 +0800] "POST /robot/lora-in.php HTTP/1.1" 200 - "-" "python-requests/2.31.0"
127.0.0.1 - - [23/Jul/2025:08:29:11 +0800] "POST /robot/lora-in.php HTTP/1.1" 200 - "-" "python-requests/2.31.0"
127.0.0.1 - - [23/Jul/2025:08:29:16 +0800] "POST /robot/lora-in.php HTTP/1.1" 200 - "-" "python-requests/2.31.0"
172.16.36.181 - - [23/Jul/2025:08:29:39 +0800] "GET /manager-page/api/snapshot.php?id=11&t=0.07088982552138678 HTTP/1.1" 200 53895 "http://192.168.60.79/manager-page/home-1.php" "Mozilla/5.0 (Windows NT 10.0; Win64; x64) AppleWebKit/537.36 (KHTML, like Gecko) Chrome/138.0.0.0 Safari/537.36 Edg/138.0.0.0"
172.16.36.181 - - [23/Jul/2025:08:29:39 +0800] "GET /manager-page/api/snapshot.php?id=12&t=0.6947232814349575 HTTP/1.1" 200 53403 "http://192.168.60.79/manager-page/home-1.php" "Mozilla/5.0 (Windows NT 10.0; Win64; x64) AppleWebKit/537.36 (KHTML, like Gecko) Chrome/138.0.0.0 Safari/537.36 Edg/138.0.0.0"
127.0.0.1 - - [23/Jul/2025:08:30:00 +0800] "GET /robot/alarm-history-in.php HTTP/1.1" 200 - "-" "python-requests/2.28.1"
172.16.36.181 - - [23/Jul/2025:08:30:39 +0800] "GET /manager-page/api/snapshot.php?id=11&t=0.12171479911982741 HTTP/1.1" 200 54032 "http://192.168.60.79/manager-page/home-1.php" "Mozilla/5.0 (Windows NT 10.0; Win64; x64) AppleWebKit/537.36 (KHTML, like Gecko) Chrome/138.0.0.0 Safari/537.36 Edg/138.0.0.0"
172.16.36.181 - - [23/Jul/2025:08:30:39 +0800] "GET /manager-page/api/snapshot.php?id=12&t=0.5714273735513227 HTTP/1.1" 200 53613 "http://192.168.60.79/manager-page/home-1.php" "Mozilla/5.0 (Windows NT 10.0; Win64; x64) AppleWebKit/537.36 (KHTML, like Gecko) Chrome/138.0.0.0 Safari/537.36 Edg/138.0.0.0"
127.0.0.1 - - [23/Jul/2025:08:31:00 +0800] "GET /robot/alarm-history-in.php HTTP/1.1" 200 - "-" "python-requests/2.28.1"
111.70.30.252 - - [23/Jul/2025:08:31:24 +0800] "POST /robot/lora-in.php HTTP/1.1" 200 - "-" "python-requests/2.21.0"
111.70.30.250 - - [23/Jul/2025:08:31:33 +0800] "POST /robot/lora-in.php HTTP/1.1" 200 - "-" "python-requests/2.21.0"
111.70.30.253 - - [23/Jul/2025:08:31:39 +0800] "POST /robot/lora-in.php HTTP/1.1" 200 - "-" "python-requests/2.21.0"
172.16.36.181 - - [23/Jul/2025:08:31:39 +0800] "GET /manager-page/api/snapshot.php?id=12&t=0.9377240142493034 HTTP/1.1" 200 53381 "http://192.168.60.79/manager-page/home-1.php" "Mozilla/5.0 (Windows NT 10.0; Win64; x64) AppleWebKit/537.36 (KHTML, like Gecko) Chrome/138.0.0.0 Safari/537.36 Edg/138.0.0.0"
172.16.36.181 - - [23/Jul/2025:08:31:39 +0800] "GET /manager-page/api/snapshot.php?id=11&t=0.2838154760134167 HTTP/1.1" 200 53931 "http://192.168.60.79/manager-page/home-1.php" "Mozilla/5.0 (Windows NT 10.0; Win64; x64) AppleWebKit/537.36 (KHTML, like Gecko) Chrome/138.0.0.0 Safari/537.36 Edg/138.0.0.0"
127.0.0.1 - - [23/Jul/2025:08:32:00 +0800] "GET /robot/alarm-history-in.php HTTP/1.1" 200 - "-" "python-requests/2.28.1"
172.16.36.181 - - [23/Jul/2025:08:32:39 +0800] "GET /manager-page/api/snapshot.php?id=12&t=0.27885705025892127 HTTP/1.1" 200 53387 "http://192.168.60.79/manager-page/home-1.php" "Mozilla/5.0 (Windows NT 10.0; Win64; x64) AppleWebKit/537.36 (KHTML, like Gecko) Chrome/138.0.0.0 Safari/537.36 Edg/138.0.0.0"
172.16.36.181 - - [23/Jul/2025:08:32:39 +0800] "GET /manager-page/api/snapshot.php?id=11&t=0.8003252094000526 HTTP/1.1" 200 54056 "http://192.168.60.79/manager-page/home-1.php" "Mozilla/5.0 (Windows NT 10.0; Win64; x64) AppleWebKit/537.36 (KHTML, like Gecko) Chrome/138.0.0.0 Safari/537.36 Edg/138.0.0.0"
127.0.0.1 - - [23/Jul/2025:08:33:00 +0800] "GET /robot/alarm-history-in.php HTTP/1.1" 200 - "-" "python-requests/2.28.1"
172.16.36.181 - - [23/Jul/2025:08:33:39 +0800] "GET /manager-page/api/snapshot.php?id=12&t=0.05472929739600718 HTTP/1.1" 200 53282 "http://192.168.60.79/manager-page/home-1.php" "Mozilla/5.0 (Windows NT 10.0; Win64; x64) AppleWebKit/537.36 (KHTML, like Gecko) Chrome/138.0.0.0 Safari/537.36 Edg/138.0.0.0"
172.16.36.181 - - [23/Jul/2025:08:33:39 +0800] "GET /manager-page/api/snapshot.php?id=11&t=0.8372905691391669 HTTP/1.1" 200 54063 "http://192.168.60.79/manager-page/home-1.php" "Mozilla/5.0 (Windows NT 10.0; Win64; x64) AppleWebKit/537.36 (KHTML, like Gecko) Chrome/138.0.0.0 Safari/537.36 Edg/138.0.0.0"
127.0.0.1 - - [23/Jul/2025:08:34:00 +0800] "GET /robot/alarm-history-in.php HTTP/1.1" 200 - "-" "python-requests/2.28.1"
172.16.36.181 - - [23/Jul/2025:08:34:39 +0800] "GET /manager-page/api/snapshot.php?id=12&t=0.8845896769300722 HTTP/1.1" 200 53331 "http://192.168.60.79/manager-page/home-1.php" "Mozilla/5.0 (Windows NT 10.0; Win64; x64) AppleWebKit/537.36 (KHTML, like Gecko) Chrome/138.0.0.0 Safari/537.36 Edg/138.0.0.0"
172.16.36.181 - - [23/Jul/2025:08:34:39 +0800] "GET /manager-page/api/snapshot.php?id=11&t=0.8987300686009251 HTTP/1.1" 200 54205 "http://192.168.60.79/manager-page/home-1.php" "Mozilla/5.0 (Windows NT 10.0; Win64; x64) AppleWebKit/537.36 (KHTML, like Gecko) Chrome/138.0.0.0 Safari/537.36 Edg/138.0.0.0"
127.0.0.1 - - [23/Jul/2025:08:34:46 +0800] "POST /robot/et-7026-in.php HTTP/1.1" 200 - "-" "python-requests/2.32.2"
111.70.30.251 - - [23/Jul/2025:08:34:59 +0800] "POST /robot/lora-in.php HTTP/1.1" 200 - "-" "python-requests/2.21.0"
127.0.0.1 - - [23/Jul/2025:08:35:00 +0800] "GET /robot/alarm-history-in.php HTTP/1.1" 200 - "-" "python-requests/2.28.1"
172.16.36.181 - - [23/Jul/2025:08:35:39 +0800] "GET /manager-page/api/snapshot.php?id=11&t=0.5046775961925178 HTTP/1.1" 200 53868 "http://192.168.60.79/manager-page/home-1.php" "Mozilla/5.0 (Windows NT 10.0; Win64; x64) AppleWebKit/537.36 (KHTML, like Gecko) Chrome/138.0.0.0 Safari/537.36 Edg/138.0.0.0"
172.16.36.181 - - [23/Jul/2025:08:35:39 +0800] "GET /manager-page/api/snapshot.php?id=12&t=0.32733085032158005 HTTP/1.1" 200 53307 "http://192.168.60.79/manager-page/home-1.php" "Mozilla/5.0 (Windows NT 10.0; Win64; x64) AppleWebKit/537.36 (KHTML, like Gecko) Chrome/138.0.0.0 Safari/537.36 Edg/138.0.0.0"
127.0.0.1 - - [23/Jul/2025:08:36:00 +0800] "GET /robot/alarm-history-in.php HTTP/1.1" 200 - "-" "python-requests/2.28.1"
172.16.36.181 - - [23/Jul/2025:08:36:39 +0800] "GET /manager-page/api/snapshot.php?id=12&t=0.5087420900079056 HTTP/1.1" 200 54253 "http://192.168.60.79/manager-page/home-1.php" "Mozilla/5.0 (Windows NT 10.0; Win64; x64) AppleWebKit/537.36 (KHTML, like Gecko) Chrome/138.0.0.0 Safari/537.36 Edg/138.0.0.0"
172.16.36.181 - - [23/Jul/2025:08:36:39 +0800] "GET /manager-page/api/snapshot.php?id=11&t=0.1508830731496993 HTTP/1.1" 200 54265 "http://192.168.60.79/manager-page/home-1.php" "Mozilla/5.0 (Windows NT 10.0; Win64; x64) AppleWebKit/537.36 (KHTML, like Gecko) Chrome/138.0.0.0 Safari/537.36 Edg/138.0.0.0"
127.0.0.1 - - [23/Jul/2025:08:36:47 +0800] "POST /robot/et-7026-in.php HTTP/1.1" 200 - "-" "python-requests/2.32.2"
127.0.0.1 - - [23/Jul/2025:08:37:00 +0800] "GET /robot/alarm-history-in.php HTTP/1.1" 200 - "-" "python-requests/2.28.1"
127.0.0.1 - - [23/Jul/2025:08:37:24 +0800] "POST /robot/et-7026-in.php HTTP/1.1" 200 - "-" "python-requests/2.32.2"
172.16.36.181 - - [23/Jul/2025:08:37:39 +0800] "GET /manager-page/api/snapshot.php?id=12&t=0.7988209602889843 HTTP/1.1" 200 53260 "http://192.168.60.79/manager-page/home-1.php" "Mozilla/5.0 (Windows NT 10.0; Win64; x64) AppleWebKit/537.36 (KHTML, like Gecko) Chrome/138.0.0.0 Safari/537.36 Edg/138.0.0.0"
172.16.36.181 - - [23/Jul/2025:08:37:39 +0800] "GET /manager-page/api/snapshot.php?id=11&t=0.6704872917506638 HTTP/1.1" 200 53743 "http://192.168.60.79/manager-page/home-1.php" "Mozilla/5.0 (Windows NT 10.0; Win64; x64) AppleWebKit/537.36 (KHTML, like Gecko) Chrome/138.0.0.0 Safari/537.36 Edg/138.0.0.0"
127.0.0.1 - - [23/Jul/2025:08:38:00 +0800] "GET /robot/alarm-history-in.php HTTP/1.1" 200 - "-" "python-requests/2.28.1"
172.16.36.181 - - [23/Jul/2025:08:38:39 +0800] "GET /manager-page/api/snapshot.php?id=12&t=0.8363564231235859 HTTP/1.1" 200 53352 "http://192.168.60.79/manager-page/home-1.php" "Mozilla/5.0 (Windows NT 10.0; Win64; x64) AppleWebKit/537.36 (KHTML, like Gecko) Chrome/138.0.0.0 Safari/537.36 Edg/138.0.0.0"
172.16.36.181 - - [23/Jul/2025:08:38:39 +0800] "GET /manager-page/api/snapshot.php?id=11&t=0.20670012533257898 HTTP/1.1" 200 53626 "http://192.168.60.79/manager-page/home-1.php" "Mozilla/5.0 (Windows NT 10.0; Win64; x64) AppleWebKit/537.36 (KHTML, like Gecko) Chrome/138.0.0.0 Safari/537.36 Edg/138.0.0.0"
127.0.0.1 - - [23/Jul/2025:08:38:40 +0800] "GET /get-setting.json HTTP/1.1" 200 2314 "-" "python-requests/2.31.0"
127.0.0.1 - - [23/Jul/2025:08:38:40 +0800] "POST /robot/lora-in.php HTTP/1.1" 200 - "-" "python-requests/2.31.0"
127.0.0.1 - - [23/Jul/2025:08:38:49 +0800] "POST /robot/et-7026-in.php HTTP/1.1" 200 - "-" "python-requests/2.32.2"
127.0.0.1 - - [23/Jul/2025:08:38:53 +0800] "POST /robot/lora-in.php HTTP/1.1" 200 - "-" "python-requests/2.31.0"
127.0.0.1 - - [23/Jul/2025:08:39:01 +0800] "POST /robot/lora-in.php HTTP/1.1" 200 - "-" "python-requests/2.31.0"
127.0.0.1 - - [23/Jul/2025:08:39:00 +0800] "GET /robot/alarm-history-in.php HTTP/1.1" 200 - "-" "python-requests/2.28.1"
127.0.0.1 - - [23/Jul/2025:08:39:05 +0800] "POST /robot/lora-in.php HTTP/1.1" 200 - "-" "python-requests/2.31.0"
127.0.0.1 - - [23/Jul/2025:08:39:12 +0800] "POST /robot/lora-in.php HTTP/1.1" 200 - "-" "python-requests/2.31.0"
127.0.0.1 - - [23/Jul/2025:08:39:13 +0800] "POST /robot/lora-in.php HTTP/1.1" 200 - "-" "python-requests/2.31.0"
127.0.0.1 - - [23/Jul/2025:08:39:26 +0800] "POST /robot/lora-in.php HTTP/1.1" 200 - "-" "python-requests/2.31.0"
