127.0.0.1 - - [10/Apr/2025:08:00:00 +0800] "GET /robot/alarm-history-in.php HTTP/1.1" 200 - "-" "python-requests/2.28.1"
127.0.0.1 - - [10/Apr/2025:08:00:00 +0800] "GET /manager-page/daily/send.php HTTP/1.1" 200 149 "-" "python-requests/2.28.1"
127.0.0.1 - - [10/Apr/2025:08:00:12 +0800] "GET /manager-page/api/snapshot.php?id=21&t=0.538696802886949 HTTP/1.1" 200 46486 "http://127.0.0.1/manager-page/home-2.php" "Mozilla/5.0 (Windows NT 10.0; Win64; x64) AppleWebKit/537.36 (KHTML, like Gecko) Chrome/119.0.0.0 Safari/537.36"
127.0.0.1 - - [10/Apr/2025:08:00:12 +0800] "GET /manager-page/api/snapshot.php?id=22&t=0.2770342446263081 HTTP/1.1" 200 48900 "http://127.0.0.1/manager-page/home-2.php" "Mozilla/5.0 (Windows NT 10.0; Win64; x64) AppleWebKit/537.36 (KHTML, like Gecko) Chrome/119.0.0.0 Safari/537.36"
127.0.0.1 - - [10/Apr/2025:08:00:00 +0800] "GET /manager-page/daily/send2.php HTTP/1.1" 200 149 "-" "python-requests/2.28.1"
127.0.0.1 - - [10/Apr/2025:08:01:00 +0800] "GET /robot/alarm-history-in.php HTTP/1.1" 200 - "-" "python-requests/2.28.1"
127.0.0.1 - - [10/Apr/2025:08:01:12 +0800] "GET /manager-page/api/snapshot.php?id=21&t=0.9684697654710854 HTTP/1.1" 200 46807 "http://127.0.0.1/manager-page/home-2.php" "Mozilla/5.0 (Windows NT 10.0; Win64; x64) AppleWebKit/537.36 (KHTML, like Gecko) Chrome/119.0.0.0 Safari/537.36"
127.0.0.1 - - [10/Apr/2025:08:01:12 +0800] "GET /manager-page/api/snapshot.php?id=22&t=0.17794830935651373 HTTP/1.1" 200 49412 "http://127.0.0.1/manager-page/home-2.php" "Mozilla/5.0 (Windows NT 10.0; Win64; x64) AppleWebKit/537.36 (KHTML, like Gecko) Chrome/119.0.0.0 Safari/537.36"
111.70.30.251 - - [10/Apr/2025:08:01:14 +0800] "POST /robot/lora-in.php HTTP/1.1" 200 - "-" "python-requests/2.21.0"
127.0.0.1 - - [10/Apr/2025:08:02:00 +0800] "GET /robot/alarm-history-in.php HTTP/1.1" 200 - "-" "python-requests/2.28.1"
127.0.0.1 - - [10/Apr/2025:08:02:12 +0800] "GET /manager-page/api/snapshot.php?id=22&t=0.17780932651385895 HTTP/1.1" 200 49446 "http://127.0.0.1/manager-page/home-2.php" "Mozilla/5.0 (Windows NT 10.0; Win64; x64) AppleWebKit/537.36 (KHTML, like Gecko) Chrome/119.0.0.0 Safari/537.36"
127.0.0.1 - - [10/Apr/2025:08:02:12 +0800] "GET /manager-page/api/snapshot.php?id=21&t=0.7389548305944709 HTTP/1.1" 200 46562 "http://127.0.0.1/manager-page/home-2.php" "Mozilla/5.0 (Windows NT 10.0; Win64; x64) AppleWebKit/537.36 (KHTML, like Gecko) Chrome/119.0.0.0 Safari/537.36"
111.70.30.251 - - [10/Apr/2025:08:02:50 +0800] "POST /robot/lora-in.php HTTP/1.1" 200 - "-" "python-requests/2.21.0"
127.0.0.1 - - [10/Apr/2025:08:03:00 +0800] "GET /robot/alarm-history-in.php HTTP/1.1" 200 - "-" "python-requests/2.28.1"
127.0.0.1 - - [10/Apr/2025:08:03:12 +0800] "GET /manager-page/api/snapshot.php?id=21&t=0.6694762985176339 HTTP/1.1" 200 46501 "http://127.0.0.1/manager-page/home-2.php" "Mozilla/5.0 (Windows NT 10.0; Win64; x64) AppleWebKit/537.36 (KHTML, like Gecko) Chrome/119.0.0.0 Safari/537.36"
127.0.0.1 - - [10/Apr/2025:08:03:12 +0800] "GET /manager-page/api/snapshot.php?id=22&t=0.3522245720032935 HTTP/1.1" 200 49648 "http://127.0.0.1/manager-page/home-2.php" "Mozilla/5.0 (Windows NT 10.0; Win64; x64) AppleWebKit/537.36 (KHTML, like Gecko) Chrome/119.0.0.0 Safari/537.36"
111.70.30.250 - - [10/Apr/2025:08:03:40 +0800] "POST /robot/lora-in.php HTTP/1.1" 200 - "-" "python-requests/2.21.0"
127.0.0.1 - - [10/Apr/2025:08:04:00 +0800] "GET /robot/alarm-history-in.php HTTP/1.1" 200 - "-" "python-requests/2.28.1"
127.0.0.1 - - [10/Apr/2025:08:04:12 +0800] "GET /manager-page/api/snapshot.php?id=21&t=0.7577920186877172 HTTP/1.1" 200 47143 "http://127.0.0.1/manager-page/home-2.php" "Mozilla/5.0 (Windows NT 10.0; Win64; x64) AppleWebKit/537.36 (KHTML, like Gecko) Chrome/119.0.0.0 Safari/537.36"
127.0.0.1 - - [10/Apr/2025:08:04:12 +0800] "GET /manager-page/api/snapshot.php?id=22&t=0.1785913363231615 HTTP/1.1" 200 49656 "http://127.0.0.1/manager-page/home-2.php" "Mozilla/5.0 (Windows NT 10.0; Win64; x64) AppleWebKit/537.36 (KHTML, like Gecko) Chrome/119.0.0.0 Safari/537.36"
127.0.0.1 - - [10/Apr/2025:08:05:00 +0800] "GET /robot/alarm-history-in.php HTTP/1.1" 200 - "-" "python-requests/2.28.1"
111.70.30.251 - - [10/Apr/2025:08:05:11 +0800] "POST /robot/lora-in.php HTTP/1.1" 200 - "-" "python-requests/2.21.0"
127.0.0.1 - - [10/Apr/2025:08:05:12 +0800] "GET /manager-page/api/snapshot.php?id=22&t=0.4698584305110818 HTTP/1.1" 200 49651 "http://127.0.0.1/manager-page/home-2.php" "Mozilla/5.0 (Windows NT 10.0; Win64; x64) AppleWebKit/537.36 (KHTML, like Gecko) Chrome/119.0.0.0 Safari/537.36"
127.0.0.1 - - [10/Apr/2025:08:05:12 +0800] "GET /manager-page/api/snapshot.php?id=21&t=0.3968111918431716 HTTP/1.1" 200 43563 "http://127.0.0.1/manager-page/home-2.php" "Mozilla/5.0 (Windows NT 10.0; Win64; x64) AppleWebKit/537.36 (KHTML, like Gecko) Chrome/119.0.0.0 Safari/537.36"
111.70.30.253 - - [10/Apr/2025:08:05:54 +0800] "POST /robot/lora-in.php HTTP/1.1" 200 - "-" "python-requests/2.21.0"
127.0.0.1 - - [10/Apr/2025:08:06:00 +0800] "GET /robot/alarm-history-in.php HTTP/1.1" 200 - "-" "python-requests/2.28.1"
127.0.0.1 - - [10/Apr/2025:08:06:12 +0800] "GET /manager-page/api/snapshot.php?id=21&t=0.9800975207370632 HTTP/1.1" 200 47654 "http://127.0.0.1/manager-page/home-2.php" "Mozilla/5.0 (Windows NT 10.0; Win64; x64) AppleWebKit/537.36 (KHTML, like Gecko) Chrome/119.0.0.0 Safari/537.36"
127.0.0.1 - - [10/Apr/2025:08:06:12 +0800] "GET /manager-page/api/snapshot.php?id=22&t=0.5289059904338045 HTTP/1.1" 200 49028 "http://127.0.0.1/manager-page/home-2.php" "Mozilla/5.0 (Windows NT 10.0; Win64; x64) AppleWebKit/537.36 (KHTML, like Gecko) Chrome/119.0.0.0 Safari/537.36"
127.0.0.1 - - [10/Apr/2025:08:07:00 +0800] "GET /robot/alarm-history-in.php HTTP/1.1" 200 - "-" "python-requests/2.28.1"
127.0.0.1 - - [10/Apr/2025:08:07:12 +0800] "GET /manager-page/api/snapshot.php?id=22&t=0.31698712771833093 HTTP/1.1" 200 48891 "http://127.0.0.1/manager-page/home-2.php" "Mozilla/5.0 (Windows NT 10.0; Win64; x64) AppleWebKit/537.36 (KHTML, like Gecko) Chrome/119.0.0.0 Safari/537.36"
127.0.0.1 - - [10/Apr/2025:08:07:12 +0800] "GET /manager-page/api/snapshot.php?id=21&t=0.09043817718159586 HTTP/1.1" 200 47567 "http://127.0.0.1/manager-page/home-2.php" "Mozilla/5.0 (Windows NT 10.0; Win64; x64) AppleWebKit/537.36 (KHTML, like Gecko) Chrome/119.0.0.0 Safari/537.36"
127.0.0.1 - - [10/Apr/2025:08:07:47 +0800] "POST /robot/et-7026-in.php HTTP/1.1" 200 - "-" "python-requests/2.32.2"
127.0.0.1 - - [10/Apr/2025:08:08:00 +0800] "GET /robot/alarm-history-in.php HTTP/1.1" 200 - "-" "python-requests/2.28.1"
127.0.0.1 - - [10/Apr/2025:08:08:06 +0800] "POST /robot/et-7026-in.php HTTP/1.1" 200 - "-" "python-requests/2.32.2"
127.0.0.1 - - [10/Apr/2025:08:08:12 +0800] "GET /manager-page/api/snapshot.php?id=21&t=0.3076453249689046 HTTP/1.1" 200 47904 "http://127.0.0.1/manager-page/home-2.php" "Mozilla/5.0 (Windows NT 10.0; Win64; x64) AppleWebKit/537.36 (KHTML, like Gecko) Chrome/119.0.0.0 Safari/537.36"
127.0.0.1 - - [10/Apr/2025:08:08:13 +0800] "POST /robot/et-7026-in.php HTTP/1.1" 200 - "-" "python-requests/2.32.2"
127.0.0.1 - - [10/Apr/2025:08:08:12 +0800] "GET /manager-page/api/snapshot.php?id=22&t=0.3169279465327499 HTTP/1.1" 200 49100 "http://127.0.0.1/manager-page/home-2.php" "Mozilla/5.0 (Windows NT 10.0; Win64; x64) AppleWebKit/537.36 (KHTML, like Gecko) Chrome/119.0.0.0 Safari/537.36"
127.0.0.1 - - [10/Apr/2025:08:09:00 +0800] "GET /robot/alarm-history-in.php HTTP/1.1" 200 - "-" "python-requests/2.28.1"
111.70.30.251 - - [10/Apr/2025:08:09:00 +0800] "POST /robot/lora-in.php HTTP/1.1" 200 - "-" "python-requests/2.21.0"
111.70.30.251 - - [10/Apr/2025:08:09:10 +0800] "POST /robot/lora-in.php HTTP/1.1" 200 - "-" "python-requests/2.21.0"
127.0.0.1 - - [10/Apr/2025:08:09:12 +0800] "GET /manager-page/api/snapshot.php?id=21&t=0.7924968996138997 HTTP/1.1" 200 48011 "http://127.0.0.1/manager-page/home-2.php" "Mozilla/5.0 (Windows NT 10.0; Win64; x64) AppleWebKit/537.36 (KHTML, like Gecko) Chrome/119.0.0.0 Safari/537.36"
127.0.0.1 - - [10/Apr/2025:08:09:12 +0800] "GET /manager-page/api/snapshot.php?id=22&t=0.334319568396676 HTTP/1.1" 200 49497 "http://127.0.0.1/manager-page/home-2.php" "Mozilla/5.0 (Windows NT 10.0; Win64; x64) AppleWebKit/537.36 (KHTML, like Gecko) Chrome/119.0.0.0 Safari/537.36"
127.0.0.1 - - [10/Apr/2025:08:09:26 +0800] "POST /robot/et-7026-in.php HTTP/1.1" 200 - "-" "python-requests/2.32.2"
127.0.0.1 - - [10/Apr/2025:08:10:00 +0800] "GET /robot/alarm-history-in.php HTTP/1.1" 200 - "-" "python-requests/2.28.1"
127.0.0.1 - - [10/Apr/2025:08:10:12 +0800] "GET /manager-page/api/snapshot.php?id=21&t=0.7683505247227143 HTTP/1.1" 200 48316 "http://127.0.0.1/manager-page/home-2.php" "Mozilla/5.0 (Windows NT 10.0; Win64; x64) AppleWebKit/537.36 (KHTML, like Gecko) Chrome/119.0.0.0 Safari/537.36"
127.0.0.1 - - [10/Apr/2025:08:10:12 +0800] "GET /manager-page/api/snapshot.php?id=22&t=0.6490819710545415 HTTP/1.1" 200 49692 "http://127.0.0.1/manager-page/home-2.php" "Mozilla/5.0 (Windows NT 10.0; Win64; x64) AppleWebKit/537.36 (KHTML, like Gecko) Chrome/119.0.0.0 Safari/537.36"
127.0.0.1 - - [10/Apr/2025:08:11:00 +0800] "GET /robot/alarm-history-in.php HTTP/1.1" 200 - "-" "python-requests/2.28.1"
111.70.30.251 - - [10/Apr/2025:08:11:11 +0800] "POST /robot/lora-in.php HTTP/1.1" 200 - "-" "python-requests/2.21.0"
127.0.0.1 - - [10/Apr/2025:08:11:12 +0800] "GET /manager-page/api/snapshot.php?id=21&t=0.5790111974974956 HTTP/1.1" 200 48368 "http://127.0.0.1/manager-page/home-2.php" "Mozilla/5.0 (Windows NT 10.0; Win64; x64) AppleWebKit/537.36 (KHTML, like Gecko) Chrome/119.0.0.0 Safari/537.36"
127.0.0.1 - - [10/Apr/2025:08:11:12 +0800] "GET /manager-page/api/snapshot.php?id=22&t=0.2889329772000646 HTTP/1.1" 200 49544 "http://127.0.0.1/manager-page/home-2.php" "Mozilla/5.0 (Windows NT 10.0; Win64; x64) AppleWebKit/537.36 (KHTML, like Gecko) Chrome/119.0.0.0 Safari/537.36"
127.0.0.1 - - [10/Apr/2025:08:12:00 +0800] "GET /robot/alarm-history-in.php HTTP/1.1" 200 - "-" "python-requests/2.28.1"
127.0.0.1 - - [10/Apr/2025:08:12:12 +0800] "GET /manager-page/api/snapshot.php?id=22&t=0.7426082152457245 HTTP/1.1" 200 49353 "http://127.0.0.1/manager-page/home-2.php" "Mozilla/5.0 (Windows NT 10.0; Win64; x64) AppleWebKit/537.36 (KHTML, like Gecko) Chrome/119.0.0.0 Safari/537.36"
127.0.0.1 - - [10/Apr/2025:08:12:12 +0800] "GET /manager-page/api/snapshot.php?id=21&t=0.7536621229919533 HTTP/1.1" 200 48359 "http://127.0.0.1/manager-page/home-2.php" "Mozilla/5.0 (Windows NT 10.0; Win64; x64) AppleWebKit/537.36 (KHTML, like Gecko) Chrome/119.0.0.0 Safari/537.36"
111.70.30.250 - - [10/Apr/2025:08:12:16 +0800] "POST /robot/lora-in.php HTTP/1.1" 200 - "-" "python-requests/2.21.0"
127.0.0.1 - - [10/Apr/2025:08:13:00 +0800] "GET /robot/alarm-history-in.php HTTP/1.1" 200 - "-" "python-requests/2.28.1"
111.70.30.251 - - [10/Apr/2025:08:13:08 +0800] "POST /robot/lora-in.php HTTP/1.1" 200 - "-" "python-requests/2.21.0"
127.0.0.1 - - [10/Apr/2025:08:13:12 +0800] "GET /manager-page/api/snapshot.php?id=21&t=0.9979166396021386 HTTP/1.1" 200 48003 "http://127.0.0.1/manager-page/home-2.php" "Mozilla/5.0 (Windows NT 10.0; Win64; x64) AppleWebKit/537.36 (KHTML, like Gecko) Chrome/119.0.0.0 Safari/537.36"
127.0.0.1 - - [10/Apr/2025:08:13:12 +0800] "GET /manager-page/api/snapshot.php?id=22&t=0.3534371979005315 HTTP/1.1" 200 49032 "http://127.0.0.1/manager-page/home-2.php" "Mozilla/5.0 (Windows NT 10.0; Win64; x64) AppleWebKit/537.36 (KHTML, like Gecko) Chrome/119.0.0.0 Safari/537.36"
111.70.30.252 - - [10/Apr/2025:08:13:25 +0800] "POST /robot/lora-in.php HTTP/1.1" 200 - "-" "python-requests/2.21.0"
127.0.0.1 - - [10/Apr/2025:08:14:00 +0800] "GET /robot/alarm-history-in.php HTTP/1.1" 200 - "-" "python-requests/2.28.1"
127.0.0.1 - - [10/Apr/2025:08:14:12 +0800] "GET /manager-page/api/snapshot.php?id=22&t=0.28127156550029486 HTTP/1.1" 200 48691 "http://127.0.0.1/manager-page/home-2.php" "Mozilla/5.0 (Windows NT 10.0; Win64; x64) AppleWebKit/537.36 (KHTML, like Gecko) Chrome/119.0.0.0 Safari/537.36"
127.0.0.1 - - [10/Apr/2025:08:14:12 +0800] "GET /manager-page/api/snapshot.php?id=21&t=0.9607663531663846 HTTP/1.1" 200 47925 "http://127.0.0.1/manager-page/home-2.php" "Mozilla/5.0 (Windows NT 10.0; Win64; x64) AppleWebKit/537.36 (KHTML, like Gecko) Chrome/119.0.0.0 Safari/537.36"
172.16.36.181 - - [10/Apr/2025:08:14:32 +0800] "GET /manager-page/home-3.php HTTP/1.1" 302 - "-" "Mozilla/5.0 (Windows NT 10.0; Win64; x64) AppleWebKit/537.36 (KHTML, like Gecko) Chrome/135.0.0.0 Safari/537.36 Edg/135.0.0.0"
172.16.36.181 - - [10/Apr/2025:08:14:32 +0800] "GET /manager-page/login.php HTTP/1.1" 200 2365 "-" "Mozilla/5.0 (Windows NT 10.0; Win64; x64) AppleWebKit/537.36 (KHTML, like Gecko) Chrome/135.0.0.0 Safari/537.36 Edg/135.0.0.0"
172.16.36.181 - - [10/Apr/2025:08:14:32 +0800] "GET /favicon.ico HTTP/1.1" 404 196 "http://192.168.60.79/manager-page/login.php" "Mozilla/5.0 (Windows NT 10.0; Win64; x64) AppleWebKit/537.36 (KHTML, like Gecko) Chrome/135.0.0.0 Safari/537.36 Edg/135.0.0.0"
172.16.36.181 - - [10/Apr/2025:08:14:36 +0800] "POST /manager-page/login.php HTTP/1.1" 302 - "http://192.168.60.79/manager-page/login.php" "Mozilla/5.0 (Windows NT 10.0; Win64; x64) AppleWebKit/537.36 (KHTML, like Gecko) Chrome/135.0.0.0 Safari/537.36 Edg/135.0.0.0"
172.16.36.181 - - [10/Apr/2025:08:14:36 +0800] "GET /manager-page/home.php HTTP/1.1" 302 - "http://192.168.60.79/manager-page/login.php" "Mozilla/5.0 (Windows NT 10.0; Win64; x64) AppleWebKit/537.36 (KHTML, like Gecko) Chrome/135.0.0.0 Safari/537.36 Edg/135.0.0.0"
172.16.36.181 - - [10/Apr/2025:08:14:36 +0800] "GET /manager-page/alarm/1-2.jpg?t=1733781752 HTTP/1.1" 200 282261 "http://192.168.60.79/manager-page/home-1.php" "Mozilla/5.0 (Windows NT 10.0; Win64; x64) AppleWebKit/537.36 (KHTML, like Gecko) Chrome/135.0.0.0 Safari/537.36 Edg/135.0.0.0"
172.16.36.181 - - [10/Apr/2025:08:14:36 +0800] "GET /manager-page/alarm/1-1.jpg?t=1926754795 HTTP/1.1" 200 322868 "http://192.168.60.79/manager-page/home-1.php" "Mozilla/5.0 (Windows NT 10.0; Win64; x64) AppleWebKit/537.36 (KHTML, like Gecko) Chrome/135.0.0.0 Safari/537.36 Edg/135.0.0.0"
172.16.36.181 - - [10/Apr/2025:08:14:36 +0800] "GET /manager-page/home-1.php HTTP/1.1" 200 27465 "http://192.168.60.79/manager-page/login.php" "Mozilla/5.0 (Windows NT 10.0; Win64; x64) AppleWebKit/537.36 (KHTML, like Gecko) Chrome/135.0.0.0 Safari/537.36 Edg/135.0.0.0"
172.16.36.181 - - [10/Apr/2025:08:14:36 +0800] "GET /manager-page/api/snapshot.php?id=11 HTTP/1.1" 200 42812 "http://192.168.60.79/manager-page/home-1.php" "Mozilla/5.0 (Windows NT 10.0; Win64; x64) AppleWebKit/537.36 (KHTML, like Gecko) Chrome/135.0.0.0 Safari/537.36 Edg/135.0.0.0"
172.16.36.181 - - [10/Apr/2025:08:14:36 +0800] "GET /manager-page/api/snapshot.php?id=12 HTTP/1.1" 200 42726 "http://192.168.60.79/manager-page/home-1.php" "Mozilla/5.0 (Windows NT 10.0; Win64; x64) AppleWebKit/537.36 (KHTML, like Gecko) Chrome/135.0.0.0 Safari/537.36 Edg/135.0.0.0"
172.16.36.181 - - [10/Apr/2025:08:14:38 +0800] "GET /manager-page/api/cms-status1.php HTTP/1.1" 200 12 "http://192.168.60.79/manager-page/home-1.php" "Mozilla/5.0 (Windows NT 10.0; Win64; x64) AppleWebKit/537.36 (KHTML, like Gecko) Chrome/135.0.0.0 Safari/537.36 Edg/135.0.0.0"
172.16.36.181 - - [10/Apr/2025:08:14:38 +0800] "GET /manager-page/api/lp-status1.php HTTP/1.1" 200 1 "http://192.168.60.79/manager-page/home-1.php" "Mozilla/5.0 (Windows NT 10.0; Win64; x64) AppleWebKit/537.36 (KHTML, like Gecko) Chrome/135.0.0.0 Safari/537.36 Edg/135.0.0.0"
111.70.30.253 - - [10/Apr/2025:08:14:40 +0800] "POST /robot/lora-in.php HTTP/1.1" 200 - "-" "python-requests/2.21.0"
172.16.36.181 - - [10/Apr/2025:08:14:43 +0800] "GET /manager-page/api/snapshot.php?id=11&t=0.920869736011056 HTTP/1.1" 200 42842 "http://192.168.60.79/manager-page/home-1.php" "Mozilla/5.0 (Windows NT 10.0; Win64; x64) AppleWebKit/537.36 (KHTML, like Gecko) Chrome/135.0.0.0 Safari/537.36 Edg/135.0.0.0"
172.16.36.181 - - [10/Apr/2025:08:14:43 +0800] "GET /manager-page/api/snapshot.php?id=12&t=0.968914801815213 HTTP/1.1" 200 42707 "http://192.168.60.79/manager-page/home-1.php" "Mozilla/5.0 (Windows NT 10.0; Win64; x64) AppleWebKit/537.36 (KHTML, like Gecko) Chrome/135.0.0.0 Safari/537.36 Edg/135.0.0.0"
172.16.36.181 - - [10/Apr/2025:08:14:48 +0800] "GET /manager-page/api/snapshot.php?id=11&t=0.9045147840999775 HTTP/1.1" 200 42822 "http://192.168.60.79/manager-page/home-1.php" "Mozilla/5.0 (Windows NT 10.0; Win64; x64) AppleWebKit/537.36 (KHTML, like Gecko) Chrome/135.0.0.0 Safari/537.36 Edg/135.0.0.0"
172.16.36.181 - - [10/Apr/2025:08:14:48 +0800] "GET /manager-page/api/snapshot.php?id=12&t=0.848768446034963 HTTP/1.1" 200 42823 "http://192.168.60.79/manager-page/home-1.php" "Mozilla/5.0 (Windows NT 10.0; Win64; x64) AppleWebKit/537.36 (KHTML, like Gecko) Chrome/135.0.0.0 Safari/537.36 Edg/135.0.0.0"
172.16.36.181 - - [10/Apr/2025:08:14:53 +0800] "GET /manager-page/api/snapshot.php?id=11&t=0.46500114062822906 HTTP/1.1" 200 42737 "http://192.168.60.79/manager-page/home-1.php" "Mozilla/5.0 (Windows NT 10.0; Win64; x64) AppleWebKit/537.36 (KHTML, like Gecko) Chrome/135.0.0.0 Safari/537.36 Edg/135.0.0.0"
172.16.36.181 - - [10/Apr/2025:08:14:53 +0800] "GET /manager-page/api/snapshot.php?id=12&t=0.5458971438875893 HTTP/1.1" 200 42897 "http://192.168.60.79/manager-page/home-1.php" "Mozilla/5.0 (Windows NT 10.0; Win64; x64) AppleWebKit/537.36 (KHTML, like Gecko) Chrome/135.0.0.0 Safari/537.36 Edg/135.0.0.0"
172.16.36.181 - - [10/Apr/2025:08:14:58 +0800] "GET /manager-page/api/snapshot.php?id=11&t=0.8785622251974743 HTTP/1.1" 200 43022 "http://192.168.60.79/manager-page/home-1.php" "Mozilla/5.0 (Windows NT 10.0; Win64; x64) AppleWebKit/537.36 (KHTML, like Gecko) Chrome/135.0.0.0 Safari/537.36 Edg/135.0.0.0"
172.16.36.181 - - [10/Apr/2025:08:14:58 +0800] "GET /manager-page/api/snapshot.php?id=12&t=0.6469576129632663 HTTP/1.1" 200 42874 "http://192.168.60.79/manager-page/home-1.php" "Mozilla/5.0 (Windows NT 10.0; Win64; x64) AppleWebKit/537.36 (KHTML, like Gecko) Chrome/135.0.0.0 Safari/537.36 Edg/135.0.0.0"
127.0.0.1 - - [10/Apr/2025:08:15:00 +0800] "GET /robot/alarm-history-in.php HTTP/1.1" 200 - "-" "python-requests/2.28.1"
172.16.36.181 - - [10/Apr/2025:08:15:03 +0800] "GET /manager-page/api/snapshot.php?id=12&t=0.3320890114869465 HTTP/1.1" 200 42953 "http://192.168.60.79/manager-page/home-1.php" "Mozilla/5.0 (Windows NT 10.0; Win64; x64) AppleWebKit/537.36 (KHTML, like Gecko) Chrome/135.0.0.0 Safari/537.36 Edg/135.0.0.0"
172.16.36.181 - - [10/Apr/2025:08:15:03 +0800] "GET /manager-page/api/snapshot.php?id=11&t=0.4737224859194761 HTTP/1.1" 200 42817 "http://192.168.60.79/manager-page/home-1.php" "Mozilla/5.0 (Windows NT 10.0; Win64; x64) AppleWebKit/537.36 (KHTML, like Gecko) Chrome/135.0.0.0 Safari/537.36 Edg/135.0.0.0"
172.16.36.181 - - [10/Apr/2025:08:15:08 +0800] "GET /manager-page/api/snapshot.php?id=12&t=0.14801325980956537 HTTP/1.1" 200 42898 "http://192.168.60.79/manager-page/home-1.php" "Mozilla/5.0 (Windows NT 10.0; Win64; x64) AppleWebKit/537.36 (KHTML, like Gecko) Chrome/135.0.0.0 Safari/537.36 Edg/135.0.0.0"
172.16.36.181 - - [10/Apr/2025:08:15:08 +0800] "GET /manager-page/api/snapshot.php?id=11&t=0.28038220643270173 HTTP/1.1" 200 42733 "http://192.168.60.79/manager-page/home-1.php" "Mozilla/5.0 (Windows NT 10.0; Win64; x64) AppleWebKit/537.36 (KHTML, like Gecko) Chrome/135.0.0.0 Safari/537.36 Edg/135.0.0.0"
127.0.0.1 - - [10/Apr/2025:08:15:12 +0800] "GET /manager-page/api/snapshot.php?id=22&t=0.021785824978661994 HTTP/1.1" 200 49525 "http://127.0.0.1/manager-page/home-2.php" "Mozilla/5.0 (Windows NT 10.0; Win64; x64) AppleWebKit/537.36 (KHTML, like Gecko) Chrome/119.0.0.0 Safari/537.36"
127.0.0.1 - - [10/Apr/2025:08:15:12 +0800] "GET /manager-page/api/snapshot.php?id=21&t=0.9509988196684211 HTTP/1.1" 200 48550 "http://127.0.0.1/manager-page/home-2.php" "Mozilla/5.0 (Windows NT 10.0; Win64; x64) AppleWebKit/537.36 (KHTML, like Gecko) Chrome/119.0.0.0 Safari/537.36"
172.16.36.181 - - [10/Apr/2025:08:15:13 +0800] "GET /manager-page/api/snapshot.php?id=11&t=0.03329854209257699 HTTP/1.1" 200 42941 "http://192.168.60.79/manager-page/home-1.php" "Mozilla/5.0 (Windows NT 10.0; Win64; x64) AppleWebKit/537.36 (KHTML, like Gecko) Chrome/135.0.0.0 Safari/537.36 Edg/135.0.0.0"
172.16.36.181 - - [10/Apr/2025:08:15:13 +0800] "GET /manager-page/api/snapshot.php?id=12&t=0.9450206591550034 HTTP/1.1" 200 43011 "http://192.168.60.79/manager-page/home-1.php" "Mozilla/5.0 (Windows NT 10.0; Win64; x64) AppleWebKit/537.36 (KHTML, like Gecko) Chrome/135.0.0.0 Safari/537.36 Edg/135.0.0.0"
172.16.36.181 - - [10/Apr/2025:08:15:18 +0800] "GET /manager-page/api/snapshot.php?id=11&t=0.22279509920186336 HTTP/1.1" 200 43154 "http://192.168.60.79/manager-page/home-1.php" "Mozilla/5.0 (Windows NT 10.0; Win64; x64) AppleWebKit/537.36 (KHTML, like Gecko) Chrome/135.0.0.0 Safari/537.36 Edg/135.0.0.0"
172.16.36.181 - - [10/Apr/2025:08:15:18 +0800] "GET /manager-page/api/snapshot.php?id=12&t=0.19235717964320787 HTTP/1.1" 200 43986 "http://192.168.60.79/manager-page/home-1.php" "Mozilla/5.0 (Windows NT 10.0; Win64; x64) AppleWebKit/537.36 (KHTML, like Gecko) Chrome/135.0.0.0 Safari/537.36 Edg/135.0.0.0"
172.16.36.181 - - [10/Apr/2025:08:15:23 +0800] "GET /manager-page/api/snapshot.php?id=11&t=0.3740858249136265 HTTP/1.1" 200 43555 "http://192.168.60.79/manager-page/home-1.php" "Mozilla/5.0 (Windows NT 10.0; Win64; x64) AppleWebKit/537.36 (KHTML, like Gecko) Chrome/135.0.0.0 Safari/537.36 Edg/135.0.0.0"
172.16.36.181 - - [10/Apr/2025:08:15:23 +0800] "GET /manager-page/api/snapshot.php?id=12&t=0.4472822083542244 HTTP/1.1" 200 42986 "http://192.168.60.79/manager-page/home-1.php" "Mozilla/5.0 (Windows NT 10.0; Win64; x64) AppleWebKit/537.36 (KHTML, like Gecko) Chrome/135.0.0.0 Safari/537.36 Edg/135.0.0.0"
172.16.36.181 - - [10/Apr/2025:08:15:28 +0800] "GET /manager-page/api/snapshot.php?id=12&t=0.9039669680956011 HTTP/1.1" 200 43188 "http://192.168.60.79/manager-page/home-1.php" "Mozilla/5.0 (Windows NT 10.0; Win64; x64) AppleWebKit/537.36 (KHTML, like Gecko) Chrome/135.0.0.0 Safari/537.36 Edg/135.0.0.0"
172.16.36.181 - - [10/Apr/2025:08:15:28 +0800] "GET /manager-page/api/snapshot.php?id=11&t=0.12393202772196543 HTTP/1.1" 200 43103 "http://192.168.60.79/manager-page/home-1.php" "Mozilla/5.0 (Windows NT 10.0; Win64; x64) AppleWebKit/537.36 (KHTML, like Gecko) Chrome/135.0.0.0 Safari/537.36 Edg/135.0.0.0"
172.16.36.181 - - [10/Apr/2025:08:15:33 +0800] "GET /manager-page/api/snapshot.php?id=11&t=0.6538436858433244 HTTP/1.1" 200 42705 "http://192.168.60.79/manager-page/home-1.php" "Mozilla/5.0 (Windows NT 10.0; Win64; x64) AppleWebKit/537.36 (KHTML, like Gecko) Chrome/135.0.0.0 Safari/537.36 Edg/135.0.0.0"
172.16.36.181 - - [10/Apr/2025:08:15:33 +0800] "GET /manager-page/api/snapshot.php?id=12&t=0.6792024289756594 HTTP/1.1" 200 43038 "http://192.168.60.79/manager-page/home-1.php" "Mozilla/5.0 (Windows NT 10.0; Win64; x64) AppleWebKit/537.36 (KHTML, like Gecko) Chrome/135.0.0.0 Safari/537.36 Edg/135.0.0.0"
172.16.36.181 - - [10/Apr/2025:08:15:38 +0800] "GET /manager-page/api/snapshot.php?id=11&t=0.433823752008598 HTTP/1.1" 200 42914 "http://192.168.60.79/manager-page/home-1.php" "Mozilla/5.0 (Windows NT 10.0; Win64; x64) AppleWebKit/537.36 (KHTML, like Gecko) Chrome/135.0.0.0 Safari/537.36 Edg/135.0.0.0"
172.16.36.181 - - [10/Apr/2025:08:15:38 +0800] "GET /manager-page/api/snapshot.php?id=12&t=0.03639492939404865 HTTP/1.1" 200 43318 "http://192.168.60.79/manager-page/home-1.php" "Mozilla/5.0 (Windows NT 10.0; Win64; x64) AppleWebKit/537.36 (KHTML, like Gecko) Chrome/135.0.0.0 Safari/537.36 Edg/135.0.0.0"
172.16.36.181 - - [10/Apr/2025:08:15:43 +0800] "GET /manager-page/api/snapshot.php?id=12&t=0.5003435310864147 HTTP/1.1" 200 43250 "http://192.168.60.79/manager-page/home-1.php" "Mozilla/5.0 (Windows NT 10.0; Win64; x64) AppleWebKit/537.36 (KHTML, like Gecko) Chrome/135.0.0.0 Safari/537.36 Edg/135.0.0.0"
172.16.36.181 - - [10/Apr/2025:08:15:43 +0800] "GET /manager-page/api/snapshot.php?id=11&t=0.21148208551628622 HTTP/1.1" 200 42898 "http://192.168.60.79/manager-page/home-1.php" "Mozilla/5.0 (Windows NT 10.0; Win64; x64) AppleWebKit/537.36 (KHTML, like Gecko) Chrome/135.0.0.0 Safari/537.36 Edg/135.0.0.0"
172.16.36.181 - - [10/Apr/2025:08:15:48 +0800] "GET /manager-page/api/snapshot.php?id=12&t=0.5866886246053368 HTTP/1.1" 200 43375 "http://192.168.60.79/manager-page/home-1.php" "Mozilla/5.0 (Windows NT 10.0; Win64; x64) AppleWebKit/537.36 (KHTML, like Gecko) Chrome/135.0.0.0 Safari/537.36 Edg/135.0.0.0"
172.16.36.181 - - [10/Apr/2025:08:15:48 +0800] "GET /manager-page/api/snapshot.php?id=11&t=0.9605901557303325 HTTP/1.1" 200 42944 "http://192.168.60.79/manager-page/home-1.php" "Mozilla/5.0 (Windows NT 10.0; Win64; x64) AppleWebKit/537.36 (KHTML, like Gecko) Chrome/135.0.0.0 Safari/537.36 Edg/135.0.0.0"
172.16.36.181 - - [10/Apr/2025:08:15:53 +0800] "GET /manager-page/api/snapshot.php?id=12&t=0.7545850973869496 HTTP/1.1" 200 43419 "http://192.168.60.79/manager-page/home-1.php" "Mozilla/5.0 (Windows NT 10.0; Win64; x64) AppleWebKit/537.36 (KHTML, like Gecko) Chrome/135.0.0.0 Safari/537.36 Edg/135.0.0.0"
172.16.36.181 - - [10/Apr/2025:08:15:53 +0800] "GET /manager-page/api/snapshot.php?id=11&t=0.7605720318041291 HTTP/1.1" 200 43125 "http://192.168.60.79/manager-page/home-1.php" "Mozilla/5.0 (Windows NT 10.0; Win64; x64) AppleWebKit/537.36 (KHTML, like Gecko) Chrome/135.0.0.0 Safari/537.36 Edg/135.0.0.0"
172.16.36.181 - - [10/Apr/2025:08:15:58 +0800] "GET /manager-page/api/snapshot.php?id=12&t=0.6733200323654547 HTTP/1.1" 200 43403 "http://192.168.60.79/manager-page/home-1.php" "Mozilla/5.0 (Windows NT 10.0; Win64; x64) AppleWebKit/537.36 (KHTML, like Gecko) Chrome/135.0.0.0 Safari/537.36 Edg/135.0.0.0"
172.16.36.181 - - [10/Apr/2025:08:15:58 +0800] "GET /manager-page/api/snapshot.php?id=11&t=0.6330998696111069 HTTP/1.1" 200 43219 "http://192.168.60.79/manager-page/home-1.php" "Mozilla/5.0 (Windows NT 10.0; Win64; x64) AppleWebKit/537.36 (KHTML, like Gecko) Chrome/135.0.0.0 Safari/537.36 Edg/135.0.0.0"
127.0.0.1 - - [10/Apr/2025:08:16:00 +0800] "GET /robot/alarm-history-in.php HTTP/1.1" 200 - "-" "python-requests/2.28.1"
172.16.36.181 - - [10/Apr/2025:08:16:03 +0800] "GET /manager-page/api/snapshot.php?id=12&t=0.48961202580914465 HTTP/1.1" 200 43513 "http://192.168.60.79/manager-page/home-1.php" "Mozilla/5.0 (Windows NT 10.0; Win64; x64) AppleWebKit/537.36 (KHTML, like Gecko) Chrome/135.0.0.0 Safari/537.36 Edg/135.0.0.0"
172.16.36.181 - - [10/Apr/2025:08:16:03 +0800] "GET /manager-page/api/snapshot.php?id=11&t=0.5400939602695363 HTTP/1.1" 200 42896 "http://192.168.60.79/manager-page/home-1.php" "Mozilla/5.0 (Windows NT 10.0; Win64; x64) AppleWebKit/537.36 (KHTML, like Gecko) Chrome/135.0.0.0 Safari/537.36 Edg/135.0.0.0"
172.16.36.181 - - [10/Apr/2025:08:16:08 +0800] "GET /manager-page/api/snapshot.php?id=12&t=0.5604029779007977 HTTP/1.1" 200 43454 "http://192.168.60.79/manager-page/home-1.php" "Mozilla/5.0 (Windows NT 10.0; Win64; x64) AppleWebKit/537.36 (KHTML, like Gecko) Chrome/135.0.0.0 Safari/537.36 Edg/135.0.0.0"
172.16.36.181 - - [10/Apr/2025:08:16:08 +0800] "GET /manager-page/api/snapshot.php?id=11&t=0.08380983880553516 HTTP/1.1" 200 43062 "http://192.168.60.79/manager-page/home-1.php" "Mozilla/5.0 (Windows NT 10.0; Win64; x64) AppleWebKit/537.36 (KHTML, like Gecko) Chrome/135.0.0.0 Safari/537.36 Edg/135.0.0.0"
127.0.0.1 - - [10/Apr/2025:08:16:12 +0800] "GET /manager-page/api/snapshot.php?id=21&t=0.7078631240030266 HTTP/1.1" 200 48665 "http://127.0.0.1/manager-page/home-2.php" "Mozilla/5.0 (Windows NT 10.0; Win64; x64) AppleWebKit/537.36 (KHTML, like Gecko) Chrome/119.0.0.0 Safari/537.36"
127.0.0.1 - - [10/Apr/2025:08:16:12 +0800] "GET /manager-page/api/snapshot.php?id=22&t=0.3191857193946408 HTTP/1.1" 200 50642 "http://127.0.0.1/manager-page/home-2.php" "Mozilla/5.0 (Windows NT 10.0; Win64; x64) AppleWebKit/537.36 (KHTML, like Gecko) Chrome/119.0.0.0 Safari/537.36"
172.16.36.181 - - [10/Apr/2025:08:16:13 +0800] "GET /manager-page/api/snapshot.php?id=12&t=0.6519439869658062 HTTP/1.1" 200 43490 "http://192.168.60.79/manager-page/home-1.php" "Mozilla/5.0 (Windows NT 10.0; Win64; x64) AppleWebKit/537.36 (KHTML, like Gecko) Chrome/135.0.0.0 Safari/537.36 Edg/135.0.0.0"
172.16.36.181 - - [10/Apr/2025:08:16:13 +0800] "GET /manager-page/api/snapshot.php?id=11&t=0.636605050871135 HTTP/1.1" 200 42939 "http://192.168.60.79/manager-page/home-1.php" "Mozilla/5.0 (Windows NT 10.0; Win64; x64) AppleWebKit/537.36 (KHTML, like Gecko) Chrome/135.0.0.0 Safari/537.36 Edg/135.0.0.0"
172.16.36.181 - - [10/Apr/2025:08:16:18 +0800] "GET /manager-page/api/snapshot.php?id=12&t=0.4631744836993422 HTTP/1.1" 200 43475 "http://192.168.60.79/manager-page/home-1.php" "Mozilla/5.0 (Windows NT 10.0; Win64; x64) AppleWebKit/537.36 (KHTML, like Gecko) Chrome/135.0.0.0 Safari/537.36 Edg/135.0.0.0"
172.16.36.181 - - [10/Apr/2025:08:16:18 +0800] "GET /manager-page/api/snapshot.php?id=11&t=0.9906799762983431 HTTP/1.1" 200 42861 "http://192.168.60.79/manager-page/home-1.php" "Mozilla/5.0 (Windows NT 10.0; Win64; x64) AppleWebKit/537.36 (KHTML, like Gecko) Chrome/135.0.0.0 Safari/537.36 Edg/135.0.0.0"
172.16.36.181 - - [10/Apr/2025:08:16:43 +0800] "GET /manager-page/api/snapshot.php?id=11&t=0.6257902585132796 HTTP/1.1" 200 42899 "http://192.168.60.79/manager-page/home-1.php" "Mozilla/5.0 (Windows NT 10.0; Win64; x64) AppleWebKit/537.36 (KHTML, like Gecko) Chrome/135.0.0.0 Safari/537.36 Edg/135.0.0.0"
172.16.36.181 - - [10/Apr/2025:08:16:43 +0800] "GET /manager-page/api/snapshot.php?id=12&t=0.7581091023499437 HTTP/1.1" 200 43294 "http://192.168.60.79/manager-page/home-1.php" "Mozilla/5.0 (Windows NT 10.0; Win64; x64) AppleWebKit/537.36 (KHTML, like Gecko) Chrome/135.0.0.0 Safari/537.36 Edg/135.0.0.0"
127.0.0.1 - - [10/Apr/2025:08:17:00 +0800] "GET /robot/alarm-history-in.php HTTP/1.1" 200 - "-" "python-requests/2.28.1"
111.70.30.251 - - [10/Apr/2025:08:17:07 +0800] "POST /robot/lora-in.php HTTP/1.1" 200 - "-" "python-requests/2.21.0"
127.0.0.1 - - [10/Apr/2025:08:17:12 +0800] "GET /manager-page/api/snapshot.php?id=22&t=0.15292996167565698 HTTP/1.1" 200 50969 "http://127.0.0.1/manager-page/home-2.php" "Mozilla/5.0 (Windows NT 10.0; Win64; x64) AppleWebKit/537.36 (KHTML, like Gecko) Chrome/119.0.0.0 Safari/537.36"
127.0.0.1 - - [10/Apr/2025:08:17:12 +0800] "GET /manager-page/api/snapshot.php?id=21&t=0.0368155156837473 HTTP/1.1" 200 48595 "http://127.0.0.1/manager-page/home-2.php" "Mozilla/5.0 (Windows NT 10.0; Win64; x64) AppleWebKit/537.36 (KHTML, like Gecko) Chrome/119.0.0.0 Safari/537.36"
172.16.36.181 - - [10/Apr/2025:08:17:43 +0800] "GET /manager-page/api/snapshot.php?id=12&t=0.1860684478009793 HTTP/1.1" 200 43608 "http://192.168.60.79/manager-page/home-1.php" "Mozilla/5.0 (Windows NT 10.0; Win64; x64) AppleWebKit/537.36 (KHTML, like Gecko) Chrome/135.0.0.0 Safari/537.36 Edg/135.0.0.0"
172.16.36.181 - - [10/Apr/2025:08:17:43 +0800] "GET /manager-page/api/snapshot.php?id=11&t=0.6591624965045979 HTTP/1.1" 200 41990 "http://192.168.60.79/manager-page/home-1.php" "Mozilla/5.0 (Windows NT 10.0; Win64; x64) AppleWebKit/537.36 (KHTML, like Gecko) Chrome/135.0.0.0 Safari/537.36 Edg/135.0.0.0"
127.0.0.1 - - [10/Apr/2025:08:17:49 +0800] "POST /robot/et-7026-in.php HTTP/1.1" 200 - "-" "python-requests/2.32.2"
127.0.0.1 - - [10/Apr/2025:08:18:00 +0800] "GET /robot/alarm-history-in.php HTTP/1.1" 200 - "-" "python-requests/2.28.1"
127.0.0.1 - - [10/Apr/2025:08:18:08 +0800] "POST /robot/et-7026-in.php HTTP/1.1" 200 - "-" "python-requests/2.32.2"
127.0.0.1 - - [10/Apr/2025:08:18:12 +0800] "GET /manager-page/api/snapshot.php?id=22&t=0.2162807757143923 HTTP/1.1" 200 50900 "http://127.0.0.1/manager-page/home-2.php" "Mozilla/5.0 (Windows NT 10.0; Win64; x64) AppleWebKit/537.36 (KHTML, like Gecko) Chrome/119.0.0.0 Safari/537.36"
127.0.0.1 - - [10/Apr/2025:08:18:12 +0800] "GET /manager-page/api/snapshot.php?id=21&t=0.7080268389763604 HTTP/1.1" 200 48583 "http://127.0.0.1/manager-page/home-2.php" "Mozilla/5.0 (Windows NT 10.0; Win64; x64) AppleWebKit/537.36 (KHTML, like Gecko) Chrome/119.0.0.0 Safari/537.36"
127.0.0.1 - - [10/Apr/2025:08:18:14 +0800] "POST /robot/et-7026-in.php HTTP/1.1" 200 - "-" "python-requests/2.32.2"
172.16.36.181 - - [10/Apr/2025:08:18:43 +0800] "GET /manager-page/api/snapshot.php?id=11&t=0.18980320894164004 HTTP/1.1" 200 41556 "http://192.168.60.79/manager-page/home-1.php" "Mozilla/5.0 (Windows NT 10.0; Win64; x64) AppleWebKit/537.36 (KHTML, like Gecko) Chrome/135.0.0.0 Safari/537.36 Edg/135.0.0.0"
172.16.36.181 - - [10/Apr/2025:08:18:43 +0800] "GET /manager-page/api/snapshot.php?id=12&t=0.5282347910373719 HTTP/1.1" 200 44009 "http://192.168.60.79/manager-page/home-1.php" "Mozilla/5.0 (Windows NT 10.0; Win64; x64) AppleWebKit/537.36 (KHTML, like Gecko) Chrome/135.0.0.0 Safari/537.36 Edg/135.0.0.0"
111.70.30.251 - - [10/Apr/2025:08:18:59 +0800] "POST /robot/lora-in.php HTTP/1.1" 200 - "-" "python-requests/2.21.0"
127.0.0.1 - - [10/Apr/2025:08:19:00 +0800] "GET /robot/alarm-history-in.php HTTP/1.1" 200 - "-" "python-requests/2.28.1"
127.0.0.1 - - [10/Apr/2025:08:19:12 +0800] "GET /manager-page/api/snapshot.php?id=21&t=0.4811711279641353 HTTP/1.1" 200 49536 "http://127.0.0.1/manager-page/home-2.php" "Mozilla/5.0 (Windows NT 10.0; Win64; x64) AppleWebKit/537.36 (KHTML, like Gecko) Chrome/119.0.0.0 Safari/537.36"
127.0.0.1 - - [10/Apr/2025:08:19:12 +0800] "GET /manager-page/api/snapshot.php?id=22&t=0.18367855411908596 HTTP/1.1" 200 50710 "http://127.0.0.1/manager-page/home-2.php" "Mozilla/5.0 (Windows NT 10.0; Win64; x64) AppleWebKit/537.36 (KHTML, like Gecko) Chrome/119.0.0.0 Safari/537.36"
127.0.0.1 - - [10/Apr/2025:08:19:27 +0800] "POST /robot/et-7026-in.php HTTP/1.1" 200 - "-" "python-requests/2.32.2"
111.70.30.251 - - [10/Apr/2025:08:19:33 +0800] "POST /robot/lora-in.php HTTP/1.1" 200 - "-" "python-requests/2.21.0"
172.16.36.181 - - [10/Apr/2025:08:19:43 +0800] "GET /manager-page/api/snapshot.php?id=11&t=0.498163197268356 HTTP/1.1" 200 41509 "http://192.168.60.79/manager-page/home-1.php" "Mozilla/5.0 (Windows NT 10.0; Win64; x64) AppleWebKit/537.36 (KHTML, like Gecko) Chrome/135.0.0.0 Safari/537.36 Edg/135.0.0.0"
172.16.36.181 - - [10/Apr/2025:08:19:43 +0800] "GET /manager-page/api/snapshot.php?id=12&t=0.8825898288285914 HTTP/1.1" 200 43301 "http://192.168.60.79/manager-page/home-1.php" "Mozilla/5.0 (Windows NT 10.0; Win64; x64) AppleWebKit/537.36 (KHTML, like Gecko) Chrome/135.0.0.0 Safari/537.36 Edg/135.0.0.0"
127.0.0.1 - - [10/Apr/2025:08:20:00 +0800] "GET /robot/alarm-history-in.php HTTP/1.1" 200 - "-" "python-requests/2.28.1"
127.0.0.1 - - [10/Apr/2025:08:20:12 +0800] "GET /manager-page/api/snapshot.php?id=22&t=0.6903902942971656 HTTP/1.1" 200 50367 "http://127.0.0.1/manager-page/home-2.php" "Mozilla/5.0 (Windows NT 10.0; Win64; x64) AppleWebKit/537.36 (KHTML, like Gecko) Chrome/119.0.0.0 Safari/537.36"
127.0.0.1 - - [10/Apr/2025:08:20:12 +0800] "GET /manager-page/api/snapshot.php?id=21&t=0.07820597299528953 HTTP/1.1" 200 48433 "http://127.0.0.1/manager-page/home-2.php" "Mozilla/5.0 (Windows NT 10.0; Win64; x64) AppleWebKit/537.36 (KHTML, like Gecko) Chrome/119.0.0.0 Safari/537.36"
172.16.36.181 - - [10/Apr/2025:08:20:43 +0800] "GET /manager-page/api/snapshot.php?id=12&t=0.16728470423403863 HTTP/1.1" 200 43705 "http://192.168.60.79/manager-page/home-1.php" "Mozilla/5.0 (Windows NT 10.0; Win64; x64) AppleWebKit/537.36 (KHTML, like Gecko) Chrome/135.0.0.0 Safari/537.36 Edg/135.0.0.0"
172.16.36.181 - - [10/Apr/2025:08:20:43 +0800] "GET /manager-page/api/snapshot.php?id=11&t=0.02253742315903351 HTTP/1.1" 200 41631 "http://192.168.60.79/manager-page/home-1.php" "Mozilla/5.0 (Windows NT 10.0; Win64; x64) AppleWebKit/537.36 (KHTML, like Gecko) Chrome/135.0.0.0 Safari/537.36 Edg/135.0.0.0"
111.70.30.250 - - [10/Apr/2025:08:20:52 +0800] "POST /robot/lora-in.php HTTP/1.1" 200 - "-" "python-requests/2.21.0"
127.0.0.1 - - [10/Apr/2025:08:21:00 +0800] "GET /robot/alarm-history-in.php HTTP/1.1" 200 - "-" "python-requests/2.28.1"
111.70.30.251 - - [10/Apr/2025:08:21:07 +0800] "POST /robot/lora-in.php HTTP/1.1" 200 - "-" "python-requests/2.21.0"
127.0.0.1 - - [10/Apr/2025:08:21:12 +0800] "GET /manager-page/api/snapshot.php?id=22&t=0.1842814836236819 HTTP/1.1" 200 50065 "http://127.0.0.1/manager-page/home-2.php" "Mozilla/5.0 (Windows NT 10.0; Win64; x64) AppleWebKit/537.36 (KHTML, like Gecko) Chrome/119.0.0.0 Safari/537.36"
127.0.0.1 - - [10/Apr/2025:08:21:12 +0800] "GET /manager-page/api/snapshot.php?id=21&t=0.7466807494021155 HTTP/1.1" 200 48774 "http://127.0.0.1/manager-page/home-2.php" "Mozilla/5.0 (Windows NT 10.0; Win64; x64) AppleWebKit/537.36 (KHTML, like Gecko) Chrome/119.0.0.0 Safari/537.36"
172.16.36.181 - - [10/Apr/2025:08:21:43 +0800] "GET /manager-page/api/snapshot.php?id=12&t=0.8857107318733877 HTTP/1.1" 200 43179 "http://192.168.60.79/manager-page/home-1.php" "Mozilla/5.0 (Windows NT 10.0; Win64; x64) AppleWebKit/537.36 (KHTML, like Gecko) Chrome/135.0.0.0 Safari/537.36 Edg/135.0.0.0"
172.16.36.181 - - [10/Apr/2025:08:21:43 +0800] "GET /manager-page/api/snapshot.php?id=11&t=0.9135871860033166 HTTP/1.1" 200 41441 "http://192.168.60.79/manager-page/home-1.php" "Mozilla/5.0 (Windows NT 10.0; Win64; x64) AppleWebKit/537.36 (KHTML, like Gecko) Chrome/135.0.0.0 Safari/537.36 Edg/135.0.0.0"
127.0.0.1 - - [10/Apr/2025:08:22:00 +0800] "GET /robot/alarm-history-in.php HTTP/1.1" 200 - "-" "python-requests/2.28.1"
127.0.0.1 - - [10/Apr/2025:08:22:12 +0800] "GET /manager-page/api/snapshot.php?id=22&t=0.49944835159131284 HTTP/1.1" 200 49441 "http://127.0.0.1/manager-page/home-2.php" "Mozilla/5.0 (Windows NT 10.0; Win64; x64) AppleWebKit/537.36 (KHTML, like Gecko) Chrome/119.0.0.0 Safari/537.36"
127.0.0.1 - - [10/Apr/2025:08:22:12 +0800] "GET /manager-page/api/snapshot.php?id=21&t=0.12852235926758548 HTTP/1.1" 200 48419 "http://127.0.0.1/manager-page/home-2.php" "Mozilla/5.0 (Windows NT 10.0; Win64; x64) AppleWebKit/537.36 (KHTML, like Gecko) Chrome/119.0.0.0 Safari/537.36"
111.70.30.252 - - [10/Apr/2025:08:22:38 +0800] "POST /robot/lora-in.php HTTP/1.1" 200 - "-" "python-requests/2.21.0"
172.16.36.181 - - [10/Apr/2025:08:22:43 +0800] "GET /manager-page/api/snapshot.php?id=11&t=0.5671845201544373 HTTP/1.1" 200 41788 "http://192.168.60.79/manager-page/home-1.php" "Mozilla/5.0 (Windows NT 10.0; Win64; x64) AppleWebKit/537.36 (KHTML, like Gecko) Chrome/135.0.0.0 Safari/537.36 Edg/135.0.0.0"
172.16.36.181 - - [10/Apr/2025:08:22:43 +0800] "GET /manager-page/api/snapshot.php?id=12&t=0.9764482427677557 HTTP/1.1" 200 43082 "http://192.168.60.79/manager-page/home-1.php" "Mozilla/5.0 (Windows NT 10.0; Win64; x64) AppleWebKit/537.36 (KHTML, like Gecko) Chrome/135.0.0.0 Safari/537.36 Edg/135.0.0.0"
127.0.0.1 - - [10/Apr/2025:08:23:00 +0800] "GET /robot/alarm-history-in.php HTTP/1.1" 200 - "-" "python-requests/2.28.1"
127.0.0.1 - - [10/Apr/2025:08:23:12 +0800] "GET /manager-page/api/snapshot.php?id=22&t=0.9405647327819717 HTTP/1.1" 200 49198 "http://127.0.0.1/manager-page/home-2.php" "Mozilla/5.0 (Windows NT 10.0; Win64; x64) AppleWebKit/537.36 (KHTML, like Gecko) Chrome/119.0.0.0 Safari/537.36"
127.0.0.1 - - [10/Apr/2025:08:23:12 +0800] "GET /manager-page/api/snapshot.php?id=21&t=0.3461296594011005 HTTP/1.1" 200 48443 "http://127.0.0.1/manager-page/home-2.php" "Mozilla/5.0 (Windows NT 10.0; Win64; x64) AppleWebKit/537.36 (KHTML, like Gecko) Chrome/119.0.0.0 Safari/537.36"
111.70.30.253 - - [10/Apr/2025:08:23:25 +0800] "POST /robot/lora-in.php HTTP/1.1" 200 - "-" "python-requests/2.21.0"
172.16.36.181 - - [10/Apr/2025:08:23:43 +0800] "GET /manager-page/api/snapshot.php?id=11&t=0.3788737096882102 HTTP/1.1" 200 41448 "http://192.168.60.79/manager-page/home-1.php" "Mozilla/5.0 (Windows NT 10.0; Win64; x64) AppleWebKit/537.36 (KHTML, like Gecko) Chrome/135.0.0.0 Safari/537.36 Edg/135.0.0.0"
172.16.36.181 - - [10/Apr/2025:08:23:43 +0800] "GET /manager-page/api/snapshot.php?id=12&t=0.5160092250957834 HTTP/1.1" 200 42004 "http://192.168.60.79/manager-page/home-1.php" "Mozilla/5.0 (Windows NT 10.0; Win64; x64) AppleWebKit/537.36 (KHTML, like Gecko) Chrome/135.0.0.0 Safari/537.36 Edg/135.0.0.0"
127.0.0.1 - - [10/Apr/2025:08:24:00 +0800] "GET /robot/alarm-history-in.php HTTP/1.1" 200 - "-" "python-requests/2.28.1"
127.0.0.1 - - [10/Apr/2025:08:24:12 +0800] "GET /manager-page/api/snapshot.php?id=21&t=0.18287641113332653 HTTP/1.1" 200 48418 "http://127.0.0.1/manager-page/home-2.php" "Mozilla/5.0 (Windows NT 10.0; Win64; x64) AppleWebKit/537.36 (KHTML, like Gecko) Chrome/119.0.0.0 Safari/537.36"
127.0.0.1 - - [10/Apr/2025:08:24:12 +0800] "GET /manager-page/api/snapshot.php?id=22&t=0.2955150109457103 HTTP/1.1" 200 49106 "http://127.0.0.1/manager-page/home-2.php" "Mozilla/5.0 (Windows NT 10.0; Win64; x64) AppleWebKit/537.36 (KHTML, like Gecko) Chrome/119.0.0.0 Safari/537.36"
172.16.36.181 - - [10/Apr/2025:08:24:43 +0800] "GET /manager-page/api/snapshot.php?id=11&t=0.9933880691718023 HTTP/1.1" 200 41372 "http://192.168.60.79/manager-page/home-1.php" "Mozilla/5.0 (Windows NT 10.0; Win64; x64) AppleWebKit/537.36 (KHTML, like Gecko) Chrome/135.0.0.0 Safari/537.36 Edg/135.0.0.0"
172.16.36.181 - - [10/Apr/2025:08:24:43 +0800] "GET /manager-page/api/snapshot.php?id=12&t=0.5179213279657296 HTTP/1.1" 200 41964 "http://192.168.60.79/manager-page/home-1.php" "Mozilla/5.0 (Windows NT 10.0; Win64; x64) AppleWebKit/537.36 (KHTML, like Gecko) Chrome/135.0.0.0 Safari/537.36 Edg/135.0.0.0"
127.0.0.1 - - [10/Apr/2025:08:25:00 +0800] "GET /robot/alarm-history-in.php HTTP/1.1" 200 - "-" "python-requests/2.28.1"
111.70.30.251 - - [10/Apr/2025:08:25:05 +0800] "POST /robot/lora-in.php HTTP/1.1" 200 - "-" "python-requests/2.21.0"
127.0.0.1 - - [10/Apr/2025:08:25:12 +0800] "GET /manager-page/api/snapshot.php?id=22&t=0.012069873890344196 HTTP/1.1" 200 49562 "http://127.0.0.1/manager-page/home-2.php" "Mozilla/5.0 (Windows NT 10.0; Win64; x64) AppleWebKit/537.36 (KHTML, like Gecko) Chrome/119.0.0.0 Safari/537.36"
127.0.0.1 - - [10/Apr/2025:08:25:12 +0800] "GET /manager-page/api/snapshot.php?id=21&t=0.22024492784095306 HTTP/1.1" 200 48475 "http://127.0.0.1/manager-page/home-2.php" "Mozilla/5.0 (Windows NT 10.0; Win64; x64) AppleWebKit/537.36 (KHTML, like Gecko) Chrome/119.0.0.0 Safari/537.36"
172.16.36.181 - - [10/Apr/2025:08:25:43 +0800] "GET /manager-page/api/snapshot.php?id=11&t=0.008063134170715025 HTTP/1.1" 200 42035 "http://192.168.60.79/manager-page/home-1.php" "Mozilla/5.0 (Windows NT 10.0; Win64; x64) AppleWebKit/537.36 (KHTML, like Gecko) Chrome/135.0.0.0 Safari/537.36 Edg/135.0.0.0"
172.16.36.181 - - [10/Apr/2025:08:25:43 +0800] "GET /manager-page/api/snapshot.php?id=12&t=0.816113393016372 HTTP/1.1" 200 42687 "http://192.168.60.79/manager-page/home-1.php" "Mozilla/5.0 (Windows NT 10.0; Win64; x64) AppleWebKit/537.36 (KHTML, like Gecko) Chrome/135.0.0.0 Safari/537.36 Edg/135.0.0.0"
127.0.0.1 - - [10/Apr/2025:08:26:00 +0800] "GET /robot/alarm-history-in.php HTTP/1.1" 200 - "-" "python-requests/2.28.1"
127.0.0.1 - - [10/Apr/2025:08:26:12 +0800] "GET /manager-page/api/snapshot.php?id=21&t=0.7114836635686073 HTTP/1.1" 200 48414 "http://127.0.0.1/manager-page/home-2.php" "Mozilla/5.0 (Windows NT 10.0; Win64; x64) AppleWebKit/537.36 (KHTML, like Gecko) Chrome/119.0.0.0 Safari/537.36"
127.0.0.1 - - [10/Apr/2025:08:26:12 +0800] "GET /manager-page/api/snapshot.php?id=22&t=0.0328069614817692 HTTP/1.1" 200 49494 "http://127.0.0.1/manager-page/home-2.php" "Mozilla/5.0 (Windows NT 10.0; Win64; x64) AppleWebKit/537.36 (KHTML, like Gecko) Chrome/119.0.0.0 Safari/537.36"
172.16.36.181 - - [10/Apr/2025:08:26:43 +0800] "GET /manager-page/api/snapshot.php?id=11&t=0.10673580024696971 HTTP/1.1" 200 42429 "http://192.168.60.79/manager-page/home-1.php" "Mozilla/5.0 (Windows NT 10.0; Win64; x64) AppleWebKit/537.36 (KHTML, like Gecko) Chrome/135.0.0.0 Safari/537.36 Edg/135.0.0.0"
172.16.36.181 - - [10/Apr/2025:08:26:43 +0800] "GET /manager-page/api/snapshot.php?id=12&t=0.7645819224490463 HTTP/1.1" 200 43271 "http://192.168.60.79/manager-page/home-1.php" "Mozilla/5.0 (Windows NT 10.0; Win64; x64) AppleWebKit/537.36 (KHTML, like Gecko) Chrome/135.0.0.0 Safari/537.36 Edg/135.0.0.0"
127.0.0.1 - - [10/Apr/2025:08:27:00 +0800] "GET /robot/alarm-history-in.php HTTP/1.1" 200 - "-" "python-requests/2.28.1"
127.0.0.1 - - [10/Apr/2025:08:27:12 +0800] "GET /manager-page/api/snapshot.php?id=21&t=0.9568630804740779 HTTP/1.1" 200 48434 "http://127.0.0.1/manager-page/home-2.php" "Mozilla/5.0 (Windows NT 10.0; Win64; x64) AppleWebKit/537.36 (KHTML, like Gecko) Chrome/119.0.0.0 Safari/537.36"
127.0.0.1 - - [10/Apr/2025:08:27:12 +0800] "GET /manager-page/api/snapshot.php?id=22&t=0.11892376974586472 HTTP/1.1" 200 49687 "http://127.0.0.1/manager-page/home-2.php" "Mozilla/5.0 (Windows NT 10.0; Win64; x64) AppleWebKit/537.36 (KHTML, like Gecko) Chrome/119.0.0.0 Safari/537.36"
172.16.36.181 - - [10/Apr/2025:08:27:43 +0800] "GET /manager-page/api/snapshot.php?id=11&t=0.7200584862093892 HTTP/1.1" 200 42585 "http://192.168.60.79/manager-page/home-1.php" "Mozilla/5.0 (Windows NT 10.0; Win64; x64) AppleWebKit/537.36 (KHTML, like Gecko) Chrome/135.0.0.0 Safari/537.36 Edg/135.0.0.0"
172.16.36.181 - - [10/Apr/2025:08:27:43 +0800] "GET /manager-page/api/snapshot.php?id=12&t=0.4576633483766581 HTTP/1.1" 200 43362 "http://192.168.60.79/manager-page/home-1.php" "Mozilla/5.0 (Windows NT 10.0; Win64; x64) AppleWebKit/537.36 (KHTML, like Gecko) Chrome/135.0.0.0 Safari/537.36 Edg/135.0.0.0"
127.0.0.1 - - [10/Apr/2025:08:27:50 +0800] "POST /robot/et-7026-in.php HTTP/1.1" 200 - "-" "python-requests/2.32.2"
111.70.30.251 - - [10/Apr/2025:08:27:55 +0800] "POST /robot/lora-in.php HTTP/1.1" 200 - "-" "python-requests/2.21.0"
127.0.0.1 - - [10/Apr/2025:08:28:00 +0800] "GET /robot/alarm-history-in.php HTTP/1.1" 200 - "-" "python-requests/2.28.1"
127.0.0.1 - - [10/Apr/2025:08:28:11 +0800] "POST /robot/et-7026-in.php HTTP/1.1" 200 - "-" "python-requests/2.32.2"
127.0.0.1 - - [10/Apr/2025:08:28:12 +0800] "GET /manager-page/api/snapshot.php?id=22&t=0.8919632170910885 HTTP/1.1" 200 49853 "http://127.0.0.1/manager-page/home-2.php" "Mozilla/5.0 (Windows NT 10.0; Win64; x64) AppleWebKit/537.36 (KHTML, like Gecko) Chrome/119.0.0.0 Safari/537.36"
127.0.0.1 - - [10/Apr/2025:08:28:12 +0800] "GET /manager-page/api/snapshot.php?id=21&t=0.0413108915492999 HTTP/1.1" 200 48792 "http://127.0.0.1/manager-page/home-2.php" "Mozilla/5.0 (Windows NT 10.0; Win64; x64) AppleWebKit/537.36 (KHTML, like Gecko) Chrome/119.0.0.0 Safari/537.36"
127.0.0.1 - - [10/Apr/2025:08:28:15 +0800] "POST /robot/et-7026-in.php HTTP/1.1" 200 - "-" "python-requests/2.32.2"
172.16.36.181 - - [10/Apr/2025:08:28:43 +0800] "GET /manager-page/api/snapshot.php?id=11&t=0.8197106100136311 HTTP/1.1" 200 42611 "http://192.168.60.79/manager-page/home-1.php" "Mozilla/5.0 (Windows NT 10.0; Win64; x64) AppleWebKit/537.36 (KHTML, like Gecko) Chrome/135.0.0.0 Safari/537.36 Edg/135.0.0.0"
172.16.36.181 - - [10/Apr/2025:08:28:43 +0800] "GET /manager-page/api/snapshot.php?id=12&t=0.5728503718708072 HTTP/1.1" 200 42760 "http://192.168.60.79/manager-page/home-1.php" "Mozilla/5.0 (Windows NT 10.0; Win64; x64) AppleWebKit/537.36 (KHTML, like Gecko) Chrome/135.0.0.0 Safari/537.36 Edg/135.0.0.0"
111.70.30.251 - - [10/Apr/2025:08:28:57 +0800] "POST /robot/lora-in.php HTTP/1.1" 200 - "-" "python-requests/2.21.0"
127.0.0.1 - - [10/Apr/2025:08:29:00 +0800] "GET /robot/alarm-history-in.php HTTP/1.1" 200 - "-" "python-requests/2.28.1"
111.70.30.251 - - [10/Apr/2025:08:29:05 +0800] "POST /robot/lora-in.php HTTP/1.1" 200 - "-" "python-requests/2.21.0"
127.0.0.1 - - [10/Apr/2025:08:29:12 +0800] "GET /manager-page/api/snapshot.php?id=21&t=0.028991282270302676 HTTP/1.1" 200 48635 "http://127.0.0.1/manager-page/home-2.php" "Mozilla/5.0 (Windows NT 10.0; Win64; x64) AppleWebKit/537.36 (KHTML, like Gecko) Chrome/119.0.0.0 Safari/537.36"
127.0.0.1 - - [10/Apr/2025:08:29:12 +0800] "GET /manager-page/api/snapshot.php?id=22&t=0.4283825823044938 HTTP/1.1" 200 49650 "http://127.0.0.1/manager-page/home-2.php" "Mozilla/5.0 (Windows NT 10.0; Win64; x64) AppleWebKit/537.36 (KHTML, like Gecko) Chrome/119.0.0.0 Safari/537.36"
111.70.30.250 - - [10/Apr/2025:08:29:27 +0800] "POST /robot/lora-in.php HTTP/1.1" 200 - "-" "python-requests/2.21.0"
127.0.0.1 - - [10/Apr/2025:08:29:28 +0800] "POST /robot/et-7026-in.php HTTP/1.1" 200 - "-" "python-requests/2.32.2"
172.16.36.181 - - [10/Apr/2025:08:29:36 +0800] "GET /manager-page/api/snapshot.php?id=11&t=0.8401866650247538 HTTP/1.1" 200 42499 "http://192.168.60.79/manager-page/home-1.php" "Mozilla/5.0 (Windows NT 10.0; Win64; x64) AppleWebKit/537.36 (KHTML, like Gecko) Chrome/135.0.0.0 Safari/537.36 Edg/135.0.0.0"
172.16.36.181 - - [10/Apr/2025:08:29:36 +0800] "GET /manager-page/api/snapshot.php?id=12&t=0.15300814928834983 HTTP/1.1" 200 42545 "http://192.168.60.79/manager-page/home-1.php" "Mozilla/5.0 (Windows NT 10.0; Win64; x64) AppleWebKit/537.36 (KHTML, like Gecko) Chrome/135.0.0.0 Safari/537.36 Edg/135.0.0.0"
172.16.36.181 - - [10/Apr/2025:08:29:38 +0800] "GET /manager-page/api/snapshot.php?id=12&t=0.889357459832072 HTTP/1.1" 200 42515 "http://192.168.60.79/manager-page/home-1.php" "Mozilla/5.0 (Windows NT 10.0; Win64; x64) AppleWebKit/537.36 (KHTML, like Gecko) Chrome/135.0.0.0 Safari/537.36 Edg/135.0.0.0"
172.16.36.181 - - [10/Apr/2025:08:29:38 +0800] "GET /manager-page/api/snapshot.php?id=11&t=0.8698768832506093 HTTP/1.1" 200 42500 "http://192.168.60.79/manager-page/home-1.php" "Mozilla/5.0 (Windows NT 10.0; Win64; x64) AppleWebKit/537.36 (KHTML, like Gecko) Chrome/135.0.0.0 Safari/537.36 Edg/135.0.0.0"
172.16.36.181 - - [10/Apr/2025:08:29:43 +0800] "GET /manager-page/api/snapshot.php?id=11&t=0.6936765371510331 HTTP/1.1" 200 42713 "http://192.168.60.79/manager-page/home-1.php" "Mozilla/5.0 (Windows NT 10.0; Win64; x64) AppleWebKit/537.36 (KHTML, like Gecko) Chrome/135.0.0.0 Safari/537.36 Edg/135.0.0.0"
