172.16.36.181 - - [15/Dec/2025:10:12:50 +0800] "GET /manager-page/api/snapshot.php?id=41&t=0.21538177936286362 HTTP/1.1" 200 42064 "http://192.168.60.79/manager-page/home-4.php" "Mozilla/5.0 (Windows NT 10.0; Win64; x64) AppleWebKit/537.36 (KHTML, like Gecko) Chrome/143.0.0.0 Safari/537.36 Edg/143.0.0.0"
172.16.36.181 - - [15/Dec/2025:10:12:50 +0800] "GET /manager-page/api/snapshot.php?id=42&t=0.791839056059793 HTTP/1.1" 200 46677 "http://192.168.60.79/manager-page/home-4.php" "Mozilla/5.0 (Windows NT 10.0; Win64; x64) AppleWebKit/537.36 (KHTML, like Gecko) Chrome/143.0.0.0 Safari/537.36 Edg/143.0.0.0"
172.16.36.181 - - [15/Dec/2025:10:12:55 +0800] "GET /manager-page/api/snapshot.php?id=42&t=0.7643176804724064 HTTP/1.1" 200 46661 "http://192.168.60.79/manager-page/home-4.php" "Mozilla/5.0 (Windows NT 10.0; Win64; x64) AppleWebKit/537.36 (KHTML, like Gecko) Chrome/143.0.0.0 Safari/537.36 Edg/143.0.0.0"
172.16.36.181 - - [15/Dec/2025:10:12:55 +0800] "GET /manager-page/api/snapshot.php?id=41&t=0.38157518031973936 HTTP/1.1" 200 43216 "http://192.168.60.79/manager-page/home-4.php" "Mozilla/5.0 (Windows NT 10.0; Win64; x64) AppleWebKit/537.36 (KHTML, like Gecko) Chrome/143.0.0.0 Safari/537.36 Edg/143.0.0.0"
172.16.36.181 - - [15/Dec/2025:10:13:00 +0800] "GET /manager-page/api/snapshot.php?id=41&t=0.11166271500593183 HTTP/1.1" 200 42764 "http://192.168.60.79/manager-page/home-4.php" "Mozilla/5.0 (Windows NT 10.0; Win64; x64) AppleWebKit/537.36 (KHTML, like Gecko) Chrome/143.0.0.0 Safari/537.36 Edg/143.0.0.0"
172.16.36.181 - - [15/Dec/2025:10:13:00 +0800] "GET /manager-page/api/snapshot.php?id=42&t=0.11922451934276312 HTTP/1.1" 200 46701 "http://192.168.60.79/manager-page/home-4.php" "Mozilla/5.0 (Windows NT 10.0; Win64; x64) AppleWebKit/537.36 (KHTML, like Gecko) Chrome/143.0.0.0 Safari/537.36 Edg/143.0.0.0"
172.16.36.181 - - [15/Dec/2025:10:13:05 +0800] "GET /manager-page/api/snapshot.php?id=42&t=0.3873395025746681 HTTP/1.1" 200 46628 "http://192.168.60.79/manager-page/home-4.php" "Mozilla/5.0 (Windows NT 10.0; Win64; x64) AppleWebKit/537.36 (KHTML, like Gecko) Chrome/143.0.0.0 Safari/537.36 Edg/143.0.0.0"
172.16.36.181 - - [15/Dec/2025:10:13:05 +0800] "GET /manager-page/api/snapshot.php?id=41&t=0.24092343437538621 HTTP/1.1" 200 42805 "http://192.168.60.79/manager-page/home-4.php" "Mozilla/5.0 (Windows NT 10.0; Win64; x64) AppleWebKit/537.36 (KHTML, like Gecko) Chrome/143.0.0.0 Safari/537.36 Edg/143.0.0.0"
172.16.36.181 - - [15/Dec/2025:10:13:10 +0800] "GET /manager-page/api/snapshot.php?id=41&t=0.4862941666368661 HTTP/1.1" 200 43017 "http://192.168.60.79/manager-page/home-4.php" "Mozilla/5.0 (Windows NT 10.0; Win64; x64) AppleWebKit/537.36 (KHTML, like Gecko) Chrome/143.0.0.0 Safari/537.36 Edg/143.0.0.0"
172.16.36.181 - - [15/Dec/2025:10:13:10 +0800] "GET /manager-page/api/snapshot.php?id=42&t=0.29476575000560845 HTTP/1.1" 200 46707 "http://192.168.60.79/manager-page/home-4.php" "Mozilla/5.0 (Windows NT 10.0; Win64; x64) AppleWebKit/537.36 (KHTML, like Gecko) Chrome/143.0.0.0 Safari/537.36 Edg/143.0.0.0"
127.0.0.1 - - [15/Dec/2025:10:13:14 +0800] "GET /manager-page/api/snapshot.php?id=11&t=0.9205915594468175 HTTP/1.1" 302 - "http://127.0.0.1/manager-page/home-1.php" "Mozilla/5.0 (Windows NT 10.0; Win64; x64) AppleWebKit/537.36 (KHTML, like Gecko) Chrome/119.0.0.0 Safari/537.36"
127.0.0.1 - - [15/Dec/2025:10:13:14 +0800] "GET /manager-page/api/login.php HTTP/1.1" 404 196 "http://127.0.0.1/manager-page/home-1.php" "Mozilla/5.0 (Windows NT 10.0; Win64; x64) AppleWebKit/537.36 (KHTML, like Gecko) Chrome/119.0.0.0 Safari/537.36"
127.0.0.1 - - [15/Dec/2025:10:13:14 +0800] "GET /manager-page/api/snapshot.php?id=12&t=0.5324005519053798 HTTP/1.1" 302 - "http://127.0.0.1/manager-page/home-1.php" "Mozilla/5.0 (Windows NT 10.0; Win64; x64) AppleWebKit/537.36 (KHTML, like Gecko) Chrome/119.0.0.0 Safari/537.36"
127.0.0.1 - - [15/Dec/2025:10:13:14 +0800] "GET /manager-page/api/login.php HTTP/1.1" 404 196 "http://127.0.0.1/manager-page/home-1.php" "Mozilla/5.0 (Windows NT 10.0; Win64; x64) AppleWebKit/537.36 (KHTML, like Gecko) Chrome/119.0.0.0 Safari/537.36"
172.16.36.181 - - [15/Dec/2025:10:13:14 +0800] "GET /manager-page/alarm/3-2.jpg?t=619606149 HTTP/1.1" 200 13 "http://192.168.60.79/manager-page/home-3.php" "Mozilla/5.0 (Windows NT 10.0; Win64; x64) AppleWebKit/537.36 (KHTML, like Gecko) Chrome/143.0.0.0 Safari/537.36 Edg/143.0.0.0"
172.16.36.181 - - [15/Dec/2025:10:13:14 +0800] "GET /manager-page/alarm/3-1.jpg?t=1894715073 HTTP/1.1" 200 520364 "http://192.168.60.79/manager-page/home-3.php" "Mozilla/5.0 (Windows NT 10.0; Win64; x64) AppleWebKit/537.36 (KHTML, like Gecko) Chrome/143.0.0.0 Safari/537.36 Edg/143.0.0.0"
172.16.36.181 - - [15/Dec/2025:10:13:14 +0800] "GET /manager-page/home-3.php HTTP/1.1" 200 27482 "http://192.168.60.79/manager-page/home-4.php" "Mozilla/5.0 (Windows NT 10.0; Win64; x64) AppleWebKit/537.36 (KHTML, like Gecko) Chrome/143.0.0.0 Safari/537.36 Edg/143.0.0.0"
172.16.36.181 - - [15/Dec/2025:10:13:14 +0800] "GET /manager-page/api/snapshot.php?id=32 HTTP/1.1" 200 54120 "http://192.168.60.79/manager-page/home-3.php" "Mozilla/5.0 (Windows NT 10.0; Win64; x64) AppleWebKit/537.36 (KHTML, like Gecko) Chrome/143.0.0.0 Safari/537.36 Edg/143.0.0.0"
172.16.36.181 - - [15/Dec/2025:10:13:14 +0800] "GET /manager-page/api/snapshot.php?id=31 HTTP/1.1" 200 50177 "http://192.168.60.79/manager-page/home-3.php" "Mozilla/5.0 (Windows NT 10.0; Win64; x64) AppleWebKit/537.36 (KHTML, like Gecko) Chrome/143.0.0.0 Safari/537.36 Edg/143.0.0.0"
172.16.36.181 - - [15/Dec/2025:10:13:16 +0800] "GET /manager-page/api/cms-status3.php HTTP/1.1" 200 12 "http://192.168.60.79/manager-page/home-3.php" "Mozilla/5.0 (Windows NT 10.0; Win64; x64) AppleWebKit/537.36 (KHTML, like Gecko) Chrome/143.0.0.0 Safari/537.36 Edg/143.0.0.0"
172.16.36.181 - - [15/Dec/2025:10:13:16 +0800] "GET /manager-page/api/lp-status3.php HTTP/1.1" 200 1 "http://192.168.60.79/manager-page/home-3.php" "Mozilla/5.0 (Windows NT 10.0; Win64; x64) AppleWebKit/537.36 (KHTML, like Gecko) Chrome/143.0.0.0 Safari/537.36 Edg/143.0.0.0"
172.16.36.181 - - [15/Dec/2025:10:13:21 +0800] "GET /manager-page/api/snapshot.php?id=32&t=0.3769531804204225 HTTP/1.1" 200 54596 "http://192.168.60.79/manager-page/home-3.php" "Mozilla/5.0 (Windows NT 10.0; Win64; x64) AppleWebKit/537.36 (KHTML, like Gecko) Chrome/143.0.0.0 Safari/537.36 Edg/143.0.0.0"
172.16.36.181 - - [15/Dec/2025:10:13:21 +0800] "GET /manager-page/api/snapshot.php?id=31&t=0.3024231664384952 HTTP/1.1" 200 50867 "http://192.168.60.79/manager-page/home-3.php" "Mozilla/5.0 (Windows NT 10.0; Win64; x64) AppleWebKit/537.36 (KHTML, like Gecko) Chrome/143.0.0.0 Safari/537.36 Edg/143.0.0.0"
172.16.36.181 - - [15/Dec/2025:10:13:26 +0800] "GET /manager-page/api/snapshot.php?id=31&t=0.04894580013247585 HTTP/1.1" 200 51512 "http://192.168.60.79/manager-page/home-3.php" "Mozilla/5.0 (Windows NT 10.0; Win64; x64) AppleWebKit/537.36 (KHTML, like Gecko) Chrome/143.0.0.0 Safari/537.36 Edg/143.0.0.0"
172.16.36.181 - - [15/Dec/2025:10:13:26 +0800] "GET /manager-page/api/snapshot.php?id=32&t=0.08224230680630995 HTTP/1.1" 200 54628 "http://192.168.60.79/manager-page/home-3.php" "Mozilla/5.0 (Windows NT 10.0; Win64; x64) AppleWebKit/537.36 (KHTML, like Gecko) Chrome/143.0.0.0 Safari/537.36 Edg/143.0.0.0"
172.16.36.181 - - [15/Dec/2025:10:13:31 +0800] "GET /manager-page/api/snapshot.php?id=32&t=0.8132674507227949 HTTP/1.1" 200 54413 "http://192.168.60.79/manager-page/home-3.php" "Mozilla/5.0 (Windows NT 10.0; Win64; x64) AppleWebKit/537.36 (KHTML, like Gecko) Chrome/143.0.0.0 Safari/537.36 Edg/143.0.0.0"
172.16.36.181 - - [15/Dec/2025:10:13:31 +0800] "GET /manager-page/api/snapshot.php?id=31&t=0.07371748021484159 HTTP/1.1" 200 51346 "http://192.168.60.79/manager-page/home-3.php" "Mozilla/5.0 (Windows NT 10.0; Win64; x64) AppleWebKit/537.36 (KHTML, like Gecko) Chrome/143.0.0.0 Safari/537.36 Edg/143.0.0.0"
172.16.36.181 - - [15/Dec/2025:10:13:36 +0800] "GET /manager-page/api/snapshot.php?id=31&t=0.09988079754979606 HTTP/1.1" 200 51202 "http://192.168.60.79/manager-page/home-3.php" "Mozilla/5.0 (Windows NT 10.0; Win64; x64) AppleWebKit/537.36 (KHTML, like Gecko) Chrome/143.0.0.0 Safari/537.36 Edg/143.0.0.0"
172.16.36.181 - - [15/Dec/2025:10:13:36 +0800] "GET /manager-page/api/snapshot.php?id=32&t=0.08475611920850279 HTTP/1.1" 200 54061 "http://192.168.60.79/manager-page/home-3.php" "Mozilla/5.0 (Windows NT 10.0; Win64; x64) AppleWebKit/537.36 (KHTML, like Gecko) Chrome/143.0.0.0 Safari/537.36 Edg/143.0.0.0"
172.16.36.181 - - [15/Dec/2025:10:13:42 +0800] "GET /manager-page/api/snapshot.php?id=31&t=0.39206652738565695 HTTP/1.1" 200 50723 "http://192.168.60.79/manager-page/home-3.php" "Mozilla/5.0 (Windows NT 10.0; Win64; x64) AppleWebKit/537.36 (KHTML, like Gecko) Chrome/143.0.0.0 Safari/537.36 Edg/143.0.0.0"
172.16.36.181 - - [15/Dec/2025:10:13:42 +0800] "GET /manager-page/api/snapshot.php?id=32&t=0.08533744709802205 HTTP/1.1" 200 53861 "http://192.168.60.79/manager-page/home-3.php" "Mozilla/5.0 (Windows NT 10.0; Win64; x64) AppleWebKit/537.36 (KHTML, like Gecko) Chrome/143.0.0.0 Safari/537.36 Edg/143.0.0.0"
172.16.36.181 - - [15/Dec/2025:10:13:47 +0800] "GET /manager-page/api/snapshot.php?id=31&t=0.7597897886434575 HTTP/1.1" 200 50601 "http://192.168.60.79/manager-page/home-3.php" "Mozilla/5.0 (Windows NT 10.0; Win64; x64) AppleWebKit/537.36 (KHTML, like Gecko) Chrome/143.0.0.0 Safari/537.36 Edg/143.0.0.0"
172.16.36.181 - - [15/Dec/2025:10:13:47 +0800] "GET /manager-page/api/snapshot.php?id=32&t=0.6808039513716206 HTTP/1.1" 200 53839 "http://192.168.60.79/manager-page/home-3.php" "Mozilla/5.0 (Windows NT 10.0; Win64; x64) AppleWebKit/537.36 (KHTML, like Gecko) Chrome/143.0.0.0 Safari/537.36 Edg/143.0.0.0"
172.16.36.181 - - [15/Dec/2025:10:13:52 +0800] "GET /manager-page/api/snapshot.php?id=32&t=0.7357120511388732 HTTP/1.1" 200 53718 "http://192.168.60.79/manager-page/home-3.php" "Mozilla/5.0 (Windows NT 10.0; Win64; x64) AppleWebKit/537.36 (KHTML, like Gecko) Chrome/143.0.0.0 Safari/537.36 Edg/143.0.0.0"
172.16.36.181 - - [15/Dec/2025:10:13:52 +0800] "GET /manager-page/api/snapshot.php?id=31&t=0.9274231799119181 HTTP/1.1" 200 50924 "http://192.168.60.79/manager-page/home-3.php" "Mozilla/5.0 (Windows NT 10.0; Win64; x64) AppleWebKit/537.36 (KHTML, like Gecko) Chrome/143.0.0.0 Safari/537.36 Edg/143.0.0.0"
172.16.36.181 - - [15/Dec/2025:10:13:57 +0800] "GET /manager-page/api/snapshot.php?id=32&t=0.35386672856614176 HTTP/1.1" 200 53755 "http://192.168.60.79/manager-page/home-3.php" "Mozilla/5.0 (Windows NT 10.0; Win64; x64) AppleWebKit/537.36 (KHTML, like Gecko) Chrome/143.0.0.0 Safari/537.36 Edg/143.0.0.0"
172.16.36.181 - - [15/Dec/2025:10:13:57 +0800] "GET /manager-page/api/snapshot.php?id=31&t=0.6402941880923951 HTTP/1.1" 200 50583 "http://192.168.60.79/manager-page/home-3.php" "Mozilla/5.0 (Windows NT 10.0; Win64; x64) AppleWebKit/537.36 (KHTML, like Gecko) Chrome/143.0.0.0 Safari/537.36 Edg/143.0.0.0"
172.16.36.181 - - [15/Dec/2025:10:14:02 +0800] "GET /manager-page/api/snapshot.php?id=31&t=0.6731415191574074 HTTP/1.1" 200 50663 "http://192.168.60.79/manager-page/home-3.php" "Mozilla/5.0 (Windows NT 10.0; Win64; x64) AppleWebKit/537.36 (KHTML, like Gecko) Chrome/143.0.0.0 Safari/537.36 Edg/143.0.0.0"
172.16.36.181 - - [15/Dec/2025:10:14:02 +0800] "GET /manager-page/api/snapshot.php?id=32&t=0.41229148177005703 HTTP/1.1" 200 53411 "http://192.168.60.79/manager-page/home-3.php" "Mozilla/5.0 (Windows NT 10.0; Win64; x64) AppleWebKit/537.36 (KHTML, like Gecko) Chrome/143.0.0.0 Safari/537.36 Edg/143.0.0.0"
172.16.36.181 - - [15/Dec/2025:10:14:07 +0800] "GET /manager-page/api/snapshot.php?id=32&t=0.43081167407812304 HTTP/1.1" 200 53364 "http://192.168.60.79/manager-page/home-3.php" "Mozilla/5.0 (Windows NT 10.0; Win64; x64) AppleWebKit/537.36 (KHTML, like Gecko) Chrome/143.0.0.0 Safari/537.36 Edg/143.0.0.0"
172.16.36.181 - - [15/Dec/2025:10:14:07 +0800] "GET /manager-page/api/snapshot.php?id=31&t=0.27613932053211265 HTTP/1.1" 200 50405 "http://192.168.60.79/manager-page/home-3.php" "Mozilla/5.0 (Windows NT 10.0; Win64; x64) AppleWebKit/537.36 (KHTML, like Gecko) Chrome/143.0.0.0 Safari/537.36 Edg/143.0.0.0"
172.16.36.181 - - [15/Dec/2025:10:14:12 +0800] "GET /manager-page/api/snapshot.php?id=31&t=0.7750471749201625 HTTP/1.1" 200 50483 "http://192.168.60.79/manager-page/home-3.php" "Mozilla/5.0 (Windows NT 10.0; Win64; x64) AppleWebKit/537.36 (KHTML, like Gecko) Chrome/143.0.0.0 Safari/537.36 Edg/143.0.0.0"
172.16.36.181 - - [15/Dec/2025:10:14:12 +0800] "GET /manager-page/api/snapshot.php?id=32&t=0.5511076623622643 HTTP/1.1" 200 53719 "http://192.168.60.79/manager-page/home-3.php" "Mozilla/5.0 (Windows NT 10.0; Win64; x64) AppleWebKit/537.36 (KHTML, like Gecko) Chrome/143.0.0.0 Safari/537.36 Edg/143.0.0.0"
127.0.0.1 - - [15/Dec/2025:10:14:14 +0800] "GET /manager-page/api/snapshot.php?id=11&t=0.3663826278279161 HTTP/1.1" 302 - "http://127.0.0.1/manager-page/home-1.php" "Mozilla/5.0 (Windows NT 10.0; Win64; x64) AppleWebKit/537.36 (KHTML, like Gecko) Chrome/119.0.0.0 Safari/537.36"
127.0.0.1 - - [15/Dec/2025:10:14:14 +0800] "GET /manager-page/api/snapshot.php?id=12&t=0.6235399591389323 HTTP/1.1" 302 - "http://127.0.0.1/manager-page/home-1.php" "Mozilla/5.0 (Windows NT 10.0; Win64; x64) AppleWebKit/537.36 (KHTML, like Gecko) Chrome/119.0.0.0 Safari/537.36"
127.0.0.1 - - [15/Dec/2025:10:14:14 +0800] "GET /manager-page/api/login.php HTTP/1.1" 404 196 "http://127.0.0.1/manager-page/home-1.php" "Mozilla/5.0 (Windows NT 10.0; Win64; x64) AppleWebKit/537.36 (KHTML, like Gecko) Chrome/119.0.0.0 Safari/537.36"
127.0.0.1 - - [15/Dec/2025:10:14:14 +0800] "GET /manager-page/api/login.php HTTP/1.1" 404 196 "http://127.0.0.1/manager-page/home-1.php" "Mozilla/5.0 (Windows NT 10.0; Win64; x64) AppleWebKit/537.36 (KHTML, like Gecko) Chrome/119.0.0.0 Safari/537.36"
172.16.36.181 - - [15/Dec/2025:10:14:17 +0800] "GET /manager-page/api/snapshot.php?id=31&t=0.804300728535246 HTTP/1.1" 200 51512 "http://192.168.60.79/manager-page/home-3.php" "Mozilla/5.0 (Windows NT 10.0; Win64; x64) AppleWebKit/537.36 (KHTML, like Gecko) Chrome/143.0.0.0 Safari/537.36 Edg/143.0.0.0"
172.16.36.181 - - [15/Dec/2025:10:14:17 +0800] "GET /manager-page/api/snapshot.php?id=32&t=0.08484737076547078 HTTP/1.1" 200 54666 "http://192.168.60.79/manager-page/home-3.php" "Mozilla/5.0 (Windows NT 10.0; Win64; x64) AppleWebKit/537.36 (KHTML, like Gecko) Chrome/143.0.0.0 Safari/537.36 Edg/143.0.0.0"
172.16.36.181 - - [15/Dec/2025:10:14:22 +0800] "GET /manager-page/api/snapshot.php?id=32&t=0.07056750286346258 HTTP/1.1" 200 54847 "http://192.168.60.79/manager-page/home-3.php" "Mozilla/5.0 (Windows NT 10.0; Win64; x64) AppleWebKit/537.36 (KHTML, like Gecko) Chrome/143.0.0.0 Safari/537.36 Edg/143.0.0.0"
172.16.36.181 - - [15/Dec/2025:10:14:22 +0800] "GET /manager-page/api/snapshot.php?id=31&t=0.10086831522633621 HTTP/1.1" 200 51559 "http://192.168.60.79/manager-page/home-3.php" "Mozilla/5.0 (Windows NT 10.0; Win64; x64) AppleWebKit/537.36 (KHTML, like Gecko) Chrome/143.0.0.0 Safari/537.36 Edg/143.0.0.0"
172.16.36.181 - - [15/Dec/2025:10:14:27 +0800] "GET /manager-page/api/snapshot.php?id=32&t=0.8846128504083407 HTTP/1.1" 200 54724 "http://192.168.60.79/manager-page/home-3.php" "Mozilla/5.0 (Windows NT 10.0; Win64; x64) AppleWebKit/537.36 (KHTML, like Gecko) Chrome/143.0.0.0 Safari/537.36 Edg/143.0.0.0"
172.16.36.181 - - [15/Dec/2025:10:14:27 +0800] "GET /manager-page/api/snapshot.php?id=31&t=0.6228795744086386 HTTP/1.1" 200 51600 "http://192.168.60.79/manager-page/home-3.php" "Mozilla/5.0 (Windows NT 10.0; Win64; x64) AppleWebKit/537.36 (KHTML, like Gecko) Chrome/143.0.0.0 Safari/537.36 Edg/143.0.0.0"
172.16.36.181 - - [15/Dec/2025:10:14:32 +0800] "GET /manager-page/api/snapshot.php?id=32&t=0.9833239237222139 HTTP/1.1" 200 54334 "http://192.168.60.79/manager-page/home-3.php" "Mozilla/5.0 (Windows NT 10.0; Win64; x64) AppleWebKit/537.36 (KHTML, like Gecko) Chrome/143.0.0.0 Safari/537.36 Edg/143.0.0.0"
172.16.36.181 - - [15/Dec/2025:10:14:32 +0800] "GET /manager-page/api/snapshot.php?id=31&t=0.9655700373392786 HTTP/1.1" 200 51382 "http://192.168.60.79/manager-page/home-3.php" "Mozilla/5.0 (Windows NT 10.0; Win64; x64) AppleWebKit/537.36 (KHTML, like Gecko) Chrome/143.0.0.0 Safari/537.36 Edg/143.0.0.0"
172.16.36.181 - - [15/Dec/2025:10:14:37 +0800] "GET /manager-page/api/snapshot.php?id=32&t=0.6895618498129847 HTTP/1.1" 200 54542 "http://192.168.60.79/manager-page/home-3.php" "Mozilla/5.0 (Windows NT 10.0; Win64; x64) AppleWebKit/537.36 (KHTML, like Gecko) Chrome/143.0.0.0 Safari/537.36 Edg/143.0.0.0"
172.16.36.181 - - [15/Dec/2025:10:14:37 +0800] "GET /manager-page/api/snapshot.php?id=31&t=0.2812260740518877 HTTP/1.1" 200 51309 "http://192.168.60.79/manager-page/home-3.php" "Mozilla/5.0 (Windows NT 10.0; Win64; x64) AppleWebKit/537.36 (KHTML, like Gecko) Chrome/143.0.0.0 Safari/537.36 Edg/143.0.0.0"
172.16.36.181 - - [15/Dec/2025:10:14:58 +0800] "GET /manager-page/api/snapshot.php?id=32&t=0.7670374315081285 HTTP/1.1" 200 54112 "http://192.168.60.79/manager-page/home-3.php" "Mozilla/5.0 (Windows NT 10.0; Win64; x64) AppleWebKit/537.36 (KHTML, like Gecko) Chrome/143.0.0.0 Safari/537.36 Edg/143.0.0.0"
172.16.36.181 - - [15/Dec/2025:10:14:58 +0800] "GET /manager-page/api/snapshot.php?id=31&t=0.13004634818118666 HTTP/1.1" 200 51357 "http://192.168.60.79/manager-page/home-3.php" "Mozilla/5.0 (Windows NT 10.0; Win64; x64) AppleWebKit/537.36 (KHTML, like Gecko) Chrome/143.0.0.0 Safari/537.36 Edg/143.0.0.0"
111.70.30.250 - - [15/Dec/2025:10:15:54 +0800] "POST /robot/lora-in.php HTTP/1.1" 200 - "-" "python-requests/2.21.0"
172.16.36.181 - - [15/Dec/2025:10:15:58 +0800] "GET /manager-page/api/snapshot.php?id=31&t=0.24970851604791755 HTTP/1.1" 200 49454 "http://192.168.60.79/manager-page/home-3.php" "Mozilla/5.0 (Windows NT 10.0; Win64; x64) AppleWebKit/537.36 (KHTML, like Gecko) Chrome/143.0.0.0 Safari/537.36 Edg/143.0.0.0"
172.16.36.181 - - [15/Dec/2025:10:15:58 +0800] "GET /manager-page/api/snapshot.php?id=32&t=0.11364136946134107 HTTP/1.1" 200 52145 "http://192.168.60.79/manager-page/home-3.php" "Mozilla/5.0 (Windows NT 10.0; Win64; x64) AppleWebKit/537.36 (KHTML, like Gecko) Chrome/143.0.0.0 Safari/537.36 Edg/143.0.0.0"
111.70.30.253 - - [15/Dec/2025:10:16:23 +0800] "POST /robot/lora-in.php HTTP/1.1" 200 - "-" "python-requests/2.21.0"
172.16.36.181 - - [15/Dec/2025:10:16:58 +0800] "GET /manager-page/api/snapshot.php?id=32&t=0.9286909107825134 HTTP/1.1" 200 52683 "http://192.168.60.79/manager-page/home-3.php" "Mozilla/5.0 (Windows NT 10.0; Win64; x64) AppleWebKit/537.36 (KHTML, like Gecko) Chrome/143.0.0.0 Safari/537.36 Edg/143.0.0.0"
172.16.36.181 - - [15/Dec/2025:10:16:58 +0800] "GET /manager-page/api/snapshot.php?id=31&t=0.9388885286781675 HTTP/1.1" 200 49783 "http://192.168.60.79/manager-page/home-3.php" "Mozilla/5.0 (Windows NT 10.0; Win64; x64) AppleWebKit/537.36 (KHTML, like Gecko) Chrome/143.0.0.0 Safari/537.36 Edg/143.0.0.0"
127.0.0.1 - - [15/Dec/2025:10:17:23 +0800] "POST /robot/et-7026-in.php HTTP/1.1" 200 - "-" "python-requests/2.32.2"
127.0.0.1 - - [15/Dec/2025:10:17:23 +0800] "POST /robot/et-7026-in.php HTTP/1.1" 200 - "-" "python-requests/2.32.2"
127.0.0.1 - - [15/Dec/2025:10:17:24 +0800] "POST /robot/et-7026-in.php HTTP/1.1" 200 - "-" "python-requests/2.32.2"
127.0.0.1 - - [15/Dec/2025:10:17:24 +0800] "POST /robot/et-7026-in.php HTTP/1.1" 200 - "-" "python-requests/2.32.2"
127.0.0.1 - - [15/Dec/2025:10:17:31 +0800] "GET /get-setting.json HTTP/1.1" 200 2314 "-" "python-requests/2.31.0"
127.0.0.1 - - [15/Dec/2025:10:17:31 +0800] "POST /robot/lora-in.php HTTP/1.1" 200 - "-" "python-requests/2.31.0"
127.0.0.1 - - [15/Dec/2025:10:17:41 +0800] "POST /robot/lora-in.php HTTP/1.1" 200 - "-" "python-requests/2.31.0"
127.0.0.1 - - [15/Dec/2025:10:17:51 +0800] "POST /robot/lora-in.php HTTP/1.1" 200 - "-" "python-requests/2.31.0"
127.0.0.1 - - [15/Dec/2025:10:17:54 +0800] "POST /robot/lora-in.php HTTP/1.1" 200 - "-" "python-requests/2.31.0"
172.16.36.181 - - [15/Dec/2025:10:17:58 +0800] "GET /manager-page/api/snapshot.php?id=31&t=0.23583592555223143 HTTP/1.1" 200 47844 "http://192.168.60.79/manager-page/home-3.php" "Mozilla/5.0 (Windows NT 10.0; Win64; x64) AppleWebKit/537.36 (KHTML, like Gecko) Chrome/143.0.0.0 Safari/537.36 Edg/143.0.0.0"
172.16.36.181 - - [15/Dec/2025:10:17:58 +0800] "GET /manager-page/api/snapshot.php?id=32&t=0.13759433610544636 HTTP/1.1" 200 51169 "http://192.168.60.79/manager-page/home-3.php" "Mozilla/5.0 (Windows NT 10.0; Win64; x64) AppleWebKit/537.36 (KHTML, like Gecko) Chrome/143.0.0.0 Safari/537.36 Edg/143.0.0.0"
127.0.0.1 - - [15/Dec/2025:10:18:00 +0800] "GET /robot/alarm-history-in.php HTTP/1.1" 200 - "-" "python-requests/2.28.1"
127.0.0.1 - - [15/Dec/2025:10:18:02 +0800] "POST /robot/lora-in.php HTTP/1.1" 200 - "-" "python-requests/2.31.0"
127.0.0.1 - - [15/Dec/2025:10:18:11 +0800] "POST /robot/lora-in.php HTTP/1.1" 200 - "-" "python-requests/2.31.0"
127.0.0.1 - - [15/Dec/2025:10:18:16 +0800] "POST /robot/lora-in.php HTTP/1.1" 200 - "-" "python-requests/2.31.0"
127.0.0.1 - - [15/Dec/2025:10:18:26 +0800] "POST /robot/lora-in.php HTTP/1.1" 200 - "-" "python-requests/2.31.0"
172.16.36.181 - - [15/Dec/2025:10:18:58 +0800] "GET /manager-page/api/snapshot.php?id=31&t=0.596519652672804 HTTP/1.1" 200 49774 "http://192.168.60.79/manager-page/home-3.php" "Mozilla/5.0 (Windows NT 10.0; Win64; x64) AppleWebKit/537.36 (KHTML, like Gecko) Chrome/143.0.0.0 Safari/537.36 Edg/143.0.0.0"
172.16.36.181 - - [15/Dec/2025:10:18:58 +0800] "GET /manager-page/api/snapshot.php?id=32&t=0.4059578014428573 HTTP/1.1" 200 52136 "http://192.168.60.79/manager-page/home-3.php" "Mozilla/5.0 (Windows NT 10.0; Win64; x64) AppleWebKit/537.36 (KHTML, like Gecko) Chrome/143.0.0.0 Safari/537.36 Edg/143.0.0.0"
127.0.0.1 - - [15/Dec/2025:10:19:00 +0800] "GET /robot/alarm-history-in.php HTTP/1.1" 200 - "-" "python-requests/2.28.1"
172.16.36.181 - - [15/Dec/2025:10:19:58 +0800] "GET /manager-page/api/snapshot.php?id=32&t=0.469704678185363 HTTP/1.1" 200 53270 "http://192.168.60.79/manager-page/home-3.php" "Mozilla/5.0 (Windows NT 10.0; Win64; x64) AppleWebKit/537.36 (KHTML, like Gecko) Chrome/143.0.0.0 Safari/537.36 Edg/143.0.0.0"
172.16.36.181 - - [15/Dec/2025:10:19:58 +0800] "GET /manager-page/api/snapshot.php?id=31&t=0.45349950122486915 HTTP/1.1" 200 50362 "http://192.168.60.79/manager-page/home-3.php" "Mozilla/5.0 (Windows NT 10.0; Win64; x64) AppleWebKit/537.36 (KHTML, like Gecko) Chrome/143.0.0.0 Safari/537.36 Edg/143.0.0.0"
127.0.0.1 - - [15/Dec/2025:10:20:00 +0800] "GET /robot/alarm-history-in.php HTTP/1.1" 200 - "-" "python-requests/2.28.1"
111.70.30.252 - - [15/Dec/2025:10:20:56 +0800] "POST /robot/lora-in.php HTTP/1.1" 200 - "-" "python-requests/2.21.0"
172.16.36.181 - - [15/Dec/2025:10:20:58 +0800] "GET /manager-page/api/snapshot.php?id=32&t=0.8345634997932757 HTTP/1.1" 200 54639 "http://192.168.60.79/manager-page/home-3.php" "Mozilla/5.0 (Windows NT 10.0; Win64; x64) AppleWebKit/537.36 (KHTML, like Gecko) Chrome/143.0.0.0 Safari/537.36 Edg/143.0.0.0"
172.16.36.181 - - [15/Dec/2025:10:20:58 +0800] "GET /manager-page/api/snapshot.php?id=31&t=0.6273971408282121 HTTP/1.1" 200 50820 "http://192.168.60.79/manager-page/home-3.php" "Mozilla/5.0 (Windows NT 10.0; Win64; x64) AppleWebKit/537.36 (KHTML, like Gecko) Chrome/143.0.0.0 Safari/537.36 Edg/143.0.0.0"
127.0.0.1 - - [15/Dec/2025:10:21:00 +0800] "GET /robot/alarm-history-in.php HTTP/1.1" 200 - "-" "python-requests/2.28.1"
111.70.30.251 - - [15/Dec/2025:10:21:07 +0800] "POST /robot/lora-in.php HTTP/1.1" 200 - "-" "python-requests/2.21.0"
172.16.36.181 - - [15/Dec/2025:10:21:58 +0800] "GET /manager-page/api/snapshot.php?id=31&t=0.19771996496468625 HTTP/1.1" 200 50747 "http://192.168.60.79/manager-page/home-3.php" "Mozilla/5.0 (Windows NT 10.0; Win64; x64) AppleWebKit/537.36 (KHTML, like Gecko) Chrome/143.0.0.0 Safari/537.36 Edg/143.0.0.0"
172.16.36.181 - - [15/Dec/2025:10:21:58 +0800] "GET /manager-page/api/snapshot.php?id=32&t=0.9417452915485651 HTTP/1.1" 200 54183 "http://192.168.60.79/manager-page/home-3.php" "Mozilla/5.0 (Windows NT 10.0; Win64; x64) AppleWebKit/537.36 (KHTML, like Gecko) Chrome/143.0.0.0 Safari/537.36 Edg/143.0.0.0"
127.0.0.1 - - [15/Dec/2025:10:22:00 +0800] "GET /robot/alarm-history-in.php HTTP/1.1" 200 - "-" "python-requests/2.28.1"
172.16.36.181 - - [15/Dec/2025:10:22:58 +0800] "GET /manager-page/api/snapshot.php?id=32&t=0.1527544631485419 HTTP/1.1" 200 54623 "http://192.168.60.79/manager-page/home-3.php" "Mozilla/5.0 (Windows NT 10.0; Win64; x64) AppleWebKit/537.36 (KHTML, like Gecko) Chrome/143.0.0.0 Safari/537.36 Edg/143.0.0.0"
172.16.36.181 - - [15/Dec/2025:10:22:58 +0800] "GET /manager-page/api/snapshot.php?id=31&t=0.6007332030025759 HTTP/1.1" 200 51496 "http://192.168.60.79/manager-page/home-3.php" "Mozilla/5.0 (Windows NT 10.0; Win64; x64) AppleWebKit/537.36 (KHTML, like Gecko) Chrome/143.0.0.0 Safari/537.36 Edg/143.0.0.0"
127.0.0.1 - - [15/Dec/2025:10:23:00 +0800] "GET /robot/alarm-history-in.php HTTP/1.1" 200 - "-" "python-requests/2.28.1"
172.16.36.181 - - [15/Dec/2025:10:23:58 +0800] "GET /manager-page/api/snapshot.php?id=32&t=0.8111103635714362 HTTP/1.1" 200 52624 "http://192.168.60.79/manager-page/home-3.php" "Mozilla/5.0 (Windows NT 10.0; Win64; x64) AppleWebKit/537.36 (KHTML, like Gecko) Chrome/143.0.0.0 Safari/537.36 Edg/143.0.0.0"
172.16.36.181 - - [15/Dec/2025:10:23:58 +0800] "GET /manager-page/api/snapshot.php?id=31&t=0.04199441712118901 HTTP/1.1" 200 48936 "http://192.168.60.79/manager-page/home-3.php" "Mozilla/5.0 (Windows NT 10.0; Win64; x64) AppleWebKit/537.36 (KHTML, like Gecko) Chrome/143.0.0.0 Safari/537.36 Edg/143.0.0.0"
127.0.0.1 - - [15/Dec/2025:10:24:00 +0800] "GET /robot/alarm-history-in.php HTTP/1.1" 200 - "-" "python-requests/2.28.1"
111.70.30.250 - - [15/Dec/2025:10:24:22 +0800] "POST /robot/lora-in.php HTTP/1.1" 200 - "-" "python-requests/2.21.0"
172.16.36.181 - - [15/Dec/2025:10:24:58 +0800] "GET /manager-page/api/snapshot.php?id=31&t=0.8619498134577562 HTTP/1.1" 200 51431 "http://192.168.60.79/manager-page/home-3.php" "Mozilla/5.0 (Windows NT 10.0; Win64; x64) AppleWebKit/537.36 (KHTML, like Gecko) Chrome/143.0.0.0 Safari/537.36 Edg/143.0.0.0"
172.16.36.181 - - [15/Dec/2025:10:24:58 +0800] "GET /manager-page/api/snapshot.php?id=32&t=0.4934843095700686 HTTP/1.1" 200 54361 "http://192.168.60.79/manager-page/home-3.php" "Mozilla/5.0 (Windows NT 10.0; Win64; x64) AppleWebKit/537.36 (KHTML, like Gecko) Chrome/143.0.0.0 Safari/537.36 Edg/143.0.0.0"
127.0.0.1 - - [15/Dec/2025:10:25:00 +0800] "GET /robot/alarm-history-in.php HTTP/1.1" 200 - "-" "python-requests/2.28.1"
111.70.30.253 - - [15/Dec/2025:10:25:09 +0800] "POST /robot/lora-in.php HTTP/1.1" 200 - "-" "python-requests/2.21.0"
172.16.36.181 - - [15/Dec/2025:10:25:58 +0800] "GET /manager-page/api/snapshot.php?id=31&t=0.9869401894176179 HTTP/1.1" 200 49134 "http://192.168.60.79/manager-page/home-3.php" "Mozilla/5.0 (Windows NT 10.0; Win64; x64) AppleWebKit/537.36 (KHTML, like Gecko) Chrome/143.0.0.0 Safari/537.36 Edg/143.0.0.0"
172.16.36.181 - - [15/Dec/2025:10:25:58 +0800] "GET /manager-page/api/snapshot.php?id=32&t=0.8851434441246787 HTTP/1.1" 200 53520 "http://192.168.60.79/manager-page/home-3.php" "Mozilla/5.0 (Windows NT 10.0; Win64; x64) AppleWebKit/537.36 (KHTML, like Gecko) Chrome/143.0.0.0 Safari/537.36 Edg/143.0.0.0"
127.0.0.1 - - [15/Dec/2025:10:26:00 +0800] "GET /robot/alarm-history-in.php HTTP/1.1" 200 - "-" "python-requests/2.28.1"
172.16.36.181 - - [15/Dec/2025:10:26:58 +0800] "GET /manager-page/api/snapshot.php?id=32&t=0.6684299902959411 HTTP/1.1" 200 50926 "http://192.168.60.79/manager-page/home-3.php" "Mozilla/5.0 (Windows NT 10.0; Win64; x64) AppleWebKit/537.36 (KHTML, like Gecko) Chrome/143.0.0.0 Safari/537.36 Edg/143.0.0.0"
172.16.36.181 - - [15/Dec/2025:10:26:58 +0800] "GET /manager-page/api/snapshot.php?id=31&t=0.3768455378160782 HTTP/1.1" 200 47849 "http://192.168.60.79/manager-page/home-3.php" "Mozilla/5.0 (Windows NT 10.0; Win64; x64) AppleWebKit/537.36 (KHTML, like Gecko) Chrome/143.0.0.0 Safari/537.36 Edg/143.0.0.0"
127.0.0.1 - - [15/Dec/2025:10:27:00 +0800] "GET /robot/alarm-history-in.php HTTP/1.1" 200 - "-" "python-requests/2.28.1"
127.0.0.1 - - [15/Dec/2025:10:27:24 +0800] "POST /robot/et-7026-in.php HTTP/1.1" 200 - "-" "python-requests/2.32.2"
127.0.0.1 - - [15/Dec/2025:10:27:24 +0800] "POST /robot/et-7026-in.php HTTP/1.1" 200 - "-" "python-requests/2.32.2"
127.0.0.1 - - [15/Dec/2025:10:27:24 +0800] "POST /robot/et-7026-in.php HTTP/1.1" 200 - "-" "python-requests/2.32.2"
127.0.0.1 - - [15/Dec/2025:10:27:31 +0800] "GET /get-setting.json HTTP/1.1" 200 2314 "-" "python-requests/2.31.0"
127.0.0.1 - - [15/Dec/2025:10:27:31 +0800] "POST /robot/lora-in.php HTTP/1.1" 200 - "-" "python-requests/2.31.0"
127.0.0.1 - - [15/Dec/2025:10:27:35 +0800] "POST /robot/lora-in.php HTTP/1.1" 200 - "-" "python-requests/2.31.0"
127.0.0.1 - - [15/Dec/2025:10:27:40 +0800] "POST /robot/lora-in.php HTTP/1.1" 200 - "-" "python-requests/2.31.0"
127.0.0.1 - - [15/Dec/2025:10:27:43 +0800] "POST /robot/lora-in.php HTTP/1.1" 200 - "-" "python-requests/2.31.0"
127.0.0.1 - - [15/Dec/2025:10:27:49 +0800] "POST /robot/lora-in.php HTTP/1.1" 200 - "-" "python-requests/2.31.0"
172.16.36.181 - - [15/Dec/2025:10:27:58 +0800] "GET /manager-page/api/snapshot.php?id=31&t=0.47365280341161276 HTTP/1.1" 200 47617 "http://192.168.60.79/manager-page/home-3.php" "Mozilla/5.0 (Windows NT 10.0; Win64; x64) AppleWebKit/537.36 (KHTML, like Gecko) Chrome/143.0.0.0 Safari/537.36 Edg/143.0.0.0"
127.0.0.1 - - [15/Dec/2025:10:27:59 +0800] "POST /robot/lora-in.php HTTP/1.1" 200 - "-" "python-requests/2.31.0"
172.16.36.181 - - [15/Dec/2025:10:27:58 +0800] "GET /manager-page/api/snapshot.php?id=32&t=0.25032598631924774 HTTP/1.1" 200 50545 "http://192.168.60.79/manager-page/home-3.php" "Mozilla/5.0 (Windows NT 10.0; Win64; x64) AppleWebKit/537.36 (KHTML, like Gecko) Chrome/143.0.0.0 Safari/537.36 Edg/143.0.0.0"
127.0.0.1 - - [15/Dec/2025:10:28:00 +0800] "GET /robot/alarm-history-in.php HTTP/1.1" 200 - "-" "python-requests/2.28.1"
127.0.0.1 - - [15/Dec/2025:10:28:05 +0800] "POST /robot/lora-in.php HTTP/1.1" 200 - "-" "python-requests/2.31.0"
127.0.0.1 - - [15/Dec/2025:10:28:08 +0800] "POST /robot/lora-in.php HTTP/1.1" 200 - "-" "python-requests/2.31.0"
127.0.0.1 - - [15/Dec/2025:10:28:20 +0800] "POST /robot/et-7026-in.php HTTP/1.1" 200 - "-" "python-requests/2.32.2"
172.16.36.181 - - [15/Dec/2025:10:28:58 +0800] "GET /manager-page/api/snapshot.php?id=32&t=0.4175259319854778 HTTP/1.1" 200 50285 "http://192.168.60.79/manager-page/home-3.php" "Mozilla/5.0 (Windows NT 10.0; Win64; x64) AppleWebKit/537.36 (KHTML, like Gecko) Chrome/143.0.0.0 Safari/537.36 Edg/143.0.0.0"
172.16.36.181 - - [15/Dec/2025:10:28:58 +0800] "GET /manager-page/api/snapshot.php?id=31&t=0.4588885662046094 HTTP/1.1" 200 47479 "http://192.168.60.79/manager-page/home-3.php" "Mozilla/5.0 (Windows NT 10.0; Win64; x64) AppleWebKit/537.36 (KHTML, like Gecko) Chrome/143.0.0.0 Safari/537.36 Edg/143.0.0.0"
127.0.0.1 - - [15/Dec/2025:10:29:00 +0800] "GET /robot/alarm-history-in.php HTTP/1.1" 200 - "-" "python-requests/2.28.1"
111.70.30.251 - - [15/Dec/2025:10:29:45 +0800] "POST /robot/lora-in.php HTTP/1.1" 200 - "-" "python-requests/2.21.0"
172.16.36.181 - - [15/Dec/2025:10:29:58 +0800] "GET /manager-page/api/snapshot.php?id=32&t=0.6991266116262882 HTTP/1.1" 200 50779 "http://192.168.60.79/manager-page/home-3.php" "Mozilla/5.0 (Windows NT 10.0; Win64; x64) AppleWebKit/537.36 (KHTML, like Gecko) Chrome/143.0.0.0 Safari/537.36 Edg/143.0.0.0"
172.16.36.181 - - [15/Dec/2025:10:29:58 +0800] "GET /manager-page/api/snapshot.php?id=31&t=0.6341875483072992 HTTP/1.1" 200 47997 "http://192.168.60.79/manager-page/home-3.php" "Mozilla/5.0 (Windows NT 10.0; Win64; x64) AppleWebKit/537.36 (KHTML, like Gecko) Chrome/143.0.0.0 Safari/537.36 Edg/143.0.0.0"
127.0.0.1 - - [15/Dec/2025:10:30:00 +0800] "GET /robot/alarm-history-in.php HTTP/1.1" 200 - "-" "python-requests/2.28.1"
111.70.30.252 - - [15/Dec/2025:10:30:10 +0800] "POST /robot/lora-in.php HTTP/1.1" 200 - "-" "python-requests/2.21.0"
172.16.36.181 - - [15/Dec/2025:10:30:58 +0800] "GET /manager-page/api/snapshot.php?id=31&t=0.8685460135105927 HTTP/1.1" 200 49706 "http://192.168.60.79/manager-page/home-3.php" "Mozilla/5.0 (Windows NT 10.0; Win64; x64) AppleWebKit/537.36 (KHTML, like Gecko) Chrome/143.0.0.0 Safari/537.36 Edg/143.0.0.0"
172.16.36.181 - - [15/Dec/2025:10:30:58 +0800] "GET /manager-page/api/snapshot.php?id=32&t=0.32111838393774506 HTTP/1.1" 200 52526 "http://192.168.60.79/manager-page/home-3.php" "Mozilla/5.0 (Windows NT 10.0; Win64; x64) AppleWebKit/537.36 (KHTML, like Gecko) Chrome/143.0.0.0 Safari/537.36 Edg/143.0.0.0"
127.0.0.1 - - [15/Dec/2025:10:31:00 +0800] "GET /robot/alarm-history-in.php HTTP/1.1" 200 - "-" "python-requests/2.28.1"
172.16.36.181 - - [15/Dec/2025:10:31:58 +0800] "GET /manager-page/api/snapshot.php?id=31&t=0.9871863652181266 HTTP/1.1" 200 51651 "http://192.168.60.79/manager-page/home-3.php" "Mozilla/5.0 (Windows NT 10.0; Win64; x64) AppleWebKit/537.36 (KHTML, like Gecko) Chrome/143.0.0.0 Safari/537.36 Edg/143.0.0.0"
172.16.36.181 - - [15/Dec/2025:10:31:58 +0800] "GET /manager-page/api/snapshot.php?id=32&t=0.2814292789098982 HTTP/1.1" 200 54475 "http://192.168.60.79/manager-page/home-3.php" "Mozilla/5.0 (Windows NT 10.0; Win64; x64) AppleWebKit/537.36 (KHTML, like Gecko) Chrome/143.0.0.0 Safari/537.36 Edg/143.0.0.0"
127.0.0.1 - - [15/Dec/2025:10:32:00 +0800] "GET /robot/alarm-history-in.php HTTP/1.1" 200 - "-" "python-requests/2.28.1"
111.70.30.250 - - [15/Dec/2025:10:32:58 +0800] "POST /robot/lora-in.php HTTP/1.1" 200 - "-" "python-requests/2.21.0"
172.16.36.181 - - [15/Dec/2025:10:32:58 +0800] "GET /manager-page/api/snapshot.php?id=32&t=0.651169984920581 HTTP/1.1" 200 54296 "http://192.168.60.79/manager-page/home-3.php" "Mozilla/5.0 (Windows NT 10.0; Win64; x64) AppleWebKit/537.36 (KHTML, like Gecko) Chrome/143.0.0.0 Safari/537.36 Edg/143.0.0.0"
172.16.36.181 - - [15/Dec/2025:10:32:58 +0800] "GET /manager-page/api/snapshot.php?id=31&t=0.3128635755929897 HTTP/1.1" 200 50797 "http://192.168.60.79/manager-page/home-3.php" "Mozilla/5.0 (Windows NT 10.0; Win64; x64) AppleWebKit/537.36 (KHTML, like Gecko) Chrome/143.0.0.0 Safari/537.36 Edg/143.0.0.0"
127.0.0.1 - - [15/Dec/2025:10:33:00 +0800] "GET /robot/alarm-history-in.php HTTP/1.1" 200 - "-" "python-requests/2.28.1"
111.70.30.253 - - [15/Dec/2025:10:33:56 +0800] "POST /robot/lora-in.php HTTP/1.1" 200 - "-" "python-requests/2.21.0"
172.16.36.181 - - [15/Dec/2025:10:33:58 +0800] "GET /manager-page/api/snapshot.php?id=31&t=0.23803052785509027 HTTP/1.1" 200 52075 "http://192.168.60.79/manager-page/home-3.php" "Mozilla/5.0 (Windows NT 10.0; Win64; x64) AppleWebKit/537.36 (KHTML, like Gecko) Chrome/143.0.0.0 Safari/537.36 Edg/143.0.0.0"
172.16.36.181 - - [15/Dec/2025:10:33:58 +0800] "GET /manager-page/api/snapshot.php?id=32&t=0.9136938395587973 HTTP/1.1" 200 54748 "http://192.168.60.79/manager-page/home-3.php" "Mozilla/5.0 (Windows NT 10.0; Win64; x64) AppleWebKit/537.36 (KHTML, like Gecko) Chrome/143.0.0.0 Safari/537.36 Edg/143.0.0.0"
127.0.0.1 - - [15/Dec/2025:10:34:00 +0800] "GET /robot/alarm-history-in.php HTTP/1.1" 200 - "-" "python-requests/2.28.1"
172.16.36.181 - - [15/Dec/2025:10:34:58 +0800] "GET /manager-page/api/snapshot.php?id=32&t=0.15584976604005774 HTTP/1.1" 200 55018 "http://192.168.60.79/manager-page/home-3.php" "Mozilla/5.0 (Windows NT 10.0; Win64; x64) AppleWebKit/537.36 (KHTML, like Gecko) Chrome/143.0.0.0 Safari/537.36 Edg/143.0.0.0"
172.16.36.181 - - [15/Dec/2025:10:34:58 +0800] "GET /manager-page/api/snapshot.php?id=31&t=0.33642333890016674 HTTP/1.1" 200 52361 "http://192.168.60.79/manager-page/home-3.php" "Mozilla/5.0 (Windows NT 10.0; Win64; x64) AppleWebKit/537.36 (KHTML, like Gecko) Chrome/143.0.0.0 Safari/537.36 Edg/143.0.0.0"
127.0.0.1 - - [15/Dec/2025:10:35:00 +0800] "GET /robot/alarm-history-in.php HTTP/1.1" 200 - "-" "python-requests/2.28.1"
172.16.36.181 - - [15/Dec/2025:10:35:58 +0800] "GET /manager-page/api/snapshot.php?id=31&t=0.8951837517395937 HTTP/1.1" 200 52257 "http://192.168.60.79/manager-page/home-3.php" "Mozilla/5.0 (Windows NT 10.0; Win64; x64) AppleWebKit/537.36 (KHTML, like Gecko) Chrome/143.0.0.0 Safari/537.36 Edg/143.0.0.0"
172.16.36.181 - - [15/Dec/2025:10:35:58 +0800] "GET /manager-page/api/snapshot.php?id=32&t=0.8372171021123579 HTTP/1.1" 200 55208 "http://192.168.60.79/manager-page/home-3.php" "Mozilla/5.0 (Windows NT 10.0; Win64; x64) AppleWebKit/537.36 (KHTML, like Gecko) Chrome/143.0.0.0 Safari/537.36 Edg/143.0.0.0"
127.0.0.1 - - [15/Dec/2025:10:36:00 +0800] "GET /robot/alarm-history-in.php HTTP/1.1" 200 - "-" "python-requests/2.28.1"
172.16.36.181 - - [15/Dec/2025:10:36:58 +0800] "GET /manager-page/api/snapshot.php?id=31&t=0.7746285149897529 HTTP/1.1" 200 52470 "http://192.168.60.79/manager-page/home-3.php" "Mozilla/5.0 (Windows NT 10.0; Win64; x64) AppleWebKit/537.36 (KHTML, like Gecko) Chrome/143.0.0.0 Safari/537.36 Edg/143.0.0.0"
172.16.36.181 - - [15/Dec/2025:10:36:58 +0800] "GET /manager-page/api/snapshot.php?id=32&t=0.700948195263768 HTTP/1.1" 200 55489 "http://192.168.60.79/manager-page/home-3.php" "Mozilla/5.0 (Windows NT 10.0; Win64; x64) AppleWebKit/537.36 (KHTML, like Gecko) Chrome/143.0.0.0 Safari/537.36 Edg/143.0.0.0"
127.0.0.1 - - [15/Dec/2025:10:37:00 +0800] "GET /robot/alarm-history-in.php HTTP/1.1" 200 - "-" "python-requests/2.28.1"
127.0.0.1 - - [15/Dec/2025:10:37:24 +0800] "POST /robot/et-7026-in.php HTTP/1.1" 200 - "-" "python-requests/2.32.2"
127.0.0.1 - - [15/Dec/2025:10:37:25 +0800] "POST /robot/et-7026-in.php HTTP/1.1" 200 - "-" "python-requests/2.32.2"
127.0.0.1 - - [15/Dec/2025:10:37:27 +0800] "POST /robot/et-7026-in.php HTTP/1.1" 200 - "-" "python-requests/2.32.2"
127.0.0.1 - - [15/Dec/2025:10:37:31 +0800] "GET /get-setting.json HTTP/1.1" 200 2314 "-" "python-requests/2.31.0"
127.0.0.1 - - [15/Dec/2025:10:37:31 +0800] "POST /robot/lora-in.php HTTP/1.1" 200 - "-" "python-requests/2.31.0"
127.0.0.1 - - [15/Dec/2025:10:37:37 +0800] "POST /robot/lora-in.php HTTP/1.1" 200 - "-" "python-requests/2.31.0"
127.0.0.1 - - [15/Dec/2025:10:37:41 +0800] "POST /robot/lora-in.php HTTP/1.1" 200 - "-" "python-requests/2.31.0"
127.0.0.1 - - [15/Dec/2025:10:37:45 +0800] "POST /robot/lora-in.php HTTP/1.1" 200 - "-" "python-requests/2.31.0"
127.0.0.1 - - [15/Dec/2025:10:37:48 +0800] "POST /robot/lora-in.php HTTP/1.1" 200 - "-" "python-requests/2.31.0"
127.0.0.1 - - [15/Dec/2025:10:37:55 +0800] "POST /robot/lora-in.php HTTP/1.1" 200 - "-" "python-requests/2.31.0"
172.16.36.181 - - [15/Dec/2025:10:37:58 +0800] "GET /manager-page/api/snapshot.php?id=31&t=0.09907965938720598 HTTP/1.1" 200 52726 "http://192.168.60.79/manager-page/home-3.php" "Mozilla/5.0 (Windows NT 10.0; Win64; x64) AppleWebKit/537.36 (KHTML, like Gecko) Chrome/143.0.0.0 Safari/537.36 Edg/143.0.0.0"
172.16.36.181 - - [15/Dec/2025:10:37:58 +0800] "GET /manager-page/api/snapshot.php?id=32&t=0.5763496428988687 HTTP/1.1" 200 55519 "http://192.168.60.79/manager-page/home-3.php" "Mozilla/5.0 (Windows NT 10.0; Win64; x64) AppleWebKit/537.36 (KHTML, like Gecko) Chrome/143.0.0.0 Safari/537.36 Edg/143.0.0.0"
127.0.0.1 - - [15/Dec/2025:10:37:59 +0800] "POST /robot/lora-in.php HTTP/1.1" 200 - "-" "python-requests/2.31.0"
127.0.0.1 - - [15/Dec/2025:10:38:00 +0800] "GET /robot/alarm-history-in.php HTTP/1.1" 200 - "-" "python-requests/2.28.1"
127.0.0.1 - - [15/Dec/2025:10:38:09 +0800] "POST /robot/lora-in.php HTTP/1.1" 200 - "-" "python-requests/2.31.0"
111.70.30.251 - - [15/Dec/2025:10:38:20 +0800] "POST /robot/lora-in.php HTTP/1.1" 200 - "-" "python-requests/2.21.0"
127.0.0.1 - - [15/Dec/2025:10:38:21 +0800] "POST /robot/et-7026-in.php HTTP/1.1" 200 - "-" "python-requests/2.32.2"
172.16.36.181 - - [15/Dec/2025:10:38:58 +0800] "GET /manager-page/api/snapshot.php?id=31&t=0.5212651564052775 HTTP/1.1" 200 52890 "http://192.168.60.79/manager-page/home-3.php" "Mozilla/5.0 (Windows NT 10.0; Win64; x64) AppleWebKit/537.36 (KHTML, like Gecko) Chrome/143.0.0.0 Safari/537.36 Edg/143.0.0.0"
172.16.36.181 - - [15/Dec/2025:10:38:58 +0800] "GET /manager-page/api/snapshot.php?id=32&t=0.15352740218734562 HTTP/1.1" 200 55572 "http://192.168.60.79/manager-page/home-3.php" "Mozilla/5.0 (Windows NT 10.0; Win64; x64) AppleWebKit/537.36 (KHTML, like Gecko) Chrome/143.0.0.0 Safari/537.36 Edg/143.0.0.0"
127.0.0.1 - - [15/Dec/2025:10:39:00 +0800] "GET /robot/alarm-history-in.php HTTP/1.1" 200 - "-" "python-requests/2.28.1"
111.70.30.252 - - [15/Dec/2025:10:39:24 +0800] "POST /robot/lora-in.php HTTP/1.1" 200 - "-" "python-requests/2.21.0"
172.16.36.181 - - [15/Dec/2025:10:39:58 +0800] "GET /manager-page/api/snapshot.php?id=31&t=0.1155870853317259 HTTP/1.1" 200 52812 "http://192.168.60.79/manager-page/home-3.php" "Mozilla/5.0 (Windows NT 10.0; Win64; x64) AppleWebKit/537.36 (KHTML, like Gecko) Chrome/143.0.0.0 Safari/537.36 Edg/143.0.0.0"
172.16.36.181 - - [15/Dec/2025:10:39:58 +0800] "GET /manager-page/api/snapshot.php?id=32&t=0.7160957518656191 HTTP/1.1" 200 55628 "http://192.168.60.79/manager-page/home-3.php" "Mozilla/5.0 (Windows NT 10.0; Win64; x64) AppleWebKit/537.36 (KHTML, like Gecko) Chrome/143.0.0.0 Safari/537.36 Edg/143.0.0.0"
127.0.0.1 - - [15/Dec/2025:10:40:00 +0800] "GET /robot/alarm-history-in.php HTTP/1.1" 200 - "-" "python-requests/2.28.1"
172.16.36.181 - - [15/Dec/2025:10:40:58 +0800] "GET /manager-page/api/snapshot.php?id=32&t=0.5685749141316709 HTTP/1.1" 200 55435 "http://192.168.60.79/manager-page/home-3.php" "Mozilla/5.0 (Windows NT 10.0; Win64; x64) AppleWebKit/537.36 (KHTML, like Gecko) Chrome/143.0.0.0 Safari/537.36 Edg/143.0.0.0"
172.16.36.181 - - [15/Dec/2025:10:40:58 +0800] "GET /manager-page/api/snapshot.php?id=31&t=0.20359308964526746 HTTP/1.1" 200 52685 "http://192.168.60.79/manager-page/home-3.php" "Mozilla/5.0 (Windows NT 10.0; Win64; x64) AppleWebKit/537.36 (KHTML, like Gecko) Chrome/143.0.0.0 Safari/537.36 Edg/143.0.0.0"
127.0.0.1 - - [15/Dec/2025:10:41:00 +0800] "GET /robot/alarm-history-in.php HTTP/1.1" 200 - "-" "python-requests/2.28.1"
172.16.36.181 - - [15/Dec/2025:10:41:58 +0800] "GET /manager-page/api/snapshot.php?id=32&t=0.5553227788137118 HTTP/1.1" 200 55257 "http://192.168.60.79/manager-page/home-3.php" "Mozilla/5.0 (Windows NT 10.0; Win64; x64) AppleWebKit/537.36 (KHTML, like Gecko) Chrome/143.0.0.0 Safari/537.36 Edg/143.0.0.0"
172.16.36.181 - - [15/Dec/2025:10:41:58 +0800] "GET /manager-page/api/snapshot.php?id=31&t=0.021401361057206025 HTTP/1.1" 200 52768 "http://192.168.60.79/manager-page/home-3.php" "Mozilla/5.0 (Windows NT 10.0; Win64; x64) AppleWebKit/537.36 (KHTML, like Gecko) Chrome/143.0.0.0 Safari/537.36 Edg/143.0.0.0"
127.0.0.1 - - [15/Dec/2025:10:42:00 +0800] "GET /robot/alarm-history-in.php HTTP/1.1" 200 - "-" "python-requests/2.28.1"
111.70.30.253 - - [15/Dec/2025:10:42:43 +0800] "POST /robot/lora-in.php HTTP/1.1" 200 - "-" "python-requests/2.21.0"
172.16.36.181 - - [15/Dec/2025:10:42:58 +0800] "GET /manager-page/api/snapshot.php?id=31&t=0.8230202616580037 HTTP/1.1" 200 52659 "http://192.168.60.79/manager-page/home-3.php" "Mozilla/5.0 (Windows NT 10.0; Win64; x64) AppleWebKit/537.36 (KHTML, like Gecko) Chrome/143.0.0.0 Safari/537.36 Edg/143.0.0.0"
172.16.36.181 - - [15/Dec/2025:10:42:58 +0800] "GET /manager-page/api/snapshot.php?id=32&t=0.05677334315312765 HTTP/1.1" 200 55179 "http://192.168.60.79/manager-page/home-3.php" "Mozilla/5.0 (Windows NT 10.0; Win64; x64) AppleWebKit/537.36 (KHTML, like Gecko) Chrome/143.0.0.0 Safari/537.36 Edg/143.0.0.0"
127.0.0.1 - - [15/Dec/2025:10:43:00 +0800] "GET /robot/alarm-history-in.php HTTP/1.1" 200 - "-" "python-requests/2.28.1"
172.16.36.181 - - [15/Dec/2025:10:43:58 +0800] "GET /manager-page/api/snapshot.php?id=31&t=0.9216219446802995 HTTP/1.1" 200 52765 "http://192.168.60.79/manager-page/home-3.php" "Mozilla/5.0 (Windows NT 10.0; Win64; x64) AppleWebKit/537.36 (KHTML, like Gecko) Chrome/143.0.0.0 Safari/537.36 Edg/143.0.0.0"
172.16.36.181 - - [15/Dec/2025:10:43:58 +0800] "GET /manager-page/api/snapshot.php?id=32&t=0.15785787117594796 HTTP/1.1" 200 55324 "http://192.168.60.79/manager-page/home-3.php" "Mozilla/5.0 (Windows NT 10.0; Win64; x64) AppleWebKit/537.36 (KHTML, like Gecko) Chrome/143.0.0.0 Safari/537.36 Edg/143.0.0.0"
127.0.0.1 - - [15/Dec/2025:10:44:00 +0800] "GET /robot/alarm-history-in.php HTTP/1.1" 200 - "-" "python-requests/2.28.1"
172.16.36.181 - - [15/Dec/2025:10:44:58 +0800] "GET /manager-page/api/snapshot.php?id=32&t=0.2903009697830835 HTTP/1.1" 200 54943 "http://192.168.60.79/manager-page/home-3.php" "Mozilla/5.0 (Windows NT 10.0; Win64; x64) AppleWebKit/537.36 (KHTML, like Gecko) Chrome/143.0.0.0 Safari/537.36 Edg/143.0.0.0"
172.16.36.181 - - [15/Dec/2025:10:44:58 +0800] "GET /manager-page/api/snapshot.php?id=31&t=0.4204678126362994 HTTP/1.1" 200 51738 "http://192.168.60.79/manager-page/home-3.php" "Mozilla/5.0 (Windows NT 10.0; Win64; x64) AppleWebKit/537.36 (KHTML, like Gecko) Chrome/143.0.0.0 Safari/537.36 Edg/143.0.0.0"
127.0.0.1 - - [15/Dec/2025:10:45:00 +0800] "GET /robot/alarm-history-in.php HTTP/1.1" 200 - "-" "python-requests/2.28.1"
172.16.36.181 - - [15/Dec/2025:10:45:04 +0800] "GET /manager-page/api/snapshot.php?id=32&t=0.640203302207859 HTTP/1.1" 200 54917 "http://192.168.60.79/manager-page/home-3.php" "Mozilla/5.0 (Windows NT 10.0; Win64; x64) AppleWebKit/537.36 (KHTML, like Gecko) Chrome/143.0.0.0 Safari/537.36 Edg/143.0.0.0"
172.16.36.181 - - [15/Dec/2025:10:45:04 +0800] "GET /manager-page/api/snapshot.php?id=31&t=0.3880378318218559 HTTP/1.1" 200 51840 "http://192.168.60.79/manager-page/home-3.php" "Mozilla/5.0 (Windows NT 10.0; Win64; x64) AppleWebKit/537.36 (KHTML, like Gecko) Chrome/143.0.0.0 Safari/537.36 Edg/143.0.0.0"
172.16.36.181 - - [15/Dec/2025:10:45:06 +0800] "GET /manager-page/api/snapshot.php?id=32&t=0.38562846959992325 HTTP/1.1" 200 54908 "http://192.168.60.79/manager-page/home-3.php" "Mozilla/5.0 (Windows NT 10.0; Win64; x64) AppleWebKit/537.36 (KHTML, like Gecko) Chrome/143.0.0.0 Safari/537.36 Edg/143.0.0.0"
172.16.36.181 - - [15/Dec/2025:10:45:06 +0800] "GET /manager-page/api/snapshot.php?id=31&t=0.8201848348943326 HTTP/1.1" 200 51810 "http://192.168.60.79/manager-page/home-3.php" "Mozilla/5.0 (Windows NT 10.0; Win64; x64) AppleWebKit/537.36 (KHTML, like Gecko) Chrome/143.0.0.0 Safari/537.36 Edg/143.0.0.0"
172.16.36.181 - - [15/Dec/2025:10:45:12 +0800] "GET /manager-page/api/snapshot.php?id=32&t=0.22642464623235703 HTTP/1.1" 200 54829 "http://192.168.60.79/manager-page/home-3.php" "Mozilla/5.0 (Windows NT 10.0; Win64; x64) AppleWebKit/537.36 (KHTML, like Gecko) Chrome/143.0.0.0 Safari/537.36 Edg/143.0.0.0"
172.16.36.181 - - [15/Dec/2025:10:45:12 +0800] "GET /manager-page/api/snapshot.php?id=31&t=0.7579335501806764 HTTP/1.1" 200 51771 "http://192.168.60.79/manager-page/home-3.php" "Mozilla/5.0 (Windows NT 10.0; Win64; x64) AppleWebKit/537.36 (KHTML, like Gecko) Chrome/143.0.0.0 Safari/537.36 Edg/143.0.0.0"
172.16.36.181 - - [15/Dec/2025:10:45:16 +0800] "GET /manager-page/alarm/1-1.jpg?t=1710583922 HTTP/1.1" 200 322868 "http://192.168.60.79/manager-page/home-1.php" "Mozilla/5.0 (Windows NT 10.0; Win64; x64) AppleWebKit/537.36 (KHTML, like Gecko) Chrome/143.0.0.0 Safari/537.36 Edg/143.0.0.0"
172.16.36.181 - - [15/Dec/2025:10:45:16 +0800] "GET /manager-page/alarm/1-2.jpg?t=1754405536 HTTP/1.1" 200 495492 "http://192.168.60.79/manager-page/home-1.php" "Mozilla/5.0 (Windows NT 10.0; Win64; x64) AppleWebKit/537.36 (KHTML, like Gecko) Chrome/143.0.0.0 Safari/537.36 Edg/143.0.0.0"
172.16.36.181 - - [15/Dec/2025:10:45:16 +0800] "GET /manager-page/home-1.php HTTP/1.1" 200 27474 "http://192.168.60.79/manager-page/home-3.php" "Mozilla/5.0 (Windows NT 10.0; Win64; x64) AppleWebKit/537.36 (KHTML, like Gecko) Chrome/143.0.0.0 Safari/537.36 Edg/143.0.0.0"
172.16.36.181 - - [15/Dec/2025:10:45:16 +0800] "GET /manager-page/api/snapshot.php?id=11 HTTP/1.1" 200 32449 "http://192.168.60.79/manager-page/home-1.php" "Mozilla/5.0 (Windows NT 10.0; Win64; x64) AppleWebKit/537.36 (KHTML, like Gecko) Chrome/143.0.0.0 Safari/537.36 Edg/143.0.0.0"
172.16.36.181 - - [15/Dec/2025:10:45:16 +0800] "GET /manager-page/api/snapshot.php?id=12 HTTP/1.1" 200 37011 "http://192.168.60.79/manager-page/home-1.php" "Mozilla/5.0 (Windows NT 10.0; Win64; x64) AppleWebKit/537.36 (KHTML, like Gecko) Chrome/143.0.0.0 Safari/537.36 Edg/143.0.0.0"
172.16.36.181 - - [15/Dec/2025:10:45:18 +0800] "GET /manager-page/api/cms-status1.php HTTP/1.1" 200 12 "http://192.168.60.79/manager-page/home-1.php" "Mozilla/5.0 (Windows NT 10.0; Win64; x64) AppleWebKit/537.36 (KHTML, like Gecko) Chrome/143.0.0.0 Safari/537.36 Edg/143.0.0.0"
172.16.36.181 - - [15/Dec/2025:10:45:18 +0800] "GET /manager-page/api/lp-status1.php HTTP/1.1" 200 1 "http://192.168.60.79/manager-page/home-1.php" "Mozilla/5.0 (Windows NT 10.0; Win64; x64) AppleWebKit/537.36 (KHTML, like Gecko) Chrome/143.0.0.0 Safari/537.36 Edg/143.0.0.0"
172.16.36.181 - - [15/Dec/2025:10:45:23 +0800] "GET /manager-page/api/snapshot.php?id=11&t=0.3877623711854671 HTTP/1.1" 200 32444 "http://192.168.60.79/manager-page/home-1.php" "Mozilla/5.0 (Windows NT 10.0; Win64; x64) AppleWebKit/537.36 (KHTML, like Gecko) Chrome/143.0.0.0 Safari/537.36 Edg/143.0.0.0"
172.16.36.181 - - [15/Dec/2025:10:45:23 +0800] "GET /manager-page/api/snapshot.php?id=12&t=0.6530244807335518 HTTP/1.1" 200 36988 "http://192.168.60.79/manager-page/home-1.php" "Mozilla/5.0 (Windows NT 10.0; Win64; x64) AppleWebKit/537.36 (KHTML, like Gecko) Chrome/143.0.0.0 Safari/537.36 Edg/143.0.0.0"
172.16.36.181 - - [15/Dec/2025:10:45:28 +0800] "GET /manager-page/api/snapshot.php?id=12&t=0.9164721870925616 HTTP/1.1" 200 37024 "http://192.168.60.79/manager-page/home-1.php" "Mozilla/5.0 (Windows NT 10.0; Win64; x64) AppleWebKit/537.36 (KHTML, like Gecko) Chrome/143.0.0.0 Safari/537.36 Edg/143.0.0.0"
