111.70.30.252 - - [13/Jun/2025:08:00:05 +0800] "POST /robot/lora-in.php HTTP/1.1" 200 - "-" "python-requests/2.21.0"
111.70.30.251 - - [13/Jun/2025:08:00:55 +0800] "POST /robot/lora-in.php HTTP/1.1" 200 - "-" "python-requests/2.21.0"
111.70.30.253 - - [13/Jun/2025:08:01:51 +0800] "POST /robot/lora-in.php HTTP/1.1" 200 - "-" "python-requests/2.21.0"
111.70.30.250 - - [13/Jun/2025:08:08:30 +0800] "POST /robot/lora-in.php HTTP/1.1" 200 - "-" "python-requests/2.21.0"
111.70.30.252 - - [13/Jun/2025:08:09:15 +0800] "POST /robot/lora-in.php HTTP/1.1" 200 - "-" "python-requests/2.21.0"
111.70.30.251 - - [13/Jun/2025:08:09:30 +0800] "POST /robot/lora-in.php HTTP/1.1" 200 - "-" "python-requests/2.21.0"
111.70.30.253 - - [13/Jun/2025:08:10:36 +0800] "POST /robot/lora-in.php HTTP/1.1" 200 - "-" "python-requests/2.21.0"
172.16.36.181 - - [13/Jun/2025:08:14:31 +0800] "GET /manager-page/home-3.php HTTP/1.1" 302 - "-" "Mozilla/5.0 (Windows NT 10.0; Win64; x64) AppleWebKit/537.36 (KHTML, like Gecko) Chrome/137.0.0.0 Safari/537.36 Edg/137.0.0.0"
172.16.36.181 - - [13/Jun/2025:08:14:31 +0800] "GET /manager-page/login.php HTTP/1.1" 200 2365 "-" "Mozilla/5.0 (Windows NT 10.0; Win64; x64) AppleWebKit/537.36 (KHTML, like Gecko) Chrome/137.0.0.0 Safari/537.36 Edg/137.0.0.0"
172.16.36.181 - - [13/Jun/2025:08:14:31 +0800] "GET /favicon.ico HTTP/1.1" 404 196 "http://192.168.60.79/manager-page/login.php" "Mozilla/5.0 (Windows NT 10.0; Win64; x64) AppleWebKit/537.36 (KHTML, like Gecko) Chrome/137.0.0.0 Safari/537.36 Edg/137.0.0.0"
172.16.36.181 - - [13/Jun/2025:08:14:49 +0800] "POST /manager-page/login.php HTTP/1.1" 302 - "http://192.168.60.79/manager-page/login.php" "Mozilla/5.0 (Windows NT 10.0; Win64; x64) AppleWebKit/537.36 (KHTML, like Gecko) Chrome/137.0.0.0 Safari/537.36 Edg/137.0.0.0"
172.16.36.181 - - [13/Jun/2025:08:14:49 +0800] "GET /manager-page/home.php HTTP/1.1" 302 - "http://192.168.60.79/manager-page/login.php" "Mozilla/5.0 (Windows NT 10.0; Win64; x64) AppleWebKit/537.36 (KHTML, like Gecko) Chrome/137.0.0.0 Safari/537.36 Edg/137.0.0.0"
172.16.36.181 - - [13/Jun/2025:08:14:49 +0800] "GET /manager-page/alarm/1-1.jpg?t=140612378 HTTP/1.1" 200 322868 "http://192.168.60.79/manager-page/home-1.php" "Mozilla/5.0 (Windows NT 10.0; Win64; x64) AppleWebKit/537.36 (KHTML, like Gecko) Chrome/137.0.0.0 Safari/537.36 Edg/137.0.0.0"
172.16.36.181 - - [13/Jun/2025:08:14:49 +0800] "GET /manager-page/alarm/1-2.jpg?t=2064567292 HTTP/1.1" 200 495492 "http://192.168.60.79/manager-page/home-1.php" "Mozilla/5.0 (Windows NT 10.0; Win64; x64) AppleWebKit/537.36 (KHTML, like Gecko) Chrome/137.0.0.0 Safari/537.36 Edg/137.0.0.0"
172.16.36.181 - - [13/Jun/2025:08:14:49 +0800] "GET /manager-page/home-1.php HTTP/1.1" 200 27464 "http://192.168.60.79/manager-page/login.php" "Mozilla/5.0 (Windows NT 10.0; Win64; x64) AppleWebKit/537.36 (KHTML, like Gecko) Chrome/137.0.0.0 Safari/537.36 Edg/137.0.0.0"
172.16.36.181 - - [13/Jun/2025:08:14:49 +0800] "GET /manager-page/api/snapshot.php?id=11 HTTP/1.1" 200 43799 "http://192.168.60.79/manager-page/home-1.php" "Mozilla/5.0 (Windows NT 10.0; Win64; x64) AppleWebKit/537.36 (KHTML, like Gecko) Chrome/137.0.0.0 Safari/537.36 Edg/137.0.0.0"
172.16.36.181 - - [13/Jun/2025:08:14:49 +0800] "GET /manager-page/api/snapshot.php?id=12 HTTP/1.1" 200 46188 "http://192.168.60.79/manager-page/home-1.php" "Mozilla/5.0 (Windows NT 10.0; Win64; x64) AppleWebKit/537.36 (KHTML, like Gecko) Chrome/137.0.0.0 Safari/537.36 Edg/137.0.0.0"
172.16.36.181 - - [13/Jun/2025:08:14:51 +0800] "GET /manager-page/api/lp-status1.php HTTP/1.1" 200 1 "http://192.168.60.79/manager-page/home-1.php" "Mozilla/5.0 (Windows NT 10.0; Win64; x64) AppleWebKit/537.36 (KHTML, like Gecko) Chrome/137.0.0.0 Safari/537.36 Edg/137.0.0.0"
172.16.36.181 - - [13/Jun/2025:08:14:51 +0800] "GET /manager-page/api/cms-status1.php HTTP/1.1" 200 12 "http://192.168.60.79/manager-page/home-1.php" "Mozilla/5.0 (Windows NT 10.0; Win64; x64) AppleWebKit/537.36 (KHTML, like Gecko) Chrome/137.0.0.0 Safari/537.36 Edg/137.0.0.0"
172.16.36.181 - - [13/Jun/2025:08:14:52 +0800] "GET /manager-page/alarm/1-2.jpg?t=232857248 HTTP/1.1" 200 495492 "http://192.168.60.79/manager-page/home-1.php" "Mozilla/5.0 (Windows NT 10.0; Win64; x64) AppleWebKit/537.36 (KHTML, like Gecko) Chrome/137.0.0.0 Safari/537.36 Edg/137.0.0.0"
172.16.36.181 - - [13/Jun/2025:08:14:52 +0800] "GET /manager-page/alarm/1-1.jpg?t=754224442 HTTP/1.1" 200 322868 "http://192.168.60.79/manager-page/home-1.php" "Mozilla/5.0 (Windows NT 10.0; Win64; x64) AppleWebKit/537.36 (KHTML, like Gecko) Chrome/137.0.0.0 Safari/537.36 Edg/137.0.0.0"
172.16.36.181 - - [13/Jun/2025:08:14:52 +0800] "GET /manager-page/home-1.php HTTP/1.1" 200 27462 "http://192.168.60.79/manager-page/home-1.php" "Mozilla/5.0 (Windows NT 10.0; Win64; x64) AppleWebKit/537.36 (KHTML, like Gecko) Chrome/137.0.0.0 Safari/537.36 Edg/137.0.0.0"
172.16.36.181 - - [13/Jun/2025:08:14:52 +0800] "GET /manager-page/api/snapshot.php?id=12 HTTP/1.1" 200 46204 "http://192.168.60.79/manager-page/home-1.php" "Mozilla/5.0 (Windows NT 10.0; Win64; x64) AppleWebKit/537.36 (KHTML, like Gecko) Chrome/137.0.0.0 Safari/537.36 Edg/137.0.0.0"
172.16.36.181 - - [13/Jun/2025:08:14:52 +0800] "GET /manager-page/api/snapshot.php?id=11 HTTP/1.1" 200 43821 "http://192.168.60.79/manager-page/home-1.php" "Mozilla/5.0 (Windows NT 10.0; Win64; x64) AppleWebKit/537.36 (KHTML, like Gecko) Chrome/137.0.0.0 Safari/537.36 Edg/137.0.0.0"
172.16.36.181 - - [13/Jun/2025:08:14:54 +0800] "GET /manager-page/api/lp-status1.php HTTP/1.1" 200 1 "http://192.168.60.79/manager-page/home-1.php" "Mozilla/5.0 (Windows NT 10.0; Win64; x64) AppleWebKit/537.36 (KHTML, like Gecko) Chrome/137.0.0.0 Safari/537.36 Edg/137.0.0.0"
172.16.36.181 - - [13/Jun/2025:08:14:54 +0800] "GET /manager-page/api/cms-status1.php HTTP/1.1" 200 12 "http://192.168.60.79/manager-page/home-1.php" "Mozilla/5.0 (Windows NT 10.0; Win64; x64) AppleWebKit/537.36 (KHTML, like Gecko) Chrome/137.0.0.0 Safari/537.36 Edg/137.0.0.0"
172.16.36.181 - - [13/Jun/2025:08:15:00 +0800] "GET /manager-page/api/snapshot.php?id=12&t=0.9651440866196966 HTTP/1.1" 200 46154 "http://192.168.60.79/manager-page/home-1.php" "Mozilla/5.0 (Windows NT 10.0; Win64; x64) AppleWebKit/537.36 (KHTML, like Gecko) Chrome/137.0.0.0 Safari/537.36 Edg/137.0.0.0"
172.16.36.181 - - [13/Jun/2025:08:15:00 +0800] "GET /manager-page/api/snapshot.php?id=11&t=0.22300858943323199 HTTP/1.1" 200 43870 "http://192.168.60.79/manager-page/home-1.php" "Mozilla/5.0 (Windows NT 10.0; Win64; x64) AppleWebKit/537.36 (KHTML, like Gecko) Chrome/137.0.0.0 Safari/537.36 Edg/137.0.0.0"
172.16.36.181 - - [13/Jun/2025:08:15:05 +0800] "GET /manager-page/api/snapshot.php?id=11&t=0.9093233527632163 HTTP/1.1" 200 43793 "http://192.168.60.79/manager-page/home-1.php" "Mozilla/5.0 (Windows NT 10.0; Win64; x64) AppleWebKit/537.36 (KHTML, like Gecko) Chrome/137.0.0.0 Safari/537.36 Edg/137.0.0.0"
172.16.36.181 - - [13/Jun/2025:08:15:05 +0800] "GET /manager-page/api/snapshot.php?id=12&t=0.33418718461963515 HTTP/1.1" 200 46078 "http://192.168.60.79/manager-page/home-1.php" "Mozilla/5.0 (Windows NT 10.0; Win64; x64) AppleWebKit/537.36 (KHTML, like Gecko) Chrome/137.0.0.0 Safari/537.36 Edg/137.0.0.0"
172.16.36.181 - - [13/Jun/2025:08:15:10 +0800] "GET /manager-page/api/snapshot.php?id=12&t=0.33131139836895795 HTTP/1.1" 200 45951 "http://192.168.60.79/manager-page/home-1.php" "Mozilla/5.0 (Windows NT 10.0; Win64; x64) AppleWebKit/537.36 (KHTML, like Gecko) Chrome/137.0.0.0 Safari/537.36 Edg/137.0.0.0"
172.16.36.181 - - [13/Jun/2025:08:15:10 +0800] "GET /manager-page/api/snapshot.php?id=11&t=0.45009193499077993 HTTP/1.1" 200 44325 "http://192.168.60.79/manager-page/home-1.php" "Mozilla/5.0 (Windows NT 10.0; Win64; x64) AppleWebKit/537.36 (KHTML, like Gecko) Chrome/137.0.0.0 Safari/537.36 Edg/137.0.0.0"
172.16.36.181 - - [13/Jun/2025:08:15:15 +0800] "GET /manager-page/api/snapshot.php?id=12&t=0.17995615889226113 HTTP/1.1" 200 45873 "http://192.168.60.79/manager-page/home-1.php" "Mozilla/5.0 (Windows NT 10.0; Win64; x64) AppleWebKit/537.36 (KHTML, like Gecko) Chrome/137.0.0.0 Safari/537.36 Edg/137.0.0.0"
172.16.36.181 - - [13/Jun/2025:08:15:15 +0800] "GET /manager-page/api/snapshot.php?id=11&t=0.8372031383824596 HTTP/1.1" 200 43789 "http://192.168.60.79/manager-page/home-1.php" "Mozilla/5.0 (Windows NT 10.0; Win64; x64) AppleWebKit/537.36 (KHTML, like Gecko) Chrome/137.0.0.0 Safari/537.36 Edg/137.0.0.0"
172.16.36.181 - - [13/Jun/2025:08:15:20 +0800] "GET /manager-page/api/snapshot.php?id=11&t=0.15038596011555094 HTTP/1.1" 200 43713 "http://192.168.60.79/manager-page/home-1.php" "Mozilla/5.0 (Windows NT 10.0; Win64; x64) AppleWebKit/537.36 (KHTML, like Gecko) Chrome/137.0.0.0 Safari/537.36 Edg/137.0.0.0"
172.16.36.181 - - [13/Jun/2025:08:15:20 +0800] "GET /manager-page/api/snapshot.php?id=12&t=0.029425628436675066 HTTP/1.1" 200 45654 "http://192.168.60.79/manager-page/home-1.php" "Mozilla/5.0 (Windows NT 10.0; Win64; x64) AppleWebKit/537.36 (KHTML, like Gecko) Chrome/137.0.0.0 Safari/537.36 Edg/137.0.0.0"
172.16.36.181 - - [13/Jun/2025:08:15:25 +0800] "GET /manager-page/api/snapshot.php?id=11&t=0.30911927615967383 HTTP/1.1" 200 43527 "http://192.168.60.79/manager-page/home-1.php" "Mozilla/5.0 (Windows NT 10.0; Win64; x64) AppleWebKit/537.36 (KHTML, like Gecko) Chrome/137.0.0.0 Safari/537.36 Edg/137.0.0.0"
172.16.36.181 - - [13/Jun/2025:08:15:25 +0800] "GET /manager-page/api/snapshot.php?id=12&t=0.18965845934747316 HTTP/1.1" 200 45370 "http://192.168.60.79/manager-page/home-1.php" "Mozilla/5.0 (Windows NT 10.0; Win64; x64) AppleWebKit/537.36 (KHTML, like Gecko) Chrome/137.0.0.0 Safari/537.36 Edg/137.0.0.0"
172.16.36.181 - - [13/Jun/2025:08:15:30 +0800] "GET /manager-page/api/snapshot.php?id=12&t=0.9833437444983962 HTTP/1.1" 200 45208 "http://192.168.60.79/manager-page/home-1.php" "Mozilla/5.0 (Windows NT 10.0; Win64; x64) AppleWebKit/537.36 (KHTML, like Gecko) Chrome/137.0.0.0 Safari/537.36 Edg/137.0.0.0"
172.16.36.181 - - [13/Jun/2025:08:15:30 +0800] "GET /manager-page/api/snapshot.php?id=11&t=0.9711471233497588 HTTP/1.1" 200 43665 "http://192.168.60.79/manager-page/home-1.php" "Mozilla/5.0 (Windows NT 10.0; Win64; x64) AppleWebKit/537.36 (KHTML, like Gecko) Chrome/137.0.0.0 Safari/537.36 Edg/137.0.0.0"
172.16.36.181 - - [13/Jun/2025:08:15:35 +0800] "GET /manager-page/api/snapshot.php?id=12&t=0.5545092775747197 HTTP/1.1" 200 45157 "http://192.168.60.79/manager-page/home-1.php" "Mozilla/5.0 (Windows NT 10.0; Win64; x64) AppleWebKit/537.36 (KHTML, like Gecko) Chrome/137.0.0.0 Safari/537.36 Edg/137.0.0.0"
172.16.36.181 - - [13/Jun/2025:08:15:35 +0800] "GET /manager-page/api/snapshot.php?id=11&t=0.5001458540373118 HTTP/1.1" 200 43447 "http://192.168.60.79/manager-page/home-1.php" "Mozilla/5.0 (Windows NT 10.0; Win64; x64) AppleWebKit/537.36 (KHTML, like Gecko) Chrome/137.0.0.0 Safari/537.36 Edg/137.0.0.0"
172.16.36.181 - - [13/Jun/2025:08:15:40 +0800] "GET /manager-page/api/snapshot.php?id=12&t=0.749879543573532 HTTP/1.1" 200 45017 "http://192.168.60.79/manager-page/home-1.php" "Mozilla/5.0 (Windows NT 10.0; Win64; x64) AppleWebKit/537.36 (KHTML, like Gecko) Chrome/137.0.0.0 Safari/537.36 Edg/137.0.0.0"
172.16.36.181 - - [13/Jun/2025:08:15:40 +0800] "GET /manager-page/api/snapshot.php?id=11&t=0.7335116519729137 HTTP/1.1" 200 44322 "http://192.168.60.79/manager-page/home-1.php" "Mozilla/5.0 (Windows NT 10.0; Win64; x64) AppleWebKit/537.36 (KHTML, like Gecko) Chrome/137.0.0.0 Safari/537.36 Edg/137.0.0.0"
172.16.36.181 - - [13/Jun/2025:08:15:45 +0800] "GET /manager-page/api/snapshot.php?id=12&t=0.17877102454499294 HTTP/1.1" 200 44973 "http://192.168.60.79/manager-page/home-1.php" "Mozilla/5.0 (Windows NT 10.0; Win64; x64) AppleWebKit/537.36 (KHTML, like Gecko) Chrome/137.0.0.0 Safari/537.36 Edg/137.0.0.0"
172.16.36.181 - - [13/Jun/2025:08:15:45 +0800] "GET /manager-page/api/snapshot.php?id=11&t=0.6007334729490129 HTTP/1.1" 200 44122 "http://192.168.60.79/manager-page/home-1.php" "Mozilla/5.0 (Windows NT 10.0; Win64; x64) AppleWebKit/537.36 (KHTML, like Gecko) Chrome/137.0.0.0 Safari/537.36 Edg/137.0.0.0"
172.16.36.181 - - [13/Jun/2025:08:15:50 +0800] "GET /manager-page/api/snapshot.php?id=11&t=0.3197859403871697 HTTP/1.1" 200 43543 "http://192.168.60.79/manager-page/home-1.php" "Mozilla/5.0 (Windows NT 10.0; Win64; x64) AppleWebKit/537.36 (KHTML, like Gecko) Chrome/137.0.0.0 Safari/537.36 Edg/137.0.0.0"
172.16.36.181 - - [13/Jun/2025:08:15:50 +0800] "GET /manager-page/api/snapshot.php?id=12&t=0.35937132308289343 HTTP/1.1" 200 45909 "http://192.168.60.79/manager-page/home-1.php" "Mozilla/5.0 (Windows NT 10.0; Win64; x64) AppleWebKit/537.36 (KHTML, like Gecko) Chrome/137.0.0.0 Safari/537.36 Edg/137.0.0.0"
172.16.36.181 - - [13/Jun/2025:08:15:55 +0800] "GET /manager-page/api/snapshot.php?id=12&t=0.7430801706238087 HTTP/1.1" 200 44937 "http://192.168.60.79/manager-page/home-1.php" "Mozilla/5.0 (Windows NT 10.0; Win64; x64) AppleWebKit/537.36 (KHTML, like Gecko) Chrome/137.0.0.0 Safari/537.36 Edg/137.0.0.0"
172.16.36.181 - - [13/Jun/2025:08:15:55 +0800] "GET /manager-page/api/snapshot.php?id=11&t=0.6497258751020769 HTTP/1.1" 200 43511 "http://192.168.60.79/manager-page/home-1.php" "Mozilla/5.0 (Windows NT 10.0; Win64; x64) AppleWebKit/537.36 (KHTML, like Gecko) Chrome/137.0.0.0 Safari/537.36 Edg/137.0.0.0"
172.16.36.181 - - [13/Jun/2025:08:16:41 +0800] "GET /manager-page/api/snapshot.php?id=12&t=0.29131349667563633 HTTP/1.1" 200 46870 "http://192.168.60.79/manager-page/home-1.php" "Mozilla/5.0 (Windows NT 10.0; Win64; x64) AppleWebKit/537.36 (KHTML, like Gecko) Chrome/137.0.0.0 Safari/537.36 Edg/137.0.0.0"
172.16.36.181 - - [13/Jun/2025:08:16:41 +0800] "GET /manager-page/api/snapshot.php?id=11&t=0.30523709500794927 HTTP/1.1" 200 44791 "http://192.168.60.79/manager-page/home-1.php" "Mozilla/5.0 (Windows NT 10.0; Win64; x64) AppleWebKit/537.36 (KHTML, like Gecko) Chrome/137.0.0.0 Safari/537.36 Edg/137.0.0.0"
111.70.30.250 - - [13/Jun/2025:08:17:05 +0800] "POST /robot/lora-in.php HTTP/1.1" 200 - "-" "python-requests/2.21.0"
172.16.36.181 - - [13/Jun/2025:08:17:41 +0800] "GET /manager-page/api/snapshot.php?id=12&t=0.9327484622871957 HTTP/1.1" 200 46705 "http://192.168.60.79/manager-page/home-1.php" "Mozilla/5.0 (Windows NT 10.0; Win64; x64) AppleWebKit/537.36 (KHTML, like Gecko) Chrome/137.0.0.0 Safari/537.36 Edg/137.0.0.0"
172.16.36.181 - - [13/Jun/2025:08:17:41 +0800] "GET /manager-page/api/snapshot.php?id=11&t=0.5710149512625174 HTTP/1.1" 200 44603 "http://192.168.60.79/manager-page/home-1.php" "Mozilla/5.0 (Windows NT 10.0; Win64; x64) AppleWebKit/537.36 (KHTML, like Gecko) Chrome/137.0.0.0 Safari/537.36 Edg/137.0.0.0"
111.70.30.251 - - [13/Jun/2025:08:18:05 +0800] "POST /robot/lora-in.php HTTP/1.1" 200 - "-" "python-requests/2.21.0"
111.70.30.252 - - [13/Jun/2025:08:18:27 +0800] "POST /robot/lora-in.php HTTP/1.1" 200 - "-" "python-requests/2.21.0"
172.16.36.181 - - [13/Jun/2025:08:18:41 +0800] "GET /manager-page/api/snapshot.php?id=11&t=0.002655802426729803 HTTP/1.1" 200 44587 "http://192.168.60.79/manager-page/home-1.php" "Mozilla/5.0 (Windows NT 10.0; Win64; x64) AppleWebKit/537.36 (KHTML, like Gecko) Chrome/137.0.0.0 Safari/537.36 Edg/137.0.0.0"
172.16.36.181 - - [13/Jun/2025:08:18:41 +0800] "GET /manager-page/api/snapshot.php?id=12&t=0.7887126391578072 HTTP/1.1" 200 46978 "http://192.168.60.79/manager-page/home-1.php" "Mozilla/5.0 (Windows NT 10.0; Win64; x64) AppleWebKit/537.36 (KHTML, like Gecko) Chrome/137.0.0.0 Safari/537.36 Edg/137.0.0.0"
111.70.30.253 - - [13/Jun/2025:08:19:20 +0800] "POST /robot/lora-in.php HTTP/1.1" 200 - "-" "python-requests/2.21.0"
172.16.36.181 - - [13/Jun/2025:08:19:41 +0800] "GET /manager-page/api/snapshot.php?id=11&t=0.23201774905278505 HTTP/1.1" 200 44714 "http://192.168.60.79/manager-page/home-1.php" "Mozilla/5.0 (Windows NT 10.0; Win64; x64) AppleWebKit/537.36 (KHTML, like Gecko) Chrome/137.0.0.0 Safari/537.36 Edg/137.0.0.0"
172.16.36.181 - - [13/Jun/2025:08:19:41 +0800] "GET /manager-page/api/snapshot.php?id=12&t=0.8390222956782243 HTTP/1.1" 200 47213 "http://192.168.60.79/manager-page/home-1.php" "Mozilla/5.0 (Windows NT 10.0; Win64; x64) AppleWebKit/537.36 (KHTML, like Gecko) Chrome/137.0.0.0 Safari/537.36 Edg/137.0.0.0"
172.16.36.181 - - [13/Jun/2025:08:20:41 +0800] "GET /manager-page/api/snapshot.php?id=12&t=0.27306081136504046 HTTP/1.1" 200 46949 "http://192.168.60.79/manager-page/home-1.php" "Mozilla/5.0 (Windows NT 10.0; Win64; x64) AppleWebKit/537.36 (KHTML, like Gecko) Chrome/137.0.0.0 Safari/537.36 Edg/137.0.0.0"
172.16.36.181 - - [13/Jun/2025:08:20:41 +0800] "GET /manager-page/api/snapshot.php?id=11&t=0.5331680056741385 HTTP/1.1" 200 45050 "http://192.168.60.79/manager-page/home-1.php" "Mozilla/5.0 (Windows NT 10.0; Win64; x64) AppleWebKit/537.36 (KHTML, like Gecko) Chrome/137.0.0.0 Safari/537.36 Edg/137.0.0.0"
172.16.36.181 - - [13/Jun/2025:08:21:41 +0800] "GET /manager-page/api/snapshot.php?id=12&t=0.29963777416787696 HTTP/1.1" 200 44660 "http://192.168.60.79/manager-page/home-1.php" "Mozilla/5.0 (Windows NT 10.0; Win64; x64) AppleWebKit/537.36 (KHTML, like Gecko) Chrome/137.0.0.0 Safari/537.36 Edg/137.0.0.0"
172.16.36.181 - - [13/Jun/2025:08:21:41 +0800] "GET /manager-page/api/snapshot.php?id=11&t=0.8634517269995854 HTTP/1.1" 200 43195 "http://192.168.60.79/manager-page/home-1.php" "Mozilla/5.0 (Windows NT 10.0; Win64; x64) AppleWebKit/537.36 (KHTML, like Gecko) Chrome/137.0.0.0 Safari/537.36 Edg/137.0.0.0"
172.16.36.181 - - [13/Jun/2025:08:22:41 +0800] "GET /manager-page/api/snapshot.php?id=11&t=0.5310599907787108 HTTP/1.1" 200 42459 "http://192.168.60.79/manager-page/home-1.php" "Mozilla/5.0 (Windows NT 10.0; Win64; x64) AppleWebKit/537.36 (KHTML, like Gecko) Chrome/137.0.0.0 Safari/537.36 Edg/137.0.0.0"
172.16.36.181 - - [13/Jun/2025:08:22:41 +0800] "GET /manager-page/api/snapshot.php?id=12&t=0.5846299375055588 HTTP/1.1" 200 38158 "http://192.168.60.79/manager-page/home-1.php" "Mozilla/5.0 (Windows NT 10.0; Win64; x64) AppleWebKit/537.36 (KHTML, like Gecko) Chrome/137.0.0.0 Safari/537.36 Edg/137.0.0.0"
172.16.36.181 - - [13/Jun/2025:08:23:41 +0800] "GET /manager-page/api/snapshot.php?id=12&t=0.21015267308915164 HTTP/1.1" 200 41948 "http://192.168.60.79/manager-page/home-1.php" "Mozilla/5.0 (Windows NT 10.0; Win64; x64) AppleWebKit/537.36 (KHTML, like Gecko) Chrome/137.0.0.0 Safari/537.36 Edg/137.0.0.0"
172.16.36.181 - - [13/Jun/2025:08:23:41 +0800] "GET /manager-page/api/snapshot.php?id=11&t=0.7711818028290068 HTTP/1.1" 200 44005 "http://192.168.60.79/manager-page/home-1.php" "Mozilla/5.0 (Windows NT 10.0; Win64; x64) AppleWebKit/537.36 (KHTML, like Gecko) Chrome/137.0.0.0 Safari/537.36 Edg/137.0.0.0"
172.16.36.181 - - [13/Jun/2025:08:24:41 +0800] "GET /manager-page/api/snapshot.php?id=11&t=0.5764447912536211 HTTP/1.1" 200 45449 "http://192.168.60.79/manager-page/home-1.php" "Mozilla/5.0 (Windows NT 10.0; Win64; x64) AppleWebKit/537.36 (KHTML, like Gecko) Chrome/137.0.0.0 Safari/537.36 Edg/137.0.0.0"
172.16.36.181 - - [13/Jun/2025:08:24:41 +0800] "GET /manager-page/api/snapshot.php?id=12&t=0.9499645630962851 HTTP/1.1" 200 43907 "http://192.168.60.79/manager-page/home-1.php" "Mozilla/5.0 (Windows NT 10.0; Win64; x64) AppleWebKit/537.36 (KHTML, like Gecko) Chrome/137.0.0.0 Safari/537.36 Edg/137.0.0.0"
111.70.30.250 - - [13/Jun/2025:08:25:41 +0800] "POST /robot/lora-in.php HTTP/1.1" 200 - "-" "python-requests/2.21.0"
172.16.36.181 - - [13/Jun/2025:08:25:41 +0800] "GET /manager-page/api/snapshot.php?id=11&t=0.3674134307948157 HTTP/1.1" 200 45307 "http://192.168.60.79/manager-page/home-1.php" "Mozilla/5.0 (Windows NT 10.0; Win64; x64) AppleWebKit/537.36 (KHTML, like Gecko) Chrome/137.0.0.0 Safari/537.36 Edg/137.0.0.0"
172.16.36.181 - - [13/Jun/2025:08:25:41 +0800] "GET /manager-page/api/snapshot.php?id=12&t=0.41698143235626484 HTTP/1.1" 200 44613 "http://192.168.60.79/manager-page/home-1.php" "Mozilla/5.0 (Windows NT 10.0; Win64; x64) AppleWebKit/537.36 (KHTML, like Gecko) Chrome/137.0.0.0 Safari/537.36 Edg/137.0.0.0"
111.70.30.251 - - [13/Jun/2025:08:26:41 +0800] "POST /robot/lora-in.php HTTP/1.1" 200 - "-" "python-requests/2.21.0"
172.16.36.181 - - [13/Jun/2025:08:26:41 +0800] "GET /manager-page/api/snapshot.php?id=12&t=0.4324075584989516 HTTP/1.1" 200 45047 "http://192.168.60.79/manager-page/home-1.php" "Mozilla/5.0 (Windows NT 10.0; Win64; x64) AppleWebKit/537.36 (KHTML, like Gecko) Chrome/137.0.0.0 Safari/537.36 Edg/137.0.0.0"
172.16.36.181 - - [13/Jun/2025:08:26:41 +0800] "GET /manager-page/api/snapshot.php?id=11&t=0.5201505057503568 HTTP/1.1" 200 45220 "http://192.168.60.79/manager-page/home-1.php" "Mozilla/5.0 (Windows NT 10.0; Win64; x64) AppleWebKit/537.36 (KHTML, like Gecko) Chrome/137.0.0.0 Safari/537.36 Edg/137.0.0.0"
111.70.30.252 - - [13/Jun/2025:08:27:39 +0800] "POST /robot/lora-in.php HTTP/1.1" 200 - "-" "python-requests/2.21.0"
172.16.36.181 - - [13/Jun/2025:08:27:41 +0800] "GET /manager-page/api/snapshot.php?id=11&t=0.605841093003202 HTTP/1.1" 200 45759 "http://192.168.60.79/manager-page/home-1.php" "Mozilla/5.0 (Windows NT 10.0; Win64; x64) AppleWebKit/537.36 (KHTML, like Gecko) Chrome/137.0.0.0 Safari/537.36 Edg/137.0.0.0"
172.16.36.181 - - [13/Jun/2025:08:27:41 +0800] "GET /manager-page/api/snapshot.php?id=12&t=0.6802096793115285 HTTP/1.1" 200 45376 "http://192.168.60.79/manager-page/home-1.php" "Mozilla/5.0 (Windows NT 10.0; Win64; x64) AppleWebKit/537.36 (KHTML, like Gecko) Chrome/137.0.0.0 Safari/537.36 Edg/137.0.0.0"
111.70.30.253 - - [13/Jun/2025:08:28:05 +0800] "POST /robot/lora-in.php HTTP/1.1" 200 - "-" "python-requests/2.21.0"
172.16.36.181 - - [13/Jun/2025:08:28:41 +0800] "GET /manager-page/api/snapshot.php?id=11&t=0.6307502483298164 HTTP/1.1" 200 45756 "http://192.168.60.79/manager-page/home-1.php" "Mozilla/5.0 (Windows NT 10.0; Win64; x64) AppleWebKit/537.36 (KHTML, like Gecko) Chrome/137.0.0.0 Safari/537.36 Edg/137.0.0.0"
172.16.36.181 - - [13/Jun/2025:08:28:41 +0800] "GET /manager-page/api/snapshot.php?id=12&t=0.93874752476978 HTTP/1.1" 200 44333 "http://192.168.60.79/manager-page/home-1.php" "Mozilla/5.0 (Windows NT 10.0; Win64; x64) AppleWebKit/537.36 (KHTML, like Gecko) Chrome/137.0.0.0 Safari/537.36 Edg/137.0.0.0"
172.16.36.181 - - [13/Jun/2025:08:29:41 +0800] "GET /manager-page/api/snapshot.php?id=11&t=0.6422527978495337 HTTP/1.1" 200 45382 "http://192.168.60.79/manager-page/home-1.php" "Mozilla/5.0 (Windows NT 10.0; Win64; x64) AppleWebKit/537.36 (KHTML, like Gecko) Chrome/137.0.0.0 Safari/537.36 Edg/137.0.0.0"
172.16.36.181 - - [13/Jun/2025:08:29:41 +0800] "GET /manager-page/api/snapshot.php?id=12&t=0.654386633888235 HTTP/1.1" 200 44324 "http://192.168.60.79/manager-page/home-1.php" "Mozilla/5.0 (Windows NT 10.0; Win64; x64) AppleWebKit/537.36 (KHTML, like Gecko) Chrome/137.0.0.0 Safari/537.36 Edg/137.0.0.0"
172.16.36.181 - - [13/Jun/2025:08:30:41 +0800] "GET /manager-page/api/snapshot.php?id=11&t=0.6644935207213116 HTTP/1.1" 200 45346 "http://192.168.60.79/manager-page/home-1.php" "Mozilla/5.0 (Windows NT 10.0; Win64; x64) AppleWebKit/537.36 (KHTML, like Gecko) Chrome/137.0.0.0 Safari/537.36 Edg/137.0.0.0"
172.16.36.181 - - [13/Jun/2025:08:30:41 +0800] "GET /manager-page/api/snapshot.php?id=12&t=0.17299069548748536 HTTP/1.1" 200 44116 "http://192.168.60.79/manager-page/home-1.php" "Mozilla/5.0 (Windows NT 10.0; Win64; x64) AppleWebKit/537.36 (KHTML, like Gecko) Chrome/137.0.0.0 Safari/537.36 Edg/137.0.0.0"
172.16.36.181 - - [13/Jun/2025:08:31:41 +0800] "GET /manager-page/api/snapshot.php?id=11&t=0.05710941962726057 HTTP/1.1" 200 45621 "http://192.168.60.79/manager-page/home-1.php" "Mozilla/5.0 (Windows NT 10.0; Win64; x64) AppleWebKit/537.36 (KHTML, like Gecko) Chrome/137.0.0.0 Safari/537.36 Edg/137.0.0.0"
172.16.36.181 - - [13/Jun/2025:08:31:41 +0800] "GET /manager-page/api/snapshot.php?id=12&t=0.4967643460190949 HTTP/1.1" 200 44182 "http://192.168.60.79/manager-page/home-1.php" "Mozilla/5.0 (Windows NT 10.0; Win64; x64) AppleWebKit/537.36 (KHTML, like Gecko) Chrome/137.0.0.0 Safari/537.36 Edg/137.0.0.0"
172.16.36.181 - - [13/Jun/2025:08:32:41 +0800] "GET /manager-page/api/snapshot.php?id=11&t=0.8707662445376214 HTTP/1.1" 200 45410 "http://192.168.60.79/manager-page/home-1.php" "Mozilla/5.0 (Windows NT 10.0; Win64; x64) AppleWebKit/537.36 (KHTML, like Gecko) Chrome/137.0.0.0 Safari/537.36 Edg/137.0.0.0"
172.16.36.181 - - [13/Jun/2025:08:32:41 +0800] "GET /manager-page/api/snapshot.php?id=12&t=0.7192196966496098 HTTP/1.1" 200 44509 "http://192.168.60.79/manager-page/home-1.php" "Mozilla/5.0 (Windows NT 10.0; Win64; x64) AppleWebKit/537.36 (KHTML, like Gecko) Chrome/137.0.0.0 Safari/537.36 Edg/137.0.0.0"
172.16.36.181 - - [13/Jun/2025:08:33:41 +0800] "GET /manager-page/api/snapshot.php?id=11&t=0.27626778199384083 HTTP/1.1" 200 45319 "http://192.168.60.79/manager-page/home-1.php" "Mozilla/5.0 (Windows NT 10.0; Win64; x64) AppleWebKit/537.36 (KHTML, like Gecko) Chrome/137.0.0.0 Safari/537.36 Edg/137.0.0.0"
172.16.36.181 - - [13/Jun/2025:08:33:41 +0800] "GET /manager-page/api/snapshot.php?id=12&t=0.20268664381830104 HTTP/1.1" 200 44505 "http://192.168.60.79/manager-page/home-1.php" "Mozilla/5.0 (Windows NT 10.0; Win64; x64) AppleWebKit/537.36 (KHTML, like Gecko) Chrome/137.0.0.0 Safari/537.36 Edg/137.0.0.0"
111.70.30.250 - - [13/Jun/2025:08:34:17 +0800] "POST /robot/lora-in.php HTTP/1.1" 200 - "-" "python-requests/2.21.0"
172.16.36.181 - - [13/Jun/2025:08:34:41 +0800] "GET /manager-page/api/snapshot.php?id=12&t=0.5309320918236259 HTTP/1.1" 200 44905 "http://192.168.60.79/manager-page/home-1.php" "Mozilla/5.0 (Windows NT 10.0; Win64; x64) AppleWebKit/537.36 (KHTML, like Gecko) Chrome/137.0.0.0 Safari/537.36 Edg/137.0.0.0"
172.16.36.181 - - [13/Jun/2025:08:34:41 +0800] "GET /manager-page/api/snapshot.php?id=11&t=0.5211785958126043 HTTP/1.1" 200 45343 "http://192.168.60.79/manager-page/home-1.php" "Mozilla/5.0 (Windows NT 10.0; Win64; x64) AppleWebKit/537.36 (KHTML, like Gecko) Chrome/137.0.0.0 Safari/537.36 Edg/137.0.0.0"
172.16.36.181 - - [13/Jun/2025:08:35:13 +0800] "GET /manager-page/api/snapshot.php?id=12&t=0.5168996266727065 HTTP/1.1" 200 44628 "http://192.168.60.79/manager-page/home-1.php" "Mozilla/5.0 (Windows NT 10.0; Win64; x64) AppleWebKit/537.36 (KHTML, like Gecko) Chrome/137.0.0.0 Safari/537.36 Edg/137.0.0.0"
172.16.36.181 - - [13/Jun/2025:08:35:13 +0800] "GET /manager-page/api/snapshot.php?id=11&t=0.2511475397257811 HTTP/1.1" 200 45541 "http://192.168.60.79/manager-page/home-1.php" "Mozilla/5.0 (Windows NT 10.0; Win64; x64) AppleWebKit/537.36 (KHTML, like Gecko) Chrome/137.0.0.0 Safari/537.36 Edg/137.0.0.0"
172.16.36.181 - - [13/Jun/2025:08:35:14 +0800] "GET /manager-page/api/snapshot.php?id=12&t=0.9607375881969049 HTTP/1.1" 200 44644 "http://192.168.60.79/manager-page/home-1.php" "Mozilla/5.0 (Windows NT 10.0; Win64; x64) AppleWebKit/537.36 (KHTML, like Gecko) Chrome/137.0.0.0 Safari/537.36 Edg/137.0.0.0"
172.16.36.181 - - [13/Jun/2025:08:35:14 +0800] "GET /manager-page/api/snapshot.php?id=11&t=0.45719801070262234 HTTP/1.1" 200 45611 "http://192.168.60.79/manager-page/home-1.php" "Mozilla/5.0 (Windows NT 10.0; Win64; x64) AppleWebKit/537.36 (KHTML, like Gecko) Chrome/137.0.0.0 Safari/537.36 Edg/137.0.0.0"
111.70.30.251 - - [13/Jun/2025:08:35:16 +0800] "POST /robot/lora-in.php HTTP/1.1" 200 - "-" "python-requests/2.21.0"
172.16.36.181 - - [13/Jun/2025:08:35:19 +0800] "GET /manager-page/api/snapshot.php?id=12&t=0.6034363367995341 HTTP/1.1" 200 44634 "http://192.168.60.79/manager-page/home-1.php" "Mozilla/5.0 (Windows NT 10.0; Win64; x64) AppleWebKit/537.36 (KHTML, like Gecko) Chrome/137.0.0.0 Safari/537.36 Edg/137.0.0.0"
172.16.36.181 - - [13/Jun/2025:08:35:19 +0800] "GET /manager-page/api/snapshot.php?id=11&t=0.5563166209368515 HTTP/1.1" 200 45861 "http://192.168.60.79/manager-page/home-1.php" "Mozilla/5.0 (Windows NT 10.0; Win64; x64) AppleWebKit/537.36 (KHTML, like Gecko) Chrome/137.0.0.0 Safari/537.36 Edg/137.0.0.0"
172.16.36.181 - - [13/Jun/2025:08:35:24 +0800] "GET /manager-page/api/snapshot.php?id=11&t=0.9161489003321893 HTTP/1.1" 200 45651 "http://192.168.60.79/manager-page/home-1.php" "Mozilla/5.0 (Windows NT 10.0; Win64; x64) AppleWebKit/537.36 (KHTML, like Gecko) Chrome/137.0.0.0 Safari/537.36 Edg/137.0.0.0"
172.16.36.181 - - [13/Jun/2025:08:35:24 +0800] "GET /manager-page/api/snapshot.php?id=12&t=0.2698886645469122 HTTP/1.1" 200 44332 "http://192.168.60.79/manager-page/home-1.php" "Mozilla/5.0 (Windows NT 10.0; Win64; x64) AppleWebKit/537.36 (KHTML, like Gecko) Chrome/137.0.0.0 Safari/537.36 Edg/137.0.0.0"
172.16.36.181 - - [13/Jun/2025:08:35:29 +0800] "GET /manager-page/api/snapshot.php?id=11&t=0.309564933472114 HTTP/1.1" 200 45720 "http://192.168.60.79/manager-page/home-1.php" "Mozilla/5.0 (Windows NT 10.0; Win64; x64) AppleWebKit/537.36 (KHTML, like Gecko) Chrome/137.0.0.0 Safari/537.36 Edg/137.0.0.0"
172.16.36.181 - - [13/Jun/2025:08:35:29 +0800] "GET /manager-page/api/snapshot.php?id=12&t=0.4183590864728929 HTTP/1.1" 200 44078 "http://192.168.60.79/manager-page/home-1.php" "Mozilla/5.0 (Windows NT 10.0; Win64; x64) AppleWebKit/537.36 (KHTML, like Gecko) Chrome/137.0.0.0 Safari/537.36 Edg/137.0.0.0"
172.16.36.181 - - [13/Jun/2025:08:35:34 +0800] "GET /manager-page/api/snapshot.php?id=11&t=0.25351231021350706 HTTP/1.1" 200 45867 "http://192.168.60.79/manager-page/home-1.php" "Mozilla/5.0 (Windows NT 10.0; Win64; x64) AppleWebKit/537.36 (KHTML, like Gecko) Chrome/137.0.0.0 Safari/537.36 Edg/137.0.0.0"
172.16.36.181 - - [13/Jun/2025:08:35:34 +0800] "GET /manager-page/api/snapshot.php?id=12&t=0.3862537486096006 HTTP/1.1" 200 44267 "http://192.168.60.79/manager-page/home-1.php" "Mozilla/5.0 (Windows NT 10.0; Win64; x64) AppleWebKit/537.36 (KHTML, like Gecko) Chrome/137.0.0.0 Safari/537.36 Edg/137.0.0.0"
172.16.36.181 - - [13/Jun/2025:08:35:40 +0800] "GET /manager-page/api/snapshot.php?id=12&t=0.8360884329667584 HTTP/1.1" 200 44249 "http://192.168.60.79/manager-page/home-1.php" "Mozilla/5.0 (Windows NT 10.0; Win64; x64) AppleWebKit/537.36 (KHTML, like Gecko) Chrome/137.0.0.0 Safari/537.36 Edg/137.0.0.0"
172.16.36.181 - - [13/Jun/2025:08:35:40 +0800] "GET /manager-page/api/snapshot.php?id=11&t=0.6679075402139767 HTTP/1.1" 200 45772 "http://192.168.60.79/manager-page/home-1.php" "Mozilla/5.0 (Windows NT 10.0; Win64; x64) AppleWebKit/537.36 (KHTML, like Gecko) Chrome/137.0.0.0 Safari/537.36 Edg/137.0.0.0"
172.16.36.181 - - [13/Jun/2025:08:35:45 +0800] "GET /manager-page/api/snapshot.php?id=12&t=0.004080246192110337 HTTP/1.1" 200 44462 "http://192.168.60.79/manager-page/home-1.php" "Mozilla/5.0 (Windows NT 10.0; Win64; x64) AppleWebKit/537.36 (KHTML, like Gecko) Chrome/137.0.0.0 Safari/537.36 Edg/137.0.0.0"
172.16.36.181 - - [13/Jun/2025:08:35:45 +0800] "GET /manager-page/api/snapshot.php?id=11&t=0.26161172894872997 HTTP/1.1" 200 45781 "http://192.168.60.79/manager-page/home-1.php" "Mozilla/5.0 (Windows NT 10.0; Win64; x64) AppleWebKit/537.36 (KHTML, like Gecko) Chrome/137.0.0.0 Safari/537.36 Edg/137.0.0.0"
172.16.36.181 - - [13/Jun/2025:08:35:50 +0800] "GET /manager-page/api/snapshot.php?id=11&t=0.6522915237859009 HTTP/1.1" 200 46200 "http://192.168.60.79/manager-page/home-1.php" "Mozilla/5.0 (Windows NT 10.0; Win64; x64) AppleWebKit/537.36 (KHTML, like Gecko) Chrome/137.0.0.0 Safari/537.36 Edg/137.0.0.0"
172.16.36.181 - - [13/Jun/2025:08:35:50 +0800] "GET /manager-page/api/snapshot.php?id=12&t=0.25630413294586407 HTTP/1.1" 200 44461 "http://192.168.60.79/manager-page/home-1.php" "Mozilla/5.0 (Windows NT 10.0; Win64; x64) AppleWebKit/537.36 (KHTML, like Gecko) Chrome/137.0.0.0 Safari/537.36 Edg/137.0.0.0"
172.16.36.181 - - [13/Jun/2025:08:35:55 +0800] "GET /manager-page/api/snapshot.php?id=11&t=0.4249822551690179 HTTP/1.1" 200 45864 "http://192.168.60.79/manager-page/home-1.php" "Mozilla/5.0 (Windows NT 10.0; Win64; x64) AppleWebKit/537.36 (KHTML, like Gecko) Chrome/137.0.0.0 Safari/537.36 Edg/137.0.0.0"
172.16.36.181 - - [13/Jun/2025:08:35:55 +0800] "GET /manager-page/api/snapshot.php?id=12&t=0.44372717887480073 HTTP/1.1" 200 44489 "http://192.168.60.79/manager-page/home-1.php" "Mozilla/5.0 (Windows NT 10.0; Win64; x64) AppleWebKit/537.36 (KHTML, like Gecko) Chrome/137.0.0.0 Safari/537.36 Edg/137.0.0.0"
172.16.36.181 - - [13/Jun/2025:08:36:00 +0800] "GET /manager-page/api/snapshot.php?id=11&t=0.39166444218365304 HTTP/1.1" 200 45769 "http://192.168.60.79/manager-page/home-1.php" "Mozilla/5.0 (Windows NT 10.0; Win64; x64) AppleWebKit/537.36 (KHTML, like Gecko) Chrome/137.0.0.0 Safari/537.36 Edg/137.0.0.0"
172.16.36.181 - - [13/Jun/2025:08:36:00 +0800] "GET /manager-page/api/snapshot.php?id=12&t=0.6784897709395622 HTTP/1.1" 200 44606 "http://192.168.60.79/manager-page/home-1.php" "Mozilla/5.0 (Windows NT 10.0; Win64; x64) AppleWebKit/537.36 (KHTML, like Gecko) Chrome/137.0.0.0 Safari/537.36 Edg/137.0.0.0"
172.16.36.181 - - [13/Jun/2025:08:36:05 +0800] "GET /manager-page/api/snapshot.php?id=12&t=0.08408018265559736 HTTP/1.1" 200 44496 "http://192.168.60.79/manager-page/home-1.php" "Mozilla/5.0 (Windows NT 10.0; Win64; x64) AppleWebKit/537.36 (KHTML, like Gecko) Chrome/137.0.0.0 Safari/537.36 Edg/137.0.0.0"
172.16.36.181 - - [13/Jun/2025:08:36:05 +0800] "GET /manager-page/api/snapshot.php?id=11&t=0.03674659161654015 HTTP/1.1" 200 45718 "http://192.168.60.79/manager-page/home-1.php" "Mozilla/5.0 (Windows NT 10.0; Win64; x64) AppleWebKit/537.36 (KHTML, like Gecko) Chrome/137.0.0.0 Safari/537.36 Edg/137.0.0.0"
172.16.36.181 - - [13/Jun/2025:08:36:10 +0800] "GET /manager-page/api/snapshot.php?id=11&t=0.5561019865322386 HTTP/1.1" 200 46338 "http://192.168.60.79/manager-page/home-1.php" "Mozilla/5.0 (Windows NT 10.0; Win64; x64) AppleWebKit/537.36 (KHTML, like Gecko) Chrome/137.0.0.0 Safari/537.36 Edg/137.0.0.0"
172.16.36.181 - - [13/Jun/2025:08:36:10 +0800] "GET /manager-page/api/snapshot.php?id=12&t=0.4200270103107926 HTTP/1.1" 200 44592 "http://192.168.60.79/manager-page/home-1.php" "Mozilla/5.0 (Windows NT 10.0; Win64; x64) AppleWebKit/537.36 (KHTML, like Gecko) Chrome/137.0.0.0 Safari/537.36 Edg/137.0.0.0"
172.16.36.181 - - [13/Jun/2025:08:36:15 +0800] "GET /manager-page/api/snapshot.php?id=11&t=0.4140269216869197 HTTP/1.1" 200 45606 "http://192.168.60.79/manager-page/home-1.php" "Mozilla/5.0 (Windows NT 10.0; Win64; x64) AppleWebKit/537.36 (KHTML, like Gecko) Chrome/137.0.0.0 Safari/537.36 Edg/137.0.0.0"
172.16.36.181 - - [13/Jun/2025:08:36:15 +0800] "GET /manager-page/api/snapshot.php?id=12&t=0.09387732783774472 HTTP/1.1" 200 45031 "http://192.168.60.79/manager-page/home-1.php" "Mozilla/5.0 (Windows NT 10.0; Win64; x64) AppleWebKit/537.36 (KHTML, like Gecko) Chrome/137.0.0.0 Safari/537.36 Edg/137.0.0.0"
172.16.36.181 - - [13/Jun/2025:08:36:20 +0800] "GET /manager-page/api/snapshot.php?id=12&t=0.3014890135807752 HTTP/1.1" 200 45235 "http://192.168.60.79/manager-page/home-1.php" "Mozilla/5.0 (Windows NT 10.0; Win64; x64) AppleWebKit/537.36 (KHTML, like Gecko) Chrome/137.0.0.0 Safari/537.36 Edg/137.0.0.0"
172.16.36.181 - - [13/Jun/2025:08:36:20 +0800] "GET /manager-page/api/snapshot.php?id=11&t=0.45143771283011225 HTTP/1.1" 200 44036 "http://192.168.60.79/manager-page/home-1.php" "Mozilla/5.0 (Windows NT 10.0; Win64; x64) AppleWebKit/537.36 (KHTML, like Gecko) Chrome/137.0.0.0 Safari/537.36 Edg/137.0.0.0"
172.16.36.181 - - [13/Jun/2025:08:36:25 +0800] "GET /manager-page/api/snapshot.php?id=11&t=0.03357842106113229 HTTP/1.1" 200 45668 "http://192.168.60.79/manager-page/home-1.php" "Mozilla/5.0 (Windows NT 10.0; Win64; x64) AppleWebKit/537.36 (KHTML, like Gecko) Chrome/137.0.0.0 Safari/537.36 Edg/137.0.0.0"
172.16.36.181 - - [13/Jun/2025:08:36:25 +0800] "GET /manager-page/api/snapshot.php?id=12&t=0.8132533531307318 HTTP/1.1" 200 44360 "http://192.168.60.79/manager-page/home-1.php" "Mozilla/5.0 (Windows NT 10.0; Win64; x64) AppleWebKit/537.36 (KHTML, like Gecko) Chrome/137.0.0.0 Safari/537.36 Edg/137.0.0.0"
172.16.36.181 - - [13/Jun/2025:08:36:30 +0800] "GET /manager-page/api/snapshot.php?id=11&t=0.09291122079716785 HTTP/1.1" 200 45692 "http://192.168.60.79/manager-page/home-1.php" "Mozilla/5.0 (Windows NT 10.0; Win64; x64) AppleWebKit/537.36 (KHTML, like Gecko) Chrome/137.0.0.0 Safari/537.36 Edg/137.0.0.0"
172.16.36.181 - - [13/Jun/2025:08:36:30 +0800] "GET /manager-page/api/snapshot.php?id=12&t=0.16084121858302014 HTTP/1.1" 200 44424 "http://192.168.60.79/manager-page/home-1.php" "Mozilla/5.0 (Windows NT 10.0; Win64; x64) AppleWebKit/537.36 (KHTML, like Gecko) Chrome/137.0.0.0 Safari/537.36 Edg/137.0.0.0"
172.16.36.181 - - [13/Jun/2025:08:36:35 +0800] "GET /manager-page/api/snapshot.php?id=12&t=0.2255332329688824 HTTP/1.1" 200 44572 "http://192.168.60.79/manager-page/home-1.php" "Mozilla/5.0 (Windows NT 10.0; Win64; x64) AppleWebKit/537.36 (KHTML, like Gecko) Chrome/137.0.0.0 Safari/537.36 Edg/137.0.0.0"
172.16.36.181 - - [13/Jun/2025:08:36:35 +0800] "GET /manager-page/api/snapshot.php?id=11&t=0.9431398881504737 HTTP/1.1" 200 45608 "http://192.168.60.79/manager-page/home-1.php" "Mozilla/5.0 (Windows NT 10.0; Win64; x64) AppleWebKit/537.36 (KHTML, like Gecko) Chrome/137.0.0.0 Safari/537.36 Edg/137.0.0.0"
172.16.36.181 - - [13/Jun/2025:08:36:41 +0800] "GET /manager-page/api/snapshot.php?id=11&t=0.44884595003329686 HTTP/1.1" 200 45788 "http://192.168.60.79/manager-page/home-1.php" "Mozilla/5.0 (Windows NT 10.0; Win64; x64) AppleWebKit/537.36 (KHTML, like Gecko) Chrome/137.0.0.0 Safari/537.36 Edg/137.0.0.0"
172.16.36.181 - - [13/Jun/2025:08:36:41 +0800] "GET /manager-page/api/snapshot.php?id=12&t=0.37762393613372547 HTTP/1.1" 200 45124 "http://192.168.60.79/manager-page/home-1.php" "Mozilla/5.0 (Windows NT 10.0; Win64; x64) AppleWebKit/537.36 (KHTML, like Gecko) Chrome/137.0.0.0 Safari/537.36 Edg/137.0.0.0"
111.70.30.252 - - [13/Jun/2025:08:36:50 +0800] "POST /robot/lora-in.php HTTP/1.1" 200 - "-" "python-requests/2.21.0"
111.70.30.253 - - [13/Jun/2025:08:36:50 +0800] "POST /robot/lora-in.php HTTP/1.1" 200 - "-" "python-requests/2.21.0"
172.16.36.181 - - [13/Jun/2025:08:37:41 +0800] "GET /manager-page/api/snapshot.php?id=12&t=0.8478538384254879 HTTP/1.1" 200 44766 "http://192.168.60.79/manager-page/home-1.php" "Mozilla/5.0 (Windows NT 10.0; Win64; x64) AppleWebKit/537.36 (KHTML, like Gecko) Chrome/137.0.0.0 Safari/537.36 Edg/137.0.0.0"
172.16.36.181 - - [13/Jun/2025:08:37:41 +0800] "GET /manager-page/api/snapshot.php?id=11&t=0.7668303055735612 HTTP/1.1" 200 45861 "http://192.168.60.79/manager-page/home-1.php" "Mozilla/5.0 (Windows NT 10.0; Win64; x64) AppleWebKit/537.36 (KHTML, like Gecko) Chrome/137.0.0.0 Safari/537.36 Edg/137.0.0.0"
172.16.36.181 - - [13/Jun/2025:08:38:41 +0800] "GET /manager-page/api/snapshot.php?id=11&t=0.7229361107171608 HTTP/1.1" 200 45720 "http://192.168.60.79/manager-page/home-1.php" "Mozilla/5.0 (Windows NT 10.0; Win64; x64) AppleWebKit/537.36 (KHTML, like Gecko) Chrome/137.0.0.0 Safari/537.36 Edg/137.0.0.0"
172.16.36.181 - - [13/Jun/2025:08:38:41 +0800] "GET /manager-page/api/snapshot.php?id=12&t=0.467777620940664 HTTP/1.1" 200 44811 "http://192.168.60.79/manager-page/home-1.php" "Mozilla/5.0 (Windows NT 10.0; Win64; x64) AppleWebKit/537.36 (KHTML, like Gecko) Chrome/137.0.0.0 Safari/537.36 Edg/137.0.0.0"
172.16.36.181 - - [13/Jun/2025:08:39:41 +0800] "GET /manager-page/api/snapshot.php?id=11&t=0.27335352225060927 HTTP/1.1" 200 45399 "http://192.168.60.79/manager-page/home-1.php" "Mozilla/5.0 (Windows NT 10.0; Win64; x64) AppleWebKit/537.36 (KHTML, like Gecko) Chrome/137.0.0.0 Safari/537.36 Edg/137.0.0.0"
172.16.36.181 - - [13/Jun/2025:08:39:41 +0800] "GET /manager-page/api/snapshot.php?id=12&t=0.21038389572930938 HTTP/1.1" 200 45138 "http://192.168.60.79/manager-page/home-1.php" "Mozilla/5.0 (Windows NT 10.0; Win64; x64) AppleWebKit/537.36 (KHTML, like Gecko) Chrome/137.0.0.0 Safari/537.36 Edg/137.0.0.0"
172.16.36.181 - - [13/Jun/2025:08:40:41 +0800] "GET /manager-page/api/snapshot.php?id=11&t=0.4315505169141092 HTTP/1.1" 200 45061 "http://192.168.60.79/manager-page/home-1.php" "Mozilla/5.0 (Windows NT 10.0; Win64; x64) AppleWebKit/537.36 (KHTML, like Gecko) Chrome/137.0.0.0 Safari/537.36 Edg/137.0.0.0"
172.16.36.181 - - [13/Jun/2025:08:40:41 +0800] "GET /manager-page/api/snapshot.php?id=12&t=0.6273622490612215 HTTP/1.1" 200 44878 "http://192.168.60.79/manager-page/home-1.php" "Mozilla/5.0 (Windows NT 10.0; Win64; x64) AppleWebKit/537.36 (KHTML, like Gecko) Chrome/137.0.0.0 Safari/537.36 Edg/137.0.0.0"
172.16.36.181 - - [13/Jun/2025:08:41:41 +0800] "GET /manager-page/api/snapshot.php?id=12&t=0.2204070299116343 HTTP/1.1" 200 44867 "http://192.168.60.79/manager-page/home-1.php" "Mozilla/5.0 (Windows NT 10.0; Win64; x64) AppleWebKit/537.36 (KHTML, like Gecko) Chrome/137.0.0.0 Safari/537.36 Edg/137.0.0.0"
172.16.36.181 - - [13/Jun/2025:08:41:41 +0800] "GET /manager-page/api/snapshot.php?id=11&t=0.7044358824884426 HTTP/1.1" 200 45194 "http://192.168.60.79/manager-page/home-1.php" "Mozilla/5.0 (Windows NT 10.0; Win64; x64) AppleWebKit/537.36 (KHTML, like Gecko) Chrome/137.0.0.0 Safari/537.36 Edg/137.0.0.0"
172.16.36.181 - - [13/Jun/2025:08:42:41 +0800] "GET /manager-page/api/snapshot.php?id=12&t=0.16605593736877622 HTTP/1.1" 200 45011 "http://192.168.60.79/manager-page/home-1.php" "Mozilla/5.0 (Windows NT 10.0; Win64; x64) AppleWebKit/537.36 (KHTML, like Gecko) Chrome/137.0.0.0 Safari/537.36 Edg/137.0.0.0"
172.16.36.181 - - [13/Jun/2025:08:42:41 +0800] "GET /manager-page/api/snapshot.php?id=11&t=0.2218193658337798 HTTP/1.1" 200 45281 "http://192.168.60.79/manager-page/home-1.php" "Mozilla/5.0 (Windows NT 10.0; Win64; x64) AppleWebKit/537.36 (KHTML, like Gecko) Chrome/137.0.0.0 Safari/537.36 Edg/137.0.0.0"
111.70.30.250 - - [13/Jun/2025:08:42:52 +0800] "POST /robot/lora-in.php HTTP/1.1" 200 - "-" "python-requests/2.21.0"
172.16.36.181 - - [13/Jun/2025:08:43:41 +0800] "GET /manager-page/api/snapshot.php?id=12&t=0.47229661178874827 HTTP/1.1" 200 45193 "http://192.168.60.79/manager-page/home-1.php" "Mozilla/5.0 (Windows NT 10.0; Win64; x64) AppleWebKit/537.36 (KHTML, like Gecko) Chrome/137.0.0.0 Safari/537.36 Edg/137.0.0.0"
172.16.36.181 - - [13/Jun/2025:08:43:41 +0800] "GET /manager-page/api/snapshot.php?id=11&t=0.44031624633335886 HTTP/1.1" 200 45373 "http://192.168.60.79/manager-page/home-1.php" "Mozilla/5.0 (Windows NT 10.0; Win64; x64) AppleWebKit/537.36 (KHTML, like Gecko) Chrome/137.0.0.0 Safari/537.36 Edg/137.0.0.0"
127.0.0.1 - - [13/Jun/2025:08:43:44 +0800] "POST /robot/et-7026-in.php HTTP/1.1" 200 - "-" "python-requests/2.32.2"
127.0.0.1 - - [13/Jun/2025:08:43:44 +0800] "POST /robot/et-7026-in.php HTTP/1.1" 200 - "-" "python-requests/2.32.2"
127.0.0.1 - - [13/Jun/2025:08:43:44 +0800] "POST /robot/et-7026-in.php HTTP/1.1" 200 - "-" "python-requests/2.32.2"
111.70.30.251 - - [13/Jun/2025:08:43:51 +0800] "POST /robot/lora-in.php HTTP/1.1" 200 - "-" "python-requests/2.21.0"
127.0.0.1 - - [13/Jun/2025:08:43:56 +0800] "GET /get-setting.json HTTP/1.1" 200 2314 "-" "python-requests/2.31.0"
127.0.0.1 - - [13/Jun/2025:08:43:56 +0800] "POST /robot/lora-in.php HTTP/1.1" 200 - "-" "python-requests/2.31.0"
127.0.0.1 - - [13/Jun/2025:08:44:00 +0800] "GET /robot/alarm-history-in.php HTTP/1.1" 200 - "-" "python-requests/2.28.1"
127.0.0.1 - - [13/Jun/2025:08:44:06 +0800] "POST /robot/lora-in.php HTTP/1.1" 200 - "-" "python-requests/2.31.0"
127.0.0.1 - - [13/Jun/2025:08:44:10 +0800] "POST /robot/lora-in.php HTTP/1.1" 200 - "-" "python-requests/2.31.0"
127.0.0.1 - - [13/Jun/2025:08:44:17 +0800] "GET /manager-page/api/cms-on2-rdws.php?token=7654354354675426652656 HTTP/1.1" 200 2 "-" "-"
127.0.0.1 - - [13/Jun/2025:08:44:15 +0800] "POST /robot/lora-in.php HTTP/1.1" 200 149 "-" "python-requests/2.31.0"
127.0.0.1 - - [13/Jun/2025:08:44:20 +0800] "POST /robot/lora-in.php HTTP/1.1" 200 - "-" "python-requests/2.31.0"
127.0.0.1 - - [13/Jun/2025:08:44:28 +0800] "POST /robot/lora-in.php HTTP/1.1" 200 - "-" "python-requests/2.31.0"
127.0.0.1 - - [13/Jun/2025:08:44:30 +0800] "POST /robot/lora-in.php HTTP/1.1" 200 - "-" "python-requests/2.31.0"
127.0.0.1 - - [13/Jun/2025:08:44:40 +0800] "POST /robot/lora-in.php HTTP/1.1" 200 - "-" "python-requests/2.31.0"
172.16.36.181 - - [13/Jun/2025:08:44:41 +0800] "GET /manager-page/api/snapshot.php?id=12&t=0.4943095375089065 HTTP/1.1" 200 45353 "http://192.168.60.79/manager-page/home-1.php" "Mozilla/5.0 (Windows NT 10.0; Win64; x64) AppleWebKit/537.36 (KHTML, like Gecko) Chrome/137.0.0.0 Safari/537.36 Edg/137.0.0.0"
172.16.36.181 - - [13/Jun/2025:08:44:41 +0800] "GET /manager-page/api/snapshot.php?id=11&t=0.9637904162119446 HTTP/1.1" 200 45323 "http://192.168.60.79/manager-page/home-1.php" "Mozilla/5.0 (Windows NT 10.0; Win64; x64) AppleWebKit/537.36 (KHTML, like Gecko) Chrome/137.0.0.0 Safari/537.36 Edg/137.0.0.0"
127.0.0.1 - - [13/Jun/2025:08:45:00 +0800] "GET /robot/alarm-history-in.php HTTP/1.1" 200 - "-" "python-requests/2.28.1"
172.16.36.181 - - [13/Jun/2025:08:45:41 +0800] "GET /manager-page/api/snapshot.php?id=11&t=0.9775469836043199 HTTP/1.1" 200 45409 "http://192.168.60.79/manager-page/home-1.php" "Mozilla/5.0 (Windows NT 10.0; Win64; x64) AppleWebKit/537.36 (KHTML, like Gecko) Chrome/137.0.0.0 Safari/537.36 Edg/137.0.0.0"
172.16.36.181 - - [13/Jun/2025:08:45:41 +0800] "GET /manager-page/api/snapshot.php?id=12&t=0.47511637090598413 HTTP/1.1" 200 45785 "http://192.168.60.79/manager-page/home-1.php" "Mozilla/5.0 (Windows NT 10.0; Win64; x64) AppleWebKit/537.36 (KHTML, like Gecko) Chrome/137.0.0.0 Safari/537.36 Edg/137.0.0.0"
127.0.0.1 - - [13/Jun/2025:08:46:00 +0800] "GET /robot/alarm-history-in.php HTTP/1.1" 200 - "-" "python-requests/2.28.1"
111.70.30.252 - - [13/Jun/2025:08:46:01 +0800] "POST /robot/lora-in.php HTTP/1.1" 200 - "-" "python-requests/2.21.0"
172.16.36.181 - - [13/Jun/2025:08:46:41 +0800] "GET /manager-page/api/snapshot.php?id=11&t=0.36591242174758987 HTTP/1.1" 200 45878 "http://192.168.60.79/manager-page/home-1.php" "Mozilla/5.0 (Windows NT 10.0; Win64; x64) AppleWebKit/537.36 (KHTML, like Gecko) Chrome/137.0.0.0 Safari/537.36 Edg/137.0.0.0"
172.16.36.181 - - [13/Jun/2025:08:46:41 +0800] "GET /manager-page/api/snapshot.php?id=12&t=0.9398938215193055 HTTP/1.1" 200 46310 "http://192.168.60.79/manager-page/home-1.php" "Mozilla/5.0 (Windows NT 10.0; Win64; x64) AppleWebKit/537.36 (KHTML, like Gecko) Chrome/137.0.0.0 Safari/537.36 Edg/137.0.0.0"
127.0.0.1 - - [13/Jun/2025:08:47:00 +0800] "GET /robot/alarm-history-in.php HTTP/1.1" 200 - "-" "python-requests/2.28.1"
127.0.0.1 - - [13/Jun/2025:08:47:03 +0800] "POST /robot/et-7026-in.php HTTP/1.1" 200 - "-" "python-requests/2.32.2"
172.16.36.181 - - [13/Jun/2025:08:47:41 +0800] "GET /manager-page/api/snapshot.php?id=12&t=0.38490237034049457 HTTP/1.1" 200 46369 "http://192.168.60.79/manager-page/home-1.php" "Mozilla/5.0 (Windows NT 10.0; Win64; x64) AppleWebKit/537.36 (KHTML, like Gecko) Chrome/137.0.0.0 Safari/537.36 Edg/137.0.0.0"
172.16.36.181 - - [13/Jun/2025:08:47:41 +0800] "GET /manager-page/api/snapshot.php?id=11&t=0.53304852790648 HTTP/1.1" 200 45227 "http://192.168.60.79/manager-page/home-1.php" "Mozilla/5.0 (Windows NT 10.0; Win64; x64) AppleWebKit/537.36 (KHTML, like Gecko) Chrome/137.0.0.0 Safari/537.36 Edg/137.0.0.0"
127.0.0.1 - - [13/Jun/2025:08:48:00 +0800] "GET /robot/alarm-history-in.php HTTP/1.1" 200 - "-" "python-requests/2.28.1"
172.16.36.181 - - [13/Jun/2025:08:48:41 +0800] "GET /manager-page/api/snapshot.php?id=11&t=0.6894334976167021 HTTP/1.1" 200 45509 "http://192.168.60.79/manager-page/home-1.php" "Mozilla/5.0 (Windows NT 10.0; Win64; x64) AppleWebKit/537.36 (KHTML, like Gecko) Chrome/137.0.0.0 Safari/537.36 Edg/137.0.0.0"
172.16.36.181 - - [13/Jun/2025:08:48:41 +0800] "GET /manager-page/api/snapshot.php?id=12&t=0.6150639427414524 HTTP/1.1" 200 46398 "http://192.168.60.79/manager-page/home-1.php" "Mozilla/5.0 (Windows NT 10.0; Win64; x64) AppleWebKit/537.36 (KHTML, like Gecko) Chrome/137.0.0.0 Safari/537.36 Edg/137.0.0.0"
127.0.0.1 - - [13/Jun/2025:08:49:00 +0800] "GET /robot/alarm-history-in.php HTTP/1.1" 200 - "-" "python-requests/2.28.1"
172.16.36.181 - - [13/Jun/2025:08:49:41 +0800] "GET /manager-page/api/snapshot.php?id=11&t=0.3677841961278888 HTTP/1.1" 200 45177 "http://192.168.60.79/manager-page/home-1.php" "Mozilla/5.0 (Windows NT 10.0; Win64; x64) AppleWebKit/537.36 (KHTML, like Gecko) Chrome/137.0.0.0 Safari/537.36 Edg/137.0.0.0"
172.16.36.181 - - [13/Jun/2025:08:49:41 +0800] "GET /manager-page/api/snapshot.php?id=12&t=0.9899357847166479 HTTP/1.1" 200 46478 "http://192.168.60.79/manager-page/home-1.php" "Mozilla/5.0 (Windows NT 10.0; Win64; x64) AppleWebKit/537.36 (KHTML, like Gecko) Chrome/137.0.0.0 Safari/537.36 Edg/137.0.0.0"
127.0.0.1 - - [13/Jun/2025:08:50:00 +0800] "GET /robot/alarm-history-in.php HTTP/1.1" 200 - "-" "python-requests/2.28.1"
172.16.36.181 - - [13/Jun/2025:08:50:41 +0800] "GET /manager-page/api/snapshot.php?id=11&t=0.2021870094061038 HTTP/1.1" 200 45194 "http://192.168.60.79/manager-page/home-1.php" "Mozilla/5.0 (Windows NT 10.0; Win64; x64) AppleWebKit/537.36 (KHTML, like Gecko) Chrome/137.0.0.0 Safari/537.36 Edg/137.0.0.0"
172.16.36.181 - - [13/Jun/2025:08:50:41 +0800] "GET /manager-page/api/snapshot.php?id=12&t=0.5770351525607993 HTTP/1.1" 200 46559 "http://192.168.60.79/manager-page/home-1.php" "Mozilla/5.0 (Windows NT 10.0; Win64; x64) AppleWebKit/537.36 (KHTML, like Gecko) Chrome/137.0.0.0 Safari/537.36 Edg/137.0.0.0"
127.0.0.1 - - [13/Jun/2025:08:51:00 +0800] "GET /robot/alarm-history-in.php HTTP/1.1" 200 - "-" "python-requests/2.28.1"
111.70.30.250 - - [13/Jun/2025:08:51:28 +0800] "POST /robot/lora-in.php HTTP/1.1" 200 - "-" "python-requests/2.21.0"
172.16.36.181 - - [13/Jun/2025:08:51:41 +0800] "GET /manager-page/api/snapshot.php?id=11&t=0.22174233301312918 HTTP/1.1" 200 45189 "http://192.168.60.79/manager-page/home-1.php" "Mozilla/5.0 (Windows NT 10.0; Win64; x64) AppleWebKit/537.36 (KHTML, like Gecko) Chrome/137.0.0.0 Safari/537.36 Edg/137.0.0.0"
