127.0.0.1 - - [13/Aug/2025:08:00:00 +0800] "GET /robot/alarm-history-in.php HTTP/1.1" 200 - "-" "python-requests/2.28.1"
111.70.30.250 - - [13/Aug/2025:08:00:11 +0800] "POST /robot/lora-in.php HTTP/1.1" 200 - "-" "python-requests/2.21.0"
127.0.0.1 - - [13/Aug/2025:08:00:00 +0800] "GET /manager-page/daily/send.php HTTP/1.1" 200 - "-" "python-requests/2.28.1"
127.0.0.1 - - [13/Aug/2025:08:00:00 +0800] "GET /manager-page/daily/send2.php HTTP/1.1" 200 - "-" "python-requests/2.28.1"
127.0.0.1 - - [13/Aug/2025:08:01:00 +0800] "GET /robot/alarm-history-in.php HTTP/1.1" 200 - "-" "python-requests/2.28.1"
127.0.0.1 - - [13/Aug/2025:08:02:00 +0800] "GET /robot/alarm-history-in.php HTTP/1.1" 200 - "-" "python-requests/2.28.1"
127.0.0.1 - - [13/Aug/2025:08:03:00 +0800] "GET /robot/alarm-history-in.php HTTP/1.1" 200 - "-" "python-requests/2.28.1"
111.70.30.253 - - [13/Aug/2025:08:03:05 +0800] "POST /robot/lora-in.php HTTP/1.1" 200 - "-" "python-requests/2.21.0"
172.16.36.181 - - [13/Aug/2025:08:03:46 +0800] "GET /manager-page/home-3.php HTTP/1.1" 302 - "-" "Mozilla/5.0 (Windows NT 10.0; Win64; x64) AppleWebKit/537.36 (KHTML, like Gecko) Chrome/139.0.0.0 Safari/537.36 Edg/139.0.0.0"
172.16.36.181 - - [13/Aug/2025:08:03:46 +0800] "GET /manager-page/login.php HTTP/1.1" 200 2365 "-" "Mozilla/5.0 (Windows NT 10.0; Win64; x64) AppleWebKit/537.36 (KHTML, like Gecko) Chrome/139.0.0.0 Safari/537.36 Edg/139.0.0.0"
172.16.36.181 - - [13/Aug/2025:08:03:46 +0800] "GET /favicon.ico HTTP/1.1" 404 196 "http://192.168.60.79/manager-page/login.php" "Mozilla/5.0 (Windows NT 10.0; Win64; x64) AppleWebKit/537.36 (KHTML, like Gecko) Chrome/139.0.0.0 Safari/537.36 Edg/139.0.0.0"
172.16.36.181 - - [13/Aug/2025:08:03:57 +0800] "POST /manager-page/login.php HTTP/1.1" 302 - "http://192.168.60.79/manager-page/login.php" "Mozilla/5.0 (Windows NT 10.0; Win64; x64) AppleWebKit/537.36 (KHTML, like Gecko) Chrome/139.0.0.0 Safari/537.36 Edg/139.0.0.0"
172.16.36.181 - - [13/Aug/2025:08:03:57 +0800] "GET /manager-page/home.php HTTP/1.1" 302 - "http://192.168.60.79/manager-page/login.php" "Mozilla/5.0 (Windows NT 10.0; Win64; x64) AppleWebKit/537.36 (KHTML, like Gecko) Chrome/139.0.0.0 Safari/537.36 Edg/139.0.0.0"
172.16.36.181 - - [13/Aug/2025:08:03:57 +0800] "GET /manager-page/alarm/1-1.jpg?t=47972430 HTTP/1.1" 200 322868 "http://192.168.60.79/manager-page/home-1.php" "Mozilla/5.0 (Windows NT 10.0; Win64; x64) AppleWebKit/537.36 (KHTML, like Gecko) Chrome/139.0.0.0 Safari/537.36 Edg/139.0.0.0"
172.16.36.181 - - [13/Aug/2025:08:03:57 +0800] "GET /manager-page/alarm/1-2.jpg?t=2102299683 HTTP/1.1" 200 495492 "http://192.168.60.79/manager-page/home-1.php" "Mozilla/5.0 (Windows NT 10.0; Win64; x64) AppleWebKit/537.36 (KHTML, like Gecko) Chrome/139.0.0.0 Safari/537.36 Edg/139.0.0.0"
127.0.0.1 - - [13/Aug/2025:08:04:00 +0800] "GET /robot/alarm-history-in.php HTTP/1.1" 200 - "-" "python-requests/2.28.1"
172.16.36.181 - - [13/Aug/2025:08:03:57 +0800] "GET /manager-page/home-1.php HTTP/1.1" 200 27473 "http://192.168.60.79/manager-page/login.php" "Mozilla/5.0 (Windows NT 10.0; Win64; x64) AppleWebKit/537.36 (KHTML, like Gecko) Chrome/139.0.0.0 Safari/537.36 Edg/139.0.0.0"
172.16.36.181 - - [13/Aug/2025:08:03:57 +0800] "GET /manager-page/api/snapshot.php?id=11 HTTP/1.1" 200 41771 "http://192.168.60.79/manager-page/home-1.php" "Mozilla/5.0 (Windows NT 10.0; Win64; x64) AppleWebKit/537.36 (KHTML, like Gecko) Chrome/139.0.0.0 Safari/537.36 Edg/139.0.0.0"
172.16.36.181 - - [13/Aug/2025:08:03:57 +0800] "GET /manager-page/api/snapshot.php?id=12 HTTP/1.1" 200 40854 "http://192.168.60.79/manager-page/home-1.php" "Mozilla/5.0 (Windows NT 10.0; Win64; x64) AppleWebKit/537.36 (KHTML, like Gecko) Chrome/139.0.0.0 Safari/537.36 Edg/139.0.0.0"
172.16.36.181 - - [13/Aug/2025:08:04:00 +0800] "GET /manager-page/api/cms-status1.php HTTP/1.1" 200 12 "http://192.168.60.79/manager-page/home-1.php" "Mozilla/5.0 (Windows NT 10.0; Win64; x64) AppleWebKit/537.36 (KHTML, like Gecko) Chrome/139.0.0.0 Safari/537.36 Edg/139.0.0.0"
172.16.36.181 - - [13/Aug/2025:08:04:00 +0800] "GET /manager-page/api/lp-status1.php HTTP/1.1" 200 1 "http://192.168.60.79/manager-page/home-1.php" "Mozilla/5.0 (Windows NT 10.0; Win64; x64) AppleWebKit/537.36 (KHTML, like Gecko) Chrome/139.0.0.0 Safari/537.36 Edg/139.0.0.0"
172.16.36.181 - - [13/Aug/2025:08:04:05 +0800] "GET /manager-page/api/snapshot.php?id=11&t=0.14214506083468814 HTTP/1.1" 200 41484 "http://192.168.60.79/manager-page/home-1.php" "Mozilla/5.0 (Windows NT 10.0; Win64; x64) AppleWebKit/537.36 (KHTML, like Gecko) Chrome/139.0.0.0 Safari/537.36 Edg/139.0.0.0"
172.16.36.181 - - [13/Aug/2025:08:04:05 +0800] "GET /manager-page/api/snapshot.php?id=12&t=0.8665999743239902 HTTP/1.1" 200 40716 "http://192.168.60.79/manager-page/home-1.php" "Mozilla/5.0 (Windows NT 10.0; Win64; x64) AppleWebKit/537.36 (KHTML, like Gecko) Chrome/139.0.0.0 Safari/537.36 Edg/139.0.0.0"
172.16.36.181 - - [13/Aug/2025:08:04:35 +0800] "GET /manager-page/alarm/2-2.jpg?t=30066213 HTTP/1.1" 200 494732 "http://192.168.60.79/manager-page/home-2.php" "Mozilla/5.0 (Windows NT 10.0; Win64; x64) AppleWebKit/537.36 (KHTML, like Gecko) Chrome/139.0.0.0 Safari/537.36 Edg/139.0.0.0"
172.16.36.181 - - [13/Aug/2025:08:04:35 +0800] "GET /manager-page/alarm/2-1.jpg?t=1054569816 HTTP/1.1" 200 408168 "http://192.168.60.79/manager-page/home-2.php" "Mozilla/5.0 (Windows NT 10.0; Win64; x64) AppleWebKit/537.36 (KHTML, like Gecko) Chrome/139.0.0.0 Safari/537.36 Edg/139.0.0.0"
127.0.0.1 - - [13/Aug/2025:08:04:33 +0800] "POST /robot/et-7026-in.php HTTP/1.1" 200 - "-" "python-requests/2.32.2"
172.16.36.181 - - [13/Aug/2025:08:04:11 +0800] "GET /manager-page/home-2.php HTTP/1.1" 200 27468 "http://192.168.60.79/manager-page/home-1.php" "Mozilla/5.0 (Windows NT 10.0; Win64; x64) AppleWebKit/537.36 (KHTML, like Gecko) Chrome/139.0.0.0 Safari/537.36 Edg/139.0.0.0"
172.16.36.181 - - [13/Aug/2025:08:04:10 +0800] "GET /manager-page/api/snapshot.php?id=11&t=0.21686122484729164 HTTP/1.1" 500 - "http://192.168.60.79/manager-page/home-1.php" "Mozilla/5.0 (Windows NT 10.0; Win64; x64) AppleWebKit/537.36 (KHTML, like Gecko) Chrome/139.0.0.0 Safari/537.36 Edg/139.0.0.0"
172.16.36.181 - - [13/Aug/2025:08:04:10 +0800] "GET /manager-page/api/snapshot.php?id=12&t=0.14339528182007533 HTTP/1.1" 500 - "http://192.168.60.79/manager-page/home-1.php" "Mozilla/5.0 (Windows NT 10.0; Win64; x64) AppleWebKit/537.36 (KHTML, like Gecko) Chrome/139.0.0.0 Safari/537.36 Edg/139.0.0.0"
172.16.36.181 - - [13/Aug/2025:08:04:15 +0800] "GET /manager-page/api/snapshot.php?id=11&t=0.07155585353177374 HTTP/1.1" 500 - "http://192.168.60.79/manager-page/home-1.php" "Mozilla/5.0 (Windows NT 10.0; Win64; x64) AppleWebKit/537.36 (KHTML, like Gecko) Chrome/139.0.0.0 Safari/537.36 Edg/139.0.0.0"
172.16.36.181 - - [13/Aug/2025:08:04:15 +0800] "GET /manager-page/api/snapshot.php?id=12&t=0.6175537896286565 HTTP/1.1" 500 - "http://192.168.60.79/manager-page/home-1.php" "Mozilla/5.0 (Windows NT 10.0; Win64; x64) AppleWebKit/537.36 (KHTML, like Gecko) Chrome/139.0.0.0 Safari/537.36 Edg/139.0.0.0"
172.16.36.181 - - [13/Aug/2025:08:04:20 +0800] "GET /manager-page/api/snapshot.php?id=12&t=0.76033371538267 HTTP/1.1" 500 - "http://192.168.60.79/manager-page/home-1.php" "Mozilla/5.0 (Windows NT 10.0; Win64; x64) AppleWebKit/537.36 (KHTML, like Gecko) Chrome/139.0.0.0 Safari/537.36 Edg/139.0.0.0"
172.16.36.181 - - [13/Aug/2025:08:04:20 +0800] "GET /manager-page/api/snapshot.php?id=11&t=0.12676688108138046 HTTP/1.1" 500 - "http://192.168.60.79/manager-page/home-1.php" "Mozilla/5.0 (Windows NT 10.0; Win64; x64) AppleWebKit/537.36 (KHTML, like Gecko) Chrome/139.0.0.0 Safari/537.36 Edg/139.0.0.0"
172.16.36.181 - - [13/Aug/2025:08:04:25 +0800] "GET /manager-page/api/snapshot.php?id=11&t=0.5730976389605054 HTTP/1.1" 500 - "http://192.168.60.79/manager-page/home-1.php" "Mozilla/5.0 (Windows NT 10.0; Win64; x64) AppleWebKit/537.36 (KHTML, like Gecko) Chrome/139.0.0.0 Safari/537.36 Edg/139.0.0.0"
172.16.36.181 - - [13/Aug/2025:08:04:25 +0800] "GET /manager-page/api/snapshot.php?id=12&t=0.28461648188968536 HTTP/1.1" 500 - "http://192.168.60.79/manager-page/home-1.php" "Mozilla/5.0 (Windows NT 10.0; Win64; x64) AppleWebKit/537.36 (KHTML, like Gecko) Chrome/139.0.0.0 Safari/537.36 Edg/139.0.0.0"
172.16.36.181 - - [13/Aug/2025:08:04:30 +0800] "GET /manager-page/api/snapshot.php?id=11&t=0.8923578551545825 HTTP/1.1" 500 - "http://192.168.60.79/manager-page/home-1.php" "Mozilla/5.0 (Windows NT 10.0; Win64; x64) AppleWebKit/537.36 (KHTML, like Gecko) Chrome/139.0.0.0 Safari/537.36 Edg/139.0.0.0"
172.16.36.181 - - [13/Aug/2025:08:04:30 +0800] "GET /manager-page/api/snapshot.php?id=12&t=0.23962325694916586 HTTP/1.1" 500 - "http://192.168.60.79/manager-page/home-1.php" "Mozilla/5.0 (Windows NT 10.0; Win64; x64) AppleWebKit/537.36 (KHTML, like Gecko) Chrome/139.0.0.0 Safari/537.36 Edg/139.0.0.0"
172.16.36.181 - - [13/Aug/2025:08:04:35 +0800] "GET /manager-page/api/snapshot.php?id=22 HTTP/1.1" 500 - "http://192.168.60.79/manager-page/home-2.php" "Mozilla/5.0 (Windows NT 10.0; Win64; x64) AppleWebKit/537.36 (KHTML, like Gecko) Chrome/139.0.0.0 Safari/537.36 Edg/139.0.0.0"
172.16.36.181 - - [13/Aug/2025:08:04:35 +0800] "GET /manager-page/api/snapshot.php?id=21 HTTP/1.1" 500 - "http://192.168.60.79/manager-page/home-2.php" "Mozilla/5.0 (Windows NT 10.0; Win64; x64) AppleWebKit/537.36 (KHTML, like Gecko) Chrome/139.0.0.0 Safari/537.36 Edg/139.0.0.0"
172.16.36.181 - - [13/Aug/2025:08:04:47 +0800] "GET /manager-page/live/2-2.jpg HTTP/1.1" 200 45468 "http://192.168.60.79/manager-page/home-2.php" "Mozilla/5.0 (Windows NT 10.0; Win64; x64) AppleWebKit/537.36 (KHTML, like Gecko) Chrome/139.0.0.0 Safari/537.36 Edg/139.0.0.0"
172.16.36.181 - - [13/Aug/2025:08:04:47 +0800] "GET /manager-page/live/2-1.jpg HTTP/1.1" 200 50663 "http://192.168.60.79/manager-page/home-2.php" "Mozilla/5.0 (Windows NT 10.0; Win64; x64) AppleWebKit/537.36 (KHTML, like Gecko) Chrome/139.0.0.0 Safari/537.36 Edg/139.0.0.0"
172.16.36.181 - - [13/Aug/2025:08:04:47 +0800] "GET /manager-page/api/lp-status2.php HTTP/1.1" 200 1 "http://192.168.60.79/manager-page/home-2.php" "Mozilla/5.0 (Windows NT 10.0; Win64; x64) AppleWebKit/537.36 (KHTML, like Gecko) Chrome/139.0.0.0 Safari/537.36 Edg/139.0.0.0"
172.16.36.181 - - [13/Aug/2025:08:04:47 +0800] "GET /manager-page/api/cms-status2.php HTTP/1.1" 200 12 "http://192.168.60.79/manager-page/home-2.php" "Mozilla/5.0 (Windows NT 10.0; Win64; x64) AppleWebKit/537.36 (KHTML, like Gecko) Chrome/139.0.0.0 Safari/537.36 Edg/139.0.0.0"
172.16.36.181 - - [13/Aug/2025:08:04:52 +0800] "GET /manager-page/api/snapshot.php?id=22&t=0.6345624551688563 HTTP/1.1" 200 45904 "http://192.168.60.79/manager-page/home-2.php" "Mozilla/5.0 (Windows NT 10.0; Win64; x64) AppleWebKit/537.36 (KHTML, like Gecko) Chrome/139.0.0.0 Safari/537.36 Edg/139.0.0.0"
172.16.36.181 - - [13/Aug/2025:08:04:52 +0800] "GET /manager-page/api/snapshot.php?id=21&t=0.5597698642721255 HTTP/1.1" 200 49183 "http://192.168.60.79/manager-page/home-2.php" "Mozilla/5.0 (Windows NT 10.0; Win64; x64) AppleWebKit/537.36 (KHTML, like Gecko) Chrome/139.0.0.0 Safari/537.36 Edg/139.0.0.0"
172.16.36.181 - - [13/Aug/2025:08:04:57 +0800] "GET /manager-page/api/snapshot.php?id=22&t=0.5582192889995926 HTTP/1.1" 200 46333 "http://192.168.60.79/manager-page/home-2.php" "Mozilla/5.0 (Windows NT 10.0; Win64; x64) AppleWebKit/537.36 (KHTML, like Gecko) Chrome/139.0.0.0 Safari/537.36 Edg/139.0.0.0"
172.16.36.181 - - [13/Aug/2025:08:04:57 +0800] "GET /manager-page/api/snapshot.php?id=21&t=0.9044501533310386 HTTP/1.1" 500 - "http://192.168.60.79/manager-page/home-2.php" "Mozilla/5.0 (Windows NT 10.0; Win64; x64) AppleWebKit/537.36 (KHTML, like Gecko) Chrome/139.0.0.0 Safari/537.36 Edg/139.0.0.0"
127.0.0.1 - - [13/Aug/2025:08:05:00 +0800] "GET /robot/alarm-history-in.php HTTP/1.1" 200 - "-" "python-requests/2.28.1"
172.16.36.181 - - [13/Aug/2025:08:05:02 +0800] "GET /manager-page/api/snapshot.php?id=22&t=0.4815212803919221 HTTP/1.1" 500 - "http://192.168.60.79/manager-page/home-2.php" "Mozilla/5.0 (Windows NT 10.0; Win64; x64) AppleWebKit/537.36 (KHTML, like Gecko) Chrome/139.0.0.0 Safari/537.36 Edg/139.0.0.0"
172.16.36.181 - - [13/Aug/2025:08:05:02 +0800] "GET /manager-page/api/snapshot.php?id=21&t=0.7126133288267706 HTTP/1.1" 500 - "http://192.168.60.79/manager-page/home-2.php" "Mozilla/5.0 (Windows NT 10.0; Win64; x64) AppleWebKit/537.36 (KHTML, like Gecko) Chrome/139.0.0.0 Safari/537.36 Edg/139.0.0.0"
172.16.36.181 - - [13/Aug/2025:08:05:33 +0800] "GET /manager-page/alarm/3-1.jpg?t=167949787 HTTP/1.1" 200 520364 "http://192.168.60.79/manager-page/home-3.php" "Mozilla/5.0 (Windows NT 10.0; Win64; x64) AppleWebKit/537.36 (KHTML, like Gecko) Chrome/139.0.0.0 Safari/537.36 Edg/139.0.0.0"
172.16.36.181 - - [13/Aug/2025:08:05:33 +0800] "GET /manager-page/alarm/3-2.jpg?t=1010667541 HTTP/1.1" 200 187208 "http://192.168.60.79/manager-page/home-3.php" "Mozilla/5.0 (Windows NT 10.0; Win64; x64) AppleWebKit/537.36 (KHTML, like Gecko) Chrome/139.0.0.0 Safari/537.36 Edg/139.0.0.0"
127.0.0.1 - - [13/Aug/2025:08:05:41 +0800] "GET /get-setting.json HTTP/1.1" 200 2314 "-" "python-requests/2.31.0"
172.16.36.181 - - [13/Aug/2025:08:05:04 +0800] "GET /manager-page/home-3.php HTTP/1.1" 200 27478 "http://192.168.60.79/manager-page/home-2.php" "Mozilla/5.0 (Windows NT 10.0; Win64; x64) AppleWebKit/537.36 (KHTML, like Gecko) Chrome/139.0.0.0 Safari/537.36 Edg/139.0.0.0"
172.16.36.181 - - [13/Aug/2025:08:05:07 +0800] "GET /manager-page/api/snapshot.php?id=22&t=0.9085051592232014 HTTP/1.1" 500 - "http://192.168.60.79/manager-page/home-2.php" "Mozilla/5.0 (Windows NT 10.0; Win64; x64) AppleWebKit/537.36 (KHTML, like Gecko) Chrome/139.0.0.0 Safari/537.36 Edg/139.0.0.0"
172.16.36.181 - - [13/Aug/2025:08:05:07 +0800] "GET /manager-page/api/snapshot.php?id=21&t=0.2122977950792394 HTTP/1.1" 500 - "http://192.168.60.79/manager-page/home-2.php" "Mozilla/5.0 (Windows NT 10.0; Win64; x64) AppleWebKit/537.36 (KHTML, like Gecko) Chrome/139.0.0.0 Safari/537.36 Edg/139.0.0.0"
172.16.36.181 - - [13/Aug/2025:08:05:12 +0800] "GET /manager-page/api/snapshot.php?id=22&t=0.6649413055486876 HTTP/1.1" 500 - "http://192.168.60.79/manager-page/home-2.php" "Mozilla/5.0 (Windows NT 10.0; Win64; x64) AppleWebKit/537.36 (KHTML, like Gecko) Chrome/139.0.0.0 Safari/537.36 Edg/139.0.0.0"
172.16.36.181 - - [13/Aug/2025:08:05:12 +0800] "GET /manager-page/api/snapshot.php?id=21&t=0.7114539634992041 HTTP/1.1" 500 - "http://192.168.60.79/manager-page/home-2.php" "Mozilla/5.0 (Windows NT 10.0; Win64; x64) AppleWebKit/537.36 (KHTML, like Gecko) Chrome/139.0.0.0 Safari/537.36 Edg/139.0.0.0"
172.16.36.181 - - [13/Aug/2025:08:05:17 +0800] "GET /manager-page/api/snapshot.php?id=22&t=0.21103497146801564 HTTP/1.1" 500 - "http://192.168.60.79/manager-page/home-2.php" "Mozilla/5.0 (Windows NT 10.0; Win64; x64) AppleWebKit/537.36 (KHTML, like Gecko) Chrome/139.0.0.0 Safari/537.36 Edg/139.0.0.0"
172.16.36.181 - - [13/Aug/2025:08:05:17 +0800] "GET /manager-page/api/snapshot.php?id=21&t=0.2279895722272678 HTTP/1.1" 500 - "http://192.168.60.79/manager-page/home-2.php" "Mozilla/5.0 (Windows NT 10.0; Win64; x64) AppleWebKit/537.36 (KHTML, like Gecko) Chrome/139.0.0.0 Safari/537.36 Edg/139.0.0.0"
127.0.0.1 - - [13/Aug/2025:08:06:00 +0800] "GET /robot/alarm-history-in.php HTTP/1.1" 200 - "-" "python-requests/2.28.1"
172.16.36.181 - - [13/Aug/2025:08:05:32 +0800] "GET /manager-page/api/snapshot.php?id=21&t=0.5322239493233769 HTTP/1.1" 500 - "http://192.168.60.79/manager-page/home-2.php" "Mozilla/5.0 (Windows NT 10.0; Win64; x64) AppleWebKit/537.36 (KHTML, like Gecko) Chrome/139.0.0.0 Safari/537.36 Edg/139.0.0.0"
172.16.36.181 - - [13/Aug/2025:08:05:27 +0800] "GET /manager-page/api/snapshot.php?id=22&t=0.8573889038241367 HTTP/1.1" 500 - "http://192.168.60.79/manager-page/home-2.php" "Mozilla/5.0 (Windows NT 10.0; Win64; x64) AppleWebKit/537.36 (KHTML, like Gecko) Chrome/139.0.0.0 Safari/537.36 Edg/139.0.0.0"
172.16.36.181 - - [13/Aug/2025:08:05:32 +0800] "GET /manager-page/api/snapshot.php?id=22&t=0.7146546718171344 HTTP/1.1" 500 - "http://192.168.60.79/manager-page/home-2.php" "Mozilla/5.0 (Windows NT 10.0; Win64; x64) AppleWebKit/537.36 (KHTML, like Gecko) Chrome/139.0.0.0 Safari/537.36 Edg/139.0.0.0"
172.16.36.181 - - [13/Aug/2025:08:06:22 +0800] "GET /manager-page/api/snapshot.php?id=31&t=0.9515282241841715 HTTP/1.1" 500 - "http://192.168.60.79/manager-page/home-3.php" "Mozilla/5.0 (Windows NT 10.0; Win64; x64) AppleWebKit/537.36 (KHTML, like Gecko) Chrome/139.0.0.0 Safari/537.36 Edg/139.0.0.0"
172.16.36.181 - - [13/Aug/2025:08:05:22 +0800] "GET /manager-page/api/snapshot.php?id=21&t=0.4256264421532725 HTTP/1.1" 500 - "http://192.168.60.79/manager-page/home-2.php" "Mozilla/5.0 (Windows NT 10.0; Win64; x64) AppleWebKit/537.36 (KHTML, like Gecko) Chrome/139.0.0.0 Safari/537.36 Edg/139.0.0.0"
172.16.36.181 - - [13/Aug/2025:08:05:22 +0800] "GET /manager-page/api/snapshot.php?id=22&t=0.9646200742622831 HTTP/1.1" 500 - "http://192.168.60.79/manager-page/home-2.php" "Mozilla/5.0 (Windows NT 10.0; Win64; x64) AppleWebKit/537.36 (KHTML, like Gecko) Chrome/139.0.0.0 Safari/537.36 Edg/139.0.0.0"
172.16.36.181 - - [13/Aug/2025:08:05:27 +0800] "GET /manager-page/api/snapshot.php?id=21&t=0.27924691022867243 HTTP/1.1" 500 - "http://192.168.60.79/manager-page/home-2.php" "Mozilla/5.0 (Windows NT 10.0; Win64; x64) AppleWebKit/537.36 (KHTML, like Gecko) Chrome/139.0.0.0 Safari/537.36 Edg/139.0.0.0"
127.0.0.1 - - [13/Aug/2025:08:05:52 +0800] "POST /robot/lora-in.php HTTP/1.1" 500 - "-" "python-requests/2.31.0"
172.16.36.181 - - [13/Aug/2025:08:05:33 +0800] "GET /manager-page/api/snapshot.php?id=32 HTTP/1.1" 500 - "http://192.168.60.79/manager-page/home-3.php" "Mozilla/5.0 (Windows NT 10.0; Win64; x64) AppleWebKit/537.36 (KHTML, like Gecko) Chrome/139.0.0.0 Safari/537.36 Edg/139.0.0.0"
172.16.36.181 - - [13/Aug/2025:08:05:33 +0800] "GET /manager-page/api/snapshot.php?id=31 HTTP/1.1" 500 - "http://192.168.60.79/manager-page/home-3.php" "Mozilla/5.0 (Windows NT 10.0; Win64; x64) AppleWebKit/537.36 (KHTML, like Gecko) Chrome/139.0.0.0 Safari/537.36 Edg/139.0.0.0"
172.16.36.181 - - [13/Aug/2025:08:05:52 +0800] "GET /manager-page/api/lp-status3.php HTTP/1.1" 500 - "http://192.168.60.79/manager-page/home-3.php" "Mozilla/5.0 (Windows NT 10.0; Win64; x64) AppleWebKit/537.36 (KHTML, like Gecko) Chrome/139.0.0.0 Safari/537.36 Edg/139.0.0.0"
172.16.36.181 - - [13/Aug/2025:08:05:52 +0800] "GET /manager-page/api/cms-status3.php HTTP/1.1" 500 - "http://192.168.60.79/manager-page/home-3.php" "Mozilla/5.0 (Windows NT 10.0; Win64; x64) AppleWebKit/537.36 (KHTML, like Gecko) Chrome/139.0.0.0 Safari/537.36 Edg/139.0.0.0"
127.0.0.1 - - [13/Aug/2025:08:06:34 +0800] "POST /robot/et-7026-in.php HTTP/1.1" 200 - "-" "python-requests/2.32.2"
172.16.36.181 - - [13/Aug/2025:08:05:57 +0800] "GET /manager-page/api/snapshot.php?id=31&t=0.9958832501104428 HTTP/1.1" 500 - "http://192.168.60.79/manager-page/home-3.php" "Mozilla/5.0 (Windows NT 10.0; Win64; x64) AppleWebKit/537.36 (KHTML, like Gecko) Chrome/139.0.0.0 Safari/537.36 Edg/139.0.0.0"
172.16.36.181 - - [13/Aug/2025:08:06:02 +0800] "GET /manager-page/api/snapshot.php?id=31&t=0.7673914690958553 HTTP/1.1" 500 - "http://192.168.60.79/manager-page/home-3.php" "Mozilla/5.0 (Windows NT 10.0; Win64; x64) AppleWebKit/537.36 (KHTML, like Gecko) Chrome/139.0.0.0 Safari/537.36 Edg/139.0.0.0"
172.16.36.181 - - [13/Aug/2025:08:06:07 +0800] "GET /manager-page/api/snapshot.php?id=31&t=0.8702492580054524 HTTP/1.1" 500 - "http://192.168.60.79/manager-page/home-3.php" "Mozilla/5.0 (Windows NT 10.0; Win64; x64) AppleWebKit/537.36 (KHTML, like Gecko) Chrome/139.0.0.0 Safari/537.36 Edg/139.0.0.0"
172.16.36.181 - - [13/Aug/2025:08:06:12 +0800] "GET /manager-page/api/snapshot.php?id=31&t=0.08126477022196887 HTTP/1.1" 500 - "http://192.168.60.79/manager-page/home-3.php" "Mozilla/5.0 (Windows NT 10.0; Win64; x64) AppleWebKit/537.36 (KHTML, like Gecko) Chrome/139.0.0.0 Safari/537.36 Edg/139.0.0.0"
172.16.36.181 - - [13/Aug/2025:08:06:17 +0800] "GET /manager-page/api/snapshot.php?id=31&t=0.4791428276562435 HTTP/1.1" 500 - "http://192.168.60.79/manager-page/home-3.php" "Mozilla/5.0 (Windows NT 10.0; Win64; x64) AppleWebKit/537.36 (KHTML, like Gecko) Chrome/139.0.0.0 Safari/537.36 Edg/139.0.0.0"
172.16.36.181 - - [13/Aug/2025:08:06:33 +0800] "GET /manager-page/api/snapshot.php?id=31&t=0.935494312630076 HTTP/1.1" 500 - "http://192.168.60.79/manager-page/home-3.php" "Mozilla/5.0 (Windows NT 10.0; Win64; x64) AppleWebKit/537.36 (KHTML, like Gecko) Chrome/139.0.0.0 Safari/537.36 Edg/139.0.0.0"
127.0.0.1 - - [13/Aug/2025:08:06:16 +0800] "POST /robot/lora-in.php HTTP/1.1" 200 - "-" "python-requests/2.31.0"
127.0.0.1 - - [13/Aug/2025:08:06:39 +0800] "POST /robot/lora-in.php HTTP/1.1" 200 - "-" "python-requests/2.31.0"
127.0.0.1 - - [13/Aug/2025:08:07:00 +0800] "GET /robot/alarm-history-in.php HTTP/1.1" 200 - "-" "python-requests/2.28.1"
172.16.36.181 - - [13/Aug/2025:08:06:45 +0800] "GET /manager-page/api/snapshot.php?id=31&t=0.819175986354427 HTTP/1.1" 200 50483 "http://192.168.60.79/manager-page/home-3.php" "Mozilla/5.0 (Windows NT 10.0; Win64; x64) AppleWebKit/537.36 (KHTML, like Gecko) Chrome/139.0.0.0 Safari/537.36 Edg/139.0.0.0"
172.16.36.181 - - [13/Aug/2025:08:07:01 +0800] "GET /manager-page/api/snapshot.php?id=32&t=0.4775765755788133 HTTP/1.1" 200 46648 "http://192.168.60.79/manager-page/home-3.php" "Mozilla/5.0 (Windows NT 10.0; Win64; x64) AppleWebKit/537.36 (KHTML, like Gecko) Chrome/139.0.0.0 Safari/537.36 Edg/139.0.0.0"
172.16.36.181 - - [13/Aug/2025:08:07:02 +0800] "GET /manager-page/api/snapshot.php?id=32&t=0.9788180495385299 HTTP/1.1" 200 46775 "http://192.168.60.79/manager-page/home-3.php" "Mozilla/5.0 (Windows NT 10.0; Win64; x64) AppleWebKit/537.36 (KHTML, like Gecko) Chrome/139.0.0.0 Safari/537.36 Edg/139.0.0.0"
172.16.36.181 - - [13/Aug/2025:08:07:02 +0800] "GET /manager-page/api/snapshot.php?id=31&t=0.4182432596105151 HTTP/1.1" 500 - "http://192.168.60.79/manager-page/home-3.php" "Mozilla/5.0 (Windows NT 10.0; Win64; x64) AppleWebKit/537.36 (KHTML, like Gecko) Chrome/139.0.0.0 Safari/537.36 Edg/139.0.0.0"
172.16.36.181 - - [13/Aug/2025:08:07:23 +0800] "GET /manager-page/live/3-1.jpg HTTP/1.1" 200 50182 "http://192.168.60.79/manager-page/home-3.php" "Mozilla/5.0 (Windows NT 10.0; Win64; x64) AppleWebKit/537.36 (KHTML, like Gecko) Chrome/139.0.0.0 Safari/537.36 Edg/139.0.0.0"
127.0.0.1 - - [13/Aug/2025:08:07:02 +0800] "POST /robot/lora-in.php HTTP/1.1" 200 - "-" "python-requests/2.31.0"
127.0.0.1 - - [13/Aug/2025:08:07:25 +0800] "POST /robot/lora-in.php HTTP/1.1" 200 - "-" "python-requests/2.31.0"
111.70.30.251 - - [13/Aug/2025:08:07:55 +0800] "POST /robot/lora-in.php HTTP/1.1" 200 - "-" "python-requests/2.21.0"
127.0.0.1 - - [13/Aug/2025:08:07:50 +0800] "POST /robot/lora-in.php HTTP/1.1" 200 - "-" "python-requests/2.31.0"
172.16.36.181 - - [13/Aug/2025:08:07:45 +0800] "GET /manager-page/api/snapshot.php?id=32&t=0.27794291338313526 HTTP/1.1" 200 46991 "http://192.168.60.79/manager-page/home-3.php" "Mozilla/5.0 (Windows NT 10.0; Win64; x64) AppleWebKit/537.36 (KHTML, like Gecko) Chrome/139.0.0.0 Safari/537.36 Edg/139.0.0.0"
172.16.36.181 - - [13/Aug/2025:08:07:45 +0800] "GET /manager-page/api/snapshot.php?id=31&t=0.5943296000616038 HTTP/1.1" 200 50850 "http://192.168.60.79/manager-page/home-3.php" "Mozilla/5.0 (Windows NT 10.0; Win64; x64) AppleWebKit/537.36 (KHTML, like Gecko) Chrome/139.0.0.0 Safari/537.36 Edg/139.0.0.0"
127.0.0.1 - - [13/Aug/2025:08:08:00 +0800] "GET /robot/alarm-history-in.php HTTP/1.1" 200 - "-" "python-requests/2.28.1"
127.0.0.1 - - [13/Aug/2025:08:08:04 +0800] "POST /robot/et-7026-in.php HTTP/1.1" 200 - "-" "python-requests/2.32.2"
127.0.0.1 - - [13/Aug/2025:08:08:03 +0800] "POST /robot/lora-in.php HTTP/1.1" 200 - "-" "python-requests/2.31.0"
127.0.0.1 - - [13/Aug/2025:08:08:19 +0800] "POST /robot/lora-in.php HTTP/1.1" 200 - "-" "python-requests/2.31.0"
172.16.36.181 - - [13/Aug/2025:08:08:45 +0800] "GET /manager-page/api/snapshot.php?id=31&t=0.25827486678573264 HTTP/1.1" 200 51112 "http://192.168.60.79/manager-page/home-3.php" "Mozilla/5.0 (Windows NT 10.0; Win64; x64) AppleWebKit/537.36 (KHTML, like Gecko) Chrome/139.0.0.0 Safari/537.36 Edg/139.0.0.0"
172.16.36.181 - - [13/Aug/2025:08:08:45 +0800] "GET /manager-page/api/snapshot.php?id=32&t=0.5435370868584988 HTTP/1.1" 200 47494 "http://192.168.60.79/manager-page/home-3.php" "Mozilla/5.0 (Windows NT 10.0; Win64; x64) AppleWebKit/537.36 (KHTML, like Gecko) Chrome/139.0.0.0 Safari/537.36 Edg/139.0.0.0"
127.0.0.1 - - [13/Aug/2025:08:09:00 +0800] "GET /robot/alarm-history-in.php HTTP/1.1" 200 - "-" "python-requests/2.28.1"
127.0.0.1 - - [13/Aug/2025:08:09:29 +0800] "POST /robot/et-7026-in.php HTTP/1.1" 200 - "-" "python-requests/2.32.2"
172.16.36.181 - - [13/Aug/2025:08:09:45 +0800] "GET /manager-page/api/snapshot.php?id=31&t=0.3353496328389811 HTTP/1.1" 200 51621 "http://192.168.60.79/manager-page/home-3.php" "Mozilla/5.0 (Windows NT 10.0; Win64; x64) AppleWebKit/537.36 (KHTML, like Gecko) Chrome/139.0.0.0 Safari/537.36 Edg/139.0.0.0"
172.16.36.181 - - [13/Aug/2025:08:09:45 +0800] "GET /manager-page/api/snapshot.php?id=32&t=0.5984734631086308 HTTP/1.1" 200 48059 "http://192.168.60.79/manager-page/home-3.php" "Mozilla/5.0 (Windows NT 10.0; Win64; x64) AppleWebKit/537.36 (KHTML, like Gecko) Chrome/139.0.0.0 Safari/537.36 Edg/139.0.0.0"
127.0.0.1 - - [13/Aug/2025:08:10:00 +0800] "GET /robot/alarm-history-in.php HTTP/1.1" 200 - "-" "python-requests/2.28.1"
172.16.36.181 - - [13/Aug/2025:08:10:45 +0800] "GET /manager-page/api/snapshot.php?id=32&t=0.8156981935564842 HTTP/1.1" 200 48768 "http://192.168.60.79/manager-page/home-3.php" "Mozilla/5.0 (Windows NT 10.0; Win64; x64) AppleWebKit/537.36 (KHTML, like Gecko) Chrome/139.0.0.0 Safari/537.36 Edg/139.0.0.0"
172.16.36.181 - - [13/Aug/2025:08:10:45 +0800] "GET /manager-page/api/snapshot.php?id=31&t=0.17861662867153527 HTTP/1.1" 200 51771 "http://192.168.60.79/manager-page/home-3.php" "Mozilla/5.0 (Windows NT 10.0; Win64; x64) AppleWebKit/537.36 (KHTML, like Gecko) Chrome/139.0.0.0 Safari/537.36 Edg/139.0.0.0"
127.0.0.1 - - [13/Aug/2025:08:11:00 +0800] "GET /robot/alarm-history-in.php HTTP/1.1" 200 - "-" "python-requests/2.28.1"
172.16.36.181 - - [13/Aug/2025:08:11:45 +0800] "GET /manager-page/api/snapshot.php?id=32&t=0.18482911340467634 HTTP/1.1" 200 49774 "http://192.168.60.79/manager-page/home-3.php" "Mozilla/5.0 (Windows NT 10.0; Win64; x64) AppleWebKit/537.36 (KHTML, like Gecko) Chrome/139.0.0.0 Safari/537.36 Edg/139.0.0.0"
172.16.36.181 - - [13/Aug/2025:08:11:45 +0800] "GET /manager-page/api/snapshot.php?id=31&t=0.020339723845242963 HTTP/1.1" 200 51975 "http://192.168.60.79/manager-page/home-3.php" "Mozilla/5.0 (Windows NT 10.0; Win64; x64) AppleWebKit/537.36 (KHTML, like Gecko) Chrome/139.0.0.0 Safari/537.36 Edg/139.0.0.0"
127.0.0.1 - - [13/Aug/2025:08:12:00 +0800] "GET /robot/alarm-history-in.php HTTP/1.1" 200 - "-" "python-requests/2.28.1"
111.70.30.252 - - [13/Aug/2025:08:11:39 +0800] "POST /robot/lora-in.php HTTP/1.1" 200 - "-" "python-requests/2.21.0"
111.70.30.253 - - [13/Aug/2025:08:11:50 +0800] "POST /robot/lora-in.php HTTP/1.1" 200 - "-" "python-requests/2.21.0"
172.16.36.181 - - [13/Aug/2025:08:12:45 +0800] "GET /manager-page/api/snapshot.php?id=32&t=0.8624171893082164 HTTP/1.1" 200 49783 "http://192.168.60.79/manager-page/home-3.php" "Mozilla/5.0 (Windows NT 10.0; Win64; x64) AppleWebKit/537.36 (KHTML, like Gecko) Chrome/139.0.0.0 Safari/537.36 Edg/139.0.0.0"
172.16.36.181 - - [13/Aug/2025:08:12:45 +0800] "GET /manager-page/api/snapshot.php?id=31&t=0.28266494079549864 HTTP/1.1" 200 51758 "http://192.168.60.79/manager-page/home-3.php" "Mozilla/5.0 (Windows NT 10.0; Win64; x64) AppleWebKit/537.36 (KHTML, like Gecko) Chrome/139.0.0.0 Safari/537.36 Edg/139.0.0.0"
127.0.0.1 - - [13/Aug/2025:08:13:00 +0800] "GET /robot/alarm-history-in.php HTTP/1.1" 200 - "-" "python-requests/2.28.1"
172.16.36.181 - - [13/Aug/2025:08:13:45 +0800] "GET /manager-page/api/snapshot.php?id=31&t=0.6959717453875919 HTTP/1.1" 200 52103 "http://192.168.60.79/manager-page/home-3.php" "Mozilla/5.0 (Windows NT 10.0; Win64; x64) AppleWebKit/537.36 (KHTML, like Gecko) Chrome/139.0.0.0 Safari/537.36 Edg/139.0.0.0"
172.16.36.181 - - [13/Aug/2025:08:13:45 +0800] "GET /manager-page/api/snapshot.php?id=32&t=0.23048178382400963 HTTP/1.1" 200 50087 "http://192.168.60.79/manager-page/home-3.php" "Mozilla/5.0 (Windows NT 10.0; Win64; x64) AppleWebKit/537.36 (KHTML, like Gecko) Chrome/139.0.0.0 Safari/537.36 Edg/139.0.0.0"
127.0.0.1 - - [13/Aug/2025:08:14:00 +0800] "GET /robot/alarm-history-in.php HTTP/1.1" 200 - "-" "python-requests/2.28.1"
127.0.0.1 - - [13/Aug/2025:08:14:33 +0800] "POST /robot/et-7026-in.php HTTP/1.1" 200 - "-" "python-requests/2.32.2"
172.16.36.181 - - [13/Aug/2025:08:14:45 +0800] "GET /manager-page/api/snapshot.php?id=31&t=0.05889433911961417 HTTP/1.1" 200 52863 "http://192.168.60.79/manager-page/home-3.php" "Mozilla/5.0 (Windows NT 10.0; Win64; x64) AppleWebKit/537.36 (KHTML, like Gecko) Chrome/139.0.0.0 Safari/537.36 Edg/139.0.0.0"
172.16.36.181 - - [13/Aug/2025:08:14:45 +0800] "GET /manager-page/api/snapshot.php?id=32&t=0.7093077309077861 HTTP/1.1" 200 50684 "http://192.168.60.79/manager-page/home-3.php" "Mozilla/5.0 (Windows NT 10.0; Win64; x64) AppleWebKit/537.36 (KHTML, like Gecko) Chrome/139.0.0.0 Safari/537.36 Edg/139.0.0.0"
127.0.0.1 - - [13/Aug/2025:08:15:00 +0800] "GET /robot/alarm-history-in.php HTTP/1.1" 200 - "-" "python-requests/2.28.1"
127.0.0.1 - - [13/Aug/2025:08:15:41 +0800] "GET /get-setting.json HTTP/1.1" 200 2314 "-" "python-requests/2.31.0"
127.0.0.1 - - [13/Aug/2025:08:15:48 +0800] "POST /robot/lora-in.php HTTP/1.1" 200 - "-" "python-requests/2.31.0"
172.16.36.181 - - [13/Aug/2025:08:15:45 +0800] "GET /manager-page/api/snapshot.php?id=31&t=0.8565479972174161 HTTP/1.1" 200 59525 "http://192.168.60.79/manager-page/home-3.php" "Mozilla/5.0 (Windows NT 10.0; Win64; x64) AppleWebKit/537.36 (KHTML, like Gecko) Chrome/139.0.0.0 Safari/537.36 Edg/139.0.0.0"
172.16.36.181 - - [13/Aug/2025:08:15:45 +0800] "GET /manager-page/api/snapshot.php?id=32&t=0.9815775852677554 HTTP/1.1" 200 53399 "http://192.168.60.79/manager-page/home-3.php" "Mozilla/5.0 (Windows NT 10.0; Win64; x64) AppleWebKit/537.36 (KHTML, like Gecko) Chrome/139.0.0.0 Safari/537.36 Edg/139.0.0.0"
127.0.0.1 - - [13/Aug/2025:08:15:55 +0800] "POST /robot/lora-in.php HTTP/1.1" 200 - "-" "python-requests/2.31.0"
127.0.0.1 - - [13/Aug/2025:08:16:00 +0800] "GET /robot/alarm-history-in.php HTTP/1.1" 200 - "-" "python-requests/2.28.1"
127.0.0.1 - - [13/Aug/2025:08:16:14 +0800] "POST /robot/lora-in.php HTTP/1.1" 200 - "-" "python-requests/2.31.0"
127.0.0.1 - - [13/Aug/2025:08:16:25 +0800] "POST /robot/lora-in.php HTTP/1.1" 200 - "-" "python-requests/2.31.0"
172.16.36.181 - - [13/Aug/2025:08:16:33 +0800] "GET /manager-page/api/snapshot.php?id=31&t=0.36587637553034225 HTTP/1.1" 200 55104 "http://192.168.60.79/manager-page/home-3.php" "Mozilla/5.0 (Windows NT 10.0; Win64; x64) AppleWebKit/537.36 (KHTML, like Gecko) Chrome/139.0.0.0 Safari/537.36 Edg/139.0.0.0"
111.70.30.251 - - [13/Aug/2025:08:16:31 +0800] "POST /robot/lora-in.php HTTP/1.1" 200 - "-" "python-requests/2.21.0"
172.16.36.181 - - [13/Aug/2025:08:16:33 +0800] "GET /manager-page/api/snapshot.php?id=32&t=0.3166581354788274 HTTP/1.1" 500 - "http://192.168.60.79/manager-page/home-3.php" "Mozilla/5.0 (Windows NT 10.0; Win64; x64) AppleWebKit/537.36 (KHTML, like Gecko) Chrome/139.0.0.0 Safari/537.36 Edg/139.0.0.0"
127.0.0.1 - - [13/Aug/2025:08:16:34 +0800] "POST /robot/et-7026-in.php HTTP/1.1" 200 - "-" "python-requests/2.32.2"
172.16.36.181 - - [13/Aug/2025:08:16:37 +0800] "GET /manager-page/api/snapshot.php?id=31&t=0.19163003456969208 HTTP/1.1" 500 - "http://192.168.60.79/manager-page/home-3.php" "Mozilla/5.0 (Windows NT 10.0; Win64; x64) AppleWebKit/537.36 (KHTML, like Gecko) Chrome/139.0.0.0 Safari/537.36 Edg/139.0.0.0"
172.16.36.181 - - [13/Aug/2025:08:16:42 +0800] "GET /manager-page/api/snapshot.php?id=32&t=0.7643709879258263 HTTP/1.1" 500 - "http://192.168.60.79/manager-page/home-3.php" "Mozilla/5.0 (Windows NT 10.0; Win64; x64) AppleWebKit/537.36 (KHTML, like Gecko) Chrome/139.0.0.0 Safari/537.36 Edg/139.0.0.0"
172.16.36.181 - - [13/Aug/2025:08:16:37 +0800] "GET /manager-page/api/snapshot.php?id=32&t=0.7957686985198844 HTTP/1.1" 500 - "http://192.168.60.79/manager-page/home-3.php" "Mozilla/5.0 (Windows NT 10.0; Win64; x64) AppleWebKit/537.36 (KHTML, like Gecko) Chrome/139.0.0.0 Safari/537.36 Edg/139.0.0.0"
172.16.36.181 - - [13/Aug/2025:08:16:42 +0800] "GET /manager-page/api/snapshot.php?id=31&t=0.6153724674088931 HTTP/1.1" 500 - "http://192.168.60.79/manager-page/home-3.php" "Mozilla/5.0 (Windows NT 10.0; Win64; x64) AppleWebKit/537.36 (KHTML, like Gecko) Chrome/139.0.0.0 Safari/537.36 Edg/139.0.0.0"
127.0.0.1 - - [13/Aug/2025:08:16:36 +0800] "POST /robot/lora-in.php HTTP/1.1" 200 - "-" "python-requests/2.31.0"
127.0.0.1 - - [13/Aug/2025:08:16:55 +0800] "POST /robot/lora-in.php HTTP/1.1" 200 - "-" "python-requests/2.31.0"
172.16.36.181 - - [13/Aug/2025:08:17:05 +0800] "GET /manager-page/alarm/3-2.jpg?t=543731087 HTTP/1.1" 200 187208 "http://192.168.60.79/manager-page/home-3.php" "Mozilla/5.0 (Windows NT 10.0; Win64; x64) AppleWebKit/537.36 (KHTML, like Gecko) Chrome/139.0.0.0 Safari/537.36 Edg/139.0.0.0"
172.16.36.181 - - [13/Aug/2025:08:17:05 +0800] "GET /manager-page/alarm/3-1.jpg?t=824112226 HTTP/1.1" 200 520364 "http://192.168.60.79/manager-page/home-3.php" "Mozilla/5.0 (Windows NT 10.0; Win64; x64) AppleWebKit/537.36 (KHTML, like Gecko) Chrome/139.0.0.0 Safari/537.36 Edg/139.0.0.0"
127.0.0.1 - - [13/Aug/2025:08:17:00 +0800] "GET /robot/alarm-history-in.php HTTP/1.1" 200 - "-" "python-requests/2.28.1"
172.16.36.181 - - [13/Aug/2025:08:16:45 +0800] "GET /manager-page/home-3.php HTTP/1.1" 200 27480 "http://192.168.60.79/manager-page/home-2.php" "Mozilla/5.0 (Windows NT 10.0; Win64; x64) AppleWebKit/537.36 (KHTML, like Gecko) Chrome/139.0.0.0 Safari/537.36 Edg/139.0.0.0"
172.16.36.181 - - [13/Aug/2025:08:16:47 +0800] "GET /manager-page/api/snapshot.php?id=32&t=0.06590134166281214 HTTP/1.1" 500 - "http://192.168.60.79/manager-page/home-3.php" "Mozilla/5.0 (Windows NT 10.0; Win64; x64) AppleWebKit/537.36 (KHTML, like Gecko) Chrome/139.0.0.0 Safari/537.36 Edg/139.0.0.0"
172.16.36.181 - - [13/Aug/2025:08:16:47 +0800] "GET /manager-page/api/snapshot.php?id=31&t=0.33949780874109214 HTTP/1.1" 500 - "http://192.168.60.79/manager-page/home-3.php" "Mozilla/5.0 (Windows NT 10.0; Win64; x64) AppleWebKit/537.36 (KHTML, like Gecko) Chrome/139.0.0.0 Safari/537.36 Edg/139.0.0.0"
172.16.36.181 - - [13/Aug/2025:08:16:57 +0800] "GET /manager-page/api/snapshot.php?id=32&t=0.5023304444877973 HTTP/1.1" 500 - "http://192.168.60.79/manager-page/home-3.php" "Mozilla/5.0 (Windows NT 10.0; Win64; x64) AppleWebKit/537.36 (KHTML, like Gecko) Chrome/139.0.0.0 Safari/537.36 Edg/139.0.0.0"
172.16.36.181 - - [13/Aug/2025:08:16:57 +0800] "GET /manager-page/api/snapshot.php?id=31&t=0.8431037632465517 HTTP/1.1" 500 - "http://192.168.60.79/manager-page/home-3.php" "Mozilla/5.0 (Windows NT 10.0; Win64; x64) AppleWebKit/537.36 (KHTML, like Gecko) Chrome/139.0.0.0 Safari/537.36 Edg/139.0.0.0"
172.16.36.181 - - [13/Aug/2025:08:16:52 +0800] "GET /manager-page/api/snapshot.php?id=31&t=0.33919156384010407 HTTP/1.1" 500 - "http://192.168.60.79/manager-page/home-3.php" "Mozilla/5.0 (Windows NT 10.0; Win64; x64) AppleWebKit/537.36 (KHTML, like Gecko) Chrome/139.0.0.0 Safari/537.36 Edg/139.0.0.0"
172.16.36.181 - - [13/Aug/2025:08:17:02 +0800] "GET /manager-page/api/snapshot.php?id=31&t=0.7851839802695301 HTTP/1.1" 500 - "http://192.168.60.79/manager-page/home-3.php" "Mozilla/5.0 (Windows NT 10.0; Win64; x64) AppleWebKit/537.36 (KHTML, like Gecko) Chrome/139.0.0.0 Safari/537.36 Edg/139.0.0.0"
172.16.36.181 - - [13/Aug/2025:08:17:02 +0800] "GET /manager-page/api/snapshot.php?id=32&t=0.5161425833223633 HTTP/1.1" 500 - "http://192.168.60.79/manager-page/home-3.php" "Mozilla/5.0 (Windows NT 10.0; Win64; x64) AppleWebKit/537.36 (KHTML, like Gecko) Chrome/139.0.0.0 Safari/537.36 Edg/139.0.0.0"
172.16.36.181 - - [13/Aug/2025:08:16:52 +0800] "GET /manager-page/api/snapshot.php?id=32&t=0.4692890933526731 HTTP/1.1" 500 - "http://192.168.60.79/manager-page/home-3.php" "Mozilla/5.0 (Windows NT 10.0; Win64; x64) AppleWebKit/537.36 (KHTML, like Gecko) Chrome/139.0.0.0 Safari/537.36 Edg/139.0.0.0"
172.16.36.181 - - [13/Aug/2025:08:17:05 +0800] "GET /manager-page/api/snapshot.php?id=32 HTTP/1.1" 500 - "http://192.168.60.79/manager-page/home-3.php" "Mozilla/5.0 (Windows NT 10.0; Win64; x64) AppleWebKit/537.36 (KHTML, like Gecko) Chrome/139.0.0.0 Safari/537.36 Edg/139.0.0.0"
172.16.36.181 - - [13/Aug/2025:08:17:05 +0800] "GET /manager-page/api/snapshot.php?id=31 HTTP/1.1" 500 - "http://192.168.60.79/manager-page/home-3.php" "Mozilla/5.0 (Windows NT 10.0; Win64; x64) AppleWebKit/537.36 (KHTML, like Gecko) Chrome/139.0.0.0 Safari/537.36 Edg/139.0.0.0"
172.16.36.181 - - [13/Aug/2025:08:17:14 +0800] "GET /manager-page/live/3-1.jpg HTTP/1.1" 200 55142 "http://192.168.60.79/manager-page/home-3.php" "Mozilla/5.0 (Windows NT 10.0; Win64; x64) AppleWebKit/537.36 (KHTML, like Gecko) Chrome/139.0.0.0 Safari/537.36 Edg/139.0.0.0"
172.16.36.181 - - [13/Aug/2025:08:17:14 +0800] "GET /manager-page/live/3-2.jpg HTTP/1.1" 200 51400 "http://192.168.60.79/manager-page/home-3.php" "Mozilla/5.0 (Windows NT 10.0; Win64; x64) AppleWebKit/537.36 (KHTML, like Gecko) Chrome/139.0.0.0 Safari/537.36 Edg/139.0.0.0"
127.0.0.1 - - [13/Aug/2025:08:17:13 +0800] "POST /robot/lora-in.php HTTP/1.1" 200 - "-" "python-requests/2.31.0"
172.16.36.181 - - [13/Aug/2025:08:17:14 +0800] "GET /manager-page/alarm/4-2.jpg?t=2003736746 HTTP/1.1" 200 543160 "http://192.168.60.79/manager-page/home-4.php" "Mozilla/5.0 (Windows NT 10.0; Win64; x64) AppleWebKit/537.36 (KHTML, like Gecko) Chrome/139.0.0.0 Safari/537.36 Edg/139.0.0.0"
172.16.36.181 - - [13/Aug/2025:08:17:14 +0800] "GET /manager-page/alarm/4-1.jpg?t=1548939682 HTTP/1.1" 200 436474 "http://192.168.60.79/manager-page/home-4.php" "Mozilla/5.0 (Windows NT 10.0; Win64; x64) AppleWebKit/537.36 (KHTML, like Gecko) Chrome/139.0.0.0 Safari/537.36 Edg/139.0.0.0"
172.16.36.181 - - [13/Aug/2025:08:17:08 +0800] "GET /manager-page/home-4.php HTTP/1.1" 200 27484 "http://192.168.60.79/manager-page/home-3.php" "Mozilla/5.0 (Windows NT 10.0; Win64; x64) AppleWebKit/537.36 (KHTML, like Gecko) Chrome/139.0.0.0 Safari/537.36 Edg/139.0.0.0"
172.16.36.181 - - [13/Aug/2025:08:17:14 +0800] "GET /manager-page/api/snapshot.php?id=41 HTTP/1.1" 200 49031 "http://192.168.60.79/manager-page/home-4.php" "Mozilla/5.0 (Windows NT 10.0; Win64; x64) AppleWebKit/537.36 (KHTML, like Gecko) Chrome/139.0.0.0 Safari/537.36 Edg/139.0.0.0"
172.16.36.181 - - [13/Aug/2025:08:17:14 +0800] "GET /manager-page/api/snapshot.php?id=42 HTTP/1.1" 200 54322 "http://192.168.60.79/manager-page/home-4.php" "Mozilla/5.0 (Windows NT 10.0; Win64; x64) AppleWebKit/537.36 (KHTML, like Gecko) Chrome/139.0.0.0 Safari/537.36 Edg/139.0.0.0"
172.16.36.181 - - [13/Aug/2025:08:17:17 +0800] "GET /manager-page/api/cms-status4.php HTTP/1.1" 200 12 "http://192.168.60.79/manager-page/home-4.php" "Mozilla/5.0 (Windows NT 10.0; Win64; x64) AppleWebKit/537.36 (KHTML, like Gecko) Chrome/139.0.0.0 Safari/537.36 Edg/139.0.0.0"
127.0.0.1 - - [13/Aug/2025:08:17:19 +0800] "POST /robot/lora-in.php HTTP/1.1" 200 - "-" "python-requests/2.31.0"
172.16.36.181 - - [13/Aug/2025:08:17:17 +0800] "GET /manager-page/api/lp-status4.php HTTP/1.1" 200 1 "http://192.168.60.79/manager-page/home-4.php" "Mozilla/5.0 (Windows NT 10.0; Win64; x64) AppleWebKit/537.36 (KHTML, like Gecko) Chrome/139.0.0.0 Safari/537.36 Edg/139.0.0.0"
172.16.36.181 - - [13/Aug/2025:08:17:22 +0800] "GET /manager-page/api/snapshot.php?id=42&t=0.5185369122508809 HTTP/1.1" 200 54290 "http://192.168.60.79/manager-page/home-4.php" "Mozilla/5.0 (Windows NT 10.0; Win64; x64) AppleWebKit/537.36 (KHTML, like Gecko) Chrome/139.0.0.0 Safari/537.36 Edg/139.0.0.0"
172.16.36.181 - - [13/Aug/2025:08:17:22 +0800] "GET /manager-page/api/snapshot.php?id=41&t=0.7467068804937184 HTTP/1.1" 200 49103 "http://192.168.60.79/manager-page/home-4.php" "Mozilla/5.0 (Windows NT 10.0; Win64; x64) AppleWebKit/537.36 (KHTML, like Gecko) Chrome/139.0.0.0 Safari/537.36 Edg/139.0.0.0"
172.16.36.181 - - [13/Aug/2025:08:17:27 +0800] "GET /manager-page/api/snapshot.php?id=42&t=0.7228983248718528 HTTP/1.1" 200 54285 "http://192.168.60.79/manager-page/home-4.php" "Mozilla/5.0 (Windows NT 10.0; Win64; x64) AppleWebKit/537.36 (KHTML, like Gecko) Chrome/139.0.0.0 Safari/537.36 Edg/139.0.0.0"
172.16.36.181 - - [13/Aug/2025:08:17:27 +0800] "GET /manager-page/api/snapshot.php?id=41&t=0.5874816989304883 HTTP/1.1" 200 49084 "http://192.168.60.79/manager-page/home-4.php" "Mozilla/5.0 (Windows NT 10.0; Win64; x64) AppleWebKit/537.36 (KHTML, like Gecko) Chrome/139.0.0.0 Safari/537.36 Edg/139.0.0.0"
172.16.36.181 - - [13/Aug/2025:08:17:32 +0800] "GET /manager-page/api/snapshot.php?id=41&t=0.41721728706802075 HTTP/1.1" 200 49089 "http://192.168.60.79/manager-page/home-4.php" "Mozilla/5.0 (Windows NT 10.0; Win64; x64) AppleWebKit/537.36 (KHTML, like Gecko) Chrome/139.0.0.0 Safari/537.36 Edg/139.0.0.0"
172.16.36.181 - - [13/Aug/2025:08:17:32 +0800] "GET /manager-page/api/snapshot.php?id=42&t=0.8546475214158861 HTTP/1.1" 200 54344 "http://192.168.60.79/manager-page/home-4.php" "Mozilla/5.0 (Windows NT 10.0; Win64; x64) AppleWebKit/537.36 (KHTML, like Gecko) Chrome/139.0.0.0 Safari/537.36 Edg/139.0.0.0"
172.16.36.181 - - [13/Aug/2025:08:17:37 +0800] "GET /manager-page/api/snapshot.php?id=42&t=0.6100669370970463 HTTP/1.1" 200 54430 "http://192.168.60.79/manager-page/home-4.php" "Mozilla/5.0 (Windows NT 10.0; Win64; x64) AppleWebKit/537.36 (KHTML, like Gecko) Chrome/139.0.0.0 Safari/537.36 Edg/139.0.0.0"
172.16.36.181 - - [13/Aug/2025:08:17:37 +0800] "GET /manager-page/api/snapshot.php?id=41&t=0.14646882818906815 HTTP/1.1" 200 49047 "http://192.168.60.79/manager-page/home-4.php" "Mozilla/5.0 (Windows NT 10.0; Win64; x64) AppleWebKit/537.36 (KHTML, like Gecko) Chrome/139.0.0.0 Safari/537.36 Edg/139.0.0.0"
172.16.36.181 - - [13/Aug/2025:08:17:42 +0800] "GET /manager-page/api/snapshot.php?id=42&t=0.9315661514708664 HTTP/1.1" 200 54289 "http://192.168.60.79/manager-page/home-4.php" "Mozilla/5.0 (Windows NT 10.0; Win64; x64) AppleWebKit/537.36 (KHTML, like Gecko) Chrome/139.0.0.0 Safari/537.36 Edg/139.0.0.0"
172.16.36.181 - - [13/Aug/2025:08:17:42 +0800] "GET /manager-page/api/snapshot.php?id=41&t=0.2149421639433945 HTTP/1.1" 200 49015 "http://192.168.60.79/manager-page/home-4.php" "Mozilla/5.0 (Windows NT 10.0; Win64; x64) AppleWebKit/537.36 (KHTML, like Gecko) Chrome/139.0.0.0 Safari/537.36 Edg/139.0.0.0"
172.16.36.181 - - [13/Aug/2025:08:17:47 +0800] "GET /manager-page/api/snapshot.php?id=41&t=0.505860012484928 HTTP/1.1" 200 49043 "http://192.168.60.79/manager-page/home-4.php" "Mozilla/5.0 (Windows NT 10.0; Win64; x64) AppleWebKit/537.36 (KHTML, like Gecko) Chrome/139.0.0.0 Safari/537.36 Edg/139.0.0.0"
172.16.36.181 - - [13/Aug/2025:08:17:47 +0800] "GET /manager-page/api/snapshot.php?id=42&t=0.33986571104165064 HTTP/1.1" 200 54306 "http://192.168.60.79/manager-page/home-4.php" "Mozilla/5.0 (Windows NT 10.0; Win64; x64) AppleWebKit/537.36 (KHTML, like Gecko) Chrome/139.0.0.0 Safari/537.36 Edg/139.0.0.0"
172.16.36.181 - - [13/Aug/2025:08:17:52 +0800] "GET /manager-page/api/snapshot.php?id=41&t=0.6606675980739525 HTTP/1.1" 200 48971 "http://192.168.60.79/manager-page/home-4.php" "Mozilla/5.0 (Windows NT 10.0; Win64; x64) AppleWebKit/537.36 (KHTML, like Gecko) Chrome/139.0.0.0 Safari/537.36 Edg/139.0.0.0"
172.16.36.181 - - [13/Aug/2025:08:17:52 +0800] "GET /manager-page/api/snapshot.php?id=42&t=0.8838205469703379 HTTP/1.1" 200 54199 "http://192.168.60.79/manager-page/home-4.php" "Mozilla/5.0 (Windows NT 10.0; Win64; x64) AppleWebKit/537.36 (KHTML, like Gecko) Chrome/139.0.0.0 Safari/537.36 Edg/139.0.0.0"
172.16.36.181 - - [13/Aug/2025:08:17:57 +0800] "GET /manager-page/api/snapshot.php?id=41&t=0.27080012028568 HTTP/1.1" 200 48924 "http://192.168.60.79/manager-page/home-4.php" "Mozilla/5.0 (Windows NT 10.0; Win64; x64) AppleWebKit/537.36 (KHTML, like Gecko) Chrome/139.0.0.0 Safari/537.36 Edg/139.0.0.0"
172.16.36.181 - - [13/Aug/2025:08:17:57 +0800] "GET /manager-page/api/snapshot.php?id=42&t=0.2490217204586468 HTTP/1.1" 200 54265 "http://192.168.60.79/manager-page/home-4.php" "Mozilla/5.0 (Windows NT 10.0; Win64; x64) AppleWebKit/537.36 (KHTML, like Gecko) Chrome/139.0.0.0 Safari/537.36 Edg/139.0.0.0"
127.0.0.1 - - [13/Aug/2025:08:18:00 +0800] "GET /robot/alarm-history-in.php HTTP/1.1" 200 - "-" "python-requests/2.28.1"
172.16.36.181 - - [13/Aug/2025:08:18:02 +0800] "GET /manager-page/api/snapshot.php?id=41&t=0.1012235148905245 HTTP/1.1" 200 48907 "http://192.168.60.79/manager-page/home-4.php" "Mozilla/5.0 (Windows NT 10.0; Win64; x64) AppleWebKit/537.36 (KHTML, like Gecko) Chrome/139.0.0.0 Safari/537.36 Edg/139.0.0.0"
172.16.36.181 - - [13/Aug/2025:08:18:02 +0800] "GET /manager-page/api/snapshot.php?id=42&t=0.5561066456343264 HTTP/1.1" 200 54168 "http://192.168.60.79/manager-page/home-4.php" "Mozilla/5.0 (Windows NT 10.0; Win64; x64) AppleWebKit/537.36 (KHTML, like Gecko) Chrome/139.0.0.0 Safari/537.36 Edg/139.0.0.0"
172.16.36.181 - - [13/Aug/2025:08:18:07 +0800] "GET /manager-page/api/snapshot.php?id=41&t=0.7514228038084863 HTTP/1.1" 200 48896 "http://192.168.60.79/manager-page/home-4.php" "Mozilla/5.0 (Windows NT 10.0; Win64; x64) AppleWebKit/537.36 (KHTML, like Gecko) Chrome/139.0.0.0 Safari/537.36 Edg/139.0.0.0"
172.16.36.181 - - [13/Aug/2025:08:18:07 +0800] "GET /manager-page/api/snapshot.php?id=42&t=0.6163526567567132 HTTP/1.1" 200 54204 "http://192.168.60.79/manager-page/home-4.php" "Mozilla/5.0 (Windows NT 10.0; Win64; x64) AppleWebKit/537.36 (KHTML, like Gecko) Chrome/139.0.0.0 Safari/537.36 Edg/139.0.0.0"
172.16.36.181 - - [13/Aug/2025:08:18:12 +0800] "GET /manager-page/api/snapshot.php?id=42&t=0.08470234775688579 HTTP/1.1" 200 54132 "http://192.168.60.79/manager-page/home-4.php" "Mozilla/5.0 (Windows NT 10.0; Win64; x64) AppleWebKit/537.36 (KHTML, like Gecko) Chrome/139.0.0.0 Safari/537.36 Edg/139.0.0.0"
172.16.36.181 - - [13/Aug/2025:08:18:12 +0800] "GET /manager-page/api/snapshot.php?id=41&t=0.26036669276662283 HTTP/1.1" 200 48836 "http://192.168.60.79/manager-page/home-4.php" "Mozilla/5.0 (Windows NT 10.0; Win64; x64) AppleWebKit/537.36 (KHTML, like Gecko) Chrome/139.0.0.0 Safari/537.36 Edg/139.0.0.0"
172.16.36.181 - - [13/Aug/2025:08:18:17 +0800] "GET /manager-page/api/snapshot.php?id=41&t=0.9629342116142638 HTTP/1.1" 200 48696 "http://192.168.60.79/manager-page/home-4.php" "Mozilla/5.0 (Windows NT 10.0; Win64; x64) AppleWebKit/537.36 (KHTML, like Gecko) Chrome/139.0.0.0 Safari/537.36 Edg/139.0.0.0"
172.16.36.181 - - [13/Aug/2025:08:18:17 +0800] "GET /manager-page/api/snapshot.php?id=42&t=0.20448241730141214 HTTP/1.1" 200 54133 "http://192.168.60.79/manager-page/home-4.php" "Mozilla/5.0 (Windows NT 10.0; Win64; x64) AppleWebKit/537.36 (KHTML, like Gecko) Chrome/139.0.0.0 Safari/537.36 Edg/139.0.0.0"
172.16.36.181 - - [13/Aug/2025:08:18:22 +0800] "GET /manager-page/api/snapshot.php?id=42&t=0.5048202942851692 HTTP/1.1" 200 53988 "http://192.168.60.79/manager-page/home-4.php" "Mozilla/5.0 (Windows NT 10.0; Win64; x64) AppleWebKit/537.36 (KHTML, like Gecko) Chrome/139.0.0.0 Safari/537.36 Edg/139.0.0.0"
172.16.36.181 - - [13/Aug/2025:08:18:22 +0800] "GET /manager-page/api/snapshot.php?id=41&t=0.2276149953808505 HTTP/1.1" 200 48772 "http://192.168.60.79/manager-page/home-4.php" "Mozilla/5.0 (Windows NT 10.0; Win64; x64) AppleWebKit/537.36 (KHTML, like Gecko) Chrome/139.0.0.0 Safari/537.36 Edg/139.0.0.0"
172.16.36.181 - - [13/Aug/2025:08:18:27 +0800] "GET /manager-page/api/snapshot.php?id=41&t=0.498355480339306 HTTP/1.1" 200 48869 "http://192.168.60.79/manager-page/home-4.php" "Mozilla/5.0 (Windows NT 10.0; Win64; x64) AppleWebKit/537.36 (KHTML, like Gecko) Chrome/139.0.0.0 Safari/537.36 Edg/139.0.0.0"
172.16.36.181 - - [13/Aug/2025:08:18:27 +0800] "GET /manager-page/api/snapshot.php?id=42&t=0.12644623170745017 HTTP/1.1" 200 53803 "http://192.168.60.79/manager-page/home-4.php" "Mozilla/5.0 (Windows NT 10.0; Win64; x64) AppleWebKit/537.36 (KHTML, like Gecko) Chrome/139.0.0.0 Safari/537.36 Edg/139.0.0.0"
172.16.36.181 - - [13/Aug/2025:08:18:32 +0800] "GET /manager-page/api/snapshot.php?id=42&t=0.5043147863382587 HTTP/1.1" 200 54006 "http://192.168.60.79/manager-page/home-4.php" "Mozilla/5.0 (Windows NT 10.0; Win64; x64) AppleWebKit/537.36 (KHTML, like Gecko) Chrome/139.0.0.0 Safari/537.36 Edg/139.0.0.0"
172.16.36.181 - - [13/Aug/2025:08:18:32 +0800] "GET /manager-page/api/snapshot.php?id=41&t=0.6733305396441142 HTTP/1.1" 200 48875 "http://192.168.60.79/manager-page/home-4.php" "Mozilla/5.0 (Windows NT 10.0; Win64; x64) AppleWebKit/537.36 (KHTML, like Gecko) Chrome/139.0.0.0 Safari/537.36 Edg/139.0.0.0"
172.16.36.181 - - [13/Aug/2025:08:18:37 +0800] "GET /manager-page/api/snapshot.php?id=41&t=0.1635609886626629 HTTP/1.1" 200 48807 "http://192.168.60.79/manager-page/home-4.php" "Mozilla/5.0 (Windows NT 10.0; Win64; x64) AppleWebKit/537.36 (KHTML, like Gecko) Chrome/139.0.0.0 Safari/537.36 Edg/139.0.0.0"
172.16.36.181 - - [13/Aug/2025:08:18:37 +0800] "GET /manager-page/api/snapshot.php?id=42&t=0.3076858399468826 HTTP/1.1" 200 53927 "http://192.168.60.79/manager-page/home-4.php" "Mozilla/5.0 (Windows NT 10.0; Win64; x64) AppleWebKit/537.36 (KHTML, like Gecko) Chrome/139.0.0.0 Safari/537.36 Edg/139.0.0.0"
