172.16.36.181 - - [05/Mar/2025:11:02:20 +0800] "GET /manager-page/api/snapshot.php?id=21&t=0.6379260549879 HTTP/1.1" 500 - "http://192.168.60.79/manager-page/home-2.php" "Mozilla/5.0 (Windows NT 10.0; Win64; x64) AppleWebKit/537.36 (KHTML, like Gecko) Chrome/133.0.0.0 Safari/537.36 Edg/133.0.0.0"
172.16.36.181 - - [05/Mar/2025:11:02:20 +0800] "GET /manager-page/api/snapshot.php?id=22&t=0.9173817051096456 HTTP/1.1" 500 - "http://192.168.60.79/manager-page/home-2.php" "Mozilla/5.0 (Windows NT 10.0; Win64; x64) AppleWebKit/537.36 (KHTML, like Gecko) Chrome/133.0.0.0 Safari/537.36 Edg/133.0.0.0"
172.16.36.181 - - [05/Mar/2025:11:02:25 +0800] "GET /manager-page/api/snapshot.php?id=21&t=0.042309077111839954 HTTP/1.1" 500 - "http://192.168.60.79/manager-page/home-2.php" "Mozilla/5.0 (Windows NT 10.0; Win64; x64) AppleWebKit/537.36 (KHTML, like Gecko) Chrome/133.0.0.0 Safari/537.36 Edg/133.0.0.0"
172.16.36.181 - - [05/Mar/2025:11:02:25 +0800] "GET /manager-page/api/snapshot.php?id=22&t=0.4148474383369103 HTTP/1.1" 500 - "http://192.168.60.79/manager-page/home-2.php" "Mozilla/5.0 (Windows NT 10.0; Win64; x64) AppleWebKit/537.36 (KHTML, like Gecko) Chrome/133.0.0.0 Safari/537.36 Edg/133.0.0.0"
172.16.36.181 - - [05/Mar/2025:11:02:30 +0800] "GET /manager-page/api/snapshot.php?id=22&t=0.9527624883028039 HTTP/1.1" 500 - "http://192.168.60.79/manager-page/home-2.php" "Mozilla/5.0 (Windows NT 10.0; Win64; x64) AppleWebKit/537.36 (KHTML, like Gecko) Chrome/133.0.0.0 Safari/537.36 Edg/133.0.0.0"
172.16.36.181 - - [05/Mar/2025:11:02:30 +0800] "GET /manager-page/api/snapshot.php?id=21&t=0.5696706702918426 HTTP/1.1" 500 - "http://192.168.60.79/manager-page/home-2.php" "Mozilla/5.0 (Windows NT 10.0; Win64; x64) AppleWebKit/537.36 (KHTML, like Gecko) Chrome/133.0.0.0 Safari/537.36 Edg/133.0.0.0"
172.16.36.181 - - [05/Mar/2025:11:02:35 +0800] "GET /manager-page/api/snapshot.php?id=21&t=0.44161058365811057 HTTP/1.1" 500 - "http://192.168.60.79/manager-page/home-2.php" "Mozilla/5.0 (Windows NT 10.0; Win64; x64) AppleWebKit/537.36 (KHTML, like Gecko) Chrome/133.0.0.0 Safari/537.36 Edg/133.0.0.0"
172.16.36.181 - - [05/Mar/2025:11:02:35 +0800] "GET /manager-page/api/snapshot.php?id=22&t=0.5980754028976449 HTTP/1.1" 500 - "http://192.168.60.79/manager-page/home-2.php" "Mozilla/5.0 (Windows NT 10.0; Win64; x64) AppleWebKit/537.36 (KHTML, like Gecko) Chrome/133.0.0.0 Safari/537.36 Edg/133.0.0.0"
172.16.36.181 - - [05/Mar/2025:11:02:40 +0800] "GET /manager-page/api/snapshot.php?id=21&t=0.1418714282477227 HTTP/1.1" 500 - "http://192.168.60.79/manager-page/home-2.php" "Mozilla/5.0 (Windows NT 10.0; Win64; x64) AppleWebKit/537.36 (KHTML, like Gecko) Chrome/133.0.0.0 Safari/537.36 Edg/133.0.0.0"
172.16.36.181 - - [05/Mar/2025:11:02:40 +0800] "GET /manager-page/api/snapshot.php?id=22&t=0.7683234782786168 HTTP/1.1" 500 - "http://192.168.60.79/manager-page/home-2.php" "Mozilla/5.0 (Windows NT 10.0; Win64; x64) AppleWebKit/537.36 (KHTML, like Gecko) Chrome/133.0.0.0 Safari/537.36 Edg/133.0.0.0"
172.16.36.181 - - [05/Mar/2025:11:02:45 +0800] "GET /manager-page/api/snapshot.php?id=21&t=0.5409851570712474 HTTP/1.1" 500 - "http://192.168.60.79/manager-page/home-2.php" "Mozilla/5.0 (Windows NT 10.0; Win64; x64) AppleWebKit/537.36 (KHTML, like Gecko) Chrome/133.0.0.0 Safari/537.36 Edg/133.0.0.0"
172.16.36.181 - - [05/Mar/2025:11:02:45 +0800] "GET /manager-page/api/snapshot.php?id=22&t=0.5655089458665461 HTTP/1.1" 500 - "http://192.168.60.79/manager-page/home-2.php" "Mozilla/5.0 (Windows NT 10.0; Win64; x64) AppleWebKit/537.36 (KHTML, like Gecko) Chrome/133.0.0.0 Safari/537.36 Edg/133.0.0.0"
172.16.36.181 - - [05/Mar/2025:11:02:50 +0800] "GET /manager-page/api/snapshot.php?id=22&t=0.2514464077901313 HTTP/1.1" 200 50001 "http://192.168.60.79/manager-page/home-2.php" "Mozilla/5.0 (Windows NT 10.0; Win64; x64) AppleWebKit/537.36 (KHTML, like Gecko) Chrome/133.0.0.0 Safari/537.36 Edg/133.0.0.0"
172.16.36.28 - - [05/Mar/2025:11:02:59 +0800] "GET /manager-page/alarm/1-1.jpg?t=1370358374 HTTP/1.1" 200 322868 "http://192.168.60.79/manager-page/home-1.php" "Mozilla/5.0 (Windows NT 10.0; Win64; x64) AppleWebKit/537.36 (KHTML, like Gecko) Chrome/133.0.0.0 Safari/537.36 Edg/133.0.0.0"
172.16.36.28 - - [05/Mar/2025:11:02:59 +0800] "GET /manager-page/alarm/1-2.jpg?t=476216981 HTTP/1.1" 200 282261 "http://192.168.60.79/manager-page/home-1.php" "Mozilla/5.0 (Windows NT 10.0; Win64; x64) AppleWebKit/537.36 (KHTML, like Gecko) Chrome/133.0.0.0 Safari/537.36 Edg/133.0.0.0"
172.16.36.181 - - [05/Mar/2025:11:02:50 +0800] "GET /manager-page/api/snapshot.php?id=21&t=0.5372328251599696 HTTP/1.1" 500 - "http://192.168.60.79/manager-page/home-2.php" "Mozilla/5.0 (Windows NT 10.0; Win64; x64) AppleWebKit/537.36 (KHTML, like Gecko) Chrome/133.0.0.0 Safari/537.36 Edg/133.0.0.0"
127.0.0.1 - - [05/Mar/2025:11:03:00 +0800] "GET /robot/alarm-history-in.php HTTP/1.1" 200 - "-" "python-requests/2.28.1"
172.16.36.28 - - [05/Mar/2025:11:02:58 +0800] "GET /manager-page/home-1.php HTTP/1.1" 200 27470 "-" "Mozilla/5.0 (Windows NT 10.0; Win64; x64) AppleWebKit/537.36 (KHTML, like Gecko) Chrome/133.0.0.0 Safari/537.36 Edg/133.0.0.0"
172.16.36.28 - - [05/Mar/2025:11:02:59 +0800] "GET /manager-page/api/snapshot.php?id=11 HTTP/1.1" 200 42118 "http://192.168.60.79/manager-page/home-1.php" "Mozilla/5.0 (Windows NT 10.0; Win64; x64) AppleWebKit/537.36 (KHTML, like Gecko) Chrome/133.0.0.0 Safari/537.36 Edg/133.0.0.0"
172.16.36.28 - - [05/Mar/2025:11:02:59 +0800] "GET /manager-page/api/snapshot.php?id=12 HTTP/1.1" 200 41146 "http://192.168.60.79/manager-page/home-1.php" "Mozilla/5.0 (Windows NT 10.0; Win64; x64) AppleWebKit/537.36 (KHTML, like Gecko) Chrome/133.0.0.0 Safari/537.36 Edg/133.0.0.0"
172.16.36.181 - - [05/Mar/2025:11:02:55 +0800] "GET /manager-page/api/snapshot.php?id=21&t=0.9727049101302969 HTTP/1.1" 500 - "http://192.168.60.79/manager-page/home-2.php" "Mozilla/5.0 (Windows NT 10.0; Win64; x64) AppleWebKit/537.36 (KHTML, like Gecko) Chrome/133.0.0.0 Safari/537.36 Edg/133.0.0.0"
172.16.36.181 - - [05/Mar/2025:11:02:55 +0800] "GET /manager-page/api/snapshot.php?id=22&t=0.17259557053807417 HTTP/1.1" 500 - "http://192.168.60.79/manager-page/home-2.php" "Mozilla/5.0 (Windows NT 10.0; Win64; x64) AppleWebKit/537.36 (KHTML, like Gecko) Chrome/133.0.0.0 Safari/537.36 Edg/133.0.0.0"
172.16.36.28 - - [05/Mar/2025:11:03:00 +0800] "GET /manager-page/api/cms-status1.php HTTP/1.1" 500 - "http://192.168.60.79/manager-page/home-1.php" "Mozilla/5.0 (Windows NT 10.0; Win64; x64) AppleWebKit/537.36 (KHTML, like Gecko) Chrome/133.0.0.0 Safari/537.36 Edg/133.0.0.0"
172.16.36.28 - - [05/Mar/2025:11:03:00 +0800] "GET /manager-page/api/lp-status1.php HTTP/1.1" 500 - "http://192.168.60.79/manager-page/home-1.php" "Mozilla/5.0 (Windows NT 10.0; Win64; x64) AppleWebKit/537.36 (KHTML, like Gecko) Chrome/133.0.0.0 Safari/537.36 Edg/133.0.0.0"
172.16.36.28 - - [05/Mar/2025:11:03:03 +0800] "GET /manager-page/home-2.php HTTP/1.1" 200 27468 "http://192.168.60.79/manager-page/home-1.php" "Mozilla/5.0 (Windows NT 10.0; Win64; x64) AppleWebKit/537.36 (KHTML, like Gecko) Chrome/133.0.0.0 Safari/537.36 Edg/133.0.0.0"
172.16.36.28 - - [05/Mar/2025:11:03:08 +0800] "GET /manager-page/alarm/2-1.jpg?t=109415784 HTTP/1.1" 200 339428 "http://192.168.60.79/manager-page/home-2.php" "Mozilla/5.0 (Windows NT 10.0; Win64; x64) AppleWebKit/537.36 (KHTML, like Gecko) Chrome/133.0.0.0 Safari/537.36 Edg/133.0.0.0"
172.16.36.28 - - [05/Mar/2025:11:03:08 +0800] "GET /manager-page/alarm/2-2.jpg?t=305973404 HTTP/1.1" 200 491657 "http://192.168.60.79/manager-page/home-2.php" "Mozilla/5.0 (Windows NT 10.0; Win64; x64) AppleWebKit/537.36 (KHTML, like Gecko) Chrome/133.0.0.0 Safari/537.36 Edg/133.0.0.0"
172.16.36.181 - - [05/Mar/2025:11:03:00 +0800] "GET /manager-page/api/snapshot.php?id=21&t=0.3186783216524762 HTTP/1.1" 500 - "http://192.168.60.79/manager-page/home-2.php" "Mozilla/5.0 (Windows NT 10.0; Win64; x64) AppleWebKit/537.36 (KHTML, like Gecko) Chrome/133.0.0.0 Safari/537.36 Edg/133.0.0.0"
172.16.36.181 - - [05/Mar/2025:11:03:00 +0800] "GET /manager-page/api/snapshot.php?id=22&t=0.8886202121056912 HTTP/1.1" 500 - "http://192.168.60.79/manager-page/home-2.php" "Mozilla/5.0 (Windows NT 10.0; Win64; x64) AppleWebKit/537.36 (KHTML, like Gecko) Chrome/133.0.0.0 Safari/537.36 Edg/133.0.0.0"
172.16.36.28 - - [05/Mar/2025:11:03:05 +0800] "GET /manager-page/home-2.php HTTP/1.1" 200 27465 "http://192.168.60.79/manager-page/home-1.php" "Mozilla/5.0 (Windows NT 10.0; Win64; x64) AppleWebKit/537.36 (KHTML, like Gecko) Chrome/133.0.0.0 Safari/537.36 Edg/133.0.0.0"
172.16.36.28 - - [05/Mar/2025:11:03:05 +0800] "GET /manager-page/api/snapshot.php?id=11&t=0.13630766761582014 HTTP/1.1" 200 42120 "http://192.168.60.79/manager-page/home-1.php" "Mozilla/5.0 (Windows NT 10.0; Win64; x64) AppleWebKit/537.36 (KHTML, like Gecko) Chrome/133.0.0.0 Safari/537.36 Edg/133.0.0.0"
172.16.36.28 - - [05/Mar/2025:11:03:05 +0800] "GET /manager-page/api/snapshot.php?id=12&t=0.2784842762370947 HTTP/1.1" 200 41089 "http://192.168.60.79/manager-page/home-1.php" "Mozilla/5.0 (Windows NT 10.0; Win64; x64) AppleWebKit/537.36 (KHTML, like Gecko) Chrome/133.0.0.0 Safari/537.36 Edg/133.0.0.0"
172.16.36.181 - - [05/Mar/2025:11:03:05 +0800] "GET /manager-page/api/snapshot.php?id=21&t=0.3720717344698743 HTTP/1.1" 500 - "http://192.168.60.79/manager-page/home-2.php" "Mozilla/5.0 (Windows NT 10.0; Win64; x64) AppleWebKit/537.36 (KHTML, like Gecko) Chrome/133.0.0.0 Safari/537.36 Edg/133.0.0.0"
172.16.36.181 - - [05/Mar/2025:11:03:05 +0800] "GET /manager-page/api/snapshot.php?id=22&t=0.878187461254472 HTTP/1.1" 500 - "http://192.168.60.79/manager-page/home-2.php" "Mozilla/5.0 (Windows NT 10.0; Win64; x64) AppleWebKit/537.36 (KHTML, like Gecko) Chrome/133.0.0.0 Safari/537.36 Edg/133.0.0.0"
172.16.36.28 - - [05/Mar/2025:11:03:08 +0800] "GET /manager-page/api/snapshot.php?id=21 HTTP/1.1" 500 - "http://192.168.60.79/manager-page/home-2.php" "Mozilla/5.0 (Windows NT 10.0; Win64; x64) AppleWebKit/537.36 (KHTML, like Gecko) Chrome/133.0.0.0 Safari/537.36 Edg/133.0.0.0"
172.16.36.28 - - [05/Mar/2025:11:03:08 +0800] "GET /manager-page/api/snapshot.php?id=22 HTTP/1.1" 500 - "http://192.168.60.79/manager-page/home-2.php" "Mozilla/5.0 (Windows NT 10.0; Win64; x64) AppleWebKit/537.36 (KHTML, like Gecko) Chrome/133.0.0.0 Safari/537.36 Edg/133.0.0.0"
172.16.36.28 - - [05/Mar/2025:11:03:15 +0800] "GET /manager-page/live/2-2.jpg HTTP/1.1" 200 49281 "http://192.168.60.79/manager-page/home-2.php" "Mozilla/5.0 (Windows NT 10.0; Win64; x64) AppleWebKit/537.36 (KHTML, like Gecko) Chrome/133.0.0.0 Safari/537.36 Edg/133.0.0.0"
172.16.36.28 - - [05/Mar/2025:11:03:15 +0800] "GET /manager-page/live/2-1.jpg HTTP/1.1" 200 44356 "http://192.168.60.79/manager-page/home-2.php" "Mozilla/5.0 (Windows NT 10.0; Win64; x64) AppleWebKit/537.36 (KHTML, like Gecko) Chrome/133.0.0.0 Safari/537.36 Edg/133.0.0.0"
172.16.36.28 - - [05/Mar/2025:11:03:11 +0800] "GET /manager-page/api/cms-status2.php HTTP/1.1" 200 11 "http://192.168.60.79/manager-page/home-2.php" "Mozilla/5.0 (Windows NT 10.0; Win64; x64) AppleWebKit/537.36 (KHTML, like Gecko) Chrome/133.0.0.0 Safari/537.36 Edg/133.0.0.0"
172.16.36.28 - - [05/Mar/2025:11:03:11 +0800] "GET /manager-page/api/lp-status2.php HTTP/1.1" 500 - "http://192.168.60.79/manager-page/home-2.php" "Mozilla/5.0 (Windows NT 10.0; Win64; x64) AppleWebKit/537.36 (KHTML, like Gecko) Chrome/133.0.0.0 Safari/537.36 Edg/133.0.0.0"
172.16.36.28 - - [05/Mar/2025:11:03:15 +0800] "GET /manager-page/img/on1.png HTTP/1.1" 200 14424 "http://192.168.60.79/manager-page/home-2.php" "Mozilla/5.0 (Windows NT 10.0; Win64; x64) AppleWebKit/537.36 (KHTML, like Gecko) Chrome/133.0.0.0 Safari/537.36 Edg/133.0.0.0"
172.16.36.28 - - [05/Mar/2025:11:03:16 +0800] "GET /manager-page/api/snapshot.php?id=22&t=0.4108451266427162 HTTP/1.1" 200 50024 "http://192.168.60.79/manager-page/home-2.php" "Mozilla/5.0 (Windows NT 10.0; Win64; x64) AppleWebKit/537.36 (KHTML, like Gecko) Chrome/133.0.0.0 Safari/537.36 Edg/133.0.0.0"
111.70.30.251 - - [05/Mar/2025:11:03:17 +0800] "POST /robot/lora-in.php HTTP/1.1" 200 - "-" "python-requests/2.21.0"
172.16.36.181 - - [05/Mar/2025:11:03:10 +0800] "GET /manager-page/api/snapshot.php?id=21&t=0.6048860723558167 HTTP/1.1" 500 - "http://192.168.60.79/manager-page/home-2.php" "Mozilla/5.0 (Windows NT 10.0; Win64; x64) AppleWebKit/537.36 (KHTML, like Gecko) Chrome/133.0.0.0 Safari/537.36 Edg/133.0.0.0"
172.16.36.181 - - [05/Mar/2025:11:03:10 +0800] "GET /manager-page/api/snapshot.php?id=22&t=0.9941183945475334 HTTP/1.1" 500 - "http://192.168.60.79/manager-page/home-2.php" "Mozilla/5.0 (Windows NT 10.0; Win64; x64) AppleWebKit/537.36 (KHTML, like Gecko) Chrome/133.0.0.0 Safari/537.36 Edg/133.0.0.0"
111.70.30.250 - - [05/Mar/2025:11:03:20 +0800] "POST /robot/lora-in.php HTTP/1.1" 200 - "-" "python-requests/2.21.0"
172.16.36.28 - - [05/Mar/2025:11:03:16 +0800] "GET /manager-page/api/snapshot.php?id=21&t=0.9531295106614246 HTTP/1.1" 500 - "http://192.168.60.79/manager-page/home-2.php" "Mozilla/5.0 (Windows NT 10.0; Win64; x64) AppleWebKit/537.36 (KHTML, like Gecko) Chrome/133.0.0.0 Safari/537.36 Edg/133.0.0.0"
172.16.36.181 - - [05/Mar/2025:11:03:15 +0800] "GET /manager-page/api/snapshot.php?id=21&t=0.5358284625897691 HTTP/1.1" 500 - "http://192.168.60.79/manager-page/home-2.php" "Mozilla/5.0 (Windows NT 10.0; Win64; x64) AppleWebKit/537.36 (KHTML, like Gecko) Chrome/133.0.0.0 Safari/537.36 Edg/133.0.0.0"
172.16.36.181 - - [05/Mar/2025:11:03:15 +0800] "GET /manager-page/api/snapshot.php?id=22&t=0.05252152407900934 HTTP/1.1" 500 - "http://192.168.60.79/manager-page/home-2.php" "Mozilla/5.0 (Windows NT 10.0; Win64; x64) AppleWebKit/537.36 (KHTML, like Gecko) Chrome/133.0.0.0 Safari/537.36 Edg/133.0.0.0"
172.16.36.28 - - [05/Mar/2025:11:03:21 +0800] "GET /manager-page/api/snapshot.php?id=21&t=0.6161290409936717 HTTP/1.1" 500 - "http://192.168.60.79/manager-page/home-2.php" "Mozilla/5.0 (Windows NT 10.0; Win64; x64) AppleWebKit/537.36 (KHTML, like Gecko) Chrome/133.0.0.0 Safari/537.36 Edg/133.0.0.0"
172.16.36.28 - - [05/Mar/2025:11:03:21 +0800] "GET /manager-page/api/snapshot.php?id=22&t=0.33506448628250673 HTTP/1.1" 500 - "http://192.168.60.79/manager-page/home-2.php" "Mozilla/5.0 (Windows NT 10.0; Win64; x64) AppleWebKit/537.36 (KHTML, like Gecko) Chrome/133.0.0.0 Safari/537.36 Edg/133.0.0.0"
172.16.36.28 - - [05/Mar/2025:11:03:26 +0800] "GET /manager-page/api/snapshot.php?id=22&t=0.9859967646423871 HTTP/1.1" 200 50036 "http://192.168.60.79/manager-page/home-2.php" "Mozilla/5.0 (Windows NT 10.0; Win64; x64) AppleWebKit/537.36 (KHTML, like Gecko) Chrome/133.0.0.0 Safari/537.36 Edg/133.0.0.0"
172.16.36.181 - - [05/Mar/2025:11:03:20 +0800] "GET /manager-page/api/snapshot.php?id=21&t=0.01239914048861146 HTTP/1.1" 500 - "http://192.168.60.79/manager-page/home-2.php" "Mozilla/5.0 (Windows NT 10.0; Win64; x64) AppleWebKit/537.36 (KHTML, like Gecko) Chrome/133.0.0.0 Safari/537.36 Edg/133.0.0.0"
172.16.36.181 - - [05/Mar/2025:11:03:20 +0800] "GET /manager-page/api/snapshot.php?id=22&t=0.37746613425953535 HTTP/1.1" 500 - "http://192.168.60.79/manager-page/home-2.php" "Mozilla/5.0 (Windows NT 10.0; Win64; x64) AppleWebKit/537.36 (KHTML, like Gecko) Chrome/133.0.0.0 Safari/537.36 Edg/133.0.0.0"
172.16.36.28 - - [05/Mar/2025:11:03:26 +0800] "GET /manager-page/api/snapshot.php?id=21&t=0.939944889796984 HTTP/1.1" 500 - "http://192.168.60.79/manager-page/home-2.php" "Mozilla/5.0 (Windows NT 10.0; Win64; x64) AppleWebKit/537.36 (KHTML, like Gecko) Chrome/133.0.0.0 Safari/537.36 Edg/133.0.0.0"
172.16.36.181 - - [05/Mar/2025:11:03:25 +0800] "GET /manager-page/api/snapshot.php?id=21&t=0.24983016982496542 HTTP/1.1" 500 - "http://192.168.60.79/manager-page/home-2.php" "Mozilla/5.0 (Windows NT 10.0; Win64; x64) AppleWebKit/537.36 (KHTML, like Gecko) Chrome/133.0.0.0 Safari/537.36 Edg/133.0.0.0"
172.16.36.181 - - [05/Mar/2025:11:03:25 +0800] "GET /manager-page/api/snapshot.php?id=22&t=0.01116756981093281 HTTP/1.1" 500 - "http://192.168.60.79/manager-page/home-2.php" "Mozilla/5.0 (Windows NT 10.0; Win64; x64) AppleWebKit/537.36 (KHTML, like Gecko) Chrome/133.0.0.0 Safari/537.36 Edg/133.0.0.0"
172.16.36.28 - - [05/Mar/2025:11:03:31 +0800] "GET /manager-page/api/snapshot.php?id=22&t=0.05031394961526581 HTTP/1.1" 500 - "http://192.168.60.79/manager-page/home-2.php" "Mozilla/5.0 (Windows NT 10.0; Win64; x64) AppleWebKit/537.36 (KHTML, like Gecko) Chrome/133.0.0.0 Safari/537.36 Edg/133.0.0.0"
172.16.36.28 - - [05/Mar/2025:11:03:31 +0800] "GET /manager-page/api/snapshot.php?id=21&t=0.9398732168227992 HTTP/1.1" 500 - "http://192.168.60.79/manager-page/home-2.php" "Mozilla/5.0 (Windows NT 10.0; Win64; x64) AppleWebKit/537.36 (KHTML, like Gecko) Chrome/133.0.0.0 Safari/537.36 Edg/133.0.0.0"
172.16.36.181 - - [05/Mar/2025:11:03:30 +0800] "GET /manager-page/api/snapshot.php?id=21&t=0.011563330821338313 HTTP/1.1" 500 - "http://192.168.60.79/manager-page/home-2.php" "Mozilla/5.0 (Windows NT 10.0; Win64; x64) AppleWebKit/537.36 (KHTML, like Gecko) Chrome/133.0.0.0 Safari/537.36 Edg/133.0.0.0"
172.16.36.181 - - [05/Mar/2025:11:03:30 +0800] "GET /manager-page/api/snapshot.php?id=22&t=0.7811890578926846 HTTP/1.1" 500 - "http://192.168.60.79/manager-page/home-2.php" "Mozilla/5.0 (Windows NT 10.0; Win64; x64) AppleWebKit/537.36 (KHTML, like Gecko) Chrome/133.0.0.0 Safari/537.36 Edg/133.0.0.0"
172.16.36.181 - - [05/Mar/2025:11:03:35 +0800] "GET /manager-page/api/snapshot.php?id=22&t=0.8003214641864733 HTTP/1.1" 200 50047 "http://192.168.60.79/manager-page/home-2.php" "Mozilla/5.0 (Windows NT 10.0; Win64; x64) AppleWebKit/537.36 (KHTML, like Gecko) Chrome/133.0.0.0 Safari/537.36 Edg/133.0.0.0"
172.16.36.28 - - [05/Mar/2025:11:03:36 +0800] "GET /manager-page/api/snapshot.php?id=21&t=0.9628847884105753 HTTP/1.1" 500 - "http://192.168.60.79/manager-page/home-2.php" "Mozilla/5.0 (Windows NT 10.0; Win64; x64) AppleWebKit/537.36 (KHTML, like Gecko) Chrome/133.0.0.0 Safari/537.36 Edg/133.0.0.0"
172.16.36.28 - - [05/Mar/2025:11:03:36 +0800] "GET /manager-page/api/snapshot.php?id=22&t=0.09507797788231631 HTTP/1.1" 500 - "http://192.168.60.79/manager-page/home-2.php" "Mozilla/5.0 (Windows NT 10.0; Win64; x64) AppleWebKit/537.36 (KHTML, like Gecko) Chrome/133.0.0.0 Safari/537.36 Edg/133.0.0.0"
127.0.0.1 - - [05/Mar/2025:11:03:44 +0800] "POST /robot/et-7026-in.php HTTP/1.1" 200 - "-" "python-requests/2.32.2"
172.16.36.181 - - [05/Mar/2025:11:03:35 +0800] "GET /manager-page/api/snapshot.php?id=21&t=0.009374830609550466 HTTP/1.1" 500 - "http://192.168.60.79/manager-page/home-2.php" "Mozilla/5.0 (Windows NT 10.0; Win64; x64) AppleWebKit/537.36 (KHTML, like Gecko) Chrome/133.0.0.0 Safari/537.36 Edg/133.0.0.0"
172.16.36.28 - - [05/Mar/2025:11:03:41 +0800] "GET /manager-page/api/snapshot.php?id=21&t=0.20394883775784534 HTTP/1.1" 500 - "http://192.168.60.79/manager-page/home-2.php" "Mozilla/5.0 (Windows NT 10.0; Win64; x64) AppleWebKit/537.36 (KHTML, like Gecko) Chrome/133.0.0.0 Safari/537.36 Edg/133.0.0.0"
172.16.36.28 - - [05/Mar/2025:11:03:41 +0800] "GET /manager-page/api/snapshot.php?id=22&t=0.5071615789633701 HTTP/1.1" 500 - "http://192.168.60.79/manager-page/home-2.php" "Mozilla/5.0 (Windows NT 10.0; Win64; x64) AppleWebKit/537.36 (KHTML, like Gecko) Chrome/133.0.0.0 Safari/537.36 Edg/133.0.0.0"
172.16.36.28 - - [05/Mar/2025:11:03:46 +0800] "GET /manager-page/api/snapshot.php?id=22&t=0.040195770489716454 HTTP/1.1" 200 50046 "http://192.168.60.79/manager-page/home-2.php" "Mozilla/5.0 (Windows NT 10.0; Win64; x64) AppleWebKit/537.36 (KHTML, like Gecko) Chrome/133.0.0.0 Safari/537.36 Edg/133.0.0.0"
172.16.36.181 - - [05/Mar/2025:11:03:40 +0800] "GET /manager-page/api/snapshot.php?id=21&t=0.7989971647272036 HTTP/1.1" 500 - "http://192.168.60.79/manager-page/home-2.php" "Mozilla/5.0 (Windows NT 10.0; Win64; x64) AppleWebKit/537.36 (KHTML, like Gecko) Chrome/133.0.0.0 Safari/537.36 Edg/133.0.0.0"
172.16.36.181 - - [05/Mar/2025:11:03:40 +0800] "GET /manager-page/api/snapshot.php?id=22&t=0.2743337481814947 HTTP/1.1" 500 - "http://192.168.60.79/manager-page/home-2.php" "Mozilla/5.0 (Windows NT 10.0; Win64; x64) AppleWebKit/537.36 (KHTML, like Gecko) Chrome/133.0.0.0 Safari/537.36 Edg/133.0.0.0"
172.16.36.28 - - [05/Mar/2025:11:03:46 +0800] "GET /manager-page/api/snapshot.php?id=21&t=0.016712033029402162 HTTP/1.1" 500 - "http://192.168.60.79/manager-page/home-2.php" "Mozilla/5.0 (Windows NT 10.0; Win64; x64) AppleWebKit/537.36 (KHTML, like Gecko) Chrome/133.0.0.0 Safari/537.36 Edg/133.0.0.0"
172.16.36.181 - - [05/Mar/2025:11:03:45 +0800] "GET /manager-page/api/snapshot.php?id=21&t=0.6280890901027729 HTTP/1.1" 500 - "http://192.168.60.79/manager-page/home-2.php" "Mozilla/5.0 (Windows NT 10.0; Win64; x64) AppleWebKit/537.36 (KHTML, like Gecko) Chrome/133.0.0.0 Safari/537.36 Edg/133.0.0.0"
172.16.36.181 - - [05/Mar/2025:11:03:45 +0800] "GET /manager-page/api/snapshot.php?id=22&t=0.3399053215611041 HTTP/1.1" 500 - "http://192.168.60.79/manager-page/home-2.php" "Mozilla/5.0 (Windows NT 10.0; Win64; x64) AppleWebKit/537.36 (KHTML, like Gecko) Chrome/133.0.0.0 Safari/537.36 Edg/133.0.0.0"
172.16.36.28 - - [05/Mar/2025:11:03:51 +0800] "GET /manager-page/api/snapshot.php?id=21&t=0.6253019190020703 HTTP/1.1" 500 - "http://192.168.60.79/manager-page/home-2.php" "Mozilla/5.0 (Windows NT 10.0; Win64; x64) AppleWebKit/537.36 (KHTML, like Gecko) Chrome/133.0.0.0 Safari/537.36 Edg/133.0.0.0"
172.16.36.28 - - [05/Mar/2025:11:03:51 +0800] "GET /manager-page/api/snapshot.php?id=22&t=0.58266320798557 HTTP/1.1" 500 - "http://192.168.60.79/manager-page/home-2.php" "Mozilla/5.0 (Windows NT 10.0; Win64; x64) AppleWebKit/537.36 (KHTML, like Gecko) Chrome/133.0.0.0 Safari/537.36 Edg/133.0.0.0"
172.16.36.181 - - [05/Mar/2025:11:03:50 +0800] "GET /manager-page/api/snapshot.php?id=21&t=0.6775055350827319 HTTP/1.1" 500 - "http://192.168.60.79/manager-page/home-2.php" "Mozilla/5.0 (Windows NT 10.0; Win64; x64) AppleWebKit/537.36 (KHTML, like Gecko) Chrome/133.0.0.0 Safari/537.36 Edg/133.0.0.0"
172.16.36.181 - - [05/Mar/2025:11:03:50 +0800] "GET /manager-page/api/snapshot.php?id=22&t=0.7990668075996239 HTTP/1.1" 500 - "http://192.168.60.79/manager-page/home-2.php" "Mozilla/5.0 (Windows NT 10.0; Win64; x64) AppleWebKit/537.36 (KHTML, like Gecko) Chrome/133.0.0.0 Safari/537.36 Edg/133.0.0.0"
127.0.0.1 - - [05/Mar/2025:11:04:00 +0800] "GET /robot/alarm-history-in.php HTTP/1.1" 200 - "-" "python-requests/2.28.1"
172.16.36.28 - - [05/Mar/2025:11:03:56 +0800] "GET /manager-page/api/snapshot.php?id=21&t=0.5325884509021455 HTTP/1.1" 500 - "http://192.168.60.79/manager-page/home-2.php" "Mozilla/5.0 (Windows NT 10.0; Win64; x64) AppleWebKit/537.36 (KHTML, like Gecko) Chrome/133.0.0.0 Safari/537.36 Edg/133.0.0.0"
172.16.36.28 - - [05/Mar/2025:11:03:56 +0800] "GET /manager-page/api/snapshot.php?id=22&t=0.38405984602182297 HTTP/1.1" 500 - "http://192.168.60.79/manager-page/home-2.php" "Mozilla/5.0 (Windows NT 10.0; Win64; x64) AppleWebKit/537.36 (KHTML, like Gecko) Chrome/133.0.0.0 Safari/537.36 Edg/133.0.0.0"
172.16.36.181 - - [05/Mar/2025:11:03:55 +0800] "GET /manager-page/api/snapshot.php?id=21&t=0.14218500517137467 HTTP/1.1" 500 - "http://192.168.60.79/manager-page/home-2.php" "Mozilla/5.0 (Windows NT 10.0; Win64; x64) AppleWebKit/537.36 (KHTML, like Gecko) Chrome/133.0.0.0 Safari/537.36 Edg/133.0.0.0"
172.16.36.181 - - [05/Mar/2025:11:03:55 +0800] "GET /manager-page/api/snapshot.php?id=22&t=0.8598320730745352 HTTP/1.1" 500 - "http://192.168.60.79/manager-page/home-2.php" "Mozilla/5.0 (Windows NT 10.0; Win64; x64) AppleWebKit/537.36 (KHTML, like Gecko) Chrome/133.0.0.0 Safari/537.36 Edg/133.0.0.0"
172.16.36.28 - - [05/Mar/2025:11:04:01 +0800] "GET /manager-page/api/snapshot.php?id=21&t=0.4225549130550488 HTTP/1.1" 500 - "http://192.168.60.79/manager-page/home-2.php" "Mozilla/5.0 (Windows NT 10.0; Win64; x64) AppleWebKit/537.36 (KHTML, like Gecko) Chrome/133.0.0.0 Safari/537.36 Edg/133.0.0.0"
172.16.36.28 - - [05/Mar/2025:11:04:01 +0800] "GET /manager-page/api/snapshot.php?id=22&t=0.11001659293693633 HTTP/1.1" 500 - "http://192.168.60.79/manager-page/home-2.php" "Mozilla/5.0 (Windows NT 10.0; Win64; x64) AppleWebKit/537.36 (KHTML, like Gecko) Chrome/133.0.0.0 Safari/537.36 Edg/133.0.0.0"
172.16.36.181 - - [05/Mar/2025:11:04:00 +0800] "GET /manager-page/api/snapshot.php?id=21&t=0.985717775365095 HTTP/1.1" 500 - "http://192.168.60.79/manager-page/home-2.php" "Mozilla/5.0 (Windows NT 10.0; Win64; x64) AppleWebKit/537.36 (KHTML, like Gecko) Chrome/133.0.0.0 Safari/537.36 Edg/133.0.0.0"
172.16.36.181 - - [05/Mar/2025:11:04:00 +0800] "GET /manager-page/api/snapshot.php?id=22&t=0.6202521019389664 HTTP/1.1" 500 - "http://192.168.60.79/manager-page/home-2.php" "Mozilla/5.0 (Windows NT 10.0; Win64; x64) AppleWebKit/537.36 (KHTML, like Gecko) Chrome/133.0.0.0 Safari/537.36 Edg/133.0.0.0"
172.16.36.28 - - [05/Mar/2025:11:04:06 +0800] "GET /manager-page/api/snapshot.php?id=21&t=0.006560855390971065 HTTP/1.1" 500 - "http://192.168.60.79/manager-page/home-2.php" "Mozilla/5.0 (Windows NT 10.0; Win64; x64) AppleWebKit/537.36 (KHTML, like Gecko) Chrome/133.0.0.0 Safari/537.36 Edg/133.0.0.0"
172.16.36.28 - - [05/Mar/2025:11:04:06 +0800] "GET /manager-page/api/snapshot.php?id=22&t=0.5086019782834741 HTTP/1.1" 500 - "http://192.168.60.79/manager-page/home-2.php" "Mozilla/5.0 (Windows NT 10.0; Win64; x64) AppleWebKit/537.36 (KHTML, like Gecko) Chrome/133.0.0.0 Safari/537.36 Edg/133.0.0.0"
172.16.36.181 - - [05/Mar/2025:11:04:05 +0800] "GET /manager-page/api/snapshot.php?id=21&t=0.7304800569843029 HTTP/1.1" 500 - "http://192.168.60.79/manager-page/home-2.php" "Mozilla/5.0 (Windows NT 10.0; Win64; x64) AppleWebKit/537.36 (KHTML, like Gecko) Chrome/133.0.0.0 Safari/537.36 Edg/133.0.0.0"
172.16.36.181 - - [05/Mar/2025:11:04:05 +0800] "GET /manager-page/api/snapshot.php?id=22&t=0.18823660443057233 HTTP/1.1" 500 - "http://192.168.60.79/manager-page/home-2.php" "Mozilla/5.0 (Windows NT 10.0; Win64; x64) AppleWebKit/537.36 (KHTML, like Gecko) Chrome/133.0.0.0 Safari/537.36 Edg/133.0.0.0"
172.16.36.28 - - [05/Mar/2025:11:04:11 +0800] "GET /manager-page/api/snapshot.php?id=21&t=0.27272388632854727 HTTP/1.1" 500 - "http://192.168.60.79/manager-page/home-2.php" "Mozilla/5.0 (Windows NT 10.0; Win64; x64) AppleWebKit/537.36 (KHTML, like Gecko) Chrome/133.0.0.0 Safari/537.36 Edg/133.0.0.0"
172.16.36.28 - - [05/Mar/2025:11:04:11 +0800] "GET /manager-page/api/snapshot.php?id=22&t=0.9170788736797351 HTTP/1.1" 500 - "http://192.168.60.79/manager-page/home-2.php" "Mozilla/5.0 (Windows NT 10.0; Win64; x64) AppleWebKit/537.36 (KHTML, like Gecko) Chrome/133.0.0.0 Safari/537.36 Edg/133.0.0.0"
172.16.36.28 - - [05/Mar/2025:11:04:16 +0800] "GET /manager-page/api/snapshot.php?id=22&t=0.6983310854668872 HTTP/1.1" 200 49620 "http://192.168.60.79/manager-page/home-2.php" "Mozilla/5.0 (Windows NT 10.0; Win64; x64) AppleWebKit/537.36 (KHTML, like Gecko) Chrome/133.0.0.0 Safari/537.36 Edg/133.0.0.0"
172.16.36.181 - - [05/Mar/2025:11:04:10 +0800] "GET /manager-page/api/snapshot.php?id=21&t=0.7380495331025143 HTTP/1.1" 500 - "http://192.168.60.79/manager-page/home-2.php" "Mozilla/5.0 (Windows NT 10.0; Win64; x64) AppleWebKit/537.36 (KHTML, like Gecko) Chrome/133.0.0.0 Safari/537.36 Edg/133.0.0.0"
172.16.36.181 - - [05/Mar/2025:11:04:10 +0800] "GET /manager-page/api/snapshot.php?id=22&t=0.8013053247169106 HTTP/1.1" 500 - "http://192.168.60.79/manager-page/home-2.php" "Mozilla/5.0 (Windows NT 10.0; Win64; x64) AppleWebKit/537.36 (KHTML, like Gecko) Chrome/133.0.0.0 Safari/537.36 Edg/133.0.0.0"
172.16.36.28 - - [05/Mar/2025:11:04:16 +0800] "GET /manager-page/api/snapshot.php?id=21&t=0.8864494925266582 HTTP/1.1" 500 - "http://192.168.60.79/manager-page/home-2.php" "Mozilla/5.0 (Windows NT 10.0; Win64; x64) AppleWebKit/537.36 (KHTML, like Gecko) Chrome/133.0.0.0 Safari/537.36 Edg/133.0.0.0"
172.16.36.181 - - [05/Mar/2025:11:04:15 +0800] "GET /manager-page/api/snapshot.php?id=21&t=0.36567785419106547 HTTP/1.1" 500 - "http://192.168.60.79/manager-page/home-2.php" "Mozilla/5.0 (Windows NT 10.0; Win64; x64) AppleWebKit/537.36 (KHTML, like Gecko) Chrome/133.0.0.0 Safari/537.36 Edg/133.0.0.0"
172.16.36.181 - - [05/Mar/2025:11:04:15 +0800] "GET /manager-page/api/snapshot.php?id=22&t=0.8450650316247987 HTTP/1.1" 500 - "http://192.168.60.79/manager-page/home-2.php" "Mozilla/5.0 (Windows NT 10.0; Win64; x64) AppleWebKit/537.36 (KHTML, like Gecko) Chrome/133.0.0.0 Safari/537.36 Edg/133.0.0.0"
172.16.36.28 - - [05/Mar/2025:11:04:21 +0800] "GET /manager-page/api/snapshot.php?id=21&t=0.8424046670778924 HTTP/1.1" 500 - "http://192.168.60.79/manager-page/home-2.php" "Mozilla/5.0 (Windows NT 10.0; Win64; x64) AppleWebKit/537.36 (KHTML, like Gecko) Chrome/133.0.0.0 Safari/537.36 Edg/133.0.0.0"
172.16.36.28 - - [05/Mar/2025:11:04:21 +0800] "GET /manager-page/api/snapshot.php?id=22&t=0.17515030955214006 HTTP/1.1" 500 - "http://192.168.60.79/manager-page/home-2.php" "Mozilla/5.0 (Windows NT 10.0; Win64; x64) AppleWebKit/537.36 (KHTML, like Gecko) Chrome/133.0.0.0 Safari/537.36 Edg/133.0.0.0"
172.16.36.28 - - [05/Mar/2025:11:04:26 +0800] "GET /manager-page/api/snapshot.php?id=22&t=0.24986901340661305 HTTP/1.1" 200 49587 "http://192.168.60.79/manager-page/home-2.php" "Mozilla/5.0 (Windows NT 10.0; Win64; x64) AppleWebKit/537.36 (KHTML, like Gecko) Chrome/133.0.0.0 Safari/537.36 Edg/133.0.0.0"
172.16.36.181 - - [05/Mar/2025:11:04:20 +0800] "GET /manager-page/api/snapshot.php?id=21&t=0.043532438080639224 HTTP/1.1" 500 - "http://192.168.60.79/manager-page/home-2.php" "Mozilla/5.0 (Windows NT 10.0; Win64; x64) AppleWebKit/537.36 (KHTML, like Gecko) Chrome/133.0.0.0 Safari/537.36 Edg/133.0.0.0"
172.16.36.181 - - [05/Mar/2025:11:04:20 +0800] "GET /manager-page/api/snapshot.php?id=22&t=0.6568531372271362 HTTP/1.1" 500 - "http://192.168.60.79/manager-page/home-2.php" "Mozilla/5.0 (Windows NT 10.0; Win64; x64) AppleWebKit/537.36 (KHTML, like Gecko) Chrome/133.0.0.0 Safari/537.36 Edg/133.0.0.0"
172.16.36.28 - - [05/Mar/2025:11:04:26 +0800] "GET /manager-page/api/snapshot.php?id=21&t=0.1535563302431453 HTTP/1.1" 500 - "http://192.168.60.79/manager-page/home-2.php" "Mozilla/5.0 (Windows NT 10.0; Win64; x64) AppleWebKit/537.36 (KHTML, like Gecko) Chrome/133.0.0.0 Safari/537.36 Edg/133.0.0.0"
172.16.36.28 - - [05/Mar/2025:11:04:31 +0800] "GET /manager-page/api/snapshot.php?id=22&t=0.26866565952177 HTTP/1.1" 200 49610 "http://192.168.60.79/manager-page/home-2.php" "Mozilla/5.0 (Windows NT 10.0; Win64; x64) AppleWebKit/537.36 (KHTML, like Gecko) Chrome/133.0.0.0 Safari/537.36 Edg/133.0.0.0"
172.16.36.181 - - [05/Mar/2025:11:04:25 +0800] "GET /manager-page/api/snapshot.php?id=22&t=0.20348162151640214 HTTP/1.1" 500 - "http://192.168.60.79/manager-page/home-2.php" "Mozilla/5.0 (Windows NT 10.0; Win64; x64) AppleWebKit/537.36 (KHTML, like Gecko) Chrome/133.0.0.0 Safari/537.36 Edg/133.0.0.0"
172.16.36.181 - - [05/Mar/2025:11:04:25 +0800] "GET /manager-page/api/snapshot.php?id=21&t=0.07396670520459114 HTTP/1.1" 500 - "http://192.168.60.79/manager-page/home-2.php" "Mozilla/5.0 (Windows NT 10.0; Win64; x64) AppleWebKit/537.36 (KHTML, like Gecko) Chrome/133.0.0.0 Safari/537.36 Edg/133.0.0.0"
172.16.36.28 - - [05/Mar/2025:11:04:31 +0800] "GET /manager-page/api/snapshot.php?id=21&t=0.6158806705248774 HTTP/1.1" 500 - "http://192.168.60.79/manager-page/home-2.php" "Mozilla/5.0 (Windows NT 10.0; Win64; x64) AppleWebKit/537.36 (KHTML, like Gecko) Chrome/133.0.0.0 Safari/537.36 Edg/133.0.0.0"
172.16.36.181 - - [05/Mar/2025:11:04:30 +0800] "GET /manager-page/api/snapshot.php?id=21&t=0.852374909818614 HTTP/1.1" 500 - "http://192.168.60.79/manager-page/home-2.php" "Mozilla/5.0 (Windows NT 10.0; Win64; x64) AppleWebKit/537.36 (KHTML, like Gecko) Chrome/133.0.0.0 Safari/537.36 Edg/133.0.0.0"
172.16.36.181 - - [05/Mar/2025:11:04:30 +0800] "GET /manager-page/api/snapshot.php?id=22&t=0.16896006715775713 HTTP/1.1" 500 - "http://192.168.60.79/manager-page/home-2.php" "Mozilla/5.0 (Windows NT 10.0; Win64; x64) AppleWebKit/537.36 (KHTML, like Gecko) Chrome/133.0.0.0 Safari/537.36 Edg/133.0.0.0"
127.0.0.1 - - [05/Mar/2025:11:04:42 +0800] "POST /robot/lora-in.php HTTP/1.1" 200 - "-" "python-requests/2.31.0"
172.16.36.28 - - [05/Mar/2025:11:04:36 +0800] "GET /manager-page/api/snapshot.php?id=21&t=0.1924809106478711 HTTP/1.1" 500 - "http://192.168.60.79/manager-page/home-2.php" "Mozilla/5.0 (Windows NT 10.0; Win64; x64) AppleWebKit/537.36 (KHTML, like Gecko) Chrome/133.0.0.0 Safari/537.36 Edg/133.0.0.0"
172.16.36.28 - - [05/Mar/2025:11:04:36 +0800] "GET /manager-page/api/snapshot.php?id=22&t=0.9859209702777019 HTTP/1.1" 500 - "http://192.168.60.79/manager-page/home-2.php" "Mozilla/5.0 (Windows NT 10.0; Win64; x64) AppleWebKit/537.36 (KHTML, like Gecko) Chrome/133.0.0.0 Safari/537.36 Edg/133.0.0.0"
172.16.36.181 - - [05/Mar/2025:11:04:35 +0800] "GET /manager-page/api/snapshot.php?id=21&t=0.864768287204744 HTTP/1.1" 500 - "http://192.168.60.79/manager-page/home-2.php" "Mozilla/5.0 (Windows NT 10.0; Win64; x64) AppleWebKit/537.36 (KHTML, like Gecko) Chrome/133.0.0.0 Safari/537.36 Edg/133.0.0.0"
172.16.36.181 - - [05/Mar/2025:11:04:35 +0800] "GET /manager-page/api/snapshot.php?id=22&t=0.0352602001061586 HTTP/1.1" 500 - "http://192.168.60.79/manager-page/home-2.php" "Mozilla/5.0 (Windows NT 10.0; Win64; x64) AppleWebKit/537.36 (KHTML, like Gecko) Chrome/133.0.0.0 Safari/537.36 Edg/133.0.0.0"
172.16.36.28 - - [05/Mar/2025:11:04:41 +0800] "GET /manager-page/api/snapshot.php?id=21&t=0.46313425697130906 HTTP/1.1" 500 - "http://192.168.60.79/manager-page/home-2.php" "Mozilla/5.0 (Windows NT 10.0; Win64; x64) AppleWebKit/537.36 (KHTML, like Gecko) Chrome/133.0.0.0 Safari/537.36 Edg/133.0.0.0"
172.16.36.28 - - [05/Mar/2025:11:04:41 +0800] "GET /manager-page/api/snapshot.php?id=22&t=0.6241865256457908 HTTP/1.1" 500 - "http://192.168.60.79/manager-page/home-2.php" "Mozilla/5.0 (Windows NT 10.0; Win64; x64) AppleWebKit/537.36 (KHTML, like Gecko) Chrome/133.0.0.0 Safari/537.36 Edg/133.0.0.0"
172.16.36.28 - - [05/Mar/2025:11:04:46 +0800] "GET /manager-page/api/snapshot.php?id=22&t=0.7365089901550412 HTTP/1.1" 200 49501 "http://192.168.60.79/manager-page/home-2.php" "Mozilla/5.0 (Windows NT 10.0; Win64; x64) AppleWebKit/537.36 (KHTML, like Gecko) Chrome/133.0.0.0 Safari/537.36 Edg/133.0.0.0"
172.16.36.181 - - [05/Mar/2025:11:04:40 +0800] "GET /manager-page/api/snapshot.php?id=21&t=0.8185365227624117 HTTP/1.1" 500 - "http://192.168.60.79/manager-page/home-2.php" "Mozilla/5.0 (Windows NT 10.0; Win64; x64) AppleWebKit/537.36 (KHTML, like Gecko) Chrome/133.0.0.0 Safari/537.36 Edg/133.0.0.0"
172.16.36.181 - - [05/Mar/2025:11:04:40 +0800] "GET /manager-page/api/snapshot.php?id=22&t=0.49010224918749246 HTTP/1.1" 500 - "http://192.168.60.79/manager-page/home-2.php" "Mozilla/5.0 (Windows NT 10.0; Win64; x64) AppleWebKit/537.36 (KHTML, like Gecko) Chrome/133.0.0.0 Safari/537.36 Edg/133.0.0.0"
127.0.0.1 - - [05/Mar/2025:11:04:51 +0800] "POST /robot/lora-in.php HTTP/1.1" 200 - "-" "python-requests/2.31.0"
172.16.36.28 - - [05/Mar/2025:11:04:46 +0800] "GET /manager-page/api/snapshot.php?id=21&t=0.09264647911662482 HTTP/1.1" 500 - "http://192.168.60.79/manager-page/home-2.php" "Mozilla/5.0 (Windows NT 10.0; Win64; x64) AppleWebKit/537.36 (KHTML, like Gecko) Chrome/133.0.0.0 Safari/537.36 Edg/133.0.0.0"
172.16.36.181 - - [05/Mar/2025:11:04:45 +0800] "GET /manager-page/api/snapshot.php?id=21&t=0.7791916632659759 HTTP/1.1" 500 - "http://192.168.60.79/manager-page/home-2.php" "Mozilla/5.0 (Windows NT 10.0; Win64; x64) AppleWebKit/537.36 (KHTML, like Gecko) Chrome/133.0.0.0 Safari/537.36 Edg/133.0.0.0"
172.16.36.181 - - [05/Mar/2025:11:04:45 +0800] "GET /manager-page/api/snapshot.php?id=22&t=0.6016611009989028 HTTP/1.1" 500 - "http://192.168.60.79/manager-page/home-2.php" "Mozilla/5.0 (Windows NT 10.0; Win64; x64) AppleWebKit/537.36 (KHTML, like Gecko) Chrome/133.0.0.0 Safari/537.36 Edg/133.0.0.0"
172.16.36.28 - - [05/Mar/2025:11:04:51 +0800] "GET /manager-page/api/snapshot.php?id=21&t=0.40643009693291976 HTTP/1.1" 500 - "http://192.168.60.79/manager-page/home-2.php" "Mozilla/5.0 (Windows NT 10.0; Win64; x64) AppleWebKit/537.36 (KHTML, like Gecko) Chrome/133.0.0.0 Safari/537.36 Edg/133.0.0.0"
172.16.36.28 - - [05/Mar/2025:11:04:51 +0800] "GET /manager-page/api/snapshot.php?id=22&t=0.44837983245356106 HTTP/1.1" 500 - "http://192.168.60.79/manager-page/home-2.php" "Mozilla/5.0 (Windows NT 10.0; Win64; x64) AppleWebKit/537.36 (KHTML, like Gecko) Chrome/133.0.0.0 Safari/537.36 Edg/133.0.0.0"
172.16.36.28 - - [05/Mar/2025:11:04:56 +0800] "GET /manager-page/api/snapshot.php?id=22&t=0.8480469541524935 HTTP/1.1" 200 49540 "http://192.168.60.79/manager-page/home-2.php" "Mozilla/5.0 (Windows NT 10.0; Win64; x64) AppleWebKit/537.36 (KHTML, like Gecko) Chrome/133.0.0.0 Safari/537.36 Edg/133.0.0.0"
172.16.36.181 - - [05/Mar/2025:11:04:50 +0800] "GET /manager-page/api/snapshot.php?id=21&t=0.46506394932143524 HTTP/1.1" 500 - "http://192.168.60.79/manager-page/home-2.php" "Mozilla/5.0 (Windows NT 10.0; Win64; x64) AppleWebKit/537.36 (KHTML, like Gecko) Chrome/133.0.0.0 Safari/537.36 Edg/133.0.0.0"
172.16.36.181 - - [05/Mar/2025:11:04:50 +0800] "GET /manager-page/api/snapshot.php?id=22&t=0.7128340431739006 HTTP/1.1" 500 - "http://192.168.60.79/manager-page/home-2.php" "Mozilla/5.0 (Windows NT 10.0; Win64; x64) AppleWebKit/537.36 (KHTML, like Gecko) Chrome/133.0.0.0 Safari/537.36 Edg/133.0.0.0"
127.0.0.1 - - [05/Mar/2025:11:05:00 +0800] "GET /robot/alarm-history-in.php HTTP/1.1" 200 - "-" "python-requests/2.28.1"
172.16.36.28 - - [05/Mar/2025:11:04:56 +0800] "GET /manager-page/api/snapshot.php?id=21&t=0.863641712736994 HTTP/1.1" 500 - "http://192.168.60.79/manager-page/home-2.php" "Mozilla/5.0 (Windows NT 10.0; Win64; x64) AppleWebKit/537.36 (KHTML, like Gecko) Chrome/133.0.0.0 Safari/537.36 Edg/133.0.0.0"
172.16.36.28 - - [05/Mar/2025:11:05:01 +0800] "GET /manager-page/api/snapshot.php?id=22&t=0.7756349555499777 HTTP/1.1" 200 49549 "http://192.168.60.79/manager-page/home-2.php" "Mozilla/5.0 (Windows NT 10.0; Win64; x64) AppleWebKit/537.36 (KHTML, like Gecko) Chrome/133.0.0.0 Safari/537.36 Edg/133.0.0.0"
172.16.36.181 - - [05/Mar/2025:11:04:55 +0800] "GET /manager-page/api/snapshot.php?id=21&t=0.7157569482398898 HTTP/1.1" 500 - "http://192.168.60.79/manager-page/home-2.php" "Mozilla/5.0 (Windows NT 10.0; Win64; x64) AppleWebKit/537.36 (KHTML, like Gecko) Chrome/133.0.0.0 Safari/537.36 Edg/133.0.0.0"
172.16.36.181 - - [05/Mar/2025:11:04:55 +0800] "GET /manager-page/api/snapshot.php?id=22&t=0.22962024601286135 HTTP/1.1" 500 - "http://192.168.60.79/manager-page/home-2.php" "Mozilla/5.0 (Windows NT 10.0; Win64; x64) AppleWebKit/537.36 (KHTML, like Gecko) Chrome/133.0.0.0 Safari/537.36 Edg/133.0.0.0"
127.0.0.1 - - [05/Mar/2025:11:05:05 +0800] "POST /robot/lora-in.php HTTP/1.1" 200 - "-" "python-requests/2.31.0"
172.16.36.28 - - [05/Mar/2025:11:05:01 +0800] "GET /manager-page/api/snapshot.php?id=21&t=0.5325611291262524 HTTP/1.1" 500 - "http://192.168.60.79/manager-page/home-2.php" "Mozilla/5.0 (Windows NT 10.0; Win64; x64) AppleWebKit/537.36 (KHTML, like Gecko) Chrome/133.0.0.0 Safari/537.36 Edg/133.0.0.0"
172.16.36.181 - - [05/Mar/2025:11:05:00 +0800] "GET /manager-page/api/snapshot.php?id=21&t=0.4697117757986966 HTTP/1.1" 500 - "http://192.168.60.79/manager-page/home-2.php" "Mozilla/5.0 (Windows NT 10.0; Win64; x64) AppleWebKit/537.36 (KHTML, like Gecko) Chrome/133.0.0.0 Safari/537.36 Edg/133.0.0.0"
172.16.36.181 - - [05/Mar/2025:11:05:00 +0800] "GET /manager-page/api/snapshot.php?id=22&t=0.968068564841968 HTTP/1.1" 500 - "http://192.168.60.79/manager-page/home-2.php" "Mozilla/5.0 (Windows NT 10.0; Win64; x64) AppleWebKit/537.36 (KHTML, like Gecko) Chrome/133.0.0.0 Safari/537.36 Edg/133.0.0.0"
127.0.0.1 - - [05/Mar/2025:11:05:10 +0800] "POST /robot/lora-in.php HTTP/1.1" 200 - "-" "python-requests/2.31.0"
127.0.0.1 - - [05/Mar/2025:11:05:12 +0800] "POST /robot/lora-in.php HTTP/1.1" 200 - "-" "python-requests/2.31.0"
111.70.30.251 - - [05/Mar/2025:11:05:13 +0800] "POST /robot/lora-in.php HTTP/1.1" 200 - "-" "python-requests/2.21.0"
172.16.36.28 - - [05/Mar/2025:11:05:06 +0800] "GET /manager-page/api/snapshot.php?id=21&t=0.3020766990106223 HTTP/1.1" 500 - "http://192.168.60.79/manager-page/home-2.php" "Mozilla/5.0 (Windows NT 10.0; Win64; x64) AppleWebKit/537.36 (KHTML, like Gecko) Chrome/133.0.0.0 Safari/537.36 Edg/133.0.0.0"
172.16.36.28 - - [05/Mar/2025:11:05:06 +0800] "GET /manager-page/api/snapshot.php?id=22&t=0.1655956067276747 HTTP/1.1" 500 - "http://192.168.60.79/manager-page/home-2.php" "Mozilla/5.0 (Windows NT 10.0; Win64; x64) AppleWebKit/537.36 (KHTML, like Gecko) Chrome/133.0.0.0 Safari/537.36 Edg/133.0.0.0"
127.0.0.1 - - [05/Mar/2025:11:05:14 +0800] "POST /robot/lora-in.php HTTP/1.1" 200 - "-" "python-requests/2.31.0"
172.16.36.181 - - [05/Mar/2025:11:05:05 +0800] "GET /manager-page/api/snapshot.php?id=21&t=0.07651562824787872 HTTP/1.1" 500 - "http://192.168.60.79/manager-page/home-2.php" "Mozilla/5.0 (Windows NT 10.0; Win64; x64) AppleWebKit/537.36 (KHTML, like Gecko) Chrome/133.0.0.0 Safari/537.36 Edg/133.0.0.0"
172.16.36.181 - - [05/Mar/2025:11:05:05 +0800] "GET /manager-page/api/snapshot.php?id=22&t=0.7983652540206672 HTTP/1.1" 500 - "http://192.168.60.79/manager-page/home-2.php" "Mozilla/5.0 (Windows NT 10.0; Win64; x64) AppleWebKit/537.36 (KHTML, like Gecko) Chrome/133.0.0.0 Safari/537.36 Edg/133.0.0.0"
172.16.36.28 - - [05/Mar/2025:11:05:11 +0800] "GET /manager-page/api/snapshot.php?id=21&t=0.1917744084067612 HTTP/1.1" 500 - "http://192.168.60.79/manager-page/home-2.php" "Mozilla/5.0 (Windows NT 10.0; Win64; x64) AppleWebKit/537.36 (KHTML, like Gecko) Chrome/133.0.0.0 Safari/537.36 Edg/133.0.0.0"
172.16.36.28 - - [05/Mar/2025:11:05:11 +0800] "GET /manager-page/api/snapshot.php?id=22&t=0.37706488183726106 HTTP/1.1" 500 - "http://192.168.60.79/manager-page/home-2.php" "Mozilla/5.0 (Windows NT 10.0; Win64; x64) AppleWebKit/537.36 (KHTML, like Gecko) Chrome/133.0.0.0 Safari/537.36 Edg/133.0.0.0"
172.16.36.28 - - [05/Mar/2025:11:05:16 +0800] "GET /manager-page/api/snapshot.php?id=22&t=0.8577472486881812 HTTP/1.1" 200 49508 "http://192.168.60.79/manager-page/home-2.php" "Mozilla/5.0 (Windows NT 10.0; Win64; x64) AppleWebKit/537.36 (KHTML, like Gecko) Chrome/133.0.0.0 Safari/537.36 Edg/133.0.0.0"
172.16.36.181 - - [05/Mar/2025:11:05:10 +0800] "GET /manager-page/api/snapshot.php?id=21&t=0.005821689284439158 HTTP/1.1" 500 - "http://192.168.60.79/manager-page/home-2.php" "Mozilla/5.0 (Windows NT 10.0; Win64; x64) AppleWebKit/537.36 (KHTML, like Gecko) Chrome/133.0.0.0 Safari/537.36 Edg/133.0.0.0"
172.16.36.181 - - [05/Mar/2025:11:05:10 +0800] "GET /manager-page/api/snapshot.php?id=22&t=0.9975575442725031 HTTP/1.1" 500 - "http://192.168.60.79/manager-page/home-2.php" "Mozilla/5.0 (Windows NT 10.0; Win64; x64) AppleWebKit/537.36 (KHTML, like Gecko) Chrome/133.0.0.0 Safari/537.36 Edg/133.0.0.0"
172.16.36.28 - - [05/Mar/2025:11:05:16 +0800] "GET /manager-page/api/snapshot.php?id=21&t=0.8349395413565865 HTTP/1.1" 500 - "http://192.168.60.79/manager-page/home-2.php" "Mozilla/5.0 (Windows NT 10.0; Win64; x64) AppleWebKit/537.36 (KHTML, like Gecko) Chrome/133.0.0.0 Safari/537.36 Edg/133.0.0.0"
172.16.36.28 - - [05/Mar/2025:11:05:25 +0800] "GET /manager-page/alarm/1-1.jpg?t=636177751 HTTP/1.1" 200 322868 "http://192.168.60.79/manager-page/home-1.php" "Mozilla/5.0 (Windows NT 10.0; Win64; x64) AppleWebKit/537.36 (KHTML, like Gecko) Chrome/133.0.0.0 Safari/537.36 Edg/133.0.0.0"
172.16.36.28 - - [05/Mar/2025:11:05:25 +0800] "GET /manager-page/alarm/1-2.jpg?t=481725405 HTTP/1.1" 200 282261 "http://192.168.60.79/manager-page/home-1.php" "Mozilla/5.0 (Windows NT 10.0; Win64; x64) AppleWebKit/537.36 (KHTML, like Gecko) Chrome/133.0.0.0 Safari/537.36 Edg/133.0.0.0"
172.16.36.181 - - [05/Mar/2025:11:05:15 +0800] "GET /manager-page/api/snapshot.php?id=21&t=0.5287737220053259 HTTP/1.1" 500 - "http://192.168.60.79/manager-page/home-2.php" "Mozilla/5.0 (Windows NT 10.0; Win64; x64) AppleWebKit/537.36 (KHTML, like Gecko) Chrome/133.0.0.0 Safari/537.36 Edg/133.0.0.0"
172.16.36.181 - - [05/Mar/2025:11:05:15 +0800] "GET /manager-page/api/snapshot.php?id=22&t=0.12030379791098134 HTTP/1.1" 500 - "http://192.168.60.79/manager-page/home-2.php" "Mozilla/5.0 (Windows NT 10.0; Win64; x64) AppleWebKit/537.36 (KHTML, like Gecko) Chrome/133.0.0.0 Safari/537.36 Edg/133.0.0.0"
172.16.36.28 - - [05/Mar/2025:11:05:21 +0800] "GET /manager-page/home-1.php HTTP/1.1" 200 27470 "http://192.168.60.79/manager-page/home-2.php" "Mozilla/5.0 (Windows NT 10.0; Win64; x64) AppleWebKit/537.36 (KHTML, like Gecko) Chrome/133.0.0.0 Safari/537.36 Edg/133.0.0.0"
172.16.36.28 - - [05/Mar/2025:11:05:21 +0800] "GET /manager-page/api/snapshot.php?id=22&t=0.18010525860980575 HTTP/1.1" 500 - "http://192.168.60.79/manager-page/home-2.php" "Mozilla/5.0 (Windows NT 10.0; Win64; x64) AppleWebKit/537.36 (KHTML, like Gecko) Chrome/133.0.0.0 Safari/537.36 Edg/133.0.0.0"
172.16.36.28 - - [05/Mar/2025:11:05:21 +0800] "GET /manager-page/api/snapshot.php?id=21&t=0.6104523625351121 HTTP/1.1" 500 - "http://192.168.60.79/manager-page/home-2.php" "Mozilla/5.0 (Windows NT 10.0; Win64; x64) AppleWebKit/537.36 (KHTML, like Gecko) Chrome/133.0.0.0 Safari/537.36 Edg/133.0.0.0"
172.16.36.28 - - [05/Mar/2025:11:05:25 +0800] "GET /manager-page/api/snapshot.php?id=11 HTTP/1.1" 200 42451 "http://192.168.60.79/manager-page/home-1.php" "Mozilla/5.0 (Windows NT 10.0; Win64; x64) AppleWebKit/537.36 (KHTML, like Gecko) Chrome/133.0.0.0 Safari/537.36 Edg/133.0.0.0"
172.16.36.28 - - [05/Mar/2025:11:05:25 +0800] "GET /manager-page/api/snapshot.php?id=12 HTTP/1.1" 200 41153 "http://192.168.60.79/manager-page/home-1.php" "Mozilla/5.0 (Windows NT 10.0; Win64; x64) AppleWebKit/537.36 (KHTML, like Gecko) Chrome/133.0.0.0 Safari/537.36 Edg/133.0.0.0"
172.16.36.181 - - [05/Mar/2025:11:05:20 +0800] "GET /manager-page/api/snapshot.php?id=22&t=0.5399457071556215 HTTP/1.1" 500 - "http://192.168.60.79/manager-page/home-2.php" "Mozilla/5.0 (Windows NT 10.0; Win64; x64) AppleWebKit/537.36 (KHTML, like Gecko) Chrome/133.0.0.0 Safari/537.36 Edg/133.0.0.0"
172.16.36.181 - - [05/Mar/2025:11:05:20 +0800] "GET /manager-page/api/snapshot.php?id=21&t=0.453510633452461 HTTP/1.1" 500 - "http://192.168.60.79/manager-page/home-2.php" "Mozilla/5.0 (Windows NT 10.0; Win64; x64) AppleWebKit/537.36 (KHTML, like Gecko) Chrome/133.0.0.0 Safari/537.36 Edg/133.0.0.0"
172.16.36.28 - - [05/Mar/2025:11:05:26 +0800] "GET /manager-page/api/lp-status1.php HTTP/1.1" 500 - "http://192.168.60.79/manager-page/home-1.php" "Mozilla/5.0 (Windows NT 10.0; Win64; x64) AppleWebKit/537.36 (KHTML, like Gecko) Chrome/133.0.0.0 Safari/537.36 Edg/133.0.0.0"
172.16.36.28 - - [05/Mar/2025:11:05:26 +0800] "GET /manager-page/api/cms-status1.php HTTP/1.1" 500 - "http://192.168.60.79/manager-page/home-1.php" "Mozilla/5.0 (Windows NT 10.0; Win64; x64) AppleWebKit/537.36 (KHTML, like Gecko) Chrome/133.0.0.0 Safari/537.36 Edg/133.0.0.0"
172.16.36.28 - - [05/Mar/2025:11:05:31 +0800] "GET /manager-page/api/snapshot.php?id=11&t=0.8154219768164446 HTTP/1.1" 200 42529 "http://192.168.60.79/manager-page/home-1.php" "Mozilla/5.0 (Windows NT 10.0; Win64; x64) AppleWebKit/537.36 (KHTML, like Gecko) Chrome/133.0.0.0 Safari/537.36 Edg/133.0.0.0"
172.16.36.28 - - [05/Mar/2025:11:05:31 +0800] "GET /manager-page/api/snapshot.php?id=12&t=0.5466156962954738 HTTP/1.1" 200 42580 "http://192.168.60.79/manager-page/home-1.php" "Mozilla/5.0 (Windows NT 10.0; Win64; x64) AppleWebKit/537.36 (KHTML, like Gecko) Chrome/133.0.0.0 Safari/537.36 Edg/133.0.0.0"
172.16.36.181 - - [05/Mar/2025:11:05:25 +0800] "GET /manager-page/api/snapshot.php?id=21&t=0.21370718282805057 HTTP/1.1" 500 - "http://192.168.60.79/manager-page/home-2.php" "Mozilla/5.0 (Windows NT 10.0; Win64; x64) AppleWebKit/537.36 (KHTML, like Gecko) Chrome/133.0.0.0 Safari/537.36 Edg/133.0.0.0"
172.16.36.181 - - [05/Mar/2025:11:05:25 +0800] "GET /manager-page/api/snapshot.php?id=22&t=0.425124742252178 HTTP/1.1" 500 - "http://192.168.60.79/manager-page/home-2.php" "Mozilla/5.0 (Windows NT 10.0; Win64; x64) AppleWebKit/537.36 (KHTML, like Gecko) Chrome/133.0.0.0 Safari/537.36 Edg/133.0.0.0"
172.16.36.28 - - [05/Mar/2025:11:05:36 +0800] "GET /manager-page/api/snapshot.php?id=11&t=0.9368383532945603 HTTP/1.1" 200 42454 "http://192.168.60.79/manager-page/home-1.php" "Mozilla/5.0 (Windows NT 10.0; Win64; x64) AppleWebKit/537.36 (KHTML, like Gecko) Chrome/133.0.0.0 Safari/537.36 Edg/133.0.0.0"
172.16.36.28 - - [05/Mar/2025:11:05:36 +0800] "GET /manager-page/api/snapshot.php?id=12&t=0.6908321179831736 HTTP/1.1" 200 42711 "http://192.168.60.79/manager-page/home-1.php" "Mozilla/5.0 (Windows NT 10.0; Win64; x64) AppleWebKit/537.36 (KHTML, like Gecko) Chrome/133.0.0.0 Safari/537.36 Edg/133.0.0.0"
172.16.36.181 - - [05/Mar/2025:11:05:30 +0800] "GET /manager-page/api/snapshot.php?id=21&t=0.5493404673193587 HTTP/1.1" 500 - "http://192.168.60.79/manager-page/home-2.php" "Mozilla/5.0 (Windows NT 10.0; Win64; x64) AppleWebKit/537.36 (KHTML, like Gecko) Chrome/133.0.0.0 Safari/537.36 Edg/133.0.0.0"
172.16.36.181 - - [05/Mar/2025:11:05:30 +0800] "GET /manager-page/api/snapshot.php?id=22&t=0.7673442531480983 HTTP/1.1" 500 - "http://192.168.60.79/manager-page/home-2.php" "Mozilla/5.0 (Windows NT 10.0; Win64; x64) AppleWebKit/537.36 (KHTML, like Gecko) Chrome/133.0.0.0 Safari/537.36 Edg/133.0.0.0"
172.16.36.28 - - [05/Mar/2025:11:05:41 +0800] "GET /manager-page/api/snapshot.php?id=12&t=0.776527914735049 HTTP/1.1" 200 42585 "http://192.168.60.79/manager-page/home-1.php" "Mozilla/5.0 (Windows NT 10.0; Win64; x64) AppleWebKit/537.36 (KHTML, like Gecko) Chrome/133.0.0.0 Safari/537.36 Edg/133.0.0.0"
