172.16.36.181 - - [14/Apr/2025:08:29:56 +0800] "GET /manager-page/api/snapshot.php?id=11&t=0.8015660787101078 HTTP/1.1" 200 43630 "http://192.168.60.79/manager-page/home-1.php" "Mozilla/5.0 (Windows NT 10.0; Win64; x64) AppleWebKit/537.36 (KHTML, like Gecko) Chrome/135.0.0.0 Safari/537.36 Edg/135.0.0.0"
172.16.36.181 - - [14/Apr/2025:08:29:56 +0800] "GET /manager-page/api/snapshot.php?id=12&t=0.07309841795955585 HTTP/1.1" 200 49417 "http://192.168.60.79/manager-page/home-1.php" "Mozilla/5.0 (Windows NT 10.0; Win64; x64) AppleWebKit/537.36 (KHTML, like Gecko) Chrome/135.0.0.0 Safari/537.36 Edg/135.0.0.0"
127.0.0.1 - - [14/Apr/2025:08:30:00 +0800] "GET /robot/alarm-history-in.php HTTP/1.1" 200 - "-" "python-requests/2.28.1"
172.16.36.181 - - [14/Apr/2025:08:30:01 +0800] "GET /manager-page/api/snapshot.php?id=12&t=0.4545456197092539 HTTP/1.1" 200 49398 "http://192.168.60.79/manager-page/home-1.php" "Mozilla/5.0 (Windows NT 10.0; Win64; x64) AppleWebKit/537.36 (KHTML, like Gecko) Chrome/135.0.0.0 Safari/537.36 Edg/135.0.0.0"
172.16.36.181 - - [14/Apr/2025:08:30:01 +0800] "GET /manager-page/api/snapshot.php?id=11&t=0.3884857580821861 HTTP/1.1" 200 43606 "http://192.168.60.79/manager-page/home-1.php" "Mozilla/5.0 (Windows NT 10.0; Win64; x64) AppleWebKit/537.36 (KHTML, like Gecko) Chrome/135.0.0.0 Safari/537.36 Edg/135.0.0.0"
172.16.36.181 - - [14/Apr/2025:08:30:06 +0800] "GET /manager-page/api/snapshot.php?id=12&t=0.5046104413268662 HTTP/1.1" 200 50074 "http://192.168.60.79/manager-page/home-1.php" "Mozilla/5.0 (Windows NT 10.0; Win64; x64) AppleWebKit/537.36 (KHTML, like Gecko) Chrome/135.0.0.0 Safari/537.36 Edg/135.0.0.0"
111.70.30.253 - - [14/Apr/2025:08:30:06 +0800] "POST /robot/lora-in.php HTTP/1.1" 200 - "-" "python-requests/2.21.0"
172.16.36.181 - - [14/Apr/2025:08:30:06 +0800] "GET /manager-page/api/snapshot.php?id=11&t=0.8522855998048682 HTTP/1.1" 200 43612 "http://192.168.60.79/manager-page/home-1.php" "Mozilla/5.0 (Windows NT 10.0; Win64; x64) AppleWebKit/537.36 (KHTML, like Gecko) Chrome/135.0.0.0 Safari/537.36 Edg/135.0.0.0"
172.16.36.181 - - [14/Apr/2025:08:30:11 +0800] "GET /manager-page/api/snapshot.php?id=12&t=0.22769819872089836 HTTP/1.1" 200 49390 "http://192.168.60.79/manager-page/home-1.php" "Mozilla/5.0 (Windows NT 10.0; Win64; x64) AppleWebKit/537.36 (KHTML, like Gecko) Chrome/135.0.0.0 Safari/537.36 Edg/135.0.0.0"
172.16.36.181 - - [14/Apr/2025:08:30:11 +0800] "GET /manager-page/api/snapshot.php?id=11&t=0.3321915930353787 HTTP/1.1" 200 43732 "http://192.168.60.79/manager-page/home-1.php" "Mozilla/5.0 (Windows NT 10.0; Win64; x64) AppleWebKit/537.36 (KHTML, like Gecko) Chrome/135.0.0.0 Safari/537.36 Edg/135.0.0.0"
172.16.36.181 - - [14/Apr/2025:08:30:16 +0800] "GET /manager-page/api/snapshot.php?id=11&t=0.7014584377504877 HTTP/1.1" 200 43732 "http://192.168.60.79/manager-page/home-1.php" "Mozilla/5.0 (Windows NT 10.0; Win64; x64) AppleWebKit/537.36 (KHTML, like Gecko) Chrome/135.0.0.0 Safari/537.36 Edg/135.0.0.0"
172.16.36.181 - - [14/Apr/2025:08:30:16 +0800] "GET /manager-page/api/snapshot.php?id=12&t=0.22862454660899623 HTTP/1.1" 200 48940 "http://192.168.60.79/manager-page/home-1.php" "Mozilla/5.0 (Windows NT 10.0; Win64; x64) AppleWebKit/537.36 (KHTML, like Gecko) Chrome/135.0.0.0 Safari/537.36 Edg/135.0.0.0"
172.16.36.181 - - [14/Apr/2025:08:30:21 +0800] "GET /manager-page/api/snapshot.php?id=11&t=0.960475979817379 HTTP/1.1" 200 43668 "http://192.168.60.79/manager-page/home-1.php" "Mozilla/5.0 (Windows NT 10.0; Win64; x64) AppleWebKit/537.36 (KHTML, like Gecko) Chrome/135.0.0.0 Safari/537.36 Edg/135.0.0.0"
172.16.36.181 - - [14/Apr/2025:08:30:21 +0800] "GET /manager-page/api/snapshot.php?id=12&t=0.33204777278218345 HTTP/1.1" 200 49494 "http://192.168.60.79/manager-page/home-1.php" "Mozilla/5.0 (Windows NT 10.0; Win64; x64) AppleWebKit/537.36 (KHTML, like Gecko) Chrome/135.0.0.0 Safari/537.36 Edg/135.0.0.0"
172.16.36.181 - - [14/Apr/2025:08:30:26 +0800] "GET /manager-page/api/snapshot.php?id=11&t=0.8769681753482896 HTTP/1.1" 200 43550 "http://192.168.60.79/manager-page/home-1.php" "Mozilla/5.0 (Windows NT 10.0; Win64; x64) AppleWebKit/537.36 (KHTML, like Gecko) Chrome/135.0.0.0 Safari/537.36 Edg/135.0.0.0"
172.16.36.181 - - [14/Apr/2025:08:30:26 +0800] "GET /manager-page/api/snapshot.php?id=12&t=0.26410436170025253 HTTP/1.1" 500 - "http://192.168.60.79/manager-page/home-1.php" "Mozilla/5.0 (Windows NT 10.0; Win64; x64) AppleWebKit/537.36 (KHTML, like Gecko) Chrome/135.0.0.0 Safari/537.36 Edg/135.0.0.0"
172.16.36.181 - - [14/Apr/2025:08:30:31 +0800] "GET /manager-page/api/snapshot.php?id=12&t=0.9519854411330029 HTTP/1.1" 500 - "http://192.168.60.79/manager-page/home-1.php" "Mozilla/5.0 (Windows NT 10.0; Win64; x64) AppleWebKit/537.36 (KHTML, like Gecko) Chrome/135.0.0.0 Safari/537.36 Edg/135.0.0.0"
172.16.36.181 - - [14/Apr/2025:08:30:31 +0800] "GET /manager-page/api/snapshot.php?id=11&t=0.17506510755251214 HTTP/1.1" 500 - "http://192.168.60.79/manager-page/home-1.php" "Mozilla/5.0 (Windows NT 10.0; Win64; x64) AppleWebKit/537.36 (KHTML, like Gecko) Chrome/135.0.0.0 Safari/537.36 Edg/135.0.0.0"
172.16.36.181 - - [14/Apr/2025:08:30:36 +0800] "GET /manager-page/api/snapshot.php?id=11&t=0.6740715240210713 HTTP/1.1" 500 - "http://192.168.60.79/manager-page/home-1.php" "Mozilla/5.0 (Windows NT 10.0; Win64; x64) AppleWebKit/537.36 (KHTML, like Gecko) Chrome/135.0.0.0 Safari/537.36 Edg/135.0.0.0"
172.16.36.181 - - [14/Apr/2025:08:30:36 +0800] "GET /manager-page/api/snapshot.php?id=12&t=0.02971069171613172 HTTP/1.1" 500 - "http://192.168.60.79/manager-page/home-1.php" "Mozilla/5.0 (Windows NT 10.0; Win64; x64) AppleWebKit/537.36 (KHTML, like Gecko) Chrome/135.0.0.0 Safari/537.36 Edg/135.0.0.0"
172.16.36.181 - - [14/Apr/2025:08:30:41 +0800] "GET /manager-page/api/snapshot.php?id=11&t=0.6585545556221226 HTTP/1.1" 200 43617 "http://192.168.60.79/manager-page/home-1.php" "Mozilla/5.0 (Windows NT 10.0; Win64; x64) AppleWebKit/537.36 (KHTML, like Gecko) Chrome/135.0.0.0 Safari/537.36 Edg/135.0.0.0"
172.16.36.181 - - [14/Apr/2025:08:30:41 +0800] "GET /manager-page/api/snapshot.php?id=12&t=0.3472636900442364 HTTP/1.1" 200 49574 "http://192.168.60.79/manager-page/home-1.php" "Mozilla/5.0 (Windows NT 10.0; Win64; x64) AppleWebKit/537.36 (KHTML, like Gecko) Chrome/135.0.0.0 Safari/537.36 Edg/135.0.0.0"
127.0.0.1 - - [14/Apr/2025:08:30:46 +0800] "GET /manager-page/api/snapshot.php?id=22&t=0.5672681568108024 HTTP/1.1" 200 46764 "http://127.0.0.1/manager-page/home-2.php" "Mozilla/5.0 (Windows NT 10.0; Win64; x64) AppleWebKit/537.36 (KHTML, like Gecko) Chrome/119.0.0.0 Safari/537.36"
127.0.0.1 - - [14/Apr/2025:08:30:46 +0800] "GET /manager-page/api/snapshot.php?id=21&t=0.8722753579470661 HTTP/1.1" 500 - "http://127.0.0.1/manager-page/home-2.php" "Mozilla/5.0 (Windows NT 10.0; Win64; x64) AppleWebKit/537.36 (KHTML, like Gecko) Chrome/119.0.0.0 Safari/537.36"
111.70.30.250 - - [14/Apr/2025:08:30:57 +0800] "POST /robot/lora-in.php HTTP/1.1" 200 - "-" "python-requests/2.21.0"
127.0.0.1 - - [14/Apr/2025:08:31:00 +0800] "GET /robot/alarm-history-in.php HTTP/1.1" 200 - "-" "python-requests/2.28.1"
127.0.0.1 - - [14/Apr/2025:08:31:20 +0800] "GET /get-setting.json HTTP/1.1" 200 2315 "-" "python-requests/2.31.0"
127.0.0.1 - - [14/Apr/2025:08:31:20 +0800] "POST /robot/lora-in.php HTTP/1.1" 200 - "-" "python-requests/2.31.0"
127.0.0.1 - - [14/Apr/2025:08:31:26 +0800] "POST /robot/lora-in.php HTTP/1.1" 200 - "-" "python-requests/2.31.0"
127.0.0.1 - - [14/Apr/2025:08:31:35 +0800] "POST /robot/lora-in.php HTTP/1.1" 200 - "-" "python-requests/2.31.0"
172.16.36.181 - - [14/Apr/2025:08:31:41 +0800] "GET /manager-page/api/snapshot.php?id=12&t=0.18770358339559534 HTTP/1.1" 200 49920 "http://192.168.60.79/manager-page/home-1.php" "Mozilla/5.0 (Windows NT 10.0; Win64; x64) AppleWebKit/537.36 (KHTML, like Gecko) Chrome/135.0.0.0 Safari/537.36 Edg/135.0.0.0"
172.16.36.181 - - [14/Apr/2025:08:31:41 +0800] "GET /manager-page/api/snapshot.php?id=11&t=0.6285434144539109 HTTP/1.1" 200 43618 "http://192.168.60.79/manager-page/home-1.php" "Mozilla/5.0 (Windows NT 10.0; Win64; x64) AppleWebKit/537.36 (KHTML, like Gecko) Chrome/135.0.0.0 Safari/537.36 Edg/135.0.0.0"
127.0.0.1 - - [14/Apr/2025:08:31:43 +0800] "GET /manager-page/api/snapshot.php?id=21&t=0.5261283855751555 HTTP/1.1" 200 47881 "http://127.0.0.1/manager-page/home-2.php" "Mozilla/5.0 (Windows NT 10.0; Win64; x64) AppleWebKit/537.36 (KHTML, like Gecko) Chrome/119.0.0.0 Safari/537.36"
127.0.0.1 - - [14/Apr/2025:08:31:43 +0800] "GET /manager-page/api/snapshot.php?id=22&t=0.5901617410654088 HTTP/1.1" 200 46688 "http://127.0.0.1/manager-page/home-2.php" "Mozilla/5.0 (Windows NT 10.0; Win64; x64) AppleWebKit/537.36 (KHTML, like Gecko) Chrome/119.0.0.0 Safari/537.36"
127.0.0.1 - - [14/Apr/2025:08:31:48 +0800] "POST /robot/lora-in.php HTTP/1.1" 200 - "-" "python-requests/2.31.0"
127.0.0.1 - - [14/Apr/2025:08:31:54 +0800] "POST /robot/lora-in.php HTTP/1.1" 200 - "-" "python-requests/2.31.0"
127.0.0.1 - - [14/Apr/2025:08:31:57 +0800] "POST /robot/lora-in.php HTTP/1.1" 200 - "-" "python-requests/2.31.0"
127.0.0.1 - - [14/Apr/2025:08:32:00 +0800] "GET /robot/alarm-history-in.php HTTP/1.1" 200 - "-" "python-requests/2.28.1"
127.0.0.1 - - [14/Apr/2025:08:32:08 +0800] "POST /robot/lora-in.php HTTP/1.1" 200 - "-" "python-requests/2.31.0"
172.16.36.181 - - [14/Apr/2025:08:32:41 +0800] "GET /manager-page/api/snapshot.php?id=12&t=0.3541690238423635 HTTP/1.1" 200 49386 "http://192.168.60.79/manager-page/home-1.php" "Mozilla/5.0 (Windows NT 10.0; Win64; x64) AppleWebKit/537.36 (KHTML, like Gecko) Chrome/135.0.0.0 Safari/537.36 Edg/135.0.0.0"
172.16.36.181 - - [14/Apr/2025:08:32:41 +0800] "GET /manager-page/api/snapshot.php?id=11&t=0.4451259230679806 HTTP/1.1" 200 43636 "http://192.168.60.79/manager-page/home-1.php" "Mozilla/5.0 (Windows NT 10.0; Win64; x64) AppleWebKit/537.36 (KHTML, like Gecko) Chrome/135.0.0.0 Safari/537.36 Edg/135.0.0.0"
127.0.0.1 - - [14/Apr/2025:08:32:57 +0800] "GET /manager-page/api/snapshot.php?id=21&t=0.25826350772883266 HTTP/1.1" 200 47934 "http://127.0.0.1/manager-page/home-2.php" "Mozilla/5.0 (Windows NT 10.0; Win64; x64) AppleWebKit/537.36 (KHTML, like Gecko) Chrome/119.0.0.0 Safari/537.36"
127.0.0.1 - - [14/Apr/2025:08:32:57 +0800] "GET /manager-page/api/snapshot.php?id=22&t=0.01795194371024822 HTTP/1.1" 200 46696 "http://127.0.0.1/manager-page/home-2.php" "Mozilla/5.0 (Windows NT 10.0; Win64; x64) AppleWebKit/537.36 (KHTML, like Gecko) Chrome/119.0.0.0 Safari/537.36"
127.0.0.1 - - [14/Apr/2025:08:33:01 +0800] "GET /robot/alarm-history-in.php HTTP/1.1" 200 - "-" "python-requests/2.28.1"
172.16.36.181 - - [14/Apr/2025:08:33:41 +0800] "GET /manager-page/api/snapshot.php?id=12&t=0.7493411427705827 HTTP/1.1" 200 49361 "http://192.168.60.79/manager-page/home-1.php" "Mozilla/5.0 (Windows NT 10.0; Win64; x64) AppleWebKit/537.36 (KHTML, like Gecko) Chrome/135.0.0.0 Safari/537.36 Edg/135.0.0.0"
172.16.36.181 - - [14/Apr/2025:08:33:41 +0800] "GET /manager-page/api/snapshot.php?id=11&t=0.9985624351407686 HTTP/1.1" 200 43661 "http://192.168.60.79/manager-page/home-1.php" "Mozilla/5.0 (Windows NT 10.0; Win64; x64) AppleWebKit/537.36 (KHTML, like Gecko) Chrome/135.0.0.0 Safari/537.36 Edg/135.0.0.0"
127.0.0.1 - - [14/Apr/2025:08:33:42 +0800] "GET /manager-page/api/snapshot.php?id=21&t=0.2659726154872306 HTTP/1.1" 200 47901 "http://127.0.0.1/manager-page/home-2.php" "Mozilla/5.0 (Windows NT 10.0; Win64; x64) AppleWebKit/537.36 (KHTML, like Gecko) Chrome/119.0.0.0 Safari/537.36"
127.0.0.1 - - [14/Apr/2025:08:33:42 +0800] "GET /manager-page/api/snapshot.php?id=22&t=0.3447630520912792 HTTP/1.1" 200 46651 "http://127.0.0.1/manager-page/home-2.php" "Mozilla/5.0 (Windows NT 10.0; Win64; x64) AppleWebKit/537.36 (KHTML, like Gecko) Chrome/119.0.0.0 Safari/537.36"
127.0.0.1 - - [14/Apr/2025:08:34:00 +0800] "GET /robot/alarm-history-in.php HTTP/1.1" 200 - "-" "python-requests/2.28.1"
127.0.0.1 - - [14/Apr/2025:08:34:42 +0800] "GET /manager-page/api/snapshot.php?id=21&t=0.5207293746537347 HTTP/1.1" 200 48054 "http://127.0.0.1/manager-page/home-2.php" "Mozilla/5.0 (Windows NT 10.0; Win64; x64) AppleWebKit/537.36 (KHTML, like Gecko) Chrome/119.0.0.0 Safari/537.36"
172.16.36.181 - - [14/Apr/2025:08:34:41 +0800] "GET /manager-page/api/snapshot.php?id=12&t=0.23680156272692532 HTTP/1.1" 200 49422 "http://192.168.60.79/manager-page/home-1.php" "Mozilla/5.0 (Windows NT 10.0; Win64; x64) AppleWebKit/537.36 (KHTML, like Gecko) Chrome/135.0.0.0 Safari/537.36 Edg/135.0.0.0"
172.16.36.181 - - [14/Apr/2025:08:34:41 +0800] "GET /manager-page/api/snapshot.php?id=11&t=0.9709026482744958 HTTP/1.1" 200 43427 "http://192.168.60.79/manager-page/home-1.php" "Mozilla/5.0 (Windows NT 10.0; Win64; x64) AppleWebKit/537.36 (KHTML, like Gecko) Chrome/135.0.0.0 Safari/537.36 Edg/135.0.0.0"
127.0.0.1 - - [14/Apr/2025:08:34:42 +0800] "GET /manager-page/api/snapshot.php?id=22&t=0.7139417434963025 HTTP/1.1" 200 46811 "http://127.0.0.1/manager-page/home-2.php" "Mozilla/5.0 (Windows NT 10.0; Win64; x64) AppleWebKit/537.36 (KHTML, like Gecko) Chrome/119.0.0.0 Safari/537.36"
111.70.30.252 - - [14/Apr/2025:08:34:44 +0800] "POST /robot/lora-in.php HTTP/1.1" 200 - "-" "python-requests/2.21.0"
127.0.0.1 - - [14/Apr/2025:08:35:00 +0800] "GET /robot/alarm-history-in.php HTTP/1.1" 200 - "-" "python-requests/2.28.1"
127.0.0.1 - - [14/Apr/2025:08:35:22 +0800] "POST /robot/et-7026-in.php HTTP/1.1" 200 - "-" "python-requests/2.32.2"
172.16.36.181 - - [14/Apr/2025:08:35:41 +0800] "GET /manager-page/api/snapshot.php?id=11&t=0.045078016628935624 HTTP/1.1" 200 43832 "http://192.168.60.79/manager-page/home-1.php" "Mozilla/5.0 (Windows NT 10.0; Win64; x64) AppleWebKit/537.36 (KHTML, like Gecko) Chrome/135.0.0.0 Safari/537.36 Edg/135.0.0.0"
172.16.36.181 - - [14/Apr/2025:08:35:41 +0800] "GET /manager-page/api/snapshot.php?id=12&t=0.9695654879912431 HTTP/1.1" 200 49634 "http://192.168.60.79/manager-page/home-1.php" "Mozilla/5.0 (Windows NT 10.0; Win64; x64) AppleWebKit/537.36 (KHTML, like Gecko) Chrome/135.0.0.0 Safari/537.36 Edg/135.0.0.0"
127.0.0.1 - - [14/Apr/2025:08:35:42 +0800] "GET /manager-page/api/snapshot.php?id=21&t=0.6006304818594497 HTTP/1.1" 200 47945 "http://127.0.0.1/manager-page/home-2.php" "Mozilla/5.0 (Windows NT 10.0; Win64; x64) AppleWebKit/537.36 (KHTML, like Gecko) Chrome/119.0.0.0 Safari/537.36"
127.0.0.1 - - [14/Apr/2025:08:35:42 +0800] "GET /manager-page/api/snapshot.php?id=22&t=0.3279182300692358 HTTP/1.1" 200 46535 "http://127.0.0.1/manager-page/home-2.php" "Mozilla/5.0 (Windows NT 10.0; Win64; x64) AppleWebKit/537.36 (KHTML, like Gecko) Chrome/119.0.0.0 Safari/537.36"
127.0.0.1 - - [14/Apr/2025:08:35:59 +0800] "POST /robot/et-7026-in.php HTTP/1.1" 200 - "-" "python-requests/2.32.2"
127.0.0.1 - - [14/Apr/2025:08:36:00 +0800] "GET /robot/alarm-history-in.php HTTP/1.1" 200 - "-" "python-requests/2.28.1"
111.70.30.251 - - [14/Apr/2025:08:36:12 +0800] "POST /robot/lora-in.php HTTP/1.1" 200 - "-" "python-requests/2.21.0"
172.16.36.181 - - [14/Apr/2025:08:36:41 +0800] "GET /manager-page/api/snapshot.php?id=11&t=0.7122305957228534 HTTP/1.1" 200 43795 "http://192.168.60.79/manager-page/home-1.php" "Mozilla/5.0 (Windows NT 10.0; Win64; x64) AppleWebKit/537.36 (KHTML, like Gecko) Chrome/135.0.0.0 Safari/537.36 Edg/135.0.0.0"
172.16.36.181 - - [14/Apr/2025:08:36:41 +0800] "GET /manager-page/api/snapshot.php?id=12&t=0.7135605778495344 HTTP/1.1" 200 49648 "http://192.168.60.79/manager-page/home-1.php" "Mozilla/5.0 (Windows NT 10.0; Win64; x64) AppleWebKit/537.36 (KHTML, like Gecko) Chrome/135.0.0.0 Safari/537.36 Edg/135.0.0.0"
127.0.0.1 - - [14/Apr/2025:08:36:49 +0800] "GET /manager-page/api/snapshot.php?id=22&t=0.410932237227871 HTTP/1.1" 200 46622 "http://127.0.0.1/manager-page/home-2.php" "Mozilla/5.0 (Windows NT 10.0; Win64; x64) AppleWebKit/537.36 (KHTML, like Gecko) Chrome/119.0.0.0 Safari/537.36"
127.0.0.1 - - [14/Apr/2025:08:36:51 +0800] "POST /robot/et-7026-in.php HTTP/1.1" 200 - "-" "python-requests/2.32.2"
127.0.0.1 - - [14/Apr/2025:08:36:49 +0800] "GET /manager-page/api/snapshot.php?id=21&t=0.2856847658156285 HTTP/1.1" 200 47925 "http://127.0.0.1/manager-page/home-2.php" "Mozilla/5.0 (Windows NT 10.0; Win64; x64) AppleWebKit/537.36 (KHTML, like Gecko) Chrome/119.0.0.0 Safari/537.36"
111.70.30.251 - - [14/Apr/2025:08:37:07 +0800] "POST /robot/lora-in.php HTTP/1.1" 200 - "-" "python-requests/2.21.0"
127.0.0.1 - - [14/Apr/2025:08:37:00 +0800] "GET /robot/alarm-history-in.php HTTP/1.1" 200 - "-" "python-requests/2.28.1"
172.16.36.181 - - [14/Apr/2025:08:37:41 +0800] "GET /manager-page/api/snapshot.php?id=11&t=0.6650570234022871 HTTP/1.1" 200 43979 "http://192.168.60.79/manager-page/home-1.php" "Mozilla/5.0 (Windows NT 10.0; Win64; x64) AppleWebKit/537.36 (KHTML, like Gecko) Chrome/135.0.0.0 Safari/537.36 Edg/135.0.0.0"
172.16.36.181 - - [14/Apr/2025:08:37:41 +0800] "GET /manager-page/api/snapshot.php?id=12&t=0.08309770081382983 HTTP/1.1" 500 - "http://192.168.60.79/manager-page/home-1.php" "Mozilla/5.0 (Windows NT 10.0; Win64; x64) AppleWebKit/537.36 (KHTML, like Gecko) Chrome/135.0.0.0 Safari/537.36 Edg/135.0.0.0"
172.16.36.181 - - [14/Apr/2025:08:37:55 +0800] "GET /manager-page/live/1-2.jpg HTTP/1.1" 200 49813 "http://192.168.60.79/manager-page/home-1.php" "Mozilla/5.0 (Windows NT 10.0; Win64; x64) AppleWebKit/537.36 (KHTML, like Gecko) Chrome/135.0.0.0 Safari/537.36 Edg/135.0.0.0"
127.0.0.1 - - [14/Apr/2025:08:38:00 +0800] "GET /robot/alarm-history-in.php HTTP/1.1" 200 - "-" "python-requests/2.28.1"
127.0.0.1 - - [14/Apr/2025:08:38:15 +0800] "POST /robot/et-7026-in.php HTTP/1.1" 200 - "-" "python-requests/2.32.2"
172.16.36.181 - - [14/Apr/2025:08:38:41 +0800] "GET /manager-page/api/snapshot.php?id=11&t=0.9493035431971204 HTTP/1.1" 200 43730 "http://192.168.60.79/manager-page/home-1.php" "Mozilla/5.0 (Windows NT 10.0; Win64; x64) AppleWebKit/537.36 (KHTML, like Gecko) Chrome/135.0.0.0 Safari/537.36 Edg/135.0.0.0"
172.16.36.181 - - [14/Apr/2025:08:38:41 +0800] "GET /manager-page/api/snapshot.php?id=12&t=0.43183833770476465 HTTP/1.1" 200 49410 "http://192.168.60.79/manager-page/home-1.php" "Mozilla/5.0 (Windows NT 10.0; Win64; x64) AppleWebKit/537.36 (KHTML, like Gecko) Chrome/135.0.0.0 Safari/537.36 Edg/135.0.0.0"
111.70.30.253 - - [14/Apr/2025:08:38:52 +0800] "POST /robot/lora-in.php HTTP/1.1" 200 - "-" "python-requests/2.21.0"
127.0.0.1 - - [14/Apr/2025:08:39:00 +0800] "GET /robot/alarm-history-in.php HTTP/1.1" 200 - "-" "python-requests/2.28.1"
111.70.30.250 - - [14/Apr/2025:08:39:34 +0800] "POST /robot/lora-in.php HTTP/1.1" 200 - "-" "python-requests/2.21.0"
172.16.36.181 - - [14/Apr/2025:08:39:41 +0800] "GET /manager-page/api/snapshot.php?id=11&t=0.8597265787507228 HTTP/1.1" 200 43818 "http://192.168.60.79/manager-page/home-1.php" "Mozilla/5.0 (Windows NT 10.0; Win64; x64) AppleWebKit/537.36 (KHTML, like Gecko) Chrome/135.0.0.0 Safari/537.36 Edg/135.0.0.0"
172.16.36.181 - - [14/Apr/2025:08:39:41 +0800] "GET /manager-page/api/snapshot.php?id=12&t=0.7860249856663025 HTTP/1.1" 200 49383 "http://192.168.60.79/manager-page/home-1.php" "Mozilla/5.0 (Windows NT 10.0; Win64; x64) AppleWebKit/537.36 (KHTML, like Gecko) Chrome/135.0.0.0 Safari/537.36 Edg/135.0.0.0"
127.0.0.1 - - [14/Apr/2025:08:40:00 +0800] "GET /robot/alarm-history-in.php HTTP/1.1" 200 - "-" "python-requests/2.28.1"
172.16.36.181 - - [14/Apr/2025:08:40:41 +0800] "GET /manager-page/api/snapshot.php?id=12&t=0.0031479031000575253 HTTP/1.1" 200 49302 "http://192.168.60.79/manager-page/home-1.php" "Mozilla/5.0 (Windows NT 10.0; Win64; x64) AppleWebKit/537.36 (KHTML, like Gecko) Chrome/135.0.0.0 Safari/537.36 Edg/135.0.0.0"
172.16.36.181 - - [14/Apr/2025:08:40:41 +0800] "GET /manager-page/api/snapshot.php?id=11&t=0.3109159892044203 HTTP/1.1" 200 44299 "http://192.168.60.79/manager-page/home-1.php" "Mozilla/5.0 (Windows NT 10.0; Win64; x64) AppleWebKit/537.36 (KHTML, like Gecko) Chrome/135.0.0.0 Safari/537.36 Edg/135.0.0.0"
127.0.0.1 - - [14/Apr/2025:08:41:00 +0800] "GET /robot/alarm-history-in.php HTTP/1.1" 200 - "-" "python-requests/2.28.1"
127.0.0.1 - - [14/Apr/2025:08:41:20 +0800] "GET /get-setting.json HTTP/1.1" 200 2315 "-" "python-requests/2.31.0"
127.0.0.1 - - [14/Apr/2025:08:41:20 +0800] "POST /robot/lora-in.php HTTP/1.1" 200 - "-" "python-requests/2.31.0"
127.0.0.1 - - [14/Apr/2025:08:41:22 +0800] "POST /robot/lora-in.php HTTP/1.1" 200 - "-" "python-requests/2.31.0"
127.0.0.1 - - [14/Apr/2025:08:41:30 +0800] "POST /robot/lora-in.php HTTP/1.1" 200 - "-" "python-requests/2.31.0"
172.16.36.181 - - [14/Apr/2025:08:41:41 +0800] "GET /manager-page/api/snapshot.php?id=12&t=0.5212384993297765 HTTP/1.1" 200 49318 "http://192.168.60.79/manager-page/home-1.php" "Mozilla/5.0 (Windows NT 10.0; Win64; x64) AppleWebKit/537.36 (KHTML, like Gecko) Chrome/135.0.0.0 Safari/537.36 Edg/135.0.0.0"
127.0.0.1 - - [14/Apr/2025:08:41:42 +0800] "POST /robot/lora-in.php HTTP/1.1" 200 - "-" "python-requests/2.31.0"
172.16.36.181 - - [14/Apr/2025:08:41:41 +0800] "GET /manager-page/api/snapshot.php?id=11&t=0.9673629668309571 HTTP/1.1" 200 44922 "http://192.168.60.79/manager-page/home-1.php" "Mozilla/5.0 (Windows NT 10.0; Win64; x64) AppleWebKit/537.36 (KHTML, like Gecko) Chrome/135.0.0.0 Safari/537.36 Edg/135.0.0.0"
127.0.0.1 - - [14/Apr/2025:08:41:46 +0800] "POST /robot/lora-in.php HTTP/1.1" 200 - "-" "python-requests/2.31.0"
127.0.0.1 - - [14/Apr/2025:08:41:50 +0800] "POST /robot/lora-in.php HTTP/1.1" 200 - "-" "python-requests/2.31.0"
127.0.0.1 - - [14/Apr/2025:08:41:51 +0800] "POST /robot/lora-in.php HTTP/1.1" 200 - "-" "python-requests/2.31.0"
127.0.0.1 - - [14/Apr/2025:08:42:00 +0800] "GET /robot/alarm-history-in.php HTTP/1.1" 200 - "-" "python-requests/2.28.1"
172.16.36.181 - - [14/Apr/2025:08:42:41 +0800] "GET /manager-page/api/snapshot.php?id=12&t=0.38919422827806194 HTTP/1.1" 200 49444 "http://192.168.60.79/manager-page/home-1.php" "Mozilla/5.0 (Windows NT 10.0; Win64; x64) AppleWebKit/537.36 (KHTML, like Gecko) Chrome/135.0.0.0 Safari/537.36 Edg/135.0.0.0"
172.16.36.181 - - [14/Apr/2025:08:42:41 +0800] "GET /manager-page/api/snapshot.php?id=11&t=0.218048366297398 HTTP/1.1" 200 44403 "http://192.168.60.79/manager-page/home-1.php" "Mozilla/5.0 (Windows NT 10.0; Win64; x64) AppleWebKit/537.36 (KHTML, like Gecko) Chrome/135.0.0.0 Safari/537.36 Edg/135.0.0.0"
127.0.0.1 - - [14/Apr/2025:08:43:00 +0800] "GET /manager-page/api/snapshot.php?id=22&t=0.5582028634738159 HTTP/1.1" 200 46504 "http://127.0.0.1/manager-page/home-2.php" "Mozilla/5.0 (Windows NT 10.0; Win64; x64) AppleWebKit/537.36 (KHTML, like Gecko) Chrome/119.0.0.0 Safari/537.36"
127.0.0.1 - - [14/Apr/2025:08:43:00 +0800] "GET /robot/alarm-history-in.php HTTP/1.1" 200 - "-" "python-requests/2.28.1"
127.0.0.1 - - [14/Apr/2025:08:43:00 +0800] "GET /manager-page/api/snapshot.php?id=21&t=0.899526092382519 HTTP/1.1" 200 47726 "http://127.0.0.1/manager-page/home-2.php" "Mozilla/5.0 (Windows NT 10.0; Win64; x64) AppleWebKit/537.36 (KHTML, like Gecko) Chrome/119.0.0.0 Safari/537.36"
172.16.36.181 - - [14/Apr/2025:08:43:41 +0800] "GET /manager-page/api/snapshot.php?id=12&t=0.4951875250386454 HTTP/1.1" 200 49302 "http://192.168.60.79/manager-page/home-1.php" "Mozilla/5.0 (Windows NT 10.0; Win64; x64) AppleWebKit/537.36 (KHTML, like Gecko) Chrome/135.0.0.0 Safari/537.36 Edg/135.0.0.0"
172.16.36.181 - - [14/Apr/2025:08:43:41 +0800] "GET /manager-page/api/snapshot.php?id=11&t=0.08520999626540182 HTTP/1.1" 200 44010 "http://192.168.60.79/manager-page/home-1.php" "Mozilla/5.0 (Windows NT 10.0; Win64; x64) AppleWebKit/537.36 (KHTML, like Gecko) Chrome/135.0.0.0 Safari/537.36 Edg/135.0.0.0"
127.0.0.1 - - [14/Apr/2025:08:43:42 +0800] "GET /manager-page/api/snapshot.php?id=21&t=0.41707825772145646 HTTP/1.1" 200 47670 "http://127.0.0.1/manager-page/home-2.php" "Mozilla/5.0 (Windows NT 10.0; Win64; x64) AppleWebKit/537.36 (KHTML, like Gecko) Chrome/119.0.0.0 Safari/537.36"
127.0.0.1 - - [14/Apr/2025:08:43:42 +0800] "GET /manager-page/api/snapshot.php?id=22&t=0.7310075010190835 HTTP/1.1" 200 46520 "http://127.0.0.1/manager-page/home-2.php" "Mozilla/5.0 (Windows NT 10.0; Win64; x64) AppleWebKit/537.36 (KHTML, like Gecko) Chrome/119.0.0.0 Safari/537.36"
172.16.36.181 - - [14/Apr/2025:08:43:53 +0800] "GET /manager-page/api/snapshot.php?id=12&t=0.06422501453201612 HTTP/1.1" 200 49179 "http://192.168.60.79/manager-page/home-1.php" "Mozilla/5.0 (Windows NT 10.0; Win64; x64) AppleWebKit/537.36 (KHTML, like Gecko) Chrome/135.0.0.0 Safari/537.36 Edg/135.0.0.0"
172.16.36.181 - - [14/Apr/2025:08:43:53 +0800] "GET /manager-page/api/snapshot.php?id=11&t=0.08675581083181771 HTTP/1.1" 200 43945 "http://192.168.60.79/manager-page/home-1.php" "Mozilla/5.0 (Windows NT 10.0; Win64; x64) AppleWebKit/537.36 (KHTML, like Gecko) Chrome/135.0.0.0 Safari/537.36 Edg/135.0.0.0"
172.16.36.181 - - [14/Apr/2025:08:43:56 +0800] "GET /manager-page/api/snapshot.php?id=12&t=0.5096064367013908 HTTP/1.1" 200 49117 "http://192.168.60.79/manager-page/home-1.php" "Mozilla/5.0 (Windows NT 10.0; Win64; x64) AppleWebKit/537.36 (KHTML, like Gecko) Chrome/135.0.0.0 Safari/537.36 Edg/135.0.0.0"
172.16.36.181 - - [14/Apr/2025:08:43:56 +0800] "GET /manager-page/api/snapshot.php?id=11&t=0.20214619766094633 HTTP/1.1" 200 43913 "http://192.168.60.79/manager-page/home-1.php" "Mozilla/5.0 (Windows NT 10.0; Win64; x64) AppleWebKit/537.36 (KHTML, like Gecko) Chrome/135.0.0.0 Safari/537.36 Edg/135.0.0.0"
111.70.30.252 - - [14/Apr/2025:08:43:52 +0800] "POST /robot/lora-in.php HTTP/1.1" 200 - "-" "python-requests/2.21.0"
172.16.36.181 - - [14/Apr/2025:08:44:01 +0800] "GET /manager-page/api/snapshot.php?id=11&t=0.2952343199256837 HTTP/1.1" 200 43920 "http://192.168.60.79/manager-page/home-1.php" "Mozilla/5.0 (Windows NT 10.0; Win64; x64) AppleWebKit/537.36 (KHTML, like Gecko) Chrome/135.0.0.0 Safari/537.36 Edg/135.0.0.0"
127.0.0.1 - - [14/Apr/2025:08:44:00 +0800] "GET /robot/alarm-history-in.php HTTP/1.1" 200 - "-" "python-requests/2.28.1"
172.16.36.181 - - [14/Apr/2025:08:44:01 +0800] "GET /manager-page/api/snapshot.php?id=12&t=0.8306490319171645 HTTP/1.1" 500 - "http://192.168.60.79/manager-page/home-1.php" "Mozilla/5.0 (Windows NT 10.0; Win64; x64) AppleWebKit/537.36 (KHTML, like Gecko) Chrome/135.0.0.0 Safari/537.36 Edg/135.0.0.0"
172.16.36.181 - - [14/Apr/2025:08:44:01 +0800] "GET /manager-page/home-2.php HTTP/1.1" 200 18469 "http://192.168.60.79/manager-page/home-1.php" "Mozilla/5.0 (Windows NT 10.0; Win64; x64) AppleWebKit/537.36 (KHTML, like Gecko) Chrome/135.0.0.0 Safari/537.36 Edg/135.0.0.0"
172.16.36.181 - - [14/Apr/2025:08:44:29 +0800] "GET /manager-page/alarm/2-1.jpg?t=1116071030 HTTP/1.1" 200 339428 "http://192.168.60.79/manager-page/home-2.php" "Mozilla/5.0 (Windows NT 10.0; Win64; x64) AppleWebKit/537.36 (KHTML, like Gecko) Chrome/135.0.0.0 Safari/537.36 Edg/135.0.0.0"
172.16.36.181 - - [14/Apr/2025:08:44:29 +0800] "GET /manager-page/alarm/2-2.jpg?t=389021671 HTTP/1.1" 200 491657 "http://192.168.60.79/manager-page/home-2.php" "Mozilla/5.0 (Windows NT 10.0; Win64; x64) AppleWebKit/537.36 (KHTML, like Gecko) Chrome/135.0.0.0 Safari/537.36 Edg/135.0.0.0"
172.16.36.181 - - [14/Apr/2025:08:44:07 +0800] "GET /manager-page/home-2.php HTTP/1.1" 200 27469 "http://192.168.60.79/manager-page/home-1.php" "Mozilla/5.0 (Windows NT 10.0; Win64; x64) AppleWebKit/537.36 (KHTML, like Gecko) Chrome/135.0.0.0 Safari/537.36 Edg/135.0.0.0"
172.16.36.181 - - [14/Apr/2025:08:44:06 +0800] "GET /manager-page/api/snapshot.php?id=12&t=0.5904995221158057 HTTP/1.1" 500 - "http://192.168.60.79/manager-page/home-1.php" "Mozilla/5.0 (Windows NT 10.0; Win64; x64) AppleWebKit/537.36 (KHTML, like Gecko) Chrome/135.0.0.0 Safari/537.36 Edg/135.0.0.0"
172.16.36.181 - - [14/Apr/2025:08:44:06 +0800] "GET /manager-page/api/snapshot.php?id=11&t=0.2516311255089495 HTTP/1.1" 500 - "http://192.168.60.79/manager-page/home-1.php" "Mozilla/5.0 (Windows NT 10.0; Win64; x64) AppleWebKit/537.36 (KHTML, like Gecko) Chrome/135.0.0.0 Safari/537.36 Edg/135.0.0.0"
172.16.36.181 - - [14/Apr/2025:08:44:11 +0800] "GET /manager-page/api/snapshot.php?id=11&t=0.9230252779290586 HTTP/1.1" 500 - "http://192.168.60.79/manager-page/home-1.php" "Mozilla/5.0 (Windows NT 10.0; Win64; x64) AppleWebKit/537.36 (KHTML, like Gecko) Chrome/135.0.0.0 Safari/537.36 Edg/135.0.0.0"
172.16.36.181 - - [14/Apr/2025:08:44:11 +0800] "GET /manager-page/api/snapshot.php?id=12&t=0.24138823461950276 HTTP/1.1" 500 - "http://192.168.60.79/manager-page/home-1.php" "Mozilla/5.0 (Windows NT 10.0; Win64; x64) AppleWebKit/537.36 (KHTML, like Gecko) Chrome/135.0.0.0 Safari/537.36 Edg/135.0.0.0"
172.16.36.181 - - [14/Apr/2025:08:44:16 +0800] "GET /manager-page/api/snapshot.php?id=11&t=0.19857071495258038 HTTP/1.1" 500 - "http://192.168.60.79/manager-page/home-1.php" "Mozilla/5.0 (Windows NT 10.0; Win64; x64) AppleWebKit/537.36 (KHTML, like Gecko) Chrome/135.0.0.0 Safari/537.36 Edg/135.0.0.0"
172.16.36.181 - - [14/Apr/2025:08:44:16 +0800] "GET /manager-page/api/snapshot.php?id=12&t=0.36353234297424153 HTTP/1.1" 500 - "http://192.168.60.79/manager-page/home-1.php" "Mozilla/5.0 (Windows NT 10.0; Win64; x64) AppleWebKit/537.36 (KHTML, like Gecko) Chrome/135.0.0.0 Safari/537.36 Edg/135.0.0.0"
172.16.36.181 - - [14/Apr/2025:08:44:21 +0800] "GET /manager-page/api/snapshot.php?id=11&t=0.2631353347552675 HTTP/1.1" 500 - "http://192.168.60.79/manager-page/home-1.php" "Mozilla/5.0 (Windows NT 10.0; Win64; x64) AppleWebKit/537.36 (KHTML, like Gecko) Chrome/135.0.0.0 Safari/537.36 Edg/135.0.0.0"
172.16.36.181 - - [14/Apr/2025:08:44:21 +0800] "GET /manager-page/api/snapshot.php?id=12&t=0.7297552398478082 HTTP/1.1" 500 - "http://192.168.60.79/manager-page/home-1.php" "Mozilla/5.0 (Windows NT 10.0; Win64; x64) AppleWebKit/537.36 (KHTML, like Gecko) Chrome/135.0.0.0 Safari/537.36 Edg/135.0.0.0"
172.16.36.181 - - [14/Apr/2025:08:44:26 +0800] "GET /manager-page/api/snapshot.php?id=11&t=0.9752318859779903 HTTP/1.1" 200 44054 "http://192.168.60.79/manager-page/home-1.php" "Mozilla/5.0 (Windows NT 10.0; Win64; x64) AppleWebKit/537.36 (KHTML, like Gecko) Chrome/135.0.0.0 Safari/537.36 Edg/135.0.0.0"
172.16.36.181 - - [14/Apr/2025:08:44:26 +0800] "GET /manager-page/api/snapshot.php?id=12&t=0.1471052648582828 HTTP/1.1" 200 49330 "http://192.168.60.79/manager-page/home-1.php" "Mozilla/5.0 (Windows NT 10.0; Win64; x64) AppleWebKit/537.36 (KHTML, like Gecko) Chrome/135.0.0.0 Safari/537.36 Edg/135.0.0.0"
172.16.36.181 - - [14/Apr/2025:08:44:29 +0800] "GET /manager-page/api/snapshot.php?id=22 HTTP/1.1" 200 46618 "http://192.168.60.79/manager-page/home-2.php" "Mozilla/5.0 (Windows NT 10.0; Win64; x64) AppleWebKit/537.36 (KHTML, like Gecko) Chrome/135.0.0.0 Safari/537.36 Edg/135.0.0.0"
172.16.36.181 - - [14/Apr/2025:08:44:29 +0800] "GET /manager-page/api/snapshot.php?id=21 HTTP/1.1" 200 45993 "http://192.168.60.79/manager-page/home-2.php" "Mozilla/5.0 (Windows NT 10.0; Win64; x64) AppleWebKit/537.36 (KHTML, like Gecko) Chrome/135.0.0.0 Safari/537.36 Edg/135.0.0.0"
172.16.36.181 - - [14/Apr/2025:08:44:30 +0800] "GET /manager-page/api/cms-status2.php HTTP/1.1" 200 12 "http://192.168.60.79/manager-page/home-2.php" "Mozilla/5.0 (Windows NT 10.0; Win64; x64) AppleWebKit/537.36 (KHTML, like Gecko) Chrome/135.0.0.0 Safari/537.36 Edg/135.0.0.0"
172.16.36.181 - - [14/Apr/2025:08:44:30 +0800] "GET /manager-page/api/lp-status2.php HTTP/1.1" 200 1 "http://192.168.60.79/manager-page/home-2.php" "Mozilla/5.0 (Windows NT 10.0; Win64; x64) AppleWebKit/537.36 (KHTML, like Gecko) Chrome/135.0.0.0 Safari/537.36 Edg/135.0.0.0"
172.16.36.181 - - [14/Apr/2025:08:44:36 +0800] "GET /manager-page/api/snapshot.php?id=22&t=0.5127239851968275 HTTP/1.1" 200 46518 "http://192.168.60.79/manager-page/home-2.php" "Mozilla/5.0 (Windows NT 10.0; Win64; x64) AppleWebKit/537.36 (KHTML, like Gecko) Chrome/135.0.0.0 Safari/537.36 Edg/135.0.0.0"
172.16.36.181 - - [14/Apr/2025:08:44:36 +0800] "GET /manager-page/api/snapshot.php?id=21&t=0.08736537933599486 HTTP/1.1" 200 47668 "http://192.168.60.79/manager-page/home-2.php" "Mozilla/5.0 (Windows NT 10.0; Win64; x64) AppleWebKit/537.36 (KHTML, like Gecko) Chrome/135.0.0.0 Safari/537.36 Edg/135.0.0.0"
172.16.36.181 - - [14/Apr/2025:08:44:41 +0800] "GET /manager-page/api/snapshot.php?id=22&t=0.6463656330967157 HTTP/1.1" 200 46464 "http://192.168.60.79/manager-page/home-2.php" "Mozilla/5.0 (Windows NT 10.0; Win64; x64) AppleWebKit/537.36 (KHTML, like Gecko) Chrome/135.0.0.0 Safari/537.36 Edg/135.0.0.0"
172.16.36.181 - - [14/Apr/2025:08:44:41 +0800] "GET /manager-page/api/snapshot.php?id=21&t=0.8029423172440088 HTTP/1.1" 200 47629 "http://192.168.60.79/manager-page/home-2.php" "Mozilla/5.0 (Windows NT 10.0; Win64; x64) AppleWebKit/537.36 (KHTML, like Gecko) Chrome/135.0.0.0 Safari/537.36 Edg/135.0.0.0"
127.0.0.1 - - [14/Apr/2025:08:44:44 +0800] "GET /manager-page/api/snapshot.php?id=21&t=0.26933557776953365 HTTP/1.1" 200 47633 "http://127.0.0.1/manager-page/home-2.php" "Mozilla/5.0 (Windows NT 10.0; Win64; x64) AppleWebKit/537.36 (KHTML, like Gecko) Chrome/119.0.0.0 Safari/537.36"
172.16.36.181 - - [14/Apr/2025:08:44:46 +0800] "GET /manager-page/api/snapshot.php?id=22&t=0.031337905384844045 HTTP/1.1" 200 46448 "http://192.168.60.79/manager-page/home-2.php" "Mozilla/5.0 (Windows NT 10.0; Win64; x64) AppleWebKit/537.36 (KHTML, like Gecko) Chrome/135.0.0.0 Safari/537.36 Edg/135.0.0.0"
172.16.36.181 - - [14/Apr/2025:08:44:46 +0800] "GET /manager-page/api/snapshot.php?id=21&t=0.789514617485128 HTTP/1.1" 200 47615 "http://192.168.60.79/manager-page/home-2.php" "Mozilla/5.0 (Windows NT 10.0; Win64; x64) AppleWebKit/537.36 (KHTML, like Gecko) Chrome/135.0.0.0 Safari/537.36 Edg/135.0.0.0"
172.16.36.181 - - [14/Apr/2025:08:44:51 +0800] "GET /manager-page/api/snapshot.php?id=22&t=0.6182670957583726 HTTP/1.1" 200 46422 "http://192.168.60.79/manager-page/home-2.php" "Mozilla/5.0 (Windows NT 10.0; Win64; x64) AppleWebKit/537.36 (KHTML, like Gecko) Chrome/135.0.0.0 Safari/537.36 Edg/135.0.0.0"
172.16.36.181 - - [14/Apr/2025:08:44:51 +0800] "GET /manager-page/api/snapshot.php?id=21&t=0.8456989649707274 HTTP/1.1" 200 47621 "http://192.168.60.79/manager-page/home-2.php" "Mozilla/5.0 (Windows NT 10.0; Win64; x64) AppleWebKit/537.36 (KHTML, like Gecko) Chrome/135.0.0.0 Safari/537.36 Edg/135.0.0.0"
127.0.0.1 - - [14/Apr/2025:08:44:54 +0800] "GET /manager-page/api/snapshot.php?id=22&t=0.2773928310837952 HTTP/1.1" 200 46387 "http://127.0.0.1/manager-page/home-2.php" "Mozilla/5.0 (Windows NT 10.0; Win64; x64) AppleWebKit/537.36 (KHTML, like Gecko) Chrome/119.0.0.0 Safari/537.36"
172.16.36.181 - - [14/Apr/2025:08:44:56 +0800] "GET /manager-page/api/snapshot.php?id=22&t=0.35316471627230384 HTTP/1.1" 200 46428 "http://192.168.60.79/manager-page/home-2.php" "Mozilla/5.0 (Windows NT 10.0; Win64; x64) AppleWebKit/537.36 (KHTML, like Gecko) Chrome/135.0.0.0 Safari/537.36 Edg/135.0.0.0"
172.16.36.181 - - [14/Apr/2025:08:44:56 +0800] "GET /manager-page/api/snapshot.php?id=21&t=0.5979164685856245 HTTP/1.1" 200 47637 "http://192.168.60.79/manager-page/home-2.php" "Mozilla/5.0 (Windows NT 10.0; Win64; x64) AppleWebKit/537.36 (KHTML, like Gecko) Chrome/135.0.0.0 Safari/537.36 Edg/135.0.0.0"
127.0.0.1 - - [14/Apr/2025:08:45:00 +0800] "GET /robot/alarm-history-in.php HTTP/1.1" 200 - "-" "python-requests/2.28.1"
172.16.36.181 - - [14/Apr/2025:08:45:01 +0800] "GET /manager-page/api/snapshot.php?id=21&t=0.32686216422974856 HTTP/1.1" 200 47609 "http://192.168.60.79/manager-page/home-2.php" "Mozilla/5.0 (Windows NT 10.0; Win64; x64) AppleWebKit/537.36 (KHTML, like Gecko) Chrome/135.0.0.0 Safari/537.36 Edg/135.0.0.0"
172.16.36.181 - - [14/Apr/2025:08:45:01 +0800] "GET /manager-page/api/snapshot.php?id=22&t=0.016481048420498134 HTTP/1.1" 200 46408 "http://192.168.60.79/manager-page/home-2.php" "Mozilla/5.0 (Windows NT 10.0; Win64; x64) AppleWebKit/537.36 (KHTML, like Gecko) Chrome/135.0.0.0 Safari/537.36 Edg/135.0.0.0"
172.16.36.181 - - [14/Apr/2025:08:45:06 +0800] "GET /manager-page/api/snapshot.php?id=22&t=0.5048501847352408 HTTP/1.1" 200 46403 "http://192.168.60.79/manager-page/home-2.php" "Mozilla/5.0 (Windows NT 10.0; Win64; x64) AppleWebKit/537.36 (KHTML, like Gecko) Chrome/135.0.0.0 Safari/537.36 Edg/135.0.0.0"
172.16.36.181 - - [14/Apr/2025:08:45:06 +0800] "GET /manager-page/api/snapshot.php?id=21&t=0.7868195320335033 HTTP/1.1" 200 47589 "http://192.168.60.79/manager-page/home-2.php" "Mozilla/5.0 (Windows NT 10.0; Win64; x64) AppleWebKit/537.36 (KHTML, like Gecko) Chrome/135.0.0.0 Safari/537.36 Edg/135.0.0.0"
172.16.36.181 - - [14/Apr/2025:08:45:11 +0800] "GET /manager-page/api/snapshot.php?id=21&t=0.5000079610917697 HTTP/1.1" 200 47566 "http://192.168.60.79/manager-page/home-2.php" "Mozilla/5.0 (Windows NT 10.0; Win64; x64) AppleWebKit/537.36 (KHTML, like Gecko) Chrome/135.0.0.0 Safari/537.36 Edg/135.0.0.0"
172.16.36.181 - - [14/Apr/2025:08:45:11 +0800] "GET /manager-page/api/snapshot.php?id=22&t=0.8328662906058079 HTTP/1.1" 200 46464 "http://192.168.60.79/manager-page/home-2.php" "Mozilla/5.0 (Windows NT 10.0; Win64; x64) AppleWebKit/537.36 (KHTML, like Gecko) Chrome/135.0.0.0 Safari/537.36 Edg/135.0.0.0"
172.16.36.181 - - [14/Apr/2025:08:45:16 +0800] "GET /manager-page/api/snapshot.php?id=21&t=0.2940745495696906 HTTP/1.1" 200 47595 "http://192.168.60.79/manager-page/home-2.php" "Mozilla/5.0 (Windows NT 10.0; Win64; x64) AppleWebKit/537.36 (KHTML, like Gecko) Chrome/135.0.0.0 Safari/537.36 Edg/135.0.0.0"
172.16.36.181 - - [14/Apr/2025:08:45:16 +0800] "GET /manager-page/api/snapshot.php?id=22&t=0.20566376058729874 HTTP/1.1" 200 46435 "http://192.168.60.79/manager-page/home-2.php" "Mozilla/5.0 (Windows NT 10.0; Win64; x64) AppleWebKit/537.36 (KHTML, like Gecko) Chrome/135.0.0.0 Safari/537.36 Edg/135.0.0.0"
172.16.36.181 - - [14/Apr/2025:08:45:21 +0800] "GET /manager-page/api/snapshot.php?id=21&t=0.931973405873419 HTTP/1.1" 200 47575 "http://192.168.60.79/manager-page/home-2.php" "Mozilla/5.0 (Windows NT 10.0; Win64; x64) AppleWebKit/537.36 (KHTML, like Gecko) Chrome/135.0.0.0 Safari/537.36 Edg/135.0.0.0"
172.16.36.181 - - [14/Apr/2025:08:45:21 +0800] "GET /manager-page/api/snapshot.php?id=22&t=0.04834995713357393 HTTP/1.1" 200 46394 "http://192.168.60.79/manager-page/home-2.php" "Mozilla/5.0 (Windows NT 10.0; Win64; x64) AppleWebKit/537.36 (KHTML, like Gecko) Chrome/135.0.0.0 Safari/537.36 Edg/135.0.0.0"
127.0.0.1 - - [14/Apr/2025:08:45:25 +0800] "POST /robot/et-7026-in.php HTTP/1.1" 200 - "-" "python-requests/2.32.2"
111.70.30.251 - - [14/Apr/2025:08:45:28 +0800] "POST /robot/lora-in.php HTTP/1.1" 200 - "-" "python-requests/2.21.0"
172.16.36.181 - - [14/Apr/2025:08:45:41 +0800] "GET /manager-page/api/snapshot.php?id=22&t=0.9377691912952199 HTTP/1.1" 200 46422 "http://192.168.60.79/manager-page/home-2.php" "Mozilla/5.0 (Windows NT 10.0; Win64; x64) AppleWebKit/537.36 (KHTML, like Gecko) Chrome/135.0.0.0 Safari/537.36 Edg/135.0.0.0"
172.16.36.181 - - [14/Apr/2025:08:45:41 +0800] "GET /manager-page/api/snapshot.php?id=21&t=0.8733976173169505 HTTP/1.1" 200 47543 "http://192.168.60.79/manager-page/home-2.php" "Mozilla/5.0 (Windows NT 10.0; Win64; x64) AppleWebKit/537.36 (KHTML, like Gecko) Chrome/135.0.0.0 Safari/537.36 Edg/135.0.0.0"
127.0.0.1 - - [14/Apr/2025:08:46:00 +0800] "POST /robot/et-7026-in.php HTTP/1.1" 200 - "-" "python-requests/2.32.2"
111.70.30.251 - - [14/Apr/2025:08:46:09 +0800] "POST /robot/lora-in.php HTTP/1.1" 200 - "-" "python-requests/2.21.0"
127.0.0.1 - - [14/Apr/2025:08:46:00 +0800] "GET /robot/alarm-history-in.php HTTP/1.1" 200 - "-" "python-requests/2.28.1"
172.16.36.181 - - [14/Apr/2025:08:46:41 +0800] "GET /manager-page/api/snapshot.php?id=21&t=0.21844054405840962 HTTP/1.1" 200 47518 "http://192.168.60.79/manager-page/home-2.php" "Mozilla/5.0 (Windows NT 10.0; Win64; x64) AppleWebKit/537.36 (KHTML, like Gecko) Chrome/135.0.0.0 Safari/537.36 Edg/135.0.0.0"
172.16.36.181 - - [14/Apr/2025:08:46:41 +0800] "GET /manager-page/api/snapshot.php?id=22&t=0.6677822382366213 HTTP/1.1" 200 46365 "http://192.168.60.79/manager-page/home-2.php" "Mozilla/5.0 (Windows NT 10.0; Win64; x64) AppleWebKit/537.36 (KHTML, like Gecko) Chrome/135.0.0.0 Safari/537.36 Edg/135.0.0.0"
127.0.0.1 - - [14/Apr/2025:08:46:52 +0800] "POST /robot/et-7026-in.php HTTP/1.1" 200 - "-" "python-requests/2.32.2"
127.0.0.1 - - [14/Apr/2025:08:47:00 +0800] "GET /robot/alarm-history-in.php HTTP/1.1" 200 - "-" "python-requests/2.28.1"
111.70.30.253 - - [14/Apr/2025:08:47:36 +0800] "POST /robot/lora-in.php HTTP/1.1" 200 - "-" "python-requests/2.21.0"
172.16.36.181 - - [14/Apr/2025:08:47:41 +0800] "GET /manager-page/api/snapshot.php?id=21&t=0.04929096322738802 HTTP/1.1" 200 47511 "http://192.168.60.79/manager-page/home-2.php" "Mozilla/5.0 (Windows NT 10.0; Win64; x64) AppleWebKit/537.36 (KHTML, like Gecko) Chrome/135.0.0.0 Safari/537.36 Edg/135.0.0.0"
172.16.36.181 - - [14/Apr/2025:08:47:41 +0800] "GET /manager-page/api/snapshot.php?id=22&t=0.06410821807484712 HTTP/1.1" 200 46337 "http://192.168.60.79/manager-page/home-2.php" "Mozilla/5.0 (Windows NT 10.0; Win64; x64) AppleWebKit/537.36 (KHTML, like Gecko) Chrome/135.0.0.0 Safari/537.36 Edg/135.0.0.0"
127.0.0.1 - - [14/Apr/2025:08:48:00 +0800] "GET /robot/alarm-history-in.php HTTP/1.1" 200 - "-" "python-requests/2.28.1"
111.70.30.250 - - [14/Apr/2025:08:48:08 +0800] "POST /robot/lora-in.php HTTP/1.1" 200 - "-" "python-requests/2.21.0"
127.0.0.1 - - [14/Apr/2025:08:48:18 +0800] "POST /robot/et-7026-in.php HTTP/1.1" 200 - "-" "python-requests/2.32.2"
172.16.36.181 - - [14/Apr/2025:08:48:41 +0800] "GET /manager-page/api/snapshot.php?id=22&t=0.8339172455688997 HTTP/1.1" 200 46438 "http://192.168.60.79/manager-page/home-2.php" "Mozilla/5.0 (Windows NT 10.0; Win64; x64) AppleWebKit/537.36 (KHTML, like Gecko) Chrome/135.0.0.0 Safari/537.36 Edg/135.0.0.0"
172.16.36.181 - - [14/Apr/2025:08:48:41 +0800] "GET /manager-page/api/snapshot.php?id=21&t=0.1473101644098751 HTTP/1.1" 500 - "http://192.168.60.79/manager-page/home-2.php" "Mozilla/5.0 (Windows NT 10.0; Win64; x64) AppleWebKit/537.36 (KHTML, like Gecko) Chrome/135.0.0.0 Safari/537.36 Edg/135.0.0.0"
172.16.36.181 - - [14/Apr/2025:08:48:55 +0800] "GET /manager-page/live/2-1.jpg HTTP/1.1" 200 47627 "http://192.168.60.79/manager-page/home-2.php" "Mozilla/5.0 (Windows NT 10.0; Win64; x64) AppleWebKit/537.36 (KHTML, like Gecko) Chrome/135.0.0.0 Safari/537.36 Edg/135.0.0.0"
127.0.0.1 - - [14/Apr/2025:08:49:00 +0800] "GET /robot/alarm-history-in.php HTTP/1.1" 200 - "-" "python-requests/2.28.1"
172.16.36.181 - - [14/Apr/2025:08:49:41 +0800] "GET /manager-page/api/snapshot.php?id=21&t=0.6727054552094625 HTTP/1.1" 200 47501 "http://192.168.60.79/manager-page/home-2.php" "Mozilla/5.0 (Windows NT 10.0; Win64; x64) AppleWebKit/537.36 (KHTML, like Gecko) Chrome/135.0.0.0 Safari/537.36 Edg/135.0.0.0"
172.16.36.181 - - [14/Apr/2025:08:49:41 +0800] "GET /manager-page/api/snapshot.php?id=22&t=0.3234645330873862 HTTP/1.1" 500 - "http://192.168.60.79/manager-page/home-2.php" "Mozilla/5.0 (Windows NT 10.0; Win64; x64) AppleWebKit/537.36 (KHTML, like Gecko) Chrome/135.0.0.0 Safari/537.36 Edg/135.0.0.0"
172.16.36.181 - - [14/Apr/2025:08:49:53 +0800] "GET /manager-page/live/2-2.jpg HTTP/1.1" 200 46478 "http://192.168.60.79/manager-page/home-2.php" "Mozilla/5.0 (Windows NT 10.0; Win64; x64) AppleWebKit/537.36 (KHTML, like Gecko) Chrome/135.0.0.0 Safari/537.36 Edg/135.0.0.0"
127.0.0.1 - - [14/Apr/2025:08:50:00 +0800] "GET /robot/alarm-history-in.php HTTP/1.1" 200 - "-" "python-requests/2.28.1"
172.16.36.181 - - [14/Apr/2025:08:50:41 +0800] "GET /manager-page/api/snapshot.php?id=22&t=0.2831436095362554 HTTP/1.1" 200 46254 "http://192.168.60.79/manager-page/home-2.php" "Mozilla/5.0 (Windows NT 10.0; Win64; x64) AppleWebKit/537.36 (KHTML, like Gecko) Chrome/135.0.0.0 Safari/537.36 Edg/135.0.0.0"
172.16.36.181 - - [14/Apr/2025:08:50:41 +0800] "GET /manager-page/api/snapshot.php?id=21&t=0.6452824304755835 HTTP/1.1" 200 47464 "http://192.168.60.79/manager-page/home-2.php" "Mozilla/5.0 (Windows NT 10.0; Win64; x64) AppleWebKit/537.36 (KHTML, like Gecko) Chrome/135.0.0.0 Safari/537.36 Edg/135.0.0.0"
127.0.0.1 - - [14/Apr/2025:08:51:00 +0800] "GET /robot/alarm-history-in.php HTTP/1.1" 200 - "-" "python-requests/2.28.1"
127.0.0.1 - - [14/Apr/2025:08:51:20 +0800] "GET /get-setting.json HTTP/1.1" 200 2315 "-" "python-requests/2.31.0"
127.0.0.1 - - [14/Apr/2025:08:51:25 +0800] "POST /robot/lora-in.php HTTP/1.1" 200 - "-" "python-requests/2.31.0"
172.16.36.181 - - [14/Apr/2025:08:51:41 +0800] "GET /manager-page/api/snapshot.php?id=21&t=0.9876399122161769 HTTP/1.1" 200 47444 "http://192.168.60.79/manager-page/home-2.php" "Mozilla/5.0 (Windows NT 10.0; Win64; x64) AppleWebKit/537.36 (KHTML, like Gecko) Chrome/135.0.0.0 Safari/537.36 Edg/135.0.0.0"
172.16.36.181 - - [14/Apr/2025:08:51:41 +0800] "GET /manager-page/api/snapshot.php?id=22&t=0.8657712233445373 HTTP/1.1" 200 46298 "http://192.168.60.79/manager-page/home-2.php" "Mozilla/5.0 (Windows NT 10.0; Win64; x64) AppleWebKit/537.36 (KHTML, like Gecko) Chrome/135.0.0.0 Safari/537.36 Edg/135.0.0.0"
127.0.0.1 - - [14/Apr/2025:08:52:00 +0800] "GET /robot/alarm-history-in.php HTTP/1.1" 200 - "-" "python-requests/2.28.1"
127.0.0.1 - - [14/Apr/2025:08:51:42 +0800] "POST /robot/lora-in.php HTTP/1.1" 200 - "-" "python-requests/2.31.0"
127.0.0.1 - - [14/Apr/2025:08:52:02 +0800] "POST /robot/lora-in.php HTTP/1.1" 200 - "-" "python-requests/2.31.0"
127.0.0.1 - - [14/Apr/2025:08:52:26 +0800] "POST /robot/lora-in.php HTTP/1.1" 200 - "-" "python-requests/2.31.0"
127.0.0.1 - - [14/Apr/2025:08:52:30 +0800] "POST /robot/lora-in.php HTTP/1.1" 200 - "-" "python-requests/2.31.0"
127.0.0.1 - - [14/Apr/2025:08:52:31 +0800] "POST /robot/lora-in.php HTTP/1.1" 200 - "-" "python-requests/2.31.0"
127.0.0.1 - - [14/Apr/2025:08:52:33 +0800] "POST /robot/lora-in.php HTTP/1.1" 200 - "-" "python-requests/2.31.0"
172.16.36.181 - - [14/Apr/2025:08:52:41 +0800] "GET /manager-page/api/snapshot.php?id=21&t=0.04048564060123394 HTTP/1.1" 200 47267 "http://192.168.60.79/manager-page/home-2.php" "Mozilla/5.0 (Windows NT 10.0; Win64; x64) AppleWebKit/537.36 (KHTML, like Gecko) Chrome/135.0.0.0 Safari/537.36 Edg/135.0.0.0"
172.16.36.181 - - [14/Apr/2025:08:52:41 +0800] "GET /manager-page/api/snapshot.php?id=22&t=0.9514179399377638 HTTP/1.1" 200 46214 "http://192.168.60.79/manager-page/home-2.php" "Mozilla/5.0 (Windows NT 10.0; Win64; x64) AppleWebKit/537.36 (KHTML, like Gecko) Chrome/135.0.0.0 Safari/537.36 Edg/135.0.0.0"
127.0.0.1 - - [14/Apr/2025:08:53:00 +0800] "GET /robot/alarm-history-in.php HTTP/1.1" 200 - "-" "python-requests/2.28.1"
111.70.30.252 - - [14/Apr/2025:08:53:01 +0800] "POST /robot/lora-in.php HTTP/1.1" 200 - "-" "python-requests/2.21.0"
172.16.36.181 - - [14/Apr/2025:08:53:41 +0800] "GET /manager-page/api/snapshot.php?id=22&t=0.4021406299705198 HTTP/1.1" 200 46069 "http://192.168.60.79/manager-page/home-2.php" "Mozilla/5.0 (Windows NT 10.0; Win64; x64) AppleWebKit/537.36 (KHTML, like Gecko) Chrome/135.0.0.0 Safari/537.36 Edg/135.0.0.0"
172.16.36.181 - - [14/Apr/2025:08:53:41 +0800] "GET /manager-page/api/snapshot.php?id=21&t=0.5563401540882051 HTTP/1.1" 200 47377 "http://192.168.60.79/manager-page/home-2.php" "Mozilla/5.0 (Windows NT 10.0; Win64; x64) AppleWebKit/537.36 (KHTML, like Gecko) Chrome/135.0.0.0 Safari/537.36 Edg/135.0.0.0"
127.0.0.1 - - [14/Apr/2025:08:54:00 +0800] "GET /robot/alarm-history-in.php HTTP/1.1" 200 - "-" "python-requests/2.28.1"
111.70.30.251 - - [14/Apr/2025:08:53:49 +0800] "POST /robot/lora-in.php HTTP/1.1" 200 - "-" "python-requests/2.21.0"
172.16.36.181 - - [14/Apr/2025:08:54:41 +0800] "GET /manager-page/api/snapshot.php?id=21&t=0.4187627451801996 HTTP/1.1" 200 47198 "http://192.168.60.79/manager-page/home-2.php" "Mozilla/5.0 (Windows NT 10.0; Win64; x64) AppleWebKit/537.36 (KHTML, like Gecko) Chrome/135.0.0.0 Safari/537.36 Edg/135.0.0.0"
172.16.36.181 - - [14/Apr/2025:08:54:41 +0800] "GET /manager-page/api/snapshot.php?id=22&t=0.503832763638576 HTTP/1.1" 200 46172 "http://192.168.60.79/manager-page/home-2.php" "Mozilla/5.0 (Windows NT 10.0; Win64; x64) AppleWebKit/537.36 (KHTML, like Gecko) Chrome/135.0.0.0 Safari/537.36 Edg/135.0.0.0"
127.0.0.1 - - [14/Apr/2025:08:55:00 +0800] "GET /robot/alarm-history-in.php HTTP/1.1" 200 - "-" "python-requests/2.28.1"
127.0.0.1 - - [14/Apr/2025:08:55:28 +0800] "POST /robot/et-7026-in.php HTTP/1.1" 200 - "-" "python-requests/2.32.2"
172.16.36.181 - - [14/Apr/2025:08:55:41 +0800] "GET /manager-page/api/snapshot.php?id=22&t=0.2097056770749025 HTTP/1.1" 200 46008 "http://192.168.60.79/manager-page/home-2.php" "Mozilla/5.0 (Windows NT 10.0; Win64; x64) AppleWebKit/537.36 (KHTML, like Gecko) Chrome/135.0.0.0 Safari/537.36 Edg/135.0.0.0"
172.16.36.181 - - [14/Apr/2025:08:55:41 +0800] "GET /manager-page/api/snapshot.php?id=21&t=0.051713216559165276 HTTP/1.1" 200 47127 "http://192.168.60.79/manager-page/home-2.php" "Mozilla/5.0 (Windows NT 10.0; Win64; x64) AppleWebKit/537.36 (KHTML, like Gecko) Chrome/135.0.0.0 Safari/537.36 Edg/135.0.0.0"
127.0.0.1 - - [14/Apr/2025:08:56:00 +0800] "GET /robot/alarm-history-in.php HTTP/1.1" 200 - "-" "python-requests/2.28.1"
127.0.0.1 - - [14/Apr/2025:08:56:03 +0800] "POST /robot/et-7026-in.php HTTP/1.1" 200 - "-" "python-requests/2.32.2"
111.70.30.251 - - [14/Apr/2025:08:56:07 +0800] "POST /robot/lora-in.php HTTP/1.1" 200 - "-" "python-requests/2.21.0"
111.70.30.253 - - [14/Apr/2025:08:56:21 +0800] "POST /robot/lora-in.php HTTP/1.1" 200 - "-" "python-requests/2.21.0"
172.16.36.181 - - [14/Apr/2025:08:56:41 +0800] "GET /manager-page/api/snapshot.php?id=22&t=0.40374479020266096 HTTP/1.1" 200 46094 "http://192.168.60.79/manager-page/home-2.php" "Mozilla/5.0 (Windows NT 10.0; Win64; x64) AppleWebKit/537.36 (KHTML, like Gecko) Chrome/135.0.0.0 Safari/537.36 Edg/135.0.0.0"
