127.0.0.1 - - [13/Mar/2025:11:26:07 +0800] "GET /manager-page/api/snapshot.php?id=21&t=0.5325758683708937 HTTP/1.1" 500 - "http://127.0.0.1/manager-page/home-2.php" "Mozilla/5.0 (Windows NT 10.0; Win64; x64) AppleWebKit/537.36 (KHTML, like Gecko) Chrome/119.0.0.0 Safari/537.36"
127.0.0.1 - - [13/Mar/2025:11:26:07 +0800] "GET /manager-page/api/snapshot.php?id=22&t=0.8896608499679834 HTTP/1.1" 500 - "http://127.0.0.1/manager-page/home-2.php" "Mozilla/5.0 (Windows NT 10.0; Win64; x64) AppleWebKit/537.36 (KHTML, like Gecko) Chrome/119.0.0.0 Safari/537.36"
127.0.0.1 - - [13/Mar/2025:11:26:07 +0800] "GET /manager-page/api/snapshot.php?id=21 HTTP/1.1" 500 - "http://127.0.0.1/manager-page/home-2.php" "Mozilla/5.0 (Windows NT 10.0; Win64; x64) AppleWebKit/537.36 (KHTML, like Gecko) Chrome/119.0.0.0 Safari/537.36"
127.0.0.1 - - [13/Mar/2025:11:26:07 +0800] "GET /manager-page/api/snapshot.php?id=22 HTTP/1.1" 500 - "http://127.0.0.1/manager-page/home-2.php" "Mozilla/5.0 (Windows NT 10.0; Win64; x64) AppleWebKit/537.36 (KHTML, like Gecko) Chrome/119.0.0.0 Safari/537.36"
127.0.0.1 - - [13/Mar/2025:11:26:09 +0800] "GET /manager-page/api/cms-status2.php HTTP/1.1" 500 - "http://127.0.0.1/manager-page/home-2.php" "Mozilla/5.0 (Windows NT 10.0; Win64; x64) AppleWebKit/537.36 (KHTML, like Gecko) Chrome/119.0.0.0 Safari/537.36"
127.0.0.1 - - [13/Mar/2025:11:26:09 +0800] "GET /manager-page/api/lp-status2.php HTTP/1.1" 500 - "http://127.0.0.1/manager-page/home-2.php" "Mozilla/5.0 (Windows NT 10.0; Win64; x64) AppleWebKit/537.36 (KHTML, like Gecko) Chrome/119.0.0.0 Safari/537.36"
172.16.36.181 - - [13/Mar/2025:11:26:16 +0800] "GET /manager-page/api/snapshot.php?id=22&t=0.1156470456238734 HTTP/1.1" 200 43008 "http://192.168.60.79/manager-page/home-2.php" "Mozilla/5.0 (Windows NT 10.0; Win64; x64) AppleWebKit/537.36 (KHTML, like Gecko) Chrome/134.0.0.0 Safari/537.36 Edg/134.0.0.0"
127.0.0.1 - - [13/Mar/2025:11:26:14 +0800] "GET /manager-page/api/snapshot.php?id=21&t=0.7486892277526387 HTTP/1.1" 500 - "http://127.0.0.1/manager-page/home-2.php" "Mozilla/5.0 (Windows NT 10.0; Win64; x64) AppleWebKit/537.36 (KHTML, like Gecko) Chrome/119.0.0.0 Safari/537.36"
127.0.0.1 - - [13/Mar/2025:11:26:14 +0800] "GET /manager-page/api/snapshot.php?id=22&t=0.945441240359153 HTTP/1.1" 500 - "http://127.0.0.1/manager-page/home-2.php" "Mozilla/5.0 (Windows NT 10.0; Win64; x64) AppleWebKit/537.36 (KHTML, like Gecko) Chrome/119.0.0.0 Safari/537.36"
127.0.0.1 - - [13/Mar/2025:11:26:19 +0800] "GET /manager-page/api/snapshot.php?id=22&t=0.3258831431966416 HTTP/1.1" 200 46611 "http://127.0.0.1/manager-page/home-2.php" "Mozilla/5.0 (Windows NT 10.0; Win64; x64) AppleWebKit/537.36 (KHTML, like Gecko) Chrome/119.0.0.0 Safari/537.36"
172.16.36.181 - - [13/Mar/2025:11:26:16 +0800] "GET /manager-page/api/snapshot.php?id=21&t=0.978205040824971 HTTP/1.1" 500 - "http://192.168.60.79/manager-page/home-2.php" "Mozilla/5.0 (Windows NT 10.0; Win64; x64) AppleWebKit/537.36 (KHTML, like Gecko) Chrome/134.0.0.0 Safari/537.36 Edg/134.0.0.0"
127.0.0.1 - - [13/Mar/2025:11:26:19 +0800] "GET /manager-page/api/snapshot.php?id=21&t=0.3136195083699236 HTTP/1.1" 500 - "http://127.0.0.1/manager-page/home-2.php" "Mozilla/5.0 (Windows NT 10.0; Win64; x64) AppleWebKit/537.36 (KHTML, like Gecko) Chrome/119.0.0.0 Safari/537.36"
172.16.36.181 - - [13/Mar/2025:11:26:20 +0800] "GET /manager-page/api/snapshot.php?id=21&t=0.8373401396296576 HTTP/1.1" 500 - "http://192.168.60.79/manager-page/home-2.php" "Mozilla/5.0 (Windows NT 10.0; Win64; x64) AppleWebKit/537.36 (KHTML, like Gecko) Chrome/134.0.0.0 Safari/537.36 Edg/134.0.0.0"
172.16.36.181 - - [13/Mar/2025:11:26:20 +0800] "GET /manager-page/api/snapshot.php?id=22&t=0.3054665950831874 HTTP/1.1" 500 - "http://192.168.60.79/manager-page/home-2.php" "Mozilla/5.0 (Windows NT 10.0; Win64; x64) AppleWebKit/537.36 (KHTML, like Gecko) Chrome/134.0.0.0 Safari/537.36 Edg/134.0.0.0"
172.16.36.181 - - [13/Mar/2025:11:26:27 +0800] "GET /manager-page/alarm/2-2.jpg?t=421663316 HTTP/1.1" 200 491657 "http://192.168.60.79/manager-page/home-2.php" "Mozilla/5.0 (Windows NT 10.0; Win64; x64) AppleWebKit/537.36 (KHTML, like Gecko) Chrome/134.0.0.0 Safari/537.36 Edg/134.0.0.0"
172.16.36.181 - - [13/Mar/2025:11:26:27 +0800] "GET /manager-page/alarm/2-1.jpg?t=1374109240 HTTP/1.1" 200 339428 "http://192.168.60.79/manager-page/home-2.php" "Mozilla/5.0 (Windows NT 10.0; Win64; x64) AppleWebKit/537.36 (KHTML, like Gecko) Chrome/134.0.0.0 Safari/537.36 Edg/134.0.0.0"
172.16.36.181 - - [13/Mar/2025:11:26:24 +0800] "GET /manager-page/home-2.php HTTP/1.1" 200 27468 "http://192.168.60.79/manager-page/home-2.php" "Mozilla/5.0 (Windows NT 10.0; Win64; x64) AppleWebKit/537.36 (KHTML, like Gecko) Chrome/134.0.0.0 Safari/537.36 Edg/134.0.0.0"
127.0.0.1 - - [13/Mar/2025:11:26:24 +0800] "GET /manager-page/api/snapshot.php?id=21&t=0.5758364872568327 HTTP/1.1" 500 - "http://127.0.0.1/manager-page/home-2.php" "Mozilla/5.0 (Windows NT 10.0; Win64; x64) AppleWebKit/537.36 (KHTML, like Gecko) Chrome/119.0.0.0 Safari/537.36"
127.0.0.1 - - [13/Mar/2025:11:26:24 +0800] "GET /manager-page/api/snapshot.php?id=22&t=0.4330705026418664 HTTP/1.1" 500 - "http://127.0.0.1/manager-page/home-2.php" "Mozilla/5.0 (Windows NT 10.0; Win64; x64) AppleWebKit/537.36 (KHTML, like Gecko) Chrome/119.0.0.0 Safari/537.36"
127.0.0.1 - - [13/Mar/2025:11:26:30 +0800] "POST /robot/et-7026-in.php HTTP/1.1" 200 - "-" "python-requests/2.32.2"
172.16.36.181 - - [13/Mar/2025:11:26:25 +0800] "GET /manager-page/api/snapshot.php?id=21&t=0.07489210891900444 HTTP/1.1" 500 - "http://192.168.60.79/manager-page/home-2.php" "Mozilla/5.0 (Windows NT 10.0; Win64; x64) AppleWebKit/537.36 (KHTML, like Gecko) Chrome/134.0.0.0 Safari/537.36 Edg/134.0.0.0"
172.16.36.181 - - [13/Mar/2025:11:26:25 +0800] "GET /manager-page/api/snapshot.php?id=22&t=0.042570274313918466 HTTP/1.1" 500 - "http://192.168.60.79/manager-page/home-2.php" "Mozilla/5.0 (Windows NT 10.0; Win64; x64) AppleWebKit/537.36 (KHTML, like Gecko) Chrome/134.0.0.0 Safari/537.36 Edg/134.0.0.0"
172.16.36.181 - - [13/Mar/2025:11:26:27 +0800] "GET /manager-page/api/snapshot.php?id=21 HTTP/1.1" 500 - "http://192.168.60.79/manager-page/home-2.php" "Mozilla/5.0 (Windows NT 10.0; Win64; x64) AppleWebKit/537.36 (KHTML, like Gecko) Chrome/134.0.0.0 Safari/537.36 Edg/134.0.0.0"
172.16.36.181 - - [13/Mar/2025:11:26:27 +0800] "GET /manager-page/api/snapshot.php?id=22 HTTP/1.1" 500 - "http://192.168.60.79/manager-page/home-2.php" "Mozilla/5.0 (Windows NT 10.0; Win64; x64) AppleWebKit/537.36 (KHTML, like Gecko) Chrome/134.0.0.0 Safari/537.36 Edg/134.0.0.0"
172.16.36.181 - - [13/Mar/2025:11:26:29 +0800] "GET /manager-page/api/lp-status2.php HTTP/1.1" 500 - "http://192.168.60.79/manager-page/home-2.php" "Mozilla/5.0 (Windows NT 10.0; Win64; x64) AppleWebKit/537.36 (KHTML, like Gecko) Chrome/134.0.0.0 Safari/537.36 Edg/134.0.0.0"
172.16.36.181 - - [13/Mar/2025:11:26:29 +0800] "GET /manager-page/api/cms-status2.php HTTP/1.1" 500 - "http://192.168.60.79/manager-page/home-2.php" "Mozilla/5.0 (Windows NT 10.0; Win64; x64) AppleWebKit/537.36 (KHTML, like Gecko) Chrome/134.0.0.0 Safari/537.36 Edg/134.0.0.0"
172.16.36.181 - - [13/Mar/2025:11:26:34 +0800] "GET /manager-page/api/snapshot.php?id=22&t=0.8122984703683194 HTTP/1.1" 200 46830 "http://192.168.60.79/manager-page/home-2.php" "Mozilla/5.0 (Windows NT 10.0; Win64; x64) AppleWebKit/537.36 (KHTML, like Gecko) Chrome/134.0.0.0 Safari/537.36 Edg/134.0.0.0"
127.0.0.1 - - [13/Mar/2025:11:26:29 +0800] "GET /manager-page/api/snapshot.php?id=21&t=0.22673592331661885 HTTP/1.1" 500 - "http://127.0.0.1/manager-page/home-2.php" "Mozilla/5.0 (Windows NT 10.0; Win64; x64) AppleWebKit/537.36 (KHTML, like Gecko) Chrome/119.0.0.0 Safari/537.36"
127.0.0.1 - - [13/Mar/2025:11:26:29 +0800] "GET /manager-page/api/snapshot.php?id=22&t=0.46623732315054367 HTTP/1.1" 500 - "http://127.0.0.1/manager-page/home-2.php" "Mozilla/5.0 (Windows NT 10.0; Win64; x64) AppleWebKit/537.36 (KHTML, like Gecko) Chrome/119.0.0.0 Safari/537.36"
172.16.36.181 - - [13/Mar/2025:11:26:34 +0800] "GET /manager-page/api/snapshot.php?id=21&t=0.4776330747040989 HTTP/1.1" 500 - "http://192.168.60.79/manager-page/home-2.php" "Mozilla/5.0 (Windows NT 10.0; Win64; x64) AppleWebKit/537.36 (KHTML, like Gecko) Chrome/134.0.0.0 Safari/537.36 Edg/134.0.0.0"
127.0.0.1 - - [13/Mar/2025:11:26:34 +0800] "GET /manager-page/api/snapshot.php?id=21&t=0.8848590477540492 HTTP/1.1" 500 - "http://127.0.0.1/manager-page/home-2.php" "Mozilla/5.0 (Windows NT 10.0; Win64; x64) AppleWebKit/537.36 (KHTML, like Gecko) Chrome/119.0.0.0 Safari/537.36"
127.0.0.1 - - [13/Mar/2025:11:26:34 +0800] "GET /manager-page/api/snapshot.php?id=22&t=0.23713441631450816 HTTP/1.1" 500 - "http://127.0.0.1/manager-page/home-2.php" "Mozilla/5.0 (Windows NT 10.0; Win64; x64) AppleWebKit/537.36 (KHTML, like Gecko) Chrome/119.0.0.0 Safari/537.36"
127.0.0.1 - - [13/Mar/2025:11:26:36 +0800] "GET /manager-page/api/cms-off2.php?token1=036a3113de083e549029cf37a077920ed3430c7ddada26f86b85b4a96e374df7ebaa1c0a8d81059ddb35753449f17abdff23ddba0c6b6f53bb4a26730902966a HTTP/1.1" 500 - "http://127.0.0.1/manager-page/home-2.php" "Mozilla/5.0 (Windows NT 10.0; Win64; x64) AppleWebKit/537.36 (KHTML, like Gecko) Chrome/119.0.0.0 Safari/537.36"
172.16.36.181 - - [13/Mar/2025:11:26:39 +0800] "GET /manager-page/api/snapshot.php?id=21&t=0.6499350163332835 HTTP/1.1" 500 - "http://192.168.60.79/manager-page/home-2.php" "Mozilla/5.0 (Windows NT 10.0; Win64; x64) AppleWebKit/537.36 (KHTML, like Gecko) Chrome/134.0.0.0 Safari/537.36 Edg/134.0.0.0"
172.16.36.181 - - [13/Mar/2025:11:26:39 +0800] "GET /manager-page/api/snapshot.php?id=22&t=0.8189675473677291 HTTP/1.1" 500 - "http://192.168.60.79/manager-page/home-2.php" "Mozilla/5.0 (Windows NT 10.0; Win64; x64) AppleWebKit/537.36 (KHTML, like Gecko) Chrome/134.0.0.0 Safari/537.36 Edg/134.0.0.0"
127.0.0.1 - - [13/Mar/2025:11:26:39 +0800] "GET /manager-page/api/snapshot.php?id=22&t=0.6362722552196747 HTTP/1.1" 500 - "http://127.0.0.1/manager-page/home-2.php" "Mozilla/5.0 (Windows NT 10.0; Win64; x64) AppleWebKit/537.36 (KHTML, like Gecko) Chrome/119.0.0.0 Safari/537.36"
127.0.0.1 - - [13/Mar/2025:11:26:39 +0800] "GET /manager-page/api/snapshot.php?id=21&t=0.09992775677251986 HTTP/1.1" 500 - "http://127.0.0.1/manager-page/home-2.php" "Mozilla/5.0 (Windows NT 10.0; Win64; x64) AppleWebKit/537.36 (KHTML, like Gecko) Chrome/119.0.0.0 Safari/537.36"
127.0.0.1 - - [13/Mar/2025:11:26:44 +0800] "GET /manager-page/api/snapshot.php?id=22&t=0.6553986533528682 HTTP/1.1" 200 46728 "http://127.0.0.1/manager-page/home-2.php" "Mozilla/5.0 (Windows NT 10.0; Win64; x64) AppleWebKit/537.36 (KHTML, like Gecko) Chrome/119.0.0.0 Safari/537.36"
172.16.36.181 - - [13/Mar/2025:11:26:44 +0800] "GET /manager-page/api/snapshot.php?id=21&t=0.7060625269173713 HTTP/1.1" 500 - "http://192.168.60.79/manager-page/home-2.php" "Mozilla/5.0 (Windows NT 10.0; Win64; x64) AppleWebKit/537.36 (KHTML, like Gecko) Chrome/134.0.0.0 Safari/537.36 Edg/134.0.0.0"
172.16.36.181 - - [13/Mar/2025:11:26:44 +0800] "GET /manager-page/api/snapshot.php?id=22&t=0.37340011957039176 HTTP/1.1" 500 - "http://192.168.60.79/manager-page/home-2.php" "Mozilla/5.0 (Windows NT 10.0; Win64; x64) AppleWebKit/537.36 (KHTML, like Gecko) Chrome/134.0.0.0 Safari/537.36 Edg/134.0.0.0"
127.0.0.1 - - [13/Mar/2025:11:26:44 +0800] "GET /manager-page/api/snapshot.php?id=21&t=0.40560827992849124 HTTP/1.1" 500 - "http://127.0.0.1/manager-page/home-2.php" "Mozilla/5.0 (Windows NT 10.0; Win64; x64) AppleWebKit/537.36 (KHTML, like Gecko) Chrome/119.0.0.0 Safari/537.36"
172.16.36.181 - - [13/Mar/2025:11:26:49 +0800] "GET /manager-page/api/snapshot.php?id=21&t=0.8521220914326204 HTTP/1.1" 500 - "http://192.168.60.79/manager-page/home-2.php" "Mozilla/5.0 (Windows NT 10.0; Win64; x64) AppleWebKit/537.36 (KHTML, like Gecko) Chrome/134.0.0.0 Safari/537.36 Edg/134.0.0.0"
172.16.36.181 - - [13/Mar/2025:11:26:49 +0800] "GET /manager-page/api/snapshot.php?id=22&t=0.16721840924057307 HTTP/1.1" 500 - "http://192.168.60.79/manager-page/home-2.php" "Mozilla/5.0 (Windows NT 10.0; Win64; x64) AppleWebKit/537.36 (KHTML, like Gecko) Chrome/134.0.0.0 Safari/537.36 Edg/134.0.0.0"
127.0.0.1 - - [13/Mar/2025:11:26:49 +0800] "GET /manager-page/api/snapshot.php?id=21&t=0.49640104129780216 HTTP/1.1" 500 - "http://127.0.0.1/manager-page/home-2.php" "Mozilla/5.0 (Windows NT 10.0; Win64; x64) AppleWebKit/537.36 (KHTML, like Gecko) Chrome/119.0.0.0 Safari/537.36"
127.0.0.1 - - [13/Mar/2025:11:26:49 +0800] "GET /manager-page/api/snapshot.php?id=22&t=0.13634216516796172 HTTP/1.1" 500 - "http://127.0.0.1/manager-page/home-2.php" "Mozilla/5.0 (Windows NT 10.0; Win64; x64) AppleWebKit/537.36 (KHTML, like Gecko) Chrome/119.0.0.0 Safari/537.36"
172.16.36.181 - - [13/Mar/2025:11:26:54 +0800] "GET /manager-page/api/snapshot.php?id=21&t=0.8300882747474605 HTTP/1.1" 500 - "http://192.168.60.79/manager-page/home-2.php" "Mozilla/5.0 (Windows NT 10.0; Win64; x64) AppleWebKit/537.36 (KHTML, like Gecko) Chrome/134.0.0.0 Safari/537.36 Edg/134.0.0.0"
172.16.36.181 - - [13/Mar/2025:11:26:54 +0800] "GET /manager-page/api/snapshot.php?id=22&t=0.5614264542084788 HTTP/1.1" 500 - "http://192.168.60.79/manager-page/home-2.php" "Mozilla/5.0 (Windows NT 10.0; Win64; x64) AppleWebKit/537.36 (KHTML, like Gecko) Chrome/134.0.0.0 Safari/537.36 Edg/134.0.0.0"
127.0.0.1 - - [13/Mar/2025:11:26:54 +0800] "GET /manager-page/api/snapshot.php?id=21&t=0.11205318633592021 HTTP/1.1" 500 - "http://127.0.0.1/manager-page/home-2.php" "Mozilla/5.0 (Windows NT 10.0; Win64; x64) AppleWebKit/537.36 (KHTML, like Gecko) Chrome/119.0.0.0 Safari/537.36"
127.0.0.1 - - [13/Mar/2025:11:26:54 +0800] "GET /manager-page/api/snapshot.php?id=22&t=0.5598505368008602 HTTP/1.1" 500 - "http://127.0.0.1/manager-page/home-2.php" "Mozilla/5.0 (Windows NT 10.0; Win64; x64) AppleWebKit/537.36 (KHTML, like Gecko) Chrome/119.0.0.0 Safari/537.36"
127.0.0.1 - - [13/Mar/2025:11:27:00 +0800] "GET /robot/alarm-history-in.php HTTP/1.1" 200 - "-" "python-requests/2.28.1"
127.0.0.1 - - [13/Mar/2025:11:26:59 +0800] "GET /manager-page/api/snapshot.php?id=22&t=0.5135889062714147 HTTP/1.1" 200 46859 "http://127.0.0.1/manager-page/home-2.php" "Mozilla/5.0 (Windows NT 10.0; Win64; x64) AppleWebKit/537.36 (KHTML, like Gecko) Chrome/119.0.0.0 Safari/537.36"
172.16.36.181 - - [13/Mar/2025:11:26:59 +0800] "GET /manager-page/api/snapshot.php?id=21&t=0.8822000897180144 HTTP/1.1" 500 - "http://192.168.60.79/manager-page/home-2.php" "Mozilla/5.0 (Windows NT 10.0; Win64; x64) AppleWebKit/537.36 (KHTML, like Gecko) Chrome/134.0.0.0 Safari/537.36 Edg/134.0.0.0"
172.16.36.181 - - [13/Mar/2025:11:26:59 +0800] "GET /manager-page/api/snapshot.php?id=22&t=0.6044664330838816 HTTP/1.1" 500 - "http://192.168.60.79/manager-page/home-2.php" "Mozilla/5.0 (Windows NT 10.0; Win64; x64) AppleWebKit/537.36 (KHTML, like Gecko) Chrome/134.0.0.0 Safari/537.36 Edg/134.0.0.0"
127.0.0.1 - - [13/Mar/2025:11:26:59 +0800] "GET /manager-page/api/snapshot.php?id=21&t=0.05535288054314691 HTTP/1.1" 500 - "http://127.0.0.1/manager-page/home-2.php" "Mozilla/5.0 (Windows NT 10.0; Win64; x64) AppleWebKit/537.36 (KHTML, like Gecko) Chrome/119.0.0.0 Safari/537.36"
172.16.36.181 - - [13/Mar/2025:11:27:04 +0800] "GET /manager-page/api/snapshot.php?id=21&t=0.29248204153865776 HTTP/1.1" 500 - "http://192.168.60.79/manager-page/home-2.php" "Mozilla/5.0 (Windows NT 10.0; Win64; x64) AppleWebKit/537.36 (KHTML, like Gecko) Chrome/134.0.0.0 Safari/537.36 Edg/134.0.0.0"
172.16.36.181 - - [13/Mar/2025:11:27:04 +0800] "GET /manager-page/api/snapshot.php?id=22&t=0.2567162001034444 HTTP/1.1" 500 - "http://192.168.60.79/manager-page/home-2.php" "Mozilla/5.0 (Windows NT 10.0; Win64; x64) AppleWebKit/537.36 (KHTML, like Gecko) Chrome/134.0.0.0 Safari/537.36 Edg/134.0.0.0"
172.16.36.181 - - [13/Mar/2025:11:27:09 +0800] "GET /manager-page/api/snapshot.php?id=22&t=0.45600954976878416 HTTP/1.1" 200 46976 "http://192.168.60.79/manager-page/home-2.php" "Mozilla/5.0 (Windows NT 10.0; Win64; x64) AppleWebKit/537.36 (KHTML, like Gecko) Chrome/134.0.0.0 Safari/537.36 Edg/134.0.0.0"
127.0.0.1 - - [13/Mar/2025:11:27:04 +0800] "GET /manager-page/api/snapshot.php?id=21&t=0.3702077658756626 HTTP/1.1" 500 - "http://127.0.0.1/manager-page/home-2.php" "Mozilla/5.0 (Windows NT 10.0; Win64; x64) AppleWebKit/537.36 (KHTML, like Gecko) Chrome/119.0.0.0 Safari/537.36"
127.0.0.1 - - [13/Mar/2025:11:27:04 +0800] "GET /manager-page/api/snapshot.php?id=22&t=0.5371820126817095 HTTP/1.1" 500 - "http://127.0.0.1/manager-page/home-2.php" "Mozilla/5.0 (Windows NT 10.0; Win64; x64) AppleWebKit/537.36 (KHTML, like Gecko) Chrome/119.0.0.0 Safari/537.36"
172.16.36.181 - - [13/Mar/2025:11:27:09 +0800] "GET /manager-page/api/snapshot.php?id=21&t=0.43141059817722427 HTTP/1.1" 500 - "http://192.168.60.79/manager-page/home-2.php" "Mozilla/5.0 (Windows NT 10.0; Win64; x64) AppleWebKit/537.36 (KHTML, like Gecko) Chrome/134.0.0.0 Safari/537.36 Edg/134.0.0.0"
127.0.0.1 - - [13/Mar/2025:11:27:09 +0800] "GET /manager-page/api/snapshot.php?id=21&t=0.8802459491826857 HTTP/1.1" 500 - "http://127.0.0.1/manager-page/home-2.php" "Mozilla/5.0 (Windows NT 10.0; Win64; x64) AppleWebKit/537.36 (KHTML, like Gecko) Chrome/119.0.0.0 Safari/537.36"
127.0.0.1 - - [13/Mar/2025:11:27:09 +0800] "GET /manager-page/api/snapshot.php?id=22&t=0.7810363392978117 HTTP/1.1" 500 - "http://127.0.0.1/manager-page/home-2.php" "Mozilla/5.0 (Windows NT 10.0; Win64; x64) AppleWebKit/537.36 (KHTML, like Gecko) Chrome/119.0.0.0 Safari/537.36"
172.16.36.181 - - [13/Mar/2025:11:27:14 +0800] "GET /manager-page/api/snapshot.php?id=21&t=0.5828824713719463 HTTP/1.1" 500 - "http://192.168.60.79/manager-page/home-2.php" "Mozilla/5.0 (Windows NT 10.0; Win64; x64) AppleWebKit/537.36 (KHTML, like Gecko) Chrome/134.0.0.0 Safari/537.36 Edg/134.0.0.0"
172.16.36.181 - - [13/Mar/2025:11:27:14 +0800] "GET /manager-page/api/snapshot.php?id=22&t=0.6623485423717728 HTTP/1.1" 500 - "http://192.168.60.79/manager-page/home-2.php" "Mozilla/5.0 (Windows NT 10.0; Win64; x64) AppleWebKit/537.36 (KHTML, like Gecko) Chrome/134.0.0.0 Safari/537.36 Edg/134.0.0.0"
127.0.0.1 - - [13/Mar/2025:11:27:14 +0800] "GET /manager-page/api/snapshot.php?id=21&t=0.49478177355948727 HTTP/1.1" 500 - "http://127.0.0.1/manager-page/home-2.php" "Mozilla/5.0 (Windows NT 10.0; Win64; x64) AppleWebKit/537.36 (KHTML, like Gecko) Chrome/119.0.0.0 Safari/537.36"
127.0.0.1 - - [13/Mar/2025:11:27:14 +0800] "GET /manager-page/api/snapshot.php?id=22&t=0.3024951164479055 HTTP/1.1" 500 - "http://127.0.0.1/manager-page/home-2.php" "Mozilla/5.0 (Windows NT 10.0; Win64; x64) AppleWebKit/537.36 (KHTML, like Gecko) Chrome/119.0.0.0 Safari/537.36"
172.16.36.181 - - [13/Mar/2025:11:27:19 +0800] "GET /manager-page/api/snapshot.php?id=21&t=0.8659638022503928 HTTP/1.1" 500 - "http://192.168.60.79/manager-page/home-2.php" "Mozilla/5.0 (Windows NT 10.0; Win64; x64) AppleWebKit/537.36 (KHTML, like Gecko) Chrome/134.0.0.0 Safari/537.36 Edg/134.0.0.0"
172.16.36.181 - - [13/Mar/2025:11:27:19 +0800] "GET /manager-page/api/snapshot.php?id=22&t=0.3108991662580607 HTTP/1.1" 500 - "http://192.168.60.79/manager-page/home-2.php" "Mozilla/5.0 (Windows NT 10.0; Win64; x64) AppleWebKit/537.36 (KHTML, like Gecko) Chrome/134.0.0.0 Safari/537.36 Edg/134.0.0.0"
127.0.0.1 - - [13/Mar/2025:11:27:19 +0800] "GET /manager-page/api/snapshot.php?id=21&t=0.5724867141474439 HTTP/1.1" 500 - "http://127.0.0.1/manager-page/home-2.php" "Mozilla/5.0 (Windows NT 10.0; Win64; x64) AppleWebKit/537.36 (KHTML, like Gecko) Chrome/119.0.0.0 Safari/537.36"
127.0.0.1 - - [13/Mar/2025:11:27:19 +0800] "GET /manager-page/api/snapshot.php?id=22&t=0.20569371214893284 HTTP/1.1" 500 - "http://127.0.0.1/manager-page/home-2.php" "Mozilla/5.0 (Windows NT 10.0; Win64; x64) AppleWebKit/537.36 (KHTML, like Gecko) Chrome/119.0.0.0 Safari/537.36"
172.16.36.181 - - [13/Mar/2025:11:27:24 +0800] "GET /manager-page/api/snapshot.php?id=21&t=0.41144406582491855 HTTP/1.1" 500 - "http://192.168.60.79/manager-page/home-2.php" "Mozilla/5.0 (Windows NT 10.0; Win64; x64) AppleWebKit/537.36 (KHTML, like Gecko) Chrome/134.0.0.0 Safari/537.36 Edg/134.0.0.0"
172.16.36.181 - - [13/Mar/2025:11:27:24 +0800] "GET /manager-page/api/snapshot.php?id=22&t=0.41347364294421407 HTTP/1.1" 500 - "http://192.168.60.79/manager-page/home-2.php" "Mozilla/5.0 (Windows NT 10.0; Win64; x64) AppleWebKit/537.36 (KHTML, like Gecko) Chrome/134.0.0.0 Safari/537.36 Edg/134.0.0.0"
127.0.0.1 - - [13/Mar/2025:11:27:24 +0800] "GET /manager-page/api/snapshot.php?id=21&t=0.9909775683605433 HTTP/1.1" 500 - "http://127.0.0.1/manager-page/home-2.php" "Mozilla/5.0 (Windows NT 10.0; Win64; x64) AppleWebKit/537.36 (KHTML, like Gecko) Chrome/119.0.0.0 Safari/537.36"
127.0.0.1 - - [13/Mar/2025:11:27:24 +0800] "GET /manager-page/api/snapshot.php?id=22&t=0.9512479578197288 HTTP/1.1" 500 - "http://127.0.0.1/manager-page/home-2.php" "Mozilla/5.0 (Windows NT 10.0; Win64; x64) AppleWebKit/537.36 (KHTML, like Gecko) Chrome/119.0.0.0 Safari/537.36"
127.0.0.1 - - [13/Mar/2025:11:27:29 +0800] "GET /manager-page/api/snapshot.php?id=22&t=0.928963416479119 HTTP/1.1" 200 47003 "http://127.0.0.1/manager-page/home-2.php" "Mozilla/5.0 (Windows NT 10.0; Win64; x64) AppleWebKit/537.36 (KHTML, like Gecko) Chrome/119.0.0.0 Safari/537.36"
172.16.36.181 - - [13/Mar/2025:11:27:29 +0800] "GET /manager-page/api/snapshot.php?id=21&t=0.019261481421148252 HTTP/1.1" 500 - "http://192.168.60.79/manager-page/home-2.php" "Mozilla/5.0 (Windows NT 10.0; Win64; x64) AppleWebKit/537.36 (KHTML, like Gecko) Chrome/134.0.0.0 Safari/537.36 Edg/134.0.0.0"
172.16.36.181 - - [13/Mar/2025:11:27:29 +0800] "GET /manager-page/api/snapshot.php?id=22&t=0.43026077890429826 HTTP/1.1" 500 - "http://192.168.60.79/manager-page/home-2.php" "Mozilla/5.0 (Windows NT 10.0; Win64; x64) AppleWebKit/537.36 (KHTML, like Gecko) Chrome/134.0.0.0 Safari/537.36 Edg/134.0.0.0"
127.0.0.1 - - [13/Mar/2025:11:27:29 +0800] "GET /manager-page/api/snapshot.php?id=21&t=0.9225902418157839 HTTP/1.1" 500 - "http://127.0.0.1/manager-page/home-2.php" "Mozilla/5.0 (Windows NT 10.0; Win64; x64) AppleWebKit/537.36 (KHTML, like Gecko) Chrome/119.0.0.0 Safari/537.36"
172.16.36.181 - - [13/Mar/2025:11:27:34 +0800] "GET /manager-page/api/snapshot.php?id=21&t=0.48319400170555094 HTTP/1.1" 500 - "http://192.168.60.79/manager-page/home-2.php" "Mozilla/5.0 (Windows NT 10.0; Win64; x64) AppleWebKit/537.36 (KHTML, like Gecko) Chrome/134.0.0.0 Safari/537.36 Edg/134.0.0.0"
172.16.36.181 - - [13/Mar/2025:11:27:34 +0800] "GET /manager-page/api/snapshot.php?id=22&t=0.3287179775977509 HTTP/1.1" 500 - "http://192.168.60.79/manager-page/home-2.php" "Mozilla/5.0 (Windows NT 10.0; Win64; x64) AppleWebKit/537.36 (KHTML, like Gecko) Chrome/134.0.0.0 Safari/537.36 Edg/134.0.0.0"
172.16.36.181 - - [13/Mar/2025:11:27:40 +0800] "GET /manager-page/live/2-2.jpg HTTP/1.1" 200 47027 "http://192.168.60.79/manager-page/home-2.php" "Mozilla/5.0 (Windows NT 10.0; Win64; x64) AppleWebKit/537.36 (KHTML, like Gecko) Chrome/134.0.0.0 Safari/537.36 Edg/134.0.0.0"
127.0.0.1 - - [13/Mar/2025:11:27:34 +0800] "GET /manager-page/api/snapshot.php?id=21&t=0.5770270313485053 HTTP/1.1" 500 - "http://127.0.0.1/manager-page/home-2.php" "Mozilla/5.0 (Windows NT 10.0; Win64; x64) AppleWebKit/537.36 (KHTML, like Gecko) Chrome/119.0.0.0 Safari/537.36"
127.0.0.1 - - [13/Mar/2025:11:27:34 +0800] "GET /manager-page/api/snapshot.php?id=22&t=0.002883135727281827 HTTP/1.1" 500 - "http://127.0.0.1/manager-page/home-2.php" "Mozilla/5.0 (Windows NT 10.0; Win64; x64) AppleWebKit/537.36 (KHTML, like Gecko) Chrome/119.0.0.0 Safari/537.36"
127.0.0.1 - - [13/Mar/2025:11:27:39 +0800] "GET /manager-page/api/snapshot.php?id=21&t=0.5533472442413823 HTTP/1.1" 500 - "http://127.0.0.1/manager-page/home-2.php" "Mozilla/5.0 (Windows NT 10.0; Win64; x64) AppleWebKit/537.36 (KHTML, like Gecko) Chrome/119.0.0.0 Safari/537.36"
127.0.0.1 - - [13/Mar/2025:11:27:39 +0800] "GET /manager-page/api/snapshot.php?id=22&t=0.5197156705408508 HTTP/1.1" 500 - "http://127.0.0.1/manager-page/home-2.php" "Mozilla/5.0 (Windows NT 10.0; Win64; x64) AppleWebKit/537.36 (KHTML, like Gecko) Chrome/119.0.0.0 Safari/537.36"
127.0.0.1 - - [13/Mar/2025:11:27:44 +0800] "GET /manager-page/api/snapshot.php?id=21&t=0.5611991319138334 HTTP/1.1" 500 - "http://127.0.0.1/manager-page/home-2.php" "Mozilla/5.0 (Windows NT 10.0; Win64; x64) AppleWebKit/537.36 (KHTML, like Gecko) Chrome/119.0.0.0 Safari/537.36"
127.0.0.1 - - [13/Mar/2025:11:27:44 +0800] "GET /manager-page/api/snapshot.php?id=22&t=0.5467557317433844 HTTP/1.1" 500 - "http://127.0.0.1/manager-page/home-2.php" "Mozilla/5.0 (Windows NT 10.0; Win64; x64) AppleWebKit/537.36 (KHTML, like Gecko) Chrome/119.0.0.0 Safari/537.36"
127.0.0.1 - - [13/Mar/2025:11:27:49 +0800] "GET /manager-page/api/snapshot.php?id=21&t=0.04322922940537022 HTTP/1.1" 500 - "http://127.0.0.1/manager-page/home-2.php" "Mozilla/5.0 (Windows NT 10.0; Win64; x64) AppleWebKit/537.36 (KHTML, like Gecko) Chrome/119.0.0.0 Safari/537.36"
127.0.0.1 - - [13/Mar/2025:11:27:49 +0800] "GET /manager-page/api/snapshot.php?id=22&t=0.9018749473766237 HTTP/1.1" 500 - "http://127.0.0.1/manager-page/home-2.php" "Mozilla/5.0 (Windows NT 10.0; Win64; x64) AppleWebKit/537.36 (KHTML, like Gecko) Chrome/119.0.0.0 Safari/537.36"
127.0.0.1 - - [13/Mar/2025:11:28:00 +0800] "GET /robot/alarm-history-in.php HTTP/1.1" 200 - "-" "python-requests/2.28.1"
127.0.0.1 - - [13/Mar/2025:11:27:54 +0800] "GET /manager-page/api/snapshot.php?id=21&t=0.18963180365170484 HTTP/1.1" 500 - "http://127.0.0.1/manager-page/home-2.php" "Mozilla/5.0 (Windows NT 10.0; Win64; x64) AppleWebKit/537.36 (KHTML, like Gecko) Chrome/119.0.0.0 Safari/537.36"
127.0.0.1 - - [13/Mar/2025:11:27:54 +0800] "GET /manager-page/api/snapshot.php?id=22&t=0.3632746388121386 HTTP/1.1" 500 - "http://127.0.0.1/manager-page/home-2.php" "Mozilla/5.0 (Windows NT 10.0; Win64; x64) AppleWebKit/537.36 (KHTML, like Gecko) Chrome/119.0.0.0 Safari/537.36"
127.0.0.1 - - [13/Mar/2025:11:28:01 +0800] "GET /manager-page/alarm/2-1.jpg?t=1234003448 HTTP/1.1" 200 339428 "http://127.0.0.1/manager-page/home-2.php" "Mozilla/5.0 (Windows NT 10.0; Win64; x64) AppleWebKit/537.36 (KHTML, like Gecko) Chrome/119.0.0.0 Safari/537.36"
127.0.0.1 - - [13/Mar/2025:11:28:01 +0800] "GET /manager-page/alarm/2-2.jpg?t=708811631 HTTP/1.1" 200 491657 "http://127.0.0.1/manager-page/home-2.php" "Mozilla/5.0 (Windows NT 10.0; Win64; x64) AppleWebKit/537.36 (KHTML, like Gecko) Chrome/119.0.0.0 Safari/537.36"
127.0.0.1 - - [13/Mar/2025:11:27:58 +0800] "GET /manager-page/home-2.php HTTP/1.1" 200 30144 "http://127.0.0.1/manager-page/home-2.php" "Mozilla/5.0 (Windows NT 10.0; Win64; x64) AppleWebKit/537.36 (KHTML, like Gecko) Chrome/119.0.0.0 Safari/537.36"
127.0.0.1 - - [13/Mar/2025:11:27:59 +0800] "GET /manager-page/api/snapshot.php?id=21&t=0.09602540213572586 HTTP/1.1" 500 - "http://127.0.0.1/manager-page/home-2.php" "Mozilla/5.0 (Windows NT 10.0; Win64; x64) AppleWebKit/537.36 (KHTML, like Gecko) Chrome/119.0.0.0 Safari/537.36"
127.0.0.1 - - [13/Mar/2025:11:27:59 +0800] "GET /manager-page/api/snapshot.php?id=22&t=0.15056185558493262 HTTP/1.1" 500 - "http://127.0.0.1/manager-page/home-2.php" "Mozilla/5.0 (Windows NT 10.0; Win64; x64) AppleWebKit/537.36 (KHTML, like Gecko) Chrome/119.0.0.0 Safari/537.36"
127.0.0.1 - - [13/Mar/2025:11:28:01 +0800] "GET /manager-page/api/snapshot.php?id=21 HTTP/1.1" 500 - "http://127.0.0.1/manager-page/home-2.php" "Mozilla/5.0 (Windows NT 10.0; Win64; x64) AppleWebKit/537.36 (KHTML, like Gecko) Chrome/119.0.0.0 Safari/537.36"
127.0.0.1 - - [13/Mar/2025:11:28:01 +0800] "GET /manager-page/api/snapshot.php?id=22 HTTP/1.1" 500 - "http://127.0.0.1/manager-page/home-2.php" "Mozilla/5.0 (Windows NT 10.0; Win64; x64) AppleWebKit/537.36 (KHTML, like Gecko) Chrome/119.0.0.0 Safari/537.36"
127.0.0.1 - - [13/Mar/2025:11:28:03 +0800] "GET /manager-page/api/lp-status2.php HTTP/1.1" 500 - "http://127.0.0.1/manager-page/home-2.php" "Mozilla/5.0 (Windows NT 10.0; Win64; x64) AppleWebKit/537.36 (KHTML, like Gecko) Chrome/119.0.0.0 Safari/537.36"
127.0.0.1 - - [13/Mar/2025:11:28:03 +0800] "GET /manager-page/api/cms-status2.php HTTP/1.1" 500 - "http://127.0.0.1/manager-page/home-2.php" "Mozilla/5.0 (Windows NT 10.0; Win64; x64) AppleWebKit/537.36 (KHTML, like Gecko) Chrome/119.0.0.0 Safari/537.36"
172.16.36.181 - - [13/Mar/2025:11:28:03 +0800] "GET /manager-page/api/snapshot.php?id=21&t=0.11979129223429008 HTTP/1.1" 500 - "http://192.168.60.79/manager-page/home-2.php" "Mozilla/5.0 (Windows NT 10.0; Win64; x64) AppleWebKit/537.36 (KHTML, like Gecko) Chrome/134.0.0.0 Safari/537.36 Edg/134.0.0.0"
172.16.36.181 - - [13/Mar/2025:11:28:03 +0800] "GET /manager-page/api/snapshot.php?id=22&t=0.4713331694458116 HTTP/1.1" 500 - "http://192.168.60.79/manager-page/home-2.php" "Mozilla/5.0 (Windows NT 10.0; Win64; x64) AppleWebKit/537.36 (KHTML, like Gecko) Chrome/134.0.0.0 Safari/537.36 Edg/134.0.0.0"
127.0.0.1 - - [13/Mar/2025:11:28:08 +0800] "GET /manager-page/api/snapshot.php?id=21&t=0.603484931081371 HTTP/1.1" 200 - "http://127.0.0.1/manager-page/home-2.php" "Mozilla/5.0 (Windows NT 10.0; Win64; x64) AppleWebKit/537.36 (KHTML, like Gecko) Chrome/119.0.0.0 Safari/537.36"
127.0.0.1 - - [13/Mar/2025:11:28:08 +0800] "GET /manager-page/api/snapshot.php?id=22&t=0.8594847883273256 HTTP/1.1" 500 - "http://127.0.0.1/manager-page/home-2.php" "Mozilla/5.0 (Windows NT 10.0; Win64; x64) AppleWebKit/537.36 (KHTML, like Gecko) Chrome/119.0.0.0 Safari/537.36"
127.0.0.1 - - [13/Mar/2025:11:28:13 +0800] "GET /manager-page/api/snapshot.php?id=22&t=0.9614256377355017 HTTP/1.1" 200 47106 "http://127.0.0.1/manager-page/home-2.php" "Mozilla/5.0 (Windows NT 10.0; Win64; x64) AppleWebKit/537.36 (KHTML, like Gecko) Chrome/119.0.0.0 Safari/537.36"
127.0.0.1 - - [13/Mar/2025:11:28:13 +0800] "GET /manager-page/api/snapshot.php?id=21&t=0.8821832722390803 HTTP/1.1" 500 - "http://127.0.0.1/manager-page/home-2.php" "Mozilla/5.0 (Windows NT 10.0; Win64; x64) AppleWebKit/537.36 (KHTML, like Gecko) Chrome/119.0.0.0 Safari/537.36"
127.0.0.1 - - [13/Mar/2025:11:28:18 +0800] "GET /manager-page/api/snapshot.php?id=22&t=0.2750308992989874 HTTP/1.1" 200 47182 "http://127.0.0.1/manager-page/home-2.php" "Mozilla/5.0 (Windows NT 10.0; Win64; x64) AppleWebKit/537.36 (KHTML, like Gecko) Chrome/119.0.0.0 Safari/537.36"
127.0.0.1 - - [13/Mar/2025:11:28:18 +0800] "GET /manager-page/api/snapshot.php?id=21&t=0.8380121892819439 HTTP/1.1" 500 - "http://127.0.0.1/manager-page/home-2.php" "Mozilla/5.0 (Windows NT 10.0; Win64; x64) AppleWebKit/537.36 (KHTML, like Gecko) Chrome/119.0.0.0 Safari/537.36"
127.0.0.1 - - [13/Mar/2025:11:28:23 +0800] "GET /manager-page/api/snapshot.php?id=21&t=0.9704418669010975 HTTP/1.1" 500 - "http://127.0.0.1/manager-page/home-2.php" "Mozilla/5.0 (Windows NT 10.0; Win64; x64) AppleWebKit/537.36 (KHTML, like Gecko) Chrome/119.0.0.0 Safari/537.36"
127.0.0.1 - - [13/Mar/2025:11:28:23 +0800] "GET /manager-page/api/snapshot.php?id=22&t=0.7399026171416461 HTTP/1.1" 500 - "http://127.0.0.1/manager-page/home-2.php" "Mozilla/5.0 (Windows NT 10.0; Win64; x64) AppleWebKit/537.36 (KHTML, like Gecko) Chrome/119.0.0.0 Safari/537.36"
127.0.0.1 - - [13/Mar/2025:11:28:28 +0800] "GET /manager-page/api/snapshot.php?id=21&t=0.4358895023232503 HTTP/1.1" 500 - "http://127.0.0.1/manager-page/home-2.php" "Mozilla/5.0 (Windows NT 10.0; Win64; x64) AppleWebKit/537.36 (KHTML, like Gecko) Chrome/119.0.0.0 Safari/537.36"
127.0.0.1 - - [13/Mar/2025:11:28:28 +0800] "GET /manager-page/api/snapshot.php?id=22&t=0.3055759206297781 HTTP/1.1" 500 - "http://127.0.0.1/manager-page/home-2.php" "Mozilla/5.0 (Windows NT 10.0; Win64; x64) AppleWebKit/537.36 (KHTML, like Gecko) Chrome/119.0.0.0 Safari/537.36"
127.0.0.1 - - [13/Mar/2025:11:28:33 +0800] "GET /manager-page/api/snapshot.php?id=22&t=0.7141773325247722 HTTP/1.1" 500 - "http://127.0.0.1/manager-page/home-2.php" "Mozilla/5.0 (Windows NT 10.0; Win64; x64) AppleWebKit/537.36 (KHTML, like Gecko) Chrome/119.0.0.0 Safari/537.36"
127.0.0.1 - - [13/Mar/2025:11:28:33 +0800] "GET /manager-page/api/snapshot.php?id=21&t=0.34254282252504176 HTTP/1.1" 500 - "http://127.0.0.1/manager-page/home-2.php" "Mozilla/5.0 (Windows NT 10.0; Win64; x64) AppleWebKit/537.36 (KHTML, like Gecko) Chrome/119.0.0.0 Safari/537.36"
127.0.0.1 - - [13/Mar/2025:11:28:38 +0800] "GET /manager-page/api/snapshot.php?id=21&t=0.40342682885644 HTTP/1.1" 500 - "http://127.0.0.1/manager-page/home-2.php" "Mozilla/5.0 (Windows NT 10.0; Win64; x64) AppleWebKit/537.36 (KHTML, like Gecko) Chrome/119.0.0.0 Safari/537.36"
127.0.0.1 - - [13/Mar/2025:11:28:38 +0800] "GET /manager-page/api/snapshot.php?id=22&t=0.32885366945448546 HTTP/1.1" 500 - "http://127.0.0.1/manager-page/home-2.php" "Mozilla/5.0 (Windows NT 10.0; Win64; x64) AppleWebKit/537.36 (KHTML, like Gecko) Chrome/119.0.0.0 Safari/537.36"
127.0.0.1 - - [13/Mar/2025:11:28:43 +0800] "GET /manager-page/api/snapshot.php?id=22&t=0.18670148213585747 HTTP/1.1" 200 47084 "http://127.0.0.1/manager-page/home-2.php" "Mozilla/5.0 (Windows NT 10.0; Win64; x64) AppleWebKit/537.36 (KHTML, like Gecko) Chrome/119.0.0.0 Safari/537.36"
127.0.0.1 - - [13/Mar/2025:11:28:43 +0800] "GET /manager-page/api/snapshot.php?id=21&t=0.9378286318327165 HTTP/1.1" 500 - "http://127.0.0.1/manager-page/home-2.php" "Mozilla/5.0 (Windows NT 10.0; Win64; x64) AppleWebKit/537.36 (KHTML, like Gecko) Chrome/119.0.0.0 Safari/537.36"
127.0.0.1 - - [13/Mar/2025:11:28:48 +0800] "GET /manager-page/api/snapshot.php?id=21&t=0.6252631544183738 HTTP/1.1" 500 - "http://127.0.0.1/manager-page/home-2.php" "Mozilla/5.0 (Windows NT 10.0; Win64; x64) AppleWebKit/537.36 (KHTML, like Gecko) Chrome/119.0.0.0 Safari/537.36"
127.0.0.1 - - [13/Mar/2025:11:28:48 +0800] "GET /manager-page/api/snapshot.php?id=22&t=0.7975576240395317 HTTP/1.1" 500 - "http://127.0.0.1/manager-page/home-2.php" "Mozilla/5.0 (Windows NT 10.0; Win64; x64) AppleWebKit/537.36 (KHTML, like Gecko) Chrome/119.0.0.0 Safari/537.36"
127.0.0.1 - - [13/Mar/2025:11:28:53 +0800] "GET /manager-page/api/snapshot.php?id=21&t=0.6665560931994594 HTTP/1.1" 500 - "http://127.0.0.1/manager-page/home-2.php" "Mozilla/5.0 (Windows NT 10.0; Win64; x64) AppleWebKit/537.36 (KHTML, like Gecko) Chrome/119.0.0.0 Safari/537.36"
127.0.0.1 - - [13/Mar/2025:11:28:53 +0800] "GET /manager-page/api/snapshot.php?id=22&t=0.647855849627418 HTTP/1.1" 500 - "http://127.0.0.1/manager-page/home-2.php" "Mozilla/5.0 (Windows NT 10.0; Win64; x64) AppleWebKit/537.36 (KHTML, like Gecko) Chrome/119.0.0.0 Safari/537.36"
127.0.0.1 - - [13/Mar/2025:11:28:55 +0800] "GET /manager-page/api/cms-off2.php?token1=036a3113de083e549029cf37a077920ed3430c7ddada26f86b85b4a96e374df7ebaa1c0a8d81059ddb35753449f17abdff23ddba0c6b6f53bb4a26730902966a HTTP/1.1" 500 - "http://127.0.0.1/manager-page/home-2.php" "Mozilla/5.0 (Windows NT 10.0; Win64; x64) AppleWebKit/537.36 (KHTML, like Gecko) Chrome/119.0.0.0 Safari/537.36"
172.16.36.181 - - [13/Mar/2025:11:28:55 +0800] "GET /manager-page/api/snapshot.php?id=21&t=0.12041192912248211 HTTP/1.1" 500 - "http://192.168.60.79/manager-page/home-2.php" "Mozilla/5.0 (Windows NT 10.0; Win64; x64) AppleWebKit/537.36 (KHTML, like Gecko) Chrome/134.0.0.0 Safari/537.36 Edg/134.0.0.0"
172.16.36.181 - - [13/Mar/2025:11:28:55 +0800] "GET /manager-page/api/snapshot.php?id=22&t=0.2573615496955588 HTTP/1.1" 500 - "http://192.168.60.79/manager-page/home-2.php" "Mozilla/5.0 (Windows NT 10.0; Win64; x64) AppleWebKit/537.36 (KHTML, like Gecko) Chrome/134.0.0.0 Safari/537.36 Edg/134.0.0.0"
127.0.0.1 - - [13/Mar/2025:11:29:00 +0800] "GET /robot/alarm-history-in.php HTTP/1.1" 200 - "-" "python-requests/2.28.1"
111.70.30.250 - - [13/Mar/2025:11:29:02 +0800] "POST /robot/lora-in.php HTTP/1.1" 200 - "-" "python-requests/2.21.0"
127.0.0.1 - - [13/Mar/2025:11:28:58 +0800] "GET /manager-page/api/snapshot.php?id=21&t=0.18841627206440048 HTTP/1.1" 500 - "http://127.0.0.1/manager-page/home-2.php" "Mozilla/5.0 (Windows NT 10.0; Win64; x64) AppleWebKit/537.36 (KHTML, like Gecko) Chrome/119.0.0.0 Safari/537.36"
127.0.0.1 - - [13/Mar/2025:11:28:58 +0800] "GET /manager-page/api/snapshot.php?id=22&t=0.05772991251936466 HTTP/1.1" 500 - "http://127.0.0.1/manager-page/home-2.php" "Mozilla/5.0 (Windows NT 10.0; Win64; x64) AppleWebKit/537.36 (KHTML, like Gecko) Chrome/119.0.0.0 Safari/537.36"
127.0.0.1 - - [13/Mar/2025:11:29:03 +0800] "GET /manager-page/api/snapshot.php?id=22&t=0.744026731065633 HTTP/1.1" 200 47210 "http://127.0.0.1/manager-page/home-2.php" "Mozilla/5.0 (Windows NT 10.0; Win64; x64) AppleWebKit/537.36 (KHTML, like Gecko) Chrome/119.0.0.0 Safari/537.36"
172.16.36.181 - - [13/Mar/2025:11:28:59 +0800] "GET /manager-page/api/snapshot.php?id=21&t=0.1604667260059347 HTTP/1.1" 500 - "http://192.168.60.79/manager-page/home-2.php" "Mozilla/5.0 (Windows NT 10.0; Win64; x64) AppleWebKit/537.36 (KHTML, like Gecko) Chrome/134.0.0.0 Safari/537.36 Edg/134.0.0.0"
172.16.36.181 - - [13/Mar/2025:11:29:00 +0800] "GET /manager-page/api/snapshot.php?id=22&t=0.82827278831918 HTTP/1.1" 500 - "http://192.168.60.79/manager-page/home-2.php" "Mozilla/5.0 (Windows NT 10.0; Win64; x64) AppleWebKit/537.36 (KHTML, like Gecko) Chrome/134.0.0.0 Safari/537.36 Edg/134.0.0.0"
172.16.36.181 - - [13/Mar/2025:11:29:04 +0800] "GET /manager-page/api/snapshot.php?id=22&t=0.27806031334209647 HTTP/1.1" 200 47220 "http://192.168.60.79/manager-page/home-2.php" "Mozilla/5.0 (Windows NT 10.0; Win64; x64) AppleWebKit/537.36 (KHTML, like Gecko) Chrome/134.0.0.0 Safari/537.36 Edg/134.0.0.0"
127.0.0.1 - - [13/Mar/2025:11:29:03 +0800] "GET /manager-page/api/snapshot.php?id=21&t=0.14887357917885424 HTTP/1.1" 500 - "http://127.0.0.1/manager-page/home-2.php" "Mozilla/5.0 (Windows NT 10.0; Win64; x64) AppleWebKit/537.36 (KHTML, like Gecko) Chrome/119.0.0.0 Safari/537.36"
172.16.36.181 - - [13/Mar/2025:11:29:04 +0800] "GET /manager-page/api/snapshot.php?id=21&t=0.4185840590905201 HTTP/1.1" 500 - "http://192.168.60.79/manager-page/home-2.php" "Mozilla/5.0 (Windows NT 10.0; Win64; x64) AppleWebKit/537.36 (KHTML, like Gecko) Chrome/134.0.0.0 Safari/537.36 Edg/134.0.0.0"
172.16.36.181 - - [13/Mar/2025:11:29:09 +0800] "GET /manager-page/api/snapshot.php?id=22&t=0.282884933602511 HTTP/1.1" 200 47218 "http://192.168.60.79/manager-page/home-2.php" "Mozilla/5.0 (Windows NT 10.0; Win64; x64) AppleWebKit/537.36 (KHTML, like Gecko) Chrome/134.0.0.0 Safari/537.36 Edg/134.0.0.0"
127.0.0.1 - - [13/Mar/2025:11:29:08 +0800] "GET /manager-page/api/snapshot.php?id=21&t=0.5351914248424174 HTTP/1.1" 500 - "http://127.0.0.1/manager-page/home-2.php" "Mozilla/5.0 (Windows NT 10.0; Win64; x64) AppleWebKit/537.36 (KHTML, like Gecko) Chrome/119.0.0.0 Safari/537.36"
127.0.0.1 - - [13/Mar/2025:11:29:08 +0800] "GET /manager-page/api/snapshot.php?id=22&t=0.24668527038756238 HTTP/1.1" 500 - "http://127.0.0.1/manager-page/home-2.php" "Mozilla/5.0 (Windows NT 10.0; Win64; x64) AppleWebKit/537.36 (KHTML, like Gecko) Chrome/119.0.0.0 Safari/537.36"
111.70.30.251 - - [13/Mar/2025:11:29:15 +0800] "POST /robot/lora-in.php HTTP/1.1" 200 - "-" "python-requests/2.21.0"
172.16.36.181 - - [13/Mar/2025:11:29:09 +0800] "GET /manager-page/api/snapshot.php?id=21&t=0.868786924719424 HTTP/1.1" 500 - "http://192.168.60.79/manager-page/home-2.php" "Mozilla/5.0 (Windows NT 10.0; Win64; x64) AppleWebKit/537.36 (KHTML, like Gecko) Chrome/134.0.0.0 Safari/537.36 Edg/134.0.0.0"
172.16.36.181 - - [13/Mar/2025:11:29:14 +0800] "GET /manager-page/api/snapshot.php?id=22&t=0.003606380141032206 HTTP/1.1" 200 47303 "http://192.168.60.79/manager-page/home-2.php" "Mozilla/5.0 (Windows NT 10.0; Win64; x64) AppleWebKit/537.36 (KHTML, like Gecko) Chrome/134.0.0.0 Safari/537.36 Edg/134.0.0.0"
127.0.0.1 - - [13/Mar/2025:11:29:13 +0800] "GET /manager-page/api/snapshot.php?id=22&t=0.9111670991183345 HTTP/1.1" 500 - "http://127.0.0.1/manager-page/home-2.php" "Mozilla/5.0 (Windows NT 10.0; Win64; x64) AppleWebKit/537.36 (KHTML, like Gecko) Chrome/119.0.0.0 Safari/537.36"
127.0.0.1 - - [13/Mar/2025:11:29:13 +0800] "GET /manager-page/api/snapshot.php?id=21&t=0.2952731837064335 HTTP/1.1" 500 - "http://127.0.0.1/manager-page/home-2.php" "Mozilla/5.0 (Windows NT 10.0; Win64; x64) AppleWebKit/537.36 (KHTML, like Gecko) Chrome/119.0.0.0 Safari/537.36"
127.0.0.1 - - [13/Mar/2025:11:29:18 +0800] "GET /manager-page/api/snapshot.php?id=22&t=0.2308166478338054 HTTP/1.1" 200 47336 "http://127.0.0.1/manager-page/home-2.php" "Mozilla/5.0 (Windows NT 10.0; Win64; x64) AppleWebKit/537.36 (KHTML, like Gecko) Chrome/119.0.0.0 Safari/537.36"
172.16.36.181 - - [13/Mar/2025:11:29:14 +0800] "GET /manager-page/api/snapshot.php?id=21&t=0.7925817206944281 HTTP/1.1" 500 - "http://192.168.60.79/manager-page/home-2.php" "Mozilla/5.0 (Windows NT 10.0; Win64; x64) AppleWebKit/537.36 (KHTML, like Gecko) Chrome/134.0.0.0 Safari/537.36 Edg/134.0.0.0"
127.0.0.1 - - [13/Mar/2025:11:29:18 +0800] "GET /manager-page/api/snapshot.php?id=21&t=0.6981825904976211 HTTP/1.1" 500 - "http://127.0.0.1/manager-page/home-2.php" "Mozilla/5.0 (Windows NT 10.0; Win64; x64) AppleWebKit/537.36 (KHTML, like Gecko) Chrome/119.0.0.0 Safari/537.36"
172.16.36.181 - - [13/Mar/2025:11:29:19 +0800] "GET /manager-page/api/snapshot.php?id=21&t=0.28933674102046125 HTTP/1.1" 500 - "http://192.168.60.79/manager-page/home-2.php" "Mozilla/5.0 (Windows NT 10.0; Win64; x64) AppleWebKit/537.36 (KHTML, like Gecko) Chrome/134.0.0.0 Safari/537.36 Edg/134.0.0.0"
172.16.36.181 - - [13/Mar/2025:11:29:19 +0800] "GET /manager-page/api/snapshot.php?id=22&t=0.06789164040831852 HTTP/1.1" 500 - "http://192.168.60.79/manager-page/home-2.php" "Mozilla/5.0 (Windows NT 10.0; Win64; x64) AppleWebKit/537.36 (KHTML, like Gecko) Chrome/134.0.0.0 Safari/537.36 Edg/134.0.0.0"
127.0.0.1 - - [13/Mar/2025:11:29:23 +0800] "GET /manager-page/api/snapshot.php?id=21&t=0.8352805806760166 HTTP/1.1" 500 - "http://127.0.0.1/manager-page/home-2.php" "Mozilla/5.0 (Windows NT 10.0; Win64; x64) AppleWebKit/537.36 (KHTML, like Gecko) Chrome/119.0.0.0 Safari/537.36"
127.0.0.1 - - [13/Mar/2025:11:29:23 +0800] "GET /manager-page/api/snapshot.php?id=22&t=0.7263484407225285 HTTP/1.1" 500 - "http://127.0.0.1/manager-page/home-2.php" "Mozilla/5.0 (Windows NT 10.0; Win64; x64) AppleWebKit/537.36 (KHTML, like Gecko) Chrome/119.0.0.0 Safari/537.36"
172.16.36.181 - - [13/Mar/2025:11:29:24 +0800] "GET /manager-page/api/snapshot.php?id=21&t=0.5168437805247357 HTTP/1.1" 500 - "http://192.168.60.79/manager-page/home-2.php" "Mozilla/5.0 (Windows NT 10.0; Win64; x64) AppleWebKit/537.36 (KHTML, like Gecko) Chrome/134.0.0.0 Safari/537.36 Edg/134.0.0.0"
172.16.36.181 - - [13/Mar/2025:11:29:24 +0800] "GET /manager-page/api/snapshot.php?id=22&t=0.38433980536292944 HTTP/1.1" 500 - "http://192.168.60.79/manager-page/home-2.php" "Mozilla/5.0 (Windows NT 10.0; Win64; x64) AppleWebKit/537.36 (KHTML, like Gecko) Chrome/134.0.0.0 Safari/537.36 Edg/134.0.0.0"
127.0.0.1 - - [13/Mar/2025:11:29:28 +0800] "GET /manager-page/api/snapshot.php?id=21&t=0.23612753317847912 HTTP/1.1" 500 - "http://127.0.0.1/manager-page/home-2.php" "Mozilla/5.0 (Windows NT 10.0; Win64; x64) AppleWebKit/537.36 (KHTML, like Gecko) Chrome/119.0.0.0 Safari/537.36"
127.0.0.1 - - [13/Mar/2025:11:29:28 +0800] "GET /manager-page/api/snapshot.php?id=22&t=0.7805536102118555 HTTP/1.1" 500 - "http://127.0.0.1/manager-page/home-2.php" "Mozilla/5.0 (Windows NT 10.0; Win64; x64) AppleWebKit/537.36 (KHTML, like Gecko) Chrome/119.0.0.0 Safari/537.36"
127.0.0.1 - - [13/Mar/2025:11:29:33 +0800] "GET /manager-page/api/snapshot.php?id=22&t=0.9205376108929897 HTTP/1.1" 200 47354 "http://127.0.0.1/manager-page/home-2.php" "Mozilla/5.0 (Windows NT 10.0; Win64; x64) AppleWebKit/537.36 (KHTML, like Gecko) Chrome/119.0.0.0 Safari/537.36"
172.16.36.181 - - [13/Mar/2025:11:29:29 +0800] "GET /manager-page/api/snapshot.php?id=21&t=0.44345326334152757 HTTP/1.1" 500 - "http://192.168.60.79/manager-page/home-2.php" "Mozilla/5.0 (Windows NT 10.0; Win64; x64) AppleWebKit/537.36 (KHTML, like Gecko) Chrome/134.0.0.0 Safari/537.36 Edg/134.0.0.0"
172.16.36.181 - - [13/Mar/2025:11:29:29 +0800] "GET /manager-page/api/snapshot.php?id=22&t=0.43978409630570003 HTTP/1.1" 500 - "http://192.168.60.79/manager-page/home-2.php" "Mozilla/5.0 (Windows NT 10.0; Win64; x64) AppleWebKit/537.36 (KHTML, like Gecko) Chrome/134.0.0.0 Safari/537.36 Edg/134.0.0.0"
127.0.0.1 - - [13/Mar/2025:11:29:33 +0800] "GET /manager-page/api/snapshot.php?id=21&t=0.02625441415944052 HTTP/1.1" 500 - "http://127.0.0.1/manager-page/home-2.php" "Mozilla/5.0 (Windows NT 10.0; Win64; x64) AppleWebKit/537.36 (KHTML, like Gecko) Chrome/119.0.0.0 Safari/537.36"
172.16.36.181 - - [13/Mar/2025:11:29:34 +0800] "GET /manager-page/api/snapshot.php?id=21&t=0.9545161674190905 HTTP/1.1" 500 - "http://192.168.60.79/manager-page/home-2.php" "Mozilla/5.0 (Windows NT 10.0; Win64; x64) AppleWebKit/537.36 (KHTML, like Gecko) Chrome/134.0.0.0 Safari/537.36 Edg/134.0.0.0"
172.16.36.181 - - [13/Mar/2025:11:29:34 +0800] "GET /manager-page/api/snapshot.php?id=22&t=0.9987347700585865 HTTP/1.1" 500 - "http://192.168.60.79/manager-page/home-2.php" "Mozilla/5.0 (Windows NT 10.0; Win64; x64) AppleWebKit/537.36 (KHTML, like Gecko) Chrome/134.0.0.0 Safari/537.36 Edg/134.0.0.0"
127.0.0.1 - - [13/Mar/2025:11:29:38 +0800] "GET /manager-page/api/snapshot.php?id=21&t=0.7126716800868398 HTTP/1.1" 500 - "http://127.0.0.1/manager-page/home-2.php" "Mozilla/5.0 (Windows NT 10.0; Win64; x64) AppleWebKit/537.36 (KHTML, like Gecko) Chrome/119.0.0.0 Safari/537.36"
127.0.0.1 - - [13/Mar/2025:11:29:38 +0800] "GET /manager-page/api/snapshot.php?id=22&t=0.48410810819644046 HTTP/1.1" 500 - "http://127.0.0.1/manager-page/home-2.php" "Mozilla/5.0 (Windows NT 10.0; Win64; x64) AppleWebKit/537.36 (KHTML, like Gecko) Chrome/119.0.0.0 Safari/537.36"
127.0.0.1 - - [13/Mar/2025:11:29:43 +0800] "GET /manager-page/api/snapshot.php?id=22&t=0.9202169109280709 HTTP/1.1" 200 47836 "http://127.0.0.1/manager-page/home-2.php" "Mozilla/5.0 (Windows NT 10.0; Win64; x64) AppleWebKit/537.36 (KHTML, like Gecko) Chrome/119.0.0.0 Safari/537.36"
172.16.36.181 - - [13/Mar/2025:11:29:39 +0800] "GET /manager-page/api/snapshot.php?id=21&t=0.7181300800901171 HTTP/1.1" 500 - "http://192.168.60.79/manager-page/home-2.php" "Mozilla/5.0 (Windows NT 10.0; Win64; x64) AppleWebKit/537.36 (KHTML, like Gecko) Chrome/134.0.0.0 Safari/537.36 Edg/134.0.0.0"
172.16.36.181 - - [13/Mar/2025:11:29:39 +0800] "GET /manager-page/api/snapshot.php?id=22&t=0.6568000169325241 HTTP/1.1" 500 - "http://192.168.60.79/manager-page/home-2.php" "Mozilla/5.0 (Windows NT 10.0; Win64; x64) AppleWebKit/537.36 (KHTML, like Gecko) Chrome/134.0.0.0 Safari/537.36 Edg/134.0.0.0"
127.0.0.1 - - [13/Mar/2025:11:29:43 +0800] "GET /manager-page/api/snapshot.php?id=21&t=0.37758024652131494 HTTP/1.1" 500 - "http://127.0.0.1/manager-page/home-2.php" "Mozilla/5.0 (Windows NT 10.0; Win64; x64) AppleWebKit/537.36 (KHTML, like Gecko) Chrome/119.0.0.0 Safari/537.36"
172.16.36.181 - - [13/Mar/2025:11:29:44 +0800] "GET /manager-page/api/snapshot.php?id=21&t=0.5080490847992274 HTTP/1.1" 500 - "http://192.168.60.79/manager-page/home-2.php" "Mozilla/5.0 (Windows NT 10.0; Win64; x64) AppleWebKit/537.36 (KHTML, like Gecko) Chrome/134.0.0.0 Safari/537.36 Edg/134.0.0.0"
172.16.36.181 - - [13/Mar/2025:11:29:44 +0800] "GET /manager-page/api/snapshot.php?id=22&t=0.09600272156283762 HTTP/1.1" 500 - "http://192.168.60.79/manager-page/home-2.php" "Mozilla/5.0 (Windows NT 10.0; Win64; x64) AppleWebKit/537.36 (KHTML, like Gecko) Chrome/134.0.0.0 Safari/537.36 Edg/134.0.0.0"
127.0.0.1 - - [13/Mar/2025:11:29:48 +0800] "GET /manager-page/api/snapshot.php?id=21&t=0.7557294714742222 HTTP/1.1" 500 - "http://127.0.0.1/manager-page/home-2.php" "Mozilla/5.0 (Windows NT 10.0; Win64; x64) AppleWebKit/537.36 (KHTML, like Gecko) Chrome/119.0.0.0 Safari/537.36"
127.0.0.1 - - [13/Mar/2025:11:29:48 +0800] "GET /manager-page/api/snapshot.php?id=22&t=0.4549928152088436 HTTP/1.1" 500 - "http://127.0.0.1/manager-page/home-2.php" "Mozilla/5.0 (Windows NT 10.0; Win64; x64) AppleWebKit/537.36 (KHTML, like Gecko) Chrome/119.0.0.0 Safari/537.36"
127.0.0.1 - - [13/Mar/2025:11:29:53 +0800] "GET /manager-page/api/snapshot.php?id=22&t=0.614563143096438 HTTP/1.1" 200 46616 "http://127.0.0.1/manager-page/home-2.php" "Mozilla/5.0 (Windows NT 10.0; Win64; x64) AppleWebKit/537.36 (KHTML, like Gecko) Chrome/119.0.0.0 Safari/537.36"
172.16.36.181 - - [13/Mar/2025:11:29:49 +0800] "GET /manager-page/api/snapshot.php?id=21&t=0.5983729379706095 HTTP/1.1" 500 - "http://192.168.60.79/manager-page/home-2.php" "Mozilla/5.0 (Windows NT 10.0; Win64; x64) AppleWebKit/537.36 (KHTML, like Gecko) Chrome/134.0.0.0 Safari/537.36 Edg/134.0.0.0"
172.16.36.181 - - [13/Mar/2025:11:29:49 +0800] "GET /manager-page/api/snapshot.php?id=22&t=0.7952428209392937 HTTP/1.1" 500 - "http://192.168.60.79/manager-page/home-2.php" "Mozilla/5.0 (Windows NT 10.0; Win64; x64) AppleWebKit/537.36 (KHTML, like Gecko) Chrome/134.0.0.0 Safari/537.36 Edg/134.0.0.0"
127.0.0.1 - - [13/Mar/2025:11:30:00 +0800] "GET /robot/alarm-history-in.php HTTP/1.1" 200 - "-" "python-requests/2.28.1"
127.0.0.1 - - [13/Mar/2025:11:29:53 +0800] "GET /manager-page/api/snapshot.php?id=21&t=0.645882494903621 HTTP/1.1" 500 - "http://127.0.0.1/manager-page/home-2.php" "Mozilla/5.0 (Windows NT 10.0; Win64; x64) AppleWebKit/537.36 (KHTML, like Gecko) Chrome/119.0.0.0 Safari/537.36"
172.16.36.181 - - [13/Mar/2025:11:29:54 +0800] "GET /manager-page/api/snapshot.php?id=21&t=0.6788370606729615 HTTP/1.1" 500 - "http://192.168.60.79/manager-page/home-2.php" "Mozilla/5.0 (Windows NT 10.0; Win64; x64) AppleWebKit/537.36 (KHTML, like Gecko) Chrome/134.0.0.0 Safari/537.36 Edg/134.0.0.0"
172.16.36.181 - - [13/Mar/2025:11:29:54 +0800] "GET /manager-page/api/snapshot.php?id=22&t=0.5274259901345577 HTTP/1.1" 500 - "http://192.168.60.79/manager-page/home-2.php" "Mozilla/5.0 (Windows NT 10.0; Win64; x64) AppleWebKit/537.36 (KHTML, like Gecko) Chrome/134.0.0.0 Safari/537.36 Edg/134.0.0.0"
