172.16.36.181 - - [24/Nov/2025:08:43:17 +0800] "GET /manager-page/api/snapshot.php?id=31&t=0.5463568033012928 HTTP/1.1" 200 56381 "http://192.168.60.79/manager-page/home-3.php" "Mozilla/5.0 (Windows NT 10.0; Win64; x64) AppleWebKit/537.36 (KHTML, like Gecko) Chrome/142.0.0.0 Safari/537.36 Edg/142.0.0.0"
172.16.36.181 - - [24/Nov/2025:08:43:22 +0800] "GET /manager-page/api/snapshot.php?id=31&t=0.7094113657915444 HTTP/1.1" 200 56370 "http://192.168.60.79/manager-page/home-3.php" "Mozilla/5.0 (Windows NT 10.0; Win64; x64) AppleWebKit/537.36 (KHTML, like Gecko) Chrome/142.0.0.0 Safari/537.36 Edg/142.0.0.0"
172.16.36.181 - - [24/Nov/2025:08:43:22 +0800] "GET /manager-page/api/snapshot.php?id=32&t=0.9409821780936961 HTTP/1.1" 200 13890 "http://192.168.60.79/manager-page/home-3.php" "Mozilla/5.0 (Windows NT 10.0; Win64; x64) AppleWebKit/537.36 (KHTML, like Gecko) Chrome/142.0.0.0 Safari/537.36 Edg/142.0.0.0"
172.16.36.181 - - [24/Nov/2025:08:43:27 +0800] "GET /manager-page/api/snapshot.php?id=31&t=0.6650328558179954 HTTP/1.1" 200 56465 "http://192.168.60.79/manager-page/home-3.php" "Mozilla/5.0 (Windows NT 10.0; Win64; x64) AppleWebKit/537.36 (KHTML, like Gecko) Chrome/142.0.0.0 Safari/537.36 Edg/142.0.0.0"
172.16.36.181 - - [24/Nov/2025:08:43:27 +0800] "GET /manager-page/api/snapshot.php?id=32&t=0.3474988947532428 HTTP/1.1" 200 14077 "http://192.168.60.79/manager-page/home-3.php" "Mozilla/5.0 (Windows NT 10.0; Win64; x64) AppleWebKit/537.36 (KHTML, like Gecko) Chrome/142.0.0.0 Safari/537.36 Edg/142.0.0.0"
111.70.30.253 - - [24/Nov/2025:08:43:28 +0800] "POST /robot/lora-in.php HTTP/1.1" 200 - "-" "python-requests/2.21.0"
172.16.36.181 - - [24/Nov/2025:08:43:32 +0800] "GET /manager-page/api/snapshot.php?id=32&t=0.5851433767593058 HTTP/1.1" 200 13983 "http://192.168.60.79/manager-page/home-3.php" "Mozilla/5.0 (Windows NT 10.0; Win64; x64) AppleWebKit/537.36 (KHTML, like Gecko) Chrome/142.0.0.0 Safari/537.36 Edg/142.0.0.0"
172.16.36.181 - - [24/Nov/2025:08:43:32 +0800] "GET /manager-page/api/snapshot.php?id=31&t=0.6422924206837594 HTTP/1.1" 200 56343 "http://192.168.60.79/manager-page/home-3.php" "Mozilla/5.0 (Windows NT 10.0; Win64; x64) AppleWebKit/537.36 (KHTML, like Gecko) Chrome/142.0.0.0 Safari/537.36 Edg/142.0.0.0"
172.16.36.181 - - [24/Nov/2025:08:43:37 +0800] "GET /manager-page/api/snapshot.php?id=32&t=0.004683565482275331 HTTP/1.1" 200 14117 "http://192.168.60.79/manager-page/home-3.php" "Mozilla/5.0 (Windows NT 10.0; Win64; x64) AppleWebKit/537.36 (KHTML, like Gecko) Chrome/142.0.0.0 Safari/537.36 Edg/142.0.0.0"
172.16.36.181 - - [24/Nov/2025:08:43:37 +0800] "GET /manager-page/api/snapshot.php?id=31&t=0.04957309229661844 HTTP/1.1" 200 56472 "http://192.168.60.79/manager-page/home-3.php" "Mozilla/5.0 (Windows NT 10.0; Win64; x64) AppleWebKit/537.36 (KHTML, like Gecko) Chrome/142.0.0.0 Safari/537.36 Edg/142.0.0.0"
172.16.36.181 - - [24/Nov/2025:08:43:42 +0800] "GET /manager-page/api/snapshot.php?id=31&t=0.3046566548289251 HTTP/1.1" 200 56432 "http://192.168.60.79/manager-page/home-3.php" "Mozilla/5.0 (Windows NT 10.0; Win64; x64) AppleWebKit/537.36 (KHTML, like Gecko) Chrome/142.0.0.0 Safari/537.36 Edg/142.0.0.0"
172.16.36.181 - - [24/Nov/2025:08:43:42 +0800] "GET /manager-page/api/snapshot.php?id=32&t=0.503660654708784 HTTP/1.1" 200 14023 "http://192.168.60.79/manager-page/home-3.php" "Mozilla/5.0 (Windows NT 10.0; Win64; x64) AppleWebKit/537.36 (KHTML, like Gecko) Chrome/142.0.0.0 Safari/537.36 Edg/142.0.0.0"
172.16.36.181 - - [24/Nov/2025:08:43:47 +0800] "GET /manager-page/api/snapshot.php?id=31&t=0.9400404979024144 HTTP/1.1" 200 56407 "http://192.168.60.79/manager-page/home-3.php" "Mozilla/5.0 (Windows NT 10.0; Win64; x64) AppleWebKit/537.36 (KHTML, like Gecko) Chrome/142.0.0.0 Safari/537.36 Edg/142.0.0.0"
172.16.36.181 - - [24/Nov/2025:08:43:47 +0800] "GET /manager-page/api/snapshot.php?id=32&t=0.8555087648769492 HTTP/1.1" 200 14148 "http://192.168.60.79/manager-page/home-3.php" "Mozilla/5.0 (Windows NT 10.0; Win64; x64) AppleWebKit/537.36 (KHTML, like Gecko) Chrome/142.0.0.0 Safari/537.36 Edg/142.0.0.0"
127.0.0.1 - - [24/Nov/2025:08:43:52 +0800] "POST /robot/et-7026-in.php HTTP/1.1" 200 - "-" "python-requests/2.32.2"
172.16.36.181 - - [24/Nov/2025:08:43:52 +0800] "GET /manager-page/api/snapshot.php?id=32&t=0.4689975390810256 HTTP/1.1" 200 14053 "http://192.168.60.79/manager-page/home-3.php" "Mozilla/5.0 (Windows NT 10.0; Win64; x64) AppleWebKit/537.36 (KHTML, like Gecko) Chrome/142.0.0.0 Safari/537.36 Edg/142.0.0.0"
172.16.36.181 - - [24/Nov/2025:08:43:52 +0800] "GET /manager-page/api/snapshot.php?id=31&t=0.12967193619780104 HTTP/1.1" 200 56367 "http://192.168.60.79/manager-page/home-3.php" "Mozilla/5.0 (Windows NT 10.0; Win64; x64) AppleWebKit/537.36 (KHTML, like Gecko) Chrome/142.0.0.0 Safari/537.36 Edg/142.0.0.0"
172.16.36.181 - - [24/Nov/2025:08:43:57 +0800] "GET /manager-page/alarm/3-2.jpg?t=107152316 HTTP/1.1" 200 13 "http://192.168.60.79/manager-page/home-3.php" "Mozilla/5.0 (Windows NT 10.0; Win64; x64) AppleWebKit/537.36 (KHTML, like Gecko) Chrome/142.0.0.0 Safari/537.36 Edg/142.0.0.0"
172.16.36.181 - - [24/Nov/2025:08:43:57 +0800] "GET /manager-page/alarm/3-1.jpg?t=825637485 HTTP/1.1" 200 520364 "http://192.168.60.79/manager-page/home-3.php" "Mozilla/5.0 (Windows NT 10.0; Win64; x64) AppleWebKit/537.36 (KHTML, like Gecko) Chrome/142.0.0.0 Safari/537.36 Edg/142.0.0.0"
172.16.36.181 - - [24/Nov/2025:08:43:57 +0800] "GET /manager-page/home-3.php HTTP/1.1" 200 27479 "http://192.168.60.79/manager-page/home-4.php" "Mozilla/5.0 (Windows NT 10.0; Win64; x64) AppleWebKit/537.36 (KHTML, like Gecko) Chrome/142.0.0.0 Safari/537.36 Edg/142.0.0.0"
172.16.36.181 - - [24/Nov/2025:08:43:57 +0800] "GET /manager-page/api/snapshot.php?id=32 HTTP/1.1" 200 14201 "http://192.168.60.79/manager-page/home-3.php" "Mozilla/5.0 (Windows NT 10.0; Win64; x64) AppleWebKit/537.36 (KHTML, like Gecko) Chrome/142.0.0.0 Safari/537.36 Edg/142.0.0.0"
172.16.36.181 - - [24/Nov/2025:08:43:57 +0800] "GET /manager-page/api/snapshot.php?id=31 HTTP/1.1" 200 56439 "http://192.168.60.79/manager-page/home-3.php" "Mozilla/5.0 (Windows NT 10.0; Win64; x64) AppleWebKit/537.36 (KHTML, like Gecko) Chrome/142.0.0.0 Safari/537.36 Edg/142.0.0.0"
172.16.36.181 - - [24/Nov/2025:08:44:00 +0800] "GET /manager-page/api/lp-status3.php HTTP/1.1" 200 1 "http://192.168.60.79/manager-page/home-3.php" "Mozilla/5.0 (Windows NT 10.0; Win64; x64) AppleWebKit/537.36 (KHTML, like Gecko) Chrome/142.0.0.0 Safari/537.36 Edg/142.0.0.0"
172.16.36.181 - - [24/Nov/2025:08:44:00 +0800] "GET /manager-page/api/cms-status3.php HTTP/1.1" 200 12 "http://192.168.60.79/manager-page/home-3.php" "Mozilla/5.0 (Windows NT 10.0; Win64; x64) AppleWebKit/537.36 (KHTML, like Gecko) Chrome/142.0.0.0 Safari/537.36 Edg/142.0.0.0"
127.0.0.1 - - [24/Nov/2025:08:44:00 +0800] "GET /robot/alarm-history-in.php HTTP/1.1" 200 - "-" "python-requests/2.28.1"
172.16.36.181 - - [24/Nov/2025:08:44:05 +0800] "GET /manager-page/api/snapshot.php?id=31&t=0.35736846693079904 HTTP/1.1" 200 56341 "http://192.168.60.79/manager-page/home-3.php" "Mozilla/5.0 (Windows NT 10.0; Win64; x64) AppleWebKit/537.36 (KHTML, like Gecko) Chrome/142.0.0.0 Safari/537.36 Edg/142.0.0.0"
172.16.36.181 - - [24/Nov/2025:08:44:05 +0800] "GET /manager-page/api/snapshot.php?id=32&t=0.7744083247449625 HTTP/1.1" 200 14225 "http://192.168.60.79/manager-page/home-3.php" "Mozilla/5.0 (Windows NT 10.0; Win64; x64) AppleWebKit/537.36 (KHTML, like Gecko) Chrome/142.0.0.0 Safari/537.36 Edg/142.0.0.0"
172.16.36.181 - - [24/Nov/2025:08:44:10 +0800] "GET /manager-page/api/snapshot.php?id=31&t=0.6822561267399062 HTTP/1.1" 200 56319 "http://192.168.60.79/manager-page/home-3.php" "Mozilla/5.0 (Windows NT 10.0; Win64; x64) AppleWebKit/537.36 (KHTML, like Gecko) Chrome/142.0.0.0 Safari/537.36 Edg/142.0.0.0"
172.16.36.181 - - [24/Nov/2025:08:44:10 +0800] "GET /manager-page/api/snapshot.php?id=32&t=0.439585577753544 HTTP/1.1" 200 14414 "http://192.168.60.79/manager-page/home-3.php" "Mozilla/5.0 (Windows NT 10.0; Win64; x64) AppleWebKit/537.36 (KHTML, like Gecko) Chrome/142.0.0.0 Safari/537.36 Edg/142.0.0.0"
172.16.36.181 - - [24/Nov/2025:08:44:15 +0800] "GET /manager-page/api/snapshot.php?id=31&t=0.484058338122225 HTTP/1.1" 200 56324 "http://192.168.60.79/manager-page/home-3.php" "Mozilla/5.0 (Windows NT 10.0; Win64; x64) AppleWebKit/537.36 (KHTML, like Gecko) Chrome/142.0.0.0 Safari/537.36 Edg/142.0.0.0"
172.16.36.181 - - [24/Nov/2025:08:44:15 +0800] "GET /manager-page/api/snapshot.php?id=32&t=0.7936247290516102 HTTP/1.1" 500 - "http://192.168.60.79/manager-page/home-3.php" "Mozilla/5.0 (Windows NT 10.0; Win64; x64) AppleWebKit/537.36 (KHTML, like Gecko) Chrome/142.0.0.0 Safari/537.36 Edg/142.0.0.0"
172.16.36.181 - - [24/Nov/2025:08:44:20 +0800] "GET /manager-page/api/snapshot.php?id=31&t=0.6485844956627652 HTTP/1.1" 200 56278 "http://192.168.60.79/manager-page/home-3.php" "Mozilla/5.0 (Windows NT 10.0; Win64; x64) AppleWebKit/537.36 (KHTML, like Gecko) Chrome/142.0.0.0 Safari/537.36 Edg/142.0.0.0"
172.16.36.181 - - [24/Nov/2025:08:44:20 +0800] "GET /manager-page/api/snapshot.php?id=32&t=0.576729416163068 HTTP/1.1" 500 - "http://192.168.60.79/manager-page/home-3.php" "Mozilla/5.0 (Windows NT 10.0; Win64; x64) AppleWebKit/537.36 (KHTML, like Gecko) Chrome/142.0.0.0 Safari/537.36 Edg/142.0.0.0"
172.16.36.181 - - [24/Nov/2025:08:44:25 +0800] "GET /manager-page/api/snapshot.php?id=32&t=0.032537081946068525 HTTP/1.1" 200 14463 "http://192.168.60.79/manager-page/home-3.php" "Mozilla/5.0 (Windows NT 10.0; Win64; x64) AppleWebKit/537.36 (KHTML, like Gecko) Chrome/142.0.0.0 Safari/537.36 Edg/142.0.0.0"
172.16.36.181 - - [24/Nov/2025:08:44:25 +0800] "GET /manager-page/api/snapshot.php?id=31&t=0.28366762269298706 HTTP/1.1" 200 56386 "http://192.168.60.79/manager-page/home-3.php" "Mozilla/5.0 (Windows NT 10.0; Win64; x64) AppleWebKit/537.36 (KHTML, like Gecko) Chrome/142.0.0.0 Safari/537.36 Edg/142.0.0.0"
172.16.36.181 - - [24/Nov/2025:08:44:30 +0800] "GET /manager-page/api/snapshot.php?id=31&t=0.2852783248564006 HTTP/1.1" 200 56454 "http://192.168.60.79/manager-page/home-3.php" "Mozilla/5.0 (Windows NT 10.0; Win64; x64) AppleWebKit/537.36 (KHTML, like Gecko) Chrome/142.0.0.0 Safari/537.36 Edg/142.0.0.0"
172.16.36.181 - - [24/Nov/2025:08:44:30 +0800] "GET /manager-page/api/snapshot.php?id=32&t=0.8883971731147987 HTTP/1.1" 200 14219 "http://192.168.60.79/manager-page/home-3.php" "Mozilla/5.0 (Windows NT 10.0; Win64; x64) AppleWebKit/537.36 (KHTML, like Gecko) Chrome/142.0.0.0 Safari/537.36 Edg/142.0.0.0"
172.16.36.181 - - [24/Nov/2025:08:44:35 +0800] "GET /manager-page/api/snapshot.php?id=31&t=0.49724660309976765 HTTP/1.1" 200 56375 "http://192.168.60.79/manager-page/home-3.php" "Mozilla/5.0 (Windows NT 10.0; Win64; x64) AppleWebKit/537.36 (KHTML, like Gecko) Chrome/142.0.0.0 Safari/537.36 Edg/142.0.0.0"
172.16.36.181 - - [24/Nov/2025:08:44:35 +0800] "GET /manager-page/api/snapshot.php?id=32&t=0.7069180202063925 HTTP/1.1" 500 - "http://192.168.60.79/manager-page/home-3.php" "Mozilla/5.0 (Windows NT 10.0; Win64; x64) AppleWebKit/537.36 (KHTML, like Gecko) Chrome/142.0.0.0 Safari/537.36 Edg/142.0.0.0"
172.16.36.181 - - [24/Nov/2025:08:44:40 +0800] "GET /manager-page/api/snapshot.php?id=31&t=0.7783566773598386 HTTP/1.1" 200 56516 "http://192.168.60.79/manager-page/home-3.php" "Mozilla/5.0 (Windows NT 10.0; Win64; x64) AppleWebKit/537.36 (KHTML, like Gecko) Chrome/142.0.0.0 Safari/537.36 Edg/142.0.0.0"
172.16.36.181 - - [24/Nov/2025:08:44:40 +0800] "GET /manager-page/api/snapshot.php?id=32&t=0.31132295542934585 HTTP/1.1" 500 - "http://192.168.60.79/manager-page/home-3.php" "Mozilla/5.0 (Windows NT 10.0; Win64; x64) AppleWebKit/537.36 (KHTML, like Gecko) Chrome/142.0.0.0 Safari/537.36 Edg/142.0.0.0"
172.16.36.181 - - [24/Nov/2025:08:44:45 +0800] "GET /manager-page/api/snapshot.php?id=31&t=0.886851241798161 HTTP/1.1" 200 56330 "http://192.168.60.79/manager-page/home-3.php" "Mozilla/5.0 (Windows NT 10.0; Win64; x64) AppleWebKit/537.36 (KHTML, like Gecko) Chrome/142.0.0.0 Safari/537.36 Edg/142.0.0.0"
172.16.36.181 - - [24/Nov/2025:08:44:45 +0800] "GET /manager-page/api/snapshot.php?id=32&t=0.8845332035759862 HTTP/1.1" 500 - "http://192.168.60.79/manager-page/home-3.php" "Mozilla/5.0 (Windows NT 10.0; Win64; x64) AppleWebKit/537.36 (KHTML, like Gecko) Chrome/142.0.0.0 Safari/537.36 Edg/142.0.0.0"
172.16.36.181 - - [24/Nov/2025:08:44:50 +0800] "GET /manager-page/api/snapshot.php?id=31&t=0.7006219262905209 HTTP/1.1" 200 56369 "http://192.168.60.79/manager-page/home-3.php" "Mozilla/5.0 (Windows NT 10.0; Win64; x64) AppleWebKit/537.36 (KHTML, like Gecko) Chrome/142.0.0.0 Safari/537.36 Edg/142.0.0.0"
172.16.36.181 - - [24/Nov/2025:08:44:50 +0800] "GET /manager-page/api/snapshot.php?id=32&t=0.28381777997732227 HTTP/1.1" 200 14084 "http://192.168.60.79/manager-page/home-3.php" "Mozilla/5.0 (Windows NT 10.0; Win64; x64) AppleWebKit/537.36 (KHTML, like Gecko) Chrome/142.0.0.0 Safari/537.36 Edg/142.0.0.0"
172.16.36.181 - - [24/Nov/2025:08:44:55 +0800] "GET /manager-page/api/snapshot.php?id=31&t=0.8574052008573928 HTTP/1.1" 200 56398 "http://192.168.60.79/manager-page/home-3.php" "Mozilla/5.0 (Windows NT 10.0; Win64; x64) AppleWebKit/537.36 (KHTML, like Gecko) Chrome/142.0.0.0 Safari/537.36 Edg/142.0.0.0"
127.0.0.1 - - [24/Nov/2025:08:45:00 +0800] "GET /robot/alarm-history-in.php HTTP/1.1" 200 - "-" "python-requests/2.28.1"
172.16.36.181 - - [24/Nov/2025:08:44:55 +0800] "GET /manager-page/api/snapshot.php?id=32&t=0.9448341588546285 HTTP/1.1" 500 - "http://192.168.60.79/manager-page/home-3.php" "Mozilla/5.0 (Windows NT 10.0; Win64; x64) AppleWebKit/537.36 (KHTML, like Gecko) Chrome/142.0.0.0 Safari/537.36 Edg/142.0.0.0"
172.16.36.181 - - [24/Nov/2025:08:45:00 +0800] "GET /manager-page/api/snapshot.php?id=31&t=0.6975072138330828 HTTP/1.1" 200 56383 "http://192.168.60.79/manager-page/home-3.php" "Mozilla/5.0 (Windows NT 10.0; Win64; x64) AppleWebKit/537.36 (KHTML, like Gecko) Chrome/142.0.0.0 Safari/537.36 Edg/142.0.0.0"
172.16.36.181 - - [24/Nov/2025:08:45:00 +0800] "GET /manager-page/api/snapshot.php?id=32&t=0.0997688001464272 HTTP/1.1" 500 - "http://192.168.60.79/manager-page/home-3.php" "Mozilla/5.0 (Windows NT 10.0; Win64; x64) AppleWebKit/537.36 (KHTML, like Gecko) Chrome/142.0.0.0 Safari/537.36 Edg/142.0.0.0"
172.16.36.181 - - [24/Nov/2025:08:45:05 +0800] "GET /manager-page/api/snapshot.php?id=32&t=0.9904519640767739 HTTP/1.1" 200 14138 "http://192.168.60.79/manager-page/home-3.php" "Mozilla/5.0 (Windows NT 10.0; Win64; x64) AppleWebKit/537.36 (KHTML, like Gecko) Chrome/142.0.0.0 Safari/537.36 Edg/142.0.0.0"
172.16.36.181 - - [24/Nov/2025:08:45:05 +0800] "GET /manager-page/api/snapshot.php?id=31&t=0.6288996990667789 HTTP/1.1" 500 - "http://192.168.60.79/manager-page/home-3.php" "Mozilla/5.0 (Windows NT 10.0; Win64; x64) AppleWebKit/537.36 (KHTML, like Gecko) Chrome/142.0.0.0 Safari/537.36 Edg/142.0.0.0"
172.16.36.181 - - [24/Nov/2025:08:45:10 +0800] "GET /manager-page/api/snapshot.php?id=31&t=0.11331453940477298 HTTP/1.1" 200 56370 "http://192.168.60.79/manager-page/home-3.php" "Mozilla/5.0 (Windows NT 10.0; Win64; x64) AppleWebKit/537.36 (KHTML, like Gecko) Chrome/142.0.0.0 Safari/537.36 Edg/142.0.0.0"
172.16.36.181 - - [24/Nov/2025:08:45:10 +0800] "GET /manager-page/api/snapshot.php?id=32&t=0.21623454608057024 HTTP/1.1" 200 14074 "http://192.168.60.79/manager-page/home-3.php" "Mozilla/5.0 (Windows NT 10.0; Win64; x64) AppleWebKit/537.36 (KHTML, like Gecko) Chrome/142.0.0.0 Safari/537.36 Edg/142.0.0.0"
111.70.30.250 - - [24/Nov/2025:08:45:03 +0800] "POST /robot/lora-in.php HTTP/1.1" 200 - "-" "python-requests/2.21.0"
172.16.36.181 - - [24/Nov/2025:08:45:15 +0800] "GET /manager-page/api/snapshot.php?id=31&t=0.04266454312356627 HTTP/1.1" 200 56337 "http://192.168.60.79/manager-page/home-3.php" "Mozilla/5.0 (Windows NT 10.0; Win64; x64) AppleWebKit/537.36 (KHTML, like Gecko) Chrome/142.0.0.0 Safari/537.36 Edg/142.0.0.0"
172.16.36.181 - - [24/Nov/2025:08:45:15 +0800] "GET /manager-page/api/snapshot.php?id=32&t=0.5441829818168482 HTTP/1.1" 500 - "http://192.168.60.79/manager-page/home-3.php" "Mozilla/5.0 (Windows NT 10.0; Win64; x64) AppleWebKit/537.36 (KHTML, like Gecko) Chrome/142.0.0.0 Safari/537.36 Edg/142.0.0.0"
172.16.36.181 - - [24/Nov/2025:08:45:20 +0800] "GET /manager-page/api/snapshot.php?id=31&t=0.653143900722537 HTTP/1.1" 200 56465 "http://192.168.60.79/manager-page/home-3.php" "Mozilla/5.0 (Windows NT 10.0; Win64; x64) AppleWebKit/537.36 (KHTML, like Gecko) Chrome/142.0.0.0 Safari/537.36 Edg/142.0.0.0"
172.16.36.181 - - [24/Nov/2025:08:45:20 +0800] "GET /manager-page/api/snapshot.php?id=32&t=0.795429099283474 HTTP/1.1" 500 - "http://192.168.60.79/manager-page/home-3.php" "Mozilla/5.0 (Windows NT 10.0; Win64; x64) AppleWebKit/537.36 (KHTML, like Gecko) Chrome/142.0.0.0 Safari/537.36 Edg/142.0.0.0"
172.16.36.181 - - [24/Nov/2025:08:45:25 +0800] "GET /manager-page/api/snapshot.php?id=32&t=0.4217578174234664 HTTP/1.1" 200 14253 "http://192.168.60.79/manager-page/home-3.php" "Mozilla/5.0 (Windows NT 10.0; Win64; x64) AppleWebKit/537.36 (KHTML, like Gecko) Chrome/142.0.0.0 Safari/537.36 Edg/142.0.0.0"
172.16.36.181 - - [24/Nov/2025:08:45:25 +0800] "GET /manager-page/api/snapshot.php?id=31&t=0.6251846312541316 HTTP/1.1" 200 56378 "http://192.168.60.79/manager-page/home-3.php" "Mozilla/5.0 (Windows NT 10.0; Win64; x64) AppleWebKit/537.36 (KHTML, like Gecko) Chrome/142.0.0.0 Safari/537.36 Edg/142.0.0.0"
172.16.36.181 - - [24/Nov/2025:08:45:30 +0800] "GET /manager-page/api/snapshot.php?id=31&t=0.11240551955908862 HTTP/1.1" 200 56414 "http://192.168.60.79/manager-page/home-3.php" "Mozilla/5.0 (Windows NT 10.0; Win64; x64) AppleWebKit/537.36 (KHTML, like Gecko) Chrome/142.0.0.0 Safari/537.36 Edg/142.0.0.0"
172.16.36.181 - - [24/Nov/2025:08:45:30 +0800] "GET /manager-page/api/snapshot.php?id=32&t=0.2252213128793461 HTTP/1.1" 500 - "http://192.168.60.79/manager-page/home-3.php" "Mozilla/5.0 (Windows NT 10.0; Win64; x64) AppleWebKit/537.36 (KHTML, like Gecko) Chrome/142.0.0.0 Safari/537.36 Edg/142.0.0.0"
172.16.36.181 - - [24/Nov/2025:08:45:35 +0800] "GET /manager-page/api/snapshot.php?id=31&t=0.7293958216164121 HTTP/1.1" 200 56552 "http://192.168.60.79/manager-page/home-3.php" "Mozilla/5.0 (Windows NT 10.0; Win64; x64) AppleWebKit/537.36 (KHTML, like Gecko) Chrome/142.0.0.0 Safari/537.36 Edg/142.0.0.0"
172.16.36.181 - - [24/Nov/2025:08:45:35 +0800] "GET /manager-page/api/snapshot.php?id=32&t=0.903550433167544 HTTP/1.1" 500 - "http://192.168.60.79/manager-page/home-3.php" "Mozilla/5.0 (Windows NT 10.0; Win64; x64) AppleWebKit/537.36 (KHTML, like Gecko) Chrome/142.0.0.0 Safari/537.36 Edg/142.0.0.0"
172.16.36.181 - - [24/Nov/2025:08:45:40 +0800] "GET /manager-page/api/snapshot.php?id=32&t=0.35203632497552706 HTTP/1.1" 500 - "http://192.168.60.79/manager-page/home-3.php" "Mozilla/5.0 (Windows NT 10.0; Win64; x64) AppleWebKit/537.36 (KHTML, like Gecko) Chrome/142.0.0.0 Safari/537.36 Edg/142.0.0.0"
172.16.36.181 - - [24/Nov/2025:08:45:40 +0800] "GET /manager-page/api/snapshot.php?id=31&t=0.02422182065120282 HTTP/1.1" 500 - "http://192.168.60.79/manager-page/home-3.php" "Mozilla/5.0 (Windows NT 10.0; Win64; x64) AppleWebKit/537.36 (KHTML, like Gecko) Chrome/142.0.0.0 Safari/537.36 Edg/142.0.0.0"
172.16.36.181 - - [24/Nov/2025:08:45:45 +0800] "GET /manager-page/api/snapshot.php?id=31&t=0.2990937310918147 HTTP/1.1" 200 56335 "http://192.168.60.79/manager-page/home-3.php" "Mozilla/5.0 (Windows NT 10.0; Win64; x64) AppleWebKit/537.36 (KHTML, like Gecko) Chrome/142.0.0.0 Safari/537.36 Edg/142.0.0.0"
111.70.30.251 - - [24/Nov/2025:08:45:36 +0800] "POST /robot/lora-in.php HTTP/1.1" 200 - "-" "python-requests/2.21.0"
172.16.36.181 - - [24/Nov/2025:08:45:45 +0800] "GET /manager-page/api/snapshot.php?id=32&t=0.7962971764287639 HTTP/1.1" 500 - "http://192.168.60.79/manager-page/home-3.php" "Mozilla/5.0 (Windows NT 10.0; Win64; x64) AppleWebKit/537.36 (KHTML, like Gecko) Chrome/142.0.0.0 Safari/537.36 Edg/142.0.0.0"
172.16.36.181 - - [24/Nov/2025:08:45:50 +0800] "GET /manager-page/api/snapshot.php?id=32&t=0.9632302667577619 HTTP/1.1" 200 13946 "http://192.168.60.79/manager-page/home-3.php" "Mozilla/5.0 (Windows NT 10.0; Win64; x64) AppleWebKit/537.36 (KHTML, like Gecko) Chrome/142.0.0.0 Safari/537.36 Edg/142.0.0.0"
172.16.36.181 - - [24/Nov/2025:08:45:50 +0800] "GET /manager-page/api/snapshot.php?id=31&t=0.13407798348979771 HTTP/1.1" 500 - "http://192.168.60.79/manager-page/home-3.php" "Mozilla/5.0 (Windows NT 10.0; Win64; x64) AppleWebKit/537.36 (KHTML, like Gecko) Chrome/142.0.0.0 Safari/537.36 Edg/142.0.0.0"
172.16.36.181 - - [24/Nov/2025:08:45:55 +0800] "GET /manager-page/api/snapshot.php?id=31&t=0.7254958662649638 HTTP/1.1" 500 - "http://192.168.60.79/manager-page/home-3.php" "Mozilla/5.0 (Windows NT 10.0; Win64; x64) AppleWebKit/537.36 (KHTML, like Gecko) Chrome/142.0.0.0 Safari/537.36 Edg/142.0.0.0"
127.0.0.1 - - [24/Nov/2025:08:46:00 +0800] "GET /robot/alarm-history-in.php HTTP/1.1" 200 - "-" "python-requests/2.28.1"
172.16.36.181 - - [24/Nov/2025:08:45:55 +0800] "GET /manager-page/api/snapshot.php?id=32&t=0.028962049761416586 HTTP/1.1" 500 - "http://192.168.60.79/manager-page/home-3.php" "Mozilla/5.0 (Windows NT 10.0; Win64; x64) AppleWebKit/537.36 (KHTML, like Gecko) Chrome/142.0.0.0 Safari/537.36 Edg/142.0.0.0"
172.16.36.181 - - [24/Nov/2025:08:46:00 +0800] "GET /manager-page/api/snapshot.php?id=32&t=0.9728333163133075 HTTP/1.1" 500 - "http://192.168.60.79/manager-page/home-3.php" "Mozilla/5.0 (Windows NT 10.0; Win64; x64) AppleWebKit/537.36 (KHTML, like Gecko) Chrome/142.0.0.0 Safari/537.36 Edg/142.0.0.0"
172.16.36.181 - - [24/Nov/2025:08:46:00 +0800] "GET /manager-page/api/snapshot.php?id=31&t=0.6616656890594544 HTTP/1.1" 500 - "http://192.168.60.79/manager-page/home-3.php" "Mozilla/5.0 (Windows NT 10.0; Win64; x64) AppleWebKit/537.36 (KHTML, like Gecko) Chrome/142.0.0.0 Safari/537.36 Edg/142.0.0.0"
172.16.36.181 - - [24/Nov/2025:08:46:05 +0800] "GET /manager-page/api/snapshot.php?id=31&t=0.8402598534923663 HTTP/1.1" 200 56438 "http://192.168.60.79/manager-page/home-3.php" "Mozilla/5.0 (Windows NT 10.0; Win64; x64) AppleWebKit/537.36 (KHTML, like Gecko) Chrome/142.0.0.0 Safari/537.36 Edg/142.0.0.0"
172.16.36.181 - - [24/Nov/2025:08:46:05 +0800] "GET /manager-page/api/snapshot.php?id=32&t=0.7695877454597968 HTTP/1.1" 200 13813 "http://192.168.60.79/manager-page/home-3.php" "Mozilla/5.0 (Windows NT 10.0; Win64; x64) AppleWebKit/537.36 (KHTML, like Gecko) Chrome/142.0.0.0 Safari/537.36 Edg/142.0.0.0"
172.16.36.181 - - [24/Nov/2025:08:46:10 +0800] "GET /manager-page/api/snapshot.php?id=31&t=0.020413409513251546 HTTP/1.1" 200 56414 "http://192.168.60.79/manager-page/home-3.php" "Mozilla/5.0 (Windows NT 10.0; Win64; x64) AppleWebKit/537.36 (KHTML, like Gecko) Chrome/142.0.0.0 Safari/537.36 Edg/142.0.0.0"
127.0.0.1 - - [24/Nov/2025:08:46:07 +0800] "POST /robot/et-7026-in.php HTTP/1.1" 200 - "-" "python-requests/2.32.2"
172.16.36.181 - - [24/Nov/2025:08:46:10 +0800] "GET /manager-page/api/snapshot.php?id=32&t=0.9600003016977862 HTTP/1.1" 500 - "http://192.168.60.79/manager-page/home-3.php" "Mozilla/5.0 (Windows NT 10.0; Win64; x64) AppleWebKit/537.36 (KHTML, like Gecko) Chrome/142.0.0.0 Safari/537.36 Edg/142.0.0.0"
172.16.36.181 - - [24/Nov/2025:08:46:15 +0800] "GET /manager-page/api/snapshot.php?id=31&t=0.23978946246265032 HTTP/1.1" 200 56442 "http://192.168.60.79/manager-page/home-3.php" "Mozilla/5.0 (Windows NT 10.0; Win64; x64) AppleWebKit/537.36 (KHTML, like Gecko) Chrome/142.0.0.0 Safari/537.36 Edg/142.0.0.0"
172.16.36.181 - - [24/Nov/2025:08:46:15 +0800] "GET /manager-page/api/snapshot.php?id=32&t=0.622049968512421 HTTP/1.1" 200 14079 "http://192.168.60.79/manager-page/home-3.php" "Mozilla/5.0 (Windows NT 10.0; Win64; x64) AppleWebKit/537.36 (KHTML, like Gecko) Chrome/142.0.0.0 Safari/537.36 Edg/142.0.0.0"
172.16.36.181 - - [24/Nov/2025:08:46:20 +0800] "GET /manager-page/api/snapshot.php?id=32&t=0.5347775165567548 HTTP/1.1" 200 14448 "http://192.168.60.79/manager-page/home-3.php" "Mozilla/5.0 (Windows NT 10.0; Win64; x64) AppleWebKit/537.36 (KHTML, like Gecko) Chrome/142.0.0.0 Safari/537.36 Edg/142.0.0.0"
172.16.36.181 - - [24/Nov/2025:08:46:20 +0800] "GET /manager-page/api/snapshot.php?id=31&t=0.889740974457231 HTTP/1.1" 200 56404 "http://192.168.60.79/manager-page/home-3.php" "Mozilla/5.0 (Windows NT 10.0; Win64; x64) AppleWebKit/537.36 (KHTML, like Gecko) Chrome/142.0.0.0 Safari/537.36 Edg/142.0.0.0"
172.16.36.181 - - [24/Nov/2025:08:46:25 +0800] "GET /manager-page/api/snapshot.php?id=31&t=0.4398697743786707 HTTP/1.1" 200 56429 "http://192.168.60.79/manager-page/home-3.php" "Mozilla/5.0 (Windows NT 10.0; Win64; x64) AppleWebKit/537.36 (KHTML, like Gecko) Chrome/142.0.0.0 Safari/537.36 Edg/142.0.0.0"
172.16.36.181 - - [24/Nov/2025:08:46:25 +0800] "GET /manager-page/api/snapshot.php?id=32&t=0.9952338965299101 HTTP/1.1" 500 - "http://192.168.60.79/manager-page/home-3.php" "Mozilla/5.0 (Windows NT 10.0; Win64; x64) AppleWebKit/537.36 (KHTML, like Gecko) Chrome/142.0.0.0 Safari/537.36 Edg/142.0.0.0"
172.16.36.181 - - [24/Nov/2025:08:46:30 +0800] "GET /manager-page/api/snapshot.php?id=32&t=0.44890749666712604 HTTP/1.1" 200 14079 "http://192.168.60.79/manager-page/home-3.php" "Mozilla/5.0 (Windows NT 10.0; Win64; x64) AppleWebKit/537.36 (KHTML, like Gecko) Chrome/142.0.0.0 Safari/537.36 Edg/142.0.0.0"
172.16.36.181 - - [24/Nov/2025:08:46:30 +0800] "GET /manager-page/api/snapshot.php?id=31&t=0.533732298292315 HTTP/1.1" 200 56473 "http://192.168.60.79/manager-page/home-3.php" "Mozilla/5.0 (Windows NT 10.0; Win64; x64) AppleWebKit/537.36 (KHTML, like Gecko) Chrome/142.0.0.0 Safari/537.36 Edg/142.0.0.0"
172.16.36.181 - - [24/Nov/2025:08:46:35 +0800] "GET /manager-page/api/snapshot.php?id=31&t=0.26900276475513074 HTTP/1.1" 200 56456 "http://192.168.60.79/manager-page/home-3.php" "Mozilla/5.0 (Windows NT 10.0; Win64; x64) AppleWebKit/537.36 (KHTML, like Gecko) Chrome/142.0.0.0 Safari/537.36 Edg/142.0.0.0"
172.16.36.181 - - [24/Nov/2025:08:46:35 +0800] "GET /manager-page/api/snapshot.php?id=32&t=0.7467053575069927 HTTP/1.1" 500 - "http://192.168.60.79/manager-page/home-3.php" "Mozilla/5.0 (Windows NT 10.0; Win64; x64) AppleWebKit/537.36 (KHTML, like Gecko) Chrome/142.0.0.0 Safari/537.36 Edg/142.0.0.0"
172.16.36.181 - - [24/Nov/2025:08:46:40 +0800] "GET /manager-page/api/snapshot.php?id=31&t=0.6625254538056503 HTTP/1.1" 200 56460 "http://192.168.60.79/manager-page/home-3.php" "Mozilla/5.0 (Windows NT 10.0; Win64; x64) AppleWebKit/537.36 (KHTML, like Gecko) Chrome/142.0.0.0 Safari/537.36 Edg/142.0.0.0"
172.16.36.181 - - [24/Nov/2025:08:46:40 +0800] "GET /manager-page/api/snapshot.php?id=32&t=0.5696838959075168 HTTP/1.1" 200 14056 "http://192.168.60.79/manager-page/home-3.php" "Mozilla/5.0 (Windows NT 10.0; Win64; x64) AppleWebKit/537.36 (KHTML, like Gecko) Chrome/142.0.0.0 Safari/537.36 Edg/142.0.0.0"
172.16.36.181 - - [24/Nov/2025:08:46:45 +0800] "GET /manager-page/api/snapshot.php?id=32&t=0.3709629561028156 HTTP/1.1" 200 14125 "http://192.168.60.79/manager-page/home-3.php" "Mozilla/5.0 (Windows NT 10.0; Win64; x64) AppleWebKit/537.36 (KHTML, like Gecko) Chrome/142.0.0.0 Safari/537.36 Edg/142.0.0.0"
172.16.36.181 - - [24/Nov/2025:08:46:45 +0800] "GET /manager-page/api/snapshot.php?id=31&t=0.11376166791091269 HTTP/1.1" 200 56395 "http://192.168.60.79/manager-page/home-3.php" "Mozilla/5.0 (Windows NT 10.0; Win64; x64) AppleWebKit/537.36 (KHTML, like Gecko) Chrome/142.0.0.0 Safari/537.36 Edg/142.0.0.0"
172.16.36.181 - - [24/Nov/2025:08:46:50 +0800] "GET /manager-page/api/snapshot.php?id=32&t=0.3027445480552651 HTTP/1.1" 200 14109 "http://192.168.60.79/manager-page/home-3.php" "Mozilla/5.0 (Windows NT 10.0; Win64; x64) AppleWebKit/537.36 (KHTML, like Gecko) Chrome/142.0.0.0 Safari/537.36 Edg/142.0.0.0"
172.16.36.181 - - [24/Nov/2025:08:46:50 +0800] "GET /manager-page/api/snapshot.php?id=31&t=0.2697684797016986 HTTP/1.1" 500 - "http://192.168.60.79/manager-page/home-3.php" "Mozilla/5.0 (Windows NT 10.0; Win64; x64) AppleWebKit/537.36 (KHTML, like Gecko) Chrome/142.0.0.0 Safari/537.36 Edg/142.0.0.0"
111.70.30.252 - - [24/Nov/2025:08:46:44 +0800] "POST /robot/lora-in.php HTTP/1.1" 200 - "-" "python-requests/2.21.0"
172.16.36.181 - - [24/Nov/2025:08:47:04 +0800] "GET /manager-page/live/3-1.jpg HTTP/1.1" 200 56318 "http://192.168.60.79/manager-page/home-3.php" "Mozilla/5.0 (Windows NT 10.0; Win64; x64) AppleWebKit/537.36 (KHTML, like Gecko) Chrome/142.0.0.0 Safari/537.36 Edg/142.0.0.0"
127.0.0.1 - - [24/Nov/2025:08:47:00 +0800] "GET /robot/alarm-history-in.php HTTP/1.1" 200 - "-" "python-requests/2.28.1"
172.16.36.181 - - [24/Nov/2025:08:47:23 +0800] "GET /manager-page/api/snapshot.php?id=31&t=0.22595503243623638 HTTP/1.1" 200 56485 "http://192.168.60.79/manager-page/home-3.php" "Mozilla/5.0 (Windows NT 10.0; Win64; x64) AppleWebKit/537.36 (KHTML, like Gecko) Chrome/142.0.0.0 Safari/537.36 Edg/142.0.0.0"
172.16.36.181 - - [24/Nov/2025:08:47:23 +0800] "GET /manager-page/api/snapshot.php?id=32&t=0.706535905845452 HTTP/1.1" 200 14295 "http://192.168.60.79/manager-page/home-3.php" "Mozilla/5.0 (Windows NT 10.0; Win64; x64) AppleWebKit/537.36 (KHTML, like Gecko) Chrome/142.0.0.0 Safari/537.36 Edg/142.0.0.0"
127.0.0.1 - - [24/Nov/2025:08:48:00 +0800] "GET /robot/alarm-history-in.php HTTP/1.1" 200 - "-" "python-requests/2.28.1"
172.16.36.181 - - [24/Nov/2025:08:48:23 +0800] "GET /manager-page/api/snapshot.php?id=32&t=0.6278467140133102 HTTP/1.1" 200 14506 "http://192.168.60.79/manager-page/home-3.php" "Mozilla/5.0 (Windows NT 10.0; Win64; x64) AppleWebKit/537.36 (KHTML, like Gecko) Chrome/142.0.0.0 Safari/537.36 Edg/142.0.0.0"
172.16.36.181 - - [24/Nov/2025:08:48:23 +0800] "GET /manager-page/api/snapshot.php?id=31&t=0.889379910501884 HTTP/1.1" 200 56392 "http://192.168.60.79/manager-page/home-3.php" "Mozilla/5.0 (Windows NT 10.0; Win64; x64) AppleWebKit/537.36 (KHTML, like Gecko) Chrome/142.0.0.0 Safari/537.36 Edg/142.0.0.0"
127.0.0.1 - - [24/Nov/2025:08:49:00 +0800] "GET /robot/alarm-history-in.php HTTP/1.1" 200 - "-" "python-requests/2.28.1"
172.16.36.181 - - [24/Nov/2025:08:49:23 +0800] "GET /manager-page/api/snapshot.php?id=32&t=0.19181062473111077 HTTP/1.1" 200 14286 "http://192.168.60.79/manager-page/home-3.php" "Mozilla/5.0 (Windows NT 10.0; Win64; x64) AppleWebKit/537.36 (KHTML, like Gecko) Chrome/142.0.0.0 Safari/537.36 Edg/142.0.0.0"
172.16.36.181 - - [24/Nov/2025:08:49:23 +0800] "GET /manager-page/api/snapshot.php?id=31&t=0.7099523500867767 HTTP/1.1" 200 56481 "http://192.168.60.79/manager-page/home-3.php" "Mozilla/5.0 (Windows NT 10.0; Win64; x64) AppleWebKit/537.36 (KHTML, like Gecko) Chrome/142.0.0.0 Safari/537.36 Edg/142.0.0.0"
127.0.0.1 - - [24/Nov/2025:08:49:37 +0800] "POST /robot/et-7026-in.php HTTP/1.1" 200 - "-" "python-requests/2.32.2"
127.0.0.1 - - [24/Nov/2025:08:50:00 +0800] "GET /robot/alarm-history-in.php HTTP/1.1" 200 - "-" "python-requests/2.28.1"
172.16.36.181 - - [24/Nov/2025:08:50:23 +0800] "GET /manager-page/api/snapshot.php?id=32&t=0.8695396339687099 HTTP/1.1" 200 14463 "http://192.168.60.79/manager-page/home-3.php" "Mozilla/5.0 (Windows NT 10.0; Win64; x64) AppleWebKit/537.36 (KHTML, like Gecko) Chrome/142.0.0.0 Safari/537.36 Edg/142.0.0.0"
172.16.36.181 - - [24/Nov/2025:08:50:23 +0800] "GET /manager-page/api/snapshot.php?id=31&t=0.8075646507079698 HTTP/1.1" 200 56221 "http://192.168.60.79/manager-page/home-3.php" "Mozilla/5.0 (Windows NT 10.0; Win64; x64) AppleWebKit/537.36 (KHTML, like Gecko) Chrome/142.0.0.0 Safari/537.36 Edg/142.0.0.0"
127.0.0.1 - - [24/Nov/2025:08:50:43 +0800] "GET /get-setting.json HTTP/1.1" 200 2314 "-" "python-requests/2.31.0"
127.0.0.1 - - [24/Nov/2025:08:50:49 +0800] "POST /robot/lora-in.php HTTP/1.1" 200 - "-" "python-requests/2.31.0"
127.0.0.1 - - [24/Nov/2025:08:50:55 +0800] "POST /robot/lora-in.php HTTP/1.1" 200 - "-" "python-requests/2.31.0"
127.0.0.1 - - [24/Nov/2025:08:51:00 +0800] "GET /robot/alarm-history-in.php HTTP/1.1" 200 - "-" "python-requests/2.28.1"
127.0.0.1 - - [24/Nov/2025:08:51:06 +0800] "POST /robot/lora-in.php HTTP/1.1" 200 - "-" "python-requests/2.31.0"
127.0.0.1 - - [24/Nov/2025:08:51:10 +0800] "POST /robot/lora-in.php HTTP/1.1" 200 - "-" "python-requests/2.31.0"
127.0.0.1 - - [24/Nov/2025:08:51:15 +0800] "POST /robot/lora-in.php HTTP/1.1" 200 - "-" "python-requests/2.31.0"
127.0.0.1 - - [24/Nov/2025:08:51:20 +0800] "POST /robot/lora-in.php HTTP/1.1" 200 - "-" "python-requests/2.31.0"
172.16.36.181 - - [24/Nov/2025:08:51:23 +0800] "GET /manager-page/api/snapshot.php?id=31&t=0.3214137863516019 HTTP/1.1" 200 56239 "http://192.168.60.79/manager-page/home-3.php" "Mozilla/5.0 (Windows NT 10.0; Win64; x64) AppleWebKit/537.36 (KHTML, like Gecko) Chrome/142.0.0.0 Safari/537.36 Edg/142.0.0.0"
172.16.36.181 - - [24/Nov/2025:08:51:23 +0800] "GET /manager-page/api/snapshot.php?id=32&t=0.997714811805852 HTTP/1.1" 200 14888 "http://192.168.60.79/manager-page/home-3.php" "Mozilla/5.0 (Windows NT 10.0; Win64; x64) AppleWebKit/537.36 (KHTML, like Gecko) Chrome/142.0.0.0 Safari/537.36 Edg/142.0.0.0"
172.16.36.181 - - [24/Nov/2025:08:51:41 +0800] "GET /manager-page/api/snapshot.php?id=31&t=0.7284745086781816 HTTP/1.1" 200 56234 "http://192.168.60.79/manager-page/home-3.php" "Mozilla/5.0 (Windows NT 10.0; Win64; x64) AppleWebKit/537.36 (KHTML, like Gecko) Chrome/142.0.0.0 Safari/537.36 Edg/142.0.0.0"
172.16.36.181 - - [24/Nov/2025:08:51:41 +0800] "GET /manager-page/api/snapshot.php?id=32&t=0.31822741980438896 HTTP/1.1" 200 14551 "http://192.168.60.79/manager-page/home-3.php" "Mozilla/5.0 (Windows NT 10.0; Win64; x64) AppleWebKit/537.36 (KHTML, like Gecko) Chrome/142.0.0.0 Safari/537.36 Edg/142.0.0.0"
127.0.0.1 - - [24/Nov/2025:08:51:29 +0800] "POST /robot/lora-in.php HTTP/1.1" 200 - "-" "python-requests/2.31.0"
127.0.0.1 - - [24/Nov/2025:08:52:00 +0800] "GET /robot/alarm-history-in.php HTTP/1.1" 200 - "-" "python-requests/2.28.1"
172.16.36.181 - - [24/Nov/2025:08:51:43 +0800] "GET /manager-page/home-1.php HTTP/1.1" 200 18470 "http://192.168.60.79/manager-page/home-3.php" "Mozilla/5.0 (Windows NT 10.0; Win64; x64) AppleWebKit/537.36 (KHTML, like Gecko) Chrome/142.0.0.0 Safari/537.36 Edg/142.0.0.0"
172.16.36.181 - - [24/Nov/2025:08:51:45 +0800] "GET /manager-page/api/snapshot.php?id=31&t=0.20125089239317717 HTTP/1.1" 500 - "http://192.168.60.79/manager-page/home-3.php" "Mozilla/5.0 (Windows NT 10.0; Win64; x64) AppleWebKit/537.36 (KHTML, like Gecko) Chrome/142.0.0.0 Safari/537.36 Edg/142.0.0.0"
172.16.36.181 - - [24/Nov/2025:08:51:45 +0800] "GET /manager-page/api/snapshot.php?id=32&t=0.4897745994741798 HTTP/1.1" 500 - "http://192.168.60.79/manager-page/home-3.php" "Mozilla/5.0 (Windows NT 10.0; Win64; x64) AppleWebKit/537.36 (KHTML, like Gecko) Chrome/142.0.0.0 Safari/537.36 Edg/142.0.0.0"
172.16.36.181 - - [24/Nov/2025:08:51:50 +0800] "GET /manager-page/api/snapshot.php?id=32&t=0.41439793260721336 HTTP/1.1" 500 - "http://192.168.60.79/manager-page/home-3.php" "Mozilla/5.0 (Windows NT 10.0; Win64; x64) AppleWebKit/537.36 (KHTML, like Gecko) Chrome/142.0.0.0 Safari/537.36 Edg/142.0.0.0"
172.16.36.181 - - [24/Nov/2025:08:51:50 +0800] "GET /manager-page/api/snapshot.php?id=31&t=0.7792589113111599 HTTP/1.1" 500 - "http://192.168.60.79/manager-page/home-3.php" "Mozilla/5.0 (Windows NT 10.0; Win64; x64) AppleWebKit/537.36 (KHTML, like Gecko) Chrome/142.0.0.0 Safari/537.36 Edg/142.0.0.0"
111.70.30.253 - - [24/Nov/2025:08:52:14 +0800] "POST /robot/lora-in.php HTTP/1.1" 200 - "-" "python-requests/2.21.0"
172.16.36.181 - - [24/Nov/2025:08:52:22 +0800] "GET /manager-page/alarm/1-1.jpg?t=2076764636 HTTP/1.1" 200 322868 "http://192.168.60.79/manager-page/home-1.php" "Mozilla/5.0 (Windows NT 10.0; Win64; x64) AppleWebKit/537.36 (KHTML, like Gecko) Chrome/142.0.0.0 Safari/537.36 Edg/142.0.0.0"
172.16.36.181 - - [24/Nov/2025:08:52:22 +0800] "GET /manager-page/alarm/1-2.jpg?t=1843777648 HTTP/1.1" 200 495492 "http://192.168.60.79/manager-page/home-1.php" "Mozilla/5.0 (Windows NT 10.0; Win64; x64) AppleWebKit/537.36 (KHTML, like Gecko) Chrome/142.0.0.0 Safari/537.36 Edg/142.0.0.0"
172.16.36.181 - - [24/Nov/2025:08:51:55 +0800] "GET /manager-page/home-1.php HTTP/1.1" 200 27470 "http://192.168.60.79/manager-page/home-3.php" "Mozilla/5.0 (Windows NT 10.0; Win64; x64) AppleWebKit/537.36 (KHTML, like Gecko) Chrome/142.0.0.0 Safari/537.36 Edg/142.0.0.0"
172.16.36.181 - - [24/Nov/2025:08:51:55 +0800] "GET /manager-page/api/snapshot.php?id=31&t=0.555263178098502 HTTP/1.1" 500 - "http://192.168.60.79/manager-page/home-3.php" "Mozilla/5.0 (Windows NT 10.0; Win64; x64) AppleWebKit/537.36 (KHTML, like Gecko) Chrome/142.0.0.0 Safari/537.36 Edg/142.0.0.0"
172.16.36.181 - - [24/Nov/2025:08:51:55 +0800] "GET /manager-page/api/snapshot.php?id=32&t=0.9752023357849559 HTTP/1.1" 500 - "http://192.168.60.79/manager-page/home-3.php" "Mozilla/5.0 (Windows NT 10.0; Win64; x64) AppleWebKit/537.36 (KHTML, like Gecko) Chrome/142.0.0.0 Safari/537.36 Edg/142.0.0.0"
172.16.36.181 - - [24/Nov/2025:08:52:00 +0800] "GET /manager-page/api/snapshot.php?id=32&t=0.1592383630679085 HTTP/1.1" 500 - "http://192.168.60.79/manager-page/home-3.php" "Mozilla/5.0 (Windows NT 10.0; Win64; x64) AppleWebKit/537.36 (KHTML, like Gecko) Chrome/142.0.0.0 Safari/537.36 Edg/142.0.0.0"
172.16.36.181 - - [24/Nov/2025:08:52:00 +0800] "GET /manager-page/api/snapshot.php?id=31&t=0.8973329748055267 HTTP/1.1" 500 - "http://192.168.60.79/manager-page/home-3.php" "Mozilla/5.0 (Windows NT 10.0; Win64; x64) AppleWebKit/537.36 (KHTML, like Gecko) Chrome/142.0.0.0 Safari/537.36 Edg/142.0.0.0"
172.16.36.181 - - [24/Nov/2025:08:52:05 +0800] "GET /manager-page/api/snapshot.php?id=32&t=0.35943478949351515 HTTP/1.1" 500 - "http://192.168.60.79/manager-page/home-3.php" "Mozilla/5.0 (Windows NT 10.0; Win64; x64) AppleWebKit/537.36 (KHTML, like Gecko) Chrome/142.0.0.0 Safari/537.36 Edg/142.0.0.0"
172.16.36.181 - - [24/Nov/2025:08:52:05 +0800] "GET /manager-page/api/snapshot.php?id=31&t=0.9695730457348445 HTTP/1.1" 500 - "http://192.168.60.79/manager-page/home-3.php" "Mozilla/5.0 (Windows NT 10.0; Win64; x64) AppleWebKit/537.36 (KHTML, like Gecko) Chrome/142.0.0.0 Safari/537.36 Edg/142.0.0.0"
172.16.36.181 - - [24/Nov/2025:08:52:10 +0800] "GET /manager-page/api/snapshot.php?id=32&t=0.08328061483442994 HTTP/1.1" 500 - "http://192.168.60.79/manager-page/home-3.php" "Mozilla/5.0 (Windows NT 10.0; Win64; x64) AppleWebKit/537.36 (KHTML, like Gecko) Chrome/142.0.0.0 Safari/537.36 Edg/142.0.0.0"
172.16.36.181 - - [24/Nov/2025:08:52:10 +0800] "GET /manager-page/api/snapshot.php?id=31&t=0.15575140896745032 HTTP/1.1" 500 - "http://192.168.60.79/manager-page/home-3.php" "Mozilla/5.0 (Windows NT 10.0; Win64; x64) AppleWebKit/537.36 (KHTML, like Gecko) Chrome/142.0.0.0 Safari/537.36 Edg/142.0.0.0"
172.16.36.181 - - [24/Nov/2025:08:52:15 +0800] "GET /manager-page/api/snapshot.php?id=31&t=0.7657251313942585 HTTP/1.1" 500 - "http://192.168.60.79/manager-page/home-3.php" "Mozilla/5.0 (Windows NT 10.0; Win64; x64) AppleWebKit/537.36 (KHTML, like Gecko) Chrome/142.0.0.0 Safari/537.36 Edg/142.0.0.0"
172.16.36.181 - - [24/Nov/2025:08:52:15 +0800] "GET /manager-page/api/snapshot.php?id=32&t=0.5135991955980547 HTTP/1.1" 500 - "http://192.168.60.79/manager-page/home-3.php" "Mozilla/5.0 (Windows NT 10.0; Win64; x64) AppleWebKit/537.36 (KHTML, like Gecko) Chrome/142.0.0.0 Safari/537.36 Edg/142.0.0.0"
172.16.36.181 - - [24/Nov/2025:08:52:20 +0800] "GET /manager-page/api/snapshot.php?id=31&t=0.19044285627987434 HTTP/1.1" 200 56209 "http://192.168.60.79/manager-page/home-3.php" "Mozilla/5.0 (Windows NT 10.0; Win64; x64) AppleWebKit/537.36 (KHTML, like Gecko) Chrome/142.0.0.0 Safari/537.36 Edg/142.0.0.0"
172.16.36.181 - - [24/Nov/2025:08:52:20 +0800] "GET /manager-page/api/snapshot.php?id=32&t=0.44757005626213764 HTTP/1.1" 200 14503 "http://192.168.60.79/manager-page/home-3.php" "Mozilla/5.0 (Windows NT 10.0; Win64; x64) AppleWebKit/537.36 (KHTML, like Gecko) Chrome/142.0.0.0 Safari/537.36 Edg/142.0.0.0"
172.16.36.181 - - [24/Nov/2025:08:52:22 +0800] "GET /manager-page/api/snapshot.php?id=11 HTTP/1.1" 200 32074 "http://192.168.60.79/manager-page/home-1.php" "Mozilla/5.0 (Windows NT 10.0; Win64; x64) AppleWebKit/537.36 (KHTML, like Gecko) Chrome/142.0.0.0 Safari/537.36 Edg/142.0.0.0"
172.16.36.181 - - [24/Nov/2025:08:52:22 +0800] "GET /manager-page/api/snapshot.php?id=12 HTTP/1.1" 200 36806 "http://192.168.60.79/manager-page/home-1.php" "Mozilla/5.0 (Windows NT 10.0; Win64; x64) AppleWebKit/537.36 (KHTML, like Gecko) Chrome/142.0.0.0 Safari/537.36 Edg/142.0.0.0"
172.16.36.181 - - [24/Nov/2025:08:52:24 +0800] "GET /manager-page/api/cms-status1.php HTTP/1.1" 200 12 "http://192.168.60.79/manager-page/home-1.php" "Mozilla/5.0 (Windows NT 10.0; Win64; x64) AppleWebKit/537.36 (KHTML, like Gecko) Chrome/142.0.0.0 Safari/537.36 Edg/142.0.0.0"
172.16.36.181 - - [24/Nov/2025:08:52:24 +0800] "GET /manager-page/api/lp-status1.php HTTP/1.1" 500 - "http://192.168.60.79/manager-page/home-1.php" "Mozilla/5.0 (Windows NT 10.0; Win64; x64) AppleWebKit/537.36 (KHTML, like Gecko) Chrome/142.0.0.0 Safari/537.36 Edg/142.0.0.0"
172.16.36.181 - - [24/Nov/2025:08:52:29 +0800] "GET /manager-page/api/snapshot.php?id=11&t=0.23837661502254648 HTTP/1.1" 200 33021 "http://192.168.60.79/manager-page/home-1.php" "Mozilla/5.0 (Windows NT 10.0; Win64; x64) AppleWebKit/537.36 (KHTML, like Gecko) Chrome/142.0.0.0 Safari/537.36 Edg/142.0.0.0"
172.16.36.181 - - [24/Nov/2025:08:52:29 +0800] "GET /manager-page/api/snapshot.php?id=12&t=0.7186310525995211 HTTP/1.1" 200 36823 "http://192.168.60.79/manager-page/home-1.php" "Mozilla/5.0 (Windows NT 10.0; Win64; x64) AppleWebKit/537.36 (KHTML, like Gecko) Chrome/142.0.0.0 Safari/537.36 Edg/142.0.0.0"
172.16.36.181 - - [24/Nov/2025:08:52:34 +0800] "GET /manager-page/api/snapshot.php?id=11&t=0.8219168598723914 HTTP/1.1" 200 32081 "http://192.168.60.79/manager-page/home-1.php" "Mozilla/5.0 (Windows NT 10.0; Win64; x64) AppleWebKit/537.36 (KHTML, like Gecko) Chrome/142.0.0.0 Safari/537.36 Edg/142.0.0.0"
172.16.36.181 - - [24/Nov/2025:08:52:34 +0800] "GET /manager-page/api/snapshot.php?id=12&t=0.14813116215156197 HTTP/1.1" 200 37010 "http://192.168.60.79/manager-page/home-1.php" "Mozilla/5.0 (Windows NT 10.0; Win64; x64) AppleWebKit/537.36 (KHTML, like Gecko) Chrome/142.0.0.0 Safari/537.36 Edg/142.0.0.0"
172.16.36.181 - - [24/Nov/2025:08:52:39 +0800] "GET /manager-page/api/snapshot.php?id=12&t=0.20993143409932635 HTTP/1.1" 200 36844 "http://192.168.60.79/manager-page/home-1.php" "Mozilla/5.0 (Windows NT 10.0; Win64; x64) AppleWebKit/537.36 (KHTML, like Gecko) Chrome/142.0.0.0 Safari/537.36 Edg/142.0.0.0"
172.16.36.181 - - [24/Nov/2025:08:52:39 +0800] "GET /manager-page/api/snapshot.php?id=11&t=0.5692189215822566 HTTP/1.1" 200 32086 "http://192.168.60.79/manager-page/home-1.php" "Mozilla/5.0 (Windows NT 10.0; Win64; x64) AppleWebKit/537.36 (KHTML, like Gecko) Chrome/142.0.0.0 Safari/537.36 Edg/142.0.0.0"
172.16.36.181 - - [24/Nov/2025:08:52:44 +0800] "GET /manager-page/api/snapshot.php?id=11&t=0.33672630144728644 HTTP/1.1" 200 32103 "http://192.168.60.79/manager-page/home-1.php" "Mozilla/5.0 (Windows NT 10.0; Win64; x64) AppleWebKit/537.36 (KHTML, like Gecko) Chrome/142.0.0.0 Safari/537.36 Edg/142.0.0.0"
172.16.36.181 - - [24/Nov/2025:08:52:44 +0800] "GET /manager-page/api/snapshot.php?id=12&t=0.7913856101616715 HTTP/1.1" 200 36784 "http://192.168.60.79/manager-page/home-1.php" "Mozilla/5.0 (Windows NT 10.0; Win64; x64) AppleWebKit/537.36 (KHTML, like Gecko) Chrome/142.0.0.0 Safari/537.36 Edg/142.0.0.0"
172.16.36.181 - - [24/Nov/2025:08:52:49 +0800] "GET /manager-page/api/snapshot.php?id=12&t=0.48359378482459525 HTTP/1.1" 200 36791 "http://192.168.60.79/manager-page/home-1.php" "Mozilla/5.0 (Windows NT 10.0; Win64; x64) AppleWebKit/537.36 (KHTML, like Gecko) Chrome/142.0.0.0 Safari/537.36 Edg/142.0.0.0"
172.16.36.181 - - [24/Nov/2025:08:52:49 +0800] "GET /manager-page/api/snapshot.php?id=11&t=0.0018918052378176231 HTTP/1.1" 200 32652 "http://192.168.60.79/manager-page/home-1.php" "Mozilla/5.0 (Windows NT 10.0; Win64; x64) AppleWebKit/537.36 (KHTML, like Gecko) Chrome/142.0.0.0 Safari/537.36 Edg/142.0.0.0"
172.16.36.181 - - [24/Nov/2025:08:52:54 +0800] "GET /manager-page/api/snapshot.php?id=12&t=0.05692959523798369 HTTP/1.1" 200 37044 "http://192.168.60.79/manager-page/home-1.php" "Mozilla/5.0 (Windows NT 10.0; Win64; x64) AppleWebKit/537.36 (KHTML, like Gecko) Chrome/142.0.0.0 Safari/537.36 Edg/142.0.0.0"
172.16.36.181 - - [24/Nov/2025:08:52:54 +0800] "GET /manager-page/api/snapshot.php?id=11&t=0.4824582339304698 HTTP/1.1" 200 32098 "http://192.168.60.79/manager-page/home-1.php" "Mozilla/5.0 (Windows NT 10.0; Win64; x64) AppleWebKit/537.36 (KHTML, like Gecko) Chrome/142.0.0.0 Safari/537.36 Edg/142.0.0.0"
127.0.0.1 - - [24/Nov/2025:08:52:57 +0800] "POST /robot/et-7026-in.php HTTP/1.1" 200 - "-" "python-requests/2.32.2"
127.0.0.1 - - [24/Nov/2025:08:53:00 +0800] "GET /robot/alarm-history-in.php HTTP/1.1" 200 - "-" "python-requests/2.28.1"
172.16.36.181 - - [24/Nov/2025:08:52:59 +0800] "GET /manager-page/api/snapshot.php?id=11&t=0.5933478935422536 HTTP/1.1" 200 32144 "http://192.168.60.79/manager-page/home-1.php" "Mozilla/5.0 (Windows NT 10.0; Win64; x64) AppleWebKit/537.36 (KHTML, like Gecko) Chrome/142.0.0.0 Safari/537.36 Edg/142.0.0.0"
172.16.36.181 - - [24/Nov/2025:08:52:59 +0800] "GET /manager-page/api/snapshot.php?id=12&t=0.65695848378794 HTTP/1.1" 200 37430 "http://192.168.60.79/manager-page/home-1.php" "Mozilla/5.0 (Windows NT 10.0; Win64; x64) AppleWebKit/537.36 (KHTML, like Gecko) Chrome/142.0.0.0 Safari/537.36 Edg/142.0.0.0"
172.16.36.181 - - [24/Nov/2025:08:53:04 +0800] "GET /manager-page/api/snapshot.php?id=11&t=0.7547870869501422 HTTP/1.1" 200 32683 "http://192.168.60.79/manager-page/home-1.php" "Mozilla/5.0 (Windows NT 10.0; Win64; x64) AppleWebKit/537.36 (KHTML, like Gecko) Chrome/142.0.0.0 Safari/537.36 Edg/142.0.0.0"
172.16.36.181 - - [24/Nov/2025:08:53:04 +0800] "GET /manager-page/api/snapshot.php?id=12&t=0.6303753594250218 HTTP/1.1" 200 36836 "http://192.168.60.79/manager-page/home-1.php" "Mozilla/5.0 (Windows NT 10.0; Win64; x64) AppleWebKit/537.36 (KHTML, like Gecko) Chrome/142.0.0.0 Safari/537.36 Edg/142.0.0.0"
172.16.36.181 - - [24/Nov/2025:08:53:09 +0800] "GET /manager-page/api/snapshot.php?id=12&t=0.6650043134213636 HTTP/1.1" 200 37123 "http://192.168.60.79/manager-page/home-1.php" "Mozilla/5.0 (Windows NT 10.0; Win64; x64) AppleWebKit/537.36 (KHTML, like Gecko) Chrome/142.0.0.0 Safari/537.36 Edg/142.0.0.0"
172.16.36.181 - - [24/Nov/2025:08:53:09 +0800] "GET /manager-page/api/snapshot.php?id=11&t=0.5457471515689728 HTTP/1.1" 200 32075 "http://192.168.60.79/manager-page/home-1.php" "Mozilla/5.0 (Windows NT 10.0; Win64; x64) AppleWebKit/537.36 (KHTML, like Gecko) Chrome/142.0.0.0 Safari/537.36 Edg/142.0.0.0"
172.16.36.181 - - [24/Nov/2025:08:53:14 +0800] "GET /manager-page/api/snapshot.php?id=11&t=0.370061933630245 HTTP/1.1" 200 32529 "http://192.168.60.79/manager-page/home-1.php" "Mozilla/5.0 (Windows NT 10.0; Win64; x64) AppleWebKit/537.36 (KHTML, like Gecko) Chrome/142.0.0.0 Safari/537.36 Edg/142.0.0.0"
172.16.36.181 - - [24/Nov/2025:08:53:14 +0800] "GET /manager-page/api/snapshot.php?id=12&t=0.32755895301537585 HTTP/1.1" 200 36774 "http://192.168.60.79/manager-page/home-1.php" "Mozilla/5.0 (Windows NT 10.0; Win64; x64) AppleWebKit/537.36 (KHTML, like Gecko) Chrome/142.0.0.0 Safari/537.36 Edg/142.0.0.0"
172.16.36.181 - - [24/Nov/2025:08:53:19 +0800] "GET /manager-page/api/snapshot.php?id=11&t=0.06044387916291116 HTTP/1.1" 200 32130 "http://192.168.60.79/manager-page/home-1.php" "Mozilla/5.0 (Windows NT 10.0; Win64; x64) AppleWebKit/537.36 (KHTML, like Gecko) Chrome/142.0.0.0 Safari/537.36 Edg/142.0.0.0"
172.16.36.181 - - [24/Nov/2025:08:53:19 +0800] "GET /manager-page/api/snapshot.php?id=12&t=0.21977441239991302 HTTP/1.1" 200 36706 "http://192.168.60.79/manager-page/home-1.php" "Mozilla/5.0 (Windows NT 10.0; Win64; x64) AppleWebKit/537.36 (KHTML, like Gecko) Chrome/142.0.0.0 Safari/537.36 Edg/142.0.0.0"
172.16.36.181 - - [24/Nov/2025:08:53:24 +0800] "GET /manager-page/api/snapshot.php?id=12&t=0.2390166571920762 HTTP/1.1" 200 36820 "http://192.168.60.79/manager-page/home-1.php" "Mozilla/5.0 (Windows NT 10.0; Win64; x64) AppleWebKit/537.36 (KHTML, like Gecko) Chrome/142.0.0.0 Safari/537.36 Edg/142.0.0.0"
172.16.36.181 - - [24/Nov/2025:08:53:24 +0800] "GET /manager-page/api/snapshot.php?id=11&t=0.06091883435528567 HTTP/1.1" 200 32509 "http://192.168.60.79/manager-page/home-1.php" "Mozilla/5.0 (Windows NT 10.0; Win64; x64) AppleWebKit/537.36 (KHTML, like Gecko) Chrome/142.0.0.0 Safari/537.36 Edg/142.0.0.0"
172.16.36.181 - - [24/Nov/2025:08:53:29 +0800] "GET /manager-page/api/snapshot.php?id=12&t=0.14439205681150002 HTTP/1.1" 200 36839 "http://192.168.60.79/manager-page/home-1.php" "Mozilla/5.0 (Windows NT 10.0; Win64; x64) AppleWebKit/537.36 (KHTML, like Gecko) Chrome/142.0.0.0 Safari/537.36 Edg/142.0.0.0"
172.16.36.181 - - [24/Nov/2025:08:53:29 +0800] "GET /manager-page/api/snapshot.php?id=11&t=0.27004533612122694 HTTP/1.1" 200 32090 "http://192.168.60.79/manager-page/home-1.php" "Mozilla/5.0 (Windows NT 10.0; Win64; x64) AppleWebKit/537.36 (KHTML, like Gecko) Chrome/142.0.0.0 Safari/537.36 Edg/142.0.0.0"
172.16.36.181 - - [24/Nov/2025:08:53:34 +0800] "GET /manager-page/api/snapshot.php?id=11&t=0.49726797575491255 HTTP/1.1" 200 32117 "http://192.168.60.79/manager-page/home-1.php" "Mozilla/5.0 (Windows NT 10.0; Win64; x64) AppleWebKit/537.36 (KHTML, like Gecko) Chrome/142.0.0.0 Safari/537.36 Edg/142.0.0.0"
172.16.36.181 - - [24/Nov/2025:08:53:34 +0800] "GET /manager-page/api/snapshot.php?id=12&t=0.0793264284521189 HTTP/1.1" 200 36897 "http://192.168.60.79/manager-page/home-1.php" "Mozilla/5.0 (Windows NT 10.0; Win64; x64) AppleWebKit/537.36 (KHTML, like Gecko) Chrome/142.0.0.0 Safari/537.36 Edg/142.0.0.0"
