127.0.0.1 - - [25/Sep/2025:10:42:00 +0800] "POST /robot/lora-in.php HTTP/1.1" 200 - "-" "python-requests/2.31.0"
127.0.0.1 - - [25/Sep/2025:10:42:10 +0800] "POST /robot/lora-in.php HTTP/1.1" 200 - "-" "python-requests/2.31.0"
127.0.0.1 - - [25/Sep/2025:10:42:19 +0800] "POST /robot/lora-in.php HTTP/1.1" 200 - "-" "python-requests/2.31.0"
127.0.0.1 - - [25/Sep/2025:10:43:00 +0800] "GET /robot/alarm-history-in.php HTTP/1.1" 200 - "-" "python-requests/2.28.1"
127.0.0.1 - - [25/Sep/2025:10:44:00 +0800] "GET /robot/alarm-history-in.php HTTP/1.1" 200 - "-" "python-requests/2.28.1"
111.70.30.251 - - [25/Sep/2025:10:44:32 +0800] "POST /robot/lora-in.php HTTP/1.1" 200 - "-" "python-requests/2.21.0"
127.0.0.1 - - [25/Sep/2025:10:45:00 +0800] "GET /robot/alarm-history-in.php HTTP/1.1" 200 - "-" "python-requests/2.28.1"
111.70.30.250 - - [25/Sep/2025:10:45:25 +0800] "POST /robot/lora-in.php HTTP/1.1" 200 - "-" "python-requests/2.21.0"
127.0.0.1 - - [25/Sep/2025:10:46:00 +0800] "GET /robot/alarm-history-in.php HTTP/1.1" 200 - "-" "python-requests/2.28.1"
111.70.30.252 - - [25/Sep/2025:10:46:42 +0800] "POST /robot/lora-in.php HTTP/1.1" 200 - "-" "python-requests/2.21.0"
127.0.0.1 - - [25/Sep/2025:10:47:00 +0800] "GET /robot/alarm-history-in.php HTTP/1.1" 200 - "-" "python-requests/2.28.1"
111.70.30.253 - - [25/Sep/2025:10:47:59 +0800] "POST /robot/lora-in.php HTTP/1.1" 200 - "-" "python-requests/2.21.0"
127.0.0.1 - - [25/Sep/2025:10:48:00 +0800] "GET /robot/alarm-history-in.php HTTP/1.1" 200 - "-" "python-requests/2.28.1"
127.0.0.1 - - [25/Sep/2025:10:49:00 +0800] "GET /robot/alarm-history-in.php HTTP/1.1" 200 - "-" "python-requests/2.28.1"
127.0.0.1 - - [25/Sep/2025:10:50:00 +0800] "GET /robot/alarm-history-in.php HTTP/1.1" 200 - "-" "python-requests/2.28.1"
172.16.36.181 - - [25/Sep/2025:10:50:00 +0800] "GET /manager-page/home-3.php HTTP/1.1" 302 - "-" "Mozilla/5.0 (Windows NT 10.0; Win64; x64) AppleWebKit/537.36 (KHTML, like Gecko) Chrome/140.0.0.0 Safari/537.36 Edg/140.0.0.0"
172.16.36.181 - - [25/Sep/2025:10:50:00 +0800] "GET /manager-page/login.php HTTP/1.1" 200 2365 "-" "Mozilla/5.0 (Windows NT 10.0; Win64; x64) AppleWebKit/537.36 (KHTML, like Gecko) Chrome/140.0.0.0 Safari/537.36 Edg/140.0.0.0"
172.16.36.181 - - [25/Sep/2025:10:50:01 +0800] "GET /favicon.ico HTTP/1.1" 404 196 "http://192.168.60.79/manager-page/login.php" "Mozilla/5.0 (Windows NT 10.0; Win64; x64) AppleWebKit/537.36 (KHTML, like Gecko) Chrome/140.0.0.0 Safari/537.36 Edg/140.0.0.0"
172.16.36.181 - - [25/Sep/2025:10:50:11 +0800] "POST /manager-page/login.php HTTP/1.1" 302 - "http://192.168.60.79/manager-page/login.php" "Mozilla/5.0 (Windows NT 10.0; Win64; x64) AppleWebKit/537.36 (KHTML, like Gecko) Chrome/140.0.0.0 Safari/537.36 Edg/140.0.0.0"
172.16.36.181 - - [25/Sep/2025:10:50:11 +0800] "GET /manager-page/home.php HTTP/1.1" 302 - "http://192.168.60.79/manager-page/login.php" "Mozilla/5.0 (Windows NT 10.0; Win64; x64) AppleWebKit/537.36 (KHTML, like Gecko) Chrome/140.0.0.0 Safari/537.36 Edg/140.0.0.0"
172.16.36.181 - - [25/Sep/2025:10:50:12 +0800] "GET /manager-page/alarm/1-2.jpg?t=682913172 HTTP/1.1" 200 495492 "http://192.168.60.79/manager-page/home-1.php" "Mozilla/5.0 (Windows NT 10.0; Win64; x64) AppleWebKit/537.36 (KHTML, like Gecko) Chrome/140.0.0.0 Safari/537.36 Edg/140.0.0.0"
172.16.36.181 - - [25/Sep/2025:10:50:12 +0800] "GET /manager-page/alarm/1-1.jpg?t=923068224 HTTP/1.1" 200 322868 "http://192.168.60.79/manager-page/home-1.php" "Mozilla/5.0 (Windows NT 10.0; Win64; x64) AppleWebKit/537.36 (KHTML, like Gecko) Chrome/140.0.0.0 Safari/537.36 Edg/140.0.0.0"
172.16.36.181 - - [25/Sep/2025:10:50:11 +0800] "GET /manager-page/home-1.php HTTP/1.1" 200 27473 "http://192.168.60.79/manager-page/login.php" "Mozilla/5.0 (Windows NT 10.0; Win64; x64) AppleWebKit/537.36 (KHTML, like Gecko) Chrome/140.0.0.0 Safari/537.36 Edg/140.0.0.0"
172.16.36.181 - - [25/Sep/2025:10:50:12 +0800] "GET /manager-page/api/snapshot.php?id=11 HTTP/1.1" 200 39639 "http://192.168.60.79/manager-page/home-1.php" "Mozilla/5.0 (Windows NT 10.0; Win64; x64) AppleWebKit/537.36 (KHTML, like Gecko) Chrome/140.0.0.0 Safari/537.36 Edg/140.0.0.0"
172.16.36.181 - - [25/Sep/2025:10:50:12 +0800] "GET /manager-page/api/snapshot.php?id=12 HTTP/1.1" 200 48866 "http://192.168.60.79/manager-page/home-1.php" "Mozilla/5.0 (Windows NT 10.0; Win64; x64) AppleWebKit/537.36 (KHTML, like Gecko) Chrome/140.0.0.0 Safari/537.36 Edg/140.0.0.0"
172.16.36.181 - - [25/Sep/2025:10:50:14 +0800] "GET /manager-page/api/cms-status1.php HTTP/1.1" 200 12 "http://192.168.60.79/manager-page/home-1.php" "Mozilla/5.0 (Windows NT 10.0; Win64; x64) AppleWebKit/537.36 (KHTML, like Gecko) Chrome/140.0.0.0 Safari/537.36 Edg/140.0.0.0"
172.16.36.181 - - [25/Sep/2025:10:50:14 +0800] "GET /manager-page/api/lp-status1.php HTTP/1.1" 200 1 "http://192.168.60.79/manager-page/home-1.php" "Mozilla/5.0 (Windows NT 10.0; Win64; x64) AppleWebKit/537.36 (KHTML, like Gecko) Chrome/140.0.0.0 Safari/537.36 Edg/140.0.0.0"
172.16.36.181 - - [25/Sep/2025:10:50:19 +0800] "GET /manager-page/api/snapshot.php?id=11&t=0.5532688889496229 HTTP/1.1" 200 39714 "http://192.168.60.79/manager-page/home-1.php" "Mozilla/5.0 (Windows NT 10.0; Win64; x64) AppleWebKit/537.36 (KHTML, like Gecko) Chrome/140.0.0.0 Safari/537.36 Edg/140.0.0.0"
172.16.36.181 - - [25/Sep/2025:10:50:19 +0800] "GET /manager-page/api/snapshot.php?id=12&t=0.33021095532504585 HTTP/1.1" 200 48879 "http://192.168.60.79/manager-page/home-1.php" "Mozilla/5.0 (Windows NT 10.0; Win64; x64) AppleWebKit/537.36 (KHTML, like Gecko) Chrome/140.0.0.0 Safari/537.36 Edg/140.0.0.0"
172.16.36.181 - - [25/Sep/2025:10:50:24 +0800] "GET /manager-page/api/snapshot.php?id=12&t=0.20567013398760614 HTTP/1.1" 200 48830 "http://192.168.60.79/manager-page/home-1.php" "Mozilla/5.0 (Windows NT 10.0; Win64; x64) AppleWebKit/537.36 (KHTML, like Gecko) Chrome/140.0.0.0 Safari/537.36 Edg/140.0.0.0"
172.16.36.181 - - [25/Sep/2025:10:50:24 +0800] "GET /manager-page/api/snapshot.php?id=11&t=0.25660307361137713 HTTP/1.1" 200 39784 "http://192.168.60.79/manager-page/home-1.php" "Mozilla/5.0 (Windows NT 10.0; Win64; x64) AppleWebKit/537.36 (KHTML, like Gecko) Chrome/140.0.0.0 Safari/537.36 Edg/140.0.0.0"
172.16.36.181 - - [25/Sep/2025:10:50:29 +0800] "GET /manager-page/api/snapshot.php?id=12&t=0.029032236062700334 HTTP/1.1" 200 48818 "http://192.168.60.79/manager-page/home-1.php" "Mozilla/5.0 (Windows NT 10.0; Win64; x64) AppleWebKit/537.36 (KHTML, like Gecko) Chrome/140.0.0.0 Safari/537.36 Edg/140.0.0.0"
172.16.36.181 - - [25/Sep/2025:10:50:29 +0800] "GET /manager-page/api/snapshot.php?id=11&t=0.2499658218212728 HTTP/1.1" 200 39637 "http://192.168.60.79/manager-page/home-1.php" "Mozilla/5.0 (Windows NT 10.0; Win64; x64) AppleWebKit/537.36 (KHTML, like Gecko) Chrome/140.0.0.0 Safari/537.36 Edg/140.0.0.0"
172.16.36.181 - - [25/Sep/2025:10:50:34 +0800] "GET /manager-page/api/snapshot.php?id=11&t=0.40230898486116806 HTTP/1.1" 200 39702 "http://192.168.60.79/manager-page/home-1.php" "Mozilla/5.0 (Windows NT 10.0; Win64; x64) AppleWebKit/537.36 (KHTML, like Gecko) Chrome/140.0.0.0 Safari/537.36 Edg/140.0.0.0"
172.16.36.181 - - [25/Sep/2025:10:50:34 +0800] "GET /manager-page/api/snapshot.php?id=12&t=0.7885574886127468 HTTP/1.1" 200 48848 "http://192.168.60.79/manager-page/home-1.php" "Mozilla/5.0 (Windows NT 10.0; Win64; x64) AppleWebKit/537.36 (KHTML, like Gecko) Chrome/140.0.0.0 Safari/537.36 Edg/140.0.0.0"
172.16.36.181 - - [25/Sep/2025:10:50:39 +0800] "GET /manager-page/api/snapshot.php?id=11&t=0.6474655917323158 HTTP/1.1" 200 39729 "http://192.168.60.79/manager-page/home-1.php" "Mozilla/5.0 (Windows NT 10.0; Win64; x64) AppleWebKit/537.36 (KHTML, like Gecko) Chrome/140.0.0.0 Safari/537.36 Edg/140.0.0.0"
172.16.36.181 - - [25/Sep/2025:10:50:39 +0800] "GET /manager-page/api/snapshot.php?id=12&t=0.9360207931632686 HTTP/1.1" 200 48876 "http://192.168.60.79/manager-page/home-1.php" "Mozilla/5.0 (Windows NT 10.0; Win64; x64) AppleWebKit/537.36 (KHTML, like Gecko) Chrome/140.0.0.0 Safari/537.36 Edg/140.0.0.0"
172.16.36.181 - - [25/Sep/2025:10:50:44 +0800] "GET /manager-page/api/snapshot.php?id=11&t=0.45464435137721515 HTTP/1.1" 200 39758 "http://192.168.60.79/manager-page/home-1.php" "Mozilla/5.0 (Windows NT 10.0; Win64; x64) AppleWebKit/537.36 (KHTML, like Gecko) Chrome/140.0.0.0 Safari/537.36 Edg/140.0.0.0"
172.16.36.181 - - [25/Sep/2025:10:50:44 +0800] "GET /manager-page/api/snapshot.php?id=12&t=0.9930249926586776 HTTP/1.1" 200 48906 "http://192.168.60.79/manager-page/home-1.php" "Mozilla/5.0 (Windows NT 10.0; Win64; x64) AppleWebKit/537.36 (KHTML, like Gecko) Chrome/140.0.0.0 Safari/537.36 Edg/140.0.0.0"
172.16.36.181 - - [25/Sep/2025:10:50:49 +0800] "GET /manager-page/api/snapshot.php?id=12&t=0.5148505277711026 HTTP/1.1" 200 49097 "http://192.168.60.79/manager-page/home-1.php" "Mozilla/5.0 (Windows NT 10.0; Win64; x64) AppleWebKit/537.36 (KHTML, like Gecko) Chrome/140.0.0.0 Safari/537.36 Edg/140.0.0.0"
172.16.36.181 - - [25/Sep/2025:10:50:49 +0800] "GET /manager-page/api/snapshot.php?id=11&t=0.23618730443548086 HTTP/1.1" 200 40349 "http://192.168.60.79/manager-page/home-1.php" "Mozilla/5.0 (Windows NT 10.0; Win64; x64) AppleWebKit/537.36 (KHTML, like Gecko) Chrome/140.0.0.0 Safari/537.36 Edg/140.0.0.0"
172.16.36.181 - - [25/Sep/2025:10:50:54 +0800] "GET /manager-page/api/snapshot.php?id=11&t=0.4515924212176652 HTTP/1.1" 200 39718 "http://192.168.60.79/manager-page/home-1.php" "Mozilla/5.0 (Windows NT 10.0; Win64; x64) AppleWebKit/537.36 (KHTML, like Gecko) Chrome/140.0.0.0 Safari/537.36 Edg/140.0.0.0"
172.16.36.181 - - [25/Sep/2025:10:50:54 +0800] "GET /manager-page/api/snapshot.php?id=12&t=0.7666187528955765 HTTP/1.1" 200 49635 "http://192.168.60.79/manager-page/home-1.php" "Mozilla/5.0 (Windows NT 10.0; Win64; x64) AppleWebKit/537.36 (KHTML, like Gecko) Chrome/140.0.0.0 Safari/537.36 Edg/140.0.0.0"
172.16.36.181 - - [25/Sep/2025:10:50:59 +0800] "GET /manager-page/api/snapshot.php?id=12&t=0.13599784955609606 HTTP/1.1" 200 48820 "http://192.168.60.79/manager-page/home-1.php" "Mozilla/5.0 (Windows NT 10.0; Win64; x64) AppleWebKit/537.36 (KHTML, like Gecko) Chrome/140.0.0.0 Safari/537.36 Edg/140.0.0.0"
172.16.36.181 - - [25/Sep/2025:10:50:59 +0800] "GET /manager-page/api/snapshot.php?id=11&t=0.2520157058587369 HTTP/1.1" 200 39599 "http://192.168.60.79/manager-page/home-1.php" "Mozilla/5.0 (Windows NT 10.0; Win64; x64) AppleWebKit/537.36 (KHTML, like Gecko) Chrome/140.0.0.0 Safari/537.36 Edg/140.0.0.0"
127.0.0.1 - - [25/Sep/2025:10:51:00 +0800] "GET /robot/alarm-history-in.php HTTP/1.1" 200 - "-" "python-requests/2.28.1"
172.16.36.181 - - [25/Sep/2025:10:51:04 +0800] "GET /manager-page/api/snapshot.php?id=11&t=0.0047649608107979136 HTTP/1.1" 200 39541 "http://192.168.60.79/manager-page/home-1.php" "Mozilla/5.0 (Windows NT 10.0; Win64; x64) AppleWebKit/537.36 (KHTML, like Gecko) Chrome/140.0.0.0 Safari/537.36 Edg/140.0.0.0"
172.16.36.181 - - [25/Sep/2025:10:51:04 +0800] "GET /manager-page/api/snapshot.php?id=12&t=0.31755571935311333 HTTP/1.1" 200 48819 "http://192.168.60.79/manager-page/home-1.php" "Mozilla/5.0 (Windows NT 10.0; Win64; x64) AppleWebKit/537.36 (KHTML, like Gecko) Chrome/140.0.0.0 Safari/537.36 Edg/140.0.0.0"
172.16.36.181 - - [25/Sep/2025:10:51:09 +0800] "GET /manager-page/api/snapshot.php?id=11&t=0.24098580226203714 HTTP/1.1" 200 39949 "http://192.168.60.79/manager-page/home-1.php" "Mozilla/5.0 (Windows NT 10.0; Win64; x64) AppleWebKit/537.36 (KHTML, like Gecko) Chrome/140.0.0.0 Safari/537.36 Edg/140.0.0.0"
172.16.36.181 - - [25/Sep/2025:10:51:09 +0800] "GET /manager-page/api/snapshot.php?id=12&t=0.06269353486813645 HTTP/1.1" 200 49009 "http://192.168.60.79/manager-page/home-1.php" "Mozilla/5.0 (Windows NT 10.0; Win64; x64) AppleWebKit/537.36 (KHTML, like Gecko) Chrome/140.0.0.0 Safari/537.36 Edg/140.0.0.0"
172.16.36.181 - - [25/Sep/2025:10:51:14 +0800] "GET /manager-page/api/snapshot.php?id=12&t=0.9637085784437058 HTTP/1.1" 200 49252 "http://192.168.60.79/manager-page/home-1.php" "Mozilla/5.0 (Windows NT 10.0; Win64; x64) AppleWebKit/537.36 (KHTML, like Gecko) Chrome/140.0.0.0 Safari/537.36 Edg/140.0.0.0"
172.16.36.181 - - [25/Sep/2025:10:51:14 +0800] "GET /manager-page/api/snapshot.php?id=11&t=0.6059014455565658 HTTP/1.1" 200 39681 "http://192.168.60.79/manager-page/home-1.php" "Mozilla/5.0 (Windows NT 10.0; Win64; x64) AppleWebKit/537.36 (KHTML, like Gecko) Chrome/140.0.0.0 Safari/537.36 Edg/140.0.0.0"
172.16.36.181 - - [25/Sep/2025:10:51:19 +0800] "GET /manager-page/api/snapshot.php?id=12&t=0.4930224067645981 HTTP/1.1" 200 48885 "http://192.168.60.79/manager-page/home-1.php" "Mozilla/5.0 (Windows NT 10.0; Win64; x64) AppleWebKit/537.36 (KHTML, like Gecko) Chrome/140.0.0.0 Safari/537.36 Edg/140.0.0.0"
172.16.36.181 - - [25/Sep/2025:10:51:19 +0800] "GET /manager-page/api/snapshot.php?id=11&t=0.23481253614110542 HTTP/1.1" 200 39807 "http://192.168.60.79/manager-page/home-1.php" "Mozilla/5.0 (Windows NT 10.0; Win64; x64) AppleWebKit/537.36 (KHTML, like Gecko) Chrome/140.0.0.0 Safari/537.36 Edg/140.0.0.0"
172.16.36.181 - - [25/Sep/2025:10:51:24 +0800] "GET /manager-page/api/snapshot.php?id=11&t=0.5905668535367099 HTTP/1.1" 200 39931 "http://192.168.60.79/manager-page/home-1.php" "Mozilla/5.0 (Windows NT 10.0; Win64; x64) AppleWebKit/537.36 (KHTML, like Gecko) Chrome/140.0.0.0 Safari/537.36 Edg/140.0.0.0"
172.16.36.181 - - [25/Sep/2025:10:51:24 +0800] "GET /manager-page/api/snapshot.php?id=12&t=0.13775513058189393 HTTP/1.1" 200 49092 "http://192.168.60.79/manager-page/home-1.php" "Mozilla/5.0 (Windows NT 10.0; Win64; x64) AppleWebKit/537.36 (KHTML, like Gecko) Chrome/140.0.0.0 Safari/537.36 Edg/140.0.0.0"
127.0.0.1 - - [25/Sep/2025:10:51:28 +0800] "GET /get-setting.json HTTP/1.1" 200 2314 "-" "python-requests/2.31.0"
127.0.0.1 - - [25/Sep/2025:10:51:28 +0800] "POST /robot/lora-in.php HTTP/1.1" 200 - "-" "python-requests/2.31.0"
127.0.0.1 - - [25/Sep/2025:10:51:29 +0800] "POST /robot/et-7026-in.php HTTP/1.1" 200 - "-" "python-requests/2.32.2"
172.16.36.181 - - [25/Sep/2025:10:51:29 +0800] "GET /manager-page/api/snapshot.php?id=11&t=0.28108584303470174 HTTP/1.1" 200 40599 "http://192.168.60.79/manager-page/home-1.php" "Mozilla/5.0 (Windows NT 10.0; Win64; x64) AppleWebKit/537.36 (KHTML, like Gecko) Chrome/140.0.0.0 Safari/537.36 Edg/140.0.0.0"
127.0.0.1 - - [25/Sep/2025:10:51:29 +0800] "POST /robot/et-7026-in.php HTTP/1.1" 200 - "-" "python-requests/2.32.2"
172.16.36.181 - - [25/Sep/2025:10:51:29 +0800] "GET /manager-page/api/snapshot.php?id=12&t=0.5452524345079005 HTTP/1.1" 200 48673 "http://192.168.60.79/manager-page/home-1.php" "Mozilla/5.0 (Windows NT 10.0; Win64; x64) AppleWebKit/537.36 (KHTML, like Gecko) Chrome/140.0.0.0 Safari/537.36 Edg/140.0.0.0"
127.0.0.1 - - [25/Sep/2025:10:51:31 +0800] "POST /robot/et-7026-in.php HTTP/1.1" 200 - "-" "python-requests/2.32.2"
127.0.0.1 - - [25/Sep/2025:10:51:33 +0800] "POST /robot/lora-in.php HTTP/1.1" 200 - "-" "python-requests/2.31.0"
172.16.36.181 - - [25/Sep/2025:10:51:34 +0800] "GET /manager-page/api/snapshot.php?id=11&t=0.22427653756106558 HTTP/1.1" 200 39532 "http://192.168.60.79/manager-page/home-1.php" "Mozilla/5.0 (Windows NT 10.0; Win64; x64) AppleWebKit/537.36 (KHTML, like Gecko) Chrome/140.0.0.0 Safari/537.36 Edg/140.0.0.0"
172.16.36.181 - - [25/Sep/2025:10:51:34 +0800] "GET /manager-page/api/snapshot.php?id=12&t=0.2547242584592242 HTTP/1.1" 200 48643 "http://192.168.60.79/manager-page/home-1.php" "Mozilla/5.0 (Windows NT 10.0; Win64; x64) AppleWebKit/537.36 (KHTML, like Gecko) Chrome/140.0.0.0 Safari/537.36 Edg/140.0.0.0"
127.0.0.1 - - [25/Sep/2025:10:51:37 +0800] "POST /robot/lora-in.php HTTP/1.1" 200 - "-" "python-requests/2.31.0"
172.16.36.181 - - [25/Sep/2025:10:51:39 +0800] "GET /manager-page/api/snapshot.php?id=12&t=0.44330824895112686 HTTP/1.1" 200 48641 "http://192.168.60.79/manager-page/home-1.php" "Mozilla/5.0 (Windows NT 10.0; Win64; x64) AppleWebKit/537.36 (KHTML, like Gecko) Chrome/140.0.0.0 Safari/537.36 Edg/140.0.0.0"
172.16.36.181 - - [25/Sep/2025:10:51:39 +0800] "GET /manager-page/api/snapshot.php?id=11&t=0.18720142156944497 HTTP/1.1" 200 39551 "http://192.168.60.79/manager-page/home-1.php" "Mozilla/5.0 (Windows NT 10.0; Win64; x64) AppleWebKit/537.36 (KHTML, like Gecko) Chrome/140.0.0.0 Safari/537.36 Edg/140.0.0.0"
127.0.0.1 - - [25/Sep/2025:10:51:44 +0800] "POST /robot/lora-in.php HTTP/1.1" 200 - "-" "python-requests/2.31.0"
172.16.36.181 - - [25/Sep/2025:10:51:44 +0800] "GET /manager-page/api/snapshot.php?id=11&t=0.10051349139330967 HTTP/1.1" 200 39586 "http://192.168.60.79/manager-page/home-1.php" "Mozilla/5.0 (Windows NT 10.0; Win64; x64) AppleWebKit/537.36 (KHTML, like Gecko) Chrome/140.0.0.0 Safari/537.36 Edg/140.0.0.0"
127.0.0.1 - - [25/Sep/2025:10:51:45 +0800] "POST /robot/et-7026-in.php HTTP/1.1" 200 - "-" "python-requests/2.32.2"
172.16.36.181 - - [25/Sep/2025:10:51:44 +0800] "GET /manager-page/api/snapshot.php?id=12&t=0.20438460846593232 HTTP/1.1" 200 48714 "http://192.168.60.79/manager-page/home-1.php" "Mozilla/5.0 (Windows NT 10.0; Win64; x64) AppleWebKit/537.36 (KHTML, like Gecko) Chrome/140.0.0.0 Safari/537.36 Edg/140.0.0.0"
172.16.36.181 - - [25/Sep/2025:10:51:49 +0800] "GET /manager-page/api/snapshot.php?id=12&t=0.2507508649419151 HTTP/1.1" 200 49238 "http://192.168.60.79/manager-page/home-1.php" "Mozilla/5.0 (Windows NT 10.0; Win64; x64) AppleWebKit/537.36 (KHTML, like Gecko) Chrome/140.0.0.0 Safari/537.36 Edg/140.0.0.0"
172.16.36.181 - - [25/Sep/2025:10:51:49 +0800] "GET /manager-page/api/snapshot.php?id=11&t=0.7589799089571092 HTTP/1.1" 200 39626 "http://192.168.60.79/manager-page/home-1.php" "Mozilla/5.0 (Windows NT 10.0; Win64; x64) AppleWebKit/537.36 (KHTML, like Gecko) Chrome/140.0.0.0 Safari/537.36 Edg/140.0.0.0"
127.0.0.1 - - [25/Sep/2025:10:51:50 +0800] "POST /robot/lora-in.php HTTP/1.1" 200 - "-" "python-requests/2.31.0"
172.16.36.181 - - [25/Sep/2025:10:51:54 +0800] "GET /manager-page/api/snapshot.php?id=11&t=0.7039058461356968 HTTP/1.1" 200 40193 "http://192.168.60.79/manager-page/home-1.php" "Mozilla/5.0 (Windows NT 10.0; Win64; x64) AppleWebKit/537.36 (KHTML, like Gecko) Chrome/140.0.0.0 Safari/537.36 Edg/140.0.0.0"
172.16.36.181 - - [25/Sep/2025:10:51:54 +0800] "GET /manager-page/api/snapshot.php?id=12&t=0.34785982084432343 HTTP/1.1" 200 48691 "http://192.168.60.79/manager-page/home-1.php" "Mozilla/5.0 (Windows NT 10.0; Win64; x64) AppleWebKit/537.36 (KHTML, like Gecko) Chrome/140.0.0.0 Safari/537.36 Edg/140.0.0.0"
127.0.0.1 - - [25/Sep/2025:10:51:57 +0800] "POST /robot/lora-in.php HTTP/1.1" 200 - "-" "python-requests/2.31.0"
172.16.36.181 - - [25/Sep/2025:10:51:59 +0800] "GET /manager-page/api/snapshot.php?id=11&t=0.48622734159181824 HTTP/1.1" 200 39786 "http://192.168.60.79/manager-page/home-1.php" "Mozilla/5.0 (Windows NT 10.0; Win64; x64) AppleWebKit/537.36 (KHTML, like Gecko) Chrome/140.0.0.0 Safari/537.36 Edg/140.0.0.0"
172.16.36.181 - - [25/Sep/2025:10:51:59 +0800] "GET /manager-page/api/snapshot.php?id=12&t=0.8733849501623407 HTTP/1.1" 200 48769 "http://192.168.60.79/manager-page/home-1.php" "Mozilla/5.0 (Windows NT 10.0; Win64; x64) AppleWebKit/537.36 (KHTML, like Gecko) Chrome/140.0.0.0 Safari/537.36 Edg/140.0.0.0"
127.0.0.1 - - [25/Sep/2025:10:52:01 +0800] "POST /robot/lora-in.php HTTP/1.1" 200 - "-" "python-requests/2.31.0"
172.16.36.181 - - [25/Sep/2025:10:52:04 +0800] "GET /manager-page/api/snapshot.php?id=12&t=0.15079481177733212 HTTP/1.1" 200 48876 "http://192.168.60.79/manager-page/home-1.php" "Mozilla/5.0 (Windows NT 10.0; Win64; x64) AppleWebKit/537.36 (KHTML, like Gecko) Chrome/140.0.0.0 Safari/537.36 Edg/140.0.0.0"
172.16.36.181 - - [25/Sep/2025:10:52:04 +0800] "GET /manager-page/api/snapshot.php?id=11&t=0.41190705197674404 HTTP/1.1" 200 39793 "http://192.168.60.79/manager-page/home-1.php" "Mozilla/5.0 (Windows NT 10.0; Win64; x64) AppleWebKit/537.36 (KHTML, like Gecko) Chrome/140.0.0.0 Safari/537.36 Edg/140.0.0.0"
172.16.36.181 - - [25/Sep/2025:10:52:09 +0800] "GET /manager-page/api/snapshot.php?id=12&t=0.724144571183335 HTTP/1.1" 200 48365 "http://192.168.60.79/manager-page/home-1.php" "Mozilla/5.0 (Windows NT 10.0; Win64; x64) AppleWebKit/537.36 (KHTML, like Gecko) Chrome/140.0.0.0 Safari/537.36 Edg/140.0.0.0"
172.16.36.181 - - [25/Sep/2025:10:52:09 +0800] "GET /manager-page/api/snapshot.php?id=11&t=0.43207790025245907 HTTP/1.1" 200 39891 "http://192.168.60.79/manager-page/home-1.php" "Mozilla/5.0 (Windows NT 10.0; Win64; x64) AppleWebKit/537.36 (KHTML, like Gecko) Chrome/140.0.0.0 Safari/537.36 Edg/140.0.0.0"
127.0.0.1 - - [25/Sep/2025:10:52:11 +0800] "POST /robot/lora-in.php HTTP/1.1" 200 - "-" "python-requests/2.31.0"
172.16.36.181 - - [25/Sep/2025:10:52:14 +0800] "GET /manager-page/api/snapshot.php?id=11&t=0.639237458047053 HTTP/1.1" 200 39850 "http://192.168.60.79/manager-page/home-1.php" "Mozilla/5.0 (Windows NT 10.0; Win64; x64) AppleWebKit/537.36 (KHTML, like Gecko) Chrome/140.0.0.0 Safari/537.36 Edg/140.0.0.0"
172.16.36.181 - - [25/Sep/2025:10:52:14 +0800] "GET /manager-page/api/snapshot.php?id=12&t=0.18631770716103913 HTTP/1.1" 200 48653 "http://192.168.60.79/manager-page/home-1.php" "Mozilla/5.0 (Windows NT 10.0; Win64; x64) AppleWebKit/537.36 (KHTML, like Gecko) Chrome/140.0.0.0 Safari/537.36 Edg/140.0.0.0"
172.16.36.181 - - [25/Sep/2025:10:52:19 +0800] "GET /manager-page/api/snapshot.php?id=12&t=0.46055683668915703 HTTP/1.1" 200 48774 "http://192.168.60.79/manager-page/home-1.php" "Mozilla/5.0 (Windows NT 10.0; Win64; x64) AppleWebKit/537.36 (KHTML, like Gecko) Chrome/140.0.0.0 Safari/537.36 Edg/140.0.0.0"
172.16.36.181 - - [25/Sep/2025:10:52:19 +0800] "GET /manager-page/api/snapshot.php?id=11&t=0.5999512772572946 HTTP/1.1" 200 39958 "http://192.168.60.79/manager-page/home-1.php" "Mozilla/5.0 (Windows NT 10.0; Win64; x64) AppleWebKit/537.36 (KHTML, like Gecko) Chrome/140.0.0.0 Safari/537.36 Edg/140.0.0.0"
172.16.36.181 - - [25/Sep/2025:10:52:24 +0800] "GET /manager-page/api/snapshot.php?id=11&t=0.9519891886821178 HTTP/1.1" 200 39978 "http://192.168.60.79/manager-page/home-1.php" "Mozilla/5.0 (Windows NT 10.0; Win64; x64) AppleWebKit/537.36 (KHTML, like Gecko) Chrome/140.0.0.0 Safari/537.36 Edg/140.0.0.0"
172.16.36.181 - - [25/Sep/2025:10:52:24 +0800] "GET /manager-page/api/snapshot.php?id=12&t=0.7527159782532644 HTTP/1.1" 200 48730 "http://192.168.60.79/manager-page/home-1.php" "Mozilla/5.0 (Windows NT 10.0; Win64; x64) AppleWebKit/537.36 (KHTML, like Gecko) Chrome/140.0.0.0 Safari/537.36 Edg/140.0.0.0"
172.16.36.181 - - [25/Sep/2025:10:52:29 +0800] "GET /manager-page/api/snapshot.php?id=12&t=0.18899958367454883 HTTP/1.1" 200 48812 "http://192.168.60.79/manager-page/home-1.php" "Mozilla/5.0 (Windows NT 10.0; Win64; x64) AppleWebKit/537.36 (KHTML, like Gecko) Chrome/140.0.0.0 Safari/537.36 Edg/140.0.0.0"
172.16.36.181 - - [25/Sep/2025:10:52:29 +0800] "GET /manager-page/api/snapshot.php?id=11&t=0.6082903932485544 HTTP/1.1" 200 40233 "http://192.168.60.79/manager-page/home-1.php" "Mozilla/5.0 (Windows NT 10.0; Win64; x64) AppleWebKit/537.36 (KHTML, like Gecko) Chrome/140.0.0.0 Safari/537.36 Edg/140.0.0.0"
172.16.36.181 - - [25/Sep/2025:10:52:34 +0800] "GET /manager-page/api/snapshot.php?id=11&t=0.31304621508971 HTTP/1.1" 200 40077 "http://192.168.60.79/manager-page/home-1.php" "Mozilla/5.0 (Windows NT 10.0; Win64; x64) AppleWebKit/537.36 (KHTML, like Gecko) Chrome/140.0.0.0 Safari/537.36 Edg/140.0.0.0"
172.16.36.181 - - [25/Sep/2025:10:52:34 +0800] "GET /manager-page/api/snapshot.php?id=12&t=0.46500850808559746 HTTP/1.1" 200 48749 "http://192.168.60.79/manager-page/home-1.php" "Mozilla/5.0 (Windows NT 10.0; Win64; x64) AppleWebKit/537.36 (KHTML, like Gecko) Chrome/140.0.0.0 Safari/537.36 Edg/140.0.0.0"
172.16.36.181 - - [25/Sep/2025:10:52:39 +0800] "GET /manager-page/api/snapshot.php?id=12&t=0.7800358746931985 HTTP/1.1" 200 48638 "http://192.168.60.79/manager-page/home-1.php" "Mozilla/5.0 (Windows NT 10.0; Win64; x64) AppleWebKit/537.36 (KHTML, like Gecko) Chrome/140.0.0.0 Safari/537.36 Edg/140.0.0.0"
172.16.36.181 - - [25/Sep/2025:10:52:39 +0800] "GET /manager-page/api/snapshot.php?id=11&t=0.6151597175377158 HTTP/1.1" 200 40122 "http://192.168.60.79/manager-page/home-1.php" "Mozilla/5.0 (Windows NT 10.0; Win64; x64) AppleWebKit/537.36 (KHTML, like Gecko) Chrome/140.0.0.0 Safari/537.36 Edg/140.0.0.0"
172.16.36.181 - - [25/Sep/2025:10:52:44 +0800] "GET /manager-page/api/snapshot.php?id=12&t=0.41787765833939094 HTTP/1.1" 200 48736 "http://192.168.60.79/manager-page/home-1.php" "Mozilla/5.0 (Windows NT 10.0; Win64; x64) AppleWebKit/537.36 (KHTML, like Gecko) Chrome/140.0.0.0 Safari/537.36 Edg/140.0.0.0"
172.16.36.181 - - [25/Sep/2025:10:52:44 +0800] "GET /manager-page/api/snapshot.php?id=11&t=0.4509244159063439 HTTP/1.1" 200 40100 "http://192.168.60.79/manager-page/home-1.php" "Mozilla/5.0 (Windows NT 10.0; Win64; x64) AppleWebKit/537.36 (KHTML, like Gecko) Chrome/140.0.0.0 Safari/537.36 Edg/140.0.0.0"
172.16.36.181 - - [25/Sep/2025:10:52:49 +0800] "GET /manager-page/api/snapshot.php?id=12&t=0.5421941288311258 HTTP/1.1" 200 48801 "http://192.168.60.79/manager-page/home-1.php" "Mozilla/5.0 (Windows NT 10.0; Win64; x64) AppleWebKit/537.36 (KHTML, like Gecko) Chrome/140.0.0.0 Safari/537.36 Edg/140.0.0.0"
172.16.36.181 - - [25/Sep/2025:10:52:49 +0800] "GET /manager-page/api/snapshot.php?id=11&t=0.8809151612629534 HTTP/1.1" 200 40058 "http://192.168.60.79/manager-page/home-1.php" "Mozilla/5.0 (Windows NT 10.0; Win64; x64) AppleWebKit/537.36 (KHTML, like Gecko) Chrome/140.0.0.0 Safari/537.36 Edg/140.0.0.0"
172.16.36.181 - - [25/Sep/2025:10:52:54 +0800] "GET /manager-page/api/snapshot.php?id=12&t=0.7426299447446835 HTTP/1.1" 200 48774 "http://192.168.60.79/manager-page/home-1.php" "Mozilla/5.0 (Windows NT 10.0; Win64; x64) AppleWebKit/537.36 (KHTML, like Gecko) Chrome/140.0.0.0 Safari/537.36 Edg/140.0.0.0"
172.16.36.181 - - [25/Sep/2025:10:52:54 +0800] "GET /manager-page/api/snapshot.php?id=11&t=0.7753854604398439 HTTP/1.1" 200 40117 "http://192.168.60.79/manager-page/home-1.php" "Mozilla/5.0 (Windows NT 10.0; Win64; x64) AppleWebKit/537.36 (KHTML, like Gecko) Chrome/140.0.0.0 Safari/537.36 Edg/140.0.0.0"
172.16.36.181 - - [25/Sep/2025:10:52:59 +0800] "GET /manager-page/api/snapshot.php?id=12&t=0.132559090467412 HTTP/1.1" 200 48826 "http://192.168.60.79/manager-page/home-1.php" "Mozilla/5.0 (Windows NT 10.0; Win64; x64) AppleWebKit/537.36 (KHTML, like Gecko) Chrome/140.0.0.0 Safari/537.36 Edg/140.0.0.0"
172.16.36.181 - - [25/Sep/2025:10:52:59 +0800] "GET /manager-page/api/snapshot.php?id=11&t=0.6284141274798362 HTTP/1.1" 200 40222 "http://192.168.60.79/manager-page/home-1.php" "Mozilla/5.0 (Windows NT 10.0; Win64; x64) AppleWebKit/537.36 (KHTML, like Gecko) Chrome/140.0.0.0 Safari/537.36 Edg/140.0.0.0"
172.16.36.181 - - [25/Sep/2025:10:53:04 +0800] "GET /manager-page/api/snapshot.php?id=11&t=0.6407184774120307 HTTP/1.1" 200 40133 "http://192.168.60.79/manager-page/home-1.php" "Mozilla/5.0 (Windows NT 10.0; Win64; x64) AppleWebKit/537.36 (KHTML, like Gecko) Chrome/140.0.0.0 Safari/537.36 Edg/140.0.0.0"
172.16.36.181 - - [25/Sep/2025:10:53:04 +0800] "GET /manager-page/api/snapshot.php?id=12&t=0.4543558292674492 HTTP/1.1" 200 48998 "http://192.168.60.79/manager-page/home-1.php" "Mozilla/5.0 (Windows NT 10.0; Win64; x64) AppleWebKit/537.36 (KHTML, like Gecko) Chrome/140.0.0.0 Safari/537.36 Edg/140.0.0.0"
111.70.30.251 - - [25/Sep/2025:10:53:07 +0800] "POST /robot/lora-in.php HTTP/1.1" 200 - "-" "python-requests/2.21.0"
172.16.36.181 - - [25/Sep/2025:10:53:09 +0800] "GET /manager-page/api/snapshot.php?id=11&t=0.49623914778822176 HTTP/1.1" 200 41243 "http://192.168.60.79/manager-page/home-1.php" "Mozilla/5.0 (Windows NT 10.0; Win64; x64) AppleWebKit/537.36 (KHTML, like Gecko) Chrome/140.0.0.0 Safari/537.36 Edg/140.0.0.0"
172.16.36.181 - - [25/Sep/2025:10:53:09 +0800] "GET /manager-page/api/snapshot.php?id=12&t=0.8093424757975819 HTTP/1.1" 200 49050 "http://192.168.60.79/manager-page/home-1.php" "Mozilla/5.0 (Windows NT 10.0; Win64; x64) AppleWebKit/537.36 (KHTML, like Gecko) Chrome/140.0.0.0 Safari/537.36 Edg/140.0.0.0"
172.16.36.181 - - [25/Sep/2025:10:53:14 +0800] "GET /manager-page/api/snapshot.php?id=11&t=0.8090829248990304 HTTP/1.1" 200 41773 "http://192.168.60.79/manager-page/home-1.php" "Mozilla/5.0 (Windows NT 10.0; Win64; x64) AppleWebKit/537.36 (KHTML, like Gecko) Chrome/140.0.0.0 Safari/537.36 Edg/140.0.0.0"
172.16.36.181 - - [25/Sep/2025:10:53:14 +0800] "GET /manager-page/api/snapshot.php?id=12&t=0.7390780137596394 HTTP/1.1" 200 48697 "http://192.168.60.79/manager-page/home-1.php" "Mozilla/5.0 (Windows NT 10.0; Win64; x64) AppleWebKit/537.36 (KHTML, like Gecko) Chrome/140.0.0.0 Safari/537.36 Edg/140.0.0.0"
172.16.36.181 - - [25/Sep/2025:10:53:19 +0800] "GET /manager-page/api/snapshot.php?id=11&t=0.42172659648763444 HTTP/1.1" 200 40125 "http://192.168.60.79/manager-page/home-1.php" "Mozilla/5.0 (Windows NT 10.0; Win64; x64) AppleWebKit/537.36 (KHTML, like Gecko) Chrome/140.0.0.0 Safari/537.36 Edg/140.0.0.0"
172.16.36.181 - - [25/Sep/2025:10:53:19 +0800] "GET /manager-page/api/snapshot.php?id=12&t=0.6934347633631076 HTTP/1.1" 200 48754 "http://192.168.60.79/manager-page/home-1.php" "Mozilla/5.0 (Windows NT 10.0; Win64; x64) AppleWebKit/537.36 (KHTML, like Gecko) Chrome/140.0.0.0 Safari/537.36 Edg/140.0.0.0"
172.16.36.181 - - [25/Sep/2025:10:53:24 +0800] "GET /manager-page/api/snapshot.php?id=11&t=0.11343500366052972 HTTP/1.1" 200 40101 "http://192.168.60.79/manager-page/home-1.php" "Mozilla/5.0 (Windows NT 10.0; Win64; x64) AppleWebKit/537.36 (KHTML, like Gecko) Chrome/140.0.0.0 Safari/537.36 Edg/140.0.0.0"
172.16.36.181 - - [25/Sep/2025:10:53:24 +0800] "GET /manager-page/api/snapshot.php?id=12&t=0.3358205526435607 HTTP/1.1" 200 48834 "http://192.168.60.79/manager-page/home-1.php" "Mozilla/5.0 (Windows NT 10.0; Win64; x64) AppleWebKit/537.36 (KHTML, like Gecko) Chrome/140.0.0.0 Safari/537.36 Edg/140.0.0.0"
172.16.36.181 - - [25/Sep/2025:10:53:29 +0800] "GET /manager-page/api/snapshot.php?id=12&t=0.535494269534325 HTTP/1.1" 200 48798 "http://192.168.60.79/manager-page/home-1.php" "Mozilla/5.0 (Windows NT 10.0; Win64; x64) AppleWebKit/537.36 (KHTML, like Gecko) Chrome/140.0.0.0 Safari/537.36 Edg/140.0.0.0"
172.16.36.181 - - [25/Sep/2025:10:53:29 +0800] "GET /manager-page/api/snapshot.php?id=11&t=0.3730814566081778 HTTP/1.1" 200 40239 "http://192.168.60.79/manager-page/home-1.php" "Mozilla/5.0 (Windows NT 10.0; Win64; x64) AppleWebKit/537.36 (KHTML, like Gecko) Chrome/140.0.0.0 Safari/537.36 Edg/140.0.0.0"
172.16.36.181 - - [25/Sep/2025:10:53:34 +0800] "GET /manager-page/api/snapshot.php?id=12&t=0.24171267183143663 HTTP/1.1" 200 48764 "http://192.168.60.79/manager-page/home-1.php" "Mozilla/5.0 (Windows NT 10.0; Win64; x64) AppleWebKit/537.36 (KHTML, like Gecko) Chrome/140.0.0.0 Safari/537.36 Edg/140.0.0.0"
172.16.36.181 - - [25/Sep/2025:10:53:34 +0800] "GET /manager-page/api/snapshot.php?id=11&t=0.4324193858319716 HTTP/1.1" 200 40235 "http://192.168.60.79/manager-page/home-1.php" "Mozilla/5.0 (Windows NT 10.0; Win64; x64) AppleWebKit/537.36 (KHTML, like Gecko) Chrome/140.0.0.0 Safari/537.36 Edg/140.0.0.0"
172.16.36.181 - - [25/Sep/2025:10:53:39 +0800] "GET /manager-page/api/snapshot.php?id=12&t=0.2740924753411247 HTTP/1.1" 200 48945 "http://192.168.60.79/manager-page/home-1.php" "Mozilla/5.0 (Windows NT 10.0; Win64; x64) AppleWebKit/537.36 (KHTML, like Gecko) Chrome/140.0.0.0 Safari/537.36 Edg/140.0.0.0"
127.0.0.1 - - [25/Sep/2025:10:53:00 +0800] "GET /robot/alarm-history-in.php HTTP/1.1" 200 - "-" "python-requests/2.28.1"
127.0.0.1 - - [25/Sep/2025:10:52:00 +0800] "GET /robot/alarm-history-in.php HTTP/1.1" 500 - "-" "python-requests/2.28.1"
172.16.36.181 - - [25/Sep/2025:10:53:39 +0800] "GET /manager-page/api/snapshot.php?id=11&t=0.18407779759668297 HTTP/1.1" 200 40303 "http://192.168.60.79/manager-page/home-1.php" "Mozilla/5.0 (Windows NT 10.0; Win64; x64) AppleWebKit/537.36 (KHTML, like Gecko) Chrome/140.0.0.0 Safari/537.36 Edg/140.0.0.0"
172.16.36.181 - - [25/Sep/2025:10:53:44 +0800] "GET /manager-page/api/snapshot.php?id=12&t=0.26054669104670136 HTTP/1.1" 200 49266 "http://192.168.60.79/manager-page/home-1.php" "Mozilla/5.0 (Windows NT 10.0; Win64; x64) AppleWebKit/537.36 (KHTML, like Gecko) Chrome/140.0.0.0 Safari/537.36 Edg/140.0.0.0"
172.16.36.181 - - [25/Sep/2025:10:53:44 +0800] "GET /manager-page/api/snapshot.php?id=11&t=0.03921215386923016 HTTP/1.1" 200 40262 "http://192.168.60.79/manager-page/home-1.php" "Mozilla/5.0 (Windows NT 10.0; Win64; x64) AppleWebKit/537.36 (KHTML, like Gecko) Chrome/140.0.0.0 Safari/537.36 Edg/140.0.0.0"
172.16.36.181 - - [25/Sep/2025:10:53:49 +0800] "GET /manager-page/api/snapshot.php?id=12&t=0.6360169721640988 HTTP/1.1" 200 48744 "http://192.168.60.79/manager-page/home-1.php" "Mozilla/5.0 (Windows NT 10.0; Win64; x64) AppleWebKit/537.36 (KHTML, like Gecko) Chrome/140.0.0.0 Safari/537.36 Edg/140.0.0.0"
172.16.36.181 - - [25/Sep/2025:10:53:49 +0800] "GET /manager-page/api/snapshot.php?id=11&t=0.9373132769416788 HTTP/1.1" 200 40275 "http://192.168.60.79/manager-page/home-1.php" "Mozilla/5.0 (Windows NT 10.0; Win64; x64) AppleWebKit/537.36 (KHTML, like Gecko) Chrome/140.0.0.0 Safari/537.36 Edg/140.0.0.0"
172.16.36.181 - - [25/Sep/2025:10:53:54 +0800] "GET /manager-page/api/snapshot.php?id=11&t=0.631643524659951 HTTP/1.1" 200 40250 "http://192.168.60.79/manager-page/home-1.php" "Mozilla/5.0 (Windows NT 10.0; Win64; x64) AppleWebKit/537.36 (KHTML, like Gecko) Chrome/140.0.0.0 Safari/537.36 Edg/140.0.0.0"
172.16.36.181 - - [25/Sep/2025:10:53:54 +0800] "GET /manager-page/api/snapshot.php?id=12&t=0.2265239034824742 HTTP/1.1" 200 48814 "http://192.168.60.79/manager-page/home-1.php" "Mozilla/5.0 (Windows NT 10.0; Win64; x64) AppleWebKit/537.36 (KHTML, like Gecko) Chrome/140.0.0.0 Safari/537.36 Edg/140.0.0.0"
172.16.36.181 - - [25/Sep/2025:10:53:59 +0800] "GET /manager-page/api/snapshot.php?id=11&t=0.4729808426256047 HTTP/1.1" 200 40522 "http://192.168.60.79/manager-page/home-1.php" "Mozilla/5.0 (Windows NT 10.0; Win64; x64) AppleWebKit/537.36 (KHTML, like Gecko) Chrome/140.0.0.0 Safari/537.36 Edg/140.0.0.0"
172.16.36.181 - - [25/Sep/2025:10:53:59 +0800] "GET /manager-page/api/snapshot.php?id=12&t=0.4867139144068179 HTTP/1.1" 200 48801 "http://192.168.60.79/manager-page/home-1.php" "Mozilla/5.0 (Windows NT 10.0; Win64; x64) AppleWebKit/537.36 (KHTML, like Gecko) Chrome/140.0.0.0 Safari/537.36 Edg/140.0.0.0"
111.70.30.250 - - [25/Sep/2025:10:54:00 +0800] "POST /robot/lora-in.php HTTP/1.1" 200 - "-" "python-requests/2.21.0"
127.0.0.1 - - [25/Sep/2025:10:54:00 +0800] "GET /robot/alarm-history-in.php HTTP/1.1" 200 - "-" "python-requests/2.28.1"
172.16.36.181 - - [25/Sep/2025:10:54:04 +0800] "GET /manager-page/api/snapshot.php?id=11&t=0.6737285451771853 HTTP/1.1" 200 40311 "http://192.168.60.79/manager-page/home-1.php" "Mozilla/5.0 (Windows NT 10.0; Win64; x64) AppleWebKit/537.36 (KHTML, like Gecko) Chrome/140.0.0.0 Safari/537.36 Edg/140.0.0.0"
172.16.36.181 - - [25/Sep/2025:10:54:04 +0800] "GET /manager-page/api/snapshot.php?id=12&t=0.1886564347288462 HTTP/1.1" 200 48784 "http://192.168.60.79/manager-page/home-1.php" "Mozilla/5.0 (Windows NT 10.0; Win64; x64) AppleWebKit/537.36 (KHTML, like Gecko) Chrome/140.0.0.0 Safari/537.36 Edg/140.0.0.0"
172.16.36.181 - - [25/Sep/2025:10:54:09 +0800] "GET /manager-page/api/snapshot.php?id=11&t=0.9735260480301683 HTTP/1.1" 200 40358 "http://192.168.60.79/manager-page/home-1.php" "Mozilla/5.0 (Windows NT 10.0; Win64; x64) AppleWebKit/537.36 (KHTML, like Gecko) Chrome/140.0.0.0 Safari/537.36 Edg/140.0.0.0"
172.16.36.181 - - [25/Sep/2025:10:54:09 +0800] "GET /manager-page/api/snapshot.php?id=12&t=0.963401824154388 HTTP/1.1" 200 48799 "http://192.168.60.79/manager-page/home-1.php" "Mozilla/5.0 (Windows NT 10.0; Win64; x64) AppleWebKit/537.36 (KHTML, like Gecko) Chrome/140.0.0.0 Safari/537.36 Edg/140.0.0.0"
172.16.36.181 - - [25/Sep/2025:10:54:14 +0800] "GET /manager-page/api/snapshot.php?id=11&t=0.9926713637672907 HTTP/1.1" 200 40697 "http://192.168.60.79/manager-page/home-1.php" "Mozilla/5.0 (Windows NT 10.0; Win64; x64) AppleWebKit/537.36 (KHTML, like Gecko) Chrome/140.0.0.0 Safari/537.36 Edg/140.0.0.0"
172.16.36.181 - - [25/Sep/2025:10:54:14 +0800] "GET /manager-page/api/snapshot.php?id=12&t=0.5162033497396613 HTTP/1.1" 200 48855 "http://192.168.60.79/manager-page/home-1.php" "Mozilla/5.0 (Windows NT 10.0; Win64; x64) AppleWebKit/537.36 (KHTML, like Gecko) Chrome/140.0.0.0 Safari/537.36 Edg/140.0.0.0"
172.16.36.181 - - [25/Sep/2025:10:54:19 +0800] "GET /manager-page/api/snapshot.php?id=11&t=0.03678172236124855 HTTP/1.1" 200 40514 "http://192.168.60.79/manager-page/home-1.php" "Mozilla/5.0 (Windows NT 10.0; Win64; x64) AppleWebKit/537.36 (KHTML, like Gecko) Chrome/140.0.0.0 Safari/537.36 Edg/140.0.0.0"
172.16.36.181 - - [25/Sep/2025:10:54:19 +0800] "GET /manager-page/api/snapshot.php?id=12&t=0.903196265209726 HTTP/1.1" 200 48596 "http://192.168.60.79/manager-page/home-1.php" "Mozilla/5.0 (Windows NT 10.0; Win64; x64) AppleWebKit/537.36 (KHTML, like Gecko) Chrome/140.0.0.0 Safari/537.36 Edg/140.0.0.0"
172.16.36.181 - - [25/Sep/2025:10:54:24 +0800] "GET /manager-page/api/snapshot.php?id=11&t=0.4056938334954495 HTTP/1.1" 200 40656 "http://192.168.60.79/manager-page/home-1.php" "Mozilla/5.0 (Windows NT 10.0; Win64; x64) AppleWebKit/537.36 (KHTML, like Gecko) Chrome/140.0.0.0 Safari/537.36 Edg/140.0.0.0"
172.16.36.181 - - [25/Sep/2025:10:54:24 +0800] "GET /manager-page/api/snapshot.php?id=12&t=0.35146830654002836 HTTP/1.1" 200 48801 "http://192.168.60.79/manager-page/home-1.php" "Mozilla/5.0 (Windows NT 10.0; Win64; x64) AppleWebKit/537.36 (KHTML, like Gecko) Chrome/140.0.0.0 Safari/537.36 Edg/140.0.0.0"
172.16.36.181 - - [25/Sep/2025:10:54:29 +0800] "GET /manager-page/api/snapshot.php?id=12&t=0.43767454048379006 HTTP/1.1" 200 48777 "http://192.168.60.79/manager-page/home-1.php" "Mozilla/5.0 (Windows NT 10.0; Win64; x64) AppleWebKit/537.36 (KHTML, like Gecko) Chrome/140.0.0.0 Safari/537.36 Edg/140.0.0.0"
172.16.36.181 - - [25/Sep/2025:10:54:29 +0800] "GET /manager-page/api/snapshot.php?id=11&t=0.0591917266236931 HTTP/1.1" 200 40643 "http://192.168.60.79/manager-page/home-1.php" "Mozilla/5.0 (Windows NT 10.0; Win64; x64) AppleWebKit/537.36 (KHTML, like Gecko) Chrome/140.0.0.0 Safari/537.36 Edg/140.0.0.0"
172.16.36.181 - - [25/Sep/2025:10:54:34 +0800] "GET /manager-page/api/snapshot.php?id=11&t=0.5000258680334919 HTTP/1.1" 200 41162 "http://192.168.60.79/manager-page/home-1.php" "Mozilla/5.0 (Windows NT 10.0; Win64; x64) AppleWebKit/537.36 (KHTML, like Gecko) Chrome/140.0.0.0 Safari/537.36 Edg/140.0.0.0"
172.16.36.181 - - [25/Sep/2025:10:54:34 +0800] "GET /manager-page/api/snapshot.php?id=12&t=0.6416032706813811 HTTP/1.1" 200 47852 "http://192.168.60.79/manager-page/home-1.php" "Mozilla/5.0 (Windows NT 10.0; Win64; x64) AppleWebKit/537.36 (KHTML, like Gecko) Chrome/140.0.0.0 Safari/537.36 Edg/140.0.0.0"
172.16.36.181 - - [25/Sep/2025:10:54:39 +0800] "GET /manager-page/api/snapshot.php?id=11&t=0.07654574133857173 HTTP/1.1" 200 41969 "http://192.168.60.79/manager-page/home-1.php" "Mozilla/5.0 (Windows NT 10.0; Win64; x64) AppleWebKit/537.36 (KHTML, like Gecko) Chrome/140.0.0.0 Safari/537.36 Edg/140.0.0.0"
172.16.36.181 - - [25/Sep/2025:10:54:39 +0800] "GET /manager-page/api/snapshot.php?id=12&t=0.8355678777425191 HTTP/1.1" 200 48185 "http://192.168.60.79/manager-page/home-1.php" "Mozilla/5.0 (Windows NT 10.0; Win64; x64) AppleWebKit/537.36 (KHTML, like Gecko) Chrome/140.0.0.0 Safari/537.36 Edg/140.0.0.0"
172.16.36.181 - - [25/Sep/2025:10:54:44 +0800] "GET /manager-page/api/snapshot.php?id=12&t=0.8911625157116146 HTTP/1.1" 200 48606 "http://192.168.60.79/manager-page/home-1.php" "Mozilla/5.0 (Windows NT 10.0; Win64; x64) AppleWebKit/537.36 (KHTML, like Gecko) Chrome/140.0.0.0 Safari/537.36 Edg/140.0.0.0"
172.16.36.181 - - [25/Sep/2025:10:54:44 +0800] "GET /manager-page/api/snapshot.php?id=11&t=0.20298838127961205 HTTP/1.1" 200 39931 "http://192.168.60.79/manager-page/home-1.php" "Mozilla/5.0 (Windows NT 10.0; Win64; x64) AppleWebKit/537.36 (KHTML, like Gecko) Chrome/140.0.0.0 Safari/537.36 Edg/140.0.0.0"
172.16.36.181 - - [25/Sep/2025:10:54:49 +0800] "GET /manager-page/api/snapshot.php?id=12&t=0.2174626601283387 HTTP/1.1" 200 48879 "http://192.168.60.79/manager-page/home-1.php" "Mozilla/5.0 (Windows NT 10.0; Win64; x64) AppleWebKit/537.36 (KHTML, like Gecko) Chrome/140.0.0.0 Safari/537.36 Edg/140.0.0.0"
172.16.36.181 - - [25/Sep/2025:10:54:49 +0800] "GET /manager-page/api/snapshot.php?id=11&t=0.8169798883350423 HTTP/1.1" 200 41207 "http://192.168.60.79/manager-page/home-1.php" "Mozilla/5.0 (Windows NT 10.0; Win64; x64) AppleWebKit/537.36 (KHTML, like Gecko) Chrome/140.0.0.0 Safari/537.36 Edg/140.0.0.0"
172.16.36.181 - - [25/Sep/2025:10:54:54 +0800] "GET /manager-page/api/snapshot.php?id=11&t=0.42240077754147143 HTTP/1.1" 200 40480 "http://192.168.60.79/manager-page/home-1.php" "Mozilla/5.0 (Windows NT 10.0; Win64; x64) AppleWebKit/537.36 (KHTML, like Gecko) Chrome/140.0.0.0 Safari/537.36 Edg/140.0.0.0"
172.16.36.181 - - [25/Sep/2025:10:54:54 +0800] "GET /manager-page/api/snapshot.php?id=12&t=0.8970242432162343 HTTP/1.1" 200 48614 "http://192.168.60.79/manager-page/home-1.php" "Mozilla/5.0 (Windows NT 10.0; Win64; x64) AppleWebKit/537.36 (KHTML, like Gecko) Chrome/140.0.0.0 Safari/537.36 Edg/140.0.0.0"
172.16.36.181 - - [25/Sep/2025:10:54:59 +0800] "GET /manager-page/api/snapshot.php?id=12&t=0.6298785774325412 HTTP/1.1" 200 48648 "http://192.168.60.79/manager-page/home-1.php" "Mozilla/5.0 (Windows NT 10.0; Win64; x64) AppleWebKit/537.36 (KHTML, like Gecko) Chrome/140.0.0.0 Safari/537.36 Edg/140.0.0.0"
172.16.36.181 - - [25/Sep/2025:10:54:59 +0800] "GET /manager-page/api/snapshot.php?id=11&t=0.24169536883516662 HTTP/1.1" 200 40716 "http://192.168.60.79/manager-page/home-1.php" "Mozilla/5.0 (Windows NT 10.0; Win64; x64) AppleWebKit/537.36 (KHTML, like Gecko) Chrome/140.0.0.0 Safari/537.36 Edg/140.0.0.0"
127.0.0.1 - - [25/Sep/2025:10:55:00 +0800] "GET /robot/alarm-history-in.php HTTP/1.1" 200 - "-" "python-requests/2.28.1"
172.16.36.181 - - [25/Sep/2025:10:55:04 +0800] "GET /manager-page/api/snapshot.php?id=12&t=0.38835226614191787 HTTP/1.1" 200 49158 "http://192.168.60.79/manager-page/home-1.php" "Mozilla/5.0 (Windows NT 10.0; Win64; x64) AppleWebKit/537.36 (KHTML, like Gecko) Chrome/140.0.0.0 Safari/537.36 Edg/140.0.0.0"
172.16.36.181 - - [25/Sep/2025:10:55:04 +0800] "GET /manager-page/api/snapshot.php?id=11&t=0.18507262482423414 HTTP/1.1" 200 40451 "http://192.168.60.79/manager-page/home-1.php" "Mozilla/5.0 (Windows NT 10.0; Win64; x64) AppleWebKit/537.36 (KHTML, like Gecko) Chrome/140.0.0.0 Safari/537.36 Edg/140.0.0.0"
172.16.36.181 - - [25/Sep/2025:10:55:09 +0800] "GET /manager-page/api/snapshot.php?id=11&t=0.174048587923056 HTTP/1.1" 200 40782 "http://192.168.60.79/manager-page/home-1.php" "Mozilla/5.0 (Windows NT 10.0; Win64; x64) AppleWebKit/537.36 (KHTML, like Gecko) Chrome/140.0.0.0 Safari/537.36 Edg/140.0.0.0"
172.16.36.181 - - [25/Sep/2025:10:55:09 +0800] "GET /manager-page/api/snapshot.php?id=12&t=0.7906191970748602 HTTP/1.1" 200 48674 "http://192.168.60.79/manager-page/home-1.php" "Mozilla/5.0 (Windows NT 10.0; Win64; x64) AppleWebKit/537.36 (KHTML, like Gecko) Chrome/140.0.0.0 Safari/537.36 Edg/140.0.0.0"
172.16.36.181 - - [25/Sep/2025:10:55:14 +0800] "GET /manager-page/api/snapshot.php?id=12&t=0.26417531786095716 HTTP/1.1" 200 48774 "http://192.168.60.79/manager-page/home-1.php" "Mozilla/5.0 (Windows NT 10.0; Win64; x64) AppleWebKit/537.36 (KHTML, like Gecko) Chrome/140.0.0.0 Safari/537.36 Edg/140.0.0.0"
172.16.36.181 - - [25/Sep/2025:10:55:14 +0800] "GET /manager-page/api/snapshot.php?id=11&t=0.6505284609175707 HTTP/1.1" 200 41030 "http://192.168.60.79/manager-page/home-1.php" "Mozilla/5.0 (Windows NT 10.0; Win64; x64) AppleWebKit/537.36 (KHTML, like Gecko) Chrome/140.0.0.0 Safari/537.36 Edg/140.0.0.0"
172.16.36.181 - - [25/Sep/2025:10:55:19 +0800] "GET /manager-page/api/snapshot.php?id=11&t=0.6272547569719849 HTTP/1.1" 200 42847 "http://192.168.60.79/manager-page/home-1.php" "Mozilla/5.0 (Windows NT 10.0; Win64; x64) AppleWebKit/537.36 (KHTML, like Gecko) Chrome/140.0.0.0 Safari/537.36 Edg/140.0.0.0"
172.16.36.181 - - [25/Sep/2025:10:55:19 +0800] "GET /manager-page/api/snapshot.php?id=12&t=0.2257680720515851 HTTP/1.1" 200 49236 "http://192.168.60.79/manager-page/home-1.php" "Mozilla/5.0 (Windows NT 10.0; Win64; x64) AppleWebKit/537.36 (KHTML, like Gecko) Chrome/140.0.0.0 Safari/537.36 Edg/140.0.0.0"
172.16.36.181 - - [25/Sep/2025:10:55:24 +0800] "GET /manager-page/api/snapshot.php?id=11&t=0.20591124050951326 HTTP/1.1" 200 43102 "http://192.168.60.79/manager-page/home-1.php" "Mozilla/5.0 (Windows NT 10.0; Win64; x64) AppleWebKit/537.36 (KHTML, like Gecko) Chrome/140.0.0.0 Safari/537.36 Edg/140.0.0.0"
172.16.36.181 - - [25/Sep/2025:10:55:24 +0800] "GET /manager-page/api/snapshot.php?id=12&t=0.04093444674775748 HTTP/1.1" 200 48567 "http://192.168.60.79/manager-page/home-1.php" "Mozilla/5.0 (Windows NT 10.0; Win64; x64) AppleWebKit/537.36 (KHTML, like Gecko) Chrome/140.0.0.0 Safari/537.36 Edg/140.0.0.0"
172.16.36.181 - - [25/Sep/2025:10:55:29 +0800] "GET /manager-page/api/snapshot.php?id=12&t=0.43965719511963963 HTTP/1.1" 200 48542 "http://192.168.60.79/manager-page/home-1.php" "Mozilla/5.0 (Windows NT 10.0; Win64; x64) AppleWebKit/537.36 (KHTML, like Gecko) Chrome/140.0.0.0 Safari/537.36 Edg/140.0.0.0"
172.16.36.181 - - [25/Sep/2025:10:55:29 +0800] "GET /manager-page/api/snapshot.php?id=11&t=0.6554117915315558 HTTP/1.1" 200 41127 "http://192.168.60.79/manager-page/home-1.php" "Mozilla/5.0 (Windows NT 10.0; Win64; x64) AppleWebKit/537.36 (KHTML, like Gecko) Chrome/140.0.0.0 Safari/537.36 Edg/140.0.0.0"
172.16.36.181 - - [25/Sep/2025:10:55:34 +0800] "GET /manager-page/api/snapshot.php?id=11&t=0.7716758338659209 HTTP/1.1" 200 41692 "http://192.168.60.79/manager-page/home-1.php" "Mozilla/5.0 (Windows NT 10.0; Win64; x64) AppleWebKit/537.36 (KHTML, like Gecko) Chrome/140.0.0.0 Safari/537.36 Edg/140.0.0.0"
172.16.36.181 - - [25/Sep/2025:10:55:34 +0800] "GET /manager-page/api/snapshot.php?id=12&t=0.26148590723696097 HTTP/1.1" 200 48607 "http://192.168.60.79/manager-page/home-1.php" "Mozilla/5.0 (Windows NT 10.0; Win64; x64) AppleWebKit/537.36 (KHTML, like Gecko) Chrome/140.0.0.0 Safari/537.36 Edg/140.0.0.0"
172.16.36.181 - - [25/Sep/2025:10:55:39 +0800] "GET /manager-page/api/snapshot.php?id=12&t=0.5338566408860765 HTTP/1.1" 200 48445 "http://192.168.60.79/manager-page/home-1.php" "Mozilla/5.0 (Windows NT 10.0; Win64; x64) AppleWebKit/537.36 (KHTML, like Gecko) Chrome/140.0.0.0 Safari/537.36 Edg/140.0.0.0"
172.16.36.181 - - [25/Sep/2025:10:55:39 +0800] "GET /manager-page/api/snapshot.php?id=11&t=0.8631582356824845 HTTP/1.1" 200 41988 "http://192.168.60.79/manager-page/home-1.php" "Mozilla/5.0 (Windows NT 10.0; Win64; x64) AppleWebKit/537.36 (KHTML, like Gecko) Chrome/140.0.0.0 Safari/537.36 Edg/140.0.0.0"
172.16.36.181 - - [25/Sep/2025:10:55:44 +0800] "GET /manager-page/api/snapshot.php?id=11&t=0.8175774240258917 HTTP/1.1" 200 41977 "http://192.168.60.79/manager-page/home-1.php" "Mozilla/5.0 (Windows NT 10.0; Win64; x64) AppleWebKit/537.36 (KHTML, like Gecko) Chrome/140.0.0.0 Safari/537.36 Edg/140.0.0.0"
172.16.36.181 - - [25/Sep/2025:10:55:44 +0800] "GET /manager-page/api/snapshot.php?id=12&t=0.38771822799703826 HTTP/1.1" 200 48633 "http://192.168.60.79/manager-page/home-1.php" "Mozilla/5.0 (Windows NT 10.0; Win64; x64) AppleWebKit/537.36 (KHTML, like Gecko) Chrome/140.0.0.0 Safari/537.36 Edg/140.0.0.0"
172.16.36.181 - - [25/Sep/2025:10:55:49 +0800] "GET /manager-page/api/snapshot.php?id=12&t=0.676575797709242 HTTP/1.1" 200 48560 "http://192.168.60.79/manager-page/home-1.php" "Mozilla/5.0 (Windows NT 10.0; Win64; x64) AppleWebKit/537.36 (KHTML, like Gecko) Chrome/140.0.0.0 Safari/537.36 Edg/140.0.0.0"
172.16.36.181 - - [25/Sep/2025:10:55:49 +0800] "GET /manager-page/api/snapshot.php?id=11&t=0.9072765532443926 HTTP/1.1" 200 42224 "http://192.168.60.79/manager-page/home-1.php" "Mozilla/5.0 (Windows NT 10.0; Win64; x64) AppleWebKit/537.36 (KHTML, like Gecko) Chrome/140.0.0.0 Safari/537.36 Edg/140.0.0.0"
111.70.30.252 - - [25/Sep/2025:10:55:52 +0800] "POST /robot/lora-in.php HTTP/1.1" 200 - "-" "python-requests/2.21.0"
172.16.36.181 - - [25/Sep/2025:10:55:54 +0800] "GET /manager-page/api/snapshot.php?id=12&t=0.08211792858464728 HTTP/1.1" 200 48273 "http://192.168.60.79/manager-page/home-1.php" "Mozilla/5.0 (Windows NT 10.0; Win64; x64) AppleWebKit/537.36 (KHTML, like Gecko) Chrome/140.0.0.0 Safari/537.36 Edg/140.0.0.0"
172.16.36.181 - - [25/Sep/2025:10:55:54 +0800] "GET /manager-page/api/snapshot.php?id=11&t=0.6441403485679846 HTTP/1.1" 200 42667 "http://192.168.60.79/manager-page/home-1.php" "Mozilla/5.0 (Windows NT 10.0; Win64; x64) AppleWebKit/537.36 (KHTML, like Gecko) Chrome/140.0.0.0 Safari/537.36 Edg/140.0.0.0"
172.16.36.181 - - [25/Sep/2025:10:55:59 +0800] "GET /manager-page/api/snapshot.php?id=11&t=0.4822911967439196 HTTP/1.1" 200 42217 "http://192.168.60.79/manager-page/home-1.php" "Mozilla/5.0 (Windows NT 10.0; Win64; x64) AppleWebKit/537.36 (KHTML, like Gecko) Chrome/140.0.0.0 Safari/537.36 Edg/140.0.0.0"
172.16.36.181 - - [25/Sep/2025:10:55:59 +0800] "GET /manager-page/api/snapshot.php?id=12&t=0.2511840081996214 HTTP/1.1" 200 47909 "http://192.168.60.79/manager-page/home-1.php" "Mozilla/5.0 (Windows NT 10.0; Win64; x64) AppleWebKit/537.36 (KHTML, like Gecko) Chrome/140.0.0.0 Safari/537.36 Edg/140.0.0.0"
127.0.0.1 - - [25/Sep/2025:10:56:01 +0800] "GET /robot/alarm-history-in.php HTTP/1.1" 200 - "-" "python-requests/2.28.1"
172.16.36.181 - - [25/Sep/2025:10:56:04 +0800] "GET /manager-page/api/snapshot.php?id=12&t=0.618602381498489 HTTP/1.1" 200 48609 "http://192.168.60.79/manager-page/home-1.php" "Mozilla/5.0 (Windows NT 10.0; Win64; x64) AppleWebKit/537.36 (KHTML, like Gecko) Chrome/140.0.0.0 Safari/537.36 Edg/140.0.0.0"
