172.16.36.181 - - [22/Apr/2025:10:11:11 +0800] "GET /manager-page/api/snapshot.php?id=31 HTTP/1.1" 200 56443 "http://192.168.60.79/manager-page/home-3.php" "Mozilla/5.0 (Windows NT 10.0; Win64; x64) AppleWebKit/537.36 (KHTML, like Gecko) Chrome/135.0.0.0 Safari/537.36 Edg/135.0.0.0"
172.16.36.181 - - [22/Apr/2025:10:11:11 +0800] "GET /manager-page/api/snapshot.php?id=32 HTTP/1.1" 200 52872 "http://192.168.60.79/manager-page/home-3.php" "Mozilla/5.0 (Windows NT 10.0; Win64; x64) AppleWebKit/537.36 (KHTML, like Gecko) Chrome/135.0.0.0 Safari/537.36 Edg/135.0.0.0"
172.16.36.181 - - [22/Apr/2025:10:11:12 +0800] "GET /manager-page/api/cms-status3.php HTTP/1.1" 200 12 "http://192.168.60.79/manager-page/home-3.php" "Mozilla/5.0 (Windows NT 10.0; Win64; x64) AppleWebKit/537.36 (KHTML, like Gecko) Chrome/135.0.0.0 Safari/537.36 Edg/135.0.0.0"
172.16.36.181 - - [22/Apr/2025:10:11:12 +0800] "GET /manager-page/api/lp-status3.php HTTP/1.1" 200 1 "http://192.168.60.79/manager-page/home-3.php" "Mozilla/5.0 (Windows NT 10.0; Win64; x64) AppleWebKit/537.36 (KHTML, like Gecko) Chrome/135.0.0.0 Safari/537.36 Edg/135.0.0.0"
172.16.36.181 - - [22/Apr/2025:10:11:17 +0800] "GET /manager-page/api/snapshot.php?id=32&t=0.7374322694943604 HTTP/1.1" 200 52890 "http://192.168.60.79/manager-page/home-3.php" "Mozilla/5.0 (Windows NT 10.0; Win64; x64) AppleWebKit/537.36 (KHTML, like Gecko) Chrome/135.0.0.0 Safari/537.36 Edg/135.0.0.0"
172.16.36.181 - - [22/Apr/2025:10:11:17 +0800] "GET /manager-page/api/snapshot.php?id=31&t=0.4773032491983562 HTTP/1.1" 200 56360 "http://192.168.60.79/manager-page/home-3.php" "Mozilla/5.0 (Windows NT 10.0; Win64; x64) AppleWebKit/537.36 (KHTML, like Gecko) Chrome/135.0.0.0 Safari/537.36 Edg/135.0.0.0"
172.16.36.181 - - [22/Apr/2025:10:11:22 +0800] "GET /manager-page/api/snapshot.php?id=31&t=0.7383738141482212 HTTP/1.1" 200 56349 "http://192.168.60.79/manager-page/home-3.php" "Mozilla/5.0 (Windows NT 10.0; Win64; x64) AppleWebKit/537.36 (KHTML, like Gecko) Chrome/135.0.0.0 Safari/537.36 Edg/135.0.0.0"
172.16.36.181 - - [22/Apr/2025:10:11:22 +0800] "GET /manager-page/api/snapshot.php?id=32&t=0.21402921854463952 HTTP/1.1" 200 52677 "http://192.168.60.79/manager-page/home-3.php" "Mozilla/5.0 (Windows NT 10.0; Win64; x64) AppleWebKit/537.36 (KHTML, like Gecko) Chrome/135.0.0.0 Safari/537.36 Edg/135.0.0.0"
172.16.36.181 - - [22/Apr/2025:10:11:27 +0800] "GET /manager-page/api/snapshot.php?id=32&t=0.16912122701597843 HTTP/1.1" 200 52666 "http://192.168.60.79/manager-page/home-3.php" "Mozilla/5.0 (Windows NT 10.0; Win64; x64) AppleWebKit/537.36 (KHTML, like Gecko) Chrome/135.0.0.0 Safari/537.36 Edg/135.0.0.0"
172.16.36.181 - - [22/Apr/2025:10:11:27 +0800] "GET /manager-page/api/snapshot.php?id=31&t=0.6876632253524307 HTTP/1.1" 200 56460 "http://192.168.60.79/manager-page/home-3.php" "Mozilla/5.0 (Windows NT 10.0; Win64; x64) AppleWebKit/537.36 (KHTML, like Gecko) Chrome/135.0.0.0 Safari/537.36 Edg/135.0.0.0"
127.0.0.1 - - [22/Apr/2025:10:11:30 +0800] "GET /manager-page/api/snapshot.php?id=21&t=0.9176689664901561 HTTP/1.1" 200 45500 "http://127.0.0.1/manager-page/home-2.php" "Mozilla/5.0 (Windows NT 10.0; Win64; x64) AppleWebKit/537.36 (KHTML, like Gecko) Chrome/119.0.0.0 Safari/537.36"
127.0.0.1 - - [22/Apr/2025:10:11:30 +0800] "GET /manager-page/api/snapshot.php?id=22&t=0.7770933982777639 HTTP/1.1" 200 40644 "http://127.0.0.1/manager-page/home-2.php" "Mozilla/5.0 (Windows NT 10.0; Win64; x64) AppleWebKit/537.36 (KHTML, like Gecko) Chrome/119.0.0.0 Safari/537.36"
172.16.36.181 - - [22/Apr/2025:10:11:32 +0800] "GET /manager-page/api/snapshot.php?id=32&t=0.15430450181371702 HTTP/1.1" 200 52718 "http://192.168.60.79/manager-page/home-3.php" "Mozilla/5.0 (Windows NT 10.0; Win64; x64) AppleWebKit/537.36 (KHTML, like Gecko) Chrome/135.0.0.0 Safari/537.36 Edg/135.0.0.0"
172.16.36.181 - - [22/Apr/2025:10:11:32 +0800] "GET /manager-page/api/snapshot.php?id=31&t=0.9638476883988031 HTTP/1.1" 200 56626 "http://192.168.60.79/manager-page/home-3.php" "Mozilla/5.0 (Windows NT 10.0; Win64; x64) AppleWebKit/537.36 (KHTML, like Gecko) Chrome/135.0.0.0 Safari/537.36 Edg/135.0.0.0"
172.16.36.181 - - [22/Apr/2025:10:11:37 +0800] "GET /manager-page/api/snapshot.php?id=31&t=0.6949062798445274 HTTP/1.1" 200 56460 "http://192.168.60.79/manager-page/home-3.php" "Mozilla/5.0 (Windows NT 10.0; Win64; x64) AppleWebKit/537.36 (KHTML, like Gecko) Chrome/135.0.0.0 Safari/537.36 Edg/135.0.0.0"
172.16.36.181 - - [22/Apr/2025:10:11:37 +0800] "GET /manager-page/api/snapshot.php?id=32&t=0.1088993016265305 HTTP/1.1" 200 52602 "http://192.168.60.79/manager-page/home-3.php" "Mozilla/5.0 (Windows NT 10.0; Win64; x64) AppleWebKit/537.36 (KHTML, like Gecko) Chrome/135.0.0.0 Safari/537.36 Edg/135.0.0.0"
172.16.36.181 - - [22/Apr/2025:10:11:44 +0800] "GET /manager-page/alarm/1-2.jpg?t=592788011 HTTP/1.1" 200 282261 "http://192.168.60.79/manager-page/home-1.php" "Mozilla/5.0 (Windows NT 10.0; Win64; x64) AppleWebKit/537.36 (KHTML, like Gecko) Chrome/135.0.0.0 Safari/537.36 Edg/135.0.0.0"
172.16.36.181 - - [22/Apr/2025:10:11:44 +0800] "GET /manager-page/alarm/1-1.jpg?t=419462570 HTTP/1.1" 200 322868 "http://192.168.60.79/manager-page/home-1.php" "Mozilla/5.0 (Windows NT 10.0; Win64; x64) AppleWebKit/537.36 (KHTML, like Gecko) Chrome/135.0.0.0 Safari/537.36 Edg/135.0.0.0"
172.16.36.181 - - [22/Apr/2025:10:11:43 +0800] "GET /manager-page/home-1.php HTTP/1.1" 200 27473 "http://192.168.60.79/manager-page/home-3.php" "Mozilla/5.0 (Windows NT 10.0; Win64; x64) AppleWebKit/537.36 (KHTML, like Gecko) Chrome/135.0.0.0 Safari/537.36 Edg/135.0.0.0"
172.16.36.181 - - [22/Apr/2025:10:11:47 +0800] "GET /manager-page/img/locpic_01.jpg HTTP/1.1" 200 131024 "http://192.168.60.79/manager-page/home-1.php" "Mozilla/5.0 (Windows NT 10.0; Win64; x64) AppleWebKit/537.36 (KHTML, like Gecko) Chrome/135.0.0.0 Safari/537.36 Edg/135.0.0.0"
172.16.36.181 - - [22/Apr/2025:10:11:42 +0800] "GET /manager-page/api/snapshot.php?id=32&t=0.5365583397888095 HTTP/1.1" 200 52776 "http://192.168.60.79/manager-page/home-3.php" "Mozilla/5.0 (Windows NT 10.0; Win64; x64) AppleWebKit/537.36 (KHTML, like Gecko) Chrome/135.0.0.0 Safari/537.36 Edg/135.0.0.0"
111.70.30.253 - - [22/Apr/2025:10:11:47 +0800] "POST /robot/lora-in.php HTTP/1.1" 200 - "-" "python-requests/2.21.0"
172.16.36.181 - - [22/Apr/2025:10:11:42 +0800] "GET /manager-page/api/snapshot.php?id=31&t=0.024898728519740954 HTTP/1.1" 200 56320 "http://192.168.60.79/manager-page/home-3.php" "Mozilla/5.0 (Windows NT 10.0; Win64; x64) AppleWebKit/537.36 (KHTML, like Gecko) Chrome/135.0.0.0 Safari/537.36 Edg/135.0.0.0"
172.16.36.181 - - [22/Apr/2025:10:11:44 +0800] "GET /manager-page/api/snapshot.php?id=11 HTTP/1.1" 200 48808 "http://192.168.60.79/manager-page/home-1.php" "Mozilla/5.0 (Windows NT 10.0; Win64; x64) AppleWebKit/537.36 (KHTML, like Gecko) Chrome/135.0.0.0 Safari/537.36 Edg/135.0.0.0"
172.16.36.181 - - [22/Apr/2025:10:11:44 +0800] "GET /manager-page/api/snapshot.php?id=12 HTTP/1.1" 200 49976 "http://192.168.60.79/manager-page/home-1.php" "Mozilla/5.0 (Windows NT 10.0; Win64; x64) AppleWebKit/537.36 (KHTML, like Gecko) Chrome/135.0.0.0 Safari/537.36 Edg/135.0.0.0"
172.16.36.181 - - [22/Apr/2025:10:11:47 +0800] "GET /manager-page/api/cms-status1.php HTTP/1.1" 200 12 "http://192.168.60.79/manager-page/home-1.php" "Mozilla/5.0 (Windows NT 10.0; Win64; x64) AppleWebKit/537.36 (KHTML, like Gecko) Chrome/135.0.0.0 Safari/537.36 Edg/135.0.0.0"
172.16.36.181 - - [22/Apr/2025:10:11:47 +0800] "GET /manager-page/api/lp-status1.php HTTP/1.1" 200 1 "http://192.168.60.79/manager-page/home-1.php" "Mozilla/5.0 (Windows NT 10.0; Win64; x64) AppleWebKit/537.36 (KHTML, like Gecko) Chrome/135.0.0.0 Safari/537.36 Edg/135.0.0.0"
172.16.36.181 - - [22/Apr/2025:10:11:48 +0800] "GET /manager-page/alarm/2-2.jpg?t=1962337723 HTTP/1.1" 200 491657 "http://192.168.60.79/manager-page/home-2.php" "Mozilla/5.0 (Windows NT 10.0; Win64; x64) AppleWebKit/537.36 (KHTML, like Gecko) Chrome/135.0.0.0 Safari/537.36 Edg/135.0.0.0"
172.16.36.181 - - [22/Apr/2025:10:11:48 +0800] "GET /manager-page/alarm/2-1.jpg?t=420600665 HTTP/1.1" 200 339428 "http://192.168.60.79/manager-page/home-2.php" "Mozilla/5.0 (Windows NT 10.0; Win64; x64) AppleWebKit/537.36 (KHTML, like Gecko) Chrome/135.0.0.0 Safari/537.36 Edg/135.0.0.0"
172.16.36.181 - - [22/Apr/2025:10:11:47 +0800] "GET /manager-page/home-2.php HTTP/1.1" 200 27466 "http://192.168.60.79/manager-page/home-1.php" "Mozilla/5.0 (Windows NT 10.0; Win64; x64) AppleWebKit/537.36 (KHTML, like Gecko) Chrome/135.0.0.0 Safari/537.36 Edg/135.0.0.0"
172.16.36.181 - - [22/Apr/2025:10:11:48 +0800] "GET /manager-page/api/snapshot.php?id=21 HTTP/1.1" 200 44877 "http://192.168.60.79/manager-page/home-2.php" "Mozilla/5.0 (Windows NT 10.0; Win64; x64) AppleWebKit/537.36 (KHTML, like Gecko) Chrome/135.0.0.0 Safari/537.36 Edg/135.0.0.0"
172.16.36.181 - - [22/Apr/2025:10:11:48 +0800] "GET /manager-page/api/snapshot.php?id=22 HTTP/1.1" 200 40679 "http://192.168.60.79/manager-page/home-2.php" "Mozilla/5.0 (Windows NT 10.0; Win64; x64) AppleWebKit/537.36 (KHTML, like Gecko) Chrome/135.0.0.0 Safari/537.36 Edg/135.0.0.0"
172.16.36.181 - - [22/Apr/2025:10:11:50 +0800] "GET /manager-page/api/cms-status2.php HTTP/1.1" 200 12 "http://192.168.60.79/manager-page/home-2.php" "Mozilla/5.0 (Windows NT 10.0; Win64; x64) AppleWebKit/537.36 (KHTML, like Gecko) Chrome/135.0.0.0 Safari/537.36 Edg/135.0.0.0"
172.16.36.181 - - [22/Apr/2025:10:11:50 +0800] "GET /manager-page/api/lp-status2.php HTTP/1.1" 200 1 "http://192.168.60.79/manager-page/home-2.php" "Mozilla/5.0 (Windows NT 10.0; Win64; x64) AppleWebKit/537.36 (KHTML, like Gecko) Chrome/135.0.0.0 Safari/537.36 Edg/135.0.0.0"
127.0.0.1 - - [22/Apr/2025:10:12:00 +0800] "GET /robot/alarm-history-in.php HTTP/1.1" 200 - "-" "python-requests/2.28.1"
172.16.36.181 - - [22/Apr/2025:10:12:29 +0800] "GET /manager-page/alarm/3-2.jpg?t=1425178611 HTTP/1.1" 200 187208 "http://192.168.60.79/manager-page/home-3.php" "Mozilla/5.0 (Windows NT 10.0; Win64; x64) AppleWebKit/537.36 (KHTML, like Gecko) Chrome/135.0.0.0 Safari/537.36 Edg/135.0.0.0"
172.16.36.181 - - [22/Apr/2025:10:12:29 +0800] "GET /manager-page/alarm/3-1.jpg?t=350189931 HTTP/1.1" 200 520364 "http://192.168.60.79/manager-page/home-3.php" "Mozilla/5.0 (Windows NT 10.0; Win64; x64) AppleWebKit/537.36 (KHTML, like Gecko) Chrome/135.0.0.0 Safari/537.36 Edg/135.0.0.0"
127.0.0.1 - - [22/Apr/2025:10:12:30 +0800] "GET /manager-page/api/snapshot.php?id=21&t=0.5546557465535271 HTTP/1.1" 200 45399 "http://127.0.0.1/manager-page/home-2.php" "Mozilla/5.0 (Windows NT 10.0; Win64; x64) AppleWebKit/537.36 (KHTML, like Gecko) Chrome/119.0.0.0 Safari/537.36"
172.16.36.181 - - [22/Apr/2025:10:12:28 +0800] "GET /manager-page/home-3.php HTTP/1.1" 200 27480 "-" "Mozilla/5.0 (Windows NT 10.0; Win64; x64) AppleWebKit/537.36 (KHTML, like Gecko) Chrome/135.0.0.0 Safari/537.36 Edg/135.0.0.0"
127.0.0.1 - - [22/Apr/2025:10:12:30 +0800] "GET /manager-page/api/snapshot.php?id=22&t=0.7783157286138065 HTTP/1.1" 200 40651 "http://127.0.0.1/manager-page/home-2.php" "Mozilla/5.0 (Windows NT 10.0; Win64; x64) AppleWebKit/537.36 (KHTML, like Gecko) Chrome/119.0.0.0 Safari/537.36"
172.16.36.181 - - [22/Apr/2025:10:12:29 +0800] "GET /manager-page/api/snapshot.php?id=31 HTTP/1.1" 200 55929 "http://192.168.60.79/manager-page/home-3.php" "Mozilla/5.0 (Windows NT 10.0; Win64; x64) AppleWebKit/537.36 (KHTML, like Gecko) Chrome/135.0.0.0 Safari/537.36 Edg/135.0.0.0"
172.16.36.181 - - [22/Apr/2025:10:12:29 +0800] "GET /manager-page/api/snapshot.php?id=32 HTTP/1.1" 200 52719 "http://192.168.60.79/manager-page/home-3.php" "Mozilla/5.0 (Windows NT 10.0; Win64; x64) AppleWebKit/537.36 (KHTML, like Gecko) Chrome/135.0.0.0 Safari/537.36 Edg/135.0.0.0"
172.16.36.181 - - [22/Apr/2025:10:12:30 +0800] "GET /manager-page/api/cms-status3.php HTTP/1.1" 200 12 "http://192.168.60.79/manager-page/home-3.php" "Mozilla/5.0 (Windows NT 10.0; Win64; x64) AppleWebKit/537.36 (KHTML, like Gecko) Chrome/135.0.0.0 Safari/537.36 Edg/135.0.0.0"
172.16.36.181 - - [22/Apr/2025:10:12:30 +0800] "GET /manager-page/api/lp-status3.php HTTP/1.1" 200 1 "http://192.168.60.79/manager-page/home-3.php" "Mozilla/5.0 (Windows NT 10.0; Win64; x64) AppleWebKit/537.36 (KHTML, like Gecko) Chrome/135.0.0.0 Safari/537.36 Edg/135.0.0.0"
172.16.36.181 - - [22/Apr/2025:10:12:35 +0800] "GET /manager-page/api/snapshot.php?id=32&t=0.8663185212643344 HTTP/1.1" 200 52995 "http://192.168.60.79/manager-page/home-3.php" "Mozilla/5.0 (Windows NT 10.0; Win64; x64) AppleWebKit/537.36 (KHTML, like Gecko) Chrome/135.0.0.0 Safari/537.36 Edg/135.0.0.0"
172.16.36.181 - - [22/Apr/2025:10:12:35 +0800] "GET /manager-page/api/snapshot.php?id=31&t=0.47778625541272357 HTTP/1.1" 200 56391 "http://192.168.60.79/manager-page/home-3.php" "Mozilla/5.0 (Windows NT 10.0; Win64; x64) AppleWebKit/537.36 (KHTML, like Gecko) Chrome/135.0.0.0 Safari/537.36 Edg/135.0.0.0"
111.70.30.250 - - [22/Apr/2025:10:12:39 +0800] "POST /robot/lora-in.php HTTP/1.1" 200 - "-" "python-requests/2.21.0"
172.16.36.181 - - [22/Apr/2025:10:12:40 +0800] "GET /manager-page/api/snapshot.php?id=31&t=0.19961960080610963 HTTP/1.1" 200 56390 "http://192.168.60.79/manager-page/home-3.php" "Mozilla/5.0 (Windows NT 10.0; Win64; x64) AppleWebKit/537.36 (KHTML, like Gecko) Chrome/135.0.0.0 Safari/537.36 Edg/135.0.0.0"
172.16.36.181 - - [22/Apr/2025:10:12:40 +0800] "GET /manager-page/api/snapshot.php?id=32&t=0.5348451613511034 HTTP/1.1" 200 52719 "http://192.168.60.79/manager-page/home-3.php" "Mozilla/5.0 (Windows NT 10.0; Win64; x64) AppleWebKit/537.36 (KHTML, like Gecko) Chrome/135.0.0.0 Safari/537.36 Edg/135.0.0.0"
172.16.36.181 - - [22/Apr/2025:10:12:46 +0800] "GET /manager-page/api/snapshot.php?id=31&t=0.1671173056706089 HTTP/1.1" 200 56349 "http://192.168.60.79/manager-page/home-3.php" "Mozilla/5.0 (Windows NT 10.0; Win64; x64) AppleWebKit/537.36 (KHTML, like Gecko) Chrome/135.0.0.0 Safari/537.36 Edg/135.0.0.0"
172.16.36.181 - - [22/Apr/2025:10:12:46 +0800] "GET /manager-page/api/snapshot.php?id=32&t=0.9685068530160262 HTTP/1.1" 200 53266 "http://192.168.60.79/manager-page/home-3.php" "Mozilla/5.0 (Windows NT 10.0; Win64; x64) AppleWebKit/537.36 (KHTML, like Gecko) Chrome/135.0.0.0 Safari/537.36 Edg/135.0.0.0"
172.16.36.181 - - [22/Apr/2025:10:12:51 +0800] "GET /manager-page/api/snapshot.php?id=32&t=0.6780881554048613 HTTP/1.1" 200 52815 "http://192.168.60.79/manager-page/home-3.php" "Mozilla/5.0 (Windows NT 10.0; Win64; x64) AppleWebKit/537.36 (KHTML, like Gecko) Chrome/135.0.0.0 Safari/537.36 Edg/135.0.0.0"
172.16.36.181 - - [22/Apr/2025:10:12:51 +0800] "GET /manager-page/api/snapshot.php?id=31&t=0.8897302444039591 HTTP/1.1" 200 56438 "http://192.168.60.79/manager-page/home-3.php" "Mozilla/5.0 (Windows NT 10.0; Win64; x64) AppleWebKit/537.36 (KHTML, like Gecko) Chrome/135.0.0.0 Safari/537.36 Edg/135.0.0.0"
172.16.36.181 - - [22/Apr/2025:10:12:56 +0800] "GET /manager-page/api/snapshot.php?id=32&t=0.9680454815388919 HTTP/1.1" 200 52775 "http://192.168.60.79/manager-page/home-3.php" "Mozilla/5.0 (Windows NT 10.0; Win64; x64) AppleWebKit/537.36 (KHTML, like Gecko) Chrome/135.0.0.0 Safari/537.36 Edg/135.0.0.0"
172.16.36.181 - - [22/Apr/2025:10:12:56 +0800] "GET /manager-page/api/snapshot.php?id=31&t=0.2828146248154866 HTTP/1.1" 200 56240 "http://192.168.60.79/manager-page/home-3.php" "Mozilla/5.0 (Windows NT 10.0; Win64; x64) AppleWebKit/537.36 (KHTML, like Gecko) Chrome/135.0.0.0 Safari/537.36 Edg/135.0.0.0"
127.0.0.1 - - [22/Apr/2025:10:13:00 +0800] "GET /robot/alarm-history-in.php HTTP/1.1" 200 - "-" "python-requests/2.28.1"
172.16.36.181 - - [22/Apr/2025:10:13:01 +0800] "GET /manager-page/api/snapshot.php?id=32&t=0.9591076428240106 HTTP/1.1" 200 52690 "http://192.168.60.79/manager-page/home-3.php" "Mozilla/5.0 (Windows NT 10.0; Win64; x64) AppleWebKit/537.36 (KHTML, like Gecko) Chrome/135.0.0.0 Safari/537.36 Edg/135.0.0.0"
172.16.36.181 - - [22/Apr/2025:10:13:01 +0800] "GET /manager-page/api/snapshot.php?id=31&t=0.038991297734047414 HTTP/1.1" 200 56450 "http://192.168.60.79/manager-page/home-3.php" "Mozilla/5.0 (Windows NT 10.0; Win64; x64) AppleWebKit/537.36 (KHTML, like Gecko) Chrome/135.0.0.0 Safari/537.36 Edg/135.0.0.0"
172.16.36.181 - - [22/Apr/2025:10:13:06 +0800] "GET /manager-page/api/snapshot.php?id=32&t=0.5820336282110653 HTTP/1.1" 200 52678 "http://192.168.60.79/manager-page/home-3.php" "Mozilla/5.0 (Windows NT 10.0; Win64; x64) AppleWebKit/537.36 (KHTML, like Gecko) Chrome/135.0.0.0 Safari/537.36 Edg/135.0.0.0"
172.16.36.181 - - [22/Apr/2025:10:13:06 +0800] "GET /manager-page/api/snapshot.php?id=31&t=0.5767114683119674 HTTP/1.1" 200 56153 "http://192.168.60.79/manager-page/home-3.php" "Mozilla/5.0 (Windows NT 10.0; Win64; x64) AppleWebKit/537.36 (KHTML, like Gecko) Chrome/135.0.0.0 Safari/537.36 Edg/135.0.0.0"
172.16.36.181 - - [22/Apr/2025:10:13:11 +0800] "GET /manager-page/api/snapshot.php?id=32&t=0.9145553557216441 HTTP/1.1" 200 52823 "http://192.168.60.79/manager-page/home-3.php" "Mozilla/5.0 (Windows NT 10.0; Win64; x64) AppleWebKit/537.36 (KHTML, like Gecko) Chrome/135.0.0.0 Safari/537.36 Edg/135.0.0.0"
172.16.36.181 - - [22/Apr/2025:10:13:11 +0800] "GET /manager-page/api/snapshot.php?id=31&t=0.1278429208780949 HTTP/1.1" 200 56490 "http://192.168.60.79/manager-page/home-3.php" "Mozilla/5.0 (Windows NT 10.0; Win64; x64) AppleWebKit/537.36 (KHTML, like Gecko) Chrome/135.0.0.0 Safari/537.36 Edg/135.0.0.0"
172.16.36.181 - - [22/Apr/2025:10:13:16 +0800] "GET /manager-page/api/snapshot.php?id=31&t=0.7102103826075667 HTTP/1.1" 200 56035 "http://192.168.60.79/manager-page/home-3.php" "Mozilla/5.0 (Windows NT 10.0; Win64; x64) AppleWebKit/537.36 (KHTML, like Gecko) Chrome/135.0.0.0 Safari/537.36 Edg/135.0.0.0"
172.16.36.181 - - [22/Apr/2025:10:13:16 +0800] "GET /manager-page/api/snapshot.php?id=32&t=0.868916810259965 HTTP/1.1" 200 52827 "http://192.168.60.79/manager-page/home-3.php" "Mozilla/5.0 (Windows NT 10.0; Win64; x64) AppleWebKit/537.36 (KHTML, like Gecko) Chrome/135.0.0.0 Safari/537.36 Edg/135.0.0.0"
172.16.36.181 - - [22/Apr/2025:10:13:21 +0800] "GET /manager-page/api/snapshot.php?id=31&t=0.5740411250542643 HTTP/1.1" 200 56367 "http://192.168.60.79/manager-page/home-3.php" "Mozilla/5.0 (Windows NT 10.0; Win64; x64) AppleWebKit/537.36 (KHTML, like Gecko) Chrome/135.0.0.0 Safari/537.36 Edg/135.0.0.0"
172.16.36.181 - - [22/Apr/2025:10:13:21 +0800] "GET /manager-page/api/snapshot.php?id=32&t=0.9677130855727958 HTTP/1.1" 200 52686 "http://192.168.60.79/manager-page/home-3.php" "Mozilla/5.0 (Windows NT 10.0; Win64; x64) AppleWebKit/537.36 (KHTML, like Gecko) Chrome/135.0.0.0 Safari/537.36 Edg/135.0.0.0"
172.16.36.181 - - [22/Apr/2025:10:13:26 +0800] "GET /manager-page/api/snapshot.php?id=31&t=0.4711020131695004 HTTP/1.1" 200 56398 "http://192.168.60.79/manager-page/home-3.php" "Mozilla/5.0 (Windows NT 10.0; Win64; x64) AppleWebKit/537.36 (KHTML, like Gecko) Chrome/135.0.0.0 Safari/537.36 Edg/135.0.0.0"
172.16.36.181 - - [22/Apr/2025:10:13:26 +0800] "GET /manager-page/api/snapshot.php?id=32&t=0.34306297868273417 HTTP/1.1" 200 52416 "http://192.168.60.79/manager-page/home-3.php" "Mozilla/5.0 (Windows NT 10.0; Win64; x64) AppleWebKit/537.36 (KHTML, like Gecko) Chrome/135.0.0.0 Safari/537.36 Edg/135.0.0.0"
127.0.0.1 - - [22/Apr/2025:10:13:30 +0800] "GET /manager-page/api/snapshot.php?id=21&t=0.9327480364789711 HTTP/1.1" 200 45188 "http://127.0.0.1/manager-page/home-2.php" "Mozilla/5.0 (Windows NT 10.0; Win64; x64) AppleWebKit/537.36 (KHTML, like Gecko) Chrome/119.0.0.0 Safari/537.36"
127.0.0.1 - - [22/Apr/2025:10:13:30 +0800] "GET /manager-page/api/snapshot.php?id=22&t=0.3948864102720935 HTTP/1.1" 200 40688 "http://127.0.0.1/manager-page/home-2.php" "Mozilla/5.0 (Windows NT 10.0; Win64; x64) AppleWebKit/537.36 (KHTML, like Gecko) Chrome/119.0.0.0 Safari/537.36"
172.16.36.181 - - [22/Apr/2025:10:13:31 +0800] "GET /manager-page/api/snapshot.php?id=32&t=0.5321040926998772 HTTP/1.1" 200 52500 "http://192.168.60.79/manager-page/home-3.php" "Mozilla/5.0 (Windows NT 10.0; Win64; x64) AppleWebKit/537.36 (KHTML, like Gecko) Chrome/135.0.0.0 Safari/537.36 Edg/135.0.0.0"
172.16.36.181 - - [22/Apr/2025:10:13:31 +0800] "GET /manager-page/api/snapshot.php?id=31&t=0.47653655275376094 HTTP/1.1" 200 56217 "http://192.168.60.79/manager-page/home-3.php" "Mozilla/5.0 (Windows NT 10.0; Win64; x64) AppleWebKit/537.36 (KHTML, like Gecko) Chrome/135.0.0.0 Safari/537.36 Edg/135.0.0.0"
172.16.36.181 - - [22/Apr/2025:10:13:36 +0800] "GET /manager-page/api/snapshot.php?id=32&t=0.8494362489396945 HTTP/1.1" 200 52454 "http://192.168.60.79/manager-page/home-3.php" "Mozilla/5.0 (Windows NT 10.0; Win64; x64) AppleWebKit/537.36 (KHTML, like Gecko) Chrome/135.0.0.0 Safari/537.36 Edg/135.0.0.0"
172.16.36.181 - - [22/Apr/2025:10:13:36 +0800] "GET /manager-page/api/snapshot.php?id=31&t=0.9057411058300533 HTTP/1.1" 200 56326 "http://192.168.60.79/manager-page/home-3.php" "Mozilla/5.0 (Windows NT 10.0; Win64; x64) AppleWebKit/537.36 (KHTML, like Gecko) Chrome/135.0.0.0 Safari/537.36 Edg/135.0.0.0"
127.0.0.1 - - [22/Apr/2025:10:13:46 +0800] "POST /robot/et-7026-in.php HTTP/1.1" 200 - "-" "python-requests/2.32.2"
127.0.0.1 - - [22/Apr/2025:10:14:00 +0800] "GET /robot/alarm-history-in.php HTTP/1.1" 200 - "-" "python-requests/2.28.1"
172.16.36.181 - - [22/Apr/2025:10:14:17 +0800] "GET /manager-page/api/snapshot.php?id=32&t=0.5098015292270272 HTTP/1.1" 200 52925 "http://192.168.60.79/manager-page/home-3.php" "Mozilla/5.0 (Windows NT 10.0; Win64; x64) AppleWebKit/537.36 (KHTML, like Gecko) Chrome/135.0.0.0 Safari/537.36 Edg/135.0.0.0"
172.16.36.181 - - [22/Apr/2025:10:14:17 +0800] "GET /manager-page/api/snapshot.php?id=31&t=0.45427170902479974 HTTP/1.1" 200 56685 "http://192.168.60.79/manager-page/home-3.php" "Mozilla/5.0 (Windows NT 10.0; Win64; x64) AppleWebKit/537.36 (KHTML, like Gecko) Chrome/135.0.0.0 Safari/537.36 Edg/135.0.0.0"
127.0.0.1 - - [22/Apr/2025:10:14:30 +0800] "GET /manager-page/api/snapshot.php?id=21&t=0.24808391386975814 HTTP/1.1" 200 45447 "http://127.0.0.1/manager-page/home-2.php" "Mozilla/5.0 (Windows NT 10.0; Win64; x64) AppleWebKit/537.36 (KHTML, like Gecko) Chrome/119.0.0.0 Safari/537.36"
127.0.0.1 - - [22/Apr/2025:10:14:30 +0800] "GET /manager-page/api/snapshot.php?id=22&t=0.9616075366483294 HTTP/1.1" 200 40773 "http://127.0.0.1/manager-page/home-2.php" "Mozilla/5.0 (Windows NT 10.0; Win64; x64) AppleWebKit/537.36 (KHTML, like Gecko) Chrome/119.0.0.0 Safari/537.36"
127.0.0.1 - - [22/Apr/2025:10:15:00 +0800] "GET /robot/alarm-history-in.php HTTP/1.1" 200 - "-" "python-requests/2.28.1"
172.16.36.181 - - [22/Apr/2025:10:15:17 +0800] "GET /manager-page/api/snapshot.php?id=32&t=0.8588008690050605 HTTP/1.1" 200 53381 "http://192.168.60.79/manager-page/home-3.php" "Mozilla/5.0 (Windows NT 10.0; Win64; x64) AppleWebKit/537.36 (KHTML, like Gecko) Chrome/135.0.0.0 Safari/537.36 Edg/135.0.0.0"
172.16.36.181 - - [22/Apr/2025:10:15:17 +0800] "GET /manager-page/api/snapshot.php?id=31&t=0.555841144411925 HTTP/1.1" 200 57428 "http://192.168.60.79/manager-page/home-3.php" "Mozilla/5.0 (Windows NT 10.0; Win64; x64) AppleWebKit/537.36 (KHTML, like Gecko) Chrome/135.0.0.0 Safari/537.36 Edg/135.0.0.0"
127.0.0.1 - - [22/Apr/2025:10:15:30 +0800] "GET /manager-page/api/snapshot.php?id=22&t=0.7363069340936763 HTTP/1.1" 200 40767 "http://127.0.0.1/manager-page/home-2.php" "Mozilla/5.0 (Windows NT 10.0; Win64; x64) AppleWebKit/537.36 (KHTML, like Gecko) Chrome/119.0.0.0 Safari/537.36"
127.0.0.1 - - [22/Apr/2025:10:15:30 +0800] "GET /manager-page/api/snapshot.php?id=21&t=0.4637027676742038 HTTP/1.1" 200 45348 "http://127.0.0.1/manager-page/home-2.php" "Mozilla/5.0 (Windows NT 10.0; Win64; x64) AppleWebKit/537.36 (KHTML, like Gecko) Chrome/119.0.0.0 Safari/537.36"
127.0.0.1 - - [22/Apr/2025:10:16:00 +0800] "GET /robot/alarm-history-in.php HTTP/1.1" 200 - "-" "python-requests/2.28.1"
172.16.36.181 - - [22/Apr/2025:10:16:17 +0800] "GET /manager-page/api/snapshot.php?id=31&t=0.2805180634639407 HTTP/1.1" 200 57093 "http://192.168.60.79/manager-page/home-3.php" "Mozilla/5.0 (Windows NT 10.0; Win64; x64) AppleWebKit/537.36 (KHTML, like Gecko) Chrome/135.0.0.0 Safari/537.36 Edg/135.0.0.0"
172.16.36.181 - - [22/Apr/2025:10:16:17 +0800] "GET /manager-page/api/snapshot.php?id=32&t=0.4831238871631194 HTTP/1.1" 200 53188 "http://192.168.60.79/manager-page/home-3.php" "Mozilla/5.0 (Windows NT 10.0; Win64; x64) AppleWebKit/537.36 (KHTML, like Gecko) Chrome/135.0.0.0 Safari/537.36 Edg/135.0.0.0"
127.0.0.1 - - [22/Apr/2025:10:16:30 +0800] "GET /manager-page/api/snapshot.php?id=21&t=0.3687070108286816 HTTP/1.1" 200 44350 "http://127.0.0.1/manager-page/home-2.php" "Mozilla/5.0 (Windows NT 10.0; Win64; x64) AppleWebKit/537.36 (KHTML, like Gecko) Chrome/119.0.0.0 Safari/537.36"
127.0.0.1 - - [22/Apr/2025:10:16:30 +0800] "GET /manager-page/api/snapshot.php?id=22&t=0.08898555713444711 HTTP/1.1" 200 40524 "http://127.0.0.1/manager-page/home-2.php" "Mozilla/5.0 (Windows NT 10.0; Win64; x64) AppleWebKit/537.36 (KHTML, like Gecko) Chrome/119.0.0.0 Safari/537.36"
127.0.0.1 - - [22/Apr/2025:10:16:44 +0800] "POST /robot/et-7026-in.php HTTP/1.1" 200 - "-" "python-requests/2.32.2"
127.0.0.1 - - [22/Apr/2025:10:16:55 +0800] "POST /robot/et-7026-in.php HTTP/1.1" 200 - "-" "python-requests/2.32.2"
127.0.0.1 - - [22/Apr/2025:10:17:00 +0800] "GET /robot/alarm-history-in.php HTTP/1.1" 200 - "-" "python-requests/2.28.1"
172.16.36.181 - - [22/Apr/2025:10:17:17 +0800] "GET /manager-page/api/snapshot.php?id=32&t=0.31690123687465255 HTTP/1.1" 200 53285 "http://192.168.60.79/manager-page/home-3.php" "Mozilla/5.0 (Windows NT 10.0; Win64; x64) AppleWebKit/537.36 (KHTML, like Gecko) Chrome/135.0.0.0 Safari/537.36 Edg/135.0.0.0"
172.16.36.181 - - [22/Apr/2025:10:17:17 +0800] "GET /manager-page/api/snapshot.php?id=31&t=0.41684500443862327 HTTP/1.1" 200 57251 "http://192.168.60.79/manager-page/home-3.php" "Mozilla/5.0 (Windows NT 10.0; Win64; x64) AppleWebKit/537.36 (KHTML, like Gecko) Chrome/135.0.0.0 Safari/537.36 Edg/135.0.0.0"
127.0.0.1 - - [22/Apr/2025:10:17:30 +0800] "GET /manager-page/api/snapshot.php?id=21&t=0.5710221354583007 HTTP/1.1" 200 44278 "http://127.0.0.1/manager-page/home-2.php" "Mozilla/5.0 (Windows NT 10.0; Win64; x64) AppleWebKit/537.36 (KHTML, like Gecko) Chrome/119.0.0.0 Safari/537.36"
127.0.0.1 - - [22/Apr/2025:10:17:30 +0800] "GET /manager-page/api/snapshot.php?id=22&t=0.3030982955803807 HTTP/1.1" 200 39892 "http://127.0.0.1/manager-page/home-2.php" "Mozilla/5.0 (Windows NT 10.0; Win64; x64) AppleWebKit/537.36 (KHTML, like Gecko) Chrome/119.0.0.0 Safari/537.36"
127.0.0.1 - - [22/Apr/2025:10:18:00 +0800] "GET /robot/alarm-history-in.php HTTP/1.1" 200 - "-" "python-requests/2.28.1"
172.16.36.181 - - [22/Apr/2025:10:18:17 +0800] "GET /manager-page/api/snapshot.php?id=31&t=0.5835635284645141 HTTP/1.1" 200 56284 "http://192.168.60.79/manager-page/home-3.php" "Mozilla/5.0 (Windows NT 10.0; Win64; x64) AppleWebKit/537.36 (KHTML, like Gecko) Chrome/135.0.0.0 Safari/537.36 Edg/135.0.0.0"
172.16.36.181 - - [22/Apr/2025:10:18:17 +0800] "GET /manager-page/api/snapshot.php?id=32&t=0.18552004323694893 HTTP/1.1" 200 53455 "http://192.168.60.79/manager-page/home-3.php" "Mozilla/5.0 (Windows NT 10.0; Win64; x64) AppleWebKit/537.36 (KHTML, like Gecko) Chrome/135.0.0.0 Safari/537.36 Edg/135.0.0.0"
127.0.0.1 - - [22/Apr/2025:10:18:30 +0800] "GET /manager-page/api/snapshot.php?id=22&t=0.3326024967008989 HTTP/1.1" 200 39865 "http://127.0.0.1/manager-page/home-2.php" "Mozilla/5.0 (Windows NT 10.0; Win64; x64) AppleWebKit/537.36 (KHTML, like Gecko) Chrome/119.0.0.0 Safari/537.36"
127.0.0.1 - - [22/Apr/2025:10:18:30 +0800] "GET /manager-page/api/snapshot.php?id=21&t=0.9306657547006945 HTTP/1.1" 200 44163 "http://127.0.0.1/manager-page/home-2.php" "Mozilla/5.0 (Windows NT 10.0; Win64; x64) AppleWebKit/537.36 (KHTML, like Gecko) Chrome/119.0.0.0 Safari/537.36"
127.0.0.1 - - [22/Apr/2025:10:18:44 +0800] "POST /robot/et-7026-in.php HTTP/1.1" 200 - "-" "python-requests/2.32.2"
111.70.30.252 - - [22/Apr/2025:10:18:50 +0800] "POST /robot/lora-in.php HTTP/1.1" 200 - "-" "python-requests/2.21.0"
127.0.0.1 - - [22/Apr/2025:10:19:00 +0800] "GET /robot/alarm-history-in.php HTTP/1.1" 200 - "-" "python-requests/2.28.1"
111.70.30.251 - - [22/Apr/2025:10:18:58 +0800] "POST /robot/lora-in.php HTTP/1.1" 200 - "-" "python-requests/2.21.0"
172.16.36.181 - - [22/Apr/2025:10:19:17 +0800] "GET /manager-page/api/snapshot.php?id=31&t=0.3495859966578527 HTTP/1.1" 200 57194 "http://192.168.60.79/manager-page/home-3.php" "Mozilla/5.0 (Windows NT 10.0; Win64; x64) AppleWebKit/537.36 (KHTML, like Gecko) Chrome/135.0.0.0 Safari/537.36 Edg/135.0.0.0"
172.16.36.181 - - [22/Apr/2025:10:19:17 +0800] "GET /manager-page/api/snapshot.php?id=32&t=0.4450534619090194 HTTP/1.1" 200 53692 "http://192.168.60.79/manager-page/home-3.php" "Mozilla/5.0 (Windows NT 10.0; Win64; x64) AppleWebKit/537.36 (KHTML, like Gecko) Chrome/135.0.0.0 Safari/537.36 Edg/135.0.0.0"
127.0.0.1 - - [22/Apr/2025:10:19:26 +0800] "GET /get-setting.json HTTP/1.1" 200 2315 "-" "python-requests/2.31.0"
127.0.0.1 - - [22/Apr/2025:10:19:26 +0800] "POST /robot/lora-in.php HTTP/1.1" 200 - "-" "python-requests/2.31.0"
127.0.0.1 - - [22/Apr/2025:10:19:30 +0800] "GET /manager-page/api/snapshot.php?id=21&t=0.29602586509548545 HTTP/1.1" 200 43680 "http://127.0.0.1/manager-page/home-2.php" "Mozilla/5.0 (Windows NT 10.0; Win64; x64) AppleWebKit/537.36 (KHTML, like Gecko) Chrome/119.0.0.0 Safari/537.36"
127.0.0.1 - - [22/Apr/2025:10:19:30 +0800] "GET /manager-page/api/snapshot.php?id=22&t=0.17466189822082634 HTTP/1.1" 200 39295 "http://127.0.0.1/manager-page/home-2.php" "Mozilla/5.0 (Windows NT 10.0; Win64; x64) AppleWebKit/537.36 (KHTML, like Gecko) Chrome/119.0.0.0 Safari/537.36"
127.0.0.1 - - [22/Apr/2025:10:19:34 +0800] "POST /robot/lora-in.php HTTP/1.1" 200 - "-" "python-requests/2.31.0"
111.70.30.251 - - [22/Apr/2025:10:19:55 +0800] "POST /robot/lora-in.php HTTP/1.1" 200 - "-" "python-requests/2.21.0"
127.0.0.1 - - [22/Apr/2025:10:20:00 +0800] "GET /robot/alarm-history-in.php HTTP/1.1" 200 - "-" "python-requests/2.28.1"
127.0.0.1 - - [22/Apr/2025:10:20:04 +0800] "POST /robot/lora-in.php HTTP/1.1" 200 - "-" "python-requests/2.31.0"
127.0.0.1 - - [22/Apr/2025:10:20:06 +0800] "POST /robot/lora-in.php HTTP/1.1" 200 - "-" "python-requests/2.31.0"
127.0.0.1 - - [22/Apr/2025:10:20:08 +0800] "POST /robot/lora-in.php HTTP/1.1" 200 - "-" "python-requests/2.31.0"
127.0.0.1 - - [22/Apr/2025:10:20:17 +0800] "POST /robot/lora-in.php HTTP/1.1" 200 - "-" "python-requests/2.31.0"
172.16.36.181 - - [22/Apr/2025:10:20:17 +0800] "GET /manager-page/api/snapshot.php?id=31&t=0.6099191553417779 HTTP/1.1" 200 58570 "http://192.168.60.79/manager-page/home-3.php" "Mozilla/5.0 (Windows NT 10.0; Win64; x64) AppleWebKit/537.36 (KHTML, like Gecko) Chrome/135.0.0.0 Safari/537.36 Edg/135.0.0.0"
172.16.36.181 - - [22/Apr/2025:10:20:17 +0800] "GET /manager-page/api/snapshot.php?id=32&t=0.6777876914996394 HTTP/1.1" 200 54209 "http://192.168.60.79/manager-page/home-3.php" "Mozilla/5.0 (Windows NT 10.0; Win64; x64) AppleWebKit/537.36 (KHTML, like Gecko) Chrome/135.0.0.0 Safari/537.36 Edg/135.0.0.0"
111.70.30.253 - - [22/Apr/2025:10:20:31 +0800] "POST /robot/lora-in.php HTTP/1.1" 200 - "-" "python-requests/2.21.0"
127.0.0.1 - - [22/Apr/2025:10:20:32 +0800] "GET /manager-page/api/snapshot.php?id=22&t=0.32612574879388245 HTTP/1.1" 200 39422 "http://127.0.0.1/manager-page/home-2.php" "Mozilla/5.0 (Windows NT 10.0; Win64; x64) AppleWebKit/537.36 (KHTML, like Gecko) Chrome/119.0.0.0 Safari/537.36"
127.0.0.1 - - [22/Apr/2025:10:20:32 +0800] "GET /manager-page/api/snapshot.php?id=21&t=0.43531012910297395 HTTP/1.1" 200 44227 "http://127.0.0.1/manager-page/home-2.php" "Mozilla/5.0 (Windows NT 10.0; Win64; x64) AppleWebKit/537.36 (KHTML, like Gecko) Chrome/119.0.0.0 Safari/537.36"
127.0.0.1 - - [22/Apr/2025:10:21:00 +0800] "GET /robot/alarm-history-in.php HTTP/1.1" 200 - "-" "python-requests/2.28.1"
111.70.30.250 - - [22/Apr/2025:10:21:14 +0800] "POST /robot/lora-in.php HTTP/1.1" 200 - "-" "python-requests/2.21.0"
172.16.36.181 - - [22/Apr/2025:10:21:17 +0800] "GET /manager-page/api/snapshot.php?id=32&t=0.2702257699353404 HTTP/1.1" 200 54135 "http://192.168.60.79/manager-page/home-3.php" "Mozilla/5.0 (Windows NT 10.0; Win64; x64) AppleWebKit/537.36 (KHTML, like Gecko) Chrome/135.0.0.0 Safari/537.36 Edg/135.0.0.0"
172.16.36.181 - - [22/Apr/2025:10:21:17 +0800] "GET /manager-page/api/snapshot.php?id=31&t=0.9007959175983212 HTTP/1.1" 200 57242 "http://192.168.60.79/manager-page/home-3.php" "Mozilla/5.0 (Windows NT 10.0; Win64; x64) AppleWebKit/537.36 (KHTML, like Gecko) Chrome/135.0.0.0 Safari/537.36 Edg/135.0.0.0"
127.0.0.1 - - [22/Apr/2025:10:21:30 +0800] "GET /manager-page/api/snapshot.php?id=21&t=0.21406925225464724 HTTP/1.1" 200 44280 "http://127.0.0.1/manager-page/home-2.php" "Mozilla/5.0 (Windows NT 10.0; Win64; x64) AppleWebKit/537.36 (KHTML, like Gecko) Chrome/119.0.0.0 Safari/537.36"
127.0.0.1 - - [22/Apr/2025:10:21:30 +0800] "GET /manager-page/api/snapshot.php?id=22&t=0.056076815313603756 HTTP/1.1" 200 39496 "http://127.0.0.1/manager-page/home-2.php" "Mozilla/5.0 (Windows NT 10.0; Win64; x64) AppleWebKit/537.36 (KHTML, like Gecko) Chrome/119.0.0.0 Safari/537.36"
127.0.0.1 - - [22/Apr/2025:10:22:00 +0800] "GET /robot/alarm-history-in.php HTTP/1.1" 200 - "-" "python-requests/2.28.1"
172.16.36.181 - - [22/Apr/2025:10:22:17 +0800] "GET /manager-page/api/snapshot.php?id=31&t=0.8627951738153464 HTTP/1.1" 200 58318 "http://192.168.60.79/manager-page/home-3.php" "Mozilla/5.0 (Windows NT 10.0; Win64; x64) AppleWebKit/537.36 (KHTML, like Gecko) Chrome/135.0.0.0 Safari/537.36 Edg/135.0.0.0"
172.16.36.181 - - [22/Apr/2025:10:22:17 +0800] "GET /manager-page/api/snapshot.php?id=32&t=0.6812597772421211 HTTP/1.1" 200 54732 "http://192.168.60.79/manager-page/home-3.php" "Mozilla/5.0 (Windows NT 10.0; Win64; x64) AppleWebKit/537.36 (KHTML, like Gecko) Chrome/135.0.0.0 Safari/537.36 Edg/135.0.0.0"
127.0.0.1 - - [22/Apr/2025:10:22:30 +0800] "GET /manager-page/api/snapshot.php?id=21&t=0.9157553701531864 HTTP/1.1" 200 43955 "http://127.0.0.1/manager-page/home-2.php" "Mozilla/5.0 (Windows NT 10.0; Win64; x64) AppleWebKit/537.36 (KHTML, like Gecko) Chrome/119.0.0.0 Safari/537.36"
127.0.0.1 - - [22/Apr/2025:10:22:30 +0800] "GET /manager-page/api/snapshot.php?id=22&t=0.581960730631065 HTTP/1.1" 200 39462 "http://127.0.0.1/manager-page/home-2.php" "Mozilla/5.0 (Windows NT 10.0; Win64; x64) AppleWebKit/537.36 (KHTML, like Gecko) Chrome/119.0.0.0 Safari/537.36"
127.0.0.1 - - [22/Apr/2025:10:23:00 +0800] "GET /robot/alarm-history-in.php HTTP/1.1" 200 - "-" "python-requests/2.28.1"
172.16.36.181 - - [22/Apr/2025:10:23:17 +0800] "GET /manager-page/api/snapshot.php?id=32&t=0.39569684282573103 HTTP/1.1" 200 54149 "http://192.168.60.79/manager-page/home-3.php" "Mozilla/5.0 (Windows NT 10.0; Win64; x64) AppleWebKit/537.36 (KHTML, like Gecko) Chrome/135.0.0.0 Safari/537.36 Edg/135.0.0.0"
172.16.36.181 - - [22/Apr/2025:10:23:17 +0800] "GET /manager-page/api/snapshot.php?id=31&t=0.47124577040909743 HTTP/1.1" 200 57685 "http://192.168.60.79/manager-page/home-3.php" "Mozilla/5.0 (Windows NT 10.0; Win64; x64) AppleWebKit/537.36 (KHTML, like Gecko) Chrome/135.0.0.0 Safari/537.36 Edg/135.0.0.0"
127.0.0.1 - - [22/Apr/2025:10:23:30 +0800] "GET /manager-page/api/snapshot.php?id=22&t=0.5760699939436171 HTTP/1.1" 200 39602 "http://127.0.0.1/manager-page/home-2.php" "Mozilla/5.0 (Windows NT 10.0; Win64; x64) AppleWebKit/537.36 (KHTML, like Gecko) Chrome/119.0.0.0 Safari/537.36"
127.0.0.1 - - [22/Apr/2025:10:23:30 +0800] "GET /manager-page/api/snapshot.php?id=21&t=0.3578295880271751 HTTP/1.1" 200 43768 "http://127.0.0.1/manager-page/home-2.php" "Mozilla/5.0 (Windows NT 10.0; Win64; x64) AppleWebKit/537.36 (KHTML, like Gecko) Chrome/119.0.0.0 Safari/537.36"
127.0.0.1 - - [22/Apr/2025:10:23:47 +0800] "POST /robot/et-7026-in.php HTTP/1.1" 200 - "-" "python-requests/2.32.2"
127.0.0.1 - - [22/Apr/2025:10:24:00 +0800] "GET /robot/alarm-history-in.php HTTP/1.1" 200 - "-" "python-requests/2.28.1"
172.16.36.181 - - [22/Apr/2025:10:24:17 +0800] "GET /manager-page/api/snapshot.php?id=31&t=0.6138498190753027 HTTP/1.1" 200 57294 "http://192.168.60.79/manager-page/home-3.php" "Mozilla/5.0 (Windows NT 10.0; Win64; x64) AppleWebKit/537.36 (KHTML, like Gecko) Chrome/135.0.0.0 Safari/537.36 Edg/135.0.0.0"
172.16.36.181 - - [22/Apr/2025:10:24:17 +0800] "GET /manager-page/api/snapshot.php?id=32&t=0.12782703005377816 HTTP/1.1" 200 55264 "http://192.168.60.79/manager-page/home-3.php" "Mozilla/5.0 (Windows NT 10.0; Win64; x64) AppleWebKit/537.36 (KHTML, like Gecko) Chrome/135.0.0.0 Safari/537.36 Edg/135.0.0.0"
127.0.0.1 - - [22/Apr/2025:10:24:30 +0800] "GET /manager-page/api/snapshot.php?id=22&t=0.8040755849853416 HTTP/1.1" 200 39267 "http://127.0.0.1/manager-page/home-2.php" "Mozilla/5.0 (Windows NT 10.0; Win64; x64) AppleWebKit/537.36 (KHTML, like Gecko) Chrome/119.0.0.0 Safari/537.36"
127.0.0.1 - - [22/Apr/2025:10:24:30 +0800] "GET /manager-page/api/snapshot.php?id=21&t=0.7350725479449827 HTTP/1.1" 200 43618 "http://127.0.0.1/manager-page/home-2.php" "Mozilla/5.0 (Windows NT 10.0; Win64; x64) AppleWebKit/537.36 (KHTML, like Gecko) Chrome/119.0.0.0 Safari/537.36"
127.0.0.1 - - [22/Apr/2025:10:25:00 +0800] "GET /robot/alarm-history-in.php HTTP/1.1" 200 - "-" "python-requests/2.28.1"
172.16.36.181 - - [22/Apr/2025:10:25:09 +0800] "GET /manager-page/api/snapshot.php?id=31&t=0.7154623319890048 HTTP/1.1" 200 57678 "http://192.168.60.79/manager-page/home-3.php" "Mozilla/5.0 (Windows NT 10.0; Win64; x64) AppleWebKit/537.36 (KHTML, like Gecko) Chrome/135.0.0.0 Safari/537.36 Edg/135.0.0.0"
172.16.36.181 - - [22/Apr/2025:10:25:09 +0800] "GET /manager-page/api/snapshot.php?id=32&t=0.9916314381590224 HTTP/1.1" 200 54046 "http://192.168.60.79/manager-page/home-3.php" "Mozilla/5.0 (Windows NT 10.0; Win64; x64) AppleWebKit/537.36 (KHTML, like Gecko) Chrome/135.0.0.0 Safari/537.36 Edg/135.0.0.0"
172.16.36.181 - - [22/Apr/2025:10:25:10 +0800] "GET /manager-page/api/snapshot.php?id=32&t=0.4197456142571071 HTTP/1.1" 200 53966 "http://192.168.60.79/manager-page/home-3.php" "Mozilla/5.0 (Windows NT 10.0; Win64; x64) AppleWebKit/537.36 (KHTML, like Gecko) Chrome/135.0.0.0 Safari/537.36 Edg/135.0.0.0"
172.16.36.181 - - [22/Apr/2025:10:25:10 +0800] "GET /manager-page/api/snapshot.php?id=31&t=0.9853540317618077 HTTP/1.1" 200 57677 "http://192.168.60.79/manager-page/home-3.php" "Mozilla/5.0 (Windows NT 10.0; Win64; x64) AppleWebKit/537.36 (KHTML, like Gecko) Chrome/135.0.0.0 Safari/537.36 Edg/135.0.0.0"
172.16.36.181 - - [22/Apr/2025:10:25:11 +0800] "GET /manager-page/alarm/1-2.jpg?t=311567796 HTTP/1.1" 200 282261 "http://192.168.60.79/manager-page/home-1.php" "Mozilla/5.0 (Windows NT 10.0; Win64; x64) AppleWebKit/537.36 (KHTML, like Gecko) Chrome/135.0.0.0 Safari/537.36 Edg/135.0.0.0"
172.16.36.181 - - [22/Apr/2025:10:25:11 +0800] "GET /manager-page/alarm/1-1.jpg?t=2062589384 HTTP/1.1" 200 322868 "http://192.168.60.79/manager-page/home-1.php" "Mozilla/5.0 (Windows NT 10.0; Win64; x64) AppleWebKit/537.36 (KHTML, like Gecko) Chrome/135.0.0.0 Safari/537.36 Edg/135.0.0.0"
172.16.36.181 - - [22/Apr/2025:10:25:11 +0800] "GET /manager-page/home-1.php HTTP/1.1" 200 27472 "http://192.168.60.79/manager-page/home-3.php" "Mozilla/5.0 (Windows NT 10.0; Win64; x64) AppleWebKit/537.36 (KHTML, like Gecko) Chrome/135.0.0.0 Safari/537.36 Edg/135.0.0.0"
172.16.36.181 - - [22/Apr/2025:10:25:11 +0800] "GET /manager-page/api/snapshot.php?id=11 HTTP/1.1" 200 49915 "http://192.168.60.79/manager-page/home-1.php" "Mozilla/5.0 (Windows NT 10.0; Win64; x64) AppleWebKit/537.36 (KHTML, like Gecko) Chrome/135.0.0.0 Safari/537.36 Edg/135.0.0.0"
172.16.36.181 - - [22/Apr/2025:10:25:11 +0800] "GET /manager-page/api/snapshot.php?id=12 HTTP/1.1" 200 50616 "http://192.168.60.79/manager-page/home-1.php" "Mozilla/5.0 (Windows NT 10.0; Win64; x64) AppleWebKit/537.36 (KHTML, like Gecko) Chrome/135.0.0.0 Safari/537.36 Edg/135.0.0.0"
172.16.36.181 - - [22/Apr/2025:10:25:13 +0800] "GET /manager-page/api/cms-status1.php HTTP/1.1" 200 12 "http://192.168.60.79/manager-page/home-1.php" "Mozilla/5.0 (Windows NT 10.0; Win64; x64) AppleWebKit/537.36 (KHTML, like Gecko) Chrome/135.0.0.0 Safari/537.36 Edg/135.0.0.0"
172.16.36.181 - - [22/Apr/2025:10:25:13 +0800] "GET /manager-page/api/lp-status1.php HTTP/1.1" 200 1 "http://192.168.60.79/manager-page/home-1.php" "Mozilla/5.0 (Windows NT 10.0; Win64; x64) AppleWebKit/537.36 (KHTML, like Gecko) Chrome/135.0.0.0 Safari/537.36 Edg/135.0.0.0"
172.16.36.181 - - [22/Apr/2025:10:25:18 +0800] "GET /manager-page/api/snapshot.php?id=12&t=0.4210918523506372 HTTP/1.1" 200 50709 "http://192.168.60.79/manager-page/home-1.php" "Mozilla/5.0 (Windows NT 10.0; Win64; x64) AppleWebKit/537.36 (KHTML, like Gecko) Chrome/135.0.0.0 Safari/537.36 Edg/135.0.0.0"
172.16.36.181 - - [22/Apr/2025:10:25:18 +0800] "GET /manager-page/api/snapshot.php?id=11&t=0.8070728601969386 HTTP/1.1" 200 49577 "http://192.168.60.79/manager-page/home-1.php" "Mozilla/5.0 (Windows NT 10.0; Win64; x64) AppleWebKit/537.36 (KHTML, like Gecko) Chrome/135.0.0.0 Safari/537.36 Edg/135.0.0.0"
172.16.36.181 - - [22/Apr/2025:10:25:23 +0800] "GET /manager-page/api/snapshot.php?id=12&t=0.025103892724700594 HTTP/1.1" 200 50801 "http://192.168.60.79/manager-page/home-1.php" "Mozilla/5.0 (Windows NT 10.0; Win64; x64) AppleWebKit/537.36 (KHTML, like Gecko) Chrome/135.0.0.0 Safari/537.36 Edg/135.0.0.0"
172.16.36.181 - - [22/Apr/2025:10:25:23 +0800] "GET /manager-page/api/snapshot.php?id=11&t=0.8535365461465506 HTTP/1.1" 200 50070 "http://192.168.60.79/manager-page/home-1.php" "Mozilla/5.0 (Windows NT 10.0; Win64; x64) AppleWebKit/537.36 (KHTML, like Gecko) Chrome/135.0.0.0 Safari/537.36 Edg/135.0.0.0"
172.16.36.181 - - [22/Apr/2025:10:25:28 +0800] "GET /manager-page/api/snapshot.php?id=11&t=0.7893976080121361 HTTP/1.1" 200 49609 "http://192.168.60.79/manager-page/home-1.php" "Mozilla/5.0 (Windows NT 10.0; Win64; x64) AppleWebKit/537.36 (KHTML, like Gecko) Chrome/135.0.0.0 Safari/537.36 Edg/135.0.0.0"
172.16.36.181 - - [22/Apr/2025:10:25:28 +0800] "GET /manager-page/api/snapshot.php?id=12&t=0.7285216408649946 HTTP/1.1" 200 50658 "http://192.168.60.79/manager-page/home-1.php" "Mozilla/5.0 (Windows NT 10.0; Win64; x64) AppleWebKit/537.36 (KHTML, like Gecko) Chrome/135.0.0.0 Safari/537.36 Edg/135.0.0.0"
127.0.0.1 - - [22/Apr/2025:10:25:30 +0800] "GET /manager-page/api/snapshot.php?id=21&t=0.6570473731520274 HTTP/1.1" 200 43757 "http://127.0.0.1/manager-page/home-2.php" "Mozilla/5.0 (Windows NT 10.0; Win64; x64) AppleWebKit/537.36 (KHTML, like Gecko) Chrome/119.0.0.0 Safari/537.36"
127.0.0.1 - - [22/Apr/2025:10:25:30 +0800] "GET /manager-page/api/snapshot.php?id=22&t=0.6395879715557777 HTTP/1.1" 200 39332 "http://127.0.0.1/manager-page/home-2.php" "Mozilla/5.0 (Windows NT 10.0; Win64; x64) AppleWebKit/537.36 (KHTML, like Gecko) Chrome/119.0.0.0 Safari/537.36"
172.16.36.181 - - [22/Apr/2025:10:25:33 +0800] "GET /manager-page/api/snapshot.php?id=11&t=0.8402555769122835 HTTP/1.1" 200 49912 "http://192.168.60.79/manager-page/home-1.php" "Mozilla/5.0 (Windows NT 10.0; Win64; x64) AppleWebKit/537.36 (KHTML, like Gecko) Chrome/135.0.0.0 Safari/537.36 Edg/135.0.0.0"
172.16.36.181 - - [22/Apr/2025:10:25:33 +0800] "GET /manager-page/api/snapshot.php?id=12&t=0.49385357832874976 HTTP/1.1" 200 50088 "http://192.168.60.79/manager-page/home-1.php" "Mozilla/5.0 (Windows NT 10.0; Win64; x64) AppleWebKit/537.36 (KHTML, like Gecko) Chrome/135.0.0.0 Safari/537.36 Edg/135.0.0.0"
172.16.36.181 - - [22/Apr/2025:10:25:38 +0800] "GET /manager-page/api/snapshot.php?id=11&t=0.573749808403347 HTTP/1.1" 200 49958 "http://192.168.60.79/manager-page/home-1.php" "Mozilla/5.0 (Windows NT 10.0; Win64; x64) AppleWebKit/537.36 (KHTML, like Gecko) Chrome/135.0.0.0 Safari/537.36 Edg/135.0.0.0"
172.16.36.181 - - [22/Apr/2025:10:25:38 +0800] "GET /manager-page/api/snapshot.php?id=12&t=0.6199935014517935 HTTP/1.1" 200 50547 "http://192.168.60.79/manager-page/home-1.php" "Mozilla/5.0 (Windows NT 10.0; Win64; x64) AppleWebKit/537.36 (KHTML, like Gecko) Chrome/135.0.0.0 Safari/537.36 Edg/135.0.0.0"
172.16.36.181 - - [22/Apr/2025:10:25:43 +0800] "GET /manager-page/api/snapshot.php?id=12&t=0.3147886403498311 HTTP/1.1" 200 50709 "http://192.168.60.79/manager-page/home-1.php" "Mozilla/5.0 (Windows NT 10.0; Win64; x64) AppleWebKit/537.36 (KHTML, like Gecko) Chrome/135.0.0.0 Safari/537.36 Edg/135.0.0.0"
172.16.36.181 - - [22/Apr/2025:10:25:43 +0800] "GET /manager-page/api/snapshot.php?id=11&t=0.3109172898382446 HTTP/1.1" 200 50278 "http://192.168.60.79/manager-page/home-1.php" "Mozilla/5.0 (Windows NT 10.0; Win64; x64) AppleWebKit/537.36 (KHTML, like Gecko) Chrome/135.0.0.0 Safari/537.36 Edg/135.0.0.0"
172.16.36.181 - - [22/Apr/2025:10:25:48 +0800] "GET /manager-page/api/snapshot.php?id=11&t=0.9715705996885464 HTTP/1.1" 200 49943 "http://192.168.60.79/manager-page/home-1.php" "Mozilla/5.0 (Windows NT 10.0; Win64; x64) AppleWebKit/537.36 (KHTML, like Gecko) Chrome/135.0.0.0 Safari/537.36 Edg/135.0.0.0"
172.16.36.181 - - [22/Apr/2025:10:25:48 +0800] "GET /manager-page/api/snapshot.php?id=12&t=0.7868810153385662 HTTP/1.1" 200 50437 "http://192.168.60.79/manager-page/home-1.php" "Mozilla/5.0 (Windows NT 10.0; Win64; x64) AppleWebKit/537.36 (KHTML, like Gecko) Chrome/135.0.0.0 Safari/537.36 Edg/135.0.0.0"
172.16.36.181 - - [22/Apr/2025:10:25:53 +0800] "GET /manager-page/api/snapshot.php?id=11&t=0.7602775038253798 HTTP/1.1" 200 50003 "http://192.168.60.79/manager-page/home-1.php" "Mozilla/5.0 (Windows NT 10.0; Win64; x64) AppleWebKit/537.36 (KHTML, like Gecko) Chrome/135.0.0.0 Safari/537.36 Edg/135.0.0.0"
172.16.36.181 - - [22/Apr/2025:10:25:53 +0800] "GET /manager-page/api/snapshot.php?id=12&t=0.33722226206137595 HTTP/1.1" 200 50489 "http://192.168.60.79/manager-page/home-1.php" "Mozilla/5.0 (Windows NT 10.0; Win64; x64) AppleWebKit/537.36 (KHTML, like Gecko) Chrome/135.0.0.0 Safari/537.36 Edg/135.0.0.0"
172.16.36.181 - - [22/Apr/2025:10:25:58 +0800] "GET /manager-page/api/snapshot.php?id=12&t=0.39623027973658576 HTTP/1.1" 200 50576 "http://192.168.60.79/manager-page/home-1.php" "Mozilla/5.0 (Windows NT 10.0; Win64; x64) AppleWebKit/537.36 (KHTML, like Gecko) Chrome/135.0.0.0 Safari/537.36 Edg/135.0.0.0"
172.16.36.181 - - [22/Apr/2025:10:25:58 +0800] "GET /manager-page/api/snapshot.php?id=11&t=0.30335710633741897 HTTP/1.1" 200 49960 "http://192.168.60.79/manager-page/home-1.php" "Mozilla/5.0 (Windows NT 10.0; Win64; x64) AppleWebKit/537.36 (KHTML, like Gecko) Chrome/135.0.0.0 Safari/537.36 Edg/135.0.0.0"
127.0.0.1 - - [22/Apr/2025:10:26:00 +0800] "GET /robot/alarm-history-in.php HTTP/1.1" 200 - "-" "python-requests/2.28.1"
172.16.36.181 - - [22/Apr/2025:10:26:03 +0800] "GET /manager-page/api/snapshot.php?id=12&t=0.051123824798197326 HTTP/1.1" 200 50656 "http://192.168.60.79/manager-page/home-1.php" "Mozilla/5.0 (Windows NT 10.0; Win64; x64) AppleWebKit/537.36 (KHTML, like Gecko) Chrome/135.0.0.0 Safari/537.36 Edg/135.0.0.0"
172.16.36.181 - - [22/Apr/2025:10:26:03 +0800] "GET /manager-page/api/snapshot.php?id=11&t=0.819312211813573 HTTP/1.1" 200 50577 "http://192.168.60.79/manager-page/home-1.php" "Mozilla/5.0 (Windows NT 10.0; Win64; x64) AppleWebKit/537.36 (KHTML, like Gecko) Chrome/135.0.0.0 Safari/537.36 Edg/135.0.0.0"
172.16.36.181 - - [22/Apr/2025:10:26:08 +0800] "GET /manager-page/api/snapshot.php?id=11&t=0.19888149865716565 HTTP/1.1" 200 49731 "http://192.168.60.79/manager-page/home-1.php" "Mozilla/5.0 (Windows NT 10.0; Win64; x64) AppleWebKit/537.36 (KHTML, like Gecko) Chrome/135.0.0.0 Safari/537.36 Edg/135.0.0.0"
172.16.36.181 - - [22/Apr/2025:10:26:08 +0800] "GET /manager-page/api/snapshot.php?id=12&t=0.8416468987882307 HTTP/1.1" 200 50615 "http://192.168.60.79/manager-page/home-1.php" "Mozilla/5.0 (Windows NT 10.0; Win64; x64) AppleWebKit/537.36 (KHTML, like Gecko) Chrome/135.0.0.0 Safari/537.36 Edg/135.0.0.0"
172.16.36.181 - - [22/Apr/2025:10:26:13 +0800] "GET /manager-page/api/snapshot.php?id=11&t=0.07332515313978472 HTTP/1.1" 200 49833 "http://192.168.60.79/manager-page/home-1.php" "Mozilla/5.0 (Windows NT 10.0; Win64; x64) AppleWebKit/537.36 (KHTML, like Gecko) Chrome/135.0.0.0 Safari/537.36 Edg/135.0.0.0"
172.16.36.181 - - [22/Apr/2025:10:26:13 +0800] "GET /manager-page/api/snapshot.php?id=12&t=0.8149453499707191 HTTP/1.1" 200 50739 "http://192.168.60.79/manager-page/home-1.php" "Mozilla/5.0 (Windows NT 10.0; Win64; x64) AppleWebKit/537.36 (KHTML, like Gecko) Chrome/135.0.0.0 Safari/537.36 Edg/135.0.0.0"
172.16.36.181 - - [22/Apr/2025:10:26:18 +0800] "GET /manager-page/api/snapshot.php?id=12&t=0.9570409129535087 HTTP/1.1" 200 50423 "http://192.168.60.79/manager-page/home-1.php" "Mozilla/5.0 (Windows NT 10.0; Win64; x64) AppleWebKit/537.36 (KHTML, like Gecko) Chrome/135.0.0.0 Safari/537.36 Edg/135.0.0.0"
172.16.36.181 - - [22/Apr/2025:10:26:18 +0800] "GET /manager-page/api/snapshot.php?id=11&t=0.16663001887547368 HTTP/1.1" 200 50046 "http://192.168.60.79/manager-page/home-1.php" "Mozilla/5.0 (Windows NT 10.0; Win64; x64) AppleWebKit/537.36 (KHTML, like Gecko) Chrome/135.0.0.0 Safari/537.36 Edg/135.0.0.0"
172.16.36.181 - - [22/Apr/2025:10:26:23 +0800] "GET /manager-page/api/snapshot.php?id=12&t=0.24388766832287623 HTTP/1.1" 200 50511 "http://192.168.60.79/manager-page/home-1.php" "Mozilla/5.0 (Windows NT 10.0; Win64; x64) AppleWebKit/537.36 (KHTML, like Gecko) Chrome/135.0.0.0 Safari/537.36 Edg/135.0.0.0"
172.16.36.181 - - [22/Apr/2025:10:26:23 +0800] "GET /manager-page/api/snapshot.php?id=11&t=0.7529870417989464 HTTP/1.1" 200 49525 "http://192.168.60.79/manager-page/home-1.php" "Mozilla/5.0 (Windows NT 10.0; Win64; x64) AppleWebKit/537.36 (KHTML, like Gecko) Chrome/135.0.0.0 Safari/537.36 Edg/135.0.0.0"
