127.0.0.1 - - [11/Sep/2025:08:00:00 +0800] "GET /robot/alarm-history-in.php HTTP/1.1" 200 - "-" "python-requests/2.28.1"
127.0.0.1 - - [11/Sep/2025:08:00:00 +0800] "GET /manager-page/daily/send.php HTTP/1.1" 200 - "-" "python-requests/2.28.1"
127.0.0.1 - - [11/Sep/2025:08:00:00 +0800] "GET /manager-page/daily/send2.php HTTP/1.1" 200 - "-" "python-requests/2.28.1"
127.0.0.1 - - [11/Sep/2025:08:00:48 +0800] "POST /robot/et-7026-in.php HTTP/1.1" 200 - "-" "python-requests/2.32.2"
127.0.0.1 - - [11/Sep/2025:08:01:00 +0800] "GET /robot/alarm-history-in.php HTTP/1.1" 200 - "-" "python-requests/2.28.1"
127.0.0.1 - - [11/Sep/2025:08:01:16 +0800] "POST /robot/et-7026-in.php HTTP/1.1" 200 - "-" "python-requests/2.32.2"
127.0.0.1 - - [11/Sep/2025:08:01:29 +0800] "POST /robot/et-7026-in.php HTTP/1.1" 200 - "-" "python-requests/2.32.2"
127.0.0.1 - - [11/Sep/2025:08:01:42 +0800] "POST /robot/et-7026-in.php HTTP/1.1" 200 - "-" "python-requests/2.32.2"
127.0.0.1 - - [11/Sep/2025:08:02:00 +0800] "GET /robot/alarm-history-in.php HTTP/1.1" 200 - "-" "python-requests/2.28.1"
111.70.30.251 - - [11/Sep/2025:08:02:35 +0800] "POST /robot/lora-in.php HTTP/1.1" 200 - "-" "python-requests/2.21.0"
111.70.30.253 - - [11/Sep/2025:08:02:51 +0800] "POST /robot/lora-in.php HTTP/1.1" 200 - "-" "python-requests/2.21.0"
172.16.36.181 - - [11/Sep/2025:08:02:57 +0800] "GET /manager-page/home-3.php HTTP/1.1" 302 - "-" "Mozilla/5.0 (Windows NT 10.0; Win64; x64) AppleWebKit/537.36 (KHTML, like Gecko) Chrome/140.0.0.0 Safari/537.36 Edg/140.0.0.0"
172.16.36.181 - - [11/Sep/2025:08:02:57 +0800] "GET /manager-page/login.php HTTP/1.1" 200 2365 "-" "Mozilla/5.0 (Windows NT 10.0; Win64; x64) AppleWebKit/537.36 (KHTML, like Gecko) Chrome/140.0.0.0 Safari/537.36 Edg/140.0.0.0"
172.16.36.181 - - [11/Sep/2025:08:02:58 +0800] "GET /favicon.ico HTTP/1.1" 404 196 "http://192.168.60.79/manager-page/login.php" "Mozilla/5.0 (Windows NT 10.0; Win64; x64) AppleWebKit/537.36 (KHTML, like Gecko) Chrome/140.0.0.0 Safari/537.36 Edg/140.0.0.0"
127.0.0.1 - - [11/Sep/2025:08:03:00 +0800] "GET /robot/alarm-history-in.php HTTP/1.1" 200 - "-" "python-requests/2.28.1"
172.16.36.181 - - [11/Sep/2025:08:03:09 +0800] "POST /manager-page/login.php HTTP/1.1" 302 - "http://192.168.60.79/manager-page/login.php" "Mozilla/5.0 (Windows NT 10.0; Win64; x64) AppleWebKit/537.36 (KHTML, like Gecko) Chrome/140.0.0.0 Safari/537.36 Edg/140.0.0.0"
172.16.36.181 - - [11/Sep/2025:08:03:09 +0800] "GET /manager-page/home.php HTTP/1.1" 302 - "http://192.168.60.79/manager-page/login.php" "Mozilla/5.0 (Windows NT 10.0; Win64; x64) AppleWebKit/537.36 (KHTML, like Gecko) Chrome/140.0.0.0 Safari/537.36 Edg/140.0.0.0"
172.16.36.181 - - [11/Sep/2025:08:03:09 +0800] "GET /manager-page/alarm/1-1.jpg?t=448390782 HTTP/1.1" 200 322868 "http://192.168.60.79/manager-page/home-1.php" "Mozilla/5.0 (Windows NT 10.0; Win64; x64) AppleWebKit/537.36 (KHTML, like Gecko) Chrome/140.0.0.0 Safari/537.36 Edg/140.0.0.0"
172.16.36.181 - - [11/Sep/2025:08:03:09 +0800] "GET /manager-page/alarm/1-2.jpg?t=576833012 HTTP/1.1" 200 495492 "http://192.168.60.79/manager-page/home-1.php" "Mozilla/5.0 (Windows NT 10.0; Win64; x64) AppleWebKit/537.36 (KHTML, like Gecko) Chrome/140.0.0.0 Safari/537.36 Edg/140.0.0.0"
172.16.36.181 - - [11/Sep/2025:08:03:09 +0800] "GET /manager-page/home-1.php HTTP/1.1" 200 27472 "http://192.168.60.79/manager-page/login.php" "Mozilla/5.0 (Windows NT 10.0; Win64; x64) AppleWebKit/537.36 (KHTML, like Gecko) Chrome/140.0.0.0 Safari/537.36 Edg/140.0.0.0"
172.16.36.181 - - [11/Sep/2025:08:03:09 +0800] "GET /manager-page/api/snapshot.php?id=11 HTTP/1.1" 200 40117 "http://192.168.60.79/manager-page/home-1.php" "Mozilla/5.0 (Windows NT 10.0; Win64; x64) AppleWebKit/537.36 (KHTML, like Gecko) Chrome/140.0.0.0 Safari/537.36 Edg/140.0.0.0"
172.16.36.181 - - [11/Sep/2025:08:03:09 +0800] "GET /manager-page/api/snapshot.php?id=12 HTTP/1.1" 200 48458 "http://192.168.60.79/manager-page/home-1.php" "Mozilla/5.0 (Windows NT 10.0; Win64; x64) AppleWebKit/537.36 (KHTML, like Gecko) Chrome/140.0.0.0 Safari/537.36 Edg/140.0.0.0"
172.16.36.181 - - [11/Sep/2025:08:03:12 +0800] "GET /manager-page/api/cms-status1.php HTTP/1.1" 200 12 "http://192.168.60.79/manager-page/home-1.php" "Mozilla/5.0 (Windows NT 10.0; Win64; x64) AppleWebKit/537.36 (KHTML, like Gecko) Chrome/140.0.0.0 Safari/537.36 Edg/140.0.0.0"
172.16.36.181 - - [11/Sep/2025:08:03:12 +0800] "GET /manager-page/api/lp-status1.php HTTP/1.1" 200 1 "http://192.168.60.79/manager-page/home-1.php" "Mozilla/5.0 (Windows NT 10.0; Win64; x64) AppleWebKit/537.36 (KHTML, like Gecko) Chrome/140.0.0.0 Safari/537.36 Edg/140.0.0.0"
172.16.36.181 - - [11/Sep/2025:08:03:17 +0800] "GET /manager-page/api/snapshot.php?id=11&t=0.34962702146113267 HTTP/1.1" 200 40169 "http://192.168.60.79/manager-page/home-1.php" "Mozilla/5.0 (Windows NT 10.0; Win64; x64) AppleWebKit/537.36 (KHTML, like Gecko) Chrome/140.0.0.0 Safari/537.36 Edg/140.0.0.0"
172.16.36.181 - - [11/Sep/2025:08:03:17 +0800] "GET /manager-page/api/snapshot.php?id=12&t=0.8552556401418504 HTTP/1.1" 200 48373 "http://192.168.60.79/manager-page/home-1.php" "Mozilla/5.0 (Windows NT 10.0; Win64; x64) AppleWebKit/537.36 (KHTML, like Gecko) Chrome/140.0.0.0 Safari/537.36 Edg/140.0.0.0"
172.16.36.181 - - [11/Sep/2025:08:03:22 +0800] "GET /manager-page/api/snapshot.php?id=12&t=0.08433756456318986 HTTP/1.1" 200 48410 "http://192.168.60.79/manager-page/home-1.php" "Mozilla/5.0 (Windows NT 10.0; Win64; x64) AppleWebKit/537.36 (KHTML, like Gecko) Chrome/140.0.0.0 Safari/537.36 Edg/140.0.0.0"
172.16.36.181 - - [11/Sep/2025:08:03:22 +0800] "GET /manager-page/api/snapshot.php?id=11&t=0.04557043726140397 HTTP/1.1" 200 40282 "http://192.168.60.79/manager-page/home-1.php" "Mozilla/5.0 (Windows NT 10.0; Win64; x64) AppleWebKit/537.36 (KHTML, like Gecko) Chrome/140.0.0.0 Safari/537.36 Edg/140.0.0.0"
172.16.36.181 - - [11/Sep/2025:08:03:27 +0800] "GET /manager-page/api/snapshot.php?id=12&t=0.45083090727860287 HTTP/1.1" 200 48415 "http://192.168.60.79/manager-page/home-1.php" "Mozilla/5.0 (Windows NT 10.0; Win64; x64) AppleWebKit/537.36 (KHTML, like Gecko) Chrome/140.0.0.0 Safari/537.36 Edg/140.0.0.0"
172.16.36.181 - - [11/Sep/2025:08:03:27 +0800] "GET /manager-page/api/snapshot.php?id=11&t=0.6546942860143257 HTTP/1.1" 200 40172 "http://192.168.60.79/manager-page/home-1.php" "Mozilla/5.0 (Windows NT 10.0; Win64; x64) AppleWebKit/537.36 (KHTML, like Gecko) Chrome/140.0.0.0 Safari/537.36 Edg/140.0.0.0"
172.16.36.181 - - [11/Sep/2025:08:03:32 +0800] "GET /manager-page/api/snapshot.php?id=11&t=0.1355500175861939 HTTP/1.1" 200 40185 "http://192.168.60.79/manager-page/home-1.php" "Mozilla/5.0 (Windows NT 10.0; Win64; x64) AppleWebKit/537.36 (KHTML, like Gecko) Chrome/140.0.0.0 Safari/537.36 Edg/140.0.0.0"
172.16.36.181 - - [11/Sep/2025:08:03:32 +0800] "GET /manager-page/api/snapshot.php?id=12&t=0.5601858937638952 HTTP/1.1" 200 48404 "http://192.168.60.79/manager-page/home-1.php" "Mozilla/5.0 (Windows NT 10.0; Win64; x64) AppleWebKit/537.36 (KHTML, like Gecko) Chrome/140.0.0.0 Safari/537.36 Edg/140.0.0.0"
172.16.36.181 - - [11/Sep/2025:08:03:37 +0800] "GET /manager-page/api/snapshot.php?id=11&t=0.30863319470145245 HTTP/1.1" 200 40300 "http://192.168.60.79/manager-page/home-1.php" "Mozilla/5.0 (Windows NT 10.0; Win64; x64) AppleWebKit/537.36 (KHTML, like Gecko) Chrome/140.0.0.0 Safari/537.36 Edg/140.0.0.0"
172.16.36.181 - - [11/Sep/2025:08:03:37 +0800] "GET /manager-page/api/snapshot.php?id=12&t=0.30306500848207396 HTTP/1.1" 200 48382 "http://192.168.60.79/manager-page/home-1.php" "Mozilla/5.0 (Windows NT 10.0; Win64; x64) AppleWebKit/537.36 (KHTML, like Gecko) Chrome/140.0.0.0 Safari/537.36 Edg/140.0.0.0"
172.16.36.181 - - [11/Sep/2025:08:03:42 +0800] "GET /manager-page/api/snapshot.php?id=11&t=0.6615458334784905 HTTP/1.1" 200 40266 "http://192.168.60.79/manager-page/home-1.php" "Mozilla/5.0 (Windows NT 10.0; Win64; x64) AppleWebKit/537.36 (KHTML, like Gecko) Chrome/140.0.0.0 Safari/537.36 Edg/140.0.0.0"
172.16.36.181 - - [11/Sep/2025:08:03:42 +0800] "GET /manager-page/api/snapshot.php?id=12&t=0.06944739308077819 HTTP/1.1" 200 49274 "http://192.168.60.79/manager-page/home-1.php" "Mozilla/5.0 (Windows NT 10.0; Win64; x64) AppleWebKit/537.36 (KHTML, like Gecko) Chrome/140.0.0.0 Safari/537.36 Edg/140.0.0.0"
172.16.36.181 - - [11/Sep/2025:08:03:47 +0800] "GET /manager-page/api/snapshot.php?id=12&t=0.7641117190657246 HTTP/1.1" 200 48442 "http://192.168.60.79/manager-page/home-1.php" "Mozilla/5.0 (Windows NT 10.0; Win64; x64) AppleWebKit/537.36 (KHTML, like Gecko) Chrome/140.0.0.0 Safari/537.36 Edg/140.0.0.0"
172.16.36.181 - - [11/Sep/2025:08:03:47 +0800] "GET /manager-page/api/snapshot.php?id=11&t=0.49871823527791626 HTTP/1.1" 200 40431 "http://192.168.60.79/manager-page/home-1.php" "Mozilla/5.0 (Windows NT 10.0; Win64; x64) AppleWebKit/537.36 (KHTML, like Gecko) Chrome/140.0.0.0 Safari/537.36 Edg/140.0.0.0"
172.16.36.181 - - [11/Sep/2025:08:03:52 +0800] "GET /manager-page/api/snapshot.php?id=11&t=0.6057509366165497 HTTP/1.1" 200 40279 "http://192.168.60.79/manager-page/home-1.php" "Mozilla/5.0 (Windows NT 10.0; Win64; x64) AppleWebKit/537.36 (KHTML, like Gecko) Chrome/140.0.0.0 Safari/537.36 Edg/140.0.0.0"
172.16.36.181 - - [11/Sep/2025:08:03:52 +0800] "GET /manager-page/api/snapshot.php?id=12&t=0.8162961641615453 HTTP/1.1" 200 48383 "http://192.168.60.79/manager-page/home-1.php" "Mozilla/5.0 (Windows NT 10.0; Win64; x64) AppleWebKit/537.36 (KHTML, like Gecko) Chrome/140.0.0.0 Safari/537.36 Edg/140.0.0.0"
172.16.36.181 - - [11/Sep/2025:08:03:57 +0800] "GET /manager-page/api/snapshot.php?id=12&t=0.21960758318568196 HTTP/1.1" 200 48368 "http://192.168.60.79/manager-page/home-1.php" "Mozilla/5.0 (Windows NT 10.0; Win64; x64) AppleWebKit/537.36 (KHTML, like Gecko) Chrome/140.0.0.0 Safari/537.36 Edg/140.0.0.0"
172.16.36.181 - - [11/Sep/2025:08:03:57 +0800] "GET /manager-page/api/snapshot.php?id=11&t=0.019999064018023205 HTTP/1.1" 200 40151 "http://192.168.60.79/manager-page/home-1.php" "Mozilla/5.0 (Windows NT 10.0; Win64; x64) AppleWebKit/537.36 (KHTML, like Gecko) Chrome/140.0.0.0 Safari/537.36 Edg/140.0.0.0"
127.0.0.1 - - [11/Sep/2025:08:04:00 +0800] "GET /robot/alarm-history-in.php HTTP/1.1" 200 - "-" "python-requests/2.28.1"
172.16.36.181 - - [11/Sep/2025:08:04:02 +0800] "GET /manager-page/api/snapshot.php?id=12&t=0.30043574131046447 HTTP/1.1" 200 48442 "http://192.168.60.79/manager-page/home-1.php" "Mozilla/5.0 (Windows NT 10.0; Win64; x64) AppleWebKit/537.36 (KHTML, like Gecko) Chrome/140.0.0.0 Safari/537.36 Edg/140.0.0.0"
172.16.36.181 - - [11/Sep/2025:08:04:02 +0800] "GET /manager-page/api/snapshot.php?id=11&t=0.8649325223135669 HTTP/1.1" 200 40361 "http://192.168.60.79/manager-page/home-1.php" "Mozilla/5.0 (Windows NT 10.0; Win64; x64) AppleWebKit/537.36 (KHTML, like Gecko) Chrome/140.0.0.0 Safari/537.36 Edg/140.0.0.0"
172.16.36.181 - - [11/Sep/2025:08:04:07 +0800] "GET /manager-page/api/snapshot.php?id=12&t=0.08223080065269206 HTTP/1.1" 200 48605 "http://192.168.60.79/manager-page/home-1.php" "Mozilla/5.0 (Windows NT 10.0; Win64; x64) AppleWebKit/537.36 (KHTML, like Gecko) Chrome/140.0.0.0 Safari/537.36 Edg/140.0.0.0"
172.16.36.181 - - [11/Sep/2025:08:04:07 +0800] "GET /manager-page/api/snapshot.php?id=11&t=0.6646614352401073 HTTP/1.1" 200 40413 "http://192.168.60.79/manager-page/home-1.php" "Mozilla/5.0 (Windows NT 10.0; Win64; x64) AppleWebKit/537.36 (KHTML, like Gecko) Chrome/140.0.0.0 Safari/537.36 Edg/140.0.0.0"
172.16.36.181 - - [11/Sep/2025:08:04:24 +0800] "GET /manager-page/api/snapshot.php?id=11&t=0.2987929523655871 HTTP/1.1" 500 - "http://192.168.60.79/manager-page/home-1.php" "Mozilla/5.0 (Windows NT 10.0; Win64; x64) AppleWebKit/537.36 (KHTML, like Gecko) Chrome/140.0.0.0 Safari/537.36 Edg/140.0.0.0"
172.16.36.181 - - [11/Sep/2025:08:04:24 +0800] "GET /manager-page/api/snapshot.php?id=12&t=0.4062931767882303 HTTP/1.1" 500 - "http://192.168.60.79/manager-page/home-1.php" "Mozilla/5.0 (Windows NT 10.0; Win64; x64) AppleWebKit/537.36 (KHTML, like Gecko) Chrome/140.0.0.0 Safari/537.36 Edg/140.0.0.0"
172.16.36.181 - - [11/Sep/2025:08:04:29 +0800] "GET /manager-page/live/1-1.jpg HTTP/1.1" 200 39997 "http://192.168.60.79/manager-page/home-1.php" "Mozilla/5.0 (Windows NT 10.0; Win64; x64) AppleWebKit/537.36 (KHTML, like Gecko) Chrome/140.0.0.0 Safari/537.36 Edg/140.0.0.0"
172.16.36.181 - - [11/Sep/2025:08:04:29 +0800] "GET /manager-page/live/1-2.jpg HTTP/1.1" 200 48402 "http://192.168.60.79/manager-page/home-1.php" "Mozilla/5.0 (Windows NT 10.0; Win64; x64) AppleWebKit/537.36 (KHTML, like Gecko) Chrome/140.0.0.0 Safari/537.36 Edg/140.0.0.0"
127.0.0.1 - - [11/Sep/2025:08:05:00 +0800] "GET /robot/alarm-history-in.php HTTP/1.1" 200 - "-" "python-requests/2.28.1"
172.16.36.181 - - [11/Sep/2025:08:05:24 +0800] "GET /manager-page/api/snapshot.php?id=12&t=0.29181947993653234 HTTP/1.1" 200 48334 "http://192.168.60.79/manager-page/home-1.php" "Mozilla/5.0 (Windows NT 10.0; Win64; x64) AppleWebKit/537.36 (KHTML, like Gecko) Chrome/140.0.0.0 Safari/537.36 Edg/140.0.0.0"
172.16.36.181 - - [11/Sep/2025:08:05:24 +0800] "GET /manager-page/api/snapshot.php?id=11&t=0.10892692190434061 HTTP/1.1" 200 40189 "http://192.168.60.79/manager-page/home-1.php" "Mozilla/5.0 (Windows NT 10.0; Win64; x64) AppleWebKit/537.36 (KHTML, like Gecko) Chrome/140.0.0.0 Safari/537.36 Edg/140.0.0.0"
127.0.0.1 - - [11/Sep/2025:08:06:00 +0800] "GET /robot/alarm-history-in.php HTTP/1.1" 200 - "-" "python-requests/2.28.1"
172.16.36.181 - - [11/Sep/2025:08:06:24 +0800] "GET /manager-page/api/snapshot.php?id=11&t=0.2908997662276285 HTTP/1.1" 200 40215 "http://192.168.60.79/manager-page/home-1.php" "Mozilla/5.0 (Windows NT 10.0; Win64; x64) AppleWebKit/537.36 (KHTML, like Gecko) Chrome/140.0.0.0 Safari/537.36 Edg/140.0.0.0"
172.16.36.181 - - [11/Sep/2025:08:06:24 +0800] "GET /manager-page/api/snapshot.php?id=12&t=0.09097541474133741 HTTP/1.1" 200 48361 "http://192.168.60.79/manager-page/home-1.php" "Mozilla/5.0 (Windows NT 10.0; Win64; x64) AppleWebKit/537.36 (KHTML, like Gecko) Chrome/140.0.0.0 Safari/537.36 Edg/140.0.0.0"
127.0.0.1 - - [11/Sep/2025:08:07:00 +0800] "GET /robot/alarm-history-in.php HTTP/1.1" 200 - "-" "python-requests/2.28.1"
172.16.36.181 - - [11/Sep/2025:08:07:24 +0800] "GET /manager-page/api/snapshot.php?id=12&t=0.2603820641253165 HTTP/1.1" 200 48317 "http://192.168.60.79/manager-page/home-1.php" "Mozilla/5.0 (Windows NT 10.0; Win64; x64) AppleWebKit/537.36 (KHTML, like Gecko) Chrome/140.0.0.0 Safari/537.36 Edg/140.0.0.0"
172.16.36.181 - - [11/Sep/2025:08:07:24 +0800] "GET /manager-page/api/snapshot.php?id=11&t=0.2698273771111751 HTTP/1.1" 200 40183 "http://192.168.60.79/manager-page/home-1.php" "Mozilla/5.0 (Windows NT 10.0; Win64; x64) AppleWebKit/537.36 (KHTML, like Gecko) Chrome/140.0.0.0 Safari/537.36 Edg/140.0.0.0"
111.70.30.250 - - [11/Sep/2025:08:07:50 +0800] "POST /robot/lora-in.php HTTP/1.1" 200 - "-" "python-requests/2.21.0"
127.0.0.1 - - [11/Sep/2025:08:08:00 +0800] "GET /robot/alarm-history-in.php HTTP/1.1" 200 - "-" "python-requests/2.28.1"
127.0.0.1 - - [11/Sep/2025:08:08:09 +0800] "GET /get-setting.json HTTP/1.1" 200 2314 "-" "python-requests/2.31.0"
127.0.0.1 - - [11/Sep/2025:08:08:09 +0800] "POST /robot/lora-in.php HTTP/1.1" 200 - "-" "python-requests/2.31.0"
127.0.0.1 - - [11/Sep/2025:08:08:15 +0800] "POST /robot/lora-in.php HTTP/1.1" 200 - "-" "python-requests/2.31.0"
111.70.30.252 - - [11/Sep/2025:08:08:23 +0800] "POST /robot/lora-in.php HTTP/1.1" 200 - "-" "python-requests/2.21.0"
127.0.0.1 - - [11/Sep/2025:08:08:24 +0800] "POST /robot/lora-in.php HTTP/1.1" 200 - "-" "python-requests/2.31.0"
172.16.36.181 - - [11/Sep/2025:08:08:24 +0800] "GET /manager-page/api/snapshot.php?id=11&t=0.7545547217913673 HTTP/1.1" 200 40401 "http://192.168.60.79/manager-page/home-1.php" "Mozilla/5.0 (Windows NT 10.0; Win64; x64) AppleWebKit/537.36 (KHTML, like Gecko) Chrome/140.0.0.0 Safari/537.36 Edg/140.0.0.0"
172.16.36.181 - - [11/Sep/2025:08:08:24 +0800] "GET /manager-page/api/snapshot.php?id=12&t=0.28204343267435505 HTTP/1.1" 200 48242 "http://192.168.60.79/manager-page/home-1.php" "Mozilla/5.0 (Windows NT 10.0; Win64; x64) AppleWebKit/537.36 (KHTML, like Gecko) Chrome/140.0.0.0 Safari/537.36 Edg/140.0.0.0"
127.0.0.1 - - [11/Sep/2025:08:08:30 +0800] "POST /robot/lora-in.php HTTP/1.1" 200 - "-" "python-requests/2.31.0"
127.0.0.1 - - [11/Sep/2025:08:08:31 +0800] "POST /robot/lora-in.php HTTP/1.1" 200 - "-" "python-requests/2.31.0"
127.0.0.1 - - [11/Sep/2025:08:08:39 +0800] "POST /robot/lora-in.php HTTP/1.1" 200 - "-" "python-requests/2.31.0"
127.0.0.1 - - [11/Sep/2025:08:08:45 +0800] "POST /robot/lora-in.php HTTP/1.1" 200 - "-" "python-requests/2.31.0"
127.0.0.1 - - [11/Sep/2025:08:08:49 +0800] "POST /robot/lora-in.php HTTP/1.1" 200 - "-" "python-requests/2.31.0"
127.0.0.1 - - [11/Sep/2025:08:09:00 +0800] "GET /robot/alarm-history-in.php HTTP/1.1" 200 - "-" "python-requests/2.28.1"
172.16.36.181 - - [11/Sep/2025:08:09:24 +0800] "GET /manager-page/api/snapshot.php?id=12&t=0.517428713928582 HTTP/1.1" 200 48228 "http://192.168.60.79/manager-page/home-1.php" "Mozilla/5.0 (Windows NT 10.0; Win64; x64) AppleWebKit/537.36 (KHTML, like Gecko) Chrome/140.0.0.0 Safari/537.36 Edg/140.0.0.0"
172.16.36.181 - - [11/Sep/2025:08:09:24 +0800] "GET /manager-page/api/snapshot.php?id=11&t=0.4157571659721615 HTTP/1.1" 200 41219 "http://192.168.60.79/manager-page/home-1.php" "Mozilla/5.0 (Windows NT 10.0; Win64; x64) AppleWebKit/537.36 (KHTML, like Gecko) Chrome/140.0.0.0 Safari/537.36 Edg/140.0.0.0"
127.0.0.1 - - [11/Sep/2025:08:10:00 +0800] "GET /robot/alarm-history-in.php HTTP/1.1" 200 - "-" "python-requests/2.28.1"
172.16.36.181 - - [11/Sep/2025:08:10:24 +0800] "GET /manager-page/api/snapshot.php?id=11&t=0.23646531373685775 HTTP/1.1" 200 40474 "http://192.168.60.79/manager-page/home-1.php" "Mozilla/5.0 (Windows NT 10.0; Win64; x64) AppleWebKit/537.36 (KHTML, like Gecko) Chrome/140.0.0.0 Safari/537.36 Edg/140.0.0.0"
172.16.36.181 - - [11/Sep/2025:08:10:24 +0800] "GET /manager-page/api/snapshot.php?id=12&t=0.0956502708179261 HTTP/1.1" 200 48313 "http://192.168.60.79/manager-page/home-1.php" "Mozilla/5.0 (Windows NT 10.0; Win64; x64) AppleWebKit/537.36 (KHTML, like Gecko) Chrome/140.0.0.0 Safari/537.36 Edg/140.0.0.0"
127.0.0.1 - - [11/Sep/2025:08:10:48 +0800] "POST /robot/et-7026-in.php HTTP/1.1" 200 - "-" "python-requests/2.32.2"
127.0.0.1 - - [11/Sep/2025:08:11:00 +0800] "GET /robot/alarm-history-in.php HTTP/1.1" 200 - "-" "python-requests/2.28.1"
111.70.30.251 - - [11/Sep/2025:08:11:11 +0800] "POST /robot/lora-in.php HTTP/1.1" 200 - "-" "python-requests/2.21.0"
127.0.0.1 - - [11/Sep/2025:08:11:17 +0800] "POST /robot/et-7026-in.php HTTP/1.1" 200 - "-" "python-requests/2.32.2"
172.16.36.181 - - [11/Sep/2025:08:11:24 +0800] "GET /manager-page/api/snapshot.php?id=11&t=0.06485726890624433 HTTP/1.1" 200 40494 "http://192.168.60.79/manager-page/home-1.php" "Mozilla/5.0 (Windows NT 10.0; Win64; x64) AppleWebKit/537.36 (KHTML, like Gecko) Chrome/140.0.0.0 Safari/537.36 Edg/140.0.0.0"
172.16.36.181 - - [11/Sep/2025:08:11:24 +0800] "GET /manager-page/api/snapshot.php?id=12&t=0.14662446707347254 HTTP/1.1" 200 48518 "http://192.168.60.79/manager-page/home-1.php" "Mozilla/5.0 (Windows NT 10.0; Win64; x64) AppleWebKit/537.36 (KHTML, like Gecko) Chrome/140.0.0.0 Safari/537.36 Edg/140.0.0.0"
127.0.0.1 - - [11/Sep/2025:08:11:31 +0800] "POST /robot/et-7026-in.php HTTP/1.1" 200 - "-" "python-requests/2.32.2"
111.70.30.253 - - [11/Sep/2025:08:11:35 +0800] "POST /robot/lora-in.php HTTP/1.1" 200 - "-" "python-requests/2.21.0"
127.0.0.1 - - [11/Sep/2025:08:11:45 +0800] "POST /robot/et-7026-in.php HTTP/1.1" 200 - "-" "python-requests/2.32.2"
127.0.0.1 - - [11/Sep/2025:08:12:00 +0800] "GET /robot/alarm-history-in.php HTTP/1.1" 200 - "-" "python-requests/2.28.1"
172.16.36.181 - - [11/Sep/2025:08:12:24 +0800] "GET /manager-page/api/snapshot.php?id=11&t=0.168579354058782 HTTP/1.1" 200 40316 "http://192.168.60.79/manager-page/home-1.php" "Mozilla/5.0 (Windows NT 10.0; Win64; x64) AppleWebKit/537.36 (KHTML, like Gecko) Chrome/140.0.0.0 Safari/537.36 Edg/140.0.0.0"
172.16.36.181 - - [11/Sep/2025:08:12:24 +0800] "GET /manager-page/api/snapshot.php?id=12&t=0.5346518189178098 HTTP/1.1" 200 48662 "http://192.168.60.79/manager-page/home-1.php" "Mozilla/5.0 (Windows NT 10.0; Win64; x64) AppleWebKit/537.36 (KHTML, like Gecko) Chrome/140.0.0.0 Safari/537.36 Edg/140.0.0.0"
127.0.0.1 - - [11/Sep/2025:08:13:00 +0800] "GET /robot/alarm-history-in.php HTTP/1.1" 200 - "-" "python-requests/2.28.1"
172.16.36.181 - - [11/Sep/2025:08:13:24 +0800] "GET /manager-page/api/snapshot.php?id=11&t=0.6447534593611756 HTTP/1.1" 200 40602 "http://192.168.60.79/manager-page/home-1.php" "Mozilla/5.0 (Windows NT 10.0; Win64; x64) AppleWebKit/537.36 (KHTML, like Gecko) Chrome/140.0.0.0 Safari/537.36 Edg/140.0.0.0"
172.16.36.181 - - [11/Sep/2025:08:13:24 +0800] "GET /manager-page/api/snapshot.php?id=12&t=0.6632917542538819 HTTP/1.1" 200 48395 "http://192.168.60.79/manager-page/home-1.php" "Mozilla/5.0 (Windows NT 10.0; Win64; x64) AppleWebKit/537.36 (KHTML, like Gecko) Chrome/140.0.0.0 Safari/537.36 Edg/140.0.0.0"
127.0.0.1 - - [11/Sep/2025:08:14:00 +0800] "GET /robot/alarm-history-in.php HTTP/1.1" 200 - "-" "python-requests/2.28.1"
172.16.36.181 - - [11/Sep/2025:08:14:24 +0800] "GET /manager-page/api/snapshot.php?id=11&t=0.6440149136428922 HTTP/1.1" 200 40701 "http://192.168.60.79/manager-page/home-1.php" "Mozilla/5.0 (Windows NT 10.0; Win64; x64) AppleWebKit/537.36 (KHTML, like Gecko) Chrome/140.0.0.0 Safari/537.36 Edg/140.0.0.0"
172.16.36.181 - - [11/Sep/2025:08:14:24 +0800] "GET /manager-page/api/snapshot.php?id=12&t=0.6120434486032582 HTTP/1.1" 200 48598 "http://192.168.60.79/manager-page/home-1.php" "Mozilla/5.0 (Windows NT 10.0; Win64; x64) AppleWebKit/537.36 (KHTML, like Gecko) Chrome/140.0.0.0 Safari/537.36 Edg/140.0.0.0"
127.0.0.1 - - [11/Sep/2025:08:15:00 +0800] "GET /robot/alarm-history-in.php HTTP/1.1" 200 - "-" "python-requests/2.28.1"
172.16.36.181 - - [11/Sep/2025:08:15:24 +0800] "GET /manager-page/api/snapshot.php?id=12&t=0.9590743889722588 HTTP/1.1" 200 48459 "http://192.168.60.79/manager-page/home-1.php" "Mozilla/5.0 (Windows NT 10.0; Win64; x64) AppleWebKit/537.36 (KHTML, like Gecko) Chrome/140.0.0.0 Safari/537.36 Edg/140.0.0.0"
172.16.36.181 - - [11/Sep/2025:08:15:24 +0800] "GET /manager-page/api/snapshot.php?id=11&t=0.4946881862473935 HTTP/1.1" 200 40438 "http://192.168.60.79/manager-page/home-1.php" "Mozilla/5.0 (Windows NT 10.0; Win64; x64) AppleWebKit/537.36 (KHTML, like Gecko) Chrome/140.0.0.0 Safari/537.36 Edg/140.0.0.0"
127.0.0.1 - - [11/Sep/2025:08:16:00 +0800] "GET /robot/alarm-history-in.php HTTP/1.1" 200 - "-" "python-requests/2.28.1"
172.16.36.181 - - [11/Sep/2025:08:16:24 +0800] "GET /manager-page/api/snapshot.php?id=11&t=0.8038041921688368 HTTP/1.1" 200 40783 "http://192.168.60.79/manager-page/home-1.php" "Mozilla/5.0 (Windows NT 10.0; Win64; x64) AppleWebKit/537.36 (KHTML, like Gecko) Chrome/140.0.0.0 Safari/537.36 Edg/140.0.0.0"
172.16.36.181 - - [11/Sep/2025:08:16:24 +0800] "GET /manager-page/api/snapshot.php?id=12&t=0.1803283795778058 HTTP/1.1" 200 48462 "http://192.168.60.79/manager-page/home-1.php" "Mozilla/5.0 (Windows NT 10.0; Win64; x64) AppleWebKit/537.36 (KHTML, like Gecko) Chrome/140.0.0.0 Safari/537.36 Edg/140.0.0.0"
111.70.30.250 - - [11/Sep/2025:08:16:25 +0800] "POST /robot/lora-in.php HTTP/1.1" 200 - "-" "python-requests/2.21.0"
127.0.0.1 - - [11/Sep/2025:08:17:00 +0800] "GET /robot/alarm-history-in.php HTTP/1.1" 200 - "-" "python-requests/2.28.1"
111.70.30.252 - - [11/Sep/2025:08:17:33 +0800] "POST /robot/lora-in.php HTTP/1.1" 200 - "-" "python-requests/2.21.0"
127.0.0.1 - - [11/Sep/2025:08:18:00 +0800] "GET /robot/alarm-history-in.php HTTP/1.1" 200 - "-" "python-requests/2.28.1"
127.0.0.1 - - [11/Sep/2025:08:18:09 +0800] "GET /get-setting.json HTTP/1.1" 200 2314 "-" "python-requests/2.31.0"
127.0.0.1 - - [11/Sep/2025:08:18:09 +0800] "POST /robot/lora-in.php HTTP/1.1" 200 - "-" "python-requests/2.31.0"
127.0.0.1 - - [11/Sep/2025:08:18:11 +0800] "POST /robot/lora-in.php HTTP/1.1" 200 - "-" "python-requests/2.31.0"
127.0.0.1 - - [11/Sep/2025:08:18:19 +0800] "POST /robot/lora-in.php HTTP/1.1" 200 - "-" "python-requests/2.31.0"
127.0.0.1 - - [11/Sep/2025:08:18:29 +0800] "POST /robot/lora-in.php HTTP/1.1" 200 - "-" "python-requests/2.31.0"
127.0.0.1 - - [11/Sep/2025:08:18:38 +0800] "POST /robot/lora-in.php HTTP/1.1" 200 - "-" "python-requests/2.31.0"
127.0.0.1 - - [11/Sep/2025:08:18:44 +0800] "POST /robot/lora-in.php HTTP/1.1" 200 - "-" "python-requests/2.31.0"
127.0.0.1 - - [11/Sep/2025:08:18:46 +0800] "POST /robot/lora-in.php HTTP/1.1" 200 - "-" "python-requests/2.31.0"
127.0.0.1 - - [11/Sep/2025:08:18:56 +0800] "POST /robot/lora-in.php HTTP/1.1" 200 - "-" "python-requests/2.31.0"
127.0.0.1 - - [11/Sep/2025:08:19:00 +0800] "GET /robot/alarm-history-in.php HTTP/1.1" 200 - "-" "python-requests/2.28.1"
111.70.30.251 - - [11/Sep/2025:08:19:46 +0800] "POST /robot/lora-in.php HTTP/1.1" 200 - "-" "python-requests/2.21.0"
127.0.0.1 - - [11/Sep/2025:08:20:00 +0800] "GET /robot/alarm-history-in.php HTTP/1.1" 200 - "-" "python-requests/2.28.1"
111.70.30.253 - - [11/Sep/2025:08:20:18 +0800] "POST /robot/lora-in.php HTTP/1.1" 200 - "-" "python-requests/2.21.0"
127.0.0.1 - - [11/Sep/2025:08:20:50 +0800] "POST /robot/et-7026-in.php HTTP/1.1" 200 - "-" "python-requests/2.32.2"
127.0.0.1 - - [11/Sep/2025:08:21:00 +0800] "GET /robot/alarm-history-in.php HTTP/1.1" 200 - "-" "python-requests/2.28.1"
127.0.0.1 - - [11/Sep/2025:08:21:17 +0800] "POST /robot/et-7026-in.php HTTP/1.1" 200 - "-" "python-requests/2.32.2"
127.0.0.1 - - [11/Sep/2025:08:21:33 +0800] "POST /robot/et-7026-in.php HTTP/1.1" 200 - "-" "python-requests/2.32.2"
127.0.0.1 - - [11/Sep/2025:08:21:48 +0800] "POST /robot/et-7026-in.php HTTP/1.1" 200 - "-" "python-requests/2.32.2"
127.0.0.1 - - [11/Sep/2025:08:22:00 +0800] "GET /robot/alarm-history-in.php HTTP/1.1" 200 - "-" "python-requests/2.28.1"
127.0.0.1 - - [11/Sep/2025:08:23:00 +0800] "GET /robot/alarm-history-in.php HTTP/1.1" 200 - "-" "python-requests/2.28.1"
127.0.0.1 - - [11/Sep/2025:08:24:00 +0800] "GET /robot/alarm-history-in.php HTTP/1.1" 200 - "-" "python-requests/2.28.1"
111.70.30.250 - - [11/Sep/2025:08:25:00 +0800] "POST /robot/lora-in.php HTTP/1.1" 200 - "-" "python-requests/2.21.0"
127.0.0.1 - - [11/Sep/2025:08:25:00 +0800] "GET /robot/alarm-history-in.php HTTP/1.1" 200 - "-" "python-requests/2.28.1"
127.0.0.1 - - [11/Sep/2025:08:26:00 +0800] "GET /robot/alarm-history-in.php HTTP/1.1" 200 - "-" "python-requests/2.28.1"
111.70.30.252 - - [11/Sep/2025:08:26:42 +0800] "POST /robot/lora-in.php HTTP/1.1" 200 - "-" "python-requests/2.21.0"
127.0.0.1 - - [11/Sep/2025:08:27:00 +0800] "GET /robot/alarm-history-in.php HTTP/1.1" 200 - "-" "python-requests/2.28.1"
127.0.0.1 - - [11/Sep/2025:08:28:00 +0800] "GET /robot/alarm-history-in.php HTTP/1.1" 200 - "-" "python-requests/2.28.1"
127.0.0.1 - - [11/Sep/2025:08:28:09 +0800] "GET /get-setting.json HTTP/1.1" 200 2314 "-" "python-requests/2.31.0"
127.0.0.1 - - [11/Sep/2025:08:28:09 +0800] "POST /robot/lora-in.php HTTP/1.1" 200 - "-" "python-requests/2.31.0"
127.0.0.1 - - [11/Sep/2025:08:28:16 +0800] "POST /robot/lora-in.php HTTP/1.1" 200 - "-" "python-requests/2.31.0"
127.0.0.1 - - [11/Sep/2025:08:28:21 +0800] "POST /robot/lora-in.php HTTP/1.1" 200 - "-" "python-requests/2.31.0"
111.70.30.251 - - [11/Sep/2025:08:28:22 +0800] "POST /robot/lora-in.php HTTP/1.1" 200 - "-" "python-requests/2.21.0"
127.0.0.1 - - [11/Sep/2025:08:28:23 +0800] "POST /robot/lora-in.php HTTP/1.1" 200 - "-" "python-requests/2.31.0"
127.0.0.1 - - [11/Sep/2025:08:28:31 +0800] "POST /robot/lora-in.php HTTP/1.1" 200 - "-" "python-requests/2.31.0"
127.0.0.1 - - [11/Sep/2025:08:28:39 +0800] "POST /robot/lora-in.php HTTP/1.1" 200 - "-" "python-requests/2.31.0"
127.0.0.1 - - [11/Sep/2025:08:28:44 +0800] "POST /robot/lora-in.php HTTP/1.1" 200 - "-" "python-requests/2.31.0"
127.0.0.1 - - [11/Sep/2025:08:28:45 +0800] "POST /robot/lora-in.php HTTP/1.1" 200 - "-" "python-requests/2.31.0"
127.0.0.1 - - [11/Sep/2025:08:29:00 +0800] "GET /robot/alarm-history-in.php HTTP/1.1" 200 - "-" "python-requests/2.28.1"
111.70.30.253 - - [11/Sep/2025:08:29:02 +0800] "POST /robot/lora-in.php HTTP/1.1" 200 - "-" "python-requests/2.21.0"
127.0.0.1 - - [11/Sep/2025:08:30:00 +0800] "GET /robot/alarm-history-in.php HTTP/1.1" 200 - "-" "python-requests/2.28.1"
172.16.36.181 - - [11/Sep/2025:08:30:43 +0800] "GET /manager-page/api/snapshot.php?id=11&t=0.32920083015582824 HTTP/1.1" 200 41331 "http://192.168.60.79/manager-page/home-1.php" "Mozilla/5.0 (Windows NT 10.0; Win64; x64) AppleWebKit/537.36 (KHTML, like Gecko) Chrome/140.0.0.0 Safari/537.36 Edg/140.0.0.0"
172.16.36.181 - - [11/Sep/2025:08:30:43 +0800] "GET /manager-page/api/snapshot.php?id=12&t=0.072032857737232 HTTP/1.1" 200 48803 "http://192.168.60.79/manager-page/home-1.php" "Mozilla/5.0 (Windows NT 10.0; Win64; x64) AppleWebKit/537.36 (KHTML, like Gecko) Chrome/140.0.0.0 Safari/537.36 Edg/140.0.0.0"
172.16.36.181 - - [11/Sep/2025:08:30:47 +0800] "GET /manager-page/api/snapshot.php?id=12&t=0.5878551160981604 HTTP/1.1" 200 48759 "http://192.168.60.79/manager-page/home-1.php" "Mozilla/5.0 (Windows NT 10.0; Win64; x64) AppleWebKit/537.36 (KHTML, like Gecko) Chrome/140.0.0.0 Safari/537.36 Edg/140.0.0.0"
172.16.36.181 - - [11/Sep/2025:08:30:47 +0800] "GET /manager-page/api/snapshot.php?id=11&t=0.6454399689347482 HTTP/1.1" 200 41266 "http://192.168.60.79/manager-page/home-1.php" "Mozilla/5.0 (Windows NT 10.0; Win64; x64) AppleWebKit/537.36 (KHTML, like Gecko) Chrome/140.0.0.0 Safari/537.36 Edg/140.0.0.0"
127.0.0.1 - - [11/Sep/2025:08:30:52 +0800] "POST /robot/et-7026-in.php HTTP/1.1" 200 - "-" "python-requests/2.32.2"
172.16.36.181 - - [11/Sep/2025:08:30:52 +0800] "GET /manager-page/api/snapshot.php?id=11&t=0.4669547401360925 HTTP/1.1" 200 41275 "http://192.168.60.79/manager-page/home-1.php" "Mozilla/5.0 (Windows NT 10.0; Win64; x64) AppleWebKit/537.36 (KHTML, like Gecko) Chrome/140.0.0.0 Safari/537.36 Edg/140.0.0.0"
172.16.36.181 - - [11/Sep/2025:08:30:52 +0800] "GET /manager-page/api/snapshot.php?id=12&t=0.9250698150843008 HTTP/1.1" 200 48783 "http://192.168.60.79/manager-page/home-1.php" "Mozilla/5.0 (Windows NT 10.0; Win64; x64) AppleWebKit/537.36 (KHTML, like Gecko) Chrome/140.0.0.0 Safari/537.36 Edg/140.0.0.0"
172.16.36.181 - - [11/Sep/2025:08:30:57 +0800] "GET /manager-page/api/snapshot.php?id=11&t=0.9270418239937748 HTTP/1.1" 200 41306 "http://192.168.60.79/manager-page/home-1.php" "Mozilla/5.0 (Windows NT 10.0; Win64; x64) AppleWebKit/537.36 (KHTML, like Gecko) Chrome/140.0.0.0 Safari/537.36 Edg/140.0.0.0"
172.16.36.181 - - [11/Sep/2025:08:30:57 +0800] "GET /manager-page/api/snapshot.php?id=12&t=0.7217999367351061 HTTP/1.1" 200 48735 "http://192.168.60.79/manager-page/home-1.php" "Mozilla/5.0 (Windows NT 10.0; Win64; x64) AppleWebKit/537.36 (KHTML, like Gecko) Chrome/140.0.0.0 Safari/537.36 Edg/140.0.0.0"
127.0.0.1 - - [11/Sep/2025:08:31:00 +0800] "GET /robot/alarm-history-in.php HTTP/1.1" 200 - "-" "python-requests/2.28.1"
172.16.36.181 - - [11/Sep/2025:08:31:02 +0800] "GET /manager-page/api/snapshot.php?id=11&t=0.9534111775130201 HTTP/1.1" 200 41314 "http://192.168.60.79/manager-page/home-1.php" "Mozilla/5.0 (Windows NT 10.0; Win64; x64) AppleWebKit/537.36 (KHTML, like Gecko) Chrome/140.0.0.0 Safari/537.36 Edg/140.0.0.0"
172.16.36.181 - - [11/Sep/2025:08:31:02 +0800] "GET /manager-page/api/snapshot.php?id=12&t=0.032440932749600804 HTTP/1.1" 200 48765 "http://192.168.60.79/manager-page/home-1.php" "Mozilla/5.0 (Windows NT 10.0; Win64; x64) AppleWebKit/537.36 (KHTML, like Gecko) Chrome/140.0.0.0 Safari/537.36 Edg/140.0.0.0"
172.16.36.181 - - [11/Sep/2025:08:31:07 +0800] "GET /manager-page/api/snapshot.php?id=12&t=0.21058802266718468 HTTP/1.1" 200 48707 "http://192.168.60.79/manager-page/home-1.php" "Mozilla/5.0 (Windows NT 10.0; Win64; x64) AppleWebKit/537.36 (KHTML, like Gecko) Chrome/140.0.0.0 Safari/537.36 Edg/140.0.0.0"
172.16.36.181 - - [11/Sep/2025:08:31:07 +0800] "GET /manager-page/api/snapshot.php?id=11&t=0.38481660134838225 HTTP/1.1" 200 41264 "http://192.168.60.79/manager-page/home-1.php" "Mozilla/5.0 (Windows NT 10.0; Win64; x64) AppleWebKit/537.36 (KHTML, like Gecko) Chrome/140.0.0.0 Safari/537.36 Edg/140.0.0.0"
172.16.36.181 - - [11/Sep/2025:08:31:12 +0800] "GET /manager-page/api/snapshot.php?id=12&t=0.7831374540134827 HTTP/1.1" 200 48846 "http://192.168.60.79/manager-page/home-1.php" "Mozilla/5.0 (Windows NT 10.0; Win64; x64) AppleWebKit/537.36 (KHTML, like Gecko) Chrome/140.0.0.0 Safari/537.36 Edg/140.0.0.0"
172.16.36.181 - - [11/Sep/2025:08:31:12 +0800] "GET /manager-page/api/snapshot.php?id=11&t=0.8796937122715415 HTTP/1.1" 200 41775 "http://192.168.60.79/manager-page/home-1.php" "Mozilla/5.0 (Windows NT 10.0; Win64; x64) AppleWebKit/537.36 (KHTML, like Gecko) Chrome/140.0.0.0 Safari/537.36 Edg/140.0.0.0"
172.16.36.181 - - [11/Sep/2025:08:31:17 +0800] "GET /manager-page/api/snapshot.php?id=12&t=0.5283894006223586 HTTP/1.1" 200 49090 "http://192.168.60.79/manager-page/home-1.php" "Mozilla/5.0 (Windows NT 10.0; Win64; x64) AppleWebKit/537.36 (KHTML, like Gecko) Chrome/140.0.0.0 Safari/537.36 Edg/140.0.0.0"
172.16.36.181 - - [11/Sep/2025:08:31:17 +0800] "GET /manager-page/api/snapshot.php?id=11&t=0.8819980362943789 HTTP/1.1" 200 41387 "http://192.168.60.79/manager-page/home-1.php" "Mozilla/5.0 (Windows NT 10.0; Win64; x64) AppleWebKit/537.36 (KHTML, like Gecko) Chrome/140.0.0.0 Safari/537.36 Edg/140.0.0.0"
127.0.0.1 - - [11/Sep/2025:08:31:19 +0800] "POST /robot/et-7026-in.php HTTP/1.1" 200 - "-" "python-requests/2.32.2"
172.16.36.181 - - [11/Sep/2025:08:31:22 +0800] "GET /manager-page/api/snapshot.php?id=11&t=0.4189044624760273 HTTP/1.1" 200 41607 "http://192.168.60.79/manager-page/home-1.php" "Mozilla/5.0 (Windows NT 10.0; Win64; x64) AppleWebKit/537.36 (KHTML, like Gecko) Chrome/140.0.0.0 Safari/537.36 Edg/140.0.0.0"
172.16.36.181 - - [11/Sep/2025:08:31:22 +0800] "GET /manager-page/api/snapshot.php?id=12&t=0.9478274727542956 HTTP/1.1" 200 48588 "http://192.168.60.79/manager-page/home-1.php" "Mozilla/5.0 (Windows NT 10.0; Win64; x64) AppleWebKit/537.36 (KHTML, like Gecko) Chrome/140.0.0.0 Safari/537.36 Edg/140.0.0.0"
172.16.36.181 - - [11/Sep/2025:08:31:27 +0800] "GET /manager-page/api/snapshot.php?id=11&t=0.27513025699434357 HTTP/1.1" 200 41378 "http://192.168.60.79/manager-page/home-1.php" "Mozilla/5.0 (Windows NT 10.0; Win64; x64) AppleWebKit/537.36 (KHTML, like Gecko) Chrome/140.0.0.0 Safari/537.36 Edg/140.0.0.0"
172.16.36.181 - - [11/Sep/2025:08:31:27 +0800] "GET /manager-page/api/snapshot.php?id=12&t=0.32259117363573053 HTTP/1.1" 200 48111 "http://192.168.60.79/manager-page/home-1.php" "Mozilla/5.0 (Windows NT 10.0; Win64; x64) AppleWebKit/537.36 (KHTML, like Gecko) Chrome/140.0.0.0 Safari/537.36 Edg/140.0.0.0"
172.16.36.181 - - [11/Sep/2025:08:31:32 +0800] "GET /manager-page/api/snapshot.php?id=11&t=0.9671753511711206 HTTP/1.1" 200 41299 "http://192.168.60.79/manager-page/home-1.php" "Mozilla/5.0 (Windows NT 10.0; Win64; x64) AppleWebKit/537.36 (KHTML, like Gecko) Chrome/140.0.0.0 Safari/537.36 Edg/140.0.0.0"
172.16.36.181 - - [11/Sep/2025:08:31:32 +0800] "GET /manager-page/api/snapshot.php?id=12&t=0.9920416292656711 HTTP/1.1" 200 48697 "http://192.168.60.79/manager-page/home-1.php" "Mozilla/5.0 (Windows NT 10.0; Win64; x64) AppleWebKit/537.36 (KHTML, like Gecko) Chrome/140.0.0.0 Safari/537.36 Edg/140.0.0.0"
127.0.0.1 - - [11/Sep/2025:08:31:35 +0800] "POST /robot/et-7026-in.php HTTP/1.1" 200 - "-" "python-requests/2.32.2"
172.16.36.181 - - [11/Sep/2025:08:31:37 +0800] "GET /manager-page/api/snapshot.php?id=12&t=0.595443527838185 HTTP/1.1" 200 48727 "http://192.168.60.79/manager-page/home-1.php" "Mozilla/5.0 (Windows NT 10.0; Win64; x64) AppleWebKit/537.36 (KHTML, like Gecko) Chrome/140.0.0.0 Safari/537.36 Edg/140.0.0.0"
172.16.36.181 - - [11/Sep/2025:08:31:37 +0800] "GET /manager-page/api/snapshot.php?id=11&t=0.19848528161189483 HTTP/1.1" 200 41268 "http://192.168.60.79/manager-page/home-1.php" "Mozilla/5.0 (Windows NT 10.0; Win64; x64) AppleWebKit/537.36 (KHTML, like Gecko) Chrome/140.0.0.0 Safari/537.36 Edg/140.0.0.0"
172.16.36.181 - - [11/Sep/2025:08:31:42 +0800] "GET /manager-page/api/snapshot.php?id=12&t=0.6108382205894065 HTTP/1.1" 200 48698 "http://192.168.60.79/manager-page/home-1.php" "Mozilla/5.0 (Windows NT 10.0; Win64; x64) AppleWebKit/537.36 (KHTML, like Gecko) Chrome/140.0.0.0 Safari/537.36 Edg/140.0.0.0"
172.16.36.181 - - [11/Sep/2025:08:31:42 +0800] "GET /manager-page/api/snapshot.php?id=11&t=0.4003201484922996 HTTP/1.1" 200 41368 "http://192.168.60.79/manager-page/home-1.php" "Mozilla/5.0 (Windows NT 10.0; Win64; x64) AppleWebKit/537.36 (KHTML, like Gecko) Chrome/140.0.0.0 Safari/537.36 Edg/140.0.0.0"
172.16.36.181 - - [11/Sep/2025:08:31:47 +0800] "GET /manager-page/api/snapshot.php?id=12&t=0.851201373412438 HTTP/1.1" 200 48736 "http://192.168.60.79/manager-page/home-1.php" "Mozilla/5.0 (Windows NT 10.0; Win64; x64) AppleWebKit/537.36 (KHTML, like Gecko) Chrome/140.0.0.0 Safari/537.36 Edg/140.0.0.0"
172.16.36.181 - - [11/Sep/2025:08:31:47 +0800] "GET /manager-page/api/snapshot.php?id=11&t=0.8875960228570416 HTTP/1.1" 200 41378 "http://192.168.60.79/manager-page/home-1.php" "Mozilla/5.0 (Windows NT 10.0; Win64; x64) AppleWebKit/537.36 (KHTML, like Gecko) Chrome/140.0.0.0 Safari/537.36 Edg/140.0.0.0"
127.0.0.1 - - [11/Sep/2025:08:31:49 +0800] "POST /robot/et-7026-in.php HTTP/1.1" 200 - "-" "python-requests/2.32.2"
172.16.36.181 - - [11/Sep/2025:08:31:52 +0800] "GET /manager-page/api/snapshot.php?id=11&t=0.4499703989721744 HTTP/1.1" 200 41349 "http://192.168.60.79/manager-page/home-1.php" "Mozilla/5.0 (Windows NT 10.0; Win64; x64) AppleWebKit/537.36 (KHTML, like Gecko) Chrome/140.0.0.0 Safari/537.36 Edg/140.0.0.0"
172.16.36.181 - - [11/Sep/2025:08:31:52 +0800] "GET /manager-page/api/snapshot.php?id=12&t=0.2642825736862128 HTTP/1.1" 200 48747 "http://192.168.60.79/manager-page/home-1.php" "Mozilla/5.0 (Windows NT 10.0; Win64; x64) AppleWebKit/537.36 (KHTML, like Gecko) Chrome/140.0.0.0 Safari/537.36 Edg/140.0.0.0"
172.16.36.181 - - [11/Sep/2025:08:31:57 +0800] "GET /manager-page/api/snapshot.php?id=11&t=0.6594759935000253 HTTP/1.1" 200 41567 "http://192.168.60.79/manager-page/home-1.php" "Mozilla/5.0 (Windows NT 10.0; Win64; x64) AppleWebKit/537.36 (KHTML, like Gecko) Chrome/140.0.0.0 Safari/537.36 Edg/140.0.0.0"
172.16.36.181 - - [11/Sep/2025:08:31:57 +0800] "GET /manager-page/api/snapshot.php?id=12&t=0.9519934769755541 HTTP/1.1" 200 48851 "http://192.168.60.79/manager-page/home-1.php" "Mozilla/5.0 (Windows NT 10.0; Win64; x64) AppleWebKit/537.36 (KHTML, like Gecko) Chrome/140.0.0.0 Safari/537.36 Edg/140.0.0.0"
127.0.0.1 - - [11/Sep/2025:08:32:00 +0800] "GET /robot/alarm-history-in.php HTTP/1.1" 200 - "-" "python-requests/2.28.1"
172.16.36.181 - - [11/Sep/2025:08:32:02 +0800] "GET /manager-page/api/snapshot.php?id=11&t=0.9941664514611813 HTTP/1.1" 200 41366 "http://192.168.60.79/manager-page/home-1.php" "Mozilla/5.0 (Windows NT 10.0; Win64; x64) AppleWebKit/537.36 (KHTML, like Gecko) Chrome/140.0.0.0 Safari/537.36 Edg/140.0.0.0"
172.16.36.181 - - [11/Sep/2025:08:32:02 +0800] "GET /manager-page/api/snapshot.php?id=12&t=0.3065492228168789 HTTP/1.1" 200 48671 "http://192.168.60.79/manager-page/home-1.php" "Mozilla/5.0 (Windows NT 10.0; Win64; x64) AppleWebKit/537.36 (KHTML, like Gecko) Chrome/140.0.0.0 Safari/537.36 Edg/140.0.0.0"
172.16.36.181 - - [11/Sep/2025:08:32:07 +0800] "GET /manager-page/api/snapshot.php?id=11&t=0.37565241047043685 HTTP/1.1" 200 41297 "http://192.168.60.79/manager-page/home-1.php" "Mozilla/5.0 (Windows NT 10.0; Win64; x64) AppleWebKit/537.36 (KHTML, like Gecko) Chrome/140.0.0.0 Safari/537.36 Edg/140.0.0.0"
172.16.36.181 - - [11/Sep/2025:08:32:07 +0800] "GET /manager-page/api/snapshot.php?id=12&t=0.475628774413243 HTTP/1.1" 200 48720 "http://192.168.60.79/manager-page/home-1.php" "Mozilla/5.0 (Windows NT 10.0; Win64; x64) AppleWebKit/537.36 (KHTML, like Gecko) Chrome/140.0.0.0 Safari/537.36 Edg/140.0.0.0"
172.16.36.181 - - [11/Sep/2025:08:32:12 +0800] "GET /manager-page/api/snapshot.php?id=12&t=0.8764498659448067 HTTP/1.1" 200 48723 "http://192.168.60.79/manager-page/home-1.php" "Mozilla/5.0 (Windows NT 10.0; Win64; x64) AppleWebKit/537.36 (KHTML, like Gecko) Chrome/140.0.0.0 Safari/537.36 Edg/140.0.0.0"
172.16.36.181 - - [11/Sep/2025:08:32:12 +0800] "GET /manager-page/api/snapshot.php?id=11&t=0.761552078236607 HTTP/1.1" 200 41374 "http://192.168.60.79/manager-page/home-1.php" "Mozilla/5.0 (Windows NT 10.0; Win64; x64) AppleWebKit/537.36 (KHTML, like Gecko) Chrome/140.0.0.0 Safari/537.36 Edg/140.0.0.0"
172.16.36.181 - - [11/Sep/2025:08:32:17 +0800] "GET /manager-page/api/snapshot.php?id=11&t=0.796824087080834 HTTP/1.1" 200 41315 "http://192.168.60.79/manager-page/home-1.php" "Mozilla/5.0 (Windows NT 10.0; Win64; x64) AppleWebKit/537.36 (KHTML, like Gecko) Chrome/140.0.0.0 Safari/537.36 Edg/140.0.0.0"
172.16.36.181 - - [11/Sep/2025:08:32:17 +0800] "GET /manager-page/api/snapshot.php?id=12&t=0.7624726186384075 HTTP/1.1" 200 48738 "http://192.168.60.79/manager-page/home-1.php" "Mozilla/5.0 (Windows NT 10.0; Win64; x64) AppleWebKit/537.36 (KHTML, like Gecko) Chrome/140.0.0.0 Safari/537.36 Edg/140.0.0.0"
172.16.36.181 - - [11/Sep/2025:08:32:22 +0800] "GET /manager-page/api/snapshot.php?id=11&t=0.6236726750590369 HTTP/1.1" 200 41343 "http://192.168.60.79/manager-page/home-1.php" "Mozilla/5.0 (Windows NT 10.0; Win64; x64) AppleWebKit/537.36 (KHTML, like Gecko) Chrome/140.0.0.0 Safari/537.36 Edg/140.0.0.0"
172.16.36.181 - - [11/Sep/2025:08:32:22 +0800] "GET /manager-page/api/snapshot.php?id=12&t=0.7130256789106628 HTTP/1.1" 200 48712 "http://192.168.60.79/manager-page/home-1.php" "Mozilla/5.0 (Windows NT 10.0; Win64; x64) AppleWebKit/537.36 (KHTML, like Gecko) Chrome/140.0.0.0 Safari/537.36 Edg/140.0.0.0"
172.16.36.181 - - [11/Sep/2025:08:32:27 +0800] "GET /manager-page/api/snapshot.php?id=12&t=0.11023888970565787 HTTP/1.1" 200 48659 "http://192.168.60.79/manager-page/home-1.php" "Mozilla/5.0 (Windows NT 10.0; Win64; x64) AppleWebKit/537.36 (KHTML, like Gecko) Chrome/140.0.0.0 Safari/537.36 Edg/140.0.0.0"
172.16.36.181 - - [11/Sep/2025:08:32:27 +0800] "GET /manager-page/api/snapshot.php?id=11&t=0.49884216048997776 HTTP/1.1" 200 41344 "http://192.168.60.79/manager-page/home-1.php" "Mozilla/5.0 (Windows NT 10.0; Win64; x64) AppleWebKit/537.36 (KHTML, like Gecko) Chrome/140.0.0.0 Safari/537.36 Edg/140.0.0.0"
127.0.0.1 - - [11/Sep/2025:08:33:00 +0800] "GET /robot/alarm-history-in.php HTTP/1.1" 200 - "-" "python-requests/2.28.1"
172.16.36.181 - - [11/Sep/2025:08:33:24 +0800] "GET /manager-page/api/snapshot.php?id=11&t=0.28359212497489183 HTTP/1.1" 200 41431 "http://192.168.60.79/manager-page/home-1.php" "Mozilla/5.0 (Windows NT 10.0; Win64; x64) AppleWebKit/537.36 (KHTML, like Gecko) Chrome/140.0.0.0 Safari/537.36 Edg/140.0.0.0"
172.16.36.181 - - [11/Sep/2025:08:33:24 +0800] "GET /manager-page/api/snapshot.php?id=12&t=0.8278805647536465 HTTP/1.1" 200 48515 "http://192.168.60.79/manager-page/home-1.php" "Mozilla/5.0 (Windows NT 10.0; Win64; x64) AppleWebKit/537.36 (KHTML, like Gecko) Chrome/140.0.0.0 Safari/537.36 Edg/140.0.0.0"
127.0.0.1 - - [11/Sep/2025:08:34:00 +0800] "GET /robot/alarm-history-in.php HTTP/1.1" 200 - "-" "python-requests/2.28.1"
172.16.36.181 - - [11/Sep/2025:08:34:24 +0800] "GET /manager-page/api/snapshot.php?id=11&t=0.7073858000257227 HTTP/1.1" 200 41769 "http://192.168.60.79/manager-page/home-1.php" "Mozilla/5.0 (Windows NT 10.0; Win64; x64) AppleWebKit/537.36 (KHTML, like Gecko) Chrome/140.0.0.0 Safari/537.36 Edg/140.0.0.0"
172.16.36.181 - - [11/Sep/2025:08:34:24 +0800] "GET /manager-page/api/snapshot.php?id=12&t=0.8253148448404872 HTTP/1.1" 200 48568 "http://192.168.60.79/manager-page/home-1.php" "Mozilla/5.0 (Windows NT 10.0; Win64; x64) AppleWebKit/537.36 (KHTML, like Gecko) Chrome/140.0.0.0 Safari/537.36 Edg/140.0.0.0"
127.0.0.1 - - [11/Sep/2025:08:35:00 +0800] "GET /robot/alarm-history-in.php HTTP/1.1" 200 - "-" "python-requests/2.28.1"
172.16.36.181 - - [11/Sep/2025:08:35:24 +0800] "GET /manager-page/api/snapshot.php?id=12&t=0.17673281338197133 HTTP/1.1" 200 48695 "http://192.168.60.79/manager-page/home-1.php" "Mozilla/5.0 (Windows NT 10.0; Win64; x64) AppleWebKit/537.36 (KHTML, like Gecko) Chrome/140.0.0.0 Safari/537.36 Edg/140.0.0.0"
172.16.36.181 - - [11/Sep/2025:08:35:24 +0800] "GET /manager-page/api/snapshot.php?id=11&t=0.705875375724457 HTTP/1.1" 200 41320 "http://192.168.60.79/manager-page/home-1.php" "Mozilla/5.0 (Windows NT 10.0; Win64; x64) AppleWebKit/537.36 (KHTML, like Gecko) Chrome/140.0.0.0 Safari/537.36 Edg/140.0.0.0"
127.0.0.1 - - [11/Sep/2025:08:36:00 +0800] "GET /robot/alarm-history-in.php HTTP/1.1" 200 - "-" "python-requests/2.28.1"
172.16.36.181 - - [11/Sep/2025:08:36:24 +0800] "GET /manager-page/api/snapshot.php?id=11&t=0.42995047178388335 HTTP/1.1" 200 41410 "http://192.168.60.79/manager-page/home-1.php" "Mozilla/5.0 (Windows NT 10.0; Win64; x64) AppleWebKit/537.36 (KHTML, like Gecko) Chrome/140.0.0.0 Safari/537.36 Edg/140.0.0.0"
172.16.36.181 - - [11/Sep/2025:08:36:24 +0800] "GET /manager-page/api/snapshot.php?id=12&t=0.5964821407620438 HTTP/1.1" 200 48646 "http://192.168.60.79/manager-page/home-1.php" "Mozilla/5.0 (Windows NT 10.0; Win64; x64) AppleWebKit/537.36 (KHTML, like Gecko) Chrome/140.0.0.0 Safari/537.36 Edg/140.0.0.0"
111.70.30.251 - - [11/Sep/2025:08:36:58 +0800] "POST /robot/lora-in.php HTTP/1.1" 200 - "-" "python-requests/2.21.0"
127.0.0.1 - - [11/Sep/2025:08:37:00 +0800] "GET /robot/alarm-history-in.php HTTP/1.1" 200 - "-" "python-requests/2.28.1"
172.16.36.181 - - [11/Sep/2025:08:37:24 +0800] "GET /manager-page/api/snapshot.php?id=12&t=0.26221313006435876 HTTP/1.1" 200 48706 "http://192.168.60.79/manager-page/home-1.php" "Mozilla/5.0 (Windows NT 10.0; Win64; x64) AppleWebKit/537.36 (KHTML, like Gecko) Chrome/140.0.0.0 Safari/537.36 Edg/140.0.0.0"
172.16.36.181 - - [11/Sep/2025:08:37:24 +0800] "GET /manager-page/api/snapshot.php?id=11&t=0.9474177379956156 HTTP/1.1" 200 41373 "http://192.168.60.79/manager-page/home-1.php" "Mozilla/5.0 (Windows NT 10.0; Win64; x64) AppleWebKit/537.36 (KHTML, like Gecko) Chrome/140.0.0.0 Safari/537.36 Edg/140.0.0.0"
111.70.30.253 - - [11/Sep/2025:08:37:46 +0800] "POST /robot/lora-in.php HTTP/1.1" 200 - "-" "python-requests/2.21.0"
127.0.0.1 - - [11/Sep/2025:08:38:00 +0800] "GET /robot/alarm-history-in.php HTTP/1.1" 200 - "-" "python-requests/2.28.1"
127.0.0.1 - - [11/Sep/2025:08:38:09 +0800] "GET /get-setting.json HTTP/1.1" 200 2314 "-" "python-requests/2.31.0"
127.0.0.1 - - [11/Sep/2025:08:38:09 +0800] "POST /robot/lora-in.php HTTP/1.1" 200 - "-" "python-requests/2.31.0"
127.0.0.1 - - [11/Sep/2025:08:38:16 +0800] "POST /robot/lora-in.php HTTP/1.1" 200 - "-" "python-requests/2.31.0"
127.0.0.1 - - [11/Sep/2025:08:38:24 +0800] "POST /robot/lora-in.php HTTP/1.1" 200 - "-" "python-requests/2.31.0"
172.16.36.181 - - [11/Sep/2025:08:38:24 +0800] "GET /manager-page/api/snapshot.php?id=12&t=0.591146403488811 HTTP/1.1" 200 48673 "http://192.168.60.79/manager-page/home-1.php" "Mozilla/5.0 (Windows NT 10.0; Win64; x64) AppleWebKit/537.36 (KHTML, like Gecko) Chrome/140.0.0.0 Safari/537.36 Edg/140.0.0.0"
172.16.36.181 - - [11/Sep/2025:08:38:24 +0800] "GET /manager-page/api/snapshot.php?id=11&t=0.6538962231942995 HTTP/1.1" 200 41386 "http://192.168.60.79/manager-page/home-1.php" "Mozilla/5.0 (Windows NT 10.0; Win64; x64) AppleWebKit/537.36 (KHTML, like Gecko) Chrome/140.0.0.0 Safari/537.36 Edg/140.0.0.0"
127.0.0.1 - - [11/Sep/2025:08:38:33 +0800] "POST /robot/lora-in.php HTTP/1.1" 200 - "-" "python-requests/2.31.0"
127.0.0.1 - - [11/Sep/2025:08:38:35 +0800] "POST /robot/lora-in.php HTTP/1.1" 200 - "-" "python-requests/2.31.0"
127.0.0.1 - - [11/Sep/2025:08:38:43 +0800] "POST /robot/lora-in.php HTTP/1.1" 200 - "-" "python-requests/2.31.0"
127.0.0.1 - - [11/Sep/2025:08:38:48 +0800] "POST /robot/lora-in.php HTTP/1.1" 200 - "-" "python-requests/2.31.0"
127.0.0.1 - - [11/Sep/2025:08:38:54 +0800] "POST /robot/lora-in.php HTTP/1.1" 200 - "-" "python-requests/2.31.0"
127.0.0.1 - - [11/Sep/2025:08:39:00 +0800] "GET /robot/alarm-history-in.php HTTP/1.1" 200 - "-" "python-requests/2.28.1"
172.16.36.181 - - [11/Sep/2025:08:39:24 +0800] "GET /manager-page/api/snapshot.php?id=11&t=0.46857658390281975 HTTP/1.1" 200 41473 "http://192.168.60.79/manager-page/home-1.php" "Mozilla/5.0 (Windows NT 10.0; Win64; x64) AppleWebKit/537.36 (KHTML, like Gecko) Chrome/140.0.0.0 Safari/537.36 Edg/140.0.0.0"
172.16.36.181 - - [11/Sep/2025:08:39:24 +0800] "GET /manager-page/api/snapshot.php?id=12&t=0.24146650612456433 HTTP/1.1" 200 48776 "http://192.168.60.79/manager-page/home-1.php" "Mozilla/5.0 (Windows NT 10.0; Win64; x64) AppleWebKit/537.36 (KHTML, like Gecko) Chrome/140.0.0.0 Safari/537.36 Edg/140.0.0.0"
127.0.0.1 - - [11/Sep/2025:08:40:00 +0800] "GET /robot/alarm-history-in.php HTTP/1.1" 200 - "-" "python-requests/2.28.1"
172.16.36.181 - - [11/Sep/2025:08:40:24 +0800] "GET /manager-page/api/snapshot.php?id=11&t=0.3364570271336622 HTTP/1.1" 200 41458 "http://192.168.60.79/manager-page/home-1.php" "Mozilla/5.0 (Windows NT 10.0; Win64; x64) AppleWebKit/537.36 (KHTML, like Gecko) Chrome/140.0.0.0 Safari/537.36 Edg/140.0.0.0"
172.16.36.181 - - [11/Sep/2025:08:40:24 +0800] "GET /manager-page/api/snapshot.php?id=12&t=0.6129243332436367 HTTP/1.1" 200 49348 "http://192.168.60.79/manager-page/home-1.php" "Mozilla/5.0 (Windows NT 10.0; Win64; x64) AppleWebKit/537.36 (KHTML, like Gecko) Chrome/140.0.0.0 Safari/537.36 Edg/140.0.0.0"
127.0.0.1 - - [11/Sep/2025:08:40:54 +0800] "POST /robot/et-7026-in.php HTTP/1.1" 200 - "-" "python-requests/2.32.2"
127.0.0.1 - - [11/Sep/2025:08:41:00 +0800] "GET /robot/alarm-history-in.php HTTP/1.1" 200 - "-" "python-requests/2.28.1"
