172.16.36.28 - - [27/Mar/2025:14:05:25 +0800] "GET /manager-page/api/snapshot.php?id=22&t=0.1596106188628157 HTTP/1.1" 200 - "http://192.168.60.79/manager-page/home-2.php" "Mozilla/5.0 (Windows NT 10.0; Win64; x64) AppleWebKit/537.36 (KHTML, like Gecko) Chrome/134.0.0.0 Safari/537.36 Edg/134.0.0.0"
172.16.36.28 - - [27/Mar/2025:14:05:25 +0800] "GET /manager-page/api/snapshot.php?id=21&t=0.9673104214564401 HTTP/1.1" 500 - "http://192.168.60.79/manager-page/home-2.php" "Mozilla/5.0 (Windows NT 10.0; Win64; x64) AppleWebKit/537.36 (KHTML, like Gecko) Chrome/134.0.0.0 Safari/537.36 Edg/134.0.0.0"
127.0.0.1 - - [27/Mar/2025:14:05:27 +0800] "GET /manager-page/api/snapshot.php?id=42&t=0.8231107744866095 HTTP/1.1" 200 - "http://127.0.0.1/manager-page/home-4.php" "Mozilla/5.0 (Windows NT 10.0; Win64; x64) AppleWebKit/537.36 (KHTML, like Gecko) Chrome/119.0.0.0 Safari/537.36"
172.16.36.28 - - [27/Mar/2025:14:05:30 +0800] "GET /manager-page/api/snapshot.php?id=21&t=0.46431990416089386 HTTP/1.1" 500 - "http://192.168.60.79/manager-page/home-2.php" "Mozilla/5.0 (Windows NT 10.0; Win64; x64) AppleWebKit/537.36 (KHTML, like Gecko) Chrome/134.0.0.0 Safari/537.36 Edg/134.0.0.0"
172.16.36.28 - - [27/Mar/2025:14:05:30 +0800] "GET /manager-page/api/snapshot.php?id=22&t=0.09161642634277478 HTTP/1.1" 500 - "http://192.168.60.79/manager-page/home-2.php" "Mozilla/5.0 (Windows NT 10.0; Win64; x64) AppleWebKit/537.36 (KHTML, like Gecko) Chrome/134.0.0.0 Safari/537.36 Edg/134.0.0.0"
172.16.36.28 - - [27/Mar/2025:14:05:35 +0800] "GET /manager-page/api/snapshot.php?id=21&t=0.8449057014114087 HTTP/1.1" 500 - "http://192.168.60.79/manager-page/home-2.php" "Mozilla/5.0 (Windows NT 10.0; Win64; x64) AppleWebKit/537.36 (KHTML, like Gecko) Chrome/134.0.0.0 Safari/537.36 Edg/134.0.0.0"
172.16.36.28 - - [27/Mar/2025:14:05:35 +0800] "GET /manager-page/api/snapshot.php?id=22&t=0.567944332191892 HTTP/1.1" 500 - "http://192.168.60.79/manager-page/home-2.php" "Mozilla/5.0 (Windows NT 10.0; Win64; x64) AppleWebKit/537.36 (KHTML, like Gecko) Chrome/134.0.0.0 Safari/537.36 Edg/134.0.0.0"
172.16.36.28 - - [27/Mar/2025:14:05:40 +0800] "GET /manager-page/api/snapshot.php?id=22&t=0.42459226900837743 HTTP/1.1" 500 - "http://192.168.60.79/manager-page/home-2.php" "Mozilla/5.0 (Windows NT 10.0; Win64; x64) AppleWebKit/537.36 (KHTML, like Gecko) Chrome/134.0.0.0 Safari/537.36 Edg/134.0.0.0"
172.16.36.28 - - [27/Mar/2025:14:05:40 +0800] "GET /manager-page/api/snapshot.php?id=21&t=0.9026739216550803 HTTP/1.1" 500 - "http://192.168.60.79/manager-page/home-2.php" "Mozilla/5.0 (Windows NT 10.0; Win64; x64) AppleWebKit/537.36 (KHTML, like Gecko) Chrome/134.0.0.0 Safari/537.36 Edg/134.0.0.0"
172.16.36.28 - - [27/Mar/2025:14:05:45 +0800] "GET /manager-page/api/snapshot.php?id=21&t=0.77668658525201 HTTP/1.1" 500 - "http://192.168.60.79/manager-page/home-2.php" "Mozilla/5.0 (Windows NT 10.0; Win64; x64) AppleWebKit/537.36 (KHTML, like Gecko) Chrome/134.0.0.0 Safari/537.36 Edg/134.0.0.0"
172.16.36.28 - - [27/Mar/2025:14:05:45 +0800] "GET /manager-page/api/snapshot.php?id=22&t=0.3230899538915135 HTTP/1.1" 500 - "http://192.168.60.79/manager-page/home-2.php" "Mozilla/5.0 (Windows NT 10.0; Win64; x64) AppleWebKit/537.36 (KHTML, like Gecko) Chrome/134.0.0.0 Safari/537.36 Edg/134.0.0.0"
172.16.36.28 - - [27/Mar/2025:14:05:50 +0800] "GET /manager-page/api/snapshot.php?id=22&t=0.5391271487739029 HTTP/1.1" 500 - "http://192.168.60.79/manager-page/home-2.php" "Mozilla/5.0 (Windows NT 10.0; Win64; x64) AppleWebKit/537.36 (KHTML, like Gecko) Chrome/134.0.0.0 Safari/537.36 Edg/134.0.0.0"
172.16.36.28 - - [27/Mar/2025:14:05:50 +0800] "GET /manager-page/api/snapshot.php?id=21&t=0.5336458818049254 HTTP/1.1" 500 - "http://192.168.60.79/manager-page/home-2.php" "Mozilla/5.0 (Windows NT 10.0; Win64; x64) AppleWebKit/537.36 (KHTML, like Gecko) Chrome/134.0.0.0 Safari/537.36 Edg/134.0.0.0"
127.0.0.1 - - [27/Mar/2025:14:06:00 +0800] "GET /robot/alarm-history-in.php HTTP/1.1" 200 - "-" "python-requests/2.28.1"
172.16.36.28 - - [27/Mar/2025:14:05:55 +0800] "GET /manager-page/api/snapshot.php?id=22&t=0.3960613905426287 HTTP/1.1" 500 - "http://192.168.60.79/manager-page/home-2.php" "Mozilla/5.0 (Windows NT 10.0; Win64; x64) AppleWebKit/537.36 (KHTML, like Gecko) Chrome/134.0.0.0 Safari/537.36 Edg/134.0.0.0"
172.16.36.28 - - [27/Mar/2025:14:05:55 +0800] "GET /manager-page/api/snapshot.php?id=21&t=0.3151163245535096 HTTP/1.1" 500 - "http://192.168.60.79/manager-page/home-2.php" "Mozilla/5.0 (Windows NT 10.0; Win64; x64) AppleWebKit/537.36 (KHTML, like Gecko) Chrome/134.0.0.0 Safari/537.36 Edg/134.0.0.0"
127.0.0.1 - - [27/Mar/2025:14:06:04 +0800] "POST /robot/et-7026-in.php HTTP/1.1" 200 - "-" "python-requests/2.32.2"
172.16.36.28 - - [27/Mar/2025:14:06:00 +0800] "GET /manager-page/api/snapshot.php?id=22&t=0.11604746909387242 HTTP/1.1" 500 - "http://192.168.60.79/manager-page/home-2.php" "Mozilla/5.0 (Windows NT 10.0; Win64; x64) AppleWebKit/537.36 (KHTML, like Gecko) Chrome/134.0.0.0 Safari/537.36 Edg/134.0.0.0"
172.16.36.28 - - [27/Mar/2025:14:06:00 +0800] "GET /manager-page/api/snapshot.php?id=21&t=0.7600711543840275 HTTP/1.1" 500 - "http://192.168.60.79/manager-page/home-2.php" "Mozilla/5.0 (Windows NT 10.0; Win64; x64) AppleWebKit/537.36 (KHTML, like Gecko) Chrome/134.0.0.0 Safari/537.36 Edg/134.0.0.0"
127.0.0.1 - - [27/Mar/2025:14:06:09 +0800] "POST /robot/et-7026-in.php HTTP/1.1" 200 - "-" "python-requests/2.32.2"
172.16.36.28 - - [27/Mar/2025:14:06:05 +0800] "GET /manager-page/api/snapshot.php?id=21&t=0.022602064025908808 HTTP/1.1" 500 - "http://192.168.60.79/manager-page/home-2.php" "Mozilla/5.0 (Windows NT 10.0; Win64; x64) AppleWebKit/537.36 (KHTML, like Gecko) Chrome/134.0.0.0 Safari/537.36 Edg/134.0.0.0"
172.16.36.28 - - [27/Mar/2025:14:06:05 +0800] "GET /manager-page/api/snapshot.php?id=22&t=0.07848203760497707 HTTP/1.1" 500 - "http://192.168.60.79/manager-page/home-2.php" "Mozilla/5.0 (Windows NT 10.0; Win64; x64) AppleWebKit/537.36 (KHTML, like Gecko) Chrome/134.0.0.0 Safari/537.36 Edg/134.0.0.0"
172.16.36.28 - - [27/Mar/2025:14:06:10 +0800] "GET /manager-page/api/snapshot.php?id=21&t=0.1005885638851205 HTTP/1.1" 500 - "http://192.168.60.79/manager-page/home-2.php" "Mozilla/5.0 (Windows NT 10.0; Win64; x64) AppleWebKit/537.36 (KHTML, like Gecko) Chrome/134.0.0.0 Safari/537.36 Edg/134.0.0.0"
172.16.36.28 - - [27/Mar/2025:14:06:10 +0800] "GET /manager-page/api/snapshot.php?id=22&t=0.754754161871215 HTTP/1.1" 500 - "http://192.168.60.79/manager-page/home-2.php" "Mozilla/5.0 (Windows NT 10.0; Win64; x64) AppleWebKit/537.36 (KHTML, like Gecko) Chrome/134.0.0.0 Safari/537.36 Edg/134.0.0.0"
172.16.36.28 - - [27/Mar/2025:14:06:15 +0800] "GET /manager-page/api/snapshot.php?id=21&t=0.49502869243930925 HTTP/1.1" 500 - "http://192.168.60.79/manager-page/home-2.php" "Mozilla/5.0 (Windows NT 10.0; Win64; x64) AppleWebKit/537.36 (KHTML, like Gecko) Chrome/134.0.0.0 Safari/537.36 Edg/134.0.0.0"
172.16.36.28 - - [27/Mar/2025:14:06:15 +0800] "GET /manager-page/api/snapshot.php?id=22&t=0.45728347199743236 HTTP/1.1" 500 - "http://192.168.60.79/manager-page/home-2.php" "Mozilla/5.0 (Windows NT 10.0; Win64; x64) AppleWebKit/537.36 (KHTML, like Gecko) Chrome/134.0.0.0 Safari/537.36 Edg/134.0.0.0"
127.0.0.1 - - [27/Mar/2025:14:06:21 +0800] "POST /robot/lora-in.php HTTP/1.1" 200 - "-" "python-requests/2.31.0"
127.0.0.1 - - [27/Mar/2025:14:06:23 +0800] "POST /robot/lora-in.php HTTP/1.1" 200 - "-" "python-requests/2.31.0"
172.16.36.28 - - [27/Mar/2025:14:06:20 +0800] "GET /manager-page/api/snapshot.php?id=22&t=0.6104370575489628 HTTP/1.1" 500 - "http://192.168.60.79/manager-page/home-2.php" "Mozilla/5.0 (Windows NT 10.0; Win64; x64) AppleWebKit/537.36 (KHTML, like Gecko) Chrome/134.0.0.0 Safari/537.36 Edg/134.0.0.0"
172.16.36.28 - - [27/Mar/2025:14:06:20 +0800] "GET /manager-page/api/snapshot.php?id=21&t=0.7751081948077607 HTTP/1.1" 500 - "http://192.168.60.79/manager-page/home-2.php" "Mozilla/5.0 (Windows NT 10.0; Win64; x64) AppleWebKit/537.36 (KHTML, like Gecko) Chrome/134.0.0.0 Safari/537.36 Edg/134.0.0.0"
127.0.0.1 - - [27/Mar/2025:14:06:27 +0800] "GET /manager-page/api/snapshot.php?id=41&t=0.0763639415745696 HTTP/1.1" 200 - "http://127.0.0.1/manager-page/home-4.php" "Mozilla/5.0 (Windows NT 10.0; Win64; x64) AppleWebKit/537.36 (KHTML, like Gecko) Chrome/119.0.0.0 Safari/537.36"
172.16.36.28 - - [27/Mar/2025:14:06:25 +0800] "GET /manager-page/api/snapshot.php?id=22&t=0.5243984336582579 HTTP/1.1" 500 - "http://192.168.60.79/manager-page/home-2.php" "Mozilla/5.0 (Windows NT 10.0; Win64; x64) AppleWebKit/537.36 (KHTML, like Gecko) Chrome/134.0.0.0 Safari/537.36 Edg/134.0.0.0"
172.16.36.28 - - [27/Mar/2025:14:06:25 +0800] "GET /manager-page/api/snapshot.php?id=21&t=0.9967375570031132 HTTP/1.1" 500 - "http://192.168.60.79/manager-page/home-2.php" "Mozilla/5.0 (Windows NT 10.0; Win64; x64) AppleWebKit/537.36 (KHTML, like Gecko) Chrome/134.0.0.0 Safari/537.36 Edg/134.0.0.0"
127.0.0.1 - - [27/Mar/2025:14:06:27 +0800] "GET /manager-page/api/snapshot.php?id=42&t=0.47787853862549645 HTTP/1.1" 200 - "http://127.0.0.1/manager-page/home-4.php" "Mozilla/5.0 (Windows NT 10.0; Win64; x64) AppleWebKit/537.36 (KHTML, like Gecko) Chrome/119.0.0.0 Safari/537.36"
172.16.36.28 - - [27/Mar/2025:14:06:30 +0800] "GET /manager-page/api/snapshot.php?id=22&t=0.05926041607520971 HTTP/1.1" 500 - "http://192.168.60.79/manager-page/home-2.php" "Mozilla/5.0 (Windows NT 10.0; Win64; x64) AppleWebKit/537.36 (KHTML, like Gecko) Chrome/134.0.0.0 Safari/537.36 Edg/134.0.0.0"
172.16.36.28 - - [27/Mar/2025:14:06:30 +0800] "GET /manager-page/api/snapshot.php?id=21&t=0.935237477765078 HTTP/1.1" 500 - "http://192.168.60.79/manager-page/home-2.php" "Mozilla/5.0 (Windows NT 10.0; Win64; x64) AppleWebKit/537.36 (KHTML, like Gecko) Chrome/134.0.0.0 Safari/537.36 Edg/134.0.0.0"
127.0.0.1 - - [27/Mar/2025:14:06:38 +0800] "POST /robot/lora-in.php HTTP/1.1" 200 - "-" "python-requests/2.31.0"
172.16.36.28 - - [27/Mar/2025:14:06:35 +0800] "GET /manager-page/api/snapshot.php?id=21&t=0.67920628824515 HTTP/1.1" 500 - "http://192.168.60.79/manager-page/home-2.php" "Mozilla/5.0 (Windows NT 10.0; Win64; x64) AppleWebKit/537.36 (KHTML, like Gecko) Chrome/134.0.0.0 Safari/537.36 Edg/134.0.0.0"
172.16.36.28 - - [27/Mar/2025:14:06:35 +0800] "GET /manager-page/api/snapshot.php?id=22&t=0.5918324241825093 HTTP/1.1" 500 - "http://192.168.60.79/manager-page/home-2.php" "Mozilla/5.0 (Windows NT 10.0; Win64; x64) AppleWebKit/537.36 (KHTML, like Gecko) Chrome/134.0.0.0 Safari/537.36 Edg/134.0.0.0"
172.16.36.28 - - [27/Mar/2025:14:06:41 +0800] "GET /manager-page/alarm/3-2.jpg?t=1992473128 HTTP/1.1" 200 187208 "http://192.168.60.79/manager-page/home-3.php" "Mozilla/5.0 (Windows NT 10.0; Win64; x64) AppleWebKit/537.36 (KHTML, like Gecko) Chrome/134.0.0.0 Safari/537.36 Edg/134.0.0.0"
172.16.36.28 - - [27/Mar/2025:14:06:41 +0800] "GET /manager-page/alarm/3-1.jpg?t=291641084 HTTP/1.1" 200 520364 "http://192.168.60.79/manager-page/home-3.php" "Mozilla/5.0 (Windows NT 10.0; Win64; x64) AppleWebKit/537.36 (KHTML, like Gecko) Chrome/134.0.0.0 Safari/537.36 Edg/134.0.0.0"
111.70.30.252 - - [27/Mar/2025:14:06:42 +0800] "POST /robot/lora-in.php HTTP/1.1" 200 - "-" "python-requests/2.21.0"
127.0.0.1 - - [27/Mar/2025:14:06:43 +0800] "POST /robot/lora-in.php HTTP/1.1" 200 - "-" "python-requests/2.31.0"
172.16.36.28 - - [27/Mar/2025:14:06:37 +0800] "GET /manager-page/home-3.php HTTP/1.1" 200 27481 "http://192.168.60.79/manager-page/home-2.php" "Mozilla/5.0 (Windows NT 10.0; Win64; x64) AppleWebKit/537.36 (KHTML, like Gecko) Chrome/134.0.0.0 Safari/537.36 Edg/134.0.0.0"
172.16.36.28 - - [27/Mar/2025:14:06:44 +0800] "GET /manager-page/img/locpic_03.jpg HTTP/1.1" 200 218984 "http://192.168.60.79/manager-page/home-3.php" "Mozilla/5.0 (Windows NT 10.0; Win64; x64) AppleWebKit/537.36 (KHTML, like Gecko) Chrome/134.0.0.0 Safari/537.36 Edg/134.0.0.0"
127.0.0.1 - - [27/Mar/2025:14:06:48 +0800] "POST /robot/lora-in.php HTTP/1.1" 200 - "-" "python-requests/2.31.0"
172.16.36.28 - - [27/Mar/2025:14:06:40 +0800] "GET /manager-page/api/snapshot.php?id=21&t=0.2435112019102228 HTTP/1.1" 500 - "http://192.168.60.79/manager-page/home-2.php" "Mozilla/5.0 (Windows NT 10.0; Win64; x64) AppleWebKit/537.36 (KHTML, like Gecko) Chrome/134.0.0.0 Safari/537.36 Edg/134.0.0.0"
172.16.36.28 - - [27/Mar/2025:14:06:40 +0800] "GET /manager-page/api/snapshot.php?id=22&t=0.2667316112715905 HTTP/1.1" 500 - "http://192.168.60.79/manager-page/home-2.php" "Mozilla/5.0 (Windows NT 10.0; Win64; x64) AppleWebKit/537.36 (KHTML, like Gecko) Chrome/134.0.0.0 Safari/537.36 Edg/134.0.0.0"
172.16.36.28 - - [27/Mar/2025:14:06:41 +0800] "GET /manager-page/api/snapshot.php?id=31 HTTP/1.1" 500 - "http://192.168.60.79/manager-page/home-3.php" "Mozilla/5.0 (Windows NT 10.0; Win64; x64) AppleWebKit/537.36 (KHTML, like Gecko) Chrome/134.0.0.0 Safari/537.36 Edg/134.0.0.0"
172.16.36.28 - - [27/Mar/2025:14:06:41 +0800] "GET /manager-page/api/snapshot.php?id=32 HTTP/1.1" 500 - "http://192.168.60.79/manager-page/home-3.php" "Mozilla/5.0 (Windows NT 10.0; Win64; x64) AppleWebKit/537.36 (KHTML, like Gecko) Chrome/134.0.0.0 Safari/537.36 Edg/134.0.0.0"
172.16.36.28 - - [27/Mar/2025:14:06:49 +0800] "GET /manager-page/live/3-2.jpg HTTP/1.1" 200 54993 "http://192.168.60.79/manager-page/home-3.php" "Mozilla/5.0 (Windows NT 10.0; Win64; x64) AppleWebKit/537.36 (KHTML, like Gecko) Chrome/134.0.0.0 Safari/537.36 Edg/134.0.0.0"
172.16.36.28 - - [27/Mar/2025:14:06:49 +0800] "GET /manager-page/live/3-1.jpg HTTP/1.1" 200 48670 "http://192.168.60.79/manager-page/home-3.php" "Mozilla/5.0 (Windows NT 10.0; Win64; x64) AppleWebKit/537.36 (KHTML, like Gecko) Chrome/134.0.0.0 Safari/537.36 Edg/134.0.0.0"
172.16.36.28 - - [27/Mar/2025:14:06:44 +0800] "GET /manager-page/api/cms-status3.php HTTP/1.1" 500 - "http://192.168.60.79/manager-page/home-3.php" "Mozilla/5.0 (Windows NT 10.0; Win64; x64) AppleWebKit/537.36 (KHTML, like Gecko) Chrome/134.0.0.0 Safari/537.36 Edg/134.0.0.0"
172.16.36.28 - - [27/Mar/2025:14:06:44 +0800] "GET /manager-page/api/lp-status3.php HTTP/1.1" 500 - "http://192.168.60.79/manager-page/home-3.php" "Mozilla/5.0 (Windows NT 10.0; Win64; x64) AppleWebKit/537.36 (KHTML, like Gecko) Chrome/134.0.0.0 Safari/537.36 Edg/134.0.0.0"
172.16.36.28 - - [27/Mar/2025:14:06:49 +0800] "GET /manager-page/api/snapshot.php?id=31&t=0.41621189262918 HTTP/1.1" 200 48854 "http://192.168.60.79/manager-page/home-3.php" "Mozilla/5.0 (Windows NT 10.0; Win64; x64) AppleWebKit/537.36 (KHTML, like Gecko) Chrome/134.0.0.0 Safari/537.36 Edg/134.0.0.0"
172.16.36.28 - - [27/Mar/2025:14:06:49 +0800] "GET /manager-page/api/snapshot.php?id=32&t=0.45697277495367583 HTTP/1.1" 200 56031 "http://192.168.60.79/manager-page/home-3.php" "Mozilla/5.0 (Windows NT 10.0; Win64; x64) AppleWebKit/537.36 (KHTML, like Gecko) Chrome/134.0.0.0 Safari/537.36 Edg/134.0.0.0"
127.0.0.1 - - [27/Mar/2025:14:06:50 +0800] "POST /robot/lora-in.php HTTP/1.1" 200 - "-" "python-requests/2.31.0"
172.16.36.28 - - [27/Mar/2025:14:06:54 +0800] "GET /manager-page/api/snapshot.php?id=32&t=0.516577383271871 HTTP/1.1" 200 56109 "http://192.168.60.79/manager-page/home-3.php" "Mozilla/5.0 (Windows NT 10.0; Win64; x64) AppleWebKit/537.36 (KHTML, like Gecko) Chrome/134.0.0.0 Safari/537.36 Edg/134.0.0.0"
172.16.36.28 - - [27/Mar/2025:14:06:54 +0800] "GET /manager-page/api/snapshot.php?id=31&t=0.8564885580893569 HTTP/1.1" 200 48973 "http://192.168.60.79/manager-page/home-3.php" "Mozilla/5.0 (Windows NT 10.0; Win64; x64) AppleWebKit/537.36 (KHTML, like Gecko) Chrome/134.0.0.0 Safari/537.36 Edg/134.0.0.0"
172.16.36.28 - - [27/Mar/2025:14:06:59 +0800] "GET /manager-page/api/snapshot.php?id=32&t=0.19342697344512882 HTTP/1.1" 200 55777 "http://192.168.60.79/manager-page/home-3.php" "Mozilla/5.0 (Windows NT 10.0; Win64; x64) AppleWebKit/537.36 (KHTML, like Gecko) Chrome/134.0.0.0 Safari/537.36 Edg/134.0.0.0"
172.16.36.28 - - [27/Mar/2025:14:06:59 +0800] "GET /manager-page/api/snapshot.php?id=31&t=0.7312643398921888 HTTP/1.1" 200 48731 "http://192.168.60.79/manager-page/home-3.php" "Mozilla/5.0 (Windows NT 10.0; Win64; x64) AppleWebKit/537.36 (KHTML, like Gecko) Chrome/134.0.0.0 Safari/537.36 Edg/134.0.0.0"
127.0.0.1 - - [27/Mar/2025:14:06:59 +0800] "POST /robot/lora-in.php HTTP/1.1" 200 - "-" "python-requests/2.31.0"
172.16.36.28 - - [27/Mar/2025:14:07:00 +0800] "GET /manager-page/alarm/4-1.jpg?t=910778928 HTTP/1.1" 200 436474 "http://192.168.60.79/manager-page/home-4.php" "Mozilla/5.0 (Windows NT 10.0; Win64; x64) AppleWebKit/537.36 (KHTML, like Gecko) Chrome/134.0.0.0 Safari/537.36 Edg/134.0.0.0"
172.16.36.28 - - [27/Mar/2025:14:07:00 +0800] "GET /manager-page/alarm/4-2.jpg?t=732186663 HTTP/1.1" 200 543160 "http://192.168.60.79/manager-page/home-4.php" "Mozilla/5.0 (Windows NT 10.0; Win64; x64) AppleWebKit/537.36 (KHTML, like Gecko) Chrome/134.0.0.0 Safari/537.36 Edg/134.0.0.0"
172.16.36.28 - - [27/Mar/2025:14:07:00 +0800] "GET /manager-page/home-4.php HTTP/1.1" 200 27476 "http://192.168.60.79/manager-page/home-3.php" "Mozilla/5.0 (Windows NT 10.0; Win64; x64) AppleWebKit/537.36 (KHTML, like Gecko) Chrome/134.0.0.0 Safari/537.36 Edg/134.0.0.0"
172.16.36.28 - - [27/Mar/2025:14:07:02 +0800] "GET /manager-page/img/locpic_04.jpg HTTP/1.1" 200 95941 "http://192.168.60.79/manager-page/home-4.php" "Mozilla/5.0 (Windows NT 10.0; Win64; x64) AppleWebKit/537.36 (KHTML, like Gecko) Chrome/134.0.0.0 Safari/537.36 Edg/134.0.0.0"
127.0.0.1 - - [27/Mar/2025:14:07:00 +0800] "GET /robot/alarm-history-in.php HTTP/1.1" 200 - "-" "python-requests/2.28.1"
172.16.36.28 - - [27/Mar/2025:14:07:00 +0800] "GET /manager-page/api/snapshot.php?id=41 HTTP/1.1" 200 - "http://192.168.60.79/manager-page/home-4.php" "Mozilla/5.0 (Windows NT 10.0; Win64; x64) AppleWebKit/537.36 (KHTML, like Gecko) Chrome/134.0.0.0 Safari/537.36 Edg/134.0.0.0"
172.16.36.28 - - [27/Mar/2025:14:07:04 +0800] "GET /manager-page/live/4-1.jpg HTTP/1.1" 200 47380 "http://192.168.60.79/manager-page/home-4.php" "Mozilla/5.0 (Windows NT 10.0; Win64; x64) AppleWebKit/537.36 (KHTML, like Gecko) Chrome/134.0.0.0 Safari/537.36 Edg/134.0.0.0"
172.16.36.28 - - [27/Mar/2025:14:07:02 +0800] "GET /manager-page/api/cms-status4.php HTTP/1.1" 500 - "http://192.168.60.79/manager-page/home-4.php" "Mozilla/5.0 (Windows NT 10.0; Win64; x64) AppleWebKit/537.36 (KHTML, like Gecko) Chrome/134.0.0.0 Safari/537.36 Edg/134.0.0.0"
172.16.36.28 - - [27/Mar/2025:14:07:00 +0800] "GET /manager-page/api/snapshot.php?id=42 HTTP/1.1" 500 - "http://192.168.60.79/manager-page/home-4.php" "Mozilla/5.0 (Windows NT 10.0; Win64; x64) AppleWebKit/537.36 (KHTML, like Gecko) Chrome/134.0.0.0 Safari/537.36 Edg/134.0.0.0"
172.16.36.28 - - [27/Mar/2025:14:07:02 +0800] "GET /manager-page/api/lp-status4.php HTTP/1.1" 500 - "http://192.168.60.79/manager-page/home-4.php" "Mozilla/5.0 (Windows NT 10.0; Win64; x64) AppleWebKit/537.36 (KHTML, like Gecko) Chrome/134.0.0.0 Safari/537.36 Edg/134.0.0.0"
172.16.36.28 - - [27/Mar/2025:14:07:07 +0800] "GET /manager-page/api/snapshot.php?id=41&t=0.6099487238946406 HTTP/1.1" 500 - "http://192.168.60.79/manager-page/home-4.php" "Mozilla/5.0 (Windows NT 10.0; Win64; x64) AppleWebKit/537.36 (KHTML, like Gecko) Chrome/134.0.0.0 Safari/537.36 Edg/134.0.0.0"
172.16.36.28 - - [27/Mar/2025:14:07:07 +0800] "GET /manager-page/api/snapshot.php?id=42&t=0.8074015450859588 HTTP/1.1" 500 - "http://192.168.60.79/manager-page/home-4.php" "Mozilla/5.0 (Windows NT 10.0; Win64; x64) AppleWebKit/537.36 (KHTML, like Gecko) Chrome/134.0.0.0 Safari/537.36 Edg/134.0.0.0"
172.16.36.28 - - [27/Mar/2025:14:07:12 +0800] "GET /manager-page/api/snapshot.php?id=41&t=0.06904021055550369 HTTP/1.1" 500 - "http://192.168.60.79/manager-page/home-4.php" "Mozilla/5.0 (Windows NT 10.0; Win64; x64) AppleWebKit/537.36 (KHTML, like Gecko) Chrome/134.0.0.0 Safari/537.36 Edg/134.0.0.0"
172.16.36.28 - - [27/Mar/2025:14:07:12 +0800] "GET /manager-page/api/snapshot.php?id=42&t=0.7619800698231469 HTTP/1.1" 500 - "http://192.168.60.79/manager-page/home-4.php" "Mozilla/5.0 (Windows NT 10.0; Win64; x64) AppleWebKit/537.36 (KHTML, like Gecko) Chrome/134.0.0.0 Safari/537.36 Edg/134.0.0.0"
172.16.36.28 - - [27/Mar/2025:14:07:17 +0800] "GET /manager-page/api/snapshot.php?id=41&t=0.917083289692866 HTTP/1.1" 200 - "http://192.168.60.79/manager-page/home-4.php" "Mozilla/5.0 (Windows NT 10.0; Win64; x64) AppleWebKit/537.36 (KHTML, like Gecko) Chrome/134.0.0.0 Safari/537.36 Edg/134.0.0.0"
172.16.36.28 - - [27/Mar/2025:14:07:17 +0800] "GET /manager-page/api/snapshot.php?id=42&t=0.6261399433105448 HTTP/1.1" 500 - "http://192.168.60.79/manager-page/home-4.php" "Mozilla/5.0 (Windows NT 10.0; Win64; x64) AppleWebKit/537.36 (KHTML, like Gecko) Chrome/134.0.0.0 Safari/537.36 Edg/134.0.0.0"
172.16.36.28 - - [27/Mar/2025:14:07:22 +0800] "GET /manager-page/api/snapshot.php?id=41&t=0.5198313964588377 HTTP/1.1" 200 - "http://192.168.60.79/manager-page/home-4.php" "Mozilla/5.0 (Windows NT 10.0; Win64; x64) AppleWebKit/537.36 (KHTML, like Gecko) Chrome/134.0.0.0 Safari/537.36 Edg/134.0.0.0"
172.16.36.28 - - [27/Mar/2025:14:07:22 +0800] "GET /manager-page/api/snapshot.php?id=42&t=0.6584855978354589 HTTP/1.1" 500 - "http://192.168.60.79/manager-page/home-4.php" "Mozilla/5.0 (Windows NT 10.0; Win64; x64) AppleWebKit/537.36 (KHTML, like Gecko) Chrome/134.0.0.0 Safari/537.36 Edg/134.0.0.0"
127.0.0.1 - - [27/Mar/2025:14:07:27 +0800] "GET /manager-page/api/snapshot.php?id=42&t=0.4996522230524445 HTTP/1.1" 200 - "http://127.0.0.1/manager-page/home-4.php" "Mozilla/5.0 (Windows NT 10.0; Win64; x64) AppleWebKit/537.36 (KHTML, like Gecko) Chrome/119.0.0.0 Safari/537.36"
172.16.36.28 - - [27/Mar/2025:14:07:27 +0800] "GET /manager-page/api/snapshot.php?id=41&t=0.676066935330762 HTTP/1.1" 200 - "http://192.168.60.79/manager-page/home-4.php" "Mozilla/5.0 (Windows NT 10.0; Win64; x64) AppleWebKit/537.36 (KHTML, like Gecko) Chrome/134.0.0.0 Safari/537.36 Edg/134.0.0.0"
127.0.0.1 - - [27/Mar/2025:14:07:27 +0800] "GET /manager-page/api/snapshot.php?id=41&t=0.6525612840575568 HTTP/1.1" 200 - "http://127.0.0.1/manager-page/home-4.php" "Mozilla/5.0 (Windows NT 10.0; Win64; x64) AppleWebKit/537.36 (KHTML, like Gecko) Chrome/119.0.0.0 Safari/537.36"
172.16.36.28 - - [27/Mar/2025:14:07:27 +0800] "GET /manager-page/api/snapshot.php?id=42&t=0.91723035988914 HTTP/1.1" 200 - "http://192.168.60.79/manager-page/home-4.php" "Mozilla/5.0 (Windows NT 10.0; Win64; x64) AppleWebKit/537.36 (KHTML, like Gecko) Chrome/134.0.0.0 Safari/537.36 Edg/134.0.0.0"
172.16.36.28 - - [27/Mar/2025:14:07:32 +0800] "GET /manager-page/live/4-2.jpg HTTP/1.1" 200 44621 "http://192.168.60.79/manager-page/home-4.php" "Mozilla/5.0 (Windows NT 10.0; Win64; x64) AppleWebKit/537.36 (KHTML, like Gecko) Chrome/134.0.0.0 Safari/537.36 Edg/134.0.0.0"
172.16.36.28 - - [27/Mar/2025:14:07:32 +0800] "GET /manager-page/api/snapshot.php?id=41&t=0.18247728488465387 HTTP/1.1" 200 - "http://192.168.60.79/manager-page/home-4.php" "Mozilla/5.0 (Windows NT 10.0; Win64; x64) AppleWebKit/537.36 (KHTML, like Gecko) Chrome/134.0.0.0 Safari/537.36 Edg/134.0.0.0"
172.16.36.28 - - [27/Mar/2025:14:07:32 +0800] "GET /manager-page/api/snapshot.php?id=42&t=0.005867931048916031 HTTP/1.1" 200 - "http://192.168.60.79/manager-page/home-4.php" "Mozilla/5.0 (Windows NT 10.0; Win64; x64) AppleWebKit/537.36 (KHTML, like Gecko) Chrome/134.0.0.0 Safari/537.36 Edg/134.0.0.0"
172.16.36.28 - - [27/Mar/2025:14:07:37 +0800] "GET /manager-page/api/snapshot.php?id=42&t=0.5235836252297832 HTTP/1.1" 200 - "http://192.168.60.79/manager-page/home-4.php" "Mozilla/5.0 (Windows NT 10.0; Win64; x64) AppleWebKit/537.36 (KHTML, like Gecko) Chrome/134.0.0.0 Safari/537.36 Edg/134.0.0.0"
172.16.36.28 - - [27/Mar/2025:14:07:37 +0800] "GET /manager-page/api/snapshot.php?id=41&t=0.3047425007495548 HTTP/1.1" 200 - "http://192.168.60.79/manager-page/home-4.php" "Mozilla/5.0 (Windows NT 10.0; Win64; x64) AppleWebKit/537.36 (KHTML, like Gecko) Chrome/134.0.0.0 Safari/537.36 Edg/134.0.0.0"
172.16.36.28 - - [27/Mar/2025:14:07:42 +0800] "GET /manager-page/api/snapshot.php?id=41&t=0.4642136985727918 HTTP/1.1" 200 - "http://192.168.60.79/manager-page/home-4.php" "Mozilla/5.0 (Windows NT 10.0; Win64; x64) AppleWebKit/537.36 (KHTML, like Gecko) Chrome/134.0.0.0 Safari/537.36 Edg/134.0.0.0"
172.16.36.28 - - [27/Mar/2025:14:07:42 +0800] "GET /manager-page/api/snapshot.php?id=42&t=0.999726660173625 HTTP/1.1" 200 - "http://192.168.60.79/manager-page/home-4.php" "Mozilla/5.0 (Windows NT 10.0; Win64; x64) AppleWebKit/537.36 (KHTML, like Gecko) Chrome/134.0.0.0 Safari/537.36 Edg/134.0.0.0"
172.16.36.28 - - [27/Mar/2025:14:07:47 +0800] "GET /manager-page/api/snapshot.php?id=42&t=0.12531740600890862 HTTP/1.1" 200 - "http://192.168.60.79/manager-page/home-4.php" "Mozilla/5.0 (Windows NT 10.0; Win64; x64) AppleWebKit/537.36 (KHTML, like Gecko) Chrome/134.0.0.0 Safari/537.36 Edg/134.0.0.0"
172.16.36.28 - - [27/Mar/2025:14:07:47 +0800] "GET /manager-page/api/snapshot.php?id=41&t=0.28046069245580685 HTTP/1.1" 500 - "http://192.168.60.79/manager-page/home-4.php" "Mozilla/5.0 (Windows NT 10.0; Win64; x64) AppleWebKit/537.36 (KHTML, like Gecko) Chrome/134.0.0.0 Safari/537.36 Edg/134.0.0.0"
172.16.36.28 - - [27/Mar/2025:14:07:52 +0800] "GET /manager-page/api/snapshot.php?id=41&t=0.3630190171359915 HTTP/1.1" 200 - "http://192.168.60.79/manager-page/home-4.php" "Mozilla/5.0 (Windows NT 10.0; Win64; x64) AppleWebKit/537.36 (KHTML, like Gecko) Chrome/134.0.0.0 Safari/537.36 Edg/134.0.0.0"
111.70.30.251 - - [27/Mar/2025:14:07:56 +0800] "POST /robot/lora-in.php HTTP/1.1" 200 - "-" "python-requests/2.21.0"
172.16.36.28 - - [27/Mar/2025:14:07:52 +0800] "GET /manager-page/api/snapshot.php?id=42&t=0.6824700619553747 HTTP/1.1" 500 - "http://192.168.60.79/manager-page/home-4.php" "Mozilla/5.0 (Windows NT 10.0; Win64; x64) AppleWebKit/537.36 (KHTML, like Gecko) Chrome/134.0.0.0 Safari/537.36 Edg/134.0.0.0"
172.16.36.28 - - [27/Mar/2025:14:07:57 +0800] "GET /manager-page/api/snapshot.php?id=41&t=0.3637065511487487 HTTP/1.1" 200 - "http://192.168.60.79/manager-page/home-4.php" "Mozilla/5.0 (Windows NT 10.0; Win64; x64) AppleWebKit/537.36 (KHTML, like Gecko) Chrome/134.0.0.0 Safari/537.36 Edg/134.0.0.0"
127.0.0.1 - - [27/Mar/2025:14:08:00 +0800] "GET /robot/alarm-history-in.php HTTP/1.1" 200 - "-" "python-requests/2.28.1"
172.16.36.28 - - [27/Mar/2025:14:07:57 +0800] "GET /manager-page/api/snapshot.php?id=42&t=0.4326837795845222 HTTP/1.1" 200 - "http://192.168.60.79/manager-page/home-4.php" "Mozilla/5.0 (Windows NT 10.0; Win64; x64) AppleWebKit/537.36 (KHTML, like Gecko) Chrome/134.0.0.0 Safari/537.36 Edg/134.0.0.0"
172.16.36.28 - - [27/Mar/2025:14:08:02 +0800] "GET /manager-page/api/snapshot.php?id=42&t=0.24220999746852612 HTTP/1.1" 200 - "http://192.168.60.79/manager-page/home-4.php" "Mozilla/5.0 (Windows NT 10.0; Win64; x64) AppleWebKit/537.36 (KHTML, like Gecko) Chrome/134.0.0.0 Safari/537.36 Edg/134.0.0.0"
172.16.36.28 - - [27/Mar/2025:14:08:02 +0800] "GET /manager-page/api/snapshot.php?id=41&t=0.9070964883592447 HTTP/1.1" 200 - "http://192.168.60.79/manager-page/home-4.php" "Mozilla/5.0 (Windows NT 10.0; Win64; x64) AppleWebKit/537.36 (KHTML, like Gecko) Chrome/134.0.0.0 Safari/537.36 Edg/134.0.0.0"
172.16.36.28 - - [27/Mar/2025:14:08:07 +0800] "GET /manager-page/api/snapshot.php?id=41&t=0.7038810709635119 HTTP/1.1" 200 - "http://192.168.60.79/manager-page/home-4.php" "Mozilla/5.0 (Windows NT 10.0; Win64; x64) AppleWebKit/537.36 (KHTML, like Gecko) Chrome/134.0.0.0 Safari/537.36 Edg/134.0.0.0"
172.16.36.28 - - [27/Mar/2025:14:08:07 +0800] "GET /manager-page/api/snapshot.php?id=42&t=0.7704787622472515 HTTP/1.1" 200 - "http://192.168.60.79/manager-page/home-4.php" "Mozilla/5.0 (Windows NT 10.0; Win64; x64) AppleWebKit/537.36 (KHTML, like Gecko) Chrome/134.0.0.0 Safari/537.36 Edg/134.0.0.0"
172.16.36.28 - - [27/Mar/2025:14:08:12 +0800] "GET /manager-page/api/snapshot.php?id=41&t=0.6086518666110636 HTTP/1.1" 200 - "http://192.168.60.79/manager-page/home-4.php" "Mozilla/5.0 (Windows NT 10.0; Win64; x64) AppleWebKit/537.36 (KHTML, like Gecko) Chrome/134.0.0.0 Safari/537.36 Edg/134.0.0.0"
172.16.36.28 - - [27/Mar/2025:14:08:12 +0800] "GET /manager-page/api/snapshot.php?id=42&t=0.23969499938910732 HTTP/1.1" 200 - "http://192.168.60.79/manager-page/home-4.php" "Mozilla/5.0 (Windows NT 10.0; Win64; x64) AppleWebKit/537.36 (KHTML, like Gecko) Chrome/134.0.0.0 Safari/537.36 Edg/134.0.0.0"
172.16.36.28 - - [27/Mar/2025:14:08:17 +0800] "GET /manager-page/api/snapshot.php?id=42&t=0.641113398240756 HTTP/1.1" 200 - "http://192.168.60.79/manager-page/home-4.php" "Mozilla/5.0 (Windows NT 10.0; Win64; x64) AppleWebKit/537.36 (KHTML, like Gecko) Chrome/134.0.0.0 Safari/537.36 Edg/134.0.0.0"
172.16.36.28 - - [27/Mar/2025:14:08:17 +0800] "GET /manager-page/api/snapshot.php?id=41&t=0.38380155190816234 HTTP/1.1" 500 - "http://192.168.60.79/manager-page/home-4.php" "Mozilla/5.0 (Windows NT 10.0; Win64; x64) AppleWebKit/537.36 (KHTML, like Gecko) Chrome/134.0.0.0 Safari/537.36 Edg/134.0.0.0"
127.0.0.1 - - [27/Mar/2025:14:08:28 +0800] "POST /robot/et-7026-in.php HTTP/1.1" 200 - "-" "python-requests/2.32.2"
172.16.36.28 - - [27/Mar/2025:14:08:22 +0800] "GET /manager-page/api/snapshot.php?id=41&t=0.7592399140071351 HTTP/1.1" 500 - "http://192.168.60.79/manager-page/home-4.php" "Mozilla/5.0 (Windows NT 10.0; Win64; x64) AppleWebKit/537.36 (KHTML, like Gecko) Chrome/134.0.0.0 Safari/537.36 Edg/134.0.0.0"
172.16.36.28 - - [27/Mar/2025:14:08:22 +0800] "GET /manager-page/api/snapshot.php?id=42&t=0.968694039391123 HTTP/1.1" 500 - "http://192.168.60.79/manager-page/home-4.php" "Mozilla/5.0 (Windows NT 10.0; Win64; x64) AppleWebKit/537.36 (KHTML, like Gecko) Chrome/134.0.0.0 Safari/537.36 Edg/134.0.0.0"
127.0.0.1 - - [27/Mar/2025:14:08:27 +0800] "GET /manager-page/api/snapshot.php?id=42&t=0.8495995205157947 HTTP/1.1" 200 - "http://127.0.0.1/manager-page/home-4.php" "Mozilla/5.0 (Windows NT 10.0; Win64; x64) AppleWebKit/537.36 (KHTML, like Gecko) Chrome/119.0.0.0 Safari/537.36"
127.0.0.1 - - [27/Mar/2025:14:08:27 +0800] "GET /manager-page/api/snapshot.php?id=41&t=0.9501673187354731 HTTP/1.1" 500 - "http://127.0.0.1/manager-page/home-4.php" "Mozilla/5.0 (Windows NT 10.0; Win64; x64) AppleWebKit/537.36 (KHTML, like Gecko) Chrome/119.0.0.0 Safari/537.36"
172.16.36.28 - - [27/Mar/2025:14:08:27 +0800] "GET /manager-page/api/snapshot.php?id=41&t=0.08801533429129549 HTTP/1.1" 500 - "http://192.168.60.79/manager-page/home-4.php" "Mozilla/5.0 (Windows NT 10.0; Win64; x64) AppleWebKit/537.36 (KHTML, like Gecko) Chrome/134.0.0.0 Safari/537.36 Edg/134.0.0.0"
172.16.36.28 - - [27/Mar/2025:14:08:27 +0800] "GET /manager-page/api/snapshot.php?id=42&t=0.7462386332871871 HTTP/1.1" 500 - "http://192.168.60.79/manager-page/home-4.php" "Mozilla/5.0 (Windows NT 10.0; Win64; x64) AppleWebKit/537.36 (KHTML, like Gecko) Chrome/134.0.0.0 Safari/537.36 Edg/134.0.0.0"
172.16.36.28 - - [27/Mar/2025:14:08:32 +0800] "GET /manager-page/api/snapshot.php?id=41&t=0.526038430244528 HTTP/1.1" 200 - "http://192.168.60.79/manager-page/home-4.php" "Mozilla/5.0 (Windows NT 10.0; Win64; x64) AppleWebKit/537.36 (KHTML, like Gecko) Chrome/134.0.0.0 Safari/537.36 Edg/134.0.0.0"
172.16.36.28 - - [27/Mar/2025:14:08:32 +0800] "GET /manager-page/api/snapshot.php?id=42&t=0.696931427244742 HTTP/1.1" 500 - "http://192.168.60.79/manager-page/home-4.php" "Mozilla/5.0 (Windows NT 10.0; Win64; x64) AppleWebKit/537.36 (KHTML, like Gecko) Chrome/134.0.0.0 Safari/537.36 Edg/134.0.0.0"
172.16.36.28 - - [27/Mar/2025:14:08:37 +0800] "GET /manager-page/api/snapshot.php?id=41&t=0.17536593607791806 HTTP/1.1" 200 - "http://192.168.60.79/manager-page/home-4.php" "Mozilla/5.0 (Windows NT 10.0; Win64; x64) AppleWebKit/537.36 (KHTML, like Gecko) Chrome/134.0.0.0 Safari/537.36 Edg/134.0.0.0"
172.16.36.28 - - [27/Mar/2025:14:08:37 +0800] "GET /manager-page/api/snapshot.php?id=42&t=0.27310071671573044 HTTP/1.1" 500 - "http://192.168.60.79/manager-page/home-4.php" "Mozilla/5.0 (Windows NT 10.0; Win64; x64) AppleWebKit/537.36 (KHTML, like Gecko) Chrome/134.0.0.0 Safari/537.36 Edg/134.0.0.0"
172.16.36.28 - - [27/Mar/2025:14:08:42 +0800] "GET /manager-page/api/snapshot.php?id=42&t=0.6959486713493155 HTTP/1.1" 200 - "http://192.168.60.79/manager-page/home-4.php" "Mozilla/5.0 (Windows NT 10.0; Win64; x64) AppleWebKit/537.36 (KHTML, like Gecko) Chrome/134.0.0.0 Safari/537.36 Edg/134.0.0.0"
172.16.36.28 - - [27/Mar/2025:14:08:42 +0800] "GET /manager-page/api/snapshot.php?id=41&t=0.37624574143539036 HTTP/1.1" 200 - "http://192.168.60.79/manager-page/home-4.php" "Mozilla/5.0 (Windows NT 10.0; Win64; x64) AppleWebKit/537.36 (KHTML, like Gecko) Chrome/134.0.0.0 Safari/537.36 Edg/134.0.0.0"
172.16.36.28 - - [27/Mar/2025:14:08:47 +0800] "GET /manager-page/api/snapshot.php?id=41&t=0.8343104160978934 HTTP/1.1" 200 - "http://192.168.60.79/manager-page/home-4.php" "Mozilla/5.0 (Windows NT 10.0; Win64; x64) AppleWebKit/537.36 (KHTML, like Gecko) Chrome/134.0.0.0 Safari/537.36 Edg/134.0.0.0"
172.16.36.28 - - [27/Mar/2025:14:08:47 +0800] "GET /manager-page/api/snapshot.php?id=42&t=0.6645630363419834 HTTP/1.1" 200 - "http://192.168.60.79/manager-page/home-4.php" "Mozilla/5.0 (Windows NT 10.0; Win64; x64) AppleWebKit/537.36 (KHTML, like Gecko) Chrome/134.0.0.0 Safari/537.36 Edg/134.0.0.0"
172.16.36.28 - - [27/Mar/2025:14:08:52 +0800] "GET /manager-page/api/snapshot.php?id=41&t=0.7296733583761175 HTTP/1.1" 200 - "http://192.168.60.79/manager-page/home-4.php" "Mozilla/5.0 (Windows NT 10.0; Win64; x64) AppleWebKit/537.36 (KHTML, like Gecko) Chrome/134.0.0.0 Safari/537.36 Edg/134.0.0.0"
172.16.36.28 - - [27/Mar/2025:14:08:52 +0800] "GET /manager-page/api/snapshot.php?id=42&t=0.8012477000985139 HTTP/1.1" 200 - "http://192.168.60.79/manager-page/home-4.php" "Mozilla/5.0 (Windows NT 10.0; Win64; x64) AppleWebKit/537.36 (KHTML, like Gecko) Chrome/134.0.0.0 Safari/537.36 Edg/134.0.0.0"
172.16.36.28 - - [27/Mar/2025:14:08:57 +0800] "GET /manager-page/api/snapshot.php?id=42&t=0.5232538888515144 HTTP/1.1" 200 - "http://192.168.60.79/manager-page/home-4.php" "Mozilla/5.0 (Windows NT 10.0; Win64; x64) AppleWebKit/537.36 (KHTML, like Gecko) Chrome/134.0.0.0 Safari/537.36 Edg/134.0.0.0"
127.0.0.1 - - [27/Mar/2025:14:09:00 +0800] "GET /robot/alarm-history-in.php HTTP/1.1" 200 - "-" "python-requests/2.28.1"
172.16.36.28 - - [27/Mar/2025:14:08:57 +0800] "GET /manager-page/api/snapshot.php?id=41&t=0.5425246941005075 HTTP/1.1" 200 - "http://192.168.60.79/manager-page/home-4.php" "Mozilla/5.0 (Windows NT 10.0; Win64; x64) AppleWebKit/537.36 (KHTML, like Gecko) Chrome/134.0.0.0 Safari/537.36 Edg/134.0.0.0"
172.16.36.28 - - [27/Mar/2025:14:09:02 +0800] "GET /manager-page/api/snapshot.php?id=41&t=0.4125355959604 HTTP/1.1" 200 - "http://192.168.60.79/manager-page/home-4.php" "Mozilla/5.0 (Windows NT 10.0; Win64; x64) AppleWebKit/537.36 (KHTML, like Gecko) Chrome/134.0.0.0 Safari/537.36 Edg/134.0.0.0"
172.16.36.28 - - [27/Mar/2025:14:09:02 +0800] "GET /manager-page/api/snapshot.php?id=42&t=0.8502016318066057 HTTP/1.1" 200 - "http://192.168.60.79/manager-page/home-4.php" "Mozilla/5.0 (Windows NT 10.0; Win64; x64) AppleWebKit/537.36 (KHTML, like Gecko) Chrome/134.0.0.0 Safari/537.36 Edg/134.0.0.0"
172.16.36.28 - - [27/Mar/2025:14:09:07 +0800] "GET /manager-page/api/snapshot.php?id=42&t=0.8400422625199842 HTTP/1.1" 200 - "http://192.168.60.79/manager-page/home-4.php" "Mozilla/5.0 (Windows NT 10.0; Win64; x64) AppleWebKit/537.36 (KHTML, like Gecko) Chrome/134.0.0.0 Safari/537.36 Edg/134.0.0.0"
172.16.36.28 - - [27/Mar/2025:14:09:07 +0800] "GET /manager-page/api/snapshot.php?id=41&t=0.19055718228126417 HTTP/1.1" 200 - "http://192.168.60.79/manager-page/home-4.php" "Mozilla/5.0 (Windows NT 10.0; Win64; x64) AppleWebKit/537.36 (KHTML, like Gecko) Chrome/134.0.0.0 Safari/537.36 Edg/134.0.0.0"
172.16.36.28 - - [27/Mar/2025:14:09:12 +0800] "GET /manager-page/api/snapshot.php?id=41&t=0.7945041864323552 HTTP/1.1" 200 - "http://192.168.60.79/manager-page/home-4.php" "Mozilla/5.0 (Windows NT 10.0; Win64; x64) AppleWebKit/537.36 (KHTML, like Gecko) Chrome/134.0.0.0 Safari/537.36 Edg/134.0.0.0"
172.16.36.28 - - [27/Mar/2025:14:09:12 +0800] "GET /manager-page/api/snapshot.php?id=42&t=0.8364300477731752 HTTP/1.1" 200 - "http://192.168.60.79/manager-page/home-4.php" "Mozilla/5.0 (Windows NT 10.0; Win64; x64) AppleWebKit/537.36 (KHTML, like Gecko) Chrome/134.0.0.0 Safari/537.36 Edg/134.0.0.0"
172.16.36.28 - - [27/Mar/2025:14:09:17 +0800] "GET /manager-page/api/snapshot.php?id=41&t=0.181706810255031 HTTP/1.1" 200 - "http://192.168.60.79/manager-page/home-4.php" "Mozilla/5.0 (Windows NT 10.0; Win64; x64) AppleWebKit/537.36 (KHTML, like Gecko) Chrome/134.0.0.0 Safari/537.36 Edg/134.0.0.0"
172.16.36.28 - - [27/Mar/2025:14:09:17 +0800] "GET /manager-page/api/snapshot.php?id=42&t=0.36879499573334495 HTTP/1.1" 200 - "http://192.168.60.79/manager-page/home-4.php" "Mozilla/5.0 (Windows NT 10.0; Win64; x64) AppleWebKit/537.36 (KHTML, like Gecko) Chrome/134.0.0.0 Safari/537.36 Edg/134.0.0.0"
172.16.36.28 - - [27/Mar/2025:14:09:22 +0800] "GET /manager-page/api/snapshot.php?id=41&t=0.8114665445490501 HTTP/1.1" 200 - "http://192.168.60.79/manager-page/home-4.php" "Mozilla/5.0 (Windows NT 10.0; Win64; x64) AppleWebKit/537.36 (KHTML, like Gecko) Chrome/134.0.0.0 Safari/537.36 Edg/134.0.0.0"
172.16.36.28 - - [27/Mar/2025:14:09:22 +0800] "GET /manager-page/api/snapshot.php?id=42&t=0.5856800099035473 HTTP/1.1" 200 - "http://192.168.60.79/manager-page/home-4.php" "Mozilla/5.0 (Windows NT 10.0; Win64; x64) AppleWebKit/537.36 (KHTML, like Gecko) Chrome/134.0.0.0 Safari/537.36 Edg/134.0.0.0"
172.16.36.28 - - [27/Mar/2025:14:09:27 +0800] "GET /manager-page/api/snapshot.php?id=41&t=0.30162740842976854 HTTP/1.1" 200 - "http://192.168.60.79/manager-page/home-4.php" "Mozilla/5.0 (Windows NT 10.0; Win64; x64) AppleWebKit/537.36 (KHTML, like Gecko) Chrome/134.0.0.0 Safari/537.36 Edg/134.0.0.0"
127.0.0.1 - - [27/Mar/2025:14:09:27 +0800] "GET /manager-page/api/snapshot.php?id=41&t=0.6989367719159023 HTTP/1.1" 200 - "http://127.0.0.1/manager-page/home-4.php" "Mozilla/5.0 (Windows NT 10.0; Win64; x64) AppleWebKit/537.36 (KHTML, like Gecko) Chrome/119.0.0.0 Safari/537.36"
172.16.36.28 - - [27/Mar/2025:14:09:27 +0800] "GET /manager-page/api/snapshot.php?id=42&t=0.8126568835331247 HTTP/1.1" 200 - "http://192.168.60.79/manager-page/home-4.php" "Mozilla/5.0 (Windows NT 10.0; Win64; x64) AppleWebKit/537.36 (KHTML, like Gecko) Chrome/134.0.0.0 Safari/537.36 Edg/134.0.0.0"
127.0.0.1 - - [27/Mar/2025:14:09:27 +0800] "GET /manager-page/api/snapshot.php?id=42&t=0.3957122633574697 HTTP/1.1" 200 - "http://127.0.0.1/manager-page/home-4.php" "Mozilla/5.0 (Windows NT 10.0; Win64; x64) AppleWebKit/537.36 (KHTML, like Gecko) Chrome/119.0.0.0 Safari/537.36"
172.16.36.28 - - [27/Mar/2025:14:09:32 +0800] "GET /manager-page/api/snapshot.php?id=42&t=0.6318088266215991 HTTP/1.1" 200 - "http://192.168.60.79/manager-page/home-4.php" "Mozilla/5.0 (Windows NT 10.0; Win64; x64) AppleWebKit/537.36 (KHTML, like Gecko) Chrome/134.0.0.0 Safari/537.36 Edg/134.0.0.0"
172.16.36.28 - - [27/Mar/2025:14:09:32 +0800] "GET /manager-page/api/snapshot.php?id=41&t=0.8842861053378812 HTTP/1.1" 500 - "http://192.168.60.79/manager-page/home-4.php" "Mozilla/5.0 (Windows NT 10.0; Win64; x64) AppleWebKit/537.36 (KHTML, like Gecko) Chrome/134.0.0.0 Safari/537.36 Edg/134.0.0.0"
172.16.36.28 - - [27/Mar/2025:14:09:37 +0800] "GET /manager-page/api/snapshot.php?id=41&t=0.30760288861638685 HTTP/1.1" 500 - "http://192.168.60.79/manager-page/home-4.php" "Mozilla/5.0 (Windows NT 10.0; Win64; x64) AppleWebKit/537.36 (KHTML, like Gecko) Chrome/134.0.0.0 Safari/537.36 Edg/134.0.0.0"
172.16.36.28 - - [27/Mar/2025:14:09:37 +0800] "GET /manager-page/api/snapshot.php?id=42&t=0.07825422055823128 HTTP/1.1" 500 - "http://192.168.60.79/manager-page/home-4.php" "Mozilla/5.0 (Windows NT 10.0; Win64; x64) AppleWebKit/537.36 (KHTML, like Gecko) Chrome/134.0.0.0 Safari/537.36 Edg/134.0.0.0"
172.16.36.28 - - [27/Mar/2025:14:09:42 +0800] "GET /manager-page/api/snapshot.php?id=41&t=0.6109750004826624 HTTP/1.1" 500 - "http://192.168.60.79/manager-page/home-4.php" "Mozilla/5.0 (Windows NT 10.0; Win64; x64) AppleWebKit/537.36 (KHTML, like Gecko) Chrome/134.0.0.0 Safari/537.36 Edg/134.0.0.0"
172.16.36.28 - - [27/Mar/2025:14:09:42 +0800] "GET /manager-page/api/snapshot.php?id=42&t=0.11169710792915377 HTTP/1.1" 500 - "http://192.168.60.79/manager-page/home-4.php" "Mozilla/5.0 (Windows NT 10.0; Win64; x64) AppleWebKit/537.36 (KHTML, like Gecko) Chrome/134.0.0.0 Safari/537.36 Edg/134.0.0.0"
172.16.36.28 - - [27/Mar/2025:14:09:47 +0800] "GET /manager-page/api/snapshot.php?id=41&t=0.542135182208821 HTTP/1.1" 200 - "http://192.168.60.79/manager-page/home-4.php" "Mozilla/5.0 (Windows NT 10.0; Win64; x64) AppleWebKit/537.36 (KHTML, like Gecko) Chrome/134.0.0.0 Safari/537.36 Edg/134.0.0.0"
172.16.36.28 - - [27/Mar/2025:14:09:47 +0800] "GET /manager-page/api/snapshot.php?id=42&t=0.6482877971848984 HTTP/1.1" 500 - "http://192.168.60.79/manager-page/home-4.php" "Mozilla/5.0 (Windows NT 10.0; Win64; x64) AppleWebKit/537.36 (KHTML, like Gecko) Chrome/134.0.0.0 Safari/537.36 Edg/134.0.0.0"
172.16.36.28 - - [27/Mar/2025:14:09:52 +0800] "GET /manager-page/api/snapshot.php?id=41&t=0.4938166520255185 HTTP/1.1" 200 - "http://192.168.60.79/manager-page/home-4.php" "Mozilla/5.0 (Windows NT 10.0; Win64; x64) AppleWebKit/537.36 (KHTML, like Gecko) Chrome/134.0.0.0 Safari/537.36 Edg/134.0.0.0"
172.16.36.28 - - [27/Mar/2025:14:09:52 +0800] "GET /manager-page/api/snapshot.php?id=42&t=0.820941095105205 HTTP/1.1" 500 - "http://192.168.60.79/manager-page/home-4.php" "Mozilla/5.0 (Windows NT 10.0; Win64; x64) AppleWebKit/537.36 (KHTML, like Gecko) Chrome/134.0.0.0 Safari/537.36 Edg/134.0.0.0"
172.16.36.28 - - [27/Mar/2025:14:09:57 +0800] "GET /manager-page/api/snapshot.php?id=41&t=0.9396510556386495 HTTP/1.1" 200 - "http://192.168.60.79/manager-page/home-4.php" "Mozilla/5.0 (Windows NT 10.0; Win64; x64) AppleWebKit/537.36 (KHTML, like Gecko) Chrome/134.0.0.0 Safari/537.36 Edg/134.0.0.0"
127.0.0.1 - - [27/Mar/2025:14:10:00 +0800] "GET /robot/alarm-history-in.php HTTP/1.1" 200 - "-" "python-requests/2.28.1"
172.16.36.28 - - [27/Mar/2025:14:09:57 +0800] "GET /manager-page/api/snapshot.php?id=42&t=0.255501197558921 HTTP/1.1" 500 - "http://192.168.60.79/manager-page/home-4.php" "Mozilla/5.0 (Windows NT 10.0; Win64; x64) AppleWebKit/537.36 (KHTML, like Gecko) Chrome/134.0.0.0 Safari/537.36 Edg/134.0.0.0"
172.16.36.28 - - [27/Mar/2025:14:10:02 +0800] "GET /manager-page/api/snapshot.php?id=41&t=0.5830853155952327 HTTP/1.1" 200 - "http://192.168.60.79/manager-page/home-4.php" "Mozilla/5.0 (Windows NT 10.0; Win64; x64) AppleWebKit/537.36 (KHTML, like Gecko) Chrome/134.0.0.0 Safari/537.36 Edg/134.0.0.0"
172.16.36.28 - - [27/Mar/2025:14:10:02 +0800] "GET /manager-page/api/snapshot.php?id=42&t=0.5465828626204399 HTTP/1.1" 200 - "http://192.168.60.79/manager-page/home-4.php" "Mozilla/5.0 (Windows NT 10.0; Win64; x64) AppleWebKit/537.36 (KHTML, like Gecko) Chrome/134.0.0.0 Safari/537.36 Edg/134.0.0.0"
172.16.36.28 - - [27/Mar/2025:14:10:07 +0800] "GET /manager-page/api/snapshot.php?id=41&t=0.022379530163417538 HTTP/1.1" 200 - "http://192.168.60.79/manager-page/home-4.php" "Mozilla/5.0 (Windows NT 10.0; Win64; x64) AppleWebKit/537.36 (KHTML, like Gecko) Chrome/134.0.0.0 Safari/537.36 Edg/134.0.0.0"
172.16.36.28 - - [27/Mar/2025:14:10:07 +0800] "GET /manager-page/api/snapshot.php?id=42&t=0.3628656653217206 HTTP/1.1" 200 - "http://192.168.60.79/manager-page/home-4.php" "Mozilla/5.0 (Windows NT 10.0; Win64; x64) AppleWebKit/537.36 (KHTML, like Gecko) Chrome/134.0.0.0 Safari/537.36 Edg/134.0.0.0"
172.16.36.28 - - [27/Mar/2025:14:10:12 +0800] "GET /manager-page/api/snapshot.php?id=42&t=0.3004228275381535 HTTP/1.1" 200 - "http://192.168.60.79/manager-page/home-4.php" "Mozilla/5.0 (Windows NT 10.0; Win64; x64) AppleWebKit/537.36 (KHTML, like Gecko) Chrome/134.0.0.0 Safari/537.36 Edg/134.0.0.0"
172.16.36.28 - - [27/Mar/2025:14:10:12 +0800] "GET /manager-page/api/snapshot.php?id=41&t=0.2717824116367429 HTTP/1.1" 200 - "http://192.168.60.79/manager-page/home-4.php" "Mozilla/5.0 (Windows NT 10.0; Win64; x64) AppleWebKit/537.36 (KHTML, like Gecko) Chrome/134.0.0.0 Safari/537.36 Edg/134.0.0.0"
172.16.36.28 - - [27/Mar/2025:14:10:17 +0800] "GET /manager-page/api/snapshot.php?id=41&t=0.9727073835535396 HTTP/1.1" 200 - "http://192.168.60.79/manager-page/home-4.php" "Mozilla/5.0 (Windows NT 10.0; Win64; x64) AppleWebKit/537.36 (KHTML, like Gecko) Chrome/134.0.0.0 Safari/537.36 Edg/134.0.0.0"
172.16.36.28 - - [27/Mar/2025:14:10:17 +0800] "GET /manager-page/api/snapshot.php?id=42&t=0.7610297758244073 HTTP/1.1" 200 - "http://192.168.60.79/manager-page/home-4.php" "Mozilla/5.0 (Windows NT 10.0; Win64; x64) AppleWebKit/537.36 (KHTML, like Gecko) Chrome/134.0.0.0 Safari/537.36 Edg/134.0.0.0"
172.16.36.28 - - [27/Mar/2025:14:10:22 +0800] "GET /manager-page/api/snapshot.php?id=42&t=0.12129003084320011 HTTP/1.1" 200 - "http://192.168.60.79/manager-page/home-4.php" "Mozilla/5.0 (Windows NT 10.0; Win64; x64) AppleWebKit/537.36 (KHTML, like Gecko) Chrome/134.0.0.0 Safari/537.36 Edg/134.0.0.0"
172.16.36.28 - - [27/Mar/2025:14:10:22 +0800] "GET /manager-page/api/snapshot.php?id=41&t=0.34461955908295794 HTTP/1.1" 200 - "http://192.168.60.79/manager-page/home-4.php" "Mozilla/5.0 (Windows NT 10.0; Win64; x64) AppleWebKit/537.36 (KHTML, like Gecko) Chrome/134.0.0.0 Safari/537.36 Edg/134.0.0.0"
127.0.0.1 - - [27/Mar/2025:14:10:27 +0800] "GET /manager-page/api/snapshot.php?id=41&t=0.14909278673162163 HTTP/1.1" 200 - "http://127.0.0.1/manager-page/home-4.php" "Mozilla/5.0 (Windows NT 10.0; Win64; x64) AppleWebKit/537.36 (KHTML, like Gecko) Chrome/119.0.0.0 Safari/537.36"
172.16.36.28 - - [27/Mar/2025:14:10:27 +0800] "GET /manager-page/api/snapshot.php?id=42&t=0.5607252402281622 HTTP/1.1" 200 - "http://192.168.60.79/manager-page/home-4.php" "Mozilla/5.0 (Windows NT 10.0; Win64; x64) AppleWebKit/537.36 (KHTML, like Gecko) Chrome/134.0.0.0 Safari/537.36 Edg/134.0.0.0"
127.0.0.1 - - [27/Mar/2025:14:10:27 +0800] "GET /manager-page/api/snapshot.php?id=42&t=0.3209769806348559 HTTP/1.1" 200 - "http://127.0.0.1/manager-page/home-4.php" "Mozilla/5.0 (Windows NT 10.0; Win64; x64) AppleWebKit/537.36 (KHTML, like Gecko) Chrome/119.0.0.0 Safari/537.36"
172.16.36.28 - - [27/Mar/2025:14:10:27 +0800] "GET /manager-page/api/snapshot.php?id=41&t=0.6755081321354872 HTTP/1.1" 200 - "http://192.168.60.79/manager-page/home-4.php" "Mozilla/5.0 (Windows NT 10.0; Win64; x64) AppleWebKit/537.36 (KHTML, like Gecko) Chrome/134.0.0.0 Safari/537.36 Edg/134.0.0.0"
172.16.36.28 - - [27/Mar/2025:14:10:32 +0800] "GET /manager-page/api/snapshot.php?id=41&t=0.5490259751264785 HTTP/1.1" 200 - "http://192.168.60.79/manager-page/home-4.php" "Mozilla/5.0 (Windows NT 10.0; Win64; x64) AppleWebKit/537.36 (KHTML, like Gecko) Chrome/134.0.0.0 Safari/537.36 Edg/134.0.0.0"
172.16.36.28 - - [27/Mar/2025:14:10:32 +0800] "GET /manager-page/api/snapshot.php?id=42&t=0.7911278947724232 HTTP/1.1" 200 - "http://192.168.60.79/manager-page/home-4.php" "Mozilla/5.0 (Windows NT 10.0; Win64; x64) AppleWebKit/537.36 (KHTML, like Gecko) Chrome/134.0.0.0 Safari/537.36 Edg/134.0.0.0"
172.16.36.28 - - [27/Mar/2025:14:10:37 +0800] "GET /manager-page/api/snapshot.php?id=41&t=0.30843019904347035 HTTP/1.1" 200 - "http://192.168.60.79/manager-page/home-4.php" "Mozilla/5.0 (Windows NT 10.0; Win64; x64) AppleWebKit/537.36 (KHTML, like Gecko) Chrome/134.0.0.0 Safari/537.36 Edg/134.0.0.0"
172.16.36.28 - - [27/Mar/2025:14:10:37 +0800] "GET /manager-page/api/snapshot.php?id=42&t=0.6376195136860607 HTTP/1.1" 200 - "http://192.168.60.79/manager-page/home-4.php" "Mozilla/5.0 (Windows NT 10.0; Win64; x64) AppleWebKit/537.36 (KHTML, like Gecko) Chrome/134.0.0.0 Safari/537.36 Edg/134.0.0.0"
172.16.36.28 - - [27/Mar/2025:14:10:42 +0800] "GET /manager-page/api/snapshot.php?id=41&t=0.18929181887389146 HTTP/1.1" 200 - "http://192.168.60.79/manager-page/home-4.php" "Mozilla/5.0 (Windows NT 10.0; Win64; x64) AppleWebKit/537.36 (KHTML, like Gecko) Chrome/134.0.0.0 Safari/537.36 Edg/134.0.0.0"
172.16.36.28 - - [27/Mar/2025:14:10:42 +0800] "GET /manager-page/api/snapshot.php?id=42&t=0.8632138146599058 HTTP/1.1" 200 - "http://192.168.60.79/manager-page/home-4.php" "Mozilla/5.0 (Windows NT 10.0; Win64; x64) AppleWebKit/537.36 (KHTML, like Gecko) Chrome/134.0.0.0 Safari/537.36 Edg/134.0.0.0"
172.16.36.28 - - [27/Mar/2025:14:10:47 +0800] "GET /manager-page/api/snapshot.php?id=41&t=0.46483297387343026 HTTP/1.1" 200 - "http://192.168.60.79/manager-page/home-4.php" "Mozilla/5.0 (Windows NT 10.0; Win64; x64) AppleWebKit/537.36 (KHTML, like Gecko) Chrome/134.0.0.0 Safari/537.36 Edg/134.0.0.0"
172.16.36.28 - - [27/Mar/2025:14:10:47 +0800] "GET /manager-page/api/snapshot.php?id=42&t=0.616152908523367 HTTP/1.1" 500 - "http://192.168.60.79/manager-page/home-4.php" "Mozilla/5.0 (Windows NT 10.0; Win64; x64) AppleWebKit/537.36 (KHTML, like Gecko) Chrome/134.0.0.0 Safari/537.36 Edg/134.0.0.0"
172.16.36.28 - - [27/Mar/2025:14:10:52 +0800] "GET /manager-page/api/snapshot.php?id=41&t=0.31922158365260356 HTTP/1.1" 500 - "http://192.168.60.79/manager-page/home-4.php" "Mozilla/5.0 (Windows NT 10.0; Win64; x64) AppleWebKit/537.36 (KHTML, like Gecko) Chrome/134.0.0.0 Safari/537.36 Edg/134.0.0.0"
172.16.36.28 - - [27/Mar/2025:14:10:52 +0800] "GET /manager-page/api/snapshot.php?id=42&t=0.4551498556982556 HTTP/1.1" 500 - "http://192.168.60.79/manager-page/home-4.php" "Mozilla/5.0 (Windows NT 10.0; Win64; x64) AppleWebKit/537.36 (KHTML, like Gecko) Chrome/134.0.0.0 Safari/537.36 Edg/134.0.0.0"
127.0.0.1 - - [27/Mar/2025:14:11:00 +0800] "GET /robot/alarm-history-in.php HTTP/1.1" 200 - "-" "python-requests/2.28.1"
