111.70.30.250 - - [16/Dec/2025:08:36:13 +0800] "POST /robot/lora-in.php HTTP/1.1" 200 - "-" "python-requests/2.21.0"
111.70.30.251 - - [16/Dec/2025:08:36:15 +0800] "POST /robot/lora-in.php HTTP/1.1" 200 - "-" "python-requests/2.21.0"
172.16.36.181 - - [16/Dec/2025:08:36:55 +0800] "GET /manager-page/api/snapshot.php?id=11&t=0.17652039910020967 HTTP/1.1" 200 28471 "http://192.168.60.79/manager-page/home-1.php" "Mozilla/5.0 (Windows NT 10.0; Win64; x64) AppleWebKit/537.36 (KHTML, like Gecko) Chrome/143.0.0.0 Safari/537.36 Edg/143.0.0.0"
172.16.36.181 - - [16/Dec/2025:08:36:55 +0800] "GET /manager-page/api/snapshot.php?id=12&t=0.2609370785491395 HTTP/1.1" 200 36611 "http://192.168.60.79/manager-page/home-1.php" "Mozilla/5.0 (Windows NT 10.0; Win64; x64) AppleWebKit/537.36 (KHTML, like Gecko) Chrome/143.0.0.0 Safari/537.36 Edg/143.0.0.0"
127.0.0.1 - - [16/Dec/2025:08:37:00 +0800] "GET /robot/alarm-history-in.php HTTP/1.1" 200 - "-" "python-requests/2.28.1"
127.0.0.1 - - [16/Dec/2025:08:37:32 +0800] "GET /get-setting.json HTTP/1.1" 200 2314 "-" "python-requests/2.31.0"
127.0.0.1 - - [16/Dec/2025:08:37:32 +0800] "POST /robot/lora-in.php HTTP/1.1" 200 - "-" "python-requests/2.31.0"
127.0.0.1 - - [16/Dec/2025:08:37:40 +0800] "POST /robot/lora-in.php HTTP/1.1" 200 - "-" "python-requests/2.31.0"
127.0.0.1 - - [16/Dec/2025:08:37:48 +0800] "POST /robot/lora-in.php HTTP/1.1" 200 - "-" "python-requests/2.31.0"
127.0.0.1 - - [16/Dec/2025:08:37:51 +0800] "POST /robot/lora-in.php HTTP/1.1" 200 - "-" "python-requests/2.31.0"
172.16.36.181 - - [16/Dec/2025:08:37:55 +0800] "GET /manager-page/api/snapshot.php?id=12&t=0.14411063453634965 HTTP/1.1" 200 36539 "http://192.168.60.79/manager-page/home-1.php" "Mozilla/5.0 (Windows NT 10.0; Win64; x64) AppleWebKit/537.36 (KHTML, like Gecko) Chrome/143.0.0.0 Safari/537.36 Edg/143.0.0.0"
172.16.36.181 - - [16/Dec/2025:08:37:55 +0800] "GET /manager-page/api/snapshot.php?id=11&t=0.9727099644933875 HTTP/1.1" 200 28420 "http://192.168.60.79/manager-page/home-1.php" "Mozilla/5.0 (Windows NT 10.0; Win64; x64) AppleWebKit/537.36 (KHTML, like Gecko) Chrome/143.0.0.0 Safari/537.36 Edg/143.0.0.0"
127.0.0.1 - - [16/Dec/2025:08:37:59 +0800] "POST /robot/lora-in.php HTTP/1.1" 200 - "-" "python-requests/2.31.0"
127.0.0.1 - - [16/Dec/2025:08:38:00 +0800] "GET /robot/alarm-history-in.php HTTP/1.1" 200 - "-" "python-requests/2.28.1"
127.0.0.1 - - [16/Dec/2025:08:38:08 +0800] "POST /robot/lora-in.php HTTP/1.1" 200 - "-" "python-requests/2.31.0"
127.0.0.1 - - [16/Dec/2025:08:38:16 +0800] "POST /robot/lora-in.php HTTP/1.1" 200 - "-" "python-requests/2.31.0"
127.0.0.1 - - [16/Dec/2025:08:38:27 +0800] "POST /robot/lora-in.php HTTP/1.1" 200 - "-" "python-requests/2.31.0"
172.16.36.181 - - [16/Dec/2025:08:38:55 +0800] "GET /manager-page/api/snapshot.php?id=11&t=0.605312738135143 HTTP/1.1" 200 28487 "http://192.168.60.79/manager-page/home-1.php" "Mozilla/5.0 (Windows NT 10.0; Win64; x64) AppleWebKit/537.36 (KHTML, like Gecko) Chrome/143.0.0.0 Safari/537.36 Edg/143.0.0.0"
172.16.36.181 - - [16/Dec/2025:08:38:55 +0800] "GET /manager-page/api/snapshot.php?id=12&t=0.33102189501402735 HTTP/1.1" 200 36538 "http://192.168.60.79/manager-page/home-1.php" "Mozilla/5.0 (Windows NT 10.0; Win64; x64) AppleWebKit/537.36 (KHTML, like Gecko) Chrome/143.0.0.0 Safari/537.36 Edg/143.0.0.0"
127.0.0.1 - - [16/Dec/2025:08:39:00 +0800] "GET /robot/alarm-history-in.php HTTP/1.1" 200 - "-" "python-requests/2.28.1"
111.70.30.253 - - [16/Dec/2025:08:39:43 +0800] "POST /robot/lora-in.php HTTP/1.1" 200 - "-" "python-requests/2.21.0"
172.16.36.181 - - [16/Dec/2025:08:39:55 +0800] "GET /manager-page/api/snapshot.php?id=12&t=0.6398357500536295 HTTP/1.1" 200 36587 "http://192.168.60.79/manager-page/home-1.php" "Mozilla/5.0 (Windows NT 10.0; Win64; x64) AppleWebKit/537.36 (KHTML, like Gecko) Chrome/143.0.0.0 Safari/537.36 Edg/143.0.0.0"
172.16.36.181 - - [16/Dec/2025:08:39:55 +0800] "GET /manager-page/api/snapshot.php?id=11&t=0.7415268959535734 HTTP/1.1" 200 28515 "http://192.168.60.79/manager-page/home-1.php" "Mozilla/5.0 (Windows NT 10.0; Win64; x64) AppleWebKit/537.36 (KHTML, like Gecko) Chrome/143.0.0.0 Safari/537.36 Edg/143.0.0.0"
127.0.0.1 - - [16/Dec/2025:08:39:59 +0800] "POST /robot/et-7026-in.php HTTP/1.1" 200 - "-" "python-requests/2.32.2"
127.0.0.1 - - [16/Dec/2025:08:40:00 +0800] "GET /robot/alarm-history-in.php HTTP/1.1" 200 - "-" "python-requests/2.28.1"
172.16.36.181 - - [16/Dec/2025:08:40:55 +0800] "GET /manager-page/api/snapshot.php?id=11&t=0.8560020649930412 HTTP/1.1" 200 28577 "http://192.168.60.79/manager-page/home-1.php" "Mozilla/5.0 (Windows NT 10.0; Win64; x64) AppleWebKit/537.36 (KHTML, like Gecko) Chrome/143.0.0.0 Safari/537.36 Edg/143.0.0.0"
172.16.36.181 - - [16/Dec/2025:08:40:55 +0800] "GET /manager-page/api/snapshot.php?id=12&t=0.7867823473717993 HTTP/1.1" 200 36617 "http://192.168.60.79/manager-page/home-1.php" "Mozilla/5.0 (Windows NT 10.0; Win64; x64) AppleWebKit/537.36 (KHTML, like Gecko) Chrome/143.0.0.0 Safari/537.36 Edg/143.0.0.0"
127.0.0.1 - - [16/Dec/2025:08:41:00 +0800] "GET /robot/alarm-history-in.php HTTP/1.1" 200 - "-" "python-requests/2.28.1"
127.0.0.1 - - [16/Dec/2025:08:41:20 +0800] "POST /robot/et-7026-in.php HTTP/1.1" 200 - "-" "python-requests/2.32.2"
172.16.36.181 - - [16/Dec/2025:08:41:55 +0800] "GET /manager-page/api/snapshot.php?id=12&t=0.35282078342714873 HTTP/1.1" 200 36608 "http://192.168.60.79/manager-page/home-1.php" "Mozilla/5.0 (Windows NT 10.0; Win64; x64) AppleWebKit/537.36 (KHTML, like Gecko) Chrome/143.0.0.0 Safari/537.36 Edg/143.0.0.0"
172.16.36.181 - - [16/Dec/2025:08:41:55 +0800] "GET /manager-page/api/snapshot.php?id=11&t=0.41027170201410734 HTTP/1.1" 200 28588 "http://192.168.60.79/manager-page/home-1.php" "Mozilla/5.0 (Windows NT 10.0; Win64; x64) AppleWebKit/537.36 (KHTML, like Gecko) Chrome/143.0.0.0 Safari/537.36 Edg/143.0.0.0"
127.0.0.1 - - [16/Dec/2025:08:42:00 +0800] "GET /robot/alarm-history-in.php HTTP/1.1" 200 - "-" "python-requests/2.28.1"
127.0.0.1 - - [16/Dec/2025:08:42:14 +0800] "POST /robot/et-7026-in.php HTTP/1.1" 200 - "-" "python-requests/2.32.2"
127.0.0.1 - - [16/Dec/2025:08:42:31 +0800] "POST /robot/et-7026-in.php HTTP/1.1" 200 - "-" "python-requests/2.32.2"
111.70.30.252 - - [16/Dec/2025:08:42:41 +0800] "POST /robot/lora-in.php HTTP/1.1" 200 - "-" "python-requests/2.21.0"
172.16.36.181 - - [16/Dec/2025:08:42:55 +0800] "GET /manager-page/api/snapshot.php?id=12&t=0.9402478707780406 HTTP/1.1" 200 36650 "http://192.168.60.79/manager-page/home-1.php" "Mozilla/5.0 (Windows NT 10.0; Win64; x64) AppleWebKit/537.36 (KHTML, like Gecko) Chrome/143.0.0.0 Safari/537.36 Edg/143.0.0.0"
172.16.36.181 - - [16/Dec/2025:08:42:55 +0800] "GET /manager-page/api/snapshot.php?id=11&t=0.3963388268360235 HTTP/1.1" 200 28690 "http://192.168.60.79/manager-page/home-1.php" "Mozilla/5.0 (Windows NT 10.0; Win64; x64) AppleWebKit/537.36 (KHTML, like Gecko) Chrome/143.0.0.0 Safari/537.36 Edg/143.0.0.0"
127.0.0.1 - - [16/Dec/2025:08:43:00 +0800] "GET /robot/alarm-history-in.php HTTP/1.1" 200 - "-" "python-requests/2.28.1"
172.16.36.181 - - [16/Dec/2025:08:43:50 +0800] "GET /manager-page/api/snapshot.php?id=12&t=0.7910908242109058 HTTP/1.1" 200 36577 "http://192.168.60.79/manager-page/home-1.php" "Mozilla/5.0 (Windows NT 10.0; Win64; x64) AppleWebKit/537.36 (KHTML, like Gecko) Chrome/143.0.0.0 Safari/537.36 Edg/143.0.0.0"
172.16.36.181 - - [16/Dec/2025:08:43:50 +0800] "GET /manager-page/api/snapshot.php?id=11&t=0.918511449769949 HTTP/1.1" 200 28599 "http://192.168.60.79/manager-page/home-1.php" "Mozilla/5.0 (Windows NT 10.0; Win64; x64) AppleWebKit/537.36 (KHTML, like Gecko) Chrome/143.0.0.0 Safari/537.36 Edg/143.0.0.0"
172.16.36.181 - - [16/Dec/2025:08:43:50 +0800] "GET /manager-page/api/snapshot.php?id=11&t=0.687694736603011 HTTP/1.1" 200 28619 "http://192.168.60.79/manager-page/home-1.php" "Mozilla/5.0 (Windows NT 10.0; Win64; x64) AppleWebKit/537.36 (KHTML, like Gecko) Chrome/143.0.0.0 Safari/537.36 Edg/143.0.0.0"
172.16.36.181 - - [16/Dec/2025:08:43:50 +0800] "GET /manager-page/api/snapshot.php?id=12&t=0.27094617478117 HTTP/1.1" 200 36531 "http://192.168.60.79/manager-page/home-1.php" "Mozilla/5.0 (Windows NT 10.0; Win64; x64) AppleWebKit/537.36 (KHTML, like Gecko) Chrome/143.0.0.0 Safari/537.36 Edg/143.0.0.0"
172.16.36.181 - - [16/Dec/2025:08:43:56 +0800] "GET /manager-page/api/snapshot.php?id=11&t=0.5659052606482161 HTTP/1.1" 200 28807 "http://192.168.60.79/manager-page/home-1.php" "Mozilla/5.0 (Windows NT 10.0; Win64; x64) AppleWebKit/537.36 (KHTML, like Gecko) Chrome/143.0.0.0 Safari/537.36 Edg/143.0.0.0"
172.16.36.181 - - [16/Dec/2025:08:43:56 +0800] "GET /manager-page/api/snapshot.php?id=12&t=0.1328551729697106 HTTP/1.1" 200 36679 "http://192.168.60.79/manager-page/home-1.php" "Mozilla/5.0 (Windows NT 10.0; Win64; x64) AppleWebKit/537.36 (KHTML, like Gecko) Chrome/143.0.0.0 Safari/537.36 Edg/143.0.0.0"
127.0.0.1 - - [16/Dec/2025:08:44:00 +0800] "GET /robot/alarm-history-in.php HTTP/1.1" 200 - "-" "python-requests/2.28.1"
172.16.36.181 - - [16/Dec/2025:08:44:01 +0800] "GET /manager-page/api/snapshot.php?id=12&t=0.8225818713751555 HTTP/1.1" 200 36484 "http://192.168.60.79/manager-page/home-1.php" "Mozilla/5.0 (Windows NT 10.0; Win64; x64) AppleWebKit/537.36 (KHTML, like Gecko) Chrome/143.0.0.0 Safari/537.36 Edg/143.0.0.0"
172.16.36.181 - - [16/Dec/2025:08:44:01 +0800] "GET /manager-page/api/snapshot.php?id=11&t=0.17769105715082023 HTTP/1.1" 200 28621 "http://192.168.60.79/manager-page/home-1.php" "Mozilla/5.0 (Windows NT 10.0; Win64; x64) AppleWebKit/537.36 (KHTML, like Gecko) Chrome/143.0.0.0 Safari/537.36 Edg/143.0.0.0"
172.16.36.181 - - [16/Dec/2025:08:44:06 +0800] "GET /manager-page/api/snapshot.php?id=12&t=0.5000475482660128 HTTP/1.1" 200 36560 "http://192.168.60.79/manager-page/home-1.php" "Mozilla/5.0 (Windows NT 10.0; Win64; x64) AppleWebKit/537.36 (KHTML, like Gecko) Chrome/143.0.0.0 Safari/537.36 Edg/143.0.0.0"
172.16.36.181 - - [16/Dec/2025:08:44:06 +0800] "GET /manager-page/api/snapshot.php?id=11&t=0.560671143411665 HTTP/1.1" 200 28636 "http://192.168.60.79/manager-page/home-1.php" "Mozilla/5.0 (Windows NT 10.0; Win64; x64) AppleWebKit/537.36 (KHTML, like Gecko) Chrome/143.0.0.0 Safari/537.36 Edg/143.0.0.0"
172.16.36.181 - - [16/Dec/2025:08:44:11 +0800] "GET /manager-page/api/snapshot.php?id=12&t=0.3388371788997513 HTTP/1.1" 200 36698 "http://192.168.60.79/manager-page/home-1.php" "Mozilla/5.0 (Windows NT 10.0; Win64; x64) AppleWebKit/537.36 (KHTML, like Gecko) Chrome/143.0.0.0 Safari/537.36 Edg/143.0.0.0"
172.16.36.181 - - [16/Dec/2025:08:44:11 +0800] "GET /manager-page/api/snapshot.php?id=11&t=0.5770353806213501 HTTP/1.1" 200 28614 "http://192.168.60.79/manager-page/home-1.php" "Mozilla/5.0 (Windows NT 10.0; Win64; x64) AppleWebKit/537.36 (KHTML, like Gecko) Chrome/143.0.0.0 Safari/537.36 Edg/143.0.0.0"
172.16.36.181 - - [16/Dec/2025:08:44:16 +0800] "GET /manager-page/api/snapshot.php?id=12&t=0.2751337754291955 HTTP/1.1" 200 36572 "http://192.168.60.79/manager-page/home-1.php" "Mozilla/5.0 (Windows NT 10.0; Win64; x64) AppleWebKit/537.36 (KHTML, like Gecko) Chrome/143.0.0.0 Safari/537.36 Edg/143.0.0.0"
172.16.36.181 - - [16/Dec/2025:08:44:16 +0800] "GET /manager-page/api/snapshot.php?id=11&t=0.4508986130402539 HTTP/1.1" 200 28511 "http://192.168.60.79/manager-page/home-1.php" "Mozilla/5.0 (Windows NT 10.0; Win64; x64) AppleWebKit/537.36 (KHTML, like Gecko) Chrome/143.0.0.0 Safari/537.36 Edg/143.0.0.0"
172.16.36.181 - - [16/Dec/2025:08:44:21 +0800] "GET /manager-page/api/snapshot.php?id=11&t=0.6184998356459802 HTTP/1.1" 200 28628 "http://192.168.60.79/manager-page/home-1.php" "Mozilla/5.0 (Windows NT 10.0; Win64; x64) AppleWebKit/537.36 (KHTML, like Gecko) Chrome/143.0.0.0 Safari/537.36 Edg/143.0.0.0"
172.16.36.181 - - [16/Dec/2025:08:44:21 +0800] "GET /manager-page/api/snapshot.php?id=12&t=0.5950076880020216 HTTP/1.1" 200 36589 "http://192.168.60.79/manager-page/home-1.php" "Mozilla/5.0 (Windows NT 10.0; Win64; x64) AppleWebKit/537.36 (KHTML, like Gecko) Chrome/143.0.0.0 Safari/537.36 Edg/143.0.0.0"
172.16.36.181 - - [16/Dec/2025:08:44:26 +0800] "GET /manager-page/api/snapshot.php?id=11&t=0.37217823847365317 HTTP/1.1" 200 30043 "http://192.168.60.79/manager-page/home-1.php" "Mozilla/5.0 (Windows NT 10.0; Win64; x64) AppleWebKit/537.36 (KHTML, like Gecko) Chrome/143.0.0.0 Safari/537.36 Edg/143.0.0.0"
172.16.36.181 - - [16/Dec/2025:08:44:26 +0800] "GET /manager-page/api/snapshot.php?id=12&t=0.43450184547440773 HTTP/1.1" 200 36800 "http://192.168.60.79/manager-page/home-1.php" "Mozilla/5.0 (Windows NT 10.0; Win64; x64) AppleWebKit/537.36 (KHTML, like Gecko) Chrome/143.0.0.0 Safari/537.36 Edg/143.0.0.0"
172.16.36.181 - - [16/Dec/2025:08:44:31 +0800] "GET /manager-page/api/snapshot.php?id=11&t=0.3249308333363601 HTTP/1.1" 200 28647 "http://192.168.60.79/manager-page/home-1.php" "Mozilla/5.0 (Windows NT 10.0; Win64; x64) AppleWebKit/537.36 (KHTML, like Gecko) Chrome/143.0.0.0 Safari/537.36 Edg/143.0.0.0"
172.16.36.181 - - [16/Dec/2025:08:44:31 +0800] "GET /manager-page/api/snapshot.php?id=12&t=0.7435758720672151 HTTP/1.1" 200 37560 "http://192.168.60.79/manager-page/home-1.php" "Mozilla/5.0 (Windows NT 10.0; Win64; x64) AppleWebKit/537.36 (KHTML, like Gecko) Chrome/143.0.0.0 Safari/537.36 Edg/143.0.0.0"
172.16.36.181 - - [16/Dec/2025:08:44:36 +0800] "GET /manager-page/api/snapshot.php?id=12&t=0.14606097178502742 HTTP/1.1" 200 36544 "http://192.168.60.79/manager-page/home-1.php" "Mozilla/5.0 (Windows NT 10.0; Win64; x64) AppleWebKit/537.36 (KHTML, like Gecko) Chrome/143.0.0.0 Safari/537.36 Edg/143.0.0.0"
172.16.36.181 - - [16/Dec/2025:08:44:36 +0800] "GET /manager-page/api/snapshot.php?id=11&t=0.655185853506536 HTTP/1.1" 200 28603 "http://192.168.60.79/manager-page/home-1.php" "Mozilla/5.0 (Windows NT 10.0; Win64; x64) AppleWebKit/537.36 (KHTML, like Gecko) Chrome/143.0.0.0 Safari/537.36 Edg/143.0.0.0"
172.16.36.181 - - [16/Dec/2025:08:44:41 +0800] "GET /manager-page/api/snapshot.php?id=11&t=0.3917385221406723 HTTP/1.1" 200 28782 "http://192.168.60.79/manager-page/home-1.php" "Mozilla/5.0 (Windows NT 10.0; Win64; x64) AppleWebKit/537.36 (KHTML, like Gecko) Chrome/143.0.0.0 Safari/537.36 Edg/143.0.0.0"
172.16.36.181 - - [16/Dec/2025:08:44:41 +0800] "GET /manager-page/api/snapshot.php?id=12&t=0.5790368118748046 HTTP/1.1" 200 36553 "http://192.168.60.79/manager-page/home-1.php" "Mozilla/5.0 (Windows NT 10.0; Win64; x64) AppleWebKit/537.36 (KHTML, like Gecko) Chrome/143.0.0.0 Safari/537.36 Edg/143.0.0.0"
172.16.36.181 - - [16/Dec/2025:08:44:46 +0800] "GET /manager-page/api/snapshot.php?id=12&t=0.7719721311152354 HTTP/1.1" 200 36603 "http://192.168.60.79/manager-page/home-1.php" "Mozilla/5.0 (Windows NT 10.0; Win64; x64) AppleWebKit/537.36 (KHTML, like Gecko) Chrome/143.0.0.0 Safari/537.36 Edg/143.0.0.0"
172.16.36.181 - - [16/Dec/2025:08:44:46 +0800] "GET /manager-page/api/snapshot.php?id=11&t=0.7887575894697252 HTTP/1.1" 200 28854 "http://192.168.60.79/manager-page/home-1.php" "Mozilla/5.0 (Windows NT 10.0; Win64; x64) AppleWebKit/537.36 (KHTML, like Gecko) Chrome/143.0.0.0 Safari/537.36 Edg/143.0.0.0"
111.70.30.250 - - [16/Dec/2025:08:44:49 +0800] "POST /robot/lora-in.php HTTP/1.1" 200 - "-" "python-requests/2.21.0"
172.16.36.181 - - [16/Dec/2025:08:44:51 +0800] "GET /manager-page/api/snapshot.php?id=12&t=0.854839652590283 HTTP/1.1" 200 36760 "http://192.168.60.79/manager-page/home-1.php" "Mozilla/5.0 (Windows NT 10.0; Win64; x64) AppleWebKit/537.36 (KHTML, like Gecko) Chrome/143.0.0.0 Safari/537.36 Edg/143.0.0.0"
111.70.30.251 - - [16/Dec/2025:08:44:52 +0800] "POST /robot/lora-in.php HTTP/1.1" 200 - "-" "python-requests/2.21.0"
172.16.36.181 - - [16/Dec/2025:08:44:51 +0800] "GET /manager-page/api/snapshot.php?id=11&t=0.6281815379105926 HTTP/1.1" 200 28622 "http://192.168.60.79/manager-page/home-1.php" "Mozilla/5.0 (Windows NT 10.0; Win64; x64) AppleWebKit/537.36 (KHTML, like Gecko) Chrome/143.0.0.0 Safari/537.36 Edg/143.0.0.0"
127.0.0.1 - - [16/Dec/2025:08:45:00 +0800] "GET /robot/alarm-history-in.php HTTP/1.1" 200 - "-" "python-requests/2.28.1"
172.16.36.181 - - [16/Dec/2025:08:45:52 +0800] "GET /manager-page/api/snapshot.php?id=12&t=0.34717042564556455 HTTP/1.1" 200 36859 "http://192.168.60.79/manager-page/home-1.php" "Mozilla/5.0 (Windows NT 10.0; Win64; x64) AppleWebKit/537.36 (KHTML, like Gecko) Chrome/143.0.0.0 Safari/537.36 Edg/143.0.0.0"
172.16.36.181 - - [16/Dec/2025:08:45:52 +0800] "GET /manager-page/api/snapshot.php?id=11&t=0.11746315848070199 HTTP/1.1" 200 28649 "http://192.168.60.79/manager-page/home-1.php" "Mozilla/5.0 (Windows NT 10.0; Win64; x64) AppleWebKit/537.36 (KHTML, like Gecko) Chrome/143.0.0.0 Safari/537.36 Edg/143.0.0.0"
127.0.0.1 - - [16/Dec/2025:08:46:00 +0800] "GET /robot/alarm-history-in.php HTTP/1.1" 200 - "-" "python-requests/2.28.1"
172.16.36.181 - - [16/Dec/2025:08:46:53 +0800] "GET /manager-page/api/snapshot.php?id=11&t=0.909748992925115 HTTP/1.1" 200 28763 "http://192.168.60.79/manager-page/home-1.php" "Mozilla/5.0 (Windows NT 10.0; Win64; x64) AppleWebKit/537.36 (KHTML, like Gecko) Chrome/143.0.0.0 Safari/537.36 Edg/143.0.0.0"
172.16.36.181 - - [16/Dec/2025:08:46:53 +0800] "GET /manager-page/api/snapshot.php?id=12&t=0.40383217828040996 HTTP/1.1" 200 36532 "http://192.168.60.79/manager-page/home-1.php" "Mozilla/5.0 (Windows NT 10.0; Win64; x64) AppleWebKit/537.36 (KHTML, like Gecko) Chrome/143.0.0.0 Safari/537.36 Edg/143.0.0.0"
127.0.0.1 - - [16/Dec/2025:08:47:00 +0800] "GET /robot/alarm-history-in.php HTTP/1.1" 200 - "-" "python-requests/2.28.1"
127.0.0.1 - - [16/Dec/2025:08:47:32 +0800] "GET /get-setting.json HTTP/1.1" 200 2314 "-" "python-requests/2.31.0"
127.0.0.1 - - [16/Dec/2025:08:47:32 +0800] "POST /robot/lora-in.php HTTP/1.1" 200 - "-" "python-requests/2.31.0"
127.0.0.1 - - [16/Dec/2025:08:47:36 +0800] "POST /robot/lora-in.php HTTP/1.1" 200 - "-" "python-requests/2.31.0"
127.0.0.1 - - [16/Dec/2025:08:47:44 +0800] "POST /robot/lora-in.php HTTP/1.1" 200 - "-" "python-requests/2.31.0"
127.0.0.1 - - [16/Dec/2025:08:47:45 +0800] "POST /robot/lora-in.php HTTP/1.1" 200 - "-" "python-requests/2.31.0"
172.16.36.181 - - [16/Dec/2025:08:47:54 +0800] "GET /manager-page/api/snapshot.php?id=12&t=0.09921656953368474 HTTP/1.1" 200 36583 "http://192.168.60.79/manager-page/home-1.php" "Mozilla/5.0 (Windows NT 10.0; Win64; x64) AppleWebKit/537.36 (KHTML, like Gecko) Chrome/143.0.0.0 Safari/537.36 Edg/143.0.0.0"
172.16.36.181 - - [16/Dec/2025:08:47:54 +0800] "GET /manager-page/api/snapshot.php?id=11&t=0.5885100481902661 HTTP/1.1" 200 28728 "http://192.168.60.79/manager-page/home-1.php" "Mozilla/5.0 (Windows NT 10.0; Win64; x64) AppleWebKit/537.36 (KHTML, like Gecko) Chrome/143.0.0.0 Safari/537.36 Edg/143.0.0.0"
127.0.0.1 - - [16/Dec/2025:08:47:55 +0800] "POST /robot/lora-in.php HTTP/1.1" 200 - "-" "python-requests/2.31.0"
127.0.0.1 - - [16/Dec/2025:08:47:59 +0800] "POST /robot/lora-in.php HTTP/1.1" 200 - "-" "python-requests/2.31.0"
127.0.0.1 - - [16/Dec/2025:08:48:00 +0800] "POST /robot/lora-in.php HTTP/1.1" 200 - "-" "python-requests/2.31.0"
127.0.0.1 - - [16/Dec/2025:08:48:00 +0800] "GET /robot/alarm-history-in.php HTTP/1.1" 200 - "-" "python-requests/2.28.1"
127.0.0.1 - - [16/Dec/2025:08:48:07 +0800] "POST /robot/lora-in.php HTTP/1.1" 200 - "-" "python-requests/2.31.0"
111.70.30.253 - - [16/Dec/2025:08:48:30 +0800] "POST /robot/lora-in.php HTTP/1.1" 200 - "-" "python-requests/2.21.0"
172.16.36.181 - - [16/Dec/2025:08:48:55 +0800] "GET /manager-page/api/snapshot.php?id=11&t=0.10238880942183326 HTTP/1.1" 200 28739 "http://192.168.60.79/manager-page/home-1.php" "Mozilla/5.0 (Windows NT 10.0; Win64; x64) AppleWebKit/537.36 (KHTML, like Gecko) Chrome/143.0.0.0 Safari/537.36 Edg/143.0.0.0"
172.16.36.181 - - [16/Dec/2025:08:48:55 +0800] "GET /manager-page/api/snapshot.php?id=12&t=0.5444319881780918 HTTP/1.1" 200 36524 "http://192.168.60.79/manager-page/home-1.php" "Mozilla/5.0 (Windows NT 10.0; Win64; x64) AppleWebKit/537.36 (KHTML, like Gecko) Chrome/143.0.0.0 Safari/537.36 Edg/143.0.0.0"
127.0.0.1 - - [16/Dec/2025:08:49:00 +0800] "GET /robot/alarm-history-in.php HTTP/1.1" 200 - "-" "python-requests/2.28.1"
172.16.36.181 - - [16/Dec/2025:08:49:55 +0800] "GET /manager-page/api/snapshot.php?id=12&t=0.7315619810882207 HTTP/1.1" 200 36675 "http://192.168.60.79/manager-page/home-1.php" "Mozilla/5.0 (Windows NT 10.0; Win64; x64) AppleWebKit/537.36 (KHTML, like Gecko) Chrome/143.0.0.0 Safari/537.36 Edg/143.0.0.0"
172.16.36.181 - - [16/Dec/2025:08:49:55 +0800] "GET /manager-page/api/snapshot.php?id=11&t=0.6249221631213451 HTTP/1.1" 200 30083 "http://192.168.60.79/manager-page/home-1.php" "Mozilla/5.0 (Windows NT 10.0; Win64; x64) AppleWebKit/537.36 (KHTML, like Gecko) Chrome/143.0.0.0 Safari/537.36 Edg/143.0.0.0"
127.0.0.1 - - [16/Dec/2025:08:50:00 +0800] "GET /robot/alarm-history-in.php HTTP/1.1" 200 - "-" "python-requests/2.28.1"
127.0.0.1 - - [16/Dec/2025:08:50:03 +0800] "POST /robot/et-7026-in.php HTTP/1.1" 200 - "-" "python-requests/2.32.2"
172.16.36.181 - - [16/Dec/2025:08:50:55 +0800] "GET /manager-page/api/snapshot.php?id=11&t=0.9413476978688251 HTTP/1.1" 200 28772 "http://192.168.60.79/manager-page/home-1.php" "Mozilla/5.0 (Windows NT 10.0; Win64; x64) AppleWebKit/537.36 (KHTML, like Gecko) Chrome/143.0.0.0 Safari/537.36 Edg/143.0.0.0"
172.16.36.181 - - [16/Dec/2025:08:50:55 +0800] "GET /manager-page/api/snapshot.php?id=12&t=0.8171385054380673 HTTP/1.1" 200 36435 "http://192.168.60.79/manager-page/home-1.php" "Mozilla/5.0 (Windows NT 10.0; Win64; x64) AppleWebKit/537.36 (KHTML, like Gecko) Chrome/143.0.0.0 Safari/537.36 Edg/143.0.0.0"
127.0.0.1 - - [16/Dec/2025:08:51:00 +0800] "GET /robot/alarm-history-in.php HTTP/1.1" 200 - "-" "python-requests/2.28.1"
127.0.0.1 - - [16/Dec/2025:08:51:23 +0800] "POST /robot/et-7026-in.php HTTP/1.1" 200 - "-" "python-requests/2.32.2"
111.70.30.252 - - [16/Dec/2025:08:51:54 +0800] "POST /robot/lora-in.php HTTP/1.1" 200 - "-" "python-requests/2.21.0"
172.16.36.181 - - [16/Dec/2025:08:51:55 +0800] "GET /manager-page/api/snapshot.php?id=11&t=0.5556339844729558 HTTP/1.1" 200 28756 "http://192.168.60.79/manager-page/home-1.php" "Mozilla/5.0 (Windows NT 10.0; Win64; x64) AppleWebKit/537.36 (KHTML, like Gecko) Chrome/143.0.0.0 Safari/537.36 Edg/143.0.0.0"
172.16.36.181 - - [16/Dec/2025:08:51:55 +0800] "GET /manager-page/api/snapshot.php?id=12&t=0.4013816387471798 HTTP/1.1" 200 36416 "http://192.168.60.79/manager-page/home-1.php" "Mozilla/5.0 (Windows NT 10.0; Win64; x64) AppleWebKit/537.36 (KHTML, like Gecko) Chrome/143.0.0.0 Safari/537.36 Edg/143.0.0.0"
127.0.0.1 - - [16/Dec/2025:08:52:00 +0800] "GET /robot/alarm-history-in.php HTTP/1.1" 200 - "-" "python-requests/2.28.1"
127.0.0.1 - - [16/Dec/2025:08:52:17 +0800] "POST /robot/et-7026-in.php HTTP/1.1" 200 - "-" "python-requests/2.32.2"
127.0.0.1 - - [16/Dec/2025:08:52:31 +0800] "POST /robot/et-7026-in.php HTTP/1.1" 200 - "-" "python-requests/2.32.2"
172.16.36.181 - - [16/Dec/2025:08:52:55 +0800] "GET /manager-page/api/snapshot.php?id=12&t=0.5618209262895678 HTTP/1.1" 200 36452 "http://192.168.60.79/manager-page/home-1.php" "Mozilla/5.0 (Windows NT 10.0; Win64; x64) AppleWebKit/537.36 (KHTML, like Gecko) Chrome/143.0.0.0 Safari/537.36 Edg/143.0.0.0"
172.16.36.181 - - [16/Dec/2025:08:52:55 +0800] "GET /manager-page/api/snapshot.php?id=11&t=0.427187505008364 HTTP/1.1" 200 28834 "http://192.168.60.79/manager-page/home-1.php" "Mozilla/5.0 (Windows NT 10.0; Win64; x64) AppleWebKit/537.36 (KHTML, like Gecko) Chrome/143.0.0.0 Safari/537.36 Edg/143.0.0.0"
127.0.0.1 - - [16/Dec/2025:08:53:00 +0800] "GET /robot/alarm-history-in.php HTTP/1.1" 200 - "-" "python-requests/2.28.1"
111.70.30.250 - - [16/Dec/2025:08:53:24 +0800] "POST /robot/lora-in.php HTTP/1.1" 200 - "-" "python-requests/2.21.0"
111.70.30.251 - - [16/Dec/2025:08:53:29 +0800] "POST /robot/lora-in.php HTTP/1.1" 200 - "-" "python-requests/2.21.0"
172.16.36.181 - - [16/Dec/2025:08:53:55 +0800] "GET /manager-page/api/snapshot.php?id=11&t=0.64138177351333 HTTP/1.1" 200 28841 "http://192.168.60.79/manager-page/home-1.php" "Mozilla/5.0 (Windows NT 10.0; Win64; x64) AppleWebKit/537.36 (KHTML, like Gecko) Chrome/143.0.0.0 Safari/537.36 Edg/143.0.0.0"
172.16.36.181 - - [16/Dec/2025:08:53:55 +0800] "GET /manager-page/api/snapshot.php?id=12&t=0.09692432880361124 HTTP/1.1" 200 36486 "http://192.168.60.79/manager-page/home-1.php" "Mozilla/5.0 (Windows NT 10.0; Win64; x64) AppleWebKit/537.36 (KHTML, like Gecko) Chrome/143.0.0.0 Safari/537.36 Edg/143.0.0.0"
127.0.0.1 - - [16/Dec/2025:08:54:00 +0800] "GET /robot/alarm-history-in.php HTTP/1.1" 200 - "-" "python-requests/2.28.1"
172.16.36.181 - - [16/Dec/2025:08:54:55 +0800] "GET /manager-page/api/snapshot.php?id=11&t=0.14654428948804588 HTTP/1.1" 200 28892 "http://192.168.60.79/manager-page/home-1.php" "Mozilla/5.0 (Windows NT 10.0; Win64; x64) AppleWebKit/537.36 (KHTML, like Gecko) Chrome/143.0.0.0 Safari/537.36 Edg/143.0.0.0"
172.16.36.181 - - [16/Dec/2025:08:54:55 +0800] "GET /manager-page/api/snapshot.php?id=12&t=0.3497487776236968 HTTP/1.1" 200 36520 "http://192.168.60.79/manager-page/home-1.php" "Mozilla/5.0 (Windows NT 10.0; Win64; x64) AppleWebKit/537.36 (KHTML, like Gecko) Chrome/143.0.0.0 Safari/537.36 Edg/143.0.0.0"
127.0.0.1 - - [16/Dec/2025:08:55:00 +0800] "GET /robot/alarm-history-in.php HTTP/1.1" 200 - "-" "python-requests/2.28.1"
172.16.36.181 - - [16/Dec/2025:08:55:55 +0800] "GET /manager-page/api/snapshot.php?id=11&t=0.8771718277214746 HTTP/1.1" 200 28874 "http://192.168.60.79/manager-page/home-1.php" "Mozilla/5.0 (Windows NT 10.0; Win64; x64) AppleWebKit/537.36 (KHTML, like Gecko) Chrome/143.0.0.0 Safari/537.36 Edg/143.0.0.0"
172.16.36.181 - - [16/Dec/2025:08:55:55 +0800] "GET /manager-page/api/snapshot.php?id=12&t=0.8446969246599958 HTTP/1.1" 200 36470 "http://192.168.60.79/manager-page/home-1.php" "Mozilla/5.0 (Windows NT 10.0; Win64; x64) AppleWebKit/537.36 (KHTML, like Gecko) Chrome/143.0.0.0 Safari/537.36 Edg/143.0.0.0"
172.16.36.181 - - [16/Dec/2025:08:56:01 +0800] "GET /manager-page/api/snapshot.php?id=12&t=0.29329187234476617 HTTP/1.1" 200 36508 "http://192.168.60.79/manager-page/home-1.php" "Mozilla/5.0 (Windows NT 10.0; Win64; x64) AppleWebKit/537.36 (KHTML, like Gecko) Chrome/143.0.0.0 Safari/537.36 Edg/143.0.0.0"
172.16.36.181 - - [16/Dec/2025:08:56:01 +0800] "GET /manager-page/api/snapshot.php?id=11&t=0.09705938417873361 HTTP/1.1" 200 28868 "http://192.168.60.79/manager-page/home-1.php" "Mozilla/5.0 (Windows NT 10.0; Win64; x64) AppleWebKit/537.36 (KHTML, like Gecko) Chrome/143.0.0.0 Safari/537.36 Edg/143.0.0.0"
127.0.0.1 - - [16/Dec/2025:08:56:00 +0800] "GET /robot/alarm-history-in.php HTTP/1.1" 200 - "-" "python-requests/2.28.1"
172.16.36.181 - - [16/Dec/2025:08:56:06 +0800] "GET /manager-page/api/snapshot.php?id=11&t=0.6637105914506473 HTTP/1.1" 200 28888 "http://192.168.60.79/manager-page/home-1.php" "Mozilla/5.0 (Windows NT 10.0; Win64; x64) AppleWebKit/537.36 (KHTML, like Gecko) Chrome/143.0.0.0 Safari/537.36 Edg/143.0.0.0"
172.16.36.181 - - [16/Dec/2025:08:56:06 +0800] "GET /manager-page/api/snapshot.php?id=12&t=0.48570890662603383 HTTP/1.1" 200 36528 "http://192.168.60.79/manager-page/home-1.php" "Mozilla/5.0 (Windows NT 10.0; Win64; x64) AppleWebKit/537.36 (KHTML, like Gecko) Chrome/143.0.0.0 Safari/537.36 Edg/143.0.0.0"
172.16.36.181 - - [16/Dec/2025:08:56:10 +0800] "GET /manager-page/api/snapshot.php?id=12&t=0.027325843043966347 HTTP/1.1" 200 36670 "http://192.168.60.79/manager-page/home-1.php" "Mozilla/5.0 (Windows NT 10.0; Win64; x64) AppleWebKit/537.36 (KHTML, like Gecko) Chrome/143.0.0.0 Safari/537.36 Edg/143.0.0.0"
172.16.36.181 - - [16/Dec/2025:08:56:10 +0800] "GET /manager-page/api/snapshot.php?id=11&t=0.7019510744375933 HTTP/1.1" 200 28895 "http://192.168.60.79/manager-page/home-1.php" "Mozilla/5.0 (Windows NT 10.0; Win64; x64) AppleWebKit/537.36 (KHTML, like Gecko) Chrome/143.0.0.0 Safari/537.36 Edg/143.0.0.0"
172.16.36.181 - - [16/Dec/2025:08:56:12 +0800] "GET /manager-page/alarm/2-1.jpg?t=2092716674 HTTP/1.1" 200 195810 "http://192.168.60.79/manager-page/home-2.php" "Mozilla/5.0 (Windows NT 10.0; Win64; x64) AppleWebKit/537.36 (KHTML, like Gecko) Chrome/143.0.0.0 Safari/537.36 Edg/143.0.0.0"
172.16.36.181 - - [16/Dec/2025:08:56:12 +0800] "GET /manager-page/alarm/2-2.jpg?t=885135229 HTTP/1.1" 200 544111 "http://192.168.60.79/manager-page/home-2.php" "Mozilla/5.0 (Windows NT 10.0; Win64; x64) AppleWebKit/537.36 (KHTML, like Gecko) Chrome/143.0.0.0 Safari/537.36 Edg/143.0.0.0"
172.16.36.181 - - [16/Dec/2025:08:56:11 +0800] "GET /manager-page/home-2.php HTTP/1.1" 200 27470 "http://192.168.60.79/manager-page/home-1.php" "Mozilla/5.0 (Windows NT 10.0; Win64; x64) AppleWebKit/537.36 (KHTML, like Gecko) Chrome/143.0.0.0 Safari/537.36 Edg/143.0.0.0"
172.16.36.181 - - [16/Dec/2025:08:56:12 +0800] "GET /manager-page/api/snapshot.php?id=21 HTTP/1.1" 200 42589 "http://192.168.60.79/manager-page/home-2.php" "Mozilla/5.0 (Windows NT 10.0; Win64; x64) AppleWebKit/537.36 (KHTML, like Gecko) Chrome/143.0.0.0 Safari/537.36 Edg/143.0.0.0"
172.16.36.181 - - [16/Dec/2025:08:56:12 +0800] "GET /manager-page/api/snapshot.php?id=22 HTTP/1.1" 200 40930 "http://192.168.60.79/manager-page/home-2.php" "Mozilla/5.0 (Windows NT 10.0; Win64; x64) AppleWebKit/537.36 (KHTML, like Gecko) Chrome/143.0.0.0 Safari/537.36 Edg/143.0.0.0"
172.16.36.181 - - [16/Dec/2025:08:56:15 +0800] "GET /manager-page/api/cms-status2.php HTTP/1.1" 200 12 "http://192.168.60.79/manager-page/home-2.php" "Mozilla/5.0 (Windows NT 10.0; Win64; x64) AppleWebKit/537.36 (KHTML, like Gecko) Chrome/143.0.0.0 Safari/537.36 Edg/143.0.0.0"
172.16.36.181 - - [16/Dec/2025:08:56:15 +0800] "GET /manager-page/api/lp-status2.php HTTP/1.1" 200 1 "http://192.168.60.79/manager-page/home-2.php" "Mozilla/5.0 (Windows NT 10.0; Win64; x64) AppleWebKit/537.36 (KHTML, like Gecko) Chrome/143.0.0.0 Safari/537.36 Edg/143.0.0.0"
172.16.36.181 - - [16/Dec/2025:08:56:20 +0800] "GET /manager-page/api/snapshot.php?id=22&t=0.9025450658522103 HTTP/1.1" 200 41458 "http://192.168.60.79/manager-page/home-2.php" "Mozilla/5.0 (Windows NT 10.0; Win64; x64) AppleWebKit/537.36 (KHTML, like Gecko) Chrome/143.0.0.0 Safari/537.36 Edg/143.0.0.0"
172.16.36.181 - - [16/Dec/2025:08:56:20 +0800] "GET /manager-page/api/snapshot.php?id=21&t=0.46957732766809124 HTTP/1.1" 200 46692 "http://192.168.60.79/manager-page/home-2.php" "Mozilla/5.0 (Windows NT 10.0; Win64; x64) AppleWebKit/537.36 (KHTML, like Gecko) Chrome/143.0.0.0 Safari/537.36 Edg/143.0.0.0"
172.16.36.181 - - [16/Dec/2025:08:56:25 +0800] "GET /manager-page/api/snapshot.php?id=21&t=0.6825456849766596 HTTP/1.1" 200 45939 "http://192.168.60.79/manager-page/home-2.php" "Mozilla/5.0 (Windows NT 10.0; Win64; x64) AppleWebKit/537.36 (KHTML, like Gecko) Chrome/143.0.0.0 Safari/537.36 Edg/143.0.0.0"
172.16.36.181 - - [16/Dec/2025:08:56:25 +0800] "GET /manager-page/api/snapshot.php?id=22&t=0.04954639314626952 HTTP/1.1" 200 40945 "http://192.168.60.79/manager-page/home-2.php" "Mozilla/5.0 (Windows NT 10.0; Win64; x64) AppleWebKit/537.36 (KHTML, like Gecko) Chrome/143.0.0.0 Safari/537.36 Edg/143.0.0.0"
172.16.36.181 - - [16/Dec/2025:08:56:30 +0800] "GET /manager-page/api/snapshot.php?id=21&t=0.7163891892148213 HTTP/1.1" 200 45897 "http://192.168.60.79/manager-page/home-2.php" "Mozilla/5.0 (Windows NT 10.0; Win64; x64) AppleWebKit/537.36 (KHTML, like Gecko) Chrome/143.0.0.0 Safari/537.36 Edg/143.0.0.0"
172.16.36.181 - - [16/Dec/2025:08:56:30 +0800] "GET /manager-page/api/snapshot.php?id=22&t=0.6527247563117222 HTTP/1.1" 200 40956 "http://192.168.60.79/manager-page/home-2.php" "Mozilla/5.0 (Windows NT 10.0; Win64; x64) AppleWebKit/537.36 (KHTML, like Gecko) Chrome/143.0.0.0 Safari/537.36 Edg/143.0.0.0"
172.16.36.181 - - [16/Dec/2025:08:56:32 +0800] "GET /manager-page/alarm/3-2.jpg?t=916864595 HTTP/1.1" 200 13 "http://192.168.60.79/manager-page/home-3.php" "Mozilla/5.0 (Windows NT 10.0; Win64; x64) AppleWebKit/537.36 (KHTML, like Gecko) Chrome/143.0.0.0 Safari/537.36 Edg/143.0.0.0"
172.16.36.181 - - [16/Dec/2025:08:56:32 +0800] "GET /manager-page/alarm/3-1.jpg?t=823560406 HTTP/1.1" 200 520364 "http://192.168.60.79/manager-page/home-3.php" "Mozilla/5.0 (Windows NT 10.0; Win64; x64) AppleWebKit/537.36 (KHTML, like Gecko) Chrome/143.0.0.0 Safari/537.36 Edg/143.0.0.0"
172.16.36.181 - - [16/Dec/2025:08:56:32 +0800] "GET /manager-page/home-3.php HTTP/1.1" 200 27480 "http://192.168.60.79/manager-page/home-2.php" "Mozilla/5.0 (Windows NT 10.0; Win64; x64) AppleWebKit/537.36 (KHTML, like Gecko) Chrome/143.0.0.0 Safari/537.36 Edg/143.0.0.0"
172.16.36.181 - - [16/Dec/2025:08:56:32 +0800] "GET /manager-page/api/snapshot.php?id=31 HTTP/1.1" 500 - "http://192.168.60.79/manager-page/home-3.php" "Mozilla/5.0 (Windows NT 10.0; Win64; x64) AppleWebKit/537.36 (KHTML, like Gecko) Chrome/143.0.0.0 Safari/537.36 Edg/143.0.0.0"
172.16.36.181 - - [16/Dec/2025:08:56:32 +0800] "GET /manager-page/api/snapshot.php?id=32 HTTP/1.1" 500 - "http://192.168.60.79/manager-page/home-3.php" "Mozilla/5.0 (Windows NT 10.0; Win64; x64) AppleWebKit/537.36 (KHTML, like Gecko) Chrome/143.0.0.0 Safari/537.36 Edg/143.0.0.0"
172.16.36.181 - - [16/Dec/2025:08:56:40 +0800] "GET /manager-page/live/3-2.jpg HTTP/1.1" 200 58133 "http://192.168.60.79/manager-page/home-3.php" "Mozilla/5.0 (Windows NT 10.0; Win64; x64) AppleWebKit/537.36 (KHTML, like Gecko) Chrome/143.0.0.0 Safari/537.36 Edg/143.0.0.0"
172.16.36.181 - - [16/Dec/2025:08:56:40 +0800] "GET /manager-page/live/3-1.jpg HTTP/1.1" 200 54551 "http://192.168.60.79/manager-page/home-3.php" "Mozilla/5.0 (Windows NT 10.0; Win64; x64) AppleWebKit/537.36 (KHTML, like Gecko) Chrome/143.0.0.0 Safari/537.36 Edg/143.0.0.0"
172.16.36.181 - - [16/Dec/2025:08:56:40 +0800] "GET /manager-page/api/lp-status3.php HTTP/1.1" 200 1 "http://192.168.60.79/manager-page/home-3.php" "Mozilla/5.0 (Windows NT 10.0; Win64; x64) AppleWebKit/537.36 (KHTML, like Gecko) Chrome/143.0.0.0 Safari/537.36 Edg/143.0.0.0"
172.16.36.181 - - [16/Dec/2025:08:56:40 +0800] "GET /manager-page/api/cms-status3.php HTTP/1.1" 200 12 "http://192.168.60.79/manager-page/home-3.php" "Mozilla/5.0 (Windows NT 10.0; Win64; x64) AppleWebKit/537.36 (KHTML, like Gecko) Chrome/143.0.0.0 Safari/537.36 Edg/143.0.0.0"
172.16.36.181 - - [16/Dec/2025:08:56:45 +0800] "GET /manager-page/api/snapshot.php?id=31&t=0.10465239835080897 HTTP/1.1" 200 54452 "http://192.168.60.79/manager-page/home-3.php" "Mozilla/5.0 (Windows NT 10.0; Win64; x64) AppleWebKit/537.36 (KHTML, like Gecko) Chrome/143.0.0.0 Safari/537.36 Edg/143.0.0.0"
172.16.36.181 - - [16/Dec/2025:08:56:45 +0800] "GET /manager-page/api/snapshot.php?id=32&t=0.8886851126337378 HTTP/1.1" 200 58145 "http://192.168.60.79/manager-page/home-3.php" "Mozilla/5.0 (Windows NT 10.0; Win64; x64) AppleWebKit/537.36 (KHTML, like Gecko) Chrome/143.0.0.0 Safari/537.36 Edg/143.0.0.0"
172.16.36.181 - - [16/Dec/2025:08:56:48 +0800] "GET /manager-page/alarm/4-2.jpg?t=1988710661 HTTP/1.1" 200 543160 "http://192.168.60.79/manager-page/home-4.php" "Mozilla/5.0 (Windows NT 10.0; Win64; x64) AppleWebKit/537.36 (KHTML, like Gecko) Chrome/143.0.0.0 Safari/537.36 Edg/143.0.0.0"
172.16.36.181 - - [16/Dec/2025:08:56:48 +0800] "GET /manager-page/alarm/4-1.jpg?t=1313065296 HTTP/1.1" 200 436474 "http://192.168.60.79/manager-page/home-4.php" "Mozilla/5.0 (Windows NT 10.0; Win64; x64) AppleWebKit/537.36 (KHTML, like Gecko) Chrome/143.0.0.0 Safari/537.36 Edg/143.0.0.0"
172.16.36.181 - - [16/Dec/2025:08:56:48 +0800] "GET /manager-page/home-4.php HTTP/1.1" 200 27483 "http://192.168.60.79/manager-page/home-3.php" "Mozilla/5.0 (Windows NT 10.0; Win64; x64) AppleWebKit/537.36 (KHTML, like Gecko) Chrome/143.0.0.0 Safari/537.36 Edg/143.0.0.0"
172.16.36.181 - - [16/Dec/2025:08:56:48 +0800] "GET /manager-page/api/snapshot.php?id=41 HTTP/1.1" 500 - "http://192.168.60.79/manager-page/home-4.php" "Mozilla/5.0 (Windows NT 10.0; Win64; x64) AppleWebKit/537.36 (KHTML, like Gecko) Chrome/143.0.0.0 Safari/537.36 Edg/143.0.0.0"
172.16.36.181 - - [16/Dec/2025:08:56:48 +0800] "GET /manager-page/api/snapshot.php?id=42 HTTP/1.1" 500 - "http://192.168.60.79/manager-page/home-4.php" "Mozilla/5.0 (Windows NT 10.0; Win64; x64) AppleWebKit/537.36 (KHTML, like Gecko) Chrome/143.0.0.0 Safari/537.36 Edg/143.0.0.0"
172.16.36.181 - - [16/Dec/2025:08:56:56 +0800] "GET /manager-page/live/4-1.jpg HTTP/1.1" 200 39542 "http://192.168.60.79/manager-page/home-4.php" "Mozilla/5.0 (Windows NT 10.0; Win64; x64) AppleWebKit/537.36 (KHTML, like Gecko) Chrome/143.0.0.0 Safari/537.36 Edg/143.0.0.0"
172.16.36.181 - - [16/Dec/2025:08:56:56 +0800] "GET /manager-page/live/4-2.jpg HTTP/1.1" 200 45387 "http://192.168.60.79/manager-page/home-4.php" "Mozilla/5.0 (Windows NT 10.0; Win64; x64) AppleWebKit/537.36 (KHTML, like Gecko) Chrome/143.0.0.0 Safari/537.36 Edg/143.0.0.0"
172.16.36.181 - - [16/Dec/2025:08:56:56 +0800] "GET /manager-page/api/lp-status4.php HTTP/1.1" 200 1 "http://192.168.60.79/manager-page/home-4.php" "Mozilla/5.0 (Windows NT 10.0; Win64; x64) AppleWebKit/537.36 (KHTML, like Gecko) Chrome/143.0.0.0 Safari/537.36 Edg/143.0.0.0"
172.16.36.181 - - [16/Dec/2025:08:56:56 +0800] "GET /manager-page/api/cms-status4.php HTTP/1.1" 200 12 "http://192.168.60.79/manager-page/home-4.php" "Mozilla/5.0 (Windows NT 10.0; Win64; x64) AppleWebKit/537.36 (KHTML, like Gecko) Chrome/143.0.0.0 Safari/537.36 Edg/143.0.0.0"
127.0.0.1 - - [16/Dec/2025:08:57:00 +0800] "GET /robot/alarm-history-in.php HTTP/1.1" 200 - "-" "python-requests/2.28.1"
172.16.36.181 - - [16/Dec/2025:08:57:01 +0800] "GET /manager-page/api/snapshot.php?id=41&t=0.176593866091454 HTTP/1.1" 200 39645 "http://192.168.60.79/manager-page/home-4.php" "Mozilla/5.0 (Windows NT 10.0; Win64; x64) AppleWebKit/537.36 (KHTML, like Gecko) Chrome/143.0.0.0 Safari/537.36 Edg/143.0.0.0"
172.16.36.181 - - [16/Dec/2025:08:57:01 +0800] "GET /manager-page/api/snapshot.php?id=42&t=0.7867575610950668 HTTP/1.1" 200 45498 "http://192.168.60.79/manager-page/home-4.php" "Mozilla/5.0 (Windows NT 10.0; Win64; x64) AppleWebKit/537.36 (KHTML, like Gecko) Chrome/143.0.0.0 Safari/537.36 Edg/143.0.0.0"
172.16.36.181 - - [16/Dec/2025:08:57:07 +0800] "GET /manager-page/api/snapshot.php?id=41&t=0.05047260630458905 HTTP/1.1" 200 39687 "http://192.168.60.79/manager-page/home-4.php" "Mozilla/5.0 (Windows NT 10.0; Win64; x64) AppleWebKit/537.36 (KHTML, like Gecko) Chrome/143.0.0.0 Safari/537.36 Edg/143.0.0.0"
172.16.36.181 - - [16/Dec/2025:08:57:07 +0800] "GET /manager-page/api/snapshot.php?id=42&t=0.9840176396169432 HTTP/1.1" 200 45454 "http://192.168.60.79/manager-page/home-4.php" "Mozilla/5.0 (Windows NT 10.0; Win64; x64) AppleWebKit/537.36 (KHTML, like Gecko) Chrome/143.0.0.0 Safari/537.36 Edg/143.0.0.0"
172.16.36.181 - - [16/Dec/2025:08:57:12 +0800] "GET /manager-page/api/snapshot.php?id=42&t=0.5314821556333148 HTTP/1.1" 200 45441 "http://192.168.60.79/manager-page/home-4.php" "Mozilla/5.0 (Windows NT 10.0; Win64; x64) AppleWebKit/537.36 (KHTML, like Gecko) Chrome/143.0.0.0 Safari/537.36 Edg/143.0.0.0"
172.16.36.181 - - [16/Dec/2025:08:57:12 +0800] "GET /manager-page/api/snapshot.php?id=41&t=0.02165185778326839 HTTP/1.1" 200 39721 "http://192.168.60.79/manager-page/home-4.php" "Mozilla/5.0 (Windows NT 10.0; Win64; x64) AppleWebKit/537.36 (KHTML, like Gecko) Chrome/143.0.0.0 Safari/537.36 Edg/143.0.0.0"
111.70.30.253 - - [16/Dec/2025:08:57:17 +0800] "POST /robot/lora-in.php HTTP/1.1" 200 - "-" "python-requests/2.21.0"
172.16.36.181 - - [16/Dec/2025:08:57:17 +0800] "GET /manager-page/api/snapshot.php?id=41&t=0.9347669346196538 HTTP/1.1" 200 39715 "http://192.168.60.79/manager-page/home-4.php" "Mozilla/5.0 (Windows NT 10.0; Win64; x64) AppleWebKit/537.36 (KHTML, like Gecko) Chrome/143.0.0.0 Safari/537.36 Edg/143.0.0.0"
172.16.36.181 - - [16/Dec/2025:08:57:17 +0800] "GET /manager-page/api/snapshot.php?id=42&t=0.2942786422031525 HTTP/1.1" 200 45406 "http://192.168.60.79/manager-page/home-4.php" "Mozilla/5.0 (Windows NT 10.0; Win64; x64) AppleWebKit/537.36 (KHTML, like Gecko) Chrome/143.0.0.0 Safari/537.36 Edg/143.0.0.0"
172.16.36.181 - - [16/Dec/2025:08:57:22 +0800] "GET /manager-page/api/snapshot.php?id=41&t=0.4703926874550406 HTTP/1.1" 200 39681 "http://192.168.60.79/manager-page/home-4.php" "Mozilla/5.0 (Windows NT 10.0; Win64; x64) AppleWebKit/537.36 (KHTML, like Gecko) Chrome/143.0.0.0 Safari/537.36 Edg/143.0.0.0"
172.16.36.181 - - [16/Dec/2025:08:57:22 +0800] "GET /manager-page/api/snapshot.php?id=42&t=0.1737095263203824 HTTP/1.1" 200 45449 "http://192.168.60.79/manager-page/home-4.php" "Mozilla/5.0 (Windows NT 10.0; Win64; x64) AppleWebKit/537.36 (KHTML, like Gecko) Chrome/143.0.0.0 Safari/537.36 Edg/143.0.0.0"
172.16.36.181 - - [16/Dec/2025:08:57:27 +0800] "GET /manager-page/api/snapshot.php?id=41&t=0.07072463912610538 HTTP/1.1" 200 39743 "http://192.168.60.79/manager-page/home-4.php" "Mozilla/5.0 (Windows NT 10.0; Win64; x64) AppleWebKit/537.36 (KHTML, like Gecko) Chrome/143.0.0.0 Safari/537.36 Edg/143.0.0.0"
172.16.36.181 - - [16/Dec/2025:08:57:27 +0800] "GET /manager-page/api/snapshot.php?id=42&t=0.5608644122110668 HTTP/1.1" 200 45416 "http://192.168.60.79/manager-page/home-4.php" "Mozilla/5.0 (Windows NT 10.0; Win64; x64) AppleWebKit/537.36 (KHTML, like Gecko) Chrome/143.0.0.0 Safari/537.36 Edg/143.0.0.0"
127.0.0.1 - - [16/Dec/2025:08:57:32 +0800] "GET /get-setting.json HTTP/1.1" 200 2314 "-" "python-requests/2.31.0"
127.0.0.1 - - [16/Dec/2025:08:57:32 +0800] "POST /robot/lora-in.php HTTP/1.1" 200 - "-" "python-requests/2.31.0"
172.16.36.181 - - [16/Dec/2025:08:57:32 +0800] "GET /manager-page/api/snapshot.php?id=41&t=0.38843572092996903 HTTP/1.1" 200 39736 "http://192.168.60.79/manager-page/home-4.php" "Mozilla/5.0 (Windows NT 10.0; Win64; x64) AppleWebKit/537.36 (KHTML, like Gecko) Chrome/143.0.0.0 Safari/537.36 Edg/143.0.0.0"
172.16.36.181 - - [16/Dec/2025:08:57:32 +0800] "GET /manager-page/api/snapshot.php?id=42&t=0.3516158717234503 HTTP/1.1" 200 45382 "http://192.168.60.79/manager-page/home-4.php" "Mozilla/5.0 (Windows NT 10.0; Win64; x64) AppleWebKit/537.36 (KHTML, like Gecko) Chrome/143.0.0.0 Safari/537.36 Edg/143.0.0.0"
127.0.0.1 - - [16/Dec/2025:08:57:34 +0800] "POST /robot/lora-in.php HTTP/1.1" 200 - "-" "python-requests/2.31.0"
172.16.36.181 - - [16/Dec/2025:08:57:37 +0800] "GET /manager-page/api/snapshot.php?id=42&t=0.03231333091020894 HTTP/1.1" 200 45433 "http://192.168.60.79/manager-page/home-4.php" "Mozilla/5.0 (Windows NT 10.0; Win64; x64) AppleWebKit/537.36 (KHTML, like Gecko) Chrome/143.0.0.0 Safari/537.36 Edg/143.0.0.0"
172.16.36.181 - - [16/Dec/2025:08:57:37 +0800] "GET /manager-page/api/snapshot.php?id=41&t=0.5624277249601541 HTTP/1.1" 200 39746 "http://192.168.60.79/manager-page/home-4.php" "Mozilla/5.0 (Windows NT 10.0; Win64; x64) AppleWebKit/537.36 (KHTML, like Gecko) Chrome/143.0.0.0 Safari/537.36 Edg/143.0.0.0"
127.0.0.1 - - [16/Dec/2025:08:57:42 +0800] "POST /robot/lora-in.php HTTP/1.1" 200 - "-" "python-requests/2.31.0"
172.16.36.181 - - [16/Dec/2025:08:57:42 +0800] "GET /manager-page/api/snapshot.php?id=42&t=0.5113706652352628 HTTP/1.1" 200 45458 "http://192.168.60.79/manager-page/home-4.php" "Mozilla/5.0 (Windows NT 10.0; Win64; x64) AppleWebKit/537.36 (KHTML, like Gecko) Chrome/143.0.0.0 Safari/537.36 Edg/143.0.0.0"
172.16.36.181 - - [16/Dec/2025:08:57:42 +0800] "GET /manager-page/api/snapshot.php?id=41&t=0.5274050239143764 HTTP/1.1" 200 39722 "http://192.168.60.79/manager-page/home-4.php" "Mozilla/5.0 (Windows NT 10.0; Win64; x64) AppleWebKit/537.36 (KHTML, like Gecko) Chrome/143.0.0.0 Safari/537.36 Edg/143.0.0.0"
127.0.0.1 - - [16/Dec/2025:08:57:43 +0800] "POST /robot/lora-in.php HTTP/1.1" 200 - "-" "python-requests/2.31.0"
127.0.0.1 - - [16/Dec/2025:08:57:48 +0800] "POST /robot/lora-in.php HTTP/1.1" 200 - "-" "python-requests/2.31.0"
172.16.36.181 - - [16/Dec/2025:08:57:47 +0800] "GET /manager-page/api/snapshot.php?id=41&t=0.46867113657914783 HTTP/1.1" 200 39726 "http://192.168.60.79/manager-page/home-4.php" "Mozilla/5.0 (Windows NT 10.0; Win64; x64) AppleWebKit/537.36 (KHTML, like Gecko) Chrome/143.0.0.0 Safari/537.36 Edg/143.0.0.0"
172.16.36.181 - - [16/Dec/2025:08:57:47 +0800] "GET /manager-page/api/snapshot.php?id=42&t=0.8873310192643534 HTTP/1.1" 200 45416 "http://192.168.60.79/manager-page/home-4.php" "Mozilla/5.0 (Windows NT 10.0; Win64; x64) AppleWebKit/537.36 (KHTML, like Gecko) Chrome/143.0.0.0 Safari/537.36 Edg/143.0.0.0"
127.0.0.1 - - [16/Dec/2025:08:57:51 +0800] "POST /robot/lora-in.php HTTP/1.1" 200 - "-" "python-requests/2.31.0"
127.0.0.1 - - [16/Dec/2025:08:57:52 +0800] "POST /robot/lora-in.php HTTP/1.1" 200 - "-" "python-requests/2.31.0"
172.16.36.181 - - [16/Dec/2025:08:57:52 +0800] "GET /manager-page/api/snapshot.php?id=41&t=0.8311424553821645 HTTP/1.1" 200 39699 "http://192.168.60.79/manager-page/home-4.php" "Mozilla/5.0 (Windows NT 10.0; Win64; x64) AppleWebKit/537.36 (KHTML, like Gecko) Chrome/143.0.0.0 Safari/537.36 Edg/143.0.0.0"
172.16.36.181 - - [16/Dec/2025:08:57:52 +0800] "GET /manager-page/api/snapshot.php?id=42&t=0.335458324315167 HTTP/1.1" 200 45449 "http://192.168.60.79/manager-page/home-4.php" "Mozilla/5.0 (Windows NT 10.0; Win64; x64) AppleWebKit/537.36 (KHTML, like Gecko) Chrome/143.0.0.0 Safari/537.36 Edg/143.0.0.0"
127.0.0.1 - - [16/Dec/2025:08:57:56 +0800] "POST /robot/lora-in.php HTTP/1.1" 200 - "-" "python-requests/2.31.0"
172.16.36.181 - - [16/Dec/2025:08:57:57 +0800] "GET /manager-page/api/snapshot.php?id=42&t=0.22935982184367998 HTTP/1.1" 200 45388 "http://192.168.60.79/manager-page/home-4.php" "Mozilla/5.0 (Windows NT 10.0; Win64; x64) AppleWebKit/537.36 (KHTML, like Gecko) Chrome/143.0.0.0 Safari/537.36 Edg/143.0.0.0"
172.16.36.181 - - [16/Dec/2025:08:57:57 +0800] "GET /manager-page/api/snapshot.php?id=41&t=0.8036712764742215 HTTP/1.1" 200 39703 "http://192.168.60.79/manager-page/home-4.php" "Mozilla/5.0 (Windows NT 10.0; Win64; x64) AppleWebKit/537.36 (KHTML, like Gecko) Chrome/143.0.0.0 Safari/537.36 Edg/143.0.0.0"
127.0.0.1 - - [16/Dec/2025:08:58:00 +0800] "GET /robot/alarm-history-in.php HTTP/1.1" 200 - "-" "python-requests/2.28.1"
172.16.36.181 - - [16/Dec/2025:08:58:02 +0800] "GET /manager-page/api/snapshot.php?id=41&t=0.6670598228486208 HTTP/1.1" 200 39684 "http://192.168.60.79/manager-page/home-4.php" "Mozilla/5.0 (Windows NT 10.0; Win64; x64) AppleWebKit/537.36 (KHTML, like Gecko) Chrome/143.0.0.0 Safari/537.36 Edg/143.0.0.0"
172.16.36.181 - - [16/Dec/2025:08:58:02 +0800] "GET /manager-page/api/snapshot.php?id=42&t=0.8202401704770027 HTTP/1.1" 200 45517 "http://192.168.60.79/manager-page/home-4.php" "Mozilla/5.0 (Windows NT 10.0; Win64; x64) AppleWebKit/537.36 (KHTML, like Gecko) Chrome/143.0.0.0 Safari/537.36 Edg/143.0.0.0"
172.16.36.181 - - [16/Dec/2025:08:58:55 +0800] "GET /manager-page/api/snapshot.php?id=41&t=0.2056433333093185 HTTP/1.1" 200 39702 "http://192.168.60.79/manager-page/home-4.php" "Mozilla/5.0 (Windows NT 10.0; Win64; x64) AppleWebKit/537.36 (KHTML, like Gecko) Chrome/143.0.0.0 Safari/537.36 Edg/143.0.0.0"
172.16.36.181 - - [16/Dec/2025:08:58:55 +0800] "GET /manager-page/api/snapshot.php?id=42&t=0.8775000600105806 HTTP/1.1" 200 45447 "http://192.168.60.79/manager-page/home-4.php" "Mozilla/5.0 (Windows NT 10.0; Win64; x64) AppleWebKit/537.36 (KHTML, like Gecko) Chrome/143.0.0.0 Safari/537.36 Edg/143.0.0.0"
127.0.0.1 - - [16/Dec/2025:08:59:00 +0800] "GET /robot/alarm-history-in.php HTTP/1.1" 200 - "-" "python-requests/2.28.1"
172.16.36.181 - - [16/Dec/2025:08:59:55 +0800] "GET /manager-page/api/snapshot.php?id=41&t=0.15960800501245365 HTTP/1.1" 200 39726 "http://192.168.60.79/manager-page/home-4.php" "Mozilla/5.0 (Windows NT 10.0; Win64; x64) AppleWebKit/537.36 (KHTML, like Gecko) Chrome/143.0.0.0 Safari/537.36 Edg/143.0.0.0"
172.16.36.181 - - [16/Dec/2025:08:59:55 +0800] "GET /manager-page/api/snapshot.php?id=42&t=0.188226100203282 HTTP/1.1" 200 45408 "http://192.168.60.79/manager-page/home-4.php" "Mozilla/5.0 (Windows NT 10.0; Win64; x64) AppleWebKit/537.36 (KHTML, like Gecko) Chrome/143.0.0.0 Safari/537.36 Edg/143.0.0.0"
127.0.0.1 - - [16/Dec/2025:09:00:00 +0800] "GET /robot/alarm-history-in.php HTTP/1.1" 200 - "-" "python-requests/2.28.1"
127.0.0.1 - - [16/Dec/2025:09:00:05 +0800] "POST /robot/et-7026-in.php HTTP/1.1" 200 - "-" "python-requests/2.32.2"
172.16.36.181 - - [16/Dec/2025:09:00:55 +0800] "GET /manager-page/api/snapshot.php?id=41&t=0.32146385811390776 HTTP/1.1" 200 39713 "http://192.168.60.79/manager-page/home-4.php" "Mozilla/5.0 (Windows NT 10.0; Win64; x64) AppleWebKit/537.36 (KHTML, like Gecko) Chrome/143.0.0.0 Safari/537.36 Edg/143.0.0.0"
172.16.36.181 - - [16/Dec/2025:09:00:55 +0800] "GET /manager-page/api/snapshot.php?id=42&t=0.0023638470997476846 HTTP/1.1" 200 45407 "http://192.168.60.79/manager-page/home-4.php" "Mozilla/5.0 (Windows NT 10.0; Win64; x64) AppleWebKit/537.36 (KHTML, like Gecko) Chrome/143.0.0.0 Safari/537.36 Edg/143.0.0.0"
127.0.0.1 - - [16/Dec/2025:09:01:00 +0800] "GET /robot/alarm-history-in.php HTTP/1.1" 200 - "-" "python-requests/2.28.1"
111.70.30.252 - - [16/Dec/2025:09:01:08 +0800] "POST /robot/lora-in.php HTTP/1.1" 200 - "-" "python-requests/2.21.0"
127.0.0.1 - - [16/Dec/2025:09:01:26 +0800] "POST /robot/et-7026-in.php HTTP/1.1" 200 - "-" "python-requests/2.32.2"
172.16.36.181 - - [16/Dec/2025:09:01:42 +0800] "GET /manager-page/api/snapshot.php?id=42&t=0.2640670650257788 HTTP/1.1" 200 45401 "http://192.168.60.79/manager-page/home-4.php" "Mozilla/5.0 (Windows NT 10.0; Win64; x64) AppleWebKit/537.36 (KHTML, like Gecko) Chrome/143.0.0.0 Safari/537.36 Edg/143.0.0.0"
172.16.36.181 - - [16/Dec/2025:09:01:42 +0800] "GET /manager-page/api/snapshot.php?id=41&t=0.3559171007015405 HTTP/1.1" 200 39698 "http://192.168.60.79/manager-page/home-4.php" "Mozilla/5.0 (Windows NT 10.0; Win64; x64) AppleWebKit/537.36 (KHTML, like Gecko) Chrome/143.0.0.0 Safari/537.36 Edg/143.0.0.0"
