127.0.0.1 - - [18/Aug/2025:07:22:58 +0800] "POST /robot/et-7026-in.php HTTP/1.1" 200 - "-" "python-requests/2.32.2"
127.0.0.1 - - [18/Aug/2025:07:23:00 +0800] "GET /robot/alarm-history-in.php HTTP/1.1" 200 - "-" "python-requests/2.28.1"
127.0.0.1 - - [18/Aug/2025:07:23:01 +0800] "POST /robot/lora-in.php HTTP/1.1" 200 - "-" "python-requests/2.31.0"
127.0.0.1 - - [18/Aug/2025:07:23:04 +0800] "POST /robot/lora-in.php HTTP/1.1" 200 - "-" "python-requests/2.31.0"
127.0.0.1 - - [18/Aug/2025:07:23:07 +0800] "POST /robot/lora-in.php HTTP/1.1" 200 - "-" "python-requests/2.31.0"
127.0.0.1 - - [18/Aug/2025:07:23:08 +0800] "POST /robot/lora-in.php HTTP/1.1" 200 - "-" "python-requests/2.31.0"
127.0.0.1 - - [18/Aug/2025:07:23:11 +0800] "POST /robot/lora-in.php HTTP/1.1" 200 - "-" "python-requests/2.31.0"
127.0.0.1 - - [18/Aug/2025:07:23:20 +0800] "POST /robot/lora-in.php HTTP/1.1" 200 - "-" "python-requests/2.31.0"
127.0.0.1 - - [18/Aug/2025:07:23:29 +0800] "POST /robot/lora-in.php HTTP/1.1" 200 - "-" "python-requests/2.31.0"
127.0.0.1 - - [18/Aug/2025:07:24:00 +0800] "GET /robot/alarm-history-in.php HTTP/1.1" 200 - "-" "python-requests/2.28.1"
127.0.0.1 - - [18/Aug/2025:07:25:00 +0800] "GET /robot/alarm-history-in.php HTTP/1.1" 200 - "-" "python-requests/2.28.1"
127.0.0.1 - - [18/Aug/2025:07:26:00 +0800] "GET /robot/alarm-history-in.php HTTP/1.1" 200 - "-" "python-requests/2.28.1"
111.70.30.250 - - [18/Aug/2025:07:26:09 +0800] "POST /robot/lora-in.php HTTP/1.1" 200 - "-" "python-requests/2.21.0"
127.0.0.1 - - [18/Aug/2025:07:27:00 +0800] "GET /robot/alarm-history-in.php HTTP/1.1" 200 - "-" "python-requests/2.28.1"
127.0.0.1 - - [18/Aug/2025:07:27:40 +0800] "POST /robot/et-7026-in.php HTTP/1.1" 200 - "-" "python-requests/2.32.2"
111.70.30.251 - - [18/Aug/2025:07:27:49 +0800] "POST /robot/lora-in.php HTTP/1.1" 200 - "-" "python-requests/2.21.0"
127.0.0.1 - - [18/Aug/2025:07:28:00 +0800] "GET /robot/alarm-history-in.php HTTP/1.1" 200 - "-" "python-requests/2.28.1"
127.0.0.1 - - [18/Aug/2025:07:29:00 +0800] "GET /robot/alarm-history-in.php HTTP/1.1" 200 - "-" "python-requests/2.28.1"
127.0.0.1 - - [18/Aug/2025:07:29:30 +0800] "POST /robot/et-7026-in.php HTTP/1.1" 200 - "-" "python-requests/2.32.2"
127.0.0.1 - - [18/Aug/2025:07:29:32 +0800] "POST /robot/et-7026-in.php HTTP/1.1" 200 - "-" "python-requests/2.32.2"
127.0.0.1 - - [18/Aug/2025:07:30:00 +0800] "GET /robot/alarm-history-in.php HTTP/1.1" 200 - "-" "python-requests/2.28.1"
127.0.0.1 - - [18/Aug/2025:07:31:00 +0800] "GET /robot/alarm-history-in.php HTTP/1.1" 200 - "-" "python-requests/2.28.1"
111.70.30.253 - - [18/Aug/2025:07:31:24 +0800] "POST /robot/lora-in.php HTTP/1.1" 200 - "-" "python-requests/2.21.0"
127.0.0.1 - - [18/Aug/2025:07:32:00 +0800] "GET /robot/alarm-history-in.php HTTP/1.1" 200 - "-" "python-requests/2.28.1"
127.0.0.1 - - [18/Aug/2025:07:32:53 +0800] "GET /get-setting.json HTTP/1.1" 200 2314 "-" "python-requests/2.31.0"
127.0.0.1 - - [18/Aug/2025:07:32:54 +0800] "POST /robot/lora-in.php HTTP/1.1" 200 - "-" "python-requests/2.31.0"
127.0.0.1 - - [18/Aug/2025:07:33:00 +0800] "GET /robot/alarm-history-in.php HTTP/1.1" 200 - "-" "python-requests/2.28.1"
127.0.0.1 - - [18/Aug/2025:07:33:01 +0800] "POST /robot/et-7026-in.php HTTP/1.1" 200 - "-" "python-requests/2.32.2"
127.0.0.1 - - [18/Aug/2025:07:33:02 +0800] "POST /robot/lora-in.php HTTP/1.1" 200 - "-" "python-requests/2.31.0"
127.0.0.1 - - [18/Aug/2025:07:33:08 +0800] "POST /robot/lora-in.php HTTP/1.1" 200 - "-" "python-requests/2.31.0"
127.0.0.1 - - [18/Aug/2025:07:33:11 +0800] "POST /robot/lora-in.php HTTP/1.1" 200 - "-" "python-requests/2.31.0"
127.0.0.1 - - [18/Aug/2025:07:33:14 +0800] "POST /robot/lora-in.php HTTP/1.1" 200 - "-" "python-requests/2.31.0"
127.0.0.1 - - [18/Aug/2025:07:33:16 +0800] "POST /robot/lora-in.php HTTP/1.1" 200 - "-" "python-requests/2.31.0"
127.0.0.1 - - [18/Aug/2025:07:33:23 +0800] "POST /robot/lora-in.php HTTP/1.1" 200 - "-" "python-requests/2.31.0"
127.0.0.1 - - [18/Aug/2025:07:33:31 +0800] "POST /robot/lora-in.php HTTP/1.1" 200 - "-" "python-requests/2.31.0"
127.0.0.1 - - [18/Aug/2025:07:34:00 +0800] "GET /robot/alarm-history-in.php HTTP/1.1" 200 - "-" "python-requests/2.28.1"
111.70.30.250 - - [18/Aug/2025:07:34:44 +0800] "POST /robot/lora-in.php HTTP/1.1" 200 - "-" "python-requests/2.21.0"
127.0.0.1 - - [18/Aug/2025:07:35:00 +0800] "GET /robot/alarm-history-in.php HTTP/1.1" 200 - "-" "python-requests/2.28.1"
111.70.30.252 - - [18/Aug/2025:07:35:37 +0800] "POST /robot/lora-in.php HTTP/1.1" 200 - "-" "python-requests/2.21.0"
127.0.0.1 - - [18/Aug/2025:07:36:00 +0800] "GET /robot/alarm-history-in.php HTTP/1.1" 200 - "-" "python-requests/2.28.1"
111.70.30.251 - - [18/Aug/2025:07:36:24 +0800] "POST /robot/lora-in.php HTTP/1.1" 200 - "-" "python-requests/2.21.0"
127.0.0.1 - - [18/Aug/2025:07:37:00 +0800] "GET /robot/alarm-history-in.php HTTP/1.1" 200 - "-" "python-requests/2.28.1"
127.0.0.1 - - [18/Aug/2025:07:37:41 +0800] "POST /robot/et-7026-in.php HTTP/1.1" 200 - "-" "python-requests/2.32.2"
127.0.0.1 - - [18/Aug/2025:07:38:00 +0800] "GET /robot/alarm-history-in.php HTTP/1.1" 200 - "-" "python-requests/2.28.1"
127.0.0.1 - - [18/Aug/2025:07:39:00 +0800] "GET /robot/alarm-history-in.php HTTP/1.1" 200 - "-" "python-requests/2.28.1"
127.0.0.1 - - [18/Aug/2025:07:39:33 +0800] "POST /robot/et-7026-in.php HTTP/1.1" 200 - "-" "python-requests/2.32.2"
127.0.0.1 - - [18/Aug/2025:07:39:33 +0800] "POST /robot/et-7026-in.php HTTP/1.1" 200 - "-" "python-requests/2.32.2"
127.0.0.1 - - [18/Aug/2025:07:40:00 +0800] "GET /robot/alarm-history-in.php HTTP/1.1" 200 - "-" "python-requests/2.28.1"
111.70.30.253 - - [18/Aug/2025:07:40:09 +0800] "POST /robot/lora-in.php HTTP/1.1" 200 - "-" "python-requests/2.21.0"
127.0.0.1 - - [18/Aug/2025:07:41:00 +0800] "GET /robot/alarm-history-in.php HTTP/1.1" 200 - "-" "python-requests/2.28.1"
127.0.0.1 - - [18/Aug/2025:07:42:00 +0800] "GET /robot/alarm-history-in.php HTTP/1.1" 200 - "-" "python-requests/2.28.1"
127.0.0.1 - - [18/Aug/2025:07:42:53 +0800] "GET /get-setting.json HTTP/1.1" 200 2314 "-" "python-requests/2.31.0"
127.0.0.1 - - [18/Aug/2025:07:42:53 +0800] "POST /robot/lora-in.php HTTP/1.1" 200 - "-" "python-requests/2.31.0"
127.0.0.1 - - [18/Aug/2025:07:42:58 +0800] "POST /robot/lora-in.php HTTP/1.1" 200 - "-" "python-requests/2.31.0"
127.0.0.1 - - [18/Aug/2025:07:43:00 +0800] "GET /robot/alarm-history-in.php HTTP/1.1" 200 - "-" "python-requests/2.28.1"
127.0.0.1 - - [18/Aug/2025:07:43:02 +0800] "POST /robot/lora-in.php HTTP/1.1" 200 - "-" "python-requests/2.31.0"
127.0.0.1 - - [18/Aug/2025:07:43:03 +0800] "POST /robot/et-7026-in.php HTTP/1.1" 200 - "-" "python-requests/2.32.2"
127.0.0.1 - - [18/Aug/2025:07:43:06 +0800] "POST /robot/lora-in.php HTTP/1.1" 200 - "-" "python-requests/2.31.0"
127.0.0.1 - - [18/Aug/2025:07:43:16 +0800] "POST /robot/lora-in.php HTTP/1.1" 200 - "-" "python-requests/2.31.0"
127.0.0.1 - - [18/Aug/2025:07:43:21 +0800] "POST /robot/lora-in.php HTTP/1.1" 200 - "-" "python-requests/2.31.0"
127.0.0.1 - - [18/Aug/2025:07:43:31 +0800] "POST /robot/lora-in.php HTTP/1.1" 200 - "-" "python-requests/2.31.0"
127.0.0.1 - - [18/Aug/2025:07:43:41 +0800] "POST /robot/lora-in.php HTTP/1.1" 200 - "-" "python-requests/2.31.0"
127.0.0.1 - - [18/Aug/2025:07:44:00 +0800] "GET /robot/alarm-history-in.php HTTP/1.1" 200 - "-" "python-requests/2.28.1"
111.70.30.252 - - [18/Aug/2025:07:44:45 +0800] "POST /robot/lora-in.php HTTP/1.1" 200 - "-" "python-requests/2.21.0"
111.70.30.251 - - [18/Aug/2025:07:44:59 +0800] "POST /robot/lora-in.php HTTP/1.1" 200 - "-" "python-requests/2.21.0"
127.0.0.1 - - [18/Aug/2025:07:45:00 +0800] "GET /robot/alarm-history-in.php HTTP/1.1" 200 - "-" "python-requests/2.28.1"
127.0.0.1 - - [18/Aug/2025:07:46:00 +0800] "GET /robot/alarm-history-in.php HTTP/1.1" 200 - "-" "python-requests/2.28.1"
127.0.0.1 - - [18/Aug/2025:07:47:00 +0800] "GET /robot/alarm-history-in.php HTTP/1.1" 200 - "-" "python-requests/2.28.1"
127.0.0.1 - - [18/Aug/2025:07:47:41 +0800] "POST /robot/et-7026-in.php HTTP/1.1" 200 - "-" "python-requests/2.32.2"
127.0.0.1 - - [18/Aug/2025:07:48:00 +0800] "GET /robot/alarm-history-in.php HTTP/1.1" 200 - "-" "python-requests/2.28.1"
111.70.30.253 - - [18/Aug/2025:07:48:53 +0800] "POST /robot/lora-in.php HTTP/1.1" 200 - "-" "python-requests/2.21.0"
127.0.0.1 - - [18/Aug/2025:07:49:00 +0800] "GET /robot/alarm-history-in.php HTTP/1.1" 200 - "-" "python-requests/2.28.1"
127.0.0.1 - - [18/Aug/2025:07:49:33 +0800] "POST /robot/et-7026-in.php HTTP/1.1" 200 - "-" "python-requests/2.32.2"
127.0.0.1 - - [18/Aug/2025:07:49:36 +0800] "POST /robot/et-7026-in.php HTTP/1.1" 200 - "-" "python-requests/2.32.2"
127.0.0.1 - - [18/Aug/2025:07:50:00 +0800] "GET /robot/alarm-history-in.php HTTP/1.1" 200 - "-" "python-requests/2.28.1"
172.16.36.181 - - [18/Aug/2025:07:50:31 +0800] "GET /manager-page/home-3.php HTTP/1.1" 302 - "-" "Mozilla/5.0 (Windows NT 10.0; Win64; x64) AppleWebKit/537.36 (KHTML, like Gecko) Chrome/139.0.0.0 Safari/537.36 Edg/139.0.0.0"
172.16.36.181 - - [18/Aug/2025:07:50:31 +0800] "GET /manager-page/login.php HTTP/1.1" 200 2365 "-" "Mozilla/5.0 (Windows NT 10.0; Win64; x64) AppleWebKit/537.36 (KHTML, like Gecko) Chrome/139.0.0.0 Safari/537.36 Edg/139.0.0.0"
172.16.36.181 - - [18/Aug/2025:07:50:32 +0800] "GET /favicon.ico HTTP/1.1" 404 196 "http://192.168.60.79/manager-page/login.php" "Mozilla/5.0 (Windows NT 10.0; Win64; x64) AppleWebKit/537.36 (KHTML, like Gecko) Chrome/139.0.0.0 Safari/537.36 Edg/139.0.0.0"
172.16.36.181 - - [18/Aug/2025:07:50:46 +0800] "POST /manager-page/login.php HTTP/1.1" 302 - "http://192.168.60.79/manager-page/login.php" "Mozilla/5.0 (Windows NT 10.0; Win64; x64) AppleWebKit/537.36 (KHTML, like Gecko) Chrome/139.0.0.0 Safari/537.36 Edg/139.0.0.0"
172.16.36.181 - - [18/Aug/2025:07:50:46 +0800] "GET /manager-page/home.php HTTP/1.1" 302 - "http://192.168.60.79/manager-page/login.php" "Mozilla/5.0 (Windows NT 10.0; Win64; x64) AppleWebKit/537.36 (KHTML, like Gecko) Chrome/139.0.0.0 Safari/537.36 Edg/139.0.0.0"
172.16.36.181 - - [18/Aug/2025:07:50:46 +0800] "GET /manager-page/alarm/1-2.jpg?t=224263794 HTTP/1.1" 200 495492 "http://192.168.60.79/manager-page/home-1.php" "Mozilla/5.0 (Windows NT 10.0; Win64; x64) AppleWebKit/537.36 (KHTML, like Gecko) Chrome/139.0.0.0 Safari/537.36 Edg/139.0.0.0"
172.16.36.181 - - [18/Aug/2025:07:50:46 +0800] "GET /manager-page/alarm/1-1.jpg?t=645534604 HTTP/1.1" 200 322868 "http://192.168.60.79/manager-page/home-1.php" "Mozilla/5.0 (Windows NT 10.0; Win64; x64) AppleWebKit/537.36 (KHTML, like Gecko) Chrome/139.0.0.0 Safari/537.36 Edg/139.0.0.0"
172.16.36.181 - - [18/Aug/2025:07:50:46 +0800] "GET /manager-page/home-1.php HTTP/1.1" 200 27472 "http://192.168.60.79/manager-page/login.php" "Mozilla/5.0 (Windows NT 10.0; Win64; x64) AppleWebKit/537.36 (KHTML, like Gecko) Chrome/139.0.0.0 Safari/537.36 Edg/139.0.0.0"
172.16.36.181 - - [18/Aug/2025:07:50:46 +0800] "GET /manager-page/api/snapshot.php?id=11 HTTP/1.1" 200 44014 "http://192.168.60.79/manager-page/home-1.php" "Mozilla/5.0 (Windows NT 10.0; Win64; x64) AppleWebKit/537.36 (KHTML, like Gecko) Chrome/139.0.0.0 Safari/537.36 Edg/139.0.0.0"
172.16.36.181 - - [18/Aug/2025:07:50:46 +0800] "GET /manager-page/api/snapshot.php?id=12 HTTP/1.1" 200 45567 "http://192.168.60.79/manager-page/home-1.php" "Mozilla/5.0 (Windows NT 10.0; Win64; x64) AppleWebKit/537.36 (KHTML, like Gecko) Chrome/139.0.0.0 Safari/537.36 Edg/139.0.0.0"
172.16.36.181 - - [18/Aug/2025:07:50:49 +0800] "GET /manager-page/api/cms-status1.php HTTP/1.1" 200 12 "http://192.168.60.79/manager-page/home-1.php" "Mozilla/5.0 (Windows NT 10.0; Win64; x64) AppleWebKit/537.36 (KHTML, like Gecko) Chrome/139.0.0.0 Safari/537.36 Edg/139.0.0.0"
172.16.36.181 - - [18/Aug/2025:07:50:49 +0800] "GET /manager-page/api/lp-status1.php HTTP/1.1" 200 1 "http://192.168.60.79/manager-page/home-1.php" "Mozilla/5.0 (Windows NT 10.0; Win64; x64) AppleWebKit/537.36 (KHTML, like Gecko) Chrome/139.0.0.0 Safari/537.36 Edg/139.0.0.0"
172.16.36.181 - - [18/Aug/2025:07:50:54 +0800] "GET /manager-page/api/snapshot.php?id=12&t=0.23657919172528608 HTTP/1.1" 200 45265 "http://192.168.60.79/manager-page/home-1.php" "Mozilla/5.0 (Windows NT 10.0; Win64; x64) AppleWebKit/537.36 (KHTML, like Gecko) Chrome/139.0.0.0 Safari/537.36 Edg/139.0.0.0"
172.16.36.181 - - [18/Aug/2025:07:50:54 +0800] "GET /manager-page/api/snapshot.php?id=11&t=0.6755884720650107 HTTP/1.1" 200 44111 "http://192.168.60.79/manager-page/home-1.php" "Mozilla/5.0 (Windows NT 10.0; Win64; x64) AppleWebKit/537.36 (KHTML, like Gecko) Chrome/139.0.0.0 Safari/537.36 Edg/139.0.0.0"
172.16.36.181 - - [18/Aug/2025:07:50:59 +0800] "GET /manager-page/api/snapshot.php?id=11&t=0.1009230062872365 HTTP/1.1" 200 43950 "http://192.168.60.79/manager-page/home-1.php" "Mozilla/5.0 (Windows NT 10.0; Win64; x64) AppleWebKit/537.36 (KHTML, like Gecko) Chrome/139.0.0.0 Safari/537.36 Edg/139.0.0.0"
172.16.36.181 - - [18/Aug/2025:07:50:59 +0800] "GET /manager-page/api/snapshot.php?id=12&t=0.26903550401393705 HTTP/1.1" 200 45280 "http://192.168.60.79/manager-page/home-1.php" "Mozilla/5.0 (Windows NT 10.0; Win64; x64) AppleWebKit/537.36 (KHTML, like Gecko) Chrome/139.0.0.0 Safari/537.36 Edg/139.0.0.0"
127.0.0.1 - - [18/Aug/2025:07:51:00 +0800] "GET /robot/alarm-history-in.php HTTP/1.1" 200 - "-" "python-requests/2.28.1"
172.16.36.181 - - [18/Aug/2025:07:51:04 +0800] "GET /manager-page/api/snapshot.php?id=11&t=0.5838374833108789 HTTP/1.1" 200 43895 "http://192.168.60.79/manager-page/home-1.php" "Mozilla/5.0 (Windows NT 10.0; Win64; x64) AppleWebKit/537.36 (KHTML, like Gecko) Chrome/139.0.0.0 Safari/537.36 Edg/139.0.0.0"
172.16.36.181 - - [18/Aug/2025:07:51:04 +0800] "GET /manager-page/api/snapshot.php?id=12&t=0.4743233512944367 HTTP/1.1" 200 45395 "http://192.168.60.79/manager-page/home-1.php" "Mozilla/5.0 (Windows NT 10.0; Win64; x64) AppleWebKit/537.36 (KHTML, like Gecko) Chrome/139.0.0.0 Safari/537.36 Edg/139.0.0.0"
172.16.36.181 - - [18/Aug/2025:07:51:09 +0800] "GET /manager-page/api/snapshot.php?id=12&t=0.7746359626925949 HTTP/1.1" 200 45398 "http://192.168.60.79/manager-page/home-1.php" "Mozilla/5.0 (Windows NT 10.0; Win64; x64) AppleWebKit/537.36 (KHTML, like Gecko) Chrome/139.0.0.0 Safari/537.36 Edg/139.0.0.0"
172.16.36.181 - - [18/Aug/2025:07:51:09 +0800] "GET /manager-page/api/snapshot.php?id=11&t=0.8131621164212437 HTTP/1.1" 200 43985 "http://192.168.60.79/manager-page/home-1.php" "Mozilla/5.0 (Windows NT 10.0; Win64; x64) AppleWebKit/537.36 (KHTML, like Gecko) Chrome/139.0.0.0 Safari/537.36 Edg/139.0.0.0"
172.16.36.181 - - [18/Aug/2025:07:51:14 +0800] "GET /manager-page/api/snapshot.php?id=12&t=0.49570257527791506 HTTP/1.1" 200 45565 "http://192.168.60.79/manager-page/home-1.php" "Mozilla/5.0 (Windows NT 10.0; Win64; x64) AppleWebKit/537.36 (KHTML, like Gecko) Chrome/139.0.0.0 Safari/537.36 Edg/139.0.0.0"
172.16.36.181 - - [18/Aug/2025:07:51:14 +0800] "GET /manager-page/api/snapshot.php?id=11&t=0.17979302647847695 HTTP/1.1" 200 44005 "http://192.168.60.79/manager-page/home-1.php" "Mozilla/5.0 (Windows NT 10.0; Win64; x64) AppleWebKit/537.36 (KHTML, like Gecko) Chrome/139.0.0.0 Safari/537.36 Edg/139.0.0.0"
172.16.36.181 - - [18/Aug/2025:07:51:19 +0800] "GET /manager-page/api/snapshot.php?id=11&t=0.4158991848103232 HTTP/1.1" 200 44756 "http://192.168.60.79/manager-page/home-1.php" "Mozilla/5.0 (Windows NT 10.0; Win64; x64) AppleWebKit/537.36 (KHTML, like Gecko) Chrome/139.0.0.0 Safari/537.36 Edg/139.0.0.0"
172.16.36.181 - - [18/Aug/2025:07:51:19 +0800] "GET /manager-page/api/snapshot.php?id=12&t=0.7437749705095509 HTTP/1.1" 200 45279 "http://192.168.60.79/manager-page/home-1.php" "Mozilla/5.0 (Windows NT 10.0; Win64; x64) AppleWebKit/537.36 (KHTML, like Gecko) Chrome/139.0.0.0 Safari/537.36 Edg/139.0.0.0"
172.16.36.181 - - [18/Aug/2025:07:51:24 +0800] "GET /manager-page/api/snapshot.php?id=12&t=0.2529325898672793 HTTP/1.1" 200 45995 "http://192.168.60.79/manager-page/home-1.php" "Mozilla/5.0 (Windows NT 10.0; Win64; x64) AppleWebKit/537.36 (KHTML, like Gecko) Chrome/139.0.0.0 Safari/537.36 Edg/139.0.0.0"
172.16.36.181 - - [18/Aug/2025:07:51:24 +0800] "GET /manager-page/api/snapshot.php?id=11&t=0.6499250468064153 HTTP/1.1" 200 43914 "http://192.168.60.79/manager-page/home-1.php" "Mozilla/5.0 (Windows NT 10.0; Win64; x64) AppleWebKit/537.36 (KHTML, like Gecko) Chrome/139.0.0.0 Safari/537.36 Edg/139.0.0.0"
172.16.36.181 - - [18/Aug/2025:07:51:29 +0800] "GET /manager-page/api/snapshot.php?id=11&t=0.7329819635588967 HTTP/1.1" 200 44410 "http://192.168.60.79/manager-page/home-1.php" "Mozilla/5.0 (Windows NT 10.0; Win64; x64) AppleWebKit/537.36 (KHTML, like Gecko) Chrome/139.0.0.0 Safari/537.36 Edg/139.0.0.0"
172.16.36.181 - - [18/Aug/2025:07:51:29 +0800] "GET /manager-page/api/snapshot.php?id=12&t=0.8592534217113 HTTP/1.1" 200 45243 "http://192.168.60.79/manager-page/home-1.php" "Mozilla/5.0 (Windows NT 10.0; Win64; x64) AppleWebKit/537.36 (KHTML, like Gecko) Chrome/139.0.0.0 Safari/537.36 Edg/139.0.0.0"
172.16.36.181 - - [18/Aug/2025:07:51:34 +0800] "GET /manager-page/api/snapshot.php?id=11&t=0.8443917895029043 HTTP/1.1" 200 43935 "http://192.168.60.79/manager-page/home-1.php" "Mozilla/5.0 (Windows NT 10.0; Win64; x64) AppleWebKit/537.36 (KHTML, like Gecko) Chrome/139.0.0.0 Safari/537.36 Edg/139.0.0.0"
172.16.36.181 - - [18/Aug/2025:07:51:34 +0800] "GET /manager-page/api/snapshot.php?id=12&t=0.479390081679015 HTTP/1.1" 200 45177 "http://192.168.60.79/manager-page/home-1.php" "Mozilla/5.0 (Windows NT 10.0; Win64; x64) AppleWebKit/537.36 (KHTML, like Gecko) Chrome/139.0.0.0 Safari/537.36 Edg/139.0.0.0"
172.16.36.181 - - [18/Aug/2025:07:51:39 +0800] "GET /manager-page/api/snapshot.php?id=12&t=0.7216622239007996 HTTP/1.1" 200 45216 "http://192.168.60.79/manager-page/home-1.php" "Mozilla/5.0 (Windows NT 10.0; Win64; x64) AppleWebKit/537.36 (KHTML, like Gecko) Chrome/139.0.0.0 Safari/537.36 Edg/139.0.0.0"
172.16.36.181 - - [18/Aug/2025:07:51:39 +0800] "GET /manager-page/api/snapshot.php?id=11&t=0.26250122563276845 HTTP/1.1" 200 44078 "http://192.168.60.79/manager-page/home-1.php" "Mozilla/5.0 (Windows NT 10.0; Win64; x64) AppleWebKit/537.36 (KHTML, like Gecko) Chrome/139.0.0.0 Safari/537.36 Edg/139.0.0.0"
172.16.36.181 - - [18/Aug/2025:07:51:44 +0800] "GET /manager-page/api/snapshot.php?id=12&t=0.9939071384398015 HTTP/1.1" 200 45262 "http://192.168.60.79/manager-page/home-1.php" "Mozilla/5.0 (Windows NT 10.0; Win64; x64) AppleWebKit/537.36 (KHTML, like Gecko) Chrome/139.0.0.0 Safari/537.36 Edg/139.0.0.0"
172.16.36.181 - - [18/Aug/2025:07:51:44 +0800] "GET /manager-page/api/snapshot.php?id=11&t=0.1001001457585241 HTTP/1.1" 200 44018 "http://192.168.60.79/manager-page/home-1.php" "Mozilla/5.0 (Windows NT 10.0; Win64; x64) AppleWebKit/537.36 (KHTML, like Gecko) Chrome/139.0.0.0 Safari/537.36 Edg/139.0.0.0"
111.70.30.250 - - [18/Aug/2025:07:51:54 +0800] "POST /robot/lora-in.php HTTP/1.1" 200 - "-" "python-requests/2.21.0"
127.0.0.1 - - [18/Aug/2025:07:52:00 +0800] "GET /robot/alarm-history-in.php HTTP/1.1" 200 - "-" "python-requests/2.28.1"
172.16.36.181 - - [18/Aug/2025:07:52:31 +0800] "GET /manager-page/api/snapshot.php?id=11&t=0.22385869855887863 HTTP/1.1" 200 44312 "http://192.168.60.79/manager-page/home-1.php" "Mozilla/5.0 (Windows NT 10.0; Win64; x64) AppleWebKit/537.36 (KHTML, like Gecko) Chrome/139.0.0.0 Safari/537.36 Edg/139.0.0.0"
172.16.36.181 - - [18/Aug/2025:07:52:31 +0800] "GET /manager-page/api/snapshot.php?id=12&t=0.9482929957981197 HTTP/1.1" 200 45643 "http://192.168.60.79/manager-page/home-1.php" "Mozilla/5.0 (Windows NT 10.0; Win64; x64) AppleWebKit/537.36 (KHTML, like Gecko) Chrome/139.0.0.0 Safari/537.36 Edg/139.0.0.0"
172.16.36.181 - - [18/Aug/2025:07:52:34 +0800] "GET /manager-page/api/snapshot.php?id=11&t=0.9960813771227511 HTTP/1.1" 200 44699 "http://192.168.60.79/manager-page/home-1.php" "Mozilla/5.0 (Windows NT 10.0; Win64; x64) AppleWebKit/537.36 (KHTML, like Gecko) Chrome/139.0.0.0 Safari/537.36 Edg/139.0.0.0"
172.16.36.181 - - [18/Aug/2025:07:52:34 +0800] "GET /manager-page/api/snapshot.php?id=12&t=0.34162954766619136 HTTP/1.1" 200 45463 "http://192.168.60.79/manager-page/home-1.php" "Mozilla/5.0 (Windows NT 10.0; Win64; x64) AppleWebKit/537.36 (KHTML, like Gecko) Chrome/139.0.0.0 Safari/537.36 Edg/139.0.0.0"
172.16.36.181 - - [18/Aug/2025:07:52:37 +0800] "GET /manager-page/alarm/1-2.jpg?t=809532334 HTTP/1.1" 200 495492 "http://192.168.60.79/manager-page/home-1.php" "Mozilla/5.0 (Windows NT 10.0; Win64; x64) AppleWebKit/537.36 (KHTML, like Gecko) Chrome/139.0.0.0 Safari/537.36 Edg/139.0.0.0"
172.16.36.181 - - [18/Aug/2025:07:52:37 +0800] "GET /manager-page/alarm/1-1.jpg?t=503022393 HTTP/1.1" 200 322868 "http://192.168.60.79/manager-page/home-1.php" "Mozilla/5.0 (Windows NT 10.0; Win64; x64) AppleWebKit/537.36 (KHTML, like Gecko) Chrome/139.0.0.0 Safari/537.36 Edg/139.0.0.0"
172.16.36.181 - - [18/Aug/2025:07:52:37 +0800] "GET /manager-page/home-1.php HTTP/1.1" 200 27472 "http://192.168.60.79/manager-page/home-1.php" "Mozilla/5.0 (Windows NT 10.0; Win64; x64) AppleWebKit/537.36 (KHTML, like Gecko) Chrome/139.0.0.0 Safari/537.36 Edg/139.0.0.0"
172.16.36.181 - - [18/Aug/2025:07:52:37 +0800] "GET /manager-page/api/snapshot.php?id=11 HTTP/1.1" 200 44098 "http://192.168.60.79/manager-page/home-1.php" "Mozilla/5.0 (Windows NT 10.0; Win64; x64) AppleWebKit/537.36 (KHTML, like Gecko) Chrome/139.0.0.0 Safari/537.36 Edg/139.0.0.0"
172.16.36.181 - - [18/Aug/2025:07:52:37 +0800] "GET /manager-page/api/snapshot.php?id=12 HTTP/1.1" 200 45479 "http://192.168.60.79/manager-page/home-1.php" "Mozilla/5.0 (Windows NT 10.0; Win64; x64) AppleWebKit/537.36 (KHTML, like Gecko) Chrome/139.0.0.0 Safari/537.36 Edg/139.0.0.0"
172.16.36.181 - - [18/Aug/2025:07:52:39 +0800] "GET /manager-page/api/cms-status1.php HTTP/1.1" 200 12 "http://192.168.60.79/manager-page/home-1.php" "Mozilla/5.0 (Windows NT 10.0; Win64; x64) AppleWebKit/537.36 (KHTML, like Gecko) Chrome/139.0.0.0 Safari/537.36 Edg/139.0.0.0"
172.16.36.181 - - [18/Aug/2025:07:52:39 +0800] "GET /manager-page/api/lp-status1.php HTTP/1.1" 200 1 "http://192.168.60.79/manager-page/home-1.php" "Mozilla/5.0 (Windows NT 10.0; Win64; x64) AppleWebKit/537.36 (KHTML, like Gecko) Chrome/139.0.0.0 Safari/537.36 Edg/139.0.0.0"
172.16.36.181 - - [18/Aug/2025:07:52:44 +0800] "GET /manager-page/api/snapshot.php?id=11&t=0.265143620905268 HTTP/1.1" 200 44100 "http://192.168.60.79/manager-page/home-1.php" "Mozilla/5.0 (Windows NT 10.0; Win64; x64) AppleWebKit/537.36 (KHTML, like Gecko) Chrome/139.0.0.0 Safari/537.36 Edg/139.0.0.0"
172.16.36.181 - - [18/Aug/2025:07:52:44 +0800] "GET /manager-page/api/snapshot.php?id=12&t=0.47501323461974665 HTTP/1.1" 200 45626 "http://192.168.60.79/manager-page/home-1.php" "Mozilla/5.0 (Windows NT 10.0; Win64; x64) AppleWebKit/537.36 (KHTML, like Gecko) Chrome/139.0.0.0 Safari/537.36 Edg/139.0.0.0"
172.16.36.181 - - [18/Aug/2025:07:52:49 +0800] "GET /manager-page/api/snapshot.php?id=12&t=0.08309364184577117 HTTP/1.1" 200 45768 "http://192.168.60.79/manager-page/home-1.php" "Mozilla/5.0 (Windows NT 10.0; Win64; x64) AppleWebKit/537.36 (KHTML, like Gecko) Chrome/139.0.0.0 Safari/537.36 Edg/139.0.0.0"
172.16.36.181 - - [18/Aug/2025:07:52:49 +0800] "GET /manager-page/api/snapshot.php?id=11&t=0.5693709457851959 HTTP/1.1" 200 44211 "http://192.168.60.79/manager-page/home-1.php" "Mozilla/5.0 (Windows NT 10.0; Win64; x64) AppleWebKit/537.36 (KHTML, like Gecko) Chrome/139.0.0.0 Safari/537.36 Edg/139.0.0.0"
172.16.36.181 - - [18/Aug/2025:07:52:50 +0800] "GET /manager-page/alarm/2-2.jpg?t=281310126 HTTP/1.1" 200 494732 "http://192.168.60.79/manager-page/home-2.php" "Mozilla/5.0 (Windows NT 10.0; Win64; x64) AppleWebKit/537.36 (KHTML, like Gecko) Chrome/139.0.0.0 Safari/537.36 Edg/139.0.0.0"
172.16.36.181 - - [18/Aug/2025:07:52:50 +0800] "GET /manager-page/alarm/2-1.jpg?t=1331193737 HTTP/1.1" 200 408168 "http://192.168.60.79/manager-page/home-2.php" "Mozilla/5.0 (Windows NT 10.0; Win64; x64) AppleWebKit/537.36 (KHTML, like Gecko) Chrome/139.0.0.0 Safari/537.36 Edg/139.0.0.0"
127.0.0.1 - - [18/Aug/2025:07:52:53 +0800] "GET /get-setting.json HTTP/1.1" 200 2314 "-" "python-requests/2.31.0"
172.16.36.181 - - [18/Aug/2025:07:52:49 +0800] "GET /manager-page/home-2.php HTTP/1.1" 200 27468 "http://192.168.60.79/manager-page/home-1.php" "Mozilla/5.0 (Windows NT 10.0; Win64; x64) AppleWebKit/537.36 (KHTML, like Gecko) Chrome/139.0.0.0 Safari/537.36 Edg/139.0.0.0"
172.16.36.181 - - [18/Aug/2025:07:52:50 +0800] "GET /manager-page/api/snapshot.php?id=21 HTTP/1.1" 500 - "http://192.168.60.79/manager-page/home-2.php" "Mozilla/5.0 (Windows NT 10.0; Win64; x64) AppleWebKit/537.36 (KHTML, like Gecko) Chrome/139.0.0.0 Safari/537.36 Edg/139.0.0.0"
172.16.36.181 - - [18/Aug/2025:07:52:50 +0800] "GET /manager-page/api/snapshot.php?id=22 HTTP/1.1" 500 - "http://192.168.60.79/manager-page/home-2.php" "Mozilla/5.0 (Windows NT 10.0; Win64; x64) AppleWebKit/537.36 (KHTML, like Gecko) Chrome/139.0.0.0 Safari/537.36 Edg/139.0.0.0"
172.16.36.181 - - [18/Aug/2025:07:52:58 +0800] "GET /manager-page/live/2-1.jpg HTTP/1.1" 200 46744 "http://192.168.60.79/manager-page/home-2.php" "Mozilla/5.0 (Windows NT 10.0; Win64; x64) AppleWebKit/537.36 (KHTML, like Gecko) Chrome/139.0.0.0 Safari/537.36 Edg/139.0.0.0"
172.16.36.181 - - [18/Aug/2025:07:52:58 +0800] "GET /manager-page/live/2-2.jpg HTTP/1.1" 200 40247 "http://192.168.60.79/manager-page/home-2.php" "Mozilla/5.0 (Windows NT 10.0; Win64; x64) AppleWebKit/537.36 (KHTML, like Gecko) Chrome/139.0.0.0 Safari/537.36 Edg/139.0.0.0"
172.16.36.181 - - [18/Aug/2025:07:52:58 +0800] "GET /manager-page/api/cms-status2.php HTTP/1.1" 200 12 "http://192.168.60.79/manager-page/home-2.php" "Mozilla/5.0 (Windows NT 10.0; Win64; x64) AppleWebKit/537.36 (KHTML, like Gecko) Chrome/139.0.0.0 Safari/537.36 Edg/139.0.0.0"
127.0.0.1 - - [18/Aug/2025:07:52:57 +0800] "POST /robot/lora-in.php HTTP/1.1" 200 - "-" "python-requests/2.31.0"
172.16.36.181 - - [18/Aug/2025:07:52:58 +0800] "GET /manager-page/api/lp-status2.php HTTP/1.1" 200 1 "http://192.168.60.79/manager-page/home-2.php" "Mozilla/5.0 (Windows NT 10.0; Win64; x64) AppleWebKit/537.36 (KHTML, like Gecko) Chrome/139.0.0.0 Safari/537.36 Edg/139.0.0.0"
127.0.0.1 - - [18/Aug/2025:07:52:59 +0800] "POST /robot/lora-in.php HTTP/1.1" 200 - "-" "python-requests/2.31.0"
127.0.0.1 - - [18/Aug/2025:07:53:00 +0800] "GET /robot/alarm-history-in.php HTTP/1.1" 200 - "-" "python-requests/2.28.1"
172.16.36.181 - - [18/Aug/2025:07:53:03 +0800] "GET /manager-page/api/snapshot.php?id=21&t=0.7436115139721171 HTTP/1.1" 200 46386 "http://192.168.60.79/manager-page/home-2.php" "Mozilla/5.0 (Windows NT 10.0; Win64; x64) AppleWebKit/537.36 (KHTML, like Gecko) Chrome/139.0.0.0 Safari/537.36 Edg/139.0.0.0"
172.16.36.181 - - [18/Aug/2025:07:53:03 +0800] "GET /manager-page/api/snapshot.php?id=22&t=0.7007888582701076 HTTP/1.1" 200 40723 "http://192.168.60.79/manager-page/home-2.php" "Mozilla/5.0 (Windows NT 10.0; Win64; x64) AppleWebKit/537.36 (KHTML, like Gecko) Chrome/139.0.0.0 Safari/537.36 Edg/139.0.0.0"
127.0.0.1 - - [18/Aug/2025:07:53:06 +0800] "POST /robot/et-7026-in.php HTTP/1.1" 200 - "-" "python-requests/2.32.2"
127.0.0.1 - - [18/Aug/2025:07:53:06 +0800] "POST /robot/lora-in.php HTTP/1.1" 200 - "-" "python-requests/2.31.0"
172.16.36.181 - - [18/Aug/2025:07:53:08 +0800] "GET /manager-page/api/snapshot.php?id=22&t=0.6013450304778976 HTTP/1.1" 200 42574 "http://192.168.60.79/manager-page/home-2.php" "Mozilla/5.0 (Windows NT 10.0; Win64; x64) AppleWebKit/537.36 (KHTML, like Gecko) Chrome/139.0.0.0 Safari/537.36 Edg/139.0.0.0"
172.16.36.181 - - [18/Aug/2025:07:53:08 +0800] "GET /manager-page/api/snapshot.php?id=21&t=0.5677285922813232 HTTP/1.1" 200 46646 "http://192.168.60.79/manager-page/home-2.php" "Mozilla/5.0 (Windows NT 10.0; Win64; x64) AppleWebKit/537.36 (KHTML, like Gecko) Chrome/139.0.0.0 Safari/537.36 Edg/139.0.0.0"
127.0.0.1 - - [18/Aug/2025:07:53:12 +0800] "POST /robot/lora-in.php HTTP/1.1" 200 - "-" "python-requests/2.31.0"
172.16.36.181 - - [18/Aug/2025:07:53:13 +0800] "GET /manager-page/api/snapshot.php?id=21&t=0.7065020485211111 HTTP/1.1" 200 46608 "http://192.168.60.79/manager-page/home-2.php" "Mozilla/5.0 (Windows NT 10.0; Win64; x64) AppleWebKit/537.36 (KHTML, like Gecko) Chrome/139.0.0.0 Safari/537.36 Edg/139.0.0.0"
172.16.36.181 - - [18/Aug/2025:07:53:13 +0800] "GET /manager-page/api/snapshot.php?id=22&t=0.9779757072399569 HTTP/1.1" 200 40307 "http://192.168.60.79/manager-page/home-2.php" "Mozilla/5.0 (Windows NT 10.0; Win64; x64) AppleWebKit/537.36 (KHTML, like Gecko) Chrome/139.0.0.0 Safari/537.36 Edg/139.0.0.0"
172.16.36.181 - - [18/Aug/2025:07:53:16 +0800] "GET /manager-page/alarm/3-2.jpg?t=1522662861 HTTP/1.1" 200 187208 "http://192.168.60.79/manager-page/home-3.php" "Mozilla/5.0 (Windows NT 10.0; Win64; x64) AppleWebKit/537.36 (KHTML, like Gecko) Chrome/139.0.0.0 Safari/537.36 Edg/139.0.0.0"
172.16.36.181 - - [18/Aug/2025:07:53:16 +0800] "GET /manager-page/alarm/3-1.jpg?t=2043080516 HTTP/1.1" 200 520364 "http://192.168.60.79/manager-page/home-3.php" "Mozilla/5.0 (Windows NT 10.0; Win64; x64) AppleWebKit/537.36 (KHTML, like Gecko) Chrome/139.0.0.0 Safari/537.36 Edg/139.0.0.0"
172.16.36.181 - - [18/Aug/2025:07:53:16 +0800] "GET /manager-page/home-3.php HTTP/1.1" 200 27482 "http://192.168.60.79/manager-page/home-2.php" "Mozilla/5.0 (Windows NT 10.0; Win64; x64) AppleWebKit/537.36 (KHTML, like Gecko) Chrome/139.0.0.0 Safari/537.36 Edg/139.0.0.0"
127.0.0.1 - - [18/Aug/2025:07:53:18 +0800] "POST /robot/lora-in.php HTTP/1.1" 200 - "-" "python-requests/2.31.0"
172.16.36.181 - - [18/Aug/2025:07:53:16 +0800] "GET /manager-page/api/snapshot.php?id=31 HTTP/1.1" 200 60752 "http://192.168.60.79/manager-page/home-3.php" "Mozilla/5.0 (Windows NT 10.0; Win64; x64) AppleWebKit/537.36 (KHTML, like Gecko) Chrome/139.0.0.0 Safari/537.36 Edg/139.0.0.0"
172.16.36.181 - - [18/Aug/2025:07:53:16 +0800] "GET /manager-page/api/snapshot.php?id=32 HTTP/1.1" 200 49391 "http://192.168.60.79/manager-page/home-3.php" "Mozilla/5.0 (Windows NT 10.0; Win64; x64) AppleWebKit/537.36 (KHTML, like Gecko) Chrome/139.0.0.0 Safari/537.36 Edg/139.0.0.0"
172.16.36.181 - - [18/Aug/2025:07:53:18 +0800] "GET /manager-page/api/cms-status3.php HTTP/1.1" 200 12 "http://192.168.60.79/manager-page/home-3.php" "Mozilla/5.0 (Windows NT 10.0; Win64; x64) AppleWebKit/537.36 (KHTML, like Gecko) Chrome/139.0.0.0 Safari/537.36 Edg/139.0.0.0"
172.16.36.181 - - [18/Aug/2025:07:53:18 +0800] "GET /manager-page/api/lp-status3.php HTTP/1.1" 200 1 "http://192.168.60.79/manager-page/home-3.php" "Mozilla/5.0 (Windows NT 10.0; Win64; x64) AppleWebKit/537.36 (KHTML, like Gecko) Chrome/139.0.0.0 Safari/537.36 Edg/139.0.0.0"
127.0.0.1 - - [18/Aug/2025:07:53:19 +0800] "POST /robot/lora-in.php HTTP/1.1" 200 - "-" "python-requests/2.31.0"
127.0.0.1 - - [18/Aug/2025:07:53:27 +0800] "POST /robot/lora-in.php HTTP/1.1" 200 - "-" "python-requests/2.31.0"
172.16.36.181 - - [18/Aug/2025:07:53:23 +0800] "GET /manager-page/api/snapshot.php?id=31&t=0.5932168210798626 HTTP/1.1" 200 61027 "http://192.168.60.79/manager-page/home-3.php" "Mozilla/5.0 (Windows NT 10.0; Win64; x64) AppleWebKit/537.36 (KHTML, like Gecko) Chrome/139.0.0.0 Safari/537.36 Edg/139.0.0.0"
172.16.36.181 - - [18/Aug/2025:07:53:23 +0800] "GET /manager-page/api/snapshot.php?id=32&t=0.5542384647116372 HTTP/1.1" 200 49367 "http://192.168.60.79/manager-page/home-3.php" "Mozilla/5.0 (Windows NT 10.0; Win64; x64) AppleWebKit/537.36 (KHTML, like Gecko) Chrome/139.0.0.0 Safari/537.36 Edg/139.0.0.0"
172.16.36.181 - - [18/Aug/2025:07:53:28 +0800] "GET /manager-page/api/snapshot.php?id=32&t=0.7103380320886358 HTTP/1.1" 200 49369 "http://192.168.60.79/manager-page/home-3.php" "Mozilla/5.0 (Windows NT 10.0; Win64; x64) AppleWebKit/537.36 (KHTML, like Gecko) Chrome/139.0.0.0 Safari/537.36 Edg/139.0.0.0"
172.16.36.181 - - [18/Aug/2025:07:53:28 +0800] "GET /manager-page/api/snapshot.php?id=31&t=0.4542868651691746 HTTP/1.1" 200 61030 "http://192.168.60.79/manager-page/home-3.php" "Mozilla/5.0 (Windows NT 10.0; Win64; x64) AppleWebKit/537.36 (KHTML, like Gecko) Chrome/139.0.0.0 Safari/537.36 Edg/139.0.0.0"
172.16.36.181 - - [18/Aug/2025:07:53:33 +0800] "GET /manager-page/api/snapshot.php?id=32&t=0.23099172026300963 HTTP/1.1" 200 49470 "http://192.168.60.79/manager-page/home-3.php" "Mozilla/5.0 (Windows NT 10.0; Win64; x64) AppleWebKit/537.36 (KHTML, like Gecko) Chrome/139.0.0.0 Safari/537.36 Edg/139.0.0.0"
172.16.36.181 - - [18/Aug/2025:07:53:33 +0800] "GET /manager-page/api/snapshot.php?id=31&t=0.44110139527941605 HTTP/1.1" 200 60926 "http://192.168.60.79/manager-page/home-3.php" "Mozilla/5.0 (Windows NT 10.0; Win64; x64) AppleWebKit/537.36 (KHTML, like Gecko) Chrome/139.0.0.0 Safari/537.36 Edg/139.0.0.0"
111.70.30.251 - - [18/Aug/2025:07:53:34 +0800] "POST /robot/lora-in.php HTTP/1.1" 200 - "-" "python-requests/2.21.0"
127.0.0.1 - - [18/Aug/2025:07:53:37 +0800] "POST /robot/lora-in.php HTTP/1.1" 200 - "-" "python-requests/2.31.0"
172.16.36.181 - - [18/Aug/2025:07:53:38 +0800] "GET /manager-page/api/snapshot.php?id=32&t=0.6775557388890843 HTTP/1.1" 200 49427 "http://192.168.60.79/manager-page/home-3.php" "Mozilla/5.0 (Windows NT 10.0; Win64; x64) AppleWebKit/537.36 (KHTML, like Gecko) Chrome/139.0.0.0 Safari/537.36 Edg/139.0.0.0"
172.16.36.181 - - [18/Aug/2025:07:53:38 +0800] "GET /manager-page/api/snapshot.php?id=31&t=0.9200603516209626 HTTP/1.1" 200 60954 "http://192.168.60.79/manager-page/home-3.php" "Mozilla/5.0 (Windows NT 10.0; Win64; x64) AppleWebKit/537.36 (KHTML, like Gecko) Chrome/139.0.0.0 Safari/537.36 Edg/139.0.0.0"
172.16.36.181 - - [18/Aug/2025:07:53:43 +0800] "GET /manager-page/api/snapshot.php?id=31&t=0.2959982218379832 HTTP/1.1" 200 60565 "http://192.168.60.79/manager-page/home-3.php" "Mozilla/5.0 (Windows NT 10.0; Win64; x64) AppleWebKit/537.36 (KHTML, like Gecko) Chrome/139.0.0.0 Safari/537.36 Edg/139.0.0.0"
172.16.36.181 - - [18/Aug/2025:07:53:43 +0800] "GET /manager-page/api/snapshot.php?id=32&t=0.6891067432516068 HTTP/1.1" 200 49641 "http://192.168.60.79/manager-page/home-3.php" "Mozilla/5.0 (Windows NT 10.0; Win64; x64) AppleWebKit/537.36 (KHTML, like Gecko) Chrome/139.0.0.0 Safari/537.36 Edg/139.0.0.0"
172.16.36.181 - - [18/Aug/2025:07:53:48 +0800] "GET /manager-page/api/snapshot.php?id=32&t=0.367608666536793 HTTP/1.1" 200 49142 "http://192.168.60.79/manager-page/home-3.php" "Mozilla/5.0 (Windows NT 10.0; Win64; x64) AppleWebKit/537.36 (KHTML, like Gecko) Chrome/139.0.0.0 Safari/537.36 Edg/139.0.0.0"
172.16.36.181 - - [18/Aug/2025:07:53:48 +0800] "GET /manager-page/api/snapshot.php?id=31&t=0.9304627280752512 HTTP/1.1" 200 60657 "http://192.168.60.79/manager-page/home-3.php" "Mozilla/5.0 (Windows NT 10.0; Win64; x64) AppleWebKit/537.36 (KHTML, like Gecko) Chrome/139.0.0.0 Safari/537.36 Edg/139.0.0.0"
172.16.36.181 - - [18/Aug/2025:07:53:53 +0800] "GET /manager-page/api/snapshot.php?id=31&t=0.40832470016718214 HTTP/1.1" 200 60714 "http://192.168.60.79/manager-page/home-3.php" "Mozilla/5.0 (Windows NT 10.0; Win64; x64) AppleWebKit/537.36 (KHTML, like Gecko) Chrome/139.0.0.0 Safari/537.36 Edg/139.0.0.0"
172.16.36.181 - - [18/Aug/2025:07:53:53 +0800] "GET /manager-page/api/snapshot.php?id=32&t=0.5129507434554309 HTTP/1.1" 200 49220 "http://192.168.60.79/manager-page/home-3.php" "Mozilla/5.0 (Windows NT 10.0; Win64; x64) AppleWebKit/537.36 (KHTML, like Gecko) Chrome/139.0.0.0 Safari/537.36 Edg/139.0.0.0"
172.16.36.181 - - [18/Aug/2025:07:53:58 +0800] "GET /manager-page/api/snapshot.php?id=31&t=0.5607469549179587 HTTP/1.1" 200 60966 "http://192.168.60.79/manager-page/home-3.php" "Mozilla/5.0 (Windows NT 10.0; Win64; x64) AppleWebKit/537.36 (KHTML, like Gecko) Chrome/139.0.0.0 Safari/537.36 Edg/139.0.0.0"
127.0.0.1 - - [18/Aug/2025:07:54:00 +0800] "GET /robot/alarm-history-in.php HTTP/1.1" 200 - "-" "python-requests/2.28.1"
172.16.36.181 - - [18/Aug/2025:07:53:58 +0800] "GET /manager-page/api/snapshot.php?id=32&t=0.8721747191656297 HTTP/1.1" 200 49400 "http://192.168.60.79/manager-page/home-3.php" "Mozilla/5.0 (Windows NT 10.0; Win64; x64) AppleWebKit/537.36 (KHTML, like Gecko) Chrome/139.0.0.0 Safari/537.36 Edg/139.0.0.0"
172.16.36.181 - - [18/Aug/2025:07:54:03 +0800] "GET /manager-page/api/snapshot.php?id=31&t=0.781988453577512 HTTP/1.1" 200 60970 "http://192.168.60.79/manager-page/home-3.php" "Mozilla/5.0 (Windows NT 10.0; Win64; x64) AppleWebKit/537.36 (KHTML, like Gecko) Chrome/139.0.0.0 Safari/537.36 Edg/139.0.0.0"
172.16.36.181 - - [18/Aug/2025:07:54:03 +0800] "GET /manager-page/api/snapshot.php?id=32&t=0.10621667480106833 HTTP/1.1" 200 49393 "http://192.168.60.79/manager-page/home-3.php" "Mozilla/5.0 (Windows NT 10.0; Win64; x64) AppleWebKit/537.36 (KHTML, like Gecko) Chrome/139.0.0.0 Safari/537.36 Edg/139.0.0.0"
172.16.36.181 - - [18/Aug/2025:07:54:08 +0800] "GET /manager-page/api/snapshot.php?id=32&t=0.25638103306719906 HTTP/1.1" 200 49477 "http://192.168.60.79/manager-page/home-3.php" "Mozilla/5.0 (Windows NT 10.0; Win64; x64) AppleWebKit/537.36 (KHTML, like Gecko) Chrome/139.0.0.0 Safari/537.36 Edg/139.0.0.0"
172.16.36.181 - - [18/Aug/2025:07:54:08 +0800] "GET /manager-page/api/snapshot.php?id=31&t=0.651248509866834 HTTP/1.1" 200 61030 "http://192.168.60.79/manager-page/home-3.php" "Mozilla/5.0 (Windows NT 10.0; Win64; x64) AppleWebKit/537.36 (KHTML, like Gecko) Chrome/139.0.0.0 Safari/537.36 Edg/139.0.0.0"
172.16.36.181 - - [18/Aug/2025:07:54:13 +0800] "GET /manager-page/api/snapshot.php?id=31&t=0.25436015707938786 HTTP/1.1" 200 60987 "http://192.168.60.79/manager-page/home-3.php" "Mozilla/5.0 (Windows NT 10.0; Win64; x64) AppleWebKit/537.36 (KHTML, like Gecko) Chrome/139.0.0.0 Safari/537.36 Edg/139.0.0.0"
172.16.36.181 - - [18/Aug/2025:07:54:13 +0800] "GET /manager-page/api/snapshot.php?id=32&t=0.8796548701623068 HTTP/1.1" 200 49440 "http://192.168.60.79/manager-page/home-3.php" "Mozilla/5.0 (Windows NT 10.0; Win64; x64) AppleWebKit/537.36 (KHTML, like Gecko) Chrome/139.0.0.0 Safari/537.36 Edg/139.0.0.0"
172.16.36.181 - - [18/Aug/2025:07:54:18 +0800] "GET /manager-page/api/snapshot.php?id=31&t=0.3281925861530033 HTTP/1.1" 200 60981 "http://192.168.60.79/manager-page/home-3.php" "Mozilla/5.0 (Windows NT 10.0; Win64; x64) AppleWebKit/537.36 (KHTML, like Gecko) Chrome/139.0.0.0 Safari/537.36 Edg/139.0.0.0"
172.16.36.181 - - [18/Aug/2025:07:54:18 +0800] "GET /manager-page/api/snapshot.php?id=32&t=0.6061905837167882 HTTP/1.1" 200 49468 "http://192.168.60.79/manager-page/home-3.php" "Mozilla/5.0 (Windows NT 10.0; Win64; x64) AppleWebKit/537.36 (KHTML, like Gecko) Chrome/139.0.0.0 Safari/537.36 Edg/139.0.0.0"
172.16.36.181 - - [18/Aug/2025:07:54:23 +0800] "GET /manager-page/api/snapshot.php?id=32&t=0.15804834826308778 HTTP/1.1" 200 49589 "http://192.168.60.79/manager-page/home-3.php" "Mozilla/5.0 (Windows NT 10.0; Win64; x64) AppleWebKit/537.36 (KHTML, like Gecko) Chrome/139.0.0.0 Safari/537.36 Edg/139.0.0.0"
172.16.36.181 - - [18/Aug/2025:07:54:23 +0800] "GET /manager-page/api/snapshot.php?id=31&t=0.06310795203276398 HTTP/1.1" 200 60955 "http://192.168.60.79/manager-page/home-3.php" "Mozilla/5.0 (Windows NT 10.0; Win64; x64) AppleWebKit/537.36 (KHTML, like Gecko) Chrome/139.0.0.0 Safari/537.36 Edg/139.0.0.0"
172.16.36.181 - - [18/Aug/2025:07:54:28 +0800] "GET /manager-page/api/snapshot.php?id=31&t=0.819614995970092 HTTP/1.1" 200 60885 "http://192.168.60.79/manager-page/home-3.php" "Mozilla/5.0 (Windows NT 10.0; Win64; x64) AppleWebKit/537.36 (KHTML, like Gecko) Chrome/139.0.0.0 Safari/537.36 Edg/139.0.0.0"
172.16.36.181 - - [18/Aug/2025:07:54:28 +0800] "GET /manager-page/api/snapshot.php?id=32&t=0.018232701835668275 HTTP/1.1" 200 49351 "http://192.168.60.79/manager-page/home-3.php" "Mozilla/5.0 (Windows NT 10.0; Win64; x64) AppleWebKit/537.36 (KHTML, like Gecko) Chrome/139.0.0.0 Safari/537.36 Edg/139.0.0.0"
172.16.36.181 - - [18/Aug/2025:07:54:33 +0800] "GET /manager-page/api/snapshot.php?id=31&t=0.042250498969530925 HTTP/1.1" 200 60887 "http://192.168.60.79/manager-page/home-3.php" "Mozilla/5.0 (Windows NT 10.0; Win64; x64) AppleWebKit/537.36 (KHTML, like Gecko) Chrome/139.0.0.0 Safari/537.36 Edg/139.0.0.0"
172.16.36.181 - - [18/Aug/2025:07:54:33 +0800] "GET /manager-page/api/snapshot.php?id=32&t=0.40031700208990384 HTTP/1.1" 200 49442 "http://192.168.60.79/manager-page/home-3.php" "Mozilla/5.0 (Windows NT 10.0; Win64; x64) AppleWebKit/537.36 (KHTML, like Gecko) Chrome/139.0.0.0 Safari/537.36 Edg/139.0.0.0"
172.16.36.181 - - [18/Aug/2025:07:54:38 +0800] "GET /manager-page/api/snapshot.php?id=32&t=0.562838181985056 HTTP/1.1" 200 49388 "http://192.168.60.79/manager-page/home-3.php" "Mozilla/5.0 (Windows NT 10.0; Win64; x64) AppleWebKit/537.36 (KHTML, like Gecko) Chrome/139.0.0.0 Safari/537.36 Edg/139.0.0.0"
172.16.36.181 - - [18/Aug/2025:07:54:38 +0800] "GET /manager-page/api/snapshot.php?id=31&t=0.08650701984633591 HTTP/1.1" 200 61036 "http://192.168.60.79/manager-page/home-3.php" "Mozilla/5.0 (Windows NT 10.0; Win64; x64) AppleWebKit/537.36 (KHTML, like Gecko) Chrome/139.0.0.0 Safari/537.36 Edg/139.0.0.0"
172.16.36.181 - - [18/Aug/2025:07:54:43 +0800] "GET /manager-page/api/snapshot.php?id=31&t=0.06330425573023846 HTTP/1.1" 200 60488 "http://192.168.60.79/manager-page/home-3.php" "Mozilla/5.0 (Windows NT 10.0; Win64; x64) AppleWebKit/537.36 (KHTML, like Gecko) Chrome/139.0.0.0 Safari/537.36 Edg/139.0.0.0"
172.16.36.181 - - [18/Aug/2025:07:54:43 +0800] "GET /manager-page/api/snapshot.php?id=32&t=0.8908933867702031 HTTP/1.1" 200 49644 "http://192.168.60.79/manager-page/home-3.php" "Mozilla/5.0 (Windows NT 10.0; Win64; x64) AppleWebKit/537.36 (KHTML, like Gecko) Chrome/139.0.0.0 Safari/537.36 Edg/139.0.0.0"
172.16.36.181 - - [18/Aug/2025:07:54:48 +0800] "GET /manager-page/api/snapshot.php?id=32&t=0.8403259807617446 HTTP/1.1" 200 49689 "http://192.168.60.79/manager-page/home-3.php" "Mozilla/5.0 (Windows NT 10.0; Win64; x64) AppleWebKit/537.36 (KHTML, like Gecko) Chrome/139.0.0.0 Safari/537.36 Edg/139.0.0.0"
172.16.36.181 - - [18/Aug/2025:07:54:48 +0800] "GET /manager-page/api/snapshot.php?id=31&t=0.05326270755863216 HTTP/1.1" 200 60747 "http://192.168.60.79/manager-page/home-3.php" "Mozilla/5.0 (Windows NT 10.0; Win64; x64) AppleWebKit/537.36 (KHTML, like Gecko) Chrome/139.0.0.0 Safari/537.36 Edg/139.0.0.0"
172.16.36.181 - - [18/Aug/2025:07:54:54 +0800] "GET /manager-page/api/snapshot.php?id=31&t=0.4817621269788478 HTTP/1.1" 200 60651 "http://192.168.60.79/manager-page/home-3.php" "Mozilla/5.0 (Windows NT 10.0; Win64; x64) AppleWebKit/537.36 (KHTML, like Gecko) Chrome/139.0.0.0 Safari/537.36 Edg/139.0.0.0"
172.16.36.181 - - [18/Aug/2025:07:54:54 +0800] "GET /manager-page/api/snapshot.php?id=32&t=0.7366844494178305 HTTP/1.1" 200 49640 "http://192.168.60.79/manager-page/home-3.php" "Mozilla/5.0 (Windows NT 10.0; Win64; x64) AppleWebKit/537.36 (KHTML, like Gecko) Chrome/139.0.0.0 Safari/537.36 Edg/139.0.0.0"
172.16.36.181 - - [18/Aug/2025:07:54:59 +0800] "GET /manager-page/api/snapshot.php?id=31&t=0.8931467697961957 HTTP/1.1" 200 60781 "http://192.168.60.79/manager-page/home-3.php" "Mozilla/5.0 (Windows NT 10.0; Win64; x64) AppleWebKit/537.36 (KHTML, like Gecko) Chrome/139.0.0.0 Safari/537.36 Edg/139.0.0.0"
127.0.0.1 - - [18/Aug/2025:07:55:00 +0800] "GET /robot/alarm-history-in.php HTTP/1.1" 200 - "-" "python-requests/2.28.1"
172.16.36.181 - - [18/Aug/2025:07:54:59 +0800] "GET /manager-page/api/snapshot.php?id=32&t=0.18859677410695908 HTTP/1.1" 200 49639 "http://192.168.60.79/manager-page/home-3.php" "Mozilla/5.0 (Windows NT 10.0; Win64; x64) AppleWebKit/537.36 (KHTML, like Gecko) Chrome/139.0.0.0 Safari/537.36 Edg/139.0.0.0"
172.16.36.181 - - [18/Aug/2025:07:55:04 +0800] "GET /manager-page/api/snapshot.php?id=31&t=0.971296569456475 HTTP/1.1" 200 60750 "http://192.168.60.79/manager-page/home-3.php" "Mozilla/5.0 (Windows NT 10.0; Win64; x64) AppleWebKit/537.36 (KHTML, like Gecko) Chrome/139.0.0.0 Safari/537.36 Edg/139.0.0.0"
172.16.36.181 - - [18/Aug/2025:07:55:04 +0800] "GET /manager-page/api/snapshot.php?id=32&t=0.13834702016144051 HTTP/1.1" 200 49607 "http://192.168.60.79/manager-page/home-3.php" "Mozilla/5.0 (Windows NT 10.0; Win64; x64) AppleWebKit/537.36 (KHTML, like Gecko) Chrome/139.0.0.0 Safari/537.36 Edg/139.0.0.0"
172.16.36.181 - - [18/Aug/2025:07:55:09 +0800] "GET /manager-page/api/snapshot.php?id=32&t=0.5126300958062778 HTTP/1.1" 200 49811 "http://192.168.60.79/manager-page/home-3.php" "Mozilla/5.0 (Windows NT 10.0; Win64; x64) AppleWebKit/537.36 (KHTML, like Gecko) Chrome/139.0.0.0 Safari/537.36 Edg/139.0.0.0"
172.16.36.181 - - [18/Aug/2025:07:55:09 +0800] "GET /manager-page/api/snapshot.php?id=31&t=0.29843599706226553 HTTP/1.1" 200 60811 "http://192.168.60.79/manager-page/home-3.php" "Mozilla/5.0 (Windows NT 10.0; Win64; x64) AppleWebKit/537.36 (KHTML, like Gecko) Chrome/139.0.0.0 Safari/537.36 Edg/139.0.0.0"
172.16.36.181 - - [18/Aug/2025:07:55:14 +0800] "GET /manager-page/api/snapshot.php?id=32&t=0.4186391664269432 HTTP/1.1" 200 49533 "http://192.168.60.79/manager-page/home-3.php" "Mozilla/5.0 (Windows NT 10.0; Win64; x64) AppleWebKit/537.36 (KHTML, like Gecko) Chrome/139.0.0.0 Safari/537.36 Edg/139.0.0.0"
172.16.36.181 - - [18/Aug/2025:07:55:14 +0800] "GET /manager-page/api/snapshot.php?id=31&t=0.20410907041138093 HTTP/1.1" 200 60746 "http://192.168.60.79/manager-page/home-3.php" "Mozilla/5.0 (Windows NT 10.0; Win64; x64) AppleWebKit/537.36 (KHTML, like Gecko) Chrome/139.0.0.0 Safari/537.36 Edg/139.0.0.0"
172.16.36.181 - - [18/Aug/2025:07:55:19 +0800] "GET /manager-page/api/snapshot.php?id=32&t=0.3393753825733533 HTTP/1.1" 200 49344 "http://192.168.60.79/manager-page/home-3.php" "Mozilla/5.0 (Windows NT 10.0; Win64; x64) AppleWebKit/537.36 (KHTML, like Gecko) Chrome/139.0.0.0 Safari/537.36 Edg/139.0.0.0"
172.16.36.181 - - [18/Aug/2025:07:55:19 +0800] "GET /manager-page/api/snapshot.php?id=31&t=0.19272845156430118 HTTP/1.1" 200 60548 "http://192.168.60.79/manager-page/home-3.php" "Mozilla/5.0 (Windows NT 10.0; Win64; x64) AppleWebKit/537.36 (KHTML, like Gecko) Chrome/139.0.0.0 Safari/537.36 Edg/139.0.0.0"
172.16.36.181 - - [18/Aug/2025:07:55:24 +0800] "GET /manager-page/api/snapshot.php?id=32&t=0.6233913979205856 HTTP/1.1" 200 49385 "http://192.168.60.79/manager-page/home-3.php" "Mozilla/5.0 (Windows NT 10.0; Win64; x64) AppleWebKit/537.36 (KHTML, like Gecko) Chrome/139.0.0.0 Safari/537.36 Edg/139.0.0.0"
172.16.36.181 - - [18/Aug/2025:07:55:24 +0800] "GET /manager-page/api/snapshot.php?id=31&t=0.844253629254769 HTTP/1.1" 200 60719 "http://192.168.60.79/manager-page/home-3.php" "Mozilla/5.0 (Windows NT 10.0; Win64; x64) AppleWebKit/537.36 (KHTML, like Gecko) Chrome/139.0.0.0 Safari/537.36 Edg/139.0.0.0"
172.16.36.181 - - [18/Aug/2025:07:55:29 +0800] "GET /manager-page/api/snapshot.php?id=31&t=0.31948913191033446 HTTP/1.1" 200 60682 "http://192.168.60.79/manager-page/home-3.php" "Mozilla/5.0 (Windows NT 10.0; Win64; x64) AppleWebKit/537.36 (KHTML, like Gecko) Chrome/139.0.0.0 Safari/537.36 Edg/139.0.0.0"
172.16.36.181 - - [18/Aug/2025:07:55:29 +0800] "GET /manager-page/api/snapshot.php?id=32&t=0.19648110683269804 HTTP/1.1" 200 49630 "http://192.168.60.79/manager-page/home-3.php" "Mozilla/5.0 (Windows NT 10.0; Win64; x64) AppleWebKit/537.36 (KHTML, like Gecko) Chrome/139.0.0.0 Safari/537.36 Edg/139.0.0.0"
172.16.36.181 - - [18/Aug/2025:07:55:34 +0800] "GET /manager-page/api/snapshot.php?id=32&t=0.10636178942986263 HTTP/1.1" 200 49544 "http://192.168.60.79/manager-page/home-3.php" "Mozilla/5.0 (Windows NT 10.0; Win64; x64) AppleWebKit/537.36 (KHTML, like Gecko) Chrome/139.0.0.0 Safari/537.36 Edg/139.0.0.0"
172.16.36.181 - - [18/Aug/2025:07:55:34 +0800] "GET /manager-page/api/snapshot.php?id=31&t=0.44880164479039464 HTTP/1.1" 200 60497 "http://192.168.60.79/manager-page/home-3.php" "Mozilla/5.0 (Windows NT 10.0; Win64; x64) AppleWebKit/537.36 (KHTML, like Gecko) Chrome/139.0.0.0 Safari/537.36 Edg/139.0.0.0"
172.16.36.181 - - [18/Aug/2025:07:55:39 +0800] "GET /manager-page/api/snapshot.php?id=32&t=0.7635124841769356 HTTP/1.1" 200 49629 "http://192.168.60.79/manager-page/home-3.php" "Mozilla/5.0 (Windows NT 10.0; Win64; x64) AppleWebKit/537.36 (KHTML, like Gecko) Chrome/139.0.0.0 Safari/537.36 Edg/139.0.0.0"
172.16.36.181 - - [18/Aug/2025:07:55:39 +0800] "GET /manager-page/api/snapshot.php?id=31&t=0.21336810256129546 HTTP/1.1" 200 60720 "http://192.168.60.79/manager-page/home-3.php" "Mozilla/5.0 (Windows NT 10.0; Win64; x64) AppleWebKit/537.36 (KHTML, like Gecko) Chrome/139.0.0.0 Safari/537.36 Edg/139.0.0.0"
172.16.36.181 - - [18/Aug/2025:07:55:44 +0800] "GET /manager-page/api/snapshot.php?id=31&t=0.7954311660939613 HTTP/1.1" 200 60683 "http://192.168.60.79/manager-page/home-3.php" "Mozilla/5.0 (Windows NT 10.0; Win64; x64) AppleWebKit/537.36 (KHTML, like Gecko) Chrome/139.0.0.0 Safari/537.36 Edg/139.0.0.0"
172.16.36.181 - - [18/Aug/2025:07:55:44 +0800] "GET /manager-page/api/snapshot.php?id=32&t=0.6797438444761547 HTTP/1.1" 200 49693 "http://192.168.60.79/manager-page/home-3.php" "Mozilla/5.0 (Windows NT 10.0; Win64; x64) AppleWebKit/537.36 (KHTML, like Gecko) Chrome/139.0.0.0 Safari/537.36 Edg/139.0.0.0"
172.16.36.181 - - [18/Aug/2025:07:55:49 +0800] "GET /manager-page/api/snapshot.php?id=32&t=0.16465507383870803 HTTP/1.1" 200 49736 "http://192.168.60.79/manager-page/home-3.php" "Mozilla/5.0 (Windows NT 10.0; Win64; x64) AppleWebKit/537.36 (KHTML, like Gecko) Chrome/139.0.0.0 Safari/537.36 Edg/139.0.0.0"
172.16.36.181 - - [18/Aug/2025:07:55:49 +0800] "GET /manager-page/api/snapshot.php?id=31&t=0.3536054190026455 HTTP/1.1" 200 60564 "http://192.168.60.79/manager-page/home-3.php" "Mozilla/5.0 (Windows NT 10.0; Win64; x64) AppleWebKit/537.36 (KHTML, like Gecko) Chrome/139.0.0.0 Safari/537.36 Edg/139.0.0.0"
127.0.0.1 - - [18/Aug/2025:07:56:00 +0800] "GET /robot/alarm-history-in.php HTTP/1.1" 200 - "-" "python-requests/2.28.1"
