172.16.36.181 - - [04/Jul/2025:09:56:41 +0800] "GET /manager-page/api/snapshot.php?id=41&t=0.3133600245669568 HTTP/1.1" 200 47862 "http://192.168.60.79/manager-page/home-4.php" "Mozilla/5.0 (Windows NT 10.0; Win64; x64) AppleWebKit/537.36 (KHTML, like Gecko) Chrome/138.0.0.0 Safari/537.36 Edg/138.0.0.0"
172.16.36.181 - - [04/Jul/2025:09:56:46 +0800] "GET /manager-page/api/snapshot.php?id=41&t=0.5835261007522689 HTTP/1.1" 200 47536 "http://192.168.60.79/manager-page/home-4.php" "Mozilla/5.0 (Windows NT 10.0; Win64; x64) AppleWebKit/537.36 (KHTML, like Gecko) Chrome/138.0.0.0 Safari/537.36 Edg/138.0.0.0"
172.16.36.181 - - [04/Jul/2025:09:56:46 +0800] "GET /manager-page/api/snapshot.php?id=42&t=0.7061454446342773 HTTP/1.1" 200 51411 "http://192.168.60.79/manager-page/home-4.php" "Mozilla/5.0 (Windows NT 10.0; Win64; x64) AppleWebKit/537.36 (KHTML, like Gecko) Chrome/138.0.0.0 Safari/537.36 Edg/138.0.0.0"
172.16.36.181 - - [04/Jul/2025:09:56:51 +0800] "GET /manager-page/api/snapshot.php?id=42&t=0.8623394155312714 HTTP/1.1" 200 51214 "http://192.168.60.79/manager-page/home-4.php" "Mozilla/5.0 (Windows NT 10.0; Win64; x64) AppleWebKit/537.36 (KHTML, like Gecko) Chrome/138.0.0.0 Safari/537.36 Edg/138.0.0.0"
172.16.36.181 - - [04/Jul/2025:09:56:51 +0800] "GET /manager-page/api/snapshot.php?id=41&t=0.22617973026898863 HTTP/1.1" 200 47792 "http://192.168.60.79/manager-page/home-4.php" "Mozilla/5.0 (Windows NT 10.0; Win64; x64) AppleWebKit/537.36 (KHTML, like Gecko) Chrome/138.0.0.0 Safari/537.36 Edg/138.0.0.0"
172.16.36.181 - - [04/Jul/2025:09:56:56 +0800] "GET /manager-page/api/snapshot.php?id=41&t=0.5039098729119117 HTTP/1.1" 200 47961 "http://192.168.60.79/manager-page/home-4.php" "Mozilla/5.0 (Windows NT 10.0; Win64; x64) AppleWebKit/537.36 (KHTML, like Gecko) Chrome/138.0.0.0 Safari/537.36 Edg/138.0.0.0"
172.16.36.181 - - [04/Jul/2025:09:56:56 +0800] "GET /manager-page/api/snapshot.php?id=42&t=0.6956407948597946 HTTP/1.1" 200 51050 "http://192.168.60.79/manager-page/home-4.php" "Mozilla/5.0 (Windows NT 10.0; Win64; x64) AppleWebKit/537.36 (KHTML, like Gecko) Chrome/138.0.0.0 Safari/537.36 Edg/138.0.0.0"
127.0.0.1 - - [04/Jul/2025:09:57:00 +0800] "GET /robot/alarm-history-in.php HTTP/1.1" 200 - "-" "python-requests/2.28.1"
172.16.36.181 - - [04/Jul/2025:09:57:01 +0800] "GET /manager-page/api/snapshot.php?id=42&t=0.06429493791601015 HTTP/1.1" 200 51022 "http://192.168.60.79/manager-page/home-4.php" "Mozilla/5.0 (Windows NT 10.0; Win64; x64) AppleWebKit/537.36 (KHTML, like Gecko) Chrome/138.0.0.0 Safari/537.36 Edg/138.0.0.0"
172.16.36.181 - - [04/Jul/2025:09:57:01 +0800] "GET /manager-page/api/snapshot.php?id=41&t=0.6472596631636635 HTTP/1.1" 200 47916 "http://192.168.60.79/manager-page/home-4.php" "Mozilla/5.0 (Windows NT 10.0; Win64; x64) AppleWebKit/537.36 (KHTML, like Gecko) Chrome/138.0.0.0 Safari/537.36 Edg/138.0.0.0"
172.16.36.181 - - [04/Jul/2025:09:57:06 +0800] "GET /manager-page/api/snapshot.php?id=41&t=0.5918501775091265 HTTP/1.1" 200 47934 "http://192.168.60.79/manager-page/home-4.php" "Mozilla/5.0 (Windows NT 10.0; Win64; x64) AppleWebKit/537.36 (KHTML, like Gecko) Chrome/138.0.0.0 Safari/537.36 Edg/138.0.0.0"
172.16.36.181 - - [04/Jul/2025:09:57:06 +0800] "GET /manager-page/api/snapshot.php?id=42&t=0.35159264410212765 HTTP/1.1" 200 51036 "http://192.168.60.79/manager-page/home-4.php" "Mozilla/5.0 (Windows NT 10.0; Win64; x64) AppleWebKit/537.36 (KHTML, like Gecko) Chrome/138.0.0.0 Safari/537.36 Edg/138.0.0.0"
172.16.36.181 - - [04/Jul/2025:09:57:11 +0800] "GET /manager-page/api/snapshot.php?id=42&t=0.3229188992667993 HTTP/1.1" 200 51052 "http://192.168.60.79/manager-page/home-4.php" "Mozilla/5.0 (Windows NT 10.0; Win64; x64) AppleWebKit/537.36 (KHTML, like Gecko) Chrome/138.0.0.0 Safari/537.36 Edg/138.0.0.0"
172.16.36.181 - - [04/Jul/2025:09:57:11 +0800] "GET /manager-page/api/snapshot.php?id=41&t=0.028888439250030262 HTTP/1.1" 200 47886 "http://192.168.60.79/manager-page/home-4.php" "Mozilla/5.0 (Windows NT 10.0; Win64; x64) AppleWebKit/537.36 (KHTML, like Gecko) Chrome/138.0.0.0 Safari/537.36 Edg/138.0.0.0"
172.16.36.181 - - [04/Jul/2025:09:57:16 +0800] "GET /manager-page/api/snapshot.php?id=42&t=0.01020866821722699 HTTP/1.1" 200 51061 "http://192.168.60.79/manager-page/home-4.php" "Mozilla/5.0 (Windows NT 10.0; Win64; x64) AppleWebKit/537.36 (KHTML, like Gecko) Chrome/138.0.0.0 Safari/537.36 Edg/138.0.0.0"
172.16.36.181 - - [04/Jul/2025:09:57:16 +0800] "GET /manager-page/api/snapshot.php?id=41&t=0.8287336239157133 HTTP/1.1" 200 47774 "http://192.168.60.79/manager-page/home-4.php" "Mozilla/5.0 (Windows NT 10.0; Win64; x64) AppleWebKit/537.36 (KHTML, like Gecko) Chrome/138.0.0.0 Safari/537.36 Edg/138.0.0.0"
172.16.36.181 - - [04/Jul/2025:09:57:21 +0800] "GET /manager-page/api/snapshot.php?id=42&t=0.24197764612797157 HTTP/1.1" 200 51009 "http://192.168.60.79/manager-page/home-4.php" "Mozilla/5.0 (Windows NT 10.0; Win64; x64) AppleWebKit/537.36 (KHTML, like Gecko) Chrome/138.0.0.0 Safari/537.36 Edg/138.0.0.0"
172.16.36.181 - - [04/Jul/2025:09:57:21 +0800] "GET /manager-page/api/snapshot.php?id=41&t=0.6301678977473537 HTTP/1.1" 200 47890 "http://192.168.60.79/manager-page/home-4.php" "Mozilla/5.0 (Windows NT 10.0; Win64; x64) AppleWebKit/537.36 (KHTML, like Gecko) Chrome/138.0.0.0 Safari/537.36 Edg/138.0.0.0"
172.16.36.181 - - [04/Jul/2025:09:57:26 +0800] "GET /manager-page/api/snapshot.php?id=41&t=0.4095820134871416 HTTP/1.1" 200 47938 "http://192.168.60.79/manager-page/home-4.php" "Mozilla/5.0 (Windows NT 10.0; Win64; x64) AppleWebKit/537.36 (KHTML, like Gecko) Chrome/138.0.0.0 Safari/537.36 Edg/138.0.0.0"
172.16.36.181 - - [04/Jul/2025:09:57:26 +0800] "GET /manager-page/api/snapshot.php?id=42&t=0.3021258229570549 HTTP/1.1" 200 51146 "http://192.168.60.79/manager-page/home-4.php" "Mozilla/5.0 (Windows NT 10.0; Win64; x64) AppleWebKit/537.36 (KHTML, like Gecko) Chrome/138.0.0.0 Safari/537.36 Edg/138.0.0.0"
172.16.36.181 - - [04/Jul/2025:09:57:31 +0800] "GET /manager-page/api/snapshot.php?id=42&t=0.06047741132950568 HTTP/1.1" 200 51217 "http://192.168.60.79/manager-page/home-4.php" "Mozilla/5.0 (Windows NT 10.0; Win64; x64) AppleWebKit/537.36 (KHTML, like Gecko) Chrome/138.0.0.0 Safari/537.36 Edg/138.0.0.0"
172.16.36.181 - - [04/Jul/2025:09:57:31 +0800] "GET /manager-page/api/snapshot.php?id=41&t=0.03814723169186118 HTTP/1.1" 200 47921 "http://192.168.60.79/manager-page/home-4.php" "Mozilla/5.0 (Windows NT 10.0; Win64; x64) AppleWebKit/537.36 (KHTML, like Gecko) Chrome/138.0.0.0 Safari/537.36 Edg/138.0.0.0"
172.16.36.181 - - [04/Jul/2025:09:57:36 +0800] "GET /manager-page/api/snapshot.php?id=41&t=0.44534116459287154 HTTP/1.1" 200 47989 "http://192.168.60.79/manager-page/home-4.php" "Mozilla/5.0 (Windows NT 10.0; Win64; x64) AppleWebKit/537.36 (KHTML, like Gecko) Chrome/138.0.0.0 Safari/537.36 Edg/138.0.0.0"
172.16.36.181 - - [04/Jul/2025:09:57:36 +0800] "GET /manager-page/api/snapshot.php?id=42&t=0.0786281122606457 HTTP/1.1" 200 51246 "http://192.168.60.79/manager-page/home-4.php" "Mozilla/5.0 (Windows NT 10.0; Win64; x64) AppleWebKit/537.36 (KHTML, like Gecko) Chrome/138.0.0.0 Safari/537.36 Edg/138.0.0.0"
172.16.36.181 - - [04/Jul/2025:09:57:41 +0800] "GET /manager-page/api/snapshot.php?id=41&t=0.052249839182124225 HTTP/1.1" 200 47985 "http://192.168.60.79/manager-page/home-4.php" "Mozilla/5.0 (Windows NT 10.0; Win64; x64) AppleWebKit/537.36 (KHTML, like Gecko) Chrome/138.0.0.0 Safari/537.36 Edg/138.0.0.0"
172.16.36.181 - - [04/Jul/2025:09:57:41 +0800] "GET /manager-page/api/snapshot.php?id=42&t=0.7356780344083512 HTTP/1.1" 200 51267 "http://192.168.60.79/manager-page/home-4.php" "Mozilla/5.0 (Windows NT 10.0; Win64; x64) AppleWebKit/537.36 (KHTML, like Gecko) Chrome/138.0.0.0 Safari/537.36 Edg/138.0.0.0"
172.16.36.181 - - [04/Jul/2025:09:57:46 +0800] "GET /manager-page/api/snapshot.php?id=42&t=0.1826778421308508 HTTP/1.1" 200 51301 "http://192.168.60.79/manager-page/home-4.php" "Mozilla/5.0 (Windows NT 10.0; Win64; x64) AppleWebKit/537.36 (KHTML, like Gecko) Chrome/138.0.0.0 Safari/537.36 Edg/138.0.0.0"
172.16.36.181 - - [04/Jul/2025:09:57:46 +0800] "GET /manager-page/api/snapshot.php?id=41&t=0.3604297551503133 HTTP/1.1" 200 47990 "http://192.168.60.79/manager-page/home-4.php" "Mozilla/5.0 (Windows NT 10.0; Win64; x64) AppleWebKit/537.36 (KHTML, like Gecko) Chrome/138.0.0.0 Safari/537.36 Edg/138.0.0.0"
172.16.36.181 - - [04/Jul/2025:09:57:51 +0800] "GET /manager-page/api/snapshot.php?id=42&t=0.7723422665975227 HTTP/1.1" 200 51316 "http://192.168.60.79/manager-page/home-4.php" "Mozilla/5.0 (Windows NT 10.0; Win64; x64) AppleWebKit/537.36 (KHTML, like Gecko) Chrome/138.0.0.0 Safari/537.36 Edg/138.0.0.0"
172.16.36.181 - - [04/Jul/2025:09:57:51 +0800] "GET /manager-page/api/snapshot.php?id=41&t=0.4349143643927619 HTTP/1.1" 200 48033 "http://192.168.60.79/manager-page/home-4.php" "Mozilla/5.0 (Windows NT 10.0; Win64; x64) AppleWebKit/537.36 (KHTML, like Gecko) Chrome/138.0.0.0 Safari/537.36 Edg/138.0.0.0"
172.16.36.181 - - [04/Jul/2025:09:57:56 +0800] "GET /manager-page/api/snapshot.php?id=42&t=0.2931774366456873 HTTP/1.1" 200 51264 "http://192.168.60.79/manager-page/home-4.php" "Mozilla/5.0 (Windows NT 10.0; Win64; x64) AppleWebKit/537.36 (KHTML, like Gecko) Chrome/138.0.0.0 Safari/537.36 Edg/138.0.0.0"
172.16.36.181 - - [04/Jul/2025:09:57:56 +0800] "GET /manager-page/api/snapshot.php?id=41&t=0.10005601656238428 HTTP/1.1" 200 48002 "http://192.168.60.79/manager-page/home-4.php" "Mozilla/5.0 (Windows NT 10.0; Win64; x64) AppleWebKit/537.36 (KHTML, like Gecko) Chrome/138.0.0.0 Safari/537.36 Edg/138.0.0.0"
127.0.0.1 - - [04/Jul/2025:09:58:00 +0800] "GET /robot/alarm-history-in.php HTTP/1.1" 200 - "-" "python-requests/2.28.1"
172.16.36.181 - - [04/Jul/2025:09:58:01 +0800] "GET /manager-page/api/snapshot.php?id=41&t=0.407305387237865 HTTP/1.1" 200 48003 "http://192.168.60.79/manager-page/home-4.php" "Mozilla/5.0 (Windows NT 10.0; Win64; x64) AppleWebKit/537.36 (KHTML, like Gecko) Chrome/138.0.0.0 Safari/537.36 Edg/138.0.0.0"
172.16.36.181 - - [04/Jul/2025:09:58:06 +0800] "GET /manager-page/api/snapshot.php?id=42&t=0.6749349835794741 HTTP/1.1" 200 51400 "http://192.168.60.79/manager-page/home-4.php" "Mozilla/5.0 (Windows NT 10.0; Win64; x64) AppleWebKit/537.36 (KHTML, like Gecko) Chrome/138.0.0.0 Safari/537.36 Edg/138.0.0.0"
172.16.36.181 - - [04/Jul/2025:09:58:01 +0800] "GET /manager-page/api/snapshot.php?id=42&t=0.3556842171938689 HTTP/1.1" 200 51419 "http://192.168.60.79/manager-page/home-4.php" "Mozilla/5.0 (Windows NT 10.0; Win64; x64) AppleWebKit/537.36 (KHTML, like Gecko) Chrome/138.0.0.0 Safari/537.36 Edg/138.0.0.0"
172.16.36.181 - - [04/Jul/2025:09:58:06 +0800] "GET /manager-page/api/snapshot.php?id=41&t=0.18860626361070265 HTTP/1.1" 200 48085 "http://192.168.60.79/manager-page/home-4.php" "Mozilla/5.0 (Windows NT 10.0; Win64; x64) AppleWebKit/537.36 (KHTML, like Gecko) Chrome/138.0.0.0 Safari/537.36 Edg/138.0.0.0"
172.16.36.181 - - [04/Jul/2025:09:58:11 +0800] "GET /manager-page/api/snapshot.php?id=41&t=0.32510966946906117 HTTP/1.1" 200 48086 "http://192.168.60.79/manager-page/home-4.php" "Mozilla/5.0 (Windows NT 10.0; Win64; x64) AppleWebKit/537.36 (KHTML, like Gecko) Chrome/138.0.0.0 Safari/537.36 Edg/138.0.0.0"
172.16.36.181 - - [04/Jul/2025:09:58:11 +0800] "GET /manager-page/api/snapshot.php?id=42&t=0.06894766461501745 HTTP/1.1" 200 51418 "http://192.168.60.79/manager-page/home-4.php" "Mozilla/5.0 (Windows NT 10.0; Win64; x64) AppleWebKit/537.36 (KHTML, like Gecko) Chrome/138.0.0.0 Safari/537.36 Edg/138.0.0.0"
172.16.36.181 - - [04/Jul/2025:09:58:16 +0800] "GET /manager-page/api/snapshot.php?id=42&t=0.5426430074310936 HTTP/1.1" 200 51409 "http://192.168.60.79/manager-page/home-4.php" "Mozilla/5.0 (Windows NT 10.0; Win64; x64) AppleWebKit/537.36 (KHTML, like Gecko) Chrome/138.0.0.0 Safari/537.36 Edg/138.0.0.0"
172.16.36.181 - - [04/Jul/2025:09:58:16 +0800] "GET /manager-page/api/snapshot.php?id=41&t=0.8843495403279245 HTTP/1.1" 200 48232 "http://192.168.60.79/manager-page/home-4.php" "Mozilla/5.0 (Windows NT 10.0; Win64; x64) AppleWebKit/537.36 (KHTML, like Gecko) Chrome/138.0.0.0 Safari/537.36 Edg/138.0.0.0"
172.16.36.181 - - [04/Jul/2025:09:58:21 +0800] "GET /manager-page/api/snapshot.php?id=41&t=0.559796679650362 HTTP/1.1" 200 48298 "http://192.168.60.79/manager-page/home-4.php" "Mozilla/5.0 (Windows NT 10.0; Win64; x64) AppleWebKit/537.36 (KHTML, like Gecko) Chrome/138.0.0.0 Safari/537.36 Edg/138.0.0.0"
172.16.36.181 - - [04/Jul/2025:09:58:21 +0800] "GET /manager-page/api/snapshot.php?id=42&t=0.9363144534113139 HTTP/1.1" 200 51497 "http://192.168.60.79/manager-page/home-4.php" "Mozilla/5.0 (Windows NT 10.0; Win64; x64) AppleWebKit/537.36 (KHTML, like Gecko) Chrome/138.0.0.0 Safari/537.36 Edg/138.0.0.0"
172.16.36.181 - - [04/Jul/2025:09:58:26 +0800] "GET /manager-page/api/snapshot.php?id=42&t=0.06629117558953568 HTTP/1.1" 200 51501 "http://192.168.60.79/manager-page/home-4.php" "Mozilla/5.0 (Windows NT 10.0; Win64; x64) AppleWebKit/537.36 (KHTML, like Gecko) Chrome/138.0.0.0 Safari/537.36 Edg/138.0.0.0"
172.16.36.181 - - [04/Jul/2025:09:58:26 +0800] "GET /manager-page/api/snapshot.php?id=41&t=0.31591358042190787 HTTP/1.1" 200 48295 "http://192.168.60.79/manager-page/home-4.php" "Mozilla/5.0 (Windows NT 10.0; Win64; x64) AppleWebKit/537.36 (KHTML, like Gecko) Chrome/138.0.0.0 Safari/537.36 Edg/138.0.0.0"
111.70.30.252 - - [04/Jul/2025:09:58:32 +0800] "POST /robot/lora-in.php HTTP/1.1" 200 - "-" "python-requests/2.21.0"
172.16.36.181 - - [04/Jul/2025:09:58:31 +0800] "GET /manager-page/api/snapshot.php?id=41&t=0.18062072159008802 HTTP/1.1" 200 48588 "http://192.168.60.79/manager-page/home-4.php" "Mozilla/5.0 (Windows NT 10.0; Win64; x64) AppleWebKit/537.36 (KHTML, like Gecko) Chrome/138.0.0.0 Safari/537.36 Edg/138.0.0.0"
172.16.36.181 - - [04/Jul/2025:09:58:31 +0800] "GET /manager-page/api/snapshot.php?id=42&t=0.8692402691881764 HTTP/1.1" 200 51832 "http://192.168.60.79/manager-page/home-4.php" "Mozilla/5.0 (Windows NT 10.0; Win64; x64) AppleWebKit/537.36 (KHTML, like Gecko) Chrome/138.0.0.0 Safari/537.36 Edg/138.0.0.0"
172.16.36.181 - - [04/Jul/2025:09:58:36 +0800] "GET /manager-page/api/snapshot.php?id=41&t=0.5307515223476258 HTTP/1.1" 200 48715 "http://192.168.60.79/manager-page/home-4.php" "Mozilla/5.0 (Windows NT 10.0; Win64; x64) AppleWebKit/537.36 (KHTML, like Gecko) Chrome/138.0.0.0 Safari/537.36 Edg/138.0.0.0"
172.16.36.181 - - [04/Jul/2025:09:58:36 +0800] "GET /manager-page/api/snapshot.php?id=42&t=0.9668652633509182 HTTP/1.1" 500 - "http://192.168.60.79/manager-page/home-4.php" "Mozilla/5.0 (Windows NT 10.0; Win64; x64) AppleWebKit/537.36 (KHTML, like Gecko) Chrome/138.0.0.0 Safari/537.36 Edg/138.0.0.0"
172.16.36.181 - - [04/Jul/2025:09:58:41 +0800] "GET /manager-page/api/snapshot.php?id=42&t=0.32673029616544536 HTTP/1.1" 200 52287 "http://192.168.60.79/manager-page/home-4.php" "Mozilla/5.0 (Windows NT 10.0; Win64; x64) AppleWebKit/537.36 (KHTML, like Gecko) Chrome/138.0.0.0 Safari/537.36 Edg/138.0.0.0"
172.16.36.181 - - [04/Jul/2025:09:58:41 +0800] "GET /manager-page/api/snapshot.php?id=41&t=0.7673754338932268 HTTP/1.1" 200 48967 "http://192.168.60.79/manager-page/home-4.php" "Mozilla/5.0 (Windows NT 10.0; Win64; x64) AppleWebKit/537.36 (KHTML, like Gecko) Chrome/138.0.0.0 Safari/537.36 Edg/138.0.0.0"
172.16.36.181 - - [04/Jul/2025:09:58:46 +0800] "GET /manager-page/api/snapshot.php?id=42&t=0.9026704557941276 HTTP/1.1" 200 52392 "http://192.168.60.79/manager-page/home-4.php" "Mozilla/5.0 (Windows NT 10.0; Win64; x64) AppleWebKit/537.36 (KHTML, like Gecko) Chrome/138.0.0.0 Safari/537.36 Edg/138.0.0.0"
172.16.36.181 - - [04/Jul/2025:09:58:46 +0800] "GET /manager-page/api/snapshot.php?id=41&t=0.18713470932274234 HTTP/1.1" 200 49161 "http://192.168.60.79/manager-page/home-4.php" "Mozilla/5.0 (Windows NT 10.0; Win64; x64) AppleWebKit/537.36 (KHTML, like Gecko) Chrome/138.0.0.0 Safari/537.36 Edg/138.0.0.0"
172.16.36.181 - - [04/Jul/2025:09:58:51 +0800] "GET /manager-page/api/snapshot.php?id=42&t=0.30928075511620823 HTTP/1.1" 200 53511 "http://192.168.60.79/manager-page/home-4.php" "Mozilla/5.0 (Windows NT 10.0; Win64; x64) AppleWebKit/537.36 (KHTML, like Gecko) Chrome/138.0.0.0 Safari/537.36 Edg/138.0.0.0"
172.16.36.181 - - [04/Jul/2025:09:58:51 +0800] "GET /manager-page/api/snapshot.php?id=41&t=0.6737139693096224 HTTP/1.1" 200 49427 "http://192.168.60.79/manager-page/home-4.php" "Mozilla/5.0 (Windows NT 10.0; Win64; x64) AppleWebKit/537.36 (KHTML, like Gecko) Chrome/138.0.0.0 Safari/537.36 Edg/138.0.0.0"
172.16.36.181 - - [04/Jul/2025:09:58:56 +0800] "GET /manager-page/api/snapshot.php?id=41&t=0.4753077751815219 HTTP/1.1" 200 50404 "http://192.168.60.79/manager-page/home-4.php" "Mozilla/5.0 (Windows NT 10.0; Win64; x64) AppleWebKit/537.36 (KHTML, like Gecko) Chrome/138.0.0.0 Safari/537.36 Edg/138.0.0.0"
172.16.36.181 - - [04/Jul/2025:09:58:56 +0800] "GET /manager-page/api/snapshot.php?id=42&t=0.16197206078476512 HTTP/1.1" 200 54887 "http://192.168.60.79/manager-page/home-4.php" "Mozilla/5.0 (Windows NT 10.0; Win64; x64) AppleWebKit/537.36 (KHTML, like Gecko) Chrome/138.0.0.0 Safari/537.36 Edg/138.0.0.0"
127.0.0.1 - - [04/Jul/2025:09:59:00 +0800] "GET /robot/alarm-history-in.php HTTP/1.1" 200 - "-" "python-requests/2.28.1"
172.16.36.181 - - [04/Jul/2025:09:59:01 +0800] "GET /manager-page/api/snapshot.php?id=42&t=0.9356405200426987 HTTP/1.1" 200 55461 "http://192.168.60.79/manager-page/home-4.php" "Mozilla/5.0 (Windows NT 10.0; Win64; x64) AppleWebKit/537.36 (KHTML, like Gecko) Chrome/138.0.0.0 Safari/537.36 Edg/138.0.0.0"
172.16.36.181 - - [04/Jul/2025:09:59:01 +0800] "GET /manager-page/api/snapshot.php?id=41&t=0.29595519374076207 HTTP/1.1" 200 52395 "http://192.168.60.79/manager-page/home-4.php" "Mozilla/5.0 (Windows NT 10.0; Win64; x64) AppleWebKit/537.36 (KHTML, like Gecko) Chrome/138.0.0.0 Safari/537.36 Edg/138.0.0.0"
172.16.36.181 - - [04/Jul/2025:09:59:06 +0800] "GET /manager-page/api/snapshot.php?id=41&t=0.14481347861821947 HTTP/1.1" 200 53388 "http://192.168.60.79/manager-page/home-4.php" "Mozilla/5.0 (Windows NT 10.0; Win64; x64) AppleWebKit/537.36 (KHTML, like Gecko) Chrome/138.0.0.0 Safari/537.36 Edg/138.0.0.0"
172.16.36.181 - - [04/Jul/2025:09:59:06 +0800] "GET /manager-page/api/snapshot.php?id=42&t=0.8254163385613922 HTTP/1.1" 200 55841 "http://192.168.60.79/manager-page/home-4.php" "Mozilla/5.0 (Windows NT 10.0; Win64; x64) AppleWebKit/537.36 (KHTML, like Gecko) Chrome/138.0.0.0 Safari/537.36 Edg/138.0.0.0"
172.16.36.181 - - [04/Jul/2025:09:59:11 +0800] "GET /manager-page/api/snapshot.php?id=41&t=0.9452675616511651 HTTP/1.1" 200 53471 "http://192.168.60.79/manager-page/home-4.php" "Mozilla/5.0 (Windows NT 10.0; Win64; x64) AppleWebKit/537.36 (KHTML, like Gecko) Chrome/138.0.0.0 Safari/537.36 Edg/138.0.0.0"
172.16.36.181 - - [04/Jul/2025:09:59:11 +0800] "GET /manager-page/api/snapshot.php?id=42&t=0.9355797531048093 HTTP/1.1" 200 55847 "http://192.168.60.79/manager-page/home-4.php" "Mozilla/5.0 (Windows NT 10.0; Win64; x64) AppleWebKit/537.36 (KHTML, like Gecko) Chrome/138.0.0.0 Safari/537.36 Edg/138.0.0.0"
172.16.36.181 - - [04/Jul/2025:09:59:16 +0800] "GET /manager-page/api/snapshot.php?id=41&t=0.4646332750800344 HTTP/1.1" 200 52446 "http://192.168.60.79/manager-page/home-4.php" "Mozilla/5.0 (Windows NT 10.0; Win64; x64) AppleWebKit/537.36 (KHTML, like Gecko) Chrome/138.0.0.0 Safari/537.36 Edg/138.0.0.0"
172.16.36.181 - - [04/Jul/2025:09:59:16 +0800] "GET /manager-page/api/snapshot.php?id=42&t=0.7496216476855269 HTTP/1.1" 200 53758 "http://192.168.60.79/manager-page/home-4.php" "Mozilla/5.0 (Windows NT 10.0; Win64; x64) AppleWebKit/537.36 (KHTML, like Gecko) Chrome/138.0.0.0 Safari/537.36 Edg/138.0.0.0"
172.16.36.181 - - [04/Jul/2025:09:59:21 +0800] "GET /manager-page/api/snapshot.php?id=41&t=0.30997020300004297 HTTP/1.1" 200 51012 "http://192.168.60.79/manager-page/home-4.php" "Mozilla/5.0 (Windows NT 10.0; Win64; x64) AppleWebKit/537.36 (KHTML, like Gecko) Chrome/138.0.0.0 Safari/537.36 Edg/138.0.0.0"
172.16.36.181 - - [04/Jul/2025:09:59:21 +0800] "GET /manager-page/api/snapshot.php?id=42&t=0.9619754585319171 HTTP/1.1" 200 52427 "http://192.168.60.79/manager-page/home-4.php" "Mozilla/5.0 (Windows NT 10.0; Win64; x64) AppleWebKit/537.36 (KHTML, like Gecko) Chrome/138.0.0.0 Safari/537.36 Edg/138.0.0.0"
172.16.36.181 - - [04/Jul/2025:09:59:26 +0800] "GET /manager-page/api/snapshot.php?id=42&t=0.17079326460494182 HTTP/1.1" 200 52274 "http://192.168.60.79/manager-page/home-4.php" "Mozilla/5.0 (Windows NT 10.0; Win64; x64) AppleWebKit/537.36 (KHTML, like Gecko) Chrome/138.0.0.0 Safari/537.36 Edg/138.0.0.0"
172.16.36.181 - - [04/Jul/2025:09:59:26 +0800] "GET /manager-page/api/snapshot.php?id=41&t=0.38696561476946567 HTTP/1.1" 200 49906 "http://192.168.60.79/manager-page/home-4.php" "Mozilla/5.0 (Windows NT 10.0; Win64; x64) AppleWebKit/537.36 (KHTML, like Gecko) Chrome/138.0.0.0 Safari/537.36 Edg/138.0.0.0"
172.16.36.181 - - [04/Jul/2025:09:59:31 +0800] "GET /manager-page/api/snapshot.php?id=41&t=0.46876027465940917 HTTP/1.1" 200 49687 "http://192.168.60.79/manager-page/home-4.php" "Mozilla/5.0 (Windows NT 10.0; Win64; x64) AppleWebKit/537.36 (KHTML, like Gecko) Chrome/138.0.0.0 Safari/537.36 Edg/138.0.0.0"
172.16.36.181 - - [04/Jul/2025:09:59:31 +0800] "GET /manager-page/api/snapshot.php?id=42&t=0.446525112709243 HTTP/1.1" 200 52280 "http://192.168.60.79/manager-page/home-4.php" "Mozilla/5.0 (Windows NT 10.0; Win64; x64) AppleWebKit/537.36 (KHTML, like Gecko) Chrome/138.0.0.0 Safari/537.36 Edg/138.0.0.0"
172.16.36.181 - - [04/Jul/2025:09:59:36 +0800] "GET /manager-page/api/snapshot.php?id=42&t=0.34637059523055946 HTTP/1.1" 200 52186 "http://192.168.60.79/manager-page/home-4.php" "Mozilla/5.0 (Windows NT 10.0; Win64; x64) AppleWebKit/537.36 (KHTML, like Gecko) Chrome/138.0.0.0 Safari/537.36 Edg/138.0.0.0"
172.16.36.181 - - [04/Jul/2025:09:59:36 +0800] "GET /manager-page/api/snapshot.php?id=41&t=0.06059456141691344 HTTP/1.1" 200 49705 "http://192.168.60.79/manager-page/home-4.php" "Mozilla/5.0 (Windows NT 10.0; Win64; x64) AppleWebKit/537.36 (KHTML, like Gecko) Chrome/138.0.0.0 Safari/537.36 Edg/138.0.0.0"
172.16.36.181 - - [04/Jul/2025:09:59:41 +0800] "GET /manager-page/api/snapshot.php?id=42&t=0.5026214217193901 HTTP/1.1" 200 52241 "http://192.168.60.79/manager-page/home-4.php" "Mozilla/5.0 (Windows NT 10.0; Win64; x64) AppleWebKit/537.36 (KHTML, like Gecko) Chrome/138.0.0.0 Safari/537.36 Edg/138.0.0.0"
172.16.36.181 - - [04/Jul/2025:09:59:41 +0800] "GET /manager-page/api/snapshot.php?id=41&t=0.7979561814253128 HTTP/1.1" 200 49693 "http://192.168.60.79/manager-page/home-4.php" "Mozilla/5.0 (Windows NT 10.0; Win64; x64) AppleWebKit/537.36 (KHTML, like Gecko) Chrome/138.0.0.0 Safari/537.36 Edg/138.0.0.0"
172.16.36.181 - - [04/Jul/2025:09:59:46 +0800] "GET /manager-page/api/snapshot.php?id=42&t=0.27535534037913123 HTTP/1.1" 200 53069 "http://192.168.60.79/manager-page/home-4.php" "Mozilla/5.0 (Windows NT 10.0; Win64; x64) AppleWebKit/537.36 (KHTML, like Gecko) Chrome/138.0.0.0 Safari/537.36 Edg/138.0.0.0"
172.16.36.181 - - [04/Jul/2025:09:59:46 +0800] "GET /manager-page/api/snapshot.php?id=41&t=0.7658209246035763 HTTP/1.1" 200 49781 "http://192.168.60.79/manager-page/home-4.php" "Mozilla/5.0 (Windows NT 10.0; Win64; x64) AppleWebKit/537.36 (KHTML, like Gecko) Chrome/138.0.0.0 Safari/537.36 Edg/138.0.0.0"
172.16.36.181 - - [04/Jul/2025:09:59:51 +0800] "GET /manager-page/api/snapshot.php?id=41&t=0.6889753574825359 HTTP/1.1" 200 54405 "http://192.168.60.79/manager-page/home-4.php" "Mozilla/5.0 (Windows NT 10.0; Win64; x64) AppleWebKit/537.36 (KHTML, like Gecko) Chrome/138.0.0.0 Safari/537.36 Edg/138.0.0.0"
127.0.0.1 - - [04/Jul/2025:10:00:01 +0800] "GET /robot/alarm-history-in.php HTTP/1.1" 200 - "-" "python-requests/2.28.1"
172.16.36.181 - - [04/Jul/2025:09:59:51 +0800] "GET /manager-page/api/snapshot.php?id=42&t=0.7038327763786595 HTTP/1.1" 200 56678 "http://192.168.60.79/manager-page/home-4.php" "Mozilla/5.0 (Windows NT 10.0; Win64; x64) AppleWebKit/537.36 (KHTML, like Gecko) Chrome/138.0.0.0 Safari/537.36 Edg/138.0.0.0"
172.16.36.181 - - [04/Jul/2025:09:59:56 +0800] "GET /manager-page/api/snapshot.php?id=41&t=0.8232980773563644 HTTP/1.1" 200 54619 "http://192.168.60.79/manager-page/home-4.php" "Mozilla/5.0 (Windows NT 10.0; Win64; x64) AppleWebKit/537.36 (KHTML, like Gecko) Chrome/138.0.0.0 Safari/537.36 Edg/138.0.0.0"
172.16.36.181 - - [04/Jul/2025:09:59:56 +0800] "GET /manager-page/api/snapshot.php?id=42&t=0.9358438893660794 HTTP/1.1" 200 56730 "http://192.168.60.79/manager-page/home-4.php" "Mozilla/5.0 (Windows NT 10.0; Win64; x64) AppleWebKit/537.36 (KHTML, like Gecko) Chrome/138.0.0.0 Safari/537.36 Edg/138.0.0.0"
172.16.36.181 - - [04/Jul/2025:10:00:01 +0800] "GET /manager-page/api/snapshot.php?id=42&t=0.6109139596327172 HTTP/1.1" 200 56745 "http://192.168.60.79/manager-page/home-4.php" "Mozilla/5.0 (Windows NT 10.0; Win64; x64) AppleWebKit/537.36 (KHTML, like Gecko) Chrome/138.0.0.0 Safari/537.36 Edg/138.0.0.0"
172.16.36.181 - - [04/Jul/2025:10:00:01 +0800] "GET /manager-page/api/snapshot.php?id=41&t=0.7864201013036604 HTTP/1.1" 200 54542 "http://192.168.60.79/manager-page/home-4.php" "Mozilla/5.0 (Windows NT 10.0; Win64; x64) AppleWebKit/537.36 (KHTML, like Gecko) Chrome/138.0.0.0 Safari/537.36 Edg/138.0.0.0"
172.16.36.181 - - [04/Jul/2025:10:00:06 +0800] "GET /manager-page/api/snapshot.php?id=41&t=0.3387306944954115 HTTP/1.1" 200 54565 "http://192.168.60.79/manager-page/home-4.php" "Mozilla/5.0 (Windows NT 10.0; Win64; x64) AppleWebKit/537.36 (KHTML, like Gecko) Chrome/138.0.0.0 Safari/537.36 Edg/138.0.0.0"
172.16.36.181 - - [04/Jul/2025:10:00:06 +0800] "GET /manager-page/api/snapshot.php?id=42&t=0.5924312311583627 HTTP/1.1" 200 56689 "http://192.168.60.79/manager-page/home-4.php" "Mozilla/5.0 (Windows NT 10.0; Win64; x64) AppleWebKit/537.36 (KHTML, like Gecko) Chrome/138.0.0.0 Safari/537.36 Edg/138.0.0.0"
172.16.36.181 - - [04/Jul/2025:10:00:11 +0800] "GET /manager-page/api/snapshot.php?id=41&t=0.2657473707058181 HTTP/1.1" 200 54520 "http://192.168.60.79/manager-page/home-4.php" "Mozilla/5.0 (Windows NT 10.0; Win64; x64) AppleWebKit/537.36 (KHTML, like Gecko) Chrome/138.0.0.0 Safari/537.36 Edg/138.0.0.0"
172.16.36.181 - - [04/Jul/2025:10:00:11 +0800] "GET /manager-page/api/snapshot.php?id=42&t=0.29595906677791994 HTTP/1.1" 200 56564 "http://192.168.60.79/manager-page/home-4.php" "Mozilla/5.0 (Windows NT 10.0; Win64; x64) AppleWebKit/537.36 (KHTML, like Gecko) Chrome/138.0.0.0 Safari/537.36 Edg/138.0.0.0"
172.16.36.181 - - [04/Jul/2025:10:00:16 +0800] "GET /manager-page/api/snapshot.php?id=41&t=0.9101377610153492 HTTP/1.1" 200 54223 "http://192.168.60.79/manager-page/home-4.php" "Mozilla/5.0 (Windows NT 10.0; Win64; x64) AppleWebKit/537.36 (KHTML, like Gecko) Chrome/138.0.0.0 Safari/537.36 Edg/138.0.0.0"
172.16.36.181 - - [04/Jul/2025:10:00:16 +0800] "GET /manager-page/api/snapshot.php?id=42&t=0.4680611886719457 HTTP/1.1" 200 56436 "http://192.168.60.79/manager-page/home-4.php" "Mozilla/5.0 (Windows NT 10.0; Win64; x64) AppleWebKit/537.36 (KHTML, like Gecko) Chrome/138.0.0.0 Safari/537.36 Edg/138.0.0.0"
172.16.36.181 - - [04/Jul/2025:10:00:21 +0800] "GET /manager-page/api/snapshot.php?id=41&t=0.14972623878594937 HTTP/1.1" 200 51893 "http://192.168.60.79/manager-page/home-4.php" "Mozilla/5.0 (Windows NT 10.0; Win64; x64) AppleWebKit/537.36 (KHTML, like Gecko) Chrome/138.0.0.0 Safari/537.36 Edg/138.0.0.0"
172.16.36.181 - - [04/Jul/2025:10:00:21 +0800] "GET /manager-page/api/snapshot.php?id=42&t=0.030328671573618737 HTTP/1.1" 200 53499 "http://192.168.60.79/manager-page/home-4.php" "Mozilla/5.0 (Windows NT 10.0; Win64; x64) AppleWebKit/537.36 (KHTML, like Gecko) Chrome/138.0.0.0 Safari/537.36 Edg/138.0.0.0"
172.16.36.181 - - [04/Jul/2025:10:00:26 +0800] "GET /manager-page/api/snapshot.php?id=41&t=0.8689497708774561 HTTP/1.1" 200 50418 "http://192.168.60.79/manager-page/home-4.php" "Mozilla/5.0 (Windows NT 10.0; Win64; x64) AppleWebKit/537.36 (KHTML, like Gecko) Chrome/138.0.0.0 Safari/537.36 Edg/138.0.0.0"
172.16.36.181 - - [04/Jul/2025:10:00:26 +0800] "GET /manager-page/api/snapshot.php?id=42&t=0.37648114274201416 HTTP/1.1" 200 52219 "http://192.168.60.79/manager-page/home-4.php" "Mozilla/5.0 (Windows NT 10.0; Win64; x64) AppleWebKit/537.36 (KHTML, like Gecko) Chrome/138.0.0.0 Safari/537.36 Edg/138.0.0.0"
111.70.30.253 - - [04/Jul/2025:10:00:28 +0800] "POST /robot/lora-in.php HTTP/1.1" 200 - "-" "python-requests/2.21.0"
172.16.36.181 - - [04/Jul/2025:10:00:31 +0800] "GET /manager-page/api/snapshot.php?id=41&t=0.8463162662121513 HTTP/1.1" 200 49708 "http://192.168.60.79/manager-page/home-4.php" "Mozilla/5.0 (Windows NT 10.0; Win64; x64) AppleWebKit/537.36 (KHTML, like Gecko) Chrome/138.0.0.0 Safari/537.36 Edg/138.0.0.0"
172.16.36.181 - - [04/Jul/2025:10:00:31 +0800] "GET /manager-page/api/snapshot.php?id=42&t=0.8914393619565809 HTTP/1.1" 200 51809 "http://192.168.60.79/manager-page/home-4.php" "Mozilla/5.0 (Windows NT 10.0; Win64; x64) AppleWebKit/537.36 (KHTML, like Gecko) Chrome/138.0.0.0 Safari/537.36 Edg/138.0.0.0"
172.16.36.181 - - [04/Jul/2025:10:00:36 +0800] "GET /manager-page/api/snapshot.php?id=42&t=0.8550533709914688 HTTP/1.1" 200 51734 "http://192.168.60.79/manager-page/home-4.php" "Mozilla/5.0 (Windows NT 10.0; Win64; x64) AppleWebKit/537.36 (KHTML, like Gecko) Chrome/138.0.0.0 Safari/537.36 Edg/138.0.0.0"
172.16.36.181 - - [04/Jul/2025:10:00:36 +0800] "GET /manager-page/api/snapshot.php?id=41&t=0.6974890893685249 HTTP/1.1" 200 49472 "http://192.168.60.79/manager-page/home-4.php" "Mozilla/5.0 (Windows NT 10.0; Win64; x64) AppleWebKit/537.36 (KHTML, like Gecko) Chrome/138.0.0.0 Safari/537.36 Edg/138.0.0.0"
127.0.0.1 - - [04/Jul/2025:10:01:00 +0800] "GET /robot/alarm-history-in.php HTTP/1.1" 200 - "-" "python-requests/2.28.1"
127.0.0.1 - - [04/Jul/2025:10:02:00 +0800] "GET /robot/alarm-history-in.php HTTP/1.1" 200 - "-" "python-requests/2.28.1"
127.0.0.1 - - [04/Jul/2025:10:02:12 +0800] "POST /robot/et-7026-in.php HTTP/1.1" 200 - "-" "python-requests/2.32.2"
127.0.0.1 - - [04/Jul/2025:10:02:15 +0800] "POST /robot/et-7026-in.php HTTP/1.1" 200 - "-" "python-requests/2.32.2"
127.0.0.1 - - [04/Jul/2025:10:02:15 +0800] "POST /robot/et-7026-in.php HTTP/1.1" 200 - "-" "python-requests/2.32.2"
127.0.0.1 - - [04/Jul/2025:10:02:21 +0800] "GET /get-setting.json HTTP/1.1" 200 2314 "-" "python-requests/2.31.0"
127.0.0.1 - - [04/Jul/2025:10:02:21 +0800] "POST /robot/lora-in.php HTTP/1.1" 200 - "-" "python-requests/2.31.0"
127.0.0.1 - - [04/Jul/2025:10:02:25 +0800] "POST /robot/lora-in.php HTTP/1.1" 200 - "-" "python-requests/2.31.0"
127.0.0.1 - - [04/Jul/2025:10:02:54 +0800] "POST /robot/et-7026-in.php HTTP/1.1" 200 - "-" "python-requests/2.32.2"
111.70.30.251 - - [04/Jul/2025:10:02:41 +0800] "POST /robot/lora-in.php HTTP/1.1" 200 - "-" "python-requests/2.21.0"
127.0.0.1 - - [04/Jul/2025:10:02:56 +0800] "POST /robot/lora-in.php HTTP/1.1" 200 - "-" "python-requests/2.31.0"
127.0.0.1 - - [04/Jul/2025:10:02:37 +0800] "POST /robot/lora-in.php HTTP/1.1" 200 - "-" "python-requests/2.31.0"
127.0.0.1 - - [04/Jul/2025:10:03:00 +0800] "GET /robot/alarm-history-in.php HTTP/1.1" 200 - "-" "python-requests/2.28.1"
127.0.0.1 - - [04/Jul/2025:10:02:59 +0800] "POST /robot/lora-in.php HTTP/1.1" 200 - "-" "python-requests/2.31.0"
127.0.0.1 - - [04/Jul/2025:10:03:16 +0800] "POST /robot/lora-in.php HTTP/1.1" 200 - "-" "python-requests/2.31.0"
127.0.0.1 - - [04/Jul/2025:10:03:28 +0800] "POST /robot/lora-in.php HTTP/1.1" 200 - "-" "python-requests/2.31.0"
127.0.0.1 - - [04/Jul/2025:10:03:38 +0800] "POST /robot/lora-in.php HTTP/1.1" 200 - "-" "python-requests/2.31.0"
127.0.0.1 - - [04/Jul/2025:10:04:00 +0800] "GET /robot/alarm-history-in.php HTTP/1.1" 200 - "-" "python-requests/2.28.1"
111.70.30.250 - - [04/Jul/2025:10:04:13 +0800] "POST /robot/lora-in.php HTTP/1.1" 200 - "-" "python-requests/2.21.0"
127.0.0.1 - - [04/Jul/2025:10:05:00 +0800] "GET /robot/alarm-history-in.php HTTP/1.1" 200 - "-" "python-requests/2.28.1"
127.0.0.1 - - [04/Jul/2025:10:06:00 +0800] "GET /robot/alarm-history-in.php HTTP/1.1" 200 - "-" "python-requests/2.28.1"
127.0.0.1 - - [04/Jul/2025:10:07:00 +0800] "GET /robot/alarm-history-in.php HTTP/1.1" 200 - "-" "python-requests/2.28.1"
111.70.30.252 - - [04/Jul/2025:10:07:40 +0800] "POST /robot/lora-in.php HTTP/1.1" 200 - "-" "python-requests/2.21.0"
127.0.0.1 - - [04/Jul/2025:10:08:00 +0800] "GET /robot/alarm-history-in.php HTTP/1.1" 200 - "-" "python-requests/2.28.1"
127.0.0.1 - - [04/Jul/2025:10:09:00 +0800] "GET /robot/alarm-history-in.php HTTP/1.1" 200 - "-" "python-requests/2.28.1"
111.70.30.253 - - [04/Jul/2025:10:09:12 +0800] "POST /robot/lora-in.php HTTP/1.1" 200 - "-" "python-requests/2.21.0"
127.0.0.1 - - [04/Jul/2025:10:10:00 +0800] "GET /robot/alarm-history-in.php HTTP/1.1" 200 - "-" "python-requests/2.28.1"
127.0.0.1 - - [04/Jul/2025:10:11:00 +0800] "GET /robot/alarm-history-in.php HTTP/1.1" 200 - "-" "python-requests/2.28.1"
111.70.30.251 - - [04/Jul/2025:10:11:16 +0800] "POST /robot/lora-in.php HTTP/1.1" 200 - "-" "python-requests/2.21.0"
127.0.0.1 - - [04/Jul/2025:10:12:00 +0800] "GET /robot/alarm-history-in.php HTTP/1.1" 200 - "-" "python-requests/2.28.1"
172.16.36.181 - - [04/Jul/2025:10:12:07 +0800] "GET /manager-page/alarm/3-2.jpg?t=2016970200 HTTP/1.1" 200 187208 "http://192.168.60.79/manager-page/home-3.php" "Mozilla/5.0 (Windows NT 10.0; Win64; x64) AppleWebKit/537.36 (KHTML, like Gecko) Chrome/138.0.0.0 Safari/537.36 Edg/138.0.0.0"
172.16.36.181 - - [04/Jul/2025:10:12:07 +0800] "GET /manager-page/alarm/3-1.jpg?t=1402866138 HTTP/1.1" 200 520364 "http://192.168.60.79/manager-page/home-3.php" "Mozilla/5.0 (Windows NT 10.0; Win64; x64) AppleWebKit/537.36 (KHTML, like Gecko) Chrome/138.0.0.0 Safari/537.36 Edg/138.0.0.0"
172.16.36.181 - - [04/Jul/2025:10:11:56 +0800] "GET /manager-page/home-3.php HTTP/1.1" 200 27481 "-" "Mozilla/5.0 (Windows NT 10.0; Win64; x64) AppleWebKit/537.36 (KHTML, like Gecko) Chrome/138.0.0.0 Safari/537.36 Edg/138.0.0.0"
127.0.0.1 - - [04/Jul/2025:10:12:21 +0800] "GET /get-setting.json HTTP/1.1" 200 2314 "-" "python-requests/2.31.0"
172.16.36.181 - - [04/Jul/2025:10:12:07 +0800] "GET /manager-page/api/snapshot.php?id=31 HTTP/1.1" 500 - "http://192.168.60.79/manager-page/home-3.php" "Mozilla/5.0 (Windows NT 10.0; Win64; x64) AppleWebKit/537.36 (KHTML, like Gecko) Chrome/138.0.0.0 Safari/537.36 Edg/138.0.0.0"
172.16.36.181 - - [04/Jul/2025:10:12:07 +0800] "GET /manager-page/api/snapshot.php?id=32 HTTP/1.1" 500 - "http://192.168.60.79/manager-page/home-3.php" "Mozilla/5.0 (Windows NT 10.0; Win64; x64) AppleWebKit/537.36 (KHTML, like Gecko) Chrome/138.0.0.0 Safari/537.36 Edg/138.0.0.0"
127.0.0.1 - - [04/Jul/2025:10:12:14 +0800] "POST /robot/et-7026-in.php HTTP/1.1" 200 - "-" "python-requests/2.32.2"
127.0.0.1 - - [04/Jul/2025:10:12:17 +0800] "POST /robot/et-7026-in.php HTTP/1.1" 200 - "-" "python-requests/2.32.2"
127.0.0.1 - - [04/Jul/2025:10:12:17 +0800] "POST /robot/et-7026-in.php HTTP/1.1" 200 - "-" "python-requests/2.32.2"
172.16.36.181 - - [04/Jul/2025:10:12:29 +0800] "GET /manager-page/live/3-1.jpg HTTP/1.1" 200 55478 "http://192.168.60.79/manager-page/home-3.php" "Mozilla/5.0 (Windows NT 10.0; Win64; x64) AppleWebKit/537.36 (KHTML, like Gecko) Chrome/138.0.0.0 Safari/537.36 Edg/138.0.0.0"
172.16.36.181 - - [04/Jul/2025:10:12:29 +0800] "GET /manager-page/live/3-2.jpg HTTP/1.1" 200 51732 "http://192.168.60.79/manager-page/home-3.php" "Mozilla/5.0 (Windows NT 10.0; Win64; x64) AppleWebKit/537.36 (KHTML, like Gecko) Chrome/138.0.0.0 Safari/537.36 Edg/138.0.0.0"
127.0.0.1 - - [04/Jul/2025:10:12:29 +0800] "POST /robot/lora-in.php HTTP/1.1" 200 - "-" "python-requests/2.31.0"
172.16.36.181 - - [04/Jul/2025:10:12:29 +0800] "GET /manager-page/api/cms-status3.php HTTP/1.1" 200 12 "http://192.168.60.79/manager-page/home-3.php" "Mozilla/5.0 (Windows NT 10.0; Win64; x64) AppleWebKit/537.36 (KHTML, like Gecko) Chrome/138.0.0.0 Safari/537.36 Edg/138.0.0.0"
172.16.36.181 - - [04/Jul/2025:10:12:29 +0800] "GET /manager-page/api/lp-status3.php HTTP/1.1" 200 1 "http://192.168.60.79/manager-page/home-3.php" "Mozilla/5.0 (Windows NT 10.0; Win64; x64) AppleWebKit/537.36 (KHTML, like Gecko) Chrome/138.0.0.0 Safari/537.36 Edg/138.0.0.0"
172.16.36.181 - - [04/Jul/2025:10:12:34 +0800] "GET /manager-page/api/snapshot.php?id=31&t=0.5803227820276654 HTTP/1.1" 200 55459 "http://192.168.60.79/manager-page/home-3.php" "Mozilla/5.0 (Windows NT 10.0; Win64; x64) AppleWebKit/537.36 (KHTML, like Gecko) Chrome/138.0.0.0 Safari/537.36 Edg/138.0.0.0"
172.16.36.181 - - [04/Jul/2025:10:12:34 +0800] "GET /manager-page/api/snapshot.php?id=32&t=0.22584254254401814 HTTP/1.1" 200 51672 "http://192.168.60.79/manager-page/home-3.php" "Mozilla/5.0 (Windows NT 10.0; Win64; x64) AppleWebKit/537.36 (KHTML, like Gecko) Chrome/138.0.0.0 Safari/537.36 Edg/138.0.0.0"
127.0.0.1 - - [04/Jul/2025:10:12:38 +0800] "POST /robot/lora-in.php HTTP/1.1" 200 - "-" "python-requests/2.31.0"
172.16.36.181 - - [04/Jul/2025:10:12:39 +0800] "GET /manager-page/api/snapshot.php?id=31&t=0.22991747763319526 HTTP/1.1" 200 55502 "http://192.168.60.79/manager-page/home-3.php" "Mozilla/5.0 (Windows NT 10.0; Win64; x64) AppleWebKit/537.36 (KHTML, like Gecko) Chrome/138.0.0.0 Safari/537.36 Edg/138.0.0.0"
172.16.36.181 - - [04/Jul/2025:10:12:39 +0800] "GET /manager-page/api/snapshot.php?id=32&t=0.28442147922185634 HTTP/1.1" 200 51630 "http://192.168.60.79/manager-page/home-3.php" "Mozilla/5.0 (Windows NT 10.0; Win64; x64) AppleWebKit/537.36 (KHTML, like Gecko) Chrome/138.0.0.0 Safari/537.36 Edg/138.0.0.0"
127.0.0.1 - - [04/Jul/2025:10:12:42 +0800] "POST /robot/lora-in.php HTTP/1.1" 200 - "-" "python-requests/2.31.0"
127.0.0.1 - - [04/Jul/2025:10:12:44 +0800] "POST /robot/lora-in.php HTTP/1.1" 200 - "-" "python-requests/2.31.0"
172.16.36.181 - - [04/Jul/2025:10:12:44 +0800] "GET /manager-page/api/snapshot.php?id=31&t=0.20658365216255115 HTTP/1.1" 200 55511 "http://192.168.60.79/manager-page/home-3.php" "Mozilla/5.0 (Windows NT 10.0; Win64; x64) AppleWebKit/537.36 (KHTML, like Gecko) Chrome/138.0.0.0 Safari/537.36 Edg/138.0.0.0"
172.16.36.181 - - [04/Jul/2025:10:12:44 +0800] "GET /manager-page/api/snapshot.php?id=32&t=0.41823733935022867 HTTP/1.1" 200 51596 "http://192.168.60.79/manager-page/home-3.php" "Mozilla/5.0 (Windows NT 10.0; Win64; x64) AppleWebKit/537.36 (KHTML, like Gecko) Chrome/138.0.0.0 Safari/537.36 Edg/138.0.0.0"
111.70.30.250 - - [04/Jul/2025:10:12:48 +0800] "POST /robot/lora-in.php HTTP/1.1" 200 - "-" "python-requests/2.21.0"
127.0.0.1 - - [04/Jul/2025:10:12:48 +0800] "POST /robot/lora-in.php HTTP/1.1" 200 - "-" "python-requests/2.31.0"
172.16.36.181 - - [04/Jul/2025:10:12:49 +0800] "GET /manager-page/api/snapshot.php?id=31&t=0.28097523381962786 HTTP/1.1" 200 55447 "http://192.168.60.79/manager-page/home-3.php" "Mozilla/5.0 (Windows NT 10.0; Win64; x64) AppleWebKit/537.36 (KHTML, like Gecko) Chrome/138.0.0.0 Safari/537.36 Edg/138.0.0.0"
172.16.36.181 - - [04/Jul/2025:10:12:49 +0800] "GET /manager-page/api/snapshot.php?id=32&t=0.4073661885728723 HTTP/1.1" 200 51485 "http://192.168.60.79/manager-page/home-3.php" "Mozilla/5.0 (Windows NT 10.0; Win64; x64) AppleWebKit/537.36 (KHTML, like Gecko) Chrome/138.0.0.0 Safari/537.36 Edg/138.0.0.0"
127.0.0.1 - - [04/Jul/2025:10:12:51 +0800] "POST /robot/lora-in.php HTTP/1.1" 200 - "-" "python-requests/2.31.0"
172.16.36.181 - - [04/Jul/2025:10:12:54 +0800] "GET /manager-page/api/snapshot.php?id=31&t=0.1248666273087129 HTTP/1.1" 200 55402 "http://192.168.60.79/manager-page/home-3.php" "Mozilla/5.0 (Windows NT 10.0; Win64; x64) AppleWebKit/537.36 (KHTML, like Gecko) Chrome/138.0.0.0 Safari/537.36 Edg/138.0.0.0"
172.16.36.181 - - [04/Jul/2025:10:12:54 +0800] "GET /manager-page/api/snapshot.php?id=32&t=0.11889856020296374 HTTP/1.1" 200 51579 "http://192.168.60.79/manager-page/home-3.php" "Mozilla/5.0 (Windows NT 10.0; Win64; x64) AppleWebKit/537.36 (KHTML, like Gecko) Chrome/138.0.0.0 Safari/537.36 Edg/138.0.0.0"
127.0.0.1 - - [04/Jul/2025:10:12:55 +0800] "POST /robot/et-7026-in.php HTTP/1.1" 200 - "-" "python-requests/2.32.2"
172.16.36.181 - - [04/Jul/2025:10:12:59 +0800] "GET /manager-page/api/snapshot.php?id=31&t=0.5480390255309645 HTTP/1.1" 200 55408 "http://192.168.60.79/manager-page/home-3.php" "Mozilla/5.0 (Windows NT 10.0; Win64; x64) AppleWebKit/537.36 (KHTML, like Gecko) Chrome/138.0.0.0 Safari/537.36 Edg/138.0.0.0"
172.16.36.181 - - [04/Jul/2025:10:12:59 +0800] "GET /manager-page/api/snapshot.php?id=32&t=0.6214639009638242 HTTP/1.1" 200 51631 "http://192.168.60.79/manager-page/home-3.php" "Mozilla/5.0 (Windows NT 10.0; Win64; x64) AppleWebKit/537.36 (KHTML, like Gecko) Chrome/138.0.0.0 Safari/537.36 Edg/138.0.0.0"
127.0.0.1 - - [04/Jul/2025:10:13:01 +0800] "GET /robot/alarm-history-in.php HTTP/1.1" 200 - "-" "python-requests/2.28.1"
127.0.0.1 - - [04/Jul/2025:10:13:01 +0800] "POST /robot/lora-in.php HTTP/1.1" 200 - "-" "python-requests/2.31.0"
127.0.0.1 - - [04/Jul/2025:10:13:04 +0800] "POST /robot/lora-in.php HTTP/1.1" 200 - "-" "python-requests/2.31.0"
172.16.36.181 - - [04/Jul/2025:10:13:04 +0800] "GET /manager-page/api/snapshot.php?id=32&t=0.7482605086155937 HTTP/1.1" 200 51727 "http://192.168.60.79/manager-page/home-3.php" "Mozilla/5.0 (Windows NT 10.0; Win64; x64) AppleWebKit/537.36 (KHTML, like Gecko) Chrome/138.0.0.0 Safari/537.36 Edg/138.0.0.0"
172.16.36.181 - - [04/Jul/2025:10:13:04 +0800] "GET /manager-page/api/snapshot.php?id=31&t=0.21148874118832428 HTTP/1.1" 200 55356 "http://192.168.60.79/manager-page/home-3.php" "Mozilla/5.0 (Windows NT 10.0; Win64; x64) AppleWebKit/537.36 (KHTML, like Gecko) Chrome/138.0.0.0 Safari/537.36 Edg/138.0.0.0"
172.16.36.181 - - [04/Jul/2025:10:13:09 +0800] "GET /manager-page/api/snapshot.php?id=31&t=0.48134755463243173 HTTP/1.1" 200 55303 "http://192.168.60.79/manager-page/home-3.php" "Mozilla/5.0 (Windows NT 10.0; Win64; x64) AppleWebKit/537.36 (KHTML, like Gecko) Chrome/138.0.0.0 Safari/537.36 Edg/138.0.0.0"
172.16.36.181 - - [04/Jul/2025:10:13:09 +0800] "GET /manager-page/api/snapshot.php?id=32&t=0.1003018455132022 HTTP/1.1" 200 51630 "http://192.168.60.79/manager-page/home-3.php" "Mozilla/5.0 (Windows NT 10.0; Win64; x64) AppleWebKit/537.36 (KHTML, like Gecko) Chrome/138.0.0.0 Safari/537.36 Edg/138.0.0.0"
172.16.36.181 - - [04/Jul/2025:10:13:14 +0800] "GET /manager-page/api/snapshot.php?id=31&t=0.20460943456703073 HTTP/1.1" 200 55387 "http://192.168.60.79/manager-page/home-3.php" "Mozilla/5.0 (Windows NT 10.0; Win64; x64) AppleWebKit/537.36 (KHTML, like Gecko) Chrome/138.0.0.0 Safari/537.36 Edg/138.0.0.0"
172.16.36.181 - - [04/Jul/2025:10:13:14 +0800] "GET /manager-page/api/snapshot.php?id=32&t=0.02570643059253297 HTTP/1.1" 200 51280 "http://192.168.60.79/manager-page/home-3.php" "Mozilla/5.0 (Windows NT 10.0; Win64; x64) AppleWebKit/537.36 (KHTML, like Gecko) Chrome/138.0.0.0 Safari/537.36 Edg/138.0.0.0"
172.16.36.181 - - [04/Jul/2025:10:13:19 +0800] "GET /manager-page/api/snapshot.php?id=31&t=0.8595023076008229 HTTP/1.1" 200 55348 "http://192.168.60.79/manager-page/home-3.php" "Mozilla/5.0 (Windows NT 10.0; Win64; x64) AppleWebKit/537.36 (KHTML, like Gecko) Chrome/138.0.0.0 Safari/537.36 Edg/138.0.0.0"
172.16.36.181 - - [04/Jul/2025:10:13:19 +0800] "GET /manager-page/api/snapshot.php?id=32&t=0.390751331383964 HTTP/1.1" 200 51061 "http://192.168.60.79/manager-page/home-3.php" "Mozilla/5.0 (Windows NT 10.0; Win64; x64) AppleWebKit/537.36 (KHTML, like Gecko) Chrome/138.0.0.0 Safari/537.36 Edg/138.0.0.0"
172.16.36.181 - - [04/Jul/2025:10:13:24 +0800] "GET /manager-page/api/snapshot.php?id=32&t=0.47482256268903034 HTTP/1.1" 200 51286 "http://192.168.60.79/manager-page/home-3.php" "Mozilla/5.0 (Windows NT 10.0; Win64; x64) AppleWebKit/537.36 (KHTML, like Gecko) Chrome/138.0.0.0 Safari/537.36 Edg/138.0.0.0"
172.16.36.181 - - [04/Jul/2025:10:13:24 +0800] "GET /manager-page/api/snapshot.php?id=31&t=0.2679263337460984 HTTP/1.1" 200 55241 "http://192.168.60.79/manager-page/home-3.php" "Mozilla/5.0 (Windows NT 10.0; Win64; x64) AppleWebKit/537.36 (KHTML, like Gecko) Chrome/138.0.0.0 Safari/537.36 Edg/138.0.0.0"
172.16.36.181 - - [04/Jul/2025:10:13:29 +0800] "GET /manager-page/api/snapshot.php?id=31&t=0.8140543613097435 HTTP/1.1" 200 55325 "http://192.168.60.79/manager-page/home-3.php" "Mozilla/5.0 (Windows NT 10.0; Win64; x64) AppleWebKit/537.36 (KHTML, like Gecko) Chrome/138.0.0.0 Safari/537.36 Edg/138.0.0.0"
172.16.36.181 - - [04/Jul/2025:10:13:29 +0800] "GET /manager-page/api/snapshot.php?id=32&t=0.5402634309844382 HTTP/1.1" 200 52153 "http://192.168.60.79/manager-page/home-3.php" "Mozilla/5.0 (Windows NT 10.0; Win64; x64) AppleWebKit/537.36 (KHTML, like Gecko) Chrome/138.0.0.0 Safari/537.36 Edg/138.0.0.0"
172.16.36.181 - - [04/Jul/2025:10:13:34 +0800] "GET /manager-page/api/snapshot.php?id=31&t=0.9295553825142219 HTTP/1.1" 200 54987 "http://192.168.60.79/manager-page/home-3.php" "Mozilla/5.0 (Windows NT 10.0; Win64; x64) AppleWebKit/537.36 (KHTML, like Gecko) Chrome/138.0.0.0 Safari/537.36 Edg/138.0.0.0"
172.16.36.181 - - [04/Jul/2025:10:13:34 +0800] "GET /manager-page/api/snapshot.php?id=32&t=0.561384189901326 HTTP/1.1" 200 51391 "http://192.168.60.79/manager-page/home-3.php" "Mozilla/5.0 (Windows NT 10.0; Win64; x64) AppleWebKit/537.36 (KHTML, like Gecko) Chrome/138.0.0.0 Safari/537.36 Edg/138.0.0.0"
172.16.36.181 - - [04/Jul/2025:10:13:39 +0800] "GET /manager-page/api/snapshot.php?id=32&t=0.2564132738927619 HTTP/1.1" 200 51415 "http://192.168.60.79/manager-page/home-3.php" "Mozilla/5.0 (Windows NT 10.0; Win64; x64) AppleWebKit/537.36 (KHTML, like Gecko) Chrome/138.0.0.0 Safari/537.36 Edg/138.0.0.0"
172.16.36.181 - - [04/Jul/2025:10:13:39 +0800] "GET /manager-page/api/snapshot.php?id=31&t=0.745148761437406 HTTP/1.1" 200 55142 "http://192.168.60.79/manager-page/home-3.php" "Mozilla/5.0 (Windows NT 10.0; Win64; x64) AppleWebKit/537.36 (KHTML, like Gecko) Chrome/138.0.0.0 Safari/537.36 Edg/138.0.0.0"
172.16.36.181 - - [04/Jul/2025:10:13:44 +0800] "GET /manager-page/api/snapshot.php?id=32&t=0.6499055460733671 HTTP/1.1" 200 51450 "http://192.168.60.79/manager-page/home-3.php" "Mozilla/5.0 (Windows NT 10.0; Win64; x64) AppleWebKit/537.36 (KHTML, like Gecko) Chrome/138.0.0.0 Safari/537.36 Edg/138.0.0.0"
172.16.36.181 - - [04/Jul/2025:10:13:44 +0800] "GET /manager-page/api/snapshot.php?id=31&t=0.23113486371134284 HTTP/1.1" 200 55170 "http://192.168.60.79/manager-page/home-3.php" "Mozilla/5.0 (Windows NT 10.0; Win64; x64) AppleWebKit/537.36 (KHTML, like Gecko) Chrome/138.0.0.0 Safari/537.36 Edg/138.0.0.0"
172.16.36.181 - - [04/Jul/2025:10:13:49 +0800] "GET /manager-page/api/snapshot.php?id=32&t=0.995965490022689 HTTP/1.1" 200 51375 "http://192.168.60.79/manager-page/home-3.php" "Mozilla/5.0 (Windows NT 10.0; Win64; x64) AppleWebKit/537.36 (KHTML, like Gecko) Chrome/138.0.0.0 Safari/537.36 Edg/138.0.0.0"
172.16.36.181 - - [04/Jul/2025:10:13:49 +0800] "GET /manager-page/api/snapshot.php?id=31&t=0.29437373117217946 HTTP/1.1" 200 55154 "http://192.168.60.79/manager-page/home-3.php" "Mozilla/5.0 (Windows NT 10.0; Win64; x64) AppleWebKit/537.36 (KHTML, like Gecko) Chrome/138.0.0.0 Safari/537.36 Edg/138.0.0.0"
172.16.36.181 - - [04/Jul/2025:10:13:54 +0800] "GET /manager-page/api/snapshot.php?id=32&t=0.3287145828882093 HTTP/1.1" 200 51371 "http://192.168.60.79/manager-page/home-3.php" "Mozilla/5.0 (Windows NT 10.0; Win64; x64) AppleWebKit/537.36 (KHTML, like Gecko) Chrome/138.0.0.0 Safari/537.36 Edg/138.0.0.0"
172.16.36.181 - - [04/Jul/2025:10:13:54 +0800] "GET /manager-page/api/snapshot.php?id=31&t=0.42697129812981993 HTTP/1.1" 200 55144 "http://192.168.60.79/manager-page/home-3.php" "Mozilla/5.0 (Windows NT 10.0; Win64; x64) AppleWebKit/537.36 (KHTML, like Gecko) Chrome/138.0.0.0 Safari/537.36 Edg/138.0.0.0"
172.16.36.181 - - [04/Jul/2025:10:13:59 +0800] "GET /manager-page/api/snapshot.php?id=31&t=0.00978579926971368 HTTP/1.1" 200 55090 "http://192.168.60.79/manager-page/home-3.php" "Mozilla/5.0 (Windows NT 10.0; Win64; x64) AppleWebKit/537.36 (KHTML, like Gecko) Chrome/138.0.0.0 Safari/537.36 Edg/138.0.0.0"
172.16.36.181 - - [04/Jul/2025:10:13:59 +0800] "GET /manager-page/api/snapshot.php?id=32&t=0.7943461677016299 HTTP/1.1" 200 51352 "http://192.168.60.79/manager-page/home-3.php" "Mozilla/5.0 (Windows NT 10.0; Win64; x64) AppleWebKit/537.36 (KHTML, like Gecko) Chrome/138.0.0.0 Safari/537.36 Edg/138.0.0.0"
127.0.0.1 - - [04/Jul/2025:10:14:00 +0800] "GET /robot/alarm-history-in.php HTTP/1.1" 200 - "-" "python-requests/2.28.1"
172.16.36.181 - - [04/Jul/2025:10:14:04 +0800] "GET /manager-page/api/snapshot.php?id=31&t=0.5279131303507473 HTTP/1.1" 200 55146 "http://192.168.60.79/manager-page/home-3.php" "Mozilla/5.0 (Windows NT 10.0; Win64; x64) AppleWebKit/537.36 (KHTML, like Gecko) Chrome/138.0.0.0 Safari/537.36 Edg/138.0.0.0"
172.16.36.181 - - [04/Jul/2025:10:14:04 +0800] "GET /manager-page/api/snapshot.php?id=32&t=0.8594748454519887 HTTP/1.1" 200 51235 "http://192.168.60.79/manager-page/home-3.php" "Mozilla/5.0 (Windows NT 10.0; Win64; x64) AppleWebKit/537.36 (KHTML, like Gecko) Chrome/138.0.0.0 Safari/537.36 Edg/138.0.0.0"
172.16.36.181 - - [04/Jul/2025:10:14:09 +0800] "GET /manager-page/api/snapshot.php?id=32&t=0.31555996725954694 HTTP/1.1" 200 51662 "http://192.168.60.79/manager-page/home-3.php" "Mozilla/5.0 (Windows NT 10.0; Win64; x64) AppleWebKit/537.36 (KHTML, like Gecko) Chrome/138.0.0.0 Safari/537.36 Edg/138.0.0.0"
172.16.36.181 - - [04/Jul/2025:10:14:09 +0800] "GET /manager-page/api/snapshot.php?id=31&t=0.3180156994104383 HTTP/1.1" 200 55062 "http://192.168.60.79/manager-page/home-3.php" "Mozilla/5.0 (Windows NT 10.0; Win64; x64) AppleWebKit/537.36 (KHTML, like Gecko) Chrome/138.0.0.0 Safari/537.36 Edg/138.0.0.0"
