127.0.0.1 - - [20/Jan/2025:14:47:49 +0800] "GET /manager-page/api/snapshot.php?id=11&t=0.19940635834664655 HTTP/1.1" 200 41618 "http://127.0.0.1/manager-page/home-1.php" "Mozilla/5.0 (Windows NT 10.0; Win64; x64) AppleWebKit/537.36 (KHTML, like Gecko) Chrome/119.0.0.0 Safari/537.36"
127.0.0.1 - - [20/Jan/2025:14:47:51 +0800] "GET /manager-page/alarm/2-1.jpg?t=800768405 HTTP/1.1" 200 339428 "http://127.0.0.1/manager-page/home-2.php" "Mozilla/5.0 (Windows NT 10.0; Win64; x64) AppleWebKit/537.36 (KHTML, like Gecko) Chrome/119.0.0.0 Safari/537.36"
127.0.0.1 - - [20/Jan/2025:14:47:51 +0800] "GET /manager-page/alarm/2-2.jpg?t=674452087 HTTP/1.1" 200 470614 "http://127.0.0.1/manager-page/home-2.php" "Mozilla/5.0 (Windows NT 10.0; Win64; x64) AppleWebKit/537.36 (KHTML, like Gecko) Chrome/119.0.0.0 Safari/537.36"
127.0.0.1 - - [20/Jan/2025:14:47:51 +0800] "GET /manager-page/home-2.php HTTP/1.1" 200 30145 "http://127.0.0.1/manager-page/home-1.php" "Mozilla/5.0 (Windows NT 10.0; Win64; x64) AppleWebKit/537.36 (KHTML, like Gecko) Chrome/119.0.0.0 Safari/537.36"
127.0.0.1 - - [20/Jan/2025:14:47:51 +0800] "GET /manager-page/api/snapshot.php?id=21 HTTP/1.1" 200 52613 "http://127.0.0.1/manager-page/home-2.php" "Mozilla/5.0 (Windows NT 10.0; Win64; x64) AppleWebKit/537.36 (KHTML, like Gecko) Chrome/119.0.0.0 Safari/537.36"
127.0.0.1 - - [20/Jan/2025:14:47:51 +0800] "GET /manager-page/api/snapshot.php?id=22 HTTP/1.1" 200 44696 "http://127.0.0.1/manager-page/home-2.php" "Mozilla/5.0 (Windows NT 10.0; Win64; x64) AppleWebKit/537.36 (KHTML, like Gecko) Chrome/119.0.0.0 Safari/537.36"
127.0.0.1 - - [20/Jan/2025:14:47:53 +0800] "GET /manager-page/api/cms-status2.php HTTP/1.1" 200 12 "http://127.0.0.1/manager-page/home-2.php" "Mozilla/5.0 (Windows NT 10.0; Win64; x64) AppleWebKit/537.36 (KHTML, like Gecko) Chrome/119.0.0.0 Safari/537.36"
127.0.0.1 - - [20/Jan/2025:14:47:53 +0800] "GET /manager-page/api/lp-status2.php HTTP/1.1" 200 1 "http://127.0.0.1/manager-page/home-2.php" "Mozilla/5.0 (Windows NT 10.0; Win64; x64) AppleWebKit/537.36 (KHTML, like Gecko) Chrome/119.0.0.0 Safari/537.36"
127.0.0.1 - - [20/Jan/2025:14:47:58 +0800] "GET /manager-page/history.php HTTP/1.1" 200 22608 "http://127.0.0.1/manager-page/home-2.php" "Mozilla/5.0 (Windows NT 10.0; Win64; x64) AppleWebKit/537.36 (KHTML, like Gecko) Chrome/119.0.0.0 Safari/537.36"
127.0.0.1 - - [20/Jan/2025:14:48:00 +0800] "GET /robot/alarm-history-in.php HTTP/1.1" 200 - "-" "python-requests/2.28.1"
127.0.0.1 - - [20/Jan/2025:14:48:02 +0800] "POST /manager-page/history.php HTTP/1.1" 200 193380 "http://127.0.0.1/manager-page/history.php" "Mozilla/5.0 (Windows NT 10.0; Win64; x64) AppleWebKit/537.36 (KHTML, like Gecko) Chrome/119.0.0.0 Safari/537.36"
127.0.0.1 - - [20/Jan/2025:14:48:07 +0800] "POST /robot/et-7026-in.php HTTP/1.1" 200 - "-" "python-requests/2.31.0"
111.70.30.251 - - [20/Jan/2025:14:48:07 +0800] "POST /robot/lora-in.php HTTP/1.1" 200 - "-" "python-requests/2.21.0"
127.0.0.1 - - [20/Jan/2025:14:48:11 +0800] "POST /manager-page/history.php HTTP/1.1" 200 195711 "http://127.0.0.1/manager-page/history.php" "Mozilla/5.0 (Windows NT 10.0; Win64; x64) AppleWebKit/537.36 (KHTML, like Gecko) Chrome/119.0.0.0 Safari/537.36"
127.0.0.1 - - [20/Jan/2025:14:48:20 +0800] "POST /manager-page/history.php HTTP/1.1" 200 153062 "http://127.0.0.1/manager-page/history.php" "Mozilla/5.0 (Windows NT 10.0; Win64; x64) AppleWebKit/537.36 (KHTML, like Gecko) Chrome/119.0.0.0 Safari/537.36"
127.0.0.1 - - [20/Jan/2025:14:48:30 +0800] "POST /manager-page/history.php HTTP/1.1" 200 151058 "http://127.0.0.1/manager-page/history.php" "Mozilla/5.0 (Windows NT 10.0; Win64; x64) AppleWebKit/537.36 (KHTML, like Gecko) Chrome/119.0.0.0 Safari/537.36"
111.70.30.250 - - [20/Jan/2025:14:48:35 +0800] "POST /robot/lora-in.php HTTP/1.1" 200 - "-" "python-requests/2.21.0"
127.0.0.1 - - [20/Jan/2025:14:48:36 +0800] "POST /robot/et-7026-in.php HTTP/1.1" 200 - "-" "python-requests/2.31.0"
127.0.0.1 - - [20/Jan/2025:14:48:50 +0800] "GET /manager-page/logout.php HTTP/1.1" 302 - "http://127.0.0.1/manager-page/history.php" "Mozilla/5.0 (Windows NT 10.0; Win64; x64) AppleWebKit/537.36 (KHTML, like Gecko) Chrome/119.0.0.0 Safari/537.36"
127.0.0.1 - - [20/Jan/2025:14:48:50 +0800] "GET /manager-page/login.php HTTP/1.1" 200 2365 "http://127.0.0.1/manager-page/history.php" "Mozilla/5.0 (Windows NT 10.0; Win64; x64) AppleWebKit/537.36 (KHTML, like Gecko) Chrome/119.0.0.0 Safari/537.36"
127.0.0.1 - - [20/Jan/2025:14:49:00 +0800] "GET /robot/alarm-history-in.php HTTP/1.1" 200 - "-" "python-requests/2.28.1"
127.0.0.1 - - [20/Jan/2025:14:50:00 +0800] "GET /robot/alarm-history-in.php HTTP/1.1" 200 - "-" "python-requests/2.28.1"
111.70.30.252 - - [20/Jan/2025:14:50:25 +0800] "POST /robot/lora-in.php HTTP/1.1" 200 - "-" "python-requests/2.21.0"
127.0.0.1 - - [20/Jan/2025:14:51:00 +0800] "GET /robot/alarm-history-in.php HTTP/1.1" 200 - "-" "python-requests/2.28.1"
111.70.30.253 - - [20/Jan/2025:14:51:54 +0800] "POST /robot/lora-in.php HTTP/1.1" 200 - "-" "python-requests/2.21.0"
127.0.0.1 - - [20/Jan/2025:14:52:00 +0800] "GET /robot/alarm-history-in.php HTTP/1.1" 200 - "-" "python-requests/2.28.1"
111.70.30.251 - - [20/Jan/2025:14:52:05 +0800] "POST /robot/lora-in.php HTTP/1.1" 200 - "-" "python-requests/2.21.0"
111.70.30.251 - - [20/Jan/2025:14:52:19 +0800] "POST /robot/lora-in.php HTTP/1.1" 200 - "-" "python-requests/2.21.0"
127.0.0.1 - - [20/Jan/2025:14:53:00 +0800] "GET /robot/alarm-history-in.php HTTP/1.1" 200 - "-" "python-requests/2.28.1"
127.0.0.1 - - [20/Jan/2025:14:53:56 +0800] "POST /robot/lora-in.php HTTP/1.1" 200 - "-" "python-requests/2.31.0"
127.0.0.1 - - [20/Jan/2025:14:53:59 +0800] "POST /robot/lora-in.php HTTP/1.1" 200 - "-" "python-requests/2.31.0"
127.0.0.1 - - [20/Jan/2025:14:54:00 +0800] "GET /robot/alarm-history-in.php HTTP/1.1" 200 - "-" "python-requests/2.28.1"
127.0.0.1 - - [20/Jan/2025:14:54:14 +0800] "POST /robot/et-7026-in.php HTTP/1.1" 200 - "-" "python-requests/2.31.0"
127.0.0.1 - - [20/Jan/2025:14:54:15 +0800] "POST /robot/lora-in.php HTTP/1.1" 200 - "-" "python-requests/2.31.0"
127.0.0.1 - - [20/Jan/2025:14:54:17 +0800] "POST /robot/lora-in.php HTTP/1.1" 200 - "-" "python-requests/2.31.0"
127.0.0.1 - - [20/Jan/2025:14:54:26 +0800] "POST /robot/lora-in.php HTTP/1.1" 200 - "-" "python-requests/2.31.0"
127.0.0.1 - - [20/Jan/2025:14:54:32 +0800] "POST /robot/lora-in.php HTTP/1.1" 200 - "-" "python-requests/2.31.0"
127.0.0.1 - - [20/Jan/2025:14:55:00 +0800] "GET /robot/alarm-history-in.php HTTP/1.1" 200 - "-" "python-requests/2.28.1"
111.70.30.251 - - [20/Jan/2025:14:55:10 +0800] "POST /robot/lora-in.php HTTP/1.1" 200 - "-" "python-requests/2.21.0"
127.0.0.1 - - [20/Jan/2025:14:56:00 +0800] "GET /robot/alarm-history-in.php HTTP/1.1" 200 - "-" "python-requests/2.28.1"
111.70.30.251 - - [20/Jan/2025:14:56:04 +0800] "POST /robot/lora-in.php HTTP/1.1" 200 - "-" "python-requests/2.21.0"
127.0.0.1 - - [20/Jan/2025:14:56:59 +0800] "POST /robot/et-7026-in.php HTTP/1.1" 200 - "-" "python-requests/2.31.0"
127.0.0.1 - - [20/Jan/2025:14:57:00 +0800] "GET /robot/alarm-history-in.php HTTP/1.1" 200 - "-" "python-requests/2.28.1"
111.70.30.250 - - [20/Jan/2025:14:57:11 +0800] "POST /robot/lora-in.php HTTP/1.1" 200 - "-" "python-requests/2.21.0"
127.0.0.1 - - [20/Jan/2025:14:58:00 +0800] "GET /robot/alarm-history-in.php HTTP/1.1" 200 - "-" "python-requests/2.28.1"
127.0.0.1 - - [20/Jan/2025:14:58:07 +0800] "POST /robot/et-7026-in.php HTTP/1.1" 200 - "-" "python-requests/2.31.0"
127.0.0.1 - - [20/Jan/2025:14:58:36 +0800] "POST /robot/et-7026-in.php HTTP/1.1" 200 - "-" "python-requests/2.31.0"
127.0.0.1 - - [20/Jan/2025:14:59:00 +0800] "GET /robot/alarm-history-in.php HTTP/1.1" 200 - "-" "python-requests/2.28.1"
127.0.0.1 - - [20/Jan/2025:15:00:00 +0800] "GET /robot/alarm-history-in.php HTTP/1.1" 200 - "-" "python-requests/2.28.1"
111.70.30.251 - - [20/Jan/2025:15:00:03 +0800] "POST /robot/lora-in.php HTTP/1.1" 200 - "-" "python-requests/2.21.0"
111.70.30.251 - - [20/Jan/2025:15:00:41 +0800] "POST /robot/lora-in.php HTTP/1.1" 200 - "-" "python-requests/2.21.0"
111.70.30.253 - - [20/Jan/2025:15:00:42 +0800] "POST /robot/lora-in.php HTTP/1.1" 200 - "-" "python-requests/2.21.0"
127.0.0.1 - - [20/Jan/2025:15:01:00 +0800] "GET /robot/alarm-history-in.php HTTP/1.1" 200 - "-" "python-requests/2.28.1"
127.0.0.1 - - [20/Jan/2025:15:02:00 +0800] "GET /robot/alarm-history-in.php HTTP/1.1" 200 - "-" "python-requests/2.28.1"
127.0.0.1 - - [20/Jan/2025:15:03:00 +0800] "GET /robot/alarm-history-in.php HTTP/1.1" 200 - "-" "python-requests/2.28.1"
127.0.0.1 - - [20/Jan/2025:15:03:56 +0800] "POST /robot/lora-in.php HTTP/1.1" 200 - "-" "python-requests/2.31.0"
127.0.0.1 - - [20/Jan/2025:15:03:58 +0800] "POST /robot/lora-in.php HTTP/1.1" 200 - "-" "python-requests/2.31.0"
127.0.0.1 - - [20/Jan/2025:15:04:00 +0800] "GET /robot/alarm-history-in.php HTTP/1.1" 200 - "-" "python-requests/2.28.1"
111.70.30.251 - - [20/Jan/2025:15:04:01 +0800] "POST /robot/lora-in.php HTTP/1.1" 200 - "-" "python-requests/2.21.0"
127.0.0.1 - - [20/Jan/2025:15:04:11 +0800] "POST /robot/lora-in.php HTTP/1.1" 200 - "-" "python-requests/2.31.0"
127.0.0.1 - - [20/Jan/2025:15:04:16 +0800] "POST /robot/lora-in.php HTTP/1.1" 200 - "-" "python-requests/2.31.0"
127.0.0.1 - - [20/Jan/2025:15:04:17 +0800] "POST /robot/et-7026-in.php HTTP/1.1" 200 - "-" "python-requests/2.31.0"
111.70.30.251 - - [20/Jan/2025:15:04:17 +0800] "POST /robot/lora-in.php HTTP/1.1" 200 - "-" "python-requests/2.21.0"
127.0.0.1 - - [20/Jan/2025:15:04:24 +0800] "POST /robot/lora-in.php HTTP/1.1" 200 - "-" "python-requests/2.31.0"
127.0.0.1 - - [20/Jan/2025:15:04:32 +0800] "POST /robot/lora-in.php HTTP/1.1" 200 - "-" "python-requests/2.31.0"
127.0.0.1 - - [20/Jan/2025:15:05:00 +0800] "GET /robot/alarm-history-in.php HTTP/1.1" 200 - "-" "python-requests/2.28.1"
111.70.30.250 - - [20/Jan/2025:15:05:47 +0800] "POST /robot/lora-in.php HTTP/1.1" 200 - "-" "python-requests/2.21.0"
127.0.0.1 - - [20/Jan/2025:15:06:00 +0800] "GET /robot/alarm-history-in.php HTTP/1.1" 200 - "-" "python-requests/2.28.1"
127.0.0.1 - - [20/Jan/2025:15:07:00 +0800] "GET /robot/alarm-history-in.php HTTP/1.1" 200 - "-" "python-requests/2.28.1"
127.0.0.1 - - [20/Jan/2025:15:07:00 +0800] "POST /robot/et-7026-in.php HTTP/1.1" 200 - "-" "python-requests/2.31.0"
111.70.30.251 - - [20/Jan/2025:15:08:00 +0800] "POST /robot/lora-in.php HTTP/1.1" 200 - "-" "python-requests/2.21.0"
127.0.0.1 - - [20/Jan/2025:15:08:00 +0800] "GET /robot/alarm-history-in.php HTTP/1.1" 200 - "-" "python-requests/2.28.1"
127.0.0.1 - - [20/Jan/2025:15:08:08 +0800] "POST /robot/et-7026-in.php HTTP/1.1" 200 - "-" "python-requests/2.31.0"
127.0.0.1 - - [20/Jan/2025:15:08:39 +0800] "POST /robot/et-7026-in.php HTTP/1.1" 200 - "-" "python-requests/2.31.0"
111.70.30.252 - - [20/Jan/2025:15:08:54 +0800] "POST /robot/lora-in.php HTTP/1.1" 200 - "-" "python-requests/2.21.0"
127.0.0.1 - - [20/Jan/2025:15:09:00 +0800] "GET /robot/alarm-history-in.php HTTP/1.1" 200 - "-" "python-requests/2.28.1"
111.70.30.251 - - [20/Jan/2025:15:09:02 +0800] "POST /robot/lora-in.php HTTP/1.1" 200 - "-" "python-requests/2.21.0"
111.70.30.253 - - [20/Jan/2025:15:09:27 +0800] "POST /robot/lora-in.php HTTP/1.1" 200 - "-" "python-requests/2.21.0"
127.0.0.1 - - [20/Jan/2025:15:10:00 +0800] "GET /robot/alarm-history-in.php HTTP/1.1" 200 - "-" "python-requests/2.28.1"
127.0.0.1 - - [20/Jan/2025:15:11:00 +0800] "GET /robot/alarm-history-in.php HTTP/1.1" 200 - "-" "python-requests/2.28.1"
111.70.30.251 - - [20/Jan/2025:15:11:59 +0800] "POST /robot/lora-in.php HTTP/1.1" 200 - "-" "python-requests/2.21.0"
127.0.0.1 - - [20/Jan/2025:15:12:00 +0800] "GET /robot/alarm-history-in.php HTTP/1.1" 200 - "-" "python-requests/2.28.1"
127.0.0.1 - - [20/Jan/2025:15:13:00 +0800] "GET /robot/alarm-history-in.php HTTP/1.1" 200 - "-" "python-requests/2.28.1"
111.70.30.251 - - [20/Jan/2025:15:13:25 +0800] "POST /robot/lora-in.php HTTP/1.1" 200 - "-" "python-requests/2.21.0"
127.0.0.1 - - [20/Jan/2025:15:13:56 +0800] "POST /robot/lora-in.php HTTP/1.1" 200 - "-" "python-requests/2.31.0"
127.0.0.1 - - [20/Jan/2025:15:14:00 +0800] "GET /robot/alarm-history-in.php HTTP/1.1" 200 - "-" "python-requests/2.28.1"
127.0.0.1 - - [20/Jan/2025:15:14:01 +0800] "POST /robot/lora-in.php HTTP/1.1" 200 - "-" "python-requests/2.31.0"
127.0.0.1 - - [20/Jan/2025:15:14:20 +0800] "POST /robot/et-7026-in.php HTTP/1.1" 200 - "-" "python-requests/2.31.0"
127.0.0.1 - - [20/Jan/2025:15:14:21 +0800] "POST /robot/lora-in.php HTTP/1.1" 200 - "-" "python-requests/2.31.0"
111.70.30.250 - - [20/Jan/2025:15:14:24 +0800] "POST /robot/lora-in.php HTTP/1.1" 200 - "-" "python-requests/2.21.0"
127.0.0.1 - - [20/Jan/2025:15:14:29 +0800] "POST /robot/lora-in.php HTTP/1.1" 200 - "-" "python-requests/2.31.0"
127.0.0.1 - - [20/Jan/2025:15:14:32 +0800] "POST /robot/lora-in.php HTTP/1.1" 200 - "-" "python-requests/2.31.0"
127.0.0.1 - - [20/Jan/2025:15:14:35 +0800] "POST /robot/lora-in.php HTTP/1.1" 200 - "-" "python-requests/2.31.0"
127.0.0.1 - - [20/Jan/2025:15:15:00 +0800] "GET /robot/alarm-history-in.php HTTP/1.1" 200 - "-" "python-requests/2.28.1"
127.0.0.1 - - [20/Jan/2025:15:16:00 +0800] "GET /robot/alarm-history-in.php HTTP/1.1" 200 - "-" "python-requests/2.28.1"
111.70.30.251 - - [20/Jan/2025:15:16:01 +0800] "POST /robot/lora-in.php HTTP/1.1" 200 - "-" "python-requests/2.21.0"
127.0.0.1 - - [20/Jan/2025:15:17:00 +0800] "GET /robot/alarm-history-in.php HTTP/1.1" 200 - "-" "python-requests/2.28.1"
127.0.0.1 - - [20/Jan/2025:15:17:01 +0800] "POST /robot/et-7026-in.php HTTP/1.1" 200 - "-" "python-requests/2.31.0"
111.70.30.251 - - [20/Jan/2025:15:17:22 +0800] "POST /robot/lora-in.php HTTP/1.1" 200 - "-" "python-requests/2.21.0"
127.0.0.1 - - [20/Jan/2025:15:18:00 +0800] "GET /robot/alarm-history-in.php HTTP/1.1" 200 - "-" "python-requests/2.28.1"
111.70.30.252 - - [20/Jan/2025:15:18:07 +0800] "POST /robot/lora-in.php HTTP/1.1" 200 - "-" "python-requests/2.21.0"
127.0.0.1 - - [20/Jan/2025:15:18:08 +0800] "POST /robot/et-7026-in.php HTTP/1.1" 200 - "-" "python-requests/2.31.0"
111.70.30.253 - - [20/Jan/2025:15:18:13 +0800] "POST /robot/lora-in.php HTTP/1.1" 200 - "-" "python-requests/2.21.0"
127.0.0.1 - - [20/Jan/2025:15:18:42 +0800] "POST /robot/et-7026-in.php HTTP/1.1" 200 - "-" "python-requests/2.31.0"
127.0.0.1 - - [20/Jan/2025:15:19:00 +0800] "GET /robot/alarm-history-in.php HTTP/1.1" 200 - "-" "python-requests/2.28.1"
111.70.30.251 - - [20/Jan/2025:15:19:56 +0800] "POST /robot/lora-in.php HTTP/1.1" 200 - "-" "python-requests/2.21.0"
127.0.0.1 - - [20/Jan/2025:15:20:00 +0800] "GET /robot/alarm-history-in.php HTTP/1.1" 200 - "-" "python-requests/2.28.1"
127.0.0.1 - - [20/Jan/2025:15:21:00 +0800] "GET /robot/alarm-history-in.php HTTP/1.1" 200 - "-" "python-requests/2.28.1"
127.0.0.1 - - [20/Jan/2025:15:22:00 +0800] "GET /robot/alarm-history-in.php HTTP/1.1" 200 - "-" "python-requests/2.28.1"
111.70.30.251 - - [20/Jan/2025:15:22:33 +0800] "POST /robot/lora-in.php HTTP/1.1" 200 - "-" "python-requests/2.21.0"
111.70.30.250 - - [20/Jan/2025:15:22:59 +0800] "POST /robot/lora-in.php HTTP/1.1" 200 - "-" "python-requests/2.21.0"
127.0.0.1 - - [20/Jan/2025:15:23:00 +0800] "GET /robot/alarm-history-in.php HTTP/1.1" 200 - "-" "python-requests/2.28.1"
111.70.30.251 - - [20/Jan/2025:15:23:54 +0800] "POST /robot/lora-in.php HTTP/1.1" 200 - "-" "python-requests/2.21.0"
127.0.0.1 - - [20/Jan/2025:15:23:56 +0800] "POST /robot/lora-in.php HTTP/1.1" 200 - "-" "python-requests/2.31.0"
127.0.0.1 - - [20/Jan/2025:15:23:58 +0800] "POST /robot/lora-in.php HTTP/1.1" 200 - "-" "python-requests/2.31.0"
127.0.0.1 - - [20/Jan/2025:15:24:00 +0800] "GET /robot/alarm-history-in.php HTTP/1.1" 200 - "-" "python-requests/2.28.1"
127.0.0.1 - - [20/Jan/2025:15:24:17 +0800] "POST /robot/lora-in.php HTTP/1.1" 200 - "-" "python-requests/2.31.0"
127.0.0.1 - - [20/Jan/2025:15:24:19 +0800] "POST /robot/lora-in.php HTTP/1.1" 200 - "-" "python-requests/2.31.0"
127.0.0.1 - - [20/Jan/2025:15:24:22 +0800] "POST /robot/et-7026-in.php HTTP/1.1" 200 - "-" "python-requests/2.31.0"
127.0.0.1 - - [20/Jan/2025:15:24:23 +0800] "POST /robot/lora-in.php HTTP/1.1" 200 - "-" "python-requests/2.31.0"
127.0.0.1 - - [20/Jan/2025:15:24:26 +0800] "POST /robot/lora-in.php HTTP/1.1" 200 - "-" "python-requests/2.31.0"
127.0.0.1 - - [20/Jan/2025:15:25:00 +0800] "GET /robot/alarm-history-in.php HTTP/1.1" 200 - "-" "python-requests/2.28.1"
111.70.30.251 - - [20/Jan/2025:15:25:44 +0800] "POST /robot/lora-in.php HTTP/1.1" 200 - "-" "python-requests/2.21.0"
127.0.0.1 - - [20/Jan/2025:15:26:00 +0800] "GET /robot/alarm-history-in.php HTTP/1.1" 200 - "-" "python-requests/2.28.1"
127.0.0.1 - - [20/Jan/2025:15:27:00 +0800] "GET /robot/alarm-history-in.php HTTP/1.1" 200 - "-" "python-requests/2.28.1"
111.70.30.253 - - [20/Jan/2025:15:27:00 +0800] "POST /robot/lora-in.php HTTP/1.1" 200 - "-" "python-requests/2.21.0"
127.0.0.1 - - [20/Jan/2025:15:27:03 +0800] "POST /robot/et-7026-in.php HTTP/1.1" 200 - "-" "python-requests/2.31.0"
111.70.30.252 - - [20/Jan/2025:15:27:22 +0800] "POST /robot/lora-in.php HTTP/1.1" 200 - "-" "python-requests/2.21.0"
111.70.30.251 - - [20/Jan/2025:15:27:55 +0800] "POST /robot/lora-in.php HTTP/1.1" 200 - "-" "python-requests/2.21.0"
127.0.0.1 - - [20/Jan/2025:15:28:00 +0800] "GET /robot/alarm-history-in.php HTTP/1.1" 200 - "-" "python-requests/2.28.1"
127.0.0.1 - - [20/Jan/2025:15:28:08 +0800] "POST /robot/et-7026-in.php HTTP/1.1" 200 - "-" "python-requests/2.31.0"
127.0.0.1 - - [20/Jan/2025:15:28:45 +0800] "POST /robot/et-7026-in.php HTTP/1.1" 200 - "-" "python-requests/2.31.0"
127.0.0.1 - - [20/Jan/2025:15:29:00 +0800] "GET /robot/alarm-history-in.php HTTP/1.1" 200 - "-" "python-requests/2.28.1"
127.0.0.1 - - [20/Jan/2025:15:30:00 +0800] "GET /robot/alarm-history-in.php HTTP/1.1" 200 - "-" "python-requests/2.28.1"
127.0.0.1 - - [20/Jan/2025:15:31:00 +0800] "GET /robot/alarm-history-in.php HTTP/1.1" 200 - "-" "python-requests/2.28.1"
111.70.30.250 - - [20/Jan/2025:15:31:35 +0800] "POST /robot/lora-in.php HTTP/1.1" 200 - "-" "python-requests/2.21.0"
111.70.30.251 - - [20/Jan/2025:15:31:41 +0800] "POST /robot/lora-in.php HTTP/1.1" 200 - "-" "python-requests/2.21.0"
111.70.30.251 - - [20/Jan/2025:15:31:53 +0800] "POST /robot/lora-in.php HTTP/1.1" 200 - "-" "python-requests/2.21.0"
127.0.0.1 - - [20/Jan/2025:15:32:01 +0800] "GET /robot/alarm-history-in.php HTTP/1.1" 200 - "-" "python-requests/2.28.1"
127.0.0.1 - - [20/Jan/2025:15:33:00 +0800] "GET /robot/alarm-history-in.php HTTP/1.1" 200 - "-" "python-requests/2.28.1"
127.0.0.1 - - [20/Jan/2025:15:33:56 +0800] "POST /robot/lora-in.php HTTP/1.1" 200 - "-" "python-requests/2.31.0"
127.0.0.1 - - [20/Jan/2025:15:34:00 +0800] "GET /robot/alarm-history-in.php HTTP/1.1" 200 - "-" "python-requests/2.28.1"
111.70.30.251 - - [20/Jan/2025:15:34:05 +0800] "POST /robot/lora-in.php HTTP/1.1" 200 - "-" "python-requests/2.21.0"
127.0.0.1 - - [20/Jan/2025:15:34:06 +0800] "POST /robot/lora-in.php HTTP/1.1" 200 - "-" "python-requests/2.31.0"
127.0.0.1 - - [20/Jan/2025:15:34:21 +0800] "POST /robot/lora-in.php HTTP/1.1" 200 - "-" "python-requests/2.31.0"
127.0.0.1 - - [20/Jan/2025:15:34:23 +0800] "POST /robot/lora-in.php HTTP/1.1" 200 - "-" "python-requests/2.31.0"
127.0.0.1 - - [20/Jan/2025:15:34:25 +0800] "POST /robot/et-7026-in.php HTTP/1.1" 200 - "-" "python-requests/2.31.0"
127.0.0.1 - - [20/Jan/2025:15:34:33 +0800] "POST /robot/lora-in.php HTTP/1.1" 200 - "-" "python-requests/2.31.0"
127.0.0.1 - - [20/Jan/2025:15:34:37 +0800] "POST /robot/lora-in.php HTTP/1.1" 200 - "-" "python-requests/2.31.0"
127.0.0.1 - - [20/Jan/2025:15:35:00 +0800] "GET /robot/alarm-history-in.php HTTP/1.1" 200 - "-" "python-requests/2.28.1"
111.70.30.253 - - [20/Jan/2025:15:35:46 +0800] "POST /robot/lora-in.php HTTP/1.1" 200 - "-" "python-requests/2.21.0"
111.70.30.251 - - [20/Jan/2025:15:35:50 +0800] "POST /robot/lora-in.php HTTP/1.1" 200 - "-" "python-requests/2.21.0"
127.0.0.1 - - [20/Jan/2025:15:36:00 +0800] "GET /robot/alarm-history-in.php HTTP/1.1" 200 - "-" "python-requests/2.28.1"
111.70.30.252 - - [20/Jan/2025:15:36:36 +0800] "POST /robot/lora-in.php HTTP/1.1" 200 - "-" "python-requests/2.21.0"
127.0.0.1 - - [20/Jan/2025:15:37:00 +0800] "GET /robot/alarm-history-in.php HTTP/1.1" 200 - "-" "python-requests/2.28.1"
127.0.0.1 - - [20/Jan/2025:15:37:04 +0800] "POST /robot/et-7026-in.php HTTP/1.1" 200 - "-" "python-requests/2.31.0"
127.0.0.1 - - [20/Jan/2025:15:38:00 +0800] "GET /robot/alarm-history-in.php HTTP/1.1" 200 - "-" "python-requests/2.28.1"
127.0.0.1 - - [20/Jan/2025:15:38:08 +0800] "POST /robot/et-7026-in.php HTTP/1.1" 200 - "-" "python-requests/2.31.0"
127.0.0.1 - - [20/Jan/2025:15:38:48 +0800] "POST /robot/et-7026-in.php HTTP/1.1" 200 - "-" "python-requests/2.31.0"
127.0.0.1 - - [20/Jan/2025:15:39:00 +0800] "GET /robot/alarm-history-in.php HTTP/1.1" 200 - "-" "python-requests/2.28.1"
111.70.30.251 - - [20/Jan/2025:15:39:49 +0800] "POST /robot/lora-in.php HTTP/1.1" 200 - "-" "python-requests/2.21.0"
127.0.0.1 - - [20/Jan/2025:15:40:00 +0800] "GET /robot/alarm-history-in.php HTTP/1.1" 200 - "-" "python-requests/2.28.1"
111.70.30.250 - - [20/Jan/2025:15:40:11 +0800] "POST /robot/lora-in.php HTTP/1.1" 200 - "-" "python-requests/2.21.0"
111.70.30.251 - - [20/Jan/2025:15:40:49 +0800] "POST /robot/lora-in.php HTTP/1.1" 200 - "-" "python-requests/2.21.0"
127.0.0.1 - - [20/Jan/2025:15:41:00 +0800] "GET /robot/alarm-history-in.php HTTP/1.1" 200 - "-" "python-requests/2.28.1"
127.0.0.1 - - [20/Jan/2025:15:42:00 +0800] "GET /robot/alarm-history-in.php HTTP/1.1" 200 - "-" "python-requests/2.28.1"
111.70.30.251 - - [20/Jan/2025:15:42:26 +0800] "POST /robot/lora-in.php HTTP/1.1" 200 - "-" "python-requests/2.21.0"
127.0.0.1 - - [20/Jan/2025:15:43:00 +0800] "GET /robot/alarm-history-in.php HTTP/1.1" 200 - "-" "python-requests/2.28.1"
111.70.30.251 - - [20/Jan/2025:15:43:48 +0800] "POST /robot/lora-in.php HTTP/1.1" 200 - "-" "python-requests/2.21.0"
127.0.0.1 - - [20/Jan/2025:15:43:56 +0800] "POST /robot/lora-in.php HTTP/1.1" 200 - "-" "python-requests/2.31.0"
127.0.0.1 - - [20/Jan/2025:15:43:58 +0800] "POST /robot/lora-in.php HTTP/1.1" 200 - "-" "python-requests/2.31.0"
127.0.0.1 - - [20/Jan/2025:15:44:00 +0800] "GET /robot/alarm-history-in.php HTTP/1.1" 200 - "-" "python-requests/2.28.1"
127.0.0.1 - - [20/Jan/2025:15:44:19 +0800] "POST /robot/lora-in.php HTTP/1.1" 200 - "-" "python-requests/2.31.0"
127.0.0.1 - - [20/Jan/2025:15:44:28 +0800] "POST /robot/et-7026-in.php HTTP/1.1" 200 - "-" "python-requests/2.31.0"
127.0.0.1 - - [20/Jan/2025:15:44:28 +0800] "POST /robot/lora-in.php HTTP/1.1" 200 - "-" "python-requests/2.31.0"
127.0.0.1 - - [20/Jan/2025:15:44:30 +0800] "POST /robot/lora-in.php HTTP/1.1" 200 - "-" "python-requests/2.31.0"
111.70.30.253 - - [20/Jan/2025:15:44:33 +0800] "POST /robot/lora-in.php HTTP/1.1" 200 - "-" "python-requests/2.21.0"
127.0.0.1 - - [20/Jan/2025:15:44:33 +0800] "POST /robot/lora-in.php HTTP/1.1" 200 - "-" "python-requests/2.31.0"
127.0.0.1 - - [20/Jan/2025:15:45:00 +0800] "GET /robot/alarm-history-in.php HTTP/1.1" 200 - "-" "python-requests/2.28.1"
111.70.30.252 - - [20/Jan/2025:15:45:51 +0800] "POST /robot/lora-in.php HTTP/1.1" 200 - "-" "python-requests/2.21.0"
127.0.0.1 - - [20/Jan/2025:15:46:00 +0800] "GET /robot/alarm-history-in.php HTTP/1.1" 200 - "-" "python-requests/2.28.1"
127.0.0.1 - - [20/Jan/2025:15:47:00 +0800] "GET /robot/alarm-history-in.php HTTP/1.1" 200 - "-" "python-requests/2.28.1"
127.0.0.1 - - [20/Jan/2025:15:47:05 +0800] "POST /robot/et-7026-in.php HTTP/1.1" 200 - "-" "python-requests/2.31.0"
111.70.30.251 - - [20/Jan/2025:15:47:46 +0800] "POST /robot/lora-in.php HTTP/1.1" 200 - "-" "python-requests/2.21.0"
127.0.0.1 - - [20/Jan/2025:15:48:00 +0800] "GET /robot/alarm-history-in.php HTTP/1.1" 200 - "-" "python-requests/2.28.1"
127.0.0.1 - - [20/Jan/2025:15:48:11 +0800] "POST /robot/et-7026-in.php HTTP/1.1" 200 - "-" "python-requests/2.31.0"
111.70.30.250 - - [20/Jan/2025:15:48:47 +0800] "POST /robot/lora-in.php HTTP/1.1" 200 - "-" "python-requests/2.21.0"
127.0.0.1 - - [20/Jan/2025:15:48:51 +0800] "POST /robot/et-7026-in.php HTTP/1.1" 200 - "-" "python-requests/2.31.0"
127.0.0.1 - - [20/Jan/2025:15:49:00 +0800] "GET /robot/alarm-history-in.php HTTP/1.1" 200 - "-" "python-requests/2.28.1"
111.70.30.251 - - [20/Jan/2025:15:49:57 +0800] "POST /robot/lora-in.php HTTP/1.1" 200 - "-" "python-requests/2.21.0"
127.0.0.1 - - [20/Jan/2025:15:50:00 +0800] "GET /robot/alarm-history-in.php HTTP/1.1" 200 - "-" "python-requests/2.28.1"
111.70.30.251 - - [20/Jan/2025:15:50:47 +0800] "POST /robot/lora-in.php HTTP/1.1" 200 - "-" "python-requests/2.21.0"
127.0.0.1 - - [20/Jan/2025:15:51:00 +0800] "GET /robot/alarm-history-in.php HTTP/1.1" 200 - "-" "python-requests/2.28.1"
111.70.30.251 - - [20/Jan/2025:15:51:45 +0800] "POST /robot/lora-in.php HTTP/1.1" 200 - "-" "python-requests/2.21.0"
127.0.0.1 - - [20/Jan/2025:15:52:00 +0800] "GET /robot/alarm-history-in.php HTTP/1.1" 200 - "-" "python-requests/2.28.1"
127.0.0.1 - - [20/Jan/2025:15:53:00 +0800] "GET /robot/alarm-history-in.php HTTP/1.1" 200 - "-" "python-requests/2.28.1"
111.70.30.253 - - [20/Jan/2025:15:53:19 +0800] "POST /robot/lora-in.php HTTP/1.1" 200 - "-" "python-requests/2.21.0"
127.0.0.1 - - [20/Jan/2025:15:53:56 +0800] "POST /robot/lora-in.php HTTP/1.1" 200 - "-" "python-requests/2.31.0"
127.0.0.1 - - [20/Jan/2025:15:53:59 +0800] "POST /robot/lora-in.php HTTP/1.1" 200 - "-" "python-requests/2.31.0"
127.0.0.1 - - [20/Jan/2025:15:54:00 +0800] "GET /robot/alarm-history-in.php HTTP/1.1" 200 - "-" "python-requests/2.28.1"
127.0.0.1 - - [20/Jan/2025:15:54:18 +0800] "POST /robot/lora-in.php HTTP/1.1" 200 - "-" "python-requests/2.31.0"
127.0.0.1 - - [20/Jan/2025:15:54:28 +0800] "POST /robot/lora-in.php HTTP/1.1" 200 - "-" "python-requests/2.31.0"
127.0.0.1 - - [20/Jan/2025:15:54:28 +0800] "POST /robot/et-7026-in.php HTTP/1.1" 200 - "-" "python-requests/2.31.0"
127.0.0.1 - - [20/Jan/2025:15:54:33 +0800] "POST /robot/lora-in.php HTTP/1.1" 200 - "-" "python-requests/2.31.0"
127.0.0.1 - - [20/Jan/2025:15:54:41 +0800] "POST /robot/lora-in.php HTTP/1.1" 200 - "-" "python-requests/2.31.0"
127.0.0.1 - - [20/Jan/2025:15:55:00 +0800] "GET /robot/alarm-history-in.php HTTP/1.1" 200 - "-" "python-requests/2.28.1"
111.70.30.252 - - [20/Jan/2025:15:55:05 +0800] "POST /robot/lora-in.php HTTP/1.1" 200 - "-" "python-requests/2.21.0"
111.70.30.251 - - [20/Jan/2025:15:55:44 +0800] "POST /robot/lora-in.php HTTP/1.1" 200 - "-" "python-requests/2.21.0"
127.0.0.1 - - [20/Jan/2025:15:56:00 +0800] "GET /robot/alarm-history-in.php HTTP/1.1" 200 - "-" "python-requests/2.28.1"
127.0.0.1 - - [20/Jan/2025:15:57:00 +0800] "GET /robot/alarm-history-in.php HTTP/1.1" 200 - "-" "python-requests/2.28.1"
127.0.0.1 - - [20/Jan/2025:15:57:08 +0800] "POST /robot/et-7026-in.php HTTP/1.1" 200 - "-" "python-requests/2.31.0"
111.70.30.250 - - [20/Jan/2025:15:57:24 +0800] "POST /robot/lora-in.php HTTP/1.1" 200 - "-" "python-requests/2.21.0"
127.0.0.1 - - [20/Jan/2025:15:58:00 +0800] "GET /robot/alarm-history-in.php HTTP/1.1" 200 - "-" "python-requests/2.28.1"
127.0.0.1 - - [20/Jan/2025:15:58:11 +0800] "POST /robot/et-7026-in.php HTTP/1.1" 200 - "-" "python-requests/2.31.0"
127.0.0.1 - - [20/Jan/2025:15:58:51 +0800] "POST /robot/et-7026-in.php HTTP/1.1" 200 - "-" "python-requests/2.31.0"
127.0.0.1 - - [20/Jan/2025:15:59:00 +0800] "GET /robot/alarm-history-in.php HTTP/1.1" 200 - "-" "python-requests/2.28.1"
111.70.30.251 - - [20/Jan/2025:15:59:12 +0800] "POST /robot/lora-in.php HTTP/1.1" 200 - "-" "python-requests/2.21.0"
111.70.30.251 - - [20/Jan/2025:15:59:43 +0800] "POST /robot/lora-in.php HTTP/1.1" 200 - "-" "python-requests/2.21.0"
127.0.0.1 - - [20/Jan/2025:16:00:00 +0800] "GET /robot/alarm-history-in.php HTTP/1.1" 200 - "-" "python-requests/2.28.1"
127.0.0.1 - - [20/Jan/2025:16:01:00 +0800] "GET /robot/alarm-history-in.php HTTP/1.1" 200 - "-" "python-requests/2.28.1"
127.0.0.1 - - [20/Jan/2025:16:02:00 +0800] "GET /robot/alarm-history-in.php HTTP/1.1" 200 - "-" "python-requests/2.28.1"
111.70.30.253 - - [20/Jan/2025:16:02:06 +0800] "POST /robot/lora-in.php HTTP/1.1" 200 - "-" "python-requests/2.21.0"
127.0.0.1 - - [20/Jan/2025:16:03:00 +0800] "GET /robot/alarm-history-in.php HTTP/1.1" 200 - "-" "python-requests/2.28.1"
111.70.30.251 - - [20/Jan/2025:16:03:41 +0800] "POST /robot/lora-in.php HTTP/1.1" 200 - "-" "python-requests/2.21.0"
127.0.0.1 - - [20/Jan/2025:16:03:56 +0800] "POST /robot/lora-in.php HTTP/1.1" 200 - "-" "python-requests/2.31.0"
127.0.0.1 - - [20/Jan/2025:16:04:00 +0800] "GET /robot/alarm-history-in.php HTTP/1.1" 200 - "-" "python-requests/2.28.1"
127.0.0.1 - - [20/Jan/2025:16:04:03 +0800] "GET /manager-page/login.php HTTP/1.1" 200 2365 "-" "Mozilla/5.0 (Windows NT 10.0; Win64; x64) AppleWebKit/537.36 (KHTML, like Gecko) Chrome/119.0.0.0 Safari/537.36"
127.0.0.1 - - [20/Jan/2025:16:04:05 +0800] "POST /manager-page/login.php HTTP/1.1" 302 - "http://127.0.0.1/manager-page/login.php" "Mozilla/5.0 (Windows NT 10.0; Win64; x64) AppleWebKit/537.36 (KHTML, like Gecko) Chrome/119.0.0.0 Safari/537.36"
127.0.0.1 - - [20/Jan/2025:16:04:05 +0800] "GET /manager-page/home.php HTTP/1.1" 302 - "http://127.0.0.1/manager-page/login.php" "Mozilla/5.0 (Windows NT 10.0; Win64; x64) AppleWebKit/537.36 (KHTML, like Gecko) Chrome/119.0.0.0 Safari/537.36"
127.0.0.1 - - [20/Jan/2025:16:04:05 +0800] "GET /manager-page/alarm/1-1.jpg?t=1445955617 HTTP/1.1" 200 322868 "http://127.0.0.1/manager-page/home-1.php" "Mozilla/5.0 (Windows NT 10.0; Win64; x64) AppleWebKit/537.36 (KHTML, like Gecko) Chrome/119.0.0.0 Safari/537.36"
127.0.0.1 - - [20/Jan/2025:16:04:05 +0800] "GET /manager-page/alarm/1-2.jpg?t=1135240418 HTTP/1.1" 200 282261 "http://127.0.0.1/manager-page/home-1.php" "Mozilla/5.0 (Windows NT 10.0; Win64; x64) AppleWebKit/537.36 (KHTML, like Gecko) Chrome/119.0.0.0 Safari/537.36"
127.0.0.1 - - [20/Jan/2025:16:04:06 +0800] "POST /robot/lora-in.php HTTP/1.1" 200 - "-" "python-requests/2.31.0"
127.0.0.1 - - [20/Jan/2025:16:04:05 +0800] "GET /manager-page/home-1.php HTTP/1.1" 200 30151 "http://127.0.0.1/manager-page/login.php" "Mozilla/5.0 (Windows NT 10.0; Win64; x64) AppleWebKit/537.36 (KHTML, like Gecko) Chrome/119.0.0.0 Safari/537.36"
127.0.0.1 - - [20/Jan/2025:16:04:05 +0800] "GET /manager-page/api/snapshot.php?id=12 HTTP/1.1" 200 38902 "http://127.0.0.1/manager-page/home-1.php" "Mozilla/5.0 (Windows NT 10.0; Win64; x64) AppleWebKit/537.36 (KHTML, like Gecko) Chrome/119.0.0.0 Safari/537.36"
127.0.0.1 - - [20/Jan/2025:16:04:05 +0800] "GET /manager-page/api/snapshot.php?id=11 HTTP/1.1" 200 42520 "http://127.0.0.1/manager-page/home-1.php" "Mozilla/5.0 (Windows NT 10.0; Win64; x64) AppleWebKit/537.36 (KHTML, like Gecko) Chrome/119.0.0.0 Safari/537.36"
127.0.0.1 - - [20/Jan/2025:16:04:07 +0800] "GET /manager-page/history.php HTTP/1.1" 200 22608 "http://127.0.0.1/manager-page/home-1.php" "Mozilla/5.0 (Windows NT 10.0; Win64; x64) AppleWebKit/537.36 (KHTML, like Gecko) Chrome/119.0.0.0 Safari/537.36"
127.0.0.1 - - [20/Jan/2025:16:04:07 +0800] "GET /favicon.ico HTTP/1.1" 404 196 "http://127.0.0.1/manager-page/history.php" "Mozilla/5.0 (Windows NT 10.0; Win64; x64) AppleWebKit/537.36 (KHTML, like Gecko) Chrome/119.0.0.0 Safari/537.36"
127.0.0.1 - - [20/Jan/2025:16:04:12 +0800] "POST /manager-page/history.php HTTP/1.1" 200 194698 "http://127.0.0.1/manager-page/history.php" "Mozilla/5.0 (Windows NT 10.0; Win64; x64) AppleWebKit/537.36 (KHTML, like Gecko) Chrome/119.0.0.0 Safari/537.36"
127.0.0.1 - - [20/Jan/2025:16:04:17 +0800] "POST /robot/lora-in.php HTTP/1.1" 200 - "-" "python-requests/2.31.0"
111.70.30.252 - - [20/Jan/2025:16:04:20 +0800] "POST /robot/lora-in.php HTTP/1.1" 200 - "-" "python-requests/2.21.0"
127.0.0.1 - - [20/Jan/2025:16:04:21 +0800] "POST /robot/lora-in.php HTTP/1.1" 200 - "-" "python-requests/2.31.0"
127.0.0.1 - - [20/Jan/2025:16:04:22 +0800] "POST /manager-page/history.php HTTP/1.1" 200 197030 "http://127.0.0.1/manager-page/history.php" "Mozilla/5.0 (Windows NT 10.0; Win64; x64) AppleWebKit/537.36 (KHTML, like Gecko) Chrome/119.0.0.0 Safari/537.36"
127.0.0.1 - - [20/Jan/2025:16:04:29 +0800] "POST /robot/et-7026-in.php HTTP/1.1" 200 - "-" "python-requests/2.31.0"
127.0.0.1 - - [20/Jan/2025:16:04:30 +0800] "POST /robot/lora-in.php HTTP/1.1" 200 - "-" "python-requests/2.31.0"
127.0.0.1 - - [20/Jan/2025:16:04:31 +0800] "POST /robot/lora-in.php HTTP/1.1" 200 - "-" "python-requests/2.31.0"
127.0.0.1 - - [20/Jan/2025:16:04:33 +0800] "POST /manager-page/history.php HTTP/1.1" 200 153590 "http://127.0.0.1/manager-page/history.php" "Mozilla/5.0 (Windows NT 10.0; Win64; x64) AppleWebKit/537.36 (KHTML, like Gecko) Chrome/119.0.0.0 Safari/537.36"
127.0.0.1 - - [20/Jan/2025:16:04:43 +0800] "POST /manager-page/history.php HTTP/1.1" 200 151577 "http://127.0.0.1/manager-page/history.php" "Mozilla/5.0 (Windows NT 10.0; Win64; x64) AppleWebKit/537.36 (KHTML, like Gecko) Chrome/119.0.0.0 Safari/537.36"
127.0.0.1 - - [20/Jan/2025:16:04:49 +0800] "GET /manager-page/logout.php HTTP/1.1" 302 - "http://127.0.0.1/manager-page/history.php" "Mozilla/5.0 (Windows NT 10.0; Win64; x64) AppleWebKit/537.36 (KHTML, like Gecko) Chrome/119.0.0.0 Safari/537.36"
127.0.0.1 - - [20/Jan/2025:16:04:49 +0800] "GET /manager-page/login.php HTTP/1.1" 200 2365 "http://127.0.0.1/manager-page/history.php" "Mozilla/5.0 (Windows NT 10.0; Win64; x64) AppleWebKit/537.36 (KHTML, like Gecko) Chrome/119.0.0.0 Safari/537.36"
127.0.0.1 - - [20/Jan/2025:16:05:00 +0800] "GET /robot/alarm-history-in.php HTTP/1.1" 200 - "-" "python-requests/2.28.1"
111.70.30.250 - - [20/Jan/2025:16:05:59 +0800] "POST /robot/lora-in.php HTTP/1.1" 200 - "-" "python-requests/2.21.0"
127.0.0.1 - - [20/Jan/2025:16:06:00 +0800] "GET /robot/alarm-history-in.php HTTP/1.1" 200 - "-" "python-requests/2.28.1"
127.0.0.1 - - [20/Jan/2025:16:07:00 +0800] "GET /robot/alarm-history-in.php HTTP/1.1" 200 - "-" "python-requests/2.28.1"
127.0.0.1 - - [20/Jan/2025:16:07:09 +0800] "POST /robot/et-7026-in.php HTTP/1.1" 200 - "-" "python-requests/2.31.0"
111.70.30.251 - - [20/Jan/2025:16:07:29 +0800] "POST /robot/lora-in.php HTTP/1.1" 200 - "-" "python-requests/2.21.0"
111.70.30.251 - - [20/Jan/2025:16:07:40 +0800] "POST /robot/lora-in.php HTTP/1.1" 200 - "-" "python-requests/2.21.0"
127.0.0.1 - - [20/Jan/2025:16:08:00 +0800] "GET /robot/alarm-history-in.php HTTP/1.1" 200 - "-" "python-requests/2.28.1"
127.0.0.1 - - [20/Jan/2025:16:08:11 +0800] "POST /robot/et-7026-in.php HTTP/1.1" 200 - "-" "python-requests/2.31.0"
111.70.30.251 - - [20/Jan/2025:16:08:12 +0800] "POST /robot/lora-in.php HTTP/1.1" 200 - "-" "python-requests/2.21.0"
127.0.0.1 - - [20/Jan/2025:16:08:51 +0800] "POST /robot/et-7026-in.php HTTP/1.1" 200 - "-" "python-requests/2.31.0"
127.0.0.1 - - [20/Jan/2025:16:09:00 +0800] "GET /robot/alarm-history-in.php HTTP/1.1" 200 - "-" "python-requests/2.28.1"
127.0.0.1 - - [20/Jan/2025:16:10:00 +0800] "GET /robot/alarm-history-in.php HTTP/1.1" 200 - "-" "python-requests/2.28.1"
111.70.30.253 - - [20/Jan/2025:16:10:52 +0800] "POST /robot/lora-in.php HTTP/1.1" 200 - "-" "python-requests/2.21.0"
127.0.0.1 - - [20/Jan/2025:16:11:00 +0800] "GET /robot/alarm-history-in.php HTTP/1.1" 200 - "-" "python-requests/2.28.1"
111.70.30.251 - - [20/Jan/2025:16:11:38 +0800] "POST /robot/lora-in.php HTTP/1.1" 200 - "-" "python-requests/2.21.0"
127.0.0.1 - - [20/Jan/2025:16:12:00 +0800] "GET /robot/alarm-history-in.php HTTP/1.1" 200 - "-" "python-requests/2.28.1"
127.0.0.1 - - [20/Jan/2025:16:13:00 +0800] "GET /robot/alarm-history-in.php HTTP/1.1" 200 - "-" "python-requests/2.28.1"
111.70.30.252 - - [20/Jan/2025:16:13:34 +0800] "POST /robot/lora-in.php HTTP/1.1" 200 - "-" "python-requests/2.21.0"
127.0.0.1 - - [20/Jan/2025:16:13:56 +0800] "POST /robot/lora-in.php HTTP/1.1" 200 - "-" "python-requests/2.31.0"
127.0.0.1 - - [20/Jan/2025:16:14:00 +0800] "GET /robot/alarm-history-in.php HTTP/1.1" 200 - "-" "python-requests/2.28.1"
127.0.0.1 - - [20/Jan/2025:16:14:02 +0800] "POST /robot/lora-in.php HTTP/1.1" 200 - "-" "python-requests/2.31.0"
127.0.0.1 - - [20/Jan/2025:16:14:11 +0800] "POST /robot/lora-in.php HTTP/1.1" 200 - "-" "python-requests/2.31.0"
127.0.0.1 - - [20/Jan/2025:16:14:20 +0800] "POST /robot/lora-in.php HTTP/1.1" 200 - "-" "python-requests/2.31.0"
127.0.0.1 - - [20/Jan/2025:16:14:27 +0800] "POST /robot/lora-in.php HTTP/1.1" 200 - "-" "python-requests/2.31.0"
127.0.0.1 - - [20/Jan/2025:16:14:29 +0800] "POST /robot/lora-in.php HTTP/1.1" 200 - "-" "python-requests/2.31.0"
127.0.0.1 - - [20/Jan/2025:16:14:32 +0800] "POST /robot/et-7026-in.php HTTP/1.1" 200 - "-" "python-requests/2.31.0"
111.70.30.250 - - [20/Jan/2025:16:14:35 +0800] "POST /robot/lora-in.php HTTP/1.1" 200 - "-" "python-requests/2.21.0"
127.0.0.1 - - [20/Jan/2025:16:15:00 +0800] "GET /robot/alarm-history-in.php HTTP/1.1" 200 - "-" "python-requests/2.28.1"
111.70.30.251 - - [20/Jan/2025:16:15:37 +0800] "POST /robot/lora-in.php HTTP/1.1" 200 - "-" "python-requests/2.21.0"
111.70.30.251 - - [20/Jan/2025:16:15:50 +0800] "POST /robot/lora-in.php HTTP/1.1" 200 - "-" "python-requests/2.21.0"
127.0.0.1 - - [20/Jan/2025:16:16:00 +0800] "GET /robot/alarm-history-in.php HTTP/1.1" 200 - "-" "python-requests/2.28.1"
127.0.0.1 - - [20/Jan/2025:16:17:00 +0800] "GET /robot/alarm-history-in.php HTTP/1.1" 200 - "-" "python-requests/2.28.1"
127.0.0.1 - - [20/Jan/2025:16:17:10 +0800] "POST /robot/et-7026-in.php HTTP/1.1" 200 - "-" "python-requests/2.31.0"
111.70.30.251 - - [20/Jan/2025:16:17:21 +0800] "POST /robot/lora-in.php HTTP/1.1" 200 - "-" "python-requests/2.21.0"
127.0.0.1 - - [20/Jan/2025:16:18:00 +0800] "GET /robot/alarm-history-in.php HTTP/1.1" 200 - "-" "python-requests/2.28.1"
127.0.0.1 - - [20/Jan/2025:16:18:12 +0800] "POST /robot/et-7026-in.php HTTP/1.1" 200 - "-" "python-requests/2.31.0"
127.0.0.1 - - [20/Jan/2025:16:18:51 +0800] "POST /robot/et-7026-in.php HTTP/1.1" 200 - "-" "python-requests/2.31.0"
127.0.0.1 - - [20/Jan/2025:16:19:00 +0800] "GET /robot/alarm-history-in.php HTTP/1.1" 200 - "-" "python-requests/2.28.1"
111.70.30.251 - - [20/Jan/2025:16:19:36 +0800] "POST /robot/lora-in.php HTTP/1.1" 200 - "-" "python-requests/2.21.0"
111.70.30.253 - - [20/Jan/2025:16:19:39 +0800] "POST /robot/lora-in.php HTTP/1.1" 200 - "-" "python-requests/2.21.0"
127.0.0.1 - - [20/Jan/2025:16:20:00 +0800] "GET /robot/alarm-history-in.php HTTP/1.1" 200 - "-" "python-requests/2.28.1"
127.0.0.1 - - [20/Jan/2025:16:21:00 +0800] "GET /robot/alarm-history-in.php HTTP/1.1" 200 - "-" "python-requests/2.28.1"
127.0.0.1 - - [20/Jan/2025:16:22:00 +0800] "GET /robot/alarm-history-in.php HTTP/1.1" 200 - "-" "python-requests/2.28.1"
111.70.30.252 - - [20/Jan/2025:16:22:49 +0800] "POST /robot/lora-in.php HTTP/1.1" 200 - "-" "python-requests/2.21.0"
127.0.0.1 - - [20/Jan/2025:16:23:00 +0800] "GET /robot/alarm-history-in.php HTTP/1.1" 200 - "-" "python-requests/2.28.1"
111.70.30.250 - - [20/Jan/2025:16:23:11 +0800] "POST /robot/lora-in.php HTTP/1.1" 200 - "-" "python-requests/2.21.0"
111.70.30.251 - - [20/Jan/2025:16:23:34 +0800] "POST /robot/lora-in.php HTTP/1.1" 200 - "-" "python-requests/2.21.0"
127.0.0.1 - - [20/Jan/2025:16:23:56 +0800] "POST /robot/lora-in.php HTTP/1.1" 200 - "-" "python-requests/2.31.0"
127.0.0.1 - - [20/Jan/2025:16:23:59 +0800] "POST /robot/lora-in.php HTTP/1.1" 200 - "-" "python-requests/2.31.0"
127.0.0.1 - - [20/Jan/2025:16:24:00 +0800] "GET /robot/alarm-history-in.php HTTP/1.1" 200 - "-" "python-requests/2.28.1"
127.0.0.1 - - [20/Jan/2025:16:24:12 +0800] "POST /robot/lora-in.php HTTP/1.1" 200 - "-" "python-requests/2.31.0"
111.70.30.251 - - [20/Jan/2025:16:24:13 +0800] "POST /robot/lora-in.php HTTP/1.1" 200 - "-" "python-requests/2.21.0"
127.0.0.1 - - [20/Jan/2025:16:24:16 +0800] "POST /robot/lora-in.php HTTP/1.1" 200 - "-" "python-requests/2.31.0"
127.0.0.1 - - [20/Jan/2025:16:24:24 +0800] "POST /robot/lora-in.php HTTP/1.1" 200 - "-" "python-requests/2.31.0"
127.0.0.1 - - [20/Jan/2025:16:24:32 +0800] "POST /robot/lora-in.php HTTP/1.1" 200 - "-" "python-requests/2.31.0"
127.0.0.1 - - [20/Jan/2025:16:24:33 +0800] "POST /robot/et-7026-in.php HTTP/1.1" 200 - "-" "python-requests/2.31.0"
127.0.0.1 - - [20/Jan/2025:16:25:00 +0800] "GET /robot/alarm-history-in.php HTTP/1.1" 200 - "-" "python-requests/2.28.1"
127.0.0.1 - - [20/Jan/2025:16:26:00 +0800] "GET /robot/alarm-history-in.php HTTP/1.1" 200 - "-" "python-requests/2.28.1"
111.70.30.251 - - [20/Jan/2025:16:26:29 +0800] "POST /robot/lora-in.php HTTP/1.1" 200 - "-" "python-requests/2.21.0"
127.0.0.1 - - [20/Jan/2025:16:27:00 +0800] "GET /robot/alarm-history-in.php HTTP/1.1" 200 - "-" "python-requests/2.28.1"
127.0.0.1 - - [20/Jan/2025:16:27:11 +0800] "POST /robot/et-7026-in.php HTTP/1.1" 200 - "-" "python-requests/2.31.0"
111.70.30.251 - - [20/Jan/2025:16:27:33 +0800] "POST /robot/lora-in.php HTTP/1.1" 200 - "-" "python-requests/2.21.0"
127.0.0.1 - - [20/Jan/2025:16:28:00 +0800] "GET /robot/alarm-history-in.php HTTP/1.1" 200 - "-" "python-requests/2.28.1"
127.0.0.1 - - [20/Jan/2025:16:28:12 +0800] "POST /robot/et-7026-in.php HTTP/1.1" 200 - "-" "python-requests/2.31.0"
111.70.30.253 - - [20/Jan/2025:16:28:26 +0800] "POST /robot/lora-in.php HTTP/1.1" 200 - "-" "python-requests/2.21.0"
127.0.0.1 - - [20/Jan/2025:16:28:51 +0800] "POST /robot/et-7026-in.php HTTP/1.1" 200 - "-" "python-requests/2.31.0"
127.0.0.1 - - [20/Jan/2025:16:29:00 +0800] "GET /robot/alarm-history-in.php HTTP/1.1" 200 - "-" "python-requests/2.28.1"
127.0.0.1 - - [20/Jan/2025:16:30:00 +0800] "GET /robot/alarm-history-in.php HTTP/1.1" 200 - "-" "python-requests/2.28.1"
127.0.0.1 - - [20/Jan/2025:16:31:00 +0800] "GET /robot/alarm-history-in.php HTTP/1.1" 200 - "-" "python-requests/2.28.1"
111.70.30.251 - - [20/Jan/2025:16:31:32 +0800] "POST /robot/lora-in.php HTTP/1.1" 200 - "-" "python-requests/2.21.0"
111.70.30.250 - - [20/Jan/2025:16:31:47 +0800] "POST /robot/lora-in.php HTTP/1.1" 200 - "-" "python-requests/2.21.0"
127.0.0.1 - - [20/Jan/2025:16:32:00 +0800] "GET /robot/alarm-history-in.php HTTP/1.1" 200 - "-" "python-requests/2.28.1"
127.0.0.1 - - [20/Jan/2025:16:33:00 +0800] "GET /robot/alarm-history-in.php HTTP/1.1" 200 - "-" "python-requests/2.28.1"
127.0.0.1 - - [20/Jan/2025:16:33:56 +0800] "POST /robot/lora-in.php HTTP/1.1" 200 - "-" "python-requests/2.31.0"
127.0.0.1 - - [20/Jan/2025:16:33:58 +0800] "POST /robot/lora-in.php HTTP/1.1" 200 - "-" "python-requests/2.31.0"
127.0.0.1 - - [20/Jan/2025:16:34:01 +0800] "GET /robot/alarm-history-in.php HTTP/1.1" 200 - "-" "python-requests/2.28.1"
127.0.0.1 - - [20/Jan/2025:16:34:12 +0800] "POST /robot/lora-in.php HTTP/1.1" 200 - "-" "python-requests/2.31.0"
127.0.0.1 - - [20/Jan/2025:16:34:15 +0800] "POST /robot/lora-in.php HTTP/1.1" 200 - "-" "python-requests/2.31.0"
127.0.0.1 - - [20/Jan/2025:16:34:18 +0800] "POST /robot/lora-in.php HTTP/1.1" 200 - "-" "python-requests/2.31.0"
127.0.0.1 - - [20/Jan/2025:16:34:28 +0800] "POST /robot/lora-in.php HTTP/1.1" 200 - "-" "python-requests/2.31.0"
127.0.0.1 - - [20/Jan/2025:16:34:36 +0800] "POST /robot/et-7026-in.php HTTP/1.1" 200 - "-" "python-requests/2.31.0"
127.0.0.1 - - [20/Jan/2025:16:35:00 +0800] "GET /robot/alarm-history-in.php HTTP/1.1" 200 - "-" "python-requests/2.28.1"
111.70.30.251 - - [20/Jan/2025:16:35:38 +0800] "POST /robot/lora-in.php HTTP/1.1" 200 - "-" "python-requests/2.21.0"
127.0.0.1 - - [20/Jan/2025:16:36:00 +0800] "GET /robot/alarm-history-in.php HTTP/1.1" 200 - "-" "python-requests/2.28.1"
127.0.0.1 - - [20/Jan/2025:16:37:00 +0800] "GET /robot/alarm-history-in.php HTTP/1.1" 200 - "-" "python-requests/2.28.1"
111.70.30.253 - - [20/Jan/2025:16:37:12 +0800] "POST /robot/lora-in.php HTTP/1.1" 200 - "-" "python-requests/2.21.0"
127.0.0.1 - - [20/Jan/2025:16:37:13 +0800] "POST /robot/et-7026-in.php HTTP/1.1" 200 - "-" "python-requests/2.31.0"
127.0.0.1 - - [20/Jan/2025:16:38:00 +0800] "GET /robot/alarm-history-in.php HTTP/1.1" 200 - "-" "python-requests/2.28.1"
127.0.0.1 - - [20/Jan/2025:16:38:12 +0800] "POST /robot/et-7026-in.php HTTP/1.1" 200 - "-" "python-requests/2.31.0"
127.0.0.1 - - [20/Jan/2025:16:38:51 +0800] "POST /robot/et-7026-in.php HTTP/1.1" 200 - "-" "python-requests/2.31.0"
127.0.0.1 - - [20/Jan/2025:16:39:00 +0800] "GET /robot/alarm-history-in.php HTTP/1.1" 200 - "-" "python-requests/2.28.1"
111.70.30.251 - - [20/Jan/2025:16:39:28 +0800] "POST /robot/lora-in.php HTTP/1.1" 200 - "-" "python-requests/2.21.0"
127.0.0.1 - - [20/Jan/2025:16:40:00 +0800] "GET /robot/alarm-history-in.php HTTP/1.1" 200 - "-" "python-requests/2.28.1"
111.70.30.250 - - [20/Jan/2025:16:40:23 +0800] "POST /robot/lora-in.php HTTP/1.1" 200 - "-" "python-requests/2.21.0"
111.70.30.251 - - [20/Jan/2025:16:40:54 +0800] "POST /robot/lora-in.php HTTP/1.1" 200 - "-" "python-requests/2.21.0"
127.0.0.1 - - [20/Jan/2025:16:41:00 +0800] "GET /robot/alarm-history-in.php HTTP/1.1" 200 - "-" "python-requests/2.28.1"
111.70.30.252 - - [20/Jan/2025:16:41:23 +0800] "POST /robot/lora-in.php HTTP/1.1" 200 - "-" "python-requests/2.21.0"
127.0.0.1 - - [20/Jan/2025:16:42:00 +0800] "GET /robot/alarm-history-in.php HTTP/1.1" 200 - "-" "python-requests/2.28.1"
127.0.0.1 - - [20/Jan/2025:16:43:00 +0800] "GET /robot/alarm-history-in.php HTTP/1.1" 200 - "-" "python-requests/2.28.1"
111.70.30.251 - - [20/Jan/2025:16:43:27 +0800] "POST /robot/lora-in.php HTTP/1.1" 200 - "-" "python-requests/2.21.0"
127.0.0.1 - - [20/Jan/2025:16:43:56 +0800] "POST /robot/lora-in.php HTTP/1.1" 200 - "-" "python-requests/2.31.0"
127.0.0.1 - - [20/Jan/2025:16:44:00 +0800] "GET /robot/alarm-history-in.php HTTP/1.1" 200 - "-" "python-requests/2.28.1"
127.0.0.1 - - [20/Jan/2025:16:44:04 +0800] "POST /robot/lora-in.php HTTP/1.1" 200 - "-" "python-requests/2.31.0"
127.0.0.1 - - [20/Jan/2025:16:44:27 +0800] "POST /robot/lora-in.php HTTP/1.1" 200 - "-" "python-requests/2.31.0"
127.0.0.1 - - [20/Jan/2025:16:44:29 +0800] "POST /robot/lora-in.php HTTP/1.1" 200 - "-" "python-requests/2.31.0"
127.0.0.1 - - [20/Jan/2025:16:44:35 +0800] "POST /robot/lora-in.php HTTP/1.1" 200 - "-" "python-requests/2.31.0"
127.0.0.1 - - [20/Jan/2025:16:44:36 +0800] "POST /robot/lora-in.php HTTP/1.1" 200 - "-" "python-requests/2.31.0"
127.0.0.1 - - [20/Jan/2025:16:44:39 +0800] "POST /robot/et-7026-in.php HTTP/1.1" 200 - "-" "python-requests/2.31.0"
111.70.30.251 - - [20/Jan/2025:16:44:46 +0800] "POST /robot/lora-in.php HTTP/1.1" 200 - "-" "python-requests/2.21.0"
127.0.0.1 - - [20/Jan/2025:16:45:00 +0800] "GET /robot/alarm-history-in.php HTTP/1.1" 200 - "-" "python-requests/2.28.1"
111.70.30.253 - - [20/Jan/2025:16:45:59 +0800] "POST /robot/lora-in.php HTTP/1.1" 200 - "-" "python-requests/2.21.0"
127.0.0.1 - - [20/Jan/2025:16:46:00 +0800] "GET /robot/alarm-history-in.php HTTP/1.1" 200 - "-" "python-requests/2.28.1"
127.0.0.1 - - [20/Jan/2025:16:47:00 +0800] "GET /robot/alarm-history-in.php HTTP/1.1" 200 - "-" "python-requests/2.28.1"
127.0.0.1 - - [20/Jan/2025:16:47:14 +0800] "POST /robot/et-7026-in.php HTTP/1.1" 200 - "-" "python-requests/2.31.0"
111.70.30.251 - - [20/Jan/2025:16:47:25 +0800] "POST /robot/lora-in.php HTTP/1.1" 200 - "-" "python-requests/2.21.0"
127.0.0.1 - - [20/Jan/2025:16:48:00 +0800] "GET /robot/alarm-history-in.php HTTP/1.1" 200 - "-" "python-requests/2.28.1"
127.0.0.1 - - [20/Jan/2025:16:48:12 +0800] "POST /robot/et-7026-in.php HTTP/1.1" 200 - "-" "python-requests/2.31.0"
127.0.0.1 - - [20/Jan/2025:16:48:54 +0800] "POST /robot/et-7026-in.php HTTP/1.1" 200 - "-" "python-requests/2.31.0"
111.70.30.250 - - [20/Jan/2025:16:49:00 +0800] "POST /robot/lora-in.php HTTP/1.1" 200 - "-" "python-requests/2.21.0"
127.0.0.1 - - [20/Jan/2025:16:49:00 +0800] "GET /robot/alarm-history-in.php HTTP/1.1" 200 - "-" "python-requests/2.28.1"
111.70.30.251 - - [20/Jan/2025:16:49:15 +0800] "POST /robot/lora-in.php HTTP/1.1" 200 - "-" "python-requests/2.21.0"
127.0.0.1 - - [20/Jan/2025:16:50:01 +0800] "GET /robot/alarm-history-in.php HTTP/1.1" 200 - "-" "python-requests/2.28.1"
111.70.30.252 - - [20/Jan/2025:16:50:34 +0800] "POST /robot/lora-in.php HTTP/1.1" 200 - "-" "python-requests/2.21.0"
127.0.0.1 - - [20/Jan/2025:16:51:00 +0800] "GET /robot/alarm-history-in.php HTTP/1.1" 200 - "-" "python-requests/2.28.1"
111.70.30.251 - - [20/Jan/2025:16:51:26 +0800] "POST /robot/lora-in.php HTTP/1.1" 200 - "-" "python-requests/2.21.0"
127.0.0.1 - - [20/Jan/2025:16:52:00 +0800] "GET /robot/alarm-history-in.php HTTP/1.1" 200 - "-" "python-requests/2.28.1"
127.0.0.1 - - [20/Jan/2025:16:53:00 +0800] "GET /robot/alarm-history-in.php HTTP/1.1" 200 - "-" "python-requests/2.28.1"
111.70.30.251 - - [20/Jan/2025:16:53:55 +0800] "POST /robot/lora-in.php HTTP/1.1" 200 - "-" "python-requests/2.21.0"
127.0.0.1 - - [20/Jan/2025:16:53:56 +0800] "POST /robot/lora-in.php HTTP/1.1" 200 - "-" "python-requests/2.31.0"
127.0.0.1 - - [20/Jan/2025:16:54:00 +0800] "GET /robot/alarm-history-in.php HTTP/1.1" 200 - "-" "python-requests/2.28.1"
127.0.0.1 - - [20/Jan/2025:16:54:01 +0800] "POST /robot/lora-in.php HTTP/1.1" 200 - "-" "python-requests/2.31.0"
127.0.0.1 - - [20/Jan/2025:16:54:14 +0800] "POST /robot/lora-in.php HTTP/1.1" 200 - "-" "python-requests/2.31.0"
127.0.0.1 - - [20/Jan/2025:16:54:15 +0800] "POST /robot/lora-in.php HTTP/1.1" 200 - "-" "python-requests/2.31.0"
127.0.0.1 - - [20/Jan/2025:16:54:18 +0800] "POST /robot/lora-in.php HTTP/1.1" 200 - "-" "python-requests/2.31.0"
127.0.0.1 - - [20/Jan/2025:16:54:26 +0800] "POST /robot/lora-in.php HTTP/1.1" 200 - "-" "python-requests/2.31.0"
127.0.0.1 - - [20/Jan/2025:16:54:42 +0800] "POST /robot/et-7026-in.php HTTP/1.1" 200 - "-" "python-requests/2.31.0"
111.70.30.253 - - [20/Jan/2025:16:54:45 +0800] "POST /robot/lora-in.php HTTP/1.1" 200 - "-" "python-requests/2.21.0"
127.0.0.1 - - [20/Jan/2025:16:55:00 +0800] "GET /robot/alarm-history-in.php HTTP/1.1" 200 - "-" "python-requests/2.28.1"
111.70.30.251 - - [20/Jan/2025:16:55:22 +0800] "POST /robot/lora-in.php HTTP/1.1" 200 - "-" "python-requests/2.21.0"
