172.16.36.181 - - [28/Oct/2025:08:58:23 +0800] "GET /manager-page/api/snapshot.php?id=11&t=0.6941144795991321 HTTP/1.1" 200 38590 "http://192.168.60.79/manager-page/home-1.php" "Mozilla/5.0 (Windows NT 10.0; Win64; x64) AppleWebKit/537.36 (KHTML, like Gecko) Chrome/141.0.0.0 Safari/537.36 Edg/141.0.0.0"
172.16.36.181 - - [28/Oct/2025:08:58:23 +0800] "GET /manager-page/api/snapshot.php?id=12&t=0.7958411462135986 HTTP/1.1" 200 29441 "http://192.168.60.79/manager-page/home-1.php" "Mozilla/5.0 (Windows NT 10.0; Win64; x64) AppleWebKit/537.36 (KHTML, like Gecko) Chrome/141.0.0.0 Safari/537.36 Edg/141.0.0.0"
172.16.36.181 - - [28/Oct/2025:08:58:28 +0800] "GET /manager-page/api/snapshot.php?id=11&t=0.7788947510577632 HTTP/1.1" 200 38186 "http://192.168.60.79/manager-page/home-1.php" "Mozilla/5.0 (Windows NT 10.0; Win64; x64) AppleWebKit/537.36 (KHTML, like Gecko) Chrome/141.0.0.0 Safari/537.36 Edg/141.0.0.0"
172.16.36.181 - - [28/Oct/2025:08:58:27 +0800] "GET /manager-page/home-4.php HTTP/1.1" 200 18480 "http://192.168.60.79/manager-page/home-1.php" "Mozilla/5.0 (Windows NT 10.0; Win64; x64) AppleWebKit/537.36 (KHTML, like Gecko) Chrome/141.0.0.0 Safari/537.36 Edg/141.0.0.0"
172.16.36.181 - - [28/Oct/2025:08:58:28 +0800] "GET /manager-page/api/snapshot.php?id=12&t=0.20799246146523553 HTTP/1.1" 500 - "http://192.168.60.79/manager-page/home-1.php" "Mozilla/5.0 (Windows NT 10.0; Win64; x64) AppleWebKit/537.36 (KHTML, like Gecko) Chrome/141.0.0.0 Safari/537.36 Edg/141.0.0.0"
172.16.36.181 - - [28/Oct/2025:08:58:29 +0800] "GET /manager-page/home-2.php HTTP/1.1" 200 18468 "http://192.168.60.79/manager-page/home-1.php" "Mozilla/5.0 (Windows NT 10.0; Win64; x64) AppleWebKit/537.36 (KHTML, like Gecko) Chrome/141.0.0.0 Safari/537.36 Edg/141.0.0.0"
172.16.36.181 - - [28/Oct/2025:08:58:33 +0800] "GET /manager-page/api/snapshot.php?id=11&t=0.9462822677536178 HTTP/1.1" 500 - "http://192.168.60.79/manager-page/home-1.php" "Mozilla/5.0 (Windows NT 10.0; Win64; x64) AppleWebKit/537.36 (KHTML, like Gecko) Chrome/141.0.0.0 Safari/537.36 Edg/141.0.0.0"
127.0.0.1 - - [28/Oct/2025:08:59:00 +0800] "GET /robot/alarm-history-in.php HTTP/1.1" 200 - "-" "python-requests/2.28.1"
127.0.0.1 - - [28/Oct/2025:08:59:01 +0800] "POST /robot/et-7026-in.php HTTP/1.1" 200 - "-" "python-requests/2.32.2"
172.16.36.181 - - [28/Oct/2025:08:58:33 +0800] "GET /manager-page/api/snapshot.php?id=12&t=0.975953965842661 HTTP/1.1" 500 - "http://192.168.60.79/manager-page/home-1.php" "Mozilla/5.0 (Windows NT 10.0; Win64; x64) AppleWebKit/537.36 (KHTML, like Gecko) Chrome/141.0.0.0 Safari/537.36 Edg/141.0.0.0"
172.16.36.181 - - [28/Oct/2025:08:58:38 +0800] "GET /manager-page/api/snapshot.php?id=11&t=0.8806359668211484 HTTP/1.1" 500 - "http://192.168.60.79/manager-page/home-1.php" "Mozilla/5.0 (Windows NT 10.0; Win64; x64) AppleWebKit/537.36 (KHTML, like Gecko) Chrome/141.0.0.0 Safari/537.36 Edg/141.0.0.0"
172.16.36.181 - - [28/Oct/2025:08:58:38 +0800] "GET /manager-page/api/snapshot.php?id=12&t=0.12699225180376816 HTTP/1.1" 500 - "http://192.168.60.79/manager-page/home-1.php" "Mozilla/5.0 (Windows NT 10.0; Win64; x64) AppleWebKit/537.36 (KHTML, like Gecko) Chrome/141.0.0.0 Safari/537.36 Edg/141.0.0.0"
127.0.0.1 - - [28/Oct/2025:08:59:18 +0800] "POST /robot/et-7026-in.php HTTP/1.1" 200 - "-" "python-requests/2.32.2"
172.16.36.181 - - [28/Oct/2025:08:59:35 +0800] "GET /manager-page/alarm/1-1.jpg?t=1006376619 HTTP/1.1" 200 322868 "http://192.168.60.79/manager-page/home-1.php" "Mozilla/5.0 (Windows NT 10.0; Win64; x64) AppleWebKit/537.36 (KHTML, like Gecko) Chrome/141.0.0.0 Safari/537.36 Edg/141.0.0.0"
172.16.36.181 - - [28/Oct/2025:08:59:35 +0800] "GET /manager-page/alarm/1-2.jpg?t=1761816133 HTTP/1.1" 200 495492 "http://192.168.60.79/manager-page/home-1.php" "Mozilla/5.0 (Windows NT 10.0; Win64; x64) AppleWebKit/537.36 (KHTML, like Gecko) Chrome/141.0.0.0 Safari/537.36 Edg/141.0.0.0"
172.16.36.181 - - [28/Oct/2025:08:58:41 +0800] "GET /manager-page/home-1.php HTTP/1.1" 200 20244 "http://192.168.60.79/manager-page/home-1.php" "Mozilla/5.0 (Windows NT 10.0; Win64; x64) AppleWebKit/537.36 (KHTML, like Gecko) Chrome/141.0.0.0 Safari/537.36 Edg/141.0.0.0"
172.16.36.181 - - [28/Oct/2025:08:58:43 +0800] "GET /manager-page/api/snapshot.php?id=11&t=0.08484242311454426 HTTP/1.1" 500 - "http://192.168.60.79/manager-page/home-1.php" "Mozilla/5.0 (Windows NT 10.0; Win64; x64) AppleWebKit/537.36 (KHTML, like Gecko) Chrome/141.0.0.0 Safari/537.36 Edg/141.0.0.0"
172.16.36.181 - - [28/Oct/2025:08:58:43 +0800] "GET /manager-page/api/snapshot.php?id=12&t=0.5824460536853024 HTTP/1.1" 500 - "http://192.168.60.79/manager-page/home-1.php" "Mozilla/5.0 (Windows NT 10.0; Win64; x64) AppleWebKit/537.36 (KHTML, like Gecko) Chrome/141.0.0.0 Safari/537.36 Edg/141.0.0.0"
172.16.36.181 - - [28/Oct/2025:08:58:48 +0800] "GET /manager-page/api/snapshot.php?id=12&t=0.03457240678130957 HTTP/1.1" 500 - "http://192.168.60.79/manager-page/home-1.php" "Mozilla/5.0 (Windows NT 10.0; Win64; x64) AppleWebKit/537.36 (KHTML, like Gecko) Chrome/141.0.0.0 Safari/537.36 Edg/141.0.0.0"
172.16.36.181 - - [28/Oct/2025:08:58:48 +0800] "GET /manager-page/api/snapshot.php?id=11&t=0.7656035736978033 HTTP/1.1" 500 - "http://192.168.60.79/manager-page/home-1.php" "Mozilla/5.0 (Windows NT 10.0; Win64; x64) AppleWebKit/537.36 (KHTML, like Gecko) Chrome/141.0.0.0 Safari/537.36 Edg/141.0.0.0"
172.16.36.181 - - [28/Oct/2025:08:58:53 +0800] "GET /manager-page/api/snapshot.php?id=11&t=0.683581399659384 HTTP/1.1" 500 - "http://192.168.60.79/manager-page/home-1.php" "Mozilla/5.0 (Windows NT 10.0; Win64; x64) AppleWebKit/537.36 (KHTML, like Gecko) Chrome/141.0.0.0 Safari/537.36 Edg/141.0.0.0"
172.16.36.181 - - [28/Oct/2025:08:58:53 +0800] "GET /manager-page/api/snapshot.php?id=12&t=0.25834630616762777 HTTP/1.1" 500 - "http://192.168.60.79/manager-page/home-1.php" "Mozilla/5.0 (Windows NT 10.0; Win64; x64) AppleWebKit/537.36 (KHTML, like Gecko) Chrome/141.0.0.0 Safari/537.36 Edg/141.0.0.0"
111.70.30.250 - - [28/Oct/2025:08:59:40 +0800] "POST /robot/lora-in.php HTTP/1.1" 200 - "-" "python-requests/2.21.0"
172.16.36.181 - - [28/Oct/2025:08:58:58 +0800] "GET /manager-page/api/snapshot.php?id=11&t=0.6270394680761192 HTTP/1.1" 500 - "http://192.168.60.79/manager-page/home-1.php" "Mozilla/5.0 (Windows NT 10.0; Win64; x64) AppleWebKit/537.36 (KHTML, like Gecko) Chrome/141.0.0.0 Safari/537.36 Edg/141.0.0.0"
172.16.36.181 - - [28/Oct/2025:08:58:58 +0800] "GET /manager-page/api/snapshot.php?id=12&t=0.6818340179371396 HTTP/1.1" 500 - "http://192.168.60.79/manager-page/home-1.php" "Mozilla/5.0 (Windows NT 10.0; Win64; x64) AppleWebKit/537.36 (KHTML, like Gecko) Chrome/141.0.0.0 Safari/537.36 Edg/141.0.0.0"
172.16.36.181 - - [28/Oct/2025:08:59:04 +0800] "GET /manager-page/api/snapshot.php?id=11&t=0.01512182403170359 HTTP/1.1" 500 - "http://192.168.60.79/manager-page/home-1.php" "Mozilla/5.0 (Windows NT 10.0; Win64; x64) AppleWebKit/537.36 (KHTML, like Gecko) Chrome/141.0.0.0 Safari/537.36 Edg/141.0.0.0"
172.16.36.181 - - [28/Oct/2025:08:59:04 +0800] "GET /manager-page/api/snapshot.php?id=12&t=0.26689707161973764 HTTP/1.1" 500 - "http://192.168.60.79/manager-page/home-1.php" "Mozilla/5.0 (Windows NT 10.0; Win64; x64) AppleWebKit/537.36 (KHTML, like Gecko) Chrome/141.0.0.0 Safari/537.36 Edg/141.0.0.0"
172.16.36.181 - - [28/Oct/2025:08:59:08 +0800] "GET /manager-page/api/snapshot.php?id=12&t=0.9648998455403697 HTTP/1.1" 500 - "http://192.168.60.79/manager-page/home-1.php" "Mozilla/5.0 (Windows NT 10.0; Win64; x64) AppleWebKit/537.36 (KHTML, like Gecko) Chrome/141.0.0.0 Safari/537.36 Edg/141.0.0.0"
172.16.36.181 - - [28/Oct/2025:08:59:08 +0800] "GET /manager-page/api/snapshot.php?id=11&t=0.13698868668468 HTTP/1.1" 500 - "http://192.168.60.79/manager-page/home-1.php" "Mozilla/5.0 (Windows NT 10.0; Win64; x64) AppleWebKit/537.36 (KHTML, like Gecko) Chrome/141.0.0.0 Safari/537.36 Edg/141.0.0.0"
172.16.36.181 - - [28/Oct/2025:08:59:14 +0800] "GET /manager-page/api/snapshot.php?id=11&t=0.8833550467133597 HTTP/1.1" 500 - "http://192.168.60.79/manager-page/home-1.php" "Mozilla/5.0 (Windows NT 10.0; Win64; x64) AppleWebKit/537.36 (KHTML, like Gecko) Chrome/141.0.0.0 Safari/537.36 Edg/141.0.0.0"
172.16.36.181 - - [28/Oct/2025:08:59:14 +0800] "GET /manager-page/api/snapshot.php?id=12&t=0.6245333602442069 HTTP/1.1" 500 - "http://192.168.60.79/manager-page/home-1.php" "Mozilla/5.0 (Windows NT 10.0; Win64; x64) AppleWebKit/537.36 (KHTML, like Gecko) Chrome/141.0.0.0 Safari/537.36 Edg/141.0.0.0"
172.16.36.181 - - [28/Oct/2025:08:59:18 +0800] "GET /manager-page/api/snapshot.php?id=12&t=0.09622536346945709 HTTP/1.1" 500 - "http://192.168.60.79/manager-page/home-1.php" "Mozilla/5.0 (Windows NT 10.0; Win64; x64) AppleWebKit/537.36 (KHTML, like Gecko) Chrome/141.0.0.0 Safari/537.36 Edg/141.0.0.0"
172.16.36.181 - - [28/Oct/2025:08:59:18 +0800] "GET /manager-page/api/snapshot.php?id=11&t=0.36648382249991573 HTTP/1.1" 500 - "http://192.168.60.79/manager-page/home-1.php" "Mozilla/5.0 (Windows NT 10.0; Win64; x64) AppleWebKit/537.36 (KHTML, like Gecko) Chrome/141.0.0.0 Safari/537.36 Edg/141.0.0.0"
172.16.36.181 - - [28/Oct/2025:08:59:24 +0800] "GET /manager-page/api/snapshot.php?id=12&t=0.5061173070826237 HTTP/1.1" 500 - "http://192.168.60.79/manager-page/home-1.php" "Mozilla/5.0 (Windows NT 10.0; Win64; x64) AppleWebKit/537.36 (KHTML, like Gecko) Chrome/141.0.0.0 Safari/537.36 Edg/141.0.0.0"
172.16.36.181 - - [28/Oct/2025:08:59:24 +0800] "GET /manager-page/api/snapshot.php?id=11&t=0.16352491671430558 HTTP/1.1" 500 - "http://192.168.60.79/manager-page/home-1.php" "Mozilla/5.0 (Windows NT 10.0; Win64; x64) AppleWebKit/537.36 (KHTML, like Gecko) Chrome/141.0.0.0 Safari/537.36 Edg/141.0.0.0"
172.16.36.181 - - [28/Oct/2025:08:59:35 +0800] "GET /manager-page/api/snapshot.php?id=11 HTTP/1.1" 500 - "http://192.168.60.79/manager-page/home-1.php" "Mozilla/5.0 (Windows NT 10.0; Win64; x64) AppleWebKit/537.36 (KHTML, like Gecko) Chrome/141.0.0.0 Safari/537.36 Edg/141.0.0.0"
172.16.36.181 - - [28/Oct/2025:08:59:35 +0800] "GET /manager-page/api/snapshot.php?id=12 HTTP/1.1" 500 - "http://192.168.60.79/manager-page/home-1.php" "Mozilla/5.0 (Windows NT 10.0; Win64; x64) AppleWebKit/537.36 (KHTML, like Gecko) Chrome/141.0.0.0 Safari/537.36 Edg/141.0.0.0"
127.0.0.1 - - [28/Oct/2025:09:00:00 +0800] "GET /robot/alarm-history-in.php HTTP/1.1" 200 - "-" "python-requests/2.28.1"
172.16.36.181 - - [28/Oct/2025:09:00:02 +0800] "GET /manager-page/live/1-2.jpg HTTP/1.1" 200 29479 "http://192.168.60.79/manager-page/home-1.php" "Mozilla/5.0 (Windows NT 10.0; Win64; x64) AppleWebKit/537.36 (KHTML, like Gecko) Chrome/141.0.0.0 Safari/537.36 Edg/141.0.0.0"
172.16.36.181 - - [28/Oct/2025:09:00:02 +0800] "GET /manager-page/live/1-1.jpg HTTP/1.1" 200 37759 "http://192.168.60.79/manager-page/home-1.php" "Mozilla/5.0 (Windows NT 10.0; Win64; x64) AppleWebKit/537.36 (KHTML, like Gecko) Chrome/141.0.0.0 Safari/537.36 Edg/141.0.0.0"
127.0.0.1 - - [28/Oct/2025:09:01:00 +0800] "GET /robot/alarm-history-in.php HTTP/1.1" 200 - "-" "python-requests/2.28.1"
111.70.30.252 - - [28/Oct/2025:09:01:01 +0800] "POST /robot/lora-in.php HTTP/1.1" 200 - "-" "python-requests/2.21.0"
111.70.30.253 - - [28/Oct/2025:09:01:55 +0800] "POST /robot/lora-in.php HTTP/1.1" 200 - "-" "python-requests/2.21.0"
127.0.0.1 - - [28/Oct/2025:09:02:00 +0800] "GET /robot/alarm-history-in.php HTTP/1.1" 200 - "-" "python-requests/2.28.1"
127.0.0.1 - - [28/Oct/2025:09:03:00 +0800] "GET /robot/alarm-history-in.php HTTP/1.1" 200 - "-" "python-requests/2.28.1"
127.0.0.1 - - [28/Oct/2025:09:03:33 +0800] "POST /robot/et-7026-in.php HTTP/1.1" 200 - "-" "python-requests/2.32.2"
127.0.0.1 - - [28/Oct/2025:09:04:00 +0800] "GET /robot/alarm-history-in.php HTTP/1.1" 200 - "-" "python-requests/2.28.1"
127.0.0.1 - - [28/Oct/2025:09:04:22 +0800] "GET /get-setting.json HTTP/1.1" 200 2314 "-" "python-requests/2.31.0"
111.70.30.251 - - [28/Oct/2025:09:04:27 +0800] "POST /robot/lora-in.php HTTP/1.1" 200 - "-" "python-requests/2.21.0"
127.0.0.1 - - [28/Oct/2025:09:04:25 +0800] "POST /robot/lora-in.php HTTP/1.1" 200 - "-" "python-requests/2.31.0"
127.0.0.1 - - [28/Oct/2025:09:04:32 +0800] "POST /robot/et-7026-in.php HTTP/1.1" 200 - "-" "python-requests/2.32.2"
127.0.0.1 - - [28/Oct/2025:09:04:41 +0800] "POST /robot/lora-in.php HTTP/1.1" 200 - "-" "python-requests/2.31.0"
127.0.0.1 - - [28/Oct/2025:09:04:55 +0800] "POST /robot/lora-in.php HTTP/1.1" 200 - "-" "python-requests/2.31.0"
127.0.0.1 - - [28/Oct/2025:09:05:00 +0800] "GET /robot/alarm-history-in.php HTTP/1.1" 200 - "-" "python-requests/2.28.1"
127.0.0.1 - - [28/Oct/2025:09:05:08 +0800] "POST /robot/lora-in.php HTTP/1.1" 200 - "-" "python-requests/2.31.0"
127.0.0.1 - - [28/Oct/2025:09:05:11 +0800] "POST /robot/lora-in.php HTTP/1.1" 200 - "-" "python-requests/2.31.0"
127.0.0.1 - - [28/Oct/2025:09:05:14 +0800] "POST /robot/lora-in.php HTTP/1.1" 200 - "-" "python-requests/2.31.0"
127.0.0.1 - - [28/Oct/2025:09:05:21 +0800] "POST /robot/lora-in.php HTTP/1.1" 200 - "-" "python-requests/2.31.0"
127.0.0.1 - - [28/Oct/2025:09:06:00 +0800] "GET /robot/alarm-history-in.php HTTP/1.1" 200 - "-" "python-requests/2.28.1"
127.0.0.1 - - [28/Oct/2025:09:07:00 +0800] "GET /robot/alarm-history-in.php HTTP/1.1" 200 - "-" "python-requests/2.28.1"
127.0.0.1 - - [28/Oct/2025:09:08:00 +0800] "GET /robot/alarm-history-in.php HTTP/1.1" 200 - "-" "python-requests/2.28.1"
111.70.30.250 - - [28/Oct/2025:09:08:15 +0800] "POST /robot/lora-in.php HTTP/1.1" 200 - "-" "python-requests/2.21.0"
127.0.0.1 - - [28/Oct/2025:09:09:00 +0800] "GET /robot/alarm-history-in.php HTTP/1.1" 200 - "-" "python-requests/2.28.1"
127.0.0.1 - - [28/Oct/2025:09:09:02 +0800] "POST /robot/et-7026-in.php HTTP/1.1" 200 - "-" "python-requests/2.32.2"
127.0.0.1 - - [28/Oct/2025:09:09:20 +0800] "POST /robot/et-7026-in.php HTTP/1.1" 200 - "-" "python-requests/2.32.2"
127.0.0.1 - - [28/Oct/2025:09:10:00 +0800] "GET /robot/alarm-history-in.php HTTP/1.1" 200 - "-" "python-requests/2.28.1"
111.70.30.252 - - [28/Oct/2025:09:10:15 +0800] "POST /robot/lora-in.php HTTP/1.1" 200 - "-" "python-requests/2.21.0"
111.70.30.253 - - [28/Oct/2025:09:10:41 +0800] "POST /robot/lora-in.php HTTP/1.1" 200 - "-" "python-requests/2.21.0"
127.0.0.1 - - [28/Oct/2025:09:11:00 +0800] "GET /robot/alarm-history-in.php HTTP/1.1" 200 - "-" "python-requests/2.28.1"
127.0.0.1 - - [28/Oct/2025:09:12:00 +0800] "GET /robot/alarm-history-in.php HTTP/1.1" 200 - "-" "python-requests/2.28.1"
127.0.0.1 - - [28/Oct/2025:09:13:00 +0800] "GET /robot/alarm-history-in.php HTTP/1.1" 200 - "-" "python-requests/2.28.1"
111.70.30.251 - - [28/Oct/2025:09:13:03 +0800] "POST /robot/lora-in.php HTTP/1.1" 200 - "-" "python-requests/2.21.0"
127.0.0.1 - - [28/Oct/2025:09:13:36 +0800] "POST /robot/et-7026-in.php HTTP/1.1" 200 - "-" "python-requests/2.32.2"
127.0.0.1 - - [28/Oct/2025:09:14:00 +0800] "GET /robot/alarm-history-in.php HTTP/1.1" 200 - "-" "python-requests/2.28.1"
127.0.0.1 - - [28/Oct/2025:09:14:22 +0800] "GET /get-setting.json HTTP/1.1" 200 2314 "-" "python-requests/2.31.0"
127.0.0.1 - - [28/Oct/2025:09:14:24 +0800] "POST /robot/lora-in.php HTTP/1.1" 200 - "-" "python-requests/2.31.0"
127.0.0.1 - - [28/Oct/2025:09:14:30 +0800] "POST /robot/lora-in.php HTTP/1.1" 200 - "-" "python-requests/2.31.0"
127.0.0.1 - - [28/Oct/2025:09:14:32 +0800] "POST /robot/lora-in.php HTTP/1.1" 200 - "-" "python-requests/2.31.0"
127.0.0.1 - - [28/Oct/2025:09:15:24 +0800] "POST /robot/et-7026-in.php HTTP/1.1" 200 - "-" "python-requests/2.32.2"
127.0.0.1 - - [28/Oct/2025:09:15:24 +0800] "POST /robot/et-7026-in.php HTTP/1.1" 200 - "-" "python-requests/2.32.2"
127.0.0.1 - - [28/Oct/2025:09:15:24 +0800] "POST /robot/et-7026-in.php HTTP/1.1" 200 - "-" "python-requests/2.32.2"
127.0.0.1 - - [28/Oct/2025:09:15:25 +0800] "POST /robot/et-7026-in.php HTTP/1.1" 200 - "-" "python-requests/2.32.2"
172.16.36.181 - - [28/Oct/2025:09:16:07 +0800] "GET /manager-page/alarm/1-1.jpg?t=221770683 HTTP/1.1" 200 322868 "http://192.168.60.79/manager-page/home-1.php" "Mozilla/5.0 (Windows NT 10.0; Win64; x64) AppleWebKit/537.36 (KHTML, like Gecko) Chrome/141.0.0.0 Safari/537.36 Edg/141.0.0.0"
172.16.36.181 - - [28/Oct/2025:09:16:07 +0800] "GET /manager-page/alarm/1-2.jpg?t=1712908497 HTTP/1.1" 200 495492 "http://192.168.60.79/manager-page/home-1.php" "Mozilla/5.0 (Windows NT 10.0; Win64; x64) AppleWebKit/537.36 (KHTML, like Gecko) Chrome/141.0.0.0 Safari/537.36 Edg/141.0.0.0"
172.16.36.181 - - [28/Oct/2025:09:16:03 +0800] "GET /manager-page/home-1.php HTTP/1.1" 200 27470 "http://192.168.60.79/manager-page/home-1.php" "Mozilla/5.0 (Windows NT 10.0; Win64; x64) AppleWebKit/537.36 (KHTML, like Gecko) Chrome/141.0.0.0 Safari/537.36 Edg/141.0.0.0"
172.16.36.181 - - [28/Oct/2025:09:16:07 +0800] "GET /manager-page/api/snapshot.php?id=12 HTTP/1.1" 500 - "http://192.168.60.79/manager-page/home-1.php" "Mozilla/5.0 (Windows NT 10.0; Win64; x64) AppleWebKit/537.36 (KHTML, like Gecko) Chrome/141.0.0.0 Safari/537.36 Edg/141.0.0.0"
172.16.36.181 - - [28/Oct/2025:09:16:07 +0800] "GET /manager-page/api/snapshot.php?id=11 HTTP/1.1" 500 - "http://192.168.60.79/manager-page/home-1.php" "Mozilla/5.0 (Windows NT 10.0; Win64; x64) AppleWebKit/537.36 (KHTML, like Gecko) Chrome/141.0.0.0 Safari/537.36 Edg/141.0.0.0"
172.16.36.181 - - [28/Oct/2025:09:16:13 +0800] "GET /manager-page/live/1-1.jpg HTTP/1.1" 200 39325 "http://192.168.60.79/manager-page/home-1.php" "Mozilla/5.0 (Windows NT 10.0; Win64; x64) AppleWebKit/537.36 (KHTML, like Gecko) Chrome/141.0.0.0 Safari/537.36 Edg/141.0.0.0"
172.16.36.181 - - [28/Oct/2025:09:16:13 +0800] "GET /manager-page/live/1-2.jpg HTTP/1.1" 200 29222 "http://192.168.60.79/manager-page/home-1.php" "Mozilla/5.0 (Windows NT 10.0; Win64; x64) AppleWebKit/537.36 (KHTML, like Gecko) Chrome/141.0.0.0 Safari/537.36 Edg/141.0.0.0"
172.16.36.181 - - [28/Oct/2025:09:16:13 +0800] "GET /manager-page/api/cms-status1.php HTTP/1.1" 200 12 "http://192.168.60.79/manager-page/home-1.php" "Mozilla/5.0 (Windows NT 10.0; Win64; x64) AppleWebKit/537.36 (KHTML, like Gecko) Chrome/141.0.0.0 Safari/537.36 Edg/141.0.0.0"
172.16.36.181 - - [28/Oct/2025:09:16:13 +0800] "GET /manager-page/api/lp-status1.php HTTP/1.1" 200 1 "http://192.168.60.79/manager-page/home-1.php" "Mozilla/5.0 (Windows NT 10.0; Win64; x64) AppleWebKit/537.36 (KHTML, like Gecko) Chrome/141.0.0.0 Safari/537.36 Edg/141.0.0.0"
127.0.0.1 - - [28/Oct/2025:09:16:15 +0800] "GET /get-setting.json HTTP/1.1" 200 2314 "-" "python-requests/2.31.0"
172.16.36.181 - - [28/Oct/2025:09:16:18 +0800] "GET /manager-page/api/snapshot.php?id=11&t=0.6446307101194447 HTTP/1.1" 200 39720 "http://192.168.60.79/manager-page/home-1.php" "Mozilla/5.0 (Windows NT 10.0; Win64; x64) AppleWebKit/537.36 (KHTML, like Gecko) Chrome/141.0.0.0 Safari/537.36 Edg/141.0.0.0"
172.16.36.181 - - [28/Oct/2025:09:16:18 +0800] "GET /manager-page/api/snapshot.php?id=12&t=0.3329495084688405 HTTP/1.1" 200 29694 "http://192.168.60.79/manager-page/home-1.php" "Mozilla/5.0 (Windows NT 10.0; Win64; x64) AppleWebKit/537.36 (KHTML, like Gecko) Chrome/141.0.0.0 Safari/537.36 Edg/141.0.0.0"
127.0.0.1 - - [28/Oct/2025:09:16:22 +0800] "POST /robot/lora-in.php HTTP/1.1" 200 - "-" "python-requests/2.31.0"
172.16.36.181 - - [28/Oct/2025:09:16:23 +0800] "GET /manager-page/api/snapshot.php?id=11&t=0.16645858933013902 HTTP/1.1" 200 39485 "http://192.168.60.79/manager-page/home-1.php" "Mozilla/5.0 (Windows NT 10.0; Win64; x64) AppleWebKit/537.36 (KHTML, like Gecko) Chrome/141.0.0.0 Safari/537.36 Edg/141.0.0.0"
172.16.36.181 - - [28/Oct/2025:09:16:23 +0800] "GET /manager-page/api/snapshot.php?id=12&t=0.7745080859881227 HTTP/1.1" 200 29835 "http://192.168.60.79/manager-page/home-1.php" "Mozilla/5.0 (Windows NT 10.0; Win64; x64) AppleWebKit/537.36 (KHTML, like Gecko) Chrome/141.0.0.0 Safari/537.36 Edg/141.0.0.0"
172.16.36.181 - - [28/Oct/2025:09:16:28 +0800] "GET /manager-page/api/snapshot.php?id=11&t=0.3950663255387321 HTTP/1.1" 200 39593 "http://192.168.60.79/manager-page/home-1.php" "Mozilla/5.0 (Windows NT 10.0; Win64; x64) AppleWebKit/537.36 (KHTML, like Gecko) Chrome/141.0.0.0 Safari/537.36 Edg/141.0.0.0"
172.16.36.181 - - [28/Oct/2025:09:16:28 +0800] "GET /manager-page/api/snapshot.php?id=12&t=0.5472686511869084 HTTP/1.1" 200 29626 "http://192.168.60.79/manager-page/home-1.php" "Mozilla/5.0 (Windows NT 10.0; Win64; x64) AppleWebKit/537.36 (KHTML, like Gecko) Chrome/141.0.0.0 Safari/537.36 Edg/141.0.0.0"
127.0.0.1 - - [28/Oct/2025:09:16:32 +0800] "POST /robot/lora-in.php HTTP/1.1" 200 - "-" "python-requests/2.31.0"
172.16.36.181 - - [28/Oct/2025:09:16:33 +0800] "GET /manager-page/api/snapshot.php?id=11&t=0.6881294665289008 HTTP/1.1" 200 39511 "http://192.168.60.79/manager-page/home-1.php" "Mozilla/5.0 (Windows NT 10.0; Win64; x64) AppleWebKit/537.36 (KHTML, like Gecko) Chrome/141.0.0.0 Safari/537.36 Edg/141.0.0.0"
172.16.36.181 - - [28/Oct/2025:09:16:33 +0800] "GET /manager-page/api/snapshot.php?id=12&t=0.13591004860713618 HTTP/1.1" 200 29295 "http://192.168.60.79/manager-page/home-1.php" "Mozilla/5.0 (Windows NT 10.0; Win64; x64) AppleWebKit/537.36 (KHTML, like Gecko) Chrome/141.0.0.0 Safari/537.36 Edg/141.0.0.0"
172.16.36.181 - - [28/Oct/2025:09:16:38 +0800] "GET /manager-page/api/snapshot.php?id=12&t=0.3484094213469644 HTTP/1.1" 200 29325 "http://192.168.60.79/manager-page/home-1.php" "Mozilla/5.0 (Windows NT 10.0; Win64; x64) AppleWebKit/537.36 (KHTML, like Gecko) Chrome/141.0.0.0 Safari/537.36 Edg/141.0.0.0"
172.16.36.181 - - [28/Oct/2025:09:16:38 +0800] "GET /manager-page/api/snapshot.php?id=11&t=0.4564924120179954 HTTP/1.1" 200 39208 "http://192.168.60.79/manager-page/home-1.php" "Mozilla/5.0 (Windows NT 10.0; Win64; x64) AppleWebKit/537.36 (KHTML, like Gecko) Chrome/141.0.0.0 Safari/537.36 Edg/141.0.0.0"
127.0.0.1 - - [28/Oct/2025:09:16:42 +0800] "POST /robot/lora-in.php HTTP/1.1" 200 - "-" "python-requests/2.31.0"
172.16.36.181 - - [28/Oct/2025:09:16:43 +0800] "GET /manager-page/api/snapshot.php?id=12&t=0.24987806558360537 HTTP/1.1" 200 29290 "http://192.168.60.79/manager-page/home-1.php" "Mozilla/5.0 (Windows NT 10.0; Win64; x64) AppleWebKit/537.36 (KHTML, like Gecko) Chrome/141.0.0.0 Safari/537.36 Edg/141.0.0.0"
172.16.36.181 - - [28/Oct/2025:09:16:43 +0800] "GET /manager-page/api/snapshot.php?id=11&t=0.2699735653315676 HTTP/1.1" 200 39239 "http://192.168.60.79/manager-page/home-1.php" "Mozilla/5.0 (Windows NT 10.0; Win64; x64) AppleWebKit/537.36 (KHTML, like Gecko) Chrome/141.0.0.0 Safari/537.36 Edg/141.0.0.0"
127.0.0.1 - - [28/Oct/2025:09:16:48 +0800] "POST /robot/lora-in.php HTTP/1.1" 200 - "-" "python-requests/2.31.0"
172.16.36.181 - - [28/Oct/2025:09:16:48 +0800] "GET /manager-page/api/snapshot.php?id=11&t=0.40567852428341533 HTTP/1.1" 200 39848 "http://192.168.60.79/manager-page/home-1.php" "Mozilla/5.0 (Windows NT 10.0; Win64; x64) AppleWebKit/537.36 (KHTML, like Gecko) Chrome/141.0.0.0 Safari/537.36 Edg/141.0.0.0"
172.16.36.181 - - [28/Oct/2025:09:16:48 +0800] "GET /manager-page/api/snapshot.php?id=12&t=0.6256378852038972 HTTP/1.1" 200 29275 "http://192.168.60.79/manager-page/home-1.php" "Mozilla/5.0 (Windows NT 10.0; Win64; x64) AppleWebKit/537.36 (KHTML, like Gecko) Chrome/141.0.0.0 Safari/537.36 Edg/141.0.0.0"
111.70.30.250 - - [28/Oct/2025:09:16:50 +0800] "POST /robot/lora-in.php HTTP/1.1" 200 - "-" "python-requests/2.21.0"
127.0.0.1 - - [28/Oct/2025:09:16:51 +0800] "POST /robot/lora-in.php HTTP/1.1" 200 - "-" "python-requests/2.31.0"
172.16.36.181 - - [28/Oct/2025:09:16:53 +0800] "GET /manager-page/api/snapshot.php?id=12&t=0.8632512379495562 HTTP/1.1" 200 29282 "http://192.168.60.79/manager-page/home-1.php" "Mozilla/5.0 (Windows NT 10.0; Win64; x64) AppleWebKit/537.36 (KHTML, like Gecko) Chrome/141.0.0.0 Safari/537.36 Edg/141.0.0.0"
127.0.0.1 - - [28/Oct/2025:09:16:55 +0800] "POST /robot/lora-in.php HTTP/1.1" 200 - "-" "python-requests/2.31.0"
172.16.36.181 - - [28/Oct/2025:09:16:53 +0800] "GET /manager-page/api/snapshot.php?id=11&t=0.25505811288962177 HTTP/1.1" 200 39386 "http://192.168.60.79/manager-page/home-1.php" "Mozilla/5.0 (Windows NT 10.0; Win64; x64) AppleWebKit/537.36 (KHTML, like Gecko) Chrome/141.0.0.0 Safari/537.36 Edg/141.0.0.0"
172.16.36.181 - - [28/Oct/2025:09:16:58 +0800] "GET /manager-page/api/snapshot.php?id=12&t=0.41823178786951165 HTTP/1.1" 200 29365 "http://192.168.60.79/manager-page/home-1.php" "Mozilla/5.0 (Windows NT 10.0; Win64; x64) AppleWebKit/537.36 (KHTML, like Gecko) Chrome/141.0.0.0 Safari/537.36 Edg/141.0.0.0"
172.16.36.181 - - [28/Oct/2025:09:16:58 +0800] "GET /manager-page/api/snapshot.php?id=11&t=0.19691916548698007 HTTP/1.1" 200 39328 "http://192.168.60.79/manager-page/home-1.php" "Mozilla/5.0 (Windows NT 10.0; Win64; x64) AppleWebKit/537.36 (KHTML, like Gecko) Chrome/141.0.0.0 Safari/537.36 Edg/141.0.0.0"
127.0.0.1 - - [28/Oct/2025:09:17:00 +0800] "GET /robot/alarm-history-in.php HTTP/1.1" 200 - "-" "python-requests/2.28.1"
127.0.0.1 - - [28/Oct/2025:09:17:03 +0800] "POST /robot/lora-in.php HTTP/1.1" 200 - "-" "python-requests/2.31.0"
172.16.36.181 - - [28/Oct/2025:09:17:03 +0800] "GET /manager-page/api/snapshot.php?id=11&t=0.4265399222674844 HTTP/1.1" 200 39334 "http://192.168.60.79/manager-page/home-1.php" "Mozilla/5.0 (Windows NT 10.0; Win64; x64) AppleWebKit/537.36 (KHTML, like Gecko) Chrome/141.0.0.0 Safari/537.36 Edg/141.0.0.0"
172.16.36.181 - - [28/Oct/2025:09:17:03 +0800] "GET /manager-page/api/snapshot.php?id=12&t=0.37429432288859377 HTTP/1.1" 200 29361 "http://192.168.60.79/manager-page/home-1.php" "Mozilla/5.0 (Windows NT 10.0; Win64; x64) AppleWebKit/537.36 (KHTML, like Gecko) Chrome/141.0.0.0 Safari/537.36 Edg/141.0.0.0"
172.16.36.181 - - [28/Oct/2025:09:17:08 +0800] "GET /manager-page/api/snapshot.php?id=12&t=0.016177420540098963 HTTP/1.1" 200 29472 "http://192.168.60.79/manager-page/home-1.php" "Mozilla/5.0 (Windows NT 10.0; Win64; x64) AppleWebKit/537.36 (KHTML, like Gecko) Chrome/141.0.0.0 Safari/537.36 Edg/141.0.0.0"
172.16.36.181 - - [28/Oct/2025:09:17:08 +0800] "GET /manager-page/api/snapshot.php?id=11&t=0.31992070517699367 HTTP/1.1" 200 39327 "http://192.168.60.79/manager-page/home-1.php" "Mozilla/5.0 (Windows NT 10.0; Win64; x64) AppleWebKit/537.36 (KHTML, like Gecko) Chrome/141.0.0.0 Safari/537.36 Edg/141.0.0.0"
172.16.36.181 - - [28/Oct/2025:09:17:13 +0800] "GET /manager-page/api/snapshot.php?id=12&t=0.4516550530064185 HTTP/1.1" 200 29551 "http://192.168.60.79/manager-page/home-1.php" "Mozilla/5.0 (Windows NT 10.0; Win64; x64) AppleWebKit/537.36 (KHTML, like Gecko) Chrome/141.0.0.0 Safari/537.36 Edg/141.0.0.0"
172.16.36.181 - - [28/Oct/2025:09:17:13 +0800] "GET /manager-page/api/snapshot.php?id=11&t=0.278893717869949 HTTP/1.1" 200 39507 "http://192.168.60.79/manager-page/home-1.php" "Mozilla/5.0 (Windows NT 10.0; Win64; x64) AppleWebKit/537.36 (KHTML, like Gecko) Chrome/141.0.0.0 Safari/537.36 Edg/141.0.0.0"
172.16.36.181 - - [28/Oct/2025:09:17:18 +0800] "GET /manager-page/api/snapshot.php?id=11&t=0.8589236657577428 HTTP/1.1" 200 39371 "http://192.168.60.79/manager-page/home-1.php" "Mozilla/5.0 (Windows NT 10.0; Win64; x64) AppleWebKit/537.36 (KHTML, like Gecko) Chrome/141.0.0.0 Safari/537.36 Edg/141.0.0.0"
172.16.36.181 - - [28/Oct/2025:09:17:18 +0800] "GET /manager-page/api/snapshot.php?id=12&t=0.206742359588166 HTTP/1.1" 200 29611 "http://192.168.60.79/manager-page/home-1.php" "Mozilla/5.0 (Windows NT 10.0; Win64; x64) AppleWebKit/537.36 (KHTML, like Gecko) Chrome/141.0.0.0 Safari/537.36 Edg/141.0.0.0"
172.16.36.181 - - [28/Oct/2025:09:17:23 +0800] "GET /manager-page/api/snapshot.php?id=12&t=0.9543365862654236 HTTP/1.1" 200 29273 "http://192.168.60.79/manager-page/home-1.php" "Mozilla/5.0 (Windows NT 10.0; Win64; x64) AppleWebKit/537.36 (KHTML, like Gecko) Chrome/141.0.0.0 Safari/537.36 Edg/141.0.0.0"
172.16.36.181 - - [28/Oct/2025:09:17:23 +0800] "GET /manager-page/api/snapshot.php?id=11&t=0.26982494169387095 HTTP/1.1" 200 39284 "http://192.168.60.79/manager-page/home-1.php" "Mozilla/5.0 (Windows NT 10.0; Win64; x64) AppleWebKit/537.36 (KHTML, like Gecko) Chrome/141.0.0.0 Safari/537.36 Edg/141.0.0.0"
172.16.36.181 - - [28/Oct/2025:09:17:28 +0800] "GET /manager-page/api/snapshot.php?id=11&t=0.961816582547927 HTTP/1.1" 200 39328 "http://192.168.60.79/manager-page/home-1.php" "Mozilla/5.0 (Windows NT 10.0; Win64; x64) AppleWebKit/537.36 (KHTML, like Gecko) Chrome/141.0.0.0 Safari/537.36 Edg/141.0.0.0"
172.16.36.181 - - [28/Oct/2025:09:17:28 +0800] "GET /manager-page/api/snapshot.php?id=12&t=0.0203173194413363 HTTP/1.1" 200 29269 "http://192.168.60.79/manager-page/home-1.php" "Mozilla/5.0 (Windows NT 10.0; Win64; x64) AppleWebKit/537.36 (KHTML, like Gecko) Chrome/141.0.0.0 Safari/537.36 Edg/141.0.0.0"
172.16.36.181 - - [28/Oct/2025:09:17:33 +0800] "GET /manager-page/api/snapshot.php?id=11&t=0.8198539181240907 HTTP/1.1" 200 39359 "http://192.168.60.79/manager-page/home-1.php" "Mozilla/5.0 (Windows NT 10.0; Win64; x64) AppleWebKit/537.36 (KHTML, like Gecko) Chrome/141.0.0.0 Safari/537.36 Edg/141.0.0.0"
172.16.36.181 - - [28/Oct/2025:09:17:33 +0800] "GET /manager-page/api/snapshot.php?id=12&t=0.8474470433435929 HTTP/1.1" 200 29610 "http://192.168.60.79/manager-page/home-1.php" "Mozilla/5.0 (Windows NT 10.0; Win64; x64) AppleWebKit/537.36 (KHTML, like Gecko) Chrome/141.0.0.0 Safari/537.36 Edg/141.0.0.0"
172.16.36.181 - - [28/Oct/2025:09:17:38 +0800] "GET /manager-page/api/snapshot.php?id=11&t=0.19044163535628345 HTTP/1.1" 200 39482 "http://192.168.60.79/manager-page/home-1.php" "Mozilla/5.0 (Windows NT 10.0; Win64; x64) AppleWebKit/537.36 (KHTML, like Gecko) Chrome/141.0.0.0 Safari/537.36 Edg/141.0.0.0"
172.16.36.181 - - [28/Oct/2025:09:17:38 +0800] "GET /manager-page/api/snapshot.php?id=12&t=0.7897235313896844 HTTP/1.1" 200 30191 "http://192.168.60.79/manager-page/home-1.php" "Mozilla/5.0 (Windows NT 10.0; Win64; x64) AppleWebKit/537.36 (KHTML, like Gecko) Chrome/141.0.0.0 Safari/537.36 Edg/141.0.0.0"
172.16.36.181 - - [28/Oct/2025:09:17:43 +0800] "GET /manager-page/api/snapshot.php?id=11&t=0.18313227036951818 HTTP/1.1" 200 39514 "http://192.168.60.79/manager-page/home-1.php" "Mozilla/5.0 (Windows NT 10.0; Win64; x64) AppleWebKit/537.36 (KHTML, like Gecko) Chrome/141.0.0.0 Safari/537.36 Edg/141.0.0.0"
172.16.36.181 - - [28/Oct/2025:09:17:43 +0800] "GET /manager-page/api/snapshot.php?id=12&t=0.07802939005223963 HTTP/1.1" 500 - "http://192.168.60.79/manager-page/home-1.php" "Mozilla/5.0 (Windows NT 10.0; Win64; x64) AppleWebKit/537.36 (KHTML, like Gecko) Chrome/141.0.0.0 Safari/537.36 Edg/141.0.0.0"
172.16.36.181 - - [28/Oct/2025:09:17:48 +0800] "GET /manager-page/api/snapshot.php?id=12&t=0.7657363110798875 HTTP/1.1" 200 30484 "http://192.168.60.79/manager-page/home-1.php" "Mozilla/5.0 (Windows NT 10.0; Win64; x64) AppleWebKit/537.36 (KHTML, like Gecko) Chrome/141.0.0.0 Safari/537.36 Edg/141.0.0.0"
172.16.36.181 - - [28/Oct/2025:09:17:48 +0800] "GET /manager-page/api/snapshot.php?id=11&t=0.4112489616381395 HTTP/1.1" 200 39609 "http://192.168.60.79/manager-page/home-1.php" "Mozilla/5.0 (Windows NT 10.0; Win64; x64) AppleWebKit/537.36 (KHTML, like Gecko) Chrome/141.0.0.0 Safari/537.36 Edg/141.0.0.0"
172.16.36.181 - - [28/Oct/2025:09:17:53 +0800] "GET /manager-page/api/snapshot.php?id=11&t=0.6452455559889453 HTTP/1.1" 200 40131 "http://192.168.60.79/manager-page/home-1.php" "Mozilla/5.0 (Windows NT 10.0; Win64; x64) AppleWebKit/537.36 (KHTML, like Gecko) Chrome/141.0.0.0 Safari/537.36 Edg/141.0.0.0"
172.16.36.181 - - [28/Oct/2025:09:17:53 +0800] "GET /manager-page/api/snapshot.php?id=12&t=0.6069949838814505 HTTP/1.1" 200 30617 "http://192.168.60.79/manager-page/home-1.php" "Mozilla/5.0 (Windows NT 10.0; Win64; x64) AppleWebKit/537.36 (KHTML, like Gecko) Chrome/141.0.0.0 Safari/537.36 Edg/141.0.0.0"
172.16.36.181 - - [28/Oct/2025:09:17:58 +0800] "GET /manager-page/api/snapshot.php?id=11&t=0.33573608646115494 HTTP/1.1" 200 40047 "http://192.168.60.79/manager-page/home-1.php" "Mozilla/5.0 (Windows NT 10.0; Win64; x64) AppleWebKit/537.36 (KHTML, like Gecko) Chrome/141.0.0.0 Safari/537.36 Edg/141.0.0.0"
172.16.36.181 - - [28/Oct/2025:09:17:58 +0800] "GET /manager-page/api/snapshot.php?id=12&t=0.5587463684436144 HTTP/1.1" 200 30754 "http://192.168.60.79/manager-page/home-1.php" "Mozilla/5.0 (Windows NT 10.0; Win64; x64) AppleWebKit/537.36 (KHTML, like Gecko) Chrome/141.0.0.0 Safari/537.36 Edg/141.0.0.0"
127.0.0.1 - - [28/Oct/2025:09:18:00 +0800] "GET /robot/alarm-history-in.php HTTP/1.1" 200 - "-" "python-requests/2.28.1"
172.16.36.181 - - [28/Oct/2025:09:18:03 +0800] "GET /manager-page/api/snapshot.php?id=11&t=0.29475469214533345 HTTP/1.1" 200 39483 "http://192.168.60.79/manager-page/home-1.php" "Mozilla/5.0 (Windows NT 10.0; Win64; x64) AppleWebKit/537.36 (KHTML, like Gecko) Chrome/141.0.0.0 Safari/537.36 Edg/141.0.0.0"
172.16.36.181 - - [28/Oct/2025:09:18:03 +0800] "GET /manager-page/api/snapshot.php?id=12&t=0.4473638194486318 HTTP/1.1" 500 - "http://192.168.60.79/manager-page/home-1.php" "Mozilla/5.0 (Windows NT 10.0; Win64; x64) AppleWebKit/537.36 (KHTML, like Gecko) Chrome/141.0.0.0 Safari/537.36 Edg/141.0.0.0"
172.16.36.181 - - [28/Oct/2025:09:18:08 +0800] "GET /manager-page/api/snapshot.php?id=11&t=0.5018341213204554 HTTP/1.1" 200 39693 "http://192.168.60.79/manager-page/home-1.php" "Mozilla/5.0 (Windows NT 10.0; Win64; x64) AppleWebKit/537.36 (KHTML, like Gecko) Chrome/141.0.0.0 Safari/537.36 Edg/141.0.0.0"
172.16.36.181 - - [28/Oct/2025:09:18:08 +0800] "GET /manager-page/api/snapshot.php?id=12&t=0.7658766763895185 HTTP/1.1" 500 - "http://192.168.60.79/manager-page/home-1.php" "Mozilla/5.0 (Windows NT 10.0; Win64; x64) AppleWebKit/537.36 (KHTML, like Gecko) Chrome/141.0.0.0 Safari/537.36 Edg/141.0.0.0"
172.16.36.181 - - [28/Oct/2025:09:18:13 +0800] "GET /manager-page/api/snapshot.php?id=11&t=0.16437476057781286 HTTP/1.1" 500 - "http://192.168.60.79/manager-page/home-1.php" "Mozilla/5.0 (Windows NT 10.0; Win64; x64) AppleWebKit/537.36 (KHTML, like Gecko) Chrome/141.0.0.0 Safari/537.36 Edg/141.0.0.0"
172.16.36.181 - - [28/Oct/2025:09:18:13 +0800] "GET /manager-page/api/snapshot.php?id=12&t=0.09898173404987409 HTTP/1.1" 500 - "http://192.168.60.79/manager-page/home-1.php" "Mozilla/5.0 (Windows NT 10.0; Win64; x64) AppleWebKit/537.36 (KHTML, like Gecko) Chrome/141.0.0.0 Safari/537.36 Edg/141.0.0.0"
172.16.36.181 - - [28/Oct/2025:09:18:18 +0800] "GET /manager-page/api/snapshot.php?id=11&t=0.7702059701232817 HTTP/1.1" 500 - "http://192.168.60.79/manager-page/home-1.php" "Mozilla/5.0 (Windows NT 10.0; Win64; x64) AppleWebKit/537.36 (KHTML, like Gecko) Chrome/141.0.0.0 Safari/537.36 Edg/141.0.0.0"
172.16.36.181 - - [28/Oct/2025:09:18:18 +0800] "GET /manager-page/api/snapshot.php?id=12&t=0.9882301243599322 HTTP/1.1" 500 - "http://192.168.60.79/manager-page/home-1.php" "Mozilla/5.0 (Windows NT 10.0; Win64; x64) AppleWebKit/537.36 (KHTML, like Gecko) Chrome/141.0.0.0 Safari/537.36 Edg/141.0.0.0"
172.16.36.181 - - [28/Oct/2025:09:18:23 +0800] "GET /manager-page/api/snapshot.php?id=12&t=0.7678001031852325 HTTP/1.1" 500 - "http://192.168.60.79/manager-page/home-1.php" "Mozilla/5.0 (Windows NT 10.0; Win64; x64) AppleWebKit/537.36 (KHTML, like Gecko) Chrome/141.0.0.0 Safari/537.36 Edg/141.0.0.0"
172.16.36.181 - - [28/Oct/2025:09:18:23 +0800] "GET /manager-page/api/snapshot.php?id=11&t=0.18346596842307383 HTTP/1.1" 500 - "http://192.168.60.79/manager-page/home-1.php" "Mozilla/5.0 (Windows NT 10.0; Win64; x64) AppleWebKit/537.36 (KHTML, like Gecko) Chrome/141.0.0.0 Safari/537.36 Edg/141.0.0.0"
172.16.36.181 - - [28/Oct/2025:09:18:28 +0800] "GET /manager-page/api/snapshot.php?id=11&t=0.47962982239616403 HTTP/1.1" 500 - "http://192.168.60.79/manager-page/home-1.php" "Mozilla/5.0 (Windows NT 10.0; Win64; x64) AppleWebKit/537.36 (KHTML, like Gecko) Chrome/141.0.0.0 Safari/537.36 Edg/141.0.0.0"
172.16.36.181 - - [28/Oct/2025:09:18:28 +0800] "GET /manager-page/api/snapshot.php?id=12&t=0.3885615902237556 HTTP/1.1" 500 - "http://192.168.60.79/manager-page/home-1.php" "Mozilla/5.0 (Windows NT 10.0; Win64; x64) AppleWebKit/537.36 (KHTML, like Gecko) Chrome/141.0.0.0 Safari/537.36 Edg/141.0.0.0"
172.16.36.181 - - [28/Oct/2025:09:18:33 +0800] "GET /manager-page/api/snapshot.php?id=12&t=0.5686234439778804 HTTP/1.1" 500 - "http://192.168.60.79/manager-page/home-1.php" "Mozilla/5.0 (Windows NT 10.0; Win64; x64) AppleWebKit/537.36 (KHTML, like Gecko) Chrome/141.0.0.0 Safari/537.36 Edg/141.0.0.0"
172.16.36.181 - - [28/Oct/2025:09:18:33 +0800] "GET /manager-page/api/snapshot.php?id=11&t=0.8482368889231242 HTTP/1.1" 500 - "http://192.168.60.79/manager-page/home-1.php" "Mozilla/5.0 (Windows NT 10.0; Win64; x64) AppleWebKit/537.36 (KHTML, like Gecko) Chrome/141.0.0.0 Safari/537.36 Edg/141.0.0.0"
172.16.36.181 - - [28/Oct/2025:09:18:38 +0800] "GET /manager-page/api/snapshot.php?id=11&t=0.009418403202923531 HTTP/1.1" 500 - "http://192.168.60.79/manager-page/home-1.php" "Mozilla/5.0 (Windows NT 10.0; Win64; x64) AppleWebKit/537.36 (KHTML, like Gecko) Chrome/141.0.0.0 Safari/537.36 Edg/141.0.0.0"
172.16.36.181 - - [28/Oct/2025:09:18:38 +0800] "GET /manager-page/api/snapshot.php?id=12&t=0.08496970227982237 HTTP/1.1" 500 - "http://192.168.60.79/manager-page/home-1.php" "Mozilla/5.0 (Windows NT 10.0; Win64; x64) AppleWebKit/537.36 (KHTML, like Gecko) Chrome/141.0.0.0 Safari/537.36 Edg/141.0.0.0"
172.16.36.181 - - [28/Oct/2025:09:18:43 +0800] "GET /manager-page/api/snapshot.php?id=11&t=0.5371526024163377 HTTP/1.1" 500 - "http://192.168.60.79/manager-page/home-1.php" "Mozilla/5.0 (Windows NT 10.0; Win64; x64) AppleWebKit/537.36 (KHTML, like Gecko) Chrome/141.0.0.0 Safari/537.36 Edg/141.0.0.0"
172.16.36.181 - - [28/Oct/2025:09:18:43 +0800] "GET /manager-page/api/snapshot.php?id=12&t=0.1140636808437363 HTTP/1.1" 500 - "http://192.168.60.79/manager-page/home-1.php" "Mozilla/5.0 (Windows NT 10.0; Win64; x64) AppleWebKit/537.36 (KHTML, like Gecko) Chrome/141.0.0.0 Safari/537.36 Edg/141.0.0.0"
127.0.0.1 - - [28/Oct/2025:09:19:00 +0800] "GET /robot/alarm-history-in.php HTTP/1.1" 200 - "-" "python-requests/2.28.1"
172.16.36.181 - - [28/Oct/2025:09:18:48 +0800] "GET /manager-page/api/snapshot.php?id=12&t=0.7306478556471058 HTTP/1.1" 500 - "http://192.168.60.79/manager-page/home-1.php" "Mozilla/5.0 (Windows NT 10.0; Win64; x64) AppleWebKit/537.36 (KHTML, like Gecko) Chrome/141.0.0.0 Safari/537.36 Edg/141.0.0.0"
172.16.36.181 - - [28/Oct/2025:09:18:48 +0800] "GET /manager-page/api/snapshot.php?id=11&t=0.8292591874406758 HTTP/1.1" 500 - "http://192.168.60.79/manager-page/home-1.php" "Mozilla/5.0 (Windows NT 10.0; Win64; x64) AppleWebKit/537.36 (KHTML, like Gecko) Chrome/141.0.0.0 Safari/537.36 Edg/141.0.0.0"
172.16.36.181 - - [28/Oct/2025:09:18:53 +0800] "GET /manager-page/api/snapshot.php?id=11&t=0.7040952274079072 HTTP/1.1" 500 - "http://192.168.60.79/manager-page/home-1.php" "Mozilla/5.0 (Windows NT 10.0; Win64; x64) AppleWebKit/537.36 (KHTML, like Gecko) Chrome/141.0.0.0 Safari/537.36 Edg/141.0.0.0"
172.16.36.181 - - [28/Oct/2025:09:18:53 +0800] "GET /manager-page/api/snapshot.php?id=12&t=0.8268430362811755 HTTP/1.1" 500 - "http://192.168.60.79/manager-page/home-1.php" "Mozilla/5.0 (Windows NT 10.0; Win64; x64) AppleWebKit/537.36 (KHTML, like Gecko) Chrome/141.0.0.0 Safari/537.36 Edg/141.0.0.0"
172.16.36.181 - - [28/Oct/2025:09:18:58 +0800] "GET /manager-page/api/snapshot.php?id=11&t=0.6427521569076572 HTTP/1.1" 500 - "http://192.168.60.79/manager-page/home-1.php" "Mozilla/5.0 (Windows NT 10.0; Win64; x64) AppleWebKit/537.36 (KHTML, like Gecko) Chrome/141.0.0.0 Safari/537.36 Edg/141.0.0.0"
172.16.36.181 - - [28/Oct/2025:09:18:58 +0800] "GET /manager-page/api/snapshot.php?id=12&t=0.014350349339726343 HTTP/1.1" 500 - "http://192.168.60.79/manager-page/home-1.php" "Mozilla/5.0 (Windows NT 10.0; Win64; x64) AppleWebKit/537.36 (KHTML, like Gecko) Chrome/141.0.0.0 Safari/537.36 Edg/141.0.0.0"
172.16.36.181 - - [28/Oct/2025:09:19:03 +0800] "GET /manager-page/api/snapshot.php?id=11&t=0.5326879245576412 HTTP/1.1" 500 - "http://192.168.60.79/manager-page/home-1.php" "Mozilla/5.0 (Windows NT 10.0; Win64; x64) AppleWebKit/537.36 (KHTML, like Gecko) Chrome/141.0.0.0 Safari/537.36 Edg/141.0.0.0"
172.16.36.181 - - [28/Oct/2025:09:19:03 +0800] "GET /manager-page/api/snapshot.php?id=12&t=0.27552769215791495 HTTP/1.1" 500 - "http://192.168.60.79/manager-page/home-1.php" "Mozilla/5.0 (Windows NT 10.0; Win64; x64) AppleWebKit/537.36 (KHTML, like Gecko) Chrome/141.0.0.0 Safari/537.36 Edg/141.0.0.0"
172.16.36.181 - - [28/Oct/2025:09:19:08 +0800] "GET /manager-page/api/snapshot.php?id=12&t=0.7002693454767711 HTTP/1.1" 500 - "http://192.168.60.79/manager-page/home-1.php" "Mozilla/5.0 (Windows NT 10.0; Win64; x64) AppleWebKit/537.36 (KHTML, like Gecko) Chrome/141.0.0.0 Safari/537.36 Edg/141.0.0.0"
172.16.36.181 - - [28/Oct/2025:09:19:08 +0800] "GET /manager-page/api/snapshot.php?id=11&t=0.9896103383539046 HTTP/1.1" 500 - "http://192.168.60.79/manager-page/home-1.php" "Mozilla/5.0 (Windows NT 10.0; Win64; x64) AppleWebKit/537.36 (KHTML, like Gecko) Chrome/141.0.0.0 Safari/537.36 Edg/141.0.0.0"
172.16.36.181 - - [28/Oct/2025:09:19:13 +0800] "GET /manager-page/api/snapshot.php?id=11&t=0.3386414165776399 HTTP/1.1" 500 - "http://192.168.60.79/manager-page/home-1.php" "Mozilla/5.0 (Windows NT 10.0; Win64; x64) AppleWebKit/537.36 (KHTML, like Gecko) Chrome/141.0.0.0 Safari/537.36 Edg/141.0.0.0"
172.16.36.181 - - [28/Oct/2025:09:19:13 +0800] "GET /manager-page/api/snapshot.php?id=12&t=0.548064996358108 HTTP/1.1" 500 - "http://192.168.60.79/manager-page/home-1.php" "Mozilla/5.0 (Windows NT 10.0; Win64; x64) AppleWebKit/537.36 (KHTML, like Gecko) Chrome/141.0.0.0 Safari/537.36 Edg/141.0.0.0"
172.16.36.181 - - [28/Oct/2025:09:19:18 +0800] "GET /manager-page/api/snapshot.php?id=11&t=0.6013263776187843 HTTP/1.1" 200 39999 "http://192.168.60.79/manager-page/home-1.php" "Mozilla/5.0 (Windows NT 10.0; Win64; x64) AppleWebKit/537.36 (KHTML, like Gecko) Chrome/141.0.0.0 Safari/537.36 Edg/141.0.0.0"
172.16.36.181 - - [28/Oct/2025:09:19:18 +0800] "GET /manager-page/api/snapshot.php?id=12&t=0.04715014700099551 HTTP/1.1" 500 - "http://192.168.60.79/manager-page/home-1.php" "Mozilla/5.0 (Windows NT 10.0; Win64; x64) AppleWebKit/537.36 (KHTML, like Gecko) Chrome/141.0.0.0 Safari/537.36 Edg/141.0.0.0"
172.16.36.181 - - [28/Oct/2025:09:19:23 +0800] "GET /manager-page/api/snapshot.php?id=11&t=0.00992674725474818 HTTP/1.1" 200 39962 "http://192.168.60.79/manager-page/home-1.php" "Mozilla/5.0 (Windows NT 10.0; Win64; x64) AppleWebKit/537.36 (KHTML, like Gecko) Chrome/141.0.0.0 Safari/537.36 Edg/141.0.0.0"
172.16.36.181 - - [28/Oct/2025:09:19:23 +0800] "GET /manager-page/api/snapshot.php?id=12&t=0.011218434330134253 HTTP/1.1" 500 - "http://192.168.60.79/manager-page/home-1.php" "Mozilla/5.0 (Windows NT 10.0; Win64; x64) AppleWebKit/537.36 (KHTML, like Gecko) Chrome/141.0.0.0 Safari/537.36 Edg/141.0.0.0"
172.16.36.181 - - [28/Oct/2025:09:19:28 +0800] "GET /manager-page/api/snapshot.php?id=11&t=0.9740241733599996 HTTP/1.1" 200 40043 "http://192.168.60.79/manager-page/home-1.php" "Mozilla/5.0 (Windows NT 10.0; Win64; x64) AppleWebKit/537.36 (KHTML, like Gecko) Chrome/141.0.0.0 Safari/537.36 Edg/141.0.0.0"
172.16.36.181 - - [28/Oct/2025:09:19:28 +0800] "GET /manager-page/api/snapshot.php?id=12&t=0.0404847794486326 HTTP/1.1" 500 - "http://192.168.60.79/manager-page/home-1.php" "Mozilla/5.0 (Windows NT 10.0; Win64; x64) AppleWebKit/537.36 (KHTML, like Gecko) Chrome/141.0.0.0 Safari/537.36 Edg/141.0.0.0"
111.70.30.252 - - [28/Oct/2025:09:19:29 +0800] "POST /robot/lora-in.php HTTP/1.1" 200 - "-" "python-requests/2.21.0"
172.16.36.181 - - [28/Oct/2025:09:19:33 +0800] "GET /manager-page/api/snapshot.php?id=11&t=0.7541263336507168 HTTP/1.1" 200 39990 "http://192.168.60.79/manager-page/home-1.php" "Mozilla/5.0 (Windows NT 10.0; Win64; x64) AppleWebKit/537.36 (KHTML, like Gecko) Chrome/141.0.0.0 Safari/537.36 Edg/141.0.0.0"
172.16.36.181 - - [28/Oct/2025:09:19:33 +0800] "GET /manager-page/api/snapshot.php?id=12&t=0.8023171453816365 HTTP/1.1" 200 31881 "http://192.168.60.79/manager-page/home-1.php" "Mozilla/5.0 (Windows NT 10.0; Win64; x64) AppleWebKit/537.36 (KHTML, like Gecko) Chrome/141.0.0.0 Safari/537.36 Edg/141.0.0.0"
172.16.36.181 - - [28/Oct/2025:09:19:38 +0800] "GET /manager-page/api/snapshot.php?id=11&t=0.5016840156251835 HTTP/1.1" 200 39860 "http://192.168.60.79/manager-page/home-1.php" "Mozilla/5.0 (Windows NT 10.0; Win64; x64) AppleWebKit/537.36 (KHTML, like Gecko) Chrome/141.0.0.0 Safari/537.36 Edg/141.0.0.0"
172.16.36.181 - - [28/Oct/2025:09:19:38 +0800] "GET /manager-page/api/snapshot.php?id=12&t=0.8306731701235073 HTTP/1.1" 200 31130 "http://192.168.60.79/manager-page/home-1.php" "Mozilla/5.0 (Windows NT 10.0; Win64; x64) AppleWebKit/537.36 (KHTML, like Gecko) Chrome/141.0.0.0 Safari/537.36 Edg/141.0.0.0"
172.16.36.181 - - [28/Oct/2025:09:19:43 +0800] "GET /manager-page/api/snapshot.php?id=12&t=0.3457012975797894 HTTP/1.1" 200 31236 "http://192.168.60.79/manager-page/home-1.php" "Mozilla/5.0 (Windows NT 10.0; Win64; x64) AppleWebKit/537.36 (KHTML, like Gecko) Chrome/141.0.0.0 Safari/537.36 Edg/141.0.0.0"
172.16.36.181 - - [28/Oct/2025:09:19:43 +0800] "GET /manager-page/api/snapshot.php?id=11&t=0.15424316549060257 HTTP/1.1" 500 - "http://192.168.60.79/manager-page/home-1.php" "Mozilla/5.0 (Windows NT 10.0; Win64; x64) AppleWebKit/537.36 (KHTML, like Gecko) Chrome/141.0.0.0 Safari/537.36 Edg/141.0.0.0"
172.16.36.181 - - [28/Oct/2025:09:19:48 +0800] "GET /manager-page/api/snapshot.php?id=11&t=0.47267902177346 HTTP/1.1" 200 39872 "http://192.168.60.79/manager-page/home-1.php" "Mozilla/5.0 (Windows NT 10.0; Win64; x64) AppleWebKit/537.36 (KHTML, like Gecko) Chrome/141.0.0.0 Safari/537.36 Edg/141.0.0.0"
172.16.36.181 - - [28/Oct/2025:09:19:48 +0800] "GET /manager-page/api/snapshot.php?id=12&t=0.8262916742702807 HTTP/1.1" 200 31272 "http://192.168.60.79/manager-page/home-1.php" "Mozilla/5.0 (Windows NT 10.0; Win64; x64) AppleWebKit/537.36 (KHTML, like Gecko) Chrome/141.0.0.0 Safari/537.36 Edg/141.0.0.0"
172.16.36.181 - - [28/Oct/2025:09:19:53 +0800] "GET /manager-page/api/snapshot.php?id=11&t=0.6726475985275369 HTTP/1.1" 200 40188 "http://192.168.60.79/manager-page/home-1.php" "Mozilla/5.0 (Windows NT 10.0; Win64; x64) AppleWebKit/537.36 (KHTML, like Gecko) Chrome/141.0.0.0 Safari/537.36 Edg/141.0.0.0"
127.0.0.1 - - [28/Oct/2025:09:20:00 +0800] "GET /robot/alarm-history-in.php HTTP/1.1" 200 - "-" "python-requests/2.28.1"
172.16.36.181 - - [28/Oct/2025:09:19:53 +0800] "GET /manager-page/api/snapshot.php?id=12&t=0.1999864934606741 HTTP/1.1" 200 31307 "http://192.168.60.79/manager-page/home-1.php" "Mozilla/5.0 (Windows NT 10.0; Win64; x64) AppleWebKit/537.36 (KHTML, like Gecko) Chrome/141.0.0.0 Safari/537.36 Edg/141.0.0.0"
172.16.36.181 - - [28/Oct/2025:09:19:58 +0800] "GET /manager-page/api/snapshot.php?id=12&t=0.8914764946738911 HTTP/1.1" 200 31283 "http://192.168.60.79/manager-page/home-1.php" "Mozilla/5.0 (Windows NT 10.0; Win64; x64) AppleWebKit/537.36 (KHTML, like Gecko) Chrome/141.0.0.0 Safari/537.36 Edg/141.0.0.0"
172.16.36.181 - - [28/Oct/2025:09:19:58 +0800] "GET /manager-page/api/snapshot.php?id=11&t=0.05430538342312896 HTTP/1.1" 500 - "http://192.168.60.79/manager-page/home-1.php" "Mozilla/5.0 (Windows NT 10.0; Win64; x64) AppleWebKit/537.36 (KHTML, like Gecko) Chrome/141.0.0.0 Safari/537.36 Edg/141.0.0.0"
172.16.36.181 - - [28/Oct/2025:09:20:03 +0800] "GET /manager-page/api/snapshot.php?id=12&t=0.13880995630993898 HTTP/1.1" 200 31339 "http://192.168.60.79/manager-page/home-1.php" "Mozilla/5.0 (Windows NT 10.0; Win64; x64) AppleWebKit/537.36 (KHTML, like Gecko) Chrome/141.0.0.0 Safari/537.36 Edg/141.0.0.0"
172.16.36.181 - - [28/Oct/2025:09:20:03 +0800] "GET /manager-page/api/snapshot.php?id=11&t=0.5347305988931801 HTTP/1.1" 500 - "http://192.168.60.79/manager-page/home-1.php" "Mozilla/5.0 (Windows NT 10.0; Win64; x64) AppleWebKit/537.36 (KHTML, like Gecko) Chrome/141.0.0.0 Safari/537.36 Edg/141.0.0.0"
172.16.36.181 - - [28/Oct/2025:09:20:08 +0800] "GET /manager-page/api/snapshot.php?id=12&t=0.1455957098252616 HTTP/1.1" 200 31404 "http://192.168.60.79/manager-page/home-1.php" "Mozilla/5.0 (Windows NT 10.0; Win64; x64) AppleWebKit/537.36 (KHTML, like Gecko) Chrome/141.0.0.0 Safari/537.36 Edg/141.0.0.0"
172.16.36.181 - - [28/Oct/2025:09:20:08 +0800] "GET /manager-page/api/snapshot.php?id=11&t=0.3158780316300783 HTTP/1.1" 200 39819 "http://192.168.60.79/manager-page/home-1.php" "Mozilla/5.0 (Windows NT 10.0; Win64; x64) AppleWebKit/537.36 (KHTML, like Gecko) Chrome/141.0.0.0 Safari/537.36 Edg/141.0.0.0"
172.16.36.181 - - [28/Oct/2025:09:20:13 +0800] "GET /manager-page/api/snapshot.php?id=11&t=0.4243880627840019 HTTP/1.1" 200 39867 "http://192.168.60.79/manager-page/home-1.php" "Mozilla/5.0 (Windows NT 10.0; Win64; x64) AppleWebKit/537.36 (KHTML, like Gecko) Chrome/141.0.0.0 Safari/537.36 Edg/141.0.0.0"
172.16.36.181 - - [28/Oct/2025:09:20:13 +0800] "GET /manager-page/api/snapshot.php?id=12&t=0.0029584509915628887 HTTP/1.1" 200 31517 "http://192.168.60.79/manager-page/home-1.php" "Mozilla/5.0 (Windows NT 10.0; Win64; x64) AppleWebKit/537.36 (KHTML, like Gecko) Chrome/141.0.0.0 Safari/537.36 Edg/141.0.0.0"
172.16.36.181 - - [28/Oct/2025:09:20:18 +0800] "GET /manager-page/api/snapshot.php?id=12&t=0.010013340425340633 HTTP/1.1" 200 31411 "http://192.168.60.79/manager-page/home-1.php" "Mozilla/5.0 (Windows NT 10.0; Win64; x64) AppleWebKit/537.36 (KHTML, like Gecko) Chrome/141.0.0.0 Safari/537.36 Edg/141.0.0.0"
172.16.36.181 - - [28/Oct/2025:09:20:18 +0800] "GET /manager-page/api/snapshot.php?id=11&t=0.9941846816355288 HTTP/1.1" 500 - "http://192.168.60.79/manager-page/home-1.php" "Mozilla/5.0 (Windows NT 10.0; Win64; x64) AppleWebKit/537.36 (KHTML, like Gecko) Chrome/141.0.0.0 Safari/537.36 Edg/141.0.0.0"
