172.16.36.28 - - [01/Apr/2025:17:34:58 +0800] "GET /manager-page/api/snapshot.php?id=11&t=0.31072323783461897 HTTP/1.1" 200 43712 "http://192.168.60.79/manager-page/home-1.php" "Mozilla/5.0 (Windows NT 10.0; Win64; x64) AppleWebKit/537.36 (KHTML, like Gecko) Chrome/134.0.0.0 Safari/537.36 Edg/134.0.0.0"
172.16.36.28 - - [01/Apr/2025:17:35:03 +0800] "GET /manager-page/api/snapshot.php?id=11&t=0.23696183540168048 HTTP/1.1" 200 43751 "http://192.168.60.79/manager-page/home-1.php" "Mozilla/5.0 (Windows NT 10.0; Win64; x64) AppleWebKit/537.36 (KHTML, like Gecko) Chrome/134.0.0.0 Safari/537.36 Edg/134.0.0.0"
172.16.36.28 - - [01/Apr/2025:17:35:03 +0800] "GET /manager-page/api/snapshot.php?id=12&t=0.9914185111402456 HTTP/1.1" 200 43008 "http://192.168.60.79/manager-page/home-1.php" "Mozilla/5.0 (Windows NT 10.0; Win64; x64) AppleWebKit/537.36 (KHTML, like Gecko) Chrome/134.0.0.0 Safari/537.36 Edg/134.0.0.0"
172.16.36.28 - - [01/Apr/2025:17:35:08 +0800] "GET /manager-page/api/snapshot.php?id=12&t=0.8592439200741682 HTTP/1.1" 200 43114 "http://192.168.60.79/manager-page/home-1.php" "Mozilla/5.0 (Windows NT 10.0; Win64; x64) AppleWebKit/537.36 (KHTML, like Gecko) Chrome/134.0.0.0 Safari/537.36 Edg/134.0.0.0"
172.16.36.28 - - [01/Apr/2025:17:35:08 +0800] "GET /manager-page/api/snapshot.php?id=11&t=0.289949005175721 HTTP/1.1" 200 43863 "http://192.168.60.79/manager-page/home-1.php" "Mozilla/5.0 (Windows NT 10.0; Win64; x64) AppleWebKit/537.36 (KHTML, like Gecko) Chrome/134.0.0.0 Safari/537.36 Edg/134.0.0.0"
172.16.36.28 - - [01/Apr/2025:17:35:13 +0800] "GET /manager-page/api/snapshot.php?id=11&t=0.39090394502181125 HTTP/1.1" 200 43778 "http://192.168.60.79/manager-page/home-1.php" "Mozilla/5.0 (Windows NT 10.0; Win64; x64) AppleWebKit/537.36 (KHTML, like Gecko) Chrome/134.0.0.0 Safari/537.36 Edg/134.0.0.0"
172.16.36.28 - - [01/Apr/2025:17:35:13 +0800] "GET /manager-page/api/snapshot.php?id=12&t=0.5178528108944012 HTTP/1.1" 200 43026 "http://192.168.60.79/manager-page/home-1.php" "Mozilla/5.0 (Windows NT 10.0; Win64; x64) AppleWebKit/537.36 (KHTML, like Gecko) Chrome/134.0.0.0 Safari/537.36 Edg/134.0.0.0"
172.16.36.28 - - [01/Apr/2025:17:35:18 +0800] "GET /manager-page/api/snapshot.php?id=11&t=0.7263607203257243 HTTP/1.1" 200 43779 "http://192.168.60.79/manager-page/home-1.php" "Mozilla/5.0 (Windows NT 10.0; Win64; x64) AppleWebKit/537.36 (KHTML, like Gecko) Chrome/134.0.0.0 Safari/537.36 Edg/134.0.0.0"
172.16.36.28 - - [01/Apr/2025:17:35:18 +0800] "GET /manager-page/api/snapshot.php?id=12&t=0.7812972019379436 HTTP/1.1" 200 43184 "http://192.168.60.79/manager-page/home-1.php" "Mozilla/5.0 (Windows NT 10.0; Win64; x64) AppleWebKit/537.36 (KHTML, like Gecko) Chrome/134.0.0.0 Safari/537.36 Edg/134.0.0.0"
172.16.36.28 - - [01/Apr/2025:17:35:23 +0800] "GET /manager-page/api/snapshot.php?id=12&t=0.9626213152633527 HTTP/1.1" 200 43170 "http://192.168.60.79/manager-page/home-1.php" "Mozilla/5.0 (Windows NT 10.0; Win64; x64) AppleWebKit/537.36 (KHTML, like Gecko) Chrome/134.0.0.0 Safari/537.36 Edg/134.0.0.0"
172.16.36.28 - - [01/Apr/2025:17:35:23 +0800] "GET /manager-page/api/snapshot.php?id=11&t=0.8899508203070972 HTTP/1.1" 200 43791 "http://192.168.60.79/manager-page/home-1.php" "Mozilla/5.0 (Windows NT 10.0; Win64; x64) AppleWebKit/537.36 (KHTML, like Gecko) Chrome/134.0.0.0 Safari/537.36 Edg/134.0.0.0"
172.16.36.28 - - [01/Apr/2025:17:35:28 +0800] "GET /manager-page/api/snapshot.php?id=12&t=0.29307812863401517 HTTP/1.1" 200 43280 "http://192.168.60.79/manager-page/home-1.php" "Mozilla/5.0 (Windows NT 10.0; Win64; x64) AppleWebKit/537.36 (KHTML, like Gecko) Chrome/134.0.0.0 Safari/537.36 Edg/134.0.0.0"
172.16.36.28 - - [01/Apr/2025:17:35:28 +0800] "GET /manager-page/api/snapshot.php?id=11&t=0.20988298953925422 HTTP/1.1" 200 43829 "http://192.168.60.79/manager-page/home-1.php" "Mozilla/5.0 (Windows NT 10.0; Win64; x64) AppleWebKit/537.36 (KHTML, like Gecko) Chrome/134.0.0.0 Safari/537.36 Edg/134.0.0.0"
172.16.36.28 - - [01/Apr/2025:17:35:33 +0800] "GET /manager-page/api/snapshot.php?id=12&t=0.012368278349022876 HTTP/1.1" 200 43332 "http://192.168.60.79/manager-page/home-1.php" "Mozilla/5.0 (Windows NT 10.0; Win64; x64) AppleWebKit/537.36 (KHTML, like Gecko) Chrome/134.0.0.0 Safari/537.36 Edg/134.0.0.0"
172.16.36.28 - - [01/Apr/2025:17:35:33 +0800] "GET /manager-page/api/snapshot.php?id=11&t=0.9206506708036613 HTTP/1.1" 200 43912 "http://192.168.60.79/manager-page/home-1.php" "Mozilla/5.0 (Windows NT 10.0; Win64; x64) AppleWebKit/537.36 (KHTML, like Gecko) Chrome/134.0.0.0 Safari/537.36 Edg/134.0.0.0"
172.16.36.28 - - [01/Apr/2025:17:35:38 +0800] "GET /manager-page/api/snapshot.php?id=11&t=0.08879315771267082 HTTP/1.1" 200 43841 "http://192.168.60.79/manager-page/home-1.php" "Mozilla/5.0 (Windows NT 10.0; Win64; x64) AppleWebKit/537.36 (KHTML, like Gecko) Chrome/134.0.0.0 Safari/537.36 Edg/134.0.0.0"
172.16.36.28 - - [01/Apr/2025:17:35:38 +0800] "GET /manager-page/api/snapshot.php?id=12&t=0.8163555587763367 HTTP/1.1" 200 43261 "http://192.168.60.79/manager-page/home-1.php" "Mozilla/5.0 (Windows NT 10.0; Win64; x64) AppleWebKit/537.36 (KHTML, like Gecko) Chrome/134.0.0.0 Safari/537.36 Edg/134.0.0.0"
172.16.36.28 - - [01/Apr/2025:17:35:43 +0800] "GET /manager-page/api/snapshot.php?id=12&t=0.174539614676815 HTTP/1.1" 200 43349 "http://192.168.60.79/manager-page/home-1.php" "Mozilla/5.0 (Windows NT 10.0; Win64; x64) AppleWebKit/537.36 (KHTML, like Gecko) Chrome/134.0.0.0 Safari/537.36 Edg/134.0.0.0"
172.16.36.28 - - [01/Apr/2025:17:35:43 +0800] "GET /manager-page/api/snapshot.php?id=11&t=0.5786203529707858 HTTP/1.1" 200 43807 "http://192.168.60.79/manager-page/home-1.php" "Mozilla/5.0 (Windows NT 10.0; Win64; x64) AppleWebKit/537.36 (KHTML, like Gecko) Chrome/134.0.0.0 Safari/537.36 Edg/134.0.0.0"
172.16.36.28 - - [01/Apr/2025:17:35:48 +0800] "GET /manager-page/api/snapshot.php?id=11&t=0.5980007804903271 HTTP/1.1" 200 43834 "http://192.168.60.79/manager-page/home-1.php" "Mozilla/5.0 (Windows NT 10.0; Win64; x64) AppleWebKit/537.36 (KHTML, like Gecko) Chrome/134.0.0.0 Safari/537.36 Edg/134.0.0.0"
172.16.36.28 - - [01/Apr/2025:17:35:48 +0800] "GET /manager-page/api/snapshot.php?id=12&t=0.08941085793014136 HTTP/1.1" 200 43220 "http://192.168.60.79/manager-page/home-1.php" "Mozilla/5.0 (Windows NT 10.0; Win64; x64) AppleWebKit/537.36 (KHTML, like Gecko) Chrome/134.0.0.0 Safari/537.36 Edg/134.0.0.0"
172.16.36.28 - - [01/Apr/2025:17:35:53 +0800] "GET /manager-page/api/snapshot.php?id=12&t=0.0019481231968332402 HTTP/1.1" 200 43255 "http://192.168.60.79/manager-page/home-1.php" "Mozilla/5.0 (Windows NT 10.0; Win64; x64) AppleWebKit/537.36 (KHTML, like Gecko) Chrome/134.0.0.0 Safari/537.36 Edg/134.0.0.0"
172.16.36.28 - - [01/Apr/2025:17:35:53 +0800] "GET /manager-page/api/snapshot.php?id=11&t=0.11001069278583375 HTTP/1.1" 200 43842 "http://192.168.60.79/manager-page/home-1.php" "Mozilla/5.0 (Windows NT 10.0; Win64; x64) AppleWebKit/537.36 (KHTML, like Gecko) Chrome/134.0.0.0 Safari/537.36 Edg/134.0.0.0"
111.70.30.251 - - [01/Apr/2025:17:35:58 +0800] "POST /robot/lora-in.php HTTP/1.1" 200 - "-" "python-requests/2.21.0"
172.16.36.28 - - [01/Apr/2025:17:35:58 +0800] "GET /manager-page/api/snapshot.php?id=11&t=0.052208073923859066 HTTP/1.1" 200 43890 "http://192.168.60.79/manager-page/home-1.php" "Mozilla/5.0 (Windows NT 10.0; Win64; x64) AppleWebKit/537.36 (KHTML, like Gecko) Chrome/134.0.0.0 Safari/537.36 Edg/134.0.0.0"
172.16.36.28 - - [01/Apr/2025:17:35:58 +0800] "GET /manager-page/api/snapshot.php?id=12&t=0.7994934029587819 HTTP/1.1" 200 43273 "http://192.168.60.79/manager-page/home-1.php" "Mozilla/5.0 (Windows NT 10.0; Win64; x64) AppleWebKit/537.36 (KHTML, like Gecko) Chrome/134.0.0.0 Safari/537.36 Edg/134.0.0.0"
127.0.0.1 - - [01/Apr/2025:17:36:00 +0800] "GET /robot/alarm-history-in.php HTTP/1.1" 200 - "-" "python-requests/2.28.1"
172.16.36.28 - - [01/Apr/2025:17:36:03 +0800] "GET /manager-page/api/snapshot.php?id=11&t=0.75713217265196 HTTP/1.1" 200 43842 "http://192.168.60.79/manager-page/home-1.php" "Mozilla/5.0 (Windows NT 10.0; Win64; x64) AppleWebKit/537.36 (KHTML, like Gecko) Chrome/134.0.0.0 Safari/537.36 Edg/134.0.0.0"
172.16.36.28 - - [01/Apr/2025:17:36:03 +0800] "GET /manager-page/api/snapshot.php?id=12&t=0.9045255086203869 HTTP/1.1" 200 43196 "http://192.168.60.79/manager-page/home-1.php" "Mozilla/5.0 (Windows NT 10.0; Win64; x64) AppleWebKit/537.36 (KHTML, like Gecko) Chrome/134.0.0.0 Safari/537.36 Edg/134.0.0.0"
172.16.36.28 - - [01/Apr/2025:17:36:08 +0800] "GET /manager-page/api/snapshot.php?id=12&t=0.1820864352625069 HTTP/1.1" 200 43165 "http://192.168.60.79/manager-page/home-1.php" "Mozilla/5.0 (Windows NT 10.0; Win64; x64) AppleWebKit/537.36 (KHTML, like Gecko) Chrome/134.0.0.0 Safari/537.36 Edg/134.0.0.0"
172.16.36.28 - - [01/Apr/2025:17:36:08 +0800] "GET /manager-page/api/snapshot.php?id=11&t=0.44989315673899744 HTTP/1.1" 200 43864 "http://192.168.60.79/manager-page/home-1.php" "Mozilla/5.0 (Windows NT 10.0; Win64; x64) AppleWebKit/537.36 (KHTML, like Gecko) Chrome/134.0.0.0 Safari/537.36 Edg/134.0.0.0"
172.16.36.28 - - [01/Apr/2025:17:36:13 +0800] "GET /manager-page/api/snapshot.php?id=11&t=0.05748430780364555 HTTP/1.1" 200 43916 "http://192.168.60.79/manager-page/home-1.php" "Mozilla/5.0 (Windows NT 10.0; Win64; x64) AppleWebKit/537.36 (KHTML, like Gecko) Chrome/134.0.0.0 Safari/537.36 Edg/134.0.0.0"
172.16.36.28 - - [01/Apr/2025:17:36:13 +0800] "GET /manager-page/api/snapshot.php?id=12&t=0.01370050183968985 HTTP/1.1" 200 43144 "http://192.168.60.79/manager-page/home-1.php" "Mozilla/5.0 (Windows NT 10.0; Win64; x64) AppleWebKit/537.36 (KHTML, like Gecko) Chrome/134.0.0.0 Safari/537.36 Edg/134.0.0.0"
172.16.36.28 - - [01/Apr/2025:17:36:18 +0800] "GET /manager-page/api/snapshot.php?id=11&t=0.4903623390688281 HTTP/1.1" 200 43939 "http://192.168.60.79/manager-page/home-1.php" "Mozilla/5.0 (Windows NT 10.0; Win64; x64) AppleWebKit/537.36 (KHTML, like Gecko) Chrome/134.0.0.0 Safari/537.36 Edg/134.0.0.0"
172.16.36.28 - - [01/Apr/2025:17:36:18 +0800] "GET /manager-page/api/snapshot.php?id=12&t=0.6876619821471204 HTTP/1.1" 200 43076 "http://192.168.60.79/manager-page/home-1.php" "Mozilla/5.0 (Windows NT 10.0; Win64; x64) AppleWebKit/537.36 (KHTML, like Gecko) Chrome/134.0.0.0 Safari/537.36 Edg/134.0.0.0"
172.16.36.28 - - [01/Apr/2025:17:36:23 +0800] "GET /manager-page/api/snapshot.php?id=11&t=0.5309791911510686 HTTP/1.1" 200 43975 "http://192.168.60.79/manager-page/home-1.php" "Mozilla/5.0 (Windows NT 10.0; Win64; x64) AppleWebKit/537.36 (KHTML, like Gecko) Chrome/134.0.0.0 Safari/537.36 Edg/134.0.0.0"
172.16.36.28 - - [01/Apr/2025:17:36:23 +0800] "GET /manager-page/api/snapshot.php?id=12&t=0.6614533209681772 HTTP/1.1" 200 43116 "http://192.168.60.79/manager-page/home-1.php" "Mozilla/5.0 (Windows NT 10.0; Win64; x64) AppleWebKit/537.36 (KHTML, like Gecko) Chrome/134.0.0.0 Safari/537.36 Edg/134.0.0.0"
127.0.0.1 - - [01/Apr/2025:17:36:26 +0800] "POST /robot/lora-in.php HTTP/1.1" 200 - "-" "python-requests/2.31.0"
172.16.36.28 - - [01/Apr/2025:17:36:28 +0800] "GET /manager-page/api/snapshot.php?id=11&t=0.920553179956253 HTTP/1.1" 200 43965 "http://192.168.60.79/manager-page/home-1.php" "Mozilla/5.0 (Windows NT 10.0; Win64; x64) AppleWebKit/537.36 (KHTML, like Gecko) Chrome/134.0.0.0 Safari/537.36 Edg/134.0.0.0"
172.16.36.28 - - [01/Apr/2025:17:36:28 +0800] "GET /manager-page/api/snapshot.php?id=12&t=0.4099601703043847 HTTP/1.1" 200 43140 "http://192.168.60.79/manager-page/home-1.php" "Mozilla/5.0 (Windows NT 10.0; Win64; x64) AppleWebKit/537.36 (KHTML, like Gecko) Chrome/134.0.0.0 Safari/537.36 Edg/134.0.0.0"
172.16.36.28 - - [01/Apr/2025:17:36:33 +0800] "GET /manager-page/api/snapshot.php?id=11&t=0.5319074445600227 HTTP/1.1" 200 43933 "http://192.168.60.79/manager-page/home-1.php" "Mozilla/5.0 (Windows NT 10.0; Win64; x64) AppleWebKit/537.36 (KHTML, like Gecko) Chrome/134.0.0.0 Safari/537.36 Edg/134.0.0.0"
172.16.36.28 - - [01/Apr/2025:17:36:33 +0800] "GET /manager-page/api/snapshot.php?id=12&t=0.9419339978973522 HTTP/1.1" 200 43140 "http://192.168.60.79/manager-page/home-1.php" "Mozilla/5.0 (Windows NT 10.0; Win64; x64) AppleWebKit/537.36 (KHTML, like Gecko) Chrome/134.0.0.0 Safari/537.36 Edg/134.0.0.0"
127.0.0.1 - - [01/Apr/2025:17:36:33 +0800] "POST /robot/lora-in.php HTTP/1.1" 200 - "-" "python-requests/2.31.0"
172.16.36.28 - - [01/Apr/2025:17:36:38 +0800] "GET /manager-page/api/snapshot.php?id=12&t=0.8328486539811086 HTTP/1.1" 200 43239 "http://192.168.60.79/manager-page/home-1.php" "Mozilla/5.0 (Windows NT 10.0; Win64; x64) AppleWebKit/537.36 (KHTML, like Gecko) Chrome/134.0.0.0 Safari/537.36 Edg/134.0.0.0"
172.16.36.28 - - [01/Apr/2025:17:36:38 +0800] "GET /manager-page/api/snapshot.php?id=11&t=0.7723687573748772 HTTP/1.1" 200 43936 "http://192.168.60.79/manager-page/home-1.php" "Mozilla/5.0 (Windows NT 10.0; Win64; x64) AppleWebKit/537.36 (KHTML, like Gecko) Chrome/134.0.0.0 Safari/537.36 Edg/134.0.0.0"
172.16.36.28 - - [01/Apr/2025:17:36:43 +0800] "GET /manager-page/api/snapshot.php?id=12&t=0.7699209265467422 HTTP/1.1" 200 43267 "http://192.168.60.79/manager-page/home-1.php" "Mozilla/5.0 (Windows NT 10.0; Win64; x64) AppleWebKit/537.36 (KHTML, like Gecko) Chrome/134.0.0.0 Safari/537.36 Edg/134.0.0.0"
127.0.0.1 - - [01/Apr/2025:17:36:42 +0800] "POST /robot/lora-in.php HTTP/1.1" 200 - "-" "python-requests/2.31.0"
172.16.36.28 - - [01/Apr/2025:17:36:43 +0800] "GET /manager-page/api/snapshot.php?id=11&t=0.7819679792217007 HTTP/1.1" 200 43922 "http://192.168.60.79/manager-page/home-1.php" "Mozilla/5.0 (Windows NT 10.0; Win64; x64) AppleWebKit/537.36 (KHTML, like Gecko) Chrome/134.0.0.0 Safari/537.36 Edg/134.0.0.0"
172.16.36.28 - - [01/Apr/2025:17:36:48 +0800] "GET /manager-page/api/snapshot.php?id=11&t=0.6631300025408242 HTTP/1.1" 200 43961 "http://192.168.60.79/manager-page/home-1.php" "Mozilla/5.0 (Windows NT 10.0; Win64; x64) AppleWebKit/537.36 (KHTML, like Gecko) Chrome/134.0.0.0 Safari/537.36 Edg/134.0.0.0"
172.16.36.28 - - [01/Apr/2025:17:36:48 +0800] "GET /manager-page/api/snapshot.php?id=12&t=0.5572484594241123 HTTP/1.1" 200 43121 "http://192.168.60.79/manager-page/home-1.php" "Mozilla/5.0 (Windows NT 10.0; Win64; x64) AppleWebKit/537.36 (KHTML, like Gecko) Chrome/134.0.0.0 Safari/537.36 Edg/134.0.0.0"
127.0.0.1 - - [01/Apr/2025:17:36:53 +0800] "POST /robot/lora-in.php HTTP/1.1" 200 - "-" "python-requests/2.31.0"
172.16.36.28 - - [01/Apr/2025:17:36:53 +0800] "GET /manager-page/api/snapshot.php?id=11&t=0.2357435353270969 HTTP/1.1" 200 43926 "http://192.168.60.79/manager-page/home-1.php" "Mozilla/5.0 (Windows NT 10.0; Win64; x64) AppleWebKit/537.36 (KHTML, like Gecko) Chrome/134.0.0.0 Safari/537.36 Edg/134.0.0.0"
172.16.36.28 - - [01/Apr/2025:17:36:53 +0800] "GET /manager-page/api/snapshot.php?id=12&t=0.5373910942222078 HTTP/1.1" 200 43223 "http://192.168.60.79/manager-page/home-1.php" "Mozilla/5.0 (Windows NT 10.0; Win64; x64) AppleWebKit/537.36 (KHTML, like Gecko) Chrome/134.0.0.0 Safari/537.36 Edg/134.0.0.0"
127.0.0.1 - - [01/Apr/2025:17:36:57 +0800] "POST /robot/lora-in.php HTTP/1.1" 200 - "-" "python-requests/2.31.0"
172.16.36.28 - - [01/Apr/2025:17:36:58 +0800] "GET /manager-page/api/snapshot.php?id=11&t=0.6222865779522011 HTTP/1.1" 200 43923 "http://192.168.60.79/manager-page/home-1.php" "Mozilla/5.0 (Windows NT 10.0; Win64; x64) AppleWebKit/537.36 (KHTML, like Gecko) Chrome/134.0.0.0 Safari/537.36 Edg/134.0.0.0"
172.16.36.28 - - [01/Apr/2025:17:36:58 +0800] "GET /manager-page/api/snapshot.php?id=12&t=0.19008948209720078 HTTP/1.1" 200 43202 "http://192.168.60.79/manager-page/home-1.php" "Mozilla/5.0 (Windows NT 10.0; Win64; x64) AppleWebKit/537.36 (KHTML, like Gecko) Chrome/134.0.0.0 Safari/537.36 Edg/134.0.0.0"
127.0.0.1 - - [01/Apr/2025:17:37:00 +0800] "GET /robot/alarm-history-in.php HTTP/1.1" 200 - "-" "python-requests/2.28.1"
172.16.36.28 - - [01/Apr/2025:17:37:03 +0800] "GET /manager-page/api/snapshot.php?id=11&t=0.15614062925870753 HTTP/1.1" 200 44122 "http://192.168.60.79/manager-page/home-1.php" "Mozilla/5.0 (Windows NT 10.0; Win64; x64) AppleWebKit/537.36 (KHTML, like Gecko) Chrome/134.0.0.0 Safari/537.36 Edg/134.0.0.0"
172.16.36.28 - - [01/Apr/2025:17:37:03 +0800] "GET /manager-page/api/snapshot.php?id=12&t=0.22457506028820373 HTTP/1.1" 200 43257 "http://192.168.60.79/manager-page/home-1.php" "Mozilla/5.0 (Windows NT 10.0; Win64; x64) AppleWebKit/537.36 (KHTML, like Gecko) Chrome/134.0.0.0 Safari/537.36 Edg/134.0.0.0"
127.0.0.1 - - [01/Apr/2025:17:37:07 +0800] "POST /robot/lora-in.php HTTP/1.1" 200 - "-" "python-requests/2.31.0"
172.16.36.28 - - [01/Apr/2025:17:37:08 +0800] "GET /manager-page/api/snapshot.php?id=11&t=0.5074533854886036 HTTP/1.1" 200 43966 "http://192.168.60.79/manager-page/home-1.php" "Mozilla/5.0 (Windows NT 10.0; Win64; x64) AppleWebKit/537.36 (KHTML, like Gecko) Chrome/134.0.0.0 Safari/537.36 Edg/134.0.0.0"
172.16.36.28 - - [01/Apr/2025:17:37:08 +0800] "GET /manager-page/api/snapshot.php?id=12&t=0.7318322676232409 HTTP/1.1" 200 43112 "http://192.168.60.79/manager-page/home-1.php" "Mozilla/5.0 (Windows NT 10.0; Win64; x64) AppleWebKit/537.36 (KHTML, like Gecko) Chrome/134.0.0.0 Safari/537.36 Edg/134.0.0.0"
127.0.0.1 - - [01/Apr/2025:17:37:13 +0800] "POST /robot/lora-in.php HTTP/1.1" 200 - "-" "python-requests/2.31.0"
172.16.36.28 - - [01/Apr/2025:17:37:13 +0800] "GET /manager-page/api/snapshot.php?id=11&t=0.6504168045658023 HTTP/1.1" 200 44056 "http://192.168.60.79/manager-page/home-1.php" "Mozilla/5.0 (Windows NT 10.0; Win64; x64) AppleWebKit/537.36 (KHTML, like Gecko) Chrome/134.0.0.0 Safari/537.36 Edg/134.0.0.0"
172.16.36.28 - - [01/Apr/2025:17:37:13 +0800] "GET /manager-page/api/snapshot.php?id=12&t=0.8826043587955468 HTTP/1.1" 200 43598 "http://192.168.60.79/manager-page/home-1.php" "Mozilla/5.0 (Windows NT 10.0; Win64; x64) AppleWebKit/537.36 (KHTML, like Gecko) Chrome/134.0.0.0 Safari/537.36 Edg/134.0.0.0"
172.16.36.28 - - [01/Apr/2025:17:37:14 +0800] "GET /manager-page/alarm/2-1.jpg?t=1498970515 HTTP/1.1" 200 339428 "http://192.168.60.79/manager-page/home-2.php" "Mozilla/5.0 (Windows NT 10.0; Win64; x64) AppleWebKit/537.36 (KHTML, like Gecko) Chrome/134.0.0.0 Safari/537.36 Edg/134.0.0.0"
172.16.36.28 - - [01/Apr/2025:17:37:14 +0800] "GET /manager-page/alarm/2-2.jpg?t=1980972207 HTTP/1.1" 200 491657 "http://192.168.60.79/manager-page/home-2.php" "Mozilla/5.0 (Windows NT 10.0; Win64; x64) AppleWebKit/537.36 (KHTML, like Gecko) Chrome/134.0.0.0 Safari/537.36 Edg/134.0.0.0"
172.16.36.28 - - [01/Apr/2025:17:37:14 +0800] "GET /manager-page/home-2.php HTTP/1.1" 200 27472 "http://192.168.60.79/manager-page/home-1.php" "Mozilla/5.0 (Windows NT 10.0; Win64; x64) AppleWebKit/537.36 (KHTML, like Gecko) Chrome/134.0.0.0 Safari/537.36 Edg/134.0.0.0"
172.16.36.28 - - [01/Apr/2025:17:37:17 +0800] "GET /manager-page/img/locpic_02.jpg HTTP/1.1" 200 158513 "http://192.168.60.79/manager-page/home-2.php" "Mozilla/5.0 (Windows NT 10.0; Win64; x64) AppleWebKit/537.36 (KHTML, like Gecko) Chrome/134.0.0.0 Safari/537.36 Edg/134.0.0.0"
172.16.36.28 - - [01/Apr/2025:17:37:14 +0800] "GET /manager-page/api/snapshot.php?id=21 HTTP/1.1" 200 46854 "http://192.168.60.79/manager-page/home-2.php" "Mozilla/5.0 (Windows NT 10.0; Win64; x64) AppleWebKit/537.36 (KHTML, like Gecko) Chrome/134.0.0.0 Safari/537.36 Edg/134.0.0.0"
172.16.36.28 - - [01/Apr/2025:17:37:14 +0800] "GET /manager-page/api/snapshot.php?id=22 HTTP/1.1" 200 381 "http://192.168.60.79/manager-page/home-2.php" "Mozilla/5.0 (Windows NT 10.0; Win64; x64) AppleWebKit/537.36 (KHTML, like Gecko) Chrome/134.0.0.0 Safari/537.36 Edg/134.0.0.0"
172.16.36.28 - - [01/Apr/2025:17:37:18 +0800] "GET /manager-page/live/2-2.jpg HTTP/1.1" 200 52402 "http://192.168.60.79/manager-page/home-2.php" "Mozilla/5.0 (Windows NT 10.0; Win64; x64) AppleWebKit/537.36 (KHTML, like Gecko) Chrome/134.0.0.0 Safari/537.36 Edg/134.0.0.0"
172.16.36.28 - - [01/Apr/2025:17:37:17 +0800] "GET /manager-page/api/cms-status2.php HTTP/1.1" 200 12 "http://192.168.60.79/manager-page/home-2.php" "Mozilla/5.0 (Windows NT 10.0; Win64; x64) AppleWebKit/537.36 (KHTML, like Gecko) Chrome/134.0.0.0 Safari/537.36 Edg/134.0.0.0"
172.16.36.28 - - [01/Apr/2025:17:37:17 +0800] "GET /manager-page/api/lp-status2.php HTTP/1.1" 200 1 "http://192.168.60.79/manager-page/home-2.php" "Mozilla/5.0 (Windows NT 10.0; Win64; x64) AppleWebKit/537.36 (KHTML, like Gecko) Chrome/134.0.0.0 Safari/537.36 Edg/134.0.0.0"
172.16.36.28 - - [01/Apr/2025:17:37:22 +0800] "GET /manager-page/api/snapshot.php?id=22&t=0.5427977133610311 HTTP/1.1" 200 381 "http://192.168.60.79/manager-page/home-2.php" "Mozilla/5.0 (Windows NT 10.0; Win64; x64) AppleWebKit/537.36 (KHTML, like Gecko) Chrome/134.0.0.0 Safari/537.36 Edg/134.0.0.0"
172.16.36.28 - - [01/Apr/2025:17:37:27 +0800] "GET /manager-page/api/snapshot.php?id=21&t=0.10072297464301916 HTTP/1.1" 200 48618 "http://192.168.60.79/manager-page/home-2.php" "Mozilla/5.0 (Windows NT 10.0; Win64; x64) AppleWebKit/537.36 (KHTML, like Gecko) Chrome/134.0.0.0 Safari/537.36 Edg/134.0.0.0"
172.16.36.28 - - [01/Apr/2025:17:37:22 +0800] "GET /manager-page/api/snapshot.php?id=21&t=0.1180789949437775 HTTP/1.1" 500 - "http://192.168.60.79/manager-page/home-2.php" "Mozilla/5.0 (Windows NT 10.0; Win64; x64) AppleWebKit/537.36 (KHTML, like Gecko) Chrome/134.0.0.0 Safari/537.36 Edg/134.0.0.0"
172.16.36.28 - - [01/Apr/2025:17:37:27 +0800] "GET /manager-page/api/snapshot.php?id=22&t=0.8846030762817925 HTTP/1.1" 500 - "http://192.168.60.79/manager-page/home-2.php" "Mozilla/5.0 (Windows NT 10.0; Win64; x64) AppleWebKit/537.36 (KHTML, like Gecko) Chrome/134.0.0.0 Safari/537.36 Edg/134.0.0.0"
172.16.36.28 - - [01/Apr/2025:17:37:32 +0800] "GET /manager-page/api/snapshot.php?id=21&t=0.36816056329208857 HTTP/1.1" 200 48451 "http://192.168.60.79/manager-page/home-2.php" "Mozilla/5.0 (Windows NT 10.0; Win64; x64) AppleWebKit/537.36 (KHTML, like Gecko) Chrome/134.0.0.0 Safari/537.36 Edg/134.0.0.0"
172.16.36.28 - - [01/Apr/2025:17:37:32 +0800] "GET /manager-page/api/snapshot.php?id=22&t=0.9269813676444671 HTTP/1.1" 200 381 "http://192.168.60.79/manager-page/home-2.php" "Mozilla/5.0 (Windows NT 10.0; Win64; x64) AppleWebKit/537.36 (KHTML, like Gecko) Chrome/134.0.0.0 Safari/537.36 Edg/134.0.0.0"
172.16.36.28 - - [01/Apr/2025:17:37:37 +0800] "GET /manager-page/api/snapshot.php?id=22&t=0.10567098318116797 HTTP/1.1" 200 381 "http://192.168.60.79/manager-page/home-2.php" "Mozilla/5.0 (Windows NT 10.0; Win64; x64) AppleWebKit/537.36 (KHTML, like Gecko) Chrome/134.0.0.0 Safari/537.36 Edg/134.0.0.0"
172.16.36.28 - - [01/Apr/2025:17:37:37 +0800] "GET /manager-page/api/snapshot.php?id=21&t=0.5085569849505875 HTTP/1.1" 200 48343 "http://192.168.60.79/manager-page/home-2.php" "Mozilla/5.0 (Windows NT 10.0; Win64; x64) AppleWebKit/537.36 (KHTML, like Gecko) Chrome/134.0.0.0 Safari/537.36 Edg/134.0.0.0"
172.16.36.28 - - [01/Apr/2025:17:37:42 +0800] "GET /manager-page/api/snapshot.php?id=21&t=0.038665838939374364 HTTP/1.1" 200 48349 "http://192.168.60.79/manager-page/home-2.php" "Mozilla/5.0 (Windows NT 10.0; Win64; x64) AppleWebKit/537.36 (KHTML, like Gecko) Chrome/134.0.0.0 Safari/537.36 Edg/134.0.0.0"
172.16.36.28 - - [01/Apr/2025:17:37:42 +0800] "GET /manager-page/api/snapshot.php?id=22&t=0.7974507654124849 HTTP/1.1" 500 - "http://192.168.60.79/manager-page/home-2.php" "Mozilla/5.0 (Windows NT 10.0; Win64; x64) AppleWebKit/537.36 (KHTML, like Gecko) Chrome/134.0.0.0 Safari/537.36 Edg/134.0.0.0"
172.16.36.28 - - [01/Apr/2025:17:37:47 +0800] "GET /manager-page/api/snapshot.php?id=21&t=0.5972943739826699 HTTP/1.1" 200 47287 "http://192.168.60.79/manager-page/home-2.php" "Mozilla/5.0 (Windows NT 10.0; Win64; x64) AppleWebKit/537.36 (KHTML, like Gecko) Chrome/134.0.0.0 Safari/537.36 Edg/134.0.0.0"
172.16.36.28 - - [01/Apr/2025:17:37:47 +0800] "GET /manager-page/api/snapshot.php?id=22&t=0.39325919020026223 HTTP/1.1" 500 - "http://192.168.60.79/manager-page/home-2.php" "Mozilla/5.0 (Windows NT 10.0; Win64; x64) AppleWebKit/537.36 (KHTML, like Gecko) Chrome/134.0.0.0 Safari/537.36 Edg/134.0.0.0"
172.16.36.28 - - [01/Apr/2025:17:37:52 +0800] "GET /manager-page/api/snapshot.php?id=21&t=0.49023932300911977 HTTP/1.1" 200 44225 "http://192.168.60.79/manager-page/home-2.php" "Mozilla/5.0 (Windows NT 10.0; Win64; x64) AppleWebKit/537.36 (KHTML, like Gecko) Chrome/134.0.0.0 Safari/537.36 Edg/134.0.0.0"
111.70.30.251 - - [01/Apr/2025:17:37:26 +0800] "POST /robot/lora-in.php HTTP/1.1" 200 - "-" "python-requests/2.21.0"
111.70.30.250 - - [01/Apr/2025:17:37:59 +0800] "POST /robot/lora-in.php HTTP/1.1" 200 - "-" "python-requests/2.21.0"
127.0.0.1 - - [01/Apr/2025:17:38:00 +0800] "GET /robot/alarm-history-in.php HTTP/1.1" 200 - "-" "python-requests/2.28.1"
172.16.36.28 - - [01/Apr/2025:17:37:52 +0800] "GET /manager-page/api/snapshot.php?id=22&t=0.9545355948804128 HTTP/1.1" 200 381 "http://192.168.60.79/manager-page/home-2.php" "Mozilla/5.0 (Windows NT 10.0; Win64; x64) AppleWebKit/537.36 (KHTML, like Gecko) Chrome/134.0.0.0 Safari/537.36 Edg/134.0.0.0"
172.16.36.28 - - [01/Apr/2025:17:37:57 +0800] "GET /manager-page/api/snapshot.php?id=22&t=0.27674549964644757 HTTP/1.1" 200 381 "http://192.168.60.79/manager-page/home-2.php" "Mozilla/5.0 (Windows NT 10.0; Win64; x64) AppleWebKit/537.36 (KHTML, like Gecko) Chrome/134.0.0.0 Safari/537.36 Edg/134.0.0.0"
172.16.36.28 - - [01/Apr/2025:17:37:57 +0800] "GET /manager-page/api/snapshot.php?id=21&t=0.19386490829725367 HTTP/1.1" 200 48511 "http://192.168.60.79/manager-page/home-2.php" "Mozilla/5.0 (Windows NT 10.0; Win64; x64) AppleWebKit/537.36 (KHTML, like Gecko) Chrome/134.0.0.0 Safari/537.36 Edg/134.0.0.0"
172.16.36.28 - - [01/Apr/2025:17:38:02 +0800] "GET /manager-page/api/snapshot.php?id=21&t=0.26985552274812874 HTTP/1.1" 200 48482 "http://192.168.60.79/manager-page/home-2.php" "Mozilla/5.0 (Windows NT 10.0; Win64; x64) AppleWebKit/537.36 (KHTML, like Gecko) Chrome/134.0.0.0 Safari/537.36 Edg/134.0.0.0"
172.16.36.28 - - [01/Apr/2025:17:38:02 +0800] "GET /manager-page/api/snapshot.php?id=22&t=0.6156606219417828 HTTP/1.1" 200 381 "http://192.168.60.79/manager-page/home-2.php" "Mozilla/5.0 (Windows NT 10.0; Win64; x64) AppleWebKit/537.36 (KHTML, like Gecko) Chrome/134.0.0.0 Safari/537.36 Edg/134.0.0.0"
172.16.36.28 - - [01/Apr/2025:17:38:07 +0800] "GET /manager-page/api/snapshot.php?id=21&t=0.6969111463513962 HTTP/1.1" 200 48330 "http://192.168.60.79/manager-page/home-2.php" "Mozilla/5.0 (Windows NT 10.0; Win64; x64) AppleWebKit/537.36 (KHTML, like Gecko) Chrome/134.0.0.0 Safari/537.36 Edg/134.0.0.0"
172.16.36.28 - - [01/Apr/2025:17:38:07 +0800] "GET /manager-page/api/snapshot.php?id=22&t=0.820320724487301 HTTP/1.1" 200 381 "http://192.168.60.79/manager-page/home-2.php" "Mozilla/5.0 (Windows NT 10.0; Win64; x64) AppleWebKit/537.36 (KHTML, like Gecko) Chrome/134.0.0.0 Safari/537.36 Edg/134.0.0.0"
172.16.36.28 - - [01/Apr/2025:17:38:12 +0800] "GET /manager-page/api/snapshot.php?id=21&t=0.6844533455153559 HTTP/1.1" 200 48222 "http://192.168.60.79/manager-page/home-2.php" "Mozilla/5.0 (Windows NT 10.0; Win64; x64) AppleWebKit/537.36 (KHTML, like Gecko) Chrome/134.0.0.0 Safari/537.36 Edg/134.0.0.0"
172.16.36.28 - - [01/Apr/2025:17:38:12 +0800] "GET /manager-page/api/snapshot.php?id=22&t=0.6620636974801319 HTTP/1.1" 200 381 "http://192.168.60.79/manager-page/home-2.php" "Mozilla/5.0 (Windows NT 10.0; Win64; x64) AppleWebKit/537.36 (KHTML, like Gecko) Chrome/134.0.0.0 Safari/537.36 Edg/134.0.0.0"
172.16.36.28 - - [01/Apr/2025:17:38:17 +0800] "GET /manager-page/api/snapshot.php?id=21&t=0.7398750461527774 HTTP/1.1" 200 48151 "http://192.168.60.79/manager-page/home-2.php" "Mozilla/5.0 (Windows NT 10.0; Win64; x64) AppleWebKit/537.36 (KHTML, like Gecko) Chrome/134.0.0.0 Safari/537.36 Edg/134.0.0.0"
172.16.36.28 - - [01/Apr/2025:17:38:17 +0800] "GET /manager-page/api/snapshot.php?id=22&t=0.6305780063721014 HTTP/1.1" 200 381 "http://192.168.60.79/manager-page/home-2.php" "Mozilla/5.0 (Windows NT 10.0; Win64; x64) AppleWebKit/537.36 (KHTML, like Gecko) Chrome/134.0.0.0 Safari/537.36 Edg/134.0.0.0"
127.0.0.1 - - [01/Apr/2025:17:38:20 +0800] "POST /robot/et-7026-in.php HTTP/1.1" 200 - "-" "python-requests/2.32.2"
172.16.36.28 - - [01/Apr/2025:17:38:22 +0800] "GET /manager-page/api/snapshot.php?id=22&t=0.6369421325349534 HTTP/1.1" 200 381 "http://192.168.60.79/manager-page/home-2.php" "Mozilla/5.0 (Windows NT 10.0; Win64; x64) AppleWebKit/537.36 (KHTML, like Gecko) Chrome/134.0.0.0 Safari/537.36 Edg/134.0.0.0"
172.16.36.28 - - [01/Apr/2025:17:38:22 +0800] "GET /manager-page/api/snapshot.php?id=21&t=0.8601740301559153 HTTP/1.1" 200 48091 "http://192.168.60.79/manager-page/home-2.php" "Mozilla/5.0 (Windows NT 10.0; Win64; x64) AppleWebKit/537.36 (KHTML, like Gecko) Chrome/134.0.0.0 Safari/537.36 Edg/134.0.0.0"
111.70.30.251 - - [01/Apr/2025:17:38:24 +0800] "POST /robot/lora-in.php HTTP/1.1" 200 - "-" "python-requests/2.21.0"
172.16.36.28 - - [01/Apr/2025:17:38:27 +0800] "GET /manager-page/api/snapshot.php?id=21&t=0.5635390204821982 HTTP/1.1" 200 48126 "http://192.168.60.79/manager-page/home-2.php" "Mozilla/5.0 (Windows NT 10.0; Win64; x64) AppleWebKit/537.36 (KHTML, like Gecko) Chrome/134.0.0.0 Safari/537.36 Edg/134.0.0.0"
172.16.36.28 - - [01/Apr/2025:17:38:27 +0800] "GET /manager-page/api/snapshot.php?id=22&t=0.06490792512957189 HTTP/1.1" 200 381 "http://192.168.60.79/manager-page/home-2.php" "Mozilla/5.0 (Windows NT 10.0; Win64; x64) AppleWebKit/537.36 (KHTML, like Gecko) Chrome/134.0.0.0 Safari/537.36 Edg/134.0.0.0"
172.16.36.28 - - [01/Apr/2025:17:38:32 +0800] "GET /manager-page/api/snapshot.php?id=21&t=0.3240915323516469 HTTP/1.1" 200 48124 "http://192.168.60.79/manager-page/home-2.php" "Mozilla/5.0 (Windows NT 10.0; Win64; x64) AppleWebKit/537.36 (KHTML, like Gecko) Chrome/134.0.0.0 Safari/537.36 Edg/134.0.0.0"
172.16.36.28 - - [01/Apr/2025:17:38:32 +0800] "GET /manager-page/api/snapshot.php?id=22&t=0.04765800309739876 HTTP/1.1" 200 381 "http://192.168.60.79/manager-page/home-2.php" "Mozilla/5.0 (Windows NT 10.0; Win64; x64) AppleWebKit/537.36 (KHTML, like Gecko) Chrome/134.0.0.0 Safari/537.36 Edg/134.0.0.0"
172.16.36.28 - - [01/Apr/2025:17:38:37 +0800] "GET /manager-page/api/snapshot.php?id=21&t=0.3100707613122784 HTTP/1.1" 200 48228 "http://192.168.60.79/manager-page/home-2.php" "Mozilla/5.0 (Windows NT 10.0; Win64; x64) AppleWebKit/537.36 (KHTML, like Gecko) Chrome/134.0.0.0 Safari/537.36 Edg/134.0.0.0"
172.16.36.28 - - [01/Apr/2025:17:38:37 +0800] "GET /manager-page/api/snapshot.php?id=22&t=0.6797434004549021 HTTP/1.1" 200 381 "http://192.168.60.79/manager-page/home-2.php" "Mozilla/5.0 (Windows NT 10.0; Win64; x64) AppleWebKit/537.36 (KHTML, like Gecko) Chrome/134.0.0.0 Safari/537.36 Edg/134.0.0.0"
172.16.36.28 - - [01/Apr/2025:17:38:42 +0800] "GET /manager-page/api/snapshot.php?id=21&t=0.8896249546039838 HTTP/1.1" 200 48182 "http://192.168.60.79/manager-page/home-2.php" "Mozilla/5.0 (Windows NT 10.0; Win64; x64) AppleWebKit/537.36 (KHTML, like Gecko) Chrome/134.0.0.0 Safari/537.36 Edg/134.0.0.0"
172.16.36.28 - - [01/Apr/2025:17:38:42 +0800] "GET /manager-page/api/snapshot.php?id=22&t=0.3002518421866911 HTTP/1.1" 200 381 "http://192.168.60.79/manager-page/home-2.php" "Mozilla/5.0 (Windows NT 10.0; Win64; x64) AppleWebKit/537.36 (KHTML, like Gecko) Chrome/134.0.0.0 Safari/537.36 Edg/134.0.0.0"
172.16.36.28 - - [01/Apr/2025:17:38:47 +0800] "GET /manager-page/api/snapshot.php?id=21&t=0.047362999751533685 HTTP/1.1" 200 48143 "http://192.168.60.79/manager-page/home-2.php" "Mozilla/5.0 (Windows NT 10.0; Win64; x64) AppleWebKit/537.36 (KHTML, like Gecko) Chrome/134.0.0.0 Safari/537.36 Edg/134.0.0.0"
172.16.36.28 - - [01/Apr/2025:17:38:47 +0800] "GET /manager-page/api/snapshot.php?id=22&t=0.27086639664245493 HTTP/1.1" 200 381 "http://192.168.60.79/manager-page/home-2.php" "Mozilla/5.0 (Windows NT 10.0; Win64; x64) AppleWebKit/537.36 (KHTML, like Gecko) Chrome/134.0.0.0 Safari/537.36 Edg/134.0.0.0"
172.16.36.28 - - [01/Apr/2025:17:38:52 +0800] "GET /manager-page/api/snapshot.php?id=21&t=0.279831893238792 HTTP/1.1" 200 48061 "http://192.168.60.79/manager-page/home-2.php" "Mozilla/5.0 (Windows NT 10.0; Win64; x64) AppleWebKit/537.36 (KHTML, like Gecko) Chrome/134.0.0.0 Safari/537.36 Edg/134.0.0.0"
172.16.36.28 - - [01/Apr/2025:17:38:52 +0800] "GET /manager-page/api/snapshot.php?id=22&t=0.4455293943076952 HTTP/1.1" 200 381 "http://192.168.60.79/manager-page/home-2.php" "Mozilla/5.0 (Windows NT 10.0; Win64; x64) AppleWebKit/537.36 (KHTML, like Gecko) Chrome/134.0.0.0 Safari/537.36 Edg/134.0.0.0"
172.16.36.28 - - [01/Apr/2025:17:38:57 +0800] "GET /manager-page/api/snapshot.php?id=22&t=0.5481509295410916 HTTP/1.1" 200 381 "http://192.168.60.79/manager-page/home-2.php" "Mozilla/5.0 (Windows NT 10.0; Win64; x64) AppleWebKit/537.36 (KHTML, like Gecko) Chrome/134.0.0.0 Safari/537.36 Edg/134.0.0.0"
172.16.36.28 - - [01/Apr/2025:17:38:57 +0800] "GET /manager-page/api/snapshot.php?id=21&t=0.7326449817694762 HTTP/1.1" 200 48072 "http://192.168.60.79/manager-page/home-2.php" "Mozilla/5.0 (Windows NT 10.0; Win64; x64) AppleWebKit/537.36 (KHTML, like Gecko) Chrome/134.0.0.0 Safari/537.36 Edg/134.0.0.0"
127.0.0.1 - - [01/Apr/2025:17:39:00 +0800] "GET /robot/alarm-history-in.php HTTP/1.1" 200 - "-" "python-requests/2.28.1"
172.16.36.28 - - [01/Apr/2025:17:39:02 +0800] "GET /manager-page/api/snapshot.php?id=21&t=0.8912706170073503 HTTP/1.1" 200 48067 "http://192.168.60.79/manager-page/home-2.php" "Mozilla/5.0 (Windows NT 10.0; Win64; x64) AppleWebKit/537.36 (KHTML, like Gecko) Chrome/134.0.0.0 Safari/537.36 Edg/134.0.0.0"
172.16.36.28 - - [01/Apr/2025:17:39:02 +0800] "GET /manager-page/api/snapshot.php?id=22&t=0.009244968248864671 HTTP/1.1" 200 381 "http://192.168.60.79/manager-page/home-2.php" "Mozilla/5.0 (Windows NT 10.0; Win64; x64) AppleWebKit/537.36 (KHTML, like Gecko) Chrome/134.0.0.0 Safari/537.36 Edg/134.0.0.0"
172.16.36.28 - - [01/Apr/2025:17:39:07 +0800] "GET /manager-page/api/snapshot.php?id=21&t=0.8303891657337641 HTTP/1.1" 200 47981 "http://192.168.60.79/manager-page/home-2.php" "Mozilla/5.0 (Windows NT 10.0; Win64; x64) AppleWebKit/537.36 (KHTML, like Gecko) Chrome/134.0.0.0 Safari/537.36 Edg/134.0.0.0"
172.16.36.28 - - [01/Apr/2025:17:39:07 +0800] "GET /manager-page/api/snapshot.php?id=22&t=0.8871063244597475 HTTP/1.1" 200 381 "http://192.168.60.79/manager-page/home-2.php" "Mozilla/5.0 (Windows NT 10.0; Win64; x64) AppleWebKit/537.36 (KHTML, like Gecko) Chrome/134.0.0.0 Safari/537.36 Edg/134.0.0.0"
127.0.0.1 - - [01/Apr/2025:17:39:09 +0800] "POST /robot/et-7026-in.php HTTP/1.1" 200 - "-" "python-requests/2.32.2"
172.16.36.28 - - [01/Apr/2025:17:39:12 +0800] "GET /manager-page/api/snapshot.php?id=22&t=0.9976683127845722 HTTP/1.1" 200 381 "http://192.168.60.79/manager-page/home-2.php" "Mozilla/5.0 (Windows NT 10.0; Win64; x64) AppleWebKit/537.36 (KHTML, like Gecko) Chrome/134.0.0.0 Safari/537.36 Edg/134.0.0.0"
172.16.36.28 - - [01/Apr/2025:17:39:12 +0800] "GET /manager-page/api/snapshot.php?id=21&t=0.498706732014635 HTTP/1.1" 200 47824 "http://192.168.60.79/manager-page/home-2.php" "Mozilla/5.0 (Windows NT 10.0; Win64; x64) AppleWebKit/537.36 (KHTML, like Gecko) Chrome/134.0.0.0 Safari/537.36 Edg/134.0.0.0"
172.16.36.28 - - [01/Apr/2025:17:39:17 +0800] "GET /manager-page/api/snapshot.php?id=22&t=0.9792916477114961 HTTP/1.1" 200 381 "http://192.168.60.79/manager-page/home-2.php" "Mozilla/5.0 (Windows NT 10.0; Win64; x64) AppleWebKit/537.36 (KHTML, like Gecko) Chrome/134.0.0.0 Safari/537.36 Edg/134.0.0.0"
172.16.36.28 - - [01/Apr/2025:17:39:17 +0800] "GET /manager-page/api/snapshot.php?id=21&t=0.7724712216529674 HTTP/1.1" 200 47786 "http://192.168.60.79/manager-page/home-2.php" "Mozilla/5.0 (Windows NT 10.0; Win64; x64) AppleWebKit/537.36 (KHTML, like Gecko) Chrome/134.0.0.0 Safari/537.36 Edg/134.0.0.0"
172.16.36.28 - - [01/Apr/2025:17:39:22 +0800] "GET /manager-page/api/snapshot.php?id=21&t=0.37990431403704994 HTTP/1.1" 200 47801 "http://192.168.60.79/manager-page/home-2.php" "Mozilla/5.0 (Windows NT 10.0; Win64; x64) AppleWebKit/537.36 (KHTML, like Gecko) Chrome/134.0.0.0 Safari/537.36 Edg/134.0.0.0"
172.16.36.28 - - [01/Apr/2025:17:39:22 +0800] "GET /manager-page/api/snapshot.php?id=22&t=0.5538100107614876 HTTP/1.1" 200 381 "http://192.168.60.79/manager-page/home-2.php" "Mozilla/5.0 (Windows NT 10.0; Win64; x64) AppleWebKit/537.36 (KHTML, like Gecko) Chrome/134.0.0.0 Safari/537.36 Edg/134.0.0.0"
172.16.36.28 - - [01/Apr/2025:17:39:27 +0800] "GET /manager-page/api/snapshot.php?id=22&t=0.9626095836037518 HTTP/1.1" 200 381 "http://192.168.60.79/manager-page/home-2.php" "Mozilla/5.0 (Windows NT 10.0; Win64; x64) AppleWebKit/537.36 (KHTML, like Gecko) Chrome/134.0.0.0 Safari/537.36 Edg/134.0.0.0"
172.16.36.28 - - [01/Apr/2025:17:39:27 +0800] "GET /manager-page/api/snapshot.php?id=21&t=0.06094096746292044 HTTP/1.1" 200 47880 "http://192.168.60.79/manager-page/home-2.php" "Mozilla/5.0 (Windows NT 10.0; Win64; x64) AppleWebKit/537.36 (KHTML, like Gecko) Chrome/134.0.0.0 Safari/537.36 Edg/134.0.0.0"
172.16.36.28 - - [01/Apr/2025:17:39:32 +0800] "GET /manager-page/api/snapshot.php?id=21&t=0.9534411494978765 HTTP/1.1" 200 47859 "http://192.168.60.79/manager-page/home-2.php" "Mozilla/5.0 (Windows NT 10.0; Win64; x64) AppleWebKit/537.36 (KHTML, like Gecko) Chrome/134.0.0.0 Safari/537.36 Edg/134.0.0.0"
172.16.36.28 - - [01/Apr/2025:17:39:32 +0800] "GET /manager-page/api/snapshot.php?id=22&t=0.8203810232176942 HTTP/1.1" 200 381 "http://192.168.60.79/manager-page/home-2.php" "Mozilla/5.0 (Windows NT 10.0; Win64; x64) AppleWebKit/537.36 (KHTML, like Gecko) Chrome/134.0.0.0 Safari/537.36 Edg/134.0.0.0"
172.16.36.28 - - [01/Apr/2025:17:39:37 +0800] "GET /manager-page/api/snapshot.php?id=21&t=0.5844981315049003 HTTP/1.1" 200 47811 "http://192.168.60.79/manager-page/home-2.php" "Mozilla/5.0 (Windows NT 10.0; Win64; x64) AppleWebKit/537.36 (KHTML, like Gecko) Chrome/134.0.0.0 Safari/537.36 Edg/134.0.0.0"
172.16.36.28 - - [01/Apr/2025:17:39:37 +0800] "GET /manager-page/api/snapshot.php?id=22&t=0.6942807389888574 HTTP/1.1" 200 381 "http://192.168.60.79/manager-page/home-2.php" "Mozilla/5.0 (Windows NT 10.0; Win64; x64) AppleWebKit/537.36 (KHTML, like Gecko) Chrome/134.0.0.0 Safari/537.36 Edg/134.0.0.0"
172.16.36.28 - - [01/Apr/2025:17:39:42 +0800] "GET /manager-page/api/snapshot.php?id=22&t=0.7197648006836792 HTTP/1.1" 200 381 "http://192.168.60.79/manager-page/home-2.php" "Mozilla/5.0 (Windows NT 10.0; Win64; x64) AppleWebKit/537.36 (KHTML, like Gecko) Chrome/134.0.0.0 Safari/537.36 Edg/134.0.0.0"
172.16.36.28 - - [01/Apr/2025:17:39:42 +0800] "GET /manager-page/api/snapshot.php?id=21&t=0.7895674622792472 HTTP/1.1" 200 47788 "http://192.168.60.79/manager-page/home-2.php" "Mozilla/5.0 (Windows NT 10.0; Win64; x64) AppleWebKit/537.36 (KHTML, like Gecko) Chrome/134.0.0.0 Safari/537.36 Edg/134.0.0.0"
172.16.36.28 - - [01/Apr/2025:17:39:48 +0800] "GET /manager-page/api/snapshot.php?id=21&t=0.8398463304102111 HTTP/1.1" 200 47499 "http://192.168.60.79/manager-page/home-2.php" "Mozilla/5.0 (Windows NT 10.0; Win64; x64) AppleWebKit/537.36 (KHTML, like Gecko) Chrome/134.0.0.0 Safari/537.36 Edg/134.0.0.0"
172.16.36.28 - - [01/Apr/2025:17:39:48 +0800] "GET /manager-page/api/snapshot.php?id=22&t=0.4193992633943062 HTTP/1.1" 200 381 "http://192.168.60.79/manager-page/home-2.php" "Mozilla/5.0 (Windows NT 10.0; Win64; x64) AppleWebKit/537.36 (KHTML, like Gecko) Chrome/134.0.0.0 Safari/537.36 Edg/134.0.0.0"
172.16.36.28 - - [01/Apr/2025:17:39:53 +0800] "GET /manager-page/api/snapshot.php?id=21&t=0.4635625830592067 HTTP/1.1" 200 48043 "http://192.168.60.79/manager-page/home-2.php" "Mozilla/5.0 (Windows NT 10.0; Win64; x64) AppleWebKit/537.36 (KHTML, like Gecko) Chrome/134.0.0.0 Safari/537.36 Edg/134.0.0.0"
172.16.36.28 - - [01/Apr/2025:17:39:53 +0800] "GET /manager-page/api/snapshot.php?id=22&t=0.9497867742702413 HTTP/1.1" 200 381 "http://192.168.60.79/manager-page/home-2.php" "Mozilla/5.0 (Windows NT 10.0; Win64; x64) AppleWebKit/537.36 (KHTML, like Gecko) Chrome/134.0.0.0 Safari/537.36 Edg/134.0.0.0"
172.16.36.28 - - [01/Apr/2025:17:39:58 +0800] "GET /manager-page/api/snapshot.php?id=21&t=0.39076589117810157 HTTP/1.1" 200 47905 "http://192.168.60.79/manager-page/home-2.php" "Mozilla/5.0 (Windows NT 10.0; Win64; x64) AppleWebKit/537.36 (KHTML, like Gecko) Chrome/134.0.0.0 Safari/537.36 Edg/134.0.0.0"
127.0.0.1 - - [01/Apr/2025:17:40:00 +0800] "GET /robot/alarm-history-in.php HTTP/1.1" 200 - "-" "python-requests/2.28.1"
172.16.36.28 - - [01/Apr/2025:17:39:58 +0800] "GET /manager-page/api/snapshot.php?id=22&t=0.3425075734399414 HTTP/1.1" 200 381 "http://192.168.60.79/manager-page/home-2.php" "Mozilla/5.0 (Windows NT 10.0; Win64; x64) AppleWebKit/537.36 (KHTML, like Gecko) Chrome/134.0.0.0 Safari/537.36 Edg/134.0.0.0"
172.16.36.28 - - [01/Apr/2025:17:40:03 +0800] "GET /manager-page/api/snapshot.php?id=21&t=0.7029691902969462 HTTP/1.1" 200 47849 "http://192.168.60.79/manager-page/home-2.php" "Mozilla/5.0 (Windows NT 10.0; Win64; x64) AppleWebKit/537.36 (KHTML, like Gecko) Chrome/134.0.0.0 Safari/537.36 Edg/134.0.0.0"
172.16.36.28 - - [01/Apr/2025:17:40:03 +0800] "GET /manager-page/api/snapshot.php?id=22&t=0.6623026495062936 HTTP/1.1" 200 381 "http://192.168.60.79/manager-page/home-2.php" "Mozilla/5.0 (Windows NT 10.0; Win64; x64) AppleWebKit/537.36 (KHTML, like Gecko) Chrome/134.0.0.0 Safari/537.36 Edg/134.0.0.0"
172.16.36.28 - - [01/Apr/2025:17:40:08 +0800] "GET /manager-page/api/snapshot.php?id=21&t=0.45459013343755306 HTTP/1.1" 200 47900 "http://192.168.60.79/manager-page/home-2.php" "Mozilla/5.0 (Windows NT 10.0; Win64; x64) AppleWebKit/537.36 (KHTML, like Gecko) Chrome/134.0.0.0 Safari/537.36 Edg/134.0.0.0"
172.16.36.28 - - [01/Apr/2025:17:40:08 +0800] "GET /manager-page/api/snapshot.php?id=22&t=0.4782297199153893 HTTP/1.1" 200 381 "http://192.168.60.79/manager-page/home-2.php" "Mozilla/5.0 (Windows NT 10.0; Win64; x64) AppleWebKit/537.36 (KHTML, like Gecko) Chrome/134.0.0.0 Safari/537.36 Edg/134.0.0.0"
172.16.36.28 - - [01/Apr/2025:17:40:13 +0800] "GET /manager-page/api/snapshot.php?id=22&t=0.01692888163041717 HTTP/1.1" 200 381 "http://192.168.60.79/manager-page/home-2.php" "Mozilla/5.0 (Windows NT 10.0; Win64; x64) AppleWebKit/537.36 (KHTML, like Gecko) Chrome/134.0.0.0 Safari/537.36 Edg/134.0.0.0"
172.16.36.28 - - [01/Apr/2025:17:40:13 +0800] "GET /manager-page/api/snapshot.php?id=21&t=0.7432043181322847 HTTP/1.1" 200 47828 "http://192.168.60.79/manager-page/home-2.php" "Mozilla/5.0 (Windows NT 10.0; Win64; x64) AppleWebKit/537.36 (KHTML, like Gecko) Chrome/134.0.0.0 Safari/537.36 Edg/134.0.0.0"
172.16.36.28 - - [01/Apr/2025:17:40:18 +0800] "GET /manager-page/api/snapshot.php?id=21&t=0.11772604482535076 HTTP/1.1" 200 47814 "http://192.168.60.79/manager-page/home-2.php" "Mozilla/5.0 (Windows NT 10.0; Win64; x64) AppleWebKit/537.36 (KHTML, like Gecko) Chrome/134.0.0.0 Safari/537.36 Edg/134.0.0.0"
172.16.36.28 - - [01/Apr/2025:17:40:18 +0800] "GET /manager-page/api/snapshot.php?id=22&t=0.3116926354071221 HTTP/1.1" 200 381 "http://192.168.60.79/manager-page/home-2.php" "Mozilla/5.0 (Windows NT 10.0; Win64; x64) AppleWebKit/537.36 (KHTML, like Gecko) Chrome/134.0.0.0 Safari/537.36 Edg/134.0.0.0"
127.0.0.1 - - [01/Apr/2025:17:40:19 +0800] "POST /robot/et-7026-in.php HTTP/1.1" 200 - "-" "python-requests/2.32.2"
172.16.36.28 - - [01/Apr/2025:17:40:23 +0800] "GET /manager-page/api/snapshot.php?id=22&t=0.4248117206636395 HTTP/1.1" 200 381 "http://192.168.60.79/manager-page/home-2.php" "Mozilla/5.0 (Windows NT 10.0; Win64; x64) AppleWebKit/537.36 (KHTML, like Gecko) Chrome/134.0.0.0 Safari/537.36 Edg/134.0.0.0"
172.16.36.28 - - [01/Apr/2025:17:40:23 +0800] "GET /manager-page/api/snapshot.php?id=21&t=0.8615981999205793 HTTP/1.1" 200 47773 "http://192.168.60.79/manager-page/home-2.php" "Mozilla/5.0 (Windows NT 10.0; Win64; x64) AppleWebKit/537.36 (KHTML, like Gecko) Chrome/134.0.0.0 Safari/537.36 Edg/134.0.0.0"
172.16.36.28 - - [01/Apr/2025:17:40:28 +0800] "GET /manager-page/api/snapshot.php?id=21&t=0.6519237862483249 HTTP/1.1" 200 47704 "http://192.168.60.79/manager-page/home-2.php" "Mozilla/5.0 (Windows NT 10.0; Win64; x64) AppleWebKit/537.36 (KHTML, like Gecko) Chrome/134.0.0.0 Safari/537.36 Edg/134.0.0.0"
172.16.36.28 - - [01/Apr/2025:17:40:28 +0800] "GET /manager-page/api/snapshot.php?id=22&t=0.6937238554010612 HTTP/1.1" 200 381 "http://192.168.60.79/manager-page/home-2.php" "Mozilla/5.0 (Windows NT 10.0; Win64; x64) AppleWebKit/537.36 (KHTML, like Gecko) Chrome/134.0.0.0 Safari/537.36 Edg/134.0.0.0"
172.16.36.28 - - [01/Apr/2025:17:40:33 +0800] "GET /manager-page/api/snapshot.php?id=21&t=0.09848881432301448 HTTP/1.1" 200 47692 "http://192.168.60.79/manager-page/home-2.php" "Mozilla/5.0 (Windows NT 10.0; Win64; x64) AppleWebKit/537.36 (KHTML, like Gecko) Chrome/134.0.0.0 Safari/537.36 Edg/134.0.0.0"
172.16.36.28 - - [01/Apr/2025:17:40:33 +0800] "GET /manager-page/api/snapshot.php?id=22&t=0.9658556431012784 HTTP/1.1" 200 381 "http://192.168.60.79/manager-page/home-2.php" "Mozilla/5.0 (Windows NT 10.0; Win64; x64) AppleWebKit/537.36 (KHTML, like Gecko) Chrome/134.0.0.0 Safari/537.36 Edg/134.0.0.0"
172.16.36.28 - - [01/Apr/2025:17:40:34 +0800] "GET /manager-page/alarm/2-1.jpg?t=1498970515 HTTP/1.1" 200 339428 "-" "Mozilla/4.0 (compatible; MSIE 7.0; Windows NT 10.0; Win64; x64; Trident/7.0; .NET4.0C; .NET4.0E; wbxapp 1.0.0; ms-office; MSOffice 16)"
172.16.36.28 - - [01/Apr/2025:17:40:38 +0800] "GET /manager-page/api/snapshot.php?id=22&t=0.8745999556677007 HTTP/1.1" 200 381 "http://192.168.60.79/manager-page/home-2.php" "Mozilla/5.0 (Windows NT 10.0; Win64; x64) AppleWebKit/537.36 (KHTML, like Gecko) Chrome/134.0.0.0 Safari/537.36 Edg/134.0.0.0"
172.16.36.28 - - [01/Apr/2025:17:40:38 +0800] "GET /manager-page/api/snapshot.php?id=21&t=0.03102694895249014 HTTP/1.1" 200 47652 "http://192.168.60.79/manager-page/home-2.php" "Mozilla/5.0 (Windows NT 10.0; Win64; x64) AppleWebKit/537.36 (KHTML, like Gecko) Chrome/134.0.0.0 Safari/537.36 Edg/134.0.0.0"
172.16.36.28 - - [01/Apr/2025:17:40:42 +0800] "GET /manager-page/api/snapshot.php?id=22&t=0.3448483399554141 HTTP/1.1" 200 381 "http://192.168.60.79/manager-page/home-2.php" "Mozilla/5.0 (Windows NT 10.0; Win64; x64) AppleWebKit/537.36 (KHTML, like Gecko) Chrome/134.0.0.0 Safari/537.36 Edg/134.0.0.0"
172.16.36.28 - - [01/Apr/2025:17:40:42 +0800] "GET /manager-page/api/snapshot.php?id=21&t=0.049717406128380714 HTTP/1.1" 200 47684 "http://192.168.60.79/manager-page/home-2.php" "Mozilla/5.0 (Windows NT 10.0; Win64; x64) AppleWebKit/537.36 (KHTML, like Gecko) Chrome/134.0.0.0 Safari/537.36 Edg/134.0.0.0"
172.16.36.28 - - [01/Apr/2025:17:40:47 +0800] "GET /manager-page/api/snapshot.php?id=21&t=0.8224908739563677 HTTP/1.1" 200 47581 "http://192.168.60.79/manager-page/home-2.php" "Mozilla/5.0 (Windows NT 10.0; Win64; x64) AppleWebKit/537.36 (KHTML, like Gecko) Chrome/134.0.0.0 Safari/537.36 Edg/134.0.0.0"
172.16.36.28 - - [01/Apr/2025:17:40:47 +0800] "GET /manager-page/api/snapshot.php?id=22&t=0.051578465844174914 HTTP/1.1" 200 381 "http://192.168.60.79/manager-page/home-2.php" "Mozilla/5.0 (Windows NT 10.0; Win64; x64) AppleWebKit/537.36 (KHTML, like Gecko) Chrome/134.0.0.0 Safari/537.36 Edg/134.0.0.0"
172.16.36.28 - - [01/Apr/2025:17:40:51 +0800] "GET /manager-page/alarm/2-2.jpg?t=1980972207 HTTP/1.1" 200 491657 "-" "Mozilla/4.0 (compatible; MSIE 7.0; Windows NT 10.0; Win64; x64; Trident/7.0; .NET4.0C; .NET4.0E; wbxapp 1.0.0; ms-office; MSOffice 16)"
172.16.36.28 - - [01/Apr/2025:17:40:53 +0800] "GET /manager-page/api/snapshot.php?id=22&t=0.8070451534847041 HTTP/1.1" 200 381 "http://192.168.60.79/manager-page/home-2.php" "Mozilla/5.0 (Windows NT 10.0; Win64; x64) AppleWebKit/537.36 (KHTML, like Gecko) Chrome/134.0.0.0 Safari/537.36 Edg/134.0.0.0"
172.16.36.28 - - [01/Apr/2025:17:40:53 +0800] "GET /manager-page/api/snapshot.php?id=21&t=0.679210000835434 HTTP/1.1" 200 47622 "http://192.168.60.79/manager-page/home-2.php" "Mozilla/5.0 (Windows NT 10.0; Win64; x64) AppleWebKit/537.36 (KHTML, like Gecko) Chrome/134.0.0.0 Safari/537.36 Edg/134.0.0.0"
172.16.36.28 - - [01/Apr/2025:17:40:58 +0800] "GET /manager-page/api/snapshot.php?id=21&t=0.3903849127423462 HTTP/1.1" 200 48210 "http://192.168.60.79/manager-page/home-2.php" "Mozilla/5.0 (Windows NT 10.0; Win64; x64) AppleWebKit/537.36 (KHTML, like Gecko) Chrome/134.0.0.0 Safari/537.36 Edg/134.0.0.0"
172.16.36.28 - - [01/Apr/2025:17:40:58 +0800] "GET /manager-page/api/snapshot.php?id=22&t=0.6964281942410813 HTTP/1.1" 200 381 "http://192.168.60.79/manager-page/home-2.php" "Mozilla/5.0 (Windows NT 10.0; Win64; x64) AppleWebKit/537.36 (KHTML, like Gecko) Chrome/134.0.0.0 Safari/537.36 Edg/134.0.0.0"
127.0.0.1 - - [01/Apr/2025:17:41:00 +0800] "GET /robot/alarm-history-in.php HTTP/1.1" 200 - "-" "python-requests/2.28.1"
172.16.36.28 - - [01/Apr/2025:17:41:02 +0800] "GET /manager-page/api/snapshot.php?id=21&t=0.2581700774287434 HTTP/1.1" 200 47423 "http://192.168.60.79/manager-page/home-2.php" "Mozilla/5.0 (Windows NT 10.0; Win64; x64) AppleWebKit/537.36 (KHTML, like Gecko) Chrome/134.0.0.0 Safari/537.36 Edg/134.0.0.0"
172.16.36.28 - - [01/Apr/2025:17:41:02 +0800] "GET /manager-page/api/snapshot.php?id=22&t=0.5664824700706381 HTTP/1.1" 200 381 "http://192.168.60.79/manager-page/home-2.php" "Mozilla/5.0 (Windows NT 10.0; Win64; x64) AppleWebKit/537.36 (KHTML, like Gecko) Chrome/134.0.0.0 Safari/537.36 Edg/134.0.0.0"
172.16.36.28 - - [01/Apr/2025:17:41:07 +0800] "GET /manager-page/api/snapshot.php?id=21&t=0.09202382183349123 HTTP/1.1" 200 47546 "http://192.168.60.79/manager-page/home-2.php" "Mozilla/5.0 (Windows NT 10.0; Win64; x64) AppleWebKit/537.36 (KHTML, like Gecko) Chrome/134.0.0.0 Safari/537.36 Edg/134.0.0.0"
172.16.36.28 - - [01/Apr/2025:17:41:07 +0800] "GET /manager-page/api/snapshot.php?id=22&t=0.010584535193238764 HTTP/1.1" 200 381 "http://192.168.60.79/manager-page/home-2.php" "Mozilla/5.0 (Windows NT 10.0; Win64; x64) AppleWebKit/537.36 (KHTML, like Gecko) Chrome/134.0.0.0 Safari/537.36 Edg/134.0.0.0"
