172.16.36.181 - - [01/Aug/2025:11:39:04 +0800] "GET /manager-page/api/snapshot.php?id=41&t=0.5477256992435673 HTTP/1.1" 200 55060 "http://192.168.60.79/manager-page/home-4.php" "Mozilla/5.0 (Windows NT 10.0; Win64; x64) AppleWebKit/537.36 (KHTML, like Gecko) Chrome/138.0.0.0 Safari/537.36 Edg/138.0.0.0"
172.16.36.181 - - [01/Aug/2025:11:39:04 +0800] "GET /manager-page/api/snapshot.php?id=42&t=0.28866603368066546 HTTP/1.1" 200 57369 "http://192.168.60.79/manager-page/home-4.php" "Mozilla/5.0 (Windows NT 10.0; Win64; x64) AppleWebKit/537.36 (KHTML, like Gecko) Chrome/138.0.0.0 Safari/537.36 Edg/138.0.0.0"
172.16.36.181 - - [01/Aug/2025:11:39:09 +0800] "GET /manager-page/api/snapshot.php?id=41&t=0.8128469091736499 HTTP/1.1" 200 54630 "http://192.168.60.79/manager-page/home-4.php" "Mozilla/5.0 (Windows NT 10.0; Win64; x64) AppleWebKit/537.36 (KHTML, like Gecko) Chrome/138.0.0.0 Safari/537.36 Edg/138.0.0.0"
172.16.36.181 - - [01/Aug/2025:11:39:09 +0800] "GET /manager-page/api/snapshot.php?id=42&t=0.8888925884357551 HTTP/1.1" 200 57387 "http://192.168.60.79/manager-page/home-4.php" "Mozilla/5.0 (Windows NT 10.0; Win64; x64) AppleWebKit/537.36 (KHTML, like Gecko) Chrome/138.0.0.0 Safari/537.36 Edg/138.0.0.0"
172.16.36.181 - - [01/Aug/2025:11:39:14 +0800] "GET /manager-page/api/snapshot.php?id=41&t=0.975335096109779 HTTP/1.1" 200 54789 "http://192.168.60.79/manager-page/home-4.php" "Mozilla/5.0 (Windows NT 10.0; Win64; x64) AppleWebKit/537.36 (KHTML, like Gecko) Chrome/138.0.0.0 Safari/537.36 Edg/138.0.0.0"
172.16.36.181 - - [01/Aug/2025:11:39:14 +0800] "GET /manager-page/api/snapshot.php?id=42&t=0.3805432893763958 HTTP/1.1" 200 57365 "http://192.168.60.79/manager-page/home-4.php" "Mozilla/5.0 (Windows NT 10.0; Win64; x64) AppleWebKit/537.36 (KHTML, like Gecko) Chrome/138.0.0.0 Safari/537.36 Edg/138.0.0.0"
172.16.36.181 - - [01/Aug/2025:11:39:19 +0800] "GET /manager-page/api/snapshot.php?id=42&t=0.9415932990004597 HTTP/1.1" 200 57309 "http://192.168.60.79/manager-page/home-4.php" "Mozilla/5.0 (Windows NT 10.0; Win64; x64) AppleWebKit/537.36 (KHTML, like Gecko) Chrome/138.0.0.0 Safari/537.36 Edg/138.0.0.0"
172.16.36.181 - - [01/Aug/2025:11:39:19 +0800] "GET /manager-page/api/snapshot.php?id=41&t=0.518738044441414 HTTP/1.1" 200 54810 "http://192.168.60.79/manager-page/home-4.php" "Mozilla/5.0 (Windows NT 10.0; Win64; x64) AppleWebKit/537.36 (KHTML, like Gecko) Chrome/138.0.0.0 Safari/537.36 Edg/138.0.0.0"
172.16.36.181 - - [01/Aug/2025:11:39:25 +0800] "GET /manager-page/api/snapshot.php?id=42&t=0.5501269630746504 HTTP/1.1" 200 57368 "http://192.168.60.79/manager-page/home-4.php" "Mozilla/5.0 (Windows NT 10.0; Win64; x64) AppleWebKit/537.36 (KHTML, like Gecko) Chrome/138.0.0.0 Safari/537.36 Edg/138.0.0.0"
172.16.36.181 - - [01/Aug/2025:11:39:25 +0800] "GET /manager-page/api/snapshot.php?id=41&t=0.04833918512946578 HTTP/1.1" 200 54805 "http://192.168.60.79/manager-page/home-4.php" "Mozilla/5.0 (Windows NT 10.0; Win64; x64) AppleWebKit/537.36 (KHTML, like Gecko) Chrome/138.0.0.0 Safari/537.36 Edg/138.0.0.0"
127.0.0.1 - - [01/Aug/2025:11:39:28 +0800] "POST /robot/et-7026-in.php HTTP/1.1" 200 - "-" "python-requests/2.32.2"
172.16.36.181 - - [01/Aug/2025:11:39:30 +0800] "GET /manager-page/api/snapshot.php?id=41&t=0.7851873978663725 HTTP/1.1" 200 54814 "http://192.168.60.79/manager-page/home-4.php" "Mozilla/5.0 (Windows NT 10.0; Win64; x64) AppleWebKit/537.36 (KHTML, like Gecko) Chrome/138.0.0.0 Safari/537.36 Edg/138.0.0.0"
172.16.36.181 - - [01/Aug/2025:11:39:30 +0800] "GET /manager-page/api/snapshot.php?id=42&t=0.732558011251721 HTTP/1.1" 200 57292 "http://192.168.60.79/manager-page/home-4.php" "Mozilla/5.0 (Windows NT 10.0; Win64; x64) AppleWebKit/537.36 (KHTML, like Gecko) Chrome/138.0.0.0 Safari/537.36 Edg/138.0.0.0"
172.16.36.181 - - [01/Aug/2025:11:39:35 +0800] "GET /manager-page/api/snapshot.php?id=42&t=0.4756307979673041 HTTP/1.1" 200 57244 "http://192.168.60.79/manager-page/home-4.php" "Mozilla/5.0 (Windows NT 10.0; Win64; x64) AppleWebKit/537.36 (KHTML, like Gecko) Chrome/138.0.0.0 Safari/537.36 Edg/138.0.0.0"
172.16.36.181 - - [01/Aug/2025:11:39:35 +0800] "GET /manager-page/api/snapshot.php?id=41&t=0.5755115607141886 HTTP/1.1" 200 54850 "http://192.168.60.79/manager-page/home-4.php" "Mozilla/5.0 (Windows NT 10.0; Win64; x64) AppleWebKit/537.36 (KHTML, like Gecko) Chrome/138.0.0.0 Safari/537.36 Edg/138.0.0.0"
172.16.36.181 - - [01/Aug/2025:11:39:40 +0800] "GET /manager-page/api/snapshot.php?id=41&t=0.9337382342769461 HTTP/1.1" 200 54944 "http://192.168.60.79/manager-page/home-4.php" "Mozilla/5.0 (Windows NT 10.0; Win64; x64) AppleWebKit/537.36 (KHTML, like Gecko) Chrome/138.0.0.0 Safari/537.36 Edg/138.0.0.0"
172.16.36.181 - - [01/Aug/2025:11:39:40 +0800] "GET /manager-page/api/snapshot.php?id=42&t=0.4918959043700406 HTTP/1.1" 200 57346 "http://192.168.60.79/manager-page/home-4.php" "Mozilla/5.0 (Windows NT 10.0; Win64; x64) AppleWebKit/537.36 (KHTML, like Gecko) Chrome/138.0.0.0 Safari/537.36 Edg/138.0.0.0"
172.16.36.181 - - [01/Aug/2025:11:39:45 +0800] "GET /manager-page/api/snapshot.php?id=41&t=0.8944477392930449 HTTP/1.1" 200 54980 "http://192.168.60.79/manager-page/home-4.php" "Mozilla/5.0 (Windows NT 10.0; Win64; x64) AppleWebKit/537.36 (KHTML, like Gecko) Chrome/138.0.0.0 Safari/537.36 Edg/138.0.0.0"
172.16.36.181 - - [01/Aug/2025:11:39:45 +0800] "GET /manager-page/api/snapshot.php?id=42&t=0.025149300414388898 HTTP/1.1" 200 57330 "http://192.168.60.79/manager-page/home-4.php" "Mozilla/5.0 (Windows NT 10.0; Win64; x64) AppleWebKit/537.36 (KHTML, like Gecko) Chrome/138.0.0.0 Safari/537.36 Edg/138.0.0.0"
127.0.0.1 - - [01/Aug/2025:11:39:49 +0800] "POST /robot/et-7026-in.php HTTP/1.1" 200 - "-" "python-requests/2.32.2"
172.16.36.181 - - [01/Aug/2025:11:39:50 +0800] "GET /manager-page/api/snapshot.php?id=42&t=0.6674381809785584 HTTP/1.1" 200 57240 "http://192.168.60.79/manager-page/home-4.php" "Mozilla/5.0 (Windows NT 10.0; Win64; x64) AppleWebKit/537.36 (KHTML, like Gecko) Chrome/138.0.0.0 Safari/537.36 Edg/138.0.0.0"
172.16.36.181 - - [01/Aug/2025:11:39:50 +0800] "GET /manager-page/api/snapshot.php?id=41&t=0.9340616527851079 HTTP/1.1" 200 54880 "http://192.168.60.79/manager-page/home-4.php" "Mozilla/5.0 (Windows NT 10.0; Win64; x64) AppleWebKit/537.36 (KHTML, like Gecko) Chrome/138.0.0.0 Safari/537.36 Edg/138.0.0.0"
172.16.36.181 - - [01/Aug/2025:11:39:54 +0800] "GET /manager-page/api/snapshot.php?id=41&t=0.9513660326175228 HTTP/1.1" 200 54538 "http://192.168.60.79/manager-page/home-4.php" "Mozilla/5.0 (Windows NT 10.0; Win64; x64) AppleWebKit/537.36 (KHTML, like Gecko) Chrome/138.0.0.0 Safari/537.36 Edg/138.0.0.0"
172.16.36.181 - - [01/Aug/2025:11:39:54 +0800] "GET /manager-page/api/snapshot.php?id=42&t=0.51216743621041 HTTP/1.1" 200 57031 "http://192.168.60.79/manager-page/home-4.php" "Mozilla/5.0 (Windows NT 10.0; Win64; x64) AppleWebKit/537.36 (KHTML, like Gecko) Chrome/138.0.0.0 Safari/537.36 Edg/138.0.0.0"
127.0.0.1 - - [01/Aug/2025:11:39:56 +0800] "POST /robot/et-7026-in.php HTTP/1.1" 200 - "-" "python-requests/2.32.2"
127.0.0.1 - - [01/Aug/2025:11:40:00 +0800] "GET /robot/alarm-history-in.php HTTP/1.1" 200 - "-" "python-requests/2.28.1"
172.16.36.181 - - [01/Aug/2025:11:40:00 +0800] "GET /manager-page/api/snapshot.php?id=41&t=0.678781850884228 HTTP/1.1" 200 54350 "http://192.168.60.79/manager-page/home-4.php" "Mozilla/5.0 (Windows NT 10.0; Win64; x64) AppleWebKit/537.36 (KHTML, like Gecko) Chrome/138.0.0.0 Safari/537.36 Edg/138.0.0.0"
172.16.36.181 - - [01/Aug/2025:11:40:00 +0800] "GET /manager-page/api/snapshot.php?id=42&t=0.3734885516298442 HTTP/1.1" 200 56835 "http://192.168.60.79/manager-page/home-4.php" "Mozilla/5.0 (Windows NT 10.0; Win64; x64) AppleWebKit/537.36 (KHTML, like Gecko) Chrome/138.0.0.0 Safari/537.36 Edg/138.0.0.0"
172.16.36.181 - - [01/Aug/2025:11:40:04 +0800] "GET /manager-page/api/snapshot.php?id=42&t=0.3751110889994388 HTTP/1.1" 200 56602 "http://192.168.60.79/manager-page/home-4.php" "Mozilla/5.0 (Windows NT 10.0; Win64; x64) AppleWebKit/537.36 (KHTML, like Gecko) Chrome/138.0.0.0 Safari/537.36 Edg/138.0.0.0"
172.16.36.181 - - [01/Aug/2025:11:40:04 +0800] "GET /manager-page/api/snapshot.php?id=41&t=0.8684803186380166 HTTP/1.1" 200 54267 "http://192.168.60.79/manager-page/home-4.php" "Mozilla/5.0 (Windows NT 10.0; Win64; x64) AppleWebKit/537.36 (KHTML, like Gecko) Chrome/138.0.0.0 Safari/537.36 Edg/138.0.0.0"
172.16.36.181 - - [01/Aug/2025:11:40:10 +0800] "GET /manager-page/api/snapshot.php?id=41&t=0.482441755861008 HTTP/1.1" 200 54084 "http://192.168.60.79/manager-page/home-4.php" "Mozilla/5.0 (Windows NT 10.0; Win64; x64) AppleWebKit/537.36 (KHTML, like Gecko) Chrome/138.0.0.0 Safari/537.36 Edg/138.0.0.0"
172.16.36.181 - - [01/Aug/2025:11:40:10 +0800] "GET /manager-page/api/snapshot.php?id=42&t=0.5446497876695041 HTTP/1.1" 200 56570 "http://192.168.60.79/manager-page/home-4.php" "Mozilla/5.0 (Windows NT 10.0; Win64; x64) AppleWebKit/537.36 (KHTML, like Gecko) Chrome/138.0.0.0 Safari/537.36 Edg/138.0.0.0"
172.16.36.181 - - [01/Aug/2025:11:40:15 +0800] "GET /manager-page/api/snapshot.php?id=41&t=0.802244453547207 HTTP/1.1" 200 53980 "http://192.168.60.79/manager-page/home-4.php" "Mozilla/5.0 (Windows NT 10.0; Win64; x64) AppleWebKit/537.36 (KHTML, like Gecko) Chrome/138.0.0.0 Safari/537.36 Edg/138.0.0.0"
172.16.36.181 - - [01/Aug/2025:11:40:15 +0800] "GET /manager-page/api/snapshot.php?id=42&t=0.012303980576170437 HTTP/1.1" 200 56560 "http://192.168.60.79/manager-page/home-4.php" "Mozilla/5.0 (Windows NT 10.0; Win64; x64) AppleWebKit/537.36 (KHTML, like Gecko) Chrome/138.0.0.0 Safari/537.36 Edg/138.0.0.0"
172.16.36.181 - - [01/Aug/2025:11:40:20 +0800] "GET /manager-page/api/snapshot.php?id=42&t=0.2145006840073317 HTTP/1.1" 200 56542 "http://192.168.60.79/manager-page/home-4.php" "Mozilla/5.0 (Windows NT 10.0; Win64; x64) AppleWebKit/537.36 (KHTML, like Gecko) Chrome/138.0.0.0 Safari/537.36 Edg/138.0.0.0"
172.16.36.181 - - [01/Aug/2025:11:40:20 +0800] "GET /manager-page/api/snapshot.php?id=41&t=0.07293973715778501 HTTP/1.1" 200 54008 "http://192.168.60.79/manager-page/home-4.php" "Mozilla/5.0 (Windows NT 10.0; Win64; x64) AppleWebKit/537.36 (KHTML, like Gecko) Chrome/138.0.0.0 Safari/537.36 Edg/138.0.0.0"
172.16.36.181 - - [01/Aug/2025:11:40:25 +0800] "GET /manager-page/api/snapshot.php?id=42&t=0.5721899034816771 HTTP/1.1" 200 56619 "http://192.168.60.79/manager-page/home-4.php" "Mozilla/5.0 (Windows NT 10.0; Win64; x64) AppleWebKit/537.36 (KHTML, like Gecko) Chrome/138.0.0.0 Safari/537.36 Edg/138.0.0.0"
172.16.36.181 - - [01/Aug/2025:11:40:25 +0800] "GET /manager-page/api/snapshot.php?id=41&t=0.41341701781500184 HTTP/1.1" 200 54243 "http://192.168.60.79/manager-page/home-4.php" "Mozilla/5.0 (Windows NT 10.0; Win64; x64) AppleWebKit/537.36 (KHTML, like Gecko) Chrome/138.0.0.0 Safari/537.36 Edg/138.0.0.0"
172.16.36.181 - - [01/Aug/2025:11:40:30 +0800] "GET /manager-page/api/snapshot.php?id=41&t=0.583053759731713 HTTP/1.1" 200 54338 "http://192.168.60.79/manager-page/home-4.php" "Mozilla/5.0 (Windows NT 10.0; Win64; x64) AppleWebKit/537.36 (KHTML, like Gecko) Chrome/138.0.0.0 Safari/537.36 Edg/138.0.0.0"
172.16.36.181 - - [01/Aug/2025:11:40:30 +0800] "GET /manager-page/api/snapshot.php?id=42&t=0.9044763896159455 HTTP/1.1" 200 56779 "http://192.168.60.79/manager-page/home-4.php" "Mozilla/5.0 (Windows NT 10.0; Win64; x64) AppleWebKit/537.36 (KHTML, like Gecko) Chrome/138.0.0.0 Safari/537.36 Edg/138.0.0.0"
172.16.36.181 - - [01/Aug/2025:11:40:35 +0800] "GET /manager-page/api/snapshot.php?id=42&t=0.3279772354815018 HTTP/1.1" 200 56828 "http://192.168.60.79/manager-page/home-4.php" "Mozilla/5.0 (Windows NT 10.0; Win64; x64) AppleWebKit/537.36 (KHTML, like Gecko) Chrome/138.0.0.0 Safari/537.36 Edg/138.0.0.0"
172.16.36.181 - - [01/Aug/2025:11:40:35 +0800] "GET /manager-page/api/snapshot.php?id=41&t=0.7592982876406547 HTTP/1.1" 200 54316 "http://192.168.60.79/manager-page/home-4.php" "Mozilla/5.0 (Windows NT 10.0; Win64; x64) AppleWebKit/537.36 (KHTML, like Gecko) Chrome/138.0.0.0 Safari/537.36 Edg/138.0.0.0"
172.16.36.181 - - [01/Aug/2025:11:40:40 +0800] "GET /manager-page/api/snapshot.php?id=41&t=0.6407261144229837 HTTP/1.1" 200 54122 "http://192.168.60.79/manager-page/home-4.php" "Mozilla/5.0 (Windows NT 10.0; Win64; x64) AppleWebKit/537.36 (KHTML, like Gecko) Chrome/138.0.0.0 Safari/537.36 Edg/138.0.0.0"
172.16.36.181 - - [01/Aug/2025:11:40:40 +0800] "GET /manager-page/api/snapshot.php?id=42&t=0.28810426508738485 HTTP/1.1" 200 56762 "http://192.168.60.79/manager-page/home-4.php" "Mozilla/5.0 (Windows NT 10.0; Win64; x64) AppleWebKit/537.36 (KHTML, like Gecko) Chrome/138.0.0.0 Safari/537.36 Edg/138.0.0.0"
172.16.36.181 - - [01/Aug/2025:11:40:45 +0800] "GET /manager-page/api/snapshot.php?id=42&t=0.1879838711674391 HTTP/1.1" 200 56682 "http://192.168.60.79/manager-page/home-4.php" "Mozilla/5.0 (Windows NT 10.0; Win64; x64) AppleWebKit/537.36 (KHTML, like Gecko) Chrome/138.0.0.0 Safari/537.36 Edg/138.0.0.0"
172.16.36.181 - - [01/Aug/2025:11:40:45 +0800] "GET /manager-page/api/snapshot.php?id=41&t=0.47152550027022355 HTTP/1.1" 200 54212 "http://192.168.60.79/manager-page/home-4.php" "Mozilla/5.0 (Windows NT 10.0; Win64; x64) AppleWebKit/537.36 (KHTML, like Gecko) Chrome/138.0.0.0 Safari/537.36 Edg/138.0.0.0"
172.16.36.181 - - [01/Aug/2025:11:40:50 +0800] "GET /manager-page/api/snapshot.php?id=42&t=0.2619200781208356 HTTP/1.1" 200 56610 "http://192.168.60.79/manager-page/home-4.php" "Mozilla/5.0 (Windows NT 10.0; Win64; x64) AppleWebKit/537.36 (KHTML, like Gecko) Chrome/138.0.0.0 Safari/537.36 Edg/138.0.0.0"
172.16.36.181 - - [01/Aug/2025:11:40:50 +0800] "GET /manager-page/api/snapshot.php?id=41&t=0.6866782789008051 HTTP/1.1" 200 54202 "http://192.168.60.79/manager-page/home-4.php" "Mozilla/5.0 (Windows NT 10.0; Win64; x64) AppleWebKit/537.36 (KHTML, like Gecko) Chrome/138.0.0.0 Safari/537.36 Edg/138.0.0.0"
172.16.36.181 - - [01/Aug/2025:11:40:55 +0800] "GET /manager-page/api/snapshot.php?id=41&t=0.9394756687217426 HTTP/1.1" 200 54044 "http://192.168.60.79/manager-page/home-4.php" "Mozilla/5.0 (Windows NT 10.0; Win64; x64) AppleWebKit/537.36 (KHTML, like Gecko) Chrome/138.0.0.0 Safari/537.36 Edg/138.0.0.0"
172.16.36.181 - - [01/Aug/2025:11:40:55 +0800] "GET /manager-page/api/snapshot.php?id=42&t=0.5430540109692006 HTTP/1.1" 200 56654 "http://192.168.60.79/manager-page/home-4.php" "Mozilla/5.0 (Windows NT 10.0; Win64; x64) AppleWebKit/537.36 (KHTML, like Gecko) Chrome/138.0.0.0 Safari/537.36 Edg/138.0.0.0"
172.16.36.181 - - [01/Aug/2025:11:41:00 +0800] "GET /manager-page/api/snapshot.php?id=42&t=0.5698167007685537 HTTP/1.1" 200 56589 "http://192.168.60.79/manager-page/home-4.php" "Mozilla/5.0 (Windows NT 10.0; Win64; x64) AppleWebKit/537.36 (KHTML, like Gecko) Chrome/138.0.0.0 Safari/537.36 Edg/138.0.0.0"
127.0.0.1 - - [01/Aug/2025:11:41:00 +0800] "GET /robot/alarm-history-in.php HTTP/1.1" 200 - "-" "python-requests/2.28.1"
172.16.36.181 - - [01/Aug/2025:11:41:00 +0800] "GET /manager-page/api/snapshot.php?id=41&t=0.9594090646697048 HTTP/1.1" 200 53866 "http://192.168.60.79/manager-page/home-4.php" "Mozilla/5.0 (Windows NT 10.0; Win64; x64) AppleWebKit/537.36 (KHTML, like Gecko) Chrome/138.0.0.0 Safari/537.36 Edg/138.0.0.0"
172.16.36.181 - - [01/Aug/2025:11:41:05 +0800] "GET /manager-page/api/snapshot.php?id=42&t=0.5313041393488086 HTTP/1.1" 200 56431 "http://192.168.60.79/manager-page/home-4.php" "Mozilla/5.0 (Windows NT 10.0; Win64; x64) AppleWebKit/537.36 (KHTML, like Gecko) Chrome/138.0.0.0 Safari/537.36 Edg/138.0.0.0"
172.16.36.181 - - [01/Aug/2025:11:41:05 +0800] "GET /manager-page/api/snapshot.php?id=41&t=0.24416534359255904 HTTP/1.1" 200 53919 "http://192.168.60.79/manager-page/home-4.php" "Mozilla/5.0 (Windows NT 10.0; Win64; x64) AppleWebKit/537.36 (KHTML, like Gecko) Chrome/138.0.0.0 Safari/537.36 Edg/138.0.0.0"
172.16.36.181 - - [01/Aug/2025:11:41:09 +0800] "GET /manager-page/api/snapshot.php?id=42&t=0.0629795039265365 HTTP/1.1" 200 56528 "http://192.168.60.79/manager-page/home-4.php" "Mozilla/5.0 (Windows NT 10.0; Win64; x64) AppleWebKit/537.36 (KHTML, like Gecko) Chrome/138.0.0.0 Safari/537.36 Edg/138.0.0.0"
172.16.36.181 - - [01/Aug/2025:11:41:09 +0800] "GET /manager-page/api/snapshot.php?id=41&t=0.7765447424206646 HTTP/1.1" 200 54034 "http://192.168.60.79/manager-page/home-4.php" "Mozilla/5.0 (Windows NT 10.0; Win64; x64) AppleWebKit/537.36 (KHTML, like Gecko) Chrome/138.0.0.0 Safari/537.36 Edg/138.0.0.0"
172.16.36.181 - - [01/Aug/2025:11:41:15 +0800] "GET /manager-page/api/snapshot.php?id=41&t=0.9645086677022578 HTTP/1.1" 200 54177 "http://192.168.60.79/manager-page/home-4.php" "Mozilla/5.0 (Windows NT 10.0; Win64; x64) AppleWebKit/537.36 (KHTML, like Gecko) Chrome/138.0.0.0 Safari/537.36 Edg/138.0.0.0"
172.16.36.181 - - [01/Aug/2025:11:41:15 +0800] "GET /manager-page/api/snapshot.php?id=42&t=0.8492536841034007 HTTP/1.1" 200 56634 "http://192.168.60.79/manager-page/home-4.php" "Mozilla/5.0 (Windows NT 10.0; Win64; x64) AppleWebKit/537.36 (KHTML, like Gecko) Chrome/138.0.0.0 Safari/537.36 Edg/138.0.0.0"
172.16.36.181 - - [01/Aug/2025:11:41:19 +0800] "GET /manager-page/api/snapshot.php?id=42&t=0.9218762717237462 HTTP/1.1" 200 56721 "http://192.168.60.79/manager-page/home-4.php" "Mozilla/5.0 (Windows NT 10.0; Win64; x64) AppleWebKit/537.36 (KHTML, like Gecko) Chrome/138.0.0.0 Safari/537.36 Edg/138.0.0.0"
172.16.36.181 - - [01/Aug/2025:11:41:19 +0800] "GET /manager-page/api/snapshot.php?id=41&t=0.6187898749116034 HTTP/1.1" 200 54531 "http://192.168.60.79/manager-page/home-4.php" "Mozilla/5.0 (Windows NT 10.0; Win64; x64) AppleWebKit/537.36 (KHTML, like Gecko) Chrome/138.0.0.0 Safari/537.36 Edg/138.0.0.0"
172.16.36.181 - - [01/Aug/2025:11:41:24 +0800] "GET /manager-page/api/snapshot.php?id=42&t=0.20304305047399906 HTTP/1.1" 200 57040 "http://192.168.60.79/manager-page/home-4.php" "Mozilla/5.0 (Windows NT 10.0; Win64; x64) AppleWebKit/537.36 (KHTML, like Gecko) Chrome/138.0.0.0 Safari/537.36 Edg/138.0.0.0"
172.16.36.181 - - [01/Aug/2025:11:41:24 +0800] "GET /manager-page/api/snapshot.php?id=41&t=0.31740237919512626 HTTP/1.1" 200 54675 "http://192.168.60.79/manager-page/home-4.php" "Mozilla/5.0 (Windows NT 10.0; Win64; x64) AppleWebKit/537.36 (KHTML, like Gecko) Chrome/138.0.0.0 Safari/537.36 Edg/138.0.0.0"
172.16.36.181 - - [01/Aug/2025:11:41:30 +0800] "GET /manager-page/api/snapshot.php?id=41&t=0.820828162413956 HTTP/1.1" 200 54774 "http://192.168.60.79/manager-page/home-4.php" "Mozilla/5.0 (Windows NT 10.0; Win64; x64) AppleWebKit/537.36 (KHTML, like Gecko) Chrome/138.0.0.0 Safari/537.36 Edg/138.0.0.0"
172.16.36.181 - - [01/Aug/2025:11:41:30 +0800] "GET /manager-page/api/snapshot.php?id=42&t=0.2689396911339509 HTTP/1.1" 200 57218 "http://192.168.60.79/manager-page/home-4.php" "Mozilla/5.0 (Windows NT 10.0; Win64; x64) AppleWebKit/537.36 (KHTML, like Gecko) Chrome/138.0.0.0 Safari/537.36 Edg/138.0.0.0"
172.16.36.181 - - [01/Aug/2025:11:41:35 +0800] "GET /manager-page/api/snapshot.php?id=41&t=0.03182597405433163 HTTP/1.1" 200 54751 "http://192.168.60.79/manager-page/home-4.php" "Mozilla/5.0 (Windows NT 10.0; Win64; x64) AppleWebKit/537.36 (KHTML, like Gecko) Chrome/138.0.0.0 Safari/537.36 Edg/138.0.0.0"
172.16.36.181 - - [01/Aug/2025:11:41:35 +0800] "GET /manager-page/api/snapshot.php?id=42&t=0.04788127575978174 HTTP/1.1" 200 57338 "http://192.168.60.79/manager-page/home-4.php" "Mozilla/5.0 (Windows NT 10.0; Win64; x64) AppleWebKit/537.36 (KHTML, like Gecko) Chrome/138.0.0.0 Safari/537.36 Edg/138.0.0.0"
172.16.36.181 - - [01/Aug/2025:11:41:39 +0800] "GET /manager-page/api/snapshot.php?id=42&t=0.5850072751462532 HTTP/1.1" 200 57333 "http://192.168.60.79/manager-page/home-4.php" "Mozilla/5.0 (Windows NT 10.0; Win64; x64) AppleWebKit/537.36 (KHTML, like Gecko) Chrome/138.0.0.0 Safari/537.36 Edg/138.0.0.0"
172.16.36.181 - - [01/Aug/2025:11:41:39 +0800] "GET /manager-page/api/snapshot.php?id=41&t=0.17511786925167783 HTTP/1.1" 200 54858 "http://192.168.60.79/manager-page/home-4.php" "Mozilla/5.0 (Windows NT 10.0; Win64; x64) AppleWebKit/537.36 (KHTML, like Gecko) Chrome/138.0.0.0 Safari/537.36 Edg/138.0.0.0"
172.16.36.181 - - [01/Aug/2025:11:41:43 +0800] "GET /manager-page/alarm/1-1.jpg?t=944632415 HTTP/1.1" 200 322868 "http://192.168.60.79/manager-page/home-1.php" "Mozilla/5.0 (Windows NT 10.0; Win64; x64) AppleWebKit/537.36 (KHTML, like Gecko) Chrome/138.0.0.0 Safari/537.36 Edg/138.0.0.0"
172.16.36.181 - - [01/Aug/2025:11:41:43 +0800] "GET /manager-page/alarm/1-2.jpg?t=2015447799 HTTP/1.1" 200 495492 "http://192.168.60.79/manager-page/home-1.php" "Mozilla/5.0 (Windows NT 10.0; Win64; x64) AppleWebKit/537.36 (KHTML, like Gecko) Chrome/138.0.0.0 Safari/537.36 Edg/138.0.0.0"
172.16.36.181 - - [01/Aug/2025:11:41:43 +0800] "GET /manager-page/home-1.php HTTP/1.1" 200 27473 "http://192.168.60.79/manager-page/home-4.php" "Mozilla/5.0 (Windows NT 10.0; Win64; x64) AppleWebKit/537.36 (KHTML, like Gecko) Chrome/138.0.0.0 Safari/537.36 Edg/138.0.0.0"
172.16.36.181 - - [01/Aug/2025:11:41:43 +0800] "GET /manager-page/api/snapshot.php?id=11 HTTP/1.1" 200 49561 "http://192.168.60.79/manager-page/home-1.php" "Mozilla/5.0 (Windows NT 10.0; Win64; x64) AppleWebKit/537.36 (KHTML, like Gecko) Chrome/138.0.0.0 Safari/537.36 Edg/138.0.0.0"
172.16.36.181 - - [01/Aug/2025:11:41:43 +0800] "GET /manager-page/api/snapshot.php?id=12 HTTP/1.1" 200 48524 "http://192.168.60.79/manager-page/home-1.php" "Mozilla/5.0 (Windows NT 10.0; Win64; x64) AppleWebKit/537.36 (KHTML, like Gecko) Chrome/138.0.0.0 Safari/537.36 Edg/138.0.0.0"
172.16.36.181 - - [01/Aug/2025:11:41:45 +0800] "GET /manager-page/api/cms-status1.php HTTP/1.1" 200 12 "http://192.168.60.79/manager-page/home-1.php" "Mozilla/5.0 (Windows NT 10.0; Win64; x64) AppleWebKit/537.36 (KHTML, like Gecko) Chrome/138.0.0.0 Safari/537.36 Edg/138.0.0.0"
172.16.36.181 - - [01/Aug/2025:11:41:45 +0800] "GET /manager-page/api/lp-status1.php HTTP/1.1" 200 1 "http://192.168.60.79/manager-page/home-1.php" "Mozilla/5.0 (Windows NT 10.0; Win64; x64) AppleWebKit/537.36 (KHTML, like Gecko) Chrome/138.0.0.0 Safari/537.36 Edg/138.0.0.0"
172.16.36.181 - - [01/Aug/2025:11:41:51 +0800] "GET /manager-page/api/snapshot.php?id=11&t=0.26166066107225006 HTTP/1.1" 200 49258 "http://192.168.60.79/manager-page/home-1.php" "Mozilla/5.0 (Windows NT 10.0; Win64; x64) AppleWebKit/537.36 (KHTML, like Gecko) Chrome/138.0.0.0 Safari/537.36 Edg/138.0.0.0"
172.16.36.181 - - [01/Aug/2025:11:41:51 +0800] "GET /manager-page/api/snapshot.php?id=12&t=0.5086218201408726 HTTP/1.1" 200 48306 "http://192.168.60.79/manager-page/home-1.php" "Mozilla/5.0 (Windows NT 10.0; Win64; x64) AppleWebKit/537.36 (KHTML, like Gecko) Chrome/138.0.0.0 Safari/537.36 Edg/138.0.0.0"
172.16.36.181 - - [01/Aug/2025:11:41:56 +0800] "GET /manager-page/api/snapshot.php?id=12&t=0.6092833048581333 HTTP/1.1" 200 45673 "http://192.168.60.79/manager-page/home-1.php" "Mozilla/5.0 (Windows NT 10.0; Win64; x64) AppleWebKit/537.36 (KHTML, like Gecko) Chrome/138.0.0.0 Safari/537.36 Edg/138.0.0.0"
172.16.36.181 - - [01/Aug/2025:11:41:56 +0800] "GET /manager-page/api/snapshot.php?id=11&t=0.8432995188834492 HTTP/1.1" 200 47383 "http://192.168.60.79/manager-page/home-1.php" "Mozilla/5.0 (Windows NT 10.0; Win64; x64) AppleWebKit/537.36 (KHTML, like Gecko) Chrome/138.0.0.0 Safari/537.36 Edg/138.0.0.0"
127.0.0.1 - - [01/Aug/2025:11:42:00 +0800] "GET /robot/alarm-history-in.php HTTP/1.1" 200 - "-" "python-requests/2.28.1"
172.16.36.181 - - [01/Aug/2025:11:42:01 +0800] "GET /manager-page/api/snapshot.php?id=11&t=0.2815779466452537 HTTP/1.1" 200 48109 "http://192.168.60.79/manager-page/home-1.php" "Mozilla/5.0 (Windows NT 10.0; Win64; x64) AppleWebKit/537.36 (KHTML, like Gecko) Chrome/138.0.0.0 Safari/537.36 Edg/138.0.0.0"
172.16.36.181 - - [01/Aug/2025:11:42:01 +0800] "GET /manager-page/api/snapshot.php?id=12&t=0.3830624455523197 HTTP/1.1" 200 45691 "http://192.168.60.79/manager-page/home-1.php" "Mozilla/5.0 (Windows NT 10.0; Win64; x64) AppleWebKit/537.36 (KHTML, like Gecko) Chrome/138.0.0.0 Safari/537.36 Edg/138.0.0.0"
172.16.36.181 - - [01/Aug/2025:11:42:06 +0800] "GET /manager-page/api/snapshot.php?id=11&t=0.4726800113067272 HTTP/1.1" 200 47293 "http://192.168.60.79/manager-page/home-1.php" "Mozilla/5.0 (Windows NT 10.0; Win64; x64) AppleWebKit/537.36 (KHTML, like Gecko) Chrome/138.0.0.0 Safari/537.36 Edg/138.0.0.0"
172.16.36.181 - - [01/Aug/2025:11:42:06 +0800] "GET /manager-page/api/snapshot.php?id=12&t=0.3238797532252047 HTTP/1.1" 200 45155 "http://192.168.60.79/manager-page/home-1.php" "Mozilla/5.0 (Windows NT 10.0; Win64; x64) AppleWebKit/537.36 (KHTML, like Gecko) Chrome/138.0.0.0 Safari/537.36 Edg/138.0.0.0"
172.16.36.181 - - [01/Aug/2025:11:42:11 +0800] "GET /manager-page/api/snapshot.php?id=11&t=0.9319525684625373 HTTP/1.1" 200 45909 "http://192.168.60.79/manager-page/home-1.php" "Mozilla/5.0 (Windows NT 10.0; Win64; x64) AppleWebKit/537.36 (KHTML, like Gecko) Chrome/138.0.0.0 Safari/537.36 Edg/138.0.0.0"
172.16.36.181 - - [01/Aug/2025:11:42:11 +0800] "GET /manager-page/api/snapshot.php?id=12&t=0.9325660852505402 HTTP/1.1" 200 45065 "http://192.168.60.79/manager-page/home-1.php" "Mozilla/5.0 (Windows NT 10.0; Win64; x64) AppleWebKit/537.36 (KHTML, like Gecko) Chrome/138.0.0.0 Safari/537.36 Edg/138.0.0.0"
172.16.36.181 - - [01/Aug/2025:11:42:16 +0800] "GET /manager-page/api/snapshot.php?id=12&t=0.08641898184984176 HTTP/1.1" 200 45292 "http://192.168.60.79/manager-page/home-1.php" "Mozilla/5.0 (Windows NT 10.0; Win64; x64) AppleWebKit/537.36 (KHTML, like Gecko) Chrome/138.0.0.0 Safari/537.36 Edg/138.0.0.0"
172.16.36.181 - - [01/Aug/2025:11:42:16 +0800] "GET /manager-page/api/snapshot.php?id=11&t=0.05769921044287052 HTTP/1.1" 200 46569 "http://192.168.60.79/manager-page/home-1.php" "Mozilla/5.0 (Windows NT 10.0; Win64; x64) AppleWebKit/537.36 (KHTML, like Gecko) Chrome/138.0.0.0 Safari/537.36 Edg/138.0.0.0"
172.16.36.181 - - [01/Aug/2025:11:42:21 +0800] "GET /manager-page/api/snapshot.php?id=11&t=0.053432116967738974 HTTP/1.1" 200 48860 "http://192.168.60.79/manager-page/home-1.php" "Mozilla/5.0 (Windows NT 10.0; Win64; x64) AppleWebKit/537.36 (KHTML, like Gecko) Chrome/138.0.0.0 Safari/537.36 Edg/138.0.0.0"
172.16.36.181 - - [01/Aug/2025:11:42:21 +0800] "GET /manager-page/api/snapshot.php?id=12&t=0.3197352040589332 HTTP/1.1" 200 48426 "http://192.168.60.79/manager-page/home-1.php" "Mozilla/5.0 (Windows NT 10.0; Win64; x64) AppleWebKit/537.36 (KHTML, like Gecko) Chrome/138.0.0.0 Safari/537.36 Edg/138.0.0.0"
172.16.36.181 - - [01/Aug/2025:11:42:26 +0800] "GET /manager-page/api/snapshot.php?id=12&t=0.3752224608507204 HTTP/1.1" 200 46732 "http://192.168.60.79/manager-page/home-1.php" "Mozilla/5.0 (Windows NT 10.0; Win64; x64) AppleWebKit/537.36 (KHTML, like Gecko) Chrome/138.0.0.0 Safari/537.36 Edg/138.0.0.0"
172.16.36.181 - - [01/Aug/2025:11:42:26 +0800] "GET /manager-page/api/snapshot.php?id=11&t=0.07370880928859014 HTTP/1.1" 200 47969 "http://192.168.60.79/manager-page/home-1.php" "Mozilla/5.0 (Windows NT 10.0; Win64; x64) AppleWebKit/537.36 (KHTML, like Gecko) Chrome/138.0.0.0 Safari/537.36 Edg/138.0.0.0"
172.16.36.181 - - [01/Aug/2025:11:42:31 +0800] "GET /manager-page/api/snapshot.php?id=12&t=0.24955942715235901 HTTP/1.1" 200 47917 "http://192.168.60.79/manager-page/home-1.php" "Mozilla/5.0 (Windows NT 10.0; Win64; x64) AppleWebKit/537.36 (KHTML, like Gecko) Chrome/138.0.0.0 Safari/537.36 Edg/138.0.0.0"
172.16.36.181 - - [01/Aug/2025:11:42:31 +0800] "GET /manager-page/api/snapshot.php?id=11&t=0.4176960104343379 HTTP/1.1" 200 48974 "http://192.168.60.79/manager-page/home-1.php" "Mozilla/5.0 (Windows NT 10.0; Win64; x64) AppleWebKit/537.36 (KHTML, like Gecko) Chrome/138.0.0.0 Safari/537.36 Edg/138.0.0.0"
172.16.36.181 - - [01/Aug/2025:11:42:36 +0800] "GET /manager-page/api/snapshot.php?id=12&t=0.18479683927081703 HTTP/1.1" 200 48210 "http://192.168.60.79/manager-page/home-1.php" "Mozilla/5.0 (Windows NT 10.0; Win64; x64) AppleWebKit/537.36 (KHTML, like Gecko) Chrome/138.0.0.0 Safari/537.36 Edg/138.0.0.0"
172.16.36.181 - - [01/Aug/2025:11:42:36 +0800] "GET /manager-page/api/snapshot.php?id=11&t=0.18024748338501795 HTTP/1.1" 200 49388 "http://192.168.60.79/manager-page/home-1.php" "Mozilla/5.0 (Windows NT 10.0; Win64; x64) AppleWebKit/537.36 (KHTML, like Gecko) Chrome/138.0.0.0 Safari/537.36 Edg/138.0.0.0"
172.16.36.181 - - [01/Aug/2025:11:42:41 +0800] "GET /manager-page/api/snapshot.php?id=11&t=0.2447570859258994 HTTP/1.1" 200 49549 "http://192.168.60.79/manager-page/home-1.php" "Mozilla/5.0 (Windows NT 10.0; Win64; x64) AppleWebKit/537.36 (KHTML, like Gecko) Chrome/138.0.0.0 Safari/537.36 Edg/138.0.0.0"
172.16.36.181 - - [01/Aug/2025:11:42:41 +0800] "GET /manager-page/api/snapshot.php?id=12&t=0.8916404199048676 HTTP/1.1" 200 48355 "http://192.168.60.79/manager-page/home-1.php" "Mozilla/5.0 (Windows NT 10.0; Win64; x64) AppleWebKit/537.36 (KHTML, like Gecko) Chrome/138.0.0.0 Safari/537.36 Edg/138.0.0.0"
172.16.36.181 - - [01/Aug/2025:11:42:46 +0800] "GET /manager-page/api/snapshot.php?id=11&t=0.7031797687106264 HTTP/1.1" 200 49667 "http://192.168.60.79/manager-page/home-1.php" "Mozilla/5.0 (Windows NT 10.0; Win64; x64) AppleWebKit/537.36 (KHTML, like Gecko) Chrome/138.0.0.0 Safari/537.36 Edg/138.0.0.0"
172.16.36.181 - - [01/Aug/2025:11:42:46 +0800] "GET /manager-page/api/snapshot.php?id=12&t=0.2818814629724147 HTTP/1.1" 200 48110 "http://192.168.60.79/manager-page/home-1.php" "Mozilla/5.0 (Windows NT 10.0; Win64; x64) AppleWebKit/537.36 (KHTML, like Gecko) Chrome/138.0.0.0 Safari/537.36 Edg/138.0.0.0"
127.0.0.1 - - [01/Aug/2025:11:43:00 +0800] "GET /robot/alarm-history-in.php HTTP/1.1" 200 - "-" "python-requests/2.28.1"
172.16.36.181 - - [01/Aug/2025:11:43:15 +0800] "GET /manager-page/api/snapshot.php?id=12&t=0.032482521845276 HTTP/1.1" 200 48227 "http://192.168.60.79/manager-page/home-1.php" "Mozilla/5.0 (Windows NT 10.0; Win64; x64) AppleWebKit/537.36 (KHTML, like Gecko) Chrome/138.0.0.0 Safari/537.36 Edg/138.0.0.0"
172.16.36.181 - - [01/Aug/2025:11:43:15 +0800] "GET /manager-page/api/snapshot.php?id=11&t=0.39446432554012634 HTTP/1.1" 200 49355 "http://192.168.60.79/manager-page/home-1.php" "Mozilla/5.0 (Windows NT 10.0; Win64; x64) AppleWebKit/537.36 (KHTML, like Gecko) Chrome/138.0.0.0 Safari/537.36 Edg/138.0.0.0"
111.70.30.251 - - [01/Aug/2025:11:43:22 +0800] "POST /robot/lora-in.php HTTP/1.1" 200 - "-" "python-requests/2.21.0"
127.0.0.1 - - [01/Aug/2025:11:44:00 +0800] "GET /robot/alarm-history-in.php HTTP/1.1" 200 - "-" "python-requests/2.28.1"
111.70.30.253 - - [01/Aug/2025:11:44:02 +0800] "POST /robot/lora-in.php HTTP/1.1" 200 - "-" "python-requests/2.21.0"
111.70.30.250 - - [01/Aug/2025:11:44:11 +0800] "POST /robot/lora-in.php HTTP/1.1" 200 - "-" "python-requests/2.21.0"
172.16.36.181 - - [01/Aug/2025:11:44:15 +0800] "GET /manager-page/api/snapshot.php?id=11&t=0.0577701788305085 HTTP/1.1" 200 49439 "http://192.168.60.79/manager-page/home-1.php" "Mozilla/5.0 (Windows NT 10.0; Win64; x64) AppleWebKit/537.36 (KHTML, like Gecko) Chrome/138.0.0.0 Safari/537.36 Edg/138.0.0.0"
172.16.36.181 - - [01/Aug/2025:11:44:15 +0800] "GET /manager-page/api/snapshot.php?id=12&t=0.5004343420854752 HTTP/1.1" 200 48312 "http://192.168.60.79/manager-page/home-1.php" "Mozilla/5.0 (Windows NT 10.0; Win64; x64) AppleWebKit/537.36 (KHTML, like Gecko) Chrome/138.0.0.0 Safari/537.36 Edg/138.0.0.0"
127.0.0.1 - - [01/Aug/2025:11:45:00 +0800] "GET /robot/alarm-history-in.php HTTP/1.1" 200 - "-" "python-requests/2.28.1"
172.16.36.181 - - [01/Aug/2025:11:45:15 +0800] "GET /manager-page/api/snapshot.php?id=11&t=0.468689438498028 HTTP/1.1" 200 49136 "http://192.168.60.79/manager-page/home-1.php" "Mozilla/5.0 (Windows NT 10.0; Win64; x64) AppleWebKit/537.36 (KHTML, like Gecko) Chrome/138.0.0.0 Safari/537.36 Edg/138.0.0.0"
172.16.36.181 - - [01/Aug/2025:11:45:15 +0800] "GET /manager-page/api/snapshot.php?id=12&t=0.5416762220179543 HTTP/1.1" 200 48269 "http://192.168.60.79/manager-page/home-1.php" "Mozilla/5.0 (Windows NT 10.0; Win64; x64) AppleWebKit/537.36 (KHTML, like Gecko) Chrome/138.0.0.0 Safari/537.36 Edg/138.0.0.0"
111.70.30.252 - - [01/Aug/2025:11:45:47 +0800] "POST /robot/lora-in.php HTTP/1.1" 200 - "-" "python-requests/2.21.0"
127.0.0.1 - - [01/Aug/2025:11:46:00 +0800] "GET /robot/alarm-history-in.php HTTP/1.1" 200 - "-" "python-requests/2.28.1"
172.16.36.181 - - [01/Aug/2025:11:46:15 +0800] "GET /manager-page/api/snapshot.php?id=11&t=0.8764883415837639 HTTP/1.1" 200 49670 "http://192.168.60.79/manager-page/home-1.php" "Mozilla/5.0 (Windows NT 10.0; Win64; x64) AppleWebKit/537.36 (KHTML, like Gecko) Chrome/138.0.0.0 Safari/537.36 Edg/138.0.0.0"
172.16.36.181 - - [01/Aug/2025:11:46:15 +0800] "GET /manager-page/api/snapshot.php?id=12&t=0.6147439440631959 HTTP/1.1" 200 48616 "http://192.168.60.79/manager-page/home-1.php" "Mozilla/5.0 (Windows NT 10.0; Win64; x64) AppleWebKit/537.36 (KHTML, like Gecko) Chrome/138.0.0.0 Safari/537.36 Edg/138.0.0.0"
127.0.0.1 - - [01/Aug/2025:11:46:40 +0800] "GET /get-setting.json HTTP/1.1" 200 2314 "-" "python-requests/2.31.0"
127.0.0.1 - - [01/Aug/2025:11:46:41 +0800] "POST /robot/lora-in.php HTTP/1.1" 200 - "-" "python-requests/2.31.0"
127.0.0.1 - - [01/Aug/2025:11:46:50 +0800] "POST /robot/lora-in.php HTTP/1.1" 200 - "-" "python-requests/2.31.0"
127.0.0.1 - - [01/Aug/2025:11:46:55 +0800] "POST /robot/lora-in.php HTTP/1.1" 200 - "-" "python-requests/2.31.0"
127.0.0.1 - - [01/Aug/2025:11:47:00 +0800] "GET /robot/alarm-history-in.php HTTP/1.1" 200 - "-" "python-requests/2.28.1"
127.0.0.1 - - [01/Aug/2025:11:47:03 +0800] "POST /robot/lora-in.php HTTP/1.1" 200 - "-" "python-requests/2.31.0"
127.0.0.1 - - [01/Aug/2025:11:47:12 +0800] "POST /robot/lora-in.php HTTP/1.1" 200 - "-" "python-requests/2.31.0"
172.16.36.181 - - [01/Aug/2025:11:47:15 +0800] "GET /manager-page/api/snapshot.php?id=12&t=0.6520952054222655 HTTP/1.1" 200 48773 "http://192.168.60.79/manager-page/home-1.php" "Mozilla/5.0 (Windows NT 10.0; Win64; x64) AppleWebKit/537.36 (KHTML, like Gecko) Chrome/138.0.0.0 Safari/537.36 Edg/138.0.0.0"
172.16.36.181 - - [01/Aug/2025:11:47:15 +0800] "GET /manager-page/api/snapshot.php?id=11&t=0.20760110398117593 HTTP/1.1" 200 49961 "http://192.168.60.79/manager-page/home-1.php" "Mozilla/5.0 (Windows NT 10.0; Win64; x64) AppleWebKit/537.36 (KHTML, like Gecko) Chrome/138.0.0.0 Safari/537.36 Edg/138.0.0.0"
127.0.0.1 - - [01/Aug/2025:11:47:21 +0800] "POST /robot/lora-in.php HTTP/1.1" 200 - "-" "python-requests/2.31.0"
127.0.0.1 - - [01/Aug/2025:11:47:28 +0800] "POST /robot/lora-in.php HTTP/1.1" 200 - "-" "python-requests/2.31.0"
127.0.0.1 - - [01/Aug/2025:11:47:31 +0800] "POST /robot/lora-in.php HTTP/1.1" 200 - "-" "python-requests/2.31.0"
127.0.0.1 - - [01/Aug/2025:11:48:00 +0800] "GET /robot/alarm-history-in.php HTTP/1.1" 200 - "-" "python-requests/2.28.1"
172.16.36.181 - - [01/Aug/2025:11:48:15 +0800] "GET /manager-page/api/snapshot.php?id=11&t=0.23432679856784988 HTTP/1.1" 200 45139 "http://192.168.60.79/manager-page/home-1.php" "Mozilla/5.0 (Windows NT 10.0; Win64; x64) AppleWebKit/537.36 (KHTML, like Gecko) Chrome/138.0.0.0 Safari/537.36 Edg/138.0.0.0"
172.16.36.181 - - [01/Aug/2025:11:48:15 +0800] "GET /manager-page/api/snapshot.php?id=12&t=0.9105657879444573 HTTP/1.1" 200 45252 "http://192.168.60.79/manager-page/home-1.php" "Mozilla/5.0 (Windows NT 10.0; Win64; x64) AppleWebKit/537.36 (KHTML, like Gecko) Chrome/138.0.0.0 Safari/537.36 Edg/138.0.0.0"
127.0.0.1 - - [01/Aug/2025:11:48:50 +0800] "POST /robot/et-7026-in.php HTTP/1.1" 200 - "-" "python-requests/2.32.2"
127.0.0.1 - - [01/Aug/2025:11:49:00 +0800] "GET /robot/alarm-history-in.php HTTP/1.1" 200 - "-" "python-requests/2.28.1"
172.16.36.181 - - [01/Aug/2025:11:49:15 +0800] "GET /manager-page/api/snapshot.php?id=12&t=0.3082932063809297 HTTP/1.1" 200 48851 "http://192.168.60.79/manager-page/home-1.php" "Mozilla/5.0 (Windows NT 10.0; Win64; x64) AppleWebKit/537.36 (KHTML, like Gecko) Chrome/138.0.0.0 Safari/537.36 Edg/138.0.0.0"
172.16.36.181 - - [01/Aug/2025:11:49:15 +0800] "GET /manager-page/api/snapshot.php?id=11&t=0.4864620782585666 HTTP/1.1" 200 50067 "http://192.168.60.79/manager-page/home-1.php" "Mozilla/5.0 (Windows NT 10.0; Win64; x64) AppleWebKit/537.36 (KHTML, like Gecko) Chrome/138.0.0.0 Safari/537.36 Edg/138.0.0.0"
127.0.0.1 - - [01/Aug/2025:11:49:31 +0800] "POST /robot/et-7026-in.php HTTP/1.1" 200 - "-" "python-requests/2.32.2"
127.0.0.1 - - [01/Aug/2025:11:49:52 +0800] "POST /robot/et-7026-in.php HTTP/1.1" 200 - "-" "python-requests/2.32.2"
127.0.0.1 - - [01/Aug/2025:11:49:57 +0800] "POST /robot/et-7026-in.php HTTP/1.1" 200 - "-" "python-requests/2.32.2"
127.0.0.1 - - [01/Aug/2025:11:50:00 +0800] "GET /robot/alarm-history-in.php HTTP/1.1" 200 - "-" "python-requests/2.28.1"
172.16.36.181 - - [01/Aug/2025:11:50:15 +0800] "GET /manager-page/api/snapshot.php?id=12&t=0.9576738409864647 HTTP/1.1" 200 48266 "http://192.168.60.79/manager-page/home-1.php" "Mozilla/5.0 (Windows NT 10.0; Win64; x64) AppleWebKit/537.36 (KHTML, like Gecko) Chrome/138.0.0.0 Safari/537.36 Edg/138.0.0.0"
172.16.36.181 - - [01/Aug/2025:11:50:15 +0800] "GET /manager-page/api/snapshot.php?id=11&t=0.790600892156833 HTTP/1.1" 200 49668 "http://192.168.60.79/manager-page/home-1.php" "Mozilla/5.0 (Windows NT 10.0; Win64; x64) AppleWebKit/537.36 (KHTML, like Gecko) Chrome/138.0.0.0 Safari/537.36 Edg/138.0.0.0"
127.0.0.1 - - [01/Aug/2025:11:51:00 +0800] "GET /robot/alarm-history-in.php HTTP/1.1" 200 - "-" "python-requests/2.28.1"
172.16.36.181 - - [01/Aug/2025:11:51:15 +0800] "GET /manager-page/api/snapshot.php?id=11&t=0.9272415424081911 HTTP/1.1" 200 49661 "http://192.168.60.79/manager-page/home-1.php" "Mozilla/5.0 (Windows NT 10.0; Win64; x64) AppleWebKit/537.36 (KHTML, like Gecko) Chrome/138.0.0.0 Safari/537.36 Edg/138.0.0.0"
172.16.36.181 - - [01/Aug/2025:11:51:15 +0800] "GET /manager-page/api/snapshot.php?id=12&t=0.6343331011412672 HTTP/1.1" 500 - "http://192.168.60.79/manager-page/home-1.php" "Mozilla/5.0 (Windows NT 10.0; Win64; x64) AppleWebKit/537.36 (KHTML, like Gecko) Chrome/138.0.0.0 Safari/537.36 Edg/138.0.0.0"
172.16.36.181 - - [01/Aug/2025:11:51:20 +0800] "GET /manager-page/live/1-2.jpg HTTP/1.1" 200 48286 "http://192.168.60.79/manager-page/home-1.php" "Mozilla/5.0 (Windows NT 10.0; Win64; x64) AppleWebKit/537.36 (KHTML, like Gecko) Chrome/138.0.0.0 Safari/537.36 Edg/138.0.0.0"
111.70.30.251 - - [01/Aug/2025:11:51:57 +0800] "POST /robot/lora-in.php HTTP/1.1" 200 - "-" "python-requests/2.21.0"
127.0.0.1 - - [01/Aug/2025:11:52:00 +0800] "GET /robot/alarm-history-in.php HTTP/1.1" 200 - "-" "python-requests/2.28.1"
172.16.36.181 - - [01/Aug/2025:11:52:15 +0800] "GET /manager-page/api/snapshot.php?id=12&t=0.46423220715186453 HTTP/1.1" 200 48862 "http://192.168.60.79/manager-page/home-1.php" "Mozilla/5.0 (Windows NT 10.0; Win64; x64) AppleWebKit/537.36 (KHTML, like Gecko) Chrome/138.0.0.0 Safari/537.36 Edg/138.0.0.0"
172.16.36.181 - - [01/Aug/2025:11:52:15 +0800] "GET /manager-page/api/snapshot.php?id=11&t=0.832271290105441 HTTP/1.1" 200 49993 "http://192.168.60.79/manager-page/home-1.php" "Mozilla/5.0 (Windows NT 10.0; Win64; x64) AppleWebKit/537.36 (KHTML, like Gecko) Chrome/138.0.0.0 Safari/537.36 Edg/138.0.0.0"
111.70.30.250 - - [01/Aug/2025:11:52:45 +0800] "POST /robot/lora-in.php HTTP/1.1" 200 - "-" "python-requests/2.21.0"
111.70.30.253 - - [01/Aug/2025:11:52:46 +0800] "POST /robot/lora-in.php HTTP/1.1" 200 - "-" "python-requests/2.21.0"
127.0.0.1 - - [01/Aug/2025:11:53:00 +0800] "GET /robot/alarm-history-in.php HTTP/1.1" 200 - "-" "python-requests/2.28.1"
172.16.36.181 - - [01/Aug/2025:11:53:15 +0800] "GET /manager-page/api/snapshot.php?id=11&t=0.1142202312577163 HTTP/1.1" 200 49847 "http://192.168.60.79/manager-page/home-1.php" "Mozilla/5.0 (Windows NT 10.0; Win64; x64) AppleWebKit/537.36 (KHTML, like Gecko) Chrome/138.0.0.0 Safari/537.36 Edg/138.0.0.0"
172.16.36.181 - - [01/Aug/2025:11:53:15 +0800] "GET /manager-page/api/snapshot.php?id=12&t=0.11203425715955273 HTTP/1.1" 200 48309 "http://192.168.60.79/manager-page/home-1.php" "Mozilla/5.0 (Windows NT 10.0; Win64; x64) AppleWebKit/537.36 (KHTML, like Gecko) Chrome/138.0.0.0 Safari/537.36 Edg/138.0.0.0"
127.0.0.1 - - [01/Aug/2025:11:54:00 +0800] "GET /robot/alarm-history-in.php HTTP/1.1" 200 - "-" "python-requests/2.28.1"
172.16.36.181 - - [01/Aug/2025:11:54:15 +0800] "GET /manager-page/api/snapshot.php?id=11&t=0.6123357551728531 HTTP/1.1" 200 49519 "http://192.168.60.79/manager-page/home-1.php" "Mozilla/5.0 (Windows NT 10.0; Win64; x64) AppleWebKit/537.36 (KHTML, like Gecko) Chrome/138.0.0.0 Safari/537.36 Edg/138.0.0.0"
172.16.36.181 - - [01/Aug/2025:11:54:15 +0800] "GET /manager-page/api/snapshot.php?id=12&t=0.31420800835599316 HTTP/1.1" 200 48182 "http://192.168.60.79/manager-page/home-1.php" "Mozilla/5.0 (Windows NT 10.0; Win64; x64) AppleWebKit/537.36 (KHTML, like Gecko) Chrome/138.0.0.0 Safari/537.36 Edg/138.0.0.0"
111.70.30.252 - - [01/Aug/2025:11:54:56 +0800] "POST /robot/lora-in.php HTTP/1.1" 200 - "-" "python-requests/2.21.0"
127.0.0.1 - - [01/Aug/2025:11:55:00 +0800] "GET /robot/alarm-history-in.php HTTP/1.1" 200 - "-" "python-requests/2.28.1"
172.16.36.181 - - [01/Aug/2025:11:55:15 +0800] "GET /manager-page/api/snapshot.php?id=11&t=0.32987482513850286 HTTP/1.1" 200 49968 "http://192.168.60.79/manager-page/home-1.php" "Mozilla/5.0 (Windows NT 10.0; Win64; x64) AppleWebKit/537.36 (KHTML, like Gecko) Chrome/138.0.0.0 Safari/537.36 Edg/138.0.0.0"
172.16.36.181 - - [01/Aug/2025:11:55:15 +0800] "GET /manager-page/api/snapshot.php?id=12&t=0.08117640803307791 HTTP/1.1" 200 48479 "http://192.168.60.79/manager-page/home-1.php" "Mozilla/5.0 (Windows NT 10.0; Win64; x64) AppleWebKit/537.36 (KHTML, like Gecko) Chrome/138.0.0.0 Safari/537.36 Edg/138.0.0.0"
127.0.0.1 - - [01/Aug/2025:11:56:00 +0800] "GET /robot/alarm-history-in.php HTTP/1.1" 200 - "-" "python-requests/2.28.1"
172.16.36.181 - - [01/Aug/2025:11:56:15 +0800] "GET /manager-page/api/snapshot.php?id=11&t=0.0799644388279993 HTTP/1.1" 200 49781 "http://192.168.60.79/manager-page/home-1.php" "Mozilla/5.0 (Windows NT 10.0; Win64; x64) AppleWebKit/537.36 (KHTML, like Gecko) Chrome/138.0.0.0 Safari/537.36 Edg/138.0.0.0"
172.16.36.181 - - [01/Aug/2025:11:56:15 +0800] "GET /manager-page/api/snapshot.php?id=12&t=0.33128849623634316 HTTP/1.1" 200 48424 "http://192.168.60.79/manager-page/home-1.php" "Mozilla/5.0 (Windows NT 10.0; Win64; x64) AppleWebKit/537.36 (KHTML, like Gecko) Chrome/138.0.0.0 Safari/537.36 Edg/138.0.0.0"
127.0.0.1 - - [01/Aug/2025:11:56:40 +0800] "GET /get-setting.json HTTP/1.1" 200 2314 "-" "python-requests/2.31.0"
127.0.0.1 - - [01/Aug/2025:11:56:40 +0800] "POST /robot/lora-in.php HTTP/1.1" 200 - "-" "python-requests/2.31.0"
127.0.0.1 - - [01/Aug/2025:11:56:41 +0800] "POST /robot/lora-in.php HTTP/1.1" 200 - "-" "python-requests/2.31.0"
127.0.0.1 - - [01/Aug/2025:11:56:49 +0800] "POST /robot/lora-in.php HTTP/1.1" 200 - "-" "python-requests/2.31.0"
127.0.0.1 - - [01/Aug/2025:11:56:58 +0800] "POST /robot/lora-in.php HTTP/1.1" 200 - "-" "python-requests/2.31.0"
127.0.0.1 - - [01/Aug/2025:11:57:00 +0800] "GET /robot/alarm-history-in.php HTTP/1.1" 200 - "-" "python-requests/2.28.1"
127.0.0.1 - - [01/Aug/2025:11:57:06 +0800] "POST /robot/lora-in.php HTTP/1.1" 200 - "-" "python-requests/2.31.0"
127.0.0.1 - - [01/Aug/2025:11:57:09 +0800] "POST /robot/lora-in.php HTTP/1.1" 200 - "-" "python-requests/2.31.0"
127.0.0.1 - - [01/Aug/2025:11:57:14 +0800] "POST /robot/lora-in.php HTTP/1.1" 200 - "-" "python-requests/2.31.0"
172.16.36.181 - - [01/Aug/2025:11:57:15 +0800] "GET /manager-page/api/snapshot.php?id=11&t=0.45781471837226306 HTTP/1.1" 200 48081 "http://192.168.60.79/manager-page/home-1.php" "Mozilla/5.0 (Windows NT 10.0; Win64; x64) AppleWebKit/537.36 (KHTML, like Gecko) Chrome/138.0.0.0 Safari/537.36 Edg/138.0.0.0"
127.0.0.1 - - [01/Aug/2025:11:57:18 +0800] "POST /robot/lora-in.php HTTP/1.1" 200 - "-" "python-requests/2.31.0"
172.16.36.181 - - [01/Aug/2025:11:57:15 +0800] "GET /manager-page/api/snapshot.php?id=12&t=0.55240603377457 HTTP/1.1" 500 - "http://192.168.60.79/manager-page/home-1.php" "Mozilla/5.0 (Windows NT 10.0; Win64; x64) AppleWebKit/537.36 (KHTML, like Gecko) Chrome/138.0.0.0 Safari/537.36 Edg/138.0.0.0"
127.0.0.1 - - [01/Aug/2025:11:58:00 +0800] "GET /robot/alarm-history-in.php HTTP/1.1" 200 - "-" "python-requests/2.28.1"
172.16.36.181 - - [01/Aug/2025:11:58:15 +0800] "GET /manager-page/api/snapshot.php?id=11&t=0.7800154983820509 HTTP/1.1" 200 42729 "http://192.168.60.79/manager-page/home-1.php" "Mozilla/5.0 (Windows NT 10.0; Win64; x64) AppleWebKit/537.36 (KHTML, like Gecko) Chrome/138.0.0.0 Safari/537.36 Edg/138.0.0.0"
172.16.36.181 - - [01/Aug/2025:11:58:15 +0800] "GET /manager-page/api/snapshot.php?id=12&t=0.35629070640533433 HTTP/1.1" 200 42446 "http://192.168.60.79/manager-page/home-1.php" "Mozilla/5.0 (Windows NT 10.0; Win64; x64) AppleWebKit/537.36 (KHTML, like Gecko) Chrome/138.0.0.0 Safari/537.36 Edg/138.0.0.0"
127.0.0.1 - - [01/Aug/2025:11:58:51 +0800] "POST /robot/et-7026-in.php HTTP/1.1" 200 - "-" "python-requests/2.32.2"
127.0.0.1 - - [01/Aug/2025:11:59:00 +0800] "GET /robot/alarm-history-in.php HTTP/1.1" 200 - "-" "python-requests/2.28.1"
172.16.36.181 - - [01/Aug/2025:11:59:15 +0800] "GET /manager-page/api/snapshot.php?id=12&t=0.08961228004825683 HTTP/1.1" 200 48031 "http://192.168.60.79/manager-page/home-1.php" "Mozilla/5.0 (Windows NT 10.0; Win64; x64) AppleWebKit/537.36 (KHTML, like Gecko) Chrome/138.0.0.0 Safari/537.36 Edg/138.0.0.0"
172.16.36.181 - - [01/Aug/2025:11:59:15 +0800] "GET /manager-page/api/snapshot.php?id=11&t=0.030600381694776413 HTTP/1.1" 200 49153 "http://192.168.60.79/manager-page/home-1.php" "Mozilla/5.0 (Windows NT 10.0; Win64; x64) AppleWebKit/537.36 (KHTML, like Gecko) Chrome/138.0.0.0 Safari/537.36 Edg/138.0.0.0"
127.0.0.1 - - [01/Aug/2025:11:59:32 +0800] "POST /robot/et-7026-in.php HTTP/1.1" 200 - "-" "python-requests/2.32.2"
127.0.0.1 - - [01/Aug/2025:11:59:53 +0800] "POST /robot/et-7026-in.php HTTP/1.1" 200 - "-" "python-requests/2.32.2"
127.0.0.1 - - [01/Aug/2025:12:00:00 +0800] "POST /robot/et-7026-in.php HTTP/1.1" 200 - "-" "python-requests/2.32.2"
127.0.0.1 - - [01/Aug/2025:12:00:00 +0800] "GET /robot/alarm-history-in.php HTTP/1.1" 200 - "-" "python-requests/2.28.1"
172.16.36.181 - - [01/Aug/2025:12:00:15 +0800] "GET /manager-page/api/snapshot.php?id=11&t=0.0978361406277709 HTTP/1.1" 200 44561 "http://192.168.60.79/manager-page/home-1.php" "Mozilla/5.0 (Windows NT 10.0; Win64; x64) AppleWebKit/537.36 (KHTML, like Gecko) Chrome/138.0.0.0 Safari/537.36 Edg/138.0.0.0"
172.16.36.181 - - [01/Aug/2025:12:00:15 +0800] "GET /manager-page/api/snapshot.php?id=12&t=0.5540092597522379 HTTP/1.1" 200 45865 "http://192.168.60.79/manager-page/home-1.php" "Mozilla/5.0 (Windows NT 10.0; Win64; x64) AppleWebKit/537.36 (KHTML, like Gecko) Chrome/138.0.0.0 Safari/537.36 Edg/138.0.0.0"
111.70.30.251 - - [01/Aug/2025:12:00:31 +0800] "POST /robot/lora-in.php HTTP/1.1" 200 - "-" "python-requests/2.21.0"
127.0.0.1 - - [01/Aug/2025:12:01:00 +0800] "GET /robot/alarm-history-in.php HTTP/1.1" 200 - "-" "python-requests/2.28.1"
172.16.36.181 - - [01/Aug/2025:12:01:15 +0800] "GET /manager-page/api/snapshot.php?id=12&t=0.4479602382573358 HTTP/1.1" 200 47985 "http://192.168.60.79/manager-page/home-1.php" "Mozilla/5.0 (Windows NT 10.0; Win64; x64) AppleWebKit/537.36 (KHTML, like Gecko) Chrome/138.0.0.0 Safari/537.36 Edg/138.0.0.0"
172.16.36.181 - - [01/Aug/2025:12:01:15 +0800] "GET /manager-page/api/snapshot.php?id=11&t=0.16361650695540764 HTTP/1.1" 200 49532 "http://192.168.60.79/manager-page/home-1.php" "Mozilla/5.0 (Windows NT 10.0; Win64; x64) AppleWebKit/537.36 (KHTML, like Gecko) Chrome/138.0.0.0 Safari/537.36 Edg/138.0.0.0"
111.70.30.250 - - [01/Aug/2025:12:01:21 +0800] "POST /robot/lora-in.php HTTP/1.1" 200 - "-" "python-requests/2.21.0"
111.70.30.253 - - [01/Aug/2025:12:01:29 +0800] "POST /robot/lora-in.php HTTP/1.1" 200 - "-" "python-requests/2.21.0"
127.0.0.1 - - [01/Aug/2025:12:02:00 +0800] "GET /robot/alarm-history-in.php HTTP/1.1" 200 - "-" "python-requests/2.28.1"
172.16.36.181 - - [01/Aug/2025:12:02:15 +0800] "GET /manager-page/api/snapshot.php?id=12&t=0.2981847743650474 HTTP/1.1" 200 47523 "http://192.168.60.79/manager-page/home-1.php" "Mozilla/5.0 (Windows NT 10.0; Win64; x64) AppleWebKit/537.36 (KHTML, like Gecko) Chrome/138.0.0.0 Safari/537.36 Edg/138.0.0.0"
172.16.36.181 - - [01/Aug/2025:12:02:15 +0800] "GET /manager-page/api/snapshot.php?id=11&t=0.8043566451619615 HTTP/1.1" 200 49089 "http://192.168.60.79/manager-page/home-1.php" "Mozilla/5.0 (Windows NT 10.0; Win64; x64) AppleWebKit/537.36 (KHTML, like Gecko) Chrome/138.0.0.0 Safari/537.36 Edg/138.0.0.0"
127.0.0.1 - - [01/Aug/2025:12:03:00 +0800] "GET /robot/alarm-history-in.php HTTP/1.1" 200 - "-" "python-requests/2.28.1"
172.16.36.181 - - [01/Aug/2025:12:03:15 +0800] "GET /manager-page/api/snapshot.php?id=11&t=0.8427700697234982 HTTP/1.1" 200 48557 "http://192.168.60.79/manager-page/home-1.php" "Mozilla/5.0 (Windows NT 10.0; Win64; x64) AppleWebKit/537.36 (KHTML, like Gecko) Chrome/138.0.0.0 Safari/537.36 Edg/138.0.0.0"
172.16.36.181 - - [01/Aug/2025:12:03:15 +0800] "GET /manager-page/api/snapshot.php?id=12&t=0.1745341677526081 HTTP/1.1" 200 47317 "http://192.168.60.79/manager-page/home-1.php" "Mozilla/5.0 (Windows NT 10.0; Win64; x64) AppleWebKit/537.36 (KHTML, like Gecko) Chrome/138.0.0.0 Safari/537.36 Edg/138.0.0.0"
127.0.0.1 - - [01/Aug/2025:12:04:00 +0800] "GET /robot/alarm-history-in.php HTTP/1.1" 200 - "-" "python-requests/2.28.1"
111.70.30.252 - - [01/Aug/2025:12:04:06 +0800] "POST /robot/lora-in.php HTTP/1.1" 200 - "-" "python-requests/2.21.0"
172.16.36.181 - - [01/Aug/2025:12:04:15 +0800] "GET /manager-page/api/snapshot.php?id=11&t=0.12497733763209129 HTTP/1.1" 200 50000 "http://192.168.60.79/manager-page/home-1.php" "Mozilla/5.0 (Windows NT 10.0; Win64; x64) AppleWebKit/537.36 (KHTML, like Gecko) Chrome/138.0.0.0 Safari/537.36 Edg/138.0.0.0"
