172.16.36.181 - - [05/Jan/2026:09:47:27 +0800] "GET /manager-page/api/snapshot.php?id=31&t=0.6497858880437893 HTTP/1.1" 200 54941 "http://192.168.60.79/manager-page/home-3.php" "Mozilla/5.0 (Windows NT 10.0; Win64; x64) AppleWebKit/537.36 (KHTML, like Gecko) Chrome/143.0.0.0 Safari/537.36 Edg/143.0.0.0"
172.16.36.181 - - [05/Jan/2026:09:47:27 +0800] "GET /manager-page/api/snapshot.php?id=32&t=0.9929029051247481 HTTP/1.1" 200 55549 "http://192.168.60.79/manager-page/home-3.php" "Mozilla/5.0 (Windows NT 10.0; Win64; x64) AppleWebKit/537.36 (KHTML, like Gecko) Chrome/143.0.0.0 Safari/537.36 Edg/143.0.0.0"
172.16.36.181 - - [05/Jan/2026:09:47:32 +0800] "GET /manager-page/api/snapshot.php?id=31&t=0.7232522821607251 HTTP/1.1" 200 54862 "http://192.168.60.79/manager-page/home-3.php" "Mozilla/5.0 (Windows NT 10.0; Win64; x64) AppleWebKit/537.36 (KHTML, like Gecko) Chrome/143.0.0.0 Safari/537.36 Edg/143.0.0.0"
172.16.36.181 - - [05/Jan/2026:09:47:32 +0800] "GET /manager-page/api/snapshot.php?id=32&t=0.5522055375997289 HTTP/1.1" 200 55566 "http://192.168.60.79/manager-page/home-3.php" "Mozilla/5.0 (Windows NT 10.0; Win64; x64) AppleWebKit/537.36 (KHTML, like Gecko) Chrome/143.0.0.0 Safari/537.36 Edg/143.0.0.0"
172.16.36.181 - - [05/Jan/2026:09:47:37 +0800] "GET /manager-page/api/snapshot.php?id=32&t=0.19378541335020838 HTTP/1.1" 200 55621 "http://192.168.60.79/manager-page/home-3.php" "Mozilla/5.0 (Windows NT 10.0; Win64; x64) AppleWebKit/537.36 (KHTML, like Gecko) Chrome/143.0.0.0 Safari/537.36 Edg/143.0.0.0"
172.16.36.181 - - [05/Jan/2026:09:47:37 +0800] "GET /manager-page/api/snapshot.php?id=31&t=0.385333816927406 HTTP/1.1" 200 54892 "http://192.168.60.79/manager-page/home-3.php" "Mozilla/5.0 (Windows NT 10.0; Win64; x64) AppleWebKit/537.36 (KHTML, like Gecko) Chrome/143.0.0.0 Safari/537.36 Edg/143.0.0.0"
172.16.36.181 - - [05/Jan/2026:09:47:42 +0800] "GET /manager-page/api/snapshot.php?id=31&t=0.15449779699671073 HTTP/1.1" 200 54894 "http://192.168.60.79/manager-page/home-3.php" "Mozilla/5.0 (Windows NT 10.0; Win64; x64) AppleWebKit/537.36 (KHTML, like Gecko) Chrome/143.0.0.0 Safari/537.36 Edg/143.0.0.0"
172.16.36.181 - - [05/Jan/2026:09:47:42 +0800] "GET /manager-page/api/snapshot.php?id=32&t=0.9489647024194284 HTTP/1.1" 200 55619 "http://192.168.60.79/manager-page/home-3.php" "Mozilla/5.0 (Windows NT 10.0; Win64; x64) AppleWebKit/537.36 (KHTML, like Gecko) Chrome/143.0.0.0 Safari/537.36 Edg/143.0.0.0"
172.16.36.181 - - [05/Jan/2026:09:47:47 +0800] "GET /manager-page/api/snapshot.php?id=32&t=0.3271846030129425 HTTP/1.1" 200 55596 "http://192.168.60.79/manager-page/home-3.php" "Mozilla/5.0 (Windows NT 10.0; Win64; x64) AppleWebKit/537.36 (KHTML, like Gecko) Chrome/143.0.0.0 Safari/537.36 Edg/143.0.0.0"
172.16.36.181 - - [05/Jan/2026:09:47:47 +0800] "GET /manager-page/api/snapshot.php?id=31&t=0.7576311922567208 HTTP/1.1" 200 54890 "http://192.168.60.79/manager-page/home-3.php" "Mozilla/5.0 (Windows NT 10.0; Win64; x64) AppleWebKit/537.36 (KHTML, like Gecko) Chrome/143.0.0.0 Safari/537.36 Edg/143.0.0.0"
172.16.36.181 - - [05/Jan/2026:09:47:52 +0800] "GET /manager-page/api/snapshot.php?id=32&t=0.42498061969804735 HTTP/1.1" 200 55543 "http://192.168.60.79/manager-page/home-3.php" "Mozilla/5.0 (Windows NT 10.0; Win64; x64) AppleWebKit/537.36 (KHTML, like Gecko) Chrome/143.0.0.0 Safari/537.36 Edg/143.0.0.0"
172.16.36.181 - - [05/Jan/2026:09:47:52 +0800] "GET /manager-page/api/snapshot.php?id=31&t=0.9240301245503495 HTTP/1.1" 200 54840 "http://192.168.60.79/manager-page/home-3.php" "Mozilla/5.0 (Windows NT 10.0; Win64; x64) AppleWebKit/537.36 (KHTML, like Gecko) Chrome/143.0.0.0 Safari/537.36 Edg/143.0.0.0"
172.16.36.181 - - [05/Jan/2026:09:47:57 +0800] "GET /manager-page/api/snapshot.php?id=31&t=0.5139443892242596 HTTP/1.1" 200 54874 "http://192.168.60.79/manager-page/home-3.php" "Mozilla/5.0 (Windows NT 10.0; Win64; x64) AppleWebKit/537.36 (KHTML, like Gecko) Chrome/143.0.0.0 Safari/537.36 Edg/143.0.0.0"
172.16.36.181 - - [05/Jan/2026:09:47:57 +0800] "GET /manager-page/api/snapshot.php?id=32&t=0.13412866603981188 HTTP/1.1" 200 55534 "http://192.168.60.79/manager-page/home-3.php" "Mozilla/5.0 (Windows NT 10.0; Win64; x64) AppleWebKit/537.36 (KHTML, like Gecko) Chrome/143.0.0.0 Safari/537.36 Edg/143.0.0.0"
127.0.0.1 - - [05/Jan/2026:09:48:00 +0800] "GET /robot/alarm-history-in.php HTTP/1.1" 200 - "-" "python-requests/2.28.1"
172.16.36.181 - - [05/Jan/2026:09:48:02 +0800] "GET /manager-page/api/snapshot.php?id=31&t=0.6986476271947546 HTTP/1.1" 200 54849 "http://192.168.60.79/manager-page/home-3.php" "Mozilla/5.0 (Windows NT 10.0; Win64; x64) AppleWebKit/537.36 (KHTML, like Gecko) Chrome/143.0.0.0 Safari/537.36 Edg/143.0.0.0"
172.16.36.181 - - [05/Jan/2026:09:48:02 +0800] "GET /manager-page/api/snapshot.php?id=32&t=0.9433526256818047 HTTP/1.1" 200 55594 "http://192.168.60.79/manager-page/home-3.php" "Mozilla/5.0 (Windows NT 10.0; Win64; x64) AppleWebKit/537.36 (KHTML, like Gecko) Chrome/143.0.0.0 Safari/537.36 Edg/143.0.0.0"
172.16.36.181 - - [05/Jan/2026:09:48:07 +0800] "GET /manager-page/api/snapshot.php?id=32&t=0.4257693247840314 HTTP/1.1" 200 55547 "http://192.168.60.79/manager-page/home-3.php" "Mozilla/5.0 (Windows NT 10.0; Win64; x64) AppleWebKit/537.36 (KHTML, like Gecko) Chrome/143.0.0.0 Safari/537.36 Edg/143.0.0.0"
172.16.36.181 - - [05/Jan/2026:09:48:07 +0800] "GET /manager-page/api/snapshot.php?id=31&t=0.41912486075120614 HTTP/1.1" 200 54820 "http://192.168.60.79/manager-page/home-3.php" "Mozilla/5.0 (Windows NT 10.0; Win64; x64) AppleWebKit/537.36 (KHTML, like Gecko) Chrome/143.0.0.0 Safari/537.36 Edg/143.0.0.0"
172.16.36.181 - - [05/Jan/2026:09:48:15 +0800] "GET /manager-page/api/snapshot.php?id=31&t=0.45595937364339956 HTTP/1.1" 200 54806 "http://192.168.60.79/manager-page/home-3.php" "Mozilla/5.0 (Windows NT 10.0; Win64; x64) AppleWebKit/537.36 (KHTML, like Gecko) Chrome/143.0.0.0 Safari/537.36 Edg/143.0.0.0"
172.16.36.181 - - [05/Jan/2026:09:48:15 +0800] "GET /manager-page/api/snapshot.php?id=32&t=0.2695397572942223 HTTP/1.1" 200 55571 "http://192.168.60.79/manager-page/home-3.php" "Mozilla/5.0 (Windows NT 10.0; Win64; x64) AppleWebKit/537.36 (KHTML, like Gecko) Chrome/143.0.0.0 Safari/537.36 Edg/143.0.0.0"
111.70.30.252 - - [05/Jan/2026:09:48:23 +0800] "POST /robot/lora-in.php HTTP/1.1" 200 - "-" "python-requests/2.21.0"
127.0.0.1 - - [05/Jan/2026:09:49:00 +0800] "GET /robot/alarm-history-in.php HTTP/1.1" 200 - "-" "python-requests/2.28.1"
172.16.36.181 - - [05/Jan/2026:09:49:15 +0800] "GET /manager-page/api/snapshot.php?id=32&t=0.08263020547395727 HTTP/1.1" 200 55586 "http://192.168.60.79/manager-page/home-3.php" "Mozilla/5.0 (Windows NT 10.0; Win64; x64) AppleWebKit/537.36 (KHTML, like Gecko) Chrome/143.0.0.0 Safari/537.36 Edg/143.0.0.0"
172.16.36.181 - - [05/Jan/2026:09:49:15 +0800] "GET /manager-page/api/snapshot.php?id=31&t=0.215605142774966 HTTP/1.1" 200 54880 "http://192.168.60.79/manager-page/home-3.php" "Mozilla/5.0 (Windows NT 10.0; Win64; x64) AppleWebKit/537.36 (KHTML, like Gecko) Chrome/143.0.0.0 Safari/537.36 Edg/143.0.0.0"
127.0.0.1 - - [05/Jan/2026:09:49:26 +0800] "POST /robot/et-7026-in.php HTTP/1.1" 200 - "-" "python-requests/2.32.2"
127.0.0.1 - - [05/Jan/2026:09:50:00 +0800] "GET /robot/alarm-history-in.php HTTP/1.1" 200 - "-" "python-requests/2.28.1"
172.16.36.181 - - [05/Jan/2026:09:50:15 +0800] "GET /manager-page/api/snapshot.php?id=31&t=0.5852287671427421 HTTP/1.1" 200 54620 "http://192.168.60.79/manager-page/home-3.php" "Mozilla/5.0 (Windows NT 10.0; Win64; x64) AppleWebKit/537.36 (KHTML, like Gecko) Chrome/143.0.0.0 Safari/537.36 Edg/143.0.0.0"
172.16.36.181 - - [05/Jan/2026:09:50:15 +0800] "GET /manager-page/api/snapshot.php?id=32&t=0.737875489554238 HTTP/1.1" 200 55404 "http://192.168.60.79/manager-page/home-3.php" "Mozilla/5.0 (Windows NT 10.0; Win64; x64) AppleWebKit/537.36 (KHTML, like Gecko) Chrome/143.0.0.0 Safari/537.36 Edg/143.0.0.0"
172.16.36.181 - - [05/Jan/2026:09:50:36 +0800] "GET /manager-page/api/snapshot.php?id=31&t=0.6887080192024837 HTTP/1.1" 200 54744 "http://192.168.60.79/manager-page/home-3.php" "Mozilla/5.0 (Windows NT 10.0; Win64; x64) AppleWebKit/537.36 (KHTML, like Gecko) Chrome/143.0.0.0 Safari/537.36 Edg/143.0.0.0"
172.16.36.181 - - [05/Jan/2026:09:50:36 +0800] "GET /manager-page/api/snapshot.php?id=32&t=0.8184254007320997 HTTP/1.1" 200 55346 "http://192.168.60.79/manager-page/home-3.php" "Mozilla/5.0 (Windows NT 10.0; Win64; x64) AppleWebKit/537.36 (KHTML, like Gecko) Chrome/143.0.0.0 Safari/537.36 Edg/143.0.0.0"
172.16.36.181 - - [05/Jan/2026:09:50:37 +0800] "GET /manager-page/api/snapshot.php?id=32&t=0.12988722552743281 HTTP/1.1" 200 55332 "http://192.168.60.79/manager-page/home-3.php" "Mozilla/5.0 (Windows NT 10.0; Win64; x64) AppleWebKit/537.36 (KHTML, like Gecko) Chrome/143.0.0.0 Safari/537.36 Edg/143.0.0.0"
172.16.36.181 - - [05/Jan/2026:09:50:37 +0800] "GET /manager-page/api/snapshot.php?id=31&t=0.3432097686887815 HTTP/1.1" 200 54724 "http://192.168.60.79/manager-page/home-3.php" "Mozilla/5.0 (Windows NT 10.0; Win64; x64) AppleWebKit/537.36 (KHTML, like Gecko) Chrome/143.0.0.0 Safari/537.36 Edg/143.0.0.0"
172.16.36.181 - - [05/Jan/2026:09:50:42 +0800] "GET /manager-page/api/snapshot.php?id=32&t=0.4491815807795583 HTTP/1.1" 200 55348 "http://192.168.60.79/manager-page/home-3.php" "Mozilla/5.0 (Windows NT 10.0; Win64; x64) AppleWebKit/537.36 (KHTML, like Gecko) Chrome/143.0.0.0 Safari/537.36 Edg/143.0.0.0"
172.16.36.181 - - [05/Jan/2026:09:50:42 +0800] "GET /manager-page/api/snapshot.php?id=31&t=0.37513805803706957 HTTP/1.1" 200 55107 "http://192.168.60.79/manager-page/home-3.php" "Mozilla/5.0 (Windows NT 10.0; Win64; x64) AppleWebKit/537.36 (KHTML, like Gecko) Chrome/143.0.0.0 Safari/537.36 Edg/143.0.0.0"
172.16.36.181 - - [05/Jan/2026:09:50:47 +0800] "GET /manager-page/api/snapshot.php?id=31&t=0.6799025223490549 HTTP/1.1" 200 54745 "http://192.168.60.79/manager-page/home-3.php" "Mozilla/5.0 (Windows NT 10.0; Win64; x64) AppleWebKit/537.36 (KHTML, like Gecko) Chrome/143.0.0.0 Safari/537.36 Edg/143.0.0.0"
172.16.36.181 - - [05/Jan/2026:09:50:47 +0800] "GET /manager-page/api/snapshot.php?id=32&t=0.7709891915663255 HTTP/1.1" 200 55490 "http://192.168.60.79/manager-page/home-3.php" "Mozilla/5.0 (Windows NT 10.0; Win64; x64) AppleWebKit/537.36 (KHTML, like Gecko) Chrome/143.0.0.0 Safari/537.36 Edg/143.0.0.0"
172.16.36.181 - - [05/Jan/2026:09:50:52 +0800] "GET /manager-page/api/snapshot.php?id=32&t=0.2686595596871951 HTTP/1.1" 200 55454 "http://192.168.60.79/manager-page/home-3.php" "Mozilla/5.0 (Windows NT 10.0; Win64; x64) AppleWebKit/537.36 (KHTML, like Gecko) Chrome/143.0.0.0 Safari/537.36 Edg/143.0.0.0"
172.16.36.181 - - [05/Jan/2026:09:50:52 +0800] "GET /manager-page/api/snapshot.php?id=31&t=0.2298515222612596 HTTP/1.1" 200 54676 "http://192.168.60.79/manager-page/home-3.php" "Mozilla/5.0 (Windows NT 10.0; Win64; x64) AppleWebKit/537.36 (KHTML, like Gecko) Chrome/143.0.0.0 Safari/537.36 Edg/143.0.0.0"
172.16.36.181 - - [05/Jan/2026:09:50:57 +0800] "GET /manager-page/api/snapshot.php?id=32&t=0.206420684017124 HTTP/1.1" 200 55528 "http://192.168.60.79/manager-page/home-3.php" "Mozilla/5.0 (Windows NT 10.0; Win64; x64) AppleWebKit/537.36 (KHTML, like Gecko) Chrome/143.0.0.0 Safari/537.36 Edg/143.0.0.0"
172.16.36.181 - - [05/Jan/2026:09:50:57 +0800] "GET /manager-page/api/snapshot.php?id=31&t=0.2640384722206669 HTTP/1.1" 200 54682 "http://192.168.60.79/manager-page/home-3.php" "Mozilla/5.0 (Windows NT 10.0; Win64; x64) AppleWebKit/537.36 (KHTML, like Gecko) Chrome/143.0.0.0 Safari/537.36 Edg/143.0.0.0"
127.0.0.1 - - [05/Jan/2026:09:51:00 +0800] "GET /robot/alarm-history-in.php HTTP/1.1" 200 - "-" "python-requests/2.28.1"
172.16.36.181 - - [05/Jan/2026:09:51:02 +0800] "GET /manager-page/api/snapshot.php?id=31&t=0.5074901537247907 HTTP/1.1" 200 54618 "http://192.168.60.79/manager-page/home-3.php" "Mozilla/5.0 (Windows NT 10.0; Win64; x64) AppleWebKit/537.36 (KHTML, like Gecko) Chrome/143.0.0.0 Safari/537.36 Edg/143.0.0.0"
172.16.36.181 - - [05/Jan/2026:09:51:02 +0800] "GET /manager-page/api/snapshot.php?id=32&t=0.020169697739549464 HTTP/1.1" 200 55334 "http://192.168.60.79/manager-page/home-3.php" "Mozilla/5.0 (Windows NT 10.0; Win64; x64) AppleWebKit/537.36 (KHTML, like Gecko) Chrome/143.0.0.0 Safari/537.36 Edg/143.0.0.0"
172.16.36.181 - - [05/Jan/2026:09:51:07 +0800] "GET /manager-page/api/snapshot.php?id=32&t=0.9030028358629794 HTTP/1.1" 200 55713 "http://192.168.60.79/manager-page/home-3.php" "Mozilla/5.0 (Windows NT 10.0; Win64; x64) AppleWebKit/537.36 (KHTML, like Gecko) Chrome/143.0.0.0 Safari/537.36 Edg/143.0.0.0"
172.16.36.181 - - [05/Jan/2026:09:51:07 +0800] "GET /manager-page/api/snapshot.php?id=31&t=0.19580050877392452 HTTP/1.1" 200 54610 "http://192.168.60.79/manager-page/home-3.php" "Mozilla/5.0 (Windows NT 10.0; Win64; x64) AppleWebKit/537.36 (KHTML, like Gecko) Chrome/143.0.0.0 Safari/537.36 Edg/143.0.0.0"
172.16.36.181 - - [05/Jan/2026:09:51:12 +0800] "GET /manager-page/api/snapshot.php?id=32&t=0.8002291684825519 HTTP/1.1" 200 55610 "http://192.168.60.79/manager-page/home-3.php" "Mozilla/5.0 (Windows NT 10.0; Win64; x64) AppleWebKit/537.36 (KHTML, like Gecko) Chrome/143.0.0.0 Safari/537.36 Edg/143.0.0.0"
172.16.36.181 - - [05/Jan/2026:09:51:12 +0800] "GET /manager-page/api/snapshot.php?id=31&t=0.8985735416577685 HTTP/1.1" 200 54551 "http://192.168.60.79/manager-page/home-3.php" "Mozilla/5.0 (Windows NT 10.0; Win64; x64) AppleWebKit/537.36 (KHTML, like Gecko) Chrome/143.0.0.0 Safari/537.36 Edg/143.0.0.0"
172.16.36.181 - - [05/Jan/2026:09:51:17 +0800] "GET /manager-page/api/snapshot.php?id=31&t=0.9805067562580448 HTTP/1.1" 200 54625 "http://192.168.60.79/manager-page/home-3.php" "Mozilla/5.0 (Windows NT 10.0; Win64; x64) AppleWebKit/537.36 (KHTML, like Gecko) Chrome/143.0.0.0 Safari/537.36 Edg/143.0.0.0"
172.16.36.181 - - [05/Jan/2026:09:51:17 +0800] "GET /manager-page/api/snapshot.php?id=32&t=0.6614853882032096 HTTP/1.1" 200 55638 "http://192.168.60.79/manager-page/home-3.php" "Mozilla/5.0 (Windows NT 10.0; Win64; x64) AppleWebKit/537.36 (KHTML, like Gecko) Chrome/143.0.0.0 Safari/537.36 Edg/143.0.0.0"
172.16.36.181 - - [05/Jan/2026:09:51:22 +0800] "GET /manager-page/api/snapshot.php?id=31&t=0.05839852832738146 HTTP/1.1" 200 54608 "http://192.168.60.79/manager-page/home-3.php" "Mozilla/5.0 (Windows NT 10.0; Win64; x64) AppleWebKit/537.36 (KHTML, like Gecko) Chrome/143.0.0.0 Safari/537.36 Edg/143.0.0.0"
172.16.36.181 - - [05/Jan/2026:09:51:22 +0800] "GET /manager-page/api/snapshot.php?id=32&t=0.5179877445309846 HTTP/1.1" 200 55459 "http://192.168.60.79/manager-page/home-3.php" "Mozilla/5.0 (Windows NT 10.0; Win64; x64) AppleWebKit/537.36 (KHTML, like Gecko) Chrome/143.0.0.0 Safari/537.36 Edg/143.0.0.0"
172.16.36.181 - - [05/Jan/2026:09:51:27 +0800] "GET /manager-page/api/snapshot.php?id=32&t=0.4818426102994543 HTTP/1.1" 200 55492 "http://192.168.60.79/manager-page/home-3.php" "Mozilla/5.0 (Windows NT 10.0; Win64; x64) AppleWebKit/537.36 (KHTML, like Gecko) Chrome/143.0.0.0 Safari/537.36 Edg/143.0.0.0"
172.16.36.181 - - [05/Jan/2026:09:51:27 +0800] "GET /manager-page/api/snapshot.php?id=31&t=0.22374864815764217 HTTP/1.1" 200 54665 "http://192.168.60.79/manager-page/home-3.php" "Mozilla/5.0 (Windows NT 10.0; Win64; x64) AppleWebKit/537.36 (KHTML, like Gecko) Chrome/143.0.0.0 Safari/537.36 Edg/143.0.0.0"
172.16.36.181 - - [05/Jan/2026:09:51:32 +0800] "GET /manager-page/api/snapshot.php?id=32&t=0.20121590998796812 HTTP/1.1" 200 55512 "http://192.168.60.79/manager-page/home-3.php" "Mozilla/5.0 (Windows NT 10.0; Win64; x64) AppleWebKit/537.36 (KHTML, like Gecko) Chrome/143.0.0.0 Safari/537.36 Edg/143.0.0.0"
172.16.36.181 - - [05/Jan/2026:09:51:32 +0800] "GET /manager-page/api/snapshot.php?id=31&t=0.17459719566949972 HTTP/1.1" 200 54653 "http://192.168.60.79/manager-page/home-3.php" "Mozilla/5.0 (Windows NT 10.0; Win64; x64) AppleWebKit/537.36 (KHTML, like Gecko) Chrome/143.0.0.0 Safari/537.36 Edg/143.0.0.0"
172.16.36.181 - - [05/Jan/2026:09:51:37 +0800] "GET /manager-page/api/snapshot.php?id=31&t=0.4613881600908152 HTTP/1.1" 200 54795 "http://192.168.60.79/manager-page/home-3.php" "Mozilla/5.0 (Windows NT 10.0; Win64; x64) AppleWebKit/537.36 (KHTML, like Gecko) Chrome/143.0.0.0 Safari/537.36 Edg/143.0.0.0"
172.16.36.181 - - [05/Jan/2026:09:51:37 +0800] "GET /manager-page/api/snapshot.php?id=32&t=0.13712589746482717 HTTP/1.1" 200 56299 "http://192.168.60.79/manager-page/home-3.php" "Mozilla/5.0 (Windows NT 10.0; Win64; x64) AppleWebKit/537.36 (KHTML, like Gecko) Chrome/143.0.0.0 Safari/537.36 Edg/143.0.0.0"
172.16.36.181 - - [05/Jan/2026:09:51:42 +0800] "GET /manager-page/api/snapshot.php?id=31&t=0.85381085406031 HTTP/1.1" 200 54715 "http://192.168.60.79/manager-page/home-3.php" "Mozilla/5.0 (Windows NT 10.0; Win64; x64) AppleWebKit/537.36 (KHTML, like Gecko) Chrome/143.0.0.0 Safari/537.36 Edg/143.0.0.0"
127.0.0.1 - - [05/Jan/2026:09:51:42 +0800] "POST /robot/et-7026-in.php HTTP/1.1" 200 - "-" "python-requests/2.32.2"
172.16.36.181 - - [05/Jan/2026:09:51:42 +0800] "GET /manager-page/api/snapshot.php?id=32&t=0.21608135795498196 HTTP/1.1" 200 55636 "http://192.168.60.79/manager-page/home-3.php" "Mozilla/5.0 (Windows NT 10.0; Win64; x64) AppleWebKit/537.36 (KHTML, like Gecko) Chrome/143.0.0.0 Safari/537.36 Edg/143.0.0.0"
111.70.30.253 - - [05/Jan/2026:09:51:46 +0800] "POST /robot/lora-in.php HTTP/1.1" 200 - "-" "python-requests/2.21.0"
172.16.36.181 - - [05/Jan/2026:09:51:47 +0800] "GET /manager-page/api/snapshot.php?id=31&t=0.19788800152853847 HTTP/1.1" 200 54705 "http://192.168.60.79/manager-page/home-3.php" "Mozilla/5.0 (Windows NT 10.0; Win64; x64) AppleWebKit/537.36 (KHTML, like Gecko) Chrome/143.0.0.0 Safari/537.36 Edg/143.0.0.0"
172.16.36.181 - - [05/Jan/2026:09:51:47 +0800] "GET /manager-page/api/snapshot.php?id=32&t=0.14818288389961198 HTTP/1.1" 200 55496 "http://192.168.60.79/manager-page/home-3.php" "Mozilla/5.0 (Windows NT 10.0; Win64; x64) AppleWebKit/537.36 (KHTML, like Gecko) Chrome/143.0.0.0 Safari/537.36 Edg/143.0.0.0"
172.16.36.181 - - [05/Jan/2026:09:51:52 +0800] "GET /manager-page/api/snapshot.php?id=32&t=0.8760915791150686 HTTP/1.1" 200 55498 "http://192.168.60.79/manager-page/home-3.php" "Mozilla/5.0 (Windows NT 10.0; Win64; x64) AppleWebKit/537.36 (KHTML, like Gecko) Chrome/143.0.0.0 Safari/537.36 Edg/143.0.0.0"
172.16.36.181 - - [05/Jan/2026:09:51:52 +0800] "GET /manager-page/api/snapshot.php?id=31&t=0.06988621067195555 HTTP/1.1" 200 54799 "http://192.168.60.79/manager-page/home-3.php" "Mozilla/5.0 (Windows NT 10.0; Win64; x64) AppleWebKit/537.36 (KHTML, like Gecko) Chrome/143.0.0.0 Safari/537.36 Edg/143.0.0.0"
172.16.36.181 - - [05/Jan/2026:09:51:57 +0800] "GET /manager-page/api/snapshot.php?id=32&t=0.7216082572139215 HTTP/1.1" 200 55503 "http://192.168.60.79/manager-page/home-3.php" "Mozilla/5.0 (Windows NT 10.0; Win64; x64) AppleWebKit/537.36 (KHTML, like Gecko) Chrome/143.0.0.0 Safari/537.36 Edg/143.0.0.0"
172.16.36.181 - - [05/Jan/2026:09:51:57 +0800] "GET /manager-page/api/snapshot.php?id=31&t=0.5795299289747186 HTTP/1.1" 200 54753 "http://192.168.60.79/manager-page/home-3.php" "Mozilla/5.0 (Windows NT 10.0; Win64; x64) AppleWebKit/537.36 (KHTML, like Gecko) Chrome/143.0.0.0 Safari/537.36 Edg/143.0.0.0"
127.0.0.1 - - [05/Jan/2026:09:52:00 +0800] "GET /robot/alarm-history-in.php HTTP/1.1" 200 - "-" "python-requests/2.28.1"
172.16.36.181 - - [05/Jan/2026:09:52:02 +0800] "GET /manager-page/api/snapshot.php?id=32&t=0.7424465388166098 HTTP/1.1" 200 55503 "http://192.168.60.79/manager-page/home-3.php" "Mozilla/5.0 (Windows NT 10.0; Win64; x64) AppleWebKit/537.36 (KHTML, like Gecko) Chrome/143.0.0.0 Safari/537.36 Edg/143.0.0.0"
172.16.36.181 - - [05/Jan/2026:09:52:02 +0800] "GET /manager-page/api/snapshot.php?id=31&t=0.9969024452505739 HTTP/1.1" 200 54790 "http://192.168.60.79/manager-page/home-3.php" "Mozilla/5.0 (Windows NT 10.0; Win64; x64) AppleWebKit/537.36 (KHTML, like Gecko) Chrome/143.0.0.0 Safari/537.36 Edg/143.0.0.0"
172.16.36.181 - - [05/Jan/2026:09:52:07 +0800] "GET /manager-page/api/snapshot.php?id=31&t=0.7730882786222244 HTTP/1.1" 200 54698 "http://192.168.60.79/manager-page/home-3.php" "Mozilla/5.0 (Windows NT 10.0; Win64; x64) AppleWebKit/537.36 (KHTML, like Gecko) Chrome/143.0.0.0 Safari/537.36 Edg/143.0.0.0"
172.16.36.181 - - [05/Jan/2026:09:52:07 +0800] "GET /manager-page/api/snapshot.php?id=32&t=0.23466065894787191 HTTP/1.1" 200 55512 "http://192.168.60.79/manager-page/home-3.php" "Mozilla/5.0 (Windows NT 10.0; Win64; x64) AppleWebKit/537.36 (KHTML, like Gecko) Chrome/143.0.0.0 Safari/537.36 Edg/143.0.0.0"
172.16.36.181 - - [05/Jan/2026:09:52:12 +0800] "GET /manager-page/api/snapshot.php?id=32&t=0.29380619752319936 HTTP/1.1" 200 55468 "http://192.168.60.79/manager-page/home-3.php" "Mozilla/5.0 (Windows NT 10.0; Win64; x64) AppleWebKit/537.36 (KHTML, like Gecko) Chrome/143.0.0.0 Safari/537.36 Edg/143.0.0.0"
172.16.36.181 - - [05/Jan/2026:09:52:12 +0800] "GET /manager-page/api/snapshot.php?id=31&t=0.45301491488328605 HTTP/1.1" 200 54821 "http://192.168.60.79/manager-page/home-3.php" "Mozilla/5.0 (Windows NT 10.0; Win64; x64) AppleWebKit/537.36 (KHTML, like Gecko) Chrome/143.0.0.0 Safari/537.36 Edg/143.0.0.0"
172.16.36.181 - - [05/Jan/2026:09:52:17 +0800] "GET /manager-page/api/snapshot.php?id=32&t=0.5102651591018359 HTTP/1.1" 200 55511 "http://192.168.60.79/manager-page/home-3.php" "Mozilla/5.0 (Windows NT 10.0; Win64; x64) AppleWebKit/537.36 (KHTML, like Gecko) Chrome/143.0.0.0 Safari/537.36 Edg/143.0.0.0"
172.16.36.181 - - [05/Jan/2026:09:52:17 +0800] "GET /manager-page/api/snapshot.php?id=31&t=0.674905130655377 HTTP/1.1" 200 54885 "http://192.168.60.79/manager-page/home-3.php" "Mozilla/5.0 (Windows NT 10.0; Win64; x64) AppleWebKit/537.36 (KHTML, like Gecko) Chrome/143.0.0.0 Safari/537.36 Edg/143.0.0.0"
127.0.0.1 - - [05/Jan/2026:09:52:26 +0800] "POST /robot/et-7026-in.php HTTP/1.1" 200 - "-" "python-requests/2.32.2"
111.70.30.251 - - [05/Jan/2026:09:52:29 +0800] "POST /robot/lora-in.php HTTP/1.1" 200 - "-" "python-requests/2.21.0"
127.0.0.1 - - [05/Jan/2026:09:53:00 +0800] "GET /robot/alarm-history-in.php HTTP/1.1" 200 - "-" "python-requests/2.28.1"
172.16.36.181 - - [05/Jan/2026:09:53:15 +0800] "GET /manager-page/api/snapshot.php?id=31&t=0.5254296850847711 HTTP/1.1" 200 54905 "http://192.168.60.79/manager-page/home-3.php" "Mozilla/5.0 (Windows NT 10.0; Win64; x64) AppleWebKit/537.36 (KHTML, like Gecko) Chrome/143.0.0.0 Safari/537.36 Edg/143.0.0.0"
172.16.36.181 - - [05/Jan/2026:09:53:15 +0800] "GET /manager-page/api/snapshot.php?id=32&t=0.5727579102430306 HTTP/1.1" 200 55319 "http://192.168.60.79/manager-page/home-3.php" "Mozilla/5.0 (Windows NT 10.0; Win64; x64) AppleWebKit/537.36 (KHTML, like Gecko) Chrome/143.0.0.0 Safari/537.36 Edg/143.0.0.0"
127.0.0.1 - - [05/Jan/2026:09:53:52 +0800] "POST /robot/et-7026-in.php HTTP/1.1" 200 - "-" "python-requests/2.32.2"
127.0.0.1 - - [05/Jan/2026:09:54:00 +0800] "GET /robot/alarm-history-in.php HTTP/1.1" 200 - "-" "python-requests/2.28.1"
172.16.36.181 - - [05/Jan/2026:09:54:15 +0800] "GET /manager-page/api/snapshot.php?id=31&t=0.6940135534534377 HTTP/1.1" 200 54710 "http://192.168.60.79/manager-page/home-3.php" "Mozilla/5.0 (Windows NT 10.0; Win64; x64) AppleWebKit/537.36 (KHTML, like Gecko) Chrome/143.0.0.0 Safari/537.36 Edg/143.0.0.0"
172.16.36.181 - - [05/Jan/2026:09:54:15 +0800] "GET /manager-page/api/snapshot.php?id=32&t=0.08334436563839365 HTTP/1.1" 200 55715 "http://192.168.60.79/manager-page/home-3.php" "Mozilla/5.0 (Windows NT 10.0; Win64; x64) AppleWebKit/537.36 (KHTML, like Gecko) Chrome/143.0.0.0 Safari/537.36 Edg/143.0.0.0"
127.0.0.1 - - [05/Jan/2026:09:54:37 +0800] "GET /get-setting.json HTTP/1.1" 200 2314 "-" "python-requests/2.31.0"
127.0.0.1 - - [05/Jan/2026:09:54:37 +0800] "POST /robot/lora-in.php HTTP/1.1" 200 - "-" "python-requests/2.31.0"
127.0.0.1 - - [05/Jan/2026:09:54:41 +0800] "POST /robot/lora-in.php HTTP/1.1" 200 - "-" "python-requests/2.31.0"
127.0.0.1 - - [05/Jan/2026:09:54:47 +0800] "POST /robot/lora-in.php HTTP/1.1" 200 - "-" "python-requests/2.31.0"
127.0.0.1 - - [05/Jan/2026:09:54:50 +0800] "POST /robot/lora-in.php HTTP/1.1" 200 - "-" "python-requests/2.31.0"
127.0.0.1 - - [05/Jan/2026:09:54:52 +0800] "POST /robot/lora-in.php HTTP/1.1" 200 - "-" "python-requests/2.31.0"
127.0.0.1 - - [05/Jan/2026:09:54:57 +0800] "POST /robot/lora-in.php HTTP/1.1" 200 - "-" "python-requests/2.31.0"
127.0.0.1 - - [05/Jan/2026:09:55:00 +0800] "GET /robot/alarm-history-in.php HTTP/1.1" 200 - "-" "python-requests/2.28.1"
127.0.0.1 - - [05/Jan/2026:09:55:07 +0800] "POST /robot/lora-in.php HTTP/1.1" 200 - "-" "python-requests/2.31.0"
127.0.0.1 - - [05/Jan/2026:09:55:13 +0800] "POST /robot/lora-in.php HTTP/1.1" 200 - "-" "python-requests/2.31.0"
172.16.36.181 - - [05/Jan/2026:09:55:15 +0800] "GET /manager-page/api/snapshot.php?id=32&t=0.34136037957155807 HTTP/1.1" 200 55367 "http://192.168.60.79/manager-page/home-3.php" "Mozilla/5.0 (Windows NT 10.0; Win64; x64) AppleWebKit/537.36 (KHTML, like Gecko) Chrome/143.0.0.0 Safari/537.36 Edg/143.0.0.0"
172.16.36.181 - - [05/Jan/2026:09:55:15 +0800] "GET /manager-page/api/snapshot.php?id=31&t=0.1679849103048543 HTTP/1.1" 200 54801 "http://192.168.60.79/manager-page/home-3.php" "Mozilla/5.0 (Windows NT 10.0; Win64; x64) AppleWebKit/537.36 (KHTML, like Gecko) Chrome/143.0.0.0 Safari/537.36 Edg/143.0.0.0"
127.0.0.1 - - [05/Jan/2026:09:56:00 +0800] "GET /robot/alarm-history-in.php HTTP/1.1" 200 - "-" "python-requests/2.28.1"
172.16.36.181 - - [05/Jan/2026:09:56:16 +0800] "GET /manager-page/api/snapshot.php?id=31&t=0.532683724653225 HTTP/1.1" 200 54731 "http://192.168.60.79/manager-page/home-3.php" "Mozilla/5.0 (Windows NT 10.0; Win64; x64) AppleWebKit/537.36 (KHTML, like Gecko) Chrome/143.0.0.0 Safari/537.36 Edg/143.0.0.0"
172.16.36.181 - - [05/Jan/2026:09:56:16 +0800] "GET /manager-page/api/snapshot.php?id=32&t=0.42691394056013987 HTTP/1.1" 200 55389 "http://192.168.60.79/manager-page/home-3.php" "Mozilla/5.0 (Windows NT 10.0; Win64; x64) AppleWebKit/537.36 (KHTML, like Gecko) Chrome/143.0.0.0 Safari/537.36 Edg/143.0.0.0"
127.0.0.1 - - [05/Jan/2026:09:57:00 +0800] "GET /robot/alarm-history-in.php HTTP/1.1" 200 - "-" "python-requests/2.28.1"
172.16.36.181 - - [05/Jan/2026:09:57:15 +0800] "GET /manager-page/api/snapshot.php?id=31&t=0.1849533069446745 HTTP/1.1" 200 54572 "http://192.168.60.79/manager-page/home-3.php" "Mozilla/5.0 (Windows NT 10.0; Win64; x64) AppleWebKit/537.36 (KHTML, like Gecko) Chrome/143.0.0.0 Safari/537.36 Edg/143.0.0.0"
172.16.36.181 - - [05/Jan/2026:09:57:15 +0800] "GET /manager-page/api/snapshot.php?id=32&t=0.3268468462615588 HTTP/1.1" 200 55485 "http://192.168.60.79/manager-page/home-3.php" "Mozilla/5.0 (Windows NT 10.0; Win64; x64) AppleWebKit/537.36 (KHTML, like Gecko) Chrome/143.0.0.0 Safari/537.36 Edg/143.0.0.0"
111.70.30.252 - - [05/Jan/2026:09:57:36 +0800] "POST /robot/lora-in.php HTTP/1.1" 200 - "-" "python-requests/2.21.0"
127.0.0.1 - - [05/Jan/2026:09:58:00 +0800] "GET /robot/alarm-history-in.php HTTP/1.1" 200 - "-" "python-requests/2.28.1"
172.16.36.181 - - [05/Jan/2026:09:58:15 +0800] "GET /manager-page/api/snapshot.php?id=32&t=0.4400407585149 HTTP/1.1" 200 55087 "http://192.168.60.79/manager-page/home-3.php" "Mozilla/5.0 (Windows NT 10.0; Win64; x64) AppleWebKit/537.36 (KHTML, like Gecko) Chrome/143.0.0.0 Safari/537.36 Edg/143.0.0.0"
172.16.36.181 - - [05/Jan/2026:09:58:15 +0800] "GET /manager-page/api/snapshot.php?id=31&t=0.30602934334259924 HTTP/1.1" 200 54498 "http://192.168.60.79/manager-page/home-3.php" "Mozilla/5.0 (Windows NT 10.0; Win64; x64) AppleWebKit/537.36 (KHTML, like Gecko) Chrome/143.0.0.0 Safari/537.36 Edg/143.0.0.0"
111.70.30.250 - - [05/Jan/2026:09:58:47 +0800] "POST /robot/lora-in.php HTTP/1.1" 200 - "-" "python-requests/2.21.0"
127.0.0.1 - - [05/Jan/2026:09:59:00 +0800] "GET /robot/alarm-history-in.php HTTP/1.1" 200 - "-" "python-requests/2.28.1"
172.16.36.181 - - [05/Jan/2026:09:59:15 +0800] "GET /manager-page/api/snapshot.php?id=31&t=0.46074489271641494 HTTP/1.1" 200 54495 "http://192.168.60.79/manager-page/home-3.php" "Mozilla/5.0 (Windows NT 10.0; Win64; x64) AppleWebKit/537.36 (KHTML, like Gecko) Chrome/143.0.0.0 Safari/537.36 Edg/143.0.0.0"
172.16.36.181 - - [05/Jan/2026:09:59:15 +0800] "GET /manager-page/api/snapshot.php?id=32&t=0.5317954483732583 HTTP/1.1" 200 55305 "http://192.168.60.79/manager-page/home-3.php" "Mozilla/5.0 (Windows NT 10.0; Win64; x64) AppleWebKit/537.36 (KHTML, like Gecko) Chrome/143.0.0.0 Safari/537.36 Edg/143.0.0.0"
127.0.0.1 - - [05/Jan/2026:09:59:29 +0800] "POST /robot/et-7026-in.php HTTP/1.1" 200 - "-" "python-requests/2.32.2"
127.0.0.1 - - [05/Jan/2026:10:00:00 +0800] "GET /robot/alarm-history-in.php HTTP/1.1" 200 - "-" "python-requests/2.28.1"
172.16.36.181 - - [05/Jan/2026:10:00:15 +0800] "GET /manager-page/api/snapshot.php?id=32&t=0.15566426543981093 HTTP/1.1" 200 55205 "http://192.168.60.79/manager-page/home-3.php" "Mozilla/5.0 (Windows NT 10.0; Win64; x64) AppleWebKit/537.36 (KHTML, like Gecko) Chrome/143.0.0.0 Safari/537.36 Edg/143.0.0.0"
172.16.36.181 - - [05/Jan/2026:10:00:15 +0800] "GET /manager-page/api/snapshot.php?id=31&t=0.18515525139620248 HTTP/1.1" 200 54447 "http://192.168.60.79/manager-page/home-3.php" "Mozilla/5.0 (Windows NT 10.0; Win64; x64) AppleWebKit/537.36 (KHTML, like Gecko) Chrome/143.0.0.0 Safari/537.36 Edg/143.0.0.0"
111.70.30.253 - - [05/Jan/2026:10:00:32 +0800] "POST /robot/lora-in.php HTTP/1.1" 200 - "-" "python-requests/2.21.0"
127.0.0.1 - - [05/Jan/2026:10:01:00 +0800] "GET /robot/alarm-history-in.php HTTP/1.1" 200 - "-" "python-requests/2.28.1"
111.70.30.251 - - [05/Jan/2026:10:01:07 +0800] "POST /robot/lora-in.php HTTP/1.1" 200 - "-" "python-requests/2.21.0"
172.16.36.181 - - [05/Jan/2026:10:01:15 +0800] "GET /manager-page/api/snapshot.php?id=32&t=0.0005766995998262026 HTTP/1.1" 200 55258 "http://192.168.60.79/manager-page/home-3.php" "Mozilla/5.0 (Windows NT 10.0; Win64; x64) AppleWebKit/537.36 (KHTML, like Gecko) Chrome/143.0.0.0 Safari/537.36 Edg/143.0.0.0"
172.16.36.181 - - [05/Jan/2026:10:01:15 +0800] "GET /manager-page/api/snapshot.php?id=31&t=0.5743686685857466 HTTP/1.1" 200 54436 "http://192.168.60.79/manager-page/home-3.php" "Mozilla/5.0 (Windows NT 10.0; Win64; x64) AppleWebKit/537.36 (KHTML, like Gecko) Chrome/143.0.0.0 Safari/537.36 Edg/143.0.0.0"
127.0.0.1 - - [05/Jan/2026:10:01:45 +0800] "POST /robot/et-7026-in.php HTTP/1.1" 200 - "-" "python-requests/2.32.2"
127.0.0.1 - - [05/Jan/2026:10:02:00 +0800] "GET /robot/alarm-history-in.php HTTP/1.1" 200 - "-" "python-requests/2.28.1"
172.16.36.181 - - [05/Jan/2026:10:02:09 +0800] "GET /manager-page/api/snapshot.php?id=32&t=0.26110625127027687 HTTP/1.1" 200 55125 "http://192.168.60.79/manager-page/home-3.php" "Mozilla/5.0 (Windows NT 10.0; Win64; x64) AppleWebKit/537.36 (KHTML, like Gecko) Chrome/143.0.0.0 Safari/537.36 Edg/143.0.0.0"
172.16.36.181 - - [05/Jan/2026:10:02:09 +0800] "GET /manager-page/api/snapshot.php?id=31&t=0.7423721762030167 HTTP/1.1" 200 54446 "http://192.168.60.79/manager-page/home-3.php" "Mozilla/5.0 (Windows NT 10.0; Win64; x64) AppleWebKit/537.36 (KHTML, like Gecko) Chrome/143.0.0.0 Safari/537.36 Edg/143.0.0.0"
172.16.36.181 - - [05/Jan/2026:10:02:12 +0800] "GET /manager-page/api/snapshot.php?id=32&t=0.867202861132155 HTTP/1.1" 200 55206 "http://192.168.60.79/manager-page/home-3.php" "Mozilla/5.0 (Windows NT 10.0; Win64; x64) AppleWebKit/537.36 (KHTML, like Gecko) Chrome/143.0.0.0 Safari/537.36 Edg/143.0.0.0"
172.16.36.181 - - [05/Jan/2026:10:02:12 +0800] "GET /manager-page/api/snapshot.php?id=31&t=0.27760967416329163 HTTP/1.1" 200 54371 "http://192.168.60.79/manager-page/home-3.php" "Mozilla/5.0 (Windows NT 10.0; Win64; x64) AppleWebKit/537.36 (KHTML, like Gecko) Chrome/143.0.0.0 Safari/537.36 Edg/143.0.0.0"
127.0.0.1 - - [05/Jan/2026:10:02:29 +0800] "POST /robot/et-7026-in.php HTTP/1.1" 200 - "-" "python-requests/2.32.2"
127.0.0.1 - - [05/Jan/2026:10:03:00 +0800] "GET /robot/alarm-history-in.php HTTP/1.1" 200 - "-" "python-requests/2.28.1"
127.0.0.1 - - [05/Jan/2026:10:03:55 +0800] "POST /robot/et-7026-in.php HTTP/1.1" 200 - "-" "python-requests/2.32.2"
127.0.0.1 - - [05/Jan/2026:10:04:00 +0800] "GET /robot/alarm-history-in.php HTTP/1.1" 200 - "-" "python-requests/2.28.1"
127.0.0.1 - - [05/Jan/2026:10:04:37 +0800] "GET /get-setting.json HTTP/1.1" 200 2314 "-" "python-requests/2.31.0"
127.0.0.1 - - [05/Jan/2026:10:04:37 +0800] "POST /robot/lora-in.php HTTP/1.1" 200 - "-" "python-requests/2.31.0"
127.0.0.1 - - [05/Jan/2026:10:04:38 +0800] "POST /robot/lora-in.php HTTP/1.1" 200 - "-" "python-requests/2.31.0"
127.0.0.1 - - [05/Jan/2026:10:04:43 +0800] "POST /robot/lora-in.php HTTP/1.1" 200 - "-" "python-requests/2.31.0"
127.0.0.1 - - [05/Jan/2026:10:04:44 +0800] "POST /robot/lora-in.php HTTP/1.1" 200 - "-" "python-requests/2.31.0"
127.0.0.1 - - [05/Jan/2026:10:04:47 +0800] "POST /robot/lora-in.php HTTP/1.1" 200 - "-" "python-requests/2.31.0"
127.0.0.1 - - [05/Jan/2026:10:04:52 +0800] "POST /robot/lora-in.php HTTP/1.1" 200 - "-" "python-requests/2.31.0"
172.16.36.181 - - [05/Jan/2026:10:04:55 +0800] "GET /manager-page/alarm/3-2.jpg?t=1480688903 HTTP/1.1" 200 243746 "http://192.168.60.79/manager-page/home-3.php" "Mozilla/5.0 (Windows NT 10.0; Win64; x64) AppleWebKit/537.36 (KHTML, like Gecko) Chrome/143.0.0.0 Safari/537.36 Edg/143.0.0.0"
172.16.36.181 - - [05/Jan/2026:10:04:55 +0800] "GET /manager-page/alarm/3-1.jpg?t=1882323583 HTTP/1.1" 200 520364 "http://192.168.60.79/manager-page/home-3.php" "Mozilla/5.0 (Windows NT 10.0; Win64; x64) AppleWebKit/537.36 (KHTML, like Gecko) Chrome/143.0.0.0 Safari/537.36 Edg/143.0.0.0"
127.0.0.1 - - [05/Jan/2026:10:04:57 +0800] "POST /robot/lora-in.php HTTP/1.1" 200 - "-" "python-requests/2.31.0"
172.16.36.181 - - [05/Jan/2026:10:04:55 +0800] "GET /manager-page/home-3.php HTTP/1.1" 200 27482 "-" "Mozilla/5.0 (Windows NT 10.0; Win64; x64) AppleWebKit/537.36 (KHTML, like Gecko) Chrome/143.0.0.0 Safari/537.36 Edg/143.0.0.0"
172.16.36.181 - - [05/Jan/2026:10:04:55 +0800] "GET /manager-page/api/snapshot.php?id=32 HTTP/1.1" 200 55117 "http://192.168.60.79/manager-page/home-3.php" "Mozilla/5.0 (Windows NT 10.0; Win64; x64) AppleWebKit/537.36 (KHTML, like Gecko) Chrome/143.0.0.0 Safari/537.36 Edg/143.0.0.0"
172.16.36.181 - - [05/Jan/2026:10:04:55 +0800] "GET /manager-page/api/snapshot.php?id=31 HTTP/1.1" 200 54370 "http://192.168.60.79/manager-page/home-3.php" "Mozilla/5.0 (Windows NT 10.0; Win64; x64) AppleWebKit/537.36 (KHTML, like Gecko) Chrome/143.0.0.0 Safari/537.36 Edg/143.0.0.0"
172.16.36.181 - - [05/Jan/2026:10:04:57 +0800] "GET /manager-page/api/cms-status3.php HTTP/1.1" 200 12 "http://192.168.60.79/manager-page/home-3.php" "Mozilla/5.0 (Windows NT 10.0; Win64; x64) AppleWebKit/537.36 (KHTML, like Gecko) Chrome/143.0.0.0 Safari/537.36 Edg/143.0.0.0"
172.16.36.181 - - [05/Jan/2026:10:04:57 +0800] "GET /manager-page/api/lp-status3.php HTTP/1.1" 200 1 "http://192.168.60.79/manager-page/home-3.php" "Mozilla/5.0 (Windows NT 10.0; Win64; x64) AppleWebKit/537.36 (KHTML, like Gecko) Chrome/143.0.0.0 Safari/537.36 Edg/143.0.0.0"
127.0.0.1 - - [05/Jan/2026:10:05:00 +0800] "GET /robot/alarm-history-in.php HTTP/1.1" 200 - "-" "python-requests/2.28.1"
172.16.36.181 - - [05/Jan/2026:10:05:03 +0800] "GET /manager-page/api/snapshot.php?id=32&t=0.677386789264651 HTTP/1.1" 200 55078 "http://192.168.60.79/manager-page/home-3.php" "Mozilla/5.0 (Windows NT 10.0; Win64; x64) AppleWebKit/537.36 (KHTML, like Gecko) Chrome/143.0.0.0 Safari/537.36 Edg/143.0.0.0"
172.16.36.181 - - [05/Jan/2026:10:05:03 +0800] "GET /manager-page/api/snapshot.php?id=31&t=0.17873227209504572 HTTP/1.1" 200 54392 "http://192.168.60.79/manager-page/home-3.php" "Mozilla/5.0 (Windows NT 10.0; Win64; x64) AppleWebKit/537.36 (KHTML, like Gecko) Chrome/143.0.0.0 Safari/537.36 Edg/143.0.0.0"
127.0.0.1 - - [05/Jan/2026:10:05:07 +0800] "POST /robot/lora-in.php HTTP/1.1" 200 - "-" "python-requests/2.31.0"
172.16.36.181 - - [05/Jan/2026:10:05:08 +0800] "GET /manager-page/api/snapshot.php?id=32&t=0.31665442541404554 HTTP/1.1" 200 55101 "http://192.168.60.79/manager-page/home-3.php" "Mozilla/5.0 (Windows NT 10.0; Win64; x64) AppleWebKit/537.36 (KHTML, like Gecko) Chrome/143.0.0.0 Safari/537.36 Edg/143.0.0.0"
172.16.36.181 - - [05/Jan/2026:10:05:08 +0800] "GET /manager-page/api/snapshot.php?id=31&t=0.14400501756903328 HTTP/1.1" 200 54500 "http://192.168.60.79/manager-page/home-3.php" "Mozilla/5.0 (Windows NT 10.0; Win64; x64) AppleWebKit/537.36 (KHTML, like Gecko) Chrome/143.0.0.0 Safari/537.36 Edg/143.0.0.0"
172.16.36.181 - - [05/Jan/2026:10:05:13 +0800] "GET /manager-page/api/snapshot.php?id=32&t=0.08572019160115374 HTTP/1.1" 200 55046 "http://192.168.60.79/manager-page/home-3.php" "Mozilla/5.0 (Windows NT 10.0; Win64; x64) AppleWebKit/537.36 (KHTML, like Gecko) Chrome/143.0.0.0 Safari/537.36 Edg/143.0.0.0"
172.16.36.181 - - [05/Jan/2026:10:05:13 +0800] "GET /manager-page/api/snapshot.php?id=31&t=0.3169833593568132 HTTP/1.1" 200 54474 "http://192.168.60.79/manager-page/home-3.php" "Mozilla/5.0 (Windows NT 10.0; Win64; x64) AppleWebKit/537.36 (KHTML, like Gecko) Chrome/143.0.0.0 Safari/537.36 Edg/143.0.0.0"
172.16.36.181 - - [05/Jan/2026:10:05:18 +0800] "GET /manager-page/api/snapshot.php?id=31&t=0.034911310408919705 HTTP/1.1" 200 54407 "http://192.168.60.79/manager-page/home-3.php" "Mozilla/5.0 (Windows NT 10.0; Win64; x64) AppleWebKit/537.36 (KHTML, like Gecko) Chrome/143.0.0.0 Safari/537.36 Edg/143.0.0.0"
172.16.36.181 - - [05/Jan/2026:10:05:18 +0800] "GET /manager-page/api/snapshot.php?id=32&t=0.33155993092647884 HTTP/1.1" 200 55063 "http://192.168.60.79/manager-page/home-3.php" "Mozilla/5.0 (Windows NT 10.0; Win64; x64) AppleWebKit/537.36 (KHTML, like Gecko) Chrome/143.0.0.0 Safari/537.36 Edg/143.0.0.0"
172.16.36.181 - - [05/Jan/2026:10:05:23 +0800] "GET /manager-page/api/snapshot.php?id=31&t=0.7495083677659399 HTTP/1.1" 200 54353 "http://192.168.60.79/manager-page/home-3.php" "Mozilla/5.0 (Windows NT 10.0; Win64; x64) AppleWebKit/537.36 (KHTML, like Gecko) Chrome/143.0.0.0 Safari/537.36 Edg/143.0.0.0"
172.16.36.181 - - [05/Jan/2026:10:05:23 +0800] "GET /manager-page/api/snapshot.php?id=32&t=0.7618528791761371 HTTP/1.1" 200 55046 "http://192.168.60.79/manager-page/home-3.php" "Mozilla/5.0 (Windows NT 10.0; Win64; x64) AppleWebKit/537.36 (KHTML, like Gecko) Chrome/143.0.0.0 Safari/537.36 Edg/143.0.0.0"
172.16.36.181 - - [05/Jan/2026:10:05:28 +0800] "GET /manager-page/api/snapshot.php?id=32&t=0.8633785277020052 HTTP/1.1" 200 55055 "http://192.168.60.79/manager-page/home-3.php" "Mozilla/5.0 (Windows NT 10.0; Win64; x64) AppleWebKit/537.36 (KHTML, like Gecko) Chrome/143.0.0.0 Safari/537.36 Edg/143.0.0.0"
172.16.36.181 - - [05/Jan/2026:10:05:28 +0800] "GET /manager-page/api/snapshot.php?id=31&t=0.0948635808304702 HTTP/1.1" 200 54479 "http://192.168.60.79/manager-page/home-3.php" "Mozilla/5.0 (Windows NT 10.0; Win64; x64) AppleWebKit/537.36 (KHTML, like Gecko) Chrome/143.0.0.0 Safari/537.36 Edg/143.0.0.0"
172.16.36.181 - - [05/Jan/2026:10:05:33 +0800] "GET /manager-page/api/snapshot.php?id=31&t=0.27219897549398786 HTTP/1.1" 200 54413 "http://192.168.60.79/manager-page/home-3.php" "Mozilla/5.0 (Windows NT 10.0; Win64; x64) AppleWebKit/537.36 (KHTML, like Gecko) Chrome/143.0.0.0 Safari/537.36 Edg/143.0.0.0"
172.16.36.181 - - [05/Jan/2026:10:05:33 +0800] "GET /manager-page/api/snapshot.php?id=32&t=0.32876024232490986 HTTP/1.1" 200 55051 "http://192.168.60.79/manager-page/home-3.php" "Mozilla/5.0 (Windows NT 10.0; Win64; x64) AppleWebKit/537.36 (KHTML, like Gecko) Chrome/143.0.0.0 Safari/537.36 Edg/143.0.0.0"
172.16.36.181 - - [05/Jan/2026:10:05:38 +0800] "GET /manager-page/api/snapshot.php?id=32&t=0.9113391181880487 HTTP/1.1" 200 55041 "http://192.168.60.79/manager-page/home-3.php" "Mozilla/5.0 (Windows NT 10.0; Win64; x64) AppleWebKit/537.36 (KHTML, like Gecko) Chrome/143.0.0.0 Safari/537.36 Edg/143.0.0.0"
172.16.36.181 - - [05/Jan/2026:10:05:38 +0800] "GET /manager-page/api/snapshot.php?id=31&t=0.13848009098013958 HTTP/1.1" 200 54466 "http://192.168.60.79/manager-page/home-3.php" "Mozilla/5.0 (Windows NT 10.0; Win64; x64) AppleWebKit/537.36 (KHTML, like Gecko) Chrome/143.0.0.0 Safari/537.36 Edg/143.0.0.0"
172.16.36.181 - - [05/Jan/2026:10:05:43 +0800] "GET /manager-page/api/snapshot.php?id=31&t=0.604370273894438 HTTP/1.1" 200 54366 "http://192.168.60.79/manager-page/home-3.php" "Mozilla/5.0 (Windows NT 10.0; Win64; x64) AppleWebKit/537.36 (KHTML, like Gecko) Chrome/143.0.0.0 Safari/537.36 Edg/143.0.0.0"
172.16.36.181 - - [05/Jan/2026:10:05:43 +0800] "GET /manager-page/api/snapshot.php?id=32&t=0.5597202762663593 HTTP/1.1" 200 54980 "http://192.168.60.79/manager-page/home-3.php" "Mozilla/5.0 (Windows NT 10.0; Win64; x64) AppleWebKit/537.36 (KHTML, like Gecko) Chrome/143.0.0.0 Safari/537.36 Edg/143.0.0.0"
172.16.36.181 - - [05/Jan/2026:10:05:48 +0800] "GET /manager-page/api/snapshot.php?id=31&t=0.18932153541888241 HTTP/1.1" 200 54484 "http://192.168.60.79/manager-page/home-3.php" "Mozilla/5.0 (Windows NT 10.0; Win64; x64) AppleWebKit/537.36 (KHTML, like Gecko) Chrome/143.0.0.0 Safari/537.36 Edg/143.0.0.0"
172.16.36.181 - - [05/Jan/2026:10:05:48 +0800] "GET /manager-page/api/snapshot.php?id=32&t=0.6913317515390122 HTTP/1.1" 200 54887 "http://192.168.60.79/manager-page/home-3.php" "Mozilla/5.0 (Windows NT 10.0; Win64; x64) AppleWebKit/537.36 (KHTML, like Gecko) Chrome/143.0.0.0 Safari/537.36 Edg/143.0.0.0"
172.16.36.181 - - [05/Jan/2026:10:05:53 +0800] "GET /manager-page/api/snapshot.php?id=32&t=0.9699897882768852 HTTP/1.1" 200 55059 "http://192.168.60.79/manager-page/home-3.php" "Mozilla/5.0 (Windows NT 10.0; Win64; x64) AppleWebKit/537.36 (KHTML, like Gecko) Chrome/143.0.0.0 Safari/537.36 Edg/143.0.0.0"
172.16.36.181 - - [05/Jan/2026:10:05:53 +0800] "GET /manager-page/api/snapshot.php?id=31&t=0.3189561148958945 HTTP/1.1" 200 54411 "http://192.168.60.79/manager-page/home-3.php" "Mozilla/5.0 (Windows NT 10.0; Win64; x64) AppleWebKit/537.36 (KHTML, like Gecko) Chrome/143.0.0.0 Safari/537.36 Edg/143.0.0.0"
172.16.36.181 - - [05/Jan/2026:10:05:58 +0800] "GET /manager-page/api/snapshot.php?id=32&t=0.7586441958958445 HTTP/1.1" 200 55235 "http://192.168.60.79/manager-page/home-3.php" "Mozilla/5.0 (Windows NT 10.0; Win64; x64) AppleWebKit/537.36 (KHTML, like Gecko) Chrome/143.0.0.0 Safari/537.36 Edg/143.0.0.0"
172.16.36.181 - - [05/Jan/2026:10:05:58 +0800] "GET /manager-page/api/snapshot.php?id=31&t=0.9968549417243222 HTTP/1.1" 200 54456 "http://192.168.60.79/manager-page/home-3.php" "Mozilla/5.0 (Windows NT 10.0; Win64; x64) AppleWebKit/537.36 (KHTML, like Gecko) Chrome/143.0.0.0 Safari/537.36 Edg/143.0.0.0"
127.0.0.1 - - [05/Jan/2026:10:06:00 +0800] "GET /robot/alarm-history-in.php HTTP/1.1" 200 - "-" "python-requests/2.28.1"
172.16.36.181 - - [05/Jan/2026:10:06:15 +0800] "GET /manager-page/api/snapshot.php?id=32&t=0.1028968118493564 HTTP/1.1" 200 55076 "http://192.168.60.79/manager-page/home-3.php" "Mozilla/5.0 (Windows NT 10.0; Win64; x64) AppleWebKit/537.36 (KHTML, like Gecko) Chrome/143.0.0.0 Safari/537.36 Edg/143.0.0.0"
172.16.36.181 - - [05/Jan/2026:10:06:15 +0800] "GET /manager-page/api/snapshot.php?id=31&t=0.8613475419228417 HTTP/1.1" 200 54526 "http://192.168.60.79/manager-page/home-3.php" "Mozilla/5.0 (Windows NT 10.0; Win64; x64) AppleWebKit/537.36 (KHTML, like Gecko) Chrome/143.0.0.0 Safari/537.36 Edg/143.0.0.0"
111.70.30.252 - - [05/Jan/2026:10:06:50 +0800] "POST /robot/lora-in.php HTTP/1.1" 200 - "-" "python-requests/2.21.0"
127.0.0.1 - - [05/Jan/2026:10:07:00 +0800] "GET /robot/alarm-history-in.php HTTP/1.1" 200 - "-" "python-requests/2.28.1"
172.16.36.181 - - [05/Jan/2026:10:07:15 +0800] "GET /manager-page/api/snapshot.php?id=31&t=0.9003688249081768 HTTP/1.1" 200 54399 "http://192.168.60.79/manager-page/home-3.php" "Mozilla/5.0 (Windows NT 10.0; Win64; x64) AppleWebKit/537.36 (KHTML, like Gecko) Chrome/143.0.0.0 Safari/537.36 Edg/143.0.0.0"
172.16.36.181 - - [05/Jan/2026:10:07:15 +0800] "GET /manager-page/api/snapshot.php?id=32&t=0.7170778865619591 HTTP/1.1" 200 54983 "http://192.168.60.79/manager-page/home-3.php" "Mozilla/5.0 (Windows NT 10.0; Win64; x64) AppleWebKit/537.36 (KHTML, like Gecko) Chrome/143.0.0.0 Safari/537.36 Edg/143.0.0.0"
127.0.0.1 - - [05/Jan/2026:10:08:00 +0800] "GET /robot/alarm-history-in.php HTTP/1.1" 200 - "-" "python-requests/2.28.1"
172.16.36.181 - - [05/Jan/2026:10:08:15 +0800] "GET /manager-page/api/snapshot.php?id=32&t=0.9084081790730208 HTTP/1.1" 200 54837 "http://192.168.60.79/manager-page/home-3.php" "Mozilla/5.0 (Windows NT 10.0; Win64; x64) AppleWebKit/537.36 (KHTML, like Gecko) Chrome/143.0.0.0 Safari/537.36 Edg/143.0.0.0"
172.16.36.181 - - [05/Jan/2026:10:08:15 +0800] "GET /manager-page/api/snapshot.php?id=31&t=0.2553050595879268 HTTP/1.1" 200 54397 "http://192.168.60.79/manager-page/home-3.php" "Mozilla/5.0 (Windows NT 10.0; Win64; x64) AppleWebKit/537.36 (KHTML, like Gecko) Chrome/143.0.0.0 Safari/537.36 Edg/143.0.0.0"
127.0.0.1 - - [05/Jan/2026:10:09:00 +0800] "GET /robot/alarm-history-in.php HTTP/1.1" 200 - "-" "python-requests/2.28.1"
172.16.36.181 - - [05/Jan/2026:10:09:15 +0800] "GET /manager-page/api/snapshot.php?id=31&t=0.7079374924904652 HTTP/1.1" 200 54425 "http://192.168.60.79/manager-page/home-3.php" "Mozilla/5.0 (Windows NT 10.0; Win64; x64) AppleWebKit/537.36 (KHTML, like Gecko) Chrome/143.0.0.0 Safari/537.36 Edg/143.0.0.0"
172.16.36.181 - - [05/Jan/2026:10:09:15 +0800] "GET /manager-page/api/snapshot.php?id=32&t=0.5086448041269115 HTTP/1.1" 200 54958 "http://192.168.60.79/manager-page/home-3.php" "Mozilla/5.0 (Windows NT 10.0; Win64; x64) AppleWebKit/537.36 (KHTML, like Gecko) Chrome/143.0.0.0 Safari/537.36 Edg/143.0.0.0"
111.70.30.253 - - [05/Jan/2026:10:09:19 +0800] "POST /robot/lora-in.php HTTP/1.1" 200 - "-" "python-requests/2.21.0"
127.0.0.1 - - [05/Jan/2026:10:09:32 +0800] "POST /robot/et-7026-in.php HTTP/1.1" 200 - "-" "python-requests/2.32.2"
111.70.30.251 - - [05/Jan/2026:10:09:43 +0800] "POST /robot/lora-in.php HTTP/1.1" 200 - "-" "python-requests/2.21.0"
127.0.0.1 - - [05/Jan/2026:10:10:00 +0800] "GET /robot/alarm-history-in.php HTTP/1.1" 200 - "-" "python-requests/2.28.1"
172.16.36.181 - - [05/Jan/2026:10:10:15 +0800] "GET /manager-page/api/snapshot.php?id=31&t=0.3345938188322527 HTTP/1.1" 200 54618 "http://192.168.60.79/manager-page/home-3.php" "Mozilla/5.0 (Windows NT 10.0; Win64; x64) AppleWebKit/537.36 (KHTML, like Gecko) Chrome/143.0.0.0 Safari/537.36 Edg/143.0.0.0"
172.16.36.181 - - [05/Jan/2026:10:10:15 +0800] "GET /manager-page/api/snapshot.php?id=32&t=0.6659309258309517 HTTP/1.1" 200 55121 "http://192.168.60.79/manager-page/home-3.php" "Mozilla/5.0 (Windows NT 10.0; Win64; x64) AppleWebKit/537.36 (KHTML, like Gecko) Chrome/143.0.0.0 Safari/537.36 Edg/143.0.0.0"
127.0.0.1 - - [05/Jan/2026:10:11:00 +0800] "GET /robot/alarm-history-in.php HTTP/1.1" 200 - "-" "python-requests/2.28.1"
172.16.36.181 - - [05/Jan/2026:10:11:15 +0800] "GET /manager-page/api/snapshot.php?id=32&t=0.829795399503624 HTTP/1.1" 200 - "http://192.168.60.79/manager-page/home-3.php" "Mozilla/5.0 (Windows NT 10.0; Win64; x64) AppleWebKit/537.36 (KHTML, like Gecko) Chrome/143.0.0.0 Safari/537.36 Edg/143.0.0.0"
172.16.36.181 - - [05/Jan/2026:10:11:20 +0800] "GET /manager-page/live/3-2.jpg HTTP/1.1" 200 55210 "http://192.168.60.79/manager-page/home-3.php" "Mozilla/5.0 (Windows NT 10.0; Win64; x64) AppleWebKit/537.36 (KHTML, like Gecko) Chrome/143.0.0.0 Safari/537.36 Edg/143.0.0.0"
172.16.36.181 - - [05/Jan/2026:10:11:15 +0800] "GET /manager-page/api/snapshot.php?id=31&t=0.17788574953026426 HTTP/1.1" 500 - "http://192.168.60.79/manager-page/home-3.php" "Mozilla/5.0 (Windows NT 10.0; Win64; x64) AppleWebKit/537.36 (KHTML, like Gecko) Chrome/143.0.0.0 Safari/537.36 Edg/143.0.0.0"
172.16.36.181 - - [05/Jan/2026:10:11:27 +0800] "GET /manager-page/live/3-1.jpg HTTP/1.1" 200 54527 "http://192.168.60.79/manager-page/home-3.php" "Mozilla/5.0 (Windows NT 10.0; Win64; x64) AppleWebKit/537.36 (KHTML, like Gecko) Chrome/143.0.0.0 Safari/537.36 Edg/143.0.0.0"
127.0.0.1 - - [05/Jan/2026:10:11:47 +0800] "POST /robot/et-7026-in.php HTTP/1.1" 200 - "-" "python-requests/2.32.2"
172.16.36.181 - - [05/Jan/2026:10:11:59 +0800] "GET /manager-page/api/snapshot.php?id=32&t=0.30591008005895104 HTTP/1.1" 200 54978 "http://192.168.60.79/manager-page/home-3.php" "Mozilla/5.0 (Windows NT 10.0; Win64; x64) AppleWebKit/537.36 (KHTML, like Gecko) Chrome/143.0.0.0 Safari/537.36 Edg/143.0.0.0"
127.0.0.1 - - [05/Jan/2026:10:12:00 +0800] "GET /robot/alarm-history-in.php HTTP/1.1" 200 - "-" "python-requests/2.28.1"
172.16.36.181 - - [05/Jan/2026:10:11:59 +0800] "GET /manager-page/api/snapshot.php?id=31&t=0.14285693944596634 HTTP/1.1" 200 54554 "http://192.168.60.79/manager-page/home-3.php" "Mozilla/5.0 (Windows NT 10.0; Win64; x64) AppleWebKit/537.36 (KHTML, like Gecko) Chrome/143.0.0.0 Safari/537.36 Edg/143.0.0.0"
172.16.36.181 - - [05/Jan/2026:10:12:02 +0800] "GET /manager-page/api/snapshot.php?id=31&t=0.8186980166144533 HTTP/1.1" 200 54602 "http://192.168.60.79/manager-page/home-3.php" "Mozilla/5.0 (Windows NT 10.0; Win64; x64) AppleWebKit/537.36 (KHTML, like Gecko) Chrome/143.0.0.0 Safari/537.36 Edg/143.0.0.0"
172.16.36.181 - - [05/Jan/2026:10:12:02 +0800] "GET /manager-page/api/snapshot.php?id=32&t=0.5948498284241581 HTTP/1.1" 200 54905 "http://192.168.60.79/manager-page/home-3.php" "Mozilla/5.0 (Windows NT 10.0; Win64; x64) AppleWebKit/537.36 (KHTML, like Gecko) Chrome/143.0.0.0 Safari/537.36 Edg/143.0.0.0"
172.16.36.181 - - [05/Jan/2026:10:12:07 +0800] "GET /manager-page/api/snapshot.php?id=32&t=0.13284277539015243 HTTP/1.1" 200 54910 "http://192.168.60.79/manager-page/home-3.php" "Mozilla/5.0 (Windows NT 10.0; Win64; x64) AppleWebKit/537.36 (KHTML, like Gecko) Chrome/143.0.0.0 Safari/537.36 Edg/143.0.0.0"
